276433:
 num     #instances         #bytes  class name (module)
-------------------------------------------------------
   1:        834810      176323688  [B (java.base@17.0.15)
   2:        309031       20699872  [Ljava.lang.Object; (java.base@17.0.15)
   3:         92937       16163088  [I (java.base@17.0.15)
   4:        555369       13328856  java.lang.String (java.base@17.0.15)
   5:        319054       12762160  java.util.LinkedHashMap$Entry (java.base@17.0.15)
   6:        353947       11326304  java.util.HashMap$Node (java.base@17.0.15)
   7:        256855       10274200  jdk.nio.zipfs.ZipFileSystem$IndexNode (jdk.zipfs@17.0.15)
   8:         73407        7769304  [Ljava.util.HashMap$Node; (java.base@17.0.15)
   9:        307082        7369968  com.google.common.collect.ImmutableMapEntry (com.google.common@31.1-jre)
  10:        101653        4879896  [S (java.base@17.0.15)
  11:        169088        4058112  net.minecraft.client.renderer.block.model.multipart.KeyValueCondition$$Lambda$5591/0x0000000100e2cb38 (minecraft@1.20.1)
  12:         85538        4057200  [Lcom.google.common.collect.ImmutableMapEntry; (com.google.common@31.1-jre)
  13:        152318        3655632  com.google.common.collect.ImmutableMapEntry$NonTerminalImmutableMapEntry (com.google.common@31.1-jre)
  14:        133448        3202752  java.util.ArrayList (java.base@17.0.15)
  15:         68744        2749760  com.google.common.collect.RegularImmutableMap (com.google.common@31.1-jre)
  16:         85728        2743296  net.minecraft.client.renderer.block.model.BakedQuad (minecraft@1.20.1)
  17:        170466        2727456  java.util.Optional (java.base@17.0.15)
  18:        112990        2711760  net.minecraft.client.gui.font.providers.UnihexProvider$Glyph (minecraft@1.20.1)
  19:         46378        2597168  java.util.LinkedHashMap (java.base@17.0.15)
  20:        106247        2549928  org.apache.commons.lang3.tuple.ImmutablePair (org.apache.commons.lang3@3.12.0)
  21:         20779        2492408  java.lang.Class (java.base@17.0.15)
  22:         52044        2377360  [Ljava.util.Map$Entry; (java.base@17.0.15)
  23:         24137        2317152  net.minecraft.world.level.block.state.BlockState (minecraft@1.20.1)
  24:         47924        2300352  java.util.HashMap (java.base@17.0.15)
  25:         36497        1751856  com.google.common.collect.HashBiMap$BiEntry (com.google.common@31.1-jre)
  26:        101594        1625504  net.minecraft.client.gui.font.providers.UnihexProvider$ShortContents (minecraft@1.20.1)
  27:         31134        1494432  com.google.gson.internal.LinkedTreeMap$Node (com.google.gson@2.10)
  28:         44217        1414944  java.util.Hashtable$Entry (java.base@17.0.15)
  29:         26579        1384616  [D (java.base@17.0.15)
  30:         39957        1278624  java.util.concurrent.ConcurrentHashMap$Node (java.base@17.0.15)
  31:         52432        1258368  net.minecraft.client.model.geom.ModelPart$Vertex (minecraft@1.20.1)
  32:         50796        1219104  net.minecraft.client.resources.model.ModelResourceLocation (minecraft@1.20.1)
  33:         74991        1199856  com.google.common.collect.RegularImmutableList (com.google.common@31.1-jre)
  34:         23812        1142976  com.google.common.collect.ArrayTable (com.google.common@31.1-jre)
  35:         40740         977760  net.minecraft.resources.ResourceLocation (minecraft@1.20.1)
  36:         28047         897504  org.objectweb.asm.Type (org.objectweb.asm@9.8)
  37:         22220         888800  it.unimi.dsi.fastutil.objects.Object2ObjectArrayMap (it.unimi.dsi.fastutil@8.5.9)
  38:         35454         850896  org.joml.Vector3f (org.joml@1.10.5)
  39:         23813         843456  [[Ljava.lang.Object; (java.base@17.0.15)
  40:         10742         773424  it.unimi.dsi.fastutil.objects.Object2ObjectOpenCustomHashMap (it.unimi.dsi.fastutil@8.5.9)
  41:         24077         770464  com.mojang.datafixers.types.templates.Product$ProductType (datafixerupper@6.0.8)
  42:           362         766232  [C (java.base@17.0.15)
  43:         44540         712640  java.util.jar.Attributes (java.base@17.0.15)
  44:         22252         712064  com.mojang.datafixers.types.templates.Sum$SumType (datafixerupper@6.0.8)
  45:         29614         710736  net.minecraft.client.resources.model.ModelBakery$BakedCacheKey (minecraft@1.20.1)
  46:         21500         688000  com.mojang.datafixers.types.templates.Tag$TagType (datafixerupper@6.0.8)
  47:         14319         687312  java.lang.invoke.MemberName (java.base@17.0.15)
  48:           617         641680  [Lnet.minecraft.client.gui.font.providers.UnihexProvider$Glyph; (minecraft@1.20.1)
  49:         26569         637656  it.unimi.dsi.fastutil.doubles.DoubleArrayList (it.unimi.dsi.fastutil@8.5.9)
  50:         35613         569808  net.minecraft.nbt.StringTag (minecraft@1.20.1)
  51:         11416         547968  com.mojang.blaze3d.platform.NativeImage (minecraft@1.20.1)
  52:         22484         539616  com.google.common.collect.ImmutableMapEntrySet$RegularEntrySet (com.google.common@31.1-jre)
  53:          9318         521808  com.google.gson.internal.LinkedTreeMap (com.google.gson@2.10)
  54:         14243         455776  net.minecraft.core.Holder$Reference (minecraft@1.20.1)
  55:           611         452592  [Ljava.util.Hashtable$Entry; (java.base@17.0.15)
  56:          7945         444920  net.minecraft.world.phys.shapes.BitSetDiscreteVoxelShape (minecraft@1.20.1)
  57:          4896         430848  java.lang.reflect.Method (java.base@17.0.15)
  58:         10742         429680  net.minecraft.client.resources.model.MultiPartBakedModel (minecraft@1.20.1)
  59:         13108         419456  [Lnet.minecraft.client.model.geom.ModelPart$Vertex; (minecraft@1.20.1)
  60:           488         409984  [Lcom.google.common.collect.HashBiMap$BiEntry; (com.google.common@31.1-jre)
  61:          3928         398264  [F (java.base@17.0.15)
  62:         23440         375040  net.minecraft.client.renderer.block.model.multipart.AndCondition$$Lambda$5593/0x0000000100e2cfd8 (minecraft@1.20.1)
  63:          5033         362376  java.lang.reflect.Constructor (java.base@17.0.15)
  64:          6392         357952  net.minecraft.client.resources.model.SimpleBakedModel (minecraft@1.20.1)
  65:         22333         357328  com.mojang.datafixers.types.templates.Const (datafixerupper@6.0.8)
  66:          8928         357120  java.lang.invoke.MethodType (java.base@17.0.15)
  67:          5364         343296  java.lang.Class$ReflectionData (java.base@17.0.15)
  68:           602         331584  [Ljava.util.concurrent.ConcurrentHashMap$Node; (java.base@17.0.15)
  69:          9979         319328  com.mojang.datafixers.types.templates.Named$NamedType (datafixerupper@6.0.8)
  70:         13150         315600  net.minecraft.util.random.WeightedEntry$Wrapper (minecraft@1.20.1)
  71:         13108         314592  net.minecraft.client.model.geom.ModelPart$Polygon (minecraft@1.20.1)
  72:          6514         312672  net.minecraft.client.renderer.block.model.ItemTransforms (minecraft@1.20.1)
  73:         12620         302880  com.mojang.datafixers.types.templates.Sum (datafixerupper@6.0.8)
  74:         12496         299904  com.mojang.datafixers.types.templates.List$ListType (datafixerupper@6.0.8)
  75:          9504         299632  [J (java.base@17.0.15)
  76:          7449         297960  java.util.EnumMap (java.base@17.0.15)
  77:         18567         297072  java.util.HashMap$EntrySet (java.base@17.0.15)
  78:          7371         294840  java.lang.ref.SoftReference (java.base@17.0.15)
  79:         10289         291456  [Ljava.lang.Class; (java.base@17.0.15)
  80:         12124         290976  com.mojang.datafixers.types.templates.Product (datafixerupper@6.0.8)
  81:          9047         289504  java.lang.invoke.MethodType$ConcurrentWeakInternSet$WeakEntry (java.base@17.0.15)
  82:         12043         289032  com.mojang.datafixers.types.templates.Tag (datafixerupper@6.0.8)
  83:          8904         284928  net.minecraft.world.phys.shapes.ArrayVoxelShape (minecraft@1.20.1)
  84:         16144         258304  net.minecraft.nbt.CompoundTag (minecraft@1.20.1)
  85:         15744         251904  net.minecraft.client.renderer.block.model.multipart.KeyValueCondition$$Lambda$5632/0x0000000100e30498 (minecraft@1.20.1)
  86:         10308         247392  java.lang.invoke.ResolvedMethodName (java.base@17.0.15)
  87:          6102         244080  net.minecraft.client.resources.sounds.Sound (minecraft@1.20.1)
  88:          9557         238168  [Ljava.lang.String; (java.base@17.0.15)
  89:         14336         229376  com.google.gson.JsonPrimitive (com.google.gson@2.10)
  90:          9108         218592  net.minecraftforge.registries.ForgeRegistry$OverrideOwner (forge@47.4.13)
  91:          8943         214632  java.util.BitSet (java.base@17.0.15)
  92:         13339         213424  java.lang.Object (java.base@17.0.15)
  93:          6574         210368  java.lang.invoke.DirectMethodHandle (java.base@17.0.15)
  94:          3694         206864  net.minecraft.client.renderer.block.model.BlockModel (minecraft@1.20.1)
  95:          8612         206688  net.minecraftforge.forgespi.language.ModFileScanData$ClassData (net.minecraftforge.forgespi@7.0.1)
  96:          8227         197448  com.mojang.serialization.Dynamic (datafixerupper@6.0.8)
  97:          6081         194592  net.minecraft.client.renderer.block.model.Variant (minecraft@1.20.1)
  98:          4756         190240  java.util.TreeMap$Entry (java.base@17.0.15)
  99:          5864         187648  java.lang.invoke.LambdaForm$Name (java.base@17.0.15)
 100:          5708         182656  net.minecraftforge.forgespi.language.ModFileScanData$AnnotationData (net.minecraftforge.forgespi@7.0.1)
 101:         11396         182336  net.minecraft.client.gui.font.providers.UnihexProvider$ByteContents (minecraft@1.20.1)
 102:         10992         175872  java.util.HashSet (java.base@17.0.15)
 103:          5327         170464  com.google.common.collect.MapMakerInternalMap$StrongKeyWeakValueEntry (com.google.common@31.1-jre)
 104:          5327         170464  com.google.common.collect.MapMakerInternalMap$WeakValueReferenceImpl (com.google.common@31.1-jre)
 105:          5251         168032  com.mojang.serialization.MapCodec$1 (datafixerupper@6.0.8)
 106:         10452         167232  com.mojang.datafixers.types.templates.RecursivePoint (datafixerupper@6.0.8)
 107:          4959         158688  java.lang.invoke.BoundMethodHandle$Species_L (java.base@17.0.15)
 108:          3889         155560  net.minecraft.server.packs.linkfs.LinkFSPath (minecraft@1.20.1)
 109:          3786         151440  net.minecraft.client.renderer.block.model.BlockElementFace (minecraft@1.20.1)
 110:          9406         150496  java.util.HashMap$KeySet (java.base@17.0.15)
 111:          4701         150432  jdk.internal.reflect.NativeConstructorAccessorImpl (java.base@17.0.15)
 112:          9318         149088  com.google.gson.JsonObject (com.google.gson@2.10)
 113:          3694         147760  net.minecraftforge.client.model.geometry.BlockGeometryBakingContext (forge@47.4.13)
 114:          9063         145008  com.mojang.datafixers.types.templates.List (datafixerupper@6.0.8)
 115:          2922         140256  com.google.common.collect.SingletonImmutableBiMap (com.google.common@31.1-jre)
 116:             8         139392  [[Lnet.minecraft.client.gui.font.FontSet$GlyphInfoFilter; (minecraft@1.20.1)
 117:             8         139392  [[Lnet.minecraft.client.gui.font.glyphs.BakedGlyph; (minecraft@1.20.1)
 118:          2087         133568  net.minecraft.client.model.geom.ModelPart (minecraft@1.20.1)
 119:          1722         130872  [Ljava.lang.ref.SoftReference; (java.base@17.0.15)
 120:          4067         130144  sun.nio.fs.UnixPath (java.base@17.0.15)
 121:          5375         129000  cpw.mods.modlauncher.TransformerAuditTrail$TransformerActivity (cpw.mods.modlauncher@10.0.9)
 122:          5327         127848  net.minecraft.resources.ResourceKey (minecraft@1.20.1)
 123:          5327         127848  net.minecraft.resources.ResourceKey$InternKey (minecraft@1.20.1)
 124:          3115         124600  java.lang.invoke.BoundMethodHandle$Species_LL (java.base@17.0.15)
 125:          7732         123712  java.lang.Integer (java.base@17.0.15)
 126:          5114         122736  com.mojang.datafixers.schemas.Schema$$Lambda$1806/0x0000000100818400 (datafixerupper@6.0.8)
 127:          2532         121536  net.minecraft.client.gui.font.providers.BitmapProvider$Glyph (minecraft@1.20.1)
 128:          4969         119256  net.minecraft.client.resources.model.Material (minecraft@1.20.1)
 129:          2467         118416  net.minecraft.client.renderer.texture.TextureAtlasSprite (minecraft@1.20.1)
 130:          4813         115608  [Ljava.lang.reflect.Constructor; (java.base@17.0.15)
 131:          3416         109312  net.minecraft.server.packs.resources.Resource (minecraft@1.20.1)
 132:          1003         104312  net.minecraft.world.level.block.state.BlockBehaviour$Properties (minecraft@1.20.1)
 133:           778          99584  jdk.nio.zipfs.ZipFileSystem (jdk.zipfs@17.0.15)
 134:          4122          98928  cpw.mods.jarhandling.impl.Jar$StatusData (cpw.mods.securejarhandler)
 135:          2467          98680  net.minecraft.client.renderer.texture.SpriteContents (minecraft@1.20.1)
 136:          2393          95720  java.lang.invoke.DirectMethodHandle$Constructor (java.base@17.0.15)
 137:          2490          95424  [Lcom.mojang.blaze3d.platform.NativeImage; (minecraft@1.20.1)
 138:          5848          93568  net.minecraft.client.renderer.block.model.MultiVariant (minecraft@1.20.1)
 139:          3786          90864  net.minecraft.client.renderer.block.model.BlockFaceUV (minecraft@1.20.1)
 140:          5665          90640  com.google.common.collect.SingletonImmutableList (com.google.common@31.1-jre)
 141:          5596          89536  net.minecraft.util.datafix.schemas.V1460$$Lambda$2003/0x0000000100859600 (minecraft@1.20.1)
 142:          1862          89376  jdk.internal.ref.CleanerImpl$PhantomCleanableRef (java.base@17.0.15)
 143:          1217          87624  java.lang.reflect.Field (java.base@17.0.15)
 144:          2188          87520  net.minecraft.client.model.geom.ModelPart$Cube (minecraft@1.20.1)
 145:          2188          87456  [Lnet.minecraft.client.model.geom.ModelPart$Polygon; (minecraft@1.20.1)
 146:             5          87120  [[Lnet.minecraft.client.gui.font.providers.BitmapProvider$Glyph; (minecraft@1.20.1)
 147:          3541          84984  net.minecraft.client.resources.model.WeightedBakedModel (minecraft@1.20.1)
 148:          2578          82496  com.mojang.datafixers.types.templates.CompoundList$CompoundListType (datafixerupper@6.0.8)
 149:          5041          80656  com.google.gson.internal.LazilyParsedNumber (com.google.gson@2.10)
 150:          1988          79520  sun.util.locale.LocaleObjectCache$CacheEntry (java.base@17.0.15)
 151:          4784          76544  com.mojang.datafixers.util.Either$Left (datafixerupper@6.0.8)
 152:          4735          75760  jdk.internal.reflect.DelegatingConstructorAccessorImpl (java.base@17.0.15)
 153:          4622          73952  net.minecraft.util.valueproviders.ConstantFloat (minecraft@1.20.1)
 154:          1344          71024  [Ljava.lang.invoke.LambdaForm$Name; (java.base@17.0.15)
 155:          2200          70400  cpw.mods.niofs.union.UnionPath (cpw.mods.securejarhandler)
 156:            67          69680  [Lnet.minecraft.client.gui.font.providers.BitmapProvider$Glyph; (minecraft@1.20.1)
 157:          1339          64272  java.lang.invoke.LambdaForm (java.base@17.0.15)
 158:          1002          64128  java.util.concurrent.ConcurrentHashMap (java.base@17.0.15)
 159:          1987          63584  sun.security.util.ObjectIdentifier (java.base@17.0.15)
 160:          3694          59104  net.minecraftforge.client.model.geometry.BlockGeometryBakingContext$VisibilityData (forge@47.4.13)
 161:            15          57584  [Ljava.nio.ByteBuffer; (java.base@17.0.15)
 162:          2399          57576  com.mojang.serialization.Codec$$Lambda$1060/0x000000010056a5f0 (datafixerupper@6.0.8)
 163:          2399          57576  com.mojang.serialization.codecs.FieldDecoder (datafixerupper@6.0.8)
 164:          2399          57576  com.mojang.serialization.codecs.FieldEncoder (datafixerupper@6.0.8)
 165:          3594          57504  net.minecraft.server.packs.linkfs.PathContents$FileContents (minecraft@1.20.1)
 166:          1152          55296  java.util.concurrent.locks.ReentrantReadWriteLock$NonfairSync (java.base@17.0.15)
 167:          3416          54656  net.minecraft.server.packs.resources.IoSupplier$$Lambda$4604/0x0000000100c814e8 (minecraft@1.20.1)
 168:           570          53768  [Ljava.lang.invoke.MethodHandle; (java.base@17.0.15)
 169:          3344          53504  net.minecraft.client.renderer.block.model.multipart.OrCondition$$Lambda$5626/0x0000000100e298f8 (minecraft@1.20.1)
 170:          1598          51136  net.minecraft.network.chat.MutableComponent (minecraft@1.20.1)
 171:          1244          49760  sun.security.util.DerInputStream (java.base@17.0.15)
 172:          1552          49664  net.minecraft.network.chat.contents.TranslatableContents (minecraft@1.20.1)
 173:          2039          48936  java.util.jar.Attributes$Name (java.base@17.0.15)
 174:           695          44480  it.unimi.dsi.fastutil.objects.Object2ObjectOpenHashMap (it.unimi.dsi.fastutil@8.5.9)
 175:           913          43824  net.minecraft.client.model.geom.builders.CubeDefinition (minecraft@1.20.1)
 176:          1826          43824  net.minecraft.client.model.geom.builders.UVPair (minecraft@1.20.1)
 177:          1784          42816  com.mojang.serialization.MapDecoder$4 (datafixerupper@6.0.8)
 178:           750          42000  net.minecraft.world.item.BlockItem (minecraft@1.20.1)
 179:          1738          41712  java.util.ImmutableCollections$Set12 (java.base@17.0.15)
 180:          1719          41256  com.mojang.serialization.MapEncoder$1 (datafixerupper@6.0.8)
 181:          1012          40480  net.minecraft.client.renderer.block.model.BlockElement (minecraft@1.20.1)
 182:          1676          40224  java.util.LinkedList$Node (java.base@17.0.15)
 183:          1244          39808  sun.security.util.DerValue (java.base@17.0.15)
 184:            12          39104  [Ljava.util.concurrent.ForkJoinTask; (java.base@17.0.15)
 185:          1624          38976  com.mojang.datafixers.types.templates.Named (datafixerupper@6.0.8)
 186:          1624          38976  com.mojang.serialization.MapCodec$3 (datafixerupper@6.0.8)
 187:           964          38560  org.openjdk.nashorn.internal.runtime.CompiledFunction (org.openjdk.nashorn)
 188:          1584          38016  com.mojang.serialization.codecs.RecordCodecBuilder (datafixerupper@6.0.8)
 189:           945          37800  com.mojang.datafixers.types.templates.RecursivePoint$RecursivePointType (datafixerupper@6.0.8)
 190:           943          37720  java.math.BigInteger (java.base@17.0.15)
 191:          1559          37416  java.util.Collections$SynchronizedSet (java.base@17.0.15)
 192:          1557          37368  com.mojang.serialization.codecs.PairMapCodec (datafixerupper@6.0.8)
 193:           778          37344  java.lang.invoke.MethodHandleImpl$CountingWrapper (java.base@17.0.15)
 194:          1555          37320  com.mojang.serialization.MapCodec$5 (datafixerupper@6.0.8)
 195:          1555          37320  net.minecraft.world.level.block.state.StateDefinition$$Lambda$1485/0x0000000100721148 (minecraft@1.20.1)
 196:           580          37120  java.util.zip.Inflater (java.base@17.0.15)
 197:             2          36480  org.lwjgl.opengl.GLCapabilities (org.lwjgl.opengl@3.3.1+7)
 198:           905          36200  com.mojang.datafixers.types.templates.Check$CheckType (datafixerupper@6.0.8)
 199:          1130          36160  com.electronwill.nightconfig.core.SimpleCommentedConfig (com.electronwill.nightconfig.core@3.6.4)
 200:          1126          36032  org.openjdk.nashorn.internal.runtime.PropertyHashMap$Element (org.openjdk.nashorn)
 201:          1478          35472  java.util.ImmutableCollections$ListN (java.base@17.0.15)
 202:          1474          35376  net.minecraft.sounds.SoundEvent (minecraft@1.20.1)
 203:          1472          35328  net.minecraft.client.sounds.WeighedSoundEvents (minecraft@1.20.1)
 204:          1099          35168  com.mojang.datafixers.types.Func (datafixerupper@6.0.8)
 205:          1099          35168  cpw.mods.modlauncher.TransformTargetLabel (cpw.mods.modlauncher@10.0.9)
 206:          1453          34872  java.lang.invoke.LambdaForm$NamedFunction (java.base@17.0.15)
 207:           617          34552  org.openjdk.nashorn.internal.runtime.ScriptFunction (org.openjdk.nashorn)
 208:          1432          34368  java.util.ImmutableCollections$List12 (java.base@17.0.15)
 209:          1416          33984  com.mojang.serialization.Decoder$5 (datafixerupper@6.0.8)
 210:          1034          33088  java.lang.invoke.MethodTypeForm (java.base@17.0.15)
 211:          1014          32448  java.util.Locale (java.base@17.0.15)
 212:          1012          32384  sun.util.locale.BaseLocale (java.base@17.0.15)
 213:           483          32264  [Ljava.lang.reflect.Method; (java.base@17.0.15)
 214:          1008          32256  java.util.LinkedList (java.base@17.0.15)
 215:          1330          31920  com.google.common.collect.ImmutableEntry (com.google.common@31.1-jre)
 216:           993          31776  sun.util.locale.BaseLocale$Key (java.base@17.0.15)
 217:           785          31400  java.lang.ref.Finalizer (java.base@17.0.15)
 218:           781          31240  net.minecraft.client.model.geom.PartPose (minecraft@1.20.1)
 219:          1301          31224  org.antlr.v4.runtime.misc.Interval (org.antlr.antlr4.runtime@4.9.1)
 220:           778          31120  jdk.nio.zipfs.ZipFileSystem$END (jdk.zipfs@17.0.15)
 221:          1244          29856  [Lsun.security.x509.AVA; (java.base@17.0.15)
 222:          1244          29856  sun.security.x509.AVA (java.base@17.0.15)
 223:          1244          29856  sun.security.x509.RDN (java.base@17.0.15)
 224:           414          29808  sun.nio.ch.FileChannelImpl (java.base@17.0.15)
 225:           930          29760  com.mojang.datafixers.TypeRewriteRule$Everywhere (datafixerupper@6.0.8)
 226:           611          29328  java.util.Hashtable (java.base@17.0.15)
 227:            69          29136  [Lorg.antlr.v4.runtime.dfa.DFAState; (org.antlr.antlr4.runtime@4.9.1)
 228:          1159          27816  java.util.concurrent.locks.ReentrantReadWriteLock (java.base@17.0.15)
 229:          1719          27504  com.mojang.serialization.MapCodec$$Lambda$1106/0x0000000100579118 (datafixerupper@6.0.8)
 230:           681          27240  com.google.common.collect.MapMakerInternalMap$WeakKeyDummyValueEntry (com.google.common@31.1-jre)
 231:          1133          27192  com.mojang.serialization.MapCodec$$Lambda$1030/0x000000010055fc60 (datafixerupper@6.0.8)
 232:          1110          26640  com.mojang.datafixers.RewriteResult (datafixerupper@6.0.8)
 233:           251          26488  [Z (java.base@17.0.15)
 234:           653          26120  java.util.WeakHashMap$Entry (java.base@17.0.15)
 235:          1621          25936  com.google.gson.internal.LinkedTreeMap$EntrySet (com.google.gson@2.10)
 236:           648          25920  com.google.common.collect.ImmutableSortedMap (com.google.common@31.1-jre)
 237:           641          25640  cpw.mods.niofs.union.UnionFileSystem (cpw.mods.securejarhandler)
 238:           636          25440  org.openjdk.nashorn.internal.runtime.FinalScriptFunctionData (org.openjdk.nashorn)
 239:           270          25056  [Ljava.util.WeakHashMap$Entry; (java.base@17.0.15)
 240:           312          24960  java.net.URI (java.base@17.0.15)
 241:          1039          24936  net.minecraft.client.model.geom.builders.PartDefinition (minecraft@1.20.1)
 242:           778          24896  jdk.nio.zipfs.ZipPath (jdk.zipfs@17.0.15)
 243:          1555          24880  com.mojang.datafixers.DataFixUtils$$Lambda$1486/0x000000010071ba38 (datafixerupper@6.0.8)
 244:          1555          24880  net.minecraft.world.level.block.state.StateDefinition$$Lambda$1487/0x0000000100721370 (minecraft@1.20.1)
 245:          1555          24880  net.minecraft.world.level.block.state.StateDefinition$$Lambda$1488/0x00000001007215b8 (minecraft@1.20.1)
 246:           613          24520  java.lang.WeakPairMap$Pair$Weak (java.base@17.0.15)
 247:           613          24520  java.util.IdentityHashMap (java.base@17.0.15)
 248:          1011          24264  jdk.dynalink.beans.SimpleDynamicMethod (jdk.dynalink@17.0.15)
 249:          1009          24216  net.minecraft.world.level.block.state.StateDefinition (minecraft@1.20.1)
 250:          1009          24216  net.minecraft.world.level.block.state.StateDefinition$$Lambda$1464/0x0000000100716010 (minecraft@1.20.1)
 251:          1005          24120  net.minecraft.client.resources.model.ModelBakery$LoadedJson (minecraft@1.20.1)
 252:           753          24096  java.lang.invoke.MethodHandleNatives$CallSiteContext (java.base@17.0.15)
 253:           490          23520  net.minecraftforge.fml.loading.moddiscovery.ModInfo$ModVersion (fmlloader@1.20.1-47.4.13)
 254:           363          23232  java.net.URL (java.base@17.0.15)
 255:           481          23088  java.lang.invoke.LambdaFormEditor$Transform (java.base@17.0.15)
 256:           945          22680  com.mojang.datafixers.types.families.RecursiveTypeFamily$$Lambda$1857/0x0000000100827d60 (datafixerupper@6.0.8)
 257:           470          22560  java.util.TreeMap (java.base@17.0.15)
 258:           936          22464  org.apache.commons.lang3.tuple.ImmutableTriple (org.apache.commons.lang3@3.12.0)
 259:           467          22416  java.lang.invoke.BoundMethodHandle$Species_LLLL (java.base@17.0.15)
 260:          1375          22000  com.google.common.collect.SingletonImmutableSet (com.google.common@31.1-jre)
 261:           535          21400  java.lang.invoke.DirectMethodHandle$Accessor (java.base@17.0.15)
 262:           648          20736  com.google.common.collect.RegularImmutableSortedSet (com.google.common@31.1-jre)
 263:           856          20544  java.lang.module.ModuleDescriptor$Exports (java.base@17.0.15)
 264:           364          20384  org.openjdk.nashorn.internal.runtime.AccessorProperty (org.openjdk.nashorn)
 265:           363          20328  java.nio.DirectFloatBufferU (java.base@17.0.15)
 266:           507          20280  java.io.FileDescriptor (java.base@17.0.15)
 267:           843          20232  com.mojang.datafixers.TypeRewriteRule$Seq (datafixerupper@6.0.8)
 268:           833          19992  com.mojang.serialization.Codec$2 (datafixerupper@6.0.8)
 269:           620          19840  java.lang.Package (java.base@17.0.15)
 270:           613          19616  java.lang.WeakPairMap$Pair$Weak$1 (java.base@17.0.15)
 271:           301          19264  cpw.mods.jarhandling.impl.Jar (cpw.mods.securejarhandler)
 272:           301          19264  java.security.Provider$Service (java.base@17.0.15)
 273:           400          19200  com.mojang.blaze3d.shaders.Uniform (minecraft@1.20.1)
 274:           796          19104  java.security.Provider$ServiceKey (java.base@17.0.15)
 275:          1189          19024  org.apache.maven.artifact.versioning.ComparableVersion$IntItem (maven.artifact@3.8.5)
 276:           338          18928  sun.security.ssl.CipherSuite (java.base@17.0.15)
 277:          1159          18544  java.util.concurrent.locks.ReentrantReadWriteLock$ReadLock (java.base@17.0.15)
 278:          1159          18544  java.util.concurrent.locks.ReentrantReadWriteLock$Sync$ThreadLocalHoldCounter (java.base@17.0.15)
 279:          1159          18544  java.util.concurrent.locks.ReentrantReadWriteLock$WriteLock (java.base@17.0.15)
 280:          1153          18448  net.minecraft.nbt.IntTag (minecraft@1.20.1)
 281:           768          18432  net.minecraft.client.renderer.block.model.multipart.KeyValueCondition (minecraft@1.20.1)
 282:          1133          18128  com.mojang.serialization.Encoder$4 (datafixerupper@6.0.8)
 283:          1120          17920  net.minecraft.util.datafix.schemas.V1470$$Lambda$2062/0x0000000100861f10 (minecraft@1.20.1)
 284:          1110          17760  com.mojang.datafixers.View (datafixerupper@6.0.8)
 285:             2          17440  [Lcom.mojang.serialization.Dynamic; (datafixerupper@6.0.8)
 286:             1          17424  [[Lnet.minecraft.client.gui.font.providers.UnihexProvider$Glyph; (minecraft@1.20.1)
 287:           718          17232  org.apache.maven.artifact.versioning.ComparableVersion$ListItem (maven.artifact@3.8.5)
 288:           524          16768  java.lang.module.ModuleDescriptor$Requires (java.base@17.0.15)
 289:          1047          16752  net.minecraft.util.datafix.schemas.V1460$$Lambda$2026/0x000000010085ca58 (minecraft@1.20.1)
 290:           228          16416  net.minecraftforge.fml.loading.moddiscovery.ModFile (fmlloader@1.20.1-47.4.13)
 291:           339          16272  sun.security.x509.X500Name (java.base@17.0.15)
 292:          1014          16224  java.util.EnumMap$EntrySet (java.base@17.0.15)
 293:          1014          16224  java.util.EnumMap$Values (java.base@17.0.15)
 294:          1012          16192  java.util.EnumMap$KeySet (java.base@17.0.15)
 295:           500          16000  net.minecraftforge.accesstransformer.AccessTransformer (accesstransformers@8.0.4)
 296:           249          15936  java.lang.module.ModuleDescriptor (java.base@17.0.15)
 297:           659          15816  net.minecraft.client.renderer.texture.SpriteContents$FrameInfo (minecraft@1.20.1)
 298:           647          15528  com.google.common.collect.ImmutableSortedMap$1EntrySet (com.google.common@31.1-jre)
 299:           643          15432  cpw.mods.niofs.union.UnionFileSystem$EmbeddedFileSystemMetadata (cpw.mods.securejarhandler)
 300:           473          15136  com.mojang.datafixers.types.templates.Hook$HookType (datafixerupper@6.0.8)
 301:           620          14880  com.mojang.datafixers.TypeRewriteRule$All (datafixerupper@6.0.8)
 302:           620          14880  com.mojang.datafixers.TypeRewriteRule$OrElse (datafixerupper@6.0.8)
 303:           206          14832  net.minecraftforge.fml.loading.moddiscovery.ModInfo (fmlloader@1.20.1-47.4.13)
 304:           617          14808  net.minecraft.tags.TagKey (minecraft@1.20.1)
 305:           925          14800  net.minecraft.world.level.block.state.BlockBehaviour$$Lambda$1493/0x0000000100722768 (minecraft@1.20.1)
 306:           616          14784  com.mojang.datafixers.functions.Id (datafixerupper@6.0.8)
 307:           920          14720  net.minecraft.util.datafix.schemas.V705$$Lambda$1906/0x000000010083efa0 (minecraft@1.20.1)
 308:           204          14688  com.electronwill.nightconfig.core.file.WriteAsyncFileConfig (com.electronwill.nightconfig.core@3.6.4)
 309:           611          14664  net.minecraft.client.renderer.block.model.multipart.Selector (minecraft@1.20.1)
 310:           365          14600  org.apache.maven.artifact.versioning.DefaultArtifactVersion (maven.artifact@3.8.5)
 311:           608          14592  com.mojang.serialization.Decoder$1 (datafixerupper@6.0.8)
 312:           227          14528  it.unimi.dsi.fastutil.objects.Object2IntOpenHashMap (it.unimi.dsi.fastutil@8.5.9)
 313:           362          14480  com.google.common.collect.HashBasedTable (com.google.common@31.1-jre)
 314:           358          14320  java.lang.invoke.BoundMethodHandle$Species_LLL (java.base@17.0.15)
 315:           888          14208  com.mojang.serialization.codecs.RecordCodecBuilder$$Lambda$1062/0x000000010056ab20 (datafixerupper@6.0.8)
 316:           580          13920  java.util.zip.Inflater$InflaterZStreamRef (java.base@17.0.15)
 317:           216          13824  it.unimi.dsi.fastutil.ints.Int2ObjectOpenHashMap (it.unimi.dsi.fastutil@8.5.9)
 318:           244          13664  com.google.common.collect.HashBiMap (com.google.common@31.1-jre)
 319:            95          13560  [Ljava.lang.ClassValue$Entry; (java.base@17.0.15)
 320:           846          13536  java.util.LinkedHashMap$LinkedValues (java.base@17.0.15)
 321:           418          13376  java.lang.ref.WeakReference (java.base@17.0.15)
 322:           166          13280  sun.security.x509.X509CertImpl (java.base@17.0.15)
 323:           327          13080  java.lang.invoke.BoundMethodHandle$Species_LJ (java.base@17.0.15)
 324:           233          13048  java.lang.Module (java.base@17.0.15)
 325:           159          12720  net.minecraft.world.level.block.Block (minecraft@1.20.1)
 326:           522          12528  java.util.Arrays$ArrayList (java.base@17.0.15)
 327:            47          12400  [Lorg.openjdk.nashorn.internal.runtime.PropertyHashMap$Element; (org.openjdk.nashorn)
 328:           306          12240  net.minecraftforge.eventbus.ListenerList$ListenerListInst (net.minecraftforge.eventbus)
 329:           503          12072  sun.security.x509.AlgorithmId (java.base@17.0.15)
 330:           186          11904  org.openjdk.nashorn.internal.runtime.PropertyMap (org.openjdk.nashorn)
 331:           247          11856  java.lang.invoke.DirectMethodHandle$StaticAccessor (java.base@17.0.15)
 332:           364          11648  jdk.nio.zipfs.ByteArrayChannel (jdk.zipfs@17.0.15)
 333:            85          11560  sun.nio.fs.UnixFileAttributes (java.base@17.0.15)
 334:           339          11416  [Lsun.security.x509.RDN; (java.base@17.0.15)
 335:           713          11408  net.minecraft.util.datafix.schemas.V100$$Lambda$1863/0x0000000100823dd8 (minecraft@1.20.1)
 336:           462          11088  java.util.ImmutableCollections$SetN (java.base@17.0.15)
 337:           341          10912  jdk.internal.math.FDBigInteger (java.base@17.0.15)
 338:           447          10728  jdk.dynalink.beans.AbstractJavaLinker$AnnotatedDynamicMethod (jdk.dynalink@17.0.15)
 339:           191          10696  org.openjdk.nashorn.internal.ir.IdentNode (org.openjdk.nashorn)
 340:            50          10400  [Lcom.mojang.math.OctahedralGroup; (minecraft@1.20.1)
 341:           190          10400  [Ljava.lang.reflect.Field; (java.base@17.0.15)
 342:           325          10400  java.lang.ref.ReferenceQueue (java.base@17.0.15)
 343:           433          10392  com.mojang.serialization.Encoder$2 (datafixerupper@6.0.8)
 344:           647          10352  com.google.common.collect.ImmutableSortedMap$1EntrySet$1 (com.google.common@31.1-jre)
 345:           636          10176  net.minecraft.world.level.block.state.BlockBehaviour$Properties$$Lambda$1492/0x0000000100722520 (minecraft@1.20.1)
 346:           211          10128  java.lang.invoke.BoundMethodHandle$Species_LLLLL (java.base@17.0.15)
 347:            97          10088  java.util.jar.JarFile$JarFileEntry (java.base@17.0.15)
 348:           252          10080  java.lang.invoke.MethodHandleImpl$AsVarargsCollector (java.base@17.0.15)
 349:           419          10056  net.minecraft.client.renderer.block.model.ItemOverride$Predicate (minecraft@1.20.1)
 350:           419          10056  net.minecraft.client.renderer.block.model.ItemOverrides$PropertyMatcher (minecraft@1.20.1)
 351:           251          10040  net.minecraftforge.accesstransformer.MethodTarget (accesstransformers@8.0.4)
 352:           209          10032  java.lang.invoke.BoundMethodHandle$Species_LLLIL (java.base@17.0.15)
 353:           623           9968  java.util.concurrent.atomic.AtomicBoolean (java.base@17.0.15)
 354:           414           9936  [Lnet.minecraft.client.renderer.block.model.ItemOverrides$PropertyMatcher; (minecraft@1.20.1)
 355:           414           9936  net.minecraft.client.renderer.block.model.ItemOverride (minecraft@1.20.1)
 356:           414           9936  net.minecraft.client.renderer.block.model.ItemOverrides$BakedOverride (minecraft@1.20.1)
 357:           414           9936  sun.nio.ch.NativeThreadSet (java.base@17.0.15)
 358:           310           9920  com.mojang.datafixers.functions.FunctionWrapper (datafixerupper@6.0.8)
 359:           124           9920  net.minecraft.world.entity.EntityType (minecraft@1.20.1)
 360:           411           9864  net.minecraftforge.fml.loading.moddiscovery.NightConfigWrapper (fmlloader@1.20.1-47.4.13)
 361:           205           9840  net.minecraftforge.fml.loading.moddiscovery.ModFileInfo (fmlloader@1.20.1-47.4.13)
 362:           306           9792  java.util.concurrent.Semaphore$FairSync (java.base@17.0.15)
 363:           243           9720  org.apache.logging.log4j.core.Logger (org.apache.logging.log4j.core@2.19.0)
 364:           243           9720  org.apache.logging.log4j.core.Logger$PrivateConfig (org.apache.logging.log4j.core@2.19.0)
 365:           395           9480  com.mojang.serialization.Encoder$1 (datafixerupper@6.0.8)
 366:           294           9376  [Ljava.security.cert.Certificate; (java.base@17.0.15)
 367:             9           9360  [Lnet.minecraft.client.gui.font.FontSet$GlyphInfoFilter; (minecraft@1.20.1)
 368:           166           9296  sun.security.x509.X509CertInfo (java.base@17.0.15)
 369:           385           9240  com.google.common.collect.ImmutableSortedAsList (com.google.common@31.1-jre)
 370:           382           9168  net.minecraftforge.fml.loading.moddiscovery.ModAnnotation$EnumHolder (fmlloader@1.20.1-47.4.13)
 371:           379           9096  net.minecraft.world.phys.shapes.CubeVoxelShape (minecraft@1.20.1)
 372:           567           9072  com.mojang.serialization.MapCodec$MapCodecCodec (datafixerupper@6.0.8)
 373:           365           8760  org.apache.maven.artifact.versioning.ComparableVersion (maven.artifact@3.8.5)
 374:           364           8736  net.minecraftforge.jarjar.nio.pathfs.PathPath (JarJarFileSystems@0.3.19)
 375:           270           8640  net.minecraftforge.jarjar.nio.util.Lazy (JarJarFileSystems@0.3.19)
 376:           262           8384  sun.security.util.KnownOIDs (java.base@17.0.15)
 377:           261           8352  joptsimple.internal.AbbreviationMap (jopt.simple@5.0.4)
 378:             8           8320  [Lnet.minecraft.client.gui.font.glyphs.BakedGlyph; (minecraft@1.20.1)
 379:           205           8200  com.electronwill.nightconfig.toml.TomlWriter (com.electronwill.nightconfig.toml@3.6.4)
 380:           170           8160  java.util.WeakHashMap (java.base@17.0.15)
 381:            60           8160  net.minecraft.client.renderer.ShaderInstance (minecraft@1.20.1)
 382:           170           8160  sun.security.util.MemoryCache$SoftCacheEntry (java.base@17.0.15)
 383:           337           8088  java.util.Date (java.base@17.0.15)
 384:            91           8008  java.util.regex.Pattern (java.base@17.0.15)
 385:           110           7920  net.minecraft.client.renderer.RenderType$CompositeState (minecraft@1.20.1)
 386:           140           7840  jdk.internal.module.ModuleReferenceImpl (java.base@17.0.15)
 387:           245           7840  net.minecraft.client.renderer.block.model.BlockElementRotation (minecraft@1.20.1)
 388:           193           7720  java.lang.Package$VersionInfo (java.base@17.0.15)
 389:           320           7680  com.mojang.datafixers.types.templates.Check (datafixerupper@6.0.8)
 390:            60           7680  net.minecraftforge.registries.ForgeRegistry (forge@47.4.13)
 391:           320           7680  sun.reflect.annotation.AnnotationInvocationHandler (java.base@17.0.15)
 392:           476           7616  java.lang.Character (java.base@17.0.15)
 393:           189           7560  it.unimi.dsi.fastutil.ints.Int2ObjectMaps$SynchronizedMap (it.unimi.dsi.fastutil@8.5.9)
 394:           233           7456  org.apache.logging.log4j.core.config.plugins.processor.PluginEntry (org.apache.logging.log4j.core@2.19.0)
 395:           310           7440  com.mojang.datafixers.DataFix$NamedFunctionWrapper (datafixerupper@6.0.8)
 396:           310           7440  com.mojang.datafixers.TypeRewriteRule$IfSame (datafixerupper@6.0.8)
 397:           310           7440  java.util.jar.Manifest (java.base@17.0.15)
 398:           307           7368  java.lang.Long (java.base@17.0.15)
 399:           307           7368  java.security.Provider$UString (java.base@17.0.15)
 400:           101           7272  it.unimi.dsi.fastutil.objects.Object2IntOpenCustomHashMap (it.unimi.dsi.fastutil@8.5.9)
 401:           180           7200  java.security.ProtectionDomain (java.base@17.0.15)
 402:           224           7168  jdk.dynalink.linker.GuardedInvocation (jdk.dynalink@17.0.15)
 403:           223           7136  org.openjdk.nashorn.internal.runtime.linker.LinkerCallSite (org.openjdk.nashorn)
 404:           178           7120  java.lang.invoke.DirectMethodHandle$Interface (java.base@17.0.15)
 405:           295           7080  com.mojang.datafixers.util.Pair (datafixerupper@6.0.8)
 406:            94           6944  [Lnet.minecraft.world.phys.shapes.VoxelShape; (minecraft@1.20.1)
 407:            85           6800  java.util.zip.ZipFile$Source (java.base@17.0.15)
 408:           283           6792  com.mojang.serialization.codecs.RecordCodecBuilder$2 (datafixerupper@6.0.8)
 409:           169           6760  java.lang.invoke.BoundMethodHandle$Species_LI (java.base@17.0.15)
 410:            18           6624  java.lang.Thread (java.base@17.0.15)
 411:           414           6624  java.nio.channels.spi.AbstractInterruptibleChannel$1 (java.base@17.0.15)
 412:           414           6624  sun.nio.ch.FileChannelImpl$Closer (java.base@17.0.15)
 413:           414           6624  sun.nio.ch.FileDispatcherImpl (java.base@17.0.15)
 414:           411           6576  it.unimi.dsi.fastutil.objects.Object2ObjectOpenHashMap$1 (it.unimi.dsi.fastutil@8.5.9)
 415:           205           6560  com.electronwill.nightconfig.toml.TomlParser (com.electronwill.nightconfig.toml@3.6.4)
 416:           204           6528  [Ljava.nio.file.OpenOption; (java.base@17.0.15)
 417:           268           6432  jdk.internal.module.ServicesCatalog$ServiceProvider (java.base@17.0.15)
 418:           265           6360  javax.management.ImmutableDescriptor (java.management@17.0.15)
 419:           264           6336  org.openjdk.nashorn.internal.runtime.Specialization (org.openjdk.nashorn)
 420:           158           6320  org.antlr.v4.runtime.atn.BasicState (org.antlr.antlr4.runtime@4.9.1)
 421:           390           6240  net.minecraft.util.random.Weight (minecraft@1.20.1)
 422:           194           6208  java.util.Collections$SynchronizedMap (java.base@17.0.15)
 423:           110           6160  net.minecraft.client.renderer.RenderType$CompositeRenderType (minecraft@1.20.1)
 424:           127           6096  sun.security.rsa.RSAPublicKeyImpl (java.base@17.0.15)
 425:           190           6080  java.lang.ClassValue$Entry (java.base@17.0.15)
 426:           189           6048  com.mojang.datafixers.types.families.RecursiveTypeFamily (datafixerupper@6.0.8)
 427:           189           6048  it.unimi.dsi.fastutil.ints.Int2ObjectAVLTreeMap$Entry (it.unimi.dsi.fastutil@8.5.9)
 428:           188           6016  it.unimi.dsi.fastutil.ints.IntAVLTreeSet$Entry (it.unimi.dsi.fastutil@8.5.9)
 429:            94           6016  java.lang.ClassValue$ClassValueMap (java.base@17.0.15)
 430:           150           6000  java.security.cert.TrustAnchor (java.base@17.0.15)
 431:            83           5976  net.minecraft.world.item.ItemStack (minecraft@1.20.1)
 432:           147           5880  java.security.CodeSource (java.base@17.0.15)
 433:           245           5880  org.apache.logging.log4j.message.DefaultFlowMessageFactory (org.apache.logging.log4j@2.19.0)
 434:           245           5880  org.apache.logging.log4j.spi.AbstractLogger$LocalLogBuilder (org.apache.logging.log4j@2.19.0)
 435:           182           5824  java.lang.ThreadLocal$ThreadLocalMap$Entry (java.base@17.0.15)
 436:           362           5792  com.google.common.collect.HashBasedTable$Factory (com.google.common@31.1-jre)
 437:           102           5712  net.minecraft.world.item.Item (minecraft@1.20.1)
 438:           176           5632  org.openjdk.nashorn.internal.runtime.linker.NashornCallSiteDescriptor (org.openjdk.nashorn)
 439:           175           5600  net.minecraft.client.renderer.block.model.ItemTransform (minecraft@1.20.1)
 440:           140           5600  org.openjdk.nashorn.internal.runtime.PropertyHashMap (org.openjdk.nashorn)
 441:           233           5592  org.apache.logging.log4j.core.config.plugins.util.PluginType (org.apache.logging.log4j.core@2.19.0)
 442:            11           5544  net.minecraft.Util$2 (minecraft@1.20.1)
 443:           173           5536  com.mojang.datafixers.functions.Comp (datafixerupper@6.0.8)
 444:           135           5400  net.minecraftforge.jarjar.nio.pathfs.PathFileSystem (JarJarFileSystems@0.3.19)
 445:           337           5392  java.util.HashMap$Values (java.base@17.0.15)
 446:           223           5352  java.time.LocalDateTime (java.base@17.0.15)
 447:           222           5328  org.antlr.v4.runtime.atn.EpsilonTransition (org.antlr.antlr4.runtime@4.9.1)
 448:            83           5312  java.nio.DirectByteBuffer (java.base@17.0.15)
 449:           221           5304  com.mojang.serialization.Decoder$2 (datafixerupper@6.0.8)
 450:            94           5264  java.util.jar.JarFile (java.base@17.0.15)
 451:           328           5248  java.util.concurrent.atomic.AtomicReference (java.base@17.0.15)
 452:           131           5240  com.mojang.datafixers.types.templates.TaggedChoice$TaggedChoiceType (datafixerupper@6.0.8)
 453:           327           5232  java.lang.ref.ReferenceQueue$Lock (java.base@17.0.15)
 454:           109           5232  net.minecraftforge.installer.json.Artifact
 455:           173           5224  [Lcom.mojang.datafixers.functions.PointFree; (datafixerupper@6.0.8)
 456:           163           5216  sun.security.x509.SubjectKeyIdentifierExtension (java.base@17.0.15)
 457:           161           5152  sun.security.pkcs11.SunPKCS11$Descriptor (jdk.crypto.cryptoki@17.0.15)
 458:           214           5136  java.util.regex.Pattern$BmpCharProperty (java.base@17.0.15)
 459:           160           5120  java.lang.invoke.MethodHandles$Lookup (java.base@17.0.15)
 460:           160           5120  sun.security.x509.BasicConstraintsExtension (java.base@17.0.15)
 461:           158           5056  com.sun.jmx.mbeanserver.ConvertingMethod (java.management@17.0.15)
 462:           157           5024  java.lang.module.ModuleDescriptor$Version (java.base@17.0.15)
 463:           157           5024  sun.security.x509.KeyUsageExtension (java.base@17.0.15)
 464:           125           5000  org.openjdk.nashorn.internal.parser.TokenType (org.openjdk.nashorn)
 465:            89           4984  java.io.FileCleanable (java.base@17.0.15)
 466:           309           4944  java.lang.Character$UnicodeBlock (java.base@17.0.15)
 467:           309           4944  java.util.concurrent.Semaphore (java.base@17.0.15)
 468:            77           4928  net.minecraft.world.item.SpawnEggItem (minecraft@1.20.1)
 469:           205           4920  net.minecraftforge.fml.loading.moddiscovery.ModJarMetadata (fmlloader@1.20.1-47.4.13)
 470:           205           4920  net.minecraftforge.forgespi.language.IModFileInfo$LanguageSpec (net.minecraftforge.forgespi@7.0.1)
 471:           204           4896  net.minecraft.client.model.geom.ModelLayerLocation (minecraft@1.20.1)
 472:           301           4816  cpw.mods.jarhandling.impl.Jar$JarModuleDataProvider (cpw.mods.securejarhandler)
 473:           301           4816  cpw.mods.jarhandling.impl.ManifestVerifier (cpw.mods.securejarhandler)
 474:           198           4752  sun.reflect.generics.tree.SimpleClassTypeSignature (java.base@17.0.15)
 475:           295           4720  net.minecraft.server.packs.linkfs.PathContents$DirectoryContents (minecraft@1.20.1)
 476:             1           4632  [Lnet.minecraft.nbt.IntTag; (minecraft@1.20.1)
 477:           192           4608  org.apache.logging.slf4j.Log4jLogger (org.apache.logging.log4j.slf4j@2.19.0)
 478:           190           4560  java.lang.Class$AnnotationData (java.base@17.0.15)
 479:           284           4544  com.mojang.serialization.Decoder$$Lambda$1029/0x000000010055e0f8 (datafixerupper@6.0.8)
 480:           189           4536  com.mojang.serialization.Codec$$Lambda$2957/0x0000000100a2b670 (datafixerupper@6.0.8)
 481:           283           4528  com.mojang.serialization.codecs.RecordCodecBuilder$Instance (datafixerupper@6.0.8)
 482:           282           4512  java.util.LinkedHashMap$LinkedEntrySet (java.base@17.0.15)
 483:            40           4480  net.minecraftforge.registries.NamespacedWrapper (forge@47.4.13)
 484:           279           4464  com.mojang.serialization.codecs.RecordCodecBuilder$$Lambda$1065/0x000000010056b178 (datafixerupper@6.0.8)
 485:           138           4416  org.openjdk.nashorn.internal.ir.Symbol (org.openjdk.nashorn)
 486:           110           4400  com.mojang.serialization.codecs.RecordCodecBuilder$Instance$5 (datafixerupper@6.0.8)
 487:           104           4392  [Lorg.openjdk.nashorn.internal.runtime.Property; (org.openjdk.nashorn)
 488:           137           4384  com.mojang.serialization.codecs.RecordCodecBuilder$Instance$$Lambda$1068/0x000000010056b848 (datafixerupper@6.0.8)
 489:           137           4384  com.mojang.serialization.codecs.RecordCodecBuilder$Instance$3 (datafixerupper@6.0.8)
 490:           109           4360  org.openjdk.nashorn.internal.codegen.Label (org.openjdk.nashorn)
 491:            49           4312  net.minecraft.world.level.block.StairBlock (minecraft@1.20.1)
 492:            67           4288  sun.security.ssl.SSLExtension (java.base@17.0.15)
 493:           267           4272  net.minecraft.util.datafix.schemas.V2501$$Lambda$2100/0x000000010086a790 (minecraft@1.20.1)
 494:           265           4240  java.util.TreeMap$Values (java.base@17.0.15)
 495:           106           4240  net.minecraft.util.datafix.schemas.NamespacedSchema (minecraft@1.20.1)
 496:            53           4240  net.minecraft.world.level.block.SlabBlock (minecraft@1.20.1)
 497:           176           4224  java.lang.module.ResolvedModule (java.base@17.0.15)
 498:           130           4160  com.google.common.collect.RegularImmutableSet (com.google.common@31.1-jre)
 499:            52           4160  net.minecraft.world.level.block.RotatedPillarBlock (minecraft@1.20.1)
 500:           173           4152  com.mojang.datafixers.DataFix$$Lambda$2216/0x000000010088d818 (datafixerupper@6.0.8)
 501:            74           4144  java.lang.invoke.BoundMethodHandle$Species_LLLLLLL (java.base@17.0.15)
 502:           129           4128  com.mojang.blaze3d.platform.InputConstants$Key (minecraft@1.20.1)
 503:            86           4128  jdk.internal.loader.URLClassPath$JarLoader (java.base@17.0.15)
 504:           103           4120  net.minecraft.world.level.block.SoundType (minecraft@1.20.1)
 505:             1           4112  [Lnet.minecraft.client.multiplayer.chat.LoggedChatEvent; (minecraft@1.20.1)
 506:           257           4112  it.unimi.dsi.fastutil.objects.Object2ObjectOpenHashMap$MapEntrySet (it.unimi.dsi.fastutil@8.5.9)
 507:           128           4096  com.mojang.datafixers.types.templates.TaggedChoice (datafixerupper@6.0.8)
 508:           256           4096  java.lang.Byte (java.base@17.0.15)
 509:           256           4096  java.lang.Short (java.base@17.0.15)
 510:           170           4080  sun.security.util.BitArray (java.base@17.0.15)
 511:           127           4064  net.minecraft.world.entity.ai.attributes.AttributeModifier (minecraft@1.20.1)
 512:           169           4056  com.google.common.base.Suppliers$NonSerializableMemoizingSupplier (com.google.common@31.1-jre)
 513:           169           4056  java.lang.module.ModuleDescriptor$Provides (java.base@17.0.15)
 514:             1           4024  [Lorg.antlr.v4.runtime.misc.Interval; (org.antlr.antlr4.runtime@4.9.1)
 515:           166           3984  sun.security.util.Cache$EqualByteArray (java.base@17.0.15)
 516:           166           3984  sun.security.x509.CertificateValidity (java.base@17.0.15)
 517:            99           3960  org.antlr.v4.runtime.atn.LexerATNConfig (org.antlr.antlr4.runtime@4.9.1)
 518:           165           3960  sun.security.x509.CertificateExtensions (java.base@17.0.15)
 519:           164           3936  java.util.regex.Pattern$GroupTail (java.base@17.0.15)
 520:           122           3904  jdk.internal.reflect.NativeMethodAccessorImpl (java.base@17.0.15)
 521:           244           3904  org.apache.logging.log4j.message.ReusableMessageFactory (org.apache.logging.log4j@2.19.0)
 522:           162           3888  java.util.regex.Pattern$GroupHead (java.base@17.0.15)
 523:           161           3864  net.minecraftforge.accesstransformer.FieldTarget (accesstransformers@8.0.4)
 524:            80           3840  java.lang.invoke.BoundMethodHandle$Species_LILL (java.base@17.0.15)
 525:           159           3816  it.unimi.dsi.fastutil.objects.ObjectArrayList (it.unimi.dsi.fastutil@8.5.9)
 526:            95           3800  java.io.ObjectStreamField (java.base@17.0.15)
 527:           157           3768  java.lang.Double (java.base@17.0.15)
 528:           157           3768  java.util.function.Function$$Lambda$1193/0x00000001002f8480 (java.base@17.0.15)
 529:           198           3720  [Lsun.reflect.generics.tree.TypeArgument; (java.base@17.0.15)
 530:           155           3720  java.util.concurrent.CopyOnWriteArrayList (java.base@17.0.15)
 531:            77           3696  net.minecraft.client.OptionInstance (minecraft@1.20.1)
 532:            12           3648  java.util.concurrent.ForkJoinPool$WorkQueue (java.base@17.0.15)
 533:           112           3584  java.io.File (java.base@17.0.15)
 534:           110           3520  com.mojang.serialization.codecs.RecordCodecBuilder$Instance$$Lambda$1097/0x0000000100572cf0 (datafixerupper@6.0.8)
 535:           110           3520  com.mojang.serialization.codecs.RecordCodecBuilder$Instance$$Lambda$1098/0x0000000100572f38 (datafixerupper@6.0.8)
 536:           145           3480  java.util.regex.Pattern$Slice (java.base@17.0.15)
 537:            67           3432  [Ljavax.management.MBeanAttributeInfo; (java.management@17.0.15)
 538:           142           3408  net.minecraft.util.datafix.schemas.V1460$$Lambda$2045/0x000000010085f380 (minecraft@1.20.1)
 539:           141           3384  net.minecraft.client.model.geom.builders.CubeDeformation (minecraft@1.20.1)
 540:           169           3368  [Lcom.sun.jmx.mbeanserver.MXBeanMapping; (java.management@17.0.15)
 541:           140           3360  net.minecraft.client.resources.language.LanguageInfo (minecraft@1.20.1)
 542:            35           3360  net.minecraft.world.level.block.FlowerPotBlock (minecraft@1.20.1)
 543:           206           3296  sun.security.x509.KeyIdentifier (java.base@17.0.15)
 544:           137           3288  com.mojang.serialization.codecs.RecordCodecBuilder$Instance$$Lambda$1067/0x000000010056b600 (datafixerupper@6.0.8)
 545:            82           3280  com.sun.management.internal.DiagnosticCommandArgumentInfo (jdk.management@17.0.15)
 546:           204           3264  com.electronwill.nightconfig.core.file.WriteAsyncFileConfig$WriteCompletedHandler (com.electronwill.nightconfig.core@3.6.4)
 547:           203           3248  com.mojang.datafixers.util.Either$Right (datafixerupper@6.0.8)
 548:            29           3248  org.openjdk.nashorn.internal.ir.FunctionNode (org.openjdk.nashorn)
 549:           135           3240  net.minecraftforge.jarjar.nio.pathfs.PathFileSystem$$Lambda$694/0x00000001003b4830 (JarJarFileSystems@0.3.19)
 550:           135           3240  net.minecraftforge.jarjar.nio.util.Lazy$$Lambda$696/0x00000001003b4ed0 (JarJarFileSystems@0.3.19)
 551:            50           3200  org.openjdk.nashorn.internal.runtime.options.OptionTemplate (org.openjdk.nashorn)
 552:            66           3168  javax.management.MBeanInfo (java.management@17.0.15)
 553:           132           3168  jdk.internal.module.SystemModuleFinders$2 (java.base@17.0.15)
 554:            49           3136  javax.management.openmbean.OpenMBeanAttributeInfoSupport (java.management@17.0.15)
 555:           196           3136  sun.reflect.generics.tree.ClassTypeSignature (java.base@17.0.15)
 556:           195           3120  com.google.gson.JsonArray (com.google.gson@2.10)
 557:           130           3120  java.time.LocalDate (java.base@17.0.15)
 558:            97           3104  java.util.concurrent.locks.ReentrantLock$NonfairSync (java.base@17.0.15)
 559:            97           3104  java.util.zip.ZipFile$CleanableResource (java.base@17.0.15)
 560:           129           3096  com.mojang.blaze3d.platform.InputConstants$Key$$Lambda$4481/0x0000000100c09a30 (minecraft@1.20.1)
 561:           193           3088  org.apache.maven.artifact.versioning.ComparableVersion$StringItem (maven.artifact@3.8.5)
 562:            77           3080  org.antlr.v4.runtime.dfa.DFAState (org.antlr.antlr4.runtime@4.9.1)
 563:           128           3072  java.security.Permissions (java.base@17.0.15)
 564:            96           3072  org.antlr.v4.runtime.atn.ATNConfig (org.antlr.antlr4.runtime@4.9.1)
 565:            96           3072  org.openjdk.nashorn.internal.ir.LiteralNode$StringLiteralNode (org.openjdk.nashorn)
 566:           127           3048  com.mojang.serialization.codecs.OptionalFieldCodec (datafixerupper@6.0.8)
 567:           127           3048  org.apache.maven.artifact.versioning.VersionRange (maven.artifact@3.8.5)
 568:            95           3040  net.minecraftforge.fml.earlydisplay.SimpleFont$Glyph (fmlearlydisplay@1.20.1-47.4.13)
 569:            54           3024  com.google.gson.internal.bind.ReflectiveTypeAdapterFactory$1
 570:           189           3024  it.unimi.dsi.fastutil.objects.Object2IntOpenHashMap$MapEntrySet (it.unimi.dsi.fastutil@8.5.9)
 571:           126           3024  java.lang.invoke.Invokers (java.base@17.0.15)
 572:            94           3008  javax.management.MBeanAttributeInfo (java.management@17.0.15)
 573:           188           3008  net.minecraft.util.datafix.schemas.V2100$$Lambda$2097/0x0000000100869e70 (minecraft@1.20.1)
 574:            75           3000  net.minecraft.stats.Stat (minecraft@1.20.1)
 575:           125           3000  net.minecraft.world.entity.EntityDimensions (minecraft@1.20.1)
 576:            89           2960  [Ljava.util.regex.Pattern$Node; (java.base@17.0.15)
 577:           123           2952  org.apache.maven.artifact.versioning.Restriction (maven.artifact@3.8.5)
 578:            61           2928  java.util.logging.LogManager$LoggerWeakRef (java.logging@17.0.15)
 579:           183           2928  javax.security.auth.x500.X500Principal (java.base@17.0.15)
 580:           122           2928  net.minecraft.client.model.geom.builders.LayerDefinition (minecraft@1.20.1)
 581:           122           2928  net.minecraft.client.model.geom.builders.MaterialDefinition (minecraft@1.20.1)
 582:           180           2880  [Ljava.security.Principal; (java.base@17.0.15)
 583:            60           2880  com.google.common.collect.ArrayListMultimap (com.google.common@31.1-jre)
 584:            60           2880  com.google.common.collect.Multimaps$CustomSetMultimap (com.google.common@31.1-jre)
 585:            60           2880  it.unimi.dsi.fastutil.ints.IntOpenHashSet (it.unimi.dsi.fastutil@8.5.9)
 586:           180           2880  java.security.ProtectionDomain$Key (java.base@17.0.15)
 587:           123           2856  [Ljava.lang.reflect.Type; (java.base@17.0.15)
 588:            89           2848  java.util.regex.Pattern$Branch (java.base@17.0.15)
 589:           118           2832  com.mojang.blaze3d.shaders.Program (minecraft@1.20.1)
 590:            35           2800  jdk.internal.reflect.DelegatingClassLoader (java.base@17.0.15)
 591:            87           2784  java.io.RandomAccessFile (java.base@17.0.15)
 592:           116           2784  java.util.Collections$SetFromMap (java.base@17.0.15)
 593:            29           2784  org.openjdk.nashorn.internal.runtime.RecompilableScriptFunctionData (org.openjdk.nashorn)
 594:           114           2736  net.minecraftforge.fml.loading.moddiscovery.CoreModFile (fmlloader@1.20.1-47.4.13)
 595:           171           2736  sun.security.x509.SerialNumber (java.base@17.0.15)
 596:            34           2720  com.mojang.blaze3d.vertex.BufferBuilder (minecraft@1.20.1)
 597:            56           2688  com.google.common.collect.ImmutableListMultimap (com.google.common@31.1-jre)
 598:           112           2688  java.util.AbstractMap$SimpleImmutableEntry (java.base@17.0.15)
 599:           112           2688  java.util.ArrayDeque (java.base@17.0.15)
 600:           112           2688  java.util.concurrent.LinkedBlockingQueue$Node (java.base@17.0.15)
 601:           168           2688  net.minecraft.util.datafix.schemas.V99$$Lambda$1808/0x000000010081e000 (minecraft@1.20.1)
 602:            56           2688  org.joml.Matrix3f (org.joml@1.10.5)
 603:            83           2656  jdk.internal.reflect.UnsafeObjectFieldAccessorImpl (java.base@17.0.15)
 604:           166           2656  sun.security.x509.CertificateAlgorithmId (java.base@17.0.15)
 605:           166           2656  sun.security.x509.CertificateSerialNumber (java.base@17.0.15)
 606:           166           2656  sun.security.x509.CertificateVersion (java.base@17.0.15)
 607:           166           2656  sun.security.x509.CertificateX509Key (java.base@17.0.15)
 608:           110           2640  com.mojang.datafixers.FieldFinder (datafixerupper@6.0.8)
 609:            33           2640  org.joml.Matrix4f (org.joml@1.10.5)
 610:            47           2632  java.nio.HeapByteBuffer (java.base@17.0.15)
 611:            47           2632  org.openjdk.nashorn.internal.ir.Block (org.openjdk.nashorn)
 612:           164           2624  net.minecraft.world.phys.shapes.CubePointRange (minecraft@1.20.1)
 613:            65           2600  com.mojang.blaze3d.shaders.BlendMode (minecraft@1.20.1)
 614:            36           2592  net.minecraft.core.MappedRegistry (minecraft@1.20.1)
 615:           160           2560  org.openjdk.nashorn.internal.runtime.options.Option (org.openjdk.nashorn)
 616:           106           2544  net.minecraft.client.model.SkullModel (minecraft@1.20.1)
 617:           158           2528  net.minecraft.util.datafix.schemas.V1906$$Lambda$2083/0x0000000100866fc0 (minecraft@1.20.1)
 618:           105           2520  java.lang.invoke.MutableCallSite (java.base@17.0.15)
 619:           103           2472  [[C (java.base@17.0.15)
 620:           103           2472  com.google.gson.internal.bind.TypeAdapters$31 (com.google.gson@2.10)
 621:            51           2448  org.openjdk.nashorn.internal.ir.AccessNode (org.openjdk.nashorn)
 622:            61           2440  com.mojang.serialization.codecs.RecordCodecBuilder$Instance$$Lambda$1196/0x00000001005967b0 (datafixerupper@6.0.8)
 623:            61           2440  com.mojang.serialization.codecs.RecordCodecBuilder$Instance$7 (datafixerupper@6.0.8)
 624:            76           2432  java.lang.invoke.SimpleMethodHandle (java.base@17.0.15)
 625:            76           2432  java.security.AlgorithmParameters (java.base@17.0.15)
 626:           101           2424  java.util.Collections$UnmodifiableRandomAccessList (java.base@17.0.15)
 627:            15           2416  [Ljava.lang.ThreadLocal$ThreadLocalMap$Entry; (java.base@17.0.15)
 628:            60           2400  com.mojang.blaze3d.platform.VideoMode (minecraft@1.20.1)
 629:            20           2400  net.minecraftforge.registries.NamespacedDefaultedWrapper (forge@47.4.13)
 630:            50           2400  org.openjdk.nashorn.internal.ir.PropertyNode (org.openjdk.nashorn)
 631:            12           2392  [[Ljava.lang.String; (java.base@17.0.15)
 632:            99           2376  cpw.mods.cl.JarModuleFinder$JarModuleReference (cpw.mods.securejarhandler)
 633:            98           2352  java.lang.ProcessEnvironment$Value (java.base@17.0.15)
 634:            98           2352  java.lang.ProcessEnvironment$Variable (java.base@17.0.15)
 635:           146           2336  net.minecraft.util.datafix.schemas.V1451_6$$Lambda$1992/0x0000000100858450 (minecraft@1.20.1)
 636:           146           2336  net.minecraft.util.datafix.schemas.V1451_6$$Lambda$1993/0x0000000100858678 (minecraft@1.20.1)
 637:           146           2336  net.minecraft.util.datafix.schemas.V1451_6$$Lambda$1994/0x00000001008588a0 (minecraft@1.20.1)
 638:            39           2328  [Lnet.minecraft.client.renderer.block.model.ItemOverrides$BakedOverride; (minecraft@1.20.1)
 639:            97           2328  java.security.spec.ECPoint (java.base@17.0.15)
 640:            48           2304  com.mojang.serialization.codecs.KeyDispatchCodec (datafixerupper@6.0.8)
 641:            72           2304  cpw.mods.jarhandling.impl.SimpleJarMetadata (cpw.mods.securejarhandler)
 642:            72           2304  java.util.logging.LogManager$LogNode (java.logging@17.0.15)
 643:           144           2304  net.minecraft.util.datafix.schemas.V704$$Lambda$1898/0x000000010083d928 (minecraft@1.20.1)
 644:           142           2272  net.minecraft.util.LazyLoadedValue (minecraft@1.20.1)
 645:           142           2272  net.minecraft.util.LazyLoadedValue$$Lambda$2564/0x00000001009d28e0 (minecraft@1.20.1)
 646:           142           2272  net.minecraft.util.datafix.schemas.V1460$$Lambda$2004/0x0000000100859828 (minecraft@1.20.1)
 647:           142           2272  net.minecraft.util.datafix.schemas.V1460$$Lambda$2005/0x0000000100859a70 (minecraft@1.20.1)
 648:           142           2272  net.minecraft.util.datafix.schemas.V1460$$Lambda$2006/0x0000000100859cb8 (minecraft@1.20.1)
 649:           142           2272  net.minecraft.util.datafix.schemas.V1460$$Lambda$2007/0x0000000100859f00 (minecraft@1.20.1)
 650:           142           2272  net.minecraft.util.datafix.schemas.V1460$$Lambda$2008/0x000000010085a148 (minecraft@1.20.1)
 651:           142           2272  net.minecraft.util.datafix.schemas.V1460$$Lambda$2009/0x000000010085a390 (minecraft@1.20.1)
 652:           142           2272  net.minecraft.util.datafix.schemas.V1460$$Lambda$2010/0x000000010085a5d8 (minecraft@1.20.1)
 653:           142           2272  net.minecraft.util.datafix.schemas.V1460$$Lambda$2011/0x000000010085a820 (minecraft@1.20.1)
 654:           142           2272  net.minecraft.util.datafix.schemas.V1460$$Lambda$2012/0x000000010085aa68 (minecraft@1.20.1)
 655:           142           2272  net.minecraft.util.datafix.schemas.V1460$$Lambda$2013/0x000000010085acb0 (minecraft@1.20.1)
 656:           142           2272  net.minecraft.util.datafix.schemas.V1460$$Lambda$2014/0x000000010085aef8 (minecraft@1.20.1)
 657:           142           2272  net.minecraft.util.datafix.schemas.V1460$$Lambda$2015/0x000000010085b140 (minecraft@1.20.1)
 658:           142           2272  net.minecraft.util.datafix.schemas.V1460$$Lambda$2016/0x000000010085b388 (minecraft@1.20.1)
 659:           142           2272  net.minecraft.util.datafix.schemas.V1460$$Lambda$2017/0x000000010085b5d0 (minecraft@1.20.1)
 660:           142           2272  net.minecraft.util.datafix.schemas.V1460$$Lambda$2018/0x000000010085b818 (minecraft@1.20.1)
 661:           142           2272  net.minecraft.util.datafix.schemas.V1460$$Lambda$2019/0x000000010085ba60 (minecraft@1.20.1)
 662:           142           2272  net.minecraft.util.datafix.schemas.V1460$$Lambda$2020/0x000000010085bca8 (minecraft@1.20.1)
 663:           142           2272  net.minecraft.util.datafix.schemas.V1460$$Lambda$2021/0x000000010085bef0 (minecraft@1.20.1)
 664:           142           2272  net.minecraft.util.datafix.schemas.V1460$$Lambda$2022/0x000000010085c138 (minecraft@1.20.1)
 665:           142           2272  net.minecraft.util.datafix.schemas.V1460$$Lambda$2023/0x000000010085c380 (minecraft@1.20.1)
 666:           142           2272  net.minecraft.util.datafix.schemas.V1460$$Lambda$2024/0x000000010085c5c8 (minecraft@1.20.1)
 667:           142           2272  net.minecraft.util.datafix.schemas.V1460$$Lambda$2025/0x000000010085c810 (minecraft@1.20.1)
 668:           142           2272  net.minecraft.util.datafix.schemas.V1460$$Lambda$2027/0x000000010085cc80 (minecraft@1.20.1)
 669:           142           2272  net.minecraft.util.datafix.schemas.V1460$$Lambda$2028/0x000000010085cec8 (minecraft@1.20.1)
 670:           142           2272  net.minecraft.util.datafix.schemas.V1460$$Lambda$2029/0x000000010085d110 (minecraft@1.20.1)
 671:           142           2272  net.minecraft.util.datafix.schemas.V1460$$Lambda$2032/0x000000010085d798 (minecraft@1.20.1)
 672:           142           2272  net.minecraft.util.datafix.schemas.V1460$$Lambda$2034/0x000000010085dbe8 (minecraft@1.20.1)
 673:           142           2272  net.minecraft.util.datafix.schemas.V1460$$Lambda$2035/0x000000010085de10 (minecraft@1.20.1)
 674:           142           2272  net.minecraft.util.datafix.schemas.V1460$$Lambda$2036/0x000000010085e038 (minecraft@1.20.1)
 675:           142           2272  net.minecraft.util.datafix.schemas.V1460$$Lambda$2037/0x000000010085e260 (minecraft@1.20.1)
 676:           142           2272  net.minecraft.util.datafix.schemas.V1460$$Lambda$2038/0x000000010085e488 (minecraft@1.20.1)
 677:           142           2272  net.minecraft.util.datafix.schemas.V1460$$Lambda$2040/0x000000010085e8d0 (minecraft@1.20.1)
 678:           142           2272  net.minecraft.util.datafix.schemas.V1460$$Lambda$2044/0x000000010085f158 (minecraft@1.20.1)
 679:           142           2272  net.minecraft.util.datafix.schemas.V1460$$Lambda$2046/0x000000010085f5a8 (minecraft@1.20.1)
 680:           142           2272  net.minecraft.util.datafix.schemas.V1460$$Lambda$2048/0x000000010085f9f0 (minecraft@1.20.1)
 681:           142           2272  net.minecraft.util.datafix.schemas.V1460$$Lambda$2051/0x0000000100860228 (minecraft@1.20.1)
 682:           142           2272  net.minecraft.util.datafix.schemas.V1460$$Lambda$2056/0x0000000100860cd0 (minecraft@1.20.1)
 683:            47           2256  java.lang.StackTraceElement (java.base@17.0.15)
 684:            56           2240  net.minecraft.client.gui.font.FontTexture$Node (minecraft@1.20.1)
 685:           140           2240  net.minecraft.util.datafix.schemas.V1470$$Lambda$2063/0x0000000100862138 (minecraft@1.20.1)
 686:            93           2232  com.google.common.collect.HashBiMap$Inverse (com.google.common@31.1-jre)
 687:            93           2232  java.util.regex.Pattern$BmpCharPropertyGreedy (java.base@17.0.15)
 688:            69           2208  jdk.internal.loader.BuiltinClassLoader$LoadedModule (java.base@17.0.15)
 689:           138           2208  net.minecraft.util.datafix.schemas.V99$$Lambda$1825/0x0000000100820490 (minecraft@1.20.1)
 690:            68           2176  java.lang.invoke.LambdaForm$Kind (java.base@17.0.15)
 691:             4           2176  org.openjdk.nashorn.internal.objects.Global (org.openjdk.nashorn)
 692:            54           2160  net.minecraft.world.effect.MobEffectInstance (minecraft@1.20.1)
 693:           135           2160  net.minecraftforge.jarjar.nio.pathfs.PathFileSystem$$Lambda$695/0x00000001003b4c88 (JarJarFileSystems@0.3.19)
 694:            30           2160  net.minecraftforge.registries.RegistryBuilder (forge@47.4.13)
 695:            38           2128  org.openjdk.nashorn.internal.ir.CallNode (org.openjdk.nashorn)
 696:            53           2120  java.lang.invoke.VarHandle$AccessDescriptor (java.base@17.0.15)
 697:            53           2120  org.antlr.v4.runtime.atn.OrderedATNConfigSet (org.antlr.antlr4.runtime@4.9.1)
 698:            53           2120  sun.security.util.NamedCurve (java.base@17.0.15)
 699:            44           2112  com.sun.management.internal.DiagnosticCommandInfo (jdk.management@17.0.15)
 700:            87           2088  org.apache.logging.log4j.core.pattern.PatternFormatter (org.apache.logging.log4j.core@2.19.0)
 701:            65           2080  net.minecraft.client.resources.model.BuiltInModel (minecraft@1.20.1)
 702:            37           2072  java.nio.DirectIntBufferU (java.base@17.0.15)
 703:            81           2064  [Ljavax.management.ObjectName$Property; (java.management@17.0.15)
 704:             1           2064  [Lorg.openjdk.nashorn.internal.runtime.SpillProperty$Accessors; (org.openjdk.nashorn)
 705:            86           2064  java.util.regex.Pattern$$Lambda$39/0x00000001000bd9c8 (java.base@17.0.15)
 706:            86           2064  net.minecraft.core.particles.SimpleParticleType (minecraft@1.20.1)
 707:            51           2040  [Lnet.minecraftforge.eventbus.ListenerList$ListenerListInst; (net.minecraftforge.eventbus)
 708:            85           2040  java.util.zip.ZipFile$Source$Key (java.base@17.0.15)
 709:           126           2016  jdk.internal.module.SystemModuleFinders$3 (java.base@17.0.15)
 710:            50           2000  java.security.AccessControlContext (java.base@17.0.15)
 711:            62           1984  net.minecraft.client.renderer.RenderStateShard$TextureStateShard (minecraft@1.20.1)
 712:           123           1968  jdk.internal.reflect.DelegatingMethodAccessorImpl (java.base@17.0.15)
 713:            61           1952  com.mojang.serialization.codecs.RecordCodecBuilder$Instance$$Lambda$1195/0x0000000100596568 (datafixerupper@6.0.8)
 714:           122           1952  net.minecraft.client.model.geom.builders.MeshDefinition (minecraft@1.20.1)
 715:            61           1952  net.minecraft.world.item.crafting.Ingredient (minecraft@1.20.1)
 716:            81           1944  com.mojang.datafixers.types.templates.CompoundList (datafixerupper@6.0.8)
 717:            81           1936  [Ljava.lang.invoke.SwitchPoint; (java.base@17.0.15)
 718:            13           1936  [[B (java.base@17.0.15)
 719:            22           1936  net.minecraft.world.level.block.WallBlock (minecraft@1.20.1)
 720:            48           1920  com.mojang.math.OctahedralGroup (minecraft@1.20.1)
 721:            80           1920  java.util.Currency$OtherCurrencyEntry (java.base@17.0.15)
 722:           119           1904  java.util.regex.Pattern$$Lambda$37/0x00000001000badb0 (java.base@17.0.15)
 723:            34           1904  sun.security.ssl.NamedGroup (java.base@17.0.15)
 724:           118           1888  net.minecraft.util.datafix.schemas.V1800$$Lambda$2076/0x0000000100865688 (minecraft@1.20.1)
 725:           118           1888  net.minecraft.util.datafix.schemas.V1800$$Lambda$2077/0x00000001008658b0 (minecraft@1.20.1)
 726:           118           1888  net.minecraft.world.entity.ai.attributes.AttributeModifier$$Lambda$2490/0x0000000100999940 (minecraft@1.20.1)
 727:            47           1880  net.minecraft.world.level.block.state.properties.BooleanProperty (minecraft@1.20.1)
 728:            13           1872  [Ljava.lang.invoke.MemberName; (java.base@17.0.15)
 729:            78           1872  com.mojang.serialization.codecs.EitherCodec (datafixerupper@6.0.8)
 730:            77           1848  net.minecraft.client.OptionInstance$$Lambda$4376/0x0000000100bf2880 (minecraft@1.20.1)
 731:            33           1848  net.minecraft.network.chat.Style (minecraft@1.20.1)
 732:           115           1840  java.lang.Float (java.base@17.0.15)
 733:            76           1824  javax.management.ObjectName$Property (java.management@17.0.15)
 734:            57           1824  net.minecraft.client.renderer.RenderStateShard$ShaderStateShard (minecraft@1.20.1)
 735:           114           1824  net.minecraft.util.datafix.schemas.V1904$$Lambda$2081/0x00000001008668c8 (minecraft@1.20.1)
 736:            38           1824  sun.nio.cs.UTF_8$Encoder (java.base@17.0.15)
 737:            28           1792  it.unimi.dsi.fastutil.objects.ObjectLinkedOpenCustomHashSet (it.unimi.dsi.fastutil@8.5.9)
 738:           112           1792  net.minecraft.util.datafix.schemas.V1906$$Lambda$2084/0x00000001008671e8 (minecraft@1.20.1)
 739:           112           1792  net.minecraft.util.datafix.schemas.V705$$Lambda$1911/0x000000010083fae8 (minecraft@1.20.1)
 740:           111           1776  net.minecraft.world.level.block.state.properties.Property$$Lambda$1429/0x0000000100668b78 (minecraft@1.20.1)
 741:           111           1776  net.minecraft.world.level.block.state.properties.Property$$Lambda$1430/0x0000000100668dc0 (minecraft@1.20.1)
 742:           111           1776  net.minecraft.world.level.block.state.properties.Property$$Lambda$1431/0x0000000100669218 (minecraft@1.20.1)
 743:            17           1768  net.minecraft.world.level.block.entity.ShulkerBoxBlockEntity (minecraft@1.20.1)
 744:            55           1760  javax.management.MBeanParameterInfo (java.management@17.0.15)
 745:           110           1760  net.minecraft.client.renderer.RenderType$CompositeRenderType$$Lambda$4859/0x0000000100d1eae8 (minecraft@1.20.1)
 746:           110           1760  net.minecraft.client.renderer.RenderType$CompositeRenderType$$Lambda$4860/0x0000000100d1ed10 (minecraft@1.20.1)
 747:            73           1752  [Ljava.nio.file.Path; (java.base@17.0.15)
 748:            73           1752  com.google.gson.reflect.TypeToken (com.google.gson@2.10)
 749:            73           1752  cpw.mods.bootstraplauncher.BootstrapLauncher$PackageTracker (cpw.mods.bootstraplauncher@1.1.2)
 750:            43           1720  sun.security.ec.ECPublicKeyImpl (jdk.crypto.ec@17.0.15)
 751:            43           1720  sun.security.x509.AuthorityKeyIdentifierExtension (java.base@17.0.15)
 752:            71           1704  jdk.dynalink.NamedOperation (jdk.dynalink@17.0.15)
 753:            53           1696  java.security.spec.EllipticCurve (java.base@17.0.15)
 754:           106           1696  net.minecraft.util.datafix.schemas.V1920$$Lambda$2087/0x0000000100867dd0 (minecraft@1.20.1)
 755:            53           1696  sun.security.x509.URIName (java.base@17.0.15)
 756:            70           1680  it.unimi.dsi.fastutil.ints.IntArrayList (it.unimi.dsi.fastutil@8.5.9)
 757:            21           1680  net.minecraft.world.item.ArmorItem (minecraft@1.20.1)
 758:            52           1664  jdk.internal.loader.NativeLibraries (java.base@17.0.15)
 759:            52           1664  net.minecraft.client.renderer.texture.SpriteContents$AnimatedTexture (minecraft@1.20.1)
 760:            52           1664  net.minecraft.client.renderer.texture.SpriteContents$Ticker (minecraft@1.20.1)
 761:           104           1664  net.minecraft.util.datafix.schemas.V1928$$Lambda$2089/0x00000001008684d0 (minecraft@1.20.1)
 762:            46           1648  [Ljava.lang.invoke.LambdaFormEditor$Transform; (java.base@17.0.15)
 763:           103           1648  net.minecraft.util.datafix.schemas.V1929$$Lambda$2091/0x0000000100868bc8 (minecraft@1.20.1)
 764:           103           1648  net.minecraft.util.datafix.schemas.V1929$$Lambda$2092/0x0000000100868e10 (minecraft@1.20.1)
 765:            68           1632  com.mojang.serialization.MapCodec$6 (datafixerupper@6.0.8)
 766:            68           1632  java.util.Collections$SynchronizedRandomAccessList (java.base@17.0.15)
 767:           102           1632  net.minecraft.util.datafix.schemas.V1931$$Lambda$2094/0x0000000100869528 (minecraft@1.20.1)
 768:            68           1632  sun.reflect.generics.factory.CoreReflectionFactory (java.base@17.0.15)
 769:            67           1608  net.minecraft.client.renderer.block.model.multipart.MultiPart (minecraft@1.20.1)
 770:            67           1608  org.antlr.v4.runtime.atn.AtomTransition (org.antlr.antlr4.runtime@4.9.1)
 771:            40           1600  javax.management.MBeanOperationInfo (java.management@17.0.15)
 772:            50           1600  jdk.internal.reflect.UnsafeStaticObjectFieldAccessorImpl (java.base@17.0.15)
 773:            18           1584  com.google.gson.Gson (com.google.gson@2.10)
 774:            66           1584  java.lang.RuntimePermission (java.base@17.0.15)
 775:            33           1584  java.time.temporal.ValueRange (java.base@17.0.15)
 776:            99           1584  java.util.WeakHashMap$KeySet (java.base@17.0.15)
 777:            66           1584  net.minecraft.core.registries.BuiltInRegistries$$Lambda$1324/0x00000001005cfb80 (minecraft@1.20.1)
 778:            98           1568  net.minecraft.core.MappedRegistry$1 (minecraft@1.20.1)
 779:            49           1568  org.openjdk.nashorn.internal.codegen.CompilerConstants$2 (org.openjdk.nashorn)
 780:            65           1560  com.mojang.serialization.codecs.RecordCodecBuilder$Instance$$Lambda$1194/0x0000000100596320 (datafixerupper@6.0.8)
 781:            65           1560  java.util.regex.Pattern$BmpCharPredicate$$Lambda$40/0x00000001000bdc50 (java.base@17.0.15)
 782:            39           1560  joptsimple.RequiredArgumentOptionSpec (jopt.simple@5.0.4)
 783:            65           1560  net.minecraft.util.ExtraCodecs$$Lambda$1122/0x000000010057e610 (minecraft@1.20.1)
 784:            65           1560  net.minecraft.util.ExtraCodecs$2 (minecraft@1.20.1)
 785:            97           1552  net.minecraft.world.entity.ai.memory.MemoryModuleType (minecraft@1.20.1)
 786:            64           1536  com.mojang.datafixers.types.templates.Hook (datafixerupper@6.0.8)
 787:            32           1536  net.minecraft.client.KeyMapping (minecraft@1.20.1)
 788:            96           1536  net.minecraft.client.renderer.block.model.multipart.AndCondition (minecraft@1.20.1)
 789:            96           1536  net.minecraft.util.datafix.schemas.V1460$$Lambda$2050/0x0000000100860000 (minecraft@1.20.1)
 790:            96           1536  net.minecraft.util.datafix.schemas.V1466$$Lambda$2060/0x0000000100861818 (minecraft@1.20.1)
 791:            96           1536  net.minecraft.util.datafix.schemas.V99$$Lambda$1817/0x000000010081f448 (minecraft@1.20.1)
 792:            16           1536  net.minecraft.world.level.block.StainedGlassPaneBlock (minecraft@1.20.1)
 793:            64           1536  sun.reflect.generics.reflectiveObjects.ParameterizedTypeImpl (java.base@17.0.15)
 794:            47           1504  java.util.RegularEnumSet (java.base@17.0.15)
 795:            94           1504  net.minecraft.util.datafix.schemas.V2100$$Lambda$2098/0x000000010086a098 (minecraft@1.20.1)
 796:            62           1488  com.google.gson.reflect.TypeToken
 797:            62           1488  jdk.internal.module.SystemModuleFinders$SystemModuleReader (java.base@17.0.15)
 798:            62           1488  net.minecraft.client.renderer.RenderStateShard$TextureStateShard$$Lambda$4800/0x0000000100d10880 (minecraft@1.20.1)
 799:            62           1488  net.minecraft.world.level.material.MapColor (minecraft@1.20.1)
 800:            62           1488  org.lwjgl.system.Configuration (org.lwjgl@3.3.1+7)
 801:            52           1472  [Ljavax.management.MBeanOperationInfo; (java.management@17.0.15)
 802:            23           1472  java.lang.invoke.BoundMethodHandle$Species_LLLLLLLLL (java.base@17.0.15)
 803:            17           1464  [Ljava.lang.Byte; (java.base@17.0.15)
 804:             1           1464  [Ljava.lang.Character$UnicodeBlock; (java.base@17.0.15)
 805:            61           1464  java.lang.invoke.SwitchPoint (java.base@17.0.15)
 806:            61           1464  java.util.Collections$SingletonList (java.base@17.0.15)
 807:            61           1464  org.apache.logging.log4j.core.pattern.AnsiEscape (org.apache.logging.log4j.core@2.19.0)
 808:            61           1456  [Lnet.minecraft.world.item.crafting.Ingredient$Value; (minecraft@1.20.1)
 809:             3           1440  [Lorg.openjdk.nashorn.internal.parser.TokenType; (org.openjdk.nashorn)
 810:            30           1440  net.minecraft.world.level.block.state.properties.IntegerProperty (minecraft@1.20.1)
 811:            60           1440  net.minecraft.world.level.gameevent.GameEvent (minecraft@1.20.1)
 812:            60           1440  net.minecraftforge.registries.ForgeRegistryTagManager (forge@47.4.13)
 813:            45           1440  org.joml.Quaternionf (org.joml@1.10.5)
 814:            30           1440  org.spongepowered.asm.mixin.MixinEnvironment$Option (org.spongepowered.mixin)
 815:            89           1424  java.util.regex.Pattern$BranchConn (java.base@17.0.15)
 816:            59           1416  com.google.gson.internal.bind.TypeAdapters$32 (com.google.gson@2.10)
 817:            44           1408  com.sun.management.internal.DiagnosticCommandImpl$Wrapper (jdk.management@17.0.15)
 818:            44           1408  java.util.ImmutableCollections$MapN (java.base@17.0.15)
 819:            88           1408  net.minecraft.client.particle.ParticleEngine$MutableSpriteSet (minecraft@1.20.1)
 820:            44           1408  net.minecraft.util.datafix.fixes.AddNewChoices (minecraft@1.20.1)
 821:            88           1408  net.minecraft.util.datafix.schemas.V2502$$Lambda$2102/0x000000010086ae88 (minecraft@1.20.1)
 822:            44           1408  org.openjdk.nashorn.internal.codegen.CompilerConstants (org.openjdk.nashorn)
 823:            22           1408  sun.security.ec.SunEC$ProviderServiceA (jdk.crypto.ec@17.0.15)
 824:            22           1408  sun.security.ssl.SignatureScheme (java.base@17.0.15)
 825:            35           1400  org.antlr.v4.runtime.atn.RuleStartState (org.antlr.antlr4.runtime@4.9.1)
 826:            35           1400  org.antlr.v4.runtime.atn.RuleStopState (org.antlr.antlr4.runtime@4.9.1)
 827:            58           1392  jdk.internal.loader.AbstractClassLoaderValue$Sub (java.base@17.0.15)
 828:             1           1376  [Ljdk.internal.math.FDBigInteger; (java.base@17.0.15)
 829:            43           1376  java.time.format.DateTimeFormatterBuilder$NumberPrinterParser (java.base@17.0.15)
 830:            86           1376  net.minecraft.core.particles.SimpleParticleType$$Lambda$1591/0x0000000100756ee0 (minecraft@1.20.1)
 831:            86           1376  net.minecraft.util.datafix.schemas.V2505$$Lambda$2104/0x000000010086b580 (minecraft@1.20.1)
 832:            43           1376  sun.reflect.generics.repository.ClassRepository (java.base@17.0.15)
 833:             1           1368  [Lsun.security.ssl.CipherSuite; (java.base@17.0.15)
 834:            57           1368  java.util.regex.Pattern$CharPropertyGreedy (java.base@17.0.15)
 835:            57           1368  net.minecraft.world.item.alchemy.PotionBrewing$Mix (minecraft@1.20.1)
 836:            34           1360  java.lang.invoke.MethodHandleImpl$IntrinsicMethodHandle (java.base@17.0.15)
 837:            34           1360  jdk.internal.ref.Cleaner (java.base@17.0.15)
 838:            17           1360  net.minecraft.world.item.SmithingTemplateItem (minecraft@1.20.1)
 839:            17           1360  net.minecraft.world.level.block.CandleBlock (minecraft@1.20.1)
 840:            17           1360  net.minecraft.world.level.block.CandleCakeBlock (minecraft@1.20.1)
 841:            17           1360  net.minecraft.world.level.block.ShulkerBoxBlock (minecraft@1.20.1)
 842:            85           1360  sun.nio.fs.UnixFileAttributes$UnixAsBasicFileAttributes (java.base@17.0.15)
 843:            28           1344  com.sun.jna.internal.Cleaner$CleanerRef (com.sun.jna@5.12.1)
 844:            84           1344  net.minecraft.util.datafix.schemas.V2509$$Lambda$2106/0x000000010086bc78 (minecraft@1.20.1)
 845:            24           1344  org.openjdk.nashorn.internal.scripts.JO4 (org.openjdk.nashorn.structures)
 846:            28           1344  sun.nio.cs.StreamEncoder (java.base@17.0.15)
 847:            33           1320  java.lang.invoke.MethodHandleImpl$WrappedMember (java.base@17.0.15)
 848:            55           1320  java.util.regex.Pattern$Start (java.base@17.0.15)
 849:            41           1312  javax.management.ObjectName (java.management@17.0.15)
 850:            82           1312  net.minecraft.world.item.ItemStack$$Lambda$2612/0x00000001009e06b0 (minecraft@1.20.1)
 851:            41           1312  org.openjdk.nashorn.internal.codegen.CompilerConstants$7 (org.openjdk.nashorn)
 852:            81           1296  com.mojang.serialization.codecs.ListCodec (datafixerupper@6.0.8)
 853:            27           1296  java.lang.invoke.BoundMethodHandle$SpeciesData (java.base@17.0.15)
 854:            54           1296  net.minecraft.util.valueproviders.IntProvider$$Lambda$1515/0x0000000100737508 (minecraft@1.20.1)
 855:            23           1288  java.util.logging.Logger (java.logging@17.0.15)
 856:            40           1280  [Ljava.math.BigInteger; (java.base@17.0.15)
 857:            44           1280  [Lnet.minecraft.resources.ResourceLocation; (minecraft@1.20.1)
 858:            16           1280  com.google.common.cache.LocalCache$Segment (com.google.common@31.1-jre)
 859:            40           1280  com.mojang.serialization.codecs.RecordCodecBuilder$Instance$1 (datafixerupper@6.0.8)
 860:            80           1280  java.util.concurrent.atomic.AtomicInteger (java.base@17.0.15)
 861:            80           1280  java.util.regex.Pattern$BitClass (java.base@17.0.15)
 862:            40           1280  net.minecraft.world.food.FoodProperties (minecraft@1.20.1)
 863:            16           1280  net.minecraft.world.level.block.BannerBlock (minecraft@1.20.1)
 864:            16           1280  net.minecraft.world.level.block.BedBlock (minecraft@1.20.1)
 865:            16           1280  net.minecraft.world.level.block.ConcretePowderBlock (minecraft@1.20.1)
 866:            16           1280  net.minecraft.world.level.block.DropExperienceBlock (minecraft@1.20.1)
 867:            16           1280  net.minecraft.world.level.block.GlazedTerracottaBlock (minecraft@1.20.1)
 868:            16           1280  net.minecraft.world.level.block.StainedGlassBlock (minecraft@1.20.1)
 869:            16           1280  net.minecraft.world.level.block.WallBannerBlock (minecraft@1.20.1)
 870:            16           1280  net.minecraft.world.level.block.WoolCarpetBlock (minecraft@1.20.1)
 871:            20           1280  sun.security.ec.SunEC$ProviderService (jdk.crypto.ec@17.0.15)
 872:            53           1272  com.mojang.datafixers.NamedChoiceFinder (datafixerupper@6.0.8)
 873:            79           1264  net.minecraft.util.datafix.schemas.V2519$$Lambda$2108/0x000000010086c370 (minecraft@1.20.1)
 874:            52           1248  net.minecraft.client.renderer.texture.TextureAtlasSprite$1 (minecraft@1.20.1)
 875:            78           1248  net.minecraft.util.datafix.schemas.V2522$$Lambda$2110/0x000000010086ca68 (minecraft@1.20.1)
 876:            31           1240  java.lang.invoke.DirectMethodHandle$Special (java.base@17.0.15)
 877:            77           1232  net.minecraft.client.color.item.ItemColors$$Lambda$4959/0x0000000100d3e560 (minecraft@1.20.1)
 878:            14           1232  net.minecraft.world.item.CreativeModeTab (minecraft@1.20.1)
 879:            22           1232  org.openjdk.nashorn.internal.runtime.UserAccessorProperty (org.openjdk.nashorn)
 880:            51           1224  net.minecraftforge.eventbus.ListenerList (net.minecraftforge.eventbus)
 881:            76           1216  it.unimi.dsi.fastutil.objects.Object2ObjectArrayMap$ValuesCollection (it.unimi.dsi.fastutil@8.5.9)
 882:            76           1216  java.lang.ThreadLocal (java.base@17.0.15)
 883:            19           1216  net.minecraft.world.item.StandingAndWallBlockItem (minecraft@1.20.1)
 884:            30           1200  java.lang.invoke.VarHandleReferences$FieldInstanceReadWrite (java.base@17.0.15)
 885:            30           1200  java.time.temporal.ChronoField (java.base@17.0.15)
 886:            30           1200  net.minecraft.world.level.block.state.properties.EnumProperty (minecraft@1.20.1)
 887:            30           1200  net.minecraft.world.phys.Vec3 (minecraft@1.20.1)
 888:            50           1200  sun.reflect.generics.scope.ClassScope (java.base@17.0.15)
 889:            74           1184  jdk.proxy2.$Proxy2 (jdk.proxy2)
 890:            37           1184  net.minecraft.world.level.material.FluidState (minecraft@1.20.1)
 891:            49           1176  org.apache.logging.log4j.core.pattern.SimpleLiteralPatternConverter$StringValue (org.apache.logging.log4j.core@2.19.0)
 892:            21           1176  org.apache.logging.log4j.core.util.datetime.FixedDateFormat$FixedFormat (org.apache.logging.log4j.core@2.19.0)
 893:            36           1152  com.google.gson.internal.bind.TreeTypeAdapter$SingleTypeFactory (com.google.gson@2.10)
 894:            48           1152  com.mojang.serialization.codecs.KeyDispatchCodec$$Lambda$1479/0x000000010071a3b0 (datafixerupper@6.0.8)
 895:            48           1152  java.security.BasicPermissionCollection (java.base@17.0.15)
 896:            16           1152  net.minecraft.world.item.RecordItem (minecraft@1.20.1)
 897:            12           1152  net.minecraft.world.level.block.FenceBlock (minecraft@1.20.1)
 898:            36           1152  net.minecraftforge.installer.json.Version$LibraryDownload
 899:            36           1152  org.antlr.v4.runtime.atn.SingletonPredictionContext (org.antlr.antlr4.runtime@4.9.1)
 900:            13           1144  net.minecraft.world.level.block.ButtonBlock (minecraft@1.20.1)
 901:            13           1144  net.minecraft.world.level.block.FlowerBlock (minecraft@1.20.1)
 902:            13           1144  net.minecraft.world.level.block.PressurePlateBlock (minecraft@1.20.1)
 903:             2           1136  [Lsun.security.util.KnownOIDs; (java.base@17.0.15)
 904:            47           1128  java.lang.StringBuilder (java.base@17.0.15)
 905:            31           1120  [Ljava.time.format.DateTimeFormatterBuilder$DateTimePrinterParser; (java.base@17.0.15)
 906:            28           1120  org.openjdk.nashorn.internal.runtime.NativeJavaPackage (org.openjdk.nashorn)
 907:            69           1104  java.util.concurrent.locks.ReentrantLock (java.base@17.0.15)
 908:            34           1088  java.nio.DirectByteBuffer$Deallocator (java.base@17.0.15)
 909:            34           1088  org.apache.logging.log4j.core.pattern.DatePatternConverter$PatternFormatter (org.apache.logging.log4j.core@2.19.0)
 910:            68           1088  sun.security.util.ECParameters (java.base@17.0.15)
 911:            44           1080  [Lcom.sun.management.internal.DiagnosticCommandArgumentInfo; (jdk.management@17.0.15)
 912:            27           1080  [Ljava.lang.invoke.BoundMethodHandle$SpeciesData; (java.base@17.0.15)
 913:            27           1080  com.mojang.math.Transformation (minecraft@1.20.1)
 914:            27           1080  java.io.BufferedWriter (java.base@17.0.15)
 915:            45           1080  jdk.dynalink.beans.OverloadedDynamicMethod (jdk.dynalink@17.0.15)
 916:            45           1080  net.minecraftforge.accesstransformer.ClassTarget (accesstransformers@8.0.4)
 917:            15           1080  sun.security.ssl.SSLCipher (java.base@17.0.15)
 918:            44           1072  [Ljavax.management.MBeanParameterInfo; (java.management@17.0.15)
 919:            19           1064  net.minecraft.world.item.DoubleHighBlockItem (minecraft@1.20.1)
 920:             2           1056  [Ljava.lang.Integer; (java.base@17.0.15)
 921:             2           1056  [Ljava.lang.Long; (java.base@17.0.15)
 922:             2           1056  [Ljava.lang.Short; (java.base@17.0.15)
 923:            44           1056  java.lang.NamedPackage (java.base@17.0.15)
 924:            44           1056  net.minecraft.util.datafix.fixes.AddNewChoices$$Lambda$2240/0x00000001008929a8 (minecraft@1.20.1)
 925:            66           1056  net.minecraft.util.datafix.schemas.V3078$$Lambda$2159/0x0000000100871700 (minecraft@1.20.1)
 926:            44           1056  org.openjdk.nashorn.internal.runtime.Context$BuiltinSwitchPoint (org.openjdk.nashorn)
 927:            66           1056  sun.security.x509.GeneralName (java.base@17.0.15)
 928:            35           1048  [Ljava.security.ProtectionDomain; (java.base@17.0.15)
 929:            61           1048  [Lsun.reflect.generics.tree.FormalTypeParameter; (java.base@17.0.15)
 930:            13           1040  com.sun.jna.Structure$FFIType (com.sun.jna@5.12.1)
 931:            65           1040  net.minecraft.util.ExtraCodecs$$Lambda$1121/0x000000010057e3c8 (minecraft@1.20.1)
 932:            65           1040  net.minecraft.util.datafix.schemas.V2568$$Lambda$2127/0x000000010086f8d0 (minecraft@1.20.1)
 933:             1           1040  org.lwjgl.openal.ALCapabilities (org.lwjgl.openal@3.3.1+7)
 934:            43           1032  com.sun.jmx.mbeanserver.PerInterface$MethodAndSig (java.management@17.0.15)
 935:            43           1032  java.util.regex.Pattern$$Lambda$291/0x0000000100260b50 (java.base@17.0.15)
 936:            43           1032  net.minecraft.client.sounds.SoundManager$Preparations$1 (minecraft@1.20.1)
 937:            43           1032  net.minecraft.world.item.alchemy.Potion (minecraft@1.20.1)
 938:            43           1032  net.minecraft.world.scores.criteria.ObjectiveCriteria (minecraft@1.20.1)
 939:            43           1032  net.minecraftforge.accesstransformer.InnerClassTarget (accesstransformers@8.0.4)
 940:            43           1032  sun.reflect.generics.tree.ClassSignature (java.base@17.0.15)
 941:            32           1024  java.lang.invoke.BoundMethodHandle$Species_I (java.base@17.0.15)
 942:            32           1024  joptsimple.OptionSpecBuilder (jopt.simple@5.0.4)
 943:            16           1024  net.minecraft.world.item.BannerItem (minecraft@1.20.1)
 944:            64           1024  net.minecraft.world.level.block.state.BlockBehaviour$Properties$$Lambda$1659/0x000000010077f3c8 (minecraft@1.20.1)
 945:            21           1008  com.google.gson.internal.bind.TreeTypeAdapter (com.google.gson@2.10)
 946:             3           1008  java.util.concurrent.ForkJoinPool (java.base@17.0.15)
 947:            42           1008  java.util.concurrent.atomic.AtomicLong (java.base@17.0.15)
 948:            42           1008  java.util.concurrent.locks.AbstractQueuedSynchronizer$ConditionObject (java.base@17.0.15)
 949:            18           1008  net.minecraft.world.item.BoatItem (minecraft@1.20.1)
 950:            26           1000  [Lnet.minecraft.client.model.geom.ModelPart; (minecraft@1.20.1)
 951:            25           1000  net.minecraft.world.effect.MobEffect (minecraft@1.20.1)
 952:            31            992  cpw.mods.modlauncher.api.ITransformer$Target (cpw.mods.modlauncher@10.0.9)
 953:            31            992  java.lang.invoke.VarHandle$AccessMode (java.base@17.0.15)
 954:            62            992  java.security.AllPermissionCollection (java.base@17.0.15)
 955:            31            992  net.minecraft.client.telemetry.TelemetryProperty (minecraft@1.20.1)
 956:            41            984  net.minecraft.world.level.block.entity.BlockEntityType (minecraft@1.20.1)
 957:            41            984  org.openjdk.nashorn.internal.parser.Parser$ParserState (org.openjdk.nashorn)
 958:            61            976  net.minecraft.util.datafix.schemas.V2684$$Lambda$2131/0x0000000100874c28 (minecraft@1.20.1)
 959:            61            976  net.minecraft.world.level.levelgen.feature.Feature$$Lambda$3107/0x0000000100a8a850 (minecraft@1.20.1)
 960:            42            968  [Lsun.security.ssl.ProtocolVersion; (java.base@17.0.15)
 961:            11            968  net.minecraft.world.level.block.FenceGateBlock (minecraft@1.20.1)
 962:            43            960  [Lsun.reflect.generics.tree.ClassTypeSignature; (java.base@17.0.15)
 963:            20            960  com.google.gson.internal.LinkedTreeMap$Node
 964:            40            960  com.mojang.serialization.codecs.RecordCodecBuilder$Instance$$Lambda$1520/0x000000010072dcc8 (datafixerupper@6.0.8)
 965:            40            960  com.mojang.serialization.codecs.RecordCodecBuilder$Instance$$Lambda$1521/0x000000010072df10 (datafixerupper@6.0.8)
 966:            24            960  com.sun.jmx.mbeanserver.MXBeanSupport (java.management@17.0.15)
 967:            24            960  java.io.PrintWriter (java.base@17.0.15)
 968:            24            960  java.util.logging.Logger$ConfigurationData (java.logging@17.0.15)
 969:            40            960  net.minecraft.util.datafix.fixes.NamedEntityFix$$Lambda$2215/0x000000010087df48 (minecraft@1.20.1)
 970:            60            960  net.minecraft.util.datafix.schemas.V2686$$Lambda$2134/0x0000000100875540 (minecraft@1.20.1)
 971:            40            960  net.minecraft.world.entity.schedule.Keyframe (minecraft@1.20.1)
 972:            60            960  net.minecraft.world.item.crafting.Ingredient$ItemValue (minecraft@1.20.1)
 973:            12            960  net.minecraft.world.level.block.DoorBlock (minecraft@1.20.1)
 974:            12            960  net.minecraft.world.level.block.TrapDoorBlock (minecraft@1.20.1)
 975:            60            960  net.minecraftforge.registries.ForgeRegistry$RegistryCodec (forge@47.4.13)
 976:            24            960  org.antlr.v4.runtime.atn.ATNConfigSet (org.antlr.antlr4.runtime@4.9.1)
 977:            24            960  org.antlr.v4.runtime.atn.BlockEndState (org.antlr.antlr4.runtime@4.9.1)
 978:            24            960  org.openjdk.nashorn.internal.ir.ObjectNode (org.openjdk.nashorn)
 979:            30            960  org.openjdk.nashorn.internal.runtime.GlobalConstants$Access (org.openjdk.nashorn)
 980:            59            944  net.minecraft.util.datafix.schemas.V2688$$Lambda$2136/0x0000000100875c38 (minecraft@1.20.1)
 981:            59            944  net.minecraft.util.datafix.schemas.V2688$$Lambda$2137/0x0000000100875e60 (minecraft@1.20.1)
 982:            39            936  java.lang.management.ManagementPermission (java.management@17.0.15)
 983:            39            936  net.minecraft.client.renderer.block.model.ItemOverrides (minecraft@1.20.1)
 984:            39            936  net.minecraft.commands.synchronization.SingletonArgumentInfo$Template (minecraft@1.20.1)
 985:            29            928  java.util.regex.Pattern$Curly (java.base@17.0.15)
 986:            58            928  net.minecraft.world.level.block.state.BlockBehaviour$Properties$$Lambda$1627/0x000000010075d8e0 (minecraft@1.20.1)
 987:            29            928  org.openjdk.nashorn.internal.runtime.AllocationStrategy (org.openjdk.nashorn)
 988:            29            928  sun.security.x509.DistributionPoint (java.base@17.0.15)
 989:            19            912  javax.management.openmbean.ArrayType (java.management@17.0.15)
 990:            19            912  jdk.dynalink.beans.BeanLinker (jdk.dynalink@17.0.15)
 991:            56            896  net.minecraft.client.renderer.RenderStateShard$ShaderStateShard$$Lambda$4744/0x0000000100d082c8 (minecraft@1.20.1)
 992:            16            896  net.minecraft.world.item.BedItem (minecraft@1.20.1)
 993:            16            896  net.minecraft.world.item.DyeItem (minecraft@1.20.1)
 994:            28            896  org.antlr.v4.runtime.dfa.DFA (org.antlr.antlr4.runtime@4.9.1)
 995:            28            896  org.apache.commons.lang3.text.translate.LookupTranslator (org.apache.commons.lang3@3.12.0)
 996:            37            888  com.sun.jmx.mbeanserver.NamedObject (java.management@17.0.15)
 997:            22            880  java.util.Collections$SingletonMap (java.base@17.0.15)
 998:            22            880  net.minecraft.ChatFormatting (minecraft@1.20.1)
 999:            10            880  net.minecraft.client.model.HumanoidArmorModel (minecraft@1.20.1)
1000:            10            880  net.minecraft.client.model.SkeletonModel (minecraft@1.20.1)
1001:            11            880  net.minecraft.world.level.block.CeilingHangingSignBlock (minecraft@1.20.1)
1002:            11            880  net.minecraft.world.level.block.StandingSignBlock (minecraft@1.20.1)
1003:            11            880  net.minecraft.world.level.block.WallHangingSignBlock (minecraft@1.20.1)
1004:            11            880  net.minecraft.world.level.block.WallSignBlock (minecraft@1.20.1)
1005:            22            880  org.openjdk.nashorn.internal.codegen.types.ObjectType (org.openjdk.nashorn)
1006:            55            880  sun.security.x509.DNSName (java.base@17.0.15)
1007:            27            872  [Ljava.io.ObjectStreamField; (java.base@17.0.15)
1008:            36            864  com.mojang.serialization.Codec$4 (datafixerupper@6.0.8)
1009:            27            864  java.util.UUID (java.base@17.0.15)
1010:            36            864  net.minecraft.client.gui.font.FontSet$GlyphInfoFilter (minecraft@1.20.1)
1011:            36            864  net.minecraft.util.ExtraCodecs$3 (minecraft@1.20.1)
1012:            27            864  net.minecraftforge.client.ForgeRenderTypes$CustomizableTextureState (forge@47.4.13)
1013:            27            864  net.minecraftforge.client.ForgeRenderTypes$CustomizableTextureState$$Lambda$4918/0x0000000100d28460 (forge@47.4.13)
1014:            36            864  net.minecraftforge.installer.json.Version$Downloads
1015:            36            864  net.minecraftforge.installer.json.Version$Library
1016:            36            864  org.apache.logging.log4j.MarkerManager$Log4jMarker (org.apache.logging.log4j@2.19.0)
1017:            27            864  sun.reflect.annotation.AnnotationType (java.base@17.0.15)
1018:            53            848  net.minecraft.world.level.block.StairBlock$$Lambda$1635/0x0000000100764f40 (minecraft@1.20.1)
1019:            15            840  net.minecraft.world.level.block.state.properties.BlockSetType (minecraft@1.20.1)
1020:            21            840  sun.security.ssl.SSLHandshake (java.base@17.0.15)
1021:            32            832  [Lnet.minecraft.world.entity.EquipmentSlot; (minecraft@1.20.1)
1022:            52            832  com.mojang.serialization.Codec$$Lambda$1104/0x00000001005786d8 (datafixerupper@6.0.8)
1023:            52            832  com.mojang.serialization.Codec$$Lambda$1105/0x0000000100578920 (datafixerupper@6.0.8)
1024:            26            832  net.minecraftforge.client.gui.overlay.VanillaGuiOverlay (forge@47.4.13)
1025:            13            832  org.jcp.xml.dsig.internal.dom.XMLDSigRI$ProviderService (java.xml.crypto@17.0.15)
1026:             2            816  [Ljava.time.LocalDateTime; (java.base@17.0.15)
1027:            51            816  jdk.proxy2.$Proxy3 (jdk.proxy2)
1028:            34            816  net.minecraft.core.BlockPos (minecraft@1.20.1)
1029:            51            816  net.minecraft.util.datafix.schemas.V2704$$Lambda$2139/0x0000000100876578 (minecraft@1.20.1)
1030:            17            816  org.openjdk.nashorn.internal.ir.BinaryNode (org.openjdk.nashorn)
1031:            21            800  [Lnet.minecraft.core.Direction; (minecraft@1.20.1)
1032:            25            800  com.sun.jmx.mbeanserver.WeakIdentityHashMap$IdentityWeakReference (java.management@17.0.15)
1033:            20            800  java.time.format.DateTimeFormatter (java.base@17.0.15)
1034:            25            800  net.minecraft.util.datafix.fixes.ItemRenameFix$1 (minecraft@1.20.1)
1035:            20            800  org.openjdk.nashorn.internal.ir.JoinPredecessorExpression (org.openjdk.nashorn)
1036:            20            800  org.openjdk.nashorn.internal.ir.ReturnNode (org.openjdk.nashorn)
1037:            33            792  java.util.regex.Pattern$CharProperty (java.base@17.0.15)
1038:            33            792  net.minecraft.Util$10 (minecraft@1.20.1)
1039:            33            792  net.minecraft.core.Vec3i (minecraft@1.20.1)
1040:            14            784  javax.management.openmbean.OpenMBeanParameterInfoSupport (java.management@17.0.15)
1041:            14            784  net.minecraft.world.item.ItemNameBlockItem (minecraft@1.20.1)
1042:            32            768  com.sun.jmx.mbeanserver.DefaultMXBeanMappingFactory$IdentityMapping (java.management@17.0.15)
1043:            16            768  net.minecraft.client.gui.font.glyphs.BakedGlyph (minecraft@1.20.1)
1044:            16            768  net.minecraft.world.item.DyeColor (minecraft@1.20.1)
1045:            24            768  org.antlr.v4.runtime.atn.RuleTransition (org.antlr.antlr4.runtime@4.9.1)
1046:            16            768  org.openjdk.nashorn.internal.ir.VarNode (org.openjdk.nashorn)
1047:            24            768  sun.security.x509.OIDMap$OIDInfo (java.base@17.0.15)
1048:            19            760  net.minecraft.client.renderer.entity.layers.CustomHeadLayer (minecraft@1.20.1)
1049:             2            752  jdk.internal.misc.InnocuousThread (java.base@17.0.15)
1050:            47            752  net.minecraft.util.KeyDispatchDataCodec (minecraft@1.20.1)
1051:            47            752  net.minecraft.util.datafix.schemas.V99$$Lambda$1841/0x0000000100822740 (minecraft@1.20.1)
1052:            47            752  net.minecraft.util.datafix.schemas.V99$$Lambda$1848/0x0000000100823628 (minecraft@1.20.1)
1053:            31            744  cpw.mods.jarhandling.SecureJar$Provider (cpw.mods.securejarhandler)
1054:            31            744  cpw.mods.modlauncher.TransformerHolder (cpw.mods.modlauncher@10.0.9)
1055:            31            744  java.security.Provider$EngineDescription (java.base@17.0.15)
1056:            31            744  java.time.format.DateTimeFormatterBuilder$CompositePrinterParser (java.base@17.0.15)
1057:            46            736  net.minecraft.util.datafix.schemas.V100$$Lambda$1867/0x000000010082eba8 (minecraft@1.20.1)
1058:            46            736  net.minecraft.util.datafix.schemas.V2831$$Lambda$2142/0x0000000100877140 (minecraft@1.20.1)
1059:            23            736  net.minecraft.world.level.block.state.properties.NoteBlockInstrument (minecraft@1.20.1)
1060:            23            736  sun.security.x509.CRLDistributionPointsExtension (java.base@17.0.15)
1061:            13            728  java.util.Properties (java.base@17.0.15)
1062:            13            728  javax.management.openmbean.CompositeType (java.management@17.0.15)
1063:            13            728  net.minecraft.client.model.ElytraModel (minecraft@1.20.1)
1064:            18            720  com.sun.jmx.mbeanserver.PerInterface (java.management@17.0.15)
1065:            30            720  java.lang.ClassValue$Version (java.base@17.0.15)
1066:             5            720  java.text.DecimalFormat (java.base@17.0.15)
1067:            15            720  java.util.Currency$SpecialCaseEntry (java.base@17.0.15)
1068:            10            720  java.util.concurrent.ThreadPoolExecutor (java.base@17.0.15)
1069:            45            720  net.minecraft.util.datafix.schemas.V2832$$Lambda$2146/0x0000000100877c80 (minecraft@1.20.1)
1070:            30            720  net.minecraft.world.entity.decoration.PaintingVariant (minecraft@1.20.1)
1071:            18            720  org.openjdk.nashorn.internal.codegen.CompileUnit (org.openjdk.nashorn)
1072:            18            720  org.openjdk.nashorn.internal.ir.RuntimeNode$Request (org.openjdk.nashorn)
1073:            18            720  sun.reflect.generics.repository.MethodRepository (java.base@17.0.15)
1074:            17            712  [Ljava.lang.invoke.MethodType; (java.base@17.0.15)
1075:            22            704  cpw.mods.modlauncher.api.TypesafeMap$Key (cpw.mods.modlauncher@10.0.9)
1076:            22            704  java.time.zone.ZoneOffsetTransition (java.base@17.0.15)
1077:            22            704  java.util.ImmutableCollections$Map1 (java.base@17.0.15)
1078:            44            704  net.minecraft.network.chat.contents.LiteralContents (minecraft@1.20.1)
1079:            11            704  net.minecraft.world.item.HangingSignItem (minecraft@1.20.1)
1080:            11            704  net.minecraft.world.item.SignItem (minecraft@1.20.1)
1081:            29            696  net.minecraft.util.StringRepresentable$EnumCodec (minecraft@1.20.1)
1082:            43            688  com.google.gson.TypeAdapter$1 (com.google.gson@2.10)
1083:            17            680  net.minecraft.resources.HolderSetCodec (minecraft@1.20.1)
1084:            17            680  net.minecraftforge.fml.ModLoadingState (fmlcore@1.20.1-47.4.13)
1085:            28            672  java.io.OutputStreamWriter (java.base@17.0.15)
1086:            42            672  java.util.LinkedHashSet (java.base@17.0.15)
1087:            21            672  net.minecraft.client.model.PiglinHeadModel (minecraft@1.20.1)
1088:            12            672  net.minecraft.client.renderer.texture.TextureAtlas (minecraft@1.20.1)
1089:            28            672  net.minecraft.core.NonNullList (minecraft@1.20.1)
1090:            28            672  net.minecraft.util.StringRepresentable$$Lambda$1044/0x0000000100566000 (minecraft@1.20.1)
1091:            42            672  net.minecraft.util.datafix.schemas.V106$$Lambda$1875/0x00000001008384d0 (minecraft@1.20.1)
1092:            28            672  org.openjdk.nashorn.internal.runtime.UserAccessorProperty$Accessors (org.openjdk.nashorn)
1093:            12            672  sun.util.calendar.ZoneInfo (java.base@17.0.15)
1094:            41            656  net.minecraft.util.datafix.DataFixers$$Lambda$2066/0x0000000100862d30 (minecraft@1.20.1)
1095:            41            656  net.minecraft.util.datafix.schemas.V2842$$Lambda$2155/0x00000001008735e0 (minecraft@1.20.1)
1096:            41            656  net.minecraft.world.level.block.entity.BannerPattern (minecraft@1.20.1)
1097:            27            648  java.util.regex.Pattern$Ques (java.base@17.0.15)
1098:            33            640  [Lsun.reflect.generics.tree.FieldTypeSignature; (java.base@17.0.15)
1099:            20            640  java.util.Collections$UnmodifiableMap (java.base@17.0.15)
1100:            40            640  jdk.proxy2.$Proxy14 (jdk.proxy2)
1101:             8            640  net.minecraft.world.level.block.LeavesBlock (minecraft@1.20.1)
1102:             8            640  net.minecraft.world.level.block.WeatheringCopperFullBlock (minecraft@1.20.1)
1103:            16            640  net.minecraftforge.common.ForgeConfigSpec$ValueSpec (forge@47.4.13)
1104:            20            640  net.minecraftforge.common.util.LazyOptional (forge@47.4.13)
1105:            40            640  sun.security.x509.GeneralNames (java.base@17.0.15)
1106:             3            624  [Ljava.lang.invoke.LambdaForm; (java.base@17.0.15)
1107:            13            624  com.llamalad7.mixinextras.lib.semver.Version (MixinExtras@0.5.3)
1108:            26            624  cpw.mods.modlauncher.ModuleLayerHandler$PathOrJar (cpw.mods.modlauncher@10.0.9)
1109:            26            624  java.security.spec.ECFieldF2m (java.base@17.0.15)
1110:            26            624  java.time.LocalTime (java.base@17.0.15)
1111:            26            624  java.util.regex.Pattern$SliceU (java.base@17.0.15)
1112:            39            624  net.minecraft.commands.synchronization.SingletonArgumentInfo (minecraft@1.20.1)
1113:            13            624  net.minecraft.world.entity.ai.attributes.RangedAttribute (minecraft@1.20.1)
1114:            26            624  net.minecraft.world.entity.schedule.Activity (minecraft@1.20.1)
1115:            26            624  net.minecraftforge.client.gui.overlay.NamedGuiOverlay (forge@47.4.13)
1116:            13            624  org.antlr.v4.runtime.atn.BasicBlockStartState (org.antlr.antlr4.runtime@4.9.1)
1117:            26            624  sun.security.util.LazyCodeSourcePermissionCollection (java.base@17.0.15)
1118:            11            616  org.objectweb.asm.Label (org.objectweb.asm@9.8)
1119:            38            608  java.lang.constant.ReferenceClassDescImpl (java.base@17.0.15)
1120:            38            608  net.minecraft.util.datafix.schemas.V99$$Lambda$1831/0x00000001008211d8 (minecraft@1.20.1)
1121:            15            600  [[I (java.base@17.0.15)
1122:            15            600  com.sun.jna.Function (com.sun.jna@5.12.1)
1123:            25            600  com.sun.jna.Memory$MemoryDisposer (com.sun.jna@5.12.1)
1124:            15            600  java.util.regex.Pattern$Loop (java.base@17.0.15)
1125:            15            600  net.minecraft.world.entity.npc.VillagerProfession (minecraft@1.20.1)
1126:            15            600  org.openjdk.nashorn.internal.ir.ExpressionStatement (org.openjdk.nashorn)
1127:            18            576  com.google.gson.internal.bind.ReflectiveTypeAdapterFactory (com.google.gson@2.10)
1128:            24            576  jdk.internal.util.jar.JarIndex (java.base@17.0.15)
1129:            24            576  net.minecraft.client.renderer.FaceInfo$VertexInfo (minecraft@1.20.1)
1130:            36            576  net.minecraft.core.Registry$$Lambda$1468/0x0000000100716b40 (minecraft@1.20.1)
1131:            36            576  net.minecraft.core.Registry$$Lambda$1469/0x0000000100716d88 (minecraft@1.20.1)
1132:            36            576  net.minecraft.core.Registry$$Lambda$1470/0x0000000100716fd0 (minecraft@1.20.1)
1133:            36            576  net.minecraft.core.Registry$$Lambda$1471/0x00000001007171f8 (minecraft@1.20.1)
1134:            36            576  net.minecraft.core.Registry$$Lambda$1472/0x0000000100717420 (minecraft@1.20.1)
1135:            36            576  net.minecraft.core.Registry$$Lambda$1473/0x0000000100717668 (minecraft@1.20.1)
1136:            24            576  net.minecraft.world.inventory.MenuType (minecraft@1.20.1)
1137:            12            576  net.minecraft.world.level.chunk.ChunkStatus (minecraft@1.20.1)
1138:             4            576  org.openjdk.nashorn.internal.objects.NativeArray$Prototype (org.openjdk.nashorn)
1139:             6            576  org.openjdk.nashorn.internal.runtime.ScriptLoader (org.openjdk.nashorn)
1140:            18            576  sun.reflect.generics.tree.MethodTypeSignature (java.base@17.0.15)
1141:            10            560  java.nio.HeapCharBuffer (java.base@17.0.15)
1142:             2            560  java.util.concurrent.ConcurrentHashMap$CounterCell (java.base@17.0.15)
1143:             7            560  java.util.concurrent.TimeUnit (java.base@17.0.15)
1144:            14            560  javax.management.openmbean.SimpleType (java.management@17.0.15)
1145:            35            560  net.minecraft.util.datafix.schemas.V135$$Lambda$1879/0x00000001008392c0 (minecraft@1.20.1)
1146:            35            560  net.minecraft.world.level.block.FlowerPotBlock$$Lambda$1712/0x0000000100791208 (minecraft@1.20.1)
1147:             7            560  net.minecraft.world.level.block.SaplingBlock (minecraft@1.20.1)
1148:            14            560  net.minecraftforge.fml.loading.FMLConfig$ConfigValue (fmlloader@1.20.1-47.4.13)
1149:             2            560  org.lwjgl.openal.ALCCapabilities (org.lwjgl.openal@3.3.1+7)
1150:            14            560  org.lwjgl.system.MemoryStack (org.lwjgl@3.3.1+7)
1151:            10            560  sun.invoke.util.Wrapper (java.base@17.0.15)
1152:            14            560  sun.util.locale.provider.LocaleResources$ResourceReference (java.base@17.0.15)
1153:            23            552  net.minecraft.client.renderer.texture.SpriteContents$InterpolationData (minecraft@1.20.1)
1154:             2            544  [Ljava.lang.Character; (java.base@17.0.15)
1155:            34            544  java.security.SecureClassLoader$CodeSourceKey (java.base@17.0.15)
1156:            34            544  jdk.internal.reflect.BootstrapConstructorAccessorImpl (java.base@17.0.15)
1157:            34            544  net.minecraft.commands.synchronization.SingletonArgumentInfo$$Lambda$2828/0x0000000100a2c200 (minecraft@1.20.1)
1158:            34            544  net.minecraft.world.level.block.FlowerPotBlock$$Lambda$1716/0x0000000100791ad0 (minecraft@1.20.1)
1159:            17            544  org.antlr.v4.runtime.atn.ActionTransition (org.antlr.antlr4.runtime@4.9.1)
1160:             4            544  org.openjdk.nashorn.internal.objects.NativeString$Prototype (org.openjdk.nashorn)
1161:            17            544  sun.security.ssl.CipherSuite$KeyExchange (java.base@17.0.15)
1162:            17            544  sun.security.x509.CertificatePoliciesExtension (java.base@17.0.15)
1163:            24            536  [Ljavax.management.MBeanNotificationInfo; (java.management@17.0.15)
1164:             2            528  [Lorg.apache.logging.log4j.core.pattern.AnsiEscape; (org.apache.logging.log4j.core@2.19.0)
1165:            11            528  com.sun.jmx.mbeanserver.DefaultMXBeanMappingFactory$CompositeMapping (java.management@17.0.15)
1166:            33            528  java.time.format.DateTimeFormatterBuilder$CharLiteralPrinterParser (java.base@17.0.15)
1167:            33            528  java.util.Collections$UnmodifiableSet (java.base@17.0.15)
1168:            22            528  net.minecraft.client.gui.font.CodepointMap (minecraft@1.20.1)
1169:             6            528  net.minecraft.client.model.ZombieModel (minecraft@1.20.1)
1170:            22            528  net.minecraft.client.renderer.blockentity.SignRenderer$SignModel (minecraft@1.20.1)
1171:            33            528  net.minecraft.util.datafix.schemas.V3078$$Lambda$2160/0x0000000100871928 (minecraft@1.20.1)
1172:            22            528  org.antlr.v4.runtime.misc.IntervalSet (org.antlr.antlr4.runtime@4.9.1)
1173:            22            528  org.openjdk.nashorn.internal.codegen.Namespace (org.openjdk.nashorn)
1174:            22            528  sun.security.x509.AccessDescription (java.base@17.0.15)
1175:            13            520  java.lang.ModuleLayer (java.base@17.0.15)
1176:            13            520  java.lang.module.Configuration (java.base@17.0.15)
1177:             5            520  org.apache.logging.log4j.core.impl.MutableLogEvent (org.apache.logging.log4j.core@2.19.0)
1178:             5            512  [Ljava.time.ZoneOffset; (java.base@17.0.15)
1179:             4            512  com.google.common.cache.LocalCache (com.google.common@31.1-jre)
1180:             8            512  com.sun.security.sasl.Provider$ProviderService (java.security.sasl@17.0.15)
1181:            16            512  cpw.mods.modlauncher.api.TypesafeMap$KeyBuilder (cpw.mods.modlauncher@10.0.9)
1182:            16            512  java.security.cert.PolicyQualifierInfo (java.base@17.0.15)
1183:            16            512  java.time.temporal.ChronoUnit (java.base@17.0.15)
1184:            16            512  net.minecraft.client.resources.model.BlockModelRotation (minecraft@1.20.1)
1185:            32            512  net.minecraft.util.datafix.schemas.V3081$$Lambda$2162/0x0000000100870a30 (minecraft@1.20.1)
1186:            16            512  net.minecraftforge.common.ForgeConfigSpec$ConfigValue (forge@47.4.13)
1187:             4            512  org.openjdk.nashorn.internal.runtime.ScriptEnvironment (org.openjdk.nashorn)
1188:            21            504  java.time.Duration (java.base@17.0.15)
1189:             9            504  java.util.ServiceLoader (java.base@17.0.15)
1190:            21            504  java.util.concurrent.ConcurrentLinkedQueue$Node (java.base@17.0.15)
1191:            21            504  java.util.regex.Pattern$StartS (java.base@17.0.15)
1192:            21            504  net.minecraft.client.model.dragon.DragonHeadModel (minecraft@1.20.1)
1193:            21            504  net.minecraft.commands.arguments.selector.options.EntitySelectorOptions$Option (minecraft@1.20.1)
1194:            21            504  net.minecraft.network.syncher.EntityDataSerializer$1 (minecraft@1.20.1)
1195:            21            504  net.minecraft.util.ExtraCodecs$EitherCodec (minecraft@1.20.1)
1196:            21            504  org.apache.logging.log4j.core.util.datetime.FastDateParser$StrategyAndWidth (org.apache.logging.log4j.core@2.19.0)
1197:            21            504  org.lwjgl.system.libffi.FFIType (org.lwjgl@3.3.1+7)
1198:             7            504  org.openjdk.nashorn.internal.ir.ForNode (org.openjdk.nashorn)
1199:            21            504  sun.security.x509.AVAKeyword (java.base@17.0.15)
1200:             7            496  [Lsun.invoke.util.Wrapper; (java.base@17.0.15)
1201:            31            496  net.minecraft.util.datafix.schemas.V3082$$Lambda$2164/0x0000000100878000 (minecraft@1.20.1)
1202:            31            496  net.minecraft.util.datafix.schemas.V99$$Lambda$1821/0x000000010081fd28 (minecraft@1.20.1)
1203:            19            488  [Lsun.security.ssl.NamedGroup$NamedGroupSpec; (java.base@17.0.15)
1204:            24            480  [Ljavax.management.MBeanConstructorInfo; (java.management@17.0.15)
1205:            12            480  com.sun.jna.Library$Handler$FunctionInfo (com.sun.jna@5.12.1)
1206:            30            480  java.lang.ClassValue$Identity (java.base@17.0.15)
1207:            12            480  java.lang.OutOfMemoryError (java.base@17.0.15)
1208:            20            480  java.util.regex.Pattern$Dollar (java.base@17.0.15)
1209:            20            480  java.util.regex.Pattern$SliceI (java.base@17.0.15)
1210:            12            480  jdk.internal.loader.NativeLibraries$NativeLibraryImpl (java.base@17.0.15)
1211:            20            480  net.minecraft.resources.RegistryFileCodec (minecraft@1.20.1)
1212:            30            480  net.minecraft.util.datafix.schemas.V3083$$Lambda$2166/0x0000000100878718 (minecraft@1.20.1)
1213:            20            480  net.minecraft.world.entity.ai.village.poi.PoiType (minecraft@1.20.1)
1214:             6            480  net.minecraft.world.level.block.InfestedBlock (minecraft@1.20.1)
1215:            20            480  net.minecraft.world.phys.shapes.NonOverlappingMerger (minecraft@1.20.1)
1216:            15            480  org.apache.logging.log4j.core.filter.MarkerFilter (org.apache.logging.log4j.core@2.19.0)
1217:             4            480  org.openjdk.nashorn.internal.objects.NativeObject$Constructor (org.openjdk.nashorn)
1218:            20            480  org.openjdk.nashorn.internal.runtime.ScriptFunctionData$GenericInvokers (org.openjdk.nashorn)
1219:            20            480  org.spongepowered.asm.launch.platform.MixinContainer (org.spongepowered.mixin)
1220:            20            480  org.spongepowered.asm.launch.platform.MixinPlatformAgentDefault (org.spongepowered.mixin)
1221:            20            480  sun.security.x509.Extension (java.base@17.0.15)
1222:             1            464  net.minecraft.client.Minecraft (minecraft@1.20.1)
1223:             1            464  net.minecraft.client.Options (minecraft@1.20.1)
1224:            29            464  net.minecraft.util.ExtraCodecs$$Lambda$1117/0x000000010057daf0 (minecraft@1.20.1)
1225:            29            464  net.minecraft.util.ExtraCodecs$$Lambda$1118/0x000000010057dd38 (minecraft@1.20.1)
1226:            29            464  net.minecraft.util.StringRepresentable$EnumCodec$$Lambda$1120/0x000000010057e1a0 (minecraft@1.20.1)
1227:            19            456  net.minecraftforge.fml.loading.moddiscovery.AbstractModProvider$DefaultModFileInfo (fmlloader@1.20.1-47.4.13)
1228:            19            456  org.spongepowered.asm.launch.platform.container.ContainerHandleModLauncherEx$SecureJarResource (org.spongepowered.mixin)
1229:             3            456  sun.security.ssl.SSLSessionImpl (java.base@17.0.15)
1230:            14            448  com.mojang.blaze3d.vertex.VertexFormat (minecraft@1.20.1)
1231:            14            448  com.sun.jna.Structure$FFIType$size_t (com.sun.jna@5.12.1)
1232:             8            448  java.nio.DirectLongBufferU (java.base@17.0.15)
1233:            28            448  java.util.concurrent.atomic.AtomicReferenceArray (java.base@17.0.15)
1234:            14            448  net.minecraft.client.renderer.entity.layers.HumanoidArmorLayer (minecraft@1.20.1)
1235:            14            448  net.minecraft.util.datafix.fixes.BlockRenameFix$1 (minecraft@1.20.1)
1236:             4            448  org.openjdk.nashorn.internal.objects.NativeMath$Constructor (org.openjdk.nashorn)
1237:             8            448  org.openjdk.nashorn.internal.runtime.SpillProperty (org.openjdk.nashorn)
1238:             8            448  sun.management.MemoryPoolImpl (java.management@17.0.15)
1239:            10            440  [Lnet.minecraftforge.installer.json.Artifact;
1240:            11            440  com.mojang.datafixers.schemas.Schema (datafixerupper@6.0.8)
1241:             5            440  java.text.DecimalFormatSymbols (java.base@17.0.15)
1242:            11            440  net.minecraft.world.level.block.state.properties.WoodType (minecraft@1.20.1)
1243:            11            440  org.antlr.v4.runtime.atn.LoopEndState (org.antlr.antlr4.runtime@4.9.1)
1244:             3            432  [Ljava.util.concurrent.ForkJoinPool$WorkQueue; (java.base@17.0.15)
1245:             1            432  [[[C (java.base@17.0.15)
1246:            18            432  com.google.gson.internal.ConstructorConstructor (com.google.gson@2.10)
1247:            18            432  com.google.gson.internal.bind.MapTypeAdapterFactory (com.google.gson@2.10)
1248:            18            432  com.google.gson.internal.bind.TypeAdapters$31
1249:            27            432  com.mojang.brigadier.exceptions.SimpleCommandExceptionType (brigadier@1.1.8)
1250:            27            432  java.security.spec.ECFieldFp (java.base@17.0.15)
1251:            18            432  java.text.DateFormat$Field (java.base@17.0.15)
1252:            27            432  java.util.Collections$SingletonSet (java.base@17.0.15)
1253:             6            432  java.util.ResourceBundle$CacheKey (java.base@17.0.15)
1254:            18            432  java.util.regex.Pattern$$Lambda$292/0x0000000100260db0 (java.base@17.0.15)
1255:            18            432  javax.management.StandardMBean (java.management@17.0.15)
1256:            18            432  jdk.dynalink.BiClassValue$BiClassValues (jdk.dynalink@17.0.15)
1257:            18            432  net.minecraft.client.RecipeBookCategories (minecraft@1.20.1)
1258:             3            432  net.minecraft.client.model.PiglinModel (minecraft@1.20.1)
1259:            18            432  net.minecraft.client.resources.DefaultPlayerSkin$SkinType (minecraft@1.20.1)
1260:            18            432  net.minecraft.core.dispenser.BoatDispenseItemBehavior (minecraft@1.20.1)
1261:            18            432  net.minecraft.util.datafix.fixes.StructuresBecomeConfiguredFix$Conversion (minecraft@1.20.1)
1262:             6            432  net.minecraft.world.item.AxeItem (minecraft@1.20.1)
1263:             6            432  net.minecraft.world.item.HoeItem (minecraft@1.20.1)
1264:             6            432  net.minecraft.world.item.MobBucketItem (minecraft@1.20.1)
1265:             6            432  net.minecraft.world.item.PickaxeItem (minecraft@1.20.1)
1266:             6            432  net.minecraft.world.item.ShovelItem (minecraft@1.20.1)
1267:             9            432  net.minecraftforge.network.simple.IndexedMessageCodec$MessageHandler (forge@47.4.13)
1268:            18            432  org.openjdk.nashorn.api.scripting.ScriptObjectMirror (org.openjdk.nashorn)
1269:            18            432  sun.reflect.generics.scope.MethodScope (java.base@17.0.15)
1270:            18            432  sun.security.x509.PolicyInformation (java.base@17.0.15)
1271:            13            416  com.google.common.base.Splitter (com.google.common@31.1-jre)
1272:            13            416  com.llamalad7.mixinextras.service.MixinExtrasVersion (MixinExtras@0.5.3)
1273:            13            416  java.lang.invoke.VarForm (java.base@17.0.15)
1274:            26            416  jdk.proxy2.$Proxy19 (jdk.proxy2)
1275:             4            416  net.minecraft.world.level.block.AmethystClusterBlock (minecraft@1.20.1)
1276:            13            416  net.minecraft.world.level.levelgen.MarsagliaPolarGaussian (minecraft@1.20.1)
1277:            26            416  net.minecraft.world.level.storage.loot.functions.LootItemFunctionType (minecraft@1.20.1)
1278:            13            416  net.minecraftforge.common.ForgeConfigSpec$BooleanValue (forge@47.4.13)
1279:            13            416  org.openjdk.nashorn.internal.codegen.CompilerConstants$3 (org.openjdk.nashorn)
1280:            13            416  org.spongepowered.asm.mixin.injection.struct.InjectionInfo$InjectorEntry (org.spongepowered.mixin)
1281:            13            408  [Lorg.apache.commons.lang3.text.translate.CharSequenceTranslator; (org.apache.commons.lang3@3.12.0)
1282:            17            408  net.minecraft.client.particle.ParticleEngine$$Lambda$5022/0x0000000100d78548 (minecraft@1.20.1)
1283:            17            408  net.minecraft.network.syncher.EntityDataAccessor (minecraft@1.20.1)
1284:            17            408  net.minecraft.resources.HolderSetCodec$$Lambda$3029/0x0000000100a70440 (minecraft@1.20.1)
1285:            17            408  sun.nio.ch.OptionKey (java.base@17.0.15)
1286:            17            408  sun.nio.ch.SocketOptionRegistry$RegistryKey (java.base@17.0.15)
1287:            17            408  sun.security.util.DisabledAlgorithmConstraints$DisabledConstraint (java.base@17.0.15)
1288:            12            400  [Ljava.lang.constant.ClassDesc; (java.base@17.0.15)
1289:             1            400  [Lnet.minecraftforge.fml.earlydisplay.SimpleFont$Glyph; (fmlearlydisplay@1.20.1-47.4.13)
1290:            25            400  java.util.regex.Pattern$CharPredicate$$Lambda$41/0x00000001000bdee0 (java.base@17.0.15)
1291:            25            400  net.minecraft.core.dispenser.DefaultDispenseItemBehavior (minecraft@1.20.1)
1292:            25            400  net.minecraft.util.datafix.fixes.ItemRenameFix$$Lambda$2241/0x0000000100892bf0 (minecraft@1.20.1)
1293:             5            400  net.minecraft.world.level.block.BaseCoralFanBlock (minecraft@1.20.1)
1294:             5            400  net.minecraft.world.level.block.BaseCoralPlantBlock (minecraft@1.20.1)
1295:             5            400  net.minecraft.world.level.block.BaseCoralWallFanBlock (minecraft@1.20.1)
1296:             5            400  net.minecraft.world.level.block.CoralBlock (minecraft@1.20.1)
1297:             5            400  net.minecraft.world.level.block.CoralFanBlock (minecraft@1.20.1)
1298:             5            400  net.minecraft.world.level.block.CoralPlantBlock (minecraft@1.20.1)
1299:             5            400  net.minecraft.world.level.block.CoralWallFanBlock (minecraft@1.20.1)
1300:             5            400  net.minecraft.world.level.block.SkullBlock (minecraft@1.20.1)
1301:             7            392  java.lang.invoke.BoundMethodHandle$Species_LLLILL (java.base@17.0.15)
1302:             7            392  net.minecraft.world.item.ArmorMaterials (minecraft@1.20.1)
1303:             7            392  net.minecraftforge.fml.ModLoadingException (fmlcore@1.20.1-47.4.13)
1304:             8            384  com.google.common.collect.MapMakerInternalMap$WeakKeyDummyValueSegment (com.google.common@31.1-jre)
1305:            24            384  com.mojang.brigadier.exceptions.DynamicCommandExceptionType (brigadier@1.1.8)
1306:            24            384  cpw.mods.jarhandling.impl.ModuleJarMetadata (cpw.mods.securejarhandler)
1307:             6            384  java.security.SecureRandom (java.base@17.0.15)
1308:            12            384  java.util.ResourceBundle$KeyElementReference (java.base@17.0.15)
1309:            12            384  java.util.ServiceLoader$ProviderImpl (java.base@17.0.15)
1310:            12            384  java.util.Vector (java.base@17.0.15)
1311:             8            384  java.util.concurrent.LinkedBlockingQueue (java.base@17.0.15)
1312:            12            384  jdk.internal.reflect.UnsafeQualifiedStaticObjectFieldAccessorImpl (java.base@17.0.15)
1313:             8            384  net.minecraft.client.gui.font.FontSet (minecraft@1.20.1)
1314:             4            384  net.minecraft.client.model.HorseModel (minecraft@1.20.1)
1315:            12            384  net.minecraft.core.FrontAndTop (minecraft@1.20.1)
1316:            16            384  net.minecraft.network.chat.TextColor (minecraft@1.20.1)
1317:            24            384  net.minecraft.util.datafix.schemas.V2551$$Lambda$2117/0x000000010086dea8 (minecraft@1.20.1)
1318:            24            384  net.minecraft.util.datafix.schemas.V704$$Lambda$1899/0x000000010083db50 (minecraft@1.20.1)
1319:            24            384  net.minecraft.util.datafix.schemas.V704$$Lambda$1900/0x000000010083dd98 (minecraft@1.20.1)
1320:            24            384  net.minecraft.util.datafix.schemas.V704$$Lambda$1902/0x000000010083e228 (minecraft@1.20.1)
1321:            24            384  net.minecraft.util.datafix.schemas.V99$$Lambda$1805/0x0000000100813bf0 (minecraft@1.20.1)
1322:            24            384  net.minecraft.util.datafix.schemas.V99$$Lambda$1809/0x000000010081e228 (minecraft@1.20.1)
1323:            24            384  net.minecraft.util.datafix.schemas.V99$$Lambda$1811/0x000000010081e6b8 (minecraft@1.20.1)
1324:            24            384  net.minecraft.util.datafix.schemas.V99$$Lambda$1812/0x000000010081e900 (minecraft@1.20.1)
1325:            24            384  net.minecraft.util.datafix.schemas.V99$$Lambda$1813/0x000000010081eb48 (minecraft@1.20.1)
1326:            24            384  net.minecraft.util.datafix.schemas.V99$$Lambda$1814/0x000000010081ed90 (minecraft@1.20.1)
1327:            24            384  net.minecraft.util.datafix.schemas.V99$$Lambda$1815/0x000000010081efd8 (minecraft@1.20.1)
1328:            24            384  net.minecraft.util.datafix.schemas.V99$$Lambda$1818/0x000000010081f670 (minecraft@1.20.1)
1329:            24            384  net.minecraft.util.datafix.schemas.V99$$Lambda$1819/0x000000010081f8b8 (minecraft@1.20.1)
1330:            24            384  net.minecraft.util.datafix.schemas.V99$$Lambda$1820/0x000000010081fae0 (minecraft@1.20.1)
1331:            24            384  net.minecraft.util.datafix.schemas.V99$$Lambda$1835/0x0000000100821a70 (minecraft@1.20.1)
1332:             6            384  net.minecraft.world.item.SwordItem (minecraft@1.20.1)
1333:             4            384  net.minecraft.world.level.block.WeatheringCopperStairBlock (minecraft@1.20.1)
1334:             8            384  org.antlr.v4.runtime.atn.StarBlockStartState (org.antlr.antlr4.runtime@4.9.1)
1335:             8            384  org.antlr.v4.runtime.atn.StarLoopEntryState (org.antlr.antlr4.runtime@4.9.1)
1336:            16            384  org.lwjgl.system.libffi.FFIClosure (org.lwjgl@3.3.1+7)
1337:             4            384  org.openjdk.nashorn.internal.objects.NativeJava$Constructor (org.openjdk.nashorn)
1338:            12            384  sun.nio.fs.NativeBuffer (java.base@17.0.15)
1339:            12            384  sun.nio.fs.UnixFileKey (java.base@17.0.15)
1340:            12            384  sun.security.jca.ProviderConfig (java.base@17.0.15)
1341:             1            376  com.sun.jna.internal.Cleaner$1 (com.sun.jna@5.12.1)
1342:             1            376  java.lang.ref.Finalizer$FinalizerThread (java.base@17.0.15)
1343:             1            376  java.util.logging.LogManager$Cleaner (java.logging@17.0.15)
1344:             1            368  java.lang.ref.Reference$ReferenceHandler (java.base@17.0.15)
1345:             1            368  net.minecraft.Util$9 (minecraft@1.20.1)
1346:             1            368  net.minecraft.client.main.Main$2 (minecraft@1.20.1)
1347:            23            368  net.minecraft.tags.TagKey$$Lambda$2964/0x0000000100a60fc0 (minecraft@1.20.1)
1348:            23            368  net.minecraft.util.datafix.schemas.V100$$Lambda$1864/0x000000010082e4d0 (minecraft@1.20.1)
1349:            23            368  net.minecraft.util.datafix.schemas.V100$$Lambda$1866/0x000000010082e960 (minecraft@1.20.1)
1350:            23            368  net.minecraft.util.datafix.schemas.V705$$Lambda$1910/0x000000010083f8a0 (minecraft@1.20.1)
1351:            23            368  net.minecraft.util.datafix.schemas.V705$$Lambda$1914/0x0000000100840248 (minecraft@1.20.1)
1352:            23            368  net.minecraft.util.datafix.schemas.V705$$Lambda$1917/0x0000000100840920 (minecraft@1.20.1)
1353:            23            368  net.minecraft.util.datafix.schemas.V705$$Lambda$1918/0x0000000100840b68 (minecraft@1.20.1)
1354:            23            368  net.minecraft.util.datafix.schemas.V705$$Lambda$1919/0x0000000100840db0 (minecraft@1.20.1)
1355:            23            368  net.minecraft.util.datafix.schemas.V705$$Lambda$1921/0x0000000100841240 (minecraft@1.20.1)
1356:            23            368  net.minecraft.util.datafix.schemas.V705$$Lambda$1923/0x00000001008416d0 (minecraft@1.20.1)
1357:            23            368  net.minecraft.util.datafix.schemas.V705$$Lambda$1927/0x0000000100841ff0 (minecraft@1.20.1)
1358:            23            368  net.minecraft.util.datafix.schemas.V705$$Lambda$1928/0x0000000100842238 (minecraft@1.20.1)
1359:            23            368  net.minecraft.util.datafix.schemas.V705$$Lambda$1929/0x0000000100842480 (minecraft@1.20.1)
1360:            23            368  net.minecraft.util.datafix.schemas.V705$$Lambda$1930/0x00000001008426c8 (minecraft@1.20.1)
1361:            23            368  net.minecraft.util.datafix.schemas.V705$$Lambda$1931/0x00000001008428f0 (minecraft@1.20.1)
1362:            23            368  net.minecraft.util.datafix.schemas.V99$$Lambda$1826/0x00000001008206b8 (minecraft@1.20.1)
1363:            23            368  net.minecraft.util.datafix.schemas.V99$$Lambda$1827/0x0000000100820900 (minecraft@1.20.1)
1364:            23            368  net.minecraft.util.datafix.schemas.V99$$Lambda$1828/0x0000000100820b48 (minecraft@1.20.1)
1365:            23            368  net.minecraft.util.datafix.schemas.V99$$Lambda$1832/0x0000000100821400 (minecraft@1.20.1)
1366:            23            368  net.minecraft.world.entity.ai.sensing.SensorType (minecraft@1.20.1)
1367:            15            360  com.google.common.collect.RegularImmutableMap$KeySet (com.google.common@31.1-jre)
1368:            15            360  com.mojang.blaze3d.platform.GlStateManager$SourceFactor (minecraft@1.20.1)
1369:             9            360  com.sun.org.apache.xerces.internal.utils.XMLSecurityManager$Limit (java.xml@17.0.15)
1370:            15            360  java.lang.ThreadLocal$SuppliedThreadLocal (java.base@17.0.15)
1371:            15            360  java.lang.ThreadLocal$ThreadLocalMap (java.base@17.0.15)
1372:             5            360  java.lang.invoke.BoundMethodHandle$Species_LLLLLLLLLLL (java.base@17.0.15)
1373:             9            360  java.lang.invoke.VarHandleInts$FieldInstanceReadWrite (java.base@17.0.15)
1374:            15            360  java.util.concurrent.ConcurrentLinkedQueue (java.base@17.0.15)
1375:             5            360  java.util.concurrent.ScheduledThreadPoolExecutor$ScheduledFutureTask (java.base@17.0.15)
1376:            15            360  java.util.regex.Pattern$Prolog (java.base@17.0.15)
1377:            15            360  net.minecraft.client.renderer.entity.layers.ItemInHandLayer (minecraft@1.20.1)
1378:             9            360  net.minecraft.util.datafix.fixes.NamespacedTypeRenameFix (minecraft@1.20.1)
1379:            15            360  net.minecraft.world.level.block.Blocks$$Lambda$1529/0x0000000100732fb0 (minecraft@1.20.1)
1380:             5            360  org.apache.logging.log4j.core.config.LoggerConfig (org.apache.logging.log4j.core@2.19.0)
1381:             9            360  org.apache.logging.log4j.core.pattern.DatePatternConverter (org.apache.logging.log4j.core@2.19.0)
1382:            11            352  [Lsun.nio.fs.NativeBuffer; (java.base@17.0.15)
1383:            11            352  java.lang.constant.DirectMethodHandleDesc$Kind (java.base@17.0.15)
1384:            22            352  java.util.regex.Pattern$Begin (java.base@17.0.15)
1385:            11            352  javax.management.MBeanNotificationInfo (java.management@17.0.15)
1386:            11            352  jdk.internal.reflect.UnsafeBooleanFieldAccessorImpl (java.base@17.0.15)
1387:             4            352  net.minecraft.client.model.DrownedModel (minecraft@1.20.1)
1388:            11            352  net.minecraft.client.renderer.blockentity.HangingSignRenderer$HangingSignModel (minecraft@1.20.1)
1389:            11            352  sun.security.x509.AuthorityInfoAccessExtension (java.base@17.0.15)
1390:            13            344  [Ljdk.dynalink.Namespace; (jdk.dynalink@17.0.15)
1391:            14            336  com.electronwill.nightconfig.core.ConfigSpec$ValueSpec (com.electronwill.nightconfig.core@3.6.4)
1392:             6            336  com.google.gson.internal.bind.ReflectiveTypeAdapterFactory$1 (com.google.gson@2.10)
1393:            21            336  com.google.gson.internal.bind.TreeTypeAdapter$GsonContextImpl (com.google.gson@2.10)
1394:            14            336  com.mojang.blaze3d.platform.GlStateManager$DestFactor (minecraft@1.20.1)
1395:             6            336  com.mojang.realmsclient.gui.task.DataFetcher$Task (minecraft@1.20.1)
1396:            14            336  com.sun.jna.Pointer (com.sun.jna@5.12.1)
1397:             6            336  java.lang.invoke.BoundMethodHandle$Species_LLLLLL (java.base@17.0.15)
1398:             7            336  java.util.concurrent.locks.ReentrantReadWriteLock$FairSync (java.base@17.0.15)
1399:            21            336  net.minecraft.util.datafix.schemas.V100$$Lambda$1865/0x000000010082e718 (minecraft@1.20.1)
1400:             6            336  net.minecraft.world.item.BannerPatternItem (minecraft@1.20.1)
1401:             6            336  net.minecraft.world.item.MinecartItem (minecraft@1.20.1)
1402:             7            336  org.apache.logging.log4j.core.lookup.ConfigurationStrSubstitutor (org.apache.logging.log4j.core@2.19.0)
1403:            14            336  org.lwjgl.system.libffi.FFICIF (org.lwjgl@3.3.1+7)
1404:            14            336  sun.nio.ch.Util$BufferCache (java.base@17.0.15)
1405:            18            328  [Lsun.reflect.generics.tree.TypeSignature; (java.base@17.0.15)
1406:            14            320  [Ljava.security.CodeSigner; (java.base@17.0.15)
1407:             4            320  [Lnet.minecraft.world.item.DyeColor; (minecraft@1.20.1)
1408:             8            320  com.mojang.blaze3d.vertex.VertexFormat$Mode (minecraft@1.20.1)
1409:            10            320  com.sun.org.apache.xerces.internal.impl.XMLEntityManager$EncodingInfo (java.xml@17.0.15)
1410:            10            320  java.lang.constant.DirectMethodHandleDescImpl (java.base@17.0.15)
1411:            10            320  java.util.ImmutableCollections$ListItr (java.base@17.0.15)
1412:             8            320  jdk.internal.module.ModuleReferences$JarModuleReader (java.base@17.0.15)
1413:             8            320  net.minecraft.client.model.BoatModel (minecraft@1.20.1)
1414:             8            320  net.minecraft.client.model.ChestBoatModel (minecraft@1.20.1)
1415:            10            320  net.minecraft.client.model.HumanoidModel$ArmPose (minecraft@1.20.1)
1416:             8            320  net.minecraft.client.renderer.entity.ThrownItemRenderer (minecraft@1.20.1)
1417:            10            320  net.minecraft.client.renderer.texture.PreloadedTexture (minecraft@1.20.1)
1418:            20            320  net.minecraft.util.ExtraCodecs$LazyInitializedCodec (minecraft@1.20.1)
1419:            20            320  net.minecraft.util.ExtraCodecs$LazyInitializedCodec$$Lambda$3027/0x0000000100a6fb10 (minecraft@1.20.1)
1420:            20            320  net.minecraft.util.datafix.schemas.V102$$Lambda$1870/0x000000010082f6f0 (minecraft@1.20.1)
1421:            20            320  net.minecraft.util.datafix.schemas.V135$$Lambda$1878/0x0000000100839098 (minecraft@1.20.1)
1422:            20            320  net.minecraft.util.datafix.schemas.V808$$Lambda$1934/0x0000000100843218 (minecraft@1.20.1)
1423:             8            320  net.minecraft.world.entity.MobCategory (minecraft@1.20.1)
1424:             4            320  net.minecraft.world.item.DyeableArmorItem (minecraft@1.20.1)
1425:             4            320  net.minecraft.world.level.block.TallFlowerBlock (minecraft@1.20.1)
1426:             4            320  net.minecraft.world.level.block.WallSkullBlock (minecraft@1.20.1)
1427:             4            320  net.minecraft.world.level.block.WeatheringCopperSlabBlock (minecraft@1.20.1)
1428:            20            320  net.minecraft.world.level.block.state.BlockBehaviour$$Lambda$1460/0x00000001007150e8 (minecraft@1.20.1)
1429:            10            320  net.minecraftforge.coremod.transformer.CoreModClassTransformer (net.minecraftforge.coremod)
1430:            10            320  net.minecraftforge.installer.json.Install$Processor
1431:            20            320  net.minecraftforge.registries.NamespacedWrapper$Factory (forge@47.4.13)
1432:             8            320  org.antlr.v4.runtime.atn.StarLoopbackState (org.antlr.antlr4.runtime@4.9.1)
1433:             8            320  sun.management.MemoryPoolImpl$CollectionSensor (java.management@17.0.15)
1434:             8            320  sun.management.MemoryPoolImpl$PoolSensor (java.management@17.0.15)
1435:            10            320  sun.reflect.generics.reflectiveObjects.TypeVariableImpl (java.base@17.0.15)
1436:            10            320  sun.security.util.DisabledAlgorithmConstraints$KeySizeConstraint (java.base@17.0.15)
1437:            10            320  sun.security.x509.ExtendedKeyUsageExtension (java.base@17.0.15)
1438:             1            312  [Lcpw.mods.jarhandling.SecureJar; (cpw.mods.securejarhandler)
1439:            12            312  [Lorg.antlr.v4.runtime.atn.LexerAction; (org.antlr.antlr4.runtime@4.9.1)
1440:            13            312  com.electronwill.nightconfig.core.SimpleConfig (com.electronwill.nightconfig.core@3.6.4)
1441:            13            312  com.google.gson.internal.bind.TypeAdapterRuntimeTypeWrapper
1442:             3            312  cpw.mods.cl.ModuleClassLoader (cpw.mods.securejarhandler)
1443:            13            312  java.util.concurrent.ConcurrentLinkedDeque$Node (java.base@17.0.15)
1444:            13            312  jdk.dynalink.NamespaceOperation (jdk.dynalink@17.0.15)
1445:            13            312  net.minecraft.client.renderer.entity.layers.ElytraLayer (minecraft@1.20.1)
1446:            13            312  net.minecraft.util.datafix.DataFixers$$Lambda$1935/0x0000000100843440 (minecraft@1.20.1)
1447:            13            312  net.minecraft.util.valueproviders.UniformInt (minecraft@1.20.1)
1448:            13            312  net.minecraftforge.installer.json.Install$DataFile
1449:            13            312  oshi.PlatformEnum (com.github.oshi@6.2.2)
1450:             9            304  [[S (java.base@17.0.15)
1451:            19            304  cpw.mods.modlauncher.LaunchServiceHandlerDecorator (cpw.mods.modlauncher@10.0.9)
1452:            19            304  java.util.IdentityHashMap$EntrySet (java.base@17.0.15)
1453:            19            304  java.util.IdentityHashMap$KeySet (java.base@17.0.15)
1454:             1            304  net.minecraft.client.renderer.LevelRenderer (minecraft@1.20.1)
1455:            19            304  net.minecraft.util.datafix.fixes.BlockRenameFix$$Lambda$2274/0x000000010089fac8 (minecraft@1.20.1)
1456:            19            304  net.minecraft.util.datafix.fixes.BlockRenameFix$$Lambda$2275/0x000000010089fd10 (minecraft@1.20.1)
1457:            19            304  net.minecraft.util.datafix.schemas.V3203$$Lambda$2179/0x000000010087a748 (minecraft@1.20.1)
1458:            19            304  net.minecraft.util.datafix.schemas.V704$$Lambda$1901/0x000000010083dfe0 (minecraft@1.20.1)
1459:            19            304  net.minecraft.world.level.block.entity.BaseContainerBlockEntity$$Lambda$4986/0x0000000100d56dc8 (minecraft@1.20.1)
1460:            19            304  net.minecraftforge.fml.loading.moddiscovery.AbstractModProvider$$Lambda$616/0x0000000100385810 (fmlloader@1.20.1-47.4.13)
1461:            19            304  net.minecraftforge.fml.loading.moddiscovery.AbstractModProvider$1 (fmlloader@1.20.1-47.4.13)
1462:            19            304  org.spongepowered.asm.launch.platform.MainAttributes (org.spongepowered.mixin)
1463:             2            304  org.spongepowered.asm.mixin.transformer.MixinConfig (org.spongepowered.mixin)
1464:             1            288  [Ljava.lang.invoke.LambdaForm$Kind; (java.base@17.0.15)
1465:             7            288  [Lorg.apache.logging.log4j.core.pattern.PatternFormatter; (org.apache.logging.log4j.core@2.19.0)
1466:             1            288  [Lsun.security.ssl.SSLExtension; (java.base@17.0.15)
1467:            18            288  com.google.gson.Gson$1 (com.google.gson@2.10)
1468:            18            288  com.google.gson.Gson$2 (com.google.gson@2.10)
1469:            18            288  com.google.gson.Gson$4 (com.google.gson@2.10)
1470:            18            288  com.google.gson.Gson$5 (com.google.gson@2.10)
1471:            18            288  com.google.gson.internal.bind.CollectionTypeAdapterFactory (com.google.gson@2.10)
1472:            18            288  com.google.gson.internal.bind.JsonAdapterAnnotationTypeAdapterFactory (com.google.gson@2.10)
1473:            12            288  com.google.gson.internal.bind.ReflectiveTypeAdapterFactory$FieldReflectionAdapter
1474:            18            288  com.mojang.brigadier.exceptions.Dynamic2CommandExceptionType (brigadier@1.1.8)
1475:            12            288  java.lang.annotation.ElementType (java.base@17.0.15)
1476:             9            288  java.lang.constant.PrimitiveClassDescImpl (java.base@17.0.15)
1477:            12            288  java.net.StandardSocketOptions$StdSocketOption (java.base@17.0.15)
1478:            12            288  java.time.Month (java.base@17.0.15)
1479:             9            288  java.util.logging.Level (java.logging@17.0.15)
1480:             9            288  java.util.logging.Level$KnownLevel (java.logging@17.0.15)
1481:            12            288  jdk.dynalink.BiClassValue (jdk.dynalink@17.0.15)
1482:            12            288  jdk.dynalink.BiClassValue$BiClassValuesRoot (jdk.dynalink@17.0.15)
1483:             9            288  jdk.internal.org.objectweb.asm.Type (java.base@17.0.15)
1484:             4            288  net.minecraft.client.renderer.EffectInstance (minecraft@1.20.1)
1485:             6            288  net.minecraft.core.Direction (minecraft@1.20.1)
1486:             6            288  net.minecraft.server.packs.repository.Pack (minecraft@1.20.1)
1487:            12            288  net.minecraft.util.datafix.DataFixTypes (minecraft@1.20.1)
1488:            18            288  net.minecraft.util.datafix.schemas.V3204$$Lambda$2181/0x000000010087ae40 (minecraft@1.20.1)
1489:             9            288  net.minecraft.world.entity.vehicle.Boat$Type (minecraft@1.20.1)
1490:             9            288  net.minecraft.world.item.ItemDisplayContext (minecraft@1.20.1)
1491:             6            288  net.minecraft.world.item.Tiers (minecraft@1.20.1)
1492:            12            288  net.minecraft.world.level.levelgen.LegacyRandomSource (minecraft@1.20.1)
1493:            18            288  net.minecraft.world.level.storage.loot.predicates.LootItemConditionType (minecraft@1.20.1)
1494:             6            288  net.minecraftforge.fml.earlydisplay.SimpleBufferBuilder (fmlearlydisplay@1.20.1-47.4.13)
1495:             9            288  org.apache.logging.log4j.core.pattern.DatePatternConverter$CachedTime (org.apache.logging.log4j.core@2.19.0)
1496:             6            288  org.objectweb.asm.Frame (org.objectweb.asm@9.8)
1497:             4            288  org.openjdk.nashorn.internal.runtime.Context (org.openjdk.nashorn)
1498:             4            288  org.openjdk.nashorn.internal.runtime.Context$ClassCache (org.openjdk.nashorn)
1499:            12            288  sun.nio.fs.NativeBuffer$Deallocator (java.base@17.0.15)
1500:             9            288  sun.security.ssl.ProtocolVersion (java.base@17.0.15)
1501:             9            288  sun.security.util.math.intpoly.IntegerPolynomial$ImmutableElement (java.base@17.0.15)
1502:            18            288  sun.security.x509.CertificatePolicyId (java.base@17.0.15)
1503:             7            280  [Lcom.mojang.math.SymmetricGroup3; (minecraft@1.20.1)
1504:             7            280  net.minecraft.world.entity.player.PlayerModelPart (minecraft@1.20.1)
1505:             5            280  net.minecraft.world.item.GameMasterBlockItem (minecraft@1.20.1)
1506:             7            280  net.minecraftforge.registries.DeferredRegister (forge@47.4.13)
1507:             7            280  org.openjdk.nashorn.internal.ir.BlockStatement (org.openjdk.nashorn)
1508:             7            280  org.openjdk.nashorn.internal.ir.LiteralNode$NumberLiteralNode (org.openjdk.nashorn)
1509:             7            280  org.openjdk.nashorn.internal.ir.UnaryNode (org.openjdk.nashorn)
1510:             7            280  org.openjdk.nashorn.internal.objects.NativeArray (org.openjdk.nashorn)
1511:             9            272  [Ljava.lang.Boolean; (java.base@17.0.15)
1512:             1            272  [Lnet.minecraft.world.level.material.MapColor; (minecraft@1.20.1)
1513:            17            272  net.minecraft.core.dispenser.ShulkerBoxDispenseBehavior (minecraft@1.20.1)
1514:            17            272  net.minecraft.util.ExtraCodecs$$Lambda$3023/0x0000000100a6ecf0 (minecraft@1.20.1)
1515:            17            272  sun.invoke.util.ValueConversions$WrapperCache (java.base@17.0.15)
1516:            11            264  [Ljava.time.zone.ZoneOffsetTransition; (java.base@17.0.15)
1517:            11            264  com.llamalad7.mixinextras.utils.InternalField$1 (MixinExtras@0.5.3)
1518:            11            264  com.sun.jmx.mbeanserver.StandardMBeanSupport (java.management@17.0.15)
1519:            11            264  java.lang.invoke.MethodHandleImpl$Intrinsic (java.base@17.0.15)
1520:            11            264  java.security.cert.CRLReason (java.base@17.0.15)
1521:            11            264  java.util.concurrent.ConcurrentLinkedDeque (java.base@17.0.15)
1522:            11            264  java.util.concurrent.ConcurrentSkipListMap$Node (java.base@17.0.15)
1523:             3            264  net.minecraft.client.model.GiantZombieModel (minecraft@1.20.1)
1524:             3            264  net.minecraft.client.model.ZombieVillagerModel (minecraft@1.20.1)
1525:            11            264  net.minecraft.world.level.levelgen.GenerationStep$Decoration (minecraft@1.20.1)
1526:            11            264  org.antlr.v4.runtime.atn.LexerActionExecutor (org.antlr.antlr4.runtime@4.9.1)
1527:            11            264  org.antlr.v4.runtime.atn.SetTransition (org.antlr.antlr4.runtime@4.9.1)
1528:            11            264  org.openjdk.nashorn.internal.codegen.Compiler$CompilationPhases (org.openjdk.nashorn)
1529:            11            264  org.spongepowered.asm.launch.GlobalProperties$Keys (org.spongepowered.mixin)
1530:            11            264  sun.security.provider.certpath.X509CertPath (java.base@17.0.15)
1531:            11            264  sun.security.ssl.SSLSecretDerivation$SecretSchedule (java.base@17.0.15)
1532:             8            256  com.mojang.datafixers.DataFix$$Lambda$2235/0x0000000100894228 (datafixerupper@6.0.8)
1533:            16            256  com.mojang.serialization.Codec$$Lambda$2525/0x00000001008c6270 (datafixerupper@6.0.8)
1534:             8            256  java.lang.reflect.ProxyGenerator$PrimitiveTypeInfo (java.base@17.0.15)
1535:             8            256  javax.management.MBeanConstructorInfo (java.management@17.0.15)
1536:             8            256  net.minecraft.client.gui.font.FontTexture (minecraft@1.20.1)
1537:            16            256  net.minecraft.util.datafix.schemas.V705$$Lambda$1907/0x000000010083f1c8 (minecraft@1.20.1)
1538:            16            256  net.minecraft.util.datafix.schemas.V705$$Lambda$1908/0x000000010083f410 (minecraft@1.20.1)
1539:            16            256  net.minecraft.util.datafix.schemas.V705$$Lambda$1909/0x000000010083f658 (minecraft@1.20.1)
1540:            16            256  net.minecraft.util.datafix.schemas.V705$$Lambda$1912/0x000000010083fd10 (minecraft@1.20.1)
1541:            16            256  net.minecraft.util.datafix.schemas.V705$$Lambda$1913/0x0000000100840000 (minecraft@1.20.1)
1542:            16            256  net.minecraft.util.datafix.schemas.V705$$Lambda$1915/0x0000000100840490 (minecraft@1.20.1)
1543:            16            256  net.minecraft.util.datafix.schemas.V705$$Lambda$1916/0x00000001008406d8 (minecraft@1.20.1)
1544:            16            256  net.minecraft.util.datafix.schemas.V705$$Lambda$1920/0x0000000100840ff8 (minecraft@1.20.1)
1545:            16            256  net.minecraft.util.datafix.schemas.V705$$Lambda$1922/0x0000000100841488 (minecraft@1.20.1)
1546:            16            256  net.minecraft.util.datafix.schemas.V705$$Lambda$1924/0x0000000100841918 (minecraft@1.20.1)
1547:            16            256  net.minecraft.util.datafix.schemas.V705$$Lambda$1925/0x0000000100841b60 (minecraft@1.20.1)
1548:            16            256  net.minecraft.util.datafix.schemas.V705$$Lambda$1926/0x0000000100841da8 (minecraft@1.20.1)
1549:            16            256  net.minecraft.world.level.block.Blocks$$Lambda$1572/0x0000000100747cd8 (minecraft@1.20.1)
1550:            16            256  net.minecraft.world.level.levelgen.structure.StructureType$$Lambda$3571/0x0000000100aeeb30 (minecraft@1.20.1)
1551:            16            256  net.minecraftforge.client.model.QuadTransformers$$Lambda$5649/0x0000000100e35770 (forge@47.4.13)
1552:             8            256  net.minecrell.terminalconsole.MinecraftFormattingConverter (terminalconsoleappender@1.2.0)
1553:             4            256  org.apache.logging.log4j.core.layout.PatternLayout (org.apache.logging.log4j.core@2.19.0)
1554:             8            256  org.apache.logging.log4j.core.lookup.Interpolator (org.apache.logging.log4j.core@2.19.0)
1555:            16            256  org.apache.logging.log4j.core.lookup.SystemPropertiesLookup (org.apache.logging.log4j.core@2.19.0)
1556:             4            256  org.openjdk.nashorn.internal.objects.NativeError$Constructor (org.openjdk.nashorn)
1557:             4            256  org.openjdk.nashorn.internal.objects.NativeError$Prototype (org.openjdk.nashorn)
1558:             4            256  org.openjdk.nashorn.internal.objects.NativeFunction$Prototype (org.openjdk.nashorn)
1559:             4            256  org.openjdk.nashorn.internal.objects.NativeNumber$Prototype (org.openjdk.nashorn)
1560:             4            256  org.openjdk.nashorn.internal.objects.NativeObject$Prototype (org.openjdk.nashorn)
1561:             8            256  org.openjdk.nashorn.internal.runtime.AccessorProperty$Accessors (org.openjdk.nashorn)
1562:             4            248  [Ljava.lang.StackTraceElement; (java.base@17.0.15)
1563:             7            248  [Ljava.lang.annotation.ElementType; (java.base@17.0.15)
1564:             5            240  [Ljava.lang.invoke.LambdaForm$NamedFunction; (java.base@17.0.15)
1565:            15            240  com.google.common.collect.RegularImmutableMap$Values (com.google.common@31.1-jre)
1566:            10            240  com.google.gson.stream.JsonToken
1567:            10            240  com.google.gson.stream.JsonToken (com.google.gson@2.10)
1568:             5            240  com.mojang.blaze3d.vertex.VertexBuffer (minecraft@1.20.1)
1569:            10            240  com.sun.org.apache.xerces.internal.impl.XMLScanner$NameType (java.xml@17.0.15)
1570:             5            240  it.unimi.dsi.fastutil.longs.LongOpenHashSet (it.unimi.dsi.fastutil@8.5.9)
1571:            10            240  java.lang.constant.MethodTypeDescImpl (java.base@17.0.15)
1572:             5            240  java.lang.invoke.BoundMethodHandle$Species_LLIL (java.base@17.0.15)
1573:            10            240  java.nio.charset.CoderResult (java.base@17.0.15)
1574:            10            240  java.nio.file.StandardOpenOption (java.base@17.0.15)
1575:            10            240  java.security.CodeSigner (java.base@17.0.15)
1576:            10            240  java.security.CryptoPrimitive (java.base@17.0.15)
1577:            15            240  java.util.LinkedHashMap$LinkedKeySet (java.base@17.0.15)
1578:             6            240  java.util.ResourceBundle$BundleReference (java.base@17.0.15)
1579:            10            240  java.util.regex.Pattern$CharPredicate$$Lambda$1170/0x00000001002f8218 (java.base@17.0.15)
1580:             6            240  java.util.stream.StreamOpFlag (java.base@17.0.15)
1581:            15            240  jdk.proxy2.$Proxy18 (jdk.proxy2)
1582:            10            240  net.minecraft.client.OptionInstance$IntRange (minecraft@1.20.1)
1583:             2            240  net.minecraft.client.model.PlayerModel (minecraft@1.20.1)
1584:             6            240  net.minecraft.client.renderer.entity.MinecartRenderer (minecraft@1.20.1)
1585:            10            240  net.minecraft.sounds.SoundSource (minecraft@1.20.1)
1586:            10            240  net.minecraft.util.ExtraCodecs$1ContextRetrievalCodec (minecraft@1.20.1)
1587:            15            240  net.minecraft.util.datafix.schemas.V1022$$Lambda$1938/0x0000000100843d90 (minecraft@1.20.1)
1588:            15            240  net.minecraft.util.datafix.schemas.V1022$$Lambda$1939/0x0000000100843fb8 (minecraft@1.20.1)
1589:            10            240  net.minecraft.util.random.WeightedRandomList (minecraft@1.20.1)
1590:             6            240  net.minecraft.world.entity.EquipmentSlot (minecraft@1.20.1)
1591:            10            240  net.minecraft.world.entity.schedule.Timeline (minecraft@1.20.1)
1592:             3            240  net.minecraft.world.level.block.AirBlock (minecraft@1.20.1)
1593:             3            240  net.minecraft.world.level.block.AnvilBlock (minecraft@1.20.1)
1594:             3            240  net.minecraft.world.level.block.CommandBlock (minecraft@1.20.1)
1595:             3            240  net.minecraft.world.level.block.DoublePlantBlock (minecraft@1.20.1)
1596:             3            240  net.minecraft.world.level.block.HugeMushroomBlock (minecraft@1.20.1)
1597:            10            240  net.minecraft.world.level.block.state.properties.RailShape (minecraft@1.20.1)
1598:            15            240  net.minecraft.world.level.levelgen.placement.PlacementModifierType$$Lambda$3633/0x0000000100b01da0 (minecraft@1.20.1)
1599:             6            240  net.minecraft.world.level.levelgen.synth.SimplexNoise (minecraft@1.20.1)
1600:             3            240  net.minecraftforge.client.gui.widget.ExtendedButton (forge@47.4.13)
1601:             6            240  net.minecraftforge.eventbus.EventBus (net.minecraftforge.eventbus)
1602:             2            240  org.apache.logging.log4j.core.appender.rolling.RollingRandomAccessFileManager (org.apache.logging.log4j.core@2.19.0)
1603:             5            240  org.openjdk.nashorn.internal.ir.IndexNode (org.openjdk.nashorn)
1604:             6            240  org.openjdk.nashorn.internal.runtime.Context$ClassReference (org.openjdk.nashorn)
1605:             6            240  org.openjdk.nashorn.internal.runtime.Source (org.openjdk.nashorn)
1606:            10            240  sun.reflect.generics.tree.FormalTypeParameter (java.base@17.0.15)
1607:             6            240  sun.security.util.MemoryCache (java.base@17.0.15)
1608:            10            232  [Ljava.lang.reflect.TypeVariable; (java.base@17.0.15)
1609:             3            224  [Ljava.lang.Thread; (java.base@17.0.15)
1610:            13            224  [Ljava.lang.constant.ConstantDesc; (java.base@17.0.15)
1611:             2            224  [Lnet.minecraft.world.level.block.state.properties.NoteBlockInstrument; (minecraft@1.20.1)
1612:            14            224  com.electronwill.nightconfig.core.ConfigSpec$DumbSupplier (com.electronwill.nightconfig.core@3.6.4)
1613:             4            224  com.mojang.blaze3d.platform.NativeImage$Format (minecraft@1.20.1)
1614:             7            224  com.mojang.blaze3d.vertex.VertexFormatElement (minecraft@1.20.1)
1615:             7            224  com.mojang.blaze3d.vertex.VertexFormatElement$Type (minecraft@1.20.1)
1616:            14            224  java.security.spec.MGF1ParameterSpec (java.base@17.0.15)
1617:            14            224  jdk.proxy2.$Proxy12 (jdk.proxy2)
1618:            14            224  net.minecraft.client.OptionInstance$$Lambda$4374/0x0000000100bf2428 (minecraft@1.20.1)
1619:             4            224  net.minecraft.client.model.IllagerModel (minecraft@1.20.1)
1620:             4            224  net.minecraft.client.model.LlamaModel (minecraft@1.20.1)
1621:             7            224  net.minecraft.client.model.MinecartModel (minecraft@1.20.1)
1622:             7            224  net.minecraft.sounds.Music (minecraft@1.20.1)
1623:            14            224  net.minecraft.util.datafix.schemas.V1125$$Lambda$1941/0x00000001008446b0 (minecraft@1.20.1)
1624:             7            224  net.minecraft.world.entity.animal.Panda$Gene (minecraft@1.20.1)
1625:             7            224  net.minecraft.world.entity.animal.horse.Variant (minecraft@1.20.1)
1626:            14            224  net.minecraft.world.item.crafting.SimpleCraftingRecipeSerializer (minecraft@1.20.1)
1627:             7            224  net.minecraftforge.client.gui.LoadingErrorScreen$LoadingEntryList$LoadingMessageEntry (forge@47.4.13)
1628:             7            224  net.minecraftforge.eventbus.EventBus$$Lambda$4260/0x0000000100ba4d38 (net.minecraftforge.eventbus)
1629:             4            224  org.openjdk.nashorn.internal.objects.NativeArray$Constructor (org.openjdk.nashorn)
1630:             4            224  org.openjdk.nashorn.internal.objects.NativeBoolean$Constructor (org.openjdk.nashorn)
1631:             4            224  org.openjdk.nashorn.internal.objects.NativeFunction$Constructor (org.openjdk.nashorn)
1632:             4            224  org.openjdk.nashorn.internal.objects.NativeNumber$Constructor (org.openjdk.nashorn)
1633:             4            224  org.openjdk.nashorn.internal.objects.NativeReferenceError$Constructor (org.openjdk.nashorn)
1634:             4            224  org.openjdk.nashorn.internal.objects.NativeString$Constructor (org.openjdk.nashorn)
1635:             4            224  org.openjdk.nashorn.internal.objects.NativeSyntaxError$Constructor (org.openjdk.nashorn)
1636:             4            224  org.openjdk.nashorn.internal.objects.NativeTypeError$Constructor (org.openjdk.nashorn)
1637:             9            216  [Lorg.apache.logging.log4j.Marker; (org.apache.logging.log4j@2.19.0)
1638:             9            216  com.mojang.datafixers.types.templates.Const$PrimitiveType (datafixerupper@6.0.8)
1639:             9            216  java.nio.file.attribute.PosixFilePermission (java.base@17.0.15)
1640:             9            216  net.minecraft.client.resources.model.AtlasSet$AtlasEntry (minecraft@1.20.1)
1641:             9            216  net.minecraft.core.particles.ParticleTypes$1 (minecraft@1.20.1)
1642:             9            216  net.minecraft.resources.RegistryOps$$Lambda$3972/0x0000000100b43258 (minecraft@1.20.1)
1643:             9            216  net.minecraft.stats.StatType (minecraft@1.20.1)
1644:             9            216  net.minecraft.util.datafix.fixes.WorldGenSettingsFix$StructureFeatureConfiguration (minecraft@1.20.1)
1645:             9            216  net.minecraftforge.fml.DeferredWorkQueue (fmlcore@1.20.1-47.4.13)
1646:             9            216  net.minecraftforge.fml.ModLoadingStage (fmlcore@1.20.1-47.4.13)
1647:             9            216  org.openjdk.nashorn.internal.codegen.ClassEmitter$Flag (org.openjdk.nashorn)
1648:             9            216  org.openjdk.nashorn.internal.parser.TokenKind (org.openjdk.nashorn)
1649:             3            216  org.spongepowered.asm.util.perf.Profiler$LiveSection (org.spongepowered.mixin)
1650:             3            216  sun.net.www.protocol.jar.URLJarFile (java.base@17.0.15)
1651:             3            216  sun.security.provider.NativePRNG$RandomIO (java.base@17.0.15)
1652:             9            216  sun.security.util.SafeDHParameterSpec (java.base@17.0.15)
1653:             9            216  sun.util.logging.PlatformLogger$Level (java.base@17.0.15)
1654:             6            208  [Ljdk.dynalink.linker.GuardingDynamicLinker; (jdk.dynalink@17.0.15)
1655:             2            208  [Lnet.minecraft.ChatFormatting; (minecraft@1.20.1)
1656:             2            208  [Lnet.minecraft.client.KeyMapping; (minecraft@1.20.1)
1657:             7            208  [Lnet.minecraft.core.Direction$Axis; (minecraft@1.20.1)
1658:             2            208  [Lsun.security.ssl.NamedGroup; (java.base@17.0.15)
1659:             1            208  [[Lcom.mojang.math.OctahedralGroup; (minecraft@1.20.1)
1660:            13            208  com.electronwill.nightconfig.core.ConfigSpec$$Lambda$383/0x0000000100305000 (com.electronwill.nightconfig.core@3.6.4)
1661:            13            208  com.google.common.base.CharMatcher$Is (com.google.common@31.1-jre)
1662:            13            208  com.google.common.base.Splitter$1 (com.google.common@31.1-jre)
1663:            13            208  com.google.common.collect.IndexedImmutableSet$1 (com.google.common@31.1-jre)
1664:            13            208  java.text.NumberFormat$Field (java.base@17.0.15)
1665:            13            208  jdk.proxy2.$Proxy21 (jdk.proxy2)
1666:             2            208  net.minecraft.client.model.ChestedHorseModel (minecraft@1.20.1)
1667:            13            208  net.minecraft.util.datafix.schemas.V1801$$Lambda$2079/0x00000001008661d0 (minecraft@1.20.1)
1668:            13            208  net.minecraft.util.datafix.schemas.V2571$$Lambda$2129/0x0000000100874000 (minecraft@1.20.1)
1669:            13            208  net.minecraft.util.datafix.schemas.V3325$$Lambda$2183/0x000000010087b538 (minecraft@1.20.1)
1670:            13            208  net.minecraft.util.datafix.schemas.V3325$$Lambda$2184/0x000000010087b780 (minecraft@1.20.1)
1671:            13            208  net.minecraft.util.datafix.schemas.V99$$Lambda$1810/0x000000010081e470 (minecraft@1.20.1)
1672:            13            208  net.minecraft.world.food.FoodProperties$Builder$$Lambda$2579/0x00000001009d7a60 (minecraft@1.20.1)
1673:            13            208  net.minecraftforge.common.ForgeConfigSpec$Builder$$Lambda$5654/0x0000000100e3c6a0 (forge@47.4.13)
1674:            13            208  org.apache.commons.lang3.text.translate.AggregateTranslator (org.apache.commons.lang3@3.12.0)
1675:             2            208  sun.security.provider.Sun (java.base@17.0.15)
1676:             2            200  [Ljava.text.DateFormat$Field; (java.base@17.0.15)
1677:             5            200  java.lang.invoke.BoundMethodHandle$Species_LLI (java.base@17.0.15)
1678:             5            200  java.text.DigitList (java.base@17.0.15)
1679:             5            200  java.util.ServiceLoader$LayerLookupIterator (java.base@17.0.15)
1680:             5            200  java.util.ServiceLoader$LazyClassPathLookupIterator (java.base@17.0.15)
1681:             5            200  jdk.internal.math.FloatingDecimal$BinaryToASCIIBuffer (java.base@17.0.15)
1682:             5            200  net.minecraft.util.datafix.fixes.BlockRenameFixWithJigsaw$1 (minecraft@1.20.1)
1683:             5            200  org.apache.logging.log4j.core.config.Node (org.apache.logging.log4j.core@2.19.0)
1684:             5            200  org.apache.logging.log4j.core.pattern.ExtendedThrowablePatternConverter (org.apache.logging.log4j.core@2.19.0)
1685:             5            200  org.lwjgl.PointerBuffer (org.lwjgl@3.3.1+7)
1686:             5            200  sun.security.ssl.CipherSuite$MacAlg (java.base@17.0.15)
1687:             4            192  [Ljava.util.List; (java.base@17.0.15)
1688:             4            192  [Ljdk.dynalink.linker.TypeBasedGuardingDynamicLinker; (jdk.dynalink@17.0.15)
1689:             6            192  [Lnet.minecraft.client.renderer.FaceInfo$VertexInfo; (minecraft@1.20.1)
1690:             4            192  [Lnet.minecraft.world.entity.animal.Panda$Gene; (minecraft@1.20.1)
1691:             4            192  [Lnet.minecraft.world.entity.animal.horse.Variant; (minecraft@1.20.1)
1692:             1            192  [Lorg.openjdk.nashorn.internal.codegen.CompilerConstants; (org.openjdk.nashorn)
1693:             8            192  [[[B (java.base@17.0.15)
1694:             8            192  com.google.common.cache.LocalCache$AccessQueue$1 (com.google.common@31.1-jre)
1695:             8            192  com.google.common.cache.LocalCache$WriteQueue$1 (com.google.common@31.1-jre)
1696:             4            192  com.google.common.collect.MapMakerInternalMap$StrongKeyWeakValueSegment (com.google.common@31.1-jre)
1697:             8            192  com.google.gson.internal.bind.TypeAdapters$32
1698:             8            192  com.ibm.icu.text.Bidi$ImpTabPair (com.ibm.icu@71.1)
1699:            12            192  com.mojang.blaze3d.platform.GlStateManager$TextureState (minecraft@1.20.1)
1700:             6            192  com.mojang.blaze3d.vertex.VertexFormatElement$Usage (minecraft@1.20.1)
1701:             6            192  com.mojang.math.SymmetricGroup3 (minecraft@1.20.1)
1702:             6            192  com.sun.jmx.mbeanserver.DefaultMXBeanMappingFactory$CollectionMapping (java.management@17.0.15)
1703:             4            192  com.sun.jna.Structure$StructField (com.sun.jna@5.12.1)
1704:             3            192  it.unimi.dsi.fastutil.longs.Long2ObjectOpenHashMap (it.unimi.dsi.fastutil@8.5.9)
1705:             6            192  java.lang.invoke.LambdaForm$BasicType (java.base@17.0.15)
1706:             8            192  java.lang.module.ModuleDescriptor$Opens (java.base@17.0.15)
1707:             8            192  java.math.RoundingMode (java.base@17.0.15)
1708:             6            192  java.net.InetAddress$InetAddressHolder (java.base@17.0.15)
1709:             8            192  java.net.NetPermission (java.base@17.0.15)
1710:             3            192  java.nio.DirectByteBufferR (java.base@17.0.15)
1711:             6            192  java.time.format.TextStyle (java.base@17.0.15)
1712:             4            192  java.util.concurrent.ThreadPoolExecutor$Worker (java.base@17.0.15)
1713:             8            192  jdk.internal.module.ModuleReferences$$Lambda$26/0x00000001000b4180 (java.base@17.0.15)
1714:             8            192  jdk.internal.perf.PerfCounter (java.base@17.0.15)
1715:             6            192  jdk.internal.reflect.UnsafeIntegerFieldAccessorImpl (java.base@17.0.15)
1716:             6            192  jdk.internal.reflect.UnsafeQualifiedObjectFieldAccessorImpl (java.base@17.0.15)
1717:            12            192  jdk.proxy2.$Proxy22 (jdk.proxy2)
1718:            12            192  jdk.proxy2.$Proxy6 (jdk.proxy2)
1719:            12            192  joptsimple.internal.ConstructorInvokingValueConverter (jopt.simple@5.0.4)
1720:             8            192  net.minecraft.client.OptionInstance$Enum (minecraft@1.20.1)
1721:             8            192  net.minecraft.client.gui.font.GlyphRenderTypes (minecraft@1.20.1)
1722:             2            192  net.minecraft.client.model.CatModel (minecraft@1.20.1)
1723:             3            192  net.minecraft.client.model.ParrotModel (minecraft@1.20.1)
1724:             4            192  net.minecraft.client.renderer.PostPass (minecraft@1.20.1)
1725:             6            192  net.minecraft.client.telemetry.TelemetryEventType (minecraft@1.20.1)
1726:             6            192  net.minecraft.client.tutorial.TutorialSteps (minecraft@1.20.1)
1727:            12            192  net.minecraft.resources.RegistryFixedCodec (minecraft@1.20.1)
1728:             8            192  net.minecraft.util.ByIdMap$$Lambda$4397/0x0000000100bf88b0 (minecraft@1.20.1)
1729:            12            192  net.minecraft.util.datafix.schemas.V3326$$Lambda$2186/0x000000010087be98 (minecraft@1.20.1)
1730:            12            192  net.minecraft.util.datafix.schemas.V99$$Lambda$1830/0x0000000100820fb0 (minecraft@1.20.1)
1731:            12            192  net.minecraft.util.datafix.schemas.V99$$Lambda$1833/0x0000000100821628 (minecraft@1.20.1)
1732:            12            192  net.minecraft.world.entity.npc.VillagerProfession$$Lambda$2873/0x0000000100a3aa78 (minecraft@1.20.1)
1733:            12            192  net.minecraft.world.entity.npc.VillagerProfession$$Lambda$2874/0x0000000100a3acd0 (minecraft@1.20.1)
1734:             3            192  net.minecraft.world.item.BucketItem (minecraft@1.20.1)
1735:             3            192  net.minecraft.world.item.HorseArmorItem (minecraft@1.20.1)
1736:             8            192  net.minecraft.world.item.Instrument (minecraft@1.20.1)
1737:             6            192  net.minecraft.world.level.levelgen.DensityFunctions$Mapped$Type (minecraft@1.20.1)
1738:             6            192  net.minecraft.world.level.levelgen.Heightmap$Types (minecraft@1.20.1)
1739:             6            192  net.minecraft.world.level.levelgen.SurfaceRules$StoneDepthCheck (minecraft@1.20.1)
1740:            12            192  net.minecraft.world.level.levelgen.blockpredicates.BlockPredicateType$$Lambda$3032/0x0000000100a71030 (minecraft@1.20.1)
1741:             3            192  net.minecraft.world.phys.AABB (minecraft@1.20.1)
1742:             8            192  net.minecraftforge.client.ForgeRenderTypes (forge@47.4.13)
1743:             8            192  net.minecraftforge.common.util.Lazy$Fast (forge@47.4.13)
1744:             8            192  org.antlr.v4.runtime.atn.LexerActionType (org.antlr.antlr4.runtime@4.9.1)
1745:             8            192  org.apache.logging.log4j.Level (org.apache.logging.log4j@2.19.0)
1746:             8            192  org.apache.logging.log4j.core.appender.rolling.RolloverFrequency (org.apache.logging.log4j.core@2.19.0)
1747:             4            192  org.apache.logging.log4j.core.config.AppenderControl (org.apache.logging.log4j.core@2.19.0)
1748:             8            192  org.apache.logging.log4j.core.lookup.PropertiesLookup (org.apache.logging.log4j.core@2.19.0)
1749:             8            192  org.apache.logging.log4j.core.pattern.MessagePatternConverter$FormattedMessagePatternConverter (org.apache.logging.log4j.core@2.19.0)
1750:             8            192  org.apache.logging.log4j.spi.StandardLevel (org.apache.logging.log4j@2.19.0)
1751:             8            192  org.apache.logging.slf4j.Log4jMarker (org.apache.logging.log4j.slf4j@2.19.0)
1752:             4            192  org.openjdk.nashorn.internal.ir.IfNode (org.openjdk.nashorn)
1753:             4            192  org.openjdk.nashorn.internal.objects.NativeBoolean$Prototype (org.openjdk.nashorn)
1754:             4            192  org.openjdk.nashorn.internal.objects.NativeReferenceError$Prototype (org.openjdk.nashorn)
1755:             4            192  org.openjdk.nashorn.internal.objects.NativeSyntaxError$Prototype (org.openjdk.nashorn)
1756:             4            192  org.openjdk.nashorn.internal.objects.NativeTypeError$Prototype (org.openjdk.nashorn)
1757:             6            192  org.openjdk.nashorn.internal.runtime.Context$NamedContextCodeInstaller (org.openjdk.nashorn)
1758:             8            192  org.openjdk.nashorn.internal.runtime.JSType (org.openjdk.nashorn)
1759:             8            192  org.openjdk.nashorn.internal.runtime.linker.InvokeByName (org.openjdk.nashorn)
1760:             4            192  sun.nio.cs.StreamDecoder (java.base@17.0.15)
1761:             8            192  sun.reflect.generics.repository.FieldRepository (java.base@17.0.15)
1762:             6            192  sun.security.ssl.SSLKeyExchange$T12KeyAgreement (java.base@17.0.15)
1763:             6            192  sun.security.x509.SubjectAlternativeNameExtension (java.base@17.0.15)
1764:             2            176  [Lorg.antlr.v4.runtime.atn.RuleStartState; (org.antlr.antlr4.runtime@4.9.1)
1765:             2            176  [Lorg.antlr.v4.runtime.atn.RuleStopState; (org.antlr.antlr4.runtime@4.9.1)
1766:            11            176  java.util.Comparator$$Lambda$551/0x00000001002d4b60 (java.base@17.0.15)
1767:            11            176  java.util.concurrent.ConcurrentHashMap$ValuesView (java.base@17.0.15)
1768:            11            176  jdk.dynalink.beans.StaticClass (jdk.dynalink@17.0.15)
1769:             2            176  net.minecraft.client.model.ArmorStandArmorModel (minecraft@1.20.1)
1770:            11            176  net.minecraft.util.datafix.schemas.V3327$$Lambda$2189/0x000000010087c7b8 (minecraft@1.20.1)
1771:            11            176  net.minecraft.world.entity.animal.CatVariant (minecraft@1.20.1)
1772:             2            176  net.minecraft.world.level.block.AttachedStemBlock (minecraft@1.20.1)
1773:             2            176  net.minecraft.world.level.block.BrushableBlock (minecraft@1.20.1)
1774:             2            176  net.minecraft.world.level.block.FungusBlock (minecraft@1.20.1)
1775:             2            176  net.minecraft.world.level.block.IronBarsBlock (minecraft@1.20.1)
1776:             2            176  net.minecraft.world.level.block.LiquidBlock (minecraft@1.20.1)
1777:             2            176  net.minecraft.world.level.block.StemBlock (minecraft@1.20.1)
1778:             2            176  net.minecraft.world.level.block.WeightedPressurePlateBlock (minecraft@1.20.1)
1779:            11            176  net.minecraft.world.level.levelgen.feature.foliageplacers.FoliagePlacerType (minecraft@1.20.1)
1780:            11            176  net.minecraft.world.level.levelgen.structure.templatesystem.StructureProcessorType$$Lambda$3178/0x0000000100a98000 (minecraft@1.20.1)
1781:            11            176  org.apache.logging.log4j.core.util.datetime.FastDateParser$NumberStrategy (org.apache.logging.log4j.core@2.19.0)
1782:            11            176  sun.util.logging.internal.LoggingProviderImpl$JULWrapper (java.logging@17.0.15)
1783:             3            168  [Lnet.minecraft.world.entity.vehicle.Boat$Type; (minecraft@1.20.1)
1784:             1            168  [[Ljava.math.BigInteger; (java.base@17.0.15)
1785:             3            168  com.google.common.collect.MapMakerInternalMap (com.google.common@31.1-jre)
1786:             3            168  com.google.gson.internal.LinkedTreeMap
1787:             7            168  com.mojang.blaze3d.platform.GlStateManager$BooleanState (minecraft@1.20.1)
1788:             7            168  com.sun.org.apache.xerces.internal.util.FeatureState (java.xml@17.0.15)
1789:             7            168  java.lang.System$Logger$Level (java.base@17.0.15)
1790:             7            168  java.time.DayOfWeek (java.base@17.0.15)
1791:             7            168  java.time.Instant (java.base@17.0.15)
1792:             7            168  java.time.ZoneOffset (java.base@17.0.15)
1793:             7            168  java.util.Comparator$$Lambda$623/0x00000001002db708 (java.base@17.0.15)
1794:             7            168  java.util.concurrent.CompletableFuture (java.base@17.0.15)
1795:             7            168  java.util.concurrent.ConcurrentSkipListMap$Index (java.base@17.0.15)
1796:             7            168  javax.crypto.spec.SecretKeySpec (java.base@17.0.15)
1797:             3            168  javax.management.openmbean.OpenMBeanOperationInfoSupport (java.management@17.0.15)
1798:             3            168  jdk.dynalink.beans.StaticClassLinker$SingleClassStaticsLinker (jdk.dynalink@17.0.15)
1799:             7            168  jdk.xml.internal.JdkProperty$State (java.xml@17.0.15)
1800:             7            168  net.minecraft.Util$11 (minecraft@1.20.1)
1801:             7            168  net.minecraft.client.renderer.RenderStateShard$OutputStateShard (minecraft@1.20.1)
1802:             3            168  net.minecraft.client.renderer.blockentity.ChestRenderer (minecraft@1.20.1)
1803:             7            168  net.minecraft.resources.FileToIdConverter (minecraft@1.20.1)
1804:             7            168  net.minecraft.util.valueproviders.FloatProvider$$Lambda$3089/0x0000000100a7edb0 (minecraft@1.20.1)
1805:             7            168  net.minecraft.world.entity.vehicle.AbstractMinecart$Type (minecraft@1.20.1)
1806:             3            168  net.minecraft.world.item.BowlFoodItem (minecraft@1.20.1)
1807:             7            168  net.minecraft.world.level.block.SkullBlock$Types (minecraft@1.20.1)
1808:             7            168  net.minecraftforge.client.RenderTypeGroup (forge@47.4.13)
1809:             7            168  net.minecraftforge.eventbus.Names$Method (net.minecraftforge.eventbus)
1810:             7            168  net.minecraftforge.fml.loading.EarlyLoadingException$ExceptionData (fmlloader@1.20.1-47.4.13)
1811:             7            168  net.minecraftforge.registries.DeferredRegister$$Lambda$1502/0x000000010072b6c0 (forge@47.4.13)
1812:             7            168  net.minecraftforge.registries.DeferredRegister$RegistryHolder (forge@47.4.13)
1813:             7            168  org.apache.logging.log4j.core.pattern.LoggerPatternConverter (org.apache.logging.log4j.core@2.19.0)
1814:             7            168  org.openjdk.nashorn.internal.ir.FunctionNode$Kind (org.openjdk.nashorn)
1815:             7            168  org.openjdk.nashorn.internal.runtime.Context$1 (org.openjdk.nashorn)
1816:             7            168  org.openjdk.nashorn.internal.runtime.arrays.ObjectArrayData (org.openjdk.nashorn)
1817:             7            168  sun.security.provider.certpath.OCSPResponse$ResponseStatus (java.base@17.0.15)
1818:             7            168  sun.security.x509.NetscapeCertTypeExtension$MapEntry (java.base@17.0.15)
1819:             2            160  [Ljava.lang.constant.DirectMethodHandleDesc$Kind; (java.base@17.0.15)
1820:             2            160  [Ljava.util.concurrent.RunnableScheduledFuture; (java.base@17.0.15)
1821:             3            160  [Ljava.util.logging.Level; (java.logging@17.0.15)
1822:             2            160  [Lnet.minecraft.world.scores.criteria.ObjectiveCriteria; (minecraft@1.20.1)
1823:             1            160  [Lnet.minecraftforge.installer.json.Version$Library;
1824:             4            160  [Lorg.apache.logging.log4j.core.util.datetime.FastDatePrinter$Rule; (org.apache.logging.log4j.core@2.19.0)
1825:             3            160  [[J (java.base@17.0.15)
1826:            10            160  com.google.gson.internal.ConstructorConstructor$9
1827:             5            160  com.mojang.blaze3d.shaders.EffectProgram (minecraft@1.20.1)
1828:            10            160  com.mojang.brigadier.LiteralMessage (brigadier@1.1.8)
1829:             5            160  com.mojang.serialization.Codec$3 (datafixerupper@6.0.8)
1830:             5            160  io.netty.util.AttributeKey (io.netty.common@4.1.82.Final)
1831:             2            160  it.unimi.dsi.fastutil.objects.Object2ObjectLinkedOpenHashMap (it.unimi.dsi.fastutil@8.5.9)
1832:             4            160  java.lang.invoke.BoundMethodHandle$Species_LIL (java.base@17.0.15)
1833:             2            160  java.lang.invoke.BoundMethodHandle$Species_LLLLLLLLLLLLL (java.base@17.0.15)
1834:             5            160  java.lang.invoke.VarHandle$AccessType (java.base@17.0.15)
1835:             4            160  java.time.zone.ZoneRules (java.base@17.0.15)
1836:            10            160  java.util.Formatter$Flags (java.base@17.0.15)
1837:             5            160  java.util.ServiceLoader$ModuleServicesLookupIterator (java.base@17.0.15)
1838:             5            160  java.util.concurrent.atomic.LongAdder (java.base@17.0.15)
1839:             5            160  javax.management.StandardEmitterMBean (java.management@17.0.15)
1840:             4            160  javax.xml.catalog.CatalogFeatures$Feature (java.xml@17.0.15)
1841:            10            160  net.fabricmc.loader.impl.metadata.SimplePerson (net.fabricmc.loader@2.6.0+0.15.0+1.20.1-full)
1842:            10            160  net.minecraft.client.Options$$Lambda$4467/0x0000000100c06280 (minecraft@1.20.1)
1843:             5            160  net.minecraft.client.gui.font.providers.GlyphProviderType (minecraft@1.20.1)
1844:             2            160  net.minecraft.client.model.HoglinModel (minecraft@1.20.1)
1845:             5            160  net.minecraft.client.renderer.entity.layers.WardenEmissiveLayer (minecraft@1.20.1)
1846:             5            160  net.minecraft.client.telemetry.TelemetryProperty$GameMode (minecraft@1.20.1)
1847:             2            160  net.minecraft.core.DefaultedMappedRegistry (minecraft@1.20.1)
1848:            10            160  net.minecraft.core.Vec3i$$Lambda$3020/0x0000000100a6d758 (minecraft@1.20.1)
1849:            10            160  net.minecraft.util.datafix.schemas.V1451$$Lambda$1946/0x0000000100845418 (minecraft@1.20.1)
1850:             5            160  net.minecraft.world.entity.animal.axolotl.Axolotl$Variant (minecraft@1.20.1)
1851:             5            160  net.minecraft.world.item.enchantment.ProtectionEnchantment (minecraft@1.20.1)
1852:             5            160  net.minecraft.world.item.enchantment.ProtectionEnchantment$Type (minecraft@1.20.1)
1853:             5            160  net.minecraft.world.level.biome.MobSpawnSettings$SpawnerData (minecraft@1.20.1)
1854:             2            160  net.minecraft.world.level.block.AzaleaBlock (minecraft@1.20.1)
1855:             2            160  net.minecraft.world.level.block.BeehiveBlock (minecraft@1.20.1)
1856:            10            160  net.minecraft.world.level.block.Blocks$$Lambda$1640/0x0000000100767db8 (minecraft@1.20.1)
1857:             2            160  net.minecraft.world.level.block.CampfireBlock (minecraft@1.20.1)
1858:             2            160  net.minecraft.world.level.block.LanternBlock (minecraft@1.20.1)
1859:             2            160  net.minecraft.world.level.block.MushroomBlock (minecraft@1.20.1)
1860:             2            160  net.minecraft.world.level.block.NyliumBlock (minecraft@1.20.1)
1861:             2            160  net.minecraft.world.level.block.PoweredRailBlock (minecraft@1.20.1)
1862:             2            160  net.minecraft.world.level.block.RedStoneOreBlock (minecraft@1.20.1)
1863:             2            160  net.minecraft.world.level.block.RootsBlock (minecraft@1.20.1)
1864:             2            160  net.minecraft.world.level.block.SandBlock (minecraft@1.20.1)
1865:             2            160  net.minecraft.world.level.block.TallGrassBlock (minecraft@1.20.1)
1866:             2            160  net.minecraft.world.level.block.TorchBlock (minecraft@1.20.1)
1867:             2            160  net.minecraft.world.level.block.WallTorchBlock (minecraft@1.20.1)
1868:             2            160  net.minecraft.world.level.block.piston.PistonBaseBlock (minecraft@1.20.1)
1869:             4            160  net.minecraft.world.level.block.state.properties.DirectionProperty (minecraft@1.20.1)
1870:             5            160  net.minecraft.world.level.levelgen.DensityFunctions$Marker$Type (minecraft@1.20.1)
1871:             5            160  net.minecraft.world.level.levelgen.NoiseSettings (minecraft@1.20.1)
1872:             1            160  net.minecraftforge.client.gui.overlay.ForgeGui (forge@47.4.13)
1873:             4            160  net.minecraftforge.coremod.CoreMod (net.minecraftforge.coremod)
1874:            10            160  net.minecraftforge.coremod.NashornFactory$$Lambda$917/0x0000000100505890 (net.minecraftforge.coremod)
1875:             4            160  net.minecraftforge.network.NetworkDirection (forge@47.4.13)
1876:             5            160  net.minecraftforge.network.NetworkInstance (forge@47.4.13)
1877:            10            160  net.minecraftforge.registries.NamespacedDefaultedWrapper$Factory (forge@47.4.13)
1878:             4            160  org.antlr.v4.runtime.atn.TokensStartState (org.antlr.antlr4.runtime@4.9.1)
1879:            10            160  org.apache.logging.log4j.core.impl.ThreadContextDataInjector$ForCopyOnWriteThreadContextMap (org.apache.logging.log4j.core@2.19.0)
1880:             5            160  org.objectweb.asm.Handle (org.objectweb.asm@9.8)
1881:             5            160  org.openjdk.nashorn.internal.codegen.LocalVariableTypesCalculator$LvarType (org.openjdk.nashorn)
1882:             5            160  org.openjdk.nashorn.internal.codegen.LocalVariableTypesCalculator$TypeHolderExpression (org.openjdk.nashorn)
1883:             4            160  org.openjdk.nashorn.internal.objects.Global$LexicalScope (org.openjdk.nashorn)
1884:             4            160  org.openjdk.nashorn.internal.runtime.SpillProperty$Accessors (org.openjdk.nashorn)
1885:             4            160  sun.nio.cs.UTF_8$Decoder (java.base@17.0.15)
1886:             5            160  sun.security.ssl.ContentType (java.base@17.0.15)
1887:             5            160  sun.security.ssl.NamedGroup$NamedGroupSpec (java.base@17.0.15)
1888:            10            160  sun.security.ssl.SSLKeyExchange$T13KeyAgreement (java.base@17.0.15)
1889:             5            160  sun.util.locale.provider.LocaleProviderAdapter$Type (java.base@17.0.15)
1890:             4            160  sun.util.resources.Bundles$BundleReference (java.base@17.0.15)
1891:             6            152  [Lcpw.mods.modlauncher.api.IModuleLayerManager$Layer; (cpw.mods.modlauncher@10.0.9)
1892:             1            152  org.apache.logging.log4j.core.config.xml.XmlConfiguration (org.apache.logging.log4j.core@2.19.0)
1893:             1            144  [Ljava.lang.invoke.VarHandle$AccessMode; (java.base@17.0.15)
1894:             3            144  [Lnet.minecraft.world.entity.MobCategory; (minecraft@1.20.1)
1895:             2            144  [Lorg.antlr.v4.runtime.dfa.DFA; (org.antlr.antlr4.runtime@4.9.1)
1896:             2            144  [Lorg.apache.logging.log4j.core.pattern.LogEventPatternConverter; (org.apache.logging.log4j.core@2.19.0)
1897:             3            144  com.google.common.collect.HashMultimap (com.google.common@31.1-jre)
1898:             3            144  com.google.common.collect.LinkedHashMultimap (com.google.common@31.1-jre)
1899:             3            144  com.google.common.collect.LinkedHashMultimap$ValueEntry (com.google.common@31.1-jre)
1900:             6            144  com.google.gson.internal.$Gson$Types$ParameterizedTypeImpl (com.google.gson@2.10)
1901:             6            144  com.google.gson.internal.$Gson$Types$ParameterizedTypeImpl
1902:             6            144  com.mojang.authlib.minecraft.UserApiService$UserFlag (authlib@4.0.43)
1903:             9            144  com.mojang.serialization.MapCodec$$Lambda$4074/0x0000000100b3fab0 (datafixerupper@6.0.8)
1904:             3            144  com.sun.jna.NativeLibrary (com.sun.jna@5.12.1)
1905:             6            144  com.sun.org.apache.xerces.internal.util.Status (java.xml@17.0.15)
1906:             6            144  java.lang.Thread$State (java.base@17.0.15)
1907:             3            144  java.lang.ThreadGroup (java.base@17.0.15)
1908:             3            144  java.time.temporal.JulianFields$Field (java.base@17.0.15)
1909:             6            144  java.util.concurrent.ConcurrentHashMap$KeySetView (java.base@17.0.15)
1910:             3            144  java.util.concurrent.ConcurrentSkipListMap (java.base@17.0.15)
1911:             2            144  java.util.concurrent.ScheduledThreadPoolExecutor (java.base@17.0.15)
1912:             6            144  javax.net.ssl.SSLEngineResult$HandshakeStatus (java.base@17.0.15)
1913:             9            144  jdk.internal.module.ServicesCatalog (java.base@17.0.15)
1914:             6            144  jdk.net.ExtendedSocketOptions$ExtSocketOption (jdk.net@17.0.15)
1915:             9            144  jdk.proxy1.$Proxy11 (jdk.proxy1)
1916:             2            144  net.minecraft.client.model.CowModel (minecraft@1.20.1)
1917:             2            144  net.minecraft.client.model.PigModel (minecraft@1.20.1)
1918:             9            144  net.minecraft.client.player.inventory.Hotbar (minecraft@1.20.1)
1919:             6            144  net.minecraft.client.renderer.FaceInfo (minecraft@1.20.1)
1920:             1            144  net.minecraft.client.renderer.GameRenderer (minecraft@1.20.1)
1921:             6            144  net.minecraft.client.renderer.RenderStateShard$TransparencyStateShard (minecraft@1.20.1)
1922:             6            144  net.minecraft.client.telemetry.TelemetryPropertyMap$1 (minecraft@1.20.1)
1923:             9            144  net.minecraft.util.datafix.fixes.NamespacedTypeRenameFix$$Lambda$2283/0x00000001008a89a8 (minecraft@1.20.1)
1924:             6            144  net.minecraft.util.datafix.fixes.SimplestEntityRenameFix$$Lambda$2236/0x00000001008920b0 (minecraft@1.20.1)
1925:             9            144  net.minecraft.util.datafix.schemas.V1451_1$$Lambda$1948/0x0000000100845b10 (minecraft@1.20.1)
1926:             9            144  net.minecraft.world.effect.MobEffect$$Lambda$1583/0x0000000100749438 (minecraft@1.20.1)
1927:             9            144  net.minecraft.world.level.levelgen.feature.trunkplacers.TrunkPlacerType (minecraft@1.20.1)
1928:             6            144  net.minecraft.world.level.levelgen.structure.structures.RuinedPortalPiece$VerticalPlacement (minecraft@1.20.1)
1929:             6            144  net.minecraftforge.fml.CrashReportCallables$1 (fmlcore@1.20.1-47.4.13)
1930:             6            144  net.minecraftforge.fml.common.asm.ObjectHolderDefinalize$VanillaObjectHolderData (fmlloader@1.20.1-47.4.13)
1931:             6            144  net.minecraftforge.fml.core.ParallelTransition (forge@47.4.13)
1932:             6            144  net.minecraftforge.fml.earlydisplay.RenderElement (fmlearlydisplay@1.20.1-47.4.13)
1933:             6            144  net.minecraftforge.fml.loading.moddiscovery.BackgroundScanHandler$ScanStatus (fmlloader@1.20.1-47.4.13)
1934:             9            144  net.minecraftforge.network.HandshakeHandler$$Lambda$4286/0x0000000100ba93f8 (forge@47.4.13)
1935:             3            144  org.antlr.v4.runtime.atn.PlusBlockStartState (org.antlr.antlr4.runtime@4.9.1)
1936:             6            144  org.apache.commons.lang3.text.translate.NumericEntityEscaper (org.apache.commons.lang3@3.12.0)
1937:             6            144  org.apache.logging.log4j.core.LifeCycle$State (org.apache.logging.log4j.core@2.19.0)
1938:             9            144  org.apache.logging.log4j.core.lookup.JmxRuntimeInputArgumentsLookup (org.apache.logging.log4j.core@2.19.0)
1939:             9            144  org.apache.logging.log4j.core.lookup.MapLookup (org.apache.logging.log4j.core@2.19.0)
1940:             6            144  org.apache.logging.log4j.core.time.MutableInstant (org.apache.logging.log4j.core@2.19.0)
1941:             3            144  org.apache.logging.log4j.message.ReusableParameterizedMessage (org.apache.logging.log4j@2.19.0)
1942:             6            144  org.openjdk.nashorn.internal.codegen.Condition (org.openjdk.nashorn)
1943:             6            144  org.openjdk.nashorn.internal.runtime.Source$RawData (org.openjdk.nashorn)
1944:             6            144  org.spongepowered.asm.logging.Level (org.spongepowered.mixin)
1945:             6            144  org.spongepowered.asm.service.modlauncher.Blackboard$Key (org.spongepowered.mixin)
1946:             1            144  sun.security.pkcs11.SunPKCS11 (jdk.crypto.cryptoki@17.0.15)
1947:             6            144  sun.security.util.DisabledAlgorithmConstraints$Constraint$Operator (java.base@17.0.15)
1948:             4            136  [Ljava.lang.CharSequence; (java.base@17.0.15)
1949:             1            136  [Ljava.time.temporal.ChronoField; (java.base@17.0.15)
1950:             5            136  [Lnet.minecraftforge.fml.earlydisplay.SimpleBufferBuilder$Element; (fmlearlydisplay@1.20.1-47.4.13)
1951:             1            136  [Lorg.spongepowered.asm.mixin.MixinEnvironment$Option; (org.spongepowered.mixin)
1952:             4            136  [Lsun.invoke.util.ValueConversions$WrapperCache; (java.base@17.0.15)
1953:             1            136  org.apache.logging.log4j.core.config.NullConfiguration (org.apache.logging.log4j.core@2.19.0)
1954:             4            128  [Lcom.google.common.cache.LocalCache$Segment; (com.google.common@31.1-jre)
1955:             2            128  [Ljava.security.cert.CRLReason; (java.base@17.0.15)
1956:             2            128  [Ljava.time.Month; (java.base@17.0.15)
1957:             4            128  [Ljdk.dynalink.linker.GuardingTypeConverterFactory; (jdk.dynalink@17.0.15)
1958:             2            128  [Lnet.minecraft.core.FrontAndTop; (minecraft@1.20.1)
1959:             2            128  [Lnet.minecraft.world.level.levelgen.GenerationStep$Decoration; (minecraft@1.20.1)
1960:             4            128  [Lnet.minecraftforge.client.settings.KeyModifier; (forge@47.4.13)
1961:             2            128  [Lsun.security.ssl.SSLSecretDerivation$SecretSchedule; (java.base@17.0.15)
1962:             8            128  com.google.common.cache.LocalCache$AccessQueue (com.google.common@31.1-jre)
1963:             8            128  com.google.common.cache.LocalCache$WriteQueue (com.google.common@31.1-jre)
1964:             8            128  com.google.gson.TypeAdapter$1
1965:             4            128  com.google.gson.internal.bind.MapTypeAdapterFactory$Adapter
1966:             4            128  com.mojang.serialization.codecs.SimpleMapCodec (datafixerupper@6.0.8)
1967:             4            128  com.sun.jmx.mbeanserver.DefaultMXBeanMappingFactory$ArrayMapping (java.management@17.0.15)
1968:             2            128  com.sun.security.sasl.gsskerb.JdkSASL$ProviderService (jdk.security.jgss@17.0.15)
1969:             4            128  java.io.ByteArrayInputStream (java.base@17.0.15)
1970:             4            128  java.lang.StackWalker (java.base@17.0.15)
1971:             4            128  java.security.MessageDigest$Delegate$CloneableDelegate (java.base@17.0.15)
1972:             4            128  java.security.spec.PSSParameterSpec (java.base@17.0.15)
1973:             4            128  java.util.concurrent.atomic.AtomicReferenceFieldUpdater$AtomicReferenceFieldUpdaterImpl (java.base@17.0.15)
1974:             4            128  java.util.concurrent.locks.AbstractQueuedSynchronizer$SharedNode (java.base@17.0.15)
1975:             4            128  java.util.stream.Collectors$CollectorImpl (java.base@17.0.15)
1976:             4            128  java.util.stream.FindOps$FindOp (java.base@17.0.15)
1977:             2            128  javax.crypto.Cipher (java.base@17.0.15)
1978:             4            128  javax.script.SimpleScriptContext (java.scripting@17.0.15)
1979:             4            128  jdk.dynalink.DynamicLinker (jdk.dynalink@17.0.15)
1980:             4            128  jdk.dynalink.TypeConverterFactory (jdk.dynalink@17.0.15)
1981:             4            128  jdk.dynalink.linker.support.CompositeTypeBasedGuardingDynamicLinker$ClassToLinker (jdk.dynalink@17.0.15)
1982:             2            128  jdk.internal.icu.impl.Trie2_16 (java.base@17.0.15)
1983:             4            128  jdk.internal.loader.NativeLibraries$Unloader (java.base@17.0.15)
1984:             8            128  jdk.internal.module.ModuleReferences$$Lambda$27/0x00000001000b43a8 (java.base@17.0.15)
1985:             4            128  net.minecraft.client.NarratorStatus (minecraft@1.20.1)
1986:             2            128  net.minecraft.client.model.SpiderModel (minecraft@1.20.1)
1987:             2            128  net.minecraft.client.model.StriderModel (minecraft@1.20.1)
1988:             4            128  net.minecraft.client.renderer.RenderStateShard$DepthTestStateShard (minecraft@1.20.1)
1989:             4            128  net.minecraft.client.renderer.block.model.ItemModelGenerator$SpanFacing (minecraft@1.20.1)
1990:             8            128  net.minecraft.util.datafix.schemas.V1451_2$$Lambda$1968/0x0000000100849f00 (minecraft@1.20.1)
1991:             8            128  net.minecraft.util.datafix.schemas.V501$$Lambda$1882/0x0000000100839e88 (minecraft@1.20.1)
1992:             8            128  net.minecraft.util.datafix.schemas.V701$$Lambda$1887/0x000000010083b758 (minecraft@1.20.1)
1993:             4            128  net.minecraft.world.item.ArmorItem$Type (minecraft@1.20.1)
1994:             2            128  net.minecraft.world.item.FoodOnAStickItem (minecraft@1.20.1)
1995:             2            128  net.minecraft.world.item.Items$1 (minecraft@1.20.1)
1996:             4            128  net.minecraft.world.item.Rarity (minecraft@1.20.1)
1997:             4            128  net.minecraft.world.level.block.state.properties.StructureMode (minecraft@1.20.1)
1998:             4            128  net.minecraft.world.level.block.state.properties.Tilt (minecraft@1.20.1)
1999:             4            128  net.minecraft.world.level.levelgen.DensityFunctions$TwoArgumentSimpleFunction$Type (minecraft@1.20.1)
2000:             4            128  net.minecraft.world.level.levelgen.structure.placement.StructurePlacement$FrequencyReductionMethod (minecraft@1.20.1)
2001:             8            128  net.minecraft.world.level.storage.loot.entries.LootPoolEntryType (minecraft@1.20.1)
2002:             1            128  net.minecraftforge.client.gui.LoadingErrorScreen (forge@47.4.13)
2003:             8            128  net.minecraftforge.common.util.NonNullLazy$$Lambda$4892/0x0000000100d24288 (forge@47.4.13)
2004:             8            128  net.minecraftforge.fml.ModLoadingState$$Lambda$4641/0x0000000100c99818 (fmlcore@1.20.1-47.4.13)
2005:             1            128  net.minecraftforge.fml.earlydisplay.DisplayWindow (fmlearlydisplay@1.20.1-47.4.13)
2006:             4            128  net.minecraftforge.fml.earlydisplay.SimpleBufferBuilder$Format (fmlearlydisplay@1.20.1-47.4.13)
2007:             4            128  net.minecraftforge.fml.loading.FMLPaths (fmlloader@1.20.1-47.4.13)
2008:             4            128  net.minecraftforge.fml.loading.progress.Message (fmlloader@1.20.1-47.4.13)
2009:             4            128  org.apache.logging.log4j.core.appender.DefaultErrorHandler (org.apache.logging.log4j.core@2.19.0)
2010:             2            128  org.apache.logging.log4j.core.appender.RollingRandomAccessFileAppender (org.apache.logging.log4j.core@2.19.0)
2011:             2            128  org.apache.logging.log4j.core.appender.rolling.PatternProcessor (org.apache.logging.log4j.core@2.19.0)
2012:             4            128  org.apache.logging.log4j.core.config.AwaitCompletionReliabilityStrategy (org.apache.logging.log4j.core@2.19.0)
2013:             4            128  org.apache.logging.log4j.core.layout.StringBuilderEncoder (org.apache.logging.log4j.core@2.19.0)
2014:             8            128  org.apache.logging.log4j.core.lookup.ContextMapLookup (org.apache.logging.log4j.core@2.19.0)
2015:             8            128  org.apache.logging.log4j.core.lookup.DateLookup (org.apache.logging.log4j.core@2.19.0)
2016:             8            128  org.apache.logging.log4j.core.lookup.EnvironmentLookup (org.apache.logging.log4j.core@2.19.0)
2017:             8            128  org.apache.logging.log4j.core.lookup.EventLookup (org.apache.logging.log4j.core@2.19.0)
2018:             8            128  org.apache.logging.log4j.core.lookup.JavaLookup (org.apache.logging.log4j.core@2.19.0)
2019:             8            128  org.apache.logging.log4j.core.lookup.Log4jLookup (org.apache.logging.log4j.core@2.19.0)
2020:             8            128  org.apache.logging.log4j.core.lookup.LowerLookup (org.apache.logging.log4j.core@2.19.0)
2021:             8            128  org.apache.logging.log4j.core.lookup.MainMapLookup (org.apache.logging.log4j.core@2.19.0)
2022:             8            128  org.apache.logging.log4j.core.lookup.MarkerLookup (org.apache.logging.log4j.core@2.19.0)
2023:             8            128  org.apache.logging.log4j.core.lookup.ResourceBundleLookup (org.apache.logging.log4j.core@2.19.0)
2024:             8            128  org.apache.logging.log4j.core.lookup.StructuredDataLookup (org.apache.logging.log4j.core@2.19.0)
2025:             8            128  org.apache.logging.log4j.core.lookup.UpperLookup (org.apache.logging.log4j.core@2.19.0)
2026:             8            128  org.apache.logging.log4j.core.util.datetime.FastDateParser$CopyQuotedStrategy (org.apache.logging.log4j.core@2.19.0)
2027:             8            128  org.apache.logging.log4j.core.util.datetime.FastDatePrinter$CharacterLiteral (org.apache.logging.log4j.core@2.19.0)
2028:             8            128  org.apache.logging.log4j.core.util.datetime.FastDatePrinter$TwoDigitNumberField (org.apache.logging.log4j.core@2.19.0)
2029:             4            128  org.openjdk.nashorn.api.scripting.NashornScriptEngine (org.openjdk.nashorn)
2030:             4            128  org.openjdk.nashorn.internal.codegen.CompilerConstants$8 (org.openjdk.nashorn)
2031:             4            128  org.openjdk.nashorn.internal.runtime.Context$ThrowErrorManager (org.openjdk.nashorn)
2032:             4            128  org.openjdk.nashorn.internal.runtime.Timing (org.openjdk.nashorn)
2033:             4            128  org.openjdk.nashorn.internal.runtime.options.Options (org.openjdk.nashorn)
2034:             2            128  org.openjdk.nashorn.internal.scripts.JO5P0 (org.openjdk.nashorn.structures)
2035:             2            128  sun.security.jgss.SunProvider$ProviderService (java.security.jgss@17.0.15)
2036:             2            128  sun.security.provider.SHA2$SHA256 (java.base@17.0.15)
2037:             4            128  sun.security.ssl.Finished$VerifyDataScheme (java.base@17.0.15)
2038:             4            128  sun.security.ssl.SSLTrafficKeyDerivation (java.base@17.0.15)
2039:             4            128  sun.security.util.DisabledAlgorithmConstraints (java.base@17.0.15)
2040:             4            128  sun.util.resources.Bundles$CacheKey (java.base@17.0.15)
2041:             3            120  [Ljava.lang.invoke.LambdaForm$BasicType; (java.base@17.0.15)
2042:             3            120  [Lnet.minecraft.world.entity.animal.axolotl.Axolotl$Variant; (minecraft@1.20.1)
2043:             3            120  [Lnet.minecraft.world.entity.animal.horse.Markings; (minecraft@1.20.1)
2044:             3            120  [Lnet.minecraft.world.level.levelgen.Heightmap$Types; (minecraft@1.20.1)
2045:             1            120  [Lnet.minecraftforge.client.gui.overlay.VanillaGuiOverlay; (forge@47.4.13)
2046:             2            120  [Lsun.security.util.ObjectIdentifier; (java.base@17.0.15)
2047:             3            120  com.google.common.base.Stopwatch (com.google.common@31.1-jre)
2048:             5            120  com.google.gson.internal.bind.TypeAdapterRuntimeTypeWrapper (com.google.gson@2.10)
2049:             5            120  com.google.gson.internal.bind.TypeAdapters$34$1 (com.google.gson@2.10)
2050:             3            120  com.mojang.blaze3d.platform.Monitor (minecraft@1.20.1)
2051:             3            120  com.mojang.blaze3d.systems.RenderSystem$AutoStorageIndexBuffer (minecraft@1.20.1)
2052:             5            120  com.mojang.serialization.Codec$1 (datafixerupper@6.0.8)
2053:             5            120  com.mojang.serialization.MapDecoder$3 (datafixerupper@6.0.8)
2054:             5            120  com.mojang.serialization.MapEncoder$2 (datafixerupper@6.0.8)
2055:             5            120  com.mojang.serialization.codecs.UnboundedMapCodec (datafixerupper@6.0.8)
2056:             5            120  com.sun.crypto.provider.DHParameters (java.base@17.0.15)
2057:             5            120  com.sun.jna.NativeMappedConverter (com.sun.jna@5.12.1)
2058:             5            120  com.sun.org.apache.xerces.internal.util.PropertyState (java.xml@17.0.15)
2059:             5            120  com.sun.org.apache.xerces.internal.utils.XMLSecurityPropertyManager$State (java.xml@17.0.15)
2060:             3            120  cpw.mods.modlauncher.log.TransformingThrowablePatternConverter (cpw.mods.modlauncher@10.0.9)
2061:             5            120  io.netty.util.internal.logging.LocationAwareSlf4JLogger (io.netty.common@4.1.82.Final)
2062:             3            120  java.io.FilePermission (java.base@17.0.15)
2063:             3            120  java.io.PrintStream (java.base@17.0.15)
2064:             5            120  java.lang.ProcessBuilder$Redirect$Type (java.base@17.0.15)
2065:             5            120  java.lang.invoke.VarHandleByteArrayAsLongs$ArrayHandle (java.base@17.0.15)
2066:             3            120  java.lang.reflect.ProxyGenerator$ProxyMethod (java.base@17.0.15)
2067:             5            120  java.time.format.DateTimeFormatterBuilder$OffsetIdPrinterParser (java.base@17.0.15)
2068:             5            120  java.time.format.SignStyle (java.base@17.0.15)
2069:             5            120  java.util.Collections$SynchronizedCollection (java.base@17.0.15)
2070:             3            120  java.util.PropertyResourceBundle (java.base@17.0.15)
2071:             5            120  java.util.ServiceLoader$2 (java.base@17.0.15)
2072:             5            120  java.util.concurrent.locks.ReentrantReadWriteLock$Sync$HoldCounter (java.base@17.0.15)
2073:             5            120  java.util.stream.StreamOpFlag$Type (java.base@17.0.15)
2074:             5            120  javax.tools.Diagnostic$Kind (java.compiler@17.0.15)
2075:             5            120  jdk.dynalink.StandardOperation (jdk.dynalink@17.0.15)
2076:             5            120  jdk.internal.math.FloatingDecimal$PreparedASCIIToBinaryBuffer (java.base@17.0.15)
2077:             5            120  joptsimple.internal.MethodInvokingValueConverter (jopt.simple@5.0.4)
2078:             5            120  net.minecraft.client.OptionInstance$IntRangeBase$1 (minecraft@1.20.1)
2079:             5            120  net.minecraft.client.gui.font.providers.BitmapProvider (minecraft@1.20.1)
2080:             3            120  net.minecraft.client.renderer.entity.PiglinRenderer (minecraft@1.20.1)
2081:             5            120  net.minecraft.server.packs.repository.FolderRepositorySource$$Lambda$4698/0x0000000100ca5978 (minecraft@1.20.1)
2082:             5            120  net.minecraft.server.packs.repository.PackSource$1 (minecraft@1.20.1)
2083:             5            120  net.minecraft.util.ByIdMap$$Lambda$1497/0x000000010072a358 (minecraft@1.20.1)
2084:             3            120  net.minecraft.util.datafix.fixes.AddFlagIfNotPresentFix (minecraft@1.20.1)
2085:             5            120  net.minecraft.util.datafix.fixes.BlockRenameFixWithJigsaw$$Lambda$2329/0x00000001008b5000 (minecraft@1.20.1)
2086:             5            120  net.minecraft.util.datafix.fixes.EntityRenameFix$$Lambda$2243/0x0000000100893078 (minecraft@1.20.1)
2087:             3            120  net.minecraft.world.effect.InstantenousMobEffect (minecraft@1.20.1)
2088:             5            120  net.minecraft.world.entity.animal.horse.Markings (minecraft@1.20.1)
2089:             5            120  net.minecraft.world.level.block.state.properties.DripstoneThickness (minecraft@1.20.1)
2090:             5            120  net.minecraft.world.level.block.state.properties.StairsShape (minecraft@1.20.1)
2091:             5            120  net.minecraft.world.level.levelgen.heightproviders.UniformHeight (minecraft@1.20.1)
2092:             5            120  net.minecraft.world.level.material.PushReaction (minecraft@1.20.1)
2093:             3            120  net.minecraftforge.common.ForgeConfigSpec (forge@47.4.13)
2094:             5            120  net.minecraftforge.event.TickEvent$Type (forge@47.4.13)
2095:             5            120  net.minecraftforge.eventbus.LockHelper (net.minecraftforge.eventbus)
2096:             5            120  net.minecraftforge.eventbus.api.EventPriority (net.minecraftforge.eventbus)
2097:             5            120  net.minecraftforge.fml.ModLoadingPhase (fmlcore@1.20.1-47.4.13)
2098:             5            120  net.minecraftforge.fml.loading.LanguageLoadingProvider$ModLanguageWrapper (fmlloader@1.20.1-47.4.13)
2099:             3            120  org.antlr.v4.runtime.atn.PlusLoopbackState (org.antlr.antlr4.runtime@4.9.1)
2100:             3            120  org.apache.logging.log4j.core.config.ConfigurationSource (org.apache.logging.log4j.core@2.19.0)
2101:             3            120  org.apache.logging.log4j.core.pattern.HighlightConverter (org.apache.logging.log4j.core@2.19.0)
2102:             5            120  org.apache.logging.log4j.core.pattern.PatternParser$ParserState (org.apache.logging.log4j.core@2.19.0)
2103:             3            120  org.apache.logging.log4j.core.util.datetime.FastDateParser (org.apache.logging.log4j.core@2.19.0)
2104:             5            120  org.objectweb.asm.Edge (org.objectweb.asm@9.8)
2105:             5            120  org.openjdk.nashorn.internal.WeakValueCache (org.openjdk.nashorn)
2106:             5            120  org.openjdk.nashorn.internal.codegen.CodeGenerator$TypeBounds (org.openjdk.nashorn)
2107:             5            120  sun.security.jca.ServiceId (java.base@17.0.15)
2108:             2            112  [Ljava.nio.file.StandardOpenOption; (java.base@17.0.15)
2109:             2            112  [Ljava.nio.file.attribute.PosixFilePermission; (java.base@17.0.15)
2110:             2            112  [Ljava.security.CryptoPrimitive; (java.base@17.0.15)
2111:             1            112  [Ljava.time.LocalTime; (java.base@17.0.15)
2112:             4            112  [Ljoptsimple.util.PathProperties; (jopt.simple@5.0.4)
2113:             2            112  [Lnet.minecraft.sounds.SoundSource; (minecraft@1.20.1)
2114:             2            112  [Lnet.minecraft.world.level.block.state.properties.RailShape; (minecraft@1.20.1)
2115:             2            112  [Lorg.openjdk.nashorn.internal.codegen.ClassEmitter$Flag; (org.openjdk.nashorn)
2116:             2            112  com.mojang.blaze3d.pipeline.TextureTarget (minecraft@1.20.1)
2117:             7            112  com.sun.proxy.jdk.proxy1.$Proxy26 (jdk.proxy1)
2118:             2            112  java.lang.invoke.BoundMethodHandle$Species_LLILLL (java.base@17.0.15)
2119:             2            112  java.nio.DirectIntBufferRU (java.base@17.0.15)
2120:             7            112  jdk.proxy2.$Proxy13 (jdk.proxy2)
2121:             2            112  net.minecraft.client.ToggleKeyMapping (minecraft@1.20.1)
2122:             2            112  net.minecraft.client.model.VillagerModel (minecraft@1.20.1)
2123:             1            112  net.minecraft.client.renderer.entity.EnderDragonRenderer$DragonModel (minecraft@1.20.1)
2124:             7            112  net.minecraft.util.datafix.schemas.V1451_3$$Lambda$1970/0x000000010084a618 (minecraft@1.20.1)
2125:             7            112  net.minecraft.util.datafix.schemas.V1451_3$$Lambda$1971/0x000000010084a860 (minecraft@1.20.1)
2126:             7            112  net.minecraft.util.datafix.schemas.V1451_3$$Lambda$1972/0x000000010084aa88 (minecraft@1.20.1)
2127:             7            112  net.minecraft.util.datafix.schemas.V1451_3$$Lambda$1973/0x000000010084acb0 (minecraft@1.20.1)
2128:             7            112  net.minecraft.util.datafix.schemas.V1451_3$$Lambda$1974/0x000000010084aed8 (minecraft@1.20.1)
2129:             7            112  net.minecraft.util.datafix.schemas.V1451_3$$Lambda$1975/0x000000010084b100 (minecraft@1.20.1)
2130:             7            112  net.minecraft.util.datafix.schemas.V1451_3$$Lambda$1976/0x000000010084b328 (minecraft@1.20.1)
2131:             7            112  net.minecraft.util.datafix.schemas.V1451_3$$Lambda$1977/0x000000010084b550 (minecraft@1.20.1)
2132:             7            112  net.minecraft.util.datafix.schemas.V1451_3$$Lambda$1978/0x000000010084b778 (minecraft@1.20.1)
2133:             7            112  net.minecraft.util.datafix.schemas.V1451_3$$Lambda$1979/0x000000010084b9a0 (minecraft@1.20.1)
2134:             7            112  net.minecraft.util.datafix.schemas.V1451_3$$Lambda$1980/0x000000010084bbc8 (minecraft@1.20.1)
2135:             7            112  net.minecraft.util.datafix.schemas.V1451_3$$Lambda$1981/0x000000010084e000 (minecraft@1.20.1)
2136:             7            112  net.minecraft.util.datafix.schemas.V3327$$Lambda$2188/0x000000010087c590 (minecraft@1.20.1)
2137:             7            112  net.minecraft.world.entity.npc.VillagerType (minecraft@1.20.1)
2138:             2            112  net.minecraft.world.item.ItemFrameItem (minecraft@1.20.1)
2139:             2            112  net.minecraft.world.item.PlaceOnWaterBlockItem (minecraft@1.20.1)
2140:             7            112  net.minecraft.world.item.crafting.RecipeType$1 (minecraft@1.20.1)
2141:             7            112  net.minecraft.world.level.levelgen.feature.stateproviders.BlockStateProviderType (minecraft@1.20.1)
2142:             7            112  net.minecraftforge.eventbus.EventBus$$Lambda$4259/0x0000000100ba4ae8 (net.minecraftforge.eventbus)
2143:             2            112  net.minecraftforge.network.simple.SimpleChannel$MessageBuilder (forge@47.4.13)
2144:             2            112  org.antlr.v4.runtime.atn.ATN (org.antlr.antlr4.runtime@4.9.1)
2145:             2            112  org.spongepowered.asm.mixin.MixinEnvironment (org.spongepowered.mixin)
2146:             2            112  sun.security.ec.ed.EdDSAParameters (jdk.crypto.ec@17.0.15)
2147:             1            104  [Lorg.apache.logging.log4j.core.util.datetime.FixedDateFormat$FixedFormat; (org.apache.logging.log4j.core@2.19.0)
2148:             3            104  [Lorg.openjdk.nashorn.internal.codegen.CompilationPhase; (org.openjdk.nashorn)
2149:             1            104  [Lsun.security.ssl.SSLHandshake; (java.base@17.0.15)
2150:             1            104  [Lsun.security.ssl.SignatureScheme; (java.base@17.0.15)
2151:             2            104  [Lsun.util.logging.PlatformLogger$Level; (java.base@17.0.15)
2152:             1            104  com.mojang.blaze3d.platform.Window (minecraft@1.20.1)
2153:             1            104  com.sun.crypto.provider.SunJCE (java.base@17.0.15)
2154:             1            104  com.sun.security.sasl.Provider (java.security.sasl@17.0.15)
2155:             1            104  com.sun.security.sasl.gsskerb.JdkSASL (jdk.security.jgss@17.0.15)
2156:             1            104  cpw.mods.modlauncher.TransformingClassLoader (cpw.mods.modlauncher@10.0.9)
2157:             1            104  jdk.internal.loader.ClassLoaders$AppClassLoader (java.base@17.0.15)
2158:             1            104  jdk.internal.loader.ClassLoaders$BootClassLoader (java.base@17.0.15)
2159:             1            104  jdk.internal.loader.ClassLoaders$PlatformClassLoader (java.base@17.0.15)
2160:             1            104  net.minecraft.client.MouseHandler (minecraft@1.20.1)
2161:             1            104  net.minecraft.client.model.ArmorStandModel (minecraft@1.20.1)
2162:             1            104  org.jcp.xml.dsig.internal.dom.XMLDSigRI (java.xml.crypto@17.0.15)
2163:             1            104  sun.net.www.protocol.https.HttpsClient (java.base@17.0.15)
2164:             1            104  sun.security.ec.SunEC (jdk.crypto.ec@17.0.15)
2165:             1            104  sun.security.jca.ProviderList$1 (java.base@17.0.15)
2166:             1            104  sun.security.jgss.SunProvider (java.security.jgss@17.0.15)
2167:             1            104  sun.security.provider.certpath.ldap.JdkLDAP (java.naming@17.0.15)
2168:             1            104  sun.security.rsa.SunRsaSign (java.base@17.0.15)
2169:             1            104  sun.security.smartcardio.SunPCSC (java.smartcardio@17.0.15)
2170:             1            104  sun.security.ssl.SunJSSE (java.base@17.0.15)
2171:             2             96  [Lcom.google.common.cache.LocalCache$EntryFactory; (com.google.common@31.1-jre)
2172:             3             96  [Lcom.google.common.collect.MapMakerInternalMap$Segment; (com.google.common@31.1-jre)
2173:             2             96  [Ljava.lang.System$Logger$Level; (java.base@17.0.15)
2174:             2             96  [Ljava.time.DayOfWeek; (java.base@17.0.15)
2175:             4             96  [Ljdk.dynalink.linker.ConversionComparator; (jdk.dynalink@17.0.15)
2176:             2             96  [Ljdk.dynalink.linker.GuardedInvocation; (jdk.dynalink@17.0.15)
2177:             3             96  [Lnet.minecraft.client.AttackIndicatorStatus; (minecraft@1.20.1)
2178:             3             96  [Lnet.minecraft.client.GraphicsStatus; (minecraft@1.20.1)
2179:             3             96  [Lnet.minecraft.client.NarratorStatus; (minecraft@1.20.1)
2180:             3             96  [Lnet.minecraft.client.ParticleStatus; (minecraft@1.20.1)
2181:             3             96  [Lnet.minecraft.client.PrioritizeChunkUpdates; (minecraft@1.20.1)
2182:             3             96  [Lnet.minecraft.world.entity.player.ChatVisiblity; (minecraft@1.20.1)
2183:             2             96  [Lnet.minecraft.world.entity.player.PlayerModelPart; (minecraft@1.20.1)
2184:             2             96  [Lnet.minecraft.world.item.ArmorMaterials; (minecraft@1.20.1)
2185:             4             96  [Lnet.minecraft.world.item.ItemStack; (minecraft@1.20.1)
2186:             3             96  [Lnet.minecraftforge.accesstransformer.AccessTransformer$Modifier; (accesstransformers@8.0.4)
2187:             4             96  [Lnet.minecraftforge.api.distmarker.Dist; (mergetool@1.1.5)
2188:             2             96  [Lorg.apache.logging.log4j.core.Filter; (org.apache.logging.log4j.core@2.19.0)
2189:             2             96  [Lorg.apache.logging.log4j.spi.StandardLevel; (org.apache.logging.log4j@2.19.0)
2190:             3             96  [Lorg.openjdk.nashorn.internal.codegen.types.Type; (org.openjdk.nashorn)
2191:             2             96  [Lsun.security.provider.certpath.OCSPResponse$ResponseStatus; (java.base@17.0.15)
2192:             1             96  [Lsun.util.locale.BaseLocale; (java.base@17.0.15)
2193:             1             96  [[Ljava.lang.Byte; (java.base@17.0.15)
2194:             4             96  com.electronwill.nightconfig.core.io.IndentStyle (com.electronwill.nightconfig.core@3.6.4)
2195:             3             96  com.electronwill.nightconfig.core.io.ParsingMode (com.electronwill.nightconfig.core@3.6.4)
2196:             4             96  com.google.common.base.AbstractIterator$State (com.google.common@31.1-jre)
2197:             4             96  com.google.common.collect.AbstractIterator$State (com.google.common@31.1-jre)
2198:             4             96  com.google.gson.ReflectionAccessFilter$FilterResult (com.google.gson@2.10)
2199:             4             96  com.google.gson.ReflectionAccessFilter$FilterResult
2200:             4             96  com.google.gson.internal.bind.TypeAdapters$30 (com.google.gson@2.10)
2201:             4             96  com.mojang.blaze3d.pipeline.MainTarget$AttachmentState (minecraft@1.20.1)
2202:             3             96  com.mojang.blaze3d.platform.InputConstants$Type (minecraft@1.20.1)
2203:             4             96  com.mojang.blaze3d.platform.NativeImage$InternalGlFormat (minecraft@1.20.1)
2204:             3             96  com.mojang.realmsclient.client.RealmsClient$Environment (minecraft@1.20.1)
2205:             4             96  com.mojang.serialization.MapDecoder$6 (datafixerupper@6.0.8)
2206:             4             96  com.mojang.text2speech.OperatingSystem (text2speech@1.17.9)
2207:             2             96  com.sun.crypto.provider.GaloisCounterMode$AESGCM (java.base@17.0.15)
2208:             3             96  com.sun.jmx.mbeanserver.DefaultMXBeanMappingFactory$EnumMapping (java.management@17.0.15)
2209:             2             96  com.sun.jmx.mbeanserver.MBeanIntrospector$MBeanInfoMap (java.management@17.0.15)
2210:             2             96  com.sun.jmx.mbeanserver.MBeanIntrospector$PerInterfaceMap (java.management@17.0.15)
2211:             2             96  com.sun.management.internal.GarbageCollectorExtImpl (jdk.management@17.0.15)
2212:             3             96  com.sun.org.apache.xerces.internal.utils.XMLSecurityManager$NameMap (java.xml@17.0.15)
2213:             3             96  com.sun.org.apache.xerces.internal.xni.QName (java.xml@17.0.15)
2214:             4             96  cpw.mods.jarhandling.SecureJar$Status (cpw.mods.securejarhandler)
2215:             4             96  cpw.mods.modlauncher.ModuleLayerHandler$LayerInfo (cpw.mods.modlauncher@10.0.9)
2216:             4             96  cpw.mods.modlauncher.TransformList (cpw.mods.modlauncher@10.0.9)
2217:             4             96  cpw.mods.modlauncher.TransformTargetLabel$LabelType (cpw.mods.modlauncher@10.0.9)
2218:             4             96  cpw.mods.modlauncher.api.IModuleLayerManager$Layer (cpw.mods.modlauncher@10.0.9)
2219:             4             96  cpw.mods.modlauncher.api.ITransformer$TargetType (cpw.mods.modlauncher@10.0.9)
2220:             4             96  cpw.mods.modlauncher.api.TransformerVoteResult (cpw.mods.modlauncher@10.0.9)
2221:             1             96  io.github.zekerzhayard.forgewrapper.installer.Installer$InstallV1Wrapper
2222:             4             96  io.netty.util.ResourceLeakDetector$Level (io.netty.common@4.1.82.Final)
2223:             3             96  java.io.BufferedOutputStream (java.base@17.0.15)
2224:             3             96  java.io.FileInputStream (java.base@17.0.15)
2225:             4             96  java.io.InputStreamReader (java.base@17.0.15)
2226:             3             96  java.lang.ProcessImpl$Platform (java.base@17.0.15)
2227:             3             96  java.lang.Runtime$Version (java.base@17.0.15)
2228:             3             96  java.lang.constant.DynamicConstantDesc$AnonymousDynamicConstantDesc (java.base@17.0.15)
2229:             4             96  java.lang.module.ModuleDescriptor$Modifier (java.base@17.0.15)
2230:             4             96  java.lang.module.ModuleDescriptor$Requires$Modifier (java.base@17.0.15)
2231:             1             96  java.net.FactoryURLClassLoader (java.base@17.0.15)
2232:             4             96  java.net.Inet4Address (java.base@17.0.15)
2233:             3             96  java.nio.file.attribute.FileTime (java.base@17.0.15)
2234:             4             96  java.text.Normalizer$Form (java.base@17.0.15)
2235:             4             96  java.time.ZoneRegion (java.base@17.0.15)
2236:             4             96  java.time.format.DateTimeFormatterBuilder$SettingsParser (java.base@17.0.15)
2237:             2             96  java.time.zone.ZoneOffsetTransitionRule (java.base@17.0.15)
2238:             4             96  java.util.Base64$Encoder (java.base@17.0.15)
2239:             6             96  java.util.Collections$UnmodifiableCollection (java.base@17.0.15)
2240:             3             96  java.util.HexFormat (java.base@17.0.15)
2241:             6             96  java.util.IdentityHashMap$Values (java.base@17.0.15)
2242:             3             96  java.util.PropertyPermission (java.base@17.0.15)
2243:             6             96  java.util.concurrent.ConcurrentHashMap$EntrySetView (java.base@17.0.15)
2244:             4             96  java.util.concurrent.Executors$DefaultThreadFactory (java.base@17.0.15)
2245:             3             96  java.util.concurrent.Semaphore$NonfairSync (java.base@17.0.15)
2246:             3             96  java.util.concurrent.locks.AbstractQueuedSynchronizer$ConditionNode (java.base@17.0.15)
2247:             1             96  java.util.jar.JarVerifier (java.base@17.0.15)
2248:             3             96  java.util.regex.Pattern$Behind (java.base@17.0.15)
2249:             2             96  java.util.regex.Pattern$GroupCurly (java.base@17.0.15)
2250:             4             96  java.util.regex.Pattern$Qtype (java.base@17.0.15)
2251:             4             96  java.util.stream.StreamShape (java.base@17.0.15)
2252:             2             96  javax.management.openmbean.TabularType (java.management@17.0.15)
2253:             4             96  jdk.dynalink.LinkerServicesImpl (jdk.dynalink@17.0.15)
2254:             4             96  jdk.dynalink.beans.GuardedInvocationComponent$ValidationType (jdk.dynalink@17.0.15)
2255:             4             96  jdk.dynalink.linker.support.DefaultInternalObjectFilter (jdk.dynalink@17.0.15)
2256:             1             96  jdk.internal.jimage.ImageReader$SharedImageReader (java.base@17.0.15)
2257:             6             96  jdk.internal.loader.ClassLoaderValue (java.base@17.0.15)
2258:             4             96  jdk.internal.logger.BootstrapLogger$LoggingBackend (java.base@17.0.15)
2259:             4             96  jdk.internal.math.FormattedFloatingDecimal$Form (java.base@17.0.15)
2260:             3             96  joptsimple.NonOptionArgumentSpec (jopt.simple@5.0.4)
2261:             2             96  net.minecraft.DetectedVersion (minecraft@1.20.1)
2262:             3             96  net.minecraft.client.AttackIndicatorStatus (minecraft@1.20.1)
2263:             3             96  net.minecraft.client.CloudStatus (minecraft@1.20.1)
2264:             3             96  net.minecraft.client.GraphicsStatus (minecraft@1.20.1)
2265:             4             96  net.minecraft.client.InputType (minecraft@1.20.1)
2266:             3             96  net.minecraft.client.ParticleStatus (minecraft@1.20.1)
2267:             3             96  net.minecraft.client.PrioritizeChunkUpdates (minecraft@1.20.1)
2268:             2             96  net.minecraft.client.gui.components.DebugScreenOverlay$AllocationRateCalculator (minecraft@1.20.1)
2269:             4             96  net.minecraft.client.gui.narration.NarratedElementType (minecraft@1.20.1)
2270:             2             96  net.minecraft.client.model.BookModel (minecraft@1.20.1)
2271:             2             96  net.minecraft.client.model.CreeperModel (minecraft@1.20.1)
2272:             2             96  net.minecraft.client.model.GuardianModel (minecraft@1.20.1)
2273:             2             96  net.minecraft.client.model.TropicalFishModelA (minecraft@1.20.1)
2274:             2             96  net.minecraft.client.model.TropicalFishModelB (minecraft@1.20.1)
2275:             2             96  net.minecraft.client.model.WitherBossModel (minecraft@1.20.1)
2276:             1             96  net.minecraft.client.model.WolfModel (minecraft@1.20.1)
2277:             3             96  net.minecraft.client.renderer.MultiBufferSource$BufferSource (minecraft@1.20.1)
2278:             3             96  net.minecraft.client.renderer.RenderStateShard$LineStateShard (minecraft@1.20.1)
2279:             3             96  net.minecraft.client.renderer.RenderStateShard$WriteMaskStateShard (minecraft@1.20.1)
2280:             1             96  net.minecraft.client.renderer.debug.DebugRenderer (minecraft@1.20.1)
2281:             3             96  net.minecraft.client.renderer.entity.NoopRenderer (minecraft@1.20.1)
2282:             1             96  net.minecraft.client.sounds.SoundEngine (minecraft@1.20.1)
2283:             6             96  net.minecraft.client.telemetry.TelemetryEventType$$Lambda$6002/0x0000000100eae2e8 (minecraft@1.20.1)
2284:             3             96  net.minecraft.network.chat.ChatTypeDecoration$Parameter (minecraft@1.20.1)
2285:             3             96  net.minecraft.server.packs.repository.PackCompatibility (minecraft@1.20.1)
2286:             3             96  net.minecraft.util.ModCheck$Confidence (minecraft@1.20.1)
2287:             3             96  net.minecraft.util.datafix.fixes.AdvancementsRenameFix (minecraft@1.20.1)
2288:             2             96  net.minecraft.util.datafix.fixes.EntityVariantFix (minecraft@1.20.1)
2289:             6             96  net.minecraft.util.datafix.fixes.SimplestEntityRenameFix$$Lambda$2237/0x00000001008922f8 (minecraft@1.20.1)
2290:             3             96  net.minecraft.util.datafix.fixes.WriteAndReadFix (minecraft@1.20.1)
2291:             4             96  net.minecraft.util.datafix.schemas.V1451_6$$Lambda$1991/0x0000000100858228 (minecraft@1.20.1)
2292:             6             96  net.minecraft.util.datafix.schemas.V702$$Lambda$1889/0x000000010083be50 (minecraft@1.20.1)
2293:             6             96  net.minecraft.util.datafix.schemas.V99$$Lambda$1816/0x000000010081f220 (minecraft@1.20.1)
2294:             6             96  net.minecraft.util.valueproviders.IntProviderType$$Lambda$2920/0x0000000100a58900 (minecraft@1.20.1)
2295:             2             96  net.minecraft.world.effect.AttackDamageMobEffect (minecraft@1.20.1)
2296:             4             96  net.minecraft.world.entity.animal.IronGolem$Crackiness (minecraft@1.20.1)
2297:             3             96  net.minecraft.world.entity.player.ChatVisiblity (minecraft@1.20.1)
2298:             4             96  net.minecraft.world.item.CreativeModeTab$Type (minecraft@1.20.1)
2299:             6             96  net.minecraft.world.item.MobBucketItem$$Lambda$2596/0x00000001009d8fb8 (minecraft@1.20.1)
2300:             6             96  net.minecraft.world.item.MobBucketItem$$Lambda$2597/0x00000001009d91e0 (minecraft@1.20.1)
2301:             6             96  net.minecraft.world.item.MobBucketItem$$Lambda$2598/0x00000001009d9408 (minecraft@1.20.1)
2302:             4             96  net.minecraft.world.item.crafting.SimpleCookingSerializer (minecraft@1.20.1)
2303:             3             96  net.minecraft.world.item.enchantment.DamageEnchantment (minecraft@1.20.1)
2304:             4             96  net.minecraft.world.item.enchantment.Enchantment$Rarity (minecraft@1.20.1)
2305:             3             96  net.minecraft.world.item.enchantment.LootBonusEnchantment (minecraft@1.20.1)
2306:             4             96  net.minecraft.world.level.block.Blocks$$Lambda$1530/0x00000001007331f8 (minecraft@1.20.1)
2307:             1             96  net.minecraft.world.level.block.CarvedPumpkinBlock (minecraft@1.20.1)
2308:             1             96  net.minecraft.world.level.block.CaveVinesBlock (minecraft@1.20.1)
2309:             1             96  net.minecraft.world.level.block.EquipableCarvedPumpkinBlock (minecraft@1.20.1)
2310:             1             96  net.minecraft.world.level.block.FireBlock (minecraft@1.20.1)
2311:             1             96  net.minecraft.world.level.block.KelpBlock (minecraft@1.20.1)
2312:             1             96  net.minecraft.world.level.block.SculkVeinBlock (minecraft@1.20.1)
2313:             1             96  net.minecraft.world.level.block.TwistingVinesBlock (minecraft@1.20.1)
2314:             4             96  net.minecraft.world.level.block.WeatheringCopper$WeatherState (minecraft@1.20.1)
2315:             1             96  net.minecraft.world.level.block.WeepingVinesBlock (minecraft@1.20.1)
2316:             1             96  net.minecraft.world.level.block.entity.ChestBlockEntity (minecraft@1.20.1)
2317:             4             96  net.minecraft.world.level.block.entity.ShulkerBoxBlockEntity$AnimationStatus (minecraft@1.20.1)
2318:             1             96  net.minecraft.world.level.block.entity.TrappedChestBlockEntity (minecraft@1.20.1)
2319:             4             96  net.minecraft.world.level.block.state.properties.BellAttachType (minecraft@1.20.1)
2320:             6             96  net.minecraft.world.level.levelgen.DensityFunctions$Mapped$Type$$Lambda$4137/0x0000000100b6dda0 (minecraft@1.20.1)
2321:             6             96  net.minecraft.world.level.levelgen.feature.treedecorators.TreeDecoratorType (minecraft@1.20.1)
2322:             6             96  net.minecraft.world.level.levelgen.heightproviders.HeightProviderType$$Lambda$2996/0x0000000100a68fc0 (minecraft@1.20.1)
2323:             4             96  net.minecraft.world.level.levelgen.structure.TerrainAdjustment (minecraft@1.20.1)
2324:             6             96  net.minecraft.world.level.levelgen.structure.templatesystem.RuleTestType$$Lambda$2742/0x0000000100a0dbe0 (minecraft@1.20.1)
2325:             3             96  net.minecraft.world.level.levelgen.synth.PerlinSimplexNoise (minecraft@1.20.1)
2326:             4             96  net.minecraftforge.accesstransformer.AccessTransformer$FinalState (accesstransformers@8.0.4)
2327:             4             96  net.minecraftforge.accesstransformer.AccessTransformer$Modifier (accesstransformers@8.0.4)
2328:             6             96  net.minecraftforge.eventbus.ModLauncherFactory (net.minecraftforge.eventbus)
2329:             4             96  net.minecraftforge.fml.earlydisplay.ColourScheme$Colour (fmlearlydisplay@1.20.1-47.4.13)
2330:             3             96  net.minecraftforge.fml.earlydisplay.SimpleBufferBuilder$Element (fmlearlydisplay@1.20.1-47.4.13)
2331:             4             96  net.minecraftforge.fml.loading.progress.Message$MessageType (fmlloader@1.20.1-47.4.13)
2332:             4             96  net.minecraftforge.forgespi.locating.IModFile$Type (net.minecraftforge.forgespi@7.0.1)
2333:             3             96  net.minecraftforge.installer.HashFunction
2334:             6             96  net.minecraftforge.registries.RegistryBuilder$$Lambda$1338/0x0000000100616408 (forge@47.4.13)
2335:             6             96  net.minecraftforge.registries.RegistryBuilder$$Lambda$1339/0x0000000100616630 (forge@47.4.13)
2336:             3             96  net.minecraftforge.registries.RegistryManager (forge@47.4.13)
2337:             4             96  net.minecrell.terminalconsole.util.LoggerNamePatternSelector$LoggerNameSelector (terminalconsoleappender@1.2.0)
2338:             3             96  org.antlr.v4.runtime.VocabularyImpl (org.antlr.antlr4.runtime@4.9.1)
2339:             2             96  org.apache.logging.log4j.core.appender.rolling.RollingFileManager$EmptyQueue (org.apache.logging.log4j.core@2.19.0)
2340:             4             96  org.apache.logging.log4j.core.config.AppenderRef (org.apache.logging.log4j.core@2.19.0)
2341:             4             96  org.apache.logging.log4j.core.jmx.AppenderAdmin (org.apache.logging.log4j.core@2.19.0)
2342:             4             96  org.apache.logging.log4j.core.jmx.LoggerConfigAdmin (org.apache.logging.log4j.core@2.19.0)
2343:             2             96  org.apache.logging.log4j.core.lookup.RuntimeStrSubstitutor (org.apache.logging.log4j.core@2.19.0)
2344:             4             96  org.apache.logging.log4j.core.pattern.MarkerSimpleNamePatternConverter (org.apache.logging.log4j.core@2.19.0)
2345:             4             96  org.apache.logging.log4j.core.pattern.NameAbbreviator$MaxElementAbbreviator (org.apache.logging.log4j.core@2.19.0)
2346:             3             96  org.apache.logging.log4j.core.util.Log4jThreadFactory (org.apache.logging.log4j.core@2.19.0)
2347:             3             96  org.apache.logging.log4j.core.util.datetime.FastDatePrinter (org.apache.logging.log4j.core@2.19.0)
2348:             3             96  org.apache.logging.log4j.core.util.datetime.FixedDateFormat$FixedTimeZoneFormat (org.apache.logging.log4j.core@2.19.0)
2349:             4             96  org.lwjgl.system.Platform$Architecture (org.lwjgl@3.3.1+7)
2350:             4             96  org.lwjgl.system.linux.LinuxLibrary (org.lwjgl@3.3.1+7)
2351:             3             96  org.openjdk.nashorn.internal.ir.LiteralNode$BooleanLiteralNode (org.openjdk.nashorn)
2352:             3             96  org.openjdk.nashorn.internal.ir.LiteralNode$NullLiteralNode (org.openjdk.nashorn)
2353:             4             96  org.openjdk.nashorn.internal.runtime.GlobalConstants (org.openjdk.nashorn)
2354:             1             96  org.openjdk.nashorn.internal.runtime.StructureLoader (org.openjdk.nashorn)
2355:             4             96  org.openjdk.nashorn.internal.runtime.arrays.NonExtensibleArrayFilter (org.openjdk.nashorn)
2356:             4             96  org.spongepowered.asm.mixin.MixinEnvironment$Option$Inherit (org.spongepowered.mixin)
2357:             4             96  org.spongepowered.asm.mixin.MixinEnvironment$Phase (org.spongepowered.mixin)
2358:             4             96  org.spongepowered.asm.mixin.transformer.MixinCoprocessor$ProcessResult (org.spongepowered.mixin)
2359:             4             96  org.spongepowered.asm.service.modlauncher.LoggerAdapterLog4j2 (org.spongepowered.mixin)
2360:             3             96  sun.net.spi.DefaultProxySelector$NonProxyInfo (java.base@17.0.15)
2361:             6             96  sun.security.provider.NativePRNG (java.base@17.0.15)
2362:             3             96  sun.security.ssl.CipherSuite$HashAlg (java.base@17.0.15)
2363:             4             96  sun.security.ssl.CipherType (java.base@17.0.15)
2364:             3             96  sun.security.ssl.ECPointFormatsExtension$ECPointFormat (java.base@17.0.15)
2365:             3             96  sun.security.ssl.SSLTrafficKeyDerivation$KeySchedule (java.base@17.0.15)
2366:             3             96  sun.security.ssl.SignatureScheme$SigAlgParamSpec (java.base@17.0.15)
2367:             3             96  sun.security.util.DisabledAlgorithmConstraints$DenyAfterConstraint (java.base@17.0.15)
2368:             4             96  sun.security.util.DisabledAlgorithmConstraints$UsageConstraint (java.base@17.0.15)
2369:             3             96  sun.security.x509.NetscapeCertTypeExtension (java.base@17.0.15)
2370:             3             96  sun.util.locale.provider.LocaleResources (java.base@17.0.15)
2371:             1             88  [Ljava.util.concurrent.ConcurrentMap; (java.base@17.0.15)
2372:             1             88  [Lnet.minecraft.client.RecipeBookCategories; (minecraft@1.20.1)
2373:             1             88  [Lnet.minecraft.client.resources.DefaultPlayerSkin$SkinType; (minecraft@1.20.1)
2374:             3             88  [Lnet.minecraft.world.level.block.Block; (minecraft@1.20.1)
2375:             3             88  [Lnet.minecraft.world.level.block.MultifaceSpreader$SpreadType; (minecraft@1.20.1)
2376:             3             88  [Lorg.apache.logging.log4j.core.pattern.FormattingInfo; (org.apache.logging.log4j.core@2.19.0)
2377:             1             88  [Lorg.openjdk.nashorn.internal.ir.RuntimeNode$Request; (org.openjdk.nashorn)
2378:             1             88  [Lsun.security.ssl.CipherSuite$KeyExchange; (java.base@17.0.15)
2379:             1             88  com.google.gson.Gson
2380:             1             88  net.minecraft.client.model.AxolotlModel (minecraft@1.20.1)
2381:             1             88  net.minecraft.client.model.BeeModel (minecraft@1.20.1)
2382:             1             88  net.minecraft.client.model.EndermanModel (minecraft@1.20.1)
2383:             1             88  net.minecraft.client.model.WardenModel (minecraft@1.20.1)
2384:             1             88  net.minecraft.world.level.block.CaveVinesPlantBlock (minecraft@1.20.1)
2385:             1             88  net.minecraft.world.level.block.GlowLichenBlock (minecraft@1.20.1)
2386:             1             88  net.minecraft.world.level.block.KelpPlantBlock (minecraft@1.20.1)
2387:             1             88  net.minecraft.world.level.block.LayeredCauldronBlock (minecraft@1.20.1)
2388:             1             88  net.minecraft.world.level.block.PowderSnowCauldronBlock (minecraft@1.20.1)
2389:             1             88  net.minecraft.world.level.block.TwistingVinesPlantBlock (minecraft@1.20.1)
2390:             1             88  net.minecraft.world.level.block.WeepingVinesPlantBlock (minecraft@1.20.1)
2391:             1             88  net.minecraft.world.level.block.WitherRoseBlock (minecraft@1.20.1)
2392:             1             88  net.minecraft.world.level.block.entity.ConduitBlockEntity (minecraft@1.20.1)
2393:             1             88  org.openjdk.nashorn.internal.scripts.JO12 (org.openjdk.nashorn.structures)
2394:             1             88  sun.security.ssl.TransportContext (java.base@17.0.15)
2395:             1             80  [Lcom.mojang.blaze3d.platform.GlStateManager$SourceFactor; (minecraft@1.20.1)
2396:             2             80  [Ljava.lang.OutOfMemoryError; (java.base@17.0.15)
2397:             1             80  [Ljava.time.temporal.ChronoUnit; (java.base@17.0.15)
2398:             2             80  [Ljava.util.stream.StreamOpFlag$Type; (java.base@17.0.15)
2399:             2             80  [Lnet.minecraft.client.gui.font.providers.GlyphProviderType; (minecraft@1.20.1)
2400:             2             80  [Lnet.minecraft.client.renderer.FaceInfo; (minecraft@1.20.1)
2401:             1             80  [Lnet.minecraft.client.resources.model.BlockModelRotation; (minecraft@1.20.1)
2402:             1             80  [Lnet.minecraft.client.resources.model.Material; (minecraft@1.20.1)
2403:             2             80  [Lnet.minecraft.client.telemetry.TelemetryProperty$GameMode; (minecraft@1.20.1)
2404:             1             80  [Lnet.minecraft.world.level.block.entity.ShulkerBoxBlockEntity; (minecraft@1.20.1)
2405:             2             80  [Lnet.minecraft.world.level.block.state.properties.DripstoneThickness; (minecraft@1.20.1)
2406:             2             80  [Lnet.minecraft.world.level.block.state.properties.StairsShape; (minecraft@1.20.1)
2407:             2             80  [Lnet.minecraft.world.level.levelgen.structure.structures.RuinedPortalPiece$VerticalPlacement; (minecraft@1.20.1)
2408:             3             80  [Lnet.minecraft.world.level.levelgen.synth.SimplexNoise; (minecraft@1.20.1)
2409:             1             80  [Lnet.minecraft.world.phys.Vec3; (minecraft@1.20.1)
2410:             1             80  [Lnet.minecraftforge.client.model.IQuadTransformer; (forge@47.4.13)
2411:             2             80  [Lnet.minecraftforge.fml.ModLoadingPhase; (fmlcore@1.20.1-47.4.13)
2412:             4             80  [Lorg.apache.logging.log4j.core.config.AppenderRef; (org.apache.logging.log4j.core@2.19.0)
2413:             2             80  [Lsun.security.jca.ProviderConfig; (java.base@17.0.15)
2414:             1             80  [Lsun.security.ssl.SSLCipher; (java.base@17.0.15)
2415:             1             80  [[Lorg.antlr.v4.runtime.atn.ATNConfig; (org.antlr.antlr4.runtime@4.9.1)
2416:             5             80  com.electronwill.nightconfig.core.InMemoryFormat (com.electronwill.nightconfig.core@3.6.4)
2417:             5             80  com.google.gson.internal.$Gson$Types$GenericArrayTypeImpl
2418:             2             80  com.mojang.blaze3d.shaders.Program$Type (minecraft@1.20.1)
2419:             5             80  com.mojang.serialization.MapCodec$$Lambda$1111/0x0000000100579d60 (datafixerupper@6.0.8)
2420:             2             80  com.sun.jmx.mbeanserver.DefaultMXBeanMappingFactory$TabularMapping (java.management@17.0.15)
2421:             2             80  it.unimi.dsi.fastutil.shorts.Short2ObjectArrayMap (it.unimi.dsi.fastutil@8.5.9)
2422:             2             80  java.lang.invoke.BoundMethodHandle$Species_D (java.base@17.0.15)
2423:             2             80  java.lang.invoke.VarHandleLongs$FieldInstanceReadWrite (java.base@17.0.15)
2424:             2             80  java.lang.invoke.VarHandleReferences$Array (java.base@17.0.15)
2425:             2             80  java.lang.invoke.VarHandleReferences$FieldStaticReadWrite (java.base@17.0.15)
2426:             2             80  java.net.InetAddress$CachedAddresses (java.base@17.0.15)
2427:             2             80  java.time.format.DateTimeFormatterBuilder$FractionPrinterParser (java.base@17.0.15)
2428:             2             80  java.util.Locale$Category (java.base@17.0.15)
2429:             5             80  java.util.TreeMap$KeySet (java.base@17.0.15)
2430:             5             80  java.util.TreeSet (java.base@17.0.15)
2431:             1             80  jdk.internal.event.X509CertificateEvent (java.base@17.0.15)
2432:             1             80  jdk.internal.icu.impl.NormalizerImpl (java.base@17.0.15)
2433:             2             80  jdk.internal.icu.impl.Trie2$UTrie2Header (java.base@17.0.15)
2434:             2             80  jdk.internal.loader.URLClassPath (java.base@17.0.15)
2435:             5             80  jdk.proxy1.$Proxy0 (jdk.proxy1)
2436:             5             80  jdk.proxy1.$Proxy8 (jdk.proxy1)
2437:             5             80  jdk.proxy1.$Proxy9 (jdk.proxy1)
2438:             5             80  jdk.proxy2.$Proxy16 (jdk.proxy2)
2439:             2             80  joptsimple.OptionalArgumentOptionSpec (jopt.simple@5.0.4)
2440:             1             80  net.minecraft.client.model.ChickenModel (minecraft@1.20.1)
2441:             1             80  net.minecraft.client.model.FoxModel (minecraft@1.20.1)
2442:             1             80  net.minecraft.client.model.OcelotModel (minecraft@1.20.1)
2443:             1             80  net.minecraft.client.model.PandaModel (minecraft@1.20.1)
2444:             1             80  net.minecraft.client.model.RabbitModel (minecraft@1.20.1)
2445:             2             80  net.minecraft.client.model.ShulkerModel (minecraft@1.20.1)
2446:             5             80  net.minecraft.client.renderer.block.model.multipart.OrCondition (minecraft@1.20.1)
2447:             2             80  net.minecraft.client.renderer.entity.ChestedHorseRenderer (minecraft@1.20.1)
2448:             2             80  net.minecraft.client.renderer.entity.ItemFrameRenderer (minecraft@1.20.1)
2449:             2             80  net.minecraft.client.renderer.entity.LlamaRenderer (minecraft@1.20.1)
2450:             2             80  net.minecraft.client.renderer.entity.UndeadHorseRenderer (minecraft@1.20.1)
2451:             2             80  net.minecraft.client.renderer.entity.player.PlayerRenderer (minecraft@1.20.1)
2452:             5             80  net.minecraft.client.renderer.texture.atlas.SpriteSourceType (minecraft@1.20.1)
2453:             2             80  net.minecraft.util.SmoothDouble (minecraft@1.20.1)
2454:             2             80  net.minecraft.util.datafix.fixes.BlockEntitySignDoubleSidedEditableTextFix (minecraft@1.20.1)
2455:             2             80  net.minecraft.util.datafix.fixes.CriteriaRenameFix (minecraft@1.20.1)
2456:             2             80  net.minecraft.util.datafix.fixes.GossipUUIDFix (minecraft@1.20.1)
2457:             2             80  net.minecraft.util.datafix.fixes.VillagerDataFix (minecraft@1.20.1)
2458:             5             80  net.minecraft.util.datafix.schemas.V700$$Lambda$1885/0x000000010083b060 (minecraft@1.20.1)
2459:             1             80  net.minecraft.world.level.block.AmethystBlock (minecraft@1.20.1)
2460:             1             80  net.minecraft.world.level.block.BambooSaplingBlock (minecraft@1.20.1)
2461:             1             80  net.minecraft.world.level.block.BambooStalkBlock (minecraft@1.20.1)
2462:             1             80  net.minecraft.world.level.block.BarrelBlock (minecraft@1.20.1)
2463:             1             80  net.minecraft.world.level.block.BarrierBlock (minecraft@1.20.1)
2464:             1             80  net.minecraft.world.level.block.BeaconBlock (minecraft@1.20.1)
2465:             1             80  net.minecraft.world.level.block.BeetrootBlock (minecraft@1.20.1)
2466:             1             80  net.minecraft.world.level.block.BellBlock (minecraft@1.20.1)
2467:             1             80  net.minecraft.world.level.block.BigDripleafBlock (minecraft@1.20.1)
2468:             1             80  net.minecraft.world.level.block.BigDripleafStemBlock (minecraft@1.20.1)
2469:             1             80  net.minecraft.world.level.block.BlastFurnaceBlock (minecraft@1.20.1)
2470:             1             80  net.minecraft.world.level.block.BrewingStandBlock (minecraft@1.20.1)
2471:             1             80  net.minecraft.world.level.block.BubbleColumnBlock (minecraft@1.20.1)
2472:             1             80  net.minecraft.world.level.block.BuddingAmethystBlock (minecraft@1.20.1)
2473:             1             80  net.minecraft.world.level.block.CactusBlock (minecraft@1.20.1)
2474:             1             80  net.minecraft.world.level.block.CakeBlock (minecraft@1.20.1)
2475:             1             80  net.minecraft.world.level.block.CalibratedSculkSensorBlock (minecraft@1.20.1)
2476:             1             80  net.minecraft.world.level.block.CarpetBlock (minecraft@1.20.1)
2477:             1             80  net.minecraft.world.level.block.CarrotBlock (minecraft@1.20.1)
2478:             1             80  net.minecraft.world.level.block.CartographyTableBlock (minecraft@1.20.1)
2479:             1             80  net.minecraft.world.level.block.CauldronBlock (minecraft@1.20.1)
2480:             1             80  net.minecraft.world.level.block.ChainBlock (minecraft@1.20.1)
2481:             1             80  net.minecraft.world.level.block.CherryLeavesBlock (minecraft@1.20.1)
2482:             1             80  net.minecraft.world.level.block.ChestBlock (minecraft@1.20.1)
2483:             1             80  net.minecraft.world.level.block.ChiseledBookShelfBlock (minecraft@1.20.1)
2484:             1             80  net.minecraft.world.level.block.ChorusFlowerBlock (minecraft@1.20.1)
2485:             1             80  net.minecraft.world.level.block.ChorusPlantBlock (minecraft@1.20.1)
2486:             1             80  net.minecraft.world.level.block.CocoaBlock (minecraft@1.20.1)
2487:             1             80  net.minecraft.world.level.block.ComparatorBlock (minecraft@1.20.1)
2488:             1             80  net.minecraft.world.level.block.ComposterBlock (minecraft@1.20.1)
2489:             1             80  net.minecraft.world.level.block.ConduitBlock (minecraft@1.20.1)
2490:             1             80  net.minecraft.world.level.block.CraftingTableBlock (minecraft@1.20.1)
2491:             1             80  net.minecraft.world.level.block.CropBlock (minecraft@1.20.1)
2492:             1             80  net.minecraft.world.level.block.CryingObsidianBlock (minecraft@1.20.1)
2493:             1             80  net.minecraft.world.level.block.DaylightDetectorBlock (minecraft@1.20.1)
2494:             1             80  net.minecraft.world.level.block.DeadBushBlock (minecraft@1.20.1)
2495:             1             80  net.minecraft.world.level.block.DecoratedPotBlock (minecraft@1.20.1)
2496:             1             80  net.minecraft.world.level.block.DetectorRailBlock (minecraft@1.20.1)
2497:             1             80  net.minecraft.world.level.block.DirtPathBlock (minecraft@1.20.1)
2498:             1             80  net.minecraft.world.level.block.DispenserBlock (minecraft@1.20.1)
2499:             1             80  net.minecraft.world.level.block.DragonEggBlock (minecraft@1.20.1)
2500:             1             80  net.minecraft.world.level.block.DropperBlock (minecraft@1.20.1)
2501:             1             80  net.minecraft.world.level.block.EnchantmentTableBlock (minecraft@1.20.1)
2502:             1             80  net.minecraft.world.level.block.EndGatewayBlock (minecraft@1.20.1)
2503:             1             80  net.minecraft.world.level.block.EndPortalBlock (minecraft@1.20.1)
2504:             1             80  net.minecraft.world.level.block.EndPortalFrameBlock (minecraft@1.20.1)
2505:             1             80  net.minecraft.world.level.block.EndRodBlock (minecraft@1.20.1)
2506:             1             80  net.minecraft.world.level.block.EnderChestBlock (minecraft@1.20.1)
2507:             1             80  net.minecraft.world.level.block.FarmBlock (minecraft@1.20.1)
2508:             1             80  net.minecraft.world.level.block.FletchingTableBlock (minecraft@1.20.1)
2509:             1             80  net.minecraft.world.level.block.FrogspawnBlock (minecraft@1.20.1)
2510:             1             80  net.minecraft.world.level.block.FrostedIceBlock (minecraft@1.20.1)
2511:             1             80  net.minecraft.world.level.block.FurnaceBlock (minecraft@1.20.1)
2512:             1             80  net.minecraft.world.level.block.GlassBlock (minecraft@1.20.1)
2513:             1             80  net.minecraft.world.level.block.GrassBlock (minecraft@1.20.1)
2514:             1             80  net.minecraft.world.level.block.GravelBlock (minecraft@1.20.1)
2515:             1             80  net.minecraft.world.level.block.GrindstoneBlock (minecraft@1.20.1)
2516:             1             80  net.minecraft.world.level.block.HalfTransparentBlock (minecraft@1.20.1)
2517:             1             80  net.minecraft.world.level.block.HangingRootsBlock (minecraft@1.20.1)
2518:             1             80  net.minecraft.world.level.block.HayBlock (minecraft@1.20.1)
2519:             1             80  net.minecraft.world.level.block.HoneyBlock (minecraft@1.20.1)
2520:             1             80  net.minecraft.world.level.block.HopperBlock (minecraft@1.20.1)
2521:             1             80  net.minecraft.world.level.block.IceBlock (minecraft@1.20.1)
2522:             1             80  net.minecraft.world.level.block.InfestedRotatedPillarBlock (minecraft@1.20.1)
2523:             1             80  net.minecraft.world.level.block.JigsawBlock (minecraft@1.20.1)
2524:             1             80  net.minecraft.world.level.block.JukeboxBlock (minecraft@1.20.1)
2525:             1             80  net.minecraft.world.level.block.LadderBlock (minecraft@1.20.1)
2526:             1             80  net.minecraft.world.level.block.LavaCauldronBlock (minecraft@1.20.1)
2527:             1             80  net.minecraft.world.level.block.LecternBlock (minecraft@1.20.1)
2528:             1             80  net.minecraft.world.level.block.LeverBlock (minecraft@1.20.1)
2529:             1             80  net.minecraft.world.level.block.LightBlock (minecraft@1.20.1)
2530:             1             80  net.minecraft.world.level.block.LightningRodBlock (minecraft@1.20.1)
2531:             1             80  net.minecraft.world.level.block.LoomBlock (minecraft@1.20.1)
2532:             1             80  net.minecraft.world.level.block.MagmaBlock (minecraft@1.20.1)
2533:             1             80  net.minecraft.world.level.block.MangroveLeavesBlock (minecraft@1.20.1)
2534:             1             80  net.minecraft.world.level.block.MangrovePropaguleBlock (minecraft@1.20.1)
2535:             1             80  net.minecraft.world.level.block.MangroveRootsBlock (minecraft@1.20.1)
2536:             1             80  net.minecraft.world.level.block.MelonBlock (minecraft@1.20.1)
2537:             1             80  net.minecraft.world.level.block.MossBlock (minecraft@1.20.1)
2538:             1             80  net.minecraft.world.level.block.MudBlock (minecraft@1.20.1)
2539:             1             80  net.minecraft.world.level.block.MyceliumBlock (minecraft@1.20.1)
2540:             1             80  net.minecraft.world.level.block.NetherPortalBlock (minecraft@1.20.1)
2541:             1             80  net.minecraft.world.level.block.NetherSproutsBlock (minecraft@1.20.1)
2542:             1             80  net.minecraft.world.level.block.NetherWartBlock (minecraft@1.20.1)
2543:             1             80  net.minecraft.world.level.block.NetherrackBlock (minecraft@1.20.1)
2544:             1             80  net.minecraft.world.level.block.NoteBlock (minecraft@1.20.1)
2545:             1             80  net.minecraft.world.level.block.ObserverBlock (minecraft@1.20.1)
2546:             1             80  net.minecraft.world.level.block.PiglinWallSkullBlock (minecraft@1.20.1)
2547:             1             80  net.minecraft.world.level.block.PinkPetalsBlock (minecraft@1.20.1)
2548:             1             80  net.minecraft.world.level.block.PitcherCropBlock (minecraft@1.20.1)
2549:             1             80  net.minecraft.world.level.block.PlayerHeadBlock (minecraft@1.20.1)
2550:             1             80  net.minecraft.world.level.block.PlayerWallHeadBlock (minecraft@1.20.1)
2551:             1             80  net.minecraft.world.level.block.PointedDripstoneBlock (minecraft@1.20.1)
2552:             1             80  net.minecraft.world.level.block.PotatoBlock (minecraft@1.20.1)
2553:             1             80  net.minecraft.world.level.block.PowderSnowBlock (minecraft@1.20.1)
2554:             1             80  net.minecraft.world.level.block.PoweredBlock (minecraft@1.20.1)
2555:             1             80  net.minecraft.world.level.block.PumpkinBlock (minecraft@1.20.1)
2556:             1             80  net.minecraft.world.level.block.RailBlock (minecraft@1.20.1)
2557:             1             80  net.minecraft.world.level.block.RedStoneWireBlock (minecraft@1.20.1)
2558:             1             80  net.minecraft.world.level.block.RedstoneLampBlock (minecraft@1.20.1)
2559:             1             80  net.minecraft.world.level.block.RedstoneTorchBlock (minecraft@1.20.1)
2560:             1             80  net.minecraft.world.level.block.RedstoneWallTorchBlock (minecraft@1.20.1)
2561:             1             80  net.minecraft.world.level.block.RepeaterBlock (minecraft@1.20.1)
2562:             1             80  net.minecraft.world.level.block.RespawnAnchorBlock (minecraft@1.20.1)
2563:             1             80  net.minecraft.world.level.block.RootedDirtBlock (minecraft@1.20.1)
2564:             1             80  net.minecraft.world.level.block.ScaffoldingBlock (minecraft@1.20.1)
2565:             1             80  net.minecraft.world.level.block.SculkBlock (minecraft@1.20.1)
2566:             1             80  net.minecraft.world.level.block.SculkCatalystBlock (minecraft@1.20.1)
2567:             1             80  net.minecraft.world.level.block.SculkSensorBlock (minecraft@1.20.1)
2568:             1             80  net.minecraft.world.level.block.SculkShriekerBlock (minecraft@1.20.1)
2569:             1             80  net.minecraft.world.level.block.SeaPickleBlock (minecraft@1.20.1)
2570:             1             80  net.minecraft.world.level.block.SeagrassBlock (minecraft@1.20.1)
2571:             1             80  net.minecraft.world.level.block.SlimeBlock (minecraft@1.20.1)
2572:             1             80  net.minecraft.world.level.block.SmallDripleafBlock (minecraft@1.20.1)
2573:             1             80  net.minecraft.world.level.block.SmithingTableBlock (minecraft@1.20.1)
2574:             1             80  net.minecraft.world.level.block.SmokerBlock (minecraft@1.20.1)
2575:             1             80  net.minecraft.world.level.block.SnifferEggBlock (minecraft@1.20.1)
2576:             1             80  net.minecraft.world.level.block.SnowLayerBlock (minecraft@1.20.1)
2577:             1             80  net.minecraft.world.level.block.SnowyDirtBlock (minecraft@1.20.1)
2578:             1             80  net.minecraft.world.level.block.SoulFireBlock (minecraft@1.20.1)
2579:             1             80  net.minecraft.world.level.block.SoulSandBlock (minecraft@1.20.1)
2580:             1             80  net.minecraft.world.level.block.SpawnerBlock (minecraft@1.20.1)
2581:             1             80  net.minecraft.world.level.block.SpongeBlock (minecraft@1.20.1)
2582:             1             80  net.minecraft.world.level.block.SporeBlossomBlock (minecraft@1.20.1)
2583:             1             80  net.minecraft.world.level.block.StonecutterBlock (minecraft@1.20.1)
2584:             1             80  net.minecraft.world.level.block.StructureBlock (minecraft@1.20.1)
2585:             1             80  net.minecraft.world.level.block.StructureVoidBlock (minecraft@1.20.1)
2586:             1             80  net.minecraft.world.level.block.SugarCaneBlock (minecraft@1.20.1)
2587:             1             80  net.minecraft.world.level.block.SweetBerryBushBlock (minecraft@1.20.1)
2588:             1             80  net.minecraft.world.level.block.TallSeagrassBlock (minecraft@1.20.1)
2589:             1             80  net.minecraft.world.level.block.TargetBlock (minecraft@1.20.1)
2590:             1             80  net.minecraft.world.level.block.TintedGlassBlock (minecraft@1.20.1)
2591:             1             80  net.minecraft.world.level.block.TntBlock (minecraft@1.20.1)
2592:             1             80  net.minecraft.world.level.block.TorchflowerCropBlock (minecraft@1.20.1)
2593:             1             80  net.minecraft.world.level.block.TrappedChestBlock (minecraft@1.20.1)
2594:             1             80  net.minecraft.world.level.block.TripWireBlock (minecraft@1.20.1)
2595:             1             80  net.minecraft.world.level.block.TripWireHookBlock (minecraft@1.20.1)
2596:             1             80  net.minecraft.world.level.block.TurtleEggBlock (minecraft@1.20.1)
2597:             1             80  net.minecraft.world.level.block.VineBlock (minecraft@1.20.1)
2598:             1             80  net.minecraft.world.level.block.WaterlilyBlock (minecraft@1.20.1)
2599:             1             80  net.minecraft.world.level.block.WebBlock (minecraft@1.20.1)
2600:             1             80  net.minecraft.world.level.block.WetSpongeBlock (minecraft@1.20.1)
2601:             1             80  net.minecraft.world.level.block.WitherSkullBlock (minecraft@1.20.1)
2602:             1             80  net.minecraft.world.level.block.WitherWallSkullBlock (minecraft@1.20.1)
2603:             1             80  net.minecraft.world.level.block.piston.MovingPistonBlock (minecraft@1.20.1)
2604:             1             80  net.minecraft.world.level.block.piston.PistonHeadBlock (minecraft@1.20.1)
2605:             5             80  net.minecraft.world.level.levelgen.DensityFunctions$Marker$Type$$Lambda$4092/0x0000000100b63d28 (minecraft@1.20.1)
2606:             2             80  net.minecraft.world.level.levelgen.DensityFunctions$WeirdScaledSampler$RarityValueMapper (minecraft@1.20.1)
2607:             5             80  net.minecraft.world.level.levelgen.placement.HeightRangePlacement (minecraft@1.20.1)
2608:             5             80  net.minecraft.world.level.levelgen.structure.pools.StructurePoolElementType$$Lambda$4176/0x0000000100b793f8 (minecraft@1.20.1)
2609:             2             80  net.minecraft.world.level.levelgen.structure.structures.MineshaftStructure$Type (minecraft@1.20.1)
2610:             1             80  net.minecraftforge.client.gui.LoadingErrorScreen$LoadingEntryList (forge@47.4.13)
2611:             1             80  net.minecraftforge.client.loading.ForgeLoadingOverlay (forge@47.4.13)
2612:             2             80  net.minecraftforge.common.ForgeConfigSpec$Builder (forge@47.4.13)
2613:             1             80  net.minecraftforge.eventbus.ClassLoaderFactory$ASMClassLoader (net.minecraftforge.eventbus)
2614:             1             80  net.minecraftforge.fml.loading.FMLServiceProvider (fmlloader@1.20.1-47.4.13)
2615:             5             80  net.minecraftforge.network.NetworkInstance$$Lambda$4256/0x0000000100b99728 (forge@47.4.13)
2616:             5             80  org.apache.commons.lang3.text.StrMatcher$CharMatcher (org.apache.commons.lang3@3.12.0)
2617:             2             80  org.apache.logging.log4j.core.appender.rolling.DefaultRolloverStrategy (org.apache.logging.log4j.core@2.19.0)
2618:             5             80  org.apache.logging.log4j.core.config.AppenderControlArraySet (org.apache.logging.log4j.core@2.19.0)
2619:             5             80  org.apache.logging.log4j.core.lookup.StrMatcher$CharMatcher (org.apache.logging.log4j.core@2.19.0)
2620:             2             80  org.apache.logging.log4j.core.util.WatchManager (org.apache.logging.log4j.core@2.19.0)
2621:             1             80  org.openjdk.nashorn.internal.scripts.JO8P0 (org.openjdk.nashorn.structures)
2622:             1             80  org.openjdk.nashorn.internal.scripts.JO9P0 (org.openjdk.nashorn.structures)
2623:             2             80  org.spongepowered.asm.mixin.injection.selectors.TargetSelector$DynamicSelectorEntry (org.spongepowered.mixin)
2624:             2             80  org.spongepowered.asm.mixin.transformer.MixinConfig$InjectorOptions (org.spongepowered.mixin)
2625:             2             80  sun.management.MemoryManagerImpl (java.management@17.0.15)
2626:             1             80  sun.nio.ch.NioSocketImpl (java.base@17.0.15)
2627:             2             80  sun.security.ec.XECParameters (jdk.crypto.ec@17.0.15)
2628:             5             80  sun.security.ssl.SSLCipher$T10BlockReadCipherGenerator (java.base@17.0.15)
2629:             5             80  sun.security.ssl.SSLCipher$T10BlockWriteCipherGenerator (java.base@17.0.15)
2630:             1             80  sun.security.ssl.SSLConfiguration (java.base@17.0.15)
2631:             2             80  sun.security.ssl.SSLSessionContextImpl (java.base@17.0.15)
2632:             1             80  sun.security.ssl.SSLSocketImpl (java.base@17.0.15)
2633:             1             80  sun.util.cldr.CLDRLocaleProviderAdapter (java.base@17.0.15)
2634:             1             80  sun.util.locale.provider.JRELocaleProviderAdapter (java.base@17.0.15)
2635:             1             72  [Lcom.llamalad7.mixinextras.service.MixinExtrasVersion; (MixinExtras@0.5.3)
2636:             1             72  [Lcom.mojang.blaze3d.platform.GlStateManager$DestFactor; (minecraft@1.20.1)
2637:             1             72  [Ljavax.management.openmbean.SimpleType; (java.management@17.0.15)
2638:             3             72  [Lnet.minecraft.world.effect.MobEffectInstance; (minecraft@1.20.1)
2639:             1             72  [Lnet.minecraft.world.item.enchantment.EnchantmentCategory; (minecraft@1.20.1)
2640:             3             72  [Lnet.minecraft.world.level.levelgen.GenerationStep$Carving; (minecraft@1.20.1)
2641:             3             72  [Lnet.minecraft.world.level.levelgen.structure.structures.MineshaftStructure$Type; (minecraft@1.20.1)
2642:             1             72  [Lnet.minecraftforge.fml.loading.FMLConfig$ConfigValue; (fmlloader@1.20.1-47.4.13)
2643:             2             72  [Lorg.apache.logging.log4j.core.pattern.ArrayPatternConverter; (org.apache.logging.log4j.core@2.19.0)
2644:             1             72  [Lorg.spongepowered.asm.mixin.MixinEnvironment$CompatibilityLevel; (org.spongepowered.mixin)
2645:             1             72  [Loshi.PlatformEnum; (com.github.oshi@6.2.2)
2646:             3             72  com.google.gson.internal.bind.ArrayTypeAdapter
2647:             3             72  com.google.gson.internal.bind.CollectionTypeAdapterFactory$Adapter (com.google.gson@2.10)
2648:             3             72  com.google.gson.internal.bind.TypeAdapters$34 (com.google.gson@2.10)
2649:             3             72  com.llamalad7.mixinextras.service.Versioned (MixinExtras@0.5.3)
2650:             3             72  com.mojang.serialization.Decoder$3 (datafixerupper@6.0.8)
2651:             3             72  com.sun.jna.NativeLibrary$NativeLibraryDisposer (com.sun.jna@5.12.1)
2652:             3             72  cpw.mods.modlauncher.api.INameMappingService$Domain (cpw.mods.modlauncher@10.0.9)
2653:             3             72  cpw.mods.modlauncher.api.ITransformerActivity$Type (cpw.mods.modlauncher@10.0.9)
2654:             3             72  java.lang.ProcessImpl$LaunchMechanism (java.base@17.0.15)
2655:             3             72  java.lang.StackStreamFactory$WalkerState (java.base@17.0.15)
2656:             3             72  java.lang.StackWalker$Option (java.base@17.0.15)
2657:             3             72  java.lang.WeakPairMap (java.base@17.0.15)
2658:             3             72  java.lang.annotation.RetentionPolicy (java.base@17.0.15)
2659:             3             72  java.lang.invoke.MethodHandleImpl$ArrayAccess (java.base@17.0.15)
2660:             3             72  java.lang.invoke.VarHandle$VarHandleDesc$Kind (java.base@17.0.15)
2661:             3             72  java.net.Proxy$Type (java.base@17.0.15)
2662:             3             72  java.net.StandardProtocolFamily (java.base@17.0.15)
2663:             3             72  java.nio.file.AccessMode (java.base@17.0.15)
2664:             3             72  java.nio.file.FileTreeWalker$EventType (java.base@17.0.15)
2665:             3             72  java.nio.file.StandardCopyOption (java.base@17.0.15)
2666:             3             72  java.security.SecurityPermission (java.base@17.0.15)
2667:             3             72  java.time.ZonedDateTime (java.base@17.0.15)
2668:             3             72  java.time.format.ResolverStyle (java.base@17.0.15)
2669:             3             72  java.time.zone.ZoneOffsetTransitionRule$TimeDefinition (java.base@17.0.15)
2670:             3             72  java.util.Collections$3 (java.base@17.0.15)
2671:             3             72  java.util.concurrent.Executors$RunnableAdapter (java.base@17.0.15)
2672:             3             72  java.util.logging.Logger$LoggerBundle (java.logging@17.0.15)
2673:             3             72  java.util.regex.Pattern$Pos (java.base@17.0.15)
2674:             3             72  java.util.stream.Collector$Characteristics (java.base@17.0.15)
2675:             3             72  java.util.stream.MatchOps$MatchKind (java.base@17.0.15)
2676:             3             72  jdk.dynalink.BiClassValue$RetentionDirection (jdk.dynalink@17.0.15)
2677:             3             72  jdk.dynalink.StandardNamespace (jdk.dynalink@17.0.15)
2678:             3             72  jdk.internal.icu.util.CodePointTrie$ValueWidth (java.base@17.0.15)
2679:             3             72  jdk.internal.math.FloatingDecimal$ExceptionalBinaryToASCIIBuffer (java.base@17.0.15)
2680:             3             72  jdk.internal.misc.Signal (java.base@17.0.15)
2681:             3             72  net.fabricmc.loader.api.metadata.ModOrigin$Kind (net.fabricmc.loader@2.6.0+0.15.0+1.20.1-full)
2682:             3             72  net.minecraft.Util$$Lambda$3908/0x0000000100b368f8 (minecraft@1.20.1)
2683:             3             72  net.minecraft.Util$OS (minecraft@1.20.1)
2684:             3             72  net.minecraft.client.CameraType (minecraft@1.20.1)
2685:             3             72  net.minecraft.client.ResourceLoadStateTracker$ReloadReason (minecraft@1.20.1)
2686:             3             72  net.minecraft.client.User$Type (minecraft@1.20.1)
2687:             3             72  net.minecraft.client.gui.narration.NarratableEntry$NarrationPriority (minecraft@1.20.1)
2688:             3             72  net.minecraft.client.gui.narration.NarrationThunk (minecraft@1.20.1)
2689:             1             72  net.minecraft.client.model.GoatModel (minecraft@1.20.1)
2690:             1             72  net.minecraft.client.model.PolarBearModel (minecraft@1.20.1)
2691:             1             72  net.minecraft.client.model.SheepFurModel (minecraft@1.20.1)
2692:             1             72  net.minecraft.client.model.SheepModel (minecraft@1.20.1)
2693:             1             72  net.minecraft.client.model.TurtleModel (minecraft@1.20.1)
2694:             3             72  net.minecraft.client.renderer.DimensionSpecialEffects$SkyType (minecraft@1.20.1)
2695:             3             72  net.minecraft.client.renderer.RenderStateShard$LayeringStateShard (minecraft@1.20.1)
2696:             3             72  net.minecraft.client.renderer.RenderStateShard$TexturingStateShard (minecraft@1.20.1)
2697:             3             72  net.minecraft.client.renderer.RenderType$OutlineProperty (minecraft@1.20.1)
2698:             1             72  net.minecraft.client.renderer.entity.EntityRenderDispatcher (minecraft@1.20.1)
2699:             3             72  net.minecraft.client.renderer.texture.DynamicTexture (minecraft@1.20.1)
2700:             3             72  net.minecraft.client.sounds.SoundEngine$DeviceCheckState (minecraft@1.20.1)
2701:             3             72  net.minecraft.client.telemetry.TelemetryProperty$ServerType (minecraft@1.20.1)
2702:             3             72  net.minecraft.server.packs.metadata.MetadataSectionType$1 (minecraft@1.20.1)
2703:             3             72  net.minecraft.util.ByIdMap$OutOfBoundsStrategy (minecraft@1.20.1)
2704:             3             72  net.minecraft.util.ExtraCodecs$$Lambda$3705/0x0000000100b106c8 (minecraft@1.20.1)
2705:             3             72  net.minecraft.util.ExtraCodecs$$Lambda$3711/0x0000000100b11450 (minecraft@1.20.1)
2706:             3             72  net.minecraft.util.ExtraCodecs$$Lambda$3715/0x0000000100b11d60 (minecraft@1.20.1)
2707:             3             72  net.minecraft.util.datafix.fixes.ItemStackTagFix$$Lambda$2301/0x00000001008aea30 (minecraft@1.20.1)
2708:             3             72  net.minecraft.world.effect.MobEffectCategory (minecraft@1.20.1)
2709:             3             72  net.minecraft.world.entity.ai.attributes.AttributeModifier$Operation (minecraft@1.20.1)
2710:             3             72  net.minecraft.world.flag.FeatureFlagSet (minecraft@1.20.1)
2711:             3             72  net.minecraft.world.level.block.RenderShape (minecraft@1.20.1)
2712:             1             72  net.minecraft.world.level.block.entity.BannerBlockEntity (minecraft@1.20.1)
2713:             3             72  net.minecraft.world.level.block.entity.ChestLidController (minecraft@1.20.1)
2714:             3             72  net.minecraft.world.level.block.state.BlockBehaviour$OffsetType (minecraft@1.20.1)
2715:             3             72  net.minecraft.world.level.block.state.properties.AttachFace (minecraft@1.20.1)
2716:             3             72  net.minecraft.world.level.block.state.properties.BambooLeaves (minecraft@1.20.1)
2717:             3             72  net.minecraft.world.level.block.state.properties.ChestType (minecraft@1.20.1)
2718:             3             72  net.minecraft.world.level.block.state.properties.NoteBlockInstrument$Type (minecraft@1.20.1)
2719:             3             72  net.minecraft.world.level.block.state.properties.RedstoneSide (minecraft@1.20.1)
2720:             3             72  net.minecraft.world.level.block.state.properties.SculkSensorPhase (minecraft@1.20.1)
2721:             3             72  net.minecraft.world.level.block.state.properties.SlabType (minecraft@1.20.1)
2722:             3             72  net.minecraft.world.level.block.state.properties.WallSide (minecraft@1.20.1)
2723:             3             72  net.minecraft.world.level.levelgen.Heightmap$Usage (minecraft@1.20.1)
2724:             3             72  net.minecraft.world.level.pathfinder.PathComputationType (minecraft@1.20.1)
2725:             3             72  net.minecraft.world.phys.shapes.OffsetDoubleList (minecraft@1.20.1)
2726:             3             72  net.minecraftforge.accesstransformer.TargetType (accesstransformers@8.0.4)
2727:             3             72  net.minecraftforge.eventbus.api.Event$Result (net.minecraftforge.eventbus)
2728:             3             72  net.minecraftforge.fml.config.ModConfig$Type (fmlcore@1.20.1-47.4.13)
2729:             3             72  net.minecraftforge.fml.earlydisplay.ElementShader$RenderType (fmlearlydisplay@1.20.1-47.4.13)
2730:             3             72  net.minecraftforge.forgespi.language.IModInfo$DependencySide (net.minecraftforge.forgespi@7.0.1)
2731:             3             72  net.minecraftforge.forgespi.language.IModInfo$Ordering (net.minecraftforge.forgespi@7.0.1)
2732:             3             72  net.minecraftforge.installer.actions.ProgressCallback$MessagePriority
2733:             3             72  org.antlr.v4.runtime.CodePointBuffer$Type (org.antlr.antlr4.runtime@4.9.1)
2734:             3             72  org.antlr.v4.runtime.atn.PredictionMode (org.antlr.antlr4.runtime@4.9.1)
2735:             3             72  org.apache.commons.io.StandardLineSeparator (org.apache.commons.io@2.11.0)
2736:             3             72  org.apache.commons.lang3.text.translate.JavaUnicodeEscaper (org.apache.commons.lang3@3.12.0)
2737:             3             72  org.apache.commons.lang3.text.translate.NumericEntityUnescaper$OPTION (org.apache.commons.lang3@3.12.0)
2738:             3             72  org.apache.logging.log4j.core.Filter$Result (org.apache.logging.log4j.core@2.19.0)
2739:             3             72  org.apache.logging.log4j.core.util.datetime.FastDateFormat (org.apache.logging.log4j.core@2.19.0)
2740:             3             72  org.apache.logging.log4j.core.util.datetime.FastDatePrinter$PaddedNumberField (org.apache.logging.log4j.core@2.19.0)
2741:             3             72  org.apache.logging.log4j.core.util.datetime.FormatCache$MultipartKey (org.apache.logging.log4j.core@2.19.0)
2742:             3             72  org.lwjgl.Version$BuildType (org.lwjgl@3.3.1+7)
2743:             3             72  org.openjdk.nashorn.internal.runtime.Context$FieldMode (org.openjdk.nashorn)
2744:             3             72  org.openjdk.nashorn.internal.runtime.ScriptEnvironment$AnonymousClasses (org.openjdk.nashorn)
2745:             3             72  org.openjdk.nashorn.internal.runtime.ScriptEnvironment$FunctionStatementBehavior (org.openjdk.nashorn)
2746:             1             72  org.openjdk.nashorn.internal.scripts.JO8 (org.openjdk.nashorn.structures)
2747:             3             72  org.prismlauncher.EntryPoint$PreLaunchAction
2748:             3             72  org.spongepowered.asm.launch.platform.IMixinPlatformAgent$AcceptResult (org.spongepowered.mixin)
2749:             1             72  org.spongepowered.asm.mixin.transformer.MixinProcessor (org.spongepowered.mixin)
2750:             3             72  org.spongepowered.asm.mixin.transformer.PluginHandle$CompatibilityMode (org.spongepowered.mixin)
2751:             3             72  sun.management.ManagementFactoryHelper$1 (java.management@17.0.15)
2752:             3             72  sun.net.www.protocol.http.HttpURLConnection$TunnelState (java.base@17.0.15)
2753:             3             72  sun.security.provider.NativePRNG$Variant (java.base@17.0.15)
2754:             3             72  sun.security.provider.certpath.OCSP$RevocationStatus$CertStatus (java.base@17.0.15)
2755:             3             72  sun.security.ssl.ClientAuthType (java.base@17.0.15)
2756:             2             64  [Lcom.mojang.blaze3d.pipeline.MainTarget$AttachmentState; (minecraft@1.20.1)
2757:             1             64  [Lcom.mojang.blaze3d.platform.GlStateManager$TextureState; (minecraft@1.20.1)
2758:             2             64  [Lcpw.mods.modlauncher.TransformTargetLabel$LabelType; (cpw.mods.modlauncher@10.0.9)
2759:             2             64  [Lcpw.mods.modlauncher.api.ITransformer$TargetType; (cpw.mods.modlauncher@10.0.9)
2760:             2             64  [Ljava.lang.ProcessImpl$LaunchMechanism; (java.base@17.0.15)
2761:             2             64  [Ljava.lang.StackWalker$Option; (java.base@17.0.15)
2762:             2             64  [Ljava.lang.annotation.RetentionPolicy; (java.base@17.0.15)
2763:             1             64  [Ljava.lang.invoke.MethodHandleImpl$Intrinsic; (java.base@17.0.15)
2764:             2             64  [Ljava.lang.module.ModuleDescriptor$Requires$Modifier; (java.base@17.0.15)
2765:             2             64  [Ljava.nio.charset.CoderResult; (java.base@17.0.15)
2766:             3             64  [Ljava.security.cert.X509Certificate; (java.base@17.0.15)
2767:             2             64  [Ljava.util.stream.Collector$Characteristics; (java.base@17.0.15)
2768:             2             64  [Lnet.minecraft.client.CameraType; (minecraft@1.20.1)
2769:             2             64  [Lnet.minecraft.client.CloudStatus; (minecraft@1.20.1)
2770:             2             64  [Lnet.minecraft.client.telemetry.TelemetryProperty$ServerType; (minecraft@1.20.1)
2771:             2             64  [Lnet.minecraft.network.chat.ChatTypeDecoration$Parameter; (minecraft@1.20.1)
2772:             1             64  [Lnet.minecraft.util.datafix.DataFixTypes; (minecraft@1.20.1)
2773:             2             64  [Lnet.minecraft.world.entity.ai.attributes.AttributeModifier$Operation; (minecraft@1.20.1)
2774:             2             64  [Lnet.minecraft.world.item.ArmorItem$Type; (minecraft@1.20.1)
2775:             2             64  [Lnet.minecraft.world.level.block.state.properties.AttachFace; (minecraft@1.20.1)
2776:             2             64  [Lnet.minecraft.world.level.block.state.properties.BambooLeaves; (minecraft@1.20.1)
2777:             2             64  [Lnet.minecraft.world.level.block.state.properties.BellAttachType; (minecraft@1.20.1)
2778:             2             64  [Lnet.minecraft.world.level.block.state.properties.ChestType; (minecraft@1.20.1)
2779:             2             64  [Lnet.minecraft.world.level.block.state.properties.RedstoneSide; (minecraft@1.20.1)
2780:             2             64  [Lnet.minecraft.world.level.block.state.properties.SculkSensorPhase; (minecraft@1.20.1)
2781:             2             64  [Lnet.minecraft.world.level.block.state.properties.SlabType; (minecraft@1.20.1)
2782:             2             64  [Lnet.minecraft.world.level.block.state.properties.StructureMode; (minecraft@1.20.1)
2783:             2             64  [Lnet.minecraft.world.level.block.state.properties.Tilt; (minecraft@1.20.1)
2784:             2             64  [Lnet.minecraft.world.level.block.state.properties.WallSide; (minecraft@1.20.1)
2785:             2             64  [Lnet.minecraft.world.level.levelgen.structure.TerrainAdjustment; (minecraft@1.20.1)
2786:             2             64  [Lnet.minecraft.world.level.levelgen.structure.placement.StructurePlacement$FrequencyReductionMethod; (minecraft@1.20.1)
2787:             2             64  [Lnet.minecraftforge.fml.config.ModConfig$Type; (fmlcore@1.20.1-47.4.13)
2788:             2             64  [Lnet.minecraftforge.fml.loading.progress.Message$MessageType; (fmlloader@1.20.1-47.4.13)
2789:             2             64  [Lnet.minecraftforge.forgespi.language.IModInfo$DependencySide; (net.minecraftforge.forgespi@7.0.1)
2790:             2             64  [Lnet.minecraftforge.forgespi.language.IModInfo$Ordering; (net.minecraftforge.forgespi@7.0.1)
2791:             2             64  [Lnet.minecraftforge.forgespi.locating.IModFile$Type; (net.minecraftforge.forgespi@7.0.1)
2792:             2             64  [Lorg.apache.commons.lang3.text.translate.NumericEntityUnescaper$OPTION; (org.apache.commons.lang3@3.12.0)
2793:             2             64  [Lorg.apache.logging.log4j.core.Filter$Result; (org.apache.logging.log4j.core@2.19.0)
2794:             3             64  [Lorg.apache.logging.log4j.core.pattern.NameAbbreviator$PatternAbbreviatorFragment; (org.apache.logging.log4j.core@2.19.0)
2795:             2             64  [Lsun.security.ssl.SSLTrafficKeyDerivation$KeySchedule; (java.base@17.0.15)
2796:             2             64  [Lsun.security.validator.CADistrustPolicy; (java.base@17.0.15)
2797:             1             64  com.google.common.cache.CacheStats (com.google.common@31.1-jre)
2798:             4             64  com.google.common.cache.LocalCache$LocalLoadingCache (com.google.common@31.1-jre)
2799:             2             64  com.google.common.collect.ImmutableEnumMap (com.google.common@31.1-jre)
2800:             4             64  com.google.gson.internal.ConstructorConstructor$18
2801:             1             64  com.ibm.icu.impl.Trie2_16 (com.ibm.icu@71.1)
2802:             1             64  com.llamalad7.mixinextras.service.MixinExtrasServiceImpl (MixinExtras@0.5.3)
2803:             2             64  com.llamalad7.mixinextras.utils.InternalMethod$$Lambda$989/0x0000000100536af8 (MixinExtras@0.5.3)
2804:             2             64  com.mojang.authlib.Environment$1 (authlib@4.0.43)
2805:             4             64  com.mojang.authlib.yggdrasil.YggdrasilServicesKeyInfo (authlib@4.0.43)
2806:             2             64  com.mojang.blaze3d.vertex.VertexFormat$IndexType (minecraft@1.20.1)
2807:             4             64  com.mojang.serialization.codecs.RecordCodecBuilder$$Lambda$3975/0x0000000100b3e9e8 (datafixerupper@6.0.8)
2808:             4             64  com.mojang.serialization.codecs.RecordCodecBuilder$$Lambda$3976/0x0000000100b3ec30 (datafixerupper@6.0.8)
2809:             2             64  com.sun.crypto.provider.AESCrypt (java.base@17.0.15)
2810:             2             64  com.sun.org.apache.xerces.internal.utils.XMLSecurityPropertyManager$Property (java.xml@17.0.15)
2811:             2             64  io.github.zekerzhayard.forgewrapper.installer.util.ModuleUtil$TypeToAdd
2812:             1             64  it.unimi.dsi.fastutil.ints.Int2ObjectAVLTreeMap (it.unimi.dsi.fastutil@8.5.9)
2813:             1             64  it.unimi.dsi.fastutil.objects.Object2FloatOpenHashMap (it.unimi.dsi.fastutil@8.5.9)
2814:             1             64  it.unimi.dsi.fastutil.objects.Reference2ObjectOpenHashMap (it.unimi.dsi.fastutil@8.5.9)
2815:             2             64  java.io.FileOutputStream (java.base@17.0.15)
2816:             2             64  java.lang.ref.ReferenceQueue$Null (java.base@17.0.15)
2817:             2             64  java.net.Inet6Address$Inet6AddressHolder (java.base@17.0.15)
2818:             1             64  java.net.SocksSocketImpl (java.base@17.0.15)
2819:             4             64  java.security.spec.NamedParameterSpec (java.base@17.0.15)
2820:             1             64  java.text.DateFormatSymbols (java.base@17.0.15)
2821:             2             64  java.time.format.DateTimeFormatterBuilder$TextPrinterParser (java.base@17.0.15)
2822:             2             64  java.time.temporal.IsoFields$Unit (java.base@17.0.15)
2823:             4             64  java.util.Comparator$$Lambda$173/0x0000000100183480 (java.base@17.0.15)
2824:             4             64  java.util.concurrent.Executors$FinalizableDelegatedExecutorService (java.base@17.0.15)
2825:             2             64  java.util.concurrent.ScheduledThreadPoolExecutor$DelayedWorkQueue (java.base@17.0.15)
2826:             2             64  java.util.concurrent.SynchronousQueue (java.base@17.0.15)
2827:             2             64  java.util.concurrent.SynchronousQueue$TransferStack$SNode (java.base@17.0.15)
2828:             1             64  java.util.logging.LogManager$RootLogger (java.logging@17.0.15)
2829:             2             64  javax.crypto.JceSecurity$WeakIdentityWrapper (java.base@17.0.15)
2830:             4             64  jdk.dynalink.TypeConverterFactory$$Lambda$835/0x0000000100405ce0 (jdk.dynalink@17.0.15)
2831:             4             64  jdk.dynalink.TypeConverterFactory$$Lambda$836/0x0000000100408250 (jdk.dynalink@17.0.15)
2832:             4             64  jdk.dynalink.TypeConverterFactory$$Lambda$837/0x0000000100408488 (jdk.dynalink@17.0.15)
2833:             4             64  jdk.dynalink.linker.support.CompositeGuardingDynamicLinker (jdk.dynalink@17.0.15)
2834:             4             64  jdk.dynalink.linker.support.CompositeTypeBasedGuardingDynamicLinker (jdk.dynalink@17.0.15)
2835:             2             64  jdk.internal.reflect.UnsafeShortFieldAccessorImpl (java.base@17.0.15)
2836:             4             64  jdk.internal.util.Preconditions$1 (java.base@17.0.15)
2837:             4             64  jdk.proxy2.$Proxy10 (jdk.proxy2)
2838:             4             64  jdk.proxy2.$Proxy4 (jdk.proxy2)
2839:             2             64  joptsimple.OptionSet (jopt.simple@5.0.4)
2840:             2             64  joptsimple.internal.Rows (jopt.simple@5.0.4)
2841:             2             64  net.fabricmc.loader.impl.ModContainerImpl (net.fabricmc.loader@2.6.0+0.15.0+1.20.1-full)
2842:             2             64  net.fabricmc.loader.impl.metadata.ModOriginImpl (net.fabricmc.loader@2.6.0+0.15.0+1.20.1-full)
2843:             2             64  net.fabricmc.loader.impl.util.version.SemanticVersionImpl (net.fabricmc.loader@2.6.0+0.15.0+1.20.1-full)
2844:             1             64  net.minecraft.client.Camera (minecraft@1.20.1)
2845:             2             64  net.minecraft.client.gui.Font (minecraft@1.20.1)
2846:             1             64  net.minecraft.client.model.FrogModel (minecraft@1.20.1)
2847:             2             64  net.minecraft.client.model.SlimeModel (minecraft@1.20.1)
2848:             2             64  net.minecraft.client.model.SquidModel (minecraft@1.20.1)
2849:             1             64  net.minecraft.client.renderer.BlockEntityWithoutLevelRenderer (minecraft@1.20.1)
2850:             2             64  net.minecraft.client.renderer.DimensionSpecialEffects$EndEffects (minecraft@1.20.1)
2851:             2             64  net.minecraft.client.renderer.DimensionSpecialEffects$NetherEffects (minecraft@1.20.1)
2852:             2             64  net.minecraft.client.renderer.DimensionSpecialEffects$OverworldEffects (minecraft@1.20.1)
2853:             2             64  net.minecraft.client.renderer.RenderStateShard$CullStateShard (minecraft@1.20.1)
2854:             4             64  net.minecraft.client.renderer.RenderStateShard$DepthTestStateShard$$Lambda$4816/0x0000000100d13528 (minecraft@1.20.1)
2855:             4             64  net.minecraft.client.renderer.RenderStateShard$DepthTestStateShard$$Lambda$4817/0x0000000100d13748 (minecraft@1.20.1)
2856:             2             64  net.minecraft.client.renderer.RenderStateShard$LightmapStateShard (minecraft@1.20.1)
2857:             2             64  net.minecraft.client.renderer.RenderStateShard$MultiTextureStateShard (minecraft@1.20.1)
2858:             2             64  net.minecraft.client.renderer.RenderStateShard$OverlayStateShard (minecraft@1.20.1)
2859:             2             64  net.minecraft.client.renderer.entity.BoatRenderer (minecraft@1.20.1)
2860:             2             64  net.minecraft.client.renderer.entity.layers.VillagerProfessionLayer (minecraft@1.20.1)
2861:             2             64  net.minecraft.core.Direction$AxisDirection (minecraft@1.20.1)
2862:             2             64  net.minecraft.core.Direction$Plane (minecraft@1.20.1)
2863:             4             64  net.minecraft.network.FriendlyByteBuf$Reader$$Lambda$2471/0x000000010099da20 (minecraft@1.20.1)
2864:             4             64  net.minecraft.network.FriendlyByteBuf$Writer$$Lambda$2470/0x000000010099d7c0 (minecraft@1.20.1)
2865:             4             64  net.minecraft.network.syncher.EntityDataSerializer$$Lambda$2472/0x000000010099df00 (minecraft@1.20.1)
2866:             4             64  net.minecraft.network.syncher.EntityDataSerializer$$Lambda$2473/0x000000010099e160 (minecraft@1.20.1)
2867:             4             64  net.minecraft.server.packs.repository.PackSource$$Lambda$4363/0x0000000100be1660 (minecraft@1.20.1)
2868:             4             64  net.minecraft.util.datafix.fixes.AdvancementsRenameFix$$Lambda$2282/0x00000001008a84d8 (minecraft@1.20.1)
2869:             2             64  net.minecraft.util.datafix.fixes.ItemStackSpawnEggFix (minecraft@1.20.1)
2870:             2             64  net.minecraft.util.datafix.fixes.ItemStackSpawnEggFix$$Lambda$2266/0x000000010089e118 (minecraft@1.20.1)
2871:             2             64  net.minecraft.util.datafix.fixes.StatsRenameFix (minecraft@1.20.1)
2872:             2             64  net.minecraft.util.datafix.fixes.StatsRenameFix$$Lambda$2285/0x00000001008a9320 (minecraft@1.20.1)
2873:             2             64  net.minecraft.util.datafix.fixes.StatsRenameFix$$Lambda$2287/0x00000001008a9c48 (minecraft@1.20.1)
2874:             4             64  net.minecraft.util.datafix.schemas.V1451_6$$Lambda$1990/0x0000000100858000 (minecraft@1.20.1)
2875:             4             64  net.minecraft.util.datafix.schemas.V1451_6$$Lambda$1997/0x0000000100858f08 (minecraft@1.20.1)
2876:             4             64  net.minecraft.util.datafix.schemas.V2832$$Lambda$2144/0x0000000100877838 (minecraft@1.20.1)
2877:             4             64  net.minecraft.util.datafix.schemas.V3448$$Lambda$2194/0x000000010087dd20 (minecraft@1.20.1)
2878:             4             64  net.minecraft.util.valueproviders.FloatProviderType$$Lambda$2901/0x0000000100a518c8 (minecraft@1.20.1)
2879:             2             64  net.minecraft.world.entity.HumanoidArm (minecraft@1.20.1)
2880:             2             64  net.minecraft.world.entity.animal.MushroomCow$MushroomType (minecraft@1.20.1)
2881:             4             64  net.minecraft.world.entity.schedule.Schedule (minecraft@1.20.1)
2882:             1             64  net.minecraft.world.item.DyeableHorseArmorItem (minecraft@1.20.1)
2883:             4             64  net.minecraft.world.item.HoeItem$$Lambda$2590/0x00000001009d8000 (minecraft@1.20.1)
2884:             1             64  net.minecraft.world.item.PlayerHeadItem (minecraft@1.20.1)
2885:             4             64  net.minecraft.world.item.Rarity$$Lambda$1789/0x00000001007e7b38 (minecraft@1.20.1)
2886:             1             64  net.minecraft.world.item.SolidBucketItem (minecraft@1.20.1)
2887:             4             64  net.minecraft.world.level.block.Blocks$$Lambda$1747/0x00000001007a7910 (minecraft@1.20.1)
2888:             1             64  net.minecraft.world.level.block.entity.EnderChestBlockEntity (minecraft@1.20.1)
2889:             4             64  net.minecraft.world.level.levelgen.DensityFunctions$TwoArgumentSimpleFunction$Type$$Lambda$4139/0x0000000100b70460 (minecraft@1.20.1)
2890:             4             64  net.minecraft.world.level.levelgen.VerticalAnchor$AboveBottom (minecraft@1.20.1)
2891:             4             64  net.minecraft.world.level.levelgen.VerticalAnchor$BelowTop (minecraft@1.20.1)
2892:             2             64  net.minecraft.world.level.levelgen.placement.CaveSurface (minecraft@1.20.1)
2893:             4             64  net.minecraft.world.level.levelgen.placement.HeightmapPlacement (minecraft@1.20.1)
2894:             2             64  net.minecraft.world.level.levelgen.structure.pools.StructureTemplatePool$Projection (minecraft@1.20.1)
2895:             4             64  net.minecraft.world.level.levelgen.structure.templatesystem.rule.blockentity.RuleBlockEntityModifierType$$Lambda$2759/0x0000000100a08a38 (minecraft@1.20.1)
2896:             4             64  net.minecraft.world.level.storage.loot.providers.number.LootNumberProviderType (minecraft@1.20.1)
2897:             2             64  net.minecraftforge.common.ForgeConfigSpec$BuilderContext (forge@47.4.13)
2898:             2             64  net.minecraftforge.common.ForgeConfigSpec$DoubleValue (forge@47.4.13)
2899:             4             64  net.minecraftforge.common.util.NonNullLazy$$Lambda$4891/0x0000000100d23e28 (forge@47.4.13)
2900:             4             64  net.minecraftforge.fml.ModLoadingState$$Lambda$4643/0x0000000100c99c80 (fmlcore@1.20.1-47.4.13)
2901:             2             64  net.minecraftforge.fml.earlydisplay.ColourScheme (fmlearlydisplay@1.20.1-47.4.13)
2902:             2             64  net.minecraftforge.fml.loading.progress.ProgressMeter (fmlloader@1.20.1-47.4.13)
2903:             2             64  net.minecraftforge.forgespi.language.ModFileScanData (net.minecraftforge.forgespi@7.0.1)
2904:             2             64  net.minecraftforge.network.simple.SimpleChannel (forge@47.4.13)
2905:             2             64  net.minecraftforge.registries.GameData$BlockCallbacks$1 (forge@47.4.13)
2906:             2             64  org.apache.logging.log4j.core.config.ConfigurationScheduler (org.apache.logging.log4j.core@2.19.0)
2907:             4             64  org.apache.logging.log4j.core.lookup.StrMatcher$StringMatcher (org.apache.logging.log4j.core@2.19.0)
2908:             2             64  org.apache.logging.log4j.util.PropertiesUtil$Environment (org.apache.logging.log4j@2.19.0)
2909:             2             64  org.apache.logging.log4j.util.SortedArrayStringMap (org.apache.logging.log4j@2.19.0)
2910:             2             64  org.joml.Vector4f (org.joml@1.10.5)
2911:             4             64  org.openjdk.nashorn.api.scripting.NashornScriptEngineFactory (org.openjdk.nashorn)
2912:             2             64  org.spongepowered.asm.mixin.transformer.PluginHandle (org.spongepowered.mixin)
2913:             1             64  org.spongepowered.asm.service.modlauncher.MixinServiceModLauncher (org.spongepowered.mixin)
2914:             2             64  org.spongepowered.asm.util.perf.Profiler (org.spongepowered.mixin)
2915:             2             64  org.spongepowered.asm.util.perf.Profiler$DisabledSection (org.spongepowered.mixin)
2916:             1             64  sun.net.www.http.KeepAliveStream (java.base@17.0.15)
2917:             2             64  sun.security.provider.FileInputStreamPool$StreamRef (java.base@17.0.15)
2918:             2             64  sun.security.provider.certpath.ResponderId$Type (java.base@17.0.15)
2919:             1             64  sun.security.provider.certpath.ldap.JdkLDAP$ProviderService (java.naming@17.0.15)
2920:             2             64  sun.security.rsa.RSAUtil$KeyType (java.base@17.0.15)
2921:             1             64  sun.security.smartcardio.SunPCSC$ProviderService (java.smartcardio@17.0.15)
2922:             2             64  sun.security.ssl.CertStatusExtension$CertStatusRequestType (java.base@17.0.15)
2923:             2             64  sun.security.ssl.CertStatusExtension$OCSPStatusRequest (java.base@17.0.15)
2924:             2             64  sun.security.ssl.EphemeralKeyManager$EphemeralKeyPair (java.base@17.0.15)
2925:             2             64  sun.security.ssl.PskKeyExchangeModesExtension$PskKeyExchangeMode (java.base@17.0.15)
2926:             4             64  sun.security.ssl.SSLCipher$T11BlockReadCipherGenerator (java.base@17.0.15)
2927:             4             64  sun.security.ssl.SSLCipher$T11BlockWriteCipherGenerator (java.base@17.0.15)
2928:             1             64  sun.security.ssl.SSLSocketInputRecord (java.base@17.0.15)
2929:             1             64  sun.security.ssl.SSLSocketOutputRecord (java.base@17.0.15)
2930:             4             64  sun.security.util.DisabledAlgorithmConstraints$Constraints (java.base@17.0.15)
2931:             4             64  sun.security.x509.RFC822Name (java.base@17.0.15)
2932:             2             64  sun.util.locale.UnicodeLocaleExtension (java.base@17.0.15)
2933:             1             56  [Lcom.google.gson.stream.JsonToken;
2934:             1             56  [Lcom.google.gson.stream.JsonToken; (com.google.gson@2.10)
2935:             1             56  [Lcom.sun.org.apache.xerces.internal.impl.XMLScanner$NameType; (java.xml@17.0.15)
2936:             1             56  [Lcom.sun.org.apache.xerces.internal.utils.XMLSecurityManager$Limit; (java.xml@17.0.15)
2937:             1             56  [Ljava.lang.Runnable; (java.base@17.0.15)
2938:             1             56  [Ljava.util.Map; (java.base@17.0.15)
2939:             1             56  [Ljdk.dynalink.Operation; (jdk.dynalink@17.0.15)
2940:             1             56  [Lnet.minecraft.client.model.HumanoidModel$ArmPose; (minecraft@1.20.1)
2941:             1             56  [Lnet.minecraft.client.player.inventory.Hotbar; (minecraft@1.20.1)
2942:             1             56  [Lnet.minecraft.world.item.ItemDisplayContext; (minecraft@1.20.1)
2943:             1             56  [Lnet.minecraftforge.fml.ModLoadingStage; (fmlcore@1.20.1-47.4.13)
2944:             2             56  [Lorg.apache.logging.log4j.Level; (org.apache.logging.log4j@2.19.0)
2945:             1             56  [Lorg.openjdk.nashorn.internal.parser.TokenKind; (org.openjdk.nashorn)
2946:             1             56  com.mojang.blaze3d.pipeline.MainTarget (minecraft@1.20.1)
2947:             1             56  cpw.mods.modlauncher.Launcher (cpw.mods.modlauncher@10.0.9)
2948:             1             56  java.lang.invoke.BoundMethodHandle$Specializer (java.base@17.0.15)
2949:             1             56  java.net.SocketPermission (java.base@17.0.15)
2950:             1             56  java.security.cert.PKIXBuilderParameters (java.base@17.0.15)
2951:             1             56  java.util.logging.LogManager (java.logging@17.0.15)
2952:             1             56  jdk.internal.org.objectweb.asm.Label (java.base@17.0.15)
2953:             1             56  net.minecraft.client.model.AllayModel (minecraft@1.20.1)
2954:             1             56  net.minecraft.client.model.BatModel (minecraft@1.20.1)
2955:             1             56  net.minecraft.client.model.PhantomModel (minecraft@1.20.1)
2956:             1             56  net.minecraft.client.model.RavagerModel (minecraft@1.20.1)
2957:             1             56  net.minecraft.client.model.TadpoleModel (minecraft@1.20.1)
2958:             1             56  net.minecraft.client.model.VexModel (minecraft@1.20.1)
2959:             1             56  net.minecraft.client.model.WitchModel (minecraft@1.20.1)
2960:             1             56  net.minecraft.client.particle.ParticleEngine (minecraft@1.20.1)
2961:             1             56  net.minecraft.client.renderer.PostChain (minecraft@1.20.1)
2962:             1             56  net.minecraft.client.renderer.entity.PufferfishRenderer (minecraft@1.20.1)
2963:             1             56  net.minecraft.client.resources.model.ModelBakery (minecraft@1.20.1)
2964:             1             56  net.minecraft.world.item.AirItem (minecraft@1.20.1)
2965:             1             56  net.minecraft.world.item.ArmorStandItem (minecraft@1.20.1)
2966:             1             56  net.minecraft.world.item.ArrowItem (minecraft@1.20.1)
2967:             1             56  net.minecraft.world.item.BoneMealItem (minecraft@1.20.1)
2968:             1             56  net.minecraft.world.item.BookItem (minecraft@1.20.1)
2969:             1             56  net.minecraft.world.item.BottleItem (minecraft@1.20.1)
2970:             1             56  net.minecraft.world.item.BowItem (minecraft@1.20.1)
2971:             1             56  net.minecraft.world.item.BrushItem (minecraft@1.20.1)
2972:             1             56  net.minecraft.world.item.BundleItem (minecraft@1.20.1)
2973:             1             56  net.minecraft.world.item.ChorusFruitItem (minecraft@1.20.1)
2974:             1             56  net.minecraft.world.item.CompassItem (minecraft@1.20.1)
2975:             1             56  net.minecraft.world.item.CrossbowItem (minecraft@1.20.1)
2976:             1             56  net.minecraft.world.item.DebugStickItem (minecraft@1.20.1)
2977:             1             56  net.minecraft.world.item.DiscFragmentItem (minecraft@1.20.1)
2978:             1             56  net.minecraft.world.item.EggItem (minecraft@1.20.1)
2979:             1             56  net.minecraft.world.item.ElytraItem (minecraft@1.20.1)
2980:             1             56  net.minecraft.world.item.EmptyMapItem (minecraft@1.20.1)
2981:             1             56  net.minecraft.world.item.EnchantedBookItem (minecraft@1.20.1)
2982:             1             56  net.minecraft.world.item.EnchantedGoldenAppleItem (minecraft@1.20.1)
2983:             1             56  net.minecraft.world.item.EndCrystalItem (minecraft@1.20.1)
2984:             1             56  net.minecraft.world.item.EnderEyeItem (minecraft@1.20.1)
2985:             1             56  net.minecraft.world.item.EnderpearlItem (minecraft@1.20.1)
2986:             1             56  net.minecraft.world.item.ExperienceBottleItem (minecraft@1.20.1)
2987:             1             56  net.minecraft.world.item.FireChargeItem (minecraft@1.20.1)
2988:             1             56  net.minecraft.world.item.FireworkRocketItem (minecraft@1.20.1)
2989:             1             56  net.minecraft.world.item.FireworkStarItem (minecraft@1.20.1)
2990:             1             56  net.minecraft.world.item.FishingRodItem (minecraft@1.20.1)
2991:             1             56  net.minecraft.world.item.FlintAndSteelItem (minecraft@1.20.1)
2992:             1             56  net.minecraft.world.item.GlowInkSacItem (minecraft@1.20.1)
2993:             1             56  net.minecraft.world.item.HangingEntityItem (minecraft@1.20.1)
2994:             1             56  net.minecraft.world.item.HoneyBottleItem (minecraft@1.20.1)
2995:             1             56  net.minecraft.world.item.HoneycombItem (minecraft@1.20.1)
2996:             1             56  net.minecraft.world.item.InkSacItem (minecraft@1.20.1)
2997:             1             56  net.minecraft.world.item.InstrumentItem (minecraft@1.20.1)
2998:             1             56  net.minecraft.world.item.KnowledgeBookItem (minecraft@1.20.1)
2999:             1             56  net.minecraft.world.item.LeadItem (minecraft@1.20.1)
3000:             1             56  net.minecraft.world.item.LingeringPotionItem (minecraft@1.20.1)
3001:             1             56  net.minecraft.world.item.MapItem (minecraft@1.20.1)
3002:             1             56  net.minecraft.world.item.MilkBucketItem (minecraft@1.20.1)
3003:             1             56  net.minecraft.world.item.NameTagItem (minecraft@1.20.1)
3004:             1             56  net.minecraft.world.item.PotionItem (minecraft@1.20.1)
3005:             1             56  net.minecraft.world.item.SaddleItem (minecraft@1.20.1)
3006:             1             56  net.minecraft.world.item.ScaffoldingBlockItem (minecraft@1.20.1)
3007:             1             56  net.minecraft.world.item.ShearsItem (minecraft@1.20.1)
3008:             1             56  net.minecraft.world.item.ShieldItem (minecraft@1.20.1)
3009:             1             56  net.minecraft.world.item.SimpleFoiledItem (minecraft@1.20.1)
3010:             1             56  net.minecraft.world.item.SnowballItem (minecraft@1.20.1)
3011:             1             56  net.minecraft.world.item.SpectralArrowItem (minecraft@1.20.1)
3012:             1             56  net.minecraft.world.item.SplashPotionItem (minecraft@1.20.1)
3013:             1             56  net.minecraft.world.item.SpyglassItem (minecraft@1.20.1)
3014:             1             56  net.minecraft.world.item.SuspiciousStewItem (minecraft@1.20.1)
3015:             1             56  net.minecraft.world.item.TippedArrowItem (minecraft@1.20.1)
3016:             1             56  net.minecraft.world.item.TridentItem (minecraft@1.20.1)
3017:             1             56  net.minecraft.world.item.WritableBookItem (minecraft@1.20.1)
3018:             1             56  net.minecraft.world.item.WrittenBookItem (minecraft@1.20.1)
3019:             1             56  net.minecraft.world.level.block.entity.BedBlockEntity (minecraft@1.20.1)
3020:             1             56  net.minecraft.world.level.block.entity.DecoratedPotBlockEntity (minecraft@1.20.1)
3021:             1             56  org.apache.logging.log4j.core.LoggerContext (org.apache.logging.log4j.core@2.19.0)
3022:             1             56  org.apache.logging.log4j.status.StatusLogger (org.apache.logging.log4j@2.19.0)
3023:             1             56  org.openjdk.nashorn.internal.ir.LiteralNode$ArrayLiteralNode (org.openjdk.nashorn)
3024:             1             56  org.openjdk.nashorn.internal.scripts.JO2P0 (org.openjdk.nashorn.structures)
3025:             1             56  sun.net.www.http.KeepAliveCache (java.base@17.0.15)
3026:             1             56  sun.security.provider.MD5 (java.base@17.0.15)
3027:             1             56  sun.security.provider.SHA (java.base@17.0.15)
3028:             1             56  sun.security.ssl.SSLCipher$T13GcmReadCipherGenerator$GcmReadCipher (java.base@17.0.15)
3029:             1             56  sun.security.ssl.SSLCipher$T13GcmWriteCipherGenerator$GcmWriteCipher (java.base@17.0.15)
3030:             1             56  sun.security.ssl.SSLContextImpl$DefaultSSLContext (java.base@17.0.15)
3031:             1             56  sun.security.validator.PKIXValidator (java.base@17.0.15)
3032:             1             48  [Lcom.google.gson.FieldNamingPolicy; (com.google.gson@2.10)
3033:             1             48  [Lcom.google.gson.FieldNamingPolicy;
3034:             1             48  [Lcom.llamalad7.mixinextras.lib.semver.VersionParser$CharType; (MixinExtras@0.5.3)
3035:             1             48  [Lcom.mojang.blaze3d.vertex.VertexFormat$Mode; (minecraft@1.20.1)
3036:             1             48  [Lcom.mojang.blaze3d.vertex.VertexFormatElement$Type; (minecraft@1.20.1)
3037:             2             48  [Lcpw.mods.modlauncher.serviceapi.ILaunchPluginService$Phase; (cpw.mods.modlauncher@10.0.9)
3038:             3             48  [Ljava.lang.annotation.Annotation; (java.base@17.0.15)
3039:             1             48  [Ljava.lang.management.MemoryPoolMXBean; (java.management@17.0.15)
3040:             1             48  [Ljava.math.RoundingMode; (java.base@17.0.15)
3041:             2             48  [Ljava.net.InetAddress; (java.base@17.0.15)
3042:             1             48  [Ljava.util.concurrent.TimeUnit; (java.base@17.0.15)
3043:             1             48  [Ljdk.xml.internal.JdkProperty$State; (java.xml@17.0.15)
3044:             2             48  [Lnet.minecraft.client.renderer.texture.TextureAtlasSprite; (minecraft@1.20.1)
3045:             2             48  [Lnet.minecraft.server.packs.PackType; (minecraft@1.20.1)
3046:             2             48  [Lnet.minecraft.world.entity.HumanoidArm; (minecraft@1.20.1)
3047:             2             48  [Lnet.minecraft.world.entity.animal.MushroomCow$MushroomType; (minecraft@1.20.1)
3048:             1             48  [Lnet.minecraft.world.entity.vehicle.AbstractMinecart$Type; (minecraft@1.20.1)
3049:             2             48  [Lnet.minecraft.world.level.biome.Biome$TemperatureModifier; (minecraft@1.20.1)
3050:             1             48  [Lnet.minecraft.world.level.block.SkullBlock$Types; (minecraft@1.20.1)
3051:             2             48  [Lnet.minecraft.world.level.block.state.properties.BedPart; (minecraft@1.20.1)
3052:             2             48  [Lnet.minecraft.world.level.block.state.properties.ComparatorMode; (minecraft@1.20.1)
3053:             2             48  [Lnet.minecraft.world.level.block.state.properties.DoorHingeSide; (minecraft@1.20.1)
3054:             2             48  [Lnet.minecraft.world.level.block.state.properties.DoubleBlockHalf; (minecraft@1.20.1)
3055:             2             48  [Lnet.minecraft.world.level.block.state.properties.Half; (minecraft@1.20.1)
3056:             2             48  [Lnet.minecraft.world.level.block.state.properties.PistonType; (minecraft@1.20.1)
3057:             2             48  [Lnet.minecraft.world.level.levelgen.DensityFunctions$WeirdScaledSampler$RarityValueMapper; (minecraft@1.20.1)
3058:             2             48  [Lnet.minecraft.world.level.levelgen.placement.CaveSurface; (minecraft@1.20.1)
3059:             2             48  [Lnet.minecraft.world.level.levelgen.structure.StructureSpawnOverride$BoundingBoxType; (minecraft@1.20.1)
3060:             2             48  [Lnet.minecraft.world.level.levelgen.structure.placement.RandomSpreadType; (minecraft@1.20.1)
3061:             2             48  [Lnet.minecraft.world.level.levelgen.structure.pools.StructureTemplatePool$Projection; (minecraft@1.20.1)
3062:             2             48  [Lnet.minecraft.world.level.levelgen.structure.structures.OceanRuinStructure$Type; (minecraft@1.20.1)
3063:             2             48  [Lnet.minecraft.world.scores.criteria.ObjectiveCriteria$RenderType; (minecraft@1.20.1)
3064:             1             48  [Lnet.minecraftforge.client.ForgeRenderTypes; (forge@47.4.13)
3065:             1             48  [Lorg.antlr.v4.runtime.atn.LexerActionType; (org.antlr.antlr4.runtime@4.9.1)
3066:             1             48  [Lorg.apache.logging.log4j.core.appender.rolling.RolloverFrequency; (org.apache.logging.log4j.core@2.19.0)
3067:             2             48  [Lorg.apache.logging.log4j.core.appender.rolling.TriggeringPolicy; (org.apache.logging.log4j.core@2.19.0)
3068:             2             48  [Lorg.apache.logging.log4j.core.config.AppenderControl; (org.apache.logging.log4j.core@2.19.0)
3069:             3             48  [Lorg.apache.logging.log4j.core.config.Property; (org.apache.logging.log4j.core@2.19.0)
3070:             1             48  [Lorg.joml.Vector4f; (org.joml@1.10.5)
3071:             1             48  [Lorg.openjdk.nashorn.internal.ir.FunctionNode$Kind; (org.openjdk.nashorn)
3072:             1             48  [Lorg.openjdk.nashorn.internal.runtime.JSType; (org.openjdk.nashorn)
3073:             1             48  [Lsun.security.x509.NetscapeCertTypeExtension$MapEntry; (java.base@17.0.15)
3074:             1             48  com.electronwill.nightconfig.core.file.WriteSyncFileConfig (com.electronwill.nightconfig.core@3.6.4)
3075:             2             48  com.electronwill.nightconfig.core.io.NewlineStyle (com.electronwill.nightconfig.core@3.6.4)
3076:             2             48  com.electronwill.nightconfig.core.io.WritingMode (com.electronwill.nightconfig.core@3.6.4)
3077:             3             48  com.google.common.base.Joiner (com.google.common@31.1-jre)
3078:             3             48  com.google.gson.internal.ConstructorConstructor$13 (com.google.gson@2.10)
3079:             2             48  com.google.gson.internal.bind.CollectionTypeAdapterFactory$Adapter
3080:             1             48  com.google.gson.internal.bind.TreeTypeAdapter
3081:             2             48  com.google.gson.internal.bind.TypeAdapters$34
3082:             2             48  com.ibm.icu.impl.Trie2$ValueWidth (com.ibm.icu@71.1)
3083:             3             48  com.mojang.authlib.properties.PropertyMap (authlib@4.0.43)
3084:             2             48  com.mojang.authlib.yggdrasil.YggdrasilEnvironment (authlib@4.0.43)
3085:             1             48  com.mojang.blaze3d.audio.Library (minecraft@1.20.1)
3086:             2             48  com.mojang.blaze3d.audio.Library$CountingChannelPool (minecraft@1.20.1)
3087:             2             48  com.mojang.blaze3d.platform.IconSet (minecraft@1.20.1)
3088:             2             48  com.mojang.blaze3d.shaders.FogShape (minecraft@1.20.1)
3089:             2             48  com.mojang.blaze3d.vertex.VertexBuffer$Usage (minecraft@1.20.1)
3090:             1             48  com.mojang.logging.plugins.QueueLogAppender (logging@1.1.1)
3091:             1             48  com.mojang.realmsclient.gui.RealmsDataFetcher (minecraft@1.20.1)
3092:             2             48  com.mojang.realmsclient.gui.task.RepeatedDelayStrategy$2 (minecraft@1.20.1)
3093:             2             48  com.mojang.serialization.MapCodec$2 (datafixerupper@6.0.8)
3094:             3             48  com.mojang.util.UUIDTypeAdapter (authlib@4.0.43)
3095:             2             48  com.sun.jmx.mbeanserver.ClassLoaderRepositorySupport$LoaderEntry (java.management@17.0.15)
3096:             1             48  com.sun.jmx.mbeanserver.DefaultMXBeanMappingFactory$Mappings (java.management@17.0.15)
3097:             2             48  com.sun.jmx.mbeanserver.WeakIdentityHashMap (java.management@17.0.15)
3098:             3             48  com.sun.org.apache.xerces.internal.impl.dv.dtd.ListDatatypeValidator (java.xml@17.0.15)
3099:             1             48  cpw.mods.modlauncher.ArgumentHandler (cpw.mods.modlauncher@10.0.9)
3100:             2             48  cpw.mods.modlauncher.TransformationServiceDecorator (cpw.mods.modlauncher@10.0.9)
3101:             2             48  cpw.mods.modlauncher.api.ITransformationService$Resource (cpw.mods.modlauncher@10.0.9)
3102:             2             48  cpw.mods.modlauncher.api.TypesafeMap (cpw.mods.modlauncher@10.0.9)
3103:             2             48  cpw.mods.modlauncher.serviceapi.ILaunchPluginService$Phase (cpw.mods.modlauncher@10.0.9)
3104:             2             48  it.unimi.dsi.fastutil.objects.ObjectArraySet (it.unimi.dsi.fastutil@8.5.9)
3105:             2             48  java.io.File$PathStatus (java.base@17.0.15)
3106:             2             48  java.io.FilePermissionCollection (java.base@17.0.15)
3107:             1             48  java.lang.NullPointerException (java.base@17.0.15)
3108:             1             48  java.lang.ProcessHandleImpl (java.base@17.0.15)
3109:             1             48  java.lang.invoke.BoundMethodHandle$Specializer$Factory (java.base@17.0.15)
3110:             2             48  java.lang.invoke.MethodHandles$Lookup$ClassOption (java.base@17.0.15)
3111:             2             48  java.lang.invoke.VarHandle$TypesAndInvokers (java.base@17.0.15)
3112:             2             48  java.lang.invoke.VarHandleByteArrayAsInts$ArrayHandle (java.base@17.0.15)
3113:             2             48  java.lang.reflect.ReflectPermission (java.base@17.0.15)
3114:             2             48  java.net.Inet6Address (java.base@17.0.15)
3115:             3             48  java.nio.charset.CodingErrorAction (java.base@17.0.15)
3116:             3             48  java.text.AttributedCharacterIterator$Attribute (java.base@17.0.15)
3117:             2             48  java.time.format.DateTimeFormatterBuilder$1 (java.base@17.0.15)
3118:             2             48  java.time.format.DateTimeFormatterBuilder$ZoneIdPrinterParser (java.base@17.0.15)
3119:             2             48  java.time.format.DateTimeTextProvider$LocaleStore (java.base@17.0.15)
3120:             3             48  java.util.Base64$Decoder (java.base@17.0.15)
3121:             2             48  java.util.Comparator$$Lambda$4194/0x00000001005e6820 (java.base@17.0.15)
3122:             2             48  java.util.OptionalDouble (java.base@17.0.15)
3123:             2             48  java.util.OptionalLong (java.base@17.0.15)
3124:             3             48  java.util.ResourceBundle$NoFallbackControl (java.base@17.0.15)
3125:             3             48  java.util.TreeMap$EntrySet (java.base@17.0.15)
3126:             3             48  java.util.concurrent.ConcurrentSkipListMap$KeySet (java.base@17.0.15)
3127:             3             48  java.util.concurrent.ConcurrentSkipListSet (java.base@17.0.15)
3128:             2             48  java.util.concurrent.CopyOnWriteArrayList$COWIterator (java.base@17.0.15)
3129:             2             48  java.util.function.BiConsumer$$Lambda$4287/0x00000001005e9658 (java.base@17.0.15)
3130:             2             48  java.util.function.Predicate$$Lambda$2558/0x00000001005e5ab0 (java.base@17.0.15)
3131:             1             48  java.util.logging.ConsoleHandler (java.logging@17.0.15)
3132:             2             48  java.util.logging.LoggingPermission (java.logging@17.0.15)
3133:             2             48  java.util.regex.Pattern$BackRef (java.base@17.0.15)
3134:             2             48  javax.crypto.CryptoPermissions (java.base@17.0.15)
3135:             2             48  javax.management.NotificationBroadcasterSupport (java.management@17.0.15)
3136:             1             48  jdk.internal.icu.impl.UCharacterProperty (java.base@17.0.15)
3137:             1             48  jdk.internal.icu.util.CodePointTrie$Fast16 (java.base@17.0.15)
3138:             2             48  jdk.internal.icu.util.CodePointTrie$Type (java.base@17.0.15)
3139:             3             48  jdk.internal.icu.util.VersionInfo (java.base@17.0.15)
3140:             1             48  jdk.internal.jimage.ImageHeader (java.base@17.0.15)
3141:             2             48  jdk.internal.misc.Signal$NativeHandler (java.base@17.0.15)
3142:             2             48  jdk.internal.module.ModuleHashes (java.base@17.0.15)
3143:             2             48  jdk.internal.module.SystemModuleFinders$SystemModuleFinder (java.base@17.0.15)
3144:             1             48  jdk.management.jfr.FlightRecorderMXBeanImpl (jdk.management.jfr@17.0.15)
3145:             1             48  joptsimple.OptionParser (jopt.simple@5.0.4)
3146:             3             48  joptsimple.util.PathConverter (jopt.simple@5.0.4)
3147:             2             48  net.fabricmc.loader.impl.FMLModMetadata (net.fabricmc.loader@2.6.0+0.15.0+1.20.1-full)
3148:             1             48  net.fabricmc.loader.impl.FabricLoaderImpl (net.fabricmc.loader@2.6.0+0.15.0+1.20.1-full)
3149:             2             48  net.fabricmc.loader.impl.discovery.BuiltinMetadataWrapper (net.fabricmc.loader@2.6.0+0.15.0+1.20.1-full)
3150:             1             48  net.minecraft.client.KeyboardHandler (minecraft@1.20.1)
3151:             2             48  net.minecraft.client.OptionInstance$UnitDouble$1 (minecraft@1.20.1)
3152:             1             48  net.minecraft.client.gui.components.DebugScreenOverlay (minecraft@1.20.1)
3153:             2             48  net.minecraft.client.gui.font.glyphs.SpecialGlyphs (minecraft@1.20.1)
3154:             2             48  net.minecraft.client.gui.narration.ScreenNarrationCollector$EntryKey (minecraft@1.20.1)
3155:             2             48  net.minecraft.client.gui.narration.ScreenNarrationCollector$NarrationEntry (minecraft@1.20.1)
3156:             1             48  net.minecraft.client.model.IronGolemModel (minecraft@1.20.1)
3157:             1             48  net.minecraft.client.model.SnowGolemModel (minecraft@1.20.1)
3158:             2             48  net.minecraft.client.model.TridentModel (minecraft@1.20.1)
3159:             1             48  net.minecraft.client.renderer.ItemInHandRenderer (minecraft@1.20.1)
3160:             2             48  net.minecraft.client.renderer.RenderStateShard$ColorLogicStateShard (minecraft@1.20.1)
3161:             3             48  net.minecraft.client.renderer.RenderStateShard$LineStateShard$$Lambda$4840/0x0000000100d14a20 (minecraft@1.20.1)
3162:             3             48  net.minecraft.client.renderer.RenderStateShard$LineStateShard$$Lambda$4841/0x0000000100d14c48 (minecraft@1.20.1)
3163:             3             48  net.minecraft.client.renderer.RenderStateShard$WriteMaskStateShard$$Lambda$4818/0x0000000100d13b88 (minecraft@1.20.1)
3164:             3             48  net.minecraft.client.renderer.RenderStateShard$WriteMaskStateShard$$Lambda$4819/0x0000000100d13da8 (minecraft@1.20.1)
3165:             2             48  net.minecraft.client.renderer.block.model.BlockModel$GuiLight (minecraft@1.20.1)
3166:             1             48  net.minecraft.client.renderer.blockentity.BlockEntityRenderDispatcher (minecraft@1.20.1)
3167:             1             48  net.minecraft.client.renderer.blockentity.DecoratedPotRenderer (minecraft@1.20.1)
3168:             1             48  net.minecraft.client.renderer.entity.TropicalFishRenderer (minecraft@1.20.1)
3169:             2             48  net.minecraft.client.renderer.entity.layers.ArrowLayer (minecraft@1.20.1)
3170:             2             48  net.minecraft.client.renderer.entity.layers.CrossedArmsItemLayer (minecraft@1.20.1)
3171:             2             48  net.minecraft.client.renderer.entity.layers.LlamaDecorLayer (minecraft@1.20.1)
3172:             2             48  net.minecraft.client.renderer.entity.layers.ParrotOnShoulderLayer (minecraft@1.20.1)
3173:             2             48  net.minecraft.client.renderer.entity.layers.PlayerItemInHandLayer (minecraft@1.20.1)
3174:             2             48  net.minecraft.client.renderer.entity.layers.SaddleLayer (minecraft@1.20.1)
3175:             2             48  net.minecraft.client.renderer.entity.layers.SpinAttackEffectLayer (minecraft@1.20.1)
3176:             2             48  net.minecraft.client.resources.DefaultPlayerSkin$ModelType (minecraft@1.20.1)
3177:             1             48  net.minecraft.client.resources.model.ModelManager (minecraft@1.20.1)
3178:             2             48  net.minecraft.client.resources.sounds.Sound$Type (minecraft@1.20.1)
3179:             3             48  net.minecraft.client.searchtree.SearchRegistry$Key (minecraft@1.20.1)
3180:             2             48  net.minecraft.core.Holder$Reference$Type (minecraft@1.20.1)
3181:             2             48  net.minecraft.core.HolderSet$Direct (minecraft@1.20.1)
3182:             2             48  net.minecraft.network.chat.ChatTypeDecoration (minecraft@1.20.1)
3183:             3             48  net.minecraft.network.chat.FormattedText$2 (minecraft@1.20.1)
3184:             3             48  net.minecraft.network.syncher.EntityDataSerializer$$Lambda$2481/0x000000010099fc18 (minecraft@1.20.1)
3185:             3             48  net.minecraft.resources.ResourceKey$$Lambda$2516/0x00000001009ab9a8 (minecraft@1.20.1)
3186:             2             48  net.minecraft.server.packs.PackType (minecraft@1.20.1)
3187:             2             48  net.minecraft.server.packs.repository.Pack$Position (minecraft@1.20.1)
3188:             2             48  net.minecraft.server.packs.resources.FallbackResourceManager (minecraft@1.20.1)
3189:             2             48  net.minecraft.server.packs.resources.FallbackResourceManager$PackEntry (minecraft@1.20.1)
3190:             1             48  net.minecraft.server.packs.resources.SimpleReloadInstance (minecraft@1.20.1)
3191:             2             48  net.minecraft.util.ExtraCodecs$$Lambda$1076/0x000000010056df70 (minecraft@1.20.1)
3192:             3             48  net.minecraft.util.ExtraCodecs$$Lambda$3704/0x0000000100b10480 (minecraft@1.20.1)
3193:             3             48  net.minecraft.util.ExtraCodecs$$Lambda$3710/0x0000000100b11208 (minecraft@1.20.1)
3194:             3             48  net.minecraft.util.ExtraCodecs$$Lambda$3714/0x0000000100b11b18 (minecraft@1.20.1)
3195:             2             48  net.minecraft.util.ExtraCodecs$XorCodec (minecraft@1.20.1)
3196:             3             48  net.minecraft.util.StringRepresentable$1 (minecraft@1.20.1)
3197:             3             48  net.minecraft.util.datafix.fixes.AddFlagIfNotPresentFix$$Lambda$2330/0x00000001008b5248 (minecraft@1.20.1)
3198:             1             48  net.minecraft.util.datafix.fixes.ChunkProtoTickListFix$$Lambda$2338/0x00000001008b9990 (minecraft@1.20.1)
3199:             1             48  net.minecraft.util.datafix.fixes.FurnaceRecipeFix$$Lambda$2308/0x00000001008b0710 (minecraft@1.20.1)
3200:             2             48  net.minecraft.util.datafix.fixes.WorldGenSettingsDisallowOldCustomWorldsFix (minecraft@1.20.1)
3201:             3             48  net.minecraft.util.datafix.schemas.V99$$Lambda$1836/0x0000000100821c98 (minecraft@1.20.1)
3202:             3             48  net.minecraft.util.valueproviders.ConstantInt (minecraft@1.20.1)
3203:             2             48  net.minecraft.world.entity.EquipmentSlot$Type (minecraft@1.20.1)
3204:             3             48  net.minecraft.world.entity.animal.FrogVariant (minecraft@1.20.1)
3205:             2             48  net.minecraft.world.flag.FeatureFlag (minecraft@1.20.1)
3206:             2             48  net.minecraft.world.item.CreativeModeTab$Row (minecraft@1.20.1)
3207:             2             48  net.minecraft.world.level.ChunkPos (minecraft@1.20.1)
3208:             2             48  net.minecraft.world.level.LightLayer (minecraft@1.20.1)
3209:             2             48  net.minecraft.world.level.biome.MultiNoiseBiomeSourceParameterList$Preset (minecraft@1.20.1)
3210:             3             48  net.minecraft.world.level.block.MultifaceSpreader (minecraft@1.20.1)
3211:             2             48  net.minecraft.world.level.block.PressurePlateBlock$Sensitivity (minecraft@1.20.1)
3212:             2             48  net.minecraft.world.level.block.SculkVeinBlock$SculkVeinSpreaderConfig (minecraft@1.20.1)
3213:             2             48  net.minecraft.world.level.block.entity.ChestBlockEntity$1 (minecraft@1.20.1)
3214:             2             48  net.minecraft.world.level.block.state.properties.BedPart (minecraft@1.20.1)
3215:             2             48  net.minecraft.world.level.block.state.properties.ComparatorMode (minecraft@1.20.1)
3216:             2             48  net.minecraft.world.level.block.state.properties.DoorHingeSide (minecraft@1.20.1)
3217:             2             48  net.minecraft.world.level.block.state.properties.DoubleBlockHalf (minecraft@1.20.1)
3218:             2             48  net.minecraft.world.level.block.state.properties.Half (minecraft@1.20.1)
3219:             2             48  net.minecraft.world.level.block.state.properties.PistonType (minecraft@1.20.1)
3220:             2             48  net.minecraft.world.level.chunk.ChunkStatus$ChunkType (minecraft@1.20.1)
3221:             2             48  net.minecraft.world.level.levelgen.GenerationStep$Carving (minecraft@1.20.1)
3222:             2             48  net.minecraft.world.level.levelgen.blockpredicates.MatchingBlocksPredicate (minecraft@1.20.1)
3223:             3             48  net.minecraft.world.level.levelgen.carver.WorldCarver$$Lambda$3092/0x0000000100a7f690 (minecraft@1.20.1)
3224:             3             48  net.minecraft.world.level.levelgen.feature.RandomPatchFeature (minecraft@1.20.1)
3225:             2             48  net.minecraft.world.level.levelgen.structure.StructureSpawnOverride$BoundingBoxType (minecraft@1.20.1)
3226:             2             48  net.minecraft.world.level.levelgen.structure.placement.RandomSpreadType (minecraft@1.20.1)
3227:             2             48  net.minecraft.world.level.levelgen.structure.structures.OceanRuinStructure$Type (minecraft@1.20.1)
3228:             3             48  net.minecraft.world.level.levelgen.structure.templatesystem.BlockIgnoreProcessor (minecraft@1.20.1)
3229:             3             48  net.minecraft.world.level.levelgen.structure.templatesystem.PosRuleTestType$$Lambda$2769/0x0000000100a11a90 (minecraft@1.20.1)
3230:             2             48  net.minecraft.world.level.storage.DataVersion (minecraft@1.20.1)
3231:             3             48  net.minecraft.world.level.storage.loot.entries.CompositeEntryBase$1 (minecraft@1.20.1)
3232:             2             48  net.minecraft.world.scores.criteria.ObjectiveCriteria$RenderType (minecraft@1.20.1)
3233:             2             48  net.minecraftforge.api.distmarker.Dist (mergetool@1.1.5)
3234:             1             48  net.minecraftforge.client.gui.overlay.ForgeGui$ForgeDebugScreenOverlay (forge@47.4.13)
3235:             1             48  net.minecraftforge.common.ForgeConfig$Client (forge@47.4.13)
3236:             1             48  net.minecraftforge.common.ForgeConfig$Server (forge@47.4.13)
3237:             3             48  net.minecraftforge.common.ForgeConfigSpec$Builder$$Lambda$5657/0x0000000100e3cfe0 (forge@47.4.13)
3238:             2             48  net.minecraftforge.common.ForgeConfigSpec$Builder$$Lambda$5662/0x0000000100e3df40 (forge@47.4.13)
3239:             2             48  net.minecraftforge.common.ForgeConfigSpec$Range (forge@47.4.13)
3240:             2             48  net.minecraftforge.common.IExtensibleEnum$$Lambda$1794/0x00000001007f6310 (forge@47.4.13)
3241:             2             48  net.minecraftforge.common.util.LogicalSidedProvider (forge@47.4.13)
3242:             2             48  net.minecraftforge.event.TickEvent$Phase (forge@47.4.13)
3243:             2             48  net.minecraftforge.fml.LogicalSide (fmlcore@1.20.1-47.4.13)
3244:             1             48  net.minecraftforge.fml.ModLoader (fmlcore@1.20.1-47.4.13)
3245:             2             48  net.minecraftforge.fml.earlydisplay.RenderElement$$Lambda$607/0x0000000100384458 (fmlearlydisplay@1.20.1-47.4.13)
3246:             2             48  net.minecraftforge.fml.earlydisplay.SimpleBufferBuilder$Mode (fmlearlydisplay@1.20.1-47.4.13)
3247:             2             48  net.minecraftforge.forgespi.locating.ForgeFeature$VersionFeatureTest (net.minecraftforge.forgespi@7.0.1)
3248:             3             48  net.minecraftforge.network.event.EventNetworkChannel (forge@47.4.13)
3249:             2             48  net.minecraftforge.network.simple.IndexedMessageCodec (forge@47.4.13)
3250:             2             48  net.minecrell.terminalconsole.util.LoggerNamePatternSelector (terminalconsoleappender@1.2.0)
3251:             2             48  org.antlr.v4.runtime.atn.ATNDeserializer$UnicodeDeserializingMode (org.antlr.antlr4.runtime@4.9.1)
3252:             2             48  org.antlr.v4.runtime.atn.ATNType (org.antlr.antlr4.runtime@4.9.1)
3253:             3             48  org.antlr.v4.runtime.atn.LexerPushModeAction (org.antlr.antlr4.runtime@4.9.1)
3254:             3             48  org.antlr.v4.runtime.atn.LexerTypeAction (org.antlr.antlr4.runtime@4.9.1)
3255:             2             48  org.antlr.v4.runtime.atn.NotSetTransition (org.antlr.antlr4.runtime@4.9.1)
3256:             1             48  org.antlr.v4.runtime.atn.Transition$1 (org.antlr.antlr4.runtime@4.9.1)
3257:             3             48  org.apache.commons.lang3.text.StrMatcher$StringMatcher (org.apache.commons.lang3@3.12.0)
3258:             3             48  org.apache.commons.lang3.text.translate.NumericEntityUnescaper (org.apache.commons.lang3@3.12.0)
3259:             2             48  org.apache.logging.log4j.core.appender.rolling.CompositeTriggeringPolicy (org.apache.logging.log4j.core@2.19.0)
3260:             2             48  org.apache.logging.log4j.core.appender.rolling.OnStartupTriggeringPolicy (org.apache.logging.log4j.core@2.19.0)
3261:             1             48  org.apache.logging.log4j.core.appender.rolling.TimeBasedTriggeringPolicy (org.apache.logging.log4j.core@2.19.0)
3262:             2             48  org.apache.logging.log4j.core.config.plugins.util.PluginManager (org.apache.logging.log4j.core@2.19.0)
3263:             2             48  org.apache.logging.log4j.core.config.status.StatusConfiguration$Verbosity (org.apache.logging.log4j.core@2.19.0)
3264:             1             48  org.apache.logging.log4j.core.impl.Log4jProvider (org.apache.logging.log4j.core@2.19.0)
3265:             2             48  org.apache.logging.log4j.core.layout.PatternLayout$PatternSelectorSerializer (org.apache.logging.log4j.core@2.19.0)
3266:             2             48  org.apache.logging.log4j.core.pattern.NameAbbreviator$PatternAbbreviatorFragment (org.apache.logging.log4j.core@2.19.0)
3267:             2             48  org.apache.logging.log4j.core.util.DummyNanoClock (org.apache.logging.log4j.core@2.19.0)
3268:             3             48  org.apache.logging.log4j.message.ReusableSimpleMessage (org.apache.logging.log4j@2.19.0)
3269:             2             48  org.apache.logging.log4j.message.SimpleMessage (org.apache.logging.log4j@2.19.0)
3270:             1             48  org.apache.logging.log4j.simple.SimpleLogger (org.apache.logging.log4j@2.19.0)
3271:             2             48  org.apache.logging.log4j.util.PropertyFilePropertySource (org.apache.logging.log4j@2.19.0)
3272:             1             48  org.openjdk.nashorn.internal.runtime.Source$Cache (org.openjdk.nashorn)
3273:             2             48  org.openjdk.nashorn.internal.runtime.linker.JavaAdapterBytecodeGenerator$MethodInfo (org.openjdk.nashorn)
3274:             2             48  org.openjdk.nashorn.internal.runtime.linker.JavaAdapterClassLoader (org.openjdk.nashorn)
3275:             1             48  org.openjdk.nashorn.internal.scripts.JO1P0 (org.openjdk.nashorn.structures)
3276:             1             48  org.prismlauncher.launcher.impl.StandardLauncher
3277:             2             48  org.spongepowered.asm.mixin.transformer.Config (org.spongepowered.mixin)
3278:             1             48  org.spongepowered.asm.mixin.transformer.MixinTransformer (org.spongepowered.mixin)
3279:             2             48  sun.reflect.generics.tree.Wildcard (java.base@17.0.15)
3280:             2             48  sun.security.ec.ParametersMap (jdk.crypto.ec@17.0.15)
3281:             2             48  sun.security.jca.ProviderList (java.base@17.0.15)
3282:             2             48  sun.security.jca.ProviderList$3 (java.base@17.0.15)
3283:             3             48  sun.security.rsa.PSSParameters (java.base@17.0.15)
3284:             2             48  sun.security.ssl.SSLAlgorithmConstraints (java.base@17.0.15)
3285:             3             48  sun.security.ssl.SSLCipher$StreamReadCipherGenerator (java.base@17.0.15)
3286:             3             48  sun.security.ssl.SSLCipher$StreamWriteCipherGenerator (java.base@17.0.15)
3287:             3             48  sun.security.ssl.SessionId (java.base@17.0.15)
3288:             2             48  sun.security.util.DisabledAlgorithmConstraints$jdkCAConstraint (java.base@17.0.15)
3289:             2             48  sun.util.locale.LocaleExtensions (java.base@17.0.15)
3290:             2             48  sun.util.locale.provider.LocaleServiceProviderPool (java.base@17.0.15)
3291:             1             40  [Lcom.mojang.authlib.minecraft.UserApiService$UserFlag; (authlib@4.0.43)
3292:             1             40  [Lcom.mojang.blaze3d.vertex.VertexFormatElement$Usage; (minecraft@1.20.1)
3293:             2             40  [Lcom.sun.jmx.mbeanserver.ClassLoaderRepositorySupport$LoaderEntry; (java.management@17.0.15)
3294:             1             40  [Lcom.sun.org.apache.xerces.internal.util.Status; (java.xml@17.0.15)
3295:             1             40  [Lcom.sun.org.apache.xerces.internal.utils.XMLSecurityPropertyManager$State; (java.xml@17.0.15)
3296:             1             40  [Ljava.lang.ProcessBuilder$Redirect$Type; (java.base@17.0.15)
3297:             1             40  [Ljava.lang.Thread$State; (java.base@17.0.15)
3298:             1             40  [Ljava.lang.invoke.VarHandle$AccessType; (java.base@17.0.15)
3299:             1             40  [Ljava.nio.charset.Charset; (java.base@17.0.15)
3300:             1             40  [Ljava.security.Permission; (java.base@17.0.15)
3301:             1             40  [Ljava.time.format.SignStyle; (java.base@17.0.15)
3302:             1             40  [Ljava.time.format.TextStyle; (java.base@17.0.15)
3303:             2             40  [Ljava.time.zone.ZoneOffsetTransitionRule; (java.base@17.0.15)
3304:             1             40  [Ljava.util.stream.StreamOpFlag; (java.base@17.0.15)
3305:             1             40  [Ljavax.net.ssl.SSLEngineResult$HandshakeStatus; (java.base@17.0.15)
3306:             1             40  [Ljavax.tools.Diagnostic$Kind; (java.compiler@17.0.15)
3307:             1             40  [Ljdk.dynalink.StandardOperation; (jdk.dynalink@17.0.15)
3308:             1             40  [Lnet.minecraft.Util$OS; (minecraft@1.20.1)
3309:             1             40  [Lnet.minecraft.client.renderer.RenderType; (minecraft@1.20.1)
3310:             1             40  [Lnet.minecraft.client.tutorial.TutorialSteps; (minecraft@1.20.1)
3311:             1             40  [Lnet.minecraft.world.item.Tiers; (minecraft@1.20.1)
3312:             1             40  [Lnet.minecraft.world.item.enchantment.ProtectionEnchantment$Type; (minecraft@1.20.1)
3313:             1             40  [Lnet.minecraft.world.level.biome.MobSpawnSettings$SpawnerData; (minecraft@1.20.1)
3314:             1             40  [Lnet.minecraft.world.level.levelgen.DensityFunctions$Mapped$Type; (minecraft@1.20.1)
3315:             1             40  [Lnet.minecraft.world.level.levelgen.DensityFunctions$Marker$Type; (minecraft@1.20.1)
3316:             1             40  [Lnet.minecraft.world.level.material.PushReaction; (minecraft@1.20.1)
3317:             1             40  [Lnet.minecraftforge.event.TickEvent$Type; (forge@47.4.13)
3318:             1             40  [Lnet.minecraftforge.eventbus.api.EventPriority; (net.minecraftforge.eventbus)
3319:             1             40  [Lnet.minecraftforge.fml.loading.moddiscovery.BackgroundScanHandler$ScanStatus; (fmlloader@1.20.1-47.4.13)
3320:             1             40  [Lorg.apache.logging.log4j.core.LifeCycle$State; (org.apache.logging.log4j.core@2.19.0)
3321:             1             40  [Lorg.apache.logging.log4j.core.appender.rolling.FileExtension; (org.apache.logging.log4j.core@2.19.0)
3322:             1             40  [Lorg.apache.logging.log4j.core.pattern.PatternParser$ParserState; (org.apache.logging.log4j.core@2.19.0)
3323:             1             40  [Lorg.openjdk.nashorn.internal.codegen.Condition; (org.openjdk.nashorn)
3324:             1             40  [Lorg.openjdk.nashorn.internal.codegen.LocalVariableTypesCalculator$LvarType; (org.openjdk.nashorn)
3325:             1             40  [Lorg.spongepowered.asm.logging.Level; (org.spongepowered.mixin)
3326:             1             40  [Lorg.spongepowered.asm.mixin.transformer.ext.IExtension; (org.spongepowered.mixin)
3327:             1             40  [Lsun.security.ssl.CipherSuite$MacAlg; (java.base@17.0.15)
3328:             1             40  [Lsun.security.ssl.ContentType; (java.base@17.0.15)
3329:             1             40  [Lsun.security.ssl.SSLKeyExchange$T12KeyAgreement; (java.base@17.0.15)
3330:             1             40  [Lsun.security.util.DisabledAlgorithmConstraints$Constraint$Operator; (java.base@17.0.15)
3331:             1             40  [Lsun.util.locale.provider.LocaleProviderAdapter$Type; (java.base@17.0.15)
3332:             1             40  [[Lcom.mojang.math.SymmetricGroup3; (minecraft@1.20.1)
3333:             1             40  [[Ljava.lang.invoke.LambdaForm$Name; (java.base@17.0.15)
3334:             1             40  com.google.common.util.concurrent.ThreadFactoryBuilder$1 (com.google.common@31.1-jre)
3335:             1             40  com.google.gson.internal.Excluder
3336:             1             40  com.google.gson.internal.Excluder (com.google.gson@2.10)
3337:             1             40  com.ibm.icu.impl.Trie2$UTrie2Header (com.ibm.icu@71.1)
3338:             1             40  com.mojang.authlib.yggdrasil.YggdrasilMinecraftSessionService (authlib@4.0.43)
3339:             1             40  com.mojang.blaze3d.platform.GlStateManager$Viewport (minecraft@1.20.1)
3340:             1             40  com.sun.jmx.interceptor.DefaultMBeanServerInterceptor (java.management@17.0.15)
3341:             1             40  com.sun.jmx.mbeanserver.JmxMBeanServer (java.management@17.0.15)
3342:             1             40  com.sun.jmx.mbeanserver.MBeanServerDelegateImpl (java.management@17.0.15)
3343:             1             40  com.sun.jna.Structure$LayoutInfo (com.sun.jna@5.12.1)
3344:             1             40  com.sun.management.internal.DiagnosticCommandImpl (jdk.management@17.0.15)
3345:             1             40  com.sun.management.internal.OperatingSystemImpl$ProcessCpuTicks (jdk.management@17.0.15)
3346:             1             40  com.sun.management.internal.OperatingSystemImpl$SystemCpuTicks (jdk.management@17.0.15)
3347:             1             40  com.sun.org.apache.xerces.internal.impl.XMLEntityScanner$1 (java.xml@17.0.15)
3348:             1             40  com.sun.xml.internal.stream.util.BufferAllocator (java.xml@17.0.15)
3349:             1             40  it.unimi.dsi.fastutil.ints.Int2ObjectMaps$UnmodifiableMap (it.unimi.dsi.fastutil@8.5.9)
3350:             1             40  it.unimi.dsi.fastutil.ints.IntAVLTreeSet (it.unimi.dsi.fastutil@8.5.9)
3351:             1             40  it.unimi.dsi.fastutil.longs.Long2ObjectMaps$SynchronizedMap (it.unimi.dsi.fastutil@8.5.9)
3352:             1             40  it.unimi.dsi.fastutil.objects.Object2IntArrayMap (it.unimi.dsi.fastutil@8.5.9)
3353:             1             40  it.unimi.dsi.fastutil.objects.Reference2ReferenceArrayMap (it.unimi.dsi.fastutil@8.5.9)
3354:             1             40  java.io.BufferedInputStream (java.base@17.0.15)
3355:             1             40  java.lang.ArithmeticException (java.base@17.0.15)
3356:             1             40  java.lang.ArrayIndexOutOfBoundsException (java.base@17.0.15)
3357:             1             40  java.lang.ClassCastException (java.base@17.0.15)
3358:             1             40  java.lang.NoSuchMethodError (java.base@17.0.15)
3359:             1             40  java.lang.NoSuchMethodException (java.base@17.0.15)
3360:             1             40  java.lang.VirtualMachineError (java.base@17.0.15)
3361:             1             40  java.lang.invoke.VarHandleInts$FieldStaticReadWrite (java.base@17.0.15)
3362:             1             40  java.time.format.DateTimeFormatterBuilder (java.base@17.0.15)
3363:             1             40  java.util.ResourceBundle$2 (java.base@17.0.15)
3364:             1             40  java.util.concurrent.LinkedBlockingDeque (java.base@17.0.15)
3365:             1             40  javax.crypto.CryptoAllPermission (java.base@17.0.15)
3366:             1             40  jdk.internal.event.SecurityProviderServiceEvent (java.base@17.0.15)
3367:             1             40  jdk.internal.icu.impl.CharTrie (java.base@17.0.15)
3368:             1             40  jdk.internal.icu.impl.UCharacterProperty$1 (java.base@17.0.15)
3369:             1             40  jdk.internal.icu.text.StringPrep (java.base@17.0.15)
3370:             1             40  jdk.internal.logger.LazyLoggers$LazyLoggerAccessor (java.base@17.0.15)
3371:             1             40  jdk.internal.ref.CleanerImpl$CleanerCleanable (java.base@17.0.15)
3372:             1             40  net.minecraft.client.User (minecraft@1.20.1)
3373:             1             40  net.minecraft.client.gui.components.ChatComponent (minecraft@1.20.1)
3374:             1             40  net.minecraft.client.gui.components.PlayerTabOverlay (minecraft@1.20.1)
3375:             1             40  net.minecraft.client.gui.screens.social.PlayerSocialManager (minecraft@1.20.1)
3376:             1             40  net.minecraft.client.model.BlazeModel (minecraft@1.20.1)
3377:             1             40  net.minecraft.client.model.CamelModel (minecraft@1.20.1)
3378:             1             40  net.minecraft.client.model.ChestRaftModel (minecraft@1.20.1)
3379:             1             40  net.minecraft.client.model.DolphinModel (minecraft@1.20.1)
3380:             1             40  net.minecraft.client.model.EvokerFangsModel (minecraft@1.20.1)
3381:             1             40  net.minecraft.client.model.PufferfishBigModel (minecraft@1.20.1)
3382:             1             40  net.minecraft.client.model.PufferfishMidModel (minecraft@1.20.1)
3383:             1             40  net.minecraft.client.model.PufferfishSmallModel (minecraft@1.20.1)
3384:             1             40  net.minecraft.client.model.RaftModel (minecraft@1.20.1)
3385:             1             40  net.minecraft.client.model.SilverfishModel (minecraft@1.20.1)
3386:             1             40  net.minecraft.client.model.SnifferModel (minecraft@1.20.1)
3387:             1             40  net.minecraft.client.multiplayer.chat.ChatListener (minecraft@1.20.1)
3388:             1             40  net.minecraft.client.renderer.LightTexture (minecraft@1.20.1)
3389:             1             40  net.minecraft.client.renderer.OutlineBufferSource (minecraft@1.20.1)
3390:             1             40  net.minecraft.client.renderer.block.BlockRenderDispatcher (minecraft@1.20.1)
3391:             1             40  net.minecraft.client.renderer.debug.WorldGenAttemptRenderer (minecraft@1.20.1)
3392:             1             40  net.minecraft.client.renderer.entity.AllayRenderer (minecraft@1.20.1)
3393:             1             40  net.minecraft.client.renderer.entity.ArmorStandRenderer (minecraft@1.20.1)
3394:             1             40  net.minecraft.client.renderer.entity.AxolotlRenderer (minecraft@1.20.1)
3395:             1             40  net.minecraft.client.renderer.entity.BatRenderer (minecraft@1.20.1)
3396:             1             40  net.minecraft.client.renderer.entity.BeeRenderer (minecraft@1.20.1)
3397:             1             40  net.minecraft.client.renderer.entity.BlazeRenderer (minecraft@1.20.1)
3398:             1             40  net.minecraft.client.renderer.entity.CamelRenderer (minecraft@1.20.1)
3399:             1             40  net.minecraft.client.renderer.entity.CatRenderer (minecraft@1.20.1)
3400:             1             40  net.minecraft.client.renderer.entity.CaveSpiderRenderer (minecraft@1.20.1)
3401:             1             40  net.minecraft.client.renderer.entity.ChickenRenderer (minecraft@1.20.1)
3402:             1             40  net.minecraft.client.renderer.entity.CodRenderer (minecraft@1.20.1)
3403:             1             40  net.minecraft.client.renderer.entity.CowRenderer (minecraft@1.20.1)
3404:             1             40  net.minecraft.client.renderer.entity.CreeperRenderer (minecraft@1.20.1)
3405:             1             40  net.minecraft.client.renderer.entity.DisplayRenderer$BlockDisplayRenderer (minecraft@1.20.1)
3406:             1             40  net.minecraft.client.renderer.entity.DisplayRenderer$ItemDisplayRenderer (minecraft@1.20.1)
3407:             1             40  net.minecraft.client.renderer.entity.DisplayRenderer$TextDisplayRenderer (minecraft@1.20.1)
3408:             1             40  net.minecraft.client.renderer.entity.DolphinRenderer (minecraft@1.20.1)
3409:             1             40  net.minecraft.client.renderer.entity.DrownedRenderer (minecraft@1.20.1)
3410:             1             40  net.minecraft.client.renderer.entity.ElderGuardianRenderer (minecraft@1.20.1)
3411:             1             40  net.minecraft.client.renderer.entity.EndCrystalRenderer (minecraft@1.20.1)
3412:             1             40  net.minecraft.client.renderer.entity.EndermanRenderer (minecraft@1.20.1)
3413:             1             40  net.minecraft.client.renderer.entity.EndermiteRenderer (minecraft@1.20.1)
3414:             1             40  net.minecraft.client.renderer.entity.EvokerRenderer (minecraft@1.20.1)
3415:             1             40  net.minecraft.client.renderer.entity.FoxRenderer (minecraft@1.20.1)
3416:             1             40  net.minecraft.client.renderer.entity.FrogRenderer (minecraft@1.20.1)
3417:             1             40  net.minecraft.client.renderer.entity.GhastRenderer (minecraft@1.20.1)
3418:             1             40  net.minecraft.client.renderer.entity.GiantMobRenderer (minecraft@1.20.1)
3419:             1             40  net.minecraft.client.renderer.entity.GlowSquidRenderer (minecraft@1.20.1)
3420:             1             40  net.minecraft.client.renderer.entity.GoatRenderer (minecraft@1.20.1)
3421:             1             40  net.minecraft.client.renderer.entity.GuardianRenderer (minecraft@1.20.1)
3422:             1             40  net.minecraft.client.renderer.entity.HoglinRenderer (minecraft@1.20.1)
3423:             1             40  net.minecraft.client.renderer.entity.HorseRenderer (minecraft@1.20.1)
3424:             1             40  net.minecraft.client.renderer.entity.HuskRenderer (minecraft@1.20.1)
3425:             1             40  net.minecraft.client.renderer.entity.IllusionerRenderer (minecraft@1.20.1)
3426:             1             40  net.minecraft.client.renderer.entity.IronGolemRenderer (minecraft@1.20.1)
3427:             1             40  net.minecraft.client.renderer.entity.ItemEntityRenderer (minecraft@1.20.1)
3428:             1             40  net.minecraft.client.renderer.entity.MagmaCubeRenderer (minecraft@1.20.1)
3429:             1             40  net.minecraft.client.renderer.entity.MushroomCowRenderer (minecraft@1.20.1)
3430:             1             40  net.minecraft.client.renderer.entity.OcelotRenderer (minecraft@1.20.1)
3431:             1             40  net.minecraft.client.renderer.entity.PandaRenderer (minecraft@1.20.1)
3432:             1             40  net.minecraft.client.renderer.entity.ParrotRenderer (minecraft@1.20.1)
3433:             1             40  net.minecraft.client.renderer.entity.PhantomRenderer (minecraft@1.20.1)
3434:             1             40  net.minecraft.client.renderer.entity.PigRenderer (minecraft@1.20.1)
3435:             1             40  net.minecraft.client.renderer.entity.PillagerRenderer (minecraft@1.20.1)
3436:             1             40  net.minecraft.client.renderer.entity.PolarBearRenderer (minecraft@1.20.1)
3437:             1             40  net.minecraft.client.renderer.entity.RabbitRenderer (minecraft@1.20.1)
3438:             1             40  net.minecraft.client.renderer.entity.RavagerRenderer (minecraft@1.20.1)
3439:             1             40  net.minecraft.client.renderer.entity.SalmonRenderer (minecraft@1.20.1)
3440:             1             40  net.minecraft.client.renderer.entity.SheepRenderer (minecraft@1.20.1)
3441:             1             40  net.minecraft.client.renderer.entity.ShulkerRenderer (minecraft@1.20.1)
3442:             1             40  net.minecraft.client.renderer.entity.SilverfishRenderer (minecraft@1.20.1)
3443:             1             40  net.minecraft.client.renderer.entity.SkeletonRenderer (minecraft@1.20.1)
3444:             1             40  net.minecraft.client.renderer.entity.SlimeRenderer (minecraft@1.20.1)
3445:             1             40  net.minecraft.client.renderer.entity.SnifferRenderer (minecraft@1.20.1)
3446:             1             40  net.minecraft.client.renderer.entity.SnowGolemRenderer (minecraft@1.20.1)
3447:             1             40  net.minecraft.client.renderer.entity.SpiderRenderer (minecraft@1.20.1)
3448:             1             40  net.minecraft.client.renderer.entity.SquidRenderer (minecraft@1.20.1)
3449:             1             40  net.minecraft.client.renderer.entity.StrayRenderer (minecraft@1.20.1)
3450:             1             40  net.minecraft.client.renderer.entity.StriderRenderer (minecraft@1.20.1)
3451:             1             40  net.minecraft.client.renderer.entity.TadpoleRenderer (minecraft@1.20.1)
3452:             1             40  net.minecraft.client.renderer.entity.TntMinecartRenderer (minecraft@1.20.1)
3453:             1             40  net.minecraft.client.renderer.entity.TurtleRenderer (minecraft@1.20.1)
3454:             1             40  net.minecraft.client.renderer.entity.VexRenderer (minecraft@1.20.1)
3455:             1             40  net.minecraft.client.renderer.entity.VillagerRenderer (minecraft@1.20.1)
3456:             1             40  net.minecraft.client.renderer.entity.VindicatorRenderer (minecraft@1.20.1)
3457:             1             40  net.minecraft.client.renderer.entity.WanderingTraderRenderer (minecraft@1.20.1)
3458:             1             40  net.minecraft.client.renderer.entity.WardenRenderer (minecraft@1.20.1)
3459:             1             40  net.minecraft.client.renderer.entity.WitchRenderer (minecraft@1.20.1)
3460:             1             40  net.minecraft.client.renderer.entity.WitherBossRenderer (minecraft@1.20.1)
3461:             1             40  net.minecraft.client.renderer.entity.WitherSkeletonRenderer (minecraft@1.20.1)
3462:             1             40  net.minecraft.client.renderer.entity.WolfRenderer (minecraft@1.20.1)
3463:             1             40  net.minecraft.client.renderer.entity.ZoglinRenderer (minecraft@1.20.1)
3464:             1             40  net.minecraft.client.renderer.entity.ZombieRenderer (minecraft@1.20.1)
3465:             1             40  net.minecraft.client.renderer.entity.ZombieVillagerRenderer (minecraft@1.20.1)
3466:             1             40  net.minecraft.util.datafix.DataFixers$1 (minecraft@1.20.1)
3467:             1             40  net.minecraft.util.datafix.DataFixers$2 (minecraft@1.20.1)
3468:             1             40  net.minecraft.util.datafix.fixes.BlockEntityBannerColorFix (minecraft@1.20.1)
3469:             1             40  net.minecraft.util.datafix.fixes.BlockEntityBlockStateFix (minecraft@1.20.1)
3470:             1             40  net.minecraft.util.datafix.fixes.BlockEntityJukeboxFix (minecraft@1.20.1)
3471:             1             40  net.minecraft.util.datafix.fixes.BlockEntityKeepPacked (minecraft@1.20.1)
3472:             1             40  net.minecraft.util.datafix.fixes.BlockEntityShulkerBoxColorFix (minecraft@1.20.1)
3473:             1             40  net.minecraft.util.datafix.fixes.BlockEntitySignTextStrictJsonFix (minecraft@1.20.1)
3474:             1             40  net.minecraft.util.datafix.fixes.CatTypeFix (minecraft@1.20.1)
3475:             1             40  net.minecraft.util.datafix.fixes.ColorlessShulkerEntityFix (minecraft@1.20.1)
3476:             1             40  net.minecraft.util.datafix.fixes.EntityArmorStandSilentFix (minecraft@1.20.1)
3477:             1             40  net.minecraft.util.datafix.fixes.EntityBrushableBlockFieldsRenameFix (minecraft@1.20.1)
3478:             1             40  net.minecraft.util.datafix.fixes.EntityGoatMissingStateFix (minecraft@1.20.1)
3479:             1             40  net.minecraft.util.datafix.fixes.EntityHorseSaddleFix (minecraft@1.20.1)
3480:             1             40  net.minecraft.util.datafix.fixes.EntityItemFrameDirectionFix (minecraft@1.20.1)
3481:             1             40  net.minecraft.util.datafix.fixes.EntityPaintingFieldsRenameFix (minecraft@1.20.1)
3482:             1             40  net.minecraft.util.datafix.fixes.EntityPaintingMotiveFix (minecraft@1.20.1)
3483:             1             40  net.minecraft.util.datafix.fixes.EntityShulkerColorFix (minecraft@1.20.1)
3484:             1             40  net.minecraft.util.datafix.fixes.EntityShulkerRotationFix (minecraft@1.20.1)
3485:             1             40  net.minecraft.util.datafix.fixes.EntityWolfColorFix (minecraft@1.20.1)
3486:             1             40  net.minecraft.util.datafix.fixes.EntityZombieVillagerTypeFix (minecraft@1.20.1)
3487:             1             40  net.minecraft.util.datafix.fixes.FilteredSignsFix (minecraft@1.20.1)
3488:             1             40  net.minecraft.util.datafix.fixes.ItemSpawnEggFix$$Lambda$2225/0x000000010087fb08 (minecraft@1.20.1)
3489:             1             40  net.minecraft.util.datafix.fixes.JigsawPropertiesFix (minecraft@1.20.1)
3490:             1             40  net.minecraft.util.datafix.fixes.MemoryExpiryDataFix (minecraft@1.20.1)
3491:             1             40  net.minecraft.util.datafix.fixes.OminousBannerBlockEntityRenameFix (minecraft@1.20.1)
3492:             1             40  net.minecraft.util.datafix.fixes.OptionsRenameFieldFix (minecraft@1.20.1)
3493:             1             40  net.minecraft.util.datafix.fixes.RemoveGolemGossipFix (minecraft@1.20.1)
3494:             1             40  net.minecraft.util.datafix.fixes.StriderGravityFix (minecraft@1.20.1)
3495:             1             40  net.minecraft.util.datafix.fixes.VariantRenameFix (minecraft@1.20.1)
3496:             1             40  net.minecraft.util.datafix.fixes.VillagerFollowRangeFix (minecraft@1.20.1)
3497:             1             40  net.minecraft.util.datafix.fixes.VillagerTradeFix (minecraft@1.20.1)
3498:             1             40  net.minecraft.util.datafix.fixes.WeaponSmithChestLootTableFix (minecraft@1.20.1)
3499:             1             40  net.minecraft.util.datafix.fixes.ZombieVillagerRebuildXpFix (minecraft@1.20.1)
3500:             1             40  net.minecraft.util.datafix.schemas.V100 (minecraft@1.20.1)
3501:             1             40  net.minecraft.util.datafix.schemas.V102 (minecraft@1.20.1)
3502:             1             40  net.minecraft.util.datafix.schemas.V1022 (minecraft@1.20.1)
3503:             1             40  net.minecraft.util.datafix.schemas.V106 (minecraft@1.20.1)
3504:             1             40  net.minecraft.util.datafix.schemas.V107 (minecraft@1.20.1)
3505:             1             40  net.minecraft.util.datafix.schemas.V1125 (minecraft@1.20.1)
3506:             1             40  net.minecraft.util.datafix.schemas.V135 (minecraft@1.20.1)
3507:             1             40  net.minecraft.util.datafix.schemas.V143 (minecraft@1.20.1)
3508:             1             40  net.minecraft.util.datafix.schemas.V1451 (minecraft@1.20.1)
3509:             1             40  net.minecraft.util.datafix.schemas.V1451_1 (minecraft@1.20.1)
3510:             1             40  net.minecraft.util.datafix.schemas.V1451_2 (minecraft@1.20.1)
3511:             1             40  net.minecraft.util.datafix.schemas.V1451_3 (minecraft@1.20.1)
3512:             1             40  net.minecraft.util.datafix.schemas.V1451_4 (minecraft@1.20.1)
3513:             1             40  net.minecraft.util.datafix.schemas.V1451_5 (minecraft@1.20.1)
3514:             1             40  net.minecraft.util.datafix.schemas.V1451_6 (minecraft@1.20.1)
3515:             1             40  net.minecraft.util.datafix.schemas.V1460 (minecraft@1.20.1)
3516:             1             40  net.minecraft.util.datafix.schemas.V1466 (minecraft@1.20.1)
3517:             1             40  net.minecraft.util.datafix.schemas.V1470 (minecraft@1.20.1)
3518:             1             40  net.minecraft.util.datafix.schemas.V1481 (minecraft@1.20.1)
3519:             1             40  net.minecraft.util.datafix.schemas.V1483 (minecraft@1.20.1)
3520:             1             40  net.minecraft.util.datafix.schemas.V1486 (minecraft@1.20.1)
3521:             1             40  net.minecraft.util.datafix.schemas.V1510 (minecraft@1.20.1)
3522:             1             40  net.minecraft.util.datafix.schemas.V1800 (minecraft@1.20.1)
3523:             1             40  net.minecraft.util.datafix.schemas.V1801 (minecraft@1.20.1)
3524:             1             40  net.minecraft.util.datafix.schemas.V1904 (minecraft@1.20.1)
3525:             1             40  net.minecraft.util.datafix.schemas.V1906 (minecraft@1.20.1)
3526:             1             40  net.minecraft.util.datafix.schemas.V1909 (minecraft@1.20.1)
3527:             1             40  net.minecraft.util.datafix.schemas.V1920 (minecraft@1.20.1)
3528:             1             40  net.minecraft.util.datafix.schemas.V1928 (minecraft@1.20.1)
3529:             1             40  net.minecraft.util.datafix.schemas.V1929 (minecraft@1.20.1)
3530:             1             40  net.minecraft.util.datafix.schemas.V1931 (minecraft@1.20.1)
3531:             1             40  net.minecraft.util.datafix.schemas.V2100 (minecraft@1.20.1)
3532:             1             40  net.minecraft.util.datafix.schemas.V2501 (minecraft@1.20.1)
3533:             1             40  net.minecraft.util.datafix.schemas.V2502 (minecraft@1.20.1)
3534:             1             40  net.minecraft.util.datafix.schemas.V2505 (minecraft@1.20.1)
3535:             1             40  net.minecraft.util.datafix.schemas.V2509 (minecraft@1.20.1)
3536:             1             40  net.minecraft.util.datafix.schemas.V2519 (minecraft@1.20.1)
3537:             1             40  net.minecraft.util.datafix.schemas.V2522 (minecraft@1.20.1)
3538:             1             40  net.minecraft.util.datafix.schemas.V2551 (minecraft@1.20.1)
3539:             1             40  net.minecraft.util.datafix.schemas.V2568 (minecraft@1.20.1)
3540:             1             40  net.minecraft.util.datafix.schemas.V2571 (minecraft@1.20.1)
3541:             1             40  net.minecraft.util.datafix.schemas.V2684 (minecraft@1.20.1)
3542:             1             40  net.minecraft.util.datafix.schemas.V2686 (minecraft@1.20.1)
3543:             1             40  net.minecraft.util.datafix.schemas.V2688 (minecraft@1.20.1)
3544:             1             40  net.minecraft.util.datafix.schemas.V2704 (minecraft@1.20.1)
3545:             1             40  net.minecraft.util.datafix.schemas.V2707 (minecraft@1.20.1)
3546:             1             40  net.minecraft.util.datafix.schemas.V2831 (minecraft@1.20.1)
3547:             1             40  net.minecraft.util.datafix.schemas.V2832 (minecraft@1.20.1)
3548:             1             40  net.minecraft.util.datafix.schemas.V2842 (minecraft@1.20.1)
3549:             1             40  net.minecraft.util.datafix.schemas.V3076 (minecraft@1.20.1)
3550:             1             40  net.minecraft.util.datafix.schemas.V3078 (minecraft@1.20.1)
3551:             1             40  net.minecraft.util.datafix.schemas.V3081 (minecraft@1.20.1)
3552:             1             40  net.minecraft.util.datafix.schemas.V3082 (minecraft@1.20.1)
3553:             1             40  net.minecraft.util.datafix.schemas.V3083 (minecraft@1.20.1)
3554:             1             40  net.minecraft.util.datafix.schemas.V3202 (minecraft@1.20.1)
3555:             1             40  net.minecraft.util.datafix.schemas.V3203 (minecraft@1.20.1)
3556:             1             40  net.minecraft.util.datafix.schemas.V3204 (minecraft@1.20.1)
3557:             1             40  net.minecraft.util.datafix.schemas.V3325 (minecraft@1.20.1)
3558:             1             40  net.minecraft.util.datafix.schemas.V3326 (minecraft@1.20.1)
3559:             1             40  net.minecraft.util.datafix.schemas.V3327 (minecraft@1.20.1)
3560:             1             40  net.minecraft.util.datafix.schemas.V3328 (minecraft@1.20.1)
3561:             1             40  net.minecraft.util.datafix.schemas.V3438 (minecraft@1.20.1)
3562:             1             40  net.minecraft.util.datafix.schemas.V3448 (minecraft@1.20.1)
3563:             1             40  net.minecraft.util.datafix.schemas.V501 (minecraft@1.20.1)
3564:             1             40  net.minecraft.util.datafix.schemas.V700 (minecraft@1.20.1)
3565:             1             40  net.minecraft.util.datafix.schemas.V701 (minecraft@1.20.1)
3566:             1             40  net.minecraft.util.datafix.schemas.V702 (minecraft@1.20.1)
3567:             1             40  net.minecraft.util.datafix.schemas.V703 (minecraft@1.20.1)
3568:             1             40  net.minecraft.util.datafix.schemas.V704 (minecraft@1.20.1)
3569:             1             40  net.minecraft.util.datafix.schemas.V705 (minecraft@1.20.1)
3570:             1             40  net.minecraft.util.datafix.schemas.V808 (minecraft@1.20.1)
3571:             1             40  net.minecraft.util.datafix.schemas.V99 (minecraft@1.20.1)
3572:             1             40  net.minecraft.world.effect.AbsoptionMobEffect (minecraft@1.20.1)
3573:             1             40  net.minecraft.world.effect.HealthBoostMobEffect (minecraft@1.20.1)
3574:             1             40  net.minecraft.world.effect.MobEffects$1 (minecraft@1.20.1)
3575:             1             40  net.minecraftforge.fml.LoadingFailedException (fmlcore@1.20.1-47.4.13)
3576:             1             40  net.minecraftforge.fml.ModList (fmlcore@1.20.1-47.4.13)
3577:             1             40  net.minecraftforge.fml.earlydisplay.RenderElement$DisplayContext (fmlearlydisplay@1.20.1-47.4.13)
3578:             1             40  net.minecraftforge.fml.loading.EarlyLoadingException (fmlloader@1.20.1-47.4.13)
3579:             1             40  net.minecraftforge.fml.loading.moddiscovery.BackgroundScanHandler (fmlloader@1.20.1-47.4.13)
3580:             1             40  net.minecraftforge.fml.loading.moddiscovery.ModValidator (fmlloader@1.20.1-47.4.13)
3581:             1             40  net.minecrell.terminalconsole.TerminalConsoleAppender (terminalconsoleappender@1.2.0)
3582:             1             40  org.antlr.v4.runtime.ParserRuleContext (org.antlr.antlr4.runtime@4.9.1)
3583:             1             40  org.antlr.v4.runtime.atn.ATNConfigSet$ConfigHashSet (org.antlr.antlr4.runtime@4.9.1)
3584:             1             40  org.apache.logging.log4j.core.jmx.LoggerContextAdmin (org.apache.logging.log4j.core@2.19.0)
3585:             1             40  org.apache.logging.log4j.core.jmx.StatusLoggerAdmin (org.apache.logging.log4j.core@2.19.0)
3586:             1             40  org.apache.logging.log4j.status.StatusData (org.apache.logging.log4j@2.19.0)
3587:             1             40  org.joml.Vector3d (org.joml@1.10.5)
3588:             1             40  org.openjdk.nashorn.internal.codegen.ApplySpecialization$AppliesFoundException (org.openjdk.nashorn)
3589:             1             40  org.openjdk.nashorn.internal.codegen.Label$Stack (org.openjdk.nashorn)
3590:             1             40  org.openjdk.nashorn.internal.codegen.types.ArrayType (org.openjdk.nashorn)
3591:             1             40  org.openjdk.nashorn.internal.codegen.types.BooleanType (org.openjdk.nashorn)
3592:             1             40  org.openjdk.nashorn.internal.codegen.types.IntType (org.openjdk.nashorn)
3593:             1             40  org.openjdk.nashorn.internal.codegen.types.LongType (org.openjdk.nashorn)
3594:             1             40  org.openjdk.nashorn.internal.codegen.types.NumberType (org.openjdk.nashorn)
3595:             1             40  org.openjdk.nashorn.internal.codegen.types.Type$1 (org.openjdk.nashorn)
3596:             1             40  org.openjdk.nashorn.internal.codegen.types.Type$2 (org.openjdk.nashorn)
3597:             1             40  org.openjdk.nashorn.internal.codegen.types.Type$3 (org.openjdk.nashorn)
3598:             1             40  org.openjdk.nashorn.internal.codegen.types.Type$4 (org.openjdk.nashorn)
3599:             1             40  org.openjdk.nashorn.internal.codegen.types.Type$5 (org.openjdk.nashorn)
3600:             1             40  org.openjdk.nashorn.internal.codegen.types.Type$6 (org.openjdk.nashorn)
3601:             1             40  org.openjdk.nashorn.internal.codegen.types.Type$7 (org.openjdk.nashorn)
3602:             1             40  org.spongepowered.asm.mixin.MixinEnvironment$CompatibilityLevel (org.spongepowered.mixin)
3603:             1             40  org.spongepowered.asm.mixin.MixinEnvironment$CompatibilityLevel$1 (org.spongepowered.mixin)
3604:             1             40  org.spongepowered.asm.mixin.MixinEnvironment$CompatibilityLevel$10 (org.spongepowered.mixin)
3605:             1             40  org.spongepowered.asm.mixin.MixinEnvironment$CompatibilityLevel$11 (org.spongepowered.mixin)
3606:             1             40  org.spongepowered.asm.mixin.MixinEnvironment$CompatibilityLevel$12 (org.spongepowered.mixin)
3607:             1             40  org.spongepowered.asm.mixin.MixinEnvironment$CompatibilityLevel$2 (org.spongepowered.mixin)
3608:             1             40  org.spongepowered.asm.mixin.MixinEnvironment$CompatibilityLevel$3 (org.spongepowered.mixin)
3609:             1             40  org.spongepowered.asm.mixin.MixinEnvironment$CompatibilityLevel$4 (org.spongepowered.mixin)
3610:             1             40  org.spongepowered.asm.mixin.MixinEnvironment$CompatibilityLevel$5 (org.spongepowered.mixin)
3611:             1             40  org.spongepowered.asm.mixin.MixinEnvironment$CompatibilityLevel$6 (org.spongepowered.mixin)
3612:             1             40  org.spongepowered.asm.mixin.MixinEnvironment$CompatibilityLevel$7 (org.spongepowered.mixin)
3613:             1             40  org.spongepowered.asm.mixin.MixinEnvironment$CompatibilityLevel$8 (org.spongepowered.mixin)
3614:             1             40  org.spongepowered.asm.mixin.MixinEnvironment$CompatibilityLevel$9 (org.spongepowered.mixin)
3615:             1             40  org.spongepowered.asm.mixin.transformer.ext.Extensions (org.spongepowered.mixin)
3616:             1             40  oshi.util.Memoizer$1 (com.github.oshi@6.2.2)
3617:             1             40  sun.net.www.MessageHeader (java.base@17.0.15)
3618:             1             40  sun.net.www.http.KeepAliveStreamCleaner (java.base@17.0.15)
3619:             1             40  sun.nio.cs.StandardCharsets$Aliases (java.base@17.0.15)
3620:             1             40  sun.nio.cs.StandardCharsets$Cache (java.base@17.0.15)
3621:             1             40  sun.security.ssl.Plaintext (java.base@17.0.15)
3622:             1             40  sun.security.ssl.TrustStoreManager$TrustStoreDescriptor (java.base@17.0.15)
3623:             1             40  sun.security.ssl.X509TrustManagerImpl (java.base@17.0.15)
3624:             1             40  sun.text.resources.cldr.FormatData (java.base@17.0.15)
3625:             1             40  sun.text.resources.cldr.FormatData_en (java.base@17.0.15)
3626:             1             40  sun.util.locale.InternalLocaleBuilder (java.base@17.0.15)
3627:             1             40  sun.util.resources.Bundles$1 (java.base@17.0.15)
3628:             1             40  sun.util.resources.cldr.CalendarData (java.base@17.0.15)
3629:             1             32  [Lcom.electronwill.nightconfig.core.io.IndentStyle; (com.electronwill.nightconfig.core@3.6.4)
3630:             1             32  [Lcom.electronwill.nightconfig.core.io.ParsingMode; (com.electronwill.nightconfig.core@3.6.4)
3631:             1             32  [Lcom.google.common.base.AbstractIterator$State; (com.google.common@31.1-jre)
3632:             1             32  [Lcom.google.common.cache.LocalCache$Strength; (com.google.common@31.1-jre)
3633:             1             32  [Lcom.google.common.collect.AbstractIterator$State; (com.google.common@31.1-jre)
3634:             1             32  [Lcom.google.gson.ReflectionAccessFilter$FilterResult; (com.google.gson@2.10)
3635:             1             32  [Lcom.google.gson.ReflectionAccessFilter$FilterResult;
3636:             1             32  [Lcom.google.gson.ToNumberPolicy; (com.google.gson@2.10)
3637:             1             32  [Lcom.google.gson.ToNumberPolicy;
3638:             1             32  [Lcom.llamalad7.mixinextras.transformer.MixinTransformer; (MixinExtras@0.5.3)
3639:             1             32  [Lcom.mojang.blaze3d.platform.InputConstants$Type; (minecraft@1.20.1)
3640:             1             32  [Lcom.mojang.blaze3d.platform.NativeImage$Format; (minecraft@1.20.1)
3641:             1             32  [Lcom.mojang.blaze3d.platform.NativeImage$InternalGlFormat; (minecraft@1.20.1)
3642:             1             32  [Lcom.mojang.datafixers.functions.PointFreeRule$CompRewrite; (datafixerupper@6.0.8)
3643:             1             32  [Lcom.mojang.datafixers.functions.PointFreeRule; (datafixerupper@6.0.8)
3644:             1             32  [Lcom.mojang.realmsclient.client.RealmsClient$Environment; (minecraft@1.20.1)
3645:             1             32  [Lcom.mojang.text2speech.OperatingSystem; (text2speech@1.17.9)
3646:             1             32  [Lcom.sun.org.apache.xerces.internal.utils.XMLSecurityManager$NameMap; (java.xml@17.0.15)
3647:             1             32  [Lcpw.mods.jarhandling.SecureJar$Status; (cpw.mods.securejarhandler)
3648:             1             32  [Lcpw.mods.modlauncher.api.INameMappingService$Domain; (cpw.mods.modlauncher@10.0.9)
3649:             1             32  [Lcpw.mods.modlauncher.api.ITransformerActivity$Type; (cpw.mods.modlauncher@10.0.9)
3650:             1             32  [Lcpw.mods.modlauncher.api.TransformerVoteResult; (cpw.mods.modlauncher@10.0.9)
3651:             1             32  [Lio.netty.util.ResourceLeakDetector$Level; (io.netty.common@4.1.82.Final)
3652:             1             32  [Ljava.lang.ProcessImpl$Platform; (java.base@17.0.15)
3653:             1             32  [Ljava.lang.StackStreamFactory$WalkerState; (java.base@17.0.15)
3654:             1             32  [Ljava.lang.ThreadGroup; (java.base@17.0.15)
3655:             2             32  [Ljava.lang.Throwable; (java.base@17.0.15)
3656:             1             32  [Ljava.lang.invoke.MethodHandleImpl$ArrayAccess; (java.base@17.0.15)
3657:             1             32  [Ljava.lang.invoke.VarHandle$VarHandleDesc$Kind; (java.base@17.0.15)
3658:             1             32  [Ljava.lang.management.MemoryManagerMXBean; (java.management@17.0.15)
3659:             1             32  [Ljava.lang.module.ModuleDescriptor$Modifier; (java.base@17.0.15)
3660:             1             32  [Ljava.net.Proxy$Type; (java.base@17.0.15)
3661:             1             32  [Ljava.net.StandardProtocolFamily; (java.base@17.0.15)
3662:             1             32  [Ljava.nio.file.AccessMode; (java.base@17.0.15)
3663:             1             32  [Ljava.nio.file.FileTreeWalker$EventType; (java.base@17.0.15)
3664:             1             32  [Ljava.nio.file.StandardCopyOption; (java.base@17.0.15)
3665:             1             32  [Ljava.text.Normalizer$Form; (java.base@17.0.15)
3666:             1             32  [Ljava.time.format.DateTimeFormatterBuilder$SettingsParser; (java.base@17.0.15)
3667:             1             32  [Ljava.time.format.ResolverStyle; (java.base@17.0.15)
3668:             1             32  [Ljava.time.temporal.IsoFields$Field; (java.base@17.0.15)
3669:             1             32  [Ljava.time.temporal.JulianFields$Field; (java.base@17.0.15)
3670:             1             32  [Ljava.time.zone.ZoneOffsetTransitionRule$TimeDefinition; (java.base@17.0.15)
3671:             1             32  [Ljava.util.regex.Pattern$Qtype; (java.base@17.0.15)
3672:             1             32  [Ljava.util.stream.MatchOps$MatchKind; (java.base@17.0.15)
3673:             1             32  [Ljava.util.stream.StreamShape; (java.base@17.0.15)
3674:             1             32  [Ljavax.xml.catalog.CatalogFeatures$Feature; (java.xml@17.0.15)
3675:             1             32  [Ljdk.dynalink.BiClassValue$RetentionDirection; (jdk.dynalink@17.0.15)
3676:             1             32  [Ljdk.dynalink.StandardNamespace; (jdk.dynalink@17.0.15)
3677:             1             32  [Ljdk.dynalink.beans.GuardedInvocationComponent$ValidationType; (jdk.dynalink@17.0.15)
3678:             1             32  [Ljdk.internal.icu.util.CodePointTrie$ValueWidth; (java.base@17.0.15)
3679:             1             32  [Ljdk.internal.logger.BootstrapLogger$LoggingBackend; (java.base@17.0.15)
3680:             1             32  [Ljdk.internal.math.FormattedFloatingDecimal$Form; (java.base@17.0.15)
3681:             1             32  [Ljdk.internal.module.ServicesCatalog; (java.base@17.0.15)
3682:             1             32  [Lnet.fabricmc.loader.api.metadata.ModOrigin$Kind; (net.fabricmc.loader@2.6.0+0.15.0+1.20.1-full)
3683:             1             32  [Lnet.minecraft.client.InputType; (minecraft@1.20.1)
3684:             1             32  [Lnet.minecraft.client.ResourceLoadStateTracker$ReloadReason; (minecraft@1.20.1)
3685:             1             32  [Lnet.minecraft.client.User$Type; (minecraft@1.20.1)
3686:             1             32  [Lnet.minecraft.client.gui.narration.NarratableEntry$NarrationPriority; (minecraft@1.20.1)
3687:             1             32  [Lnet.minecraft.client.gui.narration.NarratedElementType; (minecraft@1.20.1)
3688:             1             32  [Lnet.minecraft.client.renderer.DimensionSpecialEffects$SkyType; (minecraft@1.20.1)
3689:             1             32  [Lnet.minecraft.client.renderer.RenderType$OutlineProperty; (minecraft@1.20.1)
3690:             1             32  [Lnet.minecraft.client.renderer.block.model.ItemModelGenerator$SpanFacing; (minecraft@1.20.1)
3691:             1             32  [Lnet.minecraft.client.sounds.SoundEngine$DeviceCheckState; (minecraft@1.20.1)
3692:             1             32  [Lnet.minecraft.server.packs.repository.PackCompatibility; (minecraft@1.20.1)
3693:             1             32  [Lnet.minecraft.util.ByIdMap$OutOfBoundsStrategy; (minecraft@1.20.1)
3694:             1             32  [Lnet.minecraft.util.ModCheck$Confidence; (minecraft@1.20.1)
3695:             1             32  [Lnet.minecraft.world.effect.MobEffectCategory; (minecraft@1.20.1)
3696:             1             32  [Lnet.minecraft.world.entity.EntityType; (minecraft@1.20.1)
3697:             1             32  [Lnet.minecraft.world.entity.animal.IronGolem$Crackiness; (minecraft@1.20.1)
3698:             1             32  [Lnet.minecraft.world.item.CreativeModeTab$Type; (minecraft@1.20.1)
3699:             1             32  [Lnet.minecraft.world.item.Rarity; (minecraft@1.20.1)
3700:             1             32  [Lnet.minecraft.world.item.enchantment.Enchantment$Rarity; (minecraft@1.20.1)
3701:             1             32  [Lnet.minecraft.world.level.biome.BiomeSpecialEffects$GrassColorModifier; (minecraft@1.20.1)
3702:             1             32  [Lnet.minecraft.world.level.block.RenderShape; (minecraft@1.20.1)
3703:             1             32  [Lnet.minecraft.world.level.block.WeatheringCopper$WeatherState; (minecraft@1.20.1)
3704:             1             32  [Lnet.minecraft.world.level.block.entity.ShulkerBoxBlockEntity$AnimationStatus; (minecraft@1.20.1)
3705:             1             32  [Lnet.minecraft.world.level.block.state.BlockBehaviour$OffsetType; (minecraft@1.20.1)
3706:             1             32  [Lnet.minecraft.world.level.block.state.properties.BooleanProperty; (minecraft@1.20.1)
3707:             1             32  [Lnet.minecraft.world.level.block.state.properties.NoteBlockInstrument$Type; (minecraft@1.20.1)
3708:             1             32  [Lnet.minecraft.world.level.levelgen.DensityFunctions$TwoArgumentSimpleFunction$Type; (minecraft@1.20.1)
3709:             1             32  [Lnet.minecraft.world.level.levelgen.Heightmap$Usage; (minecraft@1.20.1)
3710:             1             32  [Lnet.minecraft.world.level.pathfinder.PathComputationType; (minecraft@1.20.1)
3711:             1             32  [Lnet.minecraftforge.accesstransformer.AccessTransformer$FinalState; (accesstransformers@8.0.4)
3712:             1             32  [Lnet.minecraftforge.accesstransformer.TargetType; (accesstransformers@8.0.4)
3713:             1             32  [Lnet.minecraftforge.client.settings.KeyConflictContext; (forge@47.4.13)
3714:             1             32  [Lnet.minecraftforge.eventbus.api.Event$Result; (net.minecraftforge.eventbus)
3715:             1             32  [Lnet.minecraftforge.fml.earlydisplay.ElementShader$RenderType; (fmlearlydisplay@1.20.1-47.4.13)
3716:             1             32  [Lnet.minecraftforge.fml.earlydisplay.SimpleBufferBuilder$Format; (fmlearlydisplay@1.20.1-47.4.13)
3717:             1             32  [Lnet.minecraftforge.fml.loading.FMLPaths; (fmlloader@1.20.1-47.4.13)
3718:             1             32  [Lnet.minecraftforge.installer.HashFunction;
3719:             1             32  [Lnet.minecraftforge.installer.actions.ProgressCallback$MessagePriority;
3720:             1             32  [Lnet.minecraftforge.network.NetworkDirection; (forge@47.4.13)
3721:             1             32  [Lorg.antlr.v4.runtime.CodePointBuffer$Type; (org.antlr.antlr4.runtime@4.9.1)
3722:             1             32  [Lorg.antlr.v4.runtime.atn.PredictionMode; (org.antlr.antlr4.runtime@4.9.1)
3723:             1             32  [Lorg.apache.commons.io.StandardLineSeparator; (org.apache.commons.io@2.11.0)
3724:             2             32  [Lorg.apache.logging.log4j.core.appender.rolling.action.Action; (org.apache.logging.log4j.core@2.19.0)
3725:             1             32  [Lorg.apache.logging.log4j.core.config.LoggerConfig$LoggerConfigPredicate; (org.apache.logging.log4j.core@2.19.0)
3726:             1             32  [Lorg.apache.logging.log4j.core.util.datetime.FixedDateFormat$FixedTimeZoneFormat; (org.apache.logging.log4j.core@2.19.0)
3727:             1             32  [Lorg.lwjgl.Version$BuildType; (org.lwjgl@3.3.1+7)
3728:             1             32  [Lorg.lwjgl.system.Platform$Architecture; (org.lwjgl@3.3.1+7)
3729:             1             32  [Lorg.lwjgl.system.Platform; (org.lwjgl@3.3.1+7)
3730:             1             32  [Lorg.openjdk.nashorn.internal.runtime.Context$FieldMode; (org.openjdk.nashorn)
3731:             1             32  [Lorg.openjdk.nashorn.internal.runtime.ScriptEnvironment$AnonymousClasses; (org.openjdk.nashorn)
3732:             1             32  [Lorg.openjdk.nashorn.internal.runtime.ScriptEnvironment$FunctionStatementBehavior; (org.openjdk.nashorn)
3733:             1             32  [Lorg.prismlauncher.EntryPoint$PreLaunchAction;
3734:             1             32  [Lorg.spongepowered.asm.launch.platform.IMixinPlatformAgent$AcceptResult; (org.spongepowered.mixin)
3735:             1             32  [Lorg.spongepowered.asm.mixin.MixinEnvironment$Option$Inherit; (org.spongepowered.mixin)
3736:             1             32  [Lorg.spongepowered.asm.mixin.MixinEnvironment$Side; (org.spongepowered.mixin)
3737:             1             32  [Lorg.spongepowered.asm.mixin.transformer.MixinCoprocessor$ProcessResult; (org.spongepowered.mixin)
3738:             1             32  [Lorg.spongepowered.asm.mixin.transformer.PluginHandle$CompatibilityMode; (org.spongepowered.mixin)
3739:             1             32  [Lsun.net.www.protocol.http.HttpURLConnection$TunnelState; (java.base@17.0.15)
3740:             1             32  [Lsun.security.provider.NativePRNG$Variant; (java.base@17.0.15)
3741:             1             32  [Lsun.security.provider.certpath.OCSP$RevocationStatus$CertStatus; (java.base@17.0.15)
3742:             1             32  [Lsun.security.ssl.CipherSuite$HashAlg; (java.base@17.0.15)
3743:             1             32  [Lsun.security.ssl.CipherType; (java.base@17.0.15)
3744:             1             32  [Lsun.security.ssl.ClientAuthType; (java.base@17.0.15)
3745:             1             32  [Lsun.security.ssl.ECPointFormatsExtension$ECPointFormat; (java.base@17.0.15)
3746:             1             32  [Lsun.security.ssl.Finished$VerifyDataScheme; (java.base@17.0.15)
3747:             1             32  [Lsun.security.ssl.SSLTrafficKeyDerivation; (java.base@17.0.15)
3748:             1             32  [Lsun.security.ssl.SignatureScheme$SigAlgParamSpec; (java.base@17.0.15)
3749:             1             32  [[[I (java.base@17.0.15)
3750:             2             32  com.electronwill.nightconfig.core.InMemoryCommentedFormat (com.electronwill.nightconfig.core@3.6.4)
3751:             2             32  com.google.common.collect.Interners$InternerImpl (com.google.common@31.1-jre)
3752:             1             32  com.google.common.collect.Iterators$ArrayItr (com.google.common@31.1-jre)
3753:             1             32  com.google.common.hash.MessageDigestHashFunction (com.google.common@31.1-jre)
3754:             2             32  com.google.gson.internal.ConstructorConstructor$13
3755:             1             32  com.google.gson.internal.bind.MapTypeAdapterFactory$Adapter (com.google.gson@2.10)
3756:             1             32  com.google.gson.internal.bind.ReflectiveTypeAdapterFactory
3757:             1             32  com.google.gson.internal.bind.ReflectiveTypeAdapterFactory$RecordAdapter (com.google.gson@2.10)
3758:             1             32  com.google.gson.internal.bind.TreeTypeAdapter$SingleTypeFactory
3759:             1             32  com.google.gson.internal.reflect.ReflectionHelper$RecordSupportedHelper
3760:             1             32  com.google.gson.internal.reflect.ReflectionHelper$RecordSupportedHelper (com.google.gson@2.10)
3761:             1             32  com.ibm.icu.impl.UBiDiProps (com.ibm.icu@71.1)
3762:             2             32  com.mojang.authlib.properties.PropertyMap$Serializer (authlib@4.0.43)
3763:             1             32  com.mojang.authlib.yggdrasil.YggdrasilAuthenticationService (authlib@4.0.43)
3764:             1             32  com.mojang.authlib.yggdrasil.YggdrasilServicesKeyInfo$$Lambda$4367/0x0000000100be7c28 (authlib@4.0.43)
3765:             2             32  com.mojang.blaze3d.font.SpaceProvider$$Lambda$5408/0x0000000100df8860 (minecraft@1.20.1)
3766:             1             32  com.mojang.blaze3d.platform.DisplayData (minecraft@1.20.1)
3767:             1             32  com.mojang.blaze3d.platform.GlStateManager$BlendState (minecraft@1.20.1)
3768:             1             32  com.mojang.blaze3d.platform.GlStateManager$PolygonOffsetState (minecraft@1.20.1)
3769:             1             32  com.mojang.blaze3d.platform.GlStateManager$StencilState (minecraft@1.20.1)
3770:             2             32  com.mojang.blaze3d.shaders.AbstractUniform (minecraft@1.20.1)
3771:             2             32  com.mojang.blaze3d.vertex.Tesselator (minecraft@1.20.1)
3772:             2             32  com.mojang.blaze3d.vertex.VertexSorting$$Lambda$4343/0x0000000100bb9f38 (minecraft@1.20.1)
3773:             1             32  com.mojang.datafixers.DataFixerUpper (datafixerupper@6.0.8)
3774:             2             32  com.mojang.realmsclient.dto.GuardedSerializer (minecraft@1.20.1)
3775:             2             32  com.mojang.serialization.Codec$$Lambda$3851/0x0000000100ac1c90 (datafixerupper@6.0.8)
3776:             2             32  com.mojang.serialization.Codec$$Lambda$3852/0x0000000100af4410 (datafixerupper@6.0.8)
3777:             2             32  com.mojang.serialization.JsonOps (datafixerupper@6.0.8)
3778:             1             32  com.sun.jmx.mbeanserver.Repository (java.management@17.0.15)
3779:             1             32  com.sun.jna.Library$Handler (com.sun.jna@5.12.1)
3780:             1             32  com.sun.management.internal.OperatingSystemImpl (jdk.management@17.0.15)
3781:             2             32  com.sun.org.apache.xerces.internal.impl.dv.dtd.ENTITYDatatypeValidator (java.xml@17.0.15)
3782:             2             32  com.sun.proxy.jdk.proxy1.$Proxy1 (jdk.proxy1)
3783:             2             32  com.sun.proxy.jdk.proxy1.$Proxy27 (jdk.proxy1)
3784:             1             32  cpw.mods.modlauncher.ClassTransformer (cpw.mods.modlauncher@10.0.9)
3785:             2             32  io.netty.util.internal.logging.Slf4JLoggerFactory (io.netty.common@4.1.82.Final)
3786:             1             32  java.io.UnixFileSystem (java.base@17.0.15)
3787:             2             32  java.lang.Boolean (java.base@17.0.15)
3788:             1             32  java.lang.Module$ArchivedData (java.base@17.0.15)
3789:             2             32  java.lang.Shutdown$Lock (java.base@17.0.15)
3790:             1             32  java.net.InetAddress$CachedLocalHost (java.base@17.0.15)
3791:             2             32  java.nio.ByteOrder (java.base@17.0.15)
3792:             2             32  java.nio.file.attribute.PosixFilePermissions$1 (java.base@17.0.15)
3793:             1             32  java.text.DontCareFieldPosition (java.base@17.0.15)
3794:             2             32  java.time.format.DateTimeFormatterBuilder$StringLiteralPrinterParser (java.base@17.0.15)
3795:             1             32  java.util.ArrayList$Itr (java.base@17.0.15)
3796:             1             32  java.util.Collections$UnmodifiableSortedMap (java.base@17.0.15)
3797:             1             32  java.util.LinkedHashMap$LinkedKeyIterator (java.base@17.0.15)
3798:             1             32  java.util.Random (java.base@17.0.15)
3799:             2             32  java.util.ResourceBundle$SingleFormatControl (java.base@17.0.15)
3800:             1             32  java.util.Stack (java.base@17.0.15)
3801:             2             32  java.util.concurrent.SynchronousQueue$TransferStack (java.base@17.0.15)
3802:             1             32  java.util.concurrent.ThreadLocalRandom (java.base@17.0.15)
3803:             1             32  java.util.logging.LogManager$SystemLoggerContext (java.logging@17.0.15)
3804:             2             32  java.util.regex.CharPredicates$$Lambda$1260/0x00000001002fb0b8 (java.base@17.0.15)
3805:             1             32  java.util.regex.Pattern$BnM (java.base@17.0.15)
3806:             1             32  java.util.regex.Pattern$NotBehind (java.base@17.0.15)
3807:             1             32  java.util.zip.ZipCoder$UTF8ZipCoder (java.base@17.0.15)
3808:             2             32  jdk.dynalink.linker.support.Lookup (jdk.dynalink@17.0.15)
3809:             1             32  jdk.internal.loader.ArchivedClassLoaders (java.base@17.0.15)
3810:             1             32  jdk.internal.module.ArchivedModuleGraph (java.base@17.0.15)
3811:             2             32  jdk.internal.module.ModuleResolution (java.base@17.0.15)
3812:             2             32  jdk.internal.module.ModuleTarget (java.base@17.0.15)
3813:             1             32  jdk.internal.org.objectweb.asm.ConstantDynamic (java.base@17.0.15)
3814:             1             32  jdk.internal.org.objectweb.asm.Handle (java.base@17.0.15)
3815:             1             32  jdk.internal.reflect.UnsafeQualifiedStaticLongFieldAccessorImpl (java.base@17.0.15)
3816:             1             32  jdk.net.ExtendedSocketOptions$1 (jdk.net@17.0.15)
3817:             2             32  jdk.proxy2.$Proxy15 (jdk.proxy2)
3818:             2             32  jdk.proxy2.$Proxy23 (jdk.proxy2)
3819:             2             32  net.minecraft.DefaultUncaughtExceptionHandler (minecraft@1.20.1)
3820:             1             32  net.minecraft.client.HotbarManager (minecraft@1.20.1)
3821:             1             32  net.minecraft.client.Minecraft$$Lambda$5270/0x0000000100dda1b8 (minecraft@1.20.1)
3822:             1             32  net.minecraft.client.OptionInstance$AltEnum (minecraft@1.20.1)
3823:             1             32  net.minecraft.client.PeriodicNotificationManager (minecraft@1.20.1)
3824:             1             32  net.minecraft.client.ResourceLoadStateTracker$ReloadState (minecraft@1.20.1)
3825:             2             32  net.minecraft.client.StringSplitter (minecraft@1.20.1)
3826:             1             32  net.minecraft.client.Timer (minecraft@1.20.1)
3827:             2             32  net.minecraft.client.gui.Font$$Lambda$4928/0x0000000100d2acb8 (minecraft@1.20.1)
3828:             1             32  net.minecraft.client.gui.components.spectator.SpectatorGui (minecraft@1.20.1)
3829:             1             32  net.minecraft.client.gui.components.toasts.ToastComponent (minecraft@1.20.1)
3830:             1             32  net.minecraft.client.gui.font.FontManager (minecraft@1.20.1)
3831:             1             32  net.minecraft.client.main.GameConfig (minecraft@1.20.1)
3832:             1             32  net.minecraft.client.main.GameConfig$FolderData (minecraft@1.20.1)
3833:             1             32  net.minecraft.client.main.GameConfig$QuickPlayData (minecraft@1.20.1)
3834:             1             32  net.minecraft.client.main.GameConfig$UserData (minecraft@1.20.1)
3835:             1             32  net.minecraft.client.model.CodModel (minecraft@1.20.1)
3836:             1             32  net.minecraft.client.model.EndermiteModel (minecraft@1.20.1)
3837:             1             32  net.minecraft.client.model.GhastModel (minecraft@1.20.1)
3838:             1             32  net.minecraft.client.model.LavaSlimeModel (minecraft@1.20.1)
3839:             1             32  net.minecraft.client.model.LeashKnotModel (minecraft@1.20.1)
3840:             1             32  net.minecraft.client.model.LlamaSpitModel (minecraft@1.20.1)
3841:             1             32  net.minecraft.client.model.SalmonModel (minecraft@1.20.1)
3842:             1             32  net.minecraft.client.model.ShieldModel (minecraft@1.20.1)
3843:             1             32  net.minecraft.client.model.ShulkerBulletModel (minecraft@1.20.1)
3844:             1             32  net.minecraft.client.multiplayer.AccountProfileKeyPairManager (minecraft@1.20.1)
3845:             1             32  net.minecraft.client.multiplayer.chat.report.ReportingContext (minecraft@1.20.1)
3846:             2             32  net.minecraft.client.particle.FlameParticle$Provider (minecraft@1.20.1)
3847:             1             32  net.minecraft.client.renderer.RenderBuffers (minecraft@1.20.1)
3848:             2             32  net.minecraft.client.renderer.RenderStateShard$CullStateShard$$Lambda$4814/0x0000000100d12ec8 (minecraft@1.20.1)
3849:             2             32  net.minecraft.client.renderer.RenderStateShard$CullStateShard$$Lambda$4815/0x0000000100d130e8 (minecraft@1.20.1)
3850:             2             32  net.minecraft.client.renderer.RenderStateShard$LightmapStateShard$$Lambda$4810/0x0000000100d12208 (minecraft@1.20.1)
3851:             2             32  net.minecraft.client.renderer.RenderStateShard$LightmapStateShard$$Lambda$4811/0x0000000100d12428 (minecraft@1.20.1)
3852:             2             32  net.minecraft.client.renderer.RenderStateShard$MultiTextureStateShard$$Lambda$4886/0x0000000100d22cf8 (minecraft@1.20.1)
3853:             2             32  net.minecraft.client.renderer.RenderStateShard$OverlayStateShard$$Lambda$4812/0x0000000100d12868 (minecraft@1.20.1)
3854:             2             32  net.minecraft.client.renderer.RenderStateShard$OverlayStateShard$$Lambda$4813/0x0000000100d12a88 (minecraft@1.20.1)
3855:             2             32  net.minecraft.client.renderer.block.model.BlockElement$Deserializer (minecraft@1.20.1)
3856:             2             32  net.minecraft.client.renderer.block.model.BlockElementFace$Deserializer (minecraft@1.20.1)
3857:             2             32  net.minecraft.client.renderer.block.model.BlockFaceUV$Deserializer (minecraft@1.20.1)
3858:             2             32  net.minecraft.client.renderer.block.model.FaceBakery (minecraft@1.20.1)
3859:             2             32  net.minecraft.client.renderer.block.model.ItemModelGenerator (minecraft@1.20.1)
3860:             2             32  net.minecraft.client.renderer.block.model.ItemOverride$Deserializer (minecraft@1.20.1)
3861:             2             32  net.minecraft.client.renderer.block.model.ItemTransform$Deserializer (minecraft@1.20.1)
3862:             2             32  net.minecraft.client.renderer.block.model.ItemTransforms$Deserializer (minecraft@1.20.1)
3863:             1             32  net.minecraft.client.renderer.blockentity.ConduitRenderer (minecraft@1.20.1)
3864:             1             32  net.minecraft.client.renderer.debug.BeeDebugRenderer (minecraft@1.20.1)
3865:             1             32  net.minecraft.client.renderer.debug.BrainDebugRenderer (minecraft@1.20.1)
3866:             1             32  net.minecraft.client.renderer.debug.ChunkDebugRenderer (minecraft@1.20.1)
3867:             1             32  net.minecraft.client.renderer.debug.CollisionBoxRenderer (minecraft@1.20.1)
3868:             1             32  net.minecraft.client.renderer.debug.LightSectionDebugRenderer (minecraft@1.20.1)
3869:             1             32  net.minecraft.client.renderer.debug.StructureRenderer (minecraft@1.20.1)
3870:             1             32  net.minecraft.client.renderer.debug.SupportBlockRenderer (minecraft@1.20.1)
3871:             1             32  net.minecraft.client.renderer.entity.DragonFireballRenderer (minecraft@1.20.1)
3872:             1             32  net.minecraft.client.renderer.entity.EnderDragonRenderer (minecraft@1.20.1)
3873:             1             32  net.minecraft.client.renderer.entity.EvokerFangsRenderer (minecraft@1.20.1)
3874:             1             32  net.minecraft.client.renderer.entity.ExperienceOrbRenderer (minecraft@1.20.1)
3875:             1             32  net.minecraft.client.renderer.entity.FallingBlockRenderer (minecraft@1.20.1)
3876:             1             32  net.minecraft.client.renderer.entity.FireworkEntityRenderer (minecraft@1.20.1)
3877:             1             32  net.minecraft.client.renderer.entity.FishingHookRenderer (minecraft@1.20.1)
3878:             1             32  net.minecraft.client.renderer.entity.ItemRenderer (minecraft@1.20.1)
3879:             1             32  net.minecraft.client.renderer.entity.LeashKnotRenderer (minecraft@1.20.1)
3880:             1             32  net.minecraft.client.renderer.entity.LightningBoltRenderer (minecraft@1.20.1)
3881:             1             32  net.minecraft.client.renderer.entity.LlamaSpitRenderer (minecraft@1.20.1)
3882:             1             32  net.minecraft.client.renderer.entity.PaintingRenderer (minecraft@1.20.1)
3883:             1             32  net.minecraft.client.renderer.entity.ShulkerBulletRenderer (minecraft@1.20.1)
3884:             1             32  net.minecraft.client.renderer.entity.SpectralArrowRenderer (minecraft@1.20.1)
3885:             1             32  net.minecraft.client.renderer.entity.ThrownTridentRenderer (minecraft@1.20.1)
3886:             1             32  net.minecraft.client.renderer.entity.TippableArrowRenderer (minecraft@1.20.1)
3887:             1             32  net.minecraft.client.renderer.entity.TntRenderer (minecraft@1.20.1)
3888:             1             32  net.minecraft.client.renderer.entity.WitherSkullRenderer (minecraft@1.20.1)
3889:             2             32  net.minecraft.client.renderer.entity.layers.BeeStingerLayer (minecraft@1.20.1)
3890:             2             32  net.minecraft.client.renderer.entity.layers.CapeLayer (minecraft@1.20.1)
3891:             2             32  net.minecraft.client.renderer.entity.layers.Deadmau5EarsLayer (minecraft@1.20.1)
3892:             2             32  net.minecraft.client.renderer.entity.layers.SpiderEyesLayer (minecraft@1.20.1)
3893:             1             32  net.minecraft.client.renderer.texture.TextureManager (minecraft@1.20.1)
3894:             1             32  net.minecraft.client.resources.ClientPackSource (minecraft@1.20.1)
3895:             1             32  net.minecraft.client.resources.DownloadedPackSource (minecraft@1.20.1)
3896:             1             32  net.minecraft.client.resources.SkinManager (minecraft@1.20.1)
3897:             1             32  net.minecraft.client.resources.metadata.animation.AnimationMetadataSection (minecraft@1.20.1)
3898:             1             32  net.minecraft.client.resources.metadata.animation.AnimationMetadataSection$1 (minecraft@1.20.1)
3899:             1             32  net.minecraft.client.sounds.MusicManager (minecraft@1.20.1)
3900:             1             32  net.minecraft.client.sounds.SoundEngineExecutor (minecraft@1.20.1)
3901:             1             32  net.minecraft.client.telemetry.ClientTelemetryManager (minecraft@1.20.1)
3902:             1             32  net.minecraft.client.tutorial.Tutorial (minecraft@1.20.1)
3903:             2             32  net.minecraft.network.chat.Component$Serializer (minecraft@1.20.1)
3904:             2             32  net.minecraft.server.packs.BuiltInMetadata (minecraft@1.20.1)
3905:             1             32  net.minecraft.server.packs.VanillaPackResources (minecraft@1.20.1)
3906:             2             32  net.minecraft.tags.TagKey$$Lambda$2747/0x0000000100a0ed68 (minecraft@1.20.1)
3907:             1             32  net.minecraft.util.CrudeIncrementalIntIdentityHashBiMap (minecraft@1.20.1)
3908:             1             32  net.minecraft.util.FrameTimer (minecraft@1.20.1)
3909:             1             32  net.minecraft.util.SegmentedAnglePrecision (minecraft@1.20.1)
3910:             2             32  net.minecraft.util.datafix.fixes.AbstractPoiSectionFix$$Lambda$2305/0x00000001008afab8 (minecraft@1.20.1)
3911:             1             32  net.minecraft.util.datafix.fixes.AdvancementsFix (minecraft@1.20.1)
3912:             1             32  net.minecraft.util.datafix.fixes.BitStorageAlignFix$$Lambda$2322/0x00000001008b3cb8 (minecraft@1.20.1)
3913:             1             32  net.minecraft.util.datafix.fixes.BlendingDataFix (minecraft@1.20.1)
3914:             1             32  net.minecraft.util.datafix.fixes.BlockEntityRenameFix (minecraft@1.20.1)
3915:             1             32  net.minecraft.util.datafix.fixes.BlockEntityUUIDFix (minecraft@1.20.1)
3916:             1             32  net.minecraft.util.datafix.fixes.ChunkHeightAndBiomeFix$$Lambda$2335/0x00000001008b92e0 (minecraft@1.20.1)
3917:             2             32  net.minecraft.util.datafix.fixes.CriteriaRenameFix$$Lambda$2344/0x00000001008baf40 (minecraft@1.20.1)
3918:             1             32  net.minecraft.util.datafix.fixes.EntityBlockStateFix$$Lambda$2261/0x000000010089cdc8 (minecraft@1.20.1)
3919:             1             32  net.minecraft.util.datafix.fixes.EntityCatSplitFix (minecraft@1.20.1)
3920:             1             32  net.minecraft.util.datafix.fixes.EntityCodSalmonFix (minecraft@1.20.1)
3921:             1             32  net.minecraft.util.datafix.fixes.EntityElderGuardianSplitFix (minecraft@1.20.1)
3922:             1             32  net.minecraft.util.datafix.fixes.EntityHorseSplitFix (minecraft@1.20.1)
3923:             1             32  net.minecraft.util.datafix.fixes.EntityPufferfishRenameFix (minecraft@1.20.1)
3924:             1             32  net.minecraft.util.datafix.fixes.EntityRavagerRenameFix (minecraft@1.20.1)
3925:             1             32  net.minecraft.util.datafix.fixes.EntityRidingToPassengersFix$$Lambda$2234/0x0000000100891e68 (minecraft@1.20.1)
3926:             1             32  net.minecraft.util.datafix.fixes.EntitySkeletonSplitFix (minecraft@1.20.1)
3927:             1             32  net.minecraft.util.datafix.fixes.EntityTheRenameningFix (minecraft@1.20.1)
3928:             1             32  net.minecraft.util.datafix.fixes.EntityTippedArrowFix (minecraft@1.20.1)
3929:             1             32  net.minecraft.util.datafix.fixes.EntityUUIDFix (minecraft@1.20.1)
3930:             1             32  net.minecraft.util.datafix.fixes.EntityZombieSplitFix (minecraft@1.20.1)
3931:             1             32  net.minecraft.util.datafix.fixes.EntityZombifiedPiglinRenameFix (minecraft@1.20.1)
3932:             1             32  net.minecraft.util.datafix.fixes.FeatureFlagRemoveFix (minecraft@1.20.1)
3933:             1             32  net.minecraft.util.datafix.fixes.FilteredBooksFix (minecraft@1.20.1)
3934:             1             32  net.minecraft.util.datafix.fixes.GoatHornIdFix (minecraft@1.20.1)
3935:             1             32  net.minecraft.util.datafix.fixes.ItemRemoveBlockEntityTagFix (minecraft@1.20.1)
3936:             1             32  net.minecraft.util.datafix.fixes.ItemRemoveBlockEntityTagFix$$Lambda$2265/0x000000010089da18 (minecraft@1.20.1)
3937:             1             32  net.minecraft.util.datafix.fixes.ItemStackUUIDFix (minecraft@1.20.1)
3938:             1             32  net.minecraft.util.datafix.fixes.LeavesFix$$Lambda$2281/0x00000001008a43d8 (minecraft@1.20.1)
3939:             1             32  net.minecraft.util.datafix.fixes.LevelUUIDFix (minecraft@1.20.1)
3940:             1             32  net.minecraft.util.datafix.fixes.MissingDimensionFix$$Lambda$2326/0x00000001008b78c0 (minecraft@1.20.1)
3941:             1             32  net.minecraft.util.datafix.fixes.NewVillageFix$$Lambda$2296/0x00000001008abfe0 (minecraft@1.20.1)
3942:             1             32  net.minecraft.util.datafix.fixes.OminousBannerRenameFix (minecraft@1.20.1)
3943:             1             32  net.minecraft.util.datafix.fixes.PlayerUUIDFix (minecraft@1.20.1)
3944:             1             32  net.minecraft.util.datafix.fixes.PoiTypeRemoveFix (minecraft@1.20.1)
3945:             1             32  net.minecraft.util.datafix.fixes.PoiTypeRenameFix (minecraft@1.20.1)
3946:             1             32  net.minecraft.util.datafix.fixes.RemapChunkStatusFix (minecraft@1.20.1)
3947:             1             32  net.minecraft.util.datafix.fixes.SavedDataUUIDFix (minecraft@1.20.1)
3948:             1             32  net.minecraft.util.datafix.fixes.SpawnerDataFix$$Lambda$2333/0x00000001008b5b18 (minecraft@1.20.1)
3949:             1             32  net.minecraft.util.datafix.fixes.TrappedChestBlockEntityFix$$Lambda$2291/0x00000001008aaa70 (minecraft@1.20.1)
3950:             1             32  net.minecraft.util.datafix.fixes.VillagerRebuildLevelAndXpFix$$Lambda$2302/0x00000001008aeee0 (minecraft@1.20.1)
3951:             2             32  net.minecraft.util.datafix.fixes.WorldGenSettingsDisallowOldCustomWorldsFix$$Lambda$2337/0x00000001008b9748 (minecraft@1.20.1)
3952:             2             32  net.minecraft.util.datafix.schemas.V703$$Lambda$1891/0x000000010083c548 (minecraft@1.20.1)
3953:             2             32  net.minecraft.util.datafix.schemas.V703$$Lambda$1892/0x000000010083c770 (minecraft@1.20.1)
3954:             2             32  net.minecraft.util.datafix.schemas.V703$$Lambda$1893/0x000000010083c998 (minecraft@1.20.1)
3955:             2             32  net.minecraft.util.datafix.schemas.V703$$Lambda$1894/0x000000010083cbc0 (minecraft@1.20.1)
3956:             2             32  net.minecraft.util.datafix.schemas.V703$$Lambda$1895/0x000000010083cde8 (minecraft@1.20.1)
3957:             1             32  net.minecraft.world.item.enchantment.ArrowDamageEnchantment (minecraft@1.20.1)
3958:             1             32  net.minecraft.world.item.enchantment.ArrowFireEnchantment (minecraft@1.20.1)
3959:             1             32  net.minecraft.world.item.enchantment.ArrowInfiniteEnchantment (minecraft@1.20.1)
3960:             1             32  net.minecraft.world.item.enchantment.ArrowKnockbackEnchantment (minecraft@1.20.1)
3961:             1             32  net.minecraft.world.item.enchantment.ArrowPiercingEnchantment (minecraft@1.20.1)
3962:             1             32  net.minecraft.world.item.enchantment.BindingCurseEnchantment (minecraft@1.20.1)
3963:             1             32  net.minecraft.world.item.enchantment.DigDurabilityEnchantment (minecraft@1.20.1)
3964:             1             32  net.minecraft.world.item.enchantment.DiggingEnchantment (minecraft@1.20.1)
3965:             1             32  net.minecraft.world.item.enchantment.FireAspectEnchantment (minecraft@1.20.1)
3966:             1             32  net.minecraft.world.item.enchantment.FishingSpeedEnchantment (minecraft@1.20.1)
3967:             1             32  net.minecraft.world.item.enchantment.FrostWalkerEnchantment (minecraft@1.20.1)
3968:             1             32  net.minecraft.world.item.enchantment.KnockbackEnchantment (minecraft@1.20.1)
3969:             1             32  net.minecraft.world.item.enchantment.MendingEnchantment (minecraft@1.20.1)
3970:             1             32  net.minecraft.world.item.enchantment.MultiShotEnchantment (minecraft@1.20.1)
3971:             1             32  net.minecraft.world.item.enchantment.OxygenEnchantment (minecraft@1.20.1)
3972:             1             32  net.minecraft.world.item.enchantment.QuickChargeEnchantment (minecraft@1.20.1)
3973:             1             32  net.minecraft.world.item.enchantment.SoulSpeedEnchantment (minecraft@1.20.1)
3974:             1             32  net.minecraft.world.item.enchantment.SweepingEdgeEnchantment (minecraft@1.20.1)
3975:             1             32  net.minecraft.world.item.enchantment.SwiftSneakEnchantment (minecraft@1.20.1)
3976:             1             32  net.minecraft.world.item.enchantment.ThornsEnchantment (minecraft@1.20.1)
3977:             1             32  net.minecraft.world.item.enchantment.TridentChannelingEnchantment (minecraft@1.20.1)
3978:             1             32  net.minecraft.world.item.enchantment.TridentImpalerEnchantment (minecraft@1.20.1)
3979:             1             32  net.minecraft.world.item.enchantment.TridentLoyaltyEnchantment (minecraft@1.20.1)
3980:             1             32  net.minecraft.world.item.enchantment.TridentRiptideEnchantment (minecraft@1.20.1)
3981:             1             32  net.minecraft.world.item.enchantment.UntouchingEnchantment (minecraft@1.20.1)
3982:             1             32  net.minecraft.world.item.enchantment.VanishingCurseEnchantment (minecraft@1.20.1)
3983:             1             32  net.minecraft.world.item.enchantment.WaterWalkerEnchantment (minecraft@1.20.1)
3984:             1             32  net.minecraft.world.item.enchantment.WaterWorkerEnchantment (minecraft@1.20.1)
3985:             1             32  net.minecraft.world.level.biome.AmbientMoodSettings (minecraft@1.20.1)
3986:             1             32  net.minecraft.world.level.biome.BiomeGenerationSettings (minecraft@1.20.1)
3987:             1             32  net.minecraft.world.level.biome.BiomeSpecialEffects$GrassColorModifier$1 (minecraft@1.20.1)
3988:             1             32  net.minecraft.world.level.biome.BiomeSpecialEffects$GrassColorModifier$2 (minecraft@1.20.1)
3989:             1             32  net.minecraft.world.level.biome.BiomeSpecialEffects$GrassColorModifier$3 (minecraft@1.20.1)
3990:             1             32  net.minecraft.world.level.biome.MobSpawnSettings (minecraft@1.20.1)
3991:             2             32  net.minecraft.world.level.block.CaveVines$$Lambda$1776/0x00000001007b3940 (minecraft@1.20.1)
3992:             1             32  net.minecraft.world.level.block.entity.DecoratedPotBlockEntity$Decorations (minecraft@1.20.1)
3993:             2             32  net.minecraft.world.level.block.state.StateHolder$$Lambda$1476/0x000000010071e000 (minecraft@1.20.1)
3994:             2             32  net.minecraft.world.level.levelgen.VerticalAnchor$Absolute (minecraft@1.20.1)
3995:             1             32  net.minecraft.world.level.levelgen.carver.CarverDebugSettings (minecraft@1.20.1)
3996:             1             32  net.minecraft.world.level.levelgen.feature.DesertWellFeature (minecraft@1.20.1)
3997:             2             32  net.minecraft.world.level.levelgen.feature.featuresize.FeatureSizeType (minecraft@1.20.1)
3998:             2             32  net.minecraft.world.level.levelgen.structure.placement.StructurePlacementType$$Lambda$3483/0x0000000100ad1678 (minecraft@1.20.1)
3999:             1             32  net.minecraft.world.level.material.EmptyFluid (minecraft@1.20.1)
4000:             1             32  net.minecraft.world.level.material.LavaFluid$Flowing (minecraft@1.20.1)
4001:             1             32  net.minecraft.world.level.material.LavaFluid$Source (minecraft@1.20.1)
4002:             1             32  net.minecraft.world.level.material.WaterFluid$Flowing (minecraft@1.20.1)
4003:             1             32  net.minecraft.world.level.material.WaterFluid$Source (minecraft@1.20.1)
4004:             1             32  net.minecraft.world.level.storage.LevelStorageSource (minecraft@1.20.1)
4005:             2             32  net.minecraft.world.level.storage.loot.providers.nbt.LootNbtProviderType (minecraft@1.20.1)
4006:             2             32  net.minecraft.world.level.storage.loot.providers.score.LootScoreProviderType (minecraft@1.20.1)
4007:             1             32  net.minecraftforge.client.model.ForgeFaceData (forge@47.4.13)
4008:             1             32  net.minecraftforge.client.model.ForgeItemModelShaper (forge@47.4.13)
4009:             1             32  net.minecraftforge.fml.earlydisplay.ElementShader (fmlearlydisplay@1.20.1-47.4.13)
4010:             1             32  net.minecraftforge.fml.earlydisplay.PerformanceInfo (fmlearlydisplay@1.20.1-47.4.13)
4011:             1             32  net.minecraftforge.fml.earlydisplay.SimpleFont (fmlearlydisplay@1.20.1-47.4.13)
4012:             1             32  net.minecraftforge.fml.loading.LanguageLoadingProvider (fmlloader@1.20.1-47.4.13)
4013:             1             32  net.minecraftforge.fml.loading.LoadingModList (fmlloader@1.20.1-47.4.13)
4014:             1             32  net.minecraftforge.fml.loading.VersionInfo (fmlloader@1.20.1-47.4.13)
4015:             1             32  net.minecraftforge.fml.loading.moddiscovery.ModDiscoverer (fmlloader@1.20.1-47.4.13)
4016:             2             32  net.minecraftforge.jarjar.metadata.json.ArtifactVersionSerializer (JarJarMetadata@0.3.19)
4017:             2             32  net.minecraftforge.network.simple.SimpleChannel$$Lambda$4258/0x0000000100b99b88 (forge@47.4.13)
4018:             2             32  net.minecraftforge.network.simple.SimpleChannel$$Lambda$4264/0x0000000100b99dc0 (forge@47.4.13)
4019:             2             32  net.minecraftforge.network.simple.SimpleChannel$MessageBuilder$$Lambda$4292/0x0000000100baa398 (forge@47.4.13)
4020:             1             32  org.antlr.v4.runtime.atn.EmptyPredictionContext (org.antlr.antlr4.runtime@4.9.1)
4021:             2             32  org.antlr.v4.runtime.atn.PredictionContextCache (org.antlr.antlr4.runtime@4.9.1)
4022:             2             32  org.apache.commons.lang3.mutable.MutableObject (org.apache.commons.lang3@3.12.0)
4023:             2             32  org.apache.commons.lang3.text.StrMatcher$CharSetMatcher (org.apache.commons.lang3@3.12.0)
4024:             2             32  org.apache.commons.lang3.text.translate.UnicodeUnpairedSurrogateRemover (org.apache.commons.lang3@3.12.0)
4025:             1             32  org.apache.logging.log4j.core.appender.rolling.SizeBasedTriggeringPolicy (org.apache.logging.log4j.core@2.19.0)
4026:             2             32  org.apache.logging.log4j.core.config.DefaultAdvertiser (org.apache.logging.log4j.core@2.19.0)
4027:             1             32  org.apache.logging.log4j.core.filter.ThresholdFilter (org.apache.logging.log4j.core@2.19.0)
4028:             1             32  org.apache.logging.log4j.core.impl.ThrowableFormatOptions (org.apache.logging.log4j.core@2.19.0)
4029:             2             32  org.apache.logging.log4j.core.layout.PatternLayout$NoFormatPatternSerializer (org.apache.logging.log4j.core@2.19.0)
4030:             2             32  org.apache.logging.log4j.core.lookup.StrMatcher$CharSetMatcher (org.apache.logging.log4j.core@2.19.0)
4031:             2             32  org.apache.logging.log4j.core.pattern.NameAbbreviator$PatternAbbreviator (org.apache.logging.log4j.core@2.19.0)
4032:             1             32  org.apache.logging.log4j.core.util.DefaultShutdownCallbackRegistry (org.apache.logging.log4j.core@2.19.0)
4033:             2             32  org.apache.logging.log4j.core.util.SystemClock (org.apache.logging.log4j.core@2.19.0)
4034:             1             32  org.apache.logging.log4j.core.util.datetime.FastDateParser$CaseInsensitiveTextStrategy (org.apache.logging.log4j.core@2.19.0)
4035:             1             32  org.apache.logging.log4j.status.StatusLogger$BoundedQueue (org.apache.logging.log4j@2.19.0)
4036:             2             32  org.apache.logging.log4j.util.EnvironmentPropertySource (org.apache.logging.log4j@2.19.0)
4037:             2             32  org.apache.logging.log4j.util.PropertiesUtil (org.apache.logging.log4j@2.19.0)
4038:             2             32  org.apache.logging.log4j.util.PropertySource$Comparator (org.apache.logging.log4j@2.19.0)
4039:             2             32  org.apache.logging.log4j.util.SystemPropertiesPropertySource (org.apache.logging.log4j@2.19.0)
4040:             2             32  org.jline.terminal.impl.NativeSignalHandler (jline.terminal@3.12.1)
4041:             1             32  org.lwjgl.system.Platform$1 (org.lwjgl@3.3.1+7)
4042:             1             32  org.lwjgl.system.Platform$2 (org.lwjgl@3.3.1+7)
4043:             1             32  org.lwjgl.system.Platform$3 (org.lwjgl@3.3.1+7)
4044:             1             32  org.openjdk.nashorn.internal.codegen.CompilationPhase$ApplySpecializationPhase (org.openjdk.nashorn)
4045:             1             32  org.openjdk.nashorn.internal.codegen.CompilationPhase$BytecodeGenerationPhase (org.openjdk.nashorn)
4046:             1             32  org.openjdk.nashorn.internal.codegen.CompilationPhase$CacheAstPhase (org.openjdk.nashorn)
4047:             1             32  org.openjdk.nashorn.internal.codegen.CompilationPhase$ConstantFoldingPhase (org.openjdk.nashorn)
4048:             1             32  org.openjdk.nashorn.internal.codegen.CompilationPhase$DeclareLocalSymbolsPhase (org.openjdk.nashorn)
4049:             1             32  org.openjdk.nashorn.internal.codegen.CompilationPhase$InstallPhase (org.openjdk.nashorn)
4050:             1             32  org.openjdk.nashorn.internal.codegen.CompilationPhase$LocalVariableTypeCalculationPhase (org.openjdk.nashorn)
4051:             1             32  org.openjdk.nashorn.internal.codegen.CompilationPhase$LoweringPhase (org.openjdk.nashorn)
4052:             1             32  org.openjdk.nashorn.internal.codegen.CompilationPhase$OptimisticTypeAssignmentPhase (org.openjdk.nashorn)
4053:             1             32  org.openjdk.nashorn.internal.codegen.CompilationPhase$ProgramPointPhase (org.openjdk.nashorn)
4054:             1             32  org.openjdk.nashorn.internal.codegen.CompilationPhase$ReinitializeCachedPhase (org.openjdk.nashorn)
4055:             1             32  org.openjdk.nashorn.internal.codegen.CompilationPhase$ReuseCompileUnitsPhase (org.openjdk.nashorn)
4056:             1             32  org.openjdk.nashorn.internal.codegen.CompilationPhase$ScopeDepthComputationPhase (org.openjdk.nashorn)
4057:             1             32  org.openjdk.nashorn.internal.codegen.CompilationPhase$SplittingPhase (org.openjdk.nashorn)
4058:             1             32  org.openjdk.nashorn.internal.codegen.CompilationPhase$SymbolAssignmentPhase (org.openjdk.nashorn)
4059:             1             32  org.openjdk.nashorn.internal.codegen.CompilerConstants$4 (org.openjdk.nashorn)
4060:             2             32  org.openjdk.nashorn.internal.runtime.Undefined (org.openjdk.nashorn)
4061:             1             32  org.openjdk.nashorn.internal.runtime.linker.JavaAdapterFactory$AdapterInfo (org.openjdk.nashorn)
4062:             2             32  org.slf4j.helpers.BasicMarkerFactory (org.slf4j@2.0.1)
4063:             1             32  org.spongepowered.asm.launch.MixinLaunchPlugin (org.spongepowered.mixin)
4064:             1             32  org.spongepowered.asm.launch.platform.MixinPlatformManager (org.spongepowered.mixin)
4065:             1             32  org.spongepowered.asm.mixin.injection.invoke.arg.ArgsClassGenerator (org.spongepowered.mixin)
4066:             1             32  org.spongepowered.asm.mixin.refmap.ReferenceMapper (org.spongepowered.mixin)
4067:             1             32  org.spongepowered.asm.mixin.transformer.InnerClassGenerator (org.spongepowered.mixin)
4068:             2             32  org.spongepowered.asm.mixin.transformer.MixinConfig$OverwriteOptions (org.spongepowered.mixin)
4069:             1             32  org.spongepowered.asm.mixin.transformer.MixinCoprocessors (org.spongepowered.mixin)
4070:             1             32  org.spongepowered.asm.mixin.transformer.ext.extensions.ExtensionCheckInterfaces (org.spongepowered.mixin)
4071:             2             32  org.spongepowered.asm.obfuscation.RemapperChain (org.spongepowered.mixin)
4072:             1             32  org.spongepowered.asm.service.MixinService (org.spongepowered.mixin)
4073:             1             32  sun.net.www.http.ClientVector (java.base@17.0.15)
4074:             1             32  sun.net.www.http.KeepAliveKey (java.base@17.0.15)
4075:             2             32  sun.net.www.protocol.file.Handler (java.base@17.0.15)
4076:             1             32  sun.net.www.protocol.https.Handler (java.base@17.0.15)
4077:             2             32  sun.net.www.protocol.jar.Handler (java.base@17.0.15)
4078:             2             32  sun.net.www.protocol.jrt.Handler (java.base@17.0.15)
4079:             1             32  sun.nio.fs.LinuxFileSystem (java.base@17.0.15)
4080:             2             32  sun.reflect.generics.tree.ArrayTypeSignature (java.base@17.0.15)
4081:             2             32  sun.reflect.generics.tree.TypeVariableSignature (java.base@17.0.15)
4082:             1             32  sun.security.ec.ed.Ed25519Operations (jdk.crypto.ec@17.0.15)
4083:             1             32  sun.security.ec.ed.Ed448Operations (jdk.crypto.ec@17.0.15)
4084:             1             32  sun.security.ec.point.ExtendedHomogeneousPoint$Immutable (jdk.crypto.ec@17.0.15)
4085:             2             32  sun.security.provider.FileInputStreamPool$UnclosableInputStream (java.base@17.0.15)
4086:             1             32  sun.security.provider.SecureRandom (java.base@17.0.15)
4087:             2             32  sun.security.ssl.AlpnExtension$SHAlpnAbsence (java.base@17.0.15)
4088:             2             32  sun.security.ssl.AlpnExtension$SHAlpnConsumer (java.base@17.0.15)
4089:             2             32  sun.security.ssl.AlpnExtension$SHAlpnProducer (java.base@17.0.15)
4090:             2             32  sun.security.ssl.Authenticator$TLS13Authenticator (java.base@17.0.15)
4091:             2             32  sun.security.ssl.DHKeyExchange$DHEKAGenerator (java.base@17.0.15)
4092:             2             32  sun.security.ssl.DHKeyExchange$DHEPossessionGenerator (java.base@17.0.15)
4093:             2             32  sun.security.ssl.SSLAlgorithmDecomposer (java.base@17.0.15)
4094:             2             32  sun.security.ssl.SSLCipher$NullReadCipherGenerator (java.base@17.0.15)
4095:             2             32  sun.security.ssl.SSLCipher$NullWriteCipherGenerator (java.base@17.0.15)
4096:             2             32  sun.security.ssl.SSLCipher$T12GcmReadCipherGenerator (java.base@17.0.15)
4097:             2             32  sun.security.ssl.SSLCipher$T12GcmWriteCipherGenerator (java.base@17.0.15)
4098:             2             32  sun.security.ssl.SSLCipher$T13GcmReadCipherGenerator (java.base@17.0.15)
4099:             2             32  sun.security.ssl.SSLCipher$T13GcmWriteCipherGenerator (java.base@17.0.15)
4100:             1             32  sun.security.ssl.SSLSocketImpl$AppInputStream (java.base@17.0.15)
4101:             2             32  sun.security.ssl.ServerHello$T12ServerHelloConsumer (java.base@17.0.15)
4102:             2             32  sun.security.ssl.ServerHello$T13HelloRetryRequestConsumer (java.base@17.0.15)
4103:             2             32  sun.security.ssl.ServerHello$T13ServerHelloConsumer (java.base@17.0.15)
4104:             2             32  sun.security.ssl.SupportedVersionsExtension$SHSupportedVersionsStringizer (java.base@17.0.15)
4105:             1             32  sun.security.ssl.TrustStoreManager$TrustAnchorManager (java.base@17.0.15)
4106:             2             32  sun.security.util.AlgorithmDecomposer (java.base@17.0.15)
4107:             2             32  sun.security.util.HostnameChecker (java.base@17.0.15)
4108:             1             32  sun.security.util.KnownOIDs$1 (java.base@17.0.15)
4109:             1             32  sun.security.util.KnownOIDs$10 (java.base@17.0.15)
4110:             1             32  sun.security.util.KnownOIDs$2 (java.base@17.0.15)
4111:             1             32  sun.security.util.KnownOIDs$3 (java.base@17.0.15)
4112:             1             32  sun.security.util.KnownOIDs$4 (java.base@17.0.15)
4113:             1             32  sun.security.util.KnownOIDs$5 (java.base@17.0.15)
4114:             1             32  sun.security.util.KnownOIDs$6 (java.base@17.0.15)
4115:             1             32  sun.security.util.KnownOIDs$7 (java.base@17.0.15)
4116:             1             32  sun.security.util.KnownOIDs$8 (java.base@17.0.15)
4117:             1             32  sun.security.util.KnownOIDs$9 (java.base@17.0.15)
4118:             1             32  sun.security.util.math.intpoly.Curve25519OrderField (java.base@17.0.15)
4119:             1             32  sun.security.util.math.intpoly.Curve448OrderField (java.base@17.0.15)
4120:             2             32  sun.security.util.math.intpoly.IntegerPolynomial$Limb (java.base@17.0.15)
4121:             1             32  sun.security.util.math.intpoly.IntegerPolynomial25519 (java.base@17.0.15)
4122:             1             32  sun.security.util.math.intpoly.IntegerPolynomial448 (java.base@17.0.15)
4123:             1             32  sun.security.util.math.intpoly.IntegerPolynomialP256 (java.base@17.0.15)
4124:             1             32  sun.security.util.math.intpoly.IntegerPolynomialP384 (java.base@17.0.15)
4125:             1             32  sun.security.util.math.intpoly.IntegerPolynomialP521 (java.base@17.0.15)
4126:             1             32  sun.security.util.math.intpoly.P256OrderField (java.base@17.0.15)
4127:             1             32  sun.security.util.math.intpoly.P384OrderField (java.base@17.0.15)
4128:             1             32  sun.security.util.math.intpoly.P521OrderField (java.base@17.0.15)
4129:             1             32  sun.security.x509.PrivateKeyUsageExtension (java.base@17.0.15)
4130:             1             24  [Lcom.electronwill.nightconfig.core.io.NewlineStyle; (com.electronwill.nightconfig.core@3.6.4)
4131:             1             24  [Lcom.electronwill.nightconfig.core.io.WritingMode; (com.electronwill.nightconfig.core@3.6.4)
4132:             1             24  [Lcom.google.common.base.Functions$IdentityFunction; (com.google.common@31.1-jre)
4133:             1             24  [Lcom.google.common.cache.CacheBuilder$NullListener; (com.google.common@31.1-jre)
4134:             1             24  [Lcom.google.common.cache.CacheBuilder$OneWeigher; (com.google.common@31.1-jre)
4135:             1             24  [Lcom.google.common.collect.Iterators$EmptyModifiableIterator; (com.google.common@31.1-jre)
4136:             1             24  [Lcom.google.common.collect.MapMaker$Dummy; (com.google.common@31.1-jre)
4137:             1             24  [Lcom.google.common.collect.MapMakerInternalMap$Strength; (com.google.common@31.1-jre)
4138:             1             24  [Lcom.google.common.io.RecursiveDeleteOption; (com.google.common@31.1-jre)
4139:             1             24  [Lcom.google.gson.LongSerializationPolicy; (com.google.gson@2.10)
4140:             1             24  [Lcom.google.gson.LongSerializationPolicy;
4141:             1             24  [Lcom.ibm.icu.impl.Trie2$ValueWidth; (com.ibm.icu@71.1)
4142:             1             24  [Lcom.llamalad7.mixinextras.service.Versioned; (MixinExtras@0.5.3)
4143:             1             24  [Lcom.mojang.authlib.yggdrasil.YggdrasilEnvironment; (authlib@4.0.43)
4144:             1             24  [Lcom.mojang.blaze3d.platform.GlStateManager$Viewport; (minecraft@1.20.1)
4145:             1             24  [Lcom.mojang.blaze3d.platform.IconSet; (minecraft@1.20.1)
4146:             1             24  [Lcom.mojang.blaze3d.shaders.FogShape; (minecraft@1.20.1)
4147:             1             24  [Lcom.mojang.blaze3d.shaders.Program$Type; (minecraft@1.20.1)
4148:             1             24  [Lcom.mojang.blaze3d.vertex.VertexBuffer$Usage; (minecraft@1.20.1)
4149:             1             24  [Lcom.mojang.blaze3d.vertex.VertexFormat$IndexType; (minecraft@1.20.1)
4150:             1             24  [Lcom.mojang.datafixers.TypeRewriteRule$Nop; (datafixerupper@6.0.8)
4151:             1             24  [Lcom.mojang.datafixers.functions.PointFreeRule$AppNest; (datafixerupper@6.0.8)
4152:             1             24  [Lcom.mojang.datafixers.functions.PointFreeRule$CataFuseDifferent; (datafixerupper@6.0.8)
4153:             1             24  [Lcom.mojang.datafixers.functions.PointFreeRule$CataFuseSame; (datafixerupper@6.0.8)
4154:             1             24  [Lcom.mojang.datafixers.functions.PointFreeRule$LensComp; (datafixerupper@6.0.8)
4155:             1             24  [Lcom.mojang.datafixers.functions.PointFreeRule$SortInj; (datafixerupper@6.0.8)
4156:             1             24  [Lcom.mojang.datafixers.functions.PointFreeRule$SortProj; (datafixerupper@6.0.8)
4157:             1             24  [Lcom.mojang.datafixers.util.Unit; (datafixerupper@6.0.8)
4158:             1             24  [Lcom.mojang.serialization.DataResult$Instance; (datafixerupper@6.0.8)
4159:             1             24  [Lcom.sun.jna.Structure; (com.sun.jna@5.12.1)
4160:             1             24  [Lcom.sun.org.apache.xerces.internal.utils.XMLSecurityPropertyManager$Property; (java.xml@17.0.15)
4161:             1             24  [Lio.github.zekerzhayard.forgewrapper.installer.util.ModuleUtil$TypeToAdd;
4162:             1             24  [Ljava.io.File$PathStatus; (java.base@17.0.15)
4163:             1             24  [Ljava.lang.StackWalker$ExtendedOption; (java.base@17.0.15)
4164:             1             24  [Ljava.lang.invoke.MethodHandles$Lookup$ClassOption; (java.base@17.0.15)
4165:             1             24  [Ljava.nio.file.LinkOption; (java.base@17.0.15)
4166:             1             24  [Ljava.time.temporal.IsoFields$Unit; (java.base@17.0.15)
4167:             1             24  [Ljava.util.Comparators$NaturalOrderComparator; (java.base@17.0.15)
4168:             1             24  [Ljava.util.Locale$Category; (java.base@17.0.15)
4169:             1             24  [Ljava.util.concurrent.ConcurrentHashMap$CounterCell; (java.base@17.0.15)
4170:             1             24  [Ljavax.net.ssl.KeyManager; (java.base@17.0.15)
4171:             1             24  [Ljavax.net.ssl.TrustManager; (java.base@17.0.15)
4172:             1             24  [Ljdk.internal.icu.util.CodePointTrie$Type; (java.base@17.0.15)
4173:             1             24  [Lnet.minecraft.Util$IdentityStrategy; (minecraft@1.20.1)
4174:             1             24  [Lnet.minecraft.client.OptionInstance$UnitDouble; (minecraft@1.20.1)
4175:             1             24  [Lnet.minecraft.client.gui.font.glyphs.SpecialGlyphs; (minecraft@1.20.1)
4176:             1             24  [Lnet.minecraft.client.renderer.block.model.BlockModel$GuiLight; (minecraft@1.20.1)
4177:             1             24  [Lnet.minecraft.client.resources.DefaultPlayerSkin$ModelType; (minecraft@1.20.1)
4178:             1             24  [Lnet.minecraft.client.resources.sounds.Sound$Type; (minecraft@1.20.1)
4179:             1             24  [Lnet.minecraft.core.Direction$AxisDirection; (minecraft@1.20.1)
4180:             1             24  [Lnet.minecraft.core.Direction$Plane; (minecraft@1.20.1)
4181:             1             24  [Lnet.minecraft.core.Holder$Reference$Type; (minecraft@1.20.1)
4182:             1             24  [Lnet.minecraft.server.packs.repository.Pack$Position; (minecraft@1.20.1)
4183:             1             24  [Lnet.minecraft.util.Unit; (minecraft@1.20.1)
4184:             1             24  [Lnet.minecraft.world.entity.EquipmentSlot$Type; (minecraft@1.20.1)
4185:             1             24  [Lnet.minecraft.world.item.CreativeModeTab$Row; (minecraft@1.20.1)
4186:             1             24  [Lnet.minecraft.world.level.LightLayer; (minecraft@1.20.1)
4187:             1             24  [Lnet.minecraft.world.level.block.PressurePlateBlock$Sensitivity; (minecraft@1.20.1)
4188:             1             24  [Lnet.minecraft.world.level.block.state.BlockState; (minecraft@1.20.1)
4189:             1             24  [Lnet.minecraft.world.level.chunk.ChunkStatus$ChunkType; (minecraft@1.20.1)
4190:             1             24  [Lnet.minecraft.world.level.levelgen.DensityFunctions$BeardifierMarker; (minecraft@1.20.1)
4191:             1             24  [Lnet.minecraft.world.level.levelgen.DensityFunctions$BlendAlpha; (minecraft@1.20.1)
4192:             1             24  [Lnet.minecraft.world.level.levelgen.DensityFunctions$BlendOffset; (minecraft@1.20.1)
4193:             1             24  [Lnet.minecraft.world.level.levelgen.SurfaceRules$AbovePreliminarySurface; (minecraft@1.20.1)
4194:             1             24  [Lnet.minecraft.world.level.levelgen.SurfaceRules$Bandlands; (minecraft@1.20.1)
4195:             1             24  [Lnet.minecraft.world.level.levelgen.SurfaceRules$Hole; (minecraft@1.20.1)
4196:             1             24  [Lnet.minecraft.world.level.levelgen.SurfaceRules$Steep; (minecraft@1.20.1)
4197:             1             24  [Lnet.minecraft.world.level.levelgen.SurfaceRules$Temperature; (minecraft@1.20.1)
4198:             1             24  [Lnet.minecraftforge.accesstransformer.AccessTransformerEngine; (accesstransformers@8.0.4)
4199:             1             24  [Lnet.minecraftforge.event.TickEvent$Phase; (forge@47.4.13)
4200:             1             24  [Lnet.minecraftforge.fml.LogicalSide; (fmlcore@1.20.1-47.4.13)
4201:             1             24  [Lnet.minecraftforge.fml.earlydisplay.ColourScheme; (fmlearlydisplay@1.20.1-47.4.13)
4202:             1             24  [Lnet.minecraftforge.fml.earlydisplay.SimpleBufferBuilder$Mode; (fmlearlydisplay@1.20.1-47.4.13)
4203:             1             24  [Lnet.minecraftforge.network.event.EventNetworkChannel; (forge@47.4.13)
4204:             1             24  [Lorg.antlr.v4.runtime.atn.ATNDeserializer$UnicodeDeserializingMode; (org.antlr.antlr4.runtime@4.9.1)
4205:             1             24  [Lorg.antlr.v4.runtime.atn.ATNType; (org.antlr.antlr4.runtime@4.9.1)
4206:             1             24  [Lorg.apache.logging.log4j.core.appender.ConsoleAppender$Target; (org.apache.logging.log4j.core@2.19.0)
4207:             1             24  [Lorg.apache.logging.log4j.core.async.ThreadNameCachingStrategy; (org.apache.logging.log4j.core@2.19.0)
4208:             1             24  [Lorg.apache.logging.log4j.core.config.status.StatusConfiguration$Verbosity; (org.apache.logging.log4j.core@2.19.0)
4209:             1             24  [Lorg.apache.logging.log4j.core.pattern.NameAbbreviator$MaxElementAbbreviator$Strategy; (org.apache.logging.log4j.core@2.19.0)
4210:             1             24  [Lorg.joml.Vector3f; (org.joml@1.10.5)
4211:             1             24  [Lsun.security.provider.certpath.ResponderId$Type; (java.base@17.0.15)
4212:             1             24  [Lsun.security.rsa.RSAUtil$KeyType; (java.base@17.0.15)
4213:             1             24  [Lsun.security.ssl.CertStatusExtension$CertStatusRequest; (java.base@17.0.15)
4214:             1             24  [Lsun.security.ssl.CertStatusExtension$CertStatusRequestType; (java.base@17.0.15)
4215:             1             24  [Lsun.security.ssl.EphemeralKeyManager$EphemeralKeyPair; (java.base@17.0.15)
4216:             1             24  [Lsun.security.ssl.PskKeyExchangeModesExtension$PskKeyExchangeMode; (java.base@17.0.15)
4217:             1             24  com.electronwill.nightconfig.core.file.SimpleCommentedFileConfig (com.electronwill.nightconfig.core@3.6.4)
4218:             1             24  com.google.common.base.Functions$IdentityFunction (com.google.common@31.1-jre)
4219:             1             24  com.google.common.cache.CacheBuilder$NullListener (com.google.common@31.1-jre)
4220:             1             24  com.google.common.cache.CacheBuilder$OneWeigher (com.google.common@31.1-jre)
4221:             1             24  com.google.common.cache.LocalCache$EntryFactory$1 (com.google.common@31.1-jre)
4222:             1             24  com.google.common.cache.LocalCache$EntryFactory$2 (com.google.common@31.1-jre)
4223:             1             24  com.google.common.cache.LocalCache$EntryFactory$3 (com.google.common@31.1-jre)
4224:             1             24  com.google.common.cache.LocalCache$EntryFactory$4 (com.google.common@31.1-jre)
4225:             1             24  com.google.common.cache.LocalCache$EntryFactory$5 (com.google.common@31.1-jre)
4226:             1             24  com.google.common.cache.LocalCache$EntryFactory$6 (com.google.common@31.1-jre)
4227:             1             24  com.google.common.cache.LocalCache$EntryFactory$7 (com.google.common@31.1-jre)
4228:             1             24  com.google.common.cache.LocalCache$EntryFactory$8 (com.google.common@31.1-jre)
4229:             1             24  com.google.common.cache.LocalCache$Strength$1 (com.google.common@31.1-jre)
4230:             1             24  com.google.common.cache.LocalCache$Strength$2 (com.google.common@31.1-jre)
4231:             1             24  com.google.common.cache.LocalCache$Strength$3 (com.google.common@31.1-jre)
4232:             1             24  com.google.common.collect.EvictingQueue (com.google.common@31.1-jre)
4233:             1             24  com.google.common.collect.ImmutableMap$IteratorBasedImmutableMap$1EntrySetImpl (com.google.common@31.1-jre)
4234:             1             24  com.google.common.collect.ImmutableSet$EmptySetBuilderImpl (com.google.common@31.1-jre)
4235:             1             24  com.google.common.collect.Iterators$EmptyModifiableIterator (com.google.common@31.1-jre)
4236:             1             24  com.google.common.collect.MapMaker$Dummy (com.google.common@31.1-jre)
4237:             1             24  com.google.common.collect.MapMakerInternalMap$Strength$1 (com.google.common@31.1-jre)
4238:             1             24  com.google.common.collect.MapMakerInternalMap$Strength$2 (com.google.common@31.1-jre)
4239:             1             24  com.google.common.collect.NaturalOrdering (com.google.common@31.1-jre)
4240:             1             24  com.google.common.io.RecursiveDeleteOption (com.google.common@31.1-jre)
4241:             1             24  com.google.gson.FieldNamingPolicy$1 (com.google.gson@2.10)
4242:             1             24  com.google.gson.FieldNamingPolicy$1
4243:             1             24  com.google.gson.FieldNamingPolicy$2 (com.google.gson@2.10)
4244:             1             24  com.google.gson.FieldNamingPolicy$2
4245:             1             24  com.google.gson.FieldNamingPolicy$3 (com.google.gson@2.10)
4246:             1             24  com.google.gson.FieldNamingPolicy$3
4247:             1             24  com.google.gson.FieldNamingPolicy$4 (com.google.gson@2.10)
4248:             1             24  com.google.gson.FieldNamingPolicy$4
4249:             1             24  com.google.gson.FieldNamingPolicy$5 (com.google.gson@2.10)
4250:             1             24  com.google.gson.FieldNamingPolicy$5
4251:             1             24  com.google.gson.FieldNamingPolicy$6 (com.google.gson@2.10)
4252:             1             24  com.google.gson.FieldNamingPolicy$6
4253:             1             24  com.google.gson.FieldNamingPolicy$7 (com.google.gson@2.10)
4254:             1             24  com.google.gson.FieldNamingPolicy$7
4255:             1             24  com.google.gson.LongSerializationPolicy$1
4256:             1             24  com.google.gson.LongSerializationPolicy$1 (com.google.gson@2.10)
4257:             1             24  com.google.gson.LongSerializationPolicy$2
4258:             1             24  com.google.gson.LongSerializationPolicy$2 (com.google.gson@2.10)
4259:             1             24  com.google.gson.ToNumberPolicy$1 (com.google.gson@2.10)
4260:             1             24  com.google.gson.ToNumberPolicy$1
4261:             1             24  com.google.gson.ToNumberPolicy$2 (com.google.gson@2.10)
4262:             1             24  com.google.gson.ToNumberPolicy$2
4263:             1             24  com.google.gson.ToNumberPolicy$3 (com.google.gson@2.10)
4264:             1             24  com.google.gson.ToNumberPolicy$3
4265:             1             24  com.google.gson.ToNumberPolicy$4 (com.google.gson@2.10)
4266:             1             24  com.google.gson.ToNumberPolicy$4
4267:             1             24  com.google.gson.internal.ConstructorConstructor
4268:             1             24  com.google.gson.internal.ConstructorConstructor$19
4269:             1             24  com.google.gson.internal.ConstructorConstructor$19 (com.google.gson@2.10)
4270:             1             24  com.google.gson.internal.ConstructorConstructor$3
4271:             1             24  com.google.gson.internal.UnsafeAllocator$1 (com.google.gson@2.10)
4272:             1             24  com.google.gson.internal.UnsafeAllocator$1
4273:             1             24  com.google.gson.internal.bind.JsonTreeReader$1 (com.google.gson@2.10)
4274:             1             24  com.google.gson.internal.bind.MapTypeAdapterFactory
4275:             1             24  com.google.gson.internal.bind.ReflectiveTypeAdapterFactory$FieldReflectionAdapter (com.google.gson@2.10)
4276:             1             24  com.google.gson.internal.bind.TypeAdapters$33
4277:             1             24  com.google.gson.internal.bind.TypeAdapters$33 (com.google.gson@2.10)
4278:             1             24  com.llamalad7.mixinextras.lib.semver.VersionParser$CharType$1 (MixinExtras@0.5.3)
4279:             1             24  com.llamalad7.mixinextras.lib.semver.VersionParser$CharType$2 (MixinExtras@0.5.3)
4280:             1             24  com.llamalad7.mixinextras.lib.semver.VersionParser$CharType$3 (MixinExtras@0.5.3)
4281:             1             24  com.llamalad7.mixinextras.lib.semver.VersionParser$CharType$4 (MixinExtras@0.5.3)
4282:             1             24  com.llamalad7.mixinextras.lib.semver.VersionParser$CharType$5 (MixinExtras@0.5.3)
4283:             1             24  com.llamalad7.mixinextras.lib.semver.VersionParser$CharType$6 (MixinExtras@0.5.3)
4284:             1             24  com.llamalad7.mixinextras.lib.semver.VersionParser$CharType$7 (MixinExtras@0.5.3)
4285:             1             24  com.llamalad7.mixinextras.service.ServiceInitializationExtension (MixinExtras@0.5.3)
4286:             1             24  com.llamalad7.mixinextras.transformer.MixinTransformerExtension (MixinExtras@0.5.3)
4287:             1             24  com.llamalad7.mixinextras.utils.InternalConstructor$$Lambda$990/0x0000000100536f20 (MixinExtras@0.5.3)
4288:             1             24  com.mojang.authlib.minecraft.UserApiService$UserProperties (authlib@4.0.43)
4289:             1             24  com.mojang.authlib.yggdrasil.YggdrasilServicesKeyInfo$$Lambda$4368/0x0000000100be8000 (authlib@4.0.43)
4290:             1             24  com.mojang.authlib.yggdrasil.YggdrasilServicesKeyInfo$$Lambda$4592/0x0000000100c86f88 (authlib@4.0.43)
4291:             1             24  com.mojang.blaze3d.audio.Listener (minecraft@1.20.1)
4292:             1             24  com.mojang.blaze3d.pipeline.MainTarget$Dimension (minecraft@1.20.1)
4293:             1             24  com.mojang.blaze3d.platform.GlStateManager$ColorLogicState (minecraft@1.20.1)
4294:             1             24  com.mojang.blaze3d.platform.GlStateManager$CullState (minecraft@1.20.1)
4295:             1             24  com.mojang.blaze3d.platform.GlStateManager$DepthState (minecraft@1.20.1)
4296:             1             24  com.mojang.blaze3d.platform.GlStateManager$StencilFunc (minecraft@1.20.1)
4297:             1             24  com.mojang.blaze3d.platform.ScreenManager (minecraft@1.20.1)
4298:             1             24  com.mojang.blaze3d.vertex.PoseStack$Pose (minecraft@1.20.1)
4299:             1             24  com.mojang.datafixers.TypeRewriteRule$Nop (datafixerupper@6.0.8)
4300:             1             24  com.mojang.datafixers.functions.PointFreeRule$AppNest (datafixerupper@6.0.8)
4301:             1             24  com.mojang.datafixers.functions.PointFreeRule$CataFuseDifferent (datafixerupper@6.0.8)
4302:             1             24  com.mojang.datafixers.functions.PointFreeRule$CataFuseSame (datafixerupper@6.0.8)
4303:             1             24  com.mojang.datafixers.functions.PointFreeRule$Everywhere (datafixerupper@6.0.8)
4304:             1             24  com.mojang.datafixers.functions.PointFreeRule$LensComp (datafixerupper@6.0.8)
4305:             1             24  com.mojang.datafixers.functions.PointFreeRule$SortInj (datafixerupper@6.0.8)
4306:             1             24  com.mojang.datafixers.functions.PointFreeRule$SortProj (datafixerupper@6.0.8)
4307:             1             24  com.mojang.datafixers.types.constant.EmptyPart (datafixerupper@6.0.8)
4308:             1             24  com.mojang.datafixers.types.constant.EmptyPartPassthrough (datafixerupper@6.0.8)
4309:             1             24  com.mojang.datafixers.util.Unit (datafixerupper@6.0.8)
4310:             1             24  com.mojang.realmsclient.client.RealmsClient (minecraft@1.20.1)
4311:             1             24  com.mojang.realmsclient.gui.RealmsNewsManager (minecraft@1.20.1)
4312:             1             24  com.mojang.realmsclient.gui.task.DataFetcher (minecraft@1.20.1)
4313:             1             24  com.mojang.serialization.DataResult$Instance (datafixerupper@6.0.8)
4314:             1             24  com.mojang.serialization.MapCodec$7 (datafixerupper@6.0.8)
4315:             1             24  com.mojang.serialization.codecs.EitherMapCodec (datafixerupper@6.0.8)
4316:             1             24  com.mojang.text2speech.NarratorLinux (text2speech@1.17.9)
4317:             1             24  com.sun.jmx.mbeanserver.ClassLoaderRepositorySupport (java.management@17.0.15)
4318:             1             24  com.sun.jmx.mbeanserver.MXBeanLookup (java.management@17.0.15)
4319:             1             24  com.sun.jmx.remote.util.ClassLogger (java.management@17.0.15)
4320:             1             24  com.sun.jna.Structure$3 (com.sun.jna@5.12.1)
4321:             1             24  com.sun.jna.Structure$StructureSet (com.sun.jna@5.12.1)
4322:             1             24  com.sun.jna.StructureReadContext (com.sun.jna@5.12.1)
4323:             1             24  com.sun.jna.WeakMemoryHolder (com.sun.jna@5.12.1)
4324:             1             24  com.sun.jna.internal.Cleaner (com.sun.jna@5.12.1)
4325:             1             24  com.sun.management.internal.HotSpotThreadImpl (jdk.management@17.0.15)
4326:             1             24  com.sun.management.internal.PlatformMBeanProviderImpl$1 (jdk.management@17.0.15)
4327:             1             24  com.sun.management.internal.PlatformMBeanProviderImpl$2 (jdk.management@17.0.15)
4328:             1             24  com.sun.management.internal.PlatformMBeanProviderImpl$3 (jdk.management@17.0.15)
4329:             1             24  com.sun.management.internal.PlatformMBeanProviderImpl$4 (jdk.management@17.0.15)
4330:             1             24  com.sun.management.internal.PlatformMBeanProviderImpl$5 (jdk.management@17.0.15)
4331:             1             24  com.sun.org.apache.xerces.internal.impl.Constants$ArrayEnumeration (java.xml@17.0.15)
4332:             1             24  com.sun.org.apache.xerces.internal.jaxp.SAXParserFactoryImpl (java.xml@17.0.15)
4333:             1             24  cpw.mods.modlauncher.ArgumentHandler$DiscoveryData (cpw.mods.modlauncher@10.0.9)
4334:             1             24  cpw.mods.modlauncher.Environment (cpw.mods.modlauncher@10.0.9)
4335:             1             24  cpw.mods.modlauncher.LaunchPluginHandler$$Lambda$945/0x000000010050f7c8 (cpw.mods.modlauncher@10.0.9)
4336:             1             24  cpw.mods.modlauncher.LaunchPluginHandler$$Lambda$955/0x0000000100510cf8 (cpw.mods.modlauncher@10.0.9)
4337:             1             24  cpw.mods.modlauncher.ModuleLayerHandler (cpw.mods.modlauncher@10.0.9)
4338:             1             24  cpw.mods.modlauncher.NameMappingServiceHandler (cpw.mods.modlauncher@10.0.9)
4339:             1             24  cpw.mods.modlauncher.TransformStore (cpw.mods.modlauncher@10.0.9)
4340:             1             24  cpw.mods.modlauncher.TransformationServicesHandler (cpw.mods.modlauncher@10.0.9)
4341:             1             24  cpw.mods.modlauncher.TransformingClassLoaderBuilder (cpw.mods.modlauncher@10.0.9)
4342:             1             24  cpw.mods.niofs.union.UnionFileSystemProvider (cpw.mods.securejarhandler)
4343:             1             24  io.github.zekerzhayard.forgewrapper.installer.detector.MultiMCFileDetector
4344:             1             24  io.netty.util.AttributeKey$1 (io.netty.common@4.1.82.Final)
4345:             1             24  it.unimi.dsi.fastutil.doubles.DoubleLists$UnmodifiableRandomAccessList (it.unimi.dsi.fastutil@8.5.9)
4346:             1             24  it.unimi.dsi.fastutil.ints.IntArraySet (it.unimi.dsi.fastutil@8.5.9)
4347:             1             24  it.unimi.dsi.fastutil.ints.IntArrays$Segment (it.unimi.dsi.fastutil@8.5.9)
4348:             1             24  it.unimi.dsi.fastutil.shorts.ShortArrays$Segment (it.unimi.dsi.fastutil@8.5.9)
4349:             1             24  java.io.ByteArrayOutputStream (java.base@17.0.15)
4350:             1             24  java.lang.ProcessEnvironment$StringEnvironment (java.base@17.0.15)
4351:             1             24  java.lang.ProcessHandleImpl$$Lambda$282/0x0000000100251760 (java.base@17.0.15)
4352:             1             24  java.lang.StackWalker$ExtendedOption (java.base@17.0.15)
4353:             1             24  java.lang.invoke.DirectMethodHandle$EnsureInitialized (java.base@17.0.15)
4354:             1             24  java.lang.invoke.MethodHandleImpl$ArrayAccessor$1 (java.base@17.0.15)
4355:             1             24  java.lang.invoke.MethodHandleImpl$BindCaller$1 (java.base@17.0.15)
4356:             1             24  java.lang.invoke.MethodHandleImpl$Makers$3 (java.base@17.0.15)
4357:             1             24  java.lang.invoke.MethodType$ConcurrentWeakInternSet (java.base@17.0.15)
4358:             1             24  java.lang.management.DefaultPlatformMBeanProvider$1 (java.management@17.0.15)
4359:             1             24  java.lang.management.DefaultPlatformMBeanProvider$10 (java.management@17.0.15)
4360:             1             24  java.lang.management.DefaultPlatformMBeanProvider$11 (java.management@17.0.15)
4361:             1             24  java.lang.management.DefaultPlatformMBeanProvider$2 (java.management@17.0.15)
4362:             1             24  java.lang.management.DefaultPlatformMBeanProvider$3 (java.management@17.0.15)
4363:             1             24  java.lang.management.DefaultPlatformMBeanProvider$4 (java.management@17.0.15)
4364:             1             24  java.lang.management.DefaultPlatformMBeanProvider$5 (java.management@17.0.15)
4365:             1             24  java.lang.management.DefaultPlatformMBeanProvider$6 (java.management@17.0.15)
4366:             1             24  java.lang.management.DefaultPlatformMBeanProvider$7 (java.management@17.0.15)
4367:             1             24  java.lang.management.DefaultPlatformMBeanProvider$8 (java.management@17.0.15)
4368:             1             24  java.lang.management.DefaultPlatformMBeanProvider$9 (java.management@17.0.15)
4369:             1             24  java.lang.reflect.Proxy$1 (java.base@17.0.15)
4370:             1             24  java.math.MutableBigInteger (java.base@17.0.15)
4371:             1             24  java.net.Inet4AddressImpl (java.base@17.0.15)
4372:             1             24  java.net.Proxy (java.base@17.0.15)
4373:             1             24  java.net.Socket$SocketInputStream (java.base@17.0.15)
4374:             1             24  java.net.Socket$SocketOutputStream (java.base@17.0.15)
4375:             1             24  java.nio.file.LinkOption (java.base@17.0.15)
4376:             1             24  java.security.Timestamp (java.base@17.0.15)
4377:             1             24  java.security.cert.CertificateFactory (java.base@17.0.15)
4378:             1             24  java.time.Period (java.base@17.0.15)
4379:             1             24  java.time.format.DecimalStyle (java.base@17.0.15)
4380:             1             24  java.time.temporal.IsoFields$Field$1 (java.base@17.0.15)
4381:             1             24  java.time.temporal.IsoFields$Field$2 (java.base@17.0.15)
4382:             1             24  java.time.temporal.IsoFields$Field$3 (java.base@17.0.15)
4383:             1             24  java.time.temporal.IsoFields$Field$4 (java.base@17.0.15)
4384:             1             24  java.time.zone.TzdbZoneRulesProvider (java.base@17.0.15)
4385:             1             24  java.util.Collections$EmptyMap (java.base@17.0.15)
4386:             1             24  java.util.Collections$UnmodifiableList (java.base@17.0.15)
4387:             1             24  java.util.Comparators$NaturalOrderComparator (java.base@17.0.15)
4388:             1             24  java.util.Currency (java.base@17.0.15)
4389:             1             24  java.util.Locale$Cache (java.base@17.0.15)
4390:             1             24  java.util.OptionalInt (java.base@17.0.15)
4391:             1             24  java.util.PropertyPermissionCollection (java.base@17.0.15)
4392:             1             24  java.util.ResourceBundle$Control$CandidateListCache (java.base@17.0.15)
4393:             1             24  java.util.concurrent.Executors$DelegatedScheduledExecutorService (java.base@17.0.15)
4394:             1             24  java.util.function.Predicate$$Lambda$2582/0x00000001005e5d08 (java.base@17.0.15)
4395:             1             24  java.util.logging.LogManager$LoggerContext (java.logging@17.0.15)
4396:             1             24  java.util.regex.Pattern$BmpCharPredicate$$Lambda$984/0x00000001002ee9e8 (java.base@17.0.15)
4397:             1             24  java.util.regex.Pattern$Bound (java.base@17.0.15)
4398:             1             24  javax.net.ssl.SNIHostName (java.base@17.0.15)
4399:             1             24  javax.net.ssl.SSLContext (java.base@17.0.15)
4400:             1             24  jdk.dynalink.beans.BeansLinker$1 (jdk.dynalink@17.0.15)
4401:             1             24  jdk.dynalink.beans.BeansLinker$NoSuchMemberHandlerBindingLinker (jdk.dynalink@17.0.15)
4402:             1             24  jdk.dynalink.beans.StaticClass$1 (jdk.dynalink@17.0.15)
4403:             1             24  jdk.dynalink.beans.StaticClassLinker$1 (jdk.dynalink@17.0.15)
4404:             1             24  jdk.internal.icu.impl.Norm2AllModes (java.base@17.0.15)
4405:             1             24  jdk.internal.icu.impl.Norm2AllModes$ComposeNormalizer2 (java.base@17.0.15)
4406:             1             24  jdk.internal.icu.impl.Norm2AllModes$Norm2AllModesSingleton (java.base@17.0.15)
4407:             1             24  jdk.internal.jimage.ImageReader (java.base@17.0.15)
4408:             1             24  jdk.internal.logger.BootstrapLogger$RedirectedLoggers (java.base@17.0.15)
4409:             1             24  jdk.internal.ref.CleanerImpl (java.base@17.0.15)
4410:             1             24  jdk.jfr.internal.management.StreamManager (jdk.jfr@17.0.15)
4411:             1             24  jdk.management.jfr.internal.FlightRecorderMXBeanProvider$SingleMBeanComponent (jdk.management.jfr@17.0.15)
4412:             1             24  jdk.nio.zipfs.ZipCoder$UTF8 (jdk.zipfs@17.0.15)
4413:             1             24  joptsimple.BuiltinHelpFormatter (jopt.simple@5.0.4)
4414:             1             24  joptsimple.util.PathProperties$1 (jopt.simple@5.0.4)
4415:             1             24  joptsimple.util.PathProperties$2 (jopt.simple@5.0.4)
4416:             1             24  joptsimple.util.PathProperties$3 (jopt.simple@5.0.4)
4417:             1             24  joptsimple.util.PathProperties$4 (jopt.simple@5.0.4)
4418:             1             24  joptsimple.util.PathProperties$5 (jopt.simple@5.0.4)
4419:             1             24  joptsimple.util.PathProperties$6 (jopt.simple@5.0.4)
4420:             1             24  net.fabricmc.loader.impl.ObjectShareImpl (net.fabricmc.loader@2.6.0+0.15.0+1.20.1-full)
4421:             1             24  net.fabricmc.loader.impl.entrypoint.EntrypointStorage (net.fabricmc.loader@2.6.0+0.15.0+1.20.1-full)
4422:             1             24  net.minecraft.Util$IdentityStrategy (minecraft@1.20.1)
4423:             1             24  net.minecraft.Util$OS$1 (minecraft@1.20.1)
4424:             1             24  net.minecraft.Util$OS$2 (minecraft@1.20.1)
4425:             1             24  net.minecraft.client.GameNarrator (minecraft@1.20.1)
4426:             1             24  net.minecraft.client.OptionInstance$ClampingLazyMaxIntRange (minecraft@1.20.1)
4427:             1             24  net.minecraft.client.OptionInstance$LazyEnum (minecraft@1.20.1)
4428:             1             24  net.minecraft.client.OptionInstance$UnitDouble (minecraft@1.20.1)
4429:             1             24  net.minecraft.client.Options$1 (minecraft@1.20.1)
4430:             1             24  net.minecraft.client.Realms32BitWarningStatus (minecraft@1.20.1)
4431:             1             24  net.minecraft.client.ResourceLoadStateTracker (minecraft@1.20.1)
4432:             1             24  net.minecraft.client.color.block.BlockColors (minecraft@1.20.1)
4433:             1             24  net.minecraft.client.gui.MapRenderer (minecraft@1.20.1)
4434:             1             24  net.minecraft.client.gui.components.AbstractSelectionList$TrackedList (minecraft@1.20.1)
4435:             1             24  net.minecraft.client.gui.components.BossHealthOverlay (minecraft@1.20.1)
4436:             1             24  net.minecraft.client.gui.components.SubtitleOverlay (minecraft@1.20.1)
4437:             1             24  net.minecraft.client.gui.font.providers.TrueTypeGlyphProviderDefinition$Shift (minecraft@1.20.1)
4438:             1             24  net.minecraft.client.gui.narration.ScreenNarrationCollector (minecraft@1.20.1)
4439:             1             24  net.minecraft.client.gui.screens.LoadingOverlay$LogoTexture (minecraft@1.20.1)
4440:             1             24  net.minecraft.client.main.GameConfig$GameData (minecraft@1.20.1)
4441:             1             24  net.minecraft.client.multiplayer.chat.ChatLog (minecraft@1.20.1)
4442:             1             24  net.minecraft.client.multiplayer.chat.report.AbuseReportSender$Services (minecraft@1.20.1)
4443:             1             24  net.minecraft.client.multiplayer.chat.report.ReportEnvironment (minecraft@1.20.1)
4444:             1             24  net.minecraft.client.particle.GlowParticle$ElectricSparkProvider (minecraft@1.20.1)
4445:             1             24  net.minecraft.client.particle.GlowParticle$ScrapeProvider (minecraft@1.20.1)
4446:             1             24  net.minecraft.client.particle.GlowParticle$WaxOffProvider (minecraft@1.20.1)
4447:             1             24  net.minecraft.client.particle.GlowParticle$WaxOnProvider (minecraft@1.20.1)
4448:             1             24  net.minecraft.client.quickplay.QuickPlayLog$1 (minecraft@1.20.1)
4449:             1             24  net.minecraft.client.renderer.GpuWarnlistManager (minecraft@1.20.1)
4450:             1             24  net.minecraft.client.renderer.RenderStateShard$EmptyTextureStateShard (minecraft@1.20.1)
4451:             1             24  net.minecraft.client.renderer.RunningTrimmedMean (minecraft@1.20.1)
4452:             1             24  net.minecraft.client.renderer.VirtualScreen (minecraft@1.20.1)
4453:             1             24  net.minecraft.client.renderer.block.BlockModelShaper (minecraft@1.20.1)
4454:             1             24  net.minecraft.client.renderer.block.LiquidBlockRenderer (minecraft@1.20.1)
4455:             1             24  net.minecraft.client.renderer.block.model.BlockModelDefinition$Context (minecraft@1.20.1)
4456:             1             24  net.minecraft.client.renderer.blockentity.BannerRenderer (minecraft@1.20.1)
4457:             1             24  net.minecraft.client.renderer.blockentity.BedRenderer (minecraft@1.20.1)
4458:             1             24  net.minecraft.client.renderer.blockentity.HangingSignRenderer (minecraft@1.20.1)
4459:             1             24  net.minecraft.client.renderer.blockentity.SignRenderer (minecraft@1.20.1)
4460:             1             24  net.minecraft.client.renderer.debug.GameEventListenerRenderer (minecraft@1.20.1)
4461:             1             24  net.minecraft.client.renderer.debug.GoalSelectorDebugRenderer (minecraft@1.20.1)
4462:             1             24  net.minecraft.client.renderer.debug.NeighborsUpdateRenderer (minecraft@1.20.1)
4463:             1             24  net.minecraft.client.renderer.debug.PathfindingRenderer (minecraft@1.20.1)
4464:             1             24  net.minecraft.client.renderer.debug.RaidDebugRenderer (minecraft@1.20.1)
4465:             1             24  net.minecraft.client.renderer.entity.EvokerRenderer$1 (minecraft@1.20.1)
4466:             1             24  net.minecraft.client.renderer.entity.IllusionerRenderer$1 (minecraft@1.20.1)
4467:             1             24  net.minecraft.client.renderer.entity.VindicatorRenderer$1 (minecraft@1.20.1)
4468:             1             24  net.minecraft.client.renderer.entity.layers.CarriedBlockLayer (minecraft@1.20.1)
4469:             1             24  net.minecraft.client.renderer.entity.layers.CatCollarLayer (minecraft@1.20.1)
4470:             1             24  net.minecraft.client.renderer.entity.layers.CreeperPowerLayer (minecraft@1.20.1)
4471:             1             24  net.minecraft.client.renderer.entity.layers.DolphinCarryingItemLayer (minecraft@1.20.1)
4472:             1             24  net.minecraft.client.renderer.entity.layers.DrownedOuterLayer (minecraft@1.20.1)
4473:             1             24  net.minecraft.client.renderer.entity.layers.FoxHeldItemLayer (minecraft@1.20.1)
4474:             1             24  net.minecraft.client.renderer.entity.layers.HorseArmorLayer (minecraft@1.20.1)
4475:             1             24  net.minecraft.client.renderer.entity.layers.IronGolemFlowerLayer (minecraft@1.20.1)
4476:             1             24  net.minecraft.client.renderer.entity.layers.MushroomCowMushroomLayer (minecraft@1.20.1)
4477:             1             24  net.minecraft.client.renderer.entity.layers.PandaHoldsItemLayer (minecraft@1.20.1)
4478:             1             24  net.minecraft.client.renderer.entity.layers.SheepFurLayer (minecraft@1.20.1)
4479:             1             24  net.minecraft.client.renderer.entity.layers.SlimeOuterLayer (minecraft@1.20.1)
4480:             1             24  net.minecraft.client.renderer.entity.layers.SnowGolemHeadLayer (minecraft@1.20.1)
4481:             1             24  net.minecraft.client.renderer.entity.layers.StrayClothingLayer (minecraft@1.20.1)
4482:             1             24  net.minecraft.client.renderer.entity.layers.TropicalFishPatternLayer (minecraft@1.20.1)
4483:             1             24  net.minecraft.client.renderer.entity.layers.WitchItemLayer (minecraft@1.20.1)
4484:             1             24  net.minecraft.client.renderer.entity.layers.WitherArmorLayer (minecraft@1.20.1)
4485:             1             24  net.minecraft.client.resources.MobEffectTextureManager (minecraft@1.20.1)
4486:             1             24  net.minecraft.client.resources.PaintingTextureManager (minecraft@1.20.1)
4487:             1             24  net.minecraft.client.resources.SkinManager$1 (minecraft@1.20.1)
4488:             1             24  net.minecraft.client.resources.SplashManager (minecraft@1.20.1)
4489:             1             24  net.minecraft.client.resources.language.ClientLanguage (minecraft@1.20.1)
4490:             1             24  net.minecraft.client.resources.language.LanguageManager (minecraft@1.20.1)
4491:             1             24  net.minecraft.client.resources.metadata.animation.AnimationFrame (minecraft@1.20.1)
4492:             1             24  net.minecraft.client.sounds.ChannelAccess (minecraft@1.20.1)
4493:             1             24  net.minecraft.client.sounds.SoundBufferLibrary (minecraft@1.20.1)
4494:             1             24  net.minecraft.client.sounds.SoundManager (minecraft@1.20.1)
4495:             1             24  net.minecraft.client.sounds.SoundManager$1 (minecraft@1.20.1)
4496:             1             24  net.minecraft.client.sounds.SoundManager$Preparations (minecraft@1.20.1)
4497:             1             24  net.minecraft.client.telemetry.TelemetryLogManager (minecraft@1.20.1)
4498:             1             24  net.minecraft.client.telemetry.events.GameLoadTimesEvent (minecraft@1.20.1)
4499:             1             24  net.minecraft.client.tutorial.BundleTutorial (minecraft@1.20.1)
4500:             1             24  net.minecraft.core.BlockPos$MutableBlockPos (minecraft@1.20.1)
4501:             1             24  net.minecraft.core.Direction$Axis$1 (minecraft@1.20.1)
4502:             1             24  net.minecraft.core.Direction$Axis$2 (minecraft@1.20.1)
4503:             1             24  net.minecraft.core.Direction$Axis$3 (minecraft@1.20.1)
4504:             1             24  net.minecraft.core.IdMapper (minecraft@1.20.1)
4505:             1             24  net.minecraft.core.dispenser.DispenseItemBehavior$24 (minecraft@1.20.1)
4506:             1             24  net.minecraft.core.particles.DustColorTransitionOptions (minecraft@1.20.1)
4507:             1             24  net.minecraft.core.particles.DustParticleOptions (minecraft@1.20.1)
4508:             1             24  net.minecraft.network.chat.ChatType (minecraft@1.20.1)
4509:             1             24  net.minecraft.network.chat.ChatType$Bound (minecraft@1.20.1)
4510:             1             24  net.minecraft.server.packs.linkfs.LinkFileSystem (minecraft@1.20.1)
4511:             1             24  net.minecraft.server.packs.metadata.pack.PackMetadataSection (minecraft@1.20.1)
4512:             1             24  net.minecraft.server.packs.repository.FolderRepositorySource (minecraft@1.20.1)
4513:             1             24  net.minecraft.server.packs.repository.PackRepository (minecraft@1.20.1)
4514:             1             24  net.minecraft.server.packs.resources.MultiPackResourceManager (minecraft@1.20.1)
4515:             1             24  net.minecraft.server.packs.resources.ReloadableResourceManager (minecraft@1.20.1)
4516:             1             24  net.minecraft.util.ExtraCodecs$$Lambda$1079/0x000000010056e638 (minecraft@1.20.1)
4517:             1             24  net.minecraft.util.ExtraCodecs$$Lambda$5685/0x0000000100e43240 (minecraft@1.20.1)
4518:             1             24  net.minecraft.util.InclusiveRange$$Lambda$3716/0x0000000100b11fa8 (minecraft@1.20.1)
4519:             1             24  net.minecraft.util.Unit (minecraft@1.20.1)
4520:             1             24  net.minecraft.util.datafix.fixes.AbstractArrowPickupFix (minecraft@1.20.1)
4521:             1             24  net.minecraft.util.datafix.fixes.AttributesRename (minecraft@1.20.1)
4522:             1             24  net.minecraft.util.datafix.fixes.BedItemColorFix (minecraft@1.20.1)
4523:             1             24  net.minecraft.util.datafix.fixes.BitStorageAlignFix (minecraft@1.20.1)
4524:             1             24  net.minecraft.util.datafix.fixes.BlendingDataRemoveFromNetherEndFix (minecraft@1.20.1)
4525:             1             24  net.minecraft.util.datafix.fixes.BlockEntityCustomNameToComponentFix (minecraft@1.20.1)
4526:             1             24  net.minecraft.util.datafix.fixes.BlockEntityIdFix (minecraft@1.20.1)
4527:             1             24  net.minecraft.util.datafix.fixes.BlockNameFlatteningFix (minecraft@1.20.1)
4528:             1             24  net.minecraft.util.datafix.fixes.BlockStateStructureTemplateFix (minecraft@1.20.1)
4529:             1             24  net.minecraft.util.datafix.fixes.CauldronRenameFix (minecraft@1.20.1)
4530:             1             24  net.minecraft.util.datafix.fixes.ChunkBedBlockEntityInjecterFix (minecraft@1.20.1)
4531:             1             24  net.minecraft.util.datafix.fixes.ChunkBedBlockEntityInjecterFix$$Lambda$2252/0x000000010089a758 (minecraft@1.20.1)
4532:             1             24  net.minecraft.util.datafix.fixes.ChunkBiomeFix (minecraft@1.20.1)
4533:             1             24  net.minecraft.util.datafix.fixes.ChunkDeleteIgnoredLightDataFix (minecraft@1.20.1)
4534:             1             24  net.minecraft.util.datafix.fixes.ChunkDeleteLightFix (minecraft@1.20.1)
4535:             1             24  net.minecraft.util.datafix.fixes.ChunkHeightAndBiomeFix (minecraft@1.20.1)
4536:             1             24  net.minecraft.util.datafix.fixes.ChunkLightRemoveFix (minecraft@1.20.1)
4537:             1             24  net.minecraft.util.datafix.fixes.ChunkPalettedStorageFix (minecraft@1.20.1)
4538:             1             24  net.minecraft.util.datafix.fixes.ChunkProtoTickListFix (minecraft@1.20.1)
4539:             1             24  net.minecraft.util.datafix.fixes.ChunkRenamesFix (minecraft@1.20.1)
4540:             1             24  net.minecraft.util.datafix.fixes.ChunkRenamesFix$$Lambda$2339/0x00000001008b9bd8 (minecraft@1.20.1)
4541:             1             24  net.minecraft.util.datafix.fixes.ChunkStatusFix (minecraft@1.20.1)
4542:             1             24  net.minecraft.util.datafix.fixes.ChunkStatusFix2 (minecraft@1.20.1)
4543:             1             24  net.minecraft.util.datafix.fixes.ChunkStructuresTemplateRenameFix (minecraft@1.20.1)
4544:             1             24  net.minecraft.util.datafix.fixes.ChunkToProtochunkFix (minecraft@1.20.1)
4545:             1             24  net.minecraft.util.datafix.fixes.DecoratedPotFieldRenameFix (minecraft@1.20.1)
4546:             1             24  net.minecraft.util.datafix.fixes.EffectDurationFix (minecraft@1.20.1)
4547:             1             24  net.minecraft.util.datafix.fixes.EffectDurationFix$$Lambda$2351/0x00000001008bbf20 (minecraft@1.20.1)
4548:             1             24  net.minecraft.util.datafix.fixes.EntityBlockStateFix (minecraft@1.20.1)
4549:             1             24  net.minecraft.util.datafix.fixes.EntityCustomNameToComponentFix (minecraft@1.20.1)
4550:             1             24  net.minecraft.util.datafix.fixes.EntityEquipmentToArmorAndHandFix (minecraft@1.20.1)
4551:             1             24  net.minecraft.util.datafix.fixes.EntityHealthFix (minecraft@1.20.1)
4552:             1             24  net.minecraft.util.datafix.fixes.EntityIdFix (minecraft@1.20.1)
4553:             1             24  net.minecraft.util.datafix.fixes.EntityMinecartIdentifiersFix (minecraft@1.20.1)
4554:             1             24  net.minecraft.util.datafix.fixes.EntityMinecartIdentifiersFix$$Lambda$2228/0x000000010088bc40 (minecraft@1.20.1)
4555:             1             24  net.minecraft.util.datafix.fixes.EntityPaintingItemFrameDirectionFix (minecraft@1.20.1)
4556:             1             24  net.minecraft.util.datafix.fixes.EntityPaintingItemFrameDirectionFix$$Lambda$2231/0x0000000100890248 (minecraft@1.20.1)
4557:             1             24  net.minecraft.util.datafix.fixes.EntityPaintingItemFrameDirectionFix$$Lambda$2232/0x0000000100890490 (minecraft@1.20.1)
4558:             1             24  net.minecraft.util.datafix.fixes.EntityProjectileOwnerFix (minecraft@1.20.1)
4559:             1             24  net.minecraft.util.datafix.fixes.EntityRedundantChanceTagsFix (minecraft@1.20.1)
4560:             1             24  net.minecraft.util.datafix.fixes.EntityRidingToPassengersFix (minecraft@1.20.1)
4561:             1             24  net.minecraft.util.datafix.fixes.EntityStringUuidFix (minecraft@1.20.1)
4562:             1             24  net.minecraft.util.datafix.fixes.ForcePoiRebuild (minecraft@1.20.1)
4563:             1             24  net.minecraft.util.datafix.fixes.FurnaceRecipeFix (minecraft@1.20.1)
4564:             1             24  net.minecraft.util.datafix.fixes.HeightmapRenamingFix (minecraft@1.20.1)
4565:             1             24  net.minecraft.util.datafix.fixes.HeightmapRenamingFix$$Lambda$2276/0x00000001008a0000 (minecraft@1.20.1)
4566:             1             24  net.minecraft.util.datafix.fixes.IglooMetadataRemovalFix (minecraft@1.20.1)
4567:             1             24  net.minecraft.util.datafix.fixes.ItemBannerColorFix (minecraft@1.20.1)
4568:             1             24  net.minecraft.util.datafix.fixes.ItemBannerColorFix$$Lambda$2247/0x0000000100893940 (minecraft@1.20.1)
4569:             1             24  net.minecraft.util.datafix.fixes.ItemCustomNameToComponentFix (minecraft@1.20.1)
4570:             1             24  net.minecraft.util.datafix.fixes.ItemCustomNameToComponentFix$$Lambda$2270/0x000000010089f1d8 (minecraft@1.20.1)
4571:             1             24  net.minecraft.util.datafix.fixes.ItemIdFix (minecraft@1.20.1)
4572:             1             24  net.minecraft.util.datafix.fixes.ItemIdFix$$Lambda$2219/0x000000010087f678 (minecraft@1.20.1)
4573:             1             24  net.minecraft.util.datafix.fixes.ItemLoreFix (minecraft@1.20.1)
4574:             1             24  net.minecraft.util.datafix.fixes.ItemPotionFix (minecraft@1.20.1)
4575:             1             24  net.minecraft.util.datafix.fixes.ItemPotionFix$$Lambda$2223/0x000000010087f8c0 (minecraft@1.20.1)
4576:             1             24  net.minecraft.util.datafix.fixes.ItemShulkerBoxColorFix (minecraft@1.20.1)
4577:             1             24  net.minecraft.util.datafix.fixes.ItemShulkerBoxColorFix$$Lambda$2249/0x0000000100899e10 (minecraft@1.20.1)
4578:             1             24  net.minecraft.util.datafix.fixes.ItemSpawnEggFix (minecraft@1.20.1)
4579:             1             24  net.minecraft.util.datafix.fixes.ItemStackEnchantmentNamesFix (minecraft@1.20.1)
4580:             1             24  net.minecraft.util.datafix.fixes.ItemStackEnchantmentNamesFix$$Lambda$2279/0x00000001008a3f70 (minecraft@1.20.1)
4581:             1             24  net.minecraft.util.datafix.fixes.ItemStackMapIdFix (minecraft@1.20.1)
4582:             1             24  net.minecraft.util.datafix.fixes.ItemStackMapIdFix$$Lambda$2262/0x000000010089d010 (minecraft@1.20.1)
4583:             1             24  net.minecraft.util.datafix.fixes.ItemStackTheFlatteningFix (minecraft@1.20.1)
4584:             1             24  net.minecraft.util.datafix.fixes.ItemStackTheFlatteningFix$$Lambda$2264/0x000000010089d7d0 (minecraft@1.20.1)
4585:             1             24  net.minecraft.util.datafix.fixes.ItemStackUUIDFix$$Lambda$2317/0x00000001008b1b58 (minecraft@1.20.1)
4586:             1             24  net.minecraft.util.datafix.fixes.ItemWaterPotionFix (minecraft@1.20.1)
4587:             1             24  net.minecraft.util.datafix.fixes.ItemWaterPotionFix$$Lambda$2248/0x0000000100893b88 (minecraft@1.20.1)
4588:             1             24  net.minecraft.util.datafix.fixes.ItemWrittenBookPagesStrictJsonFix (minecraft@1.20.1)
4589:             1             24  net.minecraft.util.datafix.fixes.ItemWrittenBookPagesStrictJsonFix$$Lambda$2239/0x0000000100892760 (minecraft@1.20.1)
4590:             1             24  net.minecraft.util.datafix.fixes.JigsawRotationFix (minecraft@1.20.1)
4591:             1             24  net.minecraft.util.datafix.fixes.LeavesFix (minecraft@1.20.1)
4592:             1             24  net.minecraft.util.datafix.fixes.LegacyDragonFightFix (minecraft@1.20.1)
4593:             1             24  net.minecraft.util.datafix.fixes.LevelDataGeneratorOptionsFix (minecraft@1.20.1)
4594:             1             24  net.minecraft.util.datafix.fixes.LevelFlatGeneratorInfoFix (minecraft@1.20.1)
4595:             1             24  net.minecraft.util.datafix.fixes.MapIdFix (minecraft@1.20.1)
4596:             1             24  net.minecraft.util.datafix.fixes.MissingDimensionFix (minecraft@1.20.1)
4597:             1             24  net.minecraft.util.datafix.fixes.MobSpawnerEntityIdentifiersFix (minecraft@1.20.1)
4598:             1             24  net.minecraft.util.datafix.fixes.MobSpawnerEntityIdentifiersFix$$Lambda$2227/0x000000010088b9f8 (minecraft@1.20.1)
4599:             1             24  net.minecraft.util.datafix.fixes.NewVillageFix (minecraft@1.20.1)
4600:             1             24  net.minecraft.util.datafix.fixes.ObjectiveDisplayNameFix (minecraft@1.20.1)
4601:             1             24  net.minecraft.util.datafix.fixes.ObjectiveRenderTypeFix (minecraft@1.20.1)
4602:             1             24  net.minecraft.util.datafix.fixes.OptionsAccessibilityOnboardFix (minecraft@1.20.1)
4603:             1             24  net.minecraft.util.datafix.fixes.OptionsAddTextBackgroundFix (minecraft@1.20.1)
4604:             1             24  net.minecraft.util.datafix.fixes.OptionsAmbientOcclusionFix (minecraft@1.20.1)
4605:             1             24  net.minecraft.util.datafix.fixes.OptionsForceVBOFix (minecraft@1.20.1)
4606:             1             24  net.minecraft.util.datafix.fixes.OptionsKeyLwjgl3Fix (minecraft@1.20.1)
4607:             1             24  net.minecraft.util.datafix.fixes.OptionsKeyTranslationFix (minecraft@1.20.1)
4608:             1             24  net.minecraft.util.datafix.fixes.OptionsLowerCaseLanguageFix (minecraft@1.20.1)
4609:             1             24  net.minecraft.util.datafix.fixes.OptionsProgrammerArtFix (minecraft@1.20.1)
4610:             1             24  net.minecraft.util.datafix.fixes.OverreachingTickFix (minecraft@1.20.1)
4611:             1             24  net.minecraft.util.datafix.fixes.RedstoneWireConnectionsFix (minecraft@1.20.1)
4612:             1             24  net.minecraft.util.datafix.fixes.ReorganizePoi (minecraft@1.20.1)
4613:             1             24  net.minecraft.util.datafix.fixes.SavedDataFeaturePoolElementFix (minecraft@1.20.1)
4614:             1             24  net.minecraft.util.datafix.fixes.SpawnerDataFix (minecraft@1.20.1)
4615:             1             24  net.minecraft.util.datafix.fixes.StatsCounterFix (minecraft@1.20.1)
4616:             1             24  net.minecraft.util.datafix.fixes.StatsCounterFix$$Lambda$2268/0x000000010089e830 (minecraft@1.20.1)
4617:             1             24  net.minecraft.util.datafix.fixes.StructureReferenceCountFix (minecraft@1.20.1)
4618:             1             24  net.minecraft.util.datafix.fixes.StructureSettingsFlattenFix (minecraft@1.20.1)
4619:             1             24  net.minecraft.util.datafix.fixes.StructuresBecomeConfiguredFix (minecraft@1.20.1)
4620:             1             24  net.minecraft.util.datafix.fixes.TeamDisplayNameFix (minecraft@1.20.1)
4621:             1             24  net.minecraft.util.datafix.fixes.TrappedChestBlockEntityFix (minecraft@1.20.1)
4622:             1             24  net.minecraft.util.datafix.fixes.VillagerRebuildLevelAndXpFix (minecraft@1.20.1)
4623:             1             24  net.minecraft.util.datafix.fixes.WallPropertyFix (minecraft@1.20.1)
4624:             1             24  net.minecraft.util.datafix.fixes.WorldGenSettingsFix (minecraft@1.20.1)
4625:             1             24  net.minecraft.util.datafix.fixes.WorldGenSettingsHeightAndBiomeFix (minecraft@1.20.1)
4626:             1             24  net.minecraft.util.datafix.fixes.WorldGenSettingsHeightAndBiomeFix$$Lambda$2334/0x00000001008b5d60 (minecraft@1.20.1)
4627:             1             24  net.minecraft.util.eventlog.EventLogDirectory (minecraft@1.20.1)
4628:             1             24  net.minecraft.util.profiling.ContinuousProfiler (minecraft@1.20.1)
4629:             1             24  net.minecraft.world.flag.FeatureFlagRegistry (minecraft@1.20.1)
4630:             1             24  net.minecraft.world.item.HoeItem$$Lambda$2595/0x00000001009d8b78 (minecraft@1.20.1)
4631:             1             24  net.minecraft.world.item.enchantment.EnchantmentCategory$1 (minecraft@1.20.1)
4632:             1             24  net.minecraft.world.item.enchantment.EnchantmentCategory$10 (minecraft@1.20.1)
4633:             1             24  net.minecraft.world.item.enchantment.EnchantmentCategory$11 (minecraft@1.20.1)
4634:             1             24  net.minecraft.world.item.enchantment.EnchantmentCategory$12 (minecraft@1.20.1)
4635:             1             24  net.minecraft.world.item.enchantment.EnchantmentCategory$13 (minecraft@1.20.1)
4636:             1             24  net.minecraft.world.item.enchantment.EnchantmentCategory$14 (minecraft@1.20.1)
4637:             1             24  net.minecraft.world.item.enchantment.EnchantmentCategory$2 (minecraft@1.20.1)
4638:             1             24  net.minecraft.world.item.enchantment.EnchantmentCategory$3 (minecraft@1.20.1)
4639:             1             24  net.minecraft.world.item.enchantment.EnchantmentCategory$4 (minecraft@1.20.1)
4640:             1             24  net.minecraft.world.item.enchantment.EnchantmentCategory$5 (minecraft@1.20.1)
4641:             1             24  net.minecraft.world.item.enchantment.EnchantmentCategory$6 (minecraft@1.20.1)
4642:             1             24  net.minecraft.world.item.enchantment.EnchantmentCategory$7 (minecraft@1.20.1)
4643:             1             24  net.minecraft.world.item.enchantment.EnchantmentCategory$8 (minecraft@1.20.1)
4644:             1             24  net.minecraft.world.item.enchantment.EnchantmentCategory$9 (minecraft@1.20.1)
4645:             1             24  net.minecraft.world.level.biome.Biome$TemperatureModifier$1 (minecraft@1.20.1)
4646:             1             24  net.minecraft.world.level.biome.Biome$TemperatureModifier$2 (minecraft@1.20.1)
4647:             1             24  net.minecraft.world.level.block.MultifaceSpreader$SpreadType$1 (minecraft@1.20.1)
4648:             1             24  net.minecraft.world.level.block.MultifaceSpreader$SpreadType$2 (minecraft@1.20.1)
4649:             1             24  net.minecraft.world.level.block.MultifaceSpreader$SpreadType$3 (minecraft@1.20.1)
4650:             1             24  net.minecraft.world.level.block.entity.EnderChestBlockEntity$1 (minecraft@1.20.1)
4651:             1             24  net.minecraft.world.level.block.state.predicate.BlockStatePredicate (minecraft@1.20.1)
4652:             1             24  net.minecraft.world.level.levelgen.DensityFunctions$BeardifierMarker (minecraft@1.20.1)
4653:             1             24  net.minecraft.world.level.levelgen.DensityFunctions$BlendAlpha (minecraft@1.20.1)
4654:             1             24  net.minecraft.world.level.levelgen.DensityFunctions$BlendOffset (minecraft@1.20.1)
4655:             1             24  net.minecraft.world.level.levelgen.DensityFunctions$Constant (minecraft@1.20.1)
4656:             1             24  net.minecraft.world.level.levelgen.SurfaceRules$AbovePreliminarySurface (minecraft@1.20.1)
4657:             1             24  net.minecraft.world.level.levelgen.SurfaceRules$Bandlands (minecraft@1.20.1)
4658:             1             24  net.minecraft.world.level.levelgen.SurfaceRules$Hole (minecraft@1.20.1)
4659:             1             24  net.minecraft.world.level.levelgen.SurfaceRules$Steep (minecraft@1.20.1)
4660:             1             24  net.minecraft.world.level.levelgen.SurfaceRules$Temperature (minecraft@1.20.1)
4661:             1             24  net.minecraft.world.level.levelgen.ThreadSafeLegacyRandomSource (minecraft@1.20.1)
4662:             1             24  net.minecraft.world.level.levelgen.carver.CanyonWorldCarver (minecraft@1.20.1)
4663:             1             24  net.minecraft.world.level.levelgen.carver.CaveWorldCarver (minecraft@1.20.1)
4664:             1             24  net.minecraft.world.level.levelgen.carver.NetherWorldCarver (minecraft@1.20.1)
4665:             1             24  net.minecraft.world.level.levelgen.structure.templatesystem.GravityProcessor (minecraft@1.20.1)
4666:             1             24  net.minecraft.world.level.validation.PathAllowList (minecraft@1.20.1)
4667:             1             24  net.minecraftforge.accesstransformer.AccessTransformerEngine (accesstransformers@8.0.4)
4668:             1             24  net.minecraftforge.accesstransformer.parser.AccessTransformerList (accesstransformers@8.0.4)
4669:             1             24  net.minecraftforge.accesstransformer.service.ServiceNameHandler (accesstransformers@8.0.4)
4670:             1             24  net.minecraftforge.client.ForgeHooksClient$$Lambda$5005/0x0000000100d6f778 (forge@47.4.13)
4671:             1             24  net.minecraftforge.client.model.lighting.ForgeModelBlockRenderer (forge@47.4.13)
4672:             1             24  net.minecraftforge.client.settings.KeyConflictContext$1 (forge@47.4.13)
4673:             1             24  net.minecraftforge.client.settings.KeyConflictContext$2 (forge@47.4.13)
4674:             1             24  net.minecraftforge.client.settings.KeyConflictContext$3 (forge@47.4.13)
4675:             1             24  net.minecraftforge.client.settings.KeyModifier$1 (forge@47.4.13)
4676:             1             24  net.minecraftforge.client.settings.KeyModifier$2 (forge@47.4.13)
4677:             1             24  net.minecraftforge.client.settings.KeyModifier$3 (forge@47.4.13)
4678:             1             24  net.minecraftforge.client.settings.KeyModifier$4 (forge@47.4.13)
4679:             1             24  net.minecraftforge.common.util.Lazy$Concurrent (forge@47.4.13)
4680:             1             24  net.minecraftforge.eventbus.EventBusEngine (net.minecraftforge.eventbus)
4681:             1             24  net.minecraftforge.fml.config.ConfigTracker (fmlcore@1.20.1-47.4.13)
4682:             1             24  net.minecraftforge.fml.earlydisplay.EarlyFramebuffer (fmlearlydisplay@1.20.1-47.4.13)
4683:             1             24  net.minecraftforge.fml.earlydisplay.RenderElement$$Lambda$5275/0x0000000100dbf6d0 (fmlearlydisplay@1.20.1-47.4.13)
4684:             1             24  net.minecraftforge.fml.earlydisplay.RenderElement$$Lambda$604/0x000000010037fb18 (fmlearlydisplay@1.20.1-47.4.13)
4685:             1             24  net.minecraftforge.fml.earlydisplay.RenderElement$$Lambda$608/0x0000000100384690 (fmlearlydisplay@1.20.1-47.4.13)
4686:             1             24  net.minecraftforge.fml.javafmlmod.FMLJavaModLanguageProvider$FMLModTarget (javafmllanguage@1.20.1-47.4.13)
4687:             1             24  net.minecraftforge.fml.loading.MCPNamingService (fmlloader@1.20.1-47.4.13)
4688:             1             24  net.minecraftforge.fml.loading.moddiscovery.ClasspathLocator (fmlloader@1.20.1-47.4.13)
4689:             1             24  net.minecraftforge.fml.loading.moddiscovery.ExplodedDirectoryLocator (fmlloader@1.20.1-47.4.13)
4690:             1             24  net.minecraftforge.fml.loading.moddiscovery.ModsFolderLocator (fmlloader@1.20.1-47.4.13)
4691:             1             24  net.minecraftforge.fml.loading.targets.CommonClientLaunchHandler$$Lambda$1019/0x000000010054abc0 (fmlloader@1.20.1-47.4.13)
4692:             1             24  net.minecraftforge.forgespi.Environment (net.minecraftforge.forgespi@7.0.1)
4693:             1             24  net.minecraftforge.jarjar.metadata.json.MetadataSerializer$1 (JarJarMetadata@0.3.19)
4694:             1             24  net.minecraftforge.network.ServerStatusPing$ChannelData (forge@47.4.13)
4695:             1             24  org.antlr.v4.runtime.atn.SemanticContext$Predicate (org.antlr.antlr4.runtime@4.9.1)
4696:             1             24  org.antlr.v4.runtime.misc.Pair (org.antlr.antlr4.runtime@4.9.1)
4697:             1             24  org.apache.logging.log4j.core.appender.ConsoleAppender$Target$1 (org.apache.logging.log4j.core@2.19.0)
4698:             1             24  org.apache.logging.log4j.core.appender.ConsoleAppender$Target$2 (org.apache.logging.log4j.core@2.19.0)
4699:             1             24  org.apache.logging.log4j.core.appender.rolling.FileExtension$1 (org.apache.logging.log4j.core@2.19.0)
4700:             1             24  org.apache.logging.log4j.core.appender.rolling.FileExtension$2 (org.apache.logging.log4j.core@2.19.0)
4701:             1             24  org.apache.logging.log4j.core.appender.rolling.FileExtension$3 (org.apache.logging.log4j.core@2.19.0)
4702:             1             24  org.apache.logging.log4j.core.appender.rolling.FileExtension$4 (org.apache.logging.log4j.core@2.19.0)
4703:             1             24  org.apache.logging.log4j.core.appender.rolling.FileExtension$5 (org.apache.logging.log4j.core@2.19.0)
4704:             1             24  org.apache.logging.log4j.core.appender.rolling.FileExtension$6 (org.apache.logging.log4j.core@2.19.0)
4705:             1             24  org.apache.logging.log4j.core.async.ThreadNameCachingStrategy$1 (org.apache.logging.log4j.core@2.19.0)
4706:             1             24  org.apache.logging.log4j.core.async.ThreadNameCachingStrategy$2 (org.apache.logging.log4j.core@2.19.0)
4707:             1             24  org.apache.logging.log4j.core.config.LoggerConfig$LoggerConfigPredicate$1 (org.apache.logging.log4j.core@2.19.0)
4708:             1             24  org.apache.logging.log4j.core.config.LoggerConfig$LoggerConfigPredicate$2 (org.apache.logging.log4j.core@2.19.0)
4709:             1             24  org.apache.logging.log4j.core.config.LoggerConfig$LoggerConfigPredicate$3 (org.apache.logging.log4j.core@2.19.0)
4710:             1             24  org.apache.logging.log4j.core.config.Loggers (org.apache.logging.log4j.core@2.19.0)
4711:             1             24  org.apache.logging.log4j.core.config.json.JsonConfigurationFactory (org.apache.logging.log4j.core@2.19.0)
4712:             1             24  org.apache.logging.log4j.core.config.plugins.util.PluginRegistry (org.apache.logging.log4j.core@2.19.0)
4713:             1             24  org.apache.logging.log4j.core.config.yaml.YamlConfigurationFactory (org.apache.logging.log4j.core@2.19.0)
4714:             1             24  org.apache.logging.log4j.core.filter.CompositeFilter (org.apache.logging.log4j.core@2.19.0)
4715:             1             24  org.apache.logging.log4j.core.impl.Log4jContextFactory (org.apache.logging.log4j.core@2.19.0)
4716:             1             24  org.apache.logging.log4j.core.jmx.ContextSelectorAdmin (org.apache.logging.log4j.core@2.19.0)
4717:             1             24  org.apache.logging.log4j.core.pattern.FormattingInfo (org.apache.logging.log4j.core@2.19.0)
4718:             1             24  org.apache.logging.log4j.core.pattern.IntegerPatternConverter (org.apache.logging.log4j.core@2.19.0)
4719:             1             24  org.apache.logging.log4j.core.pattern.LevelPatternConverter$SimpleLevelPatternConverter (org.apache.logging.log4j.core@2.19.0)
4720:             1             24  org.apache.logging.log4j.core.pattern.LineSeparatorPatternConverter (org.apache.logging.log4j.core@2.19.0)
4721:             1             24  org.apache.logging.log4j.core.pattern.MessagePatternConverter$SimpleMessagePatternConverter (org.apache.logging.log4j.core@2.19.0)
4722:             1             24  org.apache.logging.log4j.core.pattern.NameAbbreviator$MaxElementAbbreviator$Strategy$1 (org.apache.logging.log4j.core@2.19.0)
4723:             1             24  org.apache.logging.log4j.core.pattern.NameAbbreviator$MaxElementAbbreviator$Strategy$2 (org.apache.logging.log4j.core@2.19.0)
4724:             1             24  org.apache.logging.log4j.core.pattern.PatternParser (org.apache.logging.log4j.core@2.19.0)
4725:             1             24  org.apache.logging.log4j.core.pattern.SimpleLiteralPatternConverter$Space (org.apache.logging.log4j.core@2.19.0)
4726:             1             24  org.apache.logging.log4j.core.pattern.ThreadNamePatternConverter (org.apache.logging.log4j.core@2.19.0)
4727:             1             24  org.apache.logging.log4j.core.util.Source (org.apache.logging.log4j.core@2.19.0)
4728:             1             24  org.apache.logging.log4j.core.util.datetime.FastDatePrinter$TextField (org.apache.logging.log4j.core@2.19.0)
4729:             1             24  org.apache.logging.log4j.spi.LoggerRegistry (org.apache.logging.log4j@2.19.0)
4730:             1             24  org.apache.logging.log4j.status.StatusConsoleListener (org.apache.logging.log4j@2.19.0)
4731:             1             24  org.apache.logging.slf4j.Log4jLoggerFactory (org.apache.logging.log4j.slf4j@2.19.0)
4732:             1             24  org.apache.logging.slf4j.SLF4JServiceProvider (org.apache.logging.log4j.slf4j@2.19.0)
4733:             1             24  org.apache.maven.artifact.versioning.ComparableVersion$LongItem (maven.artifact@3.8.5)
4734:             1             24  org.lwjgl.glfw.GLFWErrorCallback$Container (org.lwjgl.glfw@3.3.1+7)
4735:             1             24  org.lwjgl.glfw.GLFWImage (org.lwjgl.glfw@3.3.1+7)
4736:             1             24  org.lwjgl.glfw.GLFWVidMode (org.lwjgl.glfw@3.3.1+7)
4737:             1             24  org.lwjgl.openal.ALC$SharedLibraryAL (org.lwjgl.openal@3.3.1+7)
4738:             1             24  org.lwjgl.opengl.GL$1 (org.lwjgl.opengl@3.3.1+7)
4739:             1             24  org.lwjgl.stb.STBTTPackRange (org.lwjgl.stb@3.3.1+7)
4740:             1             24  org.lwjgl.stb.STBTTPackedchar (org.lwjgl.stb@3.3.1+7)
4741:             1             24  org.openjdk.nashorn.internal.runtime.AccessorProperty$1 (org.openjdk.nashorn)
4742:             1             24  org.openjdk.nashorn.internal.runtime.arrays.ArrayData$UntouchedArrayData (org.openjdk.nashorn)
4743:             1             24  org.openjdk.nashorn.internal.runtime.linker.ClassAndLoader (org.openjdk.nashorn)
4744:             1             24  org.openjdk.nashorn.internal.runtime.linker.JavaAdapterFactory$1 (org.openjdk.nashorn)
4745:             1             24  org.openjdk.nashorn.internal.runtime.linker.JavaAdapterFactory$2 (org.openjdk.nashorn)
4746:             1             24  org.openjdk.nashorn.internal.runtime.linker.NashornBeansLinker$1 (org.openjdk.nashorn)
4747:             1             24  org.openjdk.nashorn.internal.runtime.linker.NashornCallSiteDescriptor$1 (org.openjdk.nashorn)
4748:             1             24  org.openjdk.nashorn.internal.runtime.linker.NashornLinker$1 (org.openjdk.nashorn)
4749:             1             24  org.openjdk.nashorn.internal.runtime.logging.DebugLogger (org.openjdk.nashorn)
4750:             1             24  org.slf4j.helpers.BasicMDCAdapter (org.slf4j@2.0.1)
4751:             1             24  org.slf4j.helpers.BasicMDCAdapter$1 (org.slf4j@2.0.1)
4752:             1             24  org.slf4j.helpers.FormattingTuple (org.slf4j@2.0.1)
4753:             1             24  org.slf4j.helpers.NOP_FallbackServiceProvider (org.slf4j@2.0.1)
4754:             1             24  org.slf4j.helpers.SubstituteLoggerFactory (org.slf4j@2.0.1)
4755:             1             24  org.slf4j.helpers.SubstituteServiceProvider (org.slf4j@2.0.1)
4756:             1             24  org.spongepowered.asm.launch.MixinTransformationService (org.spongepowered.mixin)
4757:             1             24  org.spongepowered.asm.launch.platform.MixinConnectorManager (org.spongepowered.mixin)
4758:             1             24  org.spongepowered.asm.launch.platform.MixinPlatformAgentMinecraftForge (org.spongepowered.mixin)
4759:             1             24  org.spongepowered.asm.launch.platform.container.ContainerHandleModLauncherEx (org.spongepowered.mixin)
4760:             1             24  org.spongepowered.asm.mixin.MixinEnvironment$Side$1 (org.spongepowered.mixin)
4761:             1             24  org.spongepowered.asm.mixin.MixinEnvironment$Side$2 (org.spongepowered.mixin)
4762:             1             24  org.spongepowered.asm.mixin.MixinEnvironment$Side$3 (org.spongepowered.mixin)
4763:             1             24  org.spongepowered.asm.mixin.transformer.MixinClassGenerator (org.spongepowered.mixin)
4764:             1             24  org.spongepowered.asm.mixin.transformer.MixinCoprocessorAccessor (org.spongepowered.mixin)
4765:             1             24  org.spongepowered.asm.mixin.transformer.ext.extensions.ExtensionClassExporter (org.spongepowered.mixin)
4766:             1             24  org.spongepowered.asm.service.MixinService$LogBuffer (org.spongepowered.mixin)
4767:             1             24  org.spongepowered.asm.service.modlauncher.Blackboard (org.spongepowered.mixin)
4768:             1             24  org.spongepowered.asm.service.modlauncher.MixinTransformationHandler (org.spongepowered.mixin)
4769:             1             24  org.spongepowered.asm.service.modlauncher.ModLauncherAuditTrail (org.spongepowered.mixin)
4770:             1             24  org.spongepowered.asm.service.modlauncher.ModLauncherClassTracker (org.spongepowered.mixin)
4771:             1             24  org.spongepowered.asm.util.ReEntranceLock (org.spongepowered.mixin)
4772:             1             24  org.spongepowered.asm.util.VersionNumber (org.spongepowered.mixin)
4773:             1             24  sun.management.CompilationImpl (java.management@17.0.15)
4774:             1             24  sun.management.ManagementFactoryHelper$LoggingMXBeanAccess (java.management@17.0.15)
4775:             1             24  sun.management.ManagementFactoryHelper$PlatformLoggingImpl (java.management@17.0.15)
4776:             1             24  sun.management.MemoryImpl (java.management@17.0.15)
4777:             1             24  sun.management.RuntimeImpl (java.management@17.0.15)
4778:             1             24  sun.management.VMManagementImpl (java.management@17.0.15)
4779:             1             24  sun.net.ProgressMonitor (java.base@17.0.15)
4780:             1             24  sun.net.sdp.SdpProvider (java.base@17.0.15)
4781:             1             24  sun.net.www.http.KeepAliveEntry (java.base@17.0.15)
4782:             1             24  sun.net.www.protocol.http.Handler (java.base@17.0.15)
4783:             1             24  sun.nio.cs.ISO_8859_1 (java.base@17.0.15)
4784:             1             24  sun.nio.cs.StandardCharsets (java.base@17.0.15)
4785:             1             24  sun.nio.cs.US_ASCII (java.base@17.0.15)
4786:             1             24  sun.nio.cs.UTF_16 (java.base@17.0.15)
4787:             1             24  sun.nio.cs.UTF_16BE (java.base@17.0.15)
4788:             1             24  sun.nio.cs.UTF_16LE (java.base@17.0.15)
4789:             1             24  sun.nio.cs.UTF_8 (java.base@17.0.15)
4790:             1             24  sun.reflect.generics.reflectiveObjects.WildcardTypeImpl (java.base@17.0.15)
4791:             1             24  sun.security.ec.point.ProjectivePoint$Immutable (jdk.crypto.ec@17.0.15)
4792:             1             24  sun.security.ssl.EphemeralKeyManager (java.base@17.0.15)
4793:             1             24  sun.security.ssl.HandshakeHash (java.base@17.0.15)
4794:             1             24  sun.security.ssl.SSLSocketImpl$AppOutputStream (java.base@17.0.15)
4795:             1             24  sun.security.ssl.SunX509KeyManagerImpl (java.base@17.0.15)
4796:             1             24  sun.security.validator.CADistrustPolicy$1 (java.base@17.0.15)
4797:             1             24  sun.security.validator.CADistrustPolicy$2 (java.base@17.0.15)
4798:             1             24  sun.security.validator.CADistrustPolicy$3 (java.base@17.0.15)
4799:             1             24  sun.security.validator.EndEntityChecker (java.base@17.0.15)
4800:             1             24  sun.util.cldr.CLDRCalendarDataProviderImpl (java.base@17.0.15)
4801:             1             24  sun.util.cldr.CLDRCalendarNameProviderImpl (java.base@17.0.15)
4802:             1             24  sun.util.locale.BaseLocale$Cache (java.base@17.0.15)
4803:             1             24  sun.util.locale.provider.CalendarNameProviderImpl (java.base@17.0.15)
4804:             1             24  sun.util.locale.provider.CalendarProviderImpl (java.base@17.0.15)
4805:             1             24  sun.util.locale.provider.DateFormatSymbolsProviderImpl (java.base@17.0.15)
4806:             1             24  sun.util.locale.provider.DecimalFormatSymbolsProviderImpl (java.base@17.0.15)
4807:             1             24  sun.util.locale.provider.NumberFormatProviderImpl (java.base@17.0.15)
4808:             1             16  [Lcpw.mods.modlauncher.api.NamedPath; (cpw.mods.modlauncher@10.0.9)
4809:             1             16  [Lio.netty.util.AsciiString; (io.netty.common@4.1.82.Final)
4810:             1             16  [Ljava.lang.ClassLoader; (java.base@17.0.15)
4811:             1             16  [Ljava.lang.Double; (java.base@17.0.15)
4812:             1             16  [Ljava.lang.Float; (java.base@17.0.15)
4813:             1             16  [Ljava.lang.constant.Constable; (java.base@17.0.15)
4814:             1             16  [Ljava.nio.file.attribute.FileAttribute; (java.base@17.0.15)
4815:             1             16  [Ljava.security.Provider; (java.base@17.0.15)
4816:             1             16  [Ljava.text.FieldPosition; (java.base@17.0.15)
4817:             1             16  [Ljava.util.logging.Handler; (java.logging@17.0.15)
4818:             1             16  [Ljavax.security.cert.X509Certificate; (java.base@17.0.15)
4819:             1             16  [Lorg.apache.commons.lang3.tuple.ImmutablePair; (org.apache.commons.lang3@3.12.0)
4820:             1             16  [Lorg.apache.commons.lang3.tuple.ImmutableTriple; (org.apache.commons.lang3@3.12.0)
4821:             1             16  [Lorg.apache.commons.lang3.tuple.Pair$PairAdapter; (org.apache.commons.lang3@3.12.0)
4822:             1             16  [Lorg.apache.commons.lang3.tuple.Triple$TripleAdapter; (org.apache.commons.lang3@3.12.0)
4823:             1             16  [Lorg.apache.logging.log4j.core.Appender; (org.apache.logging.log4j.core@2.19.0)
4824:             1             16  [Lorg.apache.logging.log4j.core.impl.ExtendedStackTraceElement; (org.apache.logging.log4j.core@2.19.0)
4825:             1             16  [Lorg.apache.logging.log4j.core.impl.ThrowableProxy; (org.apache.logging.log4j.core@2.19.0)
4826:             1             16  [Lorg.apache.logging.log4j.spi.LoggerContext; (org.apache.logging.log4j@2.19.0)
4827:             1             16  [Lorg.openjdk.nashorn.internal.ir.Expression; (org.openjdk.nashorn)
4828:             1             16  com.bawnorton.mixinsquared.MixinSquaredBootstrap$$Lambda$1002/0x000000010054c8f8 (MixinSquared.beta._1@0.3.6-beta.1)
4829:             1             16  com.bawnorton.mixinsquared.MixinSquaredBootstrap$$Lambda$998/0x0000000100547d68 (MixinSquared.beta._1@0.3.6-beta.1)
4830:             1             16  com.bawnorton.mixinsquared.adjuster.ExtensionAnnotationAdjust (MixinSquared.beta._1@0.3.6-beta.1)
4831:             1             16  com.bawnorton.mixinsquared.canceller.ExtensionCancelApplication (MixinSquared.beta._1@0.3.6-beta.1)
4832:             1             16  com.bawnorton.mixinsquared.platform.forge.MixinSquaredApiImplLoader$$Lambda$996/0x0000000100547048 (mixinsquared@0.3.6-beta.1)
4833:             1             16  com.bawnorton.mixinsquared.platform.forge.MixinSquaredApiImplLoader$$Lambda$997/0x0000000100547928 (mixinsquared@0.3.6-beta.1)
4834:             1             16  com.bawnorton.mixinsquared.platform.forge.MixinSquaredMixinConfigPlugin (mixinsquared@0.3.6-beta.1)
4835:             1             16  com.electronwill.nightconfig.core.AbstractCommentedConfig$$Lambda$405/0x0000000100314430 (com.electronwill.nightconfig.core@3.6.4)
4836:             1             16  com.electronwill.nightconfig.core.AbstractCommentedConfig$$Lambda$406/0x0000000100314670 (com.electronwill.nightconfig.core@3.6.4)
4837:             1             16  com.electronwill.nightconfig.core.Config$$Lambda$379/0x00000001003028a8 (com.electronwill.nightconfig.core@3.6.4)
4838:             1             16  com.electronwill.nightconfig.core.Config$$Lambda$5656/0x0000000100e22080 (com.electronwill.nightconfig.core@3.6.4)
4839:             1             16  com.electronwill.nightconfig.core.ConfigSpec (com.electronwill.nightconfig.core@3.6.4)
4840:             1             16  com.electronwill.nightconfig.core.ConfigSpec$$Lambda$385/0x00000001003058e0 (com.electronwill.nightconfig.core@3.6.4)
4841:             1             16  com.electronwill.nightconfig.core.InMemoryCommentedFormat$$Lambda$380/0x0000000100306000 (com.electronwill.nightconfig.core@3.6.4)
4842:             1             16  com.electronwill.nightconfig.core.InMemoryFormat$$Lambda$377/0x0000000100302408 (com.electronwill.nightconfig.core@3.6.4)
4843:             1             16  com.electronwill.nightconfig.core.InMemoryFormat$$Lambda$378/0x0000000100302658 (com.electronwill.nightconfig.core@3.6.4)
4844:             1             16  com.electronwill.nightconfig.core.NullObject (com.electronwill.nightconfig.core@3.6.4)
4845:             1             16  com.electronwill.nightconfig.core.file.FileNotFoundAction$$Lambda$396/0x000000010030abb8 (com.electronwill.nightconfig.core@3.6.4)
4846:             1             16  com.electronwill.nightconfig.core.file.FileNotFoundAction$$Lambda$397/0x000000010030add8 (com.electronwill.nightconfig.core@3.6.4)
4847:             1             16  com.electronwill.nightconfig.core.file.FileNotFoundAction$$Lambda$398/0x000000010030aff8 (com.electronwill.nightconfig.core@3.6.4)
4848:             1             16  com.electronwill.nightconfig.core.file.FileNotFoundAction$$Lambda$403/0x000000010030f2c0 (com.electronwill.nightconfig.core@3.6.4)
4849:             1             16  com.electronwill.nightconfig.core.file.FormatDetector$$Lambda$386/0x0000000100308000 (com.electronwill.nightconfig.core@3.6.4)
4850:             1             16  com.electronwill.nightconfig.core.io.ParsingMode$$Lambda$387/0x0000000100309040 (com.electronwill.nightconfig.core@3.6.4)
4851:             1             16  com.electronwill.nightconfig.core.io.ParsingMode$$Lambda$388/0x0000000100309470 (com.electronwill.nightconfig.core@3.6.4)
4852:             1             16  com.electronwill.nightconfig.core.io.ParsingMode$$Lambda$389/0x00000001003098a0 (com.electronwill.nightconfig.core@3.6.4)
4853:             1             16  com.electronwill.nightconfig.core.io.ParsingMode$$Lambda$390/0x0000000100309ac0 (com.electronwill.nightconfig.core@3.6.4)
4854:             1             16  com.electronwill.nightconfig.core.io.ParsingMode$$Lambda$391/0x0000000100309cf0 (com.electronwill.nightconfig.core@3.6.4)
4855:             1             16  com.electronwill.nightconfig.core.io.ParsingMode$$Lambda$392/0x0000000100309f20 (com.electronwill.nightconfig.core@3.6.4)
4856:             1             16  com.electronwill.nightconfig.core.io.ParsingMode$$Lambda$393/0x000000010030a140 (com.electronwill.nightconfig.core@3.6.4)
4857:             1             16  com.electronwill.nightconfig.core.io.ParsingMode$$Lambda$394/0x000000010030a370 (com.electronwill.nightconfig.core@3.6.4)
4858:             1             16  com.electronwill.nightconfig.core.io.ParsingMode$$Lambda$395/0x000000010030a5a0 (com.electronwill.nightconfig.core@3.6.4)
4859:             1             16  com.electronwill.nightconfig.toml.TomlFormat (com.electronwill.nightconfig.toml@3.6.4)
4860:             1             16  com.electronwill.nightconfig.toml.TomlWriter$$Lambda$399/0x000000010030b9f0 (com.electronwill.nightconfig.toml@3.6.4)
4861:             1             16  com.electronwill.nightconfig.toml.TomlWriter$$Lambda$400/0x000000010030bc40 (com.electronwill.nightconfig.toml@3.6.4)
4862:             1             16  com.electronwill.nightconfig.toml.TomlWriter$$Lambda$401/0x000000010030e000 (com.electronwill.nightconfig.toml@3.6.4)
4863:             1             16  com.google.common.base.Absent (com.google.common@31.1-jre)
4864:             1             16  com.google.common.base.CharMatcher$AnyOf (com.google.common@31.1-jre)
4865:             1             16  com.google.common.base.CharMatcher$Negated (com.google.common@31.1-jre)
4866:             1             16  com.google.common.base.CharMatcher$None (com.google.common@31.1-jre)
4867:             1             16  com.google.common.base.Equivalence$Equals (com.google.common@31.1-jre)
4868:             1             16  com.google.common.base.Equivalence$Identity (com.google.common@31.1-jre)
4869:             1             16  com.google.common.base.Platform$JdkPatternCompiler (com.google.common@31.1-jre)
4870:             1             16  com.google.common.base.Suppliers$SupplierOfInstance (com.google.common@31.1-jre)
4871:             1             16  com.google.common.base.Ticker$1 (com.google.common@31.1-jre)
4872:             1             16  com.google.common.cache.CacheBuilder$1 (com.google.common@31.1-jre)
4873:             1             16  com.google.common.cache.CacheBuilder$2 (com.google.common@31.1-jre)
4874:             1             16  com.google.common.cache.CacheBuilder$3 (com.google.common@31.1-jre)
4875:             1             16  com.google.common.cache.LocalCache$1 (com.google.common@31.1-jre)
4876:             1             16  com.google.common.cache.LocalCache$2 (com.google.common@31.1-jre)
4877:             1             16  com.google.common.collect.CollectCollectors$$Lambda$1173/0x000000010058b890 (com.google.common@31.1-jre)
4878:             1             16  com.google.common.collect.CollectCollectors$$Lambda$1175/0x000000010058bce8 (com.google.common@31.1-jre)
4879:             1             16  com.google.common.collect.CollectCollectors$$Lambda$1176/0x0000000100594000 (com.google.common@31.1-jre)
4880:             1             16  com.google.common.collect.CollectCollectors$$Lambda$704/0x00000001003bacc0 (com.google.common@31.1-jre)
4881:             1             16  com.google.common.collect.CollectCollectors$$Lambda$705/0x00000001003baee0 (com.google.common@31.1-jre)
4882:             1             16  com.google.common.collect.CollectCollectors$$Lambda$706/0x00000001003bb110 (com.google.common@31.1-jre)
4883:             1             16  com.google.common.collect.CollectCollectors$$Lambda$707/0x00000001003bb358 (com.google.common@31.1-jre)
4884:             1             16  com.google.common.collect.CollectCollectors$$Lambda$708/0x00000001003bc548 (com.google.common@31.1-jre)
4885:             1             16  com.google.common.collect.CollectCollectors$$Lambda$709/0x00000001003bc998 (com.google.common@31.1-jre)
4886:             1             16  com.google.common.collect.CollectCollectors$$Lambda$710/0x00000001003bcbc8 (com.google.common@31.1-jre)
4887:             1             16  com.google.common.collect.CollectCollectors$$Lambda$711/0x00000001003bce10 (com.google.common@31.1-jre)
4888:             1             16  com.google.common.collect.CollectCollectors$$Lambda$712/0x00000001003c0238 (com.google.common@31.1-jre)
4889:             1             16  com.google.common.collect.CollectCollectors$$Lambda$713/0x00000001003c0ae8 (com.google.common@31.1-jre)
4890:             1             16  com.google.common.collect.CollectCollectors$$Lambda$714/0x00000001003c0d18 (com.google.common@31.1-jre)
4891:             1             16  com.google.common.collect.CollectCollectors$$Lambda$715/0x00000001003c0f60 (com.google.common@31.1-jre)
4892:             1             16  com.google.common.collect.CollectCollectors$$Lambda$717/0x00000001003c13d8 (com.google.common@31.1-jre)
4893:             1             16  com.google.common.collect.CollectSpliterators$FlatMapSpliteratorOfObject$$Lambda$4676/0x0000000100c91e90 (com.google.common@31.1-jre)
4894:             1             16  com.google.common.collect.ImmutableMapValues (com.google.common@31.1-jre)
4895:             1             16  com.google.common.collect.MapMakerInternalMap$1 (com.google.common@31.1-jre)
4896:             1             16  com.google.common.collect.MapMakerInternalMap$StrongKeyWeakValueEntry$Helper (com.google.common@31.1-jre)
4897:             1             16  com.google.common.collect.MapMakerInternalMap$WeakKeyDummyValueEntry$Helper (com.google.common@31.1-jre)
4898:             1             16  com.google.common.collect.ReverseNaturalOrdering (com.google.common@31.1-jre)
4899:             1             16  com.google.common.collect.Streams$$Lambda$4675/0x0000000100c91560 (com.google.common@31.1-jre)
4900:             1             16  com.google.common.collect.Tables$1 (com.google.common@31.1-jre)
4901:             1             16  com.google.common.io.Files$2 (com.google.common@31.1-jre)
4902:             1             16  com.google.common.io.MoreFiles$1 (com.google.common@31.1-jre)
4903:             1             16  com.google.gson.Gson$1
4904:             1             16  com.google.gson.Gson$2
4905:             1             16  com.google.gson.Gson$4
4906:             1             16  com.google.gson.Gson$5
4907:             1             16  com.google.gson.JsonNull (com.google.gson@2.10)
4908:             1             16  com.google.gson.JsonNull
4909:             1             16  com.google.gson.internal.ConstructorConstructor$18 (com.google.gson@2.10)
4910:             1             16  com.google.gson.internal.LinkedTreeMap$1 (com.google.gson@2.10)
4911:             1             16  com.google.gson.internal.LinkedTreeMap$1
4912:             1             16  com.google.gson.internal.LinkedTreeMap$EntrySet
4913:             1             16  com.google.gson.internal.LinkedTreeMap$KeySet
4914:             1             16  com.google.gson.internal.bind.ArrayTypeAdapter$1
4915:             1             16  com.google.gson.internal.bind.ArrayTypeAdapter$1 (com.google.gson@2.10)
4916:             1             16  com.google.gson.internal.bind.CollectionTypeAdapterFactory
4917:             1             16  com.google.gson.internal.bind.DateTypeAdapter$1
4918:             1             16  com.google.gson.internal.bind.DateTypeAdapter$1 (com.google.gson@2.10)
4919:             1             16  com.google.gson.internal.bind.DefaultDateTypeAdapter$DateType$1
4920:             1             16  com.google.gson.internal.bind.DefaultDateTypeAdapter$DateType$1 (com.google.gson@2.10)
4921:             1             16  com.google.gson.internal.bind.JsonAdapterAnnotationTypeAdapterFactory
4922:             1             16  com.google.gson.internal.bind.NumberTypeAdapter
4923:             1             16  com.google.gson.internal.bind.NumberTypeAdapter (com.google.gson@2.10)
4924:             1             16  com.google.gson.internal.bind.NumberTypeAdapter$1
4925:             1             16  com.google.gson.internal.bind.NumberTypeAdapter$1 (com.google.gson@2.10)
4926:             1             16  com.google.gson.internal.bind.ObjectTypeAdapter$1
4927:             1             16  com.google.gson.internal.bind.ObjectTypeAdapter$1 (com.google.gson@2.10)
4928:             1             16  com.google.gson.internal.bind.TreeTypeAdapter$GsonContextImpl
4929:             1             16  com.google.gson.internal.bind.TypeAdapters$1
4930:             1             16  com.google.gson.internal.bind.TypeAdapters$1 (com.google.gson@2.10)
4931:             1             16  com.google.gson.internal.bind.TypeAdapters$10
4932:             1             16  com.google.gson.internal.bind.TypeAdapters$10 (com.google.gson@2.10)
4933:             1             16  com.google.gson.internal.bind.TypeAdapters$11
4934:             1             16  com.google.gson.internal.bind.TypeAdapters$11 (com.google.gson@2.10)
4935:             1             16  com.google.gson.internal.bind.TypeAdapters$12
4936:             1             16  com.google.gson.internal.bind.TypeAdapters$12 (com.google.gson@2.10)
4937:             1             16  com.google.gson.internal.bind.TypeAdapters$13
4938:             1             16  com.google.gson.internal.bind.TypeAdapters$13 (com.google.gson@2.10)
4939:             1             16  com.google.gson.internal.bind.TypeAdapters$14
4940:             1             16  com.google.gson.internal.bind.TypeAdapters$14 (com.google.gson@2.10)
4941:             1             16  com.google.gson.internal.bind.TypeAdapters$15
4942:             1             16  com.google.gson.internal.bind.TypeAdapters$15 (com.google.gson@2.10)
4943:             1             16  com.google.gson.internal.bind.TypeAdapters$16
4944:             1             16  com.google.gson.internal.bind.TypeAdapters$16 (com.google.gson@2.10)
4945:             1             16  com.google.gson.internal.bind.TypeAdapters$17
4946:             1             16  com.google.gson.internal.bind.TypeAdapters$17 (com.google.gson@2.10)
4947:             1             16  com.google.gson.internal.bind.TypeAdapters$18
4948:             1             16  com.google.gson.internal.bind.TypeAdapters$18 (com.google.gson@2.10)
4949:             1             16  com.google.gson.internal.bind.TypeAdapters$19
4950:             1             16  com.google.gson.internal.bind.TypeAdapters$19 (com.google.gson@2.10)
4951:             1             16  com.google.gson.internal.bind.TypeAdapters$2
4952:             1             16  com.google.gson.internal.bind.TypeAdapters$2 (com.google.gson@2.10)
4953:             1             16  com.google.gson.internal.bind.TypeAdapters$20
4954:             1             16  com.google.gson.internal.bind.TypeAdapters$20 (com.google.gson@2.10)
4955:             1             16  com.google.gson.internal.bind.TypeAdapters$21
4956:             1             16  com.google.gson.internal.bind.TypeAdapters$21 (com.google.gson@2.10)
4957:             1             16  com.google.gson.internal.bind.TypeAdapters$22
4958:             1             16  com.google.gson.internal.bind.TypeAdapters$22 (com.google.gson@2.10)
4959:             1             16  com.google.gson.internal.bind.TypeAdapters$23
4960:             1             16  com.google.gson.internal.bind.TypeAdapters$23 (com.google.gson@2.10)
4961:             1             16  com.google.gson.internal.bind.TypeAdapters$24
4962:             1             16  com.google.gson.internal.bind.TypeAdapters$24 (com.google.gson@2.10)
4963:             1             16  com.google.gson.internal.bind.TypeAdapters$25
4964:             1             16  com.google.gson.internal.bind.TypeAdapters$25 (com.google.gson@2.10)
4965:             1             16  com.google.gson.internal.bind.TypeAdapters$26
4966:             1             16  com.google.gson.internal.bind.TypeAdapters$26 (com.google.gson@2.10)
4967:             1             16  com.google.gson.internal.bind.TypeAdapters$27
4968:             1             16  com.google.gson.internal.bind.TypeAdapters$27 (com.google.gson@2.10)
4969:             1             16  com.google.gson.internal.bind.TypeAdapters$28
4970:             1             16  com.google.gson.internal.bind.TypeAdapters$28 (com.google.gson@2.10)
4971:             1             16  com.google.gson.internal.bind.TypeAdapters$29
4972:             1             16  com.google.gson.internal.bind.TypeAdapters$29 (com.google.gson@2.10)
4973:             1             16  com.google.gson.internal.bind.TypeAdapters$3
4974:             1             16  com.google.gson.internal.bind.TypeAdapters$3 (com.google.gson@2.10)
4975:             1             16  com.google.gson.internal.bind.TypeAdapters$4
4976:             1             16  com.google.gson.internal.bind.TypeAdapters$4 (com.google.gson@2.10)
4977:             1             16  com.google.gson.internal.bind.TypeAdapters$5
4978:             1             16  com.google.gson.internal.bind.TypeAdapters$5 (com.google.gson@2.10)
4979:             1             16  com.google.gson.internal.bind.TypeAdapters$6
4980:             1             16  com.google.gson.internal.bind.TypeAdapters$6 (com.google.gson@2.10)
4981:             1             16  com.google.gson.internal.bind.TypeAdapters$7
4982:             1             16  com.google.gson.internal.bind.TypeAdapters$7 (com.google.gson@2.10)
4983:             1             16  com.google.gson.internal.bind.TypeAdapters$8
4984:             1             16  com.google.gson.internal.bind.TypeAdapters$8 (com.google.gson@2.10)
4985:             1             16  com.google.gson.internal.bind.TypeAdapters$9
4986:             1             16  com.google.gson.internal.bind.TypeAdapters$9 (com.google.gson@2.10)
4987:             1             16  com.google.gson.internal.sql.SqlDateTypeAdapter$1
4988:             1             16  com.google.gson.internal.sql.SqlDateTypeAdapter$1 (com.google.gson@2.10)
4989:             1             16  com.google.gson.internal.sql.SqlTimeTypeAdapter$1
4990:             1             16  com.google.gson.internal.sql.SqlTimeTypeAdapter$1 (com.google.gson@2.10)
4991:             1             16  com.google.gson.internal.sql.SqlTimestampTypeAdapter$1
4992:             1             16  com.google.gson.internal.sql.SqlTimestampTypeAdapter$1 (com.google.gson@2.10)
4993:             1             16  com.google.gson.internal.sql.SqlTypesSupport$1
4994:             1             16  com.google.gson.internal.sql.SqlTypesSupport$1 (com.google.gson@2.10)
4995:             1             16  com.google.gson.internal.sql.SqlTypesSupport$2
4996:             1             16  com.google.gson.internal.sql.SqlTypesSupport$2 (com.google.gson@2.10)
4997:             1             16  com.google.gson.stream.JsonReader$1
4998:             1             16  com.google.gson.stream.JsonReader$1 (com.google.gson@2.10)
4999:             1             16  com.ibm.icu.impl.Trie2$1 (com.ibm.icu@71.1)
5000:             1             16  com.llamalad7.mixinextras.expression.impl.point.ExpressionSliceMarkerTransformer (MixinExtras@0.5.3)
5001:             1             16  com.llamalad7.mixinextras.expression.impl.wrapper.ExpressionInjectorWrapperTransformer (MixinExtras@0.5.3)
5002:             1             16  com.llamalad7.mixinextras.injector.LateInjectionApplicatorExtension (MixinExtras@0.5.3)
5003:             1             16  com.llamalad7.mixinextras.injector.wrapmethod.WrapMethodApplicatorExtension (MixinExtras@0.5.3)
5004:             1             16  com.llamalad7.mixinextras.lib.semver.Version$$Lambda$986/0x0000000100529b08 (MixinExtras@0.5.3)
5005:             1             16  com.llamalad7.mixinextras.lib.semver.Version$$Lambda$987/0x000000010052a000 (MixinExtras@0.5.3)
5006:             1             16  com.llamalad7.mixinextras.platform.forge.MixinExtrasConfigPlugin (mixinextras@0.5.3)
5007:             1             16  com.llamalad7.mixinextras.service.MixinExtrasServiceImpl$$Lambda$988/0x0000000100536080 (MixinExtras@0.5.3)
5008:             1             16  com.llamalad7.mixinextras.sugar.impl.SugarMixinTransformer (MixinExtras@0.5.3)
5009:             1             16  com.llamalad7.mixinextras.sugar.impl.SugarPostProcessingExtension (MixinExtras@0.5.3)
5010:             1             16  com.llamalad7.mixinextras.utils.MixinExtrasLogger$$Lambda$983/0x0000000100528d68 (MixinExtras@0.5.3)
5011:             1             16  com.llamalad7.mixinextras.utils.MixinInternals$$Lambda$991/0x0000000100537148 (MixinExtras@0.5.3)
5012:             1             16  com.llamalad7.mixinextras.wrapper.factory.FactoryRedirectWrapperMixinTransformer (MixinExtras@0.5.3)
5013:             1             16  com.mojang.authlib.GameProfile$Serializer (authlib@4.0.43)
5014:             1             16  com.mojang.authlib.minecraft.TelemetrySession$1 (authlib@4.0.43)
5015:             1             16  com.mojang.authlib.minecraft.UserApiService$1 (authlib@4.0.43)
5016:             1             16  com.mojang.authlib.minecraft.client.ObjectMapper (authlib@4.0.43)
5017:             1             16  com.mojang.authlib.yggdrasil.ServicesKeySet$$Lambda$4366/0x0000000100be7a08 (authlib@4.0.43)
5018:             1             16  com.mojang.authlib.yggdrasil.ServicesKeySet$$Lambda$4369/0x0000000100be8228 (authlib@4.0.43)
5019:             1             16  com.mojang.authlib.yggdrasil.YggdrasilEnvironment$$Lambda$4365/0x0000000100be5d70 (authlib@4.0.43)
5020:             1             16  com.mojang.authlib.yggdrasil.YggdrasilMinecraftSessionService$1 (authlib@4.0.43)
5021:             1             16  com.mojang.authlib.yggdrasil.YggdrasilServicesKeyInfo$$Lambda$4591/0x0000000100c86d48 (authlib@4.0.43)
5022:             1             16  com.mojang.authlib.yggdrasil.response.ProfileSearchResultsResponse$Serializer (authlib@4.0.43)
5023:             1             16  com.mojang.blaze3d.audio.Library$1 (minecraft@1.20.1)
5024:             1             16  com.mojang.blaze3d.font.SpaceProvider (minecraft@1.20.1)
5025:             1             16  com.mojang.blaze3d.font.SpaceProvider$Definition$$Lambda$5287/0x0000000100ddf848 (minecraft@1.20.1)
5026:             1             16  com.mojang.blaze3d.font.SpaceProvider$Definition$$Lambda$5289/0x0000000100ddfcd0 (minecraft@1.20.1)
5027:             1             16  com.mojang.blaze3d.font.SpaceProvider$Definition$$Lambda$5290/0x0000000100ddd000 (minecraft@1.20.1)
5028:             1             16  com.mojang.blaze3d.pipeline.RenderTarget$$Lambda$4612/0x0000000100c8ba20 (minecraft@1.20.1)
5029:             1             16  com.mojang.blaze3d.platform.ClipboardManager (minecraft@1.20.1)
5030:             1             16  com.mojang.blaze3d.platform.DebugMemoryUntracker$$Lambda$4609/0x0000000100c89710 (minecraft@1.20.1)
5031:             1             16  com.mojang.blaze3d.platform.GLX$$Lambda$4565/0x0000000100c1e938 (minecraft@1.20.1)
5032:             1             16  com.mojang.blaze3d.platform.GLX$$Lambda$4567/0x0000000100c1f280 (minecraft@1.20.1)
5033:             1             16  com.mojang.blaze3d.platform.GlDebug$$Lambda$4607/0x0000000100c89050 (minecraft@1.20.1)
5034:             1             16  com.mojang.blaze3d.platform.GlDebug$$Lambda$4608/0x0000000100c894e0 (minecraft@1.20.1)
5035:             1             16  com.mojang.blaze3d.platform.GlStateManager$$Lambda$4610/0x0000000100c8afd8 (minecraft@1.20.1)
5036:             1             16  com.mojang.blaze3d.platform.GlStateManager$$Lambda$4611/0x0000000100c8b3f0 (minecraft@1.20.1)
5037:             1             16  com.mojang.blaze3d.platform.GlStateManager$ColorMask (minecraft@1.20.1)
5038:             1             16  com.mojang.blaze3d.platform.GlStateManager$ScissorState (minecraft@1.20.1)
5039:             1             16  com.mojang.blaze3d.platform.InputConstants$Type$$Lambda$4478/0x0000000100c091a8 (minecraft@1.20.1)
5040:             1             16  com.mojang.blaze3d.platform.InputConstants$Type$$Lambda$4479/0x0000000100c093d8 (minecraft@1.20.1)
5041:             1             16  com.mojang.blaze3d.platform.InputConstants$Type$$Lambda$4480/0x0000000100c09608 (minecraft@1.20.1)
5042:             1             16  com.mojang.blaze3d.platform.ScreenManager$$Lambda$4571/0x0000000100c24220 (minecraft@1.20.1)
5043:             1             16  com.mojang.blaze3d.platform.Window$$Lambda$4573/0x0000000100c25340 (minecraft@1.20.1)
5044:             1             16  com.mojang.blaze3d.platform.Window$$Lambda$4574/0x0000000100c255d0 (minecraft@1.20.1)
5045:             1             16  com.mojang.blaze3d.platform.Window$$Lambda$4599/0x0000000100c269d8 (minecraft@1.20.1)
5046:             1             16  com.mojang.blaze3d.platform.Window$$Lambda$4600/0x0000000100c26c68 (minecraft@1.20.1)
5047:             1             16  com.mojang.blaze3d.platform.Window$$Lambda$4601/0x0000000100c26ef8 (minecraft@1.20.1)
5048:             1             16  com.mojang.blaze3d.platform.Window$$Lambda$4602/0x0000000100c27188 (minecraft@1.20.1)
5049:             1             16  com.mojang.blaze3d.platform.Window$$Lambda$4603/0x0000000100c27418 (minecraft@1.20.1)
5050:             1             16  com.mojang.blaze3d.platform.Window$$Lambda$4606/0x0000000100c80c00 (minecraft@1.20.1)
5051:             1             16  com.mojang.blaze3d.shaders.EffectProgram$1 (minecraft@1.20.1)
5052:             1             16  com.mojang.blaze3d.systems.RenderSystem$$Lambda$4339/0x0000000100bb8e70 (minecraft@1.20.1)
5053:             1             16  com.mojang.blaze3d.systems.RenderSystem$$Lambda$4340/0x0000000100bb94d0 (minecraft@1.20.1)
5054:             1             16  com.mojang.blaze3d.systems.RenderSystem$$Lambda$4341/0x0000000100bb96f0 (minecraft@1.20.1)
5055:             1             16  com.mojang.blaze3d.systems.RenderSystem$$Lambda$4568/0x0000000100c1f4a0 (minecraft@1.20.1)
5056:             1             16  com.mojang.blaze3d.vertex.PoseStack (minecraft@1.20.1)
5057:             1             16  com.mojang.blaze3d.vertex.PoseStack$$Lambda$4345/0x0000000100bba808 (minecraft@1.20.1)
5058:             1             16  com.mojang.blaze3d.vertex.VertexFormatElement$Usage$$Lambda$4846/0x0000000100d19760 (minecraft@1.20.1)
5059:             1             16  com.mojang.blaze3d.vertex.VertexFormatElement$Usage$$Lambda$4847/0x0000000100d19b80 (minecraft@1.20.1)
5060:             1             16  com.mojang.blaze3d.vertex.VertexFormatElement$Usage$$Lambda$4848/0x0000000100d19da0 (minecraft@1.20.1)
5061:             1             16  com.mojang.blaze3d.vertex.VertexFormatElement$Usage$$Lambda$4849/0x0000000100d19fc0 (minecraft@1.20.1)
5062:             1             16  com.mojang.blaze3d.vertex.VertexFormatElement$Usage$$Lambda$4850/0x0000000100d1a1e0 (minecraft@1.20.1)
5063:             1             16  com.mojang.blaze3d.vertex.VertexFormatElement$Usage$$Lambda$4851/0x0000000100d1a400 (minecraft@1.20.1)
5064:             1             16  com.mojang.blaze3d.vertex.VertexFormatElement$Usage$$Lambda$4852/0x0000000100d1a620 (minecraft@1.20.1)
5065:             1             16  com.mojang.blaze3d.vertex.VertexFormatElement$Usage$$Lambda$4853/0x0000000100d1a840 (minecraft@1.20.1)
5066:             1             16  com.mojang.blaze3d.vertex.VertexFormatElement$Usage$$Lambda$4854/0x0000000100d1aa60 (minecraft@1.20.1)
5067:             1             16  com.mojang.blaze3d.vertex.VertexFormatElement$Usage$$Lambda$4855/0x0000000100d1ac80 (minecraft@1.20.1)
5068:             1             16  com.mojang.blaze3d.vertex.VertexFormatElement$Usage$$Lambda$4856/0x0000000100d1aea0 (minecraft@1.20.1)
5069:             1             16  com.mojang.blaze3d.vertex.VertexFormatElement$Usage$$Lambda$4857/0x0000000100d1b0c0 (minecraft@1.20.1)
5070:             1             16  com.mojang.blaze3d.vertex.VertexSorting$$Lambda$4342/0x0000000100bb9d10 (minecraft@1.20.1)
5071:             1             16  com.mojang.blaze3d.vertex.VertexSorting$$Lambda$4344/0x0000000100bba160 (minecraft@1.20.1)
5072:             1             16  com.mojang.brigadier.exceptions.BuiltInExceptions$$Lambda$1135/0x000000010058ecc8 (brigadier@1.1.8)
5073:             1             16  com.mojang.brigadier.exceptions.BuiltInExceptions$$Lambda$1136/0x000000010058eee8 (brigadier@1.1.8)
5074:             1             16  com.mojang.brigadier.exceptions.BuiltInExceptions$$Lambda$1137/0x000000010058f108 (brigadier@1.1.8)
5075:             1             16  com.mojang.brigadier.exceptions.BuiltInExceptions$$Lambda$1138/0x000000010058f328 (brigadier@1.1.8)
5076:             1             16  com.mojang.brigadier.exceptions.BuiltInExceptions$$Lambda$1139/0x000000010058f548 (brigadier@1.1.8)
5077:             1             16  com.mojang.brigadier.exceptions.BuiltInExceptions$$Lambda$1140/0x000000010058f768 (brigadier@1.1.8)
5078:             1             16  com.mojang.brigadier.exceptions.BuiltInExceptions$$Lambda$1141/0x000000010058f988 (brigadier@1.1.8)
5079:             1             16  com.mojang.brigadier.exceptions.BuiltInExceptions$$Lambda$1142/0x000000010058fba8 (brigadier@1.1.8)
5080:             1             16  com.mojang.brigadier.exceptions.BuiltInExceptions$$Lambda$1143/0x000000010058a000 (brigadier@1.1.8)
5081:             1             16  com.mojang.brigadier.exceptions.BuiltInExceptions$$Lambda$1144/0x000000010058a690 (brigadier@1.1.8)
5082:             1             16  com.mojang.brigadier.exceptions.BuiltInExceptions$$Lambda$1145/0x000000010058a8d0 (brigadier@1.1.8)
5083:             1             16  com.mojang.brigadier.exceptions.BuiltInExceptions$$Lambda$1146/0x000000010058ab10 (brigadier@1.1.8)
5084:             1             16  com.mojang.brigadier.exceptions.BuiltInExceptions$$Lambda$1147/0x000000010058ad50 (brigadier@1.1.8)
5085:             1             16  com.mojang.brigadier.exceptions.BuiltInExceptions$$Lambda$1148/0x000000010058af90 (brigadier@1.1.8)
5086:             1             16  com.mojang.brigadier.exceptions.BuiltInExceptions$$Lambda$1149/0x000000010058b1d0 (brigadier@1.1.8)
5087:             1             16  com.mojang.brigadier.exceptions.BuiltInExceptions$$Lambda$1150/0x000000010058b410 (brigadier@1.1.8)
5088:             1             16  com.mojang.brigadier.exceptions.BuiltInExceptions$$Lambda$1151/0x000000010058b650 (brigadier@1.1.8)
5089:             1             16  com.mojang.datafixers.DSL$$Lambda$1850/0x0000000100824200 (datafixerupper@6.0.8)
5090:             1             16  com.mojang.datafixers.DSL$$Lambda$2001/0x0000000100856890 (datafixerupper@6.0.8)
5091:             1             16  com.mojang.datafixers.DataFix$$Lambda$2244/0x0000000100894470 (datafixerupper@6.0.8)
5092:             1             16  com.mojang.datafixers.DataFixUtils$$Lambda$2206/0x0000000100887c08 (datafixerupper@6.0.8)
5093:             1             16  com.mojang.datafixers.DataFixUtils$$Lambda$2208/0x000000010088c240 (datafixerupper@6.0.8)
5094:             1             16  com.mojang.datafixers.DataFixerBuilder$$Lambda$2196/0x0000000100885248 (datafixerupper@6.0.8)
5095:             1             16  com.mojang.datafixers.DataFixerBuilder$$Lambda$2198/0x00000001008856b0 (datafixerupper@6.0.8)
5096:             1             16  com.mojang.datafixers.DataFixerBuilder$$Lambda$2201/0x0000000100886758 (datafixerupper@6.0.8)
5097:             1             16  com.mojang.datafixers.DataFixerUpper$$Lambda$1861/0x000000010082d800 (datafixerupper@6.0.8)
5098:             1             16  com.mojang.datafixers.View$$Lambda$2362/0x0000000100897db0 (datafixerupper@6.0.8)
5099:             1             16  com.mojang.datafixers.functions.PointFreeRule$CompRewrite$$Lambda$1862/0x0000000100831cf0 (datafixerupper@6.0.8)
5100:             1             16  com.mojang.datafixers.functions.PointFreeRule$CompRewrite$$Lambda$2367/0x00000001008c4668 (datafixerupper@6.0.8)
5101:             1             16  com.mojang.datafixers.functions.PointFreeRule$Seq (datafixerupper@6.0.8)
5102:             1             16  com.mojang.datafixers.kinds.Applicative$$Lambda$1192/0x00000001005960e0 (datafixerupper@6.0.8)
5103:             1             16  com.mojang.datafixers.kinds.Applicative$$Lambda$2783/0x0000000100a0b8e0 (datafixerupper@6.0.8)
5104:             1             16  com.mojang.datafixers.kinds.Applicative$$Lambda$2977/0x0000000100a66000 (datafixerupper@6.0.8)
5105:             1             16  com.mojang.datafixers.kinds.Applicative$$Lambda$2978/0x0000000100a66240 (datafixerupper@6.0.8)
5106:             1             16  com.mojang.datafixers.kinds.Applicative$$Lambda$3084/0x0000000100a66890 (datafixerupper@6.0.8)
5107:             1             16  com.mojang.datafixers.kinds.Applicative$$Lambda$3133/0x0000000100a66ee0 (datafixerupper@6.0.8)
5108:             1             16  com.mojang.datafixers.kinds.Applicative$$Lambda$3258/0x0000000100a67530 (datafixerupper@6.0.8)
5109:             1             16  com.mojang.datafixers.kinds.Applicative$$Lambda$3422/0x0000000100ac1200 (datafixerupper@6.0.8)
5110:             1             16  com.mojang.datafixers.kinds.Applicative$$Lambda$3434/0x0000000100ac1850 (datafixerupper@6.0.8)
5111:             1             16  com.mojang.datafixers.kinds.Applicative$$Lambda$3900/0x0000000100af75c0 (datafixerupper@6.0.8)
5112:             1             16  com.mojang.datafixers.kinds.Applicative$$Lambda$5378/0x0000000100df4248 (datafixerupper@6.0.8)
5113:             1             16  com.mojang.datafixers.schemas.Schema$$Lambda$1807/0x0000000100819c10 (datafixerupper@6.0.8)
5114:             1             16  com.mojang.datafixers.schemas.Schema$$Lambda$1855/0x00000001008276f0 (datafixerupper@6.0.8)
5115:             1             16  com.mojang.datafixers.schemas.Schema$$Lambda$2210/0x000000010088c6c0 (datafixerupper@6.0.8)
5116:             1             16  com.mojang.datafixers.schemas.Schema$$Lambda$2212/0x000000010088cb00 (datafixerupper@6.0.8)
5117:             1             16  com.mojang.datafixers.types.Type$$Lambda$2359/0x00000001008972a8 (datafixerupper@6.0.8)
5118:             1             16  com.mojang.datafixers.types.templates.Hook$HookFunction$1 (datafixerupper@6.0.8)
5119:             1             16  com.mojang.datafixers.types.templates.TaggedChoice$$Lambda$1853/0x0000000100826df8 (datafixerupper@6.0.8)
5120:             1             16  com.mojang.datafixers.util.Either$$Lambda$5369/0x0000000100def498 (datafixerupper@6.0.8)
5121:             1             16  com.mojang.datafixers.util.Pair$$Lambda$1851/0x0000000100824440 (datafixerupper@6.0.8)
5122:             1             16  com.mojang.datafixers.util.Pair$$Lambda$1852/0x0000000100824680 (datafixerupper@6.0.8)
5123:             1             16  com.mojang.logging.LogQueues$$Lambda$287/0x000000010028ac90 (logging@1.1.1)
5124:             1             16  com.mojang.math.OctahedralGroup$$Lambda$5555/0x0000000100e1ec00 (minecraft@1.20.1)
5125:             1             16  com.mojang.math.OctahedralGroup$$Lambda$5556/0x0000000100e1ee30 (minecraft@1.20.1)
5126:             1             16  com.mojang.math.OctahedralGroup$$Lambda$5557/0x0000000100e1f070 (minecraft@1.20.1)
5127:             1             16  com.mojang.math.OctahedralGroup$$Lambda$5558/0x0000000100e1f2b0 (minecraft@1.20.1)
5128:             1             16  com.mojang.math.OctahedralGroup$$Lambda$5559/0x0000000100e1f4f0 (minecraft@1.20.1)
5129:             1             16  com.mojang.math.SymmetricGroup3$$Lambda$5553/0x0000000100e1e190 (minecraft@1.20.1)
5130:             1             16  com.mojang.math.Transformation$$Lambda$5561/0x0000000100e1f968 (minecraft@1.20.1)
5131:             1             16  com.mojang.math.Transformation$$Lambda$5562/0x0000000100e1fba8 (minecraft@1.20.1)
5132:             1             16  com.mojang.math.Transformation$$Lambda$5563/0x0000000100e24000 (minecraft@1.20.1)
5133:             1             16  com.mojang.math.Transformation$$Lambda$5564/0x0000000100e24240 (minecraft@1.20.1)
5134:             1             16  com.mojang.math.Transformation$$Lambda$5565/0x0000000100e24480 (minecraft@1.20.1)
5135:             1             16  com.mojang.math.Transformation$$Lambda$5566/0x0000000100e246c0 (minecraft@1.20.1)
5136:             1             16  com.mojang.math.Transformation$$Lambda$5567/0x0000000100e24910 (minecraft@1.20.1)
5137:             1             16  com.mojang.math.Transformation$$Lambda$5568/0x0000000100e24b50 (minecraft@1.20.1)
5138:             1             16  com.mojang.math.Transformation$$Lambda$5569/0x0000000100e24d90 (minecraft@1.20.1)
5139:             1             16  com.mojang.math.Transformation$$Lambda$5570/0x0000000100e24fd0 (minecraft@1.20.1)
5140:             1             16  com.mojang.math.Transformation$$Lambda$5571/0x0000000100e25210 (minecraft@1.20.1)
5141:             1             16  com.mojang.realmsclient.RealmsMainScreen$$Lambda$5692/0x0000000100e485a8 (minecraft@1.20.1)
5142:             1             16  com.mojang.realmsclient.RealmsMainScreen$$Lambda$5693/0x0000000100e487f8 (minecraft@1.20.1)
5143:             1             16  com.mojang.realmsclient.client.RealmsClient$$Lambda$5110/0x0000000100da0868 (minecraft@1.20.1)
5144:             1             16  com.mojang.realmsclient.client.RealmsClient$$Lambda$5111/0x0000000100da0a88 (minecraft@1.20.1)
5145:             1             16  com.mojang.realmsclient.client.RealmsClient$$Lambda$5112/0x0000000100da0cc8 (minecraft@1.20.1)
5146:             1             16  com.mojang.realmsclient.gui.RealmsDataFetcher$$Lambda$5113/0x0000000100da1b80 (minecraft@1.20.1)
5147:             1             16  com.mojang.realmsclient.gui.RealmsDataFetcher$$Lambda$5114/0x0000000100da2820 (minecraft@1.20.1)
5148:             1             16  com.mojang.realmsclient.gui.RealmsDataFetcher$$Lambda$5115/0x0000000100da2a48 (minecraft@1.20.1)
5149:             1             16  com.mojang.realmsclient.gui.RealmsDataFetcher$$Lambda$5116/0x0000000100da2ea8 (minecraft@1.20.1)
5150:             1             16  com.mojang.realmsclient.gui.RealmsDataFetcher$$Lambda$5117/0x0000000100da32e0 (minecraft@1.20.1)
5151:             1             16  com.mojang.realmsclient.gui.RealmsDataFetcher$$Lambda$5118/0x0000000100da3508 (minecraft@1.20.1)
5152:             1             16  com.mojang.realmsclient.gui.task.RepeatedDelayStrategy$1 (minecraft@1.20.1)
5153:             1             16  com.mojang.realmsclient.util.RealmsPersistence (minecraft@1.20.1)
5154:             1             16  com.mojang.serialization.Codec$$Lambda$1477/0x0000000100719f30 (datafixerupper@6.0.8)
5155:             1             16  com.mojang.serialization.Codec$$Lambda$1478/0x000000010071a170 (datafixerupper@6.0.8)
5156:             1             16  com.mojang.serialization.Codec$10 (datafixerupper@6.0.8)
5157:             1             16  com.mojang.serialization.Codec$11 (datafixerupper@6.0.8)
5158:             1             16  com.mojang.serialization.Codec$12 (datafixerupper@6.0.8)
5159:             1             16  com.mojang.serialization.Codec$12$$Lambda$4551/0x0000000100c18b58 (datafixerupper@6.0.8)
5160:             1             16  com.mojang.serialization.Codec$13 (datafixerupper@6.0.8)
5161:             1             16  com.mojang.serialization.Codec$13$$Lambda$5535/0x0000000100e0d998 (datafixerupper@6.0.8)
5162:             1             16  com.mojang.serialization.Codec$14 (datafixerupper@6.0.8)
5163:             1             16  com.mojang.serialization.Codec$14$$Lambda$5358/0x0000000100dedc00 (datafixerupper@6.0.8)
5164:             1             16  com.mojang.serialization.Codec$15 (datafixerupper@6.0.8)
5165:             1             16  com.mojang.serialization.Codec$15$$Lambda$4542/0x0000000100c11c00 (datafixerupper@6.0.8)
5166:             1             16  com.mojang.serialization.Codec$16 (datafixerupper@6.0.8)
5167:             1             16  com.mojang.serialization.Codec$17 (datafixerupper@6.0.8)
5168:             1             16  com.mojang.serialization.Codec$18 (datafixerupper@6.0.8)
5169:             1             16  com.mojang.serialization.Codec$19 (datafixerupper@6.0.8)
5170:             1             16  com.mojang.serialization.Codec$20 (datafixerupper@6.0.8)
5171:             1             16  com.mojang.serialization.Codec$9 (datafixerupper@6.0.8)
5172:             1             16  com.mojang.serialization.DataResult$$Lambda$5456/0x0000000100dfeb38 (datafixerupper@6.0.8)
5173:             1             16  com.mojang.serialization.Decoder$$Lambda$4538/0x0000000100bebc10 (datafixerupper@6.0.8)
5174:             1             16  com.mojang.serialization.Decoder$$Lambda$5453/0x0000000100dfe8f8 (datafixerupper@6.0.8)
5175:             1             16  com.mojang.serialization.JsonOps$1$$Lambda$5349/0x0000000100deb868 (datafixerupper@6.0.8)
5176:             1             16  com.mojang.serialization.Lifecycle$1 (datafixerupper@6.0.8)
5177:             1             16  com.mojang.serialization.Lifecycle$2 (datafixerupper@6.0.8)
5178:             1             16  com.mojang.serialization.OptionalDynamic$$Lambda$1959/0x0000000100835a30 (datafixerupper@6.0.8)
5179:             1             16  com.mojang.serialization.codecs.BaseMapCodec$$Lambda$5357/0x0000000100deca50 (datafixerupper@6.0.8)
5180:             1             16  com.mojang.serialization.codecs.BaseMapCodec$$Lambda$5359/0x0000000100dede40 (datafixerupper@6.0.8)
5181:             1             16  com.mojang.serialization.codecs.EitherCodec$$Lambda$4545/0x0000000100c18490 (datafixerupper@6.0.8)
5182:             1             16  com.mojang.serialization.codecs.EitherCodec$$Lambda$4546/0x0000000100c186d0 (datafixerupper@6.0.8)
5183:             1             16  com.mojang.serialization.codecs.EitherCodec$$Lambda$4554/0x0000000100c18fc0 (datafixerupper@6.0.8)
5184:             1             16  com.mojang.serialization.codecs.EitherCodec$$Lambda$4555/0x0000000100c19200 (datafixerupper@6.0.8)
5185:             1             16  com.mojang.serialization.codecs.OptionalFieldCodec$$Lambda$5398/0x0000000100df56a0 (datafixerupper@6.0.8)
5186:             1             16  com.mojang.serialization.codecs.RecordCodecBuilder$$Lambda$1066/0x000000010056b3c0 (datafixerupper@6.0.8)
5187:             1             16  com.mojang.text2speech.Narrator$1 (text2speech@1.17.9)
5188:             1             16  com.mojang.util.ByteBufferTypeAdapter (authlib@4.0.43)
5189:             1             16  com.mojang.util.InstantTypeAdapter (authlib@4.0.43)
5190:             1             16  com.sun.jmx.interceptor.DefaultMBeanServerInterceptor$ResourceContext$1 (java.management@17.0.15)
5191:             1             16  com.sun.jmx.mbeanserver.DefaultMXBeanMappingFactory (java.management@17.0.15)
5192:             1             16  com.sun.jmx.mbeanserver.DescriptorCache (java.management@17.0.15)
5193:             1             16  com.sun.jmx.mbeanserver.MBeanAnalyzer$MethodOrder (java.management@17.0.15)
5194:             1             16  com.sun.jmx.mbeanserver.MBeanInstantiator (java.management@17.0.15)
5195:             1             16  com.sun.jmx.mbeanserver.MXBeanIntrospector (java.management@17.0.15)
5196:             1             16  com.sun.jmx.mbeanserver.SecureClassLoaderRepository (java.management@17.0.15)
5197:             1             16  com.sun.jmx.mbeanserver.StandardMBeanIntrospector (java.management@17.0.15)
5198:             1             16  com.sun.jna.JNIEnv (com.sun.jna@5.12.1)
5199:             1             16  com.sun.jna.Native$1 (com.sun.jna@5.12.1)
5200:             1             16  com.sun.jna.Native$2 (com.sun.jna@5.12.1)
5201:             1             16  com.sun.jna.Native$7 (com.sun.jna@5.12.1)
5202:             1             16  com.sun.jna.Structure$1 (com.sun.jna@5.12.1)
5203:             1             16  com.sun.jna.Structure$2 (com.sun.jna@5.12.1)
5204:             1             16  com.sun.jna.VarArgsChecker$RealVarArgsChecker (com.sun.jna@5.12.1)
5205:             1             16  com.sun.jna.platform.linux.Udev$UdevContext (com.sun.jna.platform@5.12.1)
5206:             1             16  com.sun.jna.platform.linux.Udev$UdevDevice (com.sun.jna.platform@5.12.1)
5207:             1             16  com.sun.jna.platform.linux.Udev$UdevEnumerate (com.sun.jna.platform@5.12.1)
5208:             1             16  com.sun.jna.platform.linux.Udev$UdevListEntry (com.sun.jna.platform@5.12.1)
5209:             1             16  com.sun.management.internal.HotSpotDiagnostic (jdk.management@17.0.15)
5210:             1             16  com.sun.management.internal.PlatformMBeanProviderImpl (jdk.management@17.0.15)
5211:             1             16  com.sun.management.internal.PlatformMBeanProviderImpl$$Lambda$253/0x00000001001946c0 (jdk.management@17.0.15)
5212:             1             16  com.sun.org.apache.xerces.internal.dom.CharacterDataImpl$1 (java.xml@17.0.15)
5213:             1             16  com.sun.org.apache.xerces.internal.impl.dv.dtd.IDDatatypeValidator (java.xml@17.0.15)
5214:             1             16  com.sun.org.apache.xerces.internal.impl.dv.dtd.IDREFDatatypeValidator (java.xml@17.0.15)
5215:             1             16  com.sun.org.apache.xerces.internal.impl.dv.dtd.NMTOKENDatatypeValidator (java.xml@17.0.15)
5216:             1             16  com.sun.org.apache.xerces.internal.impl.dv.dtd.NOTATIONDatatypeValidator (java.xml@17.0.15)
5217:             1             16  com.sun.org.apache.xerces.internal.impl.dv.dtd.StringDatatypeValidator (java.xml@17.0.15)
5218:             1             16  cpw.mods.bootstraplauncher.BootstrapLauncher$$Lambda$160/0x0000000100123970 (cpw.mods.bootstraplauncher@1.1.2)
5219:             1             16  cpw.mods.bootstraplauncher.BootstrapLauncher$$Lambda$175/0x0000000100127870 (cpw.mods.bootstraplauncher@1.1.2)
5220:             1             16  cpw.mods.bootstraplauncher.BootstrapLauncher$$Lambda$178/0x00000001001c4418 (cpw.mods.bootstraplauncher@1.1.2)
5221:             1             16  cpw.mods.bootstraplauncher.BootstrapLauncher$$Lambda$179/0x00000001001c4638 (cpw.mods.bootstraplauncher@1.1.2)
5222:             1             16  cpw.mods.cl.JarModuleFinder (cpw.mods.securejarhandler)
5223:             1             16  cpw.mods.cl.JarModuleFinder$$Lambda$180/0x00000001001c4ee8 (cpw.mods.securejarhandler)
5224:             1             16  cpw.mods.cl.JarModuleFinder$$Lambda$181/0x00000001001c5128 (cpw.mods.securejarhandler)
5225:             1             16  cpw.mods.cl.JarModuleFinder$$Lambda$182/0x00000001001c5368 (cpw.mods.securejarhandler)
5226:             1             16  cpw.mods.cl.JarModuleFinder$$Lambda$183/0x00000001001c55a8 (cpw.mods.securejarhandler)
5227:             1             16  cpw.mods.cl.ModularURLHandler (cpw.mods.securejarhandler)
5228:             1             16  cpw.mods.cl.ModularURLHandler$$Lambda$190/0x00000001001c6318 (cpw.mods.securejarhandler)
5229:             1             16  cpw.mods.cl.ModularURLHandler$$Lambda$191/0x00000001001c6558 (cpw.mods.securejarhandler)
5230:             1             16  cpw.mods.cl.ModularURLHandler$FunctionURLStreamHandler (cpw.mods.securejarhandler)
5231:             1             16  cpw.mods.cl.ModuleClassLoader$$Lambda$1336/0x00000001005c8988 (cpw.mods.securejarhandler)
5232:             1             16  cpw.mods.cl.ModuleClassLoader$$Lambda$192/0x00000001001c69d0 (cpw.mods.securejarhandler)
5233:             1             16  cpw.mods.cl.ModuleClassLoader$$Lambda$194/0x00000001001c6e68 (cpw.mods.securejarhandler)
5234:             1             16  cpw.mods.cl.ModuleClassLoader$$Lambda$195/0x00000001001c70a8 (cpw.mods.securejarhandler)
5235:             1             16  cpw.mods.cl.ModuleClassLoader$$Lambda$199/0x00000001001c79a0 (cpw.mods.securejarhandler)
5236:             1             16  cpw.mods.cl.ModuleClassLoader$$Lambda$209/0x00000001001c2b58 (cpw.mods.securejarhandler)
5237:             1             16  cpw.mods.cl.ModuleClassLoader$$Lambda$215/0x00000001001c1c00 (cpw.mods.securejarhandler)
5238:             1             16  cpw.mods.cl.ModuleClassLoader$$Lambda$216/0x00000001001c8000 (cpw.mods.securejarhandler)
5239:             1             16  cpw.mods.cl.ModuleClassLoader$$Lambda$217/0x00000001001c8420 (cpw.mods.securejarhandler)
5240:             1             16  cpw.mods.cl.ModuleClassLoader$$Lambda$223/0x00000001001c96f8 (cpw.mods.securejarhandler)
5241:             1             16  cpw.mods.cl.ModuleClassLoader$$Lambda$225/0x00000001001c9b80 (cpw.mods.securejarhandler)
5242:             1             16  cpw.mods.cl.ModuleClassLoader$$Lambda$226/0x00000001001c9dc0 (cpw.mods.securejarhandler)
5243:             1             16  cpw.mods.cl.UnionURLStreamHandler (cpw.mods.securejarhandler)
5244:             1             16  cpw.mods.cl.UnionURLStreamHandler$$Lambda$227/0x00000001001ca010 (cpw.mods.securejarhandler)
5245:             1             16  cpw.mods.jarhandling.SecureJar$$Lambda$177/0x00000001001c4000 (cpw.mods.securejarhandler)
5246:             1             16  cpw.mods.jarhandling.SecureJar$$Lambda$98/0x0000000100107d88 (cpw.mods.securejarhandler)
5247:             1             16  cpw.mods.jarhandling.SecureJar$Provider$$Lambda$163/0x0000000100126498 (cpw.mods.securejarhandler)
5248:             1             16  cpw.mods.jarhandling.SecureJar$Provider$$Lambda$164/0x00000001001266d8 (cpw.mods.securejarhandler)
5249:             1             16  cpw.mods.jarhandling.impl.Jar$$Lambda$100/0x000000010010b428 (cpw.mods.securejarhandler)
5250:             1             16  cpw.mods.jarhandling.impl.Jar$$Lambda$101/0x000000010010b678 (cpw.mods.securejarhandler)
5251:             1             16  cpw.mods.jarhandling.impl.Jar$$Lambda$102/0x000000010010bab0 (cpw.mods.securejarhandler)
5252:             1             16  cpw.mods.jarhandling.impl.Jar$$Lambda$103/0x000000010010bd00 (cpw.mods.securejarhandler)
5253:             1             16  cpw.mods.jarhandling.impl.Jar$$Lambda$129/0x000000010011f000 (cpw.mods.securejarhandler)
5254:             1             16  cpw.mods.jarhandling.impl.Jar$$Lambda$130/0x000000010011f250 (cpw.mods.securejarhandler)
5255:             1             16  cpw.mods.jarhandling.impl.Jar$$Lambda$131/0x000000010011f4a0 (cpw.mods.securejarhandler)
5256:             1             16  cpw.mods.jarhandling.impl.Jar$$Lambda$132/0x000000010011f6e0 (cpw.mods.securejarhandler)
5257:             1             16  cpw.mods.jarhandling.impl.Jar$$Lambda$133/0x000000010011f920 (cpw.mods.securejarhandler)
5258:             1             16  cpw.mods.jarhandling.impl.Jar$$Lambda$141/0x000000010011fb60 (cpw.mods.securejarhandler)
5259:             1             16  cpw.mods.jarhandling.impl.Jar$$Lambda$142/0x000000010011fda0 (cpw.mods.securejarhandler)
5260:             1             16  cpw.mods.jarhandling.impl.Jar$$Lambda$143/0x000000010011ec00 (cpw.mods.securejarhandler)
5261:             1             16  cpw.mods.jarhandling.impl.Jar$$Lambda$144/0x0000000100120000 (cpw.mods.securejarhandler)
5262:             1             16  cpw.mods.jarhandling.impl.Jar$$Lambda$145/0x0000000100120240 (cpw.mods.securejarhandler)
5263:             1             16  cpw.mods.jarhandling.impl.Jar$$Lambda$146/0x0000000100120488 (cpw.mods.securejarhandler)
5264:             1             16  cpw.mods.jarhandling.impl.Jar$$Lambda$147/0x00000001001206d8 (cpw.mods.securejarhandler)
5265:             1             16  cpw.mods.jarhandling.impl.Jar$$Lambda$148/0x0000000100120928 (cpw.mods.securejarhandler)
5266:             1             16  cpw.mods.jarhandling.impl.Jar$$Lambda$149/0x0000000100120b78 (cpw.mods.securejarhandler)
5267:             1             16  cpw.mods.jarhandling.impl.Jar$$Lambda$150/0x0000000100120dc8 (cpw.mods.securejarhandler)
5268:             1             16  cpw.mods.jarhandling.impl.Jar$$Lambda$151/0x0000000100121008 (cpw.mods.securejarhandler)
5269:             1             16  cpw.mods.jarhandling.impl.Jar$$Lambda$152/0x0000000100121248 (cpw.mods.securejarhandler)
5270:             1             16  cpw.mods.jarhandling.impl.Jar$$Lambda$153/0x0000000100121498 (cpw.mods.securejarhandler)
5271:             1             16  cpw.mods.jarhandling.impl.Jar$$Lambda$156/0x0000000100121b48 (cpw.mods.securejarhandler)
5272:             1             16  cpw.mods.jarhandling.impl.Jar$$Lambda$161/0x0000000100126000 (cpw.mods.securejarhandler)
5273:             1             16  cpw.mods.jarhandling.impl.Jar$$Lambda$6026/0x00000001005ca138 (cpw.mods.securejarhandler)
5274:             1             16  cpw.mods.jarhandling.impl.Jar$JarModuleDataProvider$$Lambda$212/0x00000001001c38a0 (cpw.mods.securejarhandler)
5275:             1             16  cpw.mods.jarhandling.impl.Jar$JarModuleDataProvider$$Lambda$213/0x00000001001c3ae0 (cpw.mods.securejarhandler)
5276:             1             16  cpw.mods.jarhandling.impl.ManifestVerifier$$Lambda$363/0x00000001001cbab0 (cpw.mods.securejarhandler)
5277:             1             16  cpw.mods.jarhandling.impl.ModuleJarMetadata$ModFileVisitor$$Lambda$166/0x0000000100126b80 (cpw.mods.securejarhandler)
5278:             1             16  cpw.mods.jarhandling.impl.SecureJarVerifier$UnsafeAccessor (cpw.mods.securejarhandler)
5279:             1             16  cpw.mods.jarhandling.impl.SimpleJarMetadata$$Lambda$186/0x00000001001c57f0 (cpw.mods.securejarhandler)
5280:             1             16  cpw.mods.modlauncher.ArgumentHandler$$Lambda$942/0x000000010050f118 (cpw.mods.modlauncher@10.0.9)
5281:             1             16  cpw.mods.modlauncher.BootstrapLaunchConsumer (cpw.mods.modlauncher@10.0.9)
5282:             1             16  cpw.mods.modlauncher.ClassTransformer$$Lambda$1345/0x000000010061ec08 (cpw.mods.modlauncher@10.0.9)
5283:             1             16  cpw.mods.modlauncher.DefaultLaunchHandlerService (cpw.mods.modlauncher@10.0.9)
5284:             1             16  cpw.mods.modlauncher.LaunchPluginHandler (cpw.mods.modlauncher@10.0.9)
5285:             1             16  cpw.mods.modlauncher.LaunchPluginHandler$$Lambda$354/0x00000001002b3608 (cpw.mods.modlauncher@10.0.9)
5286:             1             16  cpw.mods.modlauncher.LaunchPluginHandler$$Lambda$355/0x00000001002b3a38 (cpw.mods.modlauncher@10.0.9)
5287:             1             16  cpw.mods.modlauncher.LaunchPluginHandler$$Lambda$364/0x00000001002b7468 (cpw.mods.modlauncher@10.0.9)
5288:             1             16  cpw.mods.modlauncher.LaunchPluginHandler$$Lambda$370/0x00000001002b8238 (cpw.mods.modlauncher@10.0.9)
5289:             1             16  cpw.mods.modlauncher.LaunchPluginHandler$$Lambda$954/0x0000000100510ab8 (cpw.mods.modlauncher@10.0.9)
5290:             1             16  cpw.mods.modlauncher.LaunchServiceHandler (cpw.mods.modlauncher@10.0.9)
5291:             1             16  cpw.mods.modlauncher.LaunchServiceHandler$$Lambda$325/0x00000001002a1f70 (cpw.mods.modlauncher@10.0.9)
5292:             1             16  cpw.mods.modlauncher.LaunchServiceHandler$$Lambda$329/0x00000001002a2c80 (cpw.mods.modlauncher@10.0.9)
5293:             1             16  cpw.mods.modlauncher.LaunchServiceHandler$$Lambda$330/0x00000001002a30d0 (cpw.mods.modlauncher@10.0.9)
5294:             1             16  cpw.mods.modlauncher.LaunchServiceHandler$$Lambda$509/0x0000000100350f90 (cpw.mods.modlauncher@10.0.9)
5295:             1             16  cpw.mods.modlauncher.Launcher$$Lambda$318/0x00000001002a0610 (cpw.mods.modlauncher@10.0.9)
5296:             1             16  cpw.mods.modlauncher.Launcher$$Lambda$319/0x00000001002a0830 (cpw.mods.modlauncher@10.0.9)
5297:             1             16  cpw.mods.modlauncher.Launcher$$Lambda$320/0x00000001002a0a50 (cpw.mods.modlauncher@10.0.9)
5298:             1             16  cpw.mods.modlauncher.Launcher$$Lambda$321/0x00000001002a0c70 (cpw.mods.modlauncher@10.0.9)
5299:             1             16  cpw.mods.modlauncher.Launcher$$Lambda$322/0x00000001002a0e90 (cpw.mods.modlauncher@10.0.9)
5300:             1             16  cpw.mods.modlauncher.Launcher$$Lambda$323/0x00000001002a10b0 (cpw.mods.modlauncher@10.0.9)
5301:             1             16  cpw.mods.modlauncher.Launcher$$Lambda$341/0x00000001002af110 (cpw.mods.modlauncher@10.0.9)
5302:             1             16  cpw.mods.modlauncher.Launcher$$Lambda$342/0x00000001002af350 (cpw.mods.modlauncher@10.0.9)
5303:             1             16  cpw.mods.modlauncher.Launcher$$Lambda$343/0x00000001002af590 (cpw.mods.modlauncher@10.0.9)
5304:             1             16  cpw.mods.modlauncher.Launcher$$Lambda$344/0x00000001002af7d0 (cpw.mods.modlauncher@10.0.9)
5305:             1             16  cpw.mods.modlauncher.Launcher$$Lambda$750/0x00000001003cf000 (cpw.mods.modlauncher@10.0.9)
5306:             1             16  cpw.mods.modlauncher.Launcher$$Lambda$751/0x00000001003cf240 (cpw.mods.modlauncher@10.0.9)
5307:             1             16  cpw.mods.modlauncher.Launcher$$Lambda$870/0x000000010047db48 (cpw.mods.modlauncher@10.0.9)
5308:             1             16  cpw.mods.modlauncher.Launcher$$Lambda$871/0x000000010047dd88 (cpw.mods.modlauncher@10.0.9)
5309:             1             16  cpw.mods.modlauncher.Launcher$$Lambda$872/0x000000010047dfc8 (cpw.mods.modlauncher@10.0.9)
5310:             1             16  cpw.mods.modlauncher.ModuleLayerHandler$$Lambda$326/0x00000001002a23a8 (cpw.mods.modlauncher@10.0.9)
5311:             1             16  cpw.mods.modlauncher.ModuleLayerHandler$$Lambda$420/0x0000000100317198 (cpw.mods.modlauncher@10.0.9)
5312:             1             16  cpw.mods.modlauncher.ModuleLayerHandler$$Lambda$421/0x00000001003173d8 (cpw.mods.modlauncher@10.0.9)
5313:             1             16  cpw.mods.modlauncher.ModuleLayerHandler$$Lambda$422/0x00000001003175f8 (cpw.mods.modlauncher@10.0.9)
5314:             1             16  cpw.mods.modlauncher.ModuleLayerHandler$$Lambda$424/0x0000000100317a80 (cpw.mods.modlauncher@10.0.9)
5315:             1             16  cpw.mods.modlauncher.ModuleLayerHandler$$Lambda$426/0x000000010031c000 (cpw.mods.modlauncher@10.0.9)
5316:             1             16  cpw.mods.modlauncher.ModuleLayerHandler$$Lambda$427/0x000000010031c240 (cpw.mods.modlauncher@10.0.9)
5317:             1             16  cpw.mods.modlauncher.ModuleLayerHandler$$Lambda$429/0x000000010031c6b8 (cpw.mods.modlauncher@10.0.9)
5318:             1             16  cpw.mods.modlauncher.ModuleLayerHandler$$Lambda$753/0x00000001003cf6a8 (cpw.mods.modlauncher@10.0.9)
5319:             1             16  cpw.mods.modlauncher.NameMappingServiceDecorator (cpw.mods.modlauncher@10.0.9)
5320:             1             16  cpw.mods.modlauncher.NameMappingServiceHandler$$Lambda$349/0x00000001002b2248 (cpw.mods.modlauncher@10.0.9)
5321:             1             16  cpw.mods.modlauncher.NameMappingServiceHandler$$Lambda$350/0x00000001002b2678 (cpw.mods.modlauncher@10.0.9)
5322:             1             16  cpw.mods.modlauncher.NameMappingServiceHandler$$Lambda$351/0x00000001002b2ae0 (cpw.mods.modlauncher@10.0.9)
5323:             1             16  cpw.mods.modlauncher.NameMappingServiceHandler$$Lambda$518/0x000000010035cf60 (cpw.mods.modlauncher@10.0.9)
5324:             1             16  cpw.mods.modlauncher.NameMappingServiceHandler$$Lambda$851/0x00000001004792f8 (cpw.mods.modlauncher@10.0.9)
5325:             1             16  cpw.mods.modlauncher.TestingLaunchHandlerService (cpw.mods.modlauncher@10.0.9)
5326:             1             16  cpw.mods.modlauncher.TransformList$$Lambda$1343/0x000000010061e318 (cpw.mods.modlauncher@10.0.9)
5327:             1             16  cpw.mods.modlauncher.TransformList$$Lambda$929/0x0000000100507818 (cpw.mods.modlauncher@10.0.9)
5328:             1             16  cpw.mods.modlauncher.TransformTargetLabel$LabelType$$Lambda$345/0x00000001002b0a70 (cpw.mods.modlauncher@10.0.9)
5329:             1             16  cpw.mods.modlauncher.TransformTargetLabel$LabelType$$Lambda$346/0x00000001002b0cb0 (cpw.mods.modlauncher@10.0.9)
5330:             1             16  cpw.mods.modlauncher.TransformTargetLabel$LabelType$$Lambda$347/0x00000001002b0ef0 (cpw.mods.modlauncher@10.0.9)
5331:             1             16  cpw.mods.modlauncher.TransformationServiceDecorator$$Lambda$881/0x000000010047ed18 (cpw.mods.modlauncher@10.0.9)
5332:             1             16  cpw.mods.modlauncher.TransformationServiceDecorator$$Lambda$922/0x0000000100506610 (cpw.mods.modlauncher@10.0.9)
5333:             1             16  cpw.mods.modlauncher.TransformationServiceDecorator$$Lambda$923/0x0000000100506850 (cpw.mods.modlauncher@10.0.9)
5334:             1             16  cpw.mods.modlauncher.TransformationServiceDecorator$$Lambda$925/0x0000000100506ce8 (cpw.mods.modlauncher@10.0.9)
5335:             1             16  cpw.mods.modlauncher.TransformationServicesHandler$$Lambda$373/0x00000001002bfaf8 (cpw.mods.modlauncher@10.0.9)
5336:             1             16  cpw.mods.modlauncher.TransformationServicesHandler$$Lambda$376/0x0000000100300920 (cpw.mods.modlauncher@10.0.9)
5337:             1             16  cpw.mods.modlauncher.TransformationServicesHandler$$Lambda$413/0x00000001003168d8 (cpw.mods.modlauncher@10.0.9)
5338:             1             16  cpw.mods.modlauncher.TransformationServicesHandler$$Lambda$464/0x0000000100332e50 (cpw.mods.modlauncher@10.0.9)
5339:             1             16  cpw.mods.modlauncher.TransformationServicesHandler$$Lambda$465/0x0000000100333280 (cpw.mods.modlauncher@10.0.9)
5340:             1             16  cpw.mods.modlauncher.TransformationServicesHandler$$Lambda$466/0x0000000100333710 (cpw.mods.modlauncher@10.0.9)
5341:             1             16  cpw.mods.modlauncher.TransformationServicesHandler$$Lambda$468/0x0000000100336a50 (cpw.mods.modlauncher@10.0.9)
5342:             1             16  cpw.mods.modlauncher.TransformationServicesHandler$$Lambda$479/0x0000000100334a20 (cpw.mods.modlauncher@10.0.9)
5343:             1             16  cpw.mods.modlauncher.TransformationServicesHandler$$Lambda$482/0x0000000100338000 (cpw.mods.modlauncher@10.0.9)
5344:             1             16  cpw.mods.modlauncher.TransformationServicesHandler$$Lambda$491/0x0000000100339450 (cpw.mods.modlauncher@10.0.9)
5345:             1             16  cpw.mods.modlauncher.TransformationServicesHandler$$Lambda$516/0x000000010035cac8 (cpw.mods.modlauncher@10.0.9)
5346:             1             16  cpw.mods.modlauncher.TransformationServicesHandler$$Lambda$520/0x000000010035d3e8 (cpw.mods.modlauncher@10.0.9)
5347:             1             16  cpw.mods.modlauncher.TransformationServicesHandler$$Lambda$755/0x00000001003cfb30 (cpw.mods.modlauncher@10.0.9)
5348:             1             16  cpw.mods.modlauncher.TransformationServicesHandler$$Lambda$933/0x000000010050cf68 (cpw.mods.modlauncher@10.0.9)
5349:             1             16  cpw.mods.modlauncher.TransformationServicesHandler$$Lambda$934/0x000000010050d1a8 (cpw.mods.modlauncher@10.0.9)
5350:             1             16  cpw.mods.modlauncher.TransformerAuditTrail (cpw.mods.modlauncher@10.0.9)
5351:             1             16  cpw.mods.modlauncher.TransformerAuditTrail$$Lambda$1314/0x00000001005c6c80 (cpw.mods.modlauncher@10.0.9)
5352:             1             16  cpw.mods.modlauncher.TransformerAuditTrail$$Lambda$960/0x0000000100512080 (cpw.mods.modlauncher@10.0.9)
5353:             1             16  cpw.mods.modlauncher.api.TypesafeMap$KeyBuilder$$Lambda$339/0x00000001002ae858 (cpw.mods.modlauncher@10.0.9)
5354:             1             16  cpw.mods.modlauncher.log.ExtraDataTextRenderer$$Lambda$1311/0x00000001005c5f78 (cpw.mods.modlauncher@10.0.9)
5355:             1             16  cpw.mods.modlauncher.log.ExtraDataTextRenderer$$Lambda$1312/0x00000001005c61b8 (cpw.mods.modlauncher@10.0.9)
5356:             1             16  cpw.mods.modlauncher.log.MLClassLoaderContextSelector (cpw.mods.modlauncher@10.0.9)
5357:             1             16  cpw.mods.modlauncher.util.ServiceLoaderUtils$$Lambda$328/0x00000001002a2a30 (cpw.mods.modlauncher@10.0.9)
5358:             1             16  cpw.mods.modlauncher.util.ServiceLoaderUtils$$Lambda$365/0x00000001002b76a8 (cpw.mods.modlauncher@10.0.9)
5359:             1             16  cpw.mods.modlauncher.util.ServiceLoaderUtils$$Lambda$366/0x00000001002b78e8 (cpw.mods.modlauncher@10.0.9)
5360:             1             16  cpw.mods.modlauncher.util.ServiceLoaderUtils$$Lambda$367/0x00000001002b7b28 (cpw.mods.modlauncher@10.0.9)
5361:             1             16  cpw.mods.modlauncher.util.ServiceLoaderUtils$$Lambda$368/0x00000001002b7d68 (cpw.mods.modlauncher@10.0.9)
5362:             1             16  cpw.mods.niofs.union.UnionFileSystem$$Lambda$110/0x0000000100115690 (cpw.mods.securejarhandler)
5363:             1             16  cpw.mods.niofs.union.UnionFileSystem$$Lambda$112/0x00000001001158e0 (cpw.mods.securejarhandler)
5364:             1             16  cpw.mods.niofs.union.UnionFileSystem$$Lambda$113/0x0000000100115b30 (cpw.mods.securejarhandler)
5365:             1             16  cpw.mods.niofs.union.UnionFileSystem$$Lambda$114/0x0000000100115d70 (cpw.mods.securejarhandler)
5366:             1             16  cpw.mods.niofs.union.UnionFileSystem$$Lambda$115/0x00000001001161c0 (cpw.mods.securejarhandler)
5367:             1             16  cpw.mods.niofs.union.UnionFileSystem$$Lambda$118/0x0000000100116a70 (cpw.mods.securejarhandler)
5368:             1             16  cpw.mods.niofs.union.UnionFileSystem$$Lambda$124/0x00000001001175e0 (cpw.mods.securejarhandler)
5369:             1             16  cpw.mods.niofs.union.UnionFileSystem$$Lambda$125/0x0000000100117820 (cpw.mods.securejarhandler)
5370:             1             16  cpw.mods.niofs.union.UnionFileSystem$$Lambda$126/0x0000000100117a60 (cpw.mods.securejarhandler)
5371:             1             16  cpw.mods.niofs.union.UnionFileSystem$$Lambda$158/0x0000000100122748 (cpw.mods.securejarhandler)
5372:             1             16  cpw.mods.niofs.union.UnionFileSystemProvider$$Lambda$104/0x00000001001146c8 (cpw.mods.securejarhandler)
5373:             1             16  cpw.mods.niofs.union.UnionFileSystemProvider$$Lambda$105/0x0000000100114908 (cpw.mods.securejarhandler)
5374:             1             16  cpw.mods.niofs.union.UnionFileSystemProvider$$Lambda$106/0x0000000100114b48 (cpw.mods.securejarhandler)
5375:             1             16  cpw.mods.niofs.union.UnionPath$$Lambda$108/0x0000000100115248 (cpw.mods.securejarhandler)
5376:             1             16  io.github.zekerzhayard.forgewrapper.installer.util.ModuleUtil$$Lambda$14/0x0000000100002e98
5377:             1             16  io.github.zekerzhayard.forgewrapper.installer.util.ModuleUtil$$Lambda$15/0x00000001000030d8
5378:             1             16  io.github.zekerzhayard.forgewrapper.installer.util.ModuleUtil$$Lambda$16/0x0000000100003328
5379:             1             16  io.github.zekerzhayard.forgewrapper.installer.util.ModuleUtil$$Lambda$28/0x0000000100003548
5380:             1             16  io.github.zekerzhayard.forgewrapper.installer.util.ModuleUtil$$Lambda$76/0x0000000100003798
5381:             1             16  io.netty.util.internal.CleanerJava9 (io.netty.common@4.1.82.Final)
5382:             1             16  io.netty.util.internal.PlatformDependent$1 (io.netty.common@4.1.82.Final)
5383:             1             16  io.netty.util.internal.PlatformDependent$2 (io.netty.common@4.1.82.Final)
5384:             1             16  it.unimi.dsi.fastutil.doubles.DoubleLists$EmptyList (it.unimi.dsi.fastutil@8.5.9)
5385:             1             16  it.unimi.dsi.fastutil.ints.Int2ObjectAVLTreeMap$1$$Lambda$2195/0x0000000100880f38 (it.unimi.dsi.fastutil@8.5.9)
5386:             1             16  it.unimi.dsi.fastutil.ints.Int2ObjectMaps$EmptyMap (it.unimi.dsi.fastutil@8.5.9)
5387:             1             16  it.unimi.dsi.fastutil.ints.Int2ObjectOpenHashMap$KeySet (it.unimi.dsi.fastutil@8.5.9)
5388:             1             16  it.unimi.dsi.fastutil.ints.Int2ObjectOpenHashMap$MapEntrySet (it.unimi.dsi.fastutil@8.5.9)
5389:             1             16  it.unimi.dsi.fastutil.ints.IntArrays$ArrayHashStrategy (it.unimi.dsi.fastutil@8.5.9)
5390:             1             16  it.unimi.dsi.fastutil.ints.IntComparators$NaturalImplicitComparator (it.unimi.dsi.fastutil@8.5.9)
5391:             1             16  it.unimi.dsi.fastutil.ints.IntComparators$OppositeImplicitComparator (it.unimi.dsi.fastutil@8.5.9)
5392:             1             16  it.unimi.dsi.fastutil.ints.IntIterators$EmptyIterator (it.unimi.dsi.fastutil@8.5.9)
5393:             1             16  it.unimi.dsi.fastutil.ints.IntSets$EmptySet (it.unimi.dsi.fastutil@8.5.9)
5394:             1             16  it.unimi.dsi.fastutil.ints.IntSets$UnmodifiableSet (it.unimi.dsi.fastutil@8.5.9)
5395:             1             16  it.unimi.dsi.fastutil.longs.Long2ObjectMaps$EmptyMap (it.unimi.dsi.fastutil@8.5.9)
5396:             1             16  it.unimi.dsi.fastutil.objects.Object2ObjectLinkedOpenHashMap$KeySet (it.unimi.dsi.fastutil@8.5.9)
5397:             1             16  it.unimi.dsi.fastutil.objects.Object2ObjectMaps$EmptyMap (it.unimi.dsi.fastutil@8.5.9)
5398:             1             16  it.unimi.dsi.fastutil.objects.ObjectArrayList$$Lambda$1318/0x00000001005d45f8 (it.unimi.dsi.fastutil@8.5.9)
5399:             1             16  it.unimi.dsi.fastutil.objects.ObjectArrayList$$Lambda$1319/0x00000001005d4818 (it.unimi.dsi.fastutil@8.5.9)
5400:             1             16  it.unimi.dsi.fastutil.objects.ObjectArrayList$$Lambda$1320/0x00000001005d4a48 (it.unimi.dsi.fastutil@8.5.9)
5401:             1             16  it.unimi.dsi.fastutil.objects.ObjectArrays$ArrayHashStrategy (it.unimi.dsi.fastutil@8.5.9)
5402:             1             16  it.unimi.dsi.fastutil.shorts.ShortArrays$ArrayHashStrategy (it.unimi.dsi.fastutil@8.5.9)
5403:             1             16  java.beans.Statement$1 (java.desktop@17.0.15)
5404:             1             16  java.io.DeleteOnExitHook$1 (java.base@17.0.15)
5405:             1             16  java.io.FileDescriptor$1 (java.base@17.0.15)
5406:             1             16  java.io.FilePermission$1 (java.base@17.0.15)
5407:             1             16  java.io.RandomAccessFile$2 (java.base@17.0.15)
5408:             1             16  java.lang.ApplicationShutdownHooks$1 (java.base@17.0.15)
5409:             1             16  java.lang.CharacterData00 (java.base@17.0.15)
5410:             1             16  java.lang.CharacterDataLatin1 (java.base@17.0.15)
5411:             1             16  java.lang.Class$$Lambda$311/0x00000001002c4fa0 (java.base@17.0.15)
5412:             1             16  java.lang.Module$$Lambda$9/0x00000001000a6688 (java.base@17.0.15)
5413:             1             16  java.lang.ModuleLayer$$Lambda$205/0x00000001001859b8 (java.base@17.0.15)
5414:             1             16  java.lang.ModuleLayer$$Lambda$31/0x00000001000b7a38 (java.base@17.0.15)
5415:             1             16  java.lang.ModuleLayer$Controller (java.base@17.0.15)
5416:             1             16  java.lang.ProcessBuilder$NullInputStream (java.base@17.0.15)
5417:             1             16  java.lang.ProcessBuilder$NullOutputStream (java.base@17.0.15)
5418:             1             16  java.lang.ProcessBuilder$Redirect$1 (java.base@17.0.15)
5419:             1             16  java.lang.ProcessBuilder$Redirect$2 (java.base@17.0.15)
5420:             1             16  java.lang.ProcessBuilder$Redirect$3 (java.base@17.0.15)
5421:             1             16  java.lang.ProcessEnvironment$StringKeySet (java.base@17.0.15)
5422:             1             16  java.lang.ProcessHandleImpl$$Lambda$281/0x0000000100251540 (java.base@17.0.15)
5423:             1             16  java.lang.Runtime (java.base@17.0.15)
5424:             1             16  java.lang.SecurityManager$$Lambda$1298/0x00000001002fd618 (java.base@17.0.15)
5425:             1             16  java.lang.SecurityManager$$Lambda$1300/0x00000001002fdab0 (java.base@17.0.15)
5426:             1             16  java.lang.SecurityManager$$Lambda$1301/0x00000001002fdcf0 (java.base@17.0.15)
5427:             1             16  java.lang.SecurityManager$$Lambda$1302/0x00000001002fdf30 (java.base@17.0.15)
5428:             1             16  java.lang.SecurityManager$$Lambda$1303/0x00000001002fe160 (java.base@17.0.15)
5429:             1             16  java.lang.SecurityManager$$Lambda$1304/0x00000001002fe3b0 (java.base@17.0.15)
5430:             1             16  java.lang.SecurityManager$$Lambda$1306/0x00000001002fe828 (java.base@17.0.15)
5431:             1             16  java.lang.SecurityManager$$Lambda$1307/0x00000001002fea78 (java.base@17.0.15)
5432:             1             16  java.lang.String$CaseInsensitiveComparator (java.base@17.0.15)
5433:             1             16  java.lang.System$2 (java.base@17.0.15)
5434:             1             16  java.lang.System$LoggerFinder$$Lambda$279/0x000000010024db88 (java.base@17.0.15)
5435:             1             16  java.lang.Terminator$1 (java.base@17.0.15)
5436:             1             16  java.lang.invoke.ClassSpecializer$1 (java.base@17.0.15)
5437:             1             16  java.lang.invoke.MemberName$Factory (java.base@17.0.15)
5438:             1             16  java.lang.invoke.MethodHandleImpl$1 (java.base@17.0.15)
5439:             1             16  java.lang.invoke.MethodHandleImpl$Makers$1 (java.base@17.0.15)
5440:             1             16  java.lang.invoke.MethodHandleImpl$Makers$2 (java.base@17.0.15)
5441:             1             16  java.lang.invoke.StringConcatFactory$1 (java.base@17.0.15)
5442:             1             16  java.lang.invoke.StringConcatFactory$2 (java.base@17.0.15)
5443:             1             16  java.lang.invoke.StringConcatFactory$3 (java.base@17.0.15)
5444:             1             16  java.lang.invoke.VarHandle$1 (java.base@17.0.15)
5445:             1             16  java.lang.invoke.VarHandleByteArrayAsInts$ArrayHandle$$Lambda$95/0x00000001001534e0 (java.base@17.0.15)
5446:             1             16  java.lang.invoke.VarHandleByteArrayAsLongs$ArrayHandle$$Lambda$96/0x0000000100154250 (java.base@17.0.15)
5447:             1             16  java.lang.management.DefaultPlatformMBeanProvider (java.management@17.0.15)
5448:             1             16  java.lang.management.DefaultPlatformMBeanProvider$5$$Lambda$304/0x000000010027a4c0 (java.management@17.0.15)
5449:             1             16  java.lang.management.ManagementFactory$$Lambda$252/0x0000000100193450 (java.management@17.0.15)
5450:             1             16  java.lang.management.ManagementFactory$$Lambda$293/0x000000010026a928 (java.management@17.0.15)
5451:             1             16  java.lang.management.ManagementFactory$$Lambda$294/0x000000010026ab78 (java.management@17.0.15)
5452:             1             16  java.lang.management.ManagementFactory$$Lambda$295/0x000000010026adb8 (java.management@17.0.15)
5453:             1             16  java.lang.module.Configuration$$Lambda$189/0x0000000100184c98 (java.base@17.0.15)
5454:             1             16  java.lang.module.Configuration$$Lambda$58/0x00000001000e4fd0 (java.base@17.0.15)
5455:             1             16  java.lang.module.Configuration$$Lambda$59/0x00000001000e5210 (java.base@17.0.15)
5456:             1             16  java.lang.module.ModuleDescriptor$1 (java.base@17.0.15)
5457:             1             16  java.lang.module.ModuleDescriptor$Builder$$Lambda$171/0x0000000100183050 (java.base@17.0.15)
5458:             1             16  java.lang.module.ModuleDescriptor$Builder$$Lambda$53/0x00000001000e25e0 (java.base@17.0.15)
5459:             1             16  java.lang.module.ModuleDescriptor$Builder$$Lambda$8/0x00000001000a5d30 (java.base@17.0.15)
5460:             1             16  java.lang.module.Resolver$$Lambda$56/0x00000001000e48b0 (java.base@17.0.15)
5461:             1             16  java.lang.module.Resolver$$Lambda$57/0x00000001000e4af0 (java.base@17.0.15)
5462:             1             16  java.lang.module.Resolver$$Lambda$60/0x00000001000e5450 (java.base@17.0.15)
5463:             1             16  java.lang.module.Resolver$$Lambda$61/0x00000001000e5690 (java.base@17.0.15)
5464:             1             16  java.lang.module.Resolver$$Lambda$62/0x00000001000e58d0 (java.base@17.0.15)
5465:             1             16  java.lang.module.Resolver$$Lambda$63/0x00000001000e5b10 (java.base@17.0.15)
5466:             1             16  java.lang.module.Resolver$$Lambda$64/0x00000001000e5d30 (java.base@17.0.15)
5467:             1             16  java.lang.module.Resolver$$Lambda$69/0x00000001000e7138 (java.base@17.0.15)
5468:             1             16  java.lang.module.Resolver$$Lambda$73/0x00000001000e7a60 (java.base@17.0.15)
5469:             1             16  java.lang.module.Resolver$$Lambda$74/0x00000001000e7ca0 (java.base@17.0.15)
5470:             1             16  java.lang.ref.Cleaner (java.base@17.0.15)
5471:             1             16  java.lang.ref.Cleaner$1 (java.base@17.0.15)
5472:             1             16  java.lang.ref.Reference$1 (java.base@17.0.15)
5473:             1             16  java.lang.reflect.Proxy$$Lambda$6/0x00000001000a4028 (java.base@17.0.15)
5474:             1             16  java.lang.reflect.Proxy$ProxyBuilder$$Lambda$7/0x00000001000a4ea0 (java.base@17.0.15)
5475:             1             16  java.lang.reflect.ProxyGenerator$$Lambda$12/0x00000001000a76c0 (java.base@17.0.15)
5476:             1             16  java.lang.reflect.ProxyGenerator$$Lambda$13/0x00000001000a7900 (java.base@17.0.15)
5477:             1             16  java.lang.reflect.ReflectAccess (java.base@17.0.15)
5478:             1             16  java.net.InetAddress$1 (java.base@17.0.15)
5479:             1             16  java.net.InetAddress$PlatformNameService (java.base@17.0.15)
5480:             1             16  java.net.SocketImpl$$Lambda$4579/0x0000000100c49b88 (java.base@17.0.15)
5481:             1             16  java.net.URI$1 (java.base@17.0.15)
5482:             1             16  java.net.URL$3 (java.base@17.0.15)
5483:             1             16  java.net.URL$DefaultFactory (java.base@17.0.15)
5484:             1             16  java.nio.Bits$1 (java.base@17.0.15)
5485:             1             16  java.nio.Buffer$1 (java.base@17.0.15)
5486:             1             16  java.nio.file.Files$$Lambda$128/0x0000000100170798 (java.base@17.0.15)
5487:             1             16  java.nio.file.Files$$Lambda$880/0x00000001002eaee0 (java.base@17.0.15)
5488:             1             16  java.nio.file.Files$AcceptAllFilter (java.base@17.0.15)
5489:             1             16  java.security.AllPermission (java.base@17.0.15)
5490:             1             16  java.security.ProtectionDomain$JavaSecurityAccessImpl (java.base@17.0.15)
5491:             1             16  java.security.Security$2 (java.base@17.0.15)
5492:             1             16  java.security.Signature$1 (java.base@17.0.15)
5493:             1             16  java.security.cert.CertPathHelperImpl (java.base@17.0.15)
5494:             1             16  java.security.spec.EncodedKeySpec$1 (java.base@17.0.15)
5495:             1             16  java.text.DecimalFormatSymbols$$Lambda$84/0x00000001000fbcd8 (java.base@17.0.15)
5496:             1             16  java.text.DontCareFieldPosition$1 (java.base@17.0.15)
5497:             1             16  java.text.MessageFormat$Field (java.base@17.0.15)
5498:             1             16  java.time.Clock$SystemClock (java.base@17.0.15)
5499:             1             16  java.time.ZonedDateTime$$Lambda$1205/0x00000001002f86c8 (java.base@17.0.15)
5500:             1             16  java.time.chrono.IsoChronology (java.base@17.0.15)
5501:             1             16  java.time.format.DateTimeFormatter$$Lambda$1027/0x00000001002f5750 (java.base@17.0.15)
5502:             1             16  java.time.format.DateTimeFormatter$$Lambda$1028/0x00000001002f5970 (java.base@17.0.15)
5503:             1             16  java.time.format.DateTimeFormatterBuilder$$Lambda$1026/0x00000001002efd70 (java.base@17.0.15)
5504:             1             16  java.time.format.DateTimeFormatterBuilder$InstantPrinterParser (java.base@17.0.15)
5505:             1             16  java.time.format.DateTimeTextProvider (java.base@17.0.15)
5506:             1             16  java.time.format.DateTimeTextProvider$1 (java.base@17.0.15)
5507:             1             16  java.time.temporal.TemporalQueries$1 (java.base@17.0.15)
5508:             1             16  java.time.temporal.TemporalQueries$2 (java.base@17.0.15)
5509:             1             16  java.time.temporal.TemporalQueries$3 (java.base@17.0.15)
5510:             1             16  java.time.temporal.TemporalQueries$4 (java.base@17.0.15)
5511:             1             16  java.time.temporal.TemporalQueries$5 (java.base@17.0.15)
5512:             1             16  java.time.temporal.TemporalQueries$6 (java.base@17.0.15)
5513:             1             16  java.time.temporal.TemporalQueries$7 (java.base@17.0.15)
5514:             1             16  java.util.AbstractMap$2 (java.base@17.0.15)
5515:             1             16  java.util.Collections$EmptyEnumeration (java.base@17.0.15)
5516:             1             16  java.util.Collections$EmptyIterator (java.base@17.0.15)
5517:             1             16  java.util.Collections$EmptyList (java.base@17.0.15)
5518:             1             16  java.util.Collections$EmptySet (java.base@17.0.15)
5519:             1             16  java.util.Collections$ReverseComparator (java.base@17.0.15)
5520:             1             16  java.util.Collections$ReverseComparator2 (java.base@17.0.15)
5521:             1             16  java.util.Collections$UnmodifiableMap$UnmodifiableEntrySet (java.base@17.0.15)
5522:             1             16  java.util.EnumMap$1 (java.base@17.0.15)
5523:             1             16  java.util.ImmutableCollections$Access$1 (java.base@17.0.15)
5524:             1             16  java.util.Locale$Builder (java.base@17.0.15)
5525:             1             16  java.util.Map$Entry$$Lambda$1268/0x00000001002fcd60 (java.base@17.0.15)
5526:             1             16  java.util.ResourceBundle$1 (java.base@17.0.15)
5527:             1             16  java.util.ResourceBundle$Control (java.base@17.0.15)
5528:             1             16  java.util.Spliterators$EmptySpliterator$OfDouble (java.base@17.0.15)
5529:             1             16  java.util.Spliterators$EmptySpliterator$OfInt (java.base@17.0.15)
5530:             1             16  java.util.Spliterators$EmptySpliterator$OfLong (java.base@17.0.15)
5531:             1             16  java.util.Spliterators$EmptySpliterator$OfRef (java.base@17.0.15)
5532:             1             16  java.util.concurrent.CompletableFuture$AltResult (java.base@17.0.15)
5533:             1             16  java.util.concurrent.ForkJoinPool$DefaultCommonPoolForkJoinWorkerThreadFactory (java.base@17.0.15)
5534:             1             16  java.util.concurrent.ForkJoinPool$DefaultForkJoinWorkerThreadFactory (java.base@17.0.15)
5535:             1             16  java.util.concurrent.ThreadPoolExecutor$AbortPolicy (java.base@17.0.15)
5536:             1             16  java.util.function.Function$$Lambda$116/0x00000001001641c8 (java.base@17.0.15)
5537:             1             16  java.util.function.Predicate$$Lambda$2176/0x00000001005e4028 (java.base@17.0.15)
5538:             1             16  java.util.function.UnaryOperator$$Lambda$4362/0x00000001005e9a88 (java.base@17.0.15)
5539:             1             16  java.util.jar.JavaUtilJarAccessImpl (java.base@17.0.15)
5540:             1             16  java.util.logging.ErrorManager (java.logging@17.0.15)
5541:             1             16  java.util.logging.Level$$Lambda$277/0x000000010024d388 (java.logging@17.0.15)
5542:             1             16  java.util.logging.Level$KnownLevel$$Lambda$274/0x000000010024a0a8 (java.logging@17.0.15)
5543:             1             16  java.util.logging.Level$KnownLevel$$Lambda$275/0x000000010024a2e8 (java.logging@17.0.15)
5544:             1             16  java.util.logging.Level$KnownLevel$$Lambda$278/0x000000010024d5c8 (java.logging@17.0.15)
5545:             1             16  java.util.logging.LogManager$LoggingProviderAccess (java.logging@17.0.15)
5546:             1             16  java.util.logging.LogManager$VisitedLoggers (java.logging@17.0.15)
5547:             1             16  java.util.logging.Logging (java.logging@17.0.15)
5548:             1             16  java.util.logging.SimpleFormatter$$Lambda$822/0x00000001002e2460 (java.logging@17.0.15)
5549:             1             16  java.util.regex.CharPredicates$$Lambda$169/0x000000010013cff0 (java.base@17.0.15)
5550:             1             16  java.util.regex.CharPredicates$$Lambda$38/0x00000001000bb8c8 (java.base@17.0.15)
5551:             1             16  java.util.regex.CharPredicates$$Lambda$441/0x00000001002cdf70 (java.base@17.0.15)
5552:             1             16  java.util.regex.CharPredicates$$Lambda$563/0x00000001002d7608 (java.base@17.0.15)
5553:             1             16  java.util.regex.Pattern$$Lambda$168/0x000000010013a2b8 (java.base@17.0.15)
5554:             1             16  java.util.regex.Pattern$$Lambda$448/0x00000001002ce8b8 (java.base@17.0.15)
5555:             1             16  java.util.regex.Pattern$$Lambda$5162/0x0000000100cd1e50 (java.base@17.0.15)
5556:             1             16  java.util.regex.Pattern$$Lambda$5163/0x0000000100cd22f8 (java.base@17.0.15)
5557:             1             16  java.util.regex.Pattern$End (java.base@17.0.15)
5558:             1             16  java.util.regex.Pattern$LastNode (java.base@17.0.15)
5559:             1             16  java.util.regex.Pattern$LookBehindEndNode (java.base@17.0.15)
5560:             1             16  java.util.regex.Pattern$Node (java.base@17.0.15)
5561:             1             16  java.util.stream.Collectors$$Lambda$1/0x000000010000e980 (java.base@17.0.15)
5562:             1             16  java.util.stream.Collectors$$Lambda$1258/0x00000001002fa9c8 (java.base@17.0.15)
5563:             1             16  java.util.stream.Collectors$$Lambda$1259/0x00000001002fabf8 (java.base@17.0.15)
5564:             1             16  java.util.stream.Collectors$$Lambda$134/0x0000000100170bd0 (java.base@17.0.15)
5565:             1             16  java.util.stream.Collectors$$Lambda$135/0x0000000100170df0 (java.base@17.0.15)
5566:             1             16  java.util.stream.Collectors$$Lambda$136/0x0000000100171020 (java.base@17.0.15)
5567:             1             16  java.util.stream.Collectors$$Lambda$137/0x0000000100171268 (java.base@17.0.15)
5568:             1             16  java.util.stream.Collectors$$Lambda$138/0x00000001001714a8 (java.base@17.0.15)
5569:             1             16  java.util.stream.Collectors$$Lambda$184/0x00000001001843a8 (java.base@17.0.15)
5570:             1             16  java.util.stream.Collectors$$Lambda$2/0x0000000100080808 (java.base@17.0.15)
5571:             1             16  java.util.stream.Collectors$$Lambda$23/0x00000001000b2a80 (java.base@17.0.15)
5572:             1             16  java.util.stream.Collectors$$Lambda$24/0x00000001000b2ca0 (java.base@17.0.15)
5573:             1             16  java.util.stream.Collectors$$Lambda$25/0x00000001000b2ed0 (java.base@17.0.15)
5574:             1             16  java.util.stream.Collectors$$Lambda$3/0x0000000100080e38 (java.base@17.0.15)
5575:             1             16  java.util.stream.Collectors$$Lambda$313/0x00000001002c5408 (java.base@17.0.15)
5576:             1             16  java.util.stream.Collectors$$Lambda$314/0x00000001002c5638 (java.base@17.0.15)
5577:             1             16  java.util.stream.Collectors$$Lambda$315/0x00000001002c5880 (java.base@17.0.15)
5578:             1             16  java.util.stream.Collectors$$Lambda$358/0x00000001002c89f0 (java.base@17.0.15)
5579:             1             16  java.util.stream.Collectors$$Lambda$359/0x00000001002c8c10 (java.base@17.0.15)
5580:             1             16  java.util.stream.Collectors$$Lambda$360/0x00000001002c8e40 (java.base@17.0.15)
5581:             1             16  java.util.stream.Collectors$$Lambda$361/0x00000001002c9088 (java.base@17.0.15)
5582:             1             16  java.util.stream.Collectors$$Lambda$4/0x0000000100081080 (java.base@17.0.15)
5583:             1             16  java.util.stream.Collectors$$Lambda$414/0x00000001002ca420 (java.base@17.0.15)
5584:             1             16  java.util.stream.Collectors$$Lambda$415/0x00000001002ca640 (java.base@17.0.15)
5585:             1             16  java.util.stream.Collectors$$Lambda$416/0x00000001002ca870 (java.base@17.0.15)
5586:             1             16  java.util.stream.Collectors$$Lambda$417/0x00000001002caab8 (java.base@17.0.15)
5587:             1             16  java.util.stream.Collectors$$Lambda$5522/0x0000000100cd5520 (java.base@17.0.15)
5588:             1             16  java.util.stream.Collectors$$Lambda$92/0x0000000100140440 (java.base@17.0.15)
5589:             1             16  java.util.stream.Collectors$$Lambda$94/0x0000000100140898 (java.base@17.0.15)
5590:             1             16  java.util.stream.FindOps$FindSink$OfInt$$Lambda$85/0x00000001000fd280 (java.base@17.0.15)
5591:             1             16  java.util.stream.FindOps$FindSink$OfInt$$Lambda$86/0x00000001000fd4d0 (java.base@17.0.15)
5592:             1             16  java.util.stream.FindOps$FindSink$OfInt$$Lambda$87/0x00000001000fd6f0 (java.base@17.0.15)
5593:             1             16  java.util.stream.FindOps$FindSink$OfInt$$Lambda$88/0x00000001000fd940 (java.base@17.0.15)
5594:             1             16  java.util.stream.FindOps$FindSink$OfRef$$Lambda$32/0x00000001000b86c0 (java.base@17.0.15)
5595:             1             16  java.util.stream.FindOps$FindSink$OfRef$$Lambda$33/0x00000001000b8910 (java.base@17.0.15)
5596:             1             16  java.util.stream.FindOps$FindSink$OfRef$$Lambda$34/0x00000001000b8b30 (java.base@17.0.15)
5597:             1             16  java.util.stream.FindOps$FindSink$OfRef$$Lambda$35/0x00000001000b8d80 (java.base@17.0.15)
5598:             1             16  java.util.stream.IntPipeline$$Lambda$1854/0x00000001005e31a8 (java.base@17.0.15)
5599:             1             16  java.util.stream.IntPipeline$$Lambda$4983/0x0000000100cd0a20 (java.base@17.0.15)
5600:             1             16  java.util.stream.IntPipeline$$Lambda$5676/0x0000000100cd6578 (java.base@17.0.15)
5601:             1             16  java.util.stream.IntPipeline$$Lambda$5677/0x0000000100cd6798 (java.base@17.0.15)
5602:             1             16  java.util.stream.IntPipeline$$Lambda$603/0x00000001002d9268 (java.base@17.0.15)
5603:             1             16  java.util.stream.Nodes$EmptyNode$OfDouble (java.base@17.0.15)
5604:             1             16  java.util.stream.Nodes$EmptyNode$OfInt (java.base@17.0.15)
5605:             1             16  java.util.stream.Nodes$EmptyNode$OfLong (java.base@17.0.15)
5606:             1             16  java.util.stream.Nodes$EmptyNode$OfRef (java.base@17.0.15)
5607:             1             16  java.util.stream.ReferencePipeline$$Lambda$111/0x0000000100163a20 (java.base@17.0.15)
5608:             1             16  java.util.zip.ZipFile$1 (java.base@17.0.15)
5609:             1             16  javax.crypto.CryptoAllPermissionCollection (java.base@17.0.15)
5610:             1             16  javax.crypto.JceSecurityManager (java.base@17.0.15)
5611:             1             16  javax.crypto.spec.SecretKeySpec$1 (java.base@17.0.15)
5612:             1             16  javax.management.JMX (java.management@17.0.15)
5613:             1             16  javax.management.MBeanServerBuilder (java.management@17.0.15)
5614:             1             16  javax.management.NotificationBroadcasterSupport$1 (java.management@17.0.15)
5615:             1             16  javax.net.ssl.HttpsURLConnection$DefaultHostnameVerifier (java.base@17.0.15)
5616:             1             16  jdk.dynalink.CallSiteDescriptor$$Lambda$903/0x00000001004e6ad8 (jdk.dynalink@17.0.15)
5617:             1             16  jdk.dynalink.CallSiteDescriptor$$Lambda$904/0x00000001004e6cf8 (jdk.dynalink@17.0.15)
5618:             1             16  jdk.dynalink.DynamicLinkerFactory$$Lambda$829/0x00000001003fbc18 (jdk.dynalink@17.0.15)
5619:             1             16  jdk.dynalink.beans.ApplicableOverloadedMethods$1 (jdk.dynalink@17.0.15)
5620:             1             16  jdk.dynalink.beans.ApplicableOverloadedMethods$2 (jdk.dynalink@17.0.15)
5621:             1             16  jdk.dynalink.beans.ApplicableOverloadedMethods$3 (jdk.dynalink@17.0.15)
5622:             1             16  jdk.dynalink.beans.BeansLinker (jdk.dynalink@17.0.15)
5623:             1             16  jdk.dynalink.beans.DynamicMethodLinker (jdk.dynalink@17.0.15)
5624:             1             16  jdk.dynalink.beans.MaximallySpecific$$Lambda$1350/0x00000001004f1e58 (jdk.dynalink@17.0.15)
5625:             1             16  jdk.dynalink.beans.StaticClassLinker (jdk.dynalink@17.0.15)
5626:             1             16  jdk.dynalink.internal.AccessControlContextFactory$$Lambda$827/0x00000001003fb7b8 (jdk.dynalink@17.0.15)
5627:             1             16  jdk.dynalink.internal.AccessControlContextFactory$$Lambda$828/0x00000001003fb9f8 (jdk.dynalink@17.0.15)
5628:             1             16  jdk.internal.icu.impl.Norm2AllModes$DecomposeNormalizer2 (java.base@17.0.15)
5629:             1             16  jdk.internal.icu.impl.Norm2AllModes$NoopNormalizer2 (java.base@17.0.15)
5630:             1             16  jdk.internal.icu.impl.NormalizerImpl$IsAcceptable (java.base@17.0.15)
5631:             1             16  jdk.internal.icu.impl.Trie2$1 (java.base@17.0.15)
5632:             1             16  jdk.internal.icu.text.NormalizerBase$ModeImpl (java.base@17.0.15)
5633:             1             16  jdk.internal.icu.text.NormalizerBase$NFCMode (java.base@17.0.15)
5634:             1             16  jdk.internal.icu.text.NormalizerBase$NFDMode (java.base@17.0.15)
5635:             1             16  jdk.internal.icu.text.NormalizerBase$NFKCMode (java.base@17.0.15)
5636:             1             16  jdk.internal.icu.text.NormalizerBase$NFKDMode (java.base@17.0.15)
5637:             1             16  jdk.internal.icu.text.NormalizerBase$NONEMode (java.base@17.0.15)
5638:             1             16  jdk.internal.icu.text.StringPrep$StringPrepTrieImpl (java.base@17.0.15)
5639:             1             16  jdk.internal.icu.util.CodePointTrie$Data16 (java.base@17.0.15)
5640:             1             16  jdk.internal.jimage.ImageBufferCache$1 (java.base@17.0.15)
5641:             1             16  jdk.internal.jimage.ImageBufferCache$2 (java.base@17.0.15)
5642:             1             16  jdk.internal.jimage.ImageReaderFactory$1 (java.base@17.0.15)
5643:             1             16  jdk.internal.jimage.ImageStringsReader (java.base@17.0.15)
5644:             1             16  jdk.internal.jimage.decompressor.Decompressor (java.base@17.0.15)
5645:             1             16  jdk.internal.jimage.decompressor.StringSharingDecompressorFactory (java.base@17.0.15)
5646:             1             16  jdk.internal.jimage.decompressor.ZipDecompressor (java.base@17.0.15)
5647:             1             16  jdk.internal.jimage.decompressor.ZipDecompressorFactory (java.base@17.0.15)
5648:             1             16  jdk.internal.jrtfs.JrtFileSystemProvider (java.base@17.0.15)
5649:             1             16  jdk.internal.logger.LazyLoggers$1 (java.base@17.0.15)
5650:             1             16  jdk.internal.logger.LazyLoggers$JdkLazyLogger (java.base@17.0.15)
5651:             1             16  jdk.internal.logger.LazyLoggers$LazyLoggerFactories (java.base@17.0.15)
5652:             1             16  jdk.internal.math.FloatingDecimal$1 (java.base@17.0.15)
5653:             1             16  jdk.internal.math.FormattedFloatingDecimal$1 (java.base@17.0.15)
5654:             1             16  jdk.internal.misc.ScopedMemoryAccess (java.base@17.0.15)
5655:             1             16  jdk.internal.misc.TerminatingThreadLocal$1 (java.base@17.0.15)
5656:             1             16  jdk.internal.misc.ThreadTracker (java.base@17.0.15)
5657:             1             16  jdk.internal.misc.Unsafe (java.base@17.0.15)
5658:             1             16  jdk.internal.module.ArchivedBootLayer (java.base@17.0.15)
5659:             1             16  jdk.internal.module.ModuleLoaderMap$Mapper (java.base@17.0.15)
5660:             1             16  jdk.internal.module.ModulePatcher (java.base@17.0.15)
5661:             1             16  jdk.internal.module.ModulePath$$Lambda$19/0x00000001000b1c70 (java.base@17.0.15)
5662:             1             16  jdk.internal.module.ModulePath$$Lambda$20/0x00000001000b1ec0 (java.base@17.0.15)
5663:             1             16  jdk.internal.module.ModulePath$$Lambda$22/0x00000001000b2348 (java.base@17.0.15)
5664:             1             16  jdk.internal.module.ModulePath$$Lambda$42/0x00000001000bf698 (java.base@17.0.15)
5665:             1             16  jdk.internal.module.ModulePath$$Lambda$43/0x00000001000bf8e8 (java.base@17.0.15)
5666:             1             16  jdk.internal.module.ModulePath$$Lambda$44/0x00000001000bfb28 (java.base@17.0.15)
5667:             1             16  jdk.internal.module.ModulePath$$Lambda$45/0x00000001000bfd78 (java.base@17.0.15)
5668:             1             16  jdk.internal.module.ModulePath$$Lambda$50/0x00000001000e1308 (java.base@17.0.15)
5669:             1             16  jdk.internal.module.ModulePath$$Lambda$52/0x00000001000e2168 (java.base@17.0.15)
5670:             1             16  jdk.internal.perf.Perf (java.base@17.0.15)
5671:             1             16  jdk.internal.platform.CgroupMetrics (java.base@17.0.15)
5672:             1             16  jdk.internal.platform.CgroupSubsystemFactory$$Lambda$302/0x0000000100277bb0 (java.base@17.0.15)
5673:             1             16  jdk.internal.platform.cgroupv2.CgroupV2Subsystem (java.base@17.0.15)
5674:             1             16  jdk.internal.platform.cgroupv2.CgroupV2SubsystemController (java.base@17.0.15)
5675:             1             16  jdk.internal.reflect.GeneratedConstructorAccessor1
5676:             1             16  jdk.internal.reflect.GeneratedConstructorAccessor10
5677:             1             16  jdk.internal.reflect.GeneratedConstructorAccessor11
5678:             1             16  jdk.internal.reflect.GeneratedConstructorAccessor12
5679:             1             16  jdk.internal.reflect.GeneratedConstructorAccessor13
5680:             1             16  jdk.internal.reflect.GeneratedConstructorAccessor14 (java.base@17.0.15)
5681:             1             16  jdk.internal.reflect.GeneratedConstructorAccessor15 (java.base@17.0.15)
5682:             1             16  jdk.internal.reflect.GeneratedConstructorAccessor16 (java.base@17.0.15)
5683:             1             16  jdk.internal.reflect.GeneratedConstructorAccessor17 (java.base@17.0.15)
5684:             1             16  jdk.internal.reflect.GeneratedConstructorAccessor18 (java.base@17.0.15)
5685:             1             16  jdk.internal.reflect.GeneratedConstructorAccessor19
5686:             1             16  jdk.internal.reflect.GeneratedConstructorAccessor2
5687:             1             16  jdk.internal.reflect.GeneratedConstructorAccessor20
5688:             1             16  jdk.internal.reflect.GeneratedConstructorAccessor21
5689:             1             16  jdk.internal.reflect.GeneratedConstructorAccessor22
5690:             1             16  jdk.internal.reflect.GeneratedConstructorAccessor23
5691:             1             16  jdk.internal.reflect.GeneratedConstructorAccessor24 (java.base@17.0.15)
5692:             1             16  jdk.internal.reflect.GeneratedConstructorAccessor25 (java.base@17.0.15)
5693:             1             16  jdk.internal.reflect.GeneratedConstructorAccessor26 (java.base@17.0.15)
5694:             1             16  jdk.internal.reflect.GeneratedConstructorAccessor27 (java.base@17.0.15)
5695:             1             16  jdk.internal.reflect.GeneratedConstructorAccessor28 (java.base@17.0.15)
5696:             1             16  jdk.internal.reflect.GeneratedConstructorAccessor29 (java.base@17.0.15)
5697:             1             16  jdk.internal.reflect.GeneratedConstructorAccessor3
5698:             1             16  jdk.internal.reflect.GeneratedConstructorAccessor30 (java.base@17.0.15)
5699:             1             16  jdk.internal.reflect.GeneratedConstructorAccessor31 (java.base@17.0.15)
5700:             1             16  jdk.internal.reflect.GeneratedConstructorAccessor32
5701:             1             16  jdk.internal.reflect.GeneratedConstructorAccessor33
5702:             1             16  jdk.internal.reflect.GeneratedConstructorAccessor34
5703:             1             16  jdk.internal.reflect.GeneratedConstructorAccessor4 (java.base@17.0.15)
5704:             1             16  jdk.internal.reflect.GeneratedConstructorAccessor5
5705:             1             16  jdk.internal.reflect.GeneratedConstructorAccessor6
5706:             1             16  jdk.internal.reflect.GeneratedConstructorAccessor7
5707:             1             16  jdk.internal.reflect.GeneratedConstructorAccessor8
5708:             1             16  jdk.internal.reflect.GeneratedConstructorAccessor9 (java.base@17.0.15)
5709:             1             16  jdk.internal.reflect.GeneratedMethodAccessor1 (java.base@17.0.15)
5710:             1             16  jdk.internal.reflect.ReflectionFactory (java.base@17.0.15)
5711:             1             16  jdk.jfr.internal.dcmd.DCmdCheck$$Lambda$308/0x00000001002c0440 (jdk.jfr@17.0.15)
5712:             1             16  jdk.jfr.internal.dcmd.DCmdDump$$Lambda$307/0x00000001002c0220 (jdk.jfr@17.0.15)
5713:             1             16  jdk.jfr.internal.dcmd.DCmdStart$$Lambda$306/0x00000001002c0000 (jdk.jfr@17.0.15)
5714:             1             16  jdk.jfr.internal.dcmd.DCmdStop$$Lambda$305/0x000000010027fd08 (jdk.jfr@17.0.15)
5715:             1             16  jdk.management.jfr.SettingDescriptorInfo$1 (jdk.management.jfr@17.0.15)
5716:             1             16  jdk.net.LinuxSocketOptions (jdk.net@17.0.15)
5717:             1             16  jdk.nio.zipfs.ZipFileSystem$$Lambda$107/0x0000000100119610 (jdk.zipfs@17.0.15)
5718:             1             16  jdk.nio.zipfs.ZipFileSystemProvider (jdk.zipfs@17.0.15)
5719:             1             16  jdk.proxy2.$Proxy17 (jdk.proxy2)
5720:             1             16  jdk.proxy2.$Proxy24 (jdk.proxy2)
5721:             1             16  jdk.proxy2.$Proxy25 (jdk.proxy2)
5722:             1             16  jdk.proxy2.$Proxy28 (jdk.proxy2)
5723:             1             16  jdk.proxy2.$Proxy5 (jdk.proxy2)
5724:             1             16  jdk.proxy3.$Proxy20 (jdk.proxy3)
5725:             1             16  jdk.xml.internal.SecuritySupport$$Lambda$269/0x000000010019f8d8 (java.xml@17.0.15)
5726:             1             16  joptsimple.OptionParserState$2 (jopt.simple@5.0.4)
5727:             1             16  net.fabricmc.loader.impl.FMLModMetadata$$Lambda$948/0x0000000100518a30 (net.fabricmc.loader@2.6.0+0.15.0+1.20.1-full)
5728:             1             16  net.fabricmc.loader.impl.FMLModMetadata$$Lambda$949/0x00000001005190b0 (net.fabricmc.loader@2.6.0+0.15.0+1.20.1-full)
5729:             1             16  net.fabricmc.loader.impl.FMLModMetadata$$Lambda$952/0x0000000100519e08 (net.fabricmc.loader@2.6.0+0.15.0+1.20.1-full)
5730:             1             16  net.fabricmc.loader.impl.ModContainerImpl$$Lambda$951/0x0000000100519bc8 (net.fabricmc.loader@2.6.0+0.15.0+1.20.1-full)
5731:             1             16  net.fabricmc.loader.impl.bootstrap.FabricLoaderBootstrap (net.fabricmc.loader@2.6.0+0.15.0+1.20.1-full)
5732:             1             16  net.fabricmc.loader.impl.bootstrap.FabricLoaderHackyInjector (net.fabricmc.loader@2.6.0+0.15.0+1.20.1-full)
5733:             1             16  net.minecraft.ChatFormatting$$Lambda$1164/0x0000000100589dd8 (minecraft@1.20.1)
5734:             1             16  net.minecraft.ChatFormatting$$Lambda$1168/0x0000000100588400 (minecraft@1.20.1)
5735:             1             16  net.minecraft.ChatFormatting$$Lambda$1169/0x0000000100590000 (minecraft@1.20.1)
5736:             1             16  net.minecraft.SystemReport$$Lambda$1244/0x00000001005a6ba0 (minecraft@1.20.1)
5737:             1             16  net.minecraft.SystemReport$$Lambda$1245/0x00000001005a6dc0 (minecraft@1.20.1)
5738:             1             16  net.minecraft.SystemReport$$Lambda$1296/0x00000001005c2280 (minecraft@1.20.1)
5739:             1             16  net.minecraft.Util$$Lambda$1236/0x00000001005a4460 (minecraft@1.20.1)
5740:             1             16  net.minecraft.Util$$Lambda$1237/0x00000001005a4688 (minecraft@1.20.1)
5741:             1             16  net.minecraft.Util$$Lambda$1238/0x00000001005a48a8 (minecraft@1.20.1)
5742:             1             16  net.minecraft.Util$$Lambda$1239/0x00000001005a4ec8 (minecraft@1.20.1)
5743:             1             16  net.minecraft.Util$$Lambda$1240/0x00000001005a5128 (minecraft@1.20.1)
5744:             1             16  net.minecraft.Util$$Lambda$1241/0x00000001005a5378 (minecraft@1.20.1)
5745:             1             16  net.minecraft.Util$$Lambda$1242/0x00000001005a5598 (minecraft@1.20.1)
5746:             1             16  net.minecraft.Util$$Lambda$1297/0x00000001005c24a0 (minecraft@1.20.1)
5747:             1             16  net.minecraft.Util$$Lambda$1449/0x00000001006771f8 (minecraft@1.20.1)
5748:             1             16  net.minecraft.Util$$Lambda$1450/0x0000000100677438 (minecraft@1.20.1)
5749:             1             16  net.minecraft.Util$$Lambda$5164/0x0000000100db25f8 (minecraft@1.20.1)
5750:             1             16  net.minecraft.Util$$Lambda$5294/0x0000000100de04d8 (minecraft@1.20.1)
5751:             1             16  net.minecraft.Util$$Lambda$5411/0x0000000100df8f38 (minecraft@1.20.1)
5752:             1             16  net.minecraft.Util$1 (minecraft@1.20.1)
5753:             1             16  net.minecraft.Util$3 (minecraft@1.20.1)
5754:             1             16  net.minecraft.Util$4 (minecraft@1.20.1)
5755:             1             16  net.minecraft.client.AttackIndicatorStatus$$Lambda$4444/0x0000000100c01388 (minecraft@1.20.1)
5756:             1             16  net.minecraft.client.GraphicsStatus$$Lambda$4396/0x0000000100bf8690 (minecraft@1.20.1)
5757:             1             16  net.minecraft.client.KeyMapping$$Lambda$4477/0x0000000100c08b28 (minecraft@1.20.1)
5758:             1             16  net.minecraft.client.KeyboardHandler$$Lambda$5108/0x0000000100d9a840 (minecraft@1.20.1)
5759:             1             16  net.minecraft.client.KeyboardHandler$$Lambda$5109/0x0000000100d9aad0 (minecraft@1.20.1)
5760:             1             16  net.minecraft.client.Minecraft$$Lambda$4352/0x0000000100bd9b48 (minecraft@1.20.1)
5761:             1             16  net.minecraft.client.Minecraft$$Lambda$4353/0x0000000100bdaa00 (minecraft@1.20.1)
5762:             1             16  net.minecraft.client.Minecraft$$Lambda$4370/0x0000000100be2488 (minecraft@1.20.1)
5763:             1             16  net.minecraft.client.Minecraft$$Lambda$4572/0x0000000100c248c0 (minecraft@1.20.1)
5764:             1             16  net.minecraft.client.Minecraft$$Lambda$4977/0x0000000100d42458 (minecraft@1.20.1)
5765:             1             16  net.minecraft.client.Minecraft$$Lambda$4978/0x0000000100d42680 (minecraft@1.20.1)
5766:             1             16  net.minecraft.client.Minecraft$$Lambda$4979/0x0000000100d42b88 (minecraft@1.20.1)
5767:             1             16  net.minecraft.client.Minecraft$$Lambda$5291/0x0000000100ddd680 (minecraft@1.20.1)
5768:             1             16  net.minecraft.client.MouseHandler$$Lambda$5104/0x0000000100d99e00 (minecraft@1.20.1)
5769:             1             16  net.minecraft.client.MouseHandler$$Lambda$5105/0x0000000100d9a090 (minecraft@1.20.1)
5770:             1             16  net.minecraft.client.MouseHandler$$Lambda$5106/0x0000000100d9a320 (minecraft@1.20.1)
5771:             1             16  net.minecraft.client.MouseHandler$$Lambda$5107/0x0000000100d9a5b0 (minecraft@1.20.1)
5772:             1             16  net.minecraft.client.NarratorStatus$$Lambda$4522/0x0000000100c16cc0 (minecraft@1.20.1)
5773:             1             16  net.minecraft.client.OptionInstance$$Lambda$4373/0x0000000100bf1dd0 (minecraft@1.20.1)
5774:             1             16  net.minecraft.client.OptionInstance$$Lambda$4375/0x0000000100bf2650 (minecraft@1.20.1)
5775:             1             16  net.minecraft.client.OptionInstance$$Lambda$4377/0x0000000100bf2ac8 (minecraft@1.20.1)
5776:             1             16  net.minecraft.client.OptionInstance$$Lambda$4390/0x0000000100bf6a60 (minecraft@1.20.1)
5777:             1             16  net.minecraft.client.OptionInstance$$Lambda$4461/0x0000000100c05368 (minecraft@1.20.1)
5778:             1             16  net.minecraft.client.OptionInstance$ClampingLazyMaxIntRange$$Lambda$4516/0x0000000100c156c0 (minecraft@1.20.1)
5779:             1             16  net.minecraft.client.OptionInstance$UnitDouble$$Lambda$4380/0x0000000100bf4b38 (minecraft@1.20.1)
5780:             1             16  net.minecraft.client.OptionInstance$UnitDouble$$Lambda$4381/0x0000000100bf4d78 (minecraft@1.20.1)
5781:             1             16  net.minecraft.client.OptionInstance$UnitDouble$$Lambda$4548/0x0000000100c13858 (minecraft@1.20.1)
5782:             1             16  net.minecraft.client.OptionInstance$UnitDouble$$Lambda$4549/0x0000000100c13a98 (minecraft@1.20.1)
5783:             1             16  net.minecraft.client.OptionInstance$UnitDouble$1$$Lambda$4502/0x0000000100c0d450 (minecraft@1.20.1)
5784:             1             16  net.minecraft.client.OptionInstance$UnitDouble$1$$Lambda$4503/0x0000000100c0d698 (minecraft@1.20.1)
5785:             1             16  net.minecraft.client.Options$$Lambda$4378/0x0000000100bf2ce8 (minecraft@1.20.1)
5786:             1             16  net.minecraft.client.Options$$Lambda$4379/0x0000000100bf4908 (minecraft@1.20.1)
5787:             1             16  net.minecraft.client.Options$$Lambda$4382/0x0000000100bf4fb8 (minecraft@1.20.1)
5788:             1             16  net.minecraft.client.Options$$Lambda$4383/0x0000000100bf56c8 (minecraft@1.20.1)
5789:             1             16  net.minecraft.client.Options$$Lambda$4384/0x0000000100bf58e8 (minecraft@1.20.1)
5790:             1             16  net.minecraft.client.Options$$Lambda$4385/0x0000000100bf5da0 (minecraft@1.20.1)
5791:             1             16  net.minecraft.client.Options$$Lambda$4386/0x0000000100bf5fd0 (minecraft@1.20.1)
5792:             1             16  net.minecraft.client.Options$$Lambda$4387/0x0000000100bf61f0 (minecraft@1.20.1)
5793:             1             16  net.minecraft.client.Options$$Lambda$4388/0x0000000100bf6410 (minecraft@1.20.1)
5794:             1             16  net.minecraft.client.Options$$Lambda$4389/0x0000000100bf6630 (minecraft@1.20.1)
5795:             1             16  net.minecraft.client.Options$$Lambda$4391/0x0000000100bf72f0 (minecraft@1.20.1)
5796:             1             16  net.minecraft.client.Options$$Lambda$4392/0x0000000100bf7530 (minecraft@1.20.1)
5797:             1             16  net.minecraft.client.Options$$Lambda$4393/0x0000000100bf7770 (minecraft@1.20.1)
5798:             1             16  net.minecraft.client.Options$$Lambda$4394/0x0000000100bf7c20 (minecraft@1.20.1)
5799:             1             16  net.minecraft.client.Options$$Lambda$4395/0x0000000100bf8000 (minecraft@1.20.1)
5800:             1             16  net.minecraft.client.Options$$Lambda$4398/0x0000000100bf8ad8 (minecraft@1.20.1)
5801:             1             16  net.minecraft.client.Options$$Lambda$4399/0x0000000100bf8d28 (minecraft@1.20.1)
5802:             1             16  net.minecraft.client.Options$$Lambda$4400/0x0000000100bf9148 (minecraft@1.20.1)
5803:             1             16  net.minecraft.client.Options$$Lambda$4401/0x0000000100bf9368 (minecraft@1.20.1)
5804:             1             16  net.minecraft.client.Options$$Lambda$4402/0x0000000100bf95a8 (minecraft@1.20.1)
5805:             1             16  net.minecraft.client.Options$$Lambda$4403/0x0000000100bf97e8 (minecraft@1.20.1)
5806:             1             16  net.minecraft.client.Options$$Lambda$4404/0x0000000100bf9a18 (minecraft@1.20.1)
5807:             1             16  net.minecraft.client.Options$$Lambda$4405/0x0000000100bf9ec8 (minecraft@1.20.1)
5808:             1             16  net.minecraft.client.Options$$Lambda$4407/0x0000000100bfa500 (minecraft@1.20.1)
5809:             1             16  net.minecraft.client.Options$$Lambda$4408/0x0000000100bfa740 (minecraft@1.20.1)
5810:             1             16  net.minecraft.client.Options$$Lambda$4409/0x0000000100bfa980 (minecraft@1.20.1)
5811:             1             16  net.minecraft.client.Options$$Lambda$4411/0x0000000100bfb248 (minecraft@1.20.1)
5812:             1             16  net.minecraft.client.Options$$Lambda$4412/0x0000000100bfb488 (minecraft@1.20.1)
5813:             1             16  net.minecraft.client.Options$$Lambda$4413/0x0000000100bfb6c8 (minecraft@1.20.1)
5814:             1             16  net.minecraft.client.Options$$Lambda$4414/0x0000000100bfb8f8 (minecraft@1.20.1)
5815:             1             16  net.minecraft.client.Options$$Lambda$4415/0x0000000100bfbb18 (minecraft@1.20.1)
5816:             1             16  net.minecraft.client.Options$$Lambda$4416/0x0000000100bfbd48 (minecraft@1.20.1)
5817:             1             16  net.minecraft.client.Options$$Lambda$4417/0x0000000100bfe000 (minecraft@1.20.1)
5818:             1             16  net.minecraft.client.Options$$Lambda$4418/0x0000000100bfe230 (minecraft@1.20.1)
5819:             1             16  net.minecraft.client.Options$$Lambda$4419/0x0000000100bfe450 (minecraft@1.20.1)
5820:             1             16  net.minecraft.client.Options$$Lambda$4420/0x0000000100bfe680 (minecraft@1.20.1)
5821:             1             16  net.minecraft.client.Options$$Lambda$4421/0x0000000100bfe8a0 (minecraft@1.20.1)
5822:             1             16  net.minecraft.client.Options$$Lambda$4422/0x0000000100bfead0 (minecraft@1.20.1)
5823:             1             16  net.minecraft.client.Options$$Lambda$4423/0x0000000100bff5c8 (minecraft@1.20.1)
5824:             1             16  net.minecraft.client.Options$$Lambda$4424/0x0000000100bff808 (minecraft@1.20.1)
5825:             1             16  net.minecraft.client.Options$$Lambda$4425/0x0000000100bffa48 (minecraft@1.20.1)
5826:             1             16  net.minecraft.client.Options$$Lambda$4426/0x0000000100bffc80 (minecraft@1.20.1)
5827:             1             16  net.minecraft.client.Options$$Lambda$4427/0x0000000100bfd000 (minecraft@1.20.1)
5828:             1             16  net.minecraft.client.Options$$Lambda$4428/0x0000000100bfd230 (minecraft@1.20.1)
5829:             1             16  net.minecraft.client.Options$$Lambda$4429/0x0000000100bfd450 (minecraft@1.20.1)
5830:             1             16  net.minecraft.client.Options$$Lambda$4430/0x0000000100bfd680 (minecraft@1.20.1)
5831:             1             16  net.minecraft.client.Options$$Lambda$4431/0x0000000100bfdb40 (minecraft@1.20.1)
5832:             1             16  net.minecraft.client.Options$$Lambda$4432/0x0000000100bfdd70 (minecraft@1.20.1)
5833:             1             16  net.minecraft.client.Options$$Lambda$4433/0x0000000100bfc800 (minecraft@1.20.1)
5834:             1             16  net.minecraft.client.Options$$Lambda$4434/0x0000000100bfca30 (minecraft@1.20.1)
5835:             1             16  net.minecraft.client.Options$$Lambda$4435/0x0000000100bfcc50 (minecraft@1.20.1)
5836:             1             16  net.minecraft.client.Options$$Lambda$4436/0x0000000100bfc400 (minecraft@1.20.1)
5837:             1             16  net.minecraft.client.Options$$Lambda$4437/0x0000000100c00000 (minecraft@1.20.1)
5838:             1             16  net.minecraft.client.Options$$Lambda$4438/0x0000000100c00230 (minecraft@1.20.1)
5839:             1             16  net.minecraft.client.Options$$Lambda$4439/0x0000000100c00450 (minecraft@1.20.1)
5840:             1             16  net.minecraft.client.Options$$Lambda$4440/0x0000000100c00670 (minecraft@1.20.1)
5841:             1             16  net.minecraft.client.Options$$Lambda$4441/0x0000000100c00890 (minecraft@1.20.1)
5842:             1             16  net.minecraft.client.Options$$Lambda$4442/0x0000000100c00ac0 (minecraft@1.20.1)
5843:             1             16  net.minecraft.client.Options$$Lambda$4443/0x0000000100c00ce0 (minecraft@1.20.1)
5844:             1             16  net.minecraft.client.Options$$Lambda$4445/0x0000000100c015a8 (minecraft@1.20.1)
5845:             1             16  net.minecraft.client.Options$$Lambda$4446/0x0000000100c017e8 (minecraft@1.20.1)
5846:             1             16  net.minecraft.client.Options$$Lambda$4447/0x0000000100c01a28 (minecraft@1.20.1)
5847:             1             16  net.minecraft.client.Options$$Lambda$4454/0x0000000100c04458 (minecraft@1.20.1)
5848:             1             16  net.minecraft.client.Options$$Lambda$4455/0x0000000100c04678 (minecraft@1.20.1)
5849:             1             16  net.minecraft.client.Options$$Lambda$4456/0x0000000100c048a8 (minecraft@1.20.1)
5850:             1             16  net.minecraft.client.Options$$Lambda$4457/0x0000000100c04ac8 (minecraft@1.20.1)
5851:             1             16  net.minecraft.client.Options$$Lambda$4458/0x0000000100c04ce8 (minecraft@1.20.1)
5852:             1             16  net.minecraft.client.Options$$Lambda$4459/0x0000000100c04f08 (minecraft@1.20.1)
5853:             1             16  net.minecraft.client.Options$$Lambda$4460/0x0000000100c05138 (minecraft@1.20.1)
5854:             1             16  net.minecraft.client.Options$$Lambda$4462/0x0000000100c05598 (minecraft@1.20.1)
5855:             1             16  net.minecraft.client.Options$$Lambda$4463/0x0000000100c057c8 (minecraft@1.20.1)
5856:             1             16  net.minecraft.client.Options$$Lambda$4464/0x0000000100c059f8 (minecraft@1.20.1)
5857:             1             16  net.minecraft.client.Options$$Lambda$4466/0x0000000100c06060 (minecraft@1.20.1)
5858:             1             16  net.minecraft.client.Options$$Lambda$4468/0x0000000100c064b8 (minecraft@1.20.1)
5859:             1             16  net.minecraft.client.Options$$Lambda$4469/0x0000000100c066d8 (minecraft@1.20.1)
5860:             1             16  net.minecraft.client.Options$$Lambda$4470/0x0000000100c06908 (minecraft@1.20.1)
5861:             1             16  net.minecraft.client.Options$$Lambda$4471/0x0000000100c06b28 (minecraft@1.20.1)
5862:             1             16  net.minecraft.client.Options$$Lambda$4472/0x0000000100c06d58 (minecraft@1.20.1)
5863:             1             16  net.minecraft.client.Options$$Lambda$4473/0x0000000100c06f90 (minecraft@1.20.1)
5864:             1             16  net.minecraft.client.Options$$Lambda$4474/0x0000000100c071b0 (minecraft@1.20.1)
5865:             1             16  net.minecraft.client.Options$$Lambda$4475/0x0000000100c073e0 (minecraft@1.20.1)
5866:             1             16  net.minecraft.client.Options$$Lambda$4476/0x0000000100c07600 (minecraft@1.20.1)
5867:             1             16  net.minecraft.client.Options$$Lambda$4484/0x0000000100c0b140 (minecraft@1.20.1)
5868:             1             16  net.minecraft.client.Options$$Lambda$4485/0x0000000100c0b368 (minecraft@1.20.1)
5869:             1             16  net.minecraft.client.Options$$Lambda$4486/0x0000000100c0bdc0 (minecraft@1.20.1)
5870:             1             16  net.minecraft.client.Options$$Lambda$4487/0x0000000100c0e000 (minecraft@1.20.1)
5871:             1             16  net.minecraft.client.Options$$Lambda$4488/0x0000000100c0e240 (minecraft@1.20.1)
5872:             1             16  net.minecraft.client.Options$$Lambda$4489/0x0000000100c0e480 (minecraft@1.20.1)
5873:             1             16  net.minecraft.client.Options$$Lambda$4490/0x0000000100c0e6b0 (minecraft@1.20.1)
5874:             1             16  net.minecraft.client.Options$$Lambda$4491/0x0000000100c0e8d0 (minecraft@1.20.1)
5875:             1             16  net.minecraft.client.Options$$Lambda$4492/0x0000000100c0eb00 (minecraft@1.20.1)
5876:             1             16  net.minecraft.client.Options$$Lambda$4493/0x0000000100c0ed20 (minecraft@1.20.1)
5877:             1             16  net.minecraft.client.Options$$Lambda$4494/0x0000000100c0ef50 (minecraft@1.20.1)
5878:             1             16  net.minecraft.client.Options$$Lambda$4495/0x0000000100c0f170 (minecraft@1.20.1)
5879:             1             16  net.minecraft.client.Options$$Lambda$4496/0x0000000100c0f390 (minecraft@1.20.1)
5880:             1             16  net.minecraft.client.Options$$Lambda$4497/0x0000000100c0f848 (minecraft@1.20.1)
5881:             1             16  net.minecraft.client.Options$$Lambda$4498/0x0000000100c0fa78 (minecraft@1.20.1)
5882:             1             16  net.minecraft.client.Options$$Lambda$4499/0x0000000100c0fc98 (minecraft@1.20.1)
5883:             1             16  net.minecraft.client.Options$$Lambda$4500/0x0000000100c0d000 (minecraft@1.20.1)
5884:             1             16  net.minecraft.client.Options$$Lambda$4501/0x0000000100c0d220 (minecraft@1.20.1)
5885:             1             16  net.minecraft.client.Options$$Lambda$4504/0x0000000100c0d8e0 (minecraft@1.20.1)
5886:             1             16  net.minecraft.client.Options$$Lambda$4505/0x0000000100c0db00 (minecraft@1.20.1)
5887:             1             16  net.minecraft.client.Options$$Lambda$4506/0x0000000100c0dd30 (minecraft@1.20.1)
5888:             1             16  net.minecraft.client.Options$$Lambda$4507/0x0000000100c14000 (minecraft@1.20.1)
5889:             1             16  net.minecraft.client.Options$$Lambda$4508/0x0000000100c14230 (minecraft@1.20.1)
5890:             1             16  net.minecraft.client.Options$$Lambda$4509/0x0000000100c14450 (minecraft@1.20.1)
5891:             1             16  net.minecraft.client.Options$$Lambda$4510/0x0000000100c14680 (minecraft@1.20.1)
5892:             1             16  net.minecraft.client.Options$$Lambda$4511/0x0000000100c148a0 (minecraft@1.20.1)
5893:             1             16  net.minecraft.client.Options$$Lambda$4512/0x0000000100c14ad0 (minecraft@1.20.1)
5894:             1             16  net.minecraft.client.Options$$Lambda$4514/0x0000000100c15270 (minecraft@1.20.1)
5895:             1             16  net.minecraft.client.Options$$Lambda$4515/0x0000000100c15490 (minecraft@1.20.1)
5896:             1             16  net.minecraft.client.Options$$Lambda$4518/0x0000000100c15fa0 (minecraft@1.20.1)
5897:             1             16  net.minecraft.client.Options$$Lambda$4519/0x0000000100c161e0 (minecraft@1.20.1)
5898:             1             16  net.minecraft.client.Options$$Lambda$4520/0x0000000100c16420 (minecraft@1.20.1)
5899:             1             16  net.minecraft.client.Options$$Lambda$4521/0x0000000100c168a0 (minecraft@1.20.1)
5900:             1             16  net.minecraft.client.Options$$Lambda$4523/0x0000000100c16ee0 (minecraft@1.20.1)
5901:             1             16  net.minecraft.client.Options$$Lambda$4524/0x0000000100c17120 (minecraft@1.20.1)
5902:             1             16  net.minecraft.client.Options$$Lambda$4525/0x0000000100c17360 (minecraft@1.20.1)
5903:             1             16  net.minecraft.client.Options$$Lambda$4526/0x0000000100c17598 (minecraft@1.20.1)
5904:             1             16  net.minecraft.client.Options$$Lambda$4527/0x0000000100c17a38 (minecraft@1.20.1)
5905:             1             16  net.minecraft.client.Options$$Lambda$4528/0x0000000100c17c58 (minecraft@1.20.1)
5906:             1             16  net.minecraft.client.Options$$Lambda$4529/0x0000000100c12000 (minecraft@1.20.1)
5907:             1             16  net.minecraft.client.Options$$Lambda$4530/0x0000000100c12230 (minecraft@1.20.1)
5908:             1             16  net.minecraft.client.Options$$Lambda$4531/0x0000000100c12450 (minecraft@1.20.1)
5909:             1             16  net.minecraft.client.Options$$Lambda$4532/0x0000000100c12680 (minecraft@1.20.1)
5910:             1             16  net.minecraft.client.Options$$Lambda$4533/0x0000000100c128a0 (minecraft@1.20.1)
5911:             1             16  net.minecraft.client.Options$$Lambda$4556/0x0000000100c1c248 (minecraft@1.20.1)
5912:             1             16  net.minecraft.client.Options$$Lambda$4557/0x0000000100c1c488 (minecraft@1.20.1)
5913:             1             16  net.minecraft.client.Options$$Lambda$4558/0x0000000100c1c6c8 (minecraft@1.20.1)
5914:             1             16  net.minecraft.client.Options$$Lambda$4560/0x0000000100c1cb50 (minecraft@1.20.1)
5915:             1             16  net.minecraft.client.Options$$Lambda$4562/0x0000000100c1cfd8 (minecraft@1.20.1)
5916:             1             16  net.minecraft.client.Options$$Lambda$4563/0x0000000100c1d218 (minecraft@1.20.1)
5917:             1             16  net.minecraft.client.ParticleStatus$$Lambda$4517/0x0000000100c15d80 (minecraft@1.20.1)
5918:             1             16  net.minecraft.client.PeriodicNotificationManager$$Lambda$4346/0x0000000100bd8ba0 (minecraft@1.20.1)
5919:             1             16  net.minecraft.client.PeriodicNotificationManager$$Lambda$4347/0x0000000100bd8ff8 (minecraft@1.20.1)
5920:             1             16  net.minecraft.client.PeriodicNotificationManager$$Lambda$4348/0x0000000100bd9238 (minecraft@1.20.1)
5921:             1             16  net.minecraft.client.PeriodicNotificationManager$$Lambda$4349/0x0000000100bd9478 (minecraft@1.20.1)
5922:             1             16  net.minecraft.client.PeriodicNotificationManager$$Lambda$4350/0x0000000100bd96b8 (minecraft@1.20.1)
5923:             1             16  net.minecraft.client.PeriodicNotificationManager$$Lambda$4351/0x0000000100bd98f8 (minecraft@1.20.1)
5924:             1             16  net.minecraft.client.PeriodicNotificationManager$$Lambda$5995/0x0000000100eac6e8 (minecraft@1.20.1)
5925:             1             16  net.minecraft.client.PeriodicNotificationManager$$Lambda$5996/0x0000000100eac928 (minecraft@1.20.1)
5926:             1             16  net.minecraft.client.PrioritizeChunkUpdates$$Lambda$4406/0x0000000100bfa2e0 (minecraft@1.20.1)
5927:             1             16  net.minecraft.client.ResourceLoadStateTracker$$Lambda$5181/0x0000000100dc63a8 (minecraft@1.20.1)
5928:             1             16  net.minecraft.client.StringSplitter$FlatComponents$$Lambda$6048/0x0000000100eb88d8 (minecraft@1.20.1)
5929:             1             16  net.minecraft.client.User$Type$$Lambda$1243/0x00000001005a62c0 (minecraft@1.20.1)
5930:             1             16  net.minecraft.client.color.block.BlockColors$$Lambda$4930/0x0000000100d2b9f8 (minecraft@1.20.1)
5931:             1             16  net.minecraft.client.color.block.BlockColors$$Lambda$4931/0x0000000100d2bc18 (minecraft@1.20.1)
5932:             1             16  net.minecraft.client.color.block.BlockColors$$Lambda$4932/0x0000000100d2e000 (minecraft@1.20.1)
5933:             1             16  net.minecraft.client.color.block.BlockColors$$Lambda$4933/0x0000000100d2e220 (minecraft@1.20.1)
5934:             1             16  net.minecraft.client.color.block.BlockColors$$Lambda$4934/0x0000000100d2e440 (minecraft@1.20.1)
5935:             1             16  net.minecraft.client.color.block.BlockColors$$Lambda$4935/0x0000000100d2e660 (minecraft@1.20.1)
5936:             1             16  net.minecraft.client.color.block.BlockColors$$Lambda$4936/0x0000000100d2e880 (minecraft@1.20.1)
5937:             1             16  net.minecraft.client.color.block.BlockColors$$Lambda$4937/0x0000000100d2eaa0 (minecraft@1.20.1)
5938:             1             16  net.minecraft.client.color.block.BlockColors$$Lambda$4938/0x0000000100d2ecc0 (minecraft@1.20.1)
5939:             1             16  net.minecraft.client.color.block.BlockColors$$Lambda$4939/0x0000000100d2eee0 (minecraft@1.20.1)
5940:             1             16  net.minecraft.client.color.block.BlockColors$$Lambda$4940/0x0000000100d2f100 (minecraft@1.20.1)
5941:             1             16  net.minecraft.client.color.block.BlockColors$$Lambda$4941/0x0000000100d2f320 (minecraft@1.20.1)
5942:             1             16  net.minecraft.client.color.item.ItemColors (minecraft@1.20.1)
5943:             1             16  net.minecraft.client.color.item.ItemColors$$Lambda$4955/0x0000000100d3dce0 (minecraft@1.20.1)
5944:             1             16  net.minecraft.client.color.item.ItemColors$$Lambda$4956/0x0000000100d3df00 (minecraft@1.20.1)
5945:             1             16  net.minecraft.client.color.item.ItemColors$$Lambda$4957/0x0000000100d3e120 (minecraft@1.20.1)
5946:             1             16  net.minecraft.client.color.item.ItemColors$$Lambda$4958/0x0000000100d3e340 (minecraft@1.20.1)
5947:             1             16  net.minecraft.client.color.item.ItemColors$$Lambda$4960/0x0000000100d3e788 (minecraft@1.20.1)
5948:             1             16  net.minecraft.client.color.item.ItemColors$$Lambda$4961/0x0000000100d3e9b0 (minecraft@1.20.1)
5949:             1             16  net.minecraft.client.color.item.ItemColors$$Lambda$4962/0x0000000100d3ebd0 (minecraft@1.20.1)
5950:             1             16  net.minecraft.client.color.item.ItemColors$$Lambda$4963/0x0000000100d3edf0 (minecraft@1.20.1)
5951:             1             16  net.minecraft.client.gui.components.Button$$Lambda$6040/0x0000000100eb55b0 (minecraft@1.20.1)
5952:             1             16  net.minecraft.client.gui.components.Button$Builder$$Lambda$6041/0x0000000100eb5a20 (minecraft@1.20.1)
5953:             1             16  net.minecraft.client.gui.components.DebugScreenOverlay$$Lambda$5097/0x0000000100d94800 (minecraft@1.20.1)
5954:             1             16  net.minecraft.client.gui.components.PlayerTabOverlay$$Lambda$5100/0x0000000100d984f8 (minecraft@1.20.1)
5955:             1             16  net.minecraft.client.gui.components.PlayerTabOverlay$$Lambda$5101/0x0000000100d98718 (minecraft@1.20.1)
5956:             1             16  net.minecraft.client.gui.components.PlayerTabOverlay$$Lambda$5102/0x0000000100d98958 (minecraft@1.20.1)
5957:             1             16  net.minecraft.client.gui.components.PlayerTabOverlay$$Lambda$5103/0x0000000100d98b98 (minecraft@1.20.1)
5958:             1             16  net.minecraft.client.gui.font.AllMissingGlyphProvider (minecraft@1.20.1)
5959:             1             16  net.minecraft.client.gui.font.FontManager$$Lambda$4723/0x0000000100d01fd0 (minecraft@1.20.1)
5960:             1             16  net.minecraft.client.gui.font.FontManager$$Lambda$4927/0x0000000100d2a3d8 (minecraft@1.20.1)
5961:             1             16  net.minecraft.client.gui.font.FontManager$$Lambda$4929/0x0000000100d2aee0 (minecraft@1.20.1)
5962:             1             16  net.minecraft.client.gui.font.FontManager$$Lambda$5375/0x0000000100de6760 (minecraft@1.20.1)
5963:             1             16  net.minecraft.client.gui.font.FontManager$$Lambda$5412/0x0000000100df93a0 (minecraft@1.20.1)
5964:             1             16  net.minecraft.client.gui.font.FontManager$$Lambda$5413/0x0000000100df9840 (minecraft@1.20.1)
5965:             1             16  net.minecraft.client.gui.font.FontManager$$Lambda$5613/0x0000000100e2a908 (minecraft@1.20.1)
5966:             1             16  net.minecraft.client.gui.font.FontManager$$Lambda$5634/0x0000000100e30948 (minecraft@1.20.1)
5967:             1             16  net.minecraft.client.gui.font.FontManager$$Lambda$5705/0x0000000100e4a240 (minecraft@1.20.1)
5968:             1             16  net.minecraft.client.gui.font.FontManager$$Lambda$5706/0x0000000100e4a470 (minecraft@1.20.1)
5969:             1             16  net.minecraft.client.gui.font.FontManager$BuilderResult$$Lambda$5608/0x0000000100e2fbb0 (minecraft@1.20.1)
5970:             1             16  net.minecraft.client.gui.font.FontManager$BuilderResult$$Lambda$5610/0x0000000100e2a248 (minecraft@1.20.1)
5971:             1             16  net.minecraft.client.gui.font.FontManager$FontDefinitionFile$$Lambda$5241/0x0000000100dd2458 (minecraft@1.20.1)
5972:             1             16  net.minecraft.client.gui.font.FontManager$FontDefinitionFile$$Lambda$5317/0x0000000100de55e0 (minecraft@1.20.1)
5973:             1             16  net.minecraft.client.gui.font.FontManager$FontDefinitionFile$$Lambda$5318/0x0000000100de5820 (minecraft@1.20.1)
5974:             1             16  net.minecraft.client.gui.font.FontManager$UnresolvedBuilderBundle$$Lambda$5415/0x0000000100df9e78 (minecraft@1.20.1)
5975:             1             16  net.minecraft.client.gui.font.FontSet$$Lambda$4719/0x0000000100d00f58 (minecraft@1.20.1)
5976:             1             16  net.minecraft.client.gui.font.FontSet$$Lambda$4720/0x0000000100d01370 (minecraft@1.20.1)
5977:             1             16  net.minecraft.client.gui.font.FontSet$$Lambda$4721/0x0000000100d01998 (minecraft@1.20.1)
5978:             1             16  net.minecraft.client.gui.font.FontSet$$Lambda$4722/0x0000000100d01db0 (minecraft@1.20.1)
5979:             1             16  net.minecraft.client.gui.font.FontSet$$Lambda$5708/0x0000000100e4a8d8 (minecraft@1.20.1)
5980:             1             16  net.minecraft.client.gui.font.glyphs.SpecialGlyphs$$Lambda$4724/0x0000000100d028f0 (minecraft@1.20.1)
5981:             1             16  net.minecraft.client.gui.font.glyphs.SpecialGlyphs$$Lambda$4725/0x0000000100d02d10 (minecraft@1.20.1)
5982:             1             16  net.minecraft.client.gui.font.glyphs.SpecialGlyphs$$Lambda$4726/0x0000000100d02f30 (minecraft@1.20.1)
5983:             1             16  net.minecraft.client.gui.font.glyphs.SpecialGlyphs$$Lambda$4727/0x0000000100d03150 (minecraft@1.20.1)
5984:             1             16  net.minecraft.client.gui.font.providers.BitmapProvider$Definition$$Lambda$5257/0x0000000100dd8920 (minecraft@1.20.1)
5985:             1             16  net.minecraft.client.gui.font.providers.BitmapProvider$Definition$$Lambda$5260/0x0000000100dd8b60 (minecraft@1.20.1)
5986:             1             16  net.minecraft.client.gui.font.providers.BitmapProvider$Definition$$Lambda$5261/0x0000000100dd8da0 (minecraft@1.20.1)
5987:             1             16  net.minecraft.client.gui.font.providers.BitmapProvider$Definition$$Lambda$5263/0x0000000100dd9228 (minecraft@1.20.1)
5988:             1             16  net.minecraft.client.gui.font.providers.BitmapProvider$Definition$$Lambda$5264/0x0000000100dd9468 (minecraft@1.20.1)
5989:             1             16  net.minecraft.client.gui.font.providers.BitmapProvider$Definition$$Lambda$5266/0x0000000100dd98d0 (minecraft@1.20.1)
5990:             1             16  net.minecraft.client.gui.font.providers.BitmapProvider$Definition$$Lambda$5267/0x0000000100dd9b10 (minecraft@1.20.1)
5991:             1             16  net.minecraft.client.gui.font.providers.BitmapProvider$Definition$$Lambda$5269/0x0000000100dd9f78 (minecraft@1.20.1)
5992:             1             16  net.minecraft.client.gui.font.providers.BitmapProvider$Definition$$Lambda$5271/0x0000000100dda3f0 (minecraft@1.20.1)
5993:             1             16  net.minecraft.client.gui.font.providers.BitmapProvider$Definition$$Lambda$5272/0x0000000100dda640 (minecraft@1.20.1)
5994:             1             16  net.minecraft.client.gui.font.providers.BitmapProvider$Definition$$Lambda$5414/0x0000000100df9c58 (minecraft@1.20.1)
5995:             1             16  net.minecraft.client.gui.font.providers.BitmapProvider$Definition$$Lambda$5416/0x0000000100dfa4a8 (minecraft@1.20.1)
5996:             1             16  net.minecraft.client.gui.font.providers.GlyphProviderDefinition$$Lambda$5315/0x0000000100de4f58 (minecraft@1.20.1)
5997:             1             16  net.minecraft.client.gui.font.providers.GlyphProviderDefinition$$Lambda$5316/0x0000000100de53a0 (minecraft@1.20.1)
5998:             1             16  net.minecraft.client.gui.font.providers.GlyphProviderType$$Lambda$5314/0x0000000100de4d38 (minecraft@1.20.1)
5999:             1             16  net.minecraft.client.gui.font.providers.ProviderReferenceDefinition$$Lambda$5311/0x0000000100de4228 (minecraft@1.20.1)
6000:             1             16  net.minecraft.client.gui.font.providers.ProviderReferenceDefinition$$Lambda$5312/0x0000000100de46c0 (minecraft@1.20.1)
6001:             1             16  net.minecraft.client.gui.font.providers.ProviderReferenceDefinition$$Lambda$5313/0x0000000100de4900 (minecraft@1.20.1)
6002:             1             16  net.minecraft.client.gui.font.providers.TrueTypeGlyphProviderDefinition$$Lambda$5276/0x0000000100ddacd8 (minecraft@1.20.1)
6003:             1             16  net.minecraft.client.gui.font.providers.TrueTypeGlyphProviderDefinition$$Lambda$5277/0x0000000100ddaf18 (minecraft@1.20.1)
6004:             1             16  net.minecraft.client.gui.font.providers.TrueTypeGlyphProviderDefinition$$Lambda$5278/0x0000000100ddb158 (minecraft@1.20.1)
6005:             1             16  net.minecraft.client.gui.font.providers.TrueTypeGlyphProviderDefinition$$Lambda$5279/0x0000000100ddb398 (minecraft@1.20.1)
6006:             1             16  net.minecraft.client.gui.font.providers.TrueTypeGlyphProviderDefinition$$Lambda$5280/0x0000000100ddb7f8 (minecraft@1.20.1)
6007:             1             16  net.minecraft.client.gui.font.providers.TrueTypeGlyphProviderDefinition$$Lambda$5281/0x0000000100ddba38 (minecraft@1.20.1)
6008:             1             16  net.minecraft.client.gui.font.providers.TrueTypeGlyphProviderDefinition$$Lambda$5284/0x0000000100dde688 (minecraft@1.20.1)
6009:             1             16  net.minecraft.client.gui.font.providers.TrueTypeGlyphProviderDefinition$$Lambda$5285/0x0000000100dde8c8 (minecraft@1.20.1)
6010:             1             16  net.minecraft.client.gui.font.providers.TrueTypeGlyphProviderDefinition$$Lambda$5286/0x0000000100ddeb08 (minecraft@1.20.1)
6011:             1             16  net.minecraft.client.gui.font.providers.TrueTypeGlyphProviderDefinition$Shift$$Lambda$5282/0x0000000100dde208 (minecraft@1.20.1)
6012:             1             16  net.minecraft.client.gui.font.providers.TrueTypeGlyphProviderDefinition$Shift$$Lambda$5283/0x0000000100dde448 (minecraft@1.20.1)
6013:             1             16  net.minecraft.client.gui.font.providers.UnihexProvider (minecraft@1.20.1)
6014:             1             16  net.minecraft.client.gui.font.providers.UnihexProvider$Definition$$Lambda$5293/0x0000000100de0fb8 (minecraft@1.20.1)
6015:             1             16  net.minecraft.client.gui.font.providers.UnihexProvider$Definition$$Lambda$5297/0x0000000100de1430 (minecraft@1.20.1)
6016:             1             16  net.minecraft.client.gui.font.providers.UnihexProvider$Definition$$Lambda$5309/0x0000000100de3730 (minecraft@1.20.1)
6017:             1             16  net.minecraft.client.gui.font.providers.UnihexProvider$Definition$$Lambda$5310/0x0000000100de3970 (minecraft@1.20.1)
6018:             1             16  net.minecraft.client.gui.font.providers.UnihexProvider$Definition$$Lambda$5400/0x0000000100df1000 (minecraft@1.20.1)
6019:             1             16  net.minecraft.client.gui.font.providers.UnihexProvider$Definition$$Lambda$5401/0x0000000100df1670 (minecraft@1.20.1)
6020:             1             16  net.minecraft.client.gui.font.providers.UnihexProvider$Definition$$Lambda$5595/0x0000000100e2d8d0 (minecraft@1.20.1)
6021:             1             16  net.minecraft.client.gui.font.providers.UnihexProvider$Definition$$Lambda$5596/0x0000000100e2dce8 (minecraft@1.20.1)
6022:             1             16  net.minecraft.client.gui.font.providers.UnihexProvider$Dimensions$$Lambda$5302/0x0000000100de2578 (minecraft@1.20.1)
6023:             1             16  net.minecraft.client.gui.font.providers.UnihexProvider$Dimensions$$Lambda$5303/0x0000000100de27b8 (minecraft@1.20.1)
6024:             1             16  net.minecraft.client.gui.font.providers.UnihexProvider$Dimensions$$Lambda$5304/0x0000000100de29f8 (minecraft@1.20.1)
6025:             1             16  net.minecraft.client.gui.font.providers.UnihexProvider$Dimensions$$Lambda$5305/0x0000000100de2c38 (minecraft@1.20.1)
6026:             1             16  net.minecraft.client.gui.font.providers.UnihexProvider$OverrideRange$$Lambda$5299/0x0000000100de1cb0 (minecraft@1.20.1)
6027:             1             16  net.minecraft.client.gui.font.providers.UnihexProvider$OverrideRange$$Lambda$5300/0x0000000100de1ef0 (minecraft@1.20.1)
6028:             1             16  net.minecraft.client.gui.font.providers.UnihexProvider$OverrideRange$$Lambda$5301/0x0000000100de2130 (minecraft@1.20.1)
6029:             1             16  net.minecraft.client.gui.font.providers.UnihexProvider$OverrideRange$$Lambda$5306/0x0000000100de2e68 (minecraft@1.20.1)
6030:             1             16  net.minecraft.client.gui.font.providers.UnihexProvider$OverrideRange$$Lambda$5307/0x0000000100de30a8 (minecraft@1.20.1)
6031:             1             16  net.minecraft.client.gui.font.providers.UnihexProvider$OverrideRange$$Lambda$5308/0x0000000100de34f0 (minecraft@1.20.1)
6032:             1             16  net.minecraft.client.gui.narration.NarrationThunk$$Lambda$6064/0x0000000100ec2ab8 (minecraft@1.20.1)
6033:             1             16  net.minecraft.client.gui.narration.NarrationThunk$$Lambda$6065/0x0000000100ec2ce8 (minecraft@1.20.1)
6034:             1             16  net.minecraft.client.gui.narration.ScreenNarrationCollector$$Lambda$6034/0x0000000100eb3f60 (minecraft@1.20.1)
6035:             1             16  net.minecraft.client.gui.narration.ScreenNarrationCollector$$Lambda$6035/0x0000000100eb41a0 (minecraft@1.20.1)
6036:             1             16  net.minecraft.client.gui.narration.ScreenNarrationCollector$Output$$Lambda$6066/0x0000000100ec3130 (minecraft@1.20.1)
6037:             1             16  net.minecraft.client.gui.screens.LoadingOverlay$$Lambda$5179/0x0000000100dc5238 (minecraft@1.20.1)
6038:             1             16  net.minecraft.client.gui.screens.Screen$$Lambda$6036/0x0000000100eb43e0 (minecraft@1.20.1)
6039:             1             16  net.minecraft.client.gui.screens.Screen$$Lambda$6067/0x0000000100ec3370 (minecraft@1.20.1)
6040:             1             16  net.minecraft.client.gui.screens.Screen$$Lambda$6068/0x0000000100ec35c0 (minecraft@1.20.1)
6041:             1             16  net.minecraft.client.gui.screens.worldselection.PresetEditor$$Lambda$5152/0x0000000100da9980 (minecraft@1.20.1)
6042:             1             16  net.minecraft.client.gui.screens.worldselection.PresetEditor$$Lambda$5153/0x0000000100da9ba0 (minecraft@1.20.1)
6043:             1             16  net.minecraft.client.main.Main$$Lambda$1316/0x00000001005c38b0 (minecraft@1.20.1)
6044:             1             16  net.minecraft.client.model.AgeableHierarchicalModel$$Lambda$5919/0x0000000100e9ea40 (minecraft@1.20.1)
6045:             1             16  net.minecraft.client.model.AgeableListModel$$Lambda$5883/0x0000000100e97ba8 (minecraft@1.20.1)
6046:             1             16  net.minecraft.client.model.AllayModel$$Lambda$5901/0x0000000100e9b730 (minecraft@1.20.1)
6047:             1             16  net.minecraft.client.model.BookModel$$Lambda$5744/0x0000000100e6a2d8 (minecraft@1.20.1)
6048:             1             16  net.minecraft.client.model.EntityModel$$Lambda$5900/0x0000000100e9b4f0 (minecraft@1.20.1)
6049:             1             16  net.minecraft.client.model.HierarchicalModel$$Lambda$5887/0x0000000100e98868 (minecraft@1.20.1)
6050:             1             16  net.minecraft.client.model.HumanoidModel$$Lambda$5888/0x0000000100e98d80 (minecraft@1.20.1)
6051:             1             16  net.minecraft.client.model.ListModel$$Lambda$5929/0x0000000100ea46c8 (minecraft@1.20.1)
6052:             1             16  net.minecraft.client.model.PlayerModel$$Lambda$5894/0x0000000100e9a7a0 (minecraft@1.20.1)
6053:             1             16  net.minecraft.client.model.PlayerModel$$Lambda$5896/0x0000000100e9ac20 (minecraft@1.20.1)
6054:             1             16  net.minecraft.client.model.ShieldModel$$Lambda$5754/0x0000000100e6c3a8 (minecraft@1.20.1)
6055:             1             16  net.minecraft.client.model.ShulkerModel$$Lambda$5753/0x0000000100e6c168 (minecraft@1.20.1)
6056:             1             16  net.minecraft.client.model.SkullModelBase$$Lambda$5746/0x0000000100e6b198 (minecraft@1.20.1)
6057:             1             16  net.minecraft.client.model.TridentModel$$Lambda$5755/0x0000000100e6c5e8 (minecraft@1.20.1)
6058:             1             16  net.minecraft.client.model.VexModel$$Lambda$5926/0x0000000100ea4000 (minecraft@1.20.1)
6059:             1             16  net.minecraft.client.model.WardenModel$$Lambda$5907/0x0000000100e9cc98 (minecraft@1.20.1)
6060:             1             16  net.minecraft.client.model.geom.EntityModelSet (minecraft@1.20.1)
6061:             1             16  net.minecraft.client.model.geom.ModelPart$$Lambda$5895/0x0000000100e9a9e0 (minecraft@1.20.1)
6062:             1             16  net.minecraft.client.model.geom.builders.PartDefinition$$Lambda$5739/0x0000000100e68d68 (minecraft@1.20.1)
6063:             1             16  net.minecraft.client.model.geom.builders.PartDefinition$$Lambda$5741/0x0000000100e693f8 (minecraft@1.20.1)
6064:             1             16  net.minecraft.client.model.geom.builders.PartDefinition$$Lambda$5742/0x0000000100e69640 (minecraft@1.20.1)
6065:             1             16  net.minecraft.client.multiplayer.AccountProfileKeyPairManager$$Lambda$5177/0x0000000100dba108 (minecraft@1.20.1)
6066:             1             16  net.minecraft.client.multiplayer.ProfileKeyPairManager$1 (minecraft@1.20.1)
6067:             1             16  net.minecraft.client.particle.AshParticle$Provider (minecraft@1.20.1)
6068:             1             16  net.minecraft.client.particle.AttackSweepParticle$Provider (minecraft@1.20.1)
6069:             1             16  net.minecraft.client.particle.BlockMarker$Provider (minecraft@1.20.1)
6070:             1             16  net.minecraft.client.particle.BreakingItemParticle$Provider (minecraft@1.20.1)
6071:             1             16  net.minecraft.client.particle.BreakingItemParticle$SlimeProvider (minecraft@1.20.1)
6072:             1             16  net.minecraft.client.particle.BreakingItemParticle$SnowballProvider (minecraft@1.20.1)
6073:             1             16  net.minecraft.client.particle.BubbleColumnUpParticle$Provider (minecraft@1.20.1)
6074:             1             16  net.minecraft.client.particle.BubbleParticle$Provider (minecraft@1.20.1)
6075:             1             16  net.minecraft.client.particle.BubblePopParticle$Provider (minecraft@1.20.1)
6076:             1             16  net.minecraft.client.particle.CampfireSmokeParticle$CosyProvider (minecraft@1.20.1)
6077:             1             16  net.minecraft.client.particle.CampfireSmokeParticle$SignalProvider (minecraft@1.20.1)
6078:             1             16  net.minecraft.client.particle.CritParticle$DamageIndicatorProvider (minecraft@1.20.1)
6079:             1             16  net.minecraft.client.particle.CritParticle$MagicProvider (minecraft@1.20.1)
6080:             1             16  net.minecraft.client.particle.CritParticle$Provider (minecraft@1.20.1)
6081:             1             16  net.minecraft.client.particle.DragonBreathParticle$Provider (minecraft@1.20.1)
6082:             1             16  net.minecraft.client.particle.DustColorTransitionParticle$Provider (minecraft@1.20.1)
6083:             1             16  net.minecraft.client.particle.DustParticle$Provider (minecraft@1.20.1)
6084:             1             16  net.minecraft.client.particle.EnchantmentTableParticle$NautilusProvider (minecraft@1.20.1)
6085:             1             16  net.minecraft.client.particle.EnchantmentTableParticle$Provider (minecraft@1.20.1)
6086:             1             16  net.minecraft.client.particle.EndRodParticle$Provider (minecraft@1.20.1)
6087:             1             16  net.minecraft.client.particle.ExplodeParticle$Provider (minecraft@1.20.1)
6088:             1             16  net.minecraft.client.particle.FallingDustParticle$Provider (minecraft@1.20.1)
6089:             1             16  net.minecraft.client.particle.FireworkParticles$FlashProvider (minecraft@1.20.1)
6090:             1             16  net.minecraft.client.particle.FireworkParticles$SparkProvider (minecraft@1.20.1)
6091:             1             16  net.minecraft.client.particle.FlameParticle$SmallFlameProvider (minecraft@1.20.1)
6092:             1             16  net.minecraft.client.particle.GlowParticle$GlowSquidProvider (minecraft@1.20.1)
6093:             1             16  net.minecraft.client.particle.HeartParticle$AngryVillagerProvider (minecraft@1.20.1)
6094:             1             16  net.minecraft.client.particle.HeartParticle$Provider (minecraft@1.20.1)
6095:             1             16  net.minecraft.client.particle.HugeExplosionParticle$Provider (minecraft@1.20.1)
6096:             1             16  net.minecraft.client.particle.HugeExplosionSeedParticle$Provider (minecraft@1.20.1)
6097:             1             16  net.minecraft.client.particle.LargeSmokeParticle$Provider (minecraft@1.20.1)
6098:             1             16  net.minecraft.client.particle.LavaParticle$Provider (minecraft@1.20.1)
6099:             1             16  net.minecraft.client.particle.MobAppearanceParticle$Provider (minecraft@1.20.1)
6100:             1             16  net.minecraft.client.particle.NoteParticle$Provider (minecraft@1.20.1)
6101:             1             16  net.minecraft.client.particle.ParticleDescription$$Lambda$5531/0x0000000100e18440 (minecraft@1.20.1)
6102:             1             16  net.minecraft.client.particle.ParticleDescription$$Lambda$5532/0x0000000100e18680 (minecraft@1.20.1)
6103:             1             16  net.minecraft.client.particle.ParticleEngine$$Lambda$5006/0x0000000100d70308 (minecraft@1.20.1)
6104:             1             16  net.minecraft.client.particle.ParticleEngine$$Lambda$5007/0x0000000100d70cb0 (minecraft@1.20.1)
6105:             1             16  net.minecraft.client.particle.ParticleEngine$$Lambda$5008/0x0000000100d71b78 (minecraft@1.20.1)
6106:             1             16  net.minecraft.client.particle.ParticleEngine$$Lambda$5009/0x0000000100d722d8 (minecraft@1.20.1)
6107:             1             16  net.minecraft.client.particle.ParticleEngine$$Lambda$5010/0x0000000100d72a38 (minecraft@1.20.1)
6108:             1             16  net.minecraft.client.particle.ParticleEngine$$Lambda$5011/0x0000000100d73198 (minecraft@1.20.1)
6109:             1             16  net.minecraft.client.particle.ParticleEngine$$Lambda$5012/0x0000000100d735f0 (minecraft@1.20.1)
6110:             1             16  net.minecraft.client.particle.ParticleEngine$$Lambda$5013/0x0000000100d73d50 (minecraft@1.20.1)
6111:             1             16  net.minecraft.client.particle.ParticleEngine$$Lambda$5014/0x0000000100d744b0 (minecraft@1.20.1)
6112:             1             16  net.minecraft.client.particle.ParticleEngine$$Lambda$5015/0x0000000100d74c10 (minecraft@1.20.1)
6113:             1             16  net.minecraft.client.particle.ParticleEngine$$Lambda$5016/0x0000000100d75370 (minecraft@1.20.1)
6114:             1             16  net.minecraft.client.particle.ParticleEngine$$Lambda$5017/0x0000000100d757c8 (minecraft@1.20.1)
6115:             1             16  net.minecraft.client.particle.ParticleEngine$$Lambda$5018/0x0000000100d75f28 (minecraft@1.20.1)
6116:             1             16  net.minecraft.client.particle.ParticleEngine$$Lambda$5019/0x0000000100d76380 (minecraft@1.20.1)
6117:             1             16  net.minecraft.client.particle.ParticleEngine$$Lambda$5020/0x0000000100d77d80 (minecraft@1.20.1)
6118:             1             16  net.minecraft.client.particle.ParticleEngine$$Lambda$5023/0x0000000100d78770 (minecraft@1.20.1)
6119:             1             16  net.minecraft.client.particle.ParticleEngine$$Lambda$5024/0x0000000100d78990 (minecraft@1.20.1)
6120:             1             16  net.minecraft.client.particle.ParticleEngine$$Lambda$5025/0x0000000100d78bb0 (minecraft@1.20.1)
6121:             1             16  net.minecraft.client.particle.ParticleEngine$$Lambda$5026/0x0000000100d78dd0 (minecraft@1.20.1)
6122:             1             16  net.minecraft.client.particle.ParticleEngine$$Lambda$5027/0x0000000100d79848 (minecraft@1.20.1)
6123:             1             16  net.minecraft.client.particle.ParticleEngine$$Lambda$5028/0x0000000100d79fb0 (minecraft@1.20.1)
6124:             1             16  net.minecraft.client.particle.ParticleEngine$$Lambda$5029/0x0000000100d7a408 (minecraft@1.20.1)
6125:             1             16  net.minecraft.client.particle.ParticleEngine$$Lambda$5030/0x0000000100d7ad50 (minecraft@1.20.1)
6126:             1             16  net.minecraft.client.particle.ParticleEngine$$Lambda$5031/0x0000000100d7b4b0 (minecraft@1.20.1)
6127:             1             16  net.minecraft.client.particle.ParticleEngine$$Lambda$5032/0x0000000100d7e000 (minecraft@1.20.1)
6128:             1             16  net.minecraft.client.particle.ParticleEngine$$Lambda$5033/0x0000000100d7e458 (minecraft@1.20.1)
6129:             1             16  net.minecraft.client.particle.ParticleEngine$$Lambda$5034/0x0000000100d7f368 (minecraft@1.20.1)
6130:             1             16  net.minecraft.client.particle.ParticleEngine$$Lambda$5035/0x0000000100d7fac8 (minecraft@1.20.1)
6131:             1             16  net.minecraft.client.particle.ParticleEngine$$Lambda$5036/0x0000000100d7d310 (minecraft@1.20.1)
6132:             1             16  net.minecraft.client.particle.ParticleEngine$$Lambda$5037/0x0000000100d7daa0 (minecraft@1.20.1)
6133:             1             16  net.minecraft.client.particle.ParticleEngine$$Lambda$5038/0x0000000100d80000 (minecraft@1.20.1)
6134:             1             16  net.minecraft.client.particle.ParticleEngine$$Lambda$5039/0x0000000100d80a68 (minecraft@1.20.1)
6135:             1             16  net.minecraft.client.particle.ParticleEngine$$Lambda$5040/0x0000000100d811c8 (minecraft@1.20.1)
6136:             1             16  net.minecraft.client.particle.ParticleEngine$$Lambda$5041/0x0000000100d81918 (minecraft@1.20.1)
6137:             1             16  net.minecraft.client.particle.ParticleEngine$$Lambda$5042/0x0000000100d82068 (minecraft@1.20.1)
6138:             1             16  net.minecraft.client.particle.ParticleEngine$$Lambda$5043/0x0000000100d824c0 (minecraft@1.20.1)
6139:             1             16  net.minecraft.client.particle.ParticleEngine$$Lambda$5044/0x0000000100d826e0 (minecraft@1.20.1)
6140:             1             16  net.minecraft.client.particle.ParticleEngine$$Lambda$5045/0x0000000100d82e40 (minecraft@1.20.1)
6141:             1             16  net.minecraft.client.particle.ParticleEngine$$Lambda$5046/0x0000000100d83298 (minecraft@1.20.1)
6142:             1             16  net.minecraft.client.particle.ParticleEngine$$Lambda$5047/0x0000000100d836f0 (minecraft@1.20.1)
6143:             1             16  net.minecraft.client.particle.ParticleEngine$$Lambda$5048/0x0000000100d83b48 (minecraft@1.20.1)
6144:             1             16  net.minecraft.client.particle.ParticleEngine$$Lambda$5049/0x0000000100d85250 (minecraft@1.20.1)
6145:             1             16  net.minecraft.client.particle.ParticleEngine$$Lambda$5050/0x0000000100d859b0 (minecraft@1.20.1)
6146:             1             16  net.minecraft.client.particle.ParticleEngine$$Lambda$5051/0x0000000100d85e08 (minecraft@1.20.1)
6147:             1             16  net.minecraft.client.particle.ParticleEngine$$Lambda$5052/0x0000000100d86260 (minecraft@1.20.1)
6148:             1             16  net.minecraft.client.particle.ParticleEngine$$Lambda$5053/0x0000000100d869c0 (minecraft@1.20.1)
6149:             1             16  net.minecraft.client.particle.ParticleEngine$$Lambda$5054/0x0000000100d87120 (minecraft@1.20.1)
6150:             1             16  net.minecraft.client.particle.ParticleEngine$$Lambda$5055/0x0000000100d87880 (minecraft@1.20.1)
6151:             1             16  net.minecraft.client.particle.ParticleEngine$$Lambda$5056/0x0000000100d88000 (minecraft@1.20.1)
6152:             1             16  net.minecraft.client.particle.ParticleEngine$$Lambda$5057/0x0000000100d88458 (minecraft@1.20.1)
6153:             1             16  net.minecraft.client.particle.ParticleEngine$$Lambda$5058/0x0000000100d888b0 (minecraft@1.20.1)
6154:             1             16  net.minecraft.client.particle.ParticleEngine$$Lambda$5059/0x0000000100d89010 (minecraft@1.20.1)
6155:             1             16  net.minecraft.client.particle.ParticleEngine$$Lambda$5060/0x0000000100d89770 (minecraft@1.20.1)
6156:             1             16  net.minecraft.client.particle.ParticleEngine$$Lambda$5061/0x0000000100d89ed0 (minecraft@1.20.1)
6157:             1             16  net.minecraft.client.particle.ParticleEngine$$Lambda$5062/0x0000000100d8a648 (minecraft@1.20.1)
6158:             1             16  net.minecraft.client.particle.ParticleEngine$$Lambda$5063/0x0000000100d8adc0 (minecraft@1.20.1)
6159:             1             16  net.minecraft.client.particle.ParticleEngine$$Lambda$5064/0x0000000100d8b520 (minecraft@1.20.1)
6160:             1             16  net.minecraft.client.particle.ParticleEngine$$Lambda$5065/0x0000000100d8bc80 (minecraft@1.20.1)
6161:             1             16  net.minecraft.client.particle.ParticleEngine$$Lambda$5066/0x0000000100d8c0d8 (minecraft@1.20.1)
6162:             1             16  net.minecraft.client.particle.ParticleEngine$$Lambda$5067/0x0000000100d8c2f8 (minecraft@1.20.1)
6163:             1             16  net.minecraft.client.particle.ParticleEngine$$Lambda$5068/0x0000000100d8c518 (minecraft@1.20.1)
6164:             1             16  net.minecraft.client.particle.ParticleEngine$$Lambda$5069/0x0000000100d8c738 (minecraft@1.20.1)
6165:             1             16  net.minecraft.client.particle.ParticleEngine$$Lambda$5070/0x0000000100d8c958 (minecraft@1.20.1)
6166:             1             16  net.minecraft.client.particle.ParticleEngine$$Lambda$5071/0x0000000100d8cb78 (minecraft@1.20.1)
6167:             1             16  net.minecraft.client.particle.ParticleEngine$$Lambda$5072/0x0000000100d8d2d8 (minecraft@1.20.1)
6168:             1             16  net.minecraft.client.particle.ParticleEngine$$Lambda$5073/0x0000000100d8da38 (minecraft@1.20.1)
6169:             1             16  net.minecraft.client.particle.ParticleEngine$$Lambda$5074/0x0000000100d8de90 (minecraft@1.20.1)
6170:             1             16  net.minecraft.client.particle.ParticleEngine$$Lambda$5075/0x0000000100d8e2e8 (minecraft@1.20.1)
6171:             1             16  net.minecraft.client.particle.ParticleEngine$$Lambda$5076/0x0000000100d8e508 (minecraft@1.20.1)
6172:             1             16  net.minecraft.client.particle.ParticleEngine$$Lambda$5077/0x0000000100d8e728 (minecraft@1.20.1)
6173:             1             16  net.minecraft.client.particle.ParticleEngine$$Lambda$5078/0x0000000100d8e948 (minecraft@1.20.1)
6174:             1             16  net.minecraft.client.particle.ParticleEngine$$Lambda$5079/0x0000000100d8f0a8 (minecraft@1.20.1)
6175:             1             16  net.minecraft.client.particle.ParticleEngine$$Lambda$5080/0x0000000100d8f808 (minecraft@1.20.1)
6176:             1             16  net.minecraft.client.particle.ParticleEngine$$Lambda$5081/0x0000000100d8fc60 (minecraft@1.20.1)
6177:             1             16  net.minecraft.client.particle.ParticleEngine$$Lambda$5082/0x0000000100d90000 (minecraft@1.20.1)
6178:             1             16  net.minecraft.client.particle.ParticleEngine$$Lambda$5083/0x0000000100d90220 (minecraft@1.20.1)
6179:             1             16  net.minecraft.client.particle.ParticleEngine$$Lambda$5084/0x0000000100d90440 (minecraft@1.20.1)
6180:             1             16  net.minecraft.client.particle.ParticleEngine$$Lambda$5085/0x0000000100d90660 (minecraft@1.20.1)
6181:             1             16  net.minecraft.client.particle.ParticleEngine$$Lambda$5086/0x0000000100d90888 (minecraft@1.20.1)
6182:             1             16  net.minecraft.client.particle.ParticleEngine$$Lambda$5087/0x0000000100d90aa8 (minecraft@1.20.1)
6183:             1             16  net.minecraft.client.particle.ParticleEngine$$Lambda$5088/0x0000000100d91210 (minecraft@1.20.1)
6184:             1             16  net.minecraft.client.particle.ParticleEngine$$Lambda$5089/0x0000000100d91668 (minecraft@1.20.1)
6185:             1             16  net.minecraft.client.particle.ParticleEngine$$Lambda$5090/0x0000000100d91dc8 (minecraft@1.20.1)
6186:             1             16  net.minecraft.client.particle.ParticleEngine$$Lambda$5091/0x0000000100d92220 (minecraft@1.20.1)
6187:             1             16  net.minecraft.client.particle.ParticleEngine$$Lambda$5092/0x0000000100d92678 (minecraft@1.20.1)
6188:             1             16  net.minecraft.client.particle.ParticleEngine$$Lambda$5093/0x0000000100d92ad0 (minecraft@1.20.1)
6189:             1             16  net.minecraft.client.particle.ParticleEngine$$Lambda$5094/0x0000000100d92f28 (minecraft@1.20.1)
6190:             1             16  net.minecraft.client.particle.ParticleEngine$$Lambda$5095/0x0000000100d93688 (minecraft@1.20.1)
6191:             1             16  net.minecraft.client.particle.ParticleEngine$$Lambda$5096/0x0000000100d93ae0 (minecraft@1.20.1)
6192:             1             16  net.minecraft.client.particle.ParticleEngine$$Lambda$5249/0x0000000100dd3ca0 (minecraft@1.20.1)
6193:             1             16  net.minecraft.client.particle.ParticleRenderType$1 (minecraft@1.20.1)
6194:             1             16  net.minecraft.client.particle.ParticleRenderType$2 (minecraft@1.20.1)
6195:             1             16  net.minecraft.client.particle.ParticleRenderType$3 (minecraft@1.20.1)
6196:             1             16  net.minecraft.client.particle.ParticleRenderType$4 (minecraft@1.20.1)
6197:             1             16  net.minecraft.client.particle.ParticleRenderType$5 (minecraft@1.20.1)
6198:             1             16  net.minecraft.client.particle.ParticleRenderType$6 (minecraft@1.20.1)
6199:             1             16  net.minecraft.client.particle.PlayerCloudParticle$Provider (minecraft@1.20.1)
6200:             1             16  net.minecraft.client.particle.PlayerCloudParticle$SneezeProvider (minecraft@1.20.1)
6201:             1             16  net.minecraft.client.particle.PortalParticle$Provider (minecraft@1.20.1)
6202:             1             16  net.minecraft.client.particle.ReversePortalParticle$ReversePortalProvider (minecraft@1.20.1)
6203:             1             16  net.minecraft.client.particle.SculkChargeParticle$Provider (minecraft@1.20.1)
6204:             1             16  net.minecraft.client.particle.SculkChargePopParticle$Provider (minecraft@1.20.1)
6205:             1             16  net.minecraft.client.particle.ShriekParticle$Provider (minecraft@1.20.1)
6206:             1             16  net.minecraft.client.particle.SmokeParticle$Provider (minecraft@1.20.1)
6207:             1             16  net.minecraft.client.particle.SnowflakeParticle$Provider (minecraft@1.20.1)
6208:             1             16  net.minecraft.client.particle.SonicBoomParticle$Provider (minecraft@1.20.1)
6209:             1             16  net.minecraft.client.particle.SoulParticle$EmissiveProvider (minecraft@1.20.1)
6210:             1             16  net.minecraft.client.particle.SoulParticle$Provider (minecraft@1.20.1)
6211:             1             16  net.minecraft.client.particle.SpellParticle$AmbientMobProvider (minecraft@1.20.1)
6212:             1             16  net.minecraft.client.particle.SpellParticle$InstantProvider (minecraft@1.20.1)
6213:             1             16  net.minecraft.client.particle.SpellParticle$MobProvider (minecraft@1.20.1)
6214:             1             16  net.minecraft.client.particle.SpellParticle$Provider (minecraft@1.20.1)
6215:             1             16  net.minecraft.client.particle.SpellParticle$WitchProvider (minecraft@1.20.1)
6216:             1             16  net.minecraft.client.particle.SpitParticle$Provider (minecraft@1.20.1)
6217:             1             16  net.minecraft.client.particle.SplashParticle$Provider (minecraft@1.20.1)
6218:             1             16  net.minecraft.client.particle.SquidInkParticle$GlowInkProvider (minecraft@1.20.1)
6219:             1             16  net.minecraft.client.particle.SquidInkParticle$Provider (minecraft@1.20.1)
6220:             1             16  net.minecraft.client.particle.SuspendedParticle$CrimsonSporeProvider (minecraft@1.20.1)
6221:             1             16  net.minecraft.client.particle.SuspendedParticle$SporeBlossomAirProvider (minecraft@1.20.1)
6222:             1             16  net.minecraft.client.particle.SuspendedParticle$UnderwaterProvider (minecraft@1.20.1)
6223:             1             16  net.minecraft.client.particle.SuspendedParticle$WarpedSporeProvider (minecraft@1.20.1)
6224:             1             16  net.minecraft.client.particle.SuspendedTownParticle$ComposterFillProvider (minecraft@1.20.1)
6225:             1             16  net.minecraft.client.particle.SuspendedTownParticle$DolphinSpeedProvider (minecraft@1.20.1)
6226:             1             16  net.minecraft.client.particle.SuspendedTownParticle$EggCrackProvider (minecraft@1.20.1)
6227:             1             16  net.minecraft.client.particle.SuspendedTownParticle$HappyVillagerProvider (minecraft@1.20.1)
6228:             1             16  net.minecraft.client.particle.SuspendedTownParticle$Provider (minecraft@1.20.1)
6229:             1             16  net.minecraft.client.particle.TerrainParticle$Provider (minecraft@1.20.1)
6230:             1             16  net.minecraft.client.particle.TotemParticle$Provider (minecraft@1.20.1)
6231:             1             16  net.minecraft.client.particle.VibrationSignalParticle$Provider (minecraft@1.20.1)
6232:             1             16  net.minecraft.client.particle.WakeParticle$Provider (minecraft@1.20.1)
6233:             1             16  net.minecraft.client.particle.WaterCurrentDownParticle$Provider (minecraft@1.20.1)
6234:             1             16  net.minecraft.client.particle.WaterDropParticle$Provider (minecraft@1.20.1)
6235:             1             16  net.minecraft.client.particle.WhiteAshParticle$Provider (minecraft@1.20.1)
6236:             1             16  net.minecraft.client.renderer.BlockEntityWithoutLevelRenderer$$Lambda$4980/0x0000000100d43020 (minecraft@1.20.1)
6237:             1             16  net.minecraft.client.renderer.BlockEntityWithoutLevelRenderer$$Lambda$4981/0x0000000100d43240 (minecraft@1.20.1)
6238:             1             16  net.minecraft.client.renderer.BlockEntityWithoutLevelRenderer$$Lambda$4982/0x0000000100d45400 (minecraft@1.20.1)
6239:             1             16  net.minecraft.client.renderer.ChunkBufferBuilderPack (minecraft@1.20.1)
6240:             1             16  net.minecraft.client.renderer.ChunkBufferBuilderPack$$Lambda$4987/0x0000000100d58000 (minecraft@1.20.1)
6241:             1             16  net.minecraft.client.renderer.ChunkBufferBuilderPack$$Lambda$4988/0x0000000100d58240 (minecraft@1.20.1)
6242:             1             16  net.minecraft.client.renderer.CubeMap (minecraft@1.20.1)
6243:             1             16  net.minecraft.client.renderer.DimensionSpecialEffects$$Lambda$5150/0x0000000100daeff8 (minecraft@1.20.1)
6244:             1             16  net.minecraft.client.renderer.FaceInfo$$Lambda$5650/0x0000000100e36418 (minecraft@1.20.1)
6245:             1             16  net.minecraft.client.renderer.FogRenderer$BlindnessFogFunction (minecraft@1.20.1)
6246:             1             16  net.minecraft.client.renderer.FogRenderer$DarknessFogFunction (minecraft@1.20.1)
6247:             1             16  net.minecraft.client.renderer.GameRenderer$$Lambda$5931/0x0000000100ea62a8 (minecraft@1.20.1)
6248:             1             16  net.minecraft.client.renderer.GameRenderer$$Lambda$5932/0x0000000100ea64d8 (minecraft@1.20.1)
6249:             1             16  net.minecraft.client.renderer.GameRenderer$$Lambda$5933/0x0000000100ea6708 (minecraft@1.20.1)
6250:             1             16  net.minecraft.client.renderer.GameRenderer$$Lambda$5934/0x0000000100ea6938 (minecraft@1.20.1)
6251:             1             16  net.minecraft.client.renderer.GameRenderer$$Lambda$5935/0x0000000100ea6b68 (minecraft@1.20.1)
6252:             1             16  net.minecraft.client.renderer.GameRenderer$$Lambda$5936/0x0000000100ea6d98 (minecraft@1.20.1)
6253:             1             16  net.minecraft.client.renderer.GameRenderer$$Lambda$5937/0x0000000100ea6fc8 (minecraft@1.20.1)
6254:             1             16  net.minecraft.client.renderer.GameRenderer$$Lambda$5938/0x0000000100ea71f8 (minecraft@1.20.1)
6255:             1             16  net.minecraft.client.renderer.GameRenderer$$Lambda$5939/0x0000000100ea7428 (minecraft@1.20.1)
6256:             1             16  net.minecraft.client.renderer.GameRenderer$$Lambda$5940/0x0000000100ea7658 (minecraft@1.20.1)
6257:             1             16  net.minecraft.client.renderer.GameRenderer$$Lambda$5941/0x0000000100ea7888 (minecraft@1.20.1)
6258:             1             16  net.minecraft.client.renderer.GameRenderer$$Lambda$5942/0x0000000100ea7ab8 (minecraft@1.20.1)
6259:             1             16  net.minecraft.client.renderer.GameRenderer$$Lambda$5943/0x0000000100ea7ce8 (minecraft@1.20.1)
6260:             1             16  net.minecraft.client.renderer.GameRenderer$$Lambda$5944/0x0000000100ea2000 (minecraft@1.20.1)
6261:             1             16  net.minecraft.client.renderer.GameRenderer$$Lambda$5945/0x0000000100ea2230 (minecraft@1.20.1)
6262:             1             16  net.minecraft.client.renderer.GameRenderer$$Lambda$5946/0x0000000100ea2460 (minecraft@1.20.1)
6263:             1             16  net.minecraft.client.renderer.GameRenderer$$Lambda$5947/0x0000000100ea2690 (minecraft@1.20.1)
6264:             1             16  net.minecraft.client.renderer.GameRenderer$$Lambda$5948/0x0000000100ea28c0 (minecraft@1.20.1)
6265:             1             16  net.minecraft.client.renderer.GameRenderer$$Lambda$5949/0x0000000100ea2af0 (minecraft@1.20.1)
6266:             1             16  net.minecraft.client.renderer.GameRenderer$$Lambda$5950/0x0000000100ea2d20 (minecraft@1.20.1)
6267:             1             16  net.minecraft.client.renderer.GameRenderer$$Lambda$5951/0x0000000100ea2f50 (minecraft@1.20.1)
6268:             1             16  net.minecraft.client.renderer.GameRenderer$$Lambda$5952/0x0000000100ea3180 (minecraft@1.20.1)
6269:             1             16  net.minecraft.client.renderer.GameRenderer$$Lambda$5953/0x0000000100ea33b0 (minecraft@1.20.1)
6270:             1             16  net.minecraft.client.renderer.GameRenderer$$Lambda$5954/0x0000000100ea35e0 (minecraft@1.20.1)
6271:             1             16  net.minecraft.client.renderer.GameRenderer$$Lambda$5955/0x0000000100ea3810 (minecraft@1.20.1)
6272:             1             16  net.minecraft.client.renderer.GameRenderer$$Lambda$5956/0x0000000100ea3a40 (minecraft@1.20.1)
6273:             1             16  net.minecraft.client.renderer.GameRenderer$$Lambda$5957/0x0000000100ea3c70 (minecraft@1.20.1)
6274:             1             16  net.minecraft.client.renderer.GameRenderer$$Lambda$5958/0x0000000100ea1000 (minecraft@1.20.1)
6275:             1             16  net.minecraft.client.renderer.GameRenderer$$Lambda$5959/0x0000000100ea1230 (minecraft@1.20.1)
6276:             1             16  net.minecraft.client.renderer.GameRenderer$$Lambda$5960/0x0000000100ea1460 (minecraft@1.20.1)
6277:             1             16  net.minecraft.client.renderer.GameRenderer$$Lambda$5961/0x0000000100ea1690 (minecraft@1.20.1)
6278:             1             16  net.minecraft.client.renderer.GameRenderer$$Lambda$5962/0x0000000100ea18c0 (minecraft@1.20.1)
6279:             1             16  net.minecraft.client.renderer.GameRenderer$$Lambda$5963/0x0000000100ea1af0 (minecraft@1.20.1)
6280:             1             16  net.minecraft.client.renderer.GameRenderer$$Lambda$5964/0x0000000100ea1d20 (minecraft@1.20.1)
6281:             1             16  net.minecraft.client.renderer.GameRenderer$$Lambda$5965/0x0000000100ea0800 (minecraft@1.20.1)
6282:             1             16  net.minecraft.client.renderer.GameRenderer$$Lambda$5966/0x0000000100ea0a30 (minecraft@1.20.1)
6283:             1             16  net.minecraft.client.renderer.GameRenderer$$Lambda$5967/0x0000000100ea0c60 (minecraft@1.20.1)
6284:             1             16  net.minecraft.client.renderer.GameRenderer$$Lambda$5968/0x0000000100ea0400 (minecraft@1.20.1)
6285:             1             16  net.minecraft.client.renderer.GameRenderer$$Lambda$5969/0x0000000100ea8000 (minecraft@1.20.1)
6286:             1             16  net.minecraft.client.renderer.GameRenderer$$Lambda$5970/0x0000000100ea8230 (minecraft@1.20.1)
6287:             1             16  net.minecraft.client.renderer.GameRenderer$$Lambda$5971/0x0000000100ea8460 (minecraft@1.20.1)
6288:             1             16  net.minecraft.client.renderer.GameRenderer$$Lambda$5972/0x0000000100ea8690 (minecraft@1.20.1)
6289:             1             16  net.minecraft.client.renderer.GameRenderer$$Lambda$5973/0x0000000100ea88c0 (minecraft@1.20.1)
6290:             1             16  net.minecraft.client.renderer.GameRenderer$$Lambda$5974/0x0000000100ea8af0 (minecraft@1.20.1)
6291:             1             16  net.minecraft.client.renderer.GameRenderer$$Lambda$5975/0x0000000100ea8d20 (minecraft@1.20.1)
6292:             1             16  net.minecraft.client.renderer.GameRenderer$$Lambda$5976/0x0000000100ea8f50 (minecraft@1.20.1)
6293:             1             16  net.minecraft.client.renderer.GameRenderer$$Lambda$5977/0x0000000100ea9180 (minecraft@1.20.1)
6294:             1             16  net.minecraft.client.renderer.GameRenderer$$Lambda$5978/0x0000000100ea93b0 (minecraft@1.20.1)
6295:             1             16  net.minecraft.client.renderer.GameRenderer$$Lambda$5979/0x0000000100ea95e0 (minecraft@1.20.1)
6296:             1             16  net.minecraft.client.renderer.GameRenderer$$Lambda$5980/0x0000000100ea9810 (minecraft@1.20.1)
6297:             1             16  net.minecraft.client.renderer.GameRenderer$$Lambda$5981/0x0000000100ea9a40 (minecraft@1.20.1)
6298:             1             16  net.minecraft.client.renderer.GameRenderer$$Lambda$5982/0x0000000100ea9c70 (minecraft@1.20.1)
6299:             1             16  net.minecraft.client.renderer.GameRenderer$$Lambda$5983/0x0000000100ea9ea0 (minecraft@1.20.1)
6300:             1             16  net.minecraft.client.renderer.GameRenderer$$Lambda$5984/0x0000000100eaa0d0 (minecraft@1.20.1)
6301:             1             16  net.minecraft.client.renderer.GameRenderer$$Lambda$5985/0x0000000100eaa300 (minecraft@1.20.1)
6302:             1             16  net.minecraft.client.renderer.GameRenderer$$Lambda$5986/0x0000000100eaa530 (minecraft@1.20.1)
6303:             1             16  net.minecraft.client.renderer.GameRenderer$$Lambda$5987/0x0000000100eaa760 (minecraft@1.20.1)
6304:             1             16  net.minecraft.client.renderer.GameRenderer$$Lambda$5988/0x0000000100eaa990 (minecraft@1.20.1)
6305:             1             16  net.minecraft.client.renderer.GameRenderer$$Lambda$5989/0x0000000100eaabc0 (minecraft@1.20.1)
6306:             1             16  net.minecraft.client.renderer.GameRenderer$$Lambda$5990/0x0000000100eaadf0 (minecraft@1.20.1)
6307:             1             16  net.minecraft.client.renderer.GameRenderer$$Lambda$5991/0x0000000100eab020 (minecraft@1.20.1)
6308:             1             16  net.minecraft.client.renderer.GameRenderer$1 (minecraft@1.20.1)
6309:             1             16  net.minecraft.client.renderer.GameRenderer$1$$Lambda$5523/0x0000000100e17658 (minecraft@1.20.1)
6310:             1             16  net.minecraft.client.renderer.LevelRenderer$$Lambda$5001/0x0000000100d67a88 (minecraft@1.20.1)
6311:             1             16  net.minecraft.client.renderer.LevelRenderer$$Lambda$5003/0x0000000100d6d168 (minecraft@1.20.1)
6312:             1             16  net.minecraft.client.renderer.RenderStateShard$$Lambda$4729/0x0000000100d05468 (minecraft@1.20.1)
6313:             1             16  net.minecraft.client.renderer.RenderStateShard$$Lambda$4730/0x0000000100d05688 (minecraft@1.20.1)
6314:             1             16  net.minecraft.client.renderer.RenderStateShard$$Lambda$4731/0x0000000100d058a8 (minecraft@1.20.1)
6315:             1             16  net.minecraft.client.renderer.RenderStateShard$$Lambda$4732/0x0000000100d05ac8 (minecraft@1.20.1)
6316:             1             16  net.minecraft.client.renderer.RenderStateShard$$Lambda$4733/0x0000000100d05ce8 (minecraft@1.20.1)
6317:             1             16  net.minecraft.client.renderer.RenderStateShard$$Lambda$4734/0x0000000100d05f08 (minecraft@1.20.1)
6318:             1             16  net.minecraft.client.renderer.RenderStateShard$$Lambda$4735/0x0000000100d06128 (minecraft@1.20.1)
6319:             1             16  net.minecraft.client.renderer.RenderStateShard$$Lambda$4736/0x0000000100d06348 (minecraft@1.20.1)
6320:             1             16  net.minecraft.client.renderer.RenderStateShard$$Lambda$4737/0x0000000100d06568 (minecraft@1.20.1)
6321:             1             16  net.minecraft.client.renderer.RenderStateShard$$Lambda$4738/0x0000000100d06788 (minecraft@1.20.1)
6322:             1             16  net.minecraft.client.renderer.RenderStateShard$$Lambda$4739/0x0000000100d069a8 (minecraft@1.20.1)
6323:             1             16  net.minecraft.client.renderer.RenderStateShard$$Lambda$4740/0x0000000100d06bc8 (minecraft@1.20.1)
6324:             1             16  net.minecraft.client.renderer.RenderStateShard$$Lambda$4743/0x0000000100d07de0 (minecraft@1.20.1)
6325:             1             16  net.minecraft.client.renderer.RenderStateShard$$Lambda$4746/0x0000000100d08710 (minecraft@1.20.1)
6326:             1             16  net.minecraft.client.renderer.RenderStateShard$$Lambda$4747/0x0000000100d08930 (minecraft@1.20.1)
6327:             1             16  net.minecraft.client.renderer.RenderStateShard$$Lambda$4748/0x0000000100d08b50 (minecraft@1.20.1)
6328:             1             16  net.minecraft.client.renderer.RenderStateShard$$Lambda$4749/0x0000000100d08d70 (minecraft@1.20.1)
6329:             1             16  net.minecraft.client.renderer.RenderStateShard$$Lambda$4750/0x0000000100d08f90 (minecraft@1.20.1)
6330:             1             16  net.minecraft.client.renderer.RenderStateShard$$Lambda$4751/0x0000000100d091b0 (minecraft@1.20.1)
6331:             1             16  net.minecraft.client.renderer.RenderStateShard$$Lambda$4752/0x0000000100d093d0 (minecraft@1.20.1)
6332:             1             16  net.minecraft.client.renderer.RenderStateShard$$Lambda$4753/0x0000000100d095f0 (minecraft@1.20.1)
6333:             1             16  net.minecraft.client.renderer.RenderStateShard$$Lambda$4754/0x0000000100d09810 (minecraft@1.20.1)
6334:             1             16  net.minecraft.client.renderer.RenderStateShard$$Lambda$4755/0x0000000100d09a30 (minecraft@1.20.1)
6335:             1             16  net.minecraft.client.renderer.RenderStateShard$$Lambda$4756/0x0000000100d09c50 (minecraft@1.20.1)
6336:             1             16  net.minecraft.client.renderer.RenderStateShard$$Lambda$4757/0x0000000100d09e70 (minecraft@1.20.1)
6337:             1             16  net.minecraft.client.renderer.RenderStateShard$$Lambda$4758/0x0000000100d0a090 (minecraft@1.20.1)
6338:             1             16  net.minecraft.client.renderer.RenderStateShard$$Lambda$4759/0x0000000100d0a2b0 (minecraft@1.20.1)
6339:             1             16  net.minecraft.client.renderer.RenderStateShard$$Lambda$4760/0x0000000100d0a4d0 (minecraft@1.20.1)
6340:             1             16  net.minecraft.client.renderer.RenderStateShard$$Lambda$4761/0x0000000100d0a6f0 (minecraft@1.20.1)
6341:             1             16  net.minecraft.client.renderer.RenderStateShard$$Lambda$4762/0x0000000100d0a910 (minecraft@1.20.1)
6342:             1             16  net.minecraft.client.renderer.RenderStateShard$$Lambda$4763/0x0000000100d0ab30 (minecraft@1.20.1)
6343:             1             16  net.minecraft.client.renderer.RenderStateShard$$Lambda$4764/0x0000000100d0ad50 (minecraft@1.20.1)
6344:             1             16  net.minecraft.client.renderer.RenderStateShard$$Lambda$4765/0x0000000100d0af70 (minecraft@1.20.1)
6345:             1             16  net.minecraft.client.renderer.RenderStateShard$$Lambda$4766/0x0000000100d0b190 (minecraft@1.20.1)
6346:             1             16  net.minecraft.client.renderer.RenderStateShard$$Lambda$4767/0x0000000100d0b3b0 (minecraft@1.20.1)
6347:             1             16  net.minecraft.client.renderer.RenderStateShard$$Lambda$4768/0x0000000100d0b5d0 (minecraft@1.20.1)
6348:             1             16  net.minecraft.client.renderer.RenderStateShard$$Lambda$4769/0x0000000100d0b7f0 (minecraft@1.20.1)
6349:             1             16  net.minecraft.client.renderer.RenderStateShard$$Lambda$4770/0x0000000100d0ba10 (minecraft@1.20.1)
6350:             1             16  net.minecraft.client.renderer.RenderStateShard$$Lambda$4771/0x0000000100d0bc30 (minecraft@1.20.1)
6351:             1             16  net.minecraft.client.renderer.RenderStateShard$$Lambda$4772/0x0000000100d0be50 (minecraft@1.20.1)
6352:             1             16  net.minecraft.client.renderer.RenderStateShard$$Lambda$4773/0x0000000100d0c070 (minecraft@1.20.1)
6353:             1             16  net.minecraft.client.renderer.RenderStateShard$$Lambda$4774/0x0000000100d0c290 (minecraft@1.20.1)
6354:             1             16  net.minecraft.client.renderer.RenderStateShard$$Lambda$4775/0x0000000100d0c4b0 (minecraft@1.20.1)
6355:             1             16  net.minecraft.client.renderer.RenderStateShard$$Lambda$4776/0x0000000100d0c6d0 (minecraft@1.20.1)
6356:             1             16  net.minecraft.client.renderer.RenderStateShard$$Lambda$4777/0x0000000100d0c8f0 (minecraft@1.20.1)
6357:             1             16  net.minecraft.client.renderer.RenderStateShard$$Lambda$4778/0x0000000100d0cb10 (minecraft@1.20.1)
6358:             1             16  net.minecraft.client.renderer.RenderStateShard$$Lambda$4779/0x0000000100d0cd30 (minecraft@1.20.1)
6359:             1             16  net.minecraft.client.renderer.RenderStateShard$$Lambda$4780/0x0000000100d0cf50 (minecraft@1.20.1)
6360:             1             16  net.minecraft.client.renderer.RenderStateShard$$Lambda$4781/0x0000000100d0d170 (minecraft@1.20.1)
6361:             1             16  net.minecraft.client.renderer.RenderStateShard$$Lambda$4782/0x0000000100d0d390 (minecraft@1.20.1)
6362:             1             16  net.minecraft.client.renderer.RenderStateShard$$Lambda$4783/0x0000000100d0d5b0 (minecraft@1.20.1)
6363:             1             16  net.minecraft.client.renderer.RenderStateShard$$Lambda$4784/0x0000000100d0d7d0 (minecraft@1.20.1)
6364:             1             16  net.minecraft.client.renderer.RenderStateShard$$Lambda$4785/0x0000000100d0d9f0 (minecraft@1.20.1)
6365:             1             16  net.minecraft.client.renderer.RenderStateShard$$Lambda$4786/0x0000000100d0dc10 (minecraft@1.20.1)
6366:             1             16  net.minecraft.client.renderer.RenderStateShard$$Lambda$4787/0x0000000100d0de30 (minecraft@1.20.1)
6367:             1             16  net.minecraft.client.renderer.RenderStateShard$$Lambda$4788/0x0000000100d0e050 (minecraft@1.20.1)
6368:             1             16  net.minecraft.client.renderer.RenderStateShard$$Lambda$4789/0x0000000100d0e270 (minecraft@1.20.1)
6369:             1             16  net.minecraft.client.renderer.RenderStateShard$$Lambda$4790/0x0000000100d0e490 (minecraft@1.20.1)
6370:             1             16  net.minecraft.client.renderer.RenderStateShard$$Lambda$4791/0x0000000100d0e6b0 (minecraft@1.20.1)
6371:             1             16  net.minecraft.client.renderer.RenderStateShard$$Lambda$4792/0x0000000100d0e8d0 (minecraft@1.20.1)
6372:             1             16  net.minecraft.client.renderer.RenderStateShard$$Lambda$4793/0x0000000100d0eaf0 (minecraft@1.20.1)
6373:             1             16  net.minecraft.client.renderer.RenderStateShard$$Lambda$4794/0x0000000100d0ed10 (minecraft@1.20.1)
6374:             1             16  net.minecraft.client.renderer.RenderStateShard$$Lambda$4795/0x0000000100d0ef30 (minecraft@1.20.1)
6375:             1             16  net.minecraft.client.renderer.RenderStateShard$$Lambda$4796/0x0000000100d0f150 (minecraft@1.20.1)
6376:             1             16  net.minecraft.client.renderer.RenderStateShard$$Lambda$4797/0x0000000100d0f370 (minecraft@1.20.1)
6377:             1             16  net.minecraft.client.renderer.RenderStateShard$$Lambda$4798/0x0000000100d0f590 (minecraft@1.20.1)
6378:             1             16  net.minecraft.client.renderer.RenderStateShard$$Lambda$4799/0x0000000100d0f7b0 (minecraft@1.20.1)
6379:             1             16  net.minecraft.client.renderer.RenderStateShard$$Lambda$4804/0x0000000100d11108 (minecraft@1.20.1)
6380:             1             16  net.minecraft.client.renderer.RenderStateShard$$Lambda$4805/0x0000000100d11328 (minecraft@1.20.1)
6381:             1             16  net.minecraft.client.renderer.RenderStateShard$$Lambda$4806/0x0000000100d11548 (minecraft@1.20.1)
6382:             1             16  net.minecraft.client.renderer.RenderStateShard$$Lambda$4807/0x0000000100d11768 (minecraft@1.20.1)
6383:             1             16  net.minecraft.client.renderer.RenderStateShard$$Lambda$4808/0x0000000100d11988 (minecraft@1.20.1)
6384:             1             16  net.minecraft.client.renderer.RenderStateShard$$Lambda$4809/0x0000000100d11ba8 (minecraft@1.20.1)
6385:             1             16  net.minecraft.client.renderer.RenderStateShard$$Lambda$4820/0x0000000100d16220 (minecraft@1.20.1)
6386:             1             16  net.minecraft.client.renderer.RenderStateShard$$Lambda$4821/0x0000000100d16440 (minecraft@1.20.1)
6387:             1             16  net.minecraft.client.renderer.RenderStateShard$$Lambda$4822/0x0000000100d16660 (minecraft@1.20.1)
6388:             1             16  net.minecraft.client.renderer.RenderStateShard$$Lambda$4823/0x0000000100d16880 (minecraft@1.20.1)
6389:             1             16  net.minecraft.client.renderer.RenderStateShard$$Lambda$4824/0x0000000100d16aa0 (minecraft@1.20.1)
6390:             1             16  net.minecraft.client.renderer.RenderStateShard$$Lambda$4825/0x0000000100d16cc0 (minecraft@1.20.1)
6391:             1             16  net.minecraft.client.renderer.RenderStateShard$$Lambda$4826/0x0000000100d17100 (minecraft@1.20.1)
6392:             1             16  net.minecraft.client.renderer.RenderStateShard$$Lambda$4827/0x0000000100d17320 (minecraft@1.20.1)
6393:             1             16  net.minecraft.client.renderer.RenderStateShard$$Lambda$4828/0x0000000100d17540 (minecraft@1.20.1)
6394:             1             16  net.minecraft.client.renderer.RenderStateShard$$Lambda$4829/0x0000000100d17760 (minecraft@1.20.1)
6395:             1             16  net.minecraft.client.renderer.RenderStateShard$$Lambda$4830/0x0000000100d17980 (minecraft@1.20.1)
6396:             1             16  net.minecraft.client.renderer.RenderStateShard$$Lambda$4831/0x0000000100d17ba0 (minecraft@1.20.1)
6397:             1             16  net.minecraft.client.renderer.RenderStateShard$$Lambda$4832/0x0000000100d17dc0 (minecraft@1.20.1)
6398:             1             16  net.minecraft.client.renderer.RenderStateShard$$Lambda$4833/0x0000000100d15000 (minecraft@1.20.1)
6399:             1             16  net.minecraft.client.renderer.RenderStateShard$$Lambda$4834/0x0000000100d15220 (minecraft@1.20.1)
6400:             1             16  net.minecraft.client.renderer.RenderStateShard$$Lambda$4835/0x0000000100d15440 (minecraft@1.20.1)
6401:             1             16  net.minecraft.client.renderer.RenderStateShard$$Lambda$4836/0x0000000100d15660 (minecraft@1.20.1)
6402:             1             16  net.minecraft.client.renderer.RenderStateShard$$Lambda$4837/0x0000000100d15880 (minecraft@1.20.1)
6403:             1             16  net.minecraft.client.renderer.RenderStateShard$$Lambda$4838/0x0000000100d15aa0 (minecraft@1.20.1)
6404:             1             16  net.minecraft.client.renderer.RenderStateShard$$Lambda$4839/0x0000000100d15cc0 (minecraft@1.20.1)
6405:             1             16  net.minecraft.client.renderer.RenderStateShard$$Lambda$4842/0x0000000100d18220 (minecraft@1.20.1)
6406:             1             16  net.minecraft.client.renderer.RenderStateShard$$Lambda$4843/0x0000000100d18440 (minecraft@1.20.1)
6407:             1             16  net.minecraft.client.renderer.RenderStateShard$$Lambda$4844/0x0000000100d18660 (minecraft@1.20.1)
6408:             1             16  net.minecraft.client.renderer.RenderStateShard$$Lambda$4845/0x0000000100d18880 (minecraft@1.20.1)
6409:             1             16  net.minecraft.client.renderer.RenderStateShard$EmptyTextureStateShard$$Lambda$4802/0x0000000100d10cc8 (minecraft@1.20.1)
6410:             1             16  net.minecraft.client.renderer.RenderStateShard$EmptyTextureStateShard$$Lambda$4803/0x0000000100d10ee8 (minecraft@1.20.1)
6411:             1             16  net.minecraft.client.renderer.RenderStateShard$MultiTextureStateShard$$Lambda$4887/0x0000000100d22f20 (minecraft@1.20.1)
6412:             1             16  net.minecraft.client.renderer.RenderStateShard$MultiTextureStateShard$$Lambda$4888/0x0000000100d23140 (minecraft@1.20.1)
6413:             1             16  net.minecraft.client.renderer.RenderStateShard$ShaderStateShard$$Lambda$4741/0x0000000100d07008 (minecraft@1.20.1)
6414:             1             16  net.minecraft.client.renderer.RenderStateShard$ShaderStateShard$$Lambda$4742/0x0000000100d07228 (minecraft@1.20.1)
6415:             1             16  net.minecraft.client.renderer.RenderStateShard$ShaderStateShard$$Lambda$4745/0x0000000100d084f0 (minecraft@1.20.1)
6416:             1             16  net.minecraft.client.renderer.RenderStateShard$TextureStateShard$$Lambda$4801/0x0000000100d10aa8 (minecraft@1.20.1)
6417:             1             16  net.minecraft.client.renderer.RenderType$$Lambda$4863/0x0000000100d1f3c8 (minecraft@1.20.1)
6418:             1             16  net.minecraft.client.renderer.RenderType$$Lambda$4864/0x0000000100d1f858 (minecraft@1.20.1)
6419:             1             16  net.minecraft.client.renderer.RenderType$$Lambda$4865/0x0000000100d1fa98 (minecraft@1.20.1)
6420:             1             16  net.minecraft.client.renderer.RenderType$$Lambda$4866/0x0000000100d1fcd8 (minecraft@1.20.1)
6421:             1             16  net.minecraft.client.renderer.RenderType$$Lambda$4867/0x0000000100d1d000 (minecraft@1.20.1)
6422:             1             16  net.minecraft.client.renderer.RenderType$$Lambda$4868/0x0000000100d1d230 (minecraft@1.20.1)
6423:             1             16  net.minecraft.client.renderer.RenderType$$Lambda$4869/0x0000000100d1d470 (minecraft@1.20.1)
6424:             1             16  net.minecraft.client.renderer.RenderType$$Lambda$4870/0x0000000100d1d6b0 (minecraft@1.20.1)
6425:             1             16  net.minecraft.client.renderer.RenderType$$Lambda$4871/0x0000000100d1d8e0 (minecraft@1.20.1)
6426:             1             16  net.minecraft.client.renderer.RenderType$$Lambda$4872/0x0000000100d1db10 (minecraft@1.20.1)
6427:             1             16  net.minecraft.client.renderer.RenderType$$Lambda$4873/0x0000000100d1dd50 (minecraft@1.20.1)
6428:             1             16  net.minecraft.client.renderer.RenderType$$Lambda$4874/0x0000000100d1cc00 (minecraft@1.20.1)
6429:             1             16  net.minecraft.client.renderer.RenderType$$Lambda$4875/0x0000000100d20000 (minecraft@1.20.1)
6430:             1             16  net.minecraft.client.renderer.RenderType$$Lambda$4876/0x0000000100d20240 (minecraft@1.20.1)
6431:             1             16  net.minecraft.client.renderer.RenderType$$Lambda$4877/0x0000000100d20480 (minecraft@1.20.1)
6432:             1             16  net.minecraft.client.renderer.RenderType$$Lambda$4878/0x0000000100d206c0 (minecraft@1.20.1)
6433:             1             16  net.minecraft.client.renderer.RenderType$$Lambda$4879/0x0000000100d216b0 (minecraft@1.20.1)
6434:             1             16  net.minecraft.client.renderer.RenderType$$Lambda$4880/0x0000000100d218f0 (minecraft@1.20.1)
6435:             1             16  net.minecraft.client.renderer.RenderType$$Lambda$4881/0x0000000100d21b30 (minecraft@1.20.1)
6436:             1             16  net.minecraft.client.renderer.RenderType$$Lambda$4882/0x0000000100d21d70 (minecraft@1.20.1)
6437:             1             16  net.minecraft.client.renderer.RenderType$$Lambda$4883/0x0000000100d21fb0 (minecraft@1.20.1)
6438:             1             16  net.minecraft.client.renderer.RenderType$$Lambda$4884/0x0000000100d221f0 (minecraft@1.20.1)
6439:             1             16  net.minecraft.client.renderer.RenderType$$Lambda$4885/0x0000000100d22430 (minecraft@1.20.1)
6440:             1             16  net.minecraft.client.renderer.RenderType$$Lambda$4889/0x0000000100d23380 (minecraft@1.20.1)
6441:             1             16  net.minecraft.client.renderer.RenderType$CompositeRenderType$$Lambda$4858/0x0000000100d1e678 (minecraft@1.20.1)
6442:             1             16  net.minecraft.client.renderer.Sheets$$Lambda$4966/0x0000000100d3fb70 (minecraft@1.20.1)
6443:             1             16  net.minecraft.client.renderer.Sheets$$Lambda$4967/0x0000000100d3fdb0 (minecraft@1.20.1)
6444:             1             16  net.minecraft.client.renderer.Sheets$$Lambda$4968/0x0000000100d40000 (minecraft@1.20.1)
6445:             1             16  net.minecraft.client.renderer.Sheets$$Lambda$4969/0x0000000100d40240 (minecraft@1.20.1)
6446:             1             16  net.minecraft.client.renderer.Sheets$$Lambda$4970/0x0000000100d40480 (minecraft@1.20.1)
6447:             1             16  net.minecraft.client.renderer.Sheets$$Lambda$4971/0x0000000100d406c0 (minecraft@1.20.1)
6448:             1             16  net.minecraft.client.renderer.Sheets$$Lambda$4972/0x0000000100d40900 (minecraft@1.20.1)
6449:             1             16  net.minecraft.client.renderer.Sheets$$Lambda$4973/0x0000000100d40b20 (minecraft@1.20.1)
6450:             1             16  net.minecraft.client.renderer.Sheets$$Lambda$4974/0x0000000100d40f58 (minecraft@1.20.1)
6451:             1             16  net.minecraft.client.renderer.VirtualScreen$$Lambda$4570/0x0000000100c24000 (minecraft@1.20.1)
6452:             1             16  net.minecraft.client.renderer.block.ModelBlockRenderer$$Lambda$4998/0x0000000100d65458 (minecraft@1.20.1)
6453:             1             16  net.minecraft.client.renderer.block.model.BlockModel$Deserializer (minecraft@1.20.1)
6454:             1             16  net.minecraft.client.renderer.block.model.BlockModelDefinition$Deserializer (minecraft@1.20.1)
6455:             1             16  net.minecraft.client.renderer.block.model.ItemOverride$Deserializer$$Lambda$5537/0x0000000100e19170 (minecraft@1.20.1)
6456:             1             16  net.minecraft.client.renderer.block.model.ItemOverrides$$Lambda$5670/0x0000000100e40f98 (minecraft@1.20.1)
6457:             1             16  net.minecraft.client.renderer.block.model.ItemOverrides$$Lambda$5671/0x0000000100e411d8 (minecraft@1.20.1)
6458:             1             16  net.minecraft.client.renderer.block.model.ItemOverrides$$Lambda$5672/0x0000000100e41418 (minecraft@1.20.1)
6459:             1             16  net.minecraft.client.renderer.block.model.ItemOverrides$$Lambda$5674/0x0000000100e41c80 (minecraft@1.20.1)
6460:             1             16  net.minecraft.client.renderer.block.model.MultiVariant$$Lambda$5579/0x0000000100e265d0 (minecraft@1.20.1)
6461:             1             16  net.minecraft.client.renderer.block.model.MultiVariant$$Lambda$5638/0x0000000100e31240 (minecraft@1.20.1)
6462:             1             16  net.minecraft.client.renderer.block.model.MultiVariant$Deserializer (minecraft@1.20.1)
6463:             1             16  net.minecraft.client.renderer.block.model.Variant$Deserializer (minecraft@1.20.1)
6464:             1             16  net.minecraft.client.renderer.block.model.multipart.Condition$$Lambda$5628/0x0000000100e29da8 (minecraft@1.20.1)
6465:             1             16  net.minecraft.client.renderer.block.model.multipart.Condition$$Lambda$5629/0x0000000100e28c00 (minecraft@1.20.1)
6466:             1             16  net.minecraft.client.renderer.block.model.multipart.Condition$$Lambda$5630/0x0000000100e30000 (minecraft@1.20.1)
6467:             1             16  net.minecraft.client.renderer.block.model.multipart.MultiPart$$Lambda$5588/0x0000000100e2c460 (minecraft@1.20.1)
6468:             1             16  net.minecraft.client.renderer.block.model.multipart.MultiPart$Deserializer (minecraft@1.20.1)
6469:             1             16  net.minecraft.client.renderer.block.model.multipart.Selector$Deserializer (minecraft@1.20.1)
6470:             1             16  net.minecraft.client.renderer.block.model.multipart.Selector$Deserializer$$Lambda$5585/0x0000000100e279b0 (minecraft@1.20.1)
6471:             1             16  net.minecraft.client.renderer.block.model.multipart.Selector$Deserializer$$Lambda$5623/0x0000000100e29000 (minecraft@1.20.1)
6472:             1             16  net.minecraft.client.renderer.block.model.multipart.Selector$Deserializer$$Lambda$5624/0x0000000100e29240 (minecraft@1.20.1)
6473:             1             16  net.minecraft.client.renderer.blockentity.BeaconRenderer (minecraft@1.20.1)
6474:             1             16  net.minecraft.client.renderer.blockentity.BellRenderer (minecraft@1.20.1)
6475:             1             16  net.minecraft.client.renderer.blockentity.BlockEntityRenderers$$Lambda$5716/0x0000000100e63db0 (minecraft@1.20.1)
6476:             1             16  net.minecraft.client.renderer.blockentity.BlockEntityRenderers$$Lambda$5717/0x0000000100e63fd0 (minecraft@1.20.1)
6477:             1             16  net.minecraft.client.renderer.blockentity.BlockEntityRenderers$$Lambda$5718/0x0000000100e64458 (minecraft@1.20.1)
6478:             1             16  net.minecraft.client.renderer.blockentity.BlockEntityRenderers$$Lambda$5719/0x0000000100e648e0 (minecraft@1.20.1)
6479:             1             16  net.minecraft.client.renderer.blockentity.BlockEntityRenderers$$Lambda$5720/0x0000000100e64b00 (minecraft@1.20.1)
6480:             1             16  net.minecraft.client.renderer.blockentity.BlockEntityRenderers$$Lambda$5721/0x0000000100e64d20 (minecraft@1.20.1)
6481:             1             16  net.minecraft.client.renderer.blockentity.BlockEntityRenderers$$Lambda$5722/0x0000000100e64f40 (minecraft@1.20.1)
6482:             1             16  net.minecraft.client.renderer.blockentity.BlockEntityRenderers$$Lambda$5723/0x0000000100e653c8 (minecraft@1.20.1)
6483:             1             16  net.minecraft.client.renderer.blockentity.BlockEntityRenderers$$Lambda$5724/0x0000000100e65850 (minecraft@1.20.1)
6484:             1             16  net.minecraft.client.renderer.blockentity.BlockEntityRenderers$$Lambda$5725/0x0000000100e65a70 (minecraft@1.20.1)
6485:             1             16  net.minecraft.client.renderer.blockentity.BlockEntityRenderers$$Lambda$5726/0x0000000100e65f10 (minecraft@1.20.1)
6486:             1             16  net.minecraft.client.renderer.blockentity.BlockEntityRenderers$$Lambda$5727/0x0000000100e663a0 (minecraft@1.20.1)
6487:             1             16  net.minecraft.client.renderer.blockentity.BlockEntityRenderers$$Lambda$5728/0x0000000100e66a90 (minecraft@1.20.1)
6488:             1             16  net.minecraft.client.renderer.blockentity.BlockEntityRenderers$$Lambda$5729/0x0000000100e66cb0 (minecraft@1.20.1)
6489:             1             16  net.minecraft.client.renderer.blockentity.BlockEntityRenderers$$Lambda$5730/0x0000000100e67138 (minecraft@1.20.1)
6490:             1             16  net.minecraft.client.renderer.blockentity.BlockEntityRenderers$$Lambda$5731/0x0000000100e675c0 (minecraft@1.20.1)
6491:             1             16  net.minecraft.client.renderer.blockentity.BlockEntityRenderers$$Lambda$5732/0x0000000100e677e0 (minecraft@1.20.1)
6492:             1             16  net.minecraft.client.renderer.blockentity.BlockEntityRenderers$$Lambda$5733/0x0000000100e67a00 (minecraft@1.20.1)
6493:             1             16  net.minecraft.client.renderer.blockentity.BlockEntityRenderers$$Lambda$5734/0x0000000100e67c20 (minecraft@1.20.1)
6494:             1             16  net.minecraft.client.renderer.blockentity.BlockEntityRenderers$$Lambda$5735/0x0000000100e68268 (minecraft@1.20.1)
6495:             1             16  net.minecraft.client.renderer.blockentity.BlockEntityRenderers$$Lambda$5736/0x0000000100e686f0 (minecraft@1.20.1)
6496:             1             16  net.minecraft.client.renderer.blockentity.BlockEntityRenderers$$Lambda$5737/0x0000000100e68910 (minecraft@1.20.1)
6497:             1             16  net.minecraft.client.renderer.blockentity.BrushableBlockRenderer (minecraft@1.20.1)
6498:             1             16  net.minecraft.client.renderer.blockentity.CampfireRenderer (minecraft@1.20.1)
6499:             1             16  net.minecraft.client.renderer.blockentity.EnchantTableRenderer (minecraft@1.20.1)
6500:             1             16  net.minecraft.client.renderer.blockentity.HangingSignRenderer$$Lambda$5750/0x0000000100e6baa0 (minecraft@1.20.1)
6501:             1             16  net.minecraft.client.renderer.blockentity.HangingSignRenderer$HangingSignModel$$Lambda$5752/0x0000000100e6bf28 (minecraft@1.20.1)
6502:             1             16  net.minecraft.client.renderer.blockentity.LecternRenderer (minecraft@1.20.1)
6503:             1             16  net.minecraft.client.renderer.blockentity.PistonHeadRenderer (minecraft@1.20.1)
6504:             1             16  net.minecraft.client.renderer.blockentity.ShulkerBoxRenderer (minecraft@1.20.1)
6505:             1             16  net.minecraft.client.renderer.blockentity.SignRenderer$$Lambda$5747/0x0000000100e6b3d8 (minecraft@1.20.1)
6506:             1             16  net.minecraft.client.renderer.blockentity.SignRenderer$SignModel$$Lambda$5749/0x0000000100e6b860 (minecraft@1.20.1)
6507:             1             16  net.minecraft.client.renderer.blockentity.SkullBlockRenderer (minecraft@1.20.1)
6508:             1             16  net.minecraft.client.renderer.blockentity.SkullBlockRenderer$$Lambda$5745/0x0000000100e6a518 (minecraft@1.20.1)
6509:             1             16  net.minecraft.client.renderer.blockentity.SpawnerRenderer (minecraft@1.20.1)
6510:             1             16  net.minecraft.client.renderer.blockentity.StructureBlockRenderer (minecraft@1.20.1)
6511:             1             16  net.minecraft.client.renderer.blockentity.TheEndGatewayRenderer (minecraft@1.20.1)
6512:             1             16  net.minecraft.client.renderer.blockentity.TheEndPortalRenderer (minecraft@1.20.1)
6513:             1             16  net.minecraft.client.renderer.debug.ChunkBorderRenderer (minecraft@1.20.1)
6514:             1             16  net.minecraft.client.renderer.debug.GameTestDebugRenderer (minecraft@1.20.1)
6515:             1             16  net.minecraft.client.renderer.debug.HeightMapRenderer (minecraft@1.20.1)
6516:             1             16  net.minecraft.client.renderer.debug.LightDebugRenderer (minecraft@1.20.1)
6517:             1             16  net.minecraft.client.renderer.debug.SolidFaceRenderer (minecraft@1.20.1)
6518:             1             16  net.minecraft.client.renderer.debug.VillageSectionsDebugRenderer (minecraft@1.20.1)
6519:             1             16  net.minecraft.client.renderer.debug.WaterDebugRenderer (minecraft@1.20.1)
6520:             1             16  net.minecraft.client.renderer.entity.AxolotlRenderer$$Lambda$5889/0x0000000100e99428 (minecraft@1.20.1)
6521:             1             16  net.minecraft.client.renderer.entity.BoatRenderer$$Lambda$5927/0x0000000100ea4240 (minecraft@1.20.1)
6522:             1             16  net.minecraft.client.renderer.entity.EntityRenderers$$Lambda$5757/0x0000000100e70200 (minecraft@1.20.1)
6523:             1             16  net.minecraft.client.renderer.entity.EntityRenderers$$Lambda$5758/0x0000000100e70420 (minecraft@1.20.1)
6524:             1             16  net.minecraft.client.renderer.entity.EntityRenderers$$Lambda$5759/0x0000000100e71328 (minecraft@1.20.1)
6525:             1             16  net.minecraft.client.renderer.entity.EntityRenderers$$Lambda$5760/0x0000000100e717a0 (minecraft@1.20.1)
6526:             1             16  net.minecraft.client.renderer.entity.EntityRenderers$$Lambda$5761/0x0000000100e72378 (minecraft@1.20.1)
6527:             1             16  net.minecraft.client.renderer.entity.EntityRenderers$$Lambda$5762/0x0000000100e72a70 (minecraft@1.20.1)
6528:             1             16  net.minecraft.client.renderer.entity.EntityRenderers$$Lambda$5763/0x0000000100e72f88 (minecraft@1.20.1)
6529:             1             16  net.minecraft.client.renderer.entity.EntityRenderers$$Lambda$5764/0x0000000100e734b0 (minecraft@1.20.1)
6530:             1             16  net.minecraft.client.renderer.entity.EntityRenderers$$Lambda$5765/0x0000000100e739c8 (minecraft@1.20.1)
6531:             1             16  net.minecraft.client.renderer.entity.EntityRenderers$$Lambda$5766/0x0000000100e73ee8 (minecraft@1.20.1)
6532:             1             16  net.minecraft.client.renderer.entity.EntityRenderers$$Lambda$5767/0x0000000100e74608 (minecraft@1.20.1)
6533:             1             16  net.minecraft.client.renderer.entity.EntityRenderers$$Lambda$5768/0x0000000100e74828 (minecraft@1.20.1)
6534:             1             16  net.minecraft.client.renderer.entity.EntityRenderers$$Lambda$5769/0x0000000100e751d8 (minecraft@1.20.1)
6535:             1             16  net.minecraft.client.renderer.entity.EntityRenderers$$Lambda$5770/0x0000000100e753f8 (minecraft@1.20.1)
6536:             1             16  net.minecraft.client.renderer.entity.EntityRenderers$$Lambda$5771/0x0000000100e76088 (minecraft@1.20.1)
6537:             1             16  net.minecraft.client.renderer.entity.EntityRenderers$$Lambda$5772/0x0000000100e762a8 (minecraft@1.20.1)
6538:             1             16  net.minecraft.client.renderer.entity.EntityRenderers$$Lambda$5773/0x0000000100e764c8 (minecraft@1.20.1)
6539:             1             16  net.minecraft.client.renderer.entity.EntityRenderers$$Lambda$5774/0x0000000100e769e8 (minecraft@1.20.1)
6540:             1             16  net.minecraft.client.renderer.entity.EntityRenderers$$Lambda$5775/0x0000000100e76f08 (minecraft@1.20.1)
6541:             1             16  net.minecraft.client.renderer.entity.EntityRenderers$$Lambda$5776/0x0000000100e77128 (minecraft@1.20.1)
6542:             1             16  net.minecraft.client.renderer.entity.EntityRenderers$$Lambda$5777/0x0000000100e77640 (minecraft@1.20.1)
6543:             1             16  net.minecraft.client.renderer.entity.EntityRenderers$$Lambda$5778/0x0000000100e78000 (minecraft@1.20.1)
6544:             1             16  net.minecraft.client.renderer.entity.EntityRenderers$$Lambda$5779/0x0000000100e78748 (minecraft@1.20.1)
6545:             1             16  net.minecraft.client.renderer.entity.EntityRenderers$$Lambda$5780/0x0000000100e78968 (minecraft@1.20.1)
6546:             1             16  net.minecraft.client.renderer.entity.EntityRenderers$$Lambda$5781/0x0000000100e78df8 (minecraft@1.20.1)
6547:             1             16  net.minecraft.client.renderer.entity.EntityRenderers$$Lambda$5782/0x0000000100e79850 (minecraft@1.20.1)
6548:             1             16  net.minecraft.client.renderer.entity.EntityRenderers$$Lambda$5783/0x0000000100e79a70 (minecraft@1.20.1)
6549:             1             16  net.minecraft.client.renderer.entity.EntityRenderers$$Lambda$5784/0x0000000100e7a2a8 (minecraft@1.20.1)
6550:             1             16  net.minecraft.client.renderer.entity.EntityRenderers$$Lambda$5785/0x0000000100e7ac30 (minecraft@1.20.1)
6551:             1             16  net.minecraft.client.renderer.entity.EntityRenderers$$Lambda$5786/0x0000000100e7b150 (minecraft@1.20.1)
6552:             1             16  net.minecraft.client.renderer.entity.EntityRenderers$$Lambda$5787/0x0000000100e7b370 (minecraft@1.20.1)
6553:             1             16  net.minecraft.client.renderer.entity.EntityRenderers$$Lambda$5788/0x0000000100e7b590 (minecraft@1.20.1)
6554:             1             16  net.minecraft.client.renderer.entity.EntityRenderers$$Lambda$5789/0x0000000100e7b7b0 (minecraft@1.20.1)
6555:             1             16  net.minecraft.client.renderer.entity.EntityRenderers$$Lambda$5790/0x0000000100e7c208 (minecraft@1.20.1)
6556:             1             16  net.minecraft.client.renderer.entity.EntityRenderers$$Lambda$5791/0x0000000100e7c690 (minecraft@1.20.1)
6557:             1             16  net.minecraft.client.renderer.entity.EntityRenderers$$Lambda$5792/0x0000000100e7c8b0 (minecraft@1.20.1)
6558:             1             16  net.minecraft.client.renderer.entity.EntityRenderers$$Lambda$5793/0x0000000100e7cd40 (minecraft@1.20.1)
6559:             1             16  net.minecraft.client.renderer.entity.EntityRenderers$$Lambda$5794/0x0000000100e7cf60 (minecraft@1.20.1)
6560:             1             16  net.minecraft.client.renderer.entity.EntityRenderers$$Lambda$5795/0x0000000100e7d3e8 (minecraft@1.20.1)
6561:             1             16  net.minecraft.client.renderer.entity.EntityRenderers$$Lambda$5796/0x0000000100e7d608 (minecraft@1.20.1)
6562:             1             16  net.minecraft.client.renderer.entity.EntityRenderers$$Lambda$5797/0x0000000100e7da90 (minecraft@1.20.1)
6563:             1             16  net.minecraft.client.renderer.entity.EntityRenderers$$Lambda$5798/0x0000000100e7df18 (minecraft@1.20.1)
6564:             1             16  net.minecraft.client.renderer.entity.EntityRenderers$$Lambda$5799/0x0000000100e7e668 (minecraft@1.20.1)
6565:             1             16  net.minecraft.client.renderer.entity.EntityRenderers$$Lambda$5800/0x0000000100e7eb80 (minecraft@1.20.1)
6566:             1             16  net.minecraft.client.renderer.entity.EntityRenderers$$Lambda$5801/0x0000000100e7eda0 (minecraft@1.20.1)
6567:             1             16  net.minecraft.client.renderer.entity.EntityRenderers$$Lambda$5802/0x0000000100e7f2c0 (minecraft@1.20.1)
6568:             1             16  net.minecraft.client.renderer.entity.EntityRenderers$$Lambda$5803/0x0000000100e7f4e0 (minecraft@1.20.1)
6569:             1             16  net.minecraft.client.renderer.entity.EntityRenderers$$Lambda$5804/0x0000000100e7fc18 (minecraft@1.20.1)
6570:             1             16  net.minecraft.client.renderer.entity.EntityRenderers$$Lambda$5805/0x0000000100e80000 (minecraft@1.20.1)
6571:             1             16  net.minecraft.client.renderer.entity.EntityRenderers$$Lambda$5806/0x0000000100e80518 (minecraft@1.20.1)
6572:             1             16  net.minecraft.client.renderer.entity.EntityRenderers$$Lambda$5807/0x0000000100e80738 (minecraft@1.20.1)
6573:             1             16  net.minecraft.client.renderer.entity.EntityRenderers$$Lambda$5808/0x0000000100e80c58 (minecraft@1.20.1)
6574:             1             16  net.minecraft.client.renderer.entity.EntityRenderers$$Lambda$5809/0x0000000100e80e78 (minecraft@1.20.1)
6575:             1             16  net.minecraft.client.renderer.entity.EntityRenderers$$Lambda$5810/0x0000000100e81a58 (minecraft@1.20.1)
6576:             1             16  net.minecraft.client.renderer.entity.EntityRenderers$$Lambda$5811/0x0000000100e82280 (minecraft@1.20.1)
6577:             1             16  net.minecraft.client.renderer.entity.EntityRenderers$$Lambda$5812/0x0000000100e829f0 (minecraft@1.20.1)
6578:             1             16  net.minecraft.client.renderer.entity.EntityRenderers$$Lambda$5813/0x0000000100e82c10 (minecraft@1.20.1)
6579:             1             16  net.minecraft.client.renderer.entity.EntityRenderers$$Lambda$5814/0x0000000100e83590 (minecraft@1.20.1)
6580:             1             16  net.minecraft.client.renderer.entity.EntityRenderers$$Lambda$5815/0x0000000100e83a30 (minecraft@1.20.1)
6581:             1             16  net.minecraft.client.renderer.entity.EntityRenderers$$Lambda$5816/0x0000000100e83ed8 (minecraft@1.20.1)
6582:             1             16  net.minecraft.client.renderer.entity.EntityRenderers$$Lambda$5817/0x0000000100e840f8 (minecraft@1.20.1)
6583:             1             16  net.minecraft.client.renderer.entity.EntityRenderers$$Lambda$5818/0x0000000100e84580 (minecraft@1.20.1)
6584:             1             16  net.minecraft.client.renderer.entity.EntityRenderers$$Lambda$5819/0x0000000100e84a08 (minecraft@1.20.1)
6585:             1             16  net.minecraft.client.renderer.entity.EntityRenderers$$Lambda$5820/0x0000000100e84c28 (minecraft@1.20.1)
6586:             1             16  net.minecraft.client.renderer.entity.EntityRenderers$$Lambda$5821/0x0000000100e850b0 (minecraft@1.20.1)
6587:             1             16  net.minecraft.client.renderer.entity.EntityRenderers$$Lambda$5822/0x0000000100e855e0 (minecraft@1.20.1)
6588:             1             16  net.minecraft.client.renderer.entity.EntityRenderers$$Lambda$5823/0x0000000100e85800 (minecraft@1.20.1)
6589:             1             16  net.minecraft.client.renderer.entity.EntityRenderers$$Lambda$5824/0x0000000100e85a20 (minecraft@1.20.1)
6590:             1             16  net.minecraft.client.renderer.entity.EntityRenderers$$Lambda$5825/0x0000000100e86168 (minecraft@1.20.1)
6591:             1             16  net.minecraft.client.renderer.entity.EntityRenderers$$Lambda$5826/0x0000000100e86388 (minecraft@1.20.1)
6592:             1             16  net.minecraft.client.renderer.entity.EntityRenderers$$Lambda$5827/0x0000000100e868a0 (minecraft@1.20.1)
6593:             1             16  net.minecraft.client.renderer.entity.EntityRenderers$$Lambda$5828/0x0000000100e86d28 (minecraft@1.20.1)
6594:             1             16  net.minecraft.client.renderer.entity.EntityRenderers$$Lambda$5829/0x0000000100e876e0 (minecraft@1.20.1)
6595:             1             16  net.minecraft.client.renderer.entity.EntityRenderers$$Lambda$5830/0x0000000100e87c00 (minecraft@1.20.1)
6596:             1             16  net.minecraft.client.renderer.entity.EntityRenderers$$Lambda$5831/0x0000000100e88538 (minecraft@1.20.1)
6597:             1             16  net.minecraft.client.renderer.entity.EntityRenderers$$Lambda$5832/0x0000000100e88c78 (minecraft@1.20.1)
6598:             1             16  net.minecraft.client.renderer.entity.EntityRenderers$$Lambda$5833/0x0000000100e88e98 (minecraft@1.20.1)
6599:             1             16  net.minecraft.client.renderer.entity.EntityRenderers$$Lambda$5834/0x0000000100e890b8 (minecraft@1.20.1)
6600:             1             16  net.minecraft.client.renderer.entity.EntityRenderers$$Lambda$5835/0x0000000100e895d8 (minecraft@1.20.1)
6601:             1             16  net.minecraft.client.renderer.entity.EntityRenderers$$Lambda$5836/0x0000000100e89af8 (minecraft@1.20.1)
6602:             1             16  net.minecraft.client.renderer.entity.EntityRenderers$$Lambda$5837/0x0000000100e89d18 (minecraft@1.20.1)
6603:             1             16  net.minecraft.client.renderer.entity.EntityRenderers$$Lambda$5838/0x0000000100e8a248 (minecraft@1.20.1)
6604:             1             16  net.minecraft.client.renderer.entity.EntityRenderers$$Lambda$5839/0x0000000100e8a760 (minecraft@1.20.1)
6605:             1             16  net.minecraft.client.renderer.entity.EntityRenderers$$Lambda$5840/0x0000000100e8ac78 (minecraft@1.20.1)
6606:             1             16  net.minecraft.client.renderer.entity.EntityRenderers$$Lambda$5841/0x0000000100e8b198 (minecraft@1.20.1)
6607:             1             16  net.minecraft.client.renderer.entity.EntityRenderers$$Lambda$5842/0x0000000100e8b8e0 (minecraft@1.20.1)
6608:             1             16  net.minecraft.client.renderer.entity.EntityRenderers$$Lambda$5843/0x0000000100e8c040 (minecraft@1.20.1)
6609:             1             16  net.minecraft.client.renderer.entity.EntityRenderers$$Lambda$5844/0x0000000100e8c4d0 (minecraft@1.20.1)
6610:             1             16  net.minecraft.client.renderer.entity.EntityRenderers$$Lambda$5845/0x0000000100e8c9f0 (minecraft@1.20.1)
6611:             1             16  net.minecraft.client.renderer.entity.EntityRenderers$$Lambda$5846/0x0000000100e8cf10 (minecraft@1.20.1)
6612:             1             16  net.minecraft.client.renderer.entity.EntityRenderers$$Lambda$5847/0x0000000100e8d130 (minecraft@1.20.1)
6613:             1             16  net.minecraft.client.renderer.entity.EntityRenderers$$Lambda$5848/0x0000000100e8d888 (minecraft@1.20.1)
6614:             1             16  net.minecraft.client.renderer.entity.EntityRenderers$$Lambda$5849/0x0000000100e8daa8 (minecraft@1.20.1)
6615:             1             16  net.minecraft.client.renderer.entity.EntityRenderers$$Lambda$5850/0x0000000100e8dfc0 (minecraft@1.20.1)
6616:             1             16  net.minecraft.client.renderer.entity.EntityRenderers$$Lambda$5851/0x0000000100e8e1e0 (minecraft@1.20.1)
6617:             1             16  net.minecraft.client.renderer.entity.EntityRenderers$$Lambda$5852/0x0000000100e8e928 (minecraft@1.20.1)
6618:             1             16  net.minecraft.client.renderer.entity.EntityRenderers$$Lambda$5853/0x0000000100e8eb48 (minecraft@1.20.1)
6619:             1             16  net.minecraft.client.renderer.entity.EntityRenderers$$Lambda$5854/0x0000000100e8efd8 (minecraft@1.20.1)
6620:             1             16  net.minecraft.client.renderer.entity.EntityRenderers$$Lambda$5855/0x0000000100e8f1f8 (minecraft@1.20.1)
6621:             1             16  net.minecraft.client.renderer.entity.EntityRenderers$$Lambda$5856/0x0000000100e8f418 (minecraft@1.20.1)
6622:             1             16  net.minecraft.client.renderer.entity.EntityRenderers$$Lambda$5857/0x0000000100e8fb68 (minecraft@1.20.1)
6623:             1             16  net.minecraft.client.renderer.entity.EntityRenderers$$Lambda$5858/0x0000000100e8fd88 (minecraft@1.20.1)
6624:             1             16  net.minecraft.client.renderer.entity.EntityRenderers$$Lambda$5859/0x0000000100e90600 (minecraft@1.20.1)
6625:             1             16  net.minecraft.client.renderer.entity.EntityRenderers$$Lambda$5860/0x0000000100e90aa8 (minecraft@1.20.1)
6626:             1             16  net.minecraft.client.renderer.entity.EntityRenderers$$Lambda$5861/0x0000000100e90f30 (minecraft@1.20.1)
6627:             1             16  net.minecraft.client.renderer.entity.EntityRenderers$$Lambda$5862/0x0000000100e913c8 (minecraft@1.20.1)
6628:             1             16  net.minecraft.client.renderer.entity.EntityRenderers$$Lambda$5863/0x0000000100e915e8 (minecraft@1.20.1)
6629:             1             16  net.minecraft.client.renderer.entity.EntityRenderers$$Lambda$5864/0x0000000100e91a70 (minecraft@1.20.1)
6630:             1             16  net.minecraft.client.renderer.entity.EntityRenderers$$Lambda$5865/0x0000000100e921c8 (minecraft@1.20.1)
6631:             1             16  net.minecraft.client.renderer.entity.EntityRenderers$$Lambda$5866/0x0000000100e926e8 (minecraft@1.20.1)
6632:             1             16  net.minecraft.client.renderer.entity.EntityRenderers$$Lambda$5867/0x0000000100e92c08 (minecraft@1.20.1)
6633:             1             16  net.minecraft.client.renderer.entity.EntityRenderers$$Lambda$5868/0x0000000100e93590 (minecraft@1.20.1)
6634:             1             16  net.minecraft.client.renderer.entity.EntityRenderers$$Lambda$5869/0x0000000100e93cf0 (minecraft@1.20.1)
6635:             1             16  net.minecraft.client.renderer.entity.EntityRenderers$$Lambda$5870/0x0000000100e94438 (minecraft@1.20.1)
6636:             1             16  net.minecraft.client.renderer.entity.EntityRenderers$$Lambda$5871/0x0000000100e94958 (minecraft@1.20.1)
6637:             1             16  net.minecraft.client.renderer.entity.EntityRenderers$$Lambda$5872/0x0000000100e950b0 (minecraft@1.20.1)
6638:             1             16  net.minecraft.client.renderer.entity.EntityRenderers$$Lambda$5873/0x0000000100e95818 (minecraft@1.20.1)
6639:             1             16  net.minecraft.client.renderer.entity.EntityRenderers$$Lambda$5874/0x0000000100e95d40 (minecraft@1.20.1)
6640:             1             16  net.minecraft.client.renderer.entity.EntityRenderers$$Lambda$5875/0x0000000100e95f60 (minecraft@1.20.1)
6641:             1             16  net.minecraft.client.renderer.entity.EntityRenderers$$Lambda$5876/0x0000000100e966b8 (minecraft@1.20.1)
6642:             1             16  net.minecraft.client.renderer.entity.EntityRenderers$$Lambda$5877/0x0000000100e96bd0 (minecraft@1.20.1)
6643:             1             16  net.minecraft.client.renderer.entity.EntityRenderers$$Lambda$5878/0x0000000100e96df0 (minecraft@1.20.1)
6644:             1             16  net.minecraft.client.renderer.entity.EntityRenderers$$Lambda$5879/0x0000000100e97010 (minecraft@1.20.1)
6645:             1             16  net.minecraft.client.renderer.entity.EntityRenderers$$Lambda$5880/0x0000000100e97530 (minecraft@1.20.1)
6646:             1             16  net.minecraft.client.renderer.entity.EntityRenderers$$Lambda$5881/0x0000000100e97750 (minecraft@1.20.1)
6647:             1             16  net.minecraft.client.renderer.entity.HorseRenderer$$Lambda$5904/0x0000000100e9bfa8 (minecraft@1.20.1)
6648:             1             16  net.minecraft.client.renderer.entity.MushroomCowRenderer$$Lambda$5892/0x0000000100e99ef8 (minecraft@1.20.1)
6649:             1             16  net.minecraft.client.renderer.entity.PandaRenderer$$Lambda$5886/0x0000000100e98440 (minecraft@1.20.1)
6650:             1             16  net.minecraft.client.renderer.entity.ShulkerRenderer$$Lambda$5924/0x0000000100e9f730 (minecraft@1.20.1)
6651:             1             16  net.minecraft.client.renderer.entity.ShulkerRenderer$$Lambda$5925/0x0000000100e9f970 (minecraft@1.20.1)
6652:             1             16  net.minecraft.client.renderer.entity.WardenRenderer$$Lambda$5908/0x0000000100e9d0d8 (minecraft@1.20.1)
6653:             1             16  net.minecraft.client.renderer.entity.WardenRenderer$$Lambda$5909/0x0000000100e9d4f8 (minecraft@1.20.1)
6654:             1             16  net.minecraft.client.renderer.entity.WardenRenderer$$Lambda$5910/0x0000000100e9d718 (minecraft@1.20.1)
6655:             1             16  net.minecraft.client.renderer.entity.WardenRenderer$$Lambda$5911/0x0000000100e9d938 (minecraft@1.20.1)
6656:             1             16  net.minecraft.client.renderer.entity.WardenRenderer$$Lambda$5912/0x0000000100e9db58 (minecraft@1.20.1)
6657:             1             16  net.minecraft.client.renderer.entity.WardenRenderer$$Lambda$5913/0x0000000100e9dd78 (minecraft@1.20.1)
6658:             1             16  net.minecraft.client.renderer.entity.WardenRenderer$$Lambda$5914/0x0000000100e9df98 (minecraft@1.20.1)
6659:             1             16  net.minecraft.client.renderer.entity.WardenRenderer$$Lambda$5915/0x0000000100e9e1b8 (minecraft@1.20.1)
6660:             1             16  net.minecraft.client.renderer.entity.WardenRenderer$$Lambda$5916/0x0000000100e9e3d8 (minecraft@1.20.1)
6661:             1             16  net.minecraft.client.renderer.entity.WardenRenderer$$Lambda$5917/0x0000000100e9e5f8 (minecraft@1.20.1)
6662:             1             16  net.minecraft.client.renderer.entity.layers.EnderEyesLayer (minecraft@1.20.1)
6663:             1             16  net.minecraft.client.renderer.entity.layers.HorseMarkingLayer (minecraft@1.20.1)
6664:             1             16  net.minecraft.client.renderer.entity.layers.HorseMarkingLayer$$Lambda$5906/0x0000000100e9c838 (minecraft@1.20.1)
6665:             1             16  net.minecraft.client.renderer.entity.layers.IronGolemCrackinessLayer (minecraft@1.20.1)
6666:             1             16  net.minecraft.client.renderer.entity.layers.PhantomEyesLayer (minecraft@1.20.1)
6667:             1             16  net.minecraft.client.renderer.entity.layers.ShulkerHeadLayer (minecraft@1.20.1)
6668:             1             16  net.minecraft.client.renderer.entity.layers.VillagerProfessionLayer$$Lambda$5899/0x0000000100e9b2c0 (minecraft@1.20.1)
6669:             1             16  net.minecraft.client.renderer.entity.layers.WolfCollarLayer (minecraft@1.20.1)
6670:             1             16  net.minecraft.client.renderer.texture.MipmapGenerator$$Lambda$5505/0x0000000100e12078 (minecraft@1.20.1)
6671:             1             16  net.minecraft.client.renderer.texture.OverlayTexture (minecraft@1.20.1)
6672:             1             16  net.minecraft.client.renderer.texture.PreloadedTexture$$Lambda$5200/0x0000000100dcc388 (minecraft@1.20.1)
6673:             1             16  net.minecraft.client.renderer.texture.SpriteContents$AnimatedTexture$$Lambda$5675/0x0000000100e41ea0 (minecraft@1.20.1)
6674:             1             16  net.minecraft.client.renderer.texture.SpriteLoader$$Lambda$5480/0x0000000100e08e00 (minecraft@1.20.1)
6675:             1             16  net.minecraft.client.renderer.texture.SpriteLoader$$Lambda$5494/0x0000000100e0b948 (minecraft@1.20.1)
6676:             1             16  net.minecraft.client.renderer.texture.Stitcher$$Lambda$5495/0x0000000100e10000 (minecraft@1.20.1)
6677:             1             16  net.minecraft.client.renderer.texture.Stitcher$$Lambda$5496/0x0000000100e10240 (minecraft@1.20.1)
6678:             1             16  net.minecraft.client.renderer.texture.Stitcher$$Lambda$5497/0x0000000100e10480 (minecraft@1.20.1)
6679:             1             16  net.minecraft.client.renderer.texture.TextureAtlas$$Lambda$5710/0x0000000100e4b3e8 (minecraft@1.20.1)
6680:             1             16  net.minecraft.client.renderer.texture.TextureAtlas$$Lambda$5711/0x0000000100e4b618 (minecraft@1.20.1)
6681:             1             16  net.minecraft.client.renderer.texture.TextureManager$$Lambda$5202/0x0000000100dcc7f0 (minecraft@1.20.1)
6682:             1             16  net.minecraft.client.renderer.texture.TextureManager$$Lambda$5206/0x0000000100dcd2b8 (minecraft@1.20.1)
6683:             1             16  net.minecraft.client.renderer.texture.atlas.SpriteResourceLoader$$Lambda$5478/0x0000000100e08998 (minecraft@1.20.1)
6684:             1             16  net.minecraft.client.renderer.texture.atlas.SpriteSources$$Lambda$5448/0x0000000100e068d8 (minecraft@1.20.1)
6685:             1             16  net.minecraft.client.renderer.texture.atlas.SpriteSources$$Lambda$5449/0x0000000100e06b18 (minecraft@1.20.1)
6686:             1             16  net.minecraft.client.renderer.texture.atlas.SpriteSources$$Lambda$5450/0x0000000100e06d58 (minecraft@1.20.1)
6687:             1             16  net.minecraft.client.renderer.texture.atlas.SpriteSources$$Lambda$5451/0x0000000100e06f98 (minecraft@1.20.1)
6688:             1             16  net.minecraft.client.renderer.texture.atlas.sources.DirectoryLister$$Lambda$5422/0x0000000100dfbc98 (minecraft@1.20.1)
6689:             1             16  net.minecraft.client.renderer.texture.atlas.sources.DirectoryLister$$Lambda$5423/0x0000000100e00000 (minecraft@1.20.1)
6690:             1             16  net.minecraft.client.renderer.texture.atlas.sources.DirectoryLister$$Lambda$5424/0x0000000100e00240 (minecraft@1.20.1)
6691:             1             16  net.minecraft.client.renderer.texture.atlas.sources.DirectoryLister$$Lambda$5425/0x0000000100e00480 (minecraft@1.20.1)
6692:             1             16  net.minecraft.client.renderer.texture.atlas.sources.PalettedPermutations$$Lambda$5442/0x0000000100e035b8 (minecraft@1.20.1)
6693:             1             16  net.minecraft.client.renderer.texture.atlas.sources.PalettedPermutations$$Lambda$5443/0x0000000100e037f8 (minecraft@1.20.1)
6694:             1             16  net.minecraft.client.renderer.texture.atlas.sources.PalettedPermutations$$Lambda$5444/0x0000000100e03a38 (minecraft@1.20.1)
6695:             1             16  net.minecraft.client.renderer.texture.atlas.sources.PalettedPermutations$$Lambda$5446/0x0000000100e06000 (minecraft@1.20.1)
6696:             1             16  net.minecraft.client.renderer.texture.atlas.sources.PalettedPermutations$$Lambda$5447/0x0000000100e06240 (minecraft@1.20.1)
6697:             1             16  net.minecraft.client.renderer.texture.atlas.sources.SingleFile$$Lambda$5418/0x0000000100dfaf58 (minecraft@1.20.1)
6698:             1             16  net.minecraft.client.renderer.texture.atlas.sources.SingleFile$$Lambda$5419/0x0000000100dfb198 (minecraft@1.20.1)
6699:             1             16  net.minecraft.client.renderer.texture.atlas.sources.SingleFile$$Lambda$5420/0x0000000100dfb3d8 (minecraft@1.20.1)
6700:             1             16  net.minecraft.client.renderer.texture.atlas.sources.SingleFile$$Lambda$5421/0x0000000100dfb618 (minecraft@1.20.1)
6701:             1             16  net.minecraft.client.renderer.texture.atlas.sources.SourceFilter$$Lambda$5426/0x0000000100e008f0 (minecraft@1.20.1)
6702:             1             16  net.minecraft.client.renderer.texture.atlas.sources.SourceFilter$$Lambda$5427/0x0000000100e00b30 (minecraft@1.20.1)
6703:             1             16  net.minecraft.client.renderer.texture.atlas.sources.SourceFilter$$Lambda$5428/0x0000000100e00d70 (minecraft@1.20.1)
6704:             1             16  net.minecraft.client.renderer.texture.atlas.sources.Unstitcher$$Lambda$5429/0x0000000100e013f8 (minecraft@1.20.1)
6705:             1             16  net.minecraft.client.renderer.texture.atlas.sources.Unstitcher$$Lambda$5430/0x0000000100e01638 (minecraft@1.20.1)
6706:             1             16  net.minecraft.client.renderer.texture.atlas.sources.Unstitcher$$Lambda$5438/0x0000000100e02a68 (minecraft@1.20.1)
6707:             1             16  net.minecraft.client.renderer.texture.atlas.sources.Unstitcher$$Lambda$5439/0x0000000100e02ca8 (minecraft@1.20.1)
6708:             1             16  net.minecraft.client.renderer.texture.atlas.sources.Unstitcher$$Lambda$5440/0x0000000100e02ee8 (minecraft@1.20.1)
6709:             1             16  net.minecraft.client.renderer.texture.atlas.sources.Unstitcher$$Lambda$5441/0x0000000100e03128 (minecraft@1.20.1)
6710:             1             16  net.minecraft.client.renderer.texture.atlas.sources.Unstitcher$Region$$Lambda$5431/0x0000000100e01a88 (minecraft@1.20.1)
6711:             1             16  net.minecraft.client.renderer.texture.atlas.sources.Unstitcher$Region$$Lambda$5432/0x0000000100e01cc8 (minecraft@1.20.1)
6712:             1             16  net.minecraft.client.renderer.texture.atlas.sources.Unstitcher$Region$$Lambda$5433/0x0000000100e01f08 (minecraft@1.20.1)
6713:             1             16  net.minecraft.client.renderer.texture.atlas.sources.Unstitcher$Region$$Lambda$5434/0x0000000100e02148 (minecraft@1.20.1)
6714:             1             16  net.minecraft.client.renderer.texture.atlas.sources.Unstitcher$Region$$Lambda$5435/0x0000000100e02388 (minecraft@1.20.1)
6715:             1             16  net.minecraft.client.renderer.texture.atlas.sources.Unstitcher$Region$$Lambda$5436/0x0000000100e025c8 (minecraft@1.20.1)
6716:             1             16  net.minecraft.client.renderer.texture.atlas.sources.Unstitcher$Region$$Lambda$5437/0x0000000100e02808 (minecraft@1.20.1)
6717:             1             16  net.minecraft.client.resources.ClientPackSource$$Lambda$4688/0x0000000100ca6000 (minecraft@1.20.1)
6718:             1             16  net.minecraft.client.resources.FoliageColorReloadListener (minecraft@1.20.1)
6719:             1             16  net.minecraft.client.resources.GrassColorReloadListener (minecraft@1.20.1)
6720:             1             16  net.minecraft.client.resources.SplashManager$$Lambda$5235/0x0000000100dd6a18 (minecraft@1.20.1)
6721:             1             16  net.minecraft.client.resources.SplashManager$$Lambda$5236/0x0000000100dd6ec0 (minecraft@1.20.1)
6722:             1             16  net.minecraft.client.resources.TextureAtlasHolder$$Lambda$5252/0x0000000100dd1480 (minecraft@1.20.1)
6723:             1             16  net.minecraft.client.resources.language.FormattedBidiReorder$$Lambda$6052/0x0000000100eb9c98 (minecraft@1.20.1)
6724:             1             16  net.minecraft.client.resources.language.FormattedBidiReorder$$Lambda$6053/0x0000000100eba1c0 (minecraft@1.20.1)
6725:             1             16  net.minecraft.client.resources.language.LanguageInfo$$Lambda$4710/0x0000000100cb3da0 (minecraft@1.20.1)
6726:             1             16  net.minecraft.client.resources.language.LanguageInfo$$Lambda$4711/0x0000000100cb3fe0 (minecraft@1.20.1)
6727:             1             16  net.minecraft.client.resources.language.LanguageInfo$$Lambda$4712/0x0000000100cb4220 (minecraft@1.20.1)
6728:             1             16  net.minecraft.client.resources.language.LanguageInfo$$Lambda$4713/0x0000000100cb4460 (minecraft@1.20.1)
6729:             1             16  net.minecraft.client.resources.language.LanguageInfo$$Lambda$4714/0x0000000100cb46a0 (minecraft@1.20.1)
6730:             1             16  net.minecraft.client.resources.metadata.animation.AnimationMetadataSectionSerializer (minecraft@1.20.1)
6731:             1             16  net.minecraft.client.resources.metadata.language.LanguageMetadataSection$$Lambda$5686/0x0000000100e43480 (minecraft@1.20.1)
6732:             1             16  net.minecraft.client.resources.metadata.language.LanguageMetadataSection$$Lambda$5687/0x0000000100e436c0 (minecraft@1.20.1)
6733:             1             16  net.minecraft.client.resources.metadata.texture.TextureMetadataSectionSerializer (minecraft@1.20.1)
6734:             1             16  net.minecraft.client.resources.model.AtlasSet (minecraft@1.20.1)
6735:             1             16  net.minecraft.client.resources.model.AtlasSet$$Lambda$4975/0x0000000100d415f0 (minecraft@1.20.1)
6736:             1             16  net.minecraft.client.resources.model.AtlasSet$$Lambda$5233/0x0000000100dd6370 (minecraft@1.20.1)
6737:             1             16  net.minecraft.client.resources.model.BlockModelRotation$$Lambda$5572/0x0000000100e25628 (minecraft@1.20.1)
6738:             1             16  net.minecraft.client.resources.model.BlockModelRotation$$Lambda$5573/0x0000000100e25868 (minecraft@1.20.1)
6739:             1             16  net.minecraft.client.resources.model.Material$$Lambda$4964/0x0000000100d3f6f0 (minecraft@1.20.1)
6740:             1             16  net.minecraft.client.resources.model.Material$$Lambda$4965/0x0000000100d3f930 (minecraft@1.20.1)
6741:             1             16  net.minecraft.client.resources.model.ModelBakery$$Lambda$4990/0x0000000100d58f50 (minecraft@1.20.1)
6742:             1             16  net.minecraft.client.resources.model.ModelBakery$$Lambda$4991/0x0000000100d59170 (minecraft@1.20.1)
6743:             1             16  net.minecraft.client.resources.model.ModelBakery$$Lambda$4992/0x0000000100d593b0 (minecraft@1.20.1)
6744:             1             16  net.minecraft.client.resources.model.ModelBakery$$Lambda$4993/0x0000000100d61b48 (minecraft@1.20.1)
6745:             1             16  net.minecraft.client.resources.model.ModelBakery$$Lambda$4994/0x0000000100d61d78 (minecraft@1.20.1)
6746:             1             16  net.minecraft.client.resources.model.ModelBakery$$Lambda$4995/0x0000000100d61fa8 (minecraft@1.20.1)
6747:             1             16  net.minecraft.client.resources.model.ModelBakery$$Lambda$4996/0x0000000100d621e8 (minecraft@1.20.1)
6748:             1             16  net.minecraft.client.resources.model.ModelBakery$$Lambda$5546/0x0000000100e1c298 (minecraft@1.20.1)
6749:             1             16  net.minecraft.client.resources.model.ModelBakery$$Lambda$5581/0x0000000100e26a58 (minecraft@1.20.1)
6750:             1             16  net.minecraft.client.resources.model.ModelBakery$ModelGroupKey$$Lambda$5590/0x0000000100e2c8f8 (minecraft@1.20.1)
6751:             1             16  net.minecraft.client.resources.model.ModelManager$$Lambda$5242/0x0000000100dd2698 (minecraft@1.20.1)
6752:             1             16  net.minecraft.client.resources.model.ModelManager$$Lambda$5244/0x0000000100dd2f10 (minecraft@1.20.1)
6753:             1             16  net.minecraft.client.resources.model.ModelManager$$Lambda$5492/0x0000000100e0ae98 (minecraft@1.20.1)
6754:             1             16  net.minecraft.client.resources.model.ModelManager$$Lambda$5508/0x0000000100e12b58 (minecraft@1.20.1)
6755:             1             16  net.minecraft.client.resources.model.ModelManager$$Lambda$5519/0x0000000100e16f88 (minecraft@1.20.1)
6756:             1             16  net.minecraft.client.resources.model.ModelManager$$Lambda$5520/0x0000000100e171d8 (minecraft@1.20.1)
6757:             1             16  net.minecraft.client.resources.model.ModelManager$$Lambda$5521/0x0000000100e17418 (minecraft@1.20.1)
6758:             1             16  net.minecraft.client.resources.model.ModelManager$$Lambda$5543/0x0000000100e1a130 (minecraft@1.20.1)
6759:             1             16  net.minecraft.client.resources.model.ModelManager$$Lambda$5544/0x0000000100e1a380 (minecraft@1.20.1)
6760:             1             16  net.minecraft.client.resources.model.ModelManager$$Lambda$5545/0x0000000100e1a5c0 (minecraft@1.20.1)
6761:             1             16  net.minecraft.client.resources.model.ModelManager$$Lambda$5641/0x0000000100e31af0 (minecraft@1.20.1)
6762:             1             16  net.minecraft.client.resources.model.ModelManager$$Lambda$5642/0x0000000100e31d30 (minecraft@1.20.1)
6763:             1             16  net.minecraft.client.resources.model.ModelManager$$Lambda$5678/0x0000000100e420c0 (minecraft@1.20.1)
6764:             1             16  net.minecraft.client.resources.model.ModelManager$$Lambda$5680/0x0000000100e42528 (minecraft@1.20.1)
6765:             1             16  net.minecraft.client.resources.model.ModelManager$$Lambda$5681/0x0000000100e42768 (minecraft@1.20.1)
6766:             1             16  net.minecraft.client.resources.model.ModelManager$$Lambda$5709/0x0000000100e4b1b8 (minecraft@1.20.1)
6767:             1             16  net.minecraft.client.resources.sounds.SoundEventRegistrationSerializer (minecraft@1.20.1)
6768:             1             16  net.minecraft.client.searchtree.SearchRegistry (minecraft@1.20.1)
6769:             1             16  net.minecraft.client.sounds.SoundBufferLibrary$$Lambda$5703/0x0000000100e49df8 (minecraft@1.20.1)
6770:             1             16  net.minecraft.client.sounds.SoundEngine$$Lambda$5295/0x0000000100de0b00 (minecraft@1.20.1)
6771:             1             16  net.minecraft.client.sounds.SoundEngineExecutor$$Lambda$4717/0x0000000100cba650 (minecraft@1.20.1)
6772:             1             16  net.minecraft.client.sounds.SoundEngineExecutor$$Lambda$4718/0x0000000100cba878 (minecraft@1.20.1)
6773:             1             16  net.minecraft.client.telemetry.ClientTelemetryManager$$Lambda$5166/0x0000000100db2ea0 (minecraft@1.20.1)
6774:             1             16  net.minecraft.client.telemetry.TelemetryEventSender$$Lambda$5999/0x0000000100ead218 (minecraft@1.20.1)
6775:             1             16  net.minecraft.client.telemetry.TelemetryEventType$$Lambda$6000/0x0000000100ead448 (minecraft@1.20.1)
6776:             1             16  net.minecraft.client.telemetry.TelemetryEventType$$Lambda$6001/0x0000000100ead688 (minecraft@1.20.1)
6777:             1             16  net.minecraft.client.telemetry.TelemetryEventType$$Lambda$6003/0x0000000100eae530 (minecraft@1.20.1)
6778:             1             16  net.minecraft.client.telemetry.TelemetryProperty$$Lambda$1031/0x0000000100551308 (minecraft@1.20.1)
6779:             1             16  net.minecraft.client.telemetry.TelemetryProperty$$Lambda$1040/0x0000000100552930 (minecraft@1.20.1)
6780:             1             16  net.minecraft.client.telemetry.TelemetryProperty$$Lambda$1041/0x0000000100552b50 (minecraft@1.20.1)
6781:             1             16  net.minecraft.client.telemetry.TelemetryProperty$$Lambda$1123/0x000000010057eda0 (minecraft@1.20.1)
6782:             1             16  net.minecraft.client.telemetry.TelemetryProperty$$Lambda$1124/0x000000010057efc0 (minecraft@1.20.1)
6783:             1             16  net.minecraft.client.telemetry.TelemetryProperty$$Lambda$1126/0x000000010057f860 (minecraft@1.20.1)
6784:             1             16  net.minecraft.client.telemetry.TelemetryProperty$$Lambda$1127/0x000000010057fa80 (minecraft@1.20.1)
6785:             1             16  net.minecraft.client.telemetry.TelemetryProperty$$Lambda$1128/0x000000010057fca0 (minecraft@1.20.1)
6786:             1             16  net.minecraft.client.telemetry.TelemetryProperty$$Lambda$1129/0x0000000100584000 (minecraft@1.20.1)
6787:             1             16  net.minecraft.client.telemetry.TelemetryProperty$$Lambda$1132/0x00000001005848a8 (minecraft@1.20.1)
6788:             1             16  net.minecraft.client.telemetry.TelemetryProperty$$Lambda$1133/0x0000000100584ac8 (minecraft@1.20.1)
6789:             1             16  net.minecraft.client.telemetry.TelemetryProperty$GameMode$$Lambda$1125/0x000000010057f640 (minecraft@1.20.1)
6790:             1             16  net.minecraft.client.telemetry.TelemetryProperty$ServerType$$Lambda$1042/0x00000001005535c0 (minecraft@1.20.1)
6791:             1             16  net.minecraft.client.telemetry.TelemetryPropertyMap (minecraft@1.20.1)
6792:             1             16  net.minecraft.client.telemetry.events.GameLoadTimesEvent$Measurement$$Lambda$1130/0x0000000100584428 (minecraft@1.20.1)
6793:             1             16  net.minecraft.client.telemetry.events.GameLoadTimesEvent$Measurement$$Lambda$1131/0x0000000100584668 (minecraft@1.20.1)
6794:             1             16  net.minecraft.client.tutorial.TutorialSteps$$Lambda$4448/0x0000000100c027c8 (minecraft@1.20.1)
6795:             1             16  net.minecraft.client.tutorial.TutorialSteps$$Lambda$4449/0x0000000100c02ca8 (minecraft@1.20.1)
6796:             1             16  net.minecraft.client.tutorial.TutorialSteps$$Lambda$4450/0x0000000100c03188 (minecraft@1.20.1)
6797:             1             16  net.minecraft.client.tutorial.TutorialSteps$$Lambda$4451/0x0000000100c03668 (minecraft@1.20.1)
6798:             1             16  net.minecraft.client.tutorial.TutorialSteps$$Lambda$4452/0x0000000100c03b48 (minecraft@1.20.1)
6799:             1             16  net.minecraft.client.tutorial.TutorialSteps$$Lambda$4453/0x0000000100c04020 (minecraft@1.20.1)
6800:             1             16  net.minecraft.commands.BrigadierExceptions (minecraft@1.20.1)
6801:             1             16  net.minecraft.commands.BrigadierExceptions$$Lambda$1152/0x0000000100585500 (minecraft@1.20.1)
6802:             1             16  net.minecraft.commands.BrigadierExceptions$$Lambda$1153/0x0000000100585720 (minecraft@1.20.1)
6803:             1             16  net.minecraft.commands.BrigadierExceptions$$Lambda$1154/0x0000000100585940 (minecraft@1.20.1)
6804:             1             16  net.minecraft.commands.BrigadierExceptions$$Lambda$1155/0x0000000100585b60 (minecraft@1.20.1)
6805:             1             16  net.minecraft.commands.BrigadierExceptions$$Lambda$1156/0x0000000100585d80 (minecraft@1.20.1)
6806:             1             16  net.minecraft.commands.BrigadierExceptions$$Lambda$1157/0x0000000100585fa0 (minecraft@1.20.1)
6807:             1             16  net.minecraft.commands.BrigadierExceptions$$Lambda$1158/0x00000001005861c0 (minecraft@1.20.1)
6808:             1             16  net.minecraft.commands.BrigadierExceptions$$Lambda$1159/0x00000001005863e0 (minecraft@1.20.1)
6809:             1             16  net.minecraft.commands.BrigadierExceptions$$Lambda$1160/0x0000000100586600 (minecraft@1.20.1)
6810:             1             16  net.minecraft.commands.BrigadierExceptions$$Lambda$1197/0x0000000100592d38 (minecraft@1.20.1)
6811:             1             16  net.minecraft.commands.BrigadierExceptions$$Lambda$1198/0x0000000100592f78 (minecraft@1.20.1)
6812:             1             16  net.minecraft.commands.BrigadierExceptions$$Lambda$1199/0x00000001005931b8 (minecraft@1.20.1)
6813:             1             16  net.minecraft.commands.BrigadierExceptions$$Lambda$1200/0x00000001005933f8 (minecraft@1.20.1)
6814:             1             16  net.minecraft.commands.BrigadierExceptions$$Lambda$1201/0x0000000100593638 (minecraft@1.20.1)
6815:             1             16  net.minecraft.commands.BrigadierExceptions$$Lambda$1202/0x0000000100593878 (minecraft@1.20.1)
6816:             1             16  net.minecraft.commands.BrigadierExceptions$$Lambda$1203/0x0000000100593ab8 (minecraft@1.20.1)
6817:             1             16  net.minecraft.commands.BrigadierExceptions$$Lambda$1204/0x0000000100593cf8 (minecraft@1.20.1)
6818:             1             16  net.minecraft.commands.CommandSource$1 (minecraft@1.20.1)
6819:             1             16  net.minecraft.commands.arguments.EntityArgument$Info (minecraft@1.20.1)
6820:             1             16  net.minecraft.commands.arguments.ResourceArgument$Info (minecraft@1.20.1)
6821:             1             16  net.minecraft.commands.arguments.ResourceKeyArgument$Info (minecraft@1.20.1)
6822:             1             16  net.minecraft.commands.arguments.ResourceOrTagArgument$Info (minecraft@1.20.1)
6823:             1             16  net.minecraft.commands.arguments.ResourceOrTagKeyArgument$Info (minecraft@1.20.1)
6824:             1             16  net.minecraft.commands.arguments.ScoreHolderArgument$Info (minecraft@1.20.1)
6825:             1             16  net.minecraft.commands.arguments.TimeArgument$Info (minecraft@1.20.1)
6826:             1             16  net.minecraft.commands.arguments.selector.options.EntitySelectorOptions$$Lambda$2613/0x00000001009e2a38 (minecraft@1.20.1)
6827:             1             16  net.minecraft.commands.arguments.selector.options.EntitySelectorOptions$$Lambda$2614/0x00000001009e2c78 (minecraft@1.20.1)
6828:             1             16  net.minecraft.commands.arguments.selector.options.EntitySelectorOptions$$Lambda$2615/0x00000001009e2eb8 (minecraft@1.20.1)
6829:             1             16  net.minecraft.commands.arguments.selector.options.EntitySelectorOptions$$Lambda$2616/0x00000001009e30f8 (minecraft@1.20.1)
6830:             1             16  net.minecraft.commands.arguments.selector.options.EntitySelectorOptions$$Lambda$2617/0x00000001009e3338 (minecraft@1.20.1)
6831:             1             16  net.minecraft.commands.arguments.selector.options.EntitySelectorOptions$$Lambda$2618/0x00000001009e3b78 (minecraft@1.20.1)
6832:             1             16  net.minecraft.commands.arguments.selector.options.EntitySelectorOptions$$Lambda$2619/0x00000001009e3d98 (minecraft@1.20.1)
6833:             1             16  net.minecraft.commands.arguments.selector.options.EntitySelectorOptions$$Lambda$2620/0x00000001009e6210 (minecraft@1.20.1)
6834:             1             16  net.minecraft.commands.arguments.selector.options.EntitySelectorOptions$$Lambda$2621/0x00000001009e6430 (minecraft@1.20.1)
6835:             1             16  net.minecraft.commands.arguments.selector.options.EntitySelectorOptions$$Lambda$2622/0x00000001009e6680 (minecraft@1.20.1)
6836:             1             16  net.minecraft.commands.arguments.selector.options.EntitySelectorOptions$$Lambda$2623/0x00000001009e68a0 (minecraft@1.20.1)
6837:             1             16  net.minecraft.commands.arguments.selector.options.EntitySelectorOptions$$Lambda$2624/0x00000001009e6af0 (minecraft@1.20.1)
6838:             1             16  net.minecraft.commands.arguments.selector.options.EntitySelectorOptions$$Lambda$2625/0x00000001009e6d10 (minecraft@1.20.1)
6839:             1             16  net.minecraft.commands.arguments.selector.options.EntitySelectorOptions$$Lambda$2626/0x00000001009e6f60 (minecraft@1.20.1)
6840:             1             16  net.minecraft.commands.arguments.selector.options.EntitySelectorOptions$$Lambda$2627/0x00000001009e7180 (minecraft@1.20.1)
6841:             1             16  net.minecraft.commands.arguments.selector.options.EntitySelectorOptions$$Lambda$2628/0x00000001009e73d0 (minecraft@1.20.1)
6842:             1             16  net.minecraft.commands.arguments.selector.options.EntitySelectorOptions$$Lambda$2629/0x00000001009e75f0 (minecraft@1.20.1)
6843:             1             16  net.minecraft.commands.arguments.selector.options.EntitySelectorOptions$$Lambda$2630/0x00000001009e7840 (minecraft@1.20.1)
6844:             1             16  net.minecraft.commands.arguments.selector.options.EntitySelectorOptions$$Lambda$2631/0x00000001009e7a60 (minecraft@1.20.1)
6845:             1             16  net.minecraft.commands.arguments.selector.options.EntitySelectorOptions$$Lambda$2632/0x00000001009e7cb0 (minecraft@1.20.1)
6846:             1             16  net.minecraft.commands.arguments.selector.options.EntitySelectorOptions$$Lambda$2633/0x00000001009e5000 (minecraft@1.20.1)
6847:             1             16  net.minecraft.commands.arguments.selector.options.EntitySelectorOptions$$Lambda$2634/0x00000001009e5250 (minecraft@1.20.1)
6848:             1             16  net.minecraft.commands.arguments.selector.options.EntitySelectorOptions$$Lambda$2635/0x00000001009e5470 (minecraft@1.20.1)
6849:             1             16  net.minecraft.commands.arguments.selector.options.EntitySelectorOptions$$Lambda$2636/0x00000001009e56c0 (minecraft@1.20.1)
6850:             1             16  net.minecraft.commands.arguments.selector.options.EntitySelectorOptions$$Lambda$2637/0x00000001009e58e0 (minecraft@1.20.1)
6851:             1             16  net.minecraft.commands.arguments.selector.options.EntitySelectorOptions$$Lambda$2638/0x00000001009e5b30 (minecraft@1.20.1)
6852:             1             16  net.minecraft.commands.arguments.selector.options.EntitySelectorOptions$$Lambda$2639/0x00000001009e5d50 (minecraft@1.20.1)
6853:             1             16  net.minecraft.commands.arguments.selector.options.EntitySelectorOptions$$Lambda$2640/0x00000001009e4800 (minecraft@1.20.1)
6854:             1             16  net.minecraft.commands.arguments.selector.options.EntitySelectorOptions$$Lambda$2641/0x00000001009e4a20 (minecraft@1.20.1)
6855:             1             16  net.minecraft.commands.arguments.selector.options.EntitySelectorOptions$$Lambda$2642/0x00000001009e4c70 (minecraft@1.20.1)
6856:             1             16  net.minecraft.commands.arguments.selector.options.EntitySelectorOptions$$Lambda$2643/0x00000001009e4400 (minecraft@1.20.1)
6857:             1             16  net.minecraft.commands.arguments.selector.options.EntitySelectorOptions$$Lambda$2644/0x00000001009e8000 (minecraft@1.20.1)
6858:             1             16  net.minecraft.commands.arguments.selector.options.EntitySelectorOptions$$Lambda$2645/0x00000001009e8220 (minecraft@1.20.1)
6859:             1             16  net.minecraft.commands.arguments.selector.options.EntitySelectorOptions$$Lambda$2646/0x00000001009e8470 (minecraft@1.20.1)
6860:             1             16  net.minecraft.commands.arguments.selector.options.EntitySelectorOptions$$Lambda$2647/0x00000001009e8690 (minecraft@1.20.1)
6861:             1             16  net.minecraft.commands.arguments.selector.options.EntitySelectorOptions$$Lambda$2648/0x00000001009e88e0 (minecraft@1.20.1)
6862:             1             16  net.minecraft.commands.arguments.selector.options.EntitySelectorOptions$$Lambda$2649/0x00000001009e8b00 (minecraft@1.20.1)
6863:             1             16  net.minecraft.commands.arguments.selector.options.EntitySelectorOptions$$Lambda$2650/0x00000001009e8d50 (minecraft@1.20.1)
6864:             1             16  net.minecraft.commands.arguments.selector.options.EntitySelectorOptions$$Lambda$2651/0x00000001009e8f70 (minecraft@1.20.1)
6865:             1             16  net.minecraft.commands.arguments.selector.options.EntitySelectorOptions$$Lambda$2652/0x00000001009e91c0 (minecraft@1.20.1)
6866:             1             16  net.minecraft.commands.arguments.selector.options.EntitySelectorOptions$$Lambda$2653/0x00000001009e93e0 (minecraft@1.20.1)
6867:             1             16  net.minecraft.commands.arguments.selector.options.EntitySelectorOptions$$Lambda$2654/0x00000001009e9630 (minecraft@1.20.1)
6868:             1             16  net.minecraft.commands.arguments.selector.options.EntitySelectorOptions$$Lambda$2655/0x00000001009e9850 (minecraft@1.20.1)
6869:             1             16  net.minecraft.commands.arguments.selector.options.EntitySelectorOptions$$Lambda$2656/0x00000001009e9aa0 (minecraft@1.20.1)
6870:             1             16  net.minecraft.commands.arguments.selector.options.EntitySelectorOptions$$Lambda$2657/0x00000001009e9cc0 (minecraft@1.20.1)
6871:             1             16  net.minecraft.commands.arguments.selector.options.EntitySelectorOptions$$Lambda$2658/0x00000001009e9f10 (minecraft@1.20.1)
6872:             1             16  net.minecraft.commands.arguments.selector.options.EntitySelectorOptions$$Lambda$2659/0x00000001009ea130 (minecraft@1.20.1)
6873:             1             16  net.minecraft.commands.synchronization.ArgumentTypeInfos$$Lambda$2827/0x0000000100a27870 (minecraft@1.20.1)
6874:             1             16  net.minecraft.commands.synchronization.ArgumentTypeInfos$$Lambda$2829/0x0000000100a2dbe8 (minecraft@1.20.1)
6875:             1             16  net.minecraft.commands.synchronization.ArgumentTypeInfos$$Lambda$2830/0x0000000100a2e258 (minecraft@1.20.1)
6876:             1             16  net.minecraft.commands.synchronization.ArgumentTypeInfos$$Lambda$2831/0x0000000100a2e6c8 (minecraft@1.20.1)
6877:             1             16  net.minecraft.commands.synchronization.ArgumentTypeInfos$$Lambda$2832/0x0000000100a2eb38 (minecraft@1.20.1)
6878:             1             16  net.minecraft.commands.synchronization.ArgumentTypeInfos$$Lambda$2833/0x0000000100a2efa8 (minecraft@1.20.1)
6879:             1             16  net.minecraft.commands.synchronization.ArgumentTypeInfos$$Lambda$2834/0x0000000100a2f420 (minecraft@1.20.1)
6880:             1             16  net.minecraft.commands.synchronization.ArgumentTypeInfos$$Lambda$2835/0x0000000100a2fab8 (minecraft@1.20.1)
6881:             1             16  net.minecraft.commands.synchronization.ArgumentTypeInfos$$Lambda$2836/0x0000000100a29000 (minecraft@1.20.1)
6882:             1             16  net.minecraft.commands.synchronization.ArgumentTypeInfos$$Lambda$2837/0x0000000100a29498 (minecraft@1.20.1)
6883:             1             16  net.minecraft.commands.synchronization.ArgumentTypeInfos$$Lambda$2838/0x0000000100a29928 (minecraft@1.20.1)
6884:             1             16  net.minecraft.commands.synchronization.ArgumentTypeInfos$$Lambda$2839/0x0000000100a29d98 (minecraft@1.20.1)
6885:             1             16  net.minecraft.commands.synchronization.ArgumentTypeInfos$$Lambda$2840/0x0000000100a28c68 (minecraft@1.20.1)
6886:             1             16  net.minecraft.commands.synchronization.ArgumentTypeInfos$$Lambda$2841/0x0000000100a30000 (minecraft@1.20.1)
6887:             1             16  net.minecraft.commands.synchronization.ArgumentTypeInfos$$Lambda$2842/0x0000000100a30470 (minecraft@1.20.1)
6888:             1             16  net.minecraft.commands.synchronization.ArgumentTypeInfos$$Lambda$2843/0x0000000100a30ae0 (minecraft@1.20.1)
6889:             1             16  net.minecraft.commands.synchronization.ArgumentTypeInfos$$Lambda$2844/0x0000000100a30f50 (minecraft@1.20.1)
6890:             1             16  net.minecraft.commands.synchronization.ArgumentTypeInfos$$Lambda$2845/0x0000000100a313c8 (minecraft@1.20.1)
6891:             1             16  net.minecraft.commands.synchronization.ArgumentTypeInfos$$Lambda$2846/0x0000000100a31a38 (minecraft@1.20.1)
6892:             1             16  net.minecraft.commands.synchronization.ArgumentTypeInfos$$Lambda$2847/0x0000000100a31eb0 (minecraft@1.20.1)
6893:             1             16  net.minecraft.commands.synchronization.ArgumentTypeInfos$$Lambda$2848/0x0000000100a32340 (minecraft@1.20.1)
6894:             1             16  net.minecraft.commands.synchronization.ArgumentTypeInfos$$Lambda$2849/0x0000000100a327b0 (minecraft@1.20.1)
6895:             1             16  net.minecraft.commands.synchronization.ArgumentTypeInfos$$Lambda$2850/0x0000000100a32c20 (minecraft@1.20.1)
6896:             1             16  net.minecraft.commands.synchronization.ArgumentTypeInfos$$Lambda$2851/0x0000000100a33558 (minecraft@1.20.1)
6897:             1             16  net.minecraft.commands.synchronization.ArgumentTypeInfos$$Lambda$2852/0x0000000100a339c8 (minecraft@1.20.1)
6898:             1             16  net.minecraft.commands.synchronization.ArgumentTypeInfos$$Lambda$2853/0x0000000100a33e38 (minecraft@1.20.1)
6899:             1             16  net.minecraft.commands.synchronization.ArgumentTypeInfos$$Lambda$2854/0x0000000100a342a8 (minecraft@1.20.1)
6900:             1             16  net.minecraft.commands.synchronization.ArgumentTypeInfos$$Lambda$2855/0x0000000100a34918 (minecraft@1.20.1)
6901:             1             16  net.minecraft.commands.synchronization.ArgumentTypeInfos$$Lambda$2856/0x0000000100a34d88 (minecraft@1.20.1)
6902:             1             16  net.minecraft.commands.synchronization.ArgumentTypeInfos$$Lambda$2857/0x0000000100a35410 (minecraft@1.20.1)
6903:             1             16  net.minecraft.commands.synchronization.ArgumentTypeInfos$$Lambda$2858/0x0000000100a35898 (minecraft@1.20.1)
6904:             1             16  net.minecraft.commands.synchronization.ArgumentTypeInfos$$Lambda$2859/0x0000000100a35d08 (minecraft@1.20.1)
6905:             1             16  net.minecraft.commands.synchronization.ArgumentTypeInfos$$Lambda$2860/0x0000000100a36178 (minecraft@1.20.1)
6906:             1             16  net.minecraft.commands.synchronization.ArgumentTypeInfos$$Lambda$2861/0x0000000100a38260 (minecraft@1.20.1)
6907:             1             16  net.minecraft.commands.synchronization.ArgumentTypeInfos$$Lambda$2862/0x0000000100a386e0 (minecraft@1.20.1)
6908:             1             16  net.minecraft.commands.synchronization.ArgumentTypeInfos$$Lambda$2863/0x0000000100a38b60 (minecraft@1.20.1)
6909:             1             16  net.minecraft.commands.synchronization.ArgumentTypeInfos$$Lambda$2864/0x0000000100a38fd0 (minecraft@1.20.1)
6910:             1             16  net.minecraft.commands.synchronization.ArgumentTypeInfos$$Lambda$2865/0x0000000100a39440 (minecraft@1.20.1)
6911:             1             16  net.minecraft.commands.synchronization.ArgumentTypeInfos$$Lambda$2866/0x0000000100a398b0 (minecraft@1.20.1)
6912:             1             16  net.minecraft.commands.synchronization.brigadier.DoubleArgumentInfo (minecraft@1.20.1)
6913:             1             16  net.minecraft.commands.synchronization.brigadier.FloatArgumentInfo (minecraft@1.20.1)
6914:             1             16  net.minecraft.commands.synchronization.brigadier.IntegerArgumentInfo (minecraft@1.20.1)
6915:             1             16  net.minecraft.commands.synchronization.brigadier.LongArgumentInfo (minecraft@1.20.1)
6916:             1             16  net.minecraft.commands.synchronization.brigadier.StringArgumentSerializer (minecraft@1.20.1)
6917:             1             16  net.minecraft.core.BlockMath$$Lambda$5667/0x0000000100e3fda0 (minecraft@1.20.1)
6918:             1             16  net.minecraft.core.BlockMath$$Lambda$5668/0x0000000100e3b800 (minecraft@1.20.1)
6919:             1             16  net.minecraft.core.BlockPos$$Lambda$1686/0x0000000100787d48 (minecraft@1.20.1)
6920:             1             16  net.minecraft.core.BlockPos$$Lambda$1687/0x0000000100788808 (minecraft@1.20.1)
6921:             1             16  net.minecraft.core.Direction$$Lambda$1420/0x000000010065e0b8 (minecraft@1.20.1)
6922:             1             16  net.minecraft.core.Direction$$Lambda$1421/0x000000010065e2d8 (minecraft@1.20.1)
6923:             1             16  net.minecraft.core.Direction$$Lambda$1422/0x000000010065e518 (minecraft@1.20.1)
6924:             1             16  net.minecraft.core.Direction$$Lambda$1423/0x000000010065e738 (minecraft@1.20.1)
6925:             1             16  net.minecraft.core.Direction$$Lambda$1424/0x000000010065e958 (minecraft@1.20.1)
6926:             1             16  net.minecraft.core.Direction$$Lambda$1425/0x000000010065eba8 (minecraft@1.20.1)
6927:             1             16  net.minecraft.core.Direction$$Lambda$1426/0x000000010065edc8 (minecraft@1.20.1)
6928:             1             16  net.minecraft.core.Direction$Axis$$Lambda$1417/0x000000010065da18 (minecraft@1.20.1)
6929:             1             16  net.minecraft.core.FrontAndTop$$Lambda$1435/0x000000010066a660 (minecraft@1.20.1)
6930:             1             16  net.minecraft.core.GlobalPos$$Lambda$2515/0x00000001009a7d08 (minecraft@1.20.1)
6931:             1             16  net.minecraft.core.GlobalPos$$Lambda$2518/0x00000001009abe30 (minecraft@1.20.1)
6932:             1             16  net.minecraft.core.GlobalPos$$Lambda$2519/0x00000001009ac070 (minecraft@1.20.1)
6933:             1             16  net.minecraft.core.GlobalPos$$Lambda$2520/0x00000001009ac2b0 (minecraft@1.20.1)
6934:             1             16  net.minecraft.core.Holder$Direct (minecraft@1.20.1)
6935:             1             16  net.minecraft.core.MappedRegistry$$Lambda$1321/0x00000001005ce1b8 (minecraft@1.20.1)
6936:             1             16  net.minecraft.core.MappedRegistry$$Lambda$4224/0x0000000100b81980 (minecraft@1.20.1)
6937:             1             16  net.minecraft.core.MappedRegistry$$Lambda$4225/0x0000000100b81bd0 (minecraft@1.20.1)
6938:             1             16  net.minecraft.core.MappedRegistry$$Lambda$4226/0x0000000100b81e10 (minecraft@1.20.1)
6939:             1             16  net.minecraft.core.MappedRegistry$$Lambda$4227/0x0000000100b82060 (minecraft@1.20.1)
6940:             1             16  net.minecraft.core.Registry$1 (minecraft@1.20.1)
6941:             1             16  net.minecraft.core.UUIDUtil$$Lambda$1032/0x0000000100551730 (minecraft@1.20.1)
6942:             1             16  net.minecraft.core.UUIDUtil$$Lambda$1033/0x0000000100551970 (minecraft@1.20.1)
6943:             1             16  net.minecraft.core.UUIDUtil$$Lambda$1034/0x0000000100551bb0 (minecraft@1.20.1)
6944:             1             16  net.minecraft.core.UUIDUtil$$Lambda$1035/0x0000000100551df0 (minecraft@1.20.1)
6945:             1             16  net.minecraft.core.UUIDUtil$$Lambda$1036/0x0000000100552030 (minecraft@1.20.1)
6946:             1             16  net.minecraft.core.UUIDUtil$$Lambda$1037/0x0000000100552270 (minecraft@1.20.1)
6947:             1             16  net.minecraft.core.UUIDUtil$$Lambda$1038/0x00000001005524b0 (minecraft@1.20.1)
6948:             1             16  net.minecraft.core.UUIDUtil$$Lambda$1039/0x00000001005526f0 (minecraft@1.20.1)
6949:             1             16  net.minecraft.core.Vec3i$$Lambda$1418/0x000000010065dc38 (minecraft@1.20.1)
6950:             1             16  net.minecraft.core.Vec3i$$Lambda$1419/0x000000010065de78 (minecraft@1.20.1)
6951:             1             16  net.minecraft.core.cauldron.CauldronInteraction$$Lambda$1693/0x000000010078a288 (minecraft@1.20.1)
6952:             1             16  net.minecraft.core.cauldron.CauldronInteraction$$Lambda$1694/0x000000010078b100 (minecraft@1.20.1)
6953:             1             16  net.minecraft.core.cauldron.CauldronInteraction$$Lambda$1695/0x000000010078b320 (minecraft@1.20.1)
6954:             1             16  net.minecraft.core.cauldron.CauldronInteraction$$Lambda$1696/0x000000010078b540 (minecraft@1.20.1)
6955:             1             16  net.minecraft.core.cauldron.CauldronInteraction$$Lambda$1697/0x000000010078b760 (minecraft@1.20.1)
6956:             1             16  net.minecraft.core.cauldron.CauldronInteraction$$Lambda$1698/0x000000010078b980 (minecraft@1.20.1)
6957:             1             16  net.minecraft.core.cauldron.CauldronInteraction$$Lambda$1699/0x000000010078bba0 (minecraft@1.20.1)
6958:             1             16  net.minecraft.core.cauldron.CauldronInteraction$$Lambda$1700/0x000000010078bdc0 (minecraft@1.20.1)
6959:             1             16  net.minecraft.core.cauldron.CauldronInteraction$$Lambda$2661/0x00000001009ee970 (minecraft@1.20.1)
6960:             1             16  net.minecraft.core.cauldron.CauldronInteraction$$Lambda$2662/0x00000001009eeb90 (minecraft@1.20.1)
6961:             1             16  net.minecraft.core.cauldron.CauldronInteraction$$Lambda$2663/0x00000001009eedb0 (minecraft@1.20.1)
6962:             1             16  net.minecraft.core.cauldron.CauldronInteraction$$Lambda$2664/0x00000001009eefd0 (minecraft@1.20.1)
6963:             1             16  net.minecraft.core.cauldron.CauldronInteraction$$Lambda$2665/0x00000001009ef1f0 (minecraft@1.20.1)
6964:             1             16  net.minecraft.core.cauldron.CauldronInteraction$$Lambda$2666/0x00000001009ef410 (minecraft@1.20.1)
6965:             1             16  net.minecraft.core.dispenser.DispenseItemBehavior$$Lambda$2660/0x00000001009ea380 (minecraft@1.20.1)
6966:             1             16  net.minecraft.core.dispenser.DispenseItemBehavior$1 (minecraft@1.20.1)
6967:             1             16  net.minecraft.core.dispenser.DispenseItemBehavior$10 (minecraft@1.20.1)
6968:             1             16  net.minecraft.core.dispenser.DispenseItemBehavior$11 (minecraft@1.20.1)
6969:             1             16  net.minecraft.core.dispenser.DispenseItemBehavior$12 (minecraft@1.20.1)
6970:             1             16  net.minecraft.core.dispenser.DispenseItemBehavior$13 (minecraft@1.20.1)
6971:             1             16  net.minecraft.core.dispenser.DispenseItemBehavior$14 (minecraft@1.20.1)
6972:             1             16  net.minecraft.core.dispenser.DispenseItemBehavior$15 (minecraft@1.20.1)
6973:             1             16  net.minecraft.core.dispenser.DispenseItemBehavior$16 (minecraft@1.20.1)
6974:             1             16  net.minecraft.core.dispenser.DispenseItemBehavior$17 (minecraft@1.20.1)
6975:             1             16  net.minecraft.core.dispenser.DispenseItemBehavior$18 (minecraft@1.20.1)
6976:             1             16  net.minecraft.core.dispenser.DispenseItemBehavior$19 (minecraft@1.20.1)
6977:             1             16  net.minecraft.core.dispenser.DispenseItemBehavior$2 (minecraft@1.20.1)
6978:             1             16  net.minecraft.core.dispenser.DispenseItemBehavior$20 (minecraft@1.20.1)
6979:             1             16  net.minecraft.core.dispenser.DispenseItemBehavior$21 (minecraft@1.20.1)
6980:             1             16  net.minecraft.core.dispenser.DispenseItemBehavior$22 (minecraft@1.20.1)
6981:             1             16  net.minecraft.core.dispenser.DispenseItemBehavior$23 (minecraft@1.20.1)
6982:             1             16  net.minecraft.core.dispenser.DispenseItemBehavior$25 (minecraft@1.20.1)
6983:             1             16  net.minecraft.core.dispenser.DispenseItemBehavior$26 (minecraft@1.20.1)
6984:             1             16  net.minecraft.core.dispenser.DispenseItemBehavior$27 (minecraft@1.20.1)
6985:             1             16  net.minecraft.core.dispenser.DispenseItemBehavior$3 (minecraft@1.20.1)
6986:             1             16  net.minecraft.core.dispenser.DispenseItemBehavior$4 (minecraft@1.20.1)
6987:             1             16  net.minecraft.core.dispenser.DispenseItemBehavior$5 (minecraft@1.20.1)
6988:             1             16  net.minecraft.core.dispenser.DispenseItemBehavior$6 (minecraft@1.20.1)
6989:             1             16  net.minecraft.core.dispenser.DispenseItemBehavior$7 (minecraft@1.20.1)
6990:             1             16  net.minecraft.core.dispenser.DispenseItemBehavior$8 (minecraft@1.20.1)
6991:             1             16  net.minecraft.core.dispenser.DispenseItemBehavior$9 (minecraft@1.20.1)
6992:             1             16  net.minecraft.core.dispenser.ShearsDispenseItemBehavior (minecraft@1.20.1)
6993:             1             16  net.minecraft.core.particles.BlockParticleOption$1 (minecraft@1.20.1)
6994:             1             16  net.minecraft.core.particles.DustColorTransitionOptions$$Lambda$1601/0x00000001007596c8 (minecraft@1.20.1)
6995:             1             16  net.minecraft.core.particles.DustColorTransitionOptions$$Lambda$1602/0x0000000100759908 (minecraft@1.20.1)
6996:             1             16  net.minecraft.core.particles.DustColorTransitionOptions$$Lambda$1603/0x0000000100759b48 (minecraft@1.20.1)
6997:             1             16  net.minecraft.core.particles.DustColorTransitionOptions$$Lambda$1604/0x0000000100759d88 (minecraft@1.20.1)
6998:             1             16  net.minecraft.core.particles.DustColorTransitionOptions$$Lambda$1605/0x0000000100759fc8 (minecraft@1.20.1)
6999:             1             16  net.minecraft.core.particles.DustColorTransitionOptions$1 (minecraft@1.20.1)
7000:             1             16  net.minecraft.core.particles.DustParticleOptions$$Lambda$1596/0x00000001007586e0 (minecraft@1.20.1)
7001:             1             16  net.minecraft.core.particles.DustParticleOptions$$Lambda$1597/0x0000000100758920 (minecraft@1.20.1)
7002:             1             16  net.minecraft.core.particles.DustParticleOptions$$Lambda$1598/0x0000000100758b60 (minecraft@1.20.1)
7003:             1             16  net.minecraft.core.particles.DustParticleOptions$$Lambda$1599/0x0000000100758da0 (minecraft@1.20.1)
7004:             1             16  net.minecraft.core.particles.DustParticleOptions$1 (minecraft@1.20.1)
7005:             1             16  net.minecraft.core.particles.ItemParticleOption$1 (minecraft@1.20.1)
7006:             1             16  net.minecraft.core.particles.ParticleTypes$$Lambda$1592/0x00000001007575b8 (minecraft@1.20.1)
7007:             1             16  net.minecraft.core.particles.ParticleTypes$$Lambda$1593/0x0000000100757a20 (minecraft@1.20.1)
7008:             1             16  net.minecraft.core.particles.ParticleTypes$$Lambda$1600/0x0000000100759218 (minecraft@1.20.1)
7009:             1             16  net.minecraft.core.particles.ParticleTypes$$Lambda$1606/0x000000010075a450 (minecraft@1.20.1)
7010:             1             16  net.minecraft.core.particles.ParticleTypes$$Lambda$1607/0x000000010075a690 (minecraft@1.20.1)
7011:             1             16  net.minecraft.core.particles.ParticleTypes$$Lambda$1611/0x000000010075b408 (minecraft@1.20.1)
7012:             1             16  net.minecraft.core.particles.ParticleTypes$$Lambda$1612/0x000000010075bae8 (minecraft@1.20.1)
7013:             1             16  net.minecraft.core.particles.ParticleTypes$$Lambda$1619/0x000000010075f1b8 (minecraft@1.20.1)
7014:             1             16  net.minecraft.core.particles.ParticleTypes$$Lambda$1623/0x000000010075d000 (minecraft@1.20.1)
7015:             1             16  net.minecraft.core.particles.ParticleTypes$$Lambda$1624/0x000000010075d240 (minecraft@1.20.1)
7016:             1             16  net.minecraft.core.particles.ParticleTypes$$Lambda$1625/0x000000010075d480 (minecraft@1.20.1)
7017:             1             16  net.minecraft.core.particles.SculkChargeParticleOptions$$Lambda$1608/0x000000010075ab00 (minecraft@1.20.1)
7018:             1             16  net.minecraft.core.particles.SculkChargeParticleOptions$$Lambda$1609/0x000000010075ad40 (minecraft@1.20.1)
7019:             1             16  net.minecraft.core.particles.SculkChargeParticleOptions$$Lambda$1610/0x000000010075af80 (minecraft@1.20.1)
7020:             1             16  net.minecraft.core.particles.SculkChargeParticleOptions$1 (minecraft@1.20.1)
7021:             1             16  net.minecraft.core.particles.ShriekParticleOption$$Lambda$1620/0x000000010075f648 (minecraft@1.20.1)
7022:             1             16  net.minecraft.core.particles.ShriekParticleOption$$Lambda$1621/0x000000010075f888 (minecraft@1.20.1)
7023:             1             16  net.minecraft.core.particles.ShriekParticleOption$$Lambda$1622/0x000000010075fac8 (minecraft@1.20.1)
7024:             1             16  net.minecraft.core.particles.ShriekParticleOption$1 (minecraft@1.20.1)
7025:             1             16  net.minecraft.core.particles.SimpleParticleType$1 (minecraft@1.20.1)
7026:             1             16  net.minecraft.core.particles.VibrationParticleOption$$Lambda$1613/0x000000010075e000 (minecraft@1.20.1)
7027:             1             16  net.minecraft.core.particles.VibrationParticleOption$$Lambda$1616/0x000000010075e8c0 (minecraft@1.20.1)
7028:             1             16  net.minecraft.core.particles.VibrationParticleOption$$Lambda$1617/0x000000010075eb00 (minecraft@1.20.1)
7029:             1             16  net.minecraft.core.particles.VibrationParticleOption$$Lambda$1618/0x000000010075ed40 (minecraft@1.20.1)
7030:             1             16  net.minecraft.core.particles.VibrationParticleOption$1 (minecraft@1.20.1)
7031:             1             16  net.minecraft.core.registries.BuiltInRegistries$$Lambda$1323/0x00000001005cef98 (minecraft@1.20.1)
7032:             1             16  net.minecraft.core.registries.BuiltInRegistries$$Lambda$1329/0x00000001005dc9d8 (minecraft@1.20.1)
7033:             1             16  net.minecraft.core.registries.BuiltInRegistries$$Lambda$1353/0x00000001006271d0 (minecraft@1.20.1)
7034:             1             16  net.minecraft.core.registries.BuiltInRegistries$$Lambda$1354/0x00000001006278c8 (minecraft@1.20.1)
7035:             1             16  net.minecraft.core.registries.BuiltInRegistries$$Lambda$1355/0x0000000100627ae8 (minecraft@1.20.1)
7036:             1             16  net.minecraft.core.registries.BuiltInRegistries$$Lambda$1356/0x000000010064c2e8 (minecraft@1.20.1)
7037:             1             16  net.minecraft.core.registries.BuiltInRegistries$$Lambda$1357/0x000000010064c508 (minecraft@1.20.1)
7038:             1             16  net.minecraft.core.registries.BuiltInRegistries$$Lambda$1358/0x000000010064c728 (minecraft@1.20.1)
7039:             1             16  net.minecraft.core.registries.BuiltInRegistries$$Lambda$1359/0x000000010064cd90 (minecraft@1.20.1)
7040:             1             16  net.minecraft.core.registries.BuiltInRegistries$$Lambda$1360/0x000000010064d1d8 (minecraft@1.20.1)
7041:             1             16  net.minecraft.core.registries.BuiltInRegistries$$Lambda$1361/0x000000010064d620 (minecraft@1.20.1)
7042:             1             16  net.minecraft.core.registries.BuiltInRegistries$$Lambda$1362/0x000000010064dc60 (minecraft@1.20.1)
7043:             1             16  net.minecraft.core.registries.BuiltInRegistries$$Lambda$1363/0x000000010064de80 (minecraft@1.20.1)
7044:             1             16  net.minecraft.core.registries.BuiltInRegistries$$Lambda$1364/0x000000010064e2f8 (minecraft@1.20.1)
7045:             1             16  net.minecraft.core.registries.BuiltInRegistries$$Lambda$1365/0x000000010064e718 (minecraft@1.20.1)
7046:             1             16  net.minecraft.core.registries.BuiltInRegistries$$Lambda$1366/0x000000010064eb38 (minecraft@1.20.1)
7047:             1             16  net.minecraft.core.registries.BuiltInRegistries$$Lambda$1367/0x000000010064ef58 (minecraft@1.20.1)
7048:             1             16  net.minecraft.core.registries.BuiltInRegistries$$Lambda$1368/0x000000010064f5e8 (minecraft@1.20.1)
7049:             1             16  net.minecraft.core.registries.BuiltInRegistries$$Lambda$1369/0x000000010064fa08 (minecraft@1.20.1)
7050:             1             16  net.minecraft.core.registries.BuiltInRegistries$$Lambda$1370/0x000000010064a200 (minecraft@1.20.1)
7051:             1             16  net.minecraft.core.registries.BuiltInRegistries$$Lambda$1371/0x000000010064a658 (minecraft@1.20.1)
7052:             1             16  net.minecraft.core.registries.BuiltInRegistries$$Lambda$1372/0x000000010064aa78 (minecraft@1.20.1)
7053:             1             16  net.minecraft.core.registries.BuiltInRegistries$$Lambda$1373/0x000000010064b0a0 (minecraft@1.20.1)
7054:             1             16  net.minecraft.core.registries.BuiltInRegistries$$Lambda$1374/0x000000010064b540 (minecraft@1.20.1)
7055:             1             16  net.minecraft.core.registries.BuiltInRegistries$$Lambda$1375/0x000000010064b970 (minecraft@1.20.1)
7056:             1             16  net.minecraft.core.registries.BuiltInRegistries$$Lambda$1376/0x000000010064bda0 (minecraft@1.20.1)
7057:             1             16  net.minecraft.core.registries.BuiltInRegistries$$Lambda$1377/0x0000000100650210 (minecraft@1.20.1)
7058:             1             16  net.minecraft.core.registries.BuiltInRegistries$$Lambda$1378/0x0000000100650648 (minecraft@1.20.1)
7059:             1             16  net.minecraft.core.registries.BuiltInRegistries$$Lambda$1379/0x0000000100650a80 (minecraft@1.20.1)
7060:             1             16  net.minecraft.core.registries.BuiltInRegistries$$Lambda$1380/0x0000000100650ed0 (minecraft@1.20.1)
7061:             1             16  net.minecraft.core.registries.BuiltInRegistries$$Lambda$1381/0x0000000100651308 (minecraft@1.20.1)
7062:             1             16  net.minecraft.core.registries.BuiltInRegistries$$Lambda$1382/0x0000000100651958 (minecraft@1.20.1)
7063:             1             16  net.minecraft.core.registries.BuiltInRegistries$$Lambda$1383/0x0000000100651d90 (minecraft@1.20.1)
7064:             1             16  net.minecraft.core.registries.BuiltInRegistries$$Lambda$1384/0x00000001006521c8 (minecraft@1.20.1)
7065:             1             16  net.minecraft.core.registries.BuiltInRegistries$$Lambda$1385/0x0000000100652600 (minecraft@1.20.1)
7066:             1             16  net.minecraft.core.registries.BuiltInRegistries$$Lambda$1386/0x0000000100652a38 (minecraft@1.20.1)
7067:             1             16  net.minecraft.core.registries.BuiltInRegistries$$Lambda$1387/0x0000000100652e70 (minecraft@1.20.1)
7068:             1             16  net.minecraft.core.registries.BuiltInRegistries$$Lambda$1388/0x0000000100653290 (minecraft@1.20.1)
7069:             1             16  net.minecraft.core.registries.BuiltInRegistries$$Lambda$1389/0x00000001006536b0 (minecraft@1.20.1)
7070:             1             16  net.minecraft.core.registries.BuiltInRegistries$$Lambda$1390/0x0000000100653ad0 (minecraft@1.20.1)
7071:             1             16  net.minecraft.core.registries.BuiltInRegistries$$Lambda$1391/0x0000000100653ef0 (minecraft@1.20.1)
7072:             1             16  net.minecraft.core.registries.BuiltInRegistries$$Lambda$1392/0x0000000100654360 (minecraft@1.20.1)
7073:             1             16  net.minecraft.core.registries.BuiltInRegistries$$Lambda$1393/0x00000001006547c0 (minecraft@1.20.1)
7074:             1             16  net.minecraft.core.registries.BuiltInRegistries$$Lambda$1394/0x0000000100654be0 (minecraft@1.20.1)
7075:             1             16  net.minecraft.core.registries.BuiltInRegistries$$Lambda$1395/0x0000000100655000 (minecraft@1.20.1)
7076:             1             16  net.minecraft.core.registries.BuiltInRegistries$$Lambda$1396/0x0000000100655420 (minecraft@1.20.1)
7077:             1             16  net.minecraft.core.registries.BuiltInRegistries$$Lambda$1397/0x0000000100655840 (minecraft@1.20.1)
7078:             1             16  net.minecraft.core.registries.BuiltInRegistries$$Lambda$1398/0x0000000100655c78 (minecraft@1.20.1)
7079:             1             16  net.minecraft.core.registries.BuiltInRegistries$$Lambda$1399/0x00000001006560b0 (minecraft@1.20.1)
7080:             1             16  net.minecraft.core.registries.BuiltInRegistries$$Lambda$1400/0x00000001006564e8 (minecraft@1.20.1)
7081:             1             16  net.minecraft.core.registries.BuiltInRegistries$$Lambda$1401/0x0000000100656920 (minecraft@1.20.1)
7082:             1             16  net.minecraft.core.registries.BuiltInRegistries$$Lambda$1402/0x0000000100656d58 (minecraft@1.20.1)
7083:             1             16  net.minecraft.core.registries.BuiltInRegistries$$Lambda$1403/0x0000000100657190 (minecraft@1.20.1)
7084:             1             16  net.minecraft.core.registries.BuiltInRegistries$$Lambda$1404/0x00000001006575b8 (minecraft@1.20.1)
7085:             1             16  net.minecraft.core.registries.BuiltInRegistries$$Lambda$1405/0x00000001006579e0 (minecraft@1.20.1)
7086:             1             16  net.minecraft.core.registries.BuiltInRegistries$$Lambda$1406/0x0000000100658000 (minecraft@1.20.1)
7087:             1             16  net.minecraft.core.registries.BuiltInRegistries$$Lambda$1407/0x0000000100658220 (minecraft@1.20.1)
7088:             1             16  net.minecraft.core.registries.BuiltInRegistries$$Lambda$1408/0x0000000100658848 (minecraft@1.20.1)
7089:             1             16  net.minecraft.core.registries.BuiltInRegistries$$Lambda$1409/0x0000000100658c68 (minecraft@1.20.1)
7090:             1             16  net.minecraft.core.registries.BuiltInRegistries$$Lambda$1410/0x0000000100659088 (minecraft@1.20.1)
7091:             1             16  net.minecraft.core.registries.BuiltInRegistries$$Lambda$1411/0x00000001006594b8 (minecraft@1.20.1)
7092:             1             16  net.minecraft.core.registries.BuiltInRegistries$$Lambda$1412/0x00000001006598e8 (minecraft@1.20.1)
7093:             1             16  net.minecraft.core.registries.BuiltInRegistries$$Lambda$1413/0x0000000100659f28 (minecraft@1.20.1)
7094:             1             16  net.minecraft.core.registries.BuiltInRegistries$$Lambda$1414/0x000000010065a558 (minecraft@1.20.1)
7095:             1             16  net.minecraft.core.registries.BuiltInRegistries$$Lambda$1415/0x000000010065a980 (minecraft@1.20.1)
7096:             1             16  net.minecraft.core.registries.BuiltInRegistries$$Lambda$1416/0x000000010065b070 (minecraft@1.20.1)
7097:             1             16  net.minecraft.core.registries.BuiltInRegistries$$Lambda$2667/0x00000001009ef630 (minecraft@1.20.1)
7098:             1             16  net.minecraft.locale.Language$1 (minecraft@1.20.1)
7099:             1             16  net.minecraft.nbt.CompoundTag$$Lambda$1954/0x00000001008478a8 (minecraft@1.20.1)
7100:             1             16  net.minecraft.nbt.CompoundTag$$Lambda$1955/0x0000000100847ae8 (minecraft@1.20.1)
7101:             1             16  net.minecraft.nbt.CompoundTag$1 (minecraft@1.20.1)
7102:             1             16  net.minecraft.nbt.IntTag$1 (minecraft@1.20.1)
7103:             1             16  net.minecraft.nbt.NbtOps (minecraft@1.20.1)
7104:             1             16  net.minecraft.nbt.StringTag$1 (minecraft@1.20.1)
7105:             1             16  net.minecraft.nbt.TagParser$$Lambda$1951/0x0000000100846c20 (minecraft@1.20.1)
7106:             1             16  net.minecraft.nbt.TagParser$$Lambda$1952/0x0000000100846e40 (minecraft@1.20.1)
7107:             1             16  net.minecraft.nbt.TagParser$$Lambda$1953/0x0000000100847060 (minecraft@1.20.1)
7108:             1             16  net.minecraft.network.chat.ChatType$$Lambda$4951/0x0000000100d3cfd0 (minecraft@1.20.1)
7109:             1             16  net.minecraft.network.chat.ChatType$$Lambda$4952/0x0000000100d3d210 (minecraft@1.20.1)
7110:             1             16  net.minecraft.network.chat.ChatType$$Lambda$4953/0x0000000100d3d450 (minecraft@1.20.1)
7111:             1             16  net.minecraft.network.chat.ChatType$$Lambda$4954/0x0000000100d3d690 (minecraft@1.20.1)
7112:             1             16  net.minecraft.network.chat.ChatTypeDecoration$$Lambda$4942/0x0000000100d3b198 (minecraft@1.20.1)
7113:             1             16  net.minecraft.network.chat.ChatTypeDecoration$$Lambda$4943/0x0000000100d3b3d8 (minecraft@1.20.1)
7114:             1             16  net.minecraft.network.chat.ChatTypeDecoration$$Lambda$4948/0x0000000100d3c700 (minecraft@1.20.1)
7115:             1             16  net.minecraft.network.chat.ChatTypeDecoration$$Lambda$4949/0x0000000100d3c940 (minecraft@1.20.1)
7116:             1             16  net.minecraft.network.chat.ChatTypeDecoration$$Lambda$4950/0x0000000100d3cb80 (minecraft@1.20.1)
7117:             1             16  net.minecraft.network.chat.ChatTypeDecoration$Parameter$$Lambda$4944/0x0000000100d3bc88 (minecraft@1.20.1)
7118:             1             16  net.minecraft.network.chat.ChatTypeDecoration$Parameter$$Lambda$4945/0x0000000100d3bea8 (minecraft@1.20.1)
7119:             1             16  net.minecraft.network.chat.ChatTypeDecoration$Parameter$$Lambda$4946/0x0000000100d3c0c8 (minecraft@1.20.1)
7120:             1             16  net.minecraft.network.chat.ChatTypeDecoration$Parameter$$Lambda$4947/0x0000000100d3c4e0 (minecraft@1.20.1)
7121:             1             16  net.minecraft.network.chat.Component$Serializer$$Lambda$4703/0x0000000100ca88d0 (minecraft@1.20.1)
7122:             1             16  net.minecraft.network.chat.Component$Serializer$$Lambda$4704/0x0000000100ca9198 (minecraft@1.20.1)
7123:             1             16  net.minecraft.network.chat.Component$Serializer$$Lambda$4705/0x0000000100ca93b8 (minecraft@1.20.1)
7124:             1             16  net.minecraft.network.chat.ComponentContents$1 (minecraft@1.20.1)
7125:             1             16  net.minecraft.network.chat.FormattedText$1 (minecraft@1.20.1)
7126:             1             16  net.minecraft.network.chat.Style$$Lambda$1161/0x0000000100587d90 (minecraft@1.20.1)
7127:             1             16  net.minecraft.network.chat.Style$$Lambda$1180/0x0000000100590910 (minecraft@1.20.1)
7128:             1             16  net.minecraft.network.chat.Style$$Lambda$1181/0x0000000100590b50 (minecraft@1.20.1)
7129:             1             16  net.minecraft.network.chat.Style$$Lambda$1182/0x0000000100590d90 (minecraft@1.20.1)
7130:             1             16  net.minecraft.network.chat.Style$$Lambda$1183/0x0000000100590fd0 (minecraft@1.20.1)
7131:             1             16  net.minecraft.network.chat.Style$$Lambda$1184/0x0000000100591210 (minecraft@1.20.1)
7132:             1             16  net.minecraft.network.chat.Style$$Lambda$1185/0x0000000100591450 (minecraft@1.20.1)
7133:             1             16  net.minecraft.network.chat.Style$$Lambda$1186/0x0000000100591690 (minecraft@1.20.1)
7134:             1             16  net.minecraft.network.chat.Style$$Lambda$1190/0x0000000100592868 (minecraft@1.20.1)
7135:             1             16  net.minecraft.network.chat.Style$$Lambda$1191/0x0000000100592aa8 (minecraft@1.20.1)
7136:             1             16  net.minecraft.network.chat.Style$Serializer (minecraft@1.20.1)
7137:             1             16  net.minecraft.network.chat.TextColor$$Lambda$1162/0x00000001005894f8 (minecraft@1.20.1)
7138:             1             16  net.minecraft.network.chat.TextColor$$Lambda$1163/0x0000000100589738 (minecraft@1.20.1)
7139:             1             16  net.minecraft.network.chat.TextColor$$Lambda$1171/0x0000000100590240 (minecraft@1.20.1)
7140:             1             16  net.minecraft.network.chat.TextColor$$Lambda$1172/0x0000000100590490 (minecraft@1.20.1)
7141:             1             16  net.minecraft.network.chat.TextColor$$Lambda$1178/0x00000001005906d0 (minecraft@1.20.1)
7142:             1             16  net.minecraft.network.chat.contents.KeybindResolver$$Lambda$4371/0x0000000100be28d0 (minecraft@1.20.1)
7143:             1             16  net.minecraft.network.syncher.EntityDataSerializer$$Lambda$2480/0x000000010099f9c0 (minecraft@1.20.1)
7144:             1             16  net.minecraft.network.syncher.EntityDataSerializers$$Lambda$2456/0x0000000100996d00 (minecraft@1.20.1)
7145:             1             16  net.minecraft.network.syncher.EntityDataSerializers$$Lambda$2457/0x00000001009973b8 (minecraft@1.20.1)
7146:             1             16  net.minecraft.network.syncher.EntityDataSerializers$$Lambda$2458/0x0000000100997aa8 (minecraft@1.20.1)
7147:             1             16  net.minecraft.network.syncher.EntityDataSerializers$$Lambda$2459/0x0000000100997d00 (minecraft@1.20.1)
7148:             1             16  net.minecraft.network.syncher.EntityDataSerializers$$Lambda$2460/0x000000010099c000 (minecraft@1.20.1)
7149:             1             16  net.minecraft.network.syncher.EntityDataSerializers$$Lambda$2461/0x000000010099c258 (minecraft@1.20.1)
7150:             1             16  net.minecraft.network.syncher.EntityDataSerializers$$Lambda$2462/0x000000010099c4c0 (minecraft@1.20.1)
7151:             1             16  net.minecraft.network.syncher.EntityDataSerializers$$Lambda$2463/0x000000010099c718 (minecraft@1.20.1)
7152:             1             16  net.minecraft.network.syncher.EntityDataSerializers$$Lambda$2464/0x000000010099c980 (minecraft@1.20.1)
7153:             1             16  net.minecraft.network.syncher.EntityDataSerializers$$Lambda$2465/0x000000010099cbd8 (minecraft@1.20.1)
7154:             1             16  net.minecraft.network.syncher.EntityDataSerializers$$Lambda$2466/0x000000010099ce40 (minecraft@1.20.1)
7155:             1             16  net.minecraft.network.syncher.EntityDataSerializers$$Lambda$2467/0x000000010099d098 (minecraft@1.20.1)
7156:             1             16  net.minecraft.network.syncher.EntityDataSerializers$$Lambda$2468/0x000000010099d300 (minecraft@1.20.1)
7157:             1             16  net.minecraft.network.syncher.EntityDataSerializers$$Lambda$2469/0x000000010099d558 (minecraft@1.20.1)
7158:             1             16  net.minecraft.network.syncher.EntityDataSerializers$$Lambda$2474/0x000000010099e660 (minecraft@1.20.1)
7159:             1             16  net.minecraft.network.syncher.EntityDataSerializers$$Lambda$2475/0x000000010099e8b8 (minecraft@1.20.1)
7160:             1             16  net.minecraft.network.syncher.EntityDataSerializers$$Lambda$2476/0x000000010099f040 (minecraft@1.20.1)
7161:             1             16  net.minecraft.network.syncher.EntityDataSerializers$$Lambda$2477/0x000000010099f298 (minecraft@1.20.1)
7162:             1             16  net.minecraft.network.syncher.EntityDataSerializers$$Lambda$2478/0x000000010099f500 (minecraft@1.20.1)
7163:             1             16  net.minecraft.network.syncher.EntityDataSerializers$$Lambda$2479/0x000000010099f758 (minecraft@1.20.1)
7164:             1             16  net.minecraft.network.syncher.EntityDataSerializers$$Lambda$2482/0x000000010099a000 (minecraft@1.20.1)
7165:             1             16  net.minecraft.network.syncher.EntityDataSerializers$$Lambda$2483/0x000000010099a258 (minecraft@1.20.1)
7166:             1             16  net.minecraft.network.syncher.EntityDataSerializers$$Lambda$2484/0x000000010099a6d0 (minecraft@1.20.1)
7167:             1             16  net.minecraft.network.syncher.EntityDataSerializers$$Lambda$2485/0x000000010099a928 (minecraft@1.20.1)
7168:             1             16  net.minecraft.network.syncher.EntityDataSerializers$$Lambda$2486/0x000000010099ba68 (minecraft@1.20.1)
7169:             1             16  net.minecraft.network.syncher.EntityDataSerializers$$Lambda$2487/0x000000010099bcc0 (minecraft@1.20.1)
7170:             1             16  net.minecraft.network.syncher.EntityDataSerializers$$Lambda$2488/0x0000000100999000 (minecraft@1.20.1)
7171:             1             16  net.minecraft.network.syncher.EntityDataSerializers$$Lambda$2489/0x0000000100999258 (minecraft@1.20.1)
7172:             1             16  net.minecraft.network.syncher.EntityDataSerializers$1 (minecraft@1.20.1)
7173:             1             16  net.minecraft.network.syncher.EntityDataSerializers$2 (minecraft@1.20.1)
7174:             1             16  net.minecraft.network.syncher.EntityDataSerializers$3 (minecraft@1.20.1)
7175:             1             16  net.minecraft.network.syncher.EntityDataSerializers$4 (minecraft@1.20.1)
7176:             1             16  net.minecraft.network.syncher.EntityDataSerializers$5 (minecraft@1.20.1)
7177:             1             16  net.minecraft.network.syncher.EntityDataSerializers$6 (minecraft@1.20.1)
7178:             1             16  net.minecraft.network.syncher.EntityDataSerializers$7 (minecraft@1.20.1)
7179:             1             16  net.minecraft.resources.HolderSetCodec$$Lambda$3022/0x0000000100a6eab0 (minecraft@1.20.1)
7180:             1             16  net.minecraft.resources.HolderSetCodec$$Lambda$3024/0x0000000100a6ef38 (minecraft@1.20.1)
7181:             1             16  net.minecraft.resources.HolderSetCodec$$Lambda$3025/0x0000000100a6f178 (minecraft@1.20.1)
7182:             1             16  net.minecraft.resources.HolderSetCodec$$Lambda$3026/0x0000000100a6f3b8 (minecraft@1.20.1)
7183:             1             16  net.minecraft.resources.HolderSetCodec$$Lambda$3028/0x0000000100a70200 (minecraft@1.20.1)
7184:             1             16  net.minecraft.resources.RegistryOps$$Lambda$3962/0x0000000100b47690 (minecraft@1.20.1)
7185:             1             16  net.minecraft.resources.RegistryOps$$Lambda$3963/0x0000000100b478d8 (minecraft@1.20.1)
7186:             1             16  net.minecraft.resources.RegistryOps$$Lambda$3973/0x0000000100b434a0 (minecraft@1.20.1)
7187:             1             16  net.minecraft.resources.ResourceKey$$Lambda$1317/0x00000001005cdb18 (minecraft@1.20.1)
7188:             1             16  net.minecraft.resources.ResourceKey$$Lambda$2517/0x00000001009abbf0 (minecraft@1.20.1)
7189:             1             16  net.minecraft.resources.ResourceLocation$$Lambda$1187/0x0000000100591dc8 (minecraft@1.20.1)
7190:             1             16  net.minecraft.resources.ResourceLocation$$Lambda$1188/0x0000000100592008 (minecraft@1.20.1)
7191:             1             16  net.minecraft.server.Bootstrap$$Lambda$4338/0x0000000100bb2a18 (minecraft@1.20.1)
7192:             1             16  net.minecraft.server.packs.FeatureFlagsMetadataSection$$Lambda$4689/0x0000000100ca6878 (minecraft@1.20.1)
7193:             1             16  net.minecraft.server.packs.FeatureFlagsMetadataSection$$Lambda$4690/0x0000000100ca6ab8 (minecraft@1.20.1)
7194:             1             16  net.minecraft.server.packs.FeatureFlagsMetadataSection$$Lambda$4691/0x0000000100ca6cf8 (minecraft@1.20.1)
7195:             1             16  net.minecraft.server.packs.PathPackResources$$Lambda$5215/0x0000000100dceb08 (minecraft@1.20.1)
7196:             1             16  net.minecraft.server.packs.VanillaPackResourcesBuilder$$Lambda$4358/0x0000000100bdcc88 (minecraft@1.20.1)
7197:             1             16  net.minecraft.server.packs.VanillaPackResourcesBuilder$$Lambda$4359/0x0000000100be0000 (minecraft@1.20.1)
7198:             1             16  net.minecraft.server.packs.VanillaPackResourcesBuilder$$Lambda$4361/0x0000000100be0750 (minecraft@1.20.1)
7199:             1             16  net.minecraft.server.packs.linkfs.LinkFSFileStore (minecraft@1.20.1)
7200:             1             16  net.minecraft.server.packs.linkfs.LinkFSPath$$Lambda$4355/0x0000000100bdfdb0 (minecraft@1.20.1)
7201:             1             16  net.minecraft.server.packs.linkfs.LinkFSPath$1 (minecraft@1.20.1)
7202:             1             16  net.minecraft.server.packs.linkfs.LinkFSPath$2 (minecraft@1.20.1)
7203:             1             16  net.minecraft.server.packs.linkfs.LinkFSProvider (minecraft@1.20.1)
7204:             1             16  net.minecraft.server.packs.linkfs.LinkFSProvider$1$$Lambda$4697/0x0000000100ca5738 (minecraft@1.20.1)
7205:             1             16  net.minecraft.server.packs.linkfs.LinkFileSystem$Builder$$Lambda$4354/0x0000000100bdf690 (minecraft@1.20.1)
7206:             1             16  net.minecraft.server.packs.linkfs.PathContents$1 (minecraft@1.20.1)
7207:             1             16  net.minecraft.server.packs.linkfs.PathContents$2 (minecraft@1.20.1)
7208:             1             16  net.minecraft.server.packs.metadata.MetadataSectionType$1$$Lambda$5688/0x0000000100e43900 (minecraft@1.20.1)
7209:             1             16  net.minecraft.server.packs.metadata.pack.PackMetadataSectionSerializer (minecraft@1.20.1)
7210:             1             16  net.minecraft.server.packs.repository.PackRepository$$Lambda$4686/0x0000000100c9f828 (minecraft@1.20.1)
7211:             1             16  net.minecraft.server.packs.repository.PackRepository$$Lambda$4709/0x0000000100cb3468 (minecraft@1.20.1)
7212:             1             16  net.minecraft.server.packs.repository.PackRepository$$Lambda$5180/0x0000000100dc5b10 (minecraft@1.20.1)
7213:             1             16  net.minecraft.server.packs.resources.FallbackResourceManager$$Lambda$5219/0x0000000100dcf870 (minecraft@1.20.1)
7214:             1             16  net.minecraft.server.packs.resources.MultiPackResourceManager$$Lambda$5184/0x0000000100dc6a50 (minecraft@1.20.1)
7215:             1             16  net.minecraft.server.packs.resources.ReloadableResourceManager$$Lambda$5183/0x0000000100dc6810 (minecraft@1.20.1)
7216:             1             16  net.minecraft.server.packs.resources.ResourceFilterSection$$Lambda$5185/0x0000000100dc6ea0 (minecraft@1.20.1)
7217:             1             16  net.minecraft.server.packs.resources.ResourceFilterSection$$Lambda$5190/0x0000000100dc7bf8 (minecraft@1.20.1)
7218:             1             16  net.minecraft.server.packs.resources.ResourceFilterSection$$Lambda$5191/0x0000000100dc2000 (minecraft@1.20.1)
7219:             1             16  net.minecraft.server.packs.resources.ResourceMetadata$$Lambda$5160/0x0000000100db1718 (minecraft@1.20.1)
7220:             1             16  net.minecraft.server.packs.resources.ResourceMetadata$1 (minecraft@1.20.1)
7221:             1             16  net.minecraft.server.packs.resources.ResourceProvider$$Lambda$4715/0x0000000100cb9788 (minecraft@1.20.1)
7222:             1             16  net.minecraft.sounds.Music$$Lambda$3892/0x0000000100b323c0 (minecraft@1.20.1)
7223:             1             16  net.minecraft.sounds.Music$$Lambda$3893/0x0000000100b32600 (minecraft@1.20.1)
7224:             1             16  net.minecraft.sounds.Music$$Lambda$3894/0x0000000100b32840 (minecraft@1.20.1)
7225:             1             16  net.minecraft.sounds.Music$$Lambda$3895/0x0000000100b32a80 (minecraft@1.20.1)
7226:             1             16  net.minecraft.sounds.Music$$Lambda$3896/0x0000000100b32cc0 (minecraft@1.20.1)
7227:             1             16  net.minecraft.sounds.Music$$Lambda$3897/0x0000000100b32f00 (minecraft@1.20.1)
7228:             1             16  net.minecraft.sounds.SoundEvent$$Lambda$1439/0x0000000100672710 (minecraft@1.20.1)
7229:             1             16  net.minecraft.sounds.SoundEvent$$Lambda$1440/0x0000000100672950 (minecraft@1.20.1)
7230:             1             16  net.minecraft.sounds.SoundEvent$$Lambda$1441/0x0000000100672b90 (minecraft@1.20.1)
7231:             1             16  net.minecraft.sounds.SoundEvent$$Lambda$1442/0x0000000100672dd0 (minecraft@1.20.1)
7232:             1             16  net.minecraft.sounds.SoundEvents$$Lambda$1446/0x0000000100673bd8 (minecraft@1.20.1)
7233:             1             16  net.minecraft.stats.StatFormatter$$Lambda$2709/0x0000000100a01d88 (minecraft@1.20.1)
7234:             1             16  net.minecraft.stats.StatFormatter$$Lambda$2710/0x0000000100a01fb8 (minecraft@1.20.1)
7235:             1             16  net.minecraft.stats.StatFormatter$$Lambda$2711/0x0000000100a021e0 (minecraft@1.20.1)
7236:             1             16  net.minecraft.stats.StatFormatter$$Lambda$2712/0x0000000100a02400 (minecraft@1.20.1)
7237:             1             16  net.minecraft.stats.StatFormatter$$Lambda$2713/0x0000000100a02620 (minecraft@1.20.1)
7238:             1             16  net.minecraft.tags.TagKey$$Lambda$2748/0x0000000100a0efb0 (minecraft@1.20.1)
7239:             1             16  net.minecraft.tags.TagKey$$Lambda$2965/0x0000000100a61208 (minecraft@1.20.1)
7240:             1             16  net.minecraft.util.CubicSpline$$Lambda$4147/0x0000000100b72b48 (minecraft@1.20.1)
7241:             1             16  net.minecraft.util.CubicSpline$$Lambda$4148/0x0000000100b72d88 (minecraft@1.20.1)
7242:             1             16  net.minecraft.util.CubicSpline$$Lambda$4149/0x0000000100b72fb0 (minecraft@1.20.1)
7243:             1             16  net.minecraft.util.CubicSpline$$Lambda$4150/0x0000000100b731f0 (minecraft@1.20.1)
7244:             1             16  net.minecraft.util.CubicSpline$$Lambda$4151/0x0000000100b73430 (minecraft@1.20.1)
7245:             1             16  net.minecraft.util.CubicSpline$$Lambda$4153/0x0000000100b738b8 (minecraft@1.20.1)
7246:             1             16  net.minecraft.util.CubicSpline$$Lambda$4154/0x0000000100b73af8 (minecraft@1.20.1)
7247:             1             16  net.minecraft.util.CubicSpline$$Lambda$4155/0x0000000100b73d38 (minecraft@1.20.1)
7248:             1             16  net.minecraft.util.CubicSpline$$Lambda$4156/0x0000000100b76000 (minecraft@1.20.1)
7249:             1             16  net.minecraft.util.CubicSpline$$Lambda$4157/0x0000000100b76240 (minecraft@1.20.1)
7250:             1             16  net.minecraft.util.ExtraCodecs$$Lambda$1049/0x0000000100566a70 (minecraft@1.20.1)
7251:             1             16  net.minecraft.util.ExtraCodecs$$Lambda$1050/0x0000000100566cb0 (minecraft@1.20.1)
7252:             1             16  net.minecraft.util.ExtraCodecs$$Lambda$1051/0x0000000100566ef0 (minecraft@1.20.1)
7253:             1             16  net.minecraft.util.ExtraCodecs$$Lambda$1052/0x0000000100567530 (minecraft@1.20.1)
7254:             1             16  net.minecraft.util.ExtraCodecs$$Lambda$1053/0x0000000100567770 (minecraft@1.20.1)
7255:             1             16  net.minecraft.util.ExtraCodecs$$Lambda$1054/0x00000001005679b0 (minecraft@1.20.1)
7256:             1             16  net.minecraft.util.ExtraCodecs$$Lambda$1055/0x0000000100567bf0 (minecraft@1.20.1)
7257:             1             16  net.minecraft.util.ExtraCodecs$$Lambda$1056/0x000000010056c000 (minecraft@1.20.1)
7258:             1             16  net.minecraft.util.ExtraCodecs$$Lambda$1057/0x000000010056c240 (minecraft@1.20.1)
7259:             1             16  net.minecraft.util.ExtraCodecs$$Lambda$1058/0x000000010056c480 (minecraft@1.20.1)
7260:             1             16  net.minecraft.util.ExtraCodecs$$Lambda$1059/0x000000010056c6c0 (minecraft@1.20.1)
7261:             1             16  net.minecraft.util.ExtraCodecs$$Lambda$1061/0x000000010056c900 (minecraft@1.20.1)
7262:             1             16  net.minecraft.util.ExtraCodecs$$Lambda$1063/0x000000010056cb40 (minecraft@1.20.1)
7263:             1             16  net.minecraft.util.ExtraCodecs$$Lambda$1064/0x000000010056cd80 (minecraft@1.20.1)
7264:             1             16  net.minecraft.util.ExtraCodecs$$Lambda$1069/0x000000010056cfb0 (minecraft@1.20.1)
7265:             1             16  net.minecraft.util.ExtraCodecs$$Lambda$1070/0x000000010056d1f0 (minecraft@1.20.1)
7266:             1             16  net.minecraft.util.ExtraCodecs$$Lambda$1071/0x000000010056d430 (minecraft@1.20.1)
7267:             1             16  net.minecraft.util.ExtraCodecs$$Lambda$1072/0x000000010056d670 (minecraft@1.20.1)
7268:             1             16  net.minecraft.util.ExtraCodecs$$Lambda$1073/0x000000010056d8b0 (minecraft@1.20.1)
7269:             1             16  net.minecraft.util.ExtraCodecs$$Lambda$1074/0x000000010056daf0 (minecraft@1.20.1)
7270:             1             16  net.minecraft.util.ExtraCodecs$$Lambda$1075/0x000000010056dd30 (minecraft@1.20.1)
7271:             1             16  net.minecraft.util.ExtraCodecs$$Lambda$1077/0x000000010056e1b8 (minecraft@1.20.1)
7272:             1             16  net.minecraft.util.ExtraCodecs$$Lambda$1078/0x000000010056e3f8 (minecraft@1.20.1)
7273:             1             16  net.minecraft.util.ExtraCodecs$$Lambda$1080/0x000000010056e880 (minecraft@1.20.1)
7274:             1             16  net.minecraft.util.ExtraCodecs$$Lambda$1081/0x000000010056eac0 (minecraft@1.20.1)
7275:             1             16  net.minecraft.util.ExtraCodecs$$Lambda$1082/0x000000010056ed00 (minecraft@1.20.1)
7276:             1             16  net.minecraft.util.ExtraCodecs$$Lambda$1083/0x000000010056ef48 (minecraft@1.20.1)
7277:             1             16  net.minecraft.util.ExtraCodecs$$Lambda$1084/0x000000010056f190 (minecraft@1.20.1)
7278:             1             16  net.minecraft.util.ExtraCodecs$$Lambda$1085/0x000000010056f3d0 (minecraft@1.20.1)
7279:             1             16  net.minecraft.util.ExtraCodecs$$Lambda$1086/0x000000010056f610 (minecraft@1.20.1)
7280:             1             16  net.minecraft.util.ExtraCodecs$$Lambda$1087/0x000000010056fa60 (minecraft@1.20.1)
7281:             1             16  net.minecraft.util.ExtraCodecs$$Lambda$1088/0x000000010056fca0 (minecraft@1.20.1)
7282:             1             16  net.minecraft.util.ExtraCodecs$$Lambda$1089/0x0000000100577000 (minecraft@1.20.1)
7283:             1             16  net.minecraft.util.ExtraCodecs$$Lambda$1090/0x0000000100577240 (minecraft@1.20.1)
7284:             1             16  net.minecraft.util.ExtraCodecs$$Lambda$1091/0x0000000100577480 (minecraft@1.20.1)
7285:             1             16  net.minecraft.util.ExtraCodecs$$Lambda$1092/0x00000001005776c0 (minecraft@1.20.1)
7286:             1             16  net.minecraft.util.ExtraCodecs$$Lambda$1093/0x0000000100577900 (minecraft@1.20.1)
7287:             1             16  net.minecraft.util.ExtraCodecs$$Lambda$1094/0x0000000100577b40 (minecraft@1.20.1)
7288:             1             16  net.minecraft.util.ExtraCodecs$$Lambda$1095/0x0000000100577d80 (minecraft@1.20.1)
7289:             1             16  net.minecraft.util.ExtraCodecs$$Lambda$1096/0x0000000100576800 (minecraft@1.20.1)
7290:             1             16  net.minecraft.util.ExtraCodecs$$Lambda$1099/0x0000000100576a40 (minecraft@1.20.1)
7291:             1             16  net.minecraft.util.ExtraCodecs$$Lambda$1100/0x0000000100576c80 (minecraft@1.20.1)
7292:             1             16  net.minecraft.util.ExtraCodecs$$Lambda$1101/0x000000010057c000 (minecraft@1.20.1)
7293:             1             16  net.minecraft.util.ExtraCodecs$$Lambda$1102/0x000000010057c240 (minecraft@1.20.1)
7294:             1             16  net.minecraft.util.ExtraCodecs$$Lambda$1103/0x000000010057c480 (minecraft@1.20.1)
7295:             1             16  net.minecraft.util.ExtraCodecs$$Lambda$1107/0x000000010057c6c0 (minecraft@1.20.1)
7296:             1             16  net.minecraft.util.ExtraCodecs$$Lambda$1108/0x000000010057c900 (minecraft@1.20.1)
7297:             1             16  net.minecraft.util.ExtraCodecs$$Lambda$1109/0x000000010057cb40 (minecraft@1.20.1)
7298:             1             16  net.minecraft.util.ExtraCodecs$$Lambda$1110/0x000000010057cd80 (minecraft@1.20.1)
7299:             1             16  net.minecraft.util.ExtraCodecs$$Lambda$1112/0x000000010057cfc0 (minecraft@1.20.1)
7300:             1             16  net.minecraft.util.ExtraCodecs$$Lambda$1113/0x000000010057d200 (minecraft@1.20.1)
7301:             1             16  net.minecraft.util.ExtraCodecs$$Lambda$1114/0x000000010057d430 (minecraft@1.20.1)
7302:             1             16  net.minecraft.util.ExtraCodecs$$Lambda$1115/0x000000010057d670 (minecraft@1.20.1)
7303:             1             16  net.minecraft.util.ExtraCodecs$$Lambda$1116/0x000000010057d8b0 (minecraft@1.20.1)
7304:             1             16  net.minecraft.util.ExtraCodecs$$Lambda$2939/0x0000000100a5e470 (minecraft@1.20.1)
7305:             1             16  net.minecraft.util.ExtraCodecs$$Lambda$3366/0x0000000100abb7c0 (minecraft@1.20.1)
7306:             1             16  net.minecraft.util.ExtraCodecs$$Lambda$3707/0x0000000100b10b58 (minecraft@1.20.1)
7307:             1             16  net.minecraft.util.ExtraCodecs$$Lambda$3708/0x0000000100b10d98 (minecraft@1.20.1)
7308:             1             16  net.minecraft.util.ExtraCodecs$$Lambda$3709/0x0000000100b10fd8 (minecraft@1.20.1)
7309:             1             16  net.minecraft.util.ExtraCodecs$$Lambda$3712/0x0000000100b11698 (minecraft@1.20.1)
7310:             1             16  net.minecraft.util.ExtraCodecs$$Lambda$3713/0x0000000100b118d8 (minecraft@1.20.1)
7311:             1             16  net.minecraft.util.ExtraCodecs$$Lambda$5332/0x0000000100de5a60 (minecraft@1.20.1)
7312:             1             16  net.minecraft.util.ExtraCodecs$4 (minecraft@1.20.1)
7313:             1             16  net.minecraft.util.FormattedCharSequence$$Lambda$1189/0x0000000100592648 (minecraft@1.20.1)
7314:             1             16  net.minecraft.util.InclusiveRange$$Lambda$3701/0x0000000100b09d68 (minecraft@1.20.1)
7315:             1             16  net.minecraft.util.InclusiveRange$$Lambda$3702/0x0000000100b10000 (minecraft@1.20.1)
7316:             1             16  net.minecraft.util.InclusiveRange$$Lambda$3703/0x0000000100b10240 (minecraft@1.20.1)
7317:             1             16  net.minecraft.util.LowerCaseEnumTypeAdapterFactory (minecraft@1.20.1)
7318:             1             16  net.minecraft.util.Mth$$Lambda$1234/0x000000010059b840 (minecraft@1.20.1)
7319:             1             16  net.minecraft.util.ResourceLocationPattern$$Lambda$5186/0x0000000100dc7308 (minecraft@1.20.1)
7320:             1             16  net.minecraft.util.ResourceLocationPattern$$Lambda$5187/0x0000000100dc7548 (minecraft@1.20.1)
7321:             1             16  net.minecraft.util.ResourceLocationPattern$$Lambda$5188/0x0000000100dc7788 (minecraft@1.20.1)
7322:             1             16  net.minecraft.util.ResourceLocationPattern$$Lambda$5189/0x0000000100dc79c8 (minecraft@1.20.1)
7323:             1             16  net.minecraft.util.StringRepresentable$$Lambda$1043/0x00000001005537e0 (minecraft@1.20.1)
7324:             1             16  net.minecraft.util.StringRepresentable$$Lambda$1166/0x0000000100588a48 (minecraft@1.20.1)
7325:             1             16  net.minecraft.util.StringRepresentable$$Lambda$1167/0x0000000100588c88 (minecraft@1.20.1)
7326:             1             16  net.minecraft.util.StringRepresentable$EnumCodec$$Lambda$1045/0x0000000100566248 (minecraft@1.20.1)
7327:             1             16  net.minecraft.util.StringRepresentable$EnumCodec$$Lambda$1119/0x000000010057df80 (minecraft@1.20.1)
7328:             1             16  net.minecraft.util.ToFloatFunction$$Lambda$4143/0x0000000100b71660 (minecraft@1.20.1)
7329:             1             16  net.minecraft.util.ToFloatFunction$1 (minecraft@1.20.1)
7330:             1             16  net.minecraft.util.datafix.DataFixers$$Lambda$1801/0x0000000100812bc8 (minecraft@1.20.1)
7331:             1             16  net.minecraft.util.datafix.DataFixers$$Lambda$1802/0x0000000100813098 (minecraft@1.20.1)
7332:             1             16  net.minecraft.util.datafix.DataFixers$$Lambda$1803/0x0000000100813568 (minecraft@1.20.1)
7333:             1             16  net.minecraft.util.datafix.DataFixers$$Lambda$1860/0x000000010082e2a0 (minecraft@1.20.1)
7334:             1             16  net.minecraft.util.datafix.DataFixers$$Lambda$1869/0x000000010082f4c0 (minecraft@1.20.1)
7335:             1             16  net.minecraft.util.datafix.DataFixers$$Lambda$1874/0x00000001008382a0 (minecraft@1.20.1)
7336:             1             16  net.minecraft.util.datafix.DataFixers$$Lambda$1876/0x0000000100838998 (minecraft@1.20.1)
7337:             1             16  net.minecraft.util.datafix.DataFixers$$Lambda$1877/0x0000000100838e68 (minecraft@1.20.1)
7338:             1             16  net.minecraft.util.datafix.DataFixers$$Lambda$1880/0x0000000100839788 (minecraft@1.20.1)
7339:             1             16  net.minecraft.util.datafix.DataFixers$$Lambda$1881/0x0000000100839c58 (minecraft@1.20.1)
7340:             1             16  net.minecraft.util.datafix.DataFixers$$Lambda$1883/0x000000010083a0b0 (minecraft@1.20.1)
7341:             1             16  net.minecraft.util.datafix.DataFixers$$Lambda$1884/0x000000010083ae30 (minecraft@1.20.1)
7342:             1             16  net.minecraft.util.datafix.DataFixers$$Lambda$1886/0x000000010083b528 (minecraft@1.20.1)
7343:             1             16  net.minecraft.util.datafix.DataFixers$$Lambda$1888/0x000000010083bc20 (minecraft@1.20.1)
7344:             1             16  net.minecraft.util.datafix.DataFixers$$Lambda$1890/0x000000010083c318 (minecraft@1.20.1)
7345:             1             16  net.minecraft.util.datafix.DataFixers$$Lambda$1896/0x000000010083d2b0 (minecraft@1.20.1)
7346:             1             16  net.minecraft.util.datafix.DataFixers$$Lambda$1905/0x000000010083eb48 (minecraft@1.20.1)
7347:             1             16  net.minecraft.util.datafix.DataFixers$$Lambda$1933/0x0000000100842fe8 (minecraft@1.20.1)
7348:             1             16  net.minecraft.util.datafix.DataFixers$$Lambda$1936/0x0000000100843940 (minecraft@1.20.1)
7349:             1             16  net.minecraft.util.datafix.DataFixers$$Lambda$1940/0x0000000100844480 (minecraft@1.20.1)
7350:             1             16  net.minecraft.util.datafix.DataFixers$$Lambda$1945/0x00000001008451e8 (minecraft@1.20.1)
7351:             1             16  net.minecraft.util.datafix.DataFixers$$Lambda$1947/0x00000001008458e0 (minecraft@1.20.1)
7352:             1             16  net.minecraft.util.datafix.DataFixers$$Lambda$1967/0x0000000100849cd0 (minecraft@1.20.1)
7353:             1             16  net.minecraft.util.datafix.DataFixers$$Lambda$1969/0x000000010084a3e8 (minecraft@1.20.1)
7354:             1             16  net.minecraft.util.datafix.DataFixers$$Lambda$1983/0x000000010084e6f8 (minecraft@1.20.1)
7355:             1             16  net.minecraft.util.datafix.DataFixers$$Lambda$1987/0x000000010084f258 (minecraft@1.20.1)
7356:             1             16  net.minecraft.util.datafix.DataFixers$$Lambda$1989/0x000000010084f958 (minecraft@1.20.1)
7357:             1             16  net.minecraft.util.datafix.DataFixers$$Lambda$2002/0x00000001008593d0 (minecraft@1.20.1)
7358:             1             16  net.minecraft.util.datafix.DataFixers$$Lambda$2058/0x00000001008613c8 (minecraft@1.20.1)
7359:             1             16  net.minecraft.util.datafix.DataFixers$$Lambda$2061/0x0000000100861ce0 (minecraft@1.20.1)
7360:             1             16  net.minecraft.util.datafix.DataFixers$$Lambda$2064/0x0000000100862380 (minecraft@1.20.1)
7361:             1             16  net.minecraft.util.datafix.DataFixers$$Lambda$2065/0x0000000100862af0 (minecraft@1.20.1)
7362:             1             16  net.minecraft.util.datafix.DataFixers$$Lambda$2067/0x0000000100863230 (minecraft@1.20.1)
7363:             1             16  net.minecraft.util.datafix.DataFixers$$Lambda$2068/0x0000000100863700 (minecraft@1.20.1)
7364:             1             16  net.minecraft.util.datafix.DataFixers$$Lambda$2069/0x0000000100863bd0 (minecraft@1.20.1)
7365:             1             16  net.minecraft.util.datafix.DataFixers$$Lambda$2074/0x0000000100864b78 (minecraft@1.20.1)
7366:             1             16  net.minecraft.util.datafix.DataFixers$$Lambda$2075/0x0000000100865458 (minecraft@1.20.1)
7367:             1             16  net.minecraft.util.datafix.DataFixers$$Lambda$2078/0x0000000100865fa0 (minecraft@1.20.1)
7368:             1             16  net.minecraft.util.datafix.DataFixers$$Lambda$2080/0x0000000100866698 (minecraft@1.20.1)
7369:             1             16  net.minecraft.util.datafix.DataFixers$$Lambda$2082/0x0000000100866d90 (minecraft@1.20.1)
7370:             1             16  net.minecraft.util.datafix.DataFixers$$Lambda$2085/0x00000001008676d0 (minecraft@1.20.1)
7371:             1             16  net.minecraft.util.datafix.DataFixers$$Lambda$2086/0x0000000100867ba0 (minecraft@1.20.1)
7372:             1             16  net.minecraft.util.datafix.DataFixers$$Lambda$2088/0x00000001008682a0 (minecraft@1.20.1)
7373:             1             16  net.minecraft.util.datafix.DataFixers$$Lambda$2090/0x0000000100868998 (minecraft@1.20.1)
7374:             1             16  net.minecraft.util.datafix.DataFixers$$Lambda$2093/0x00000001008692f8 (minecraft@1.20.1)
7375:             1             16  net.minecraft.util.datafix.DataFixers$$Lambda$2096/0x0000000100869c40 (minecraft@1.20.1)
7376:             1             16  net.minecraft.util.datafix.DataFixers$$Lambda$2099/0x000000010086a560 (minecraft@1.20.1)
7377:             1             16  net.minecraft.util.datafix.DataFixers$$Lambda$2101/0x000000010086ac58 (minecraft@1.20.1)
7378:             1             16  net.minecraft.util.datafix.DataFixers$$Lambda$2103/0x000000010086b350 (minecraft@1.20.1)
7379:             1             16  net.minecraft.util.datafix.DataFixers$$Lambda$2105/0x000000010086ba48 (minecraft@1.20.1)
7380:             1             16  net.minecraft.util.datafix.DataFixers$$Lambda$2107/0x000000010086c140 (minecraft@1.20.1)
7381:             1             16  net.minecraft.util.datafix.DataFixers$$Lambda$2109/0x000000010086c838 (minecraft@1.20.1)
7382:             1             16  net.minecraft.util.datafix.DataFixers$$Lambda$2116/0x000000010086dc78 (minecraft@1.20.1)
7383:             1             16  net.minecraft.util.datafix.DataFixers$$Lambda$2126/0x000000010086f6a0 (minecraft@1.20.1)
7384:             1             16  net.minecraft.util.datafix.DataFixers$$Lambda$2128/0x000000010086fd98 (minecraft@1.20.1)
7385:             1             16  net.minecraft.util.datafix.DataFixers$$Lambda$2130/0x00000001008749f8 (minecraft@1.20.1)
7386:             1             16  net.minecraft.util.datafix.DataFixers$$Lambda$2133/0x0000000100875310 (minecraft@1.20.1)
7387:             1             16  net.minecraft.util.datafix.DataFixers$$Lambda$2135/0x0000000100875a08 (minecraft@1.20.1)
7388:             1             16  net.minecraft.util.datafix.DataFixers$$Lambda$2138/0x0000000100876348 (minecraft@1.20.1)
7389:             1             16  net.minecraft.util.datafix.DataFixers$$Lambda$2140/0x0000000100876a40 (minecraft@1.20.1)
7390:             1             16  net.minecraft.util.datafix.DataFixers$$Lambda$2141/0x0000000100876f10 (minecraft@1.20.1)
7391:             1             16  net.minecraft.util.datafix.DataFixers$$Lambda$2143/0x0000000100877608 (minecraft@1.20.1)
7392:             1             16  net.minecraft.util.datafix.DataFixers$$Lambda$2154/0x00000001008733b0 (minecraft@1.20.1)
7393:             1             16  net.minecraft.util.datafix.DataFixers$$Lambda$2157/0x0000000100871000 (minecraft@1.20.1)
7394:             1             16  net.minecraft.util.datafix.DataFixers$$Lambda$2158/0x00000001008714d0 (minecraft@1.20.1)
7395:             1             16  net.minecraft.util.datafix.DataFixers$$Lambda$2161/0x0000000100870800 (minecraft@1.20.1)
7396:             1             16  net.minecraft.util.datafix.DataFixers$$Lambda$2163/0x0000000100870400 (minecraft@1.20.1)
7397:             1             16  net.minecraft.util.datafix.DataFixers$$Lambda$2165/0x00000001008784e8 (minecraft@1.20.1)
7398:             1             16  net.minecraft.util.datafix.DataFixers$$Lambda$2167/0x0000000100878940 (minecraft@1.20.1)
7399:             1             16  net.minecraft.util.datafix.DataFixers$$Lambda$2168/0x0000000100878b70 (minecraft@1.20.1)
7400:             1             16  net.minecraft.util.datafix.DataFixers$$Lambda$2169/0x0000000100878d98 (minecraft@1.20.1)
7401:             1             16  net.minecraft.util.datafix.DataFixers$$Lambda$2170/0x0000000100878ff8 (minecraft@1.20.1)
7402:             1             16  net.minecraft.util.datafix.DataFixers$$Lambda$2171/0x0000000100879228 (minecraft@1.20.1)
7403:             1             16  net.minecraft.util.datafix.DataFixers$$Lambda$2174/0x00000001008798f0 (minecraft@1.20.1)
7404:             1             16  net.minecraft.util.datafix.DataFixers$$Lambda$2175/0x0000000100879b50 (minecraft@1.20.1)
7405:             1             16  net.minecraft.util.datafix.DataFixers$$Lambda$2177/0x000000010087a048 (minecraft@1.20.1)
7406:             1             16  net.minecraft.util.datafix.DataFixers$$Lambda$2178/0x000000010087a518 (minecraft@1.20.1)
7407:             1             16  net.minecraft.util.datafix.DataFixers$$Lambda$2180/0x000000010087ac10 (minecraft@1.20.1)
7408:             1             16  net.minecraft.util.datafix.DataFixers$$Lambda$2182/0x000000010087b308 (minecraft@1.20.1)
7409:             1             16  net.minecraft.util.datafix.DataFixers$$Lambda$2185/0x000000010087bc68 (minecraft@1.20.1)
7410:             1             16  net.minecraft.util.datafix.DataFixers$$Lambda$2187/0x000000010087c360 (minecraft@1.20.1)
7411:             1             16  net.minecraft.util.datafix.DataFixers$$Lambda$2190/0x000000010087cc80 (minecraft@1.20.1)
7412:             1             16  net.minecraft.util.datafix.DataFixers$$Lambda$2191/0x000000010087d150 (minecraft@1.20.1)
7413:             1             16  net.minecraft.util.datafix.DataFixers$$Lambda$2192/0x000000010087d610 (minecraft@1.20.1)
7414:             1             16  net.minecraft.util.datafix.DataFixers$$Lambda$2193/0x000000010087daf0 (minecraft@1.20.1)
7415:             1             16  net.minecraft.util.datafix.fixes.AbstractArrowPickupFix$$Lambda$2332/0x00000001008b58d0 (minecraft@1.20.1)
7416:             1             16  net.minecraft.util.datafix.fixes.AdvancementsFix$$Lambda$2072/0x0000000100864260 (minecraft@1.20.1)
7417:             1             16  net.minecraft.util.datafix.fixes.AttributesRename$$Lambda$2319/0x00000001008b33f0 (minecraft@1.20.1)
7418:             1             16  net.minecraft.util.datafix.fixes.AttributesRename$$Lambda$2320/0x00000001008b3638 (minecraft@1.20.1)
7419:             1             16  net.minecraft.util.datafix.fixes.AttributesRename$$Lambda$2321/0x00000001008b3a78 (minecraft@1.20.1)
7420:             1             16  net.minecraft.util.datafix.fixes.BedItemColorFix$$Lambda$2253/0x000000010089a9a0 (minecraft@1.20.1)
7421:             1             16  net.minecraft.util.datafix.fixes.BlendingDataFix$$Lambda$2354/0x00000001008bebe0 (minecraft@1.20.1)
7422:             1             16  net.minecraft.util.datafix.fixes.BlendingDataRemoveFromNetherEndFix$$Lambda$2345/0x00000001008bb188 (minecraft@1.20.1)
7423:             1             16  net.minecraft.util.datafix.fixes.BlockEntityCustomNameToComponentFix$$Lambda$2271/0x000000010089f420 (minecraft@1.20.1)
7424:             1             16  net.minecraft.util.datafix.fixes.BlockEntityIdFix$$Lambda$1904/0x000000010083e678 (minecraft@1.20.1)
7425:             1             16  net.minecraft.util.datafix.fixes.BlockEntityIdFix$$Lambda$2245/0x00000001008932c0 (minecraft@1.20.1)
7426:             1             16  net.minecraft.util.datafix.fixes.BlockEntityRenameFix$$Lambda$2352/0x00000001008be750 (minecraft@1.20.1)
7427:             1             16  net.minecraft.util.datafix.fixes.BlockEntitySignTextStrictJsonFix$1 (minecraft@1.20.1)
7428:             1             16  net.minecraft.util.datafix.fixes.BlockEntityUUIDFix$$Lambda$2313/0x00000001008b1248 (minecraft@1.20.1)
7429:             1             16  net.minecraft.util.datafix.fixes.BlockNameFlatteningFix$$Lambda$2263/0x000000010089d590 (minecraft@1.20.1)
7430:             1             16  net.minecraft.util.datafix.fixes.BlockStateData$$Lambda$1949/0x0000000100845f40 (minecraft@1.20.1)
7431:             1             16  net.minecraft.util.datafix.fixes.BlockStateData$$Lambda$1950/0x0000000100846170 (minecraft@1.20.1)
7432:             1             16  net.minecraft.util.datafix.fixes.BlockStateStructureTemplateFix$$Lambda$2256/0x000000010089b068 (minecraft@1.20.1)
7433:             1             16  net.minecraft.util.datafix.fixes.CauldronRenameFix$$Lambda$2328/0x00000001008b7d50 (minecraft@1.20.1)
7434:             1             16  net.minecraft.util.datafix.fixes.ChunkBedBlockEntityInjecterFix$$Lambda$2251/0x000000010089a518 (minecraft@1.20.1)
7435:             1             16  net.minecraft.util.datafix.fixes.ChunkBiomeFix$$Lambda$2304/0x00000001008af870 (minecraft@1.20.1)
7436:             1             16  net.minecraft.util.datafix.fixes.ChunkDeleteIgnoredLightDataFix$$Lambda$2343/0x00000001008ba4f8 (minecraft@1.20.1)
7437:             1             16  net.minecraft.util.datafix.fixes.ChunkDeleteLightFix$$Lambda$2356/0x00000001008bf068 (minecraft@1.20.1)
7438:             1             16  net.minecraft.util.datafix.fixes.ChunkLightRemoveFix$$Lambda$2303/0x00000001008af128 (minecraft@1.20.1)
7439:             1             16  net.minecraft.util.datafix.fixes.ChunkPalettedStorageFix$$Lambda$1960/0x0000000100848ae0 (minecraft@1.20.1)
7440:             1             16  net.minecraft.util.datafix.fixes.ChunkPalettedStorageFix$$Lambda$1961/0x0000000100848d10 (minecraft@1.20.1)
7441:             1             16  net.minecraft.util.datafix.fixes.ChunkPalettedStorageFix$$Lambda$1962/0x0000000100848f40 (minecraft@1.20.1)
7442:             1             16  net.minecraft.util.datafix.fixes.ChunkPalettedStorageFix$$Lambda$1963/0x0000000100849170 (minecraft@1.20.1)
7443:             1             16  net.minecraft.util.datafix.fixes.ChunkPalettedStorageFix$$Lambda$1964/0x00000001008493a0 (minecraft@1.20.1)
7444:             1             16  net.minecraft.util.datafix.fixes.ChunkPalettedStorageFix$$Lambda$1965/0x00000001008495d0 (minecraft@1.20.1)
7445:             1             16  net.minecraft.util.datafix.fixes.ChunkPalettedStorageFix$$Lambda$1966/0x0000000100849800 (minecraft@1.20.1)
7446:             1             16  net.minecraft.util.datafix.fixes.ChunkPalettedStorageFix$$Lambda$2257/0x000000010089b2a8 (minecraft@1.20.1)
7447:             1             16  net.minecraft.util.datafix.fixes.ChunkStatusFix$$Lambda$2293/0x00000001008ab6a8 (minecraft@1.20.1)
7448:             1             16  net.minecraft.util.datafix.fixes.ChunkStatusFix2$$Lambda$2294/0x00000001008abb78 (minecraft@1.20.1)
7449:             1             16  net.minecraft.util.datafix.fixes.ChunkStructuresTemplateRenameFix$$Lambda$2278/0x00000001008a3d28 (minecraft@1.20.1)
7450:             1             16  net.minecraft.util.datafix.fixes.ChunkToProtochunkFix$$Lambda$2273/0x000000010089f888 (minecraft@1.20.1)
7451:             1             16  net.minecraft.util.datafix.fixes.EffectDurationFix$$Lambda$2349/0x00000001008bba90 (minecraft@1.20.1)
7452:             1             16  net.minecraft.util.datafix.fixes.EffectDurationFix$$Lambda$2350/0x00000001008bbcd8 (minecraft@1.20.1)
7453:             1             16  net.minecraft.util.datafix.fixes.EntityBlockStateFix$$Lambda$1982/0x000000010084e228 (minecraft@1.20.1)
7454:             1             16  net.minecraft.util.datafix.fixes.EntityBlockStateFix$$Lambda$2258/0x000000010089b4f0 (minecraft@1.20.1)
7455:             1             16  net.minecraft.util.datafix.fixes.EntityBlockStateFix$$Lambda$2259/0x000000010089c938 (minecraft@1.20.1)
7456:             1             16  net.minecraft.util.datafix.fixes.EntityBlockStateFix$$Lambda$2260/0x000000010089cb80 (minecraft@1.20.1)
7457:             1             16  net.minecraft.util.datafix.fixes.EntityCustomNameToComponentFix$$Lambda$2269/0x000000010089ef90 (minecraft@1.20.1)
7458:             1             16  net.minecraft.util.datafix.fixes.EntityHealthFix$$Lambda$2230/0x0000000100890000 (minecraft@1.20.1)
7459:             1             16  net.minecraft.util.datafix.fixes.EntityIdFix$$Lambda$1932/0x0000000100842b18 (minecraft@1.20.1)
7460:             1             16  net.minecraft.util.datafix.fixes.EntityIdFix$$Lambda$2246/0x0000000100893700 (minecraft@1.20.1)
7461:             1             16  net.minecraft.util.datafix.fixes.EntityPaintingMotiveFix$$Lambda$2057/0x0000000100860ef8 (minecraft@1.20.1)
7462:             1             16  net.minecraft.util.datafix.fixes.EntityProjectileOwnerFix$$Lambda$2311/0x00000001008b0db8 (minecraft@1.20.1)
7463:             1             16  net.minecraft.util.datafix.fixes.EntityRedundantChanceTagsFix$$Lambda$2233/0x00000001008919f8 (minecraft@1.20.1)
7464:             1             16  net.minecraft.util.datafix.fixes.EntityStringUuidFix$$Lambda$2229/0x0000000100889400 (minecraft@1.20.1)
7465:             1             16  net.minecraft.util.datafix.fixes.EntityUUIDFix$$Lambda$2312/0x00000001008b1000 (minecraft@1.20.1)
7466:             1             16  net.minecraft.util.datafix.fixes.FeatureFlagRemoveFix$$Lambda$2353/0x00000001008be998 (minecraft@1.20.1)
7467:             1             16  net.minecraft.util.datafix.fixes.FilteredBooksFix$$Lambda$2173/0x00000001008796a0 (minecraft@1.20.1)
7468:             1             16  net.minecraft.util.datafix.fixes.ForcePoiRebuild$$Lambda$2307/0x00000001008b0268 (minecraft@1.20.1)
7469:             1             16  net.minecraft.util.datafix.fixes.GoatHornIdFix$$Lambda$2172/0x0000000100879450 (minecraft@1.20.1)
7470:             1             16  net.minecraft.util.datafix.fixes.IglooMetadataRemovalFix$$Lambda$2277/0x00000001008a3ae8 (minecraft@1.20.1)
7471:             1             16  net.minecraft.util.datafix.fixes.ItemIdFix$$Lambda$1871/0x000000010082f918 (minecraft@1.20.1)
7472:             1             16  net.minecraft.util.datafix.fixes.ItemLoreFix$$Lambda$2292/0x00000001008ab1f8 (minecraft@1.20.1)
7473:             1             16  net.minecraft.util.datafix.fixes.ItemPotionFix$$Lambda$1872/0x000000010082fb48 (minecraft@1.20.1)
7474:             1             16  net.minecraft.util.datafix.fixes.ItemSpawnEggFix$$Lambda$1873/0x000000010082fd78 (minecraft@1.20.1)
7475:             1             16  net.minecraft.util.datafix.fixes.ItemStackEnchantmentNamesFix$$Lambda$2070/0x0000000100863e00 (minecraft@1.20.1)
7476:             1             16  net.minecraft.util.datafix.fixes.ItemStackSpawnEggFix$$Lambda$1988/0x000000010084f488 (minecraft@1.20.1)
7477:             1             16  net.minecraft.util.datafix.fixes.ItemStackTheFlatteningFix$$Lambda$1985/0x000000010084eb48 (minecraft@1.20.1)
7478:             1             16  net.minecraft.util.datafix.fixes.ItemStackTheFlatteningFix$$Lambda$1986/0x000000010084ed78 (minecraft@1.20.1)
7479:             1             16  net.minecraft.util.datafix.fixes.JigsawRotationFix$$Lambda$2318/0x00000001008b2fb0 (minecraft@1.20.1)
7480:             1             16  net.minecraft.util.datafix.fixes.LeavesFix$$Lambda$2071/0x0000000100864030 (minecraft@1.20.1)
7481:             1             16  net.minecraft.util.datafix.fixes.LegacyDragonFightFix$$Lambda$2357/0x00000001008bf2b0 (minecraft@1.20.1)
7482:             1             16  net.minecraft.util.datafix.fixes.LevelDataGeneratorOptionsFix$$Lambda$2073/0x00000001008646a8 (minecraft@1.20.1)
7483:             1             16  net.minecraft.util.datafix.fixes.LevelDataGeneratorOptionsFix$$Lambda$2284/0x00000001008a8e68 (minecraft@1.20.1)
7484:             1             16  net.minecraft.util.datafix.fixes.LevelFlatGeneratorInfoFix$$Lambda$2267/0x000000010089e5e8 (minecraft@1.20.1)
7485:             1             16  net.minecraft.util.datafix.fixes.LevelUUIDFix$$Lambda$2315/0x00000001008b16d0 (minecraft@1.20.1)
7486:             1             16  net.minecraft.util.datafix.fixes.MapIdFix$$Lambda$2298/0x00000001008ac468 (minecraft@1.20.1)
7487:             1             16  net.minecraft.util.datafix.fixes.NewVillageFix$$Lambda$2297/0x00000001008ac228 (minecraft@1.20.1)
7488:             1             16  net.minecraft.util.datafix.fixes.ObjectiveDisplayNameFix$$Lambda$2288/0x00000001008a9e90 (minecraft@1.20.1)
7489:             1             16  net.minecraft.util.datafix.fixes.ObjectiveRenderTypeFix$$Lambda$2290/0x00000001008aa310 (minecraft@1.20.1)
7490:             1             16  net.minecraft.util.datafix.fixes.OminousBannerRenameFix$$Lambda$2095/0x0000000100869750 (minecraft@1.20.1)
7491:             1             16  net.minecraft.util.datafix.fixes.OptionsAccessibilityOnboardFix$$Lambda$2348/0x00000001008bb850 (minecraft@1.20.1)
7492:             1             16  net.minecraft.util.datafix.fixes.OptionsAddTextBackgroundFix$$Lambda$2299/0x00000001008ae340 (minecraft@1.20.1)
7493:             1             16  net.minecraft.util.datafix.fixes.OptionsAmbientOcclusionFix$$Lambda$2347/0x00000001008bb610 (minecraft@1.20.1)
7494:             1             16  net.minecraft.util.datafix.fixes.OptionsForceVBOFix$$Lambda$2242/0x0000000100892e38 (minecraft@1.20.1)
7495:             1             16  net.minecraft.util.datafix.fixes.OptionsKeyLwjgl3Fix$$Lambda$1944/0x0000000100844d18 (minecraft@1.20.1)
7496:             1             16  net.minecraft.util.datafix.fixes.OptionsKeyLwjgl3Fix$$Lambda$2254/0x000000010089abe8 (minecraft@1.20.1)
7497:             1             16  net.minecraft.util.datafix.fixes.OptionsKeyTranslationFix$$Lambda$2255/0x000000010089ae28 (minecraft@1.20.1)
7498:             1             16  net.minecraft.util.datafix.fixes.OptionsLowerCaseLanguageFix$$Lambda$2250/0x000000010089a058 (minecraft@1.20.1)
7499:             1             16  net.minecraft.util.datafix.fixes.OptionsProgrammerArtFix$$Lambda$2346/0x00000001008bb3c8 (minecraft@1.20.1)
7500:             1             16  net.minecraft.util.datafix.fixes.OptionsRenameFieldFix$$Lambda$2327/0x00000001008b7b08 (minecraft@1.20.1)
7501:             1             16  net.minecraft.util.datafix.fixes.OverreachingTickFix$$Lambda$2340/0x00000001008b9e20 (minecraft@1.20.1)
7502:             1             16  net.minecraft.util.datafix.fixes.PlayerUUIDFix$$Lambda$2314/0x00000001008b1490 (minecraft@1.20.1)
7503:             1             16  net.minecraft.util.datafix.fixes.RedstoneWireConnectionsFix$$Lambda$2323/0x00000001008b7218 (minecraft@1.20.1)
7504:             1             16  net.minecraft.util.datafix.fixes.References$$Lambda$1206/0x000000010059cd18 (minecraft@1.20.1)
7505:             1             16  net.minecraft.util.datafix.fixes.References$$Lambda$1207/0x000000010059cf48 (minecraft@1.20.1)
7506:             1             16  net.minecraft.util.datafix.fixes.References$$Lambda$1208/0x000000010059d178 (minecraft@1.20.1)
7507:             1             16  net.minecraft.util.datafix.fixes.References$$Lambda$1209/0x000000010059d3a8 (minecraft@1.20.1)
7508:             1             16  net.minecraft.util.datafix.fixes.References$$Lambda$1210/0x000000010059d5d8 (minecraft@1.20.1)
7509:             1             16  net.minecraft.util.datafix.fixes.References$$Lambda$1211/0x000000010059d808 (minecraft@1.20.1)
7510:             1             16  net.minecraft.util.datafix.fixes.References$$Lambda$1212/0x000000010059da38 (minecraft@1.20.1)
7511:             1             16  net.minecraft.util.datafix.fixes.References$$Lambda$1213/0x000000010059dc68 (minecraft@1.20.1)
7512:             1             16  net.minecraft.util.datafix.fixes.References$$Lambda$1214/0x000000010059de98 (minecraft@1.20.1)
7513:             1             16  net.minecraft.util.datafix.fixes.References$$Lambda$1215/0x000000010059e0c8 (minecraft@1.20.1)
7514:             1             16  net.minecraft.util.datafix.fixes.References$$Lambda$1216/0x000000010059e2f8 (minecraft@1.20.1)
7515:             1             16  net.minecraft.util.datafix.fixes.References$$Lambda$1217/0x000000010059e528 (minecraft@1.20.1)
7516:             1             16  net.minecraft.util.datafix.fixes.References$$Lambda$1218/0x000000010059e758 (minecraft@1.20.1)
7517:             1             16  net.minecraft.util.datafix.fixes.References$$Lambda$1219/0x000000010059e988 (minecraft@1.20.1)
7518:             1             16  net.minecraft.util.datafix.fixes.References$$Lambda$1220/0x000000010059ebb8 (minecraft@1.20.1)
7519:             1             16  net.minecraft.util.datafix.fixes.References$$Lambda$1221/0x000000010059ede8 (minecraft@1.20.1)
7520:             1             16  net.minecraft.util.datafix.fixes.References$$Lambda$1222/0x000000010059f018 (minecraft@1.20.1)
7521:             1             16  net.minecraft.util.datafix.fixes.References$$Lambda$1223/0x000000010059f248 (minecraft@1.20.1)
7522:             1             16  net.minecraft.util.datafix.fixes.References$$Lambda$1224/0x000000010059f478 (minecraft@1.20.1)
7523:             1             16  net.minecraft.util.datafix.fixes.References$$Lambda$1225/0x000000010059f6a8 (minecraft@1.20.1)
7524:             1             16  net.minecraft.util.datafix.fixes.References$$Lambda$1226/0x000000010059f8d8 (minecraft@1.20.1)
7525:             1             16  net.minecraft.util.datafix.fixes.References$$Lambda$1227/0x000000010059fb08 (minecraft@1.20.1)
7526:             1             16  net.minecraft.util.datafix.fixes.References$$Lambda$1228/0x000000010059fd38 (minecraft@1.20.1)
7527:             1             16  net.minecraft.util.datafix.fixes.References$$Lambda$1229/0x000000010059a000 (minecraft@1.20.1)
7528:             1             16  net.minecraft.util.datafix.fixes.References$$Lambda$1230/0x000000010059a230 (minecraft@1.20.1)
7529:             1             16  net.minecraft.util.datafix.fixes.References$$Lambda$1231/0x000000010059a460 (minecraft@1.20.1)
7530:             1             16  net.minecraft.util.datafix.fixes.References$$Lambda$1232/0x000000010059a690 (minecraft@1.20.1)
7531:             1             16  net.minecraft.util.datafix.fixes.References$$Lambda$1233/0x000000010059a8c0 (minecraft@1.20.1)
7532:             1             16  net.minecraft.util.datafix.fixes.RemapChunkStatusFix$$Lambda$2355/0x00000001008bee20 (minecraft@1.20.1)
7533:             1             16  net.minecraft.util.datafix.fixes.ReorganizePoi$$Lambda$2300/0x00000001008ae588 (minecraft@1.20.1)
7534:             1             16  net.minecraft.util.datafix.fixes.SavedDataFeaturePoolElementFix$$Lambda$2331/0x00000001008b5490 (minecraft@1.20.1)
7535:             1             16  net.minecraft.util.datafix.fixes.SavedDataUUIDFix$$Lambda$2316/0x00000001008b1918 (minecraft@1.20.1)
7536:             1             16  net.minecraft.util.datafix.fixes.StatsRenameFix$$Lambda$2286/0x00000001008a97c8 (minecraft@1.20.1)
7537:             1             16  net.minecraft.util.datafix.fixes.StructureReferenceCountFix$$Lambda$2306/0x00000001008afd00 (minecraft@1.20.1)
7538:             1             16  net.minecraft.util.datafix.fixes.StructureSettingsFlattenFix$$Lambda$2341/0x00000001008ba068 (minecraft@1.20.1)
7539:             1             16  net.minecraft.util.datafix.fixes.StructuresBecomeConfiguredFix$$Lambda$2342/0x00000001008ba2b0 (minecraft@1.20.1)
7540:             1             16  net.minecraft.util.datafix.fixes.TeamDisplayNameFix$$Lambda$2289/0x00000001008aa0d0 (minecraft@1.20.1)
7541:             1             16  net.minecraft.util.datafix.fixes.WallPropertyFix$$Lambda$2310/0x00000001008b0b78 (minecraft@1.20.1)
7542:             1             16  net.minecraft.util.datafix.fixes.WorldGenSettingsFix$$Lambda$2325/0x00000001008b7680 (minecraft@1.20.1)
7543:             1             16  net.minecraft.util.datafix.fixes.WorldGenSettingsFix$StructureFeatureConfiguration$$Lambda$2111/0x000000010086ce98 (minecraft@1.20.1)
7544:             1             16  net.minecraft.util.datafix.fixes.WorldGenSettingsFix$StructureFeatureConfiguration$$Lambda$2112/0x000000010086d0d8 (minecraft@1.20.1)
7545:             1             16  net.minecraft.util.datafix.fixes.WorldGenSettingsFix$StructureFeatureConfiguration$$Lambda$2113/0x000000010086d318 (minecraft@1.20.1)
7546:             1             16  net.minecraft.util.datafix.fixes.WorldGenSettingsFix$StructureFeatureConfiguration$$Lambda$2114/0x000000010086d558 (minecraft@1.20.1)
7547:             1             16  net.minecraft.util.datafix.fixes.WorldGenSettingsFix$StructureFeatureConfiguration$$Lambda$2115/0x000000010086d798 (minecraft@1.20.1)
7548:             1             16  net.minecraft.util.datafix.schemas.NamespacedSchema$1 (minecraft@1.20.1)
7549:             1             16  net.minecraft.util.datafix.schemas.V100$$Lambda$1868/0x000000010082edd0 (minecraft@1.20.1)
7550:             1             16  net.minecraft.util.datafix.schemas.V1022$$Lambda$1937/0x0000000100843b70 (minecraft@1.20.1)
7551:             1             16  net.minecraft.util.datafix.schemas.V1125$$Lambda$1942/0x00000001008448d8 (minecraft@1.20.1)
7552:             1             16  net.minecraft.util.datafix.schemas.V1125$$Lambda$1943/0x0000000100844af8 (minecraft@1.20.1)
7553:             1             16  net.minecraft.util.datafix.schemas.V1451_4$$Lambda$1984/0x000000010084e928 (minecraft@1.20.1)
7554:             1             16  net.minecraft.util.datafix.schemas.V1451_6$$Lambda$1995/0x0000000100858ac8 (minecraft@1.20.1)
7555:             1             16  net.minecraft.util.datafix.schemas.V1451_6$$Lambda$1996/0x0000000100858ce8 (minecraft@1.20.1)
7556:             1             16  net.minecraft.util.datafix.schemas.V1451_6$1 (minecraft@1.20.1)
7557:             1             16  net.minecraft.util.datafix.schemas.V1451_6$2 (minecraft@1.20.1)
7558:             1             16  net.minecraft.util.datafix.schemas.V1460$$Lambda$2030/0x000000010085d358 (minecraft@1.20.1)
7559:             1             16  net.minecraft.util.datafix.schemas.V1460$$Lambda$2031/0x000000010085d578 (minecraft@1.20.1)
7560:             1             16  net.minecraft.util.datafix.schemas.V1460$$Lambda$2033/0x000000010085d9c0 (minecraft@1.20.1)
7561:             1             16  net.minecraft.util.datafix.schemas.V1460$$Lambda$2039/0x000000010085e6b0 (minecraft@1.20.1)
7562:             1             16  net.minecraft.util.datafix.schemas.V1460$$Lambda$2041/0x000000010085eaf8 (minecraft@1.20.1)
7563:             1             16  net.minecraft.util.datafix.schemas.V1460$$Lambda$2042/0x000000010085ed18 (minecraft@1.20.1)
7564:             1             16  net.minecraft.util.datafix.schemas.V1460$$Lambda$2043/0x000000010085ef38 (minecraft@1.20.1)
7565:             1             16  net.minecraft.util.datafix.schemas.V1460$$Lambda$2047/0x000000010085f7d0 (minecraft@1.20.1)
7566:             1             16  net.minecraft.util.datafix.schemas.V1460$$Lambda$2049/0x000000010085fc18 (minecraft@1.20.1)
7567:             1             16  net.minecraft.util.datafix.schemas.V1460$$Lambda$2052/0x0000000100860450 (minecraft@1.20.1)
7568:             1             16  net.minecraft.util.datafix.schemas.V1460$$Lambda$2053/0x0000000100860670 (minecraft@1.20.1)
7569:             1             16  net.minecraft.util.datafix.schemas.V1460$$Lambda$2054/0x0000000100860890 (minecraft@1.20.1)
7570:             1             16  net.minecraft.util.datafix.schemas.V1460$$Lambda$2055/0x0000000100860ab0 (minecraft@1.20.1)
7571:             1             16  net.minecraft.util.datafix.schemas.V1466$$Lambda$2059/0x00000001008615f8 (minecraft@1.20.1)
7572:             1             16  net.minecraft.util.datafix.schemas.V2551$$Lambda$2118/0x000000010086e0d0 (minecraft@1.20.1)
7573:             1             16  net.minecraft.util.datafix.schemas.V2551$$Lambda$2124/0x000000010086edb8 (minecraft@1.20.1)
7574:             1             16  net.minecraft.util.datafix.schemas.V2551$$Lambda$2125/0x000000010086efd8 (minecraft@1.20.1)
7575:             1             16  net.minecraft.util.datafix.schemas.V2684$$Lambda$2132/0x0000000100874e50 (minecraft@1.20.1)
7576:             1             16  net.minecraft.util.datafix.schemas.V2832$$Lambda$2145/0x0000000100877a60 (minecraft@1.20.1)
7577:             1             16  net.minecraft.util.datafix.schemas.V2832$$Lambda$2147/0x0000000100872000 (minecraft@1.20.1)
7578:             1             16  net.minecraft.util.datafix.schemas.V2832$$Lambda$2153/0x0000000100872ce8 (minecraft@1.20.1)
7579:             1             16  net.minecraft.util.datafix.schemas.V704$$Lambda$1897/0x000000010083d4e0 (minecraft@1.20.1)
7580:             1             16  net.minecraft.util.datafix.schemas.V704$$Lambda$1903/0x000000010083e450 (minecraft@1.20.1)
7581:             1             16  net.minecraft.util.datafix.schemas.V704$1 (minecraft@1.20.1)
7582:             1             16  net.minecraft.util.datafix.schemas.V705$1 (minecraft@1.20.1)
7583:             1             16  net.minecraft.util.datafix.schemas.V99$$Lambda$1804/0x0000000100813798 (minecraft@1.20.1)
7584:             1             16  net.minecraft.util.datafix.schemas.V99$$Lambda$1822/0x000000010081dc00 (minecraft@1.20.1)
7585:             1             16  net.minecraft.util.datafix.schemas.V99$$Lambda$1823/0x0000000100820000 (minecraft@1.20.1)
7586:             1             16  net.minecraft.util.datafix.schemas.V99$$Lambda$1824/0x0000000100820248 (minecraft@1.20.1)
7587:             1             16  net.minecraft.util.datafix.schemas.V99$$Lambda$1829/0x0000000100820d90 (minecraft@1.20.1)
7588:             1             16  net.minecraft.util.datafix.schemas.V99$$Lambda$1834/0x0000000100821850 (minecraft@1.20.1)
7589:             1             16  net.minecraft.util.datafix.schemas.V99$$Lambda$1837/0x0000000100821ec0 (minecraft@1.20.1)
7590:             1             16  net.minecraft.util.datafix.schemas.V99$$Lambda$1838/0x00000001008220e0 (minecraft@1.20.1)
7591:             1             16  net.minecraft.util.datafix.schemas.V99$$Lambda$1839/0x0000000100822300 (minecraft@1.20.1)
7592:             1             16  net.minecraft.util.datafix.schemas.V99$$Lambda$1840/0x0000000100822520 (minecraft@1.20.1)
7593:             1             16  net.minecraft.util.datafix.schemas.V99$$Lambda$1842/0x0000000100822968 (minecraft@1.20.1)
7594:             1             16  net.minecraft.util.datafix.schemas.V99$$Lambda$1843/0x0000000100822b88 (minecraft@1.20.1)
7595:             1             16  net.minecraft.util.datafix.schemas.V99$$Lambda$1844/0x0000000100822da8 (minecraft@1.20.1)
7596:             1             16  net.minecraft.util.datafix.schemas.V99$$Lambda$1845/0x0000000100822fc8 (minecraft@1.20.1)
7597:             1             16  net.minecraft.util.datafix.schemas.V99$$Lambda$1846/0x00000001008231e8 (minecraft@1.20.1)
7598:             1             16  net.minecraft.util.datafix.schemas.V99$$Lambda$1847/0x0000000100823408 (minecraft@1.20.1)
7599:             1             16  net.minecraft.util.datafix.schemas.V99$1 (minecraft@1.20.1)
7600:             1             16  net.minecraft.util.eventlog.EventLogDirectory$$Lambda$5172/0x0000000100db9158 (minecraft@1.20.1)
7601:             1             16  net.minecraft.util.eventlog.EventLogDirectory$$Lambda$5175/0x0000000100db9838 (minecraft@1.20.1)
7602:             1             16  net.minecraft.util.profiling.InactiveProfiler (minecraft@1.20.1)
7603:             1             16  net.minecraft.util.profiling.metrics.MetricsRegistry (minecraft@1.20.1)
7604:             1             16  net.minecraft.util.profiling.metrics.profiling.InactiveMetricsRecorder (minecraft@1.20.1)
7605:             1             16  net.minecraft.util.random.SimpleWeightedRandomList$$Lambda$2940/0x0000000100a5e6b0 (minecraft@1.20.1)
7606:             1             16  net.minecraft.util.random.SimpleWeightedRandomList$$Lambda$2941/0x0000000100a5e8f0 (minecraft@1.20.1)
7607:             1             16  net.minecraft.util.random.Weight$$Lambda$2935/0x0000000100a5b998 (minecraft@1.20.1)
7608:             1             16  net.minecraft.util.random.Weight$$Lambda$2936/0x0000000100a5bbd8 (minecraft@1.20.1)
7609:             1             16  net.minecraft.util.random.WeightedEntry$Wrapper$$Lambda$2934/0x0000000100a5b548 (minecraft@1.20.1)
7610:             1             16  net.minecraft.util.random.WeightedEntry$Wrapper$$Lambda$2937/0x0000000100a5e000 (minecraft@1.20.1)
7611:             1             16  net.minecraft.util.random.WeightedEntry$Wrapper$$Lambda$2938/0x0000000100a5e240 (minecraft@1.20.1)
7612:             1             16  net.minecraft.util.random.WeightedRandomList$$Lambda$3560/0x0000000100aec5c8 (minecraft@1.20.1)
7613:             1             16  net.minecraft.util.random.WeightedRandomList$$Lambda$3561/0x0000000100aec808 (minecraft@1.20.1)
7614:             1             16  net.minecraft.util.valueproviders.BiasedToBottomInt$$Lambda$2921/0x0000000100a58d50 (minecraft@1.20.1)
7615:             1             16  net.minecraft.util.valueproviders.BiasedToBottomInt$$Lambda$2922/0x0000000100a58f90 (minecraft@1.20.1)
7616:             1             16  net.minecraft.util.valueproviders.BiasedToBottomInt$$Lambda$2923/0x0000000100a591d0 (minecraft@1.20.1)
7617:             1             16  net.minecraft.util.valueproviders.BiasedToBottomInt$$Lambda$2924/0x0000000100a59410 (minecraft@1.20.1)
7618:             1             16  net.minecraft.util.valueproviders.BiasedToBottomInt$$Lambda$2925/0x0000000100a59640 (minecraft@1.20.1)
7619:             1             16  net.minecraft.util.valueproviders.ClampedInt$$Lambda$2926/0x0000000100a59ab0 (minecraft@1.20.1)
7620:             1             16  net.minecraft.util.valueproviders.ClampedInt$$Lambda$2927/0x0000000100a59cf0 (minecraft@1.20.1)
7621:             1             16  net.minecraft.util.valueproviders.ClampedInt$$Lambda$2928/0x0000000100a59f30 (minecraft@1.20.1)
7622:             1             16  net.minecraft.util.valueproviders.ClampedInt$$Lambda$2929/0x0000000100a5a170 (minecraft@1.20.1)
7623:             1             16  net.minecraft.util.valueproviders.ClampedInt$$Lambda$2930/0x0000000100a5a3b0 (minecraft@1.20.1)
7624:             1             16  net.minecraft.util.valueproviders.ClampedInt$$Lambda$2931/0x0000000100a5a5f0 (minecraft@1.20.1)
7625:             1             16  net.minecraft.util.valueproviders.ClampedNormalFloat$$Lambda$2907/0x0000000100a52aa0 (minecraft@1.20.1)
7626:             1             16  net.minecraft.util.valueproviders.ClampedNormalFloat$$Lambda$2908/0x0000000100a52ce0 (minecraft@1.20.1)
7627:             1             16  net.minecraft.util.valueproviders.ClampedNormalFloat$$Lambda$2909/0x0000000100a52f20 (minecraft@1.20.1)
7628:             1             16  net.minecraft.util.valueproviders.ClampedNormalFloat$$Lambda$2910/0x0000000100a53160 (minecraft@1.20.1)
7629:             1             16  net.minecraft.util.valueproviders.ClampedNormalFloat$$Lambda$2911/0x0000000100a533a0 (minecraft@1.20.1)
7630:             1             16  net.minecraft.util.valueproviders.ClampedNormalFloat$$Lambda$2912/0x0000000100a535e0 (minecraft@1.20.1)
7631:             1             16  net.minecraft.util.valueproviders.ClampedNormalFloat$$Lambda$2913/0x0000000100a53830 (minecraft@1.20.1)
7632:             1             16  net.minecraft.util.valueproviders.ClampedNormalInt$$Lambda$2944/0x0000000100a5f1d8 (minecraft@1.20.1)
7633:             1             16  net.minecraft.util.valueproviders.ClampedNormalInt$$Lambda$2945/0x0000000100a5f418 (minecraft@1.20.1)
7634:             1             16  net.minecraft.util.valueproviders.ClampedNormalInt$$Lambda$2946/0x0000000100a5f658 (minecraft@1.20.1)
7635:             1             16  net.minecraft.util.valueproviders.ClampedNormalInt$$Lambda$2947/0x0000000100a5f898 (minecraft@1.20.1)
7636:             1             16  net.minecraft.util.valueproviders.ClampedNormalInt$$Lambda$2948/0x0000000100a5fad8 (minecraft@1.20.1)
7637:             1             16  net.minecraft.util.valueproviders.ClampedNormalInt$$Lambda$2949/0x0000000100a5fd18 (minecraft@1.20.1)
7638:             1             16  net.minecraft.util.valueproviders.ClampedNormalInt$$Lambda$2950/0x0000000100a5d000 (minecraft@1.20.1)
7639:             1             16  net.minecraft.util.valueproviders.ConstantFloat$$Lambda$2896/0x0000000100a50d88 (minecraft@1.20.1)
7640:             1             16  net.minecraft.util.valueproviders.ConstantFloat$$Lambda$2897/0x0000000100a50fc8 (minecraft@1.20.1)
7641:             1             16  net.minecraft.util.valueproviders.ConstantFloat$$Lambda$2898/0x0000000100a51208 (minecraft@1.20.1)
7642:             1             16  net.minecraft.util.valueproviders.ConstantFloat$$Lambda$2899/0x0000000100a51448 (minecraft@1.20.1)
7643:             1             16  net.minecraft.util.valueproviders.ConstantFloat$$Lambda$2900/0x0000000100a51688 (minecraft@1.20.1)
7644:             1             16  net.minecraft.util.valueproviders.ConstantInt$$Lambda$1516/0x0000000100737748 (minecraft@1.20.1)
7645:             1             16  net.minecraft.util.valueproviders.ConstantInt$$Lambda$1517/0x0000000100737988 (minecraft@1.20.1)
7646:             1             16  net.minecraft.util.valueproviders.ConstantInt$$Lambda$1518/0x0000000100737bc8 (minecraft@1.20.1)
7647:             1             16  net.minecraft.util.valueproviders.ConstantInt$$Lambda$1522/0x0000000100732000 (minecraft@1.20.1)
7648:             1             16  net.minecraft.util.valueproviders.ConstantInt$$Lambda$1523/0x0000000100732240 (minecraft@1.20.1)
7649:             1             16  net.minecraft.util.valueproviders.FloatProvider$$Lambda$2892/0x0000000100a50488 (minecraft@1.20.1)
7650:             1             16  net.minecraft.util.valueproviders.FloatProvider$$Lambda$2893/0x0000000100a506c8 (minecraft@1.20.1)
7651:             1             16  net.minecraft.util.valueproviders.FloatProvider$$Lambda$2894/0x0000000100a50908 (minecraft@1.20.1)
7652:             1             16  net.minecraft.util.valueproviders.FloatProvider$$Lambda$2895/0x0000000100a50b48 (minecraft@1.20.1)
7653:             1             16  net.minecraft.util.valueproviders.IntProvider$$Lambda$1511/0x0000000100736c08 (minecraft@1.20.1)
7654:             1             16  net.minecraft.util.valueproviders.IntProvider$$Lambda$1512/0x0000000100736e48 (minecraft@1.20.1)
7655:             1             16  net.minecraft.util.valueproviders.IntProvider$$Lambda$1513/0x0000000100737088 (minecraft@1.20.1)
7656:             1             16  net.minecraft.util.valueproviders.IntProvider$$Lambda$1514/0x00000001007372c8 (minecraft@1.20.1)
7657:             1             16  net.minecraft.util.valueproviders.TrapezoidFloat$$Lambda$2914/0x0000000100a53cb0 (minecraft@1.20.1)
7658:             1             16  net.minecraft.util.valueproviders.TrapezoidFloat$$Lambda$2915/0x0000000100a57c00 (minecraft@1.20.1)
7659:             1             16  net.minecraft.util.valueproviders.TrapezoidFloat$$Lambda$2916/0x0000000100a58000 (minecraft@1.20.1)
7660:             1             16  net.minecraft.util.valueproviders.TrapezoidFloat$$Lambda$2917/0x0000000100a58240 (minecraft@1.20.1)
7661:             1             16  net.minecraft.util.valueproviders.TrapezoidFloat$$Lambda$2918/0x0000000100a58480 (minecraft@1.20.1)
7662:             1             16  net.minecraft.util.valueproviders.TrapezoidFloat$$Lambda$2919/0x0000000100a586c0 (minecraft@1.20.1)
7663:             1             16  net.minecraft.util.valueproviders.UniformFloat$$Lambda$2902/0x0000000100a51d30 (minecraft@1.20.1)
7664:             1             16  net.minecraft.util.valueproviders.UniformFloat$$Lambda$2903/0x0000000100a51f70 (minecraft@1.20.1)
7665:             1             16  net.minecraft.util.valueproviders.UniformFloat$$Lambda$2904/0x0000000100a521b0 (minecraft@1.20.1)
7666:             1             16  net.minecraft.util.valueproviders.UniformFloat$$Lambda$2905/0x0000000100a523f0 (minecraft@1.20.1)
7667:             1             16  net.minecraft.util.valueproviders.UniformFloat$$Lambda$2906/0x0000000100a52620 (minecraft@1.20.1)
7668:             1             16  net.minecraft.util.valueproviders.UniformInt$$Lambda$1524/0x0000000100732480 (minecraft@1.20.1)
7669:             1             16  net.minecraft.util.valueproviders.UniformInt$$Lambda$1525/0x00000001007326c0 (minecraft@1.20.1)
7670:             1             16  net.minecraft.util.valueproviders.UniformInt$$Lambda$1526/0x0000000100732900 (minecraft@1.20.1)
7671:             1             16  net.minecraft.util.valueproviders.UniformInt$$Lambda$1527/0x0000000100732b40 (minecraft@1.20.1)
7672:             1             16  net.minecraft.util.valueproviders.UniformInt$$Lambda$1528/0x0000000100732d70 (minecraft@1.20.1)
7673:             1             16  net.minecraft.util.valueproviders.WeightedListInt$$Lambda$2932/0x0000000100a5a830 (minecraft@1.20.1)
7674:             1             16  net.minecraft.util.valueproviders.WeightedListInt$$Lambda$2942/0x0000000100a5eb30 (minecraft@1.20.1)
7675:             1             16  net.minecraft.util.valueproviders.WeightedListInt$$Lambda$2943/0x0000000100a5ed70 (minecraft@1.20.1)
7676:             1             16  net.minecraft.world.LockCode (minecraft@1.20.1)
7677:             1             16  net.minecraft.world.effect.MobEffect$$Lambda$1581/0x000000010074f268 (minecraft@1.20.1)
7678:             1             16  net.minecraft.world.effect.MobEffects$$Lambda$1584/0x0000000100749c10 (minecraft@1.20.1)
7679:             1             16  net.minecraft.world.entity.EntitySelector$$Lambda$2551/0x00000001009d0208 (minecraft@1.20.1)
7680:             1             16  net.minecraft.world.entity.EntitySelector$$Lambda$2552/0x00000001009d0458 (minecraft@1.20.1)
7681:             1             16  net.minecraft.world.entity.EntitySelector$$Lambda$2553/0x00000001009d06a8 (minecraft@1.20.1)
7682:             1             16  net.minecraft.world.entity.EntitySelector$$Lambda$2554/0x00000001009d08f8 (minecraft@1.20.1)
7683:             1             16  net.minecraft.world.entity.EntitySelector$$Lambda$2555/0x00000001009d0b48 (minecraft@1.20.1)
7684:             1             16  net.minecraft.world.entity.EntitySelector$$Lambda$2556/0x00000001009d0d98 (minecraft@1.20.1)
7685:             1             16  net.minecraft.world.entity.EntitySelector$$Lambda$2557/0x00000001009d0fe8 (minecraft@1.20.1)
7686:             1             16  net.minecraft.world.entity.EntityType$$Lambda$1791/0x00000001007f5818 (minecraft@1.20.1)
7687:             1             16  net.minecraft.world.entity.EntityType$$Lambda$2217/0x000000010087f458 (minecraft@1.20.1)
7688:             1             16  net.minecraft.world.entity.EntityType$$Lambda$2226/0x000000010087fd50 (minecraft@1.20.1)
7689:             1             16  net.minecraft.world.entity.EntityType$$Lambda$2238/0x0000000100892540 (minecraft@1.20.1)
7690:             1             16  net.minecraft.world.entity.EntityType$$Lambda$2272/0x000000010089f668 (minecraft@1.20.1)
7691:             1             16  net.minecraft.world.entity.EntityType$$Lambda$2280/0x00000001008a41b8 (minecraft@1.20.1)
7692:             1             16  net.minecraft.world.entity.EntityType$$Lambda$2295/0x00000001008abdc0 (minecraft@1.20.1)
7693:             1             16  net.minecraft.world.entity.EntityType$$Lambda$2309/0x00000001008b0958 (minecraft@1.20.1)
7694:             1             16  net.minecraft.world.entity.EntityType$$Lambda$2324/0x00000001008b7460 (minecraft@1.20.1)
7695:             1             16  net.minecraft.world.entity.EntityType$$Lambda$2336/0x00000001008b9528 (minecraft@1.20.1)
7696:             1             16  net.minecraft.world.entity.EntityType$$Lambda$2365/0x00000001008c2700 (minecraft@1.20.1)
7697:             1             16  net.minecraft.world.entity.EntityType$$Lambda$2366/0x00000001008cc388 (minecraft@1.20.1)
7698:             1             16  net.minecraft.world.entity.EntityType$$Lambda$2368/0x00000001008d4250 (minecraft@1.20.1)
7699:             1             16  net.minecraft.world.entity.EntityType$$Lambda$2369/0x00000001008d5ca0 (minecraft@1.20.1)
7700:             1             16  net.minecraft.world.entity.EntityType$$Lambda$2370/0x00000001008d75f0 (minecraft@1.20.1)
7701:             1             16  net.minecraft.world.entity.EntityType$$Lambda$2371/0x00000001008d7810 (minecraft@1.20.1)
7702:             1             16  net.minecraft.world.entity.EntityType$$Lambda$2372/0x00000001008e7310 (minecraft@1.20.1)
7703:             1             16  net.minecraft.world.entity.EntityType$$Lambda$2373/0x00000001008e7b48 (minecraft@1.20.1)
7704:             1             16  net.minecraft.world.entity.EntityType$$Lambda$2374/0x00000001008e7d68 (minecraft@1.20.1)
7705:             1             16  net.minecraft.world.entity.EntityType$$Lambda$2375/0x00000001008ebc60 (minecraft@1.20.1)
7706:             1             16  net.minecraft.world.entity.EntityType$$Lambda$2376/0x00000001008eee60 (minecraft@1.20.1)
7707:             1             16  net.minecraft.world.entity.EntityType$$Lambda$2377/0x00000001008ef080 (minecraft@1.20.1)
7708:             1             16  net.minecraft.world.entity.EntityType$$Lambda$2378/0x00000001008ef2a0 (minecraft@1.20.1)
7709:             1             16  net.minecraft.world.entity.EntityType$$Lambda$2379/0x00000001008fe930 (minecraft@1.20.1)
7710:             1             16  net.minecraft.world.entity.EntityType$$Lambda$2380/0x0000000100902530 (minecraft@1.20.1)
7711:             1             16  net.minecraft.world.entity.EntityType$$Lambda$2381/0x0000000100906828 (minecraft@1.20.1)
7712:             1             16  net.minecraft.world.entity.EntityType$$Lambda$2382/0x0000000100907c50 (minecraft@1.20.1)
7713:             1             16  net.minecraft.world.entity.EntityType$$Lambda$2383/0x000000010090c0a8 (minecraft@1.20.1)
7714:             1             16  net.minecraft.world.entity.EntityType$$Lambda$2384/0x000000010090f1e8 (minecraft@1.20.1)
7715:             1             16  net.minecraft.world.entity.EntityType$$Lambda$2385/0x000000010090fdd0 (minecraft@1.20.1)
7716:             1             16  net.minecraft.world.entity.EntityType$$Lambda$2386/0x0000000100912058 (minecraft@1.20.1)
7717:             1             16  net.minecraft.world.entity.EntityType$$Lambda$2387/0x000000010091d170 (minecraft@1.20.1)
7718:             1             16  net.minecraft.world.entity.EntityType$$Lambda$2388/0x000000010091e5b8 (minecraft@1.20.1)
7719:             1             16  net.minecraft.world.entity.EntityType$$Lambda$2389/0x000000010091fa70 (minecraft@1.20.1)
7720:             1             16  net.minecraft.world.entity.EntityType$$Lambda$2390/0x00000001009204e8 (minecraft@1.20.1)
7721:             1             16  net.minecraft.world.entity.EntityType$$Lambda$2391/0x0000000100921920 (minecraft@1.20.1)
7722:             1             16  net.minecraft.world.entity.EntityType$$Lambda$2392/0x00000001009222d8 (minecraft@1.20.1)
7723:             1             16  net.minecraft.world.entity.EntityType$$Lambda$2393/0x0000000100923780 (minecraft@1.20.1)
7724:             1             16  net.minecraft.world.entity.EntityType$$Lambda$2394/0x0000000100928c68 (minecraft@1.20.1)
7725:             1             16  net.minecraft.world.entity.EntityType$$Lambda$2395/0x000000010092b1b8 (minecraft@1.20.1)
7726:             1             16  net.minecraft.world.entity.EntityType$$Lambda$2396/0x000000010092b3d8 (minecraft@1.20.1)
7727:             1             16  net.minecraft.world.entity.EntityType$$Lambda$2397/0x000000010092f828 (minecraft@1.20.1)
7728:             1             16  net.minecraft.world.entity.EntityType$$Lambda$2398/0x000000010092fa48 (minecraft@1.20.1)
7729:             1             16  net.minecraft.world.entity.EntityType$$Lambda$2399/0x000000010092fc68 (minecraft@1.20.1)
7730:             1             16  net.minecraft.world.entity.EntityType$$Lambda$2400/0x0000000100938000 (minecraft@1.20.1)
7731:             1             16  net.minecraft.world.entity.EntityType$$Lambda$2401/0x0000000100939f90 (minecraft@1.20.1)
7732:             1             16  net.minecraft.world.entity.EntityType$$Lambda$2402/0x000000010093a1b0 (minecraft@1.20.1)
7733:             1             16  net.minecraft.world.entity.EntityType$$Lambda$2403/0x000000010093dff0 (minecraft@1.20.1)
7734:             1             16  net.minecraft.world.entity.EntityType$$Lambda$2404/0x000000010093e550 (minecraft@1.20.1)
7735:             1             16  net.minecraft.world.entity.EntityType$$Lambda$2405/0x000000010093e770 (minecraft@1.20.1)
7736:             1             16  net.minecraft.world.entity.EntityType$$Lambda$2406/0x000000010093e990 (minecraft@1.20.1)
7737:             1             16  net.minecraft.world.entity.EntityType$$Lambda$2407/0x000000010093f360 (minecraft@1.20.1)
7738:             1             16  net.minecraft.world.entity.EntityType$$Lambda$2408/0x0000000100947af0 (minecraft@1.20.1)
7739:             1             16  net.minecraft.world.entity.EntityType$$Lambda$2409/0x0000000100949228 (minecraft@1.20.1)
7740:             1             16  net.minecraft.world.entity.EntityType$$Lambda$2410/0x0000000100949448 (minecraft@1.20.1)
7741:             1             16  net.minecraft.world.entity.EntityType$$Lambda$2411/0x000000010094a890 (minecraft@1.20.1)
7742:             1             16  net.minecraft.world.entity.EntityType$$Lambda$2412/0x000000010094aab0 (minecraft@1.20.1)
7743:             1             16  net.minecraft.world.entity.EntityType$$Lambda$2413/0x000000010094d210 (minecraft@1.20.1)
7744:             1             16  net.minecraft.world.entity.EntityType$$Lambda$2414/0x000000010094d430 (minecraft@1.20.1)
7745:             1             16  net.minecraft.world.entity.EntityType$$Lambda$2415/0x000000010094d650 (minecraft@1.20.1)
7746:             1             16  net.minecraft.world.entity.EntityType$$Lambda$2416/0x00000001009514f8 (minecraft@1.20.1)
7747:             1             16  net.minecraft.world.entity.EntityType$$Lambda$2417/0x0000000100951718 (minecraft@1.20.1)
7748:             1             16  net.minecraft.world.entity.EntityType$$Lambda$2418/0x0000000100955ea8 (minecraft@1.20.1)
7749:             1             16  net.minecraft.world.entity.EntityType$$Lambda$2419/0x00000001009572b0 (minecraft@1.20.1)
7750:             1             16  net.minecraft.world.entity.EntityType$$Lambda$2420/0x00000001009574d0 (minecraft@1.20.1)
7751:             1             16  net.minecraft.world.entity.EntityType$$Lambda$2421/0x00000001009576f0 (minecraft@1.20.1)
7752:             1             16  net.minecraft.world.entity.EntityType$$Lambda$2422/0x0000000100957910 (minecraft@1.20.1)
7753:             1             16  net.minecraft.world.entity.EntityType$$Lambda$2423/0x0000000100957da8 (minecraft@1.20.1)
7754:             1             16  net.minecraft.world.entity.EntityType$$Lambda$2424/0x000000010095cfa8 (minecraft@1.20.1)
7755:             1             16  net.minecraft.world.entity.EntityType$$Lambda$2425/0x0000000100960988 (minecraft@1.20.1)
7756:             1             16  net.minecraft.world.entity.EntityType$$Lambda$2426/0x0000000100965178 (minecraft@1.20.1)
7757:             1             16  net.minecraft.world.entity.EntityType$$Lambda$2427/0x00000001009684e8 (minecraft@1.20.1)
7758:             1             16  net.minecraft.world.entity.EntityType$$Lambda$2428/0x000000010096c4b8 (minecraft@1.20.1)
7759:             1             16  net.minecraft.world.entity.EntityType$$Lambda$2429/0x000000010096e5a8 (minecraft@1.20.1)
7760:             1             16  net.minecraft.world.entity.EntityType$$Lambda$2430/0x000000010096e7c8 (minecraft@1.20.1)
7761:             1             16  net.minecraft.world.entity.EntityType$$Lambda$2431/0x000000010096eeb8 (minecraft@1.20.1)
7762:             1             16  net.minecraft.world.entity.EntityType$$Lambda$2432/0x000000010096fb38 (minecraft@1.20.1)
7763:             1             16  net.minecraft.world.entity.EntityType$$Lambda$2433/0x000000010096fd58 (minecraft@1.20.1)
7764:             1             16  net.minecraft.world.entity.EntityType$$Lambda$2434/0x00000001009779d0 (minecraft@1.20.1)
7765:             1             16  net.minecraft.world.entity.EntityType$$Lambda$2435/0x000000010097db88 (minecraft@1.20.1)
7766:             1             16  net.minecraft.world.entity.EntityType$$Lambda$2436/0x000000010097fda8 (minecraft@1.20.1)
7767:             1             16  net.minecraft.world.entity.EntityType$$Lambda$2437/0x0000000100981d50 (minecraft@1.20.1)
7768:             1             16  net.minecraft.world.entity.EntityType$$Lambda$2438/0x00000001009844d8 (minecraft@1.20.1)
7769:             1             16  net.minecraft.world.entity.EntityType$$Lambda$2439/0x00000001009872a8 (minecraft@1.20.1)
7770:             1             16  net.minecraft.world.entity.EntityType$$Lambda$2440/0x00000001009874c8 (minecraft@1.20.1)
7771:             1             16  net.minecraft.world.entity.EntityType$$Lambda$2441/0x0000000100987bd8 (minecraft@1.20.1)
7772:             1             16  net.minecraft.world.entity.EntityType$$Lambda$2442/0x0000000100989758 (minecraft@1.20.1)
7773:             1             16  net.minecraft.world.entity.EntityType$$Lambda$2443/0x000000010098bbd8 (minecraft@1.20.1)
7774:             1             16  net.minecraft.world.entity.EntityType$$Lambda$2444/0x000000010098bdf8 (minecraft@1.20.1)
7775:             1             16  net.minecraft.world.entity.EntityType$$Lambda$2445/0x000000010098d2b8 (minecraft@1.20.1)
7776:             1             16  net.minecraft.world.entity.EntityType$$Lambda$2446/0x000000010098d4d8 (minecraft@1.20.1)
7777:             1             16  net.minecraft.world.entity.EntityType$$Lambda$2447/0x000000010098e990 (minecraft@1.20.1)
7778:             1             16  net.minecraft.world.entity.EntityType$$Lambda$2448/0x000000010098ebb0 (minecraft@1.20.1)
7779:             1             16  net.minecraft.world.entity.EntityType$$Lambda$2449/0x000000010098f2c0 (minecraft@1.20.1)
7780:             1             16  net.minecraft.world.entity.EntityType$$Lambda$2450/0x000000010098f4e0 (minecraft@1.20.1)
7781:             1             16  net.minecraft.world.entity.EntityType$$Lambda$2451/0x000000010098f700 (minecraft@1.20.1)
7782:             1             16  net.minecraft.world.entity.EntityType$$Lambda$2452/0x000000010098f920 (minecraft@1.20.1)
7783:             1             16  net.minecraft.world.entity.EntityType$$Lambda$2453/0x000000010098fb40 (minecraft@1.20.1)
7784:             1             16  net.minecraft.world.entity.EntityType$$Lambda$2454/0x000000010098fd60 (minecraft@1.20.1)
7785:             1             16  net.minecraft.world.entity.EntityType$$Lambda$2455/0x0000000100995388 (minecraft@1.20.1)
7786:             1             16  net.minecraft.world.entity.EntityType$$Lambda$2526/0x00000001009ae1f8 (minecraft@1.20.1)
7787:             1             16  net.minecraft.world.entity.EntityType$$Lambda$2527/0x00000001009ae418 (minecraft@1.20.1)
7788:             1             16  net.minecraft.world.entity.EntityType$$Lambda$2528/0x00000001009ae638 (minecraft@1.20.1)
7789:             1             16  net.minecraft.world.entity.EntityType$$Lambda$2529/0x00000001009aeae0 (minecraft@1.20.1)
7790:             1             16  net.minecraft.world.entity.EntityType$$Lambda$2530/0x00000001009aed00 (minecraft@1.20.1)
7791:             1             16  net.minecraft.world.entity.EntityType$$Lambda$2531/0x00000001009aef20 (minecraft@1.20.1)
7792:             1             16  net.minecraft.world.entity.EntityType$$Lambda$2532/0x00000001009b4810 (minecraft@1.20.1)
7793:             1             16  net.minecraft.world.entity.EntityType$$Lambda$2533/0x00000001009b70b0 (minecraft@1.20.1)
7794:             1             16  net.minecraft.world.entity.EntityType$$Lambda$2534/0x00000001009bdb38 (minecraft@1.20.1)
7795:             1             16  net.minecraft.world.entity.EntityType$$Lambda$2535/0x00000001009c07b8 (minecraft@1.20.1)
7796:             1             16  net.minecraft.world.entity.EntityType$$Lambda$2536/0x00000001009c3420 (minecraft@1.20.1)
7797:             1             16  net.minecraft.world.entity.EntityType$$Lambda$2537/0x00000001009c39b0 (minecraft@1.20.1)
7798:             1             16  net.minecraft.world.entity.EntityType$$Lambda$2538/0x00000001009c4128 (minecraft@1.20.1)
7799:             1             16  net.minecraft.world.entity.EntityType$$Lambda$2539/0x00000001009c5828 (minecraft@1.20.1)
7800:             1             16  net.minecraft.world.entity.EntityType$$Lambda$2540/0x00000001009c7710 (minecraft@1.20.1)
7801:             1             16  net.minecraft.world.entity.EntityType$$Lambda$2541/0x00000001009c7930 (minecraft@1.20.1)
7802:             1             16  net.minecraft.world.entity.EntityType$$Lambda$2542/0x00000001009c7dd8 (minecraft@1.20.1)
7803:             1             16  net.minecraft.world.entity.EntityType$$Lambda$2543/0x00000001009ca910 (minecraft@1.20.1)
7804:             1             16  net.minecraft.world.entity.EntityType$$Lambda$2544/0x00000001009cab30 (minecraft@1.20.1)
7805:             1             16  net.minecraft.world.entity.EntityType$$Lambda$2545/0x00000001009ccd38 (minecraft@1.20.1)
7806:             1             16  net.minecraft.world.entity.EntityType$$Lambda$2546/0x00000001009ccf58 (minecraft@1.20.1)
7807:             1             16  net.minecraft.world.entity.EntityType$$Lambda$2547/0x00000001009cd178 (minecraft@1.20.1)
7808:             1             16  net.minecraft.world.entity.EntityType$$Lambda$2549/0x00000001009cead8 (minecraft@1.20.1)
7809:             1             16  net.minecraft.world.entity.EntityType$Builder$$Lambda$1798/0x00000001007f70c0 (minecraft@1.20.1)
7810:             1             16  net.minecraft.world.entity.EntityType$Builder$$Lambda$1799/0x00000001007f7310 (minecraft@1.20.1)
7811:             1             16  net.minecraft.world.entity.EntityType$Builder$$Lambda$1800/0x00000001007f7530 (minecraft@1.20.1)
7812:             1             16  net.minecraft.world.entity.EntityType$Builder$$Lambda$2548/0x00000001009cd398 (minecraft@1.20.1)
7813:             1             16  net.minecraft.world.entity.MobCategory$$Lambda$1792/0x00000001007f5eb0 (minecraft@1.20.1)
7814:             1             16  net.minecraft.world.entity.MobCategory$$Lambda$1793/0x00000001007f60d0 (minecraft@1.20.1)
7815:             1             16  net.minecraft.world.entity.MobCategory$$Lambda$1796/0x00000001007f6798 (minecraft@1.20.1)
7816:             1             16  net.minecraft.world.entity.MobCategory$$Lambda$1797/0x00000001007f69d8 (minecraft@1.20.1)
7817:             1             16  net.minecraft.world.entity.ai.memory.ExpirableValue$$Lambda$2522/0x00000001009ac728 (minecraft@1.20.1)
7818:             1             16  net.minecraft.world.entity.ai.memory.ExpirableValue$$Lambda$2523/0x00000001009ac968 (minecraft@1.20.1)
7819:             1             16  net.minecraft.world.entity.ai.memory.ExpirableValue$$Lambda$2524/0x00000001009acba8 (minecraft@1.20.1)
7820:             1             16  net.minecraft.world.entity.ai.memory.MemoryModuleType$$Lambda$2514/0x00000001009a7ac8 (minecraft@1.20.1)
7821:             1             16  net.minecraft.world.entity.ai.sensing.SensorType$$Lambda$2491/0x00000001009a0000 (minecraft@1.20.1)
7822:             1             16  net.minecraft.world.entity.ai.sensing.SensorType$$Lambda$2492/0x00000001009a0440 (minecraft@1.20.1)
7823:             1             16  net.minecraft.world.entity.ai.sensing.SensorType$$Lambda$2493/0x00000001009a0888 (minecraft@1.20.1)
7824:             1             16  net.minecraft.world.entity.ai.sensing.SensorType$$Lambda$2494/0x00000001009a2be0 (minecraft@1.20.1)
7825:             1             16  net.minecraft.world.entity.ai.sensing.SensorType$$Lambda$2495/0x00000001009a3028 (minecraft@1.20.1)
7826:             1             16  net.minecraft.world.entity.ai.sensing.SensorType$$Lambda$2496/0x00000001009a3460 (minecraft@1.20.1)
7827:             1             16  net.minecraft.world.entity.ai.sensing.SensorType$$Lambda$2497/0x00000001009a3ae0 (minecraft@1.20.1)
7828:             1             16  net.minecraft.world.entity.ai.sensing.SensorType$$Lambda$2498/0x00000001009a3f18 (minecraft@1.20.1)
7829:             1             16  net.minecraft.world.entity.ai.sensing.SensorType$$Lambda$2499/0x00000001009a4358 (minecraft@1.20.1)
7830:             1             16  net.minecraft.world.entity.ai.sensing.SensorType$$Lambda$2500/0x00000001009a4790 (minecraft@1.20.1)
7831:             1             16  net.minecraft.world.entity.ai.sensing.SensorType$$Lambda$2501/0x00000001009a4bc8 (minecraft@1.20.1)
7832:             1             16  net.minecraft.world.entity.ai.sensing.SensorType$$Lambda$2502/0x00000001009a5000 (minecraft@1.20.1)
7833:             1             16  net.minecraft.world.entity.ai.sensing.SensorType$$Lambda$2503/0x00000001009a5440 (minecraft@1.20.1)
7834:             1             16  net.minecraft.world.entity.ai.sensing.SensorType$$Lambda$2504/0x00000001009a5880 (minecraft@1.20.1)
7835:             1             16  net.minecraft.world.entity.ai.sensing.SensorType$$Lambda$2505/0x00000001009a5cd0 (minecraft@1.20.1)
7836:             1             16  net.minecraft.world.entity.ai.sensing.SensorType$$Lambda$2506/0x00000001009a6118 (minecraft@1.20.1)
7837:             1             16  net.minecraft.world.entity.ai.sensing.SensorType$$Lambda$2507/0x00000001009a6338 (minecraft@1.20.1)
7838:             1             16  net.minecraft.world.entity.ai.sensing.SensorType$$Lambda$2508/0x00000001009a6558 (minecraft@1.20.1)
7839:             1             16  net.minecraft.world.entity.ai.sensing.SensorType$$Lambda$2509/0x00000001009a6778 (minecraft@1.20.1)
7840:             1             16  net.minecraft.world.entity.ai.sensing.SensorType$$Lambda$2510/0x00000001009a6bc8 (minecraft@1.20.1)
7841:             1             16  net.minecraft.world.entity.ai.sensing.SensorType$$Lambda$2511/0x00000001009a7000 (minecraft@1.20.1)
7842:             1             16  net.minecraft.world.entity.ai.sensing.SensorType$$Lambda$2512/0x00000001009a7450 (minecraft@1.20.1)
7843:             1             16  net.minecraft.world.entity.ai.sensing.SensorType$$Lambda$2513/0x00000001009a7670 (minecraft@1.20.1)
7844:             1             16  net.minecraft.world.entity.ai.village.poi.PoiType$$Lambda$2869/0x0000000100a3a158 (minecraft@1.20.1)
7845:             1             16  net.minecraft.world.entity.ai.village.poi.PoiTypes$$Lambda$2870/0x0000000100a3a3a8 (minecraft@1.20.1)
7846:             1             16  net.minecraft.world.entity.ai.village.poi.PoiTypes$$Lambda$2871/0x0000000100a3a5e8 (minecraft@1.20.1)
7847:             1             16  net.minecraft.world.entity.ai.village.poi.PoiTypes$$Lambda$2872/0x0000000100a3a838 (minecraft@1.20.1)
7848:             1             16  net.minecraft.world.entity.animal.IronGolem$Crackiness$$Lambda$5920/0x0000000100e9f0c0 (minecraft@1.20.1)
7849:             1             16  net.minecraft.world.entity.animal.MushroomCow$MushroomType$$Lambda$5893/0x0000000100e9a580 (minecraft@1.20.1)
7850:             1             16  net.minecraft.world.entity.animal.Panda$Gene$$Lambda$5884/0x0000000100e98000 (minecraft@1.20.1)
7851:             1             16  net.minecraft.world.entity.animal.Panda$Gene$$Lambda$5885/0x0000000100e98220 (minecraft@1.20.1)
7852:             1             16  net.minecraft.world.entity.animal.axolotl.Axolotl$Variant$$Lambda$5890/0x0000000100e99ab8 (minecraft@1.20.1)
7853:             1             16  net.minecraft.world.entity.animal.axolotl.Axolotl$Variant$$Lambda$5891/0x0000000100e99cd8 (minecraft@1.20.1)
7854:             1             16  net.minecraft.world.entity.animal.horse.Markings$$Lambda$5905/0x0000000100e9c618 (minecraft@1.20.1)
7855:             1             16  net.minecraft.world.entity.animal.horse.Variant$$Lambda$5902/0x0000000100e9bb68 (minecraft@1.20.1)
7856:             1             16  net.minecraft.world.entity.animal.horse.Variant$$Lambda$5903/0x0000000100e9bd88 (minecraft@1.20.1)
7857:             1             16  net.minecraft.world.entity.npc.VillagerProfession$$Lambda$2868/0x0000000100a39f08 (minecraft@1.20.1)
7858:             1             16  net.minecraft.world.entity.npc.VillagerProfession$$Lambda$2875/0x0000000100a3af28 (minecraft@1.20.1)
7859:             1             16  net.minecraft.world.entity.npc.VillagerProfession$$Lambda$2876/0x0000000100a3b180 (minecraft@1.20.1)
7860:             1             16  net.minecraft.world.entity.npc.VillagerType$$Lambda$2867/0x0000000100a39ad0 (minecraft@1.20.1)
7861:             1             16  net.minecraft.world.entity.player.ChatVisiblity$$Lambda$4410/0x0000000100bfb028 (minecraft@1.20.1)
7862:             1             16  net.minecraft.world.entity.schedule.Schedule$$Lambda$2883/0x0000000100a3c7b0 (minecraft@1.20.1)
7863:             1             16  net.minecraft.world.entity.schedule.ScheduleBuilder$$Lambda$2879/0x0000000100a3bc78 (minecraft@1.20.1)
7864:             1             16  net.minecraft.world.entity.vehicle.Boat$Type$$Lambda$2560/0x00000001009d18e0 (minecraft@1.20.1)
7865:             1             16  net.minecraft.world.entity.vehicle.Boat$Type$$Lambda$2561/0x00000001009d1b00 (minecraft@1.20.1)
7866:             1             16  net.minecraft.world.flag.FeatureFlagRegistry$$Lambda$1458/0x00000001006c98f8 (minecraft@1.20.1)
7867:             1             16  net.minecraft.world.flag.FeatureFlagRegistry$$Lambda$1459/0x00000001006c9b40 (minecraft@1.20.1)
7868:             1             16  net.minecraft.world.flag.FeatureFlagUniverse (minecraft@1.20.1)
7869:             1             16  net.minecraft.world.inventory.MenuType$$Lambda$2784/0x0000000100a16678 (minecraft@1.20.1)
7870:             1             16  net.minecraft.world.inventory.MenuType$$Lambda$2785/0x0000000100a16898 (minecraft@1.20.1)
7871:             1             16  net.minecraft.world.inventory.MenuType$$Lambda$2786/0x0000000100a16ab8 (minecraft@1.20.1)
7872:             1             16  net.minecraft.world.inventory.MenuType$$Lambda$2787/0x0000000100a16cd8 (minecraft@1.20.1)
7873:             1             16  net.minecraft.world.inventory.MenuType$$Lambda$2788/0x0000000100a16ef8 (minecraft@1.20.1)
7874:             1             16  net.minecraft.world.inventory.MenuType$$Lambda$2789/0x0000000100a17118 (minecraft@1.20.1)
7875:             1             16  net.minecraft.world.inventory.MenuType$$Lambda$2790/0x0000000100a17338 (minecraft@1.20.1)
7876:             1             16  net.minecraft.world.inventory.MenuType$$Lambda$2791/0x0000000100a155d0 (minecraft@1.20.1)
7877:             1             16  net.minecraft.world.inventory.MenuType$$Lambda$2792/0x0000000100a15ad8 (minecraft@1.20.1)
7878:             1             16  net.minecraft.world.inventory.MenuType$$Lambda$2793/0x0000000100a14af0 (minecraft@1.20.1)
7879:             1             16  net.minecraft.world.inventory.MenuType$$Lambda$2794/0x0000000100a185d0 (minecraft@1.20.1)
7880:             1             16  net.minecraft.world.inventory.MenuType$$Lambda$2795/0x0000000100a18ce0 (minecraft@1.20.1)
7881:             1             16  net.minecraft.world.inventory.MenuType$$Lambda$2796/0x0000000100a194d0 (minecraft@1.20.1)
7882:             1             16  net.minecraft.world.inventory.MenuType$$Lambda$2797/0x0000000100a196f0 (minecraft@1.20.1)
7883:             1             16  net.minecraft.world.inventory.MenuType$$Lambda$2798/0x0000000100a1a1c8 (minecraft@1.20.1)
7884:             1             16  net.minecraft.world.inventory.MenuType$$Lambda$2799/0x0000000100a1a3e8 (minecraft@1.20.1)
7885:             1             16  net.minecraft.world.inventory.MenuType$$Lambda$2800/0x0000000100a1a608 (minecraft@1.20.1)
7886:             1             16  net.minecraft.world.inventory.MenuType$$Lambda$2801/0x0000000100a1b3c8 (minecraft@1.20.1)
7887:             1             16  net.minecraft.world.inventory.MenuType$$Lambda$2802/0x0000000100a1b8d8 (minecraft@1.20.1)
7888:             1             16  net.minecraft.world.inventory.MenuType$$Lambda$2803/0x0000000100a1bde0 (minecraft@1.20.1)
7889:             1             16  net.minecraft.world.inventory.MenuType$$Lambda$2804/0x0000000100a1c000 (minecraft@1.20.1)
7890:             1             16  net.minecraft.world.inventory.MenuType$$Lambda$2805/0x0000000100a1c220 (minecraft@1.20.1)
7891:             1             16  net.minecraft.world.inventory.MenuType$$Lambda$2806/0x0000000100a1d428 (minecraft@1.20.1)
7892:             1             16  net.minecraft.world.inventory.MenuType$$Lambda$2807/0x0000000100a1d930 (minecraft@1.20.1)
7893:             1             16  net.minecraft.world.item.ArmorItem$$Lambda$2550/0x00000001009cf9c0 (minecraft@1.20.1)
7894:             1             16  net.minecraft.world.item.ArmorItem$1 (minecraft@1.20.1)
7895:             1             16  net.minecraft.world.item.ArmorMaterials$$Lambda$2562/0x00000001009d1fd8 (minecraft@1.20.1)
7896:             1             16  net.minecraft.world.item.ArmorMaterials$$Lambda$2563/0x00000001009d24a8 (minecraft@1.20.1)
7897:             1             16  net.minecraft.world.item.ArmorMaterials$$Lambda$2565/0x00000001009d2b20 (minecraft@1.20.1)
7898:             1             16  net.minecraft.world.item.ArmorMaterials$$Lambda$2566/0x00000001009d2d50 (minecraft@1.20.1)
7899:             1             16  net.minecraft.world.item.ArmorMaterials$$Lambda$2567/0x00000001009d2f70 (minecraft@1.20.1)
7900:             1             16  net.minecraft.world.item.ArmorMaterials$$Lambda$2568/0x00000001009d31a0 (minecraft@1.20.1)
7901:             1             16  net.minecraft.world.item.ArmorMaterials$$Lambda$2569/0x00000001009d33c0 (minecraft@1.20.1)
7902:             1             16  net.minecraft.world.item.ArmorMaterials$$Lambda$2570/0x00000001009d35f0 (minecraft@1.20.1)
7903:             1             16  net.minecraft.world.item.ArmorMaterials$$Lambda$2571/0x00000001009d3810 (minecraft@1.20.1)
7904:             1             16  net.minecraft.world.item.ArmorMaterials$$Lambda$2572/0x00000001009d3a40 (minecraft@1.20.1)
7905:             1             16  net.minecraft.world.item.ArmorMaterials$$Lambda$2573/0x00000001009d3c60 (minecraft@1.20.1)
7906:             1             16  net.minecraft.world.item.ArmorMaterials$$Lambda$2574/0x00000001009d6000 (minecraft@1.20.1)
7907:             1             16  net.minecraft.world.item.ArmorMaterials$$Lambda$2575/0x00000001009d6220 (minecraft@1.20.1)
7908:             1             16  net.minecraft.world.item.ArmorMaterials$$Lambda$2576/0x00000001009d6450 (minecraft@1.20.1)
7909:             1             16  net.minecraft.world.item.ArmorMaterials$$Lambda$2577/0x00000001009d6a60 (minecraft@1.20.1)
7910:             1             16  net.minecraft.world.item.ArmorMaterials$$Lambda$2578/0x00000001009d6c80 (minecraft@1.20.1)
7911:             1             16  net.minecraft.world.item.BoatItem$$Lambda$2559/0x00000001009d1238 (minecraft@1.20.1)
7912:             1             16  net.minecraft.world.item.CreativeModeTab$Builder$$Lambda$4195/0x0000000100b7d260 (minecraft@1.20.1)
7913:             1             16  net.minecraft.world.item.CreativeModeTab$Builder$$Lambda$4196/0x0000000100b7d480 (minecraft@1.20.1)
7914:             1             16  net.minecraft.world.item.CreativeModeTab$Builder$$Lambda$4197/0x0000000100b7dae0 (minecraft@1.20.1)
7915:             1             16  net.minecraft.world.item.CreativeModeTabs$$Lambda$4191/0x0000000100b7bed0 (minecraft@1.20.1)
7916:             1             16  net.minecraft.world.item.CreativeModeTabs$$Lambda$4192/0x0000000100b7c110 (minecraft@1.20.1)
7917:             1             16  net.minecraft.world.item.CreativeModeTabs$$Lambda$4193/0x0000000100b7c330 (minecraft@1.20.1)
7918:             1             16  net.minecraft.world.item.CreativeModeTabs$$Lambda$4198/0x0000000100b7dd20 (minecraft@1.20.1)
7919:             1             16  net.minecraft.world.item.CreativeModeTabs$$Lambda$4199/0x0000000100b7df40 (minecraft@1.20.1)
7920:             1             16  net.minecraft.world.item.CreativeModeTabs$$Lambda$4200/0x0000000100b7e5b0 (minecraft@1.20.1)
7921:             1             16  net.minecraft.world.item.CreativeModeTabs$$Lambda$4201/0x0000000100b7e7d0 (minecraft@1.20.1)
7922:             1             16  net.minecraft.world.item.CreativeModeTabs$$Lambda$4202/0x0000000100b7e9f0 (minecraft@1.20.1)
7923:             1             16  net.minecraft.world.item.CreativeModeTabs$$Lambda$4203/0x0000000100b7ec10 (minecraft@1.20.1)
7924:             1             16  net.minecraft.world.item.CreativeModeTabs$$Lambda$4204/0x0000000100b7ee30 (minecraft@1.20.1)
7925:             1             16  net.minecraft.world.item.CreativeModeTabs$$Lambda$4205/0x0000000100b7f050 (minecraft@1.20.1)
7926:             1             16  net.minecraft.world.item.CreativeModeTabs$$Lambda$4206/0x0000000100b7f270 (minecraft@1.20.1)
7927:             1             16  net.minecraft.world.item.CreativeModeTabs$$Lambda$4207/0x0000000100b7f490 (minecraft@1.20.1)
7928:             1             16  net.minecraft.world.item.CreativeModeTabs$$Lambda$4208/0x0000000100b7f6b0 (minecraft@1.20.1)
7929:             1             16  net.minecraft.world.item.CreativeModeTabs$$Lambda$4209/0x0000000100b7f8d0 (minecraft@1.20.1)
7930:             1             16  net.minecraft.world.item.CreativeModeTabs$$Lambda$4210/0x0000000100b7faf0 (minecraft@1.20.1)
7931:             1             16  net.minecraft.world.item.CreativeModeTabs$$Lambda$4211/0x0000000100b7fd18 (minecraft@1.20.1)
7932:             1             16  net.minecraft.world.item.CreativeModeTabs$$Lambda$4212/0x0000000100b80000 (minecraft@1.20.1)
7933:             1             16  net.minecraft.world.item.CreativeModeTabs$$Lambda$4213/0x0000000100b80220 (minecraft@1.20.1)
7934:             1             16  net.minecraft.world.item.CreativeModeTabs$$Lambda$4214/0x0000000100b80440 (minecraft@1.20.1)
7935:             1             16  net.minecraft.world.item.CreativeModeTabs$$Lambda$4215/0x0000000100b80660 (minecraft@1.20.1)
7936:             1             16  net.minecraft.world.item.CreativeModeTabs$$Lambda$4216/0x0000000100b80880 (minecraft@1.20.1)
7937:             1             16  net.minecraft.world.item.CreativeModeTabs$$Lambda$4217/0x0000000100b80aa0 (minecraft@1.20.1)
7938:             1             16  net.minecraft.world.item.CreativeModeTabs$$Lambda$4218/0x0000000100b80cc0 (minecraft@1.20.1)
7939:             1             16  net.minecraft.world.item.CreativeModeTabs$$Lambda$4219/0x0000000100b80ee0 (minecraft@1.20.1)
7940:             1             16  net.minecraft.world.item.CreativeModeTabs$$Lambda$4220/0x0000000100b81100 (minecraft@1.20.1)
7941:             1             16  net.minecraft.world.item.CreativeModeTabs$$Lambda$4221/0x0000000100b81320 (minecraft@1.20.1)
7942:             1             16  net.minecraft.world.item.CreativeModeTabs$$Lambda$4222/0x0000000100b81540 (minecraft@1.20.1)
7943:             1             16  net.minecraft.world.item.CreativeModeTabs$$Lambda$4223/0x0000000100b81760 (minecraft@1.20.1)
7944:             1             16  net.minecraft.world.item.DyeColor$$Lambda$1496/0x00000001007298e8 (minecraft@1.20.1)
7945:             1             16  net.minecraft.world.item.DyeColor$$Lambda$1498/0x000000010072a580 (minecraft@1.20.1)
7946:             1             16  net.minecraft.world.item.DyeColor$$Lambda$1499/0x000000010072a7c0 (minecraft@1.20.1)
7947:             1             16  net.minecraft.world.item.DyeColor$$Lambda$1500/0x000000010072aa00 (minecraft@1.20.1)
7948:             1             16  net.minecraft.world.item.HoeItem$$Lambda$2589/0x00000001009d4400 (minecraft@1.20.1)
7949:             1             16  net.minecraft.world.item.HoeItem$$Lambda$2591/0x00000001009d8238 (minecraft@1.20.1)
7950:             1             16  net.minecraft.world.item.HoeItem$$Lambda$2592/0x00000001009d8488 (minecraft@1.20.1)
7951:             1             16  net.minecraft.world.item.HoeItem$$Lambda$2593/0x00000001009d86d8 (minecraft@1.20.1)
7952:             1             16  net.minecraft.world.item.HoeItem$$Lambda$2594/0x00000001009d8928 (minecraft@1.20.1)
7953:             1             16  net.minecraft.world.item.HoneycombItem$$Lambda$2599/0x00000001009dbb60 (minecraft@1.20.1)
7954:             1             16  net.minecraft.world.item.HoneycombItem$$Lambda$2600/0x00000001009dbd98 (minecraft@1.20.1)
7955:             1             16  net.minecraft.world.item.Instrument$$Lambda$4186/0x0000000100b7b390 (minecraft@1.20.1)
7956:             1             16  net.minecraft.world.item.Instrument$$Lambda$4187/0x0000000100b7b5d0 (minecraft@1.20.1)
7957:             1             16  net.minecraft.world.item.Instrument$$Lambda$4188/0x0000000100b7b810 (minecraft@1.20.1)
7958:             1             16  net.minecraft.world.item.Instrument$$Lambda$4189/0x0000000100b7ba50 (minecraft@1.20.1)
7959:             1             16  net.minecraft.world.item.Instrument$$Lambda$4190/0x0000000100b7bc90 (minecraft@1.20.1)
7960:             1             16  net.minecraft.world.item.ItemDisplayContext$$Lambda$5526/0x0000000100e151f8 (minecraft@1.20.1)
7961:             1             16  net.minecraft.world.item.ItemDisplayContext$$Lambda$5527/0x0000000100e15418 (minecraft@1.20.1)
7962:             1             16  net.minecraft.world.item.ItemDisplayContext$$Lambda$5528/0x0000000100e15638 (minecraft@1.20.1)
7963:             1             16  net.minecraft.world.item.ItemStack$$Lambda$2606/0x00000001009df728 (minecraft@1.20.1)
7964:             1             16  net.minecraft.world.item.ItemStack$$Lambda$2607/0x00000001009df968 (minecraft@1.20.1)
7965:             1             16  net.minecraft.world.item.ItemStack$$Lambda$2608/0x00000001009dfba8 (minecraft@1.20.1)
7966:             1             16  net.minecraft.world.item.ItemStack$$Lambda$2609/0x00000001009e0000 (minecraft@1.20.1)
7967:             1             16  net.minecraft.world.item.ItemStack$$Lambda$2610/0x00000001009e0240 (minecraft@1.20.1)
7968:             1             16  net.minecraft.world.item.ItemStack$$Lambda$2611/0x00000001009e0480 (minecraft@1.20.1)
7969:             1             16  net.minecraft.world.item.ItemStackLinkedSet$1 (minecraft@1.20.1)
7970:             1             16  net.minecraft.world.item.MinecartItem$1 (minecraft@1.20.1)
7971:             1             16  net.minecraft.world.item.ProjectileWeaponItem$$Lambda$2580/0x00000001009d7c88 (minecraft@1.20.1)
7972:             1             16  net.minecraft.world.item.ProjectileWeaponItem$$Lambda$2581/0x00000001009d5000 (minecraft@1.20.1)
7973:             1             16  net.minecraft.world.item.Tiers$$Lambda$2583/0x00000001009d54e8 (minecraft@1.20.1)
7974:             1             16  net.minecraft.world.item.Tiers$$Lambda$2584/0x00000001009d5708 (minecraft@1.20.1)
7975:             1             16  net.minecraft.world.item.Tiers$$Lambda$2585/0x00000001009d5928 (minecraft@1.20.1)
7976:             1             16  net.minecraft.world.item.Tiers$$Lambda$2586/0x00000001009d5b48 (minecraft@1.20.1)
7977:             1             16  net.minecraft.world.item.Tiers$$Lambda$2587/0x00000001009d5d68 (minecraft@1.20.1)
7978:             1             16  net.minecraft.world.item.Tiers$$Lambda$2588/0x00000001009d4800 (minecraft@1.20.1)
7979:             1             16  net.minecraft.world.item.alchemy.PotionBrewing$$Lambda$2601/0x00000001009de3b0 (minecraft@1.20.1)
7980:             1             16  net.minecraft.world.item.crafting.Ingredient$$Lambda$2602/0x00000001009debf8 (minecraft@1.20.1)
7981:             1             16  net.minecraft.world.item.crafting.Ingredient$$Lambda$2603/0x00000001009dee18 (minecraft@1.20.1)
7982:             1             16  net.minecraft.world.item.crafting.Ingredient$$Lambda$2604/0x00000001009df058 (minecraft@1.20.1)
7983:             1             16  net.minecraft.world.item.crafting.Ingredient$$Lambda$2605/0x00000001009df4e8 (minecraft@1.20.1)
7984:             1             16  net.minecraft.world.item.crafting.RecipeSerializer$$Lambda$2808/0x0000000100a1f208 (minecraft@1.20.1)
7985:             1             16  net.minecraft.world.item.crafting.RecipeSerializer$$Lambda$2809/0x0000000100a1f798 (minecraft@1.20.1)
7986:             1             16  net.minecraft.world.item.crafting.RecipeSerializer$$Lambda$2810/0x0000000100a1fd20 (minecraft@1.20.1)
7987:             1             16  net.minecraft.world.item.crafting.RecipeSerializer$$Lambda$2811/0x0000000100a209c0 (minecraft@1.20.1)
7988:             1             16  net.minecraft.world.item.crafting.RecipeSerializer$$Lambda$2812/0x0000000100a20f48 (minecraft@1.20.1)
7989:             1             16  net.minecraft.world.item.crafting.RecipeSerializer$$Lambda$2813/0x0000000100a214d0 (minecraft@1.20.1)
7990:             1             16  net.minecraft.world.item.crafting.RecipeSerializer$$Lambda$2814/0x0000000100a21a58 (minecraft@1.20.1)
7991:             1             16  net.minecraft.world.item.crafting.RecipeSerializer$$Lambda$2815/0x0000000100a21fe0 (minecraft@1.20.1)
7992:             1             16  net.minecraft.world.item.crafting.RecipeSerializer$$Lambda$2816/0x0000000100a22570 (minecraft@1.20.1)
7993:             1             16  net.minecraft.world.item.crafting.RecipeSerializer$$Lambda$2817/0x0000000100a22af8 (minecraft@1.20.1)
7994:             1             16  net.minecraft.world.item.crafting.RecipeSerializer$$Lambda$2818/0x0000000100a23080 (minecraft@1.20.1)
7995:             1             16  net.minecraft.world.item.crafting.RecipeSerializer$$Lambda$2819/0x0000000100a23608 (minecraft@1.20.1)
7996:             1             16  net.minecraft.world.item.crafting.RecipeSerializer$$Lambda$2820/0x0000000100a23b90 (minecraft@1.20.1)
7997:             1             16  net.minecraft.world.item.crafting.RecipeSerializer$$Lambda$2821/0x0000000100a24ac8 (minecraft@1.20.1)
7998:             1             16  net.minecraft.world.item.crafting.RecipeSerializer$$Lambda$2822/0x0000000100a25000 (minecraft@1.20.1)
7999:             1             16  net.minecraft.world.item.crafting.RecipeSerializer$$Lambda$2823/0x0000000100a25538 (minecraft@1.20.1)
8000:             1             16  net.minecraft.world.item.crafting.RecipeSerializer$$Lambda$2824/0x0000000100a25a70 (minecraft@1.20.1)
8001:             1             16  net.minecraft.world.item.crafting.RecipeSerializer$$Lambda$2825/0x0000000100a26718 (minecraft@1.20.1)
8002:             1             16  net.minecraft.world.item.crafting.RecipeSerializer$$Lambda$2826/0x0000000100a271a0 (minecraft@1.20.1)
8003:             1             16  net.minecraft.world.item.crafting.ShapedRecipe$Serializer (minecraft@1.20.1)
8004:             1             16  net.minecraft.world.item.crafting.ShapelessRecipe$Serializer (minecraft@1.20.1)
8005:             1             16  net.minecraft.world.item.crafting.SingleItemRecipe$Serializer (minecraft@1.20.1)
8006:             1             16  net.minecraft.world.item.crafting.SmithingTransformRecipe$Serializer (minecraft@1.20.1)
8007:             1             16  net.minecraft.world.item.crafting.SmithingTrimRecipe$Serializer (minecraft@1.20.1)
8008:             1             16  net.minecraft.world.level.biome.AmbientAdditionsSettings$$Lambda$3887/0x0000000100b31660 (minecraft@1.20.1)
8009:             1             16  net.minecraft.world.level.biome.AmbientAdditionsSettings$$Lambda$3888/0x0000000100b318a0 (minecraft@1.20.1)
8010:             1             16  net.minecraft.world.level.biome.AmbientAdditionsSettings$$Lambda$3889/0x0000000100b31ae0 (minecraft@1.20.1)
8011:             1             16  net.minecraft.world.level.biome.AmbientAdditionsSettings$$Lambda$3890/0x0000000100b31d20 (minecraft@1.20.1)
8012:             1             16  net.minecraft.world.level.biome.AmbientMoodSettings$$Lambda$3880/0x0000000100b30470 (minecraft@1.20.1)
8013:             1             16  net.minecraft.world.level.biome.AmbientMoodSettings$$Lambda$3881/0x0000000100b306b0 (minecraft@1.20.1)
8014:             1             16  net.minecraft.world.level.biome.AmbientMoodSettings$$Lambda$3882/0x0000000100b308f0 (minecraft@1.20.1)
8015:             1             16  net.minecraft.world.level.biome.AmbientMoodSettings$$Lambda$3883/0x0000000100b30b30 (minecraft@1.20.1)
8016:             1             16  net.minecraft.world.level.biome.AmbientMoodSettings$$Lambda$3884/0x0000000100b30d70 (minecraft@1.20.1)
8017:             1             16  net.minecraft.world.level.biome.AmbientMoodSettings$$Lambda$3885/0x0000000100b30fb0 (minecraft@1.20.1)
8018:             1             16  net.minecraft.world.level.biome.AmbientParticleSettings$$Lambda$3874/0x0000000100b2db20 (minecraft@1.20.1)
8019:             1             16  net.minecraft.world.level.biome.AmbientParticleSettings$$Lambda$3875/0x0000000100b2dd60 (minecraft@1.20.1)
8020:             1             16  net.minecraft.world.level.biome.AmbientParticleSettings$$Lambda$3876/0x0000000100b2c800 (minecraft@1.20.1)
8021:             1             16  net.minecraft.world.level.biome.AmbientParticleSettings$$Lambda$3877/0x0000000100b2ca40 (minecraft@1.20.1)
8022:             1             16  net.minecraft.world.level.biome.Biome$$Lambda$3853/0x0000000100b2a060 (minecraft@1.20.1)
8023:             1             16  net.minecraft.world.level.biome.Biome$$Lambda$3861/0x0000000100b2bbc8 (minecraft@1.20.1)
8024:             1             16  net.minecraft.world.level.biome.Biome$$Lambda$3901/0x0000000100b33660 (minecraft@1.20.1)
8025:             1             16  net.minecraft.world.level.biome.Biome$$Lambda$3913/0x0000000100b37418 (minecraft@1.20.1)
8026:             1             16  net.minecraft.world.level.biome.Biome$$Lambda$3928/0x0000000100b38b30 (minecraft@1.20.1)
8027:             1             16  net.minecraft.world.level.biome.Biome$$Lambda$3929/0x0000000100b38d70 (minecraft@1.20.1)
8028:             1             16  net.minecraft.world.level.biome.Biome$$Lambda$3930/0x0000000100b38fc0 (minecraft@1.20.1)
8029:             1             16  net.minecraft.world.level.biome.Biome$$Lambda$3931/0x0000000100b39200 (minecraft@1.20.1)
8030:             1             16  net.minecraft.world.level.biome.Biome$$Lambda$3932/0x0000000100b39440 (minecraft@1.20.1)
8031:             1             16  net.minecraft.world.level.biome.Biome$$Lambda$3933/0x0000000100b39680 (minecraft@1.20.1)
8032:             1             16  net.minecraft.world.level.biome.Biome$ClimateSettings$$Lambda$3854/0x0000000100b2a4b0 (minecraft@1.20.1)
8033:             1             16  net.minecraft.world.level.biome.Biome$ClimateSettings$$Lambda$3855/0x0000000100b2a6f0 (minecraft@1.20.1)
8034:             1             16  net.minecraft.world.level.biome.Biome$ClimateSettings$$Lambda$3856/0x0000000100b2a930 (minecraft@1.20.1)
8035:             1             16  net.minecraft.world.level.biome.Biome$ClimateSettings$$Lambda$3858/0x0000000100b2b4f8 (minecraft@1.20.1)
8036:             1             16  net.minecraft.world.level.biome.Biome$ClimateSettings$$Lambda$3859/0x0000000100b2b738 (minecraft@1.20.1)
8037:             1             16  net.minecraft.world.level.biome.Biome$ClimateSettings$$Lambda$3860/0x0000000100b2b978 (minecraft@1.20.1)
8038:             1             16  net.minecraft.world.level.biome.Biome$TemperatureModifier$$Lambda$3857/0x0000000100b2b2d8 (minecraft@1.20.1)
8039:             1             16  net.minecraft.world.level.biome.BiomeGenerationSettings$$Lambda$3902/0x0000000100b33ad8 (minecraft@1.20.1)
8040:             1             16  net.minecraft.world.level.biome.BiomeGenerationSettings$$Lambda$3903/0x0000000100b33d18 (minecraft@1.20.1)
8041:             1             16  net.minecraft.world.level.biome.BiomeGenerationSettings$$Lambda$3904/0x0000000100b36000 (minecraft@1.20.1)
8042:             1             16  net.minecraft.world.level.biome.BiomeGenerationSettings$$Lambda$3907/0x0000000100b366c0 (minecraft@1.20.1)
8043:             1             16  net.minecraft.world.level.biome.BiomeGenerationSettings$$Lambda$3909/0x0000000100b36b30 (minecraft@1.20.1)
8044:             1             16  net.minecraft.world.level.biome.BiomeGenerationSettings$$Lambda$3910/0x0000000100b36d70 (minecraft@1.20.1)
8045:             1             16  net.minecraft.world.level.biome.BiomeGenerationSettings$$Lambda$3911/0x0000000100b36fa8 (minecraft@1.20.1)
8046:             1             16  net.minecraft.world.level.biome.BiomeGenerationSettings$$Lambda$3912/0x0000000100b371e8 (minecraft@1.20.1)
8047:             1             16  net.minecraft.world.level.biome.BiomeSource$$Lambda$3850/0x0000000100b29030 (minecraft@1.20.1)
8048:             1             16  net.minecraft.world.level.biome.BiomeSpecialEffects$$Lambda$3862/0x0000000100b2e270 (minecraft@1.20.1)
8049:             1             16  net.minecraft.world.level.biome.BiomeSpecialEffects$$Lambda$3863/0x0000000100b2e4b0 (minecraft@1.20.1)
8050:             1             16  net.minecraft.world.level.biome.BiomeSpecialEffects$$Lambda$3864/0x0000000100b2e6f0 (minecraft@1.20.1)
8051:             1             16  net.minecraft.world.level.biome.BiomeSpecialEffects$$Lambda$3865/0x0000000100b2e930 (minecraft@1.20.1)
8052:             1             16  net.minecraft.world.level.biome.BiomeSpecialEffects$$Lambda$3866/0x0000000100b2eb70 (minecraft@1.20.1)
8053:             1             16  net.minecraft.world.level.biome.BiomeSpecialEffects$$Lambda$3867/0x0000000100b2edb0 (minecraft@1.20.1)
8054:             1             16  net.minecraft.world.level.biome.BiomeSpecialEffects$$Lambda$3868/0x0000000100b2eff0 (minecraft@1.20.1)
8055:             1             16  net.minecraft.world.level.biome.BiomeSpecialEffects$$Lambda$3873/0x0000000100b2d6c0 (minecraft@1.20.1)
8056:             1             16  net.minecraft.world.level.biome.BiomeSpecialEffects$$Lambda$3878/0x0000000100b2cc70 (minecraft@1.20.1)
8057:             1             16  net.minecraft.world.level.biome.BiomeSpecialEffects$$Lambda$3879/0x0000000100b30000 (minecraft@1.20.1)
8058:             1             16  net.minecraft.world.level.biome.BiomeSpecialEffects$$Lambda$3886/0x0000000100b31200 (minecraft@1.20.1)
8059:             1             16  net.minecraft.world.level.biome.BiomeSpecialEffects$$Lambda$3891/0x0000000100b31f50 (minecraft@1.20.1)
8060:             1             16  net.minecraft.world.level.biome.BiomeSpecialEffects$$Lambda$3898/0x0000000100b33150 (minecraft@1.20.1)
8061:             1             16  net.minecraft.world.level.biome.BiomeSpecialEffects$$Lambda$3899/0x0000000100b33390 (minecraft@1.20.1)
8062:             1             16  net.minecraft.world.level.biome.BiomeSpecialEffects$GrassColorModifier$$Lambda$3869/0x0000000100b2fc90 (minecraft@1.20.1)
8063:             1             16  net.minecraft.world.level.biome.BiomeSpecialEffects$GrassColorModifier$$Lambda$3870/0x0000000100b2d000 (minecraft@1.20.1)
8064:             1             16  net.minecraft.world.level.biome.BiomeSpecialEffects$GrassColorModifier$$Lambda$3871/0x0000000100b2d240 (minecraft@1.20.1)
8065:             1             16  net.minecraft.world.level.biome.BiomeSpecialEffects$GrassColorModifier$$Lambda$3872/0x0000000100b2d480 (minecraft@1.20.1)
8066:             1             16  net.minecraft.world.level.biome.CheckerboardColumnBiomeSource$$Lambda$3967/0x0000000100b424b8 (minecraft@1.20.1)
8067:             1             16  net.minecraft.world.level.biome.CheckerboardColumnBiomeSource$$Lambda$3968/0x0000000100b426f8 (minecraft@1.20.1)
8068:             1             16  net.minecraft.world.level.biome.CheckerboardColumnBiomeSource$$Lambda$3969/0x0000000100b42938 (minecraft@1.20.1)
8069:             1             16  net.minecraft.world.level.biome.CheckerboardColumnBiomeSource$$Lambda$3970/0x0000000100b42b78 (minecraft@1.20.1)
8070:             1             16  net.minecraft.world.level.biome.Climate$Parameter$$Lambda$3938/0x0000000100b3b668 (minecraft@1.20.1)
8071:             1             16  net.minecraft.world.level.biome.Climate$Parameter$$Lambda$3939/0x0000000100b3b898 (minecraft@1.20.1)
8072:             1             16  net.minecraft.world.level.biome.Climate$Parameter$$Lambda$3940/0x0000000100b3bad8 (minecraft@1.20.1)
8073:             1             16  net.minecraft.world.level.biome.Climate$ParameterList$$Lambda$3951/0x0000000100b444c0 (minecraft@1.20.1)
8074:             1             16  net.minecraft.world.level.biome.Climate$ParameterList$$Lambda$3952/0x0000000100b44700 (minecraft@1.20.1)
8075:             1             16  net.minecraft.world.level.biome.Climate$ParameterList$$Lambda$3953/0x0000000100b44940 (minecraft@1.20.1)
8076:             1             16  net.minecraft.world.level.biome.Climate$ParameterList$$Lambda$3954/0x0000000100b44b70 (minecraft@1.20.1)
8077:             1             16  net.minecraft.world.level.biome.Climate$ParameterList$$Lambda$3955/0x0000000100b44db0 (minecraft@1.20.1)
8078:             1             16  net.minecraft.world.level.biome.Climate$ParameterPoint$$Lambda$3937/0x0000000100b3b220 (minecraft@1.20.1)
8079:             1             16  net.minecraft.world.level.biome.Climate$ParameterPoint$$Lambda$3941/0x0000000100b3bd18 (minecraft@1.20.1)
8080:             1             16  net.minecraft.world.level.biome.Climate$ParameterPoint$$Lambda$3942/0x0000000100b3d000 (minecraft@1.20.1)
8081:             1             16  net.minecraft.world.level.biome.Climate$ParameterPoint$$Lambda$3943/0x0000000100b3d240 (minecraft@1.20.1)
8082:             1             16  net.minecraft.world.level.biome.Climate$ParameterPoint$$Lambda$3944/0x0000000100b3d480 (minecraft@1.20.1)
8083:             1             16  net.minecraft.world.level.biome.Climate$ParameterPoint$$Lambda$3945/0x0000000100b3d6c0 (minecraft@1.20.1)
8084:             1             16  net.minecraft.world.level.biome.Climate$ParameterPoint$$Lambda$3946/0x0000000100b3d900 (minecraft@1.20.1)
8085:             1             16  net.minecraft.world.level.biome.Climate$ParameterPoint$$Lambda$3947/0x0000000100b3db40 (minecraft@1.20.1)
8086:             1             16  net.minecraft.world.level.biome.Climate$ParameterPoint$$Lambda$3948/0x0000000100b3dd80 (minecraft@1.20.1)
8087:             1             16  net.minecraft.world.level.biome.Climate$ParameterPoint$$Lambda$3949/0x0000000100b44000 (minecraft@1.20.1)
8088:             1             16  net.minecraft.world.level.biome.Climate$ParameterPoint$$Lambda$3950/0x0000000100b44240 (minecraft@1.20.1)
8089:             1             16  net.minecraft.world.level.biome.FixedBiomeSource$$Lambda$3934/0x0000000100b3a280 (minecraft@1.20.1)
8090:             1             16  net.minecraft.world.level.biome.FixedBiomeSource$$Lambda$3935/0x0000000100b3a4c0 (minecraft@1.20.1)
8091:             1             16  net.minecraft.world.level.biome.MobSpawnSettings$$Lambda$3918/0x0000000100b35240 (minecraft@1.20.1)
8092:             1             16  net.minecraft.world.level.biome.MobSpawnSettings$$Lambda$3919/0x0000000100b35480 (minecraft@1.20.1)
8093:             1             16  net.minecraft.world.level.biome.MobSpawnSettings$$Lambda$3920/0x0000000100b356c0 (minecraft@1.20.1)
8094:             1             16  net.minecraft.world.level.biome.MobSpawnSettings$$Lambda$3921/0x0000000100b358f8 (minecraft@1.20.1)
8095:             1             16  net.minecraft.world.level.biome.MobSpawnSettings$$Lambda$3926/0x0000000100b386b0 (minecraft@1.20.1)
8096:             1             16  net.minecraft.world.level.biome.MobSpawnSettings$$Lambda$3927/0x0000000100b388f0 (minecraft@1.20.1)
8097:             1             16  net.minecraft.world.level.biome.MobSpawnSettings$Builder$$Lambda$3914/0x0000000100b37888 (minecraft@1.20.1)
8098:             1             16  net.minecraft.world.level.biome.MobSpawnSettings$Builder$$Lambda$3915/0x0000000100b37ac8 (minecraft@1.20.1)
8099:             1             16  net.minecraft.world.level.biome.MobSpawnSettings$Builder$$Lambda$3916/0x0000000100b37d08 (minecraft@1.20.1)
8100:             1             16  net.minecraft.world.level.biome.MobSpawnSettings$Builder$$Lambda$3917/0x0000000100b35000 (minecraft@1.20.1)
8101:             1             16  net.minecraft.world.level.biome.MobSpawnSettings$MobSpawnCost$$Lambda$3922/0x0000000100b35d40 (minecraft@1.20.1)
8102:             1             16  net.minecraft.world.level.biome.MobSpawnSettings$MobSpawnCost$$Lambda$3923/0x0000000100b38000 (minecraft@1.20.1)
8103:             1             16  net.minecraft.world.level.biome.MobSpawnSettings$MobSpawnCost$$Lambda$3924/0x0000000100b38240 (minecraft@1.20.1)
8104:             1             16  net.minecraft.world.level.biome.MobSpawnSettings$MobSpawnCost$$Lambda$3925/0x0000000100b38480 (minecraft@1.20.1)
8105:             1             16  net.minecraft.world.level.biome.MobSpawnSettings$SpawnerData$$Lambda$3553/0x0000000100aeb5f8 (minecraft@1.20.1)
8106:             1             16  net.minecraft.world.level.biome.MobSpawnSettings$SpawnerData$$Lambda$3554/0x0000000100aeb838 (minecraft@1.20.1)
8107:             1             16  net.minecraft.world.level.biome.MobSpawnSettings$SpawnerData$$Lambda$3555/0x0000000100aeba78 (minecraft@1.20.1)
8108:             1             16  net.minecraft.world.level.biome.MobSpawnSettings$SpawnerData$$Lambda$3556/0x0000000100aebcb8 (minecraft@1.20.1)
8109:             1             16  net.minecraft.world.level.biome.MobSpawnSettings$SpawnerData$$Lambda$3557/0x0000000100aebef8 (minecraft@1.20.1)
8110:             1             16  net.minecraft.world.level.biome.MobSpawnSettings$SpawnerData$$Lambda$3558/0x0000000100aec138 (minecraft@1.20.1)
8111:             1             16  net.minecraft.world.level.biome.MobSpawnSettings$SpawnerData$$Lambda$3559/0x0000000100aec388 (minecraft@1.20.1)
8112:             1             16  net.minecraft.world.level.biome.MultiNoiseBiomeSource$$Lambda$3965/0x0000000100b47d48 (minecraft@1.20.1)
8113:             1             16  net.minecraft.world.level.biome.MultiNoiseBiomeSource$$Lambda$3966/0x0000000100b42000 (minecraft@1.20.1)
8114:             1             16  net.minecraft.world.level.biome.MultiNoiseBiomeSourceParameterList$$Lambda$3956/0x0000000100b45208 (minecraft@1.20.1)
8115:             1             16  net.minecraft.world.level.biome.MultiNoiseBiomeSourceParameterList$$Lambda$3961/0x0000000100b467a0 (minecraft@1.20.1)
8116:             1             16  net.minecraft.world.level.biome.MultiNoiseBiomeSourceParameterList$$Lambda$3964/0x0000000100b47b18 (minecraft@1.20.1)
8117:             1             16  net.minecraft.world.level.biome.MultiNoiseBiomeSourceParameterList$Preset$$Lambda$3957/0x0000000100b45ea0 (minecraft@1.20.1)
8118:             1             16  net.minecraft.world.level.biome.MultiNoiseBiomeSourceParameterList$Preset$$Lambda$3958/0x0000000100b460e0 (minecraft@1.20.1)
8119:             1             16  net.minecraft.world.level.biome.MultiNoiseBiomeSourceParameterList$Preset$$Lambda$3959/0x0000000100b46320 (minecraft@1.20.1)
8120:             1             16  net.minecraft.world.level.biome.MultiNoiseBiomeSourceParameterList$Preset$$Lambda$3960/0x0000000100b46560 (minecraft@1.20.1)
8121:             1             16  net.minecraft.world.level.biome.MultiNoiseBiomeSourceParameterList$Preset$1 (minecraft@1.20.1)
8122:             1             16  net.minecraft.world.level.biome.MultiNoiseBiomeSourceParameterList$Preset$2 (minecraft@1.20.1)
8123:             1             16  net.minecraft.world.level.biome.TheEndBiomeSource$$Lambda$3971/0x0000000100b43018 (minecraft@1.20.1)
8124:             1             16  net.minecraft.world.level.biome.TheEndBiomeSource$$Lambda$3974/0x0000000100b436e0 (minecraft@1.20.1)
8125:             1             16  net.minecraft.world.level.block.BigDripleafBlock$$Lambda$1777/0x00000001007b3d78 (minecraft@1.20.1)
8126:             1             16  net.minecraft.world.level.block.BigDripleafBlock$$Lambda$1778/0x00000001007b3fa8 (minecraft@1.20.1)
8127:             1             16  net.minecraft.world.level.block.Block$$Lambda$1427/0x000000010065efe8 (minecraft@1.20.1)
8128:             1             16  net.minecraft.world.level.block.Block$$Lambda$1462/0x0000000100715778 (minecraft@1.20.1)
8129:             1             16  net.minecraft.world.level.block.Block$$Lambda$1463/0x0000000100715bb8 (minecraft@1.20.1)
8130:             1             16  net.minecraft.world.level.block.Block$1 (minecraft@1.20.1)
8131:             1             16  net.minecraft.world.level.block.Blocks$$Lambda$1495/0x0000000100728220 (minecraft@1.20.1)
8132:             1             16  net.minecraft.world.level.block.Blocks$$Lambda$1510/0x0000000100734aa8 (minecraft@1.20.1)
8133:             1             16  net.minecraft.world.level.block.Blocks$$Lambda$1531/0x0000000100733440 (minecraft@1.20.1)
8134:             1             16  net.minecraft.world.level.block.Blocks$$Lambda$1532/0x0000000100733660 (minecraft@1.20.1)
8135:             1             16  net.minecraft.world.level.block.Blocks$$Lambda$1533/0x0000000100733880 (minecraft@1.20.1)
8136:             1             16  net.minecraft.world.level.block.Blocks$$Lambda$1534/0x0000000100733aa0 (minecraft@1.20.1)
8137:             1             16  net.minecraft.world.level.block.Blocks$$Lambda$1535/0x0000000100733cc0 (minecraft@1.20.1)
8138:             1             16  net.minecraft.world.level.block.Blocks$$Lambda$1536/0x0000000100731000 (minecraft@1.20.1)
8139:             1             16  net.minecraft.world.level.block.Blocks$$Lambda$1537/0x0000000100731220 (minecraft@1.20.1)
8140:             1             16  net.minecraft.world.level.block.Blocks$$Lambda$1538/0x0000000100731440 (minecraft@1.20.1)
8141:             1             16  net.minecraft.world.level.block.Blocks$$Lambda$1539/0x0000000100731660 (minecraft@1.20.1)
8142:             1             16  net.minecraft.world.level.block.Blocks$$Lambda$1540/0x0000000100731880 (minecraft@1.20.1)
8143:             1             16  net.minecraft.world.level.block.Blocks$$Lambda$1541/0x0000000100731aa0 (minecraft@1.20.1)
8144:             1             16  net.minecraft.world.level.block.Blocks$$Lambda$1542/0x0000000100731cc0 (minecraft@1.20.1)
8145:             1             16  net.minecraft.world.level.block.Blocks$$Lambda$1543/0x0000000100730c00 (minecraft@1.20.1)
8146:             1             16  net.minecraft.world.level.block.Blocks$$Lambda$1544/0x0000000100738000 (minecraft@1.20.1)
8147:             1             16  net.minecraft.world.level.block.Blocks$$Lambda$1545/0x0000000100738220 (minecraft@1.20.1)
8148:             1             16  net.minecraft.world.level.block.Blocks$$Lambda$1546/0x0000000100738440 (minecraft@1.20.1)
8149:             1             16  net.minecraft.world.level.block.Blocks$$Lambda$1547/0x0000000100738660 (minecraft@1.20.1)
8150:             1             16  net.minecraft.world.level.block.Blocks$$Lambda$1548/0x0000000100738880 (minecraft@1.20.1)
8151:             1             16  net.minecraft.world.level.block.Blocks$$Lambda$1573/0x000000010074cb90 (minecraft@1.20.1)
8152:             1             16  net.minecraft.world.level.block.Blocks$$Lambda$1574/0x000000010074cdb0 (minecraft@1.20.1)
8153:             1             16  net.minecraft.world.level.block.Blocks$$Lambda$1578/0x000000010074dd18 (minecraft@1.20.1)
8154:             1             16  net.minecraft.world.level.block.Blocks$$Lambda$1579/0x000000010074df38 (minecraft@1.20.1)
8155:             1             16  net.minecraft.world.level.block.Blocks$$Lambda$1580/0x000000010074e158 (minecraft@1.20.1)
8156:             1             16  net.minecraft.world.level.block.Blocks$$Lambda$1585/0x0000000100748800 (minecraft@1.20.1)
8157:             1             16  net.minecraft.world.level.block.Blocks$$Lambda$1586/0x0000000100748a20 (minecraft@1.20.1)
8158:             1             16  net.minecraft.world.level.block.Blocks$$Lambda$1587/0x00000001007545b8 (minecraft@1.20.1)
8159:             1             16  net.minecraft.world.level.block.Blocks$$Lambda$1588/0x0000000100755a00 (minecraft@1.20.1)
8160:             1             16  net.minecraft.world.level.block.Blocks$$Lambda$1590/0x0000000100756400 (minecraft@1.20.1)
8161:             1             16  net.minecraft.world.level.block.Blocks$$Lambda$1626/0x000000010075d6c0 (minecraft@1.20.1)
8162:             1             16  net.minecraft.world.level.block.Blocks$$Lambda$1628/0x000000010075db08 (minecraft@1.20.1)
8163:             1             16  net.minecraft.world.level.block.Blocks$$Lambda$1632/0x0000000100764468 (minecraft@1.20.1)
8164:             1             16  net.minecraft.world.level.block.Blocks$$Lambda$1636/0x00000001007660c8 (minecraft@1.20.1)
8165:             1             16  net.minecraft.world.level.block.Blocks$$Lambda$1638/0x0000000100767378 (minecraft@1.20.1)
8166:             1             16  net.minecraft.world.level.block.Blocks$$Lambda$1639/0x0000000100767598 (minecraft@1.20.1)
8167:             1             16  net.minecraft.world.level.block.Blocks$$Lambda$1641/0x000000010076f658 (minecraft@1.20.1)
8168:             1             16  net.minecraft.world.level.block.Blocks$$Lambda$1642/0x000000010076f878 (minecraft@1.20.1)
8169:             1             16  net.minecraft.world.level.block.Blocks$$Lambda$1643/0x000000010076fa98 (minecraft@1.20.1)
8170:             1             16  net.minecraft.world.level.block.Blocks$$Lambda$1646/0x0000000100775db0 (minecraft@1.20.1)
8171:             1             16  net.minecraft.world.level.block.Blocks$$Lambda$1647/0x0000000100775fd0 (minecraft@1.20.1)
8172:             1             16  net.minecraft.world.level.block.Blocks$$Lambda$1648/0x00000001007761f0 (minecraft@1.20.1)
8173:             1             16  net.minecraft.world.level.block.Blocks$$Lambda$1649/0x0000000100776410 (minecraft@1.20.1)
8174:             1             16  net.minecraft.world.level.block.Blocks$$Lambda$1650/0x0000000100776630 (minecraft@1.20.1)
8175:             1             16  net.minecraft.world.level.block.Blocks$$Lambda$1651/0x0000000100776850 (minecraft@1.20.1)
8176:             1             16  net.minecraft.world.level.block.Blocks$$Lambda$1652/0x0000000100776a70 (minecraft@1.20.1)
8177:             1             16  net.minecraft.world.level.block.Blocks$$Lambda$1653/0x0000000100776c90 (minecraft@1.20.1)
8178:             1             16  net.minecraft.world.level.block.Blocks$$Lambda$1654/0x0000000100776eb0 (minecraft@1.20.1)
8179:             1             16  net.minecraft.world.level.block.Blocks$$Lambda$1656/0x0000000100777920 (minecraft@1.20.1)
8180:             1             16  net.minecraft.world.level.block.Blocks$$Lambda$1657/0x0000000100777b40 (minecraft@1.20.1)
8181:             1             16  net.minecraft.world.level.block.Blocks$$Lambda$1658/0x0000000100777d60 (minecraft@1.20.1)
8182:             1             16  net.minecraft.world.level.block.Blocks$$Lambda$1660/0x000000010077f610 (minecraft@1.20.1)
8183:             1             16  net.minecraft.world.level.block.Blocks$$Lambda$1661/0x000000010077f830 (minecraft@1.20.1)
8184:             1             16  net.minecraft.world.level.block.Blocks$$Lambda$1662/0x000000010077fa50 (minecraft@1.20.1)
8185:             1             16  net.minecraft.world.level.block.Blocks$$Lambda$1663/0x000000010077fc70 (minecraft@1.20.1)
8186:             1             16  net.minecraft.world.level.block.Blocks$$Lambda$1664/0x0000000100780000 (minecraft@1.20.1)
8187:             1             16  net.minecraft.world.level.block.Blocks$$Lambda$1665/0x0000000100780220 (minecraft@1.20.1)
8188:             1             16  net.minecraft.world.level.block.Blocks$$Lambda$1666/0x0000000100780440 (minecraft@1.20.1)
8189:             1             16  net.minecraft.world.level.block.Blocks$$Lambda$1667/0x0000000100780660 (minecraft@1.20.1)
8190:             1             16  net.minecraft.world.level.block.Blocks$$Lambda$1668/0x0000000100780880 (minecraft@1.20.1)
8191:             1             16  net.minecraft.world.level.block.Blocks$$Lambda$1669/0x0000000100780aa0 (minecraft@1.20.1)
8192:             1             16  net.minecraft.world.level.block.Blocks$$Lambda$1670/0x0000000100780cc0 (minecraft@1.20.1)
8193:             1             16  net.minecraft.world.level.block.Blocks$$Lambda$1671/0x0000000100780ee0 (minecraft@1.20.1)
8194:             1             16  net.minecraft.world.level.block.Blocks$$Lambda$1672/0x0000000100781100 (minecraft@1.20.1)
8195:             1             16  net.minecraft.world.level.block.Blocks$$Lambda$1673/0x0000000100784e30 (minecraft@1.20.1)
8196:             1             16  net.minecraft.world.level.block.Blocks$$Lambda$1674/0x0000000100785050 (minecraft@1.20.1)
8197:             1             16  net.minecraft.world.level.block.Blocks$$Lambda$1675/0x0000000100785270 (minecraft@1.20.1)
8198:             1             16  net.minecraft.world.level.block.Blocks$$Lambda$1676/0x0000000100785490 (minecraft@1.20.1)
8199:             1             16  net.minecraft.world.level.block.Blocks$$Lambda$1691/0x0000000100789388 (minecraft@1.20.1)
8200:             1             16  net.minecraft.world.level.block.Blocks$$Lambda$1692/0x0000000100789e68 (minecraft@1.20.1)
8201:             1             16  net.minecraft.world.level.block.Blocks$$Lambda$1703/0x000000010078e6e8 (minecraft@1.20.1)
8202:             1             16  net.minecraft.world.level.block.Blocks$$Lambda$1704/0x000000010078ed68 (minecraft@1.20.1)
8203:             1             16  net.minecraft.world.level.block.Blocks$$Lambda$1705/0x000000010078ef88 (minecraft@1.20.1)
8204:             1             16  net.minecraft.world.level.block.Blocks$$Lambda$1706/0x000000010078f1a8 (minecraft@1.20.1)
8205:             1             16  net.minecraft.world.level.block.Blocks$$Lambda$1707/0x000000010078f3c8 (minecraft@1.20.1)
8206:             1             16  net.minecraft.world.level.block.Blocks$$Lambda$1708/0x000000010078fdd8 (minecraft@1.20.1)
8207:             1             16  net.minecraft.world.level.block.Blocks$$Lambda$1710/0x0000000100790bd0 (minecraft@1.20.1)
8208:             1             16  net.minecraft.world.level.block.Blocks$$Lambda$1711/0x0000000100790df0 (minecraft@1.20.1)
8209:             1             16  net.minecraft.world.level.block.Blocks$$Lambda$1718/0x0000000100795f70 (minecraft@1.20.1)
8210:             1             16  net.minecraft.world.level.block.Blocks$$Lambda$1719/0x0000000100797138 (minecraft@1.20.1)
8211:             1             16  net.minecraft.world.level.block.Blocks$$Lambda$1721/0x0000000100797778 (minecraft@1.20.1)
8212:             1             16  net.minecraft.world.level.block.Blocks$$Lambda$1722/0x0000000100797998 (minecraft@1.20.1)
8213:             1             16  net.minecraft.world.level.block.Blocks$$Lambda$1723/0x0000000100797bb8 (minecraft@1.20.1)
8214:             1             16  net.minecraft.world.level.block.Blocks$$Lambda$1724/0x0000000100797dd8 (minecraft@1.20.1)
8215:             1             16  net.minecraft.world.level.block.Blocks$$Lambda$1725/0x00000001007984e0 (minecraft@1.20.1)
8216:             1             16  net.minecraft.world.level.block.Blocks$$Lambda$1726/0x0000000100798700 (minecraft@1.20.1)
8217:             1             16  net.minecraft.world.level.block.Blocks$$Lambda$1727/0x0000000100798920 (minecraft@1.20.1)
8218:             1             16  net.minecraft.world.level.block.Blocks$$Lambda$1728/0x0000000100798b40 (minecraft@1.20.1)
8219:             1             16  net.minecraft.world.level.block.Blocks$$Lambda$1729/0x0000000100799200 (minecraft@1.20.1)
8220:             1             16  net.minecraft.world.level.block.Blocks$$Lambda$1730/0x0000000100799420 (minecraft@1.20.1)
8221:             1             16  net.minecraft.world.level.block.Blocks$$Lambda$1731/0x0000000100799640 (minecraft@1.20.1)
8222:             1             16  net.minecraft.world.level.block.Blocks$$Lambda$1732/0x0000000100799860 (minecraft@1.20.1)
8223:             1             16  net.minecraft.world.level.block.Blocks$$Lambda$1733/0x0000000100799a80 (minecraft@1.20.1)
8224:             1             16  net.minecraft.world.level.block.Blocks$$Lambda$1734/0x0000000100799ca0 (minecraft@1.20.1)
8225:             1             16  net.minecraft.world.level.block.Blocks$$Lambda$1735/0x0000000100799ec0 (minecraft@1.20.1)
8226:             1             16  net.minecraft.world.level.block.Blocks$$Lambda$1736/0x000000010079a0e0 (minecraft@1.20.1)
8227:             1             16  net.minecraft.world.level.block.Blocks$$Lambda$1737/0x000000010079a300 (minecraft@1.20.1)
8228:             1             16  net.minecraft.world.level.block.Blocks$$Lambda$1739/0x000000010079ae80 (minecraft@1.20.1)
8229:             1             16  net.minecraft.world.level.block.Blocks$$Lambda$1740/0x000000010079ea68 (minecraft@1.20.1)
8230:             1             16  net.minecraft.world.level.block.Blocks$$Lambda$1741/0x000000010079f108 (minecraft@1.20.1)
8231:             1             16  net.minecraft.world.level.block.Blocks$$Lambda$1742/0x000000010079f328 (minecraft@1.20.1)
8232:             1             16  net.minecraft.world.level.block.Blocks$$Lambda$1743/0x000000010079f548 (minecraft@1.20.1)
8233:             1             16  net.minecraft.world.level.block.Blocks$$Lambda$1744/0x000000010079f768 (minecraft@1.20.1)
8234:             1             16  net.minecraft.world.level.block.Blocks$$Lambda$1745/0x000000010079fd08 (minecraft@1.20.1)
8235:             1             16  net.minecraft.world.level.block.Blocks$$Lambda$1746/0x00000001007a7250 (minecraft@1.20.1)
8236:             1             16  net.minecraft.world.level.block.Blocks$$Lambda$1748/0x00000001007a7b58 (minecraft@1.20.1)
8237:             1             16  net.minecraft.world.level.block.Blocks$$Lambda$1749/0x00000001007a7d78 (minecraft@1.20.1)
8238:             1             16  net.minecraft.world.level.block.Blocks$$Lambda$1750/0x00000001007a8000 (minecraft@1.20.1)
8239:             1             16  net.minecraft.world.level.block.Blocks$$Lambda$1752/0x00000001007a9350 (minecraft@1.20.1)
8240:             1             16  net.minecraft.world.level.block.Blocks$$Lambda$1757/0x00000001007a9e28 (minecraft@1.20.1)
8241:             1             16  net.minecraft.world.level.block.Blocks$$Lambda$1760/0x00000001007aa488 (minecraft@1.20.1)
8242:             1             16  net.minecraft.world.level.block.Blocks$$Lambda$1761/0x00000001007aa6a8 (minecraft@1.20.1)
8243:             1             16  net.minecraft.world.level.block.Blocks$$Lambda$1762/0x00000001007aa8c8 (minecraft@1.20.1)
8244:             1             16  net.minecraft.world.level.block.Blocks$$Lambda$1763/0x00000001007aaae8 (minecraft@1.20.1)
8245:             1             16  net.minecraft.world.level.block.Blocks$$Lambda$1764/0x00000001007aad08 (minecraft@1.20.1)
8246:             1             16  net.minecraft.world.level.block.Blocks$$Lambda$1765/0x00000001007aaf28 (minecraft@1.20.1)
8247:             1             16  net.minecraft.world.level.block.Blocks$$Lambda$1766/0x00000001007ab148 (minecraft@1.20.1)
8248:             1             16  net.minecraft.world.level.block.Blocks$$Lambda$1767/0x00000001007ab368 (minecraft@1.20.1)
8249:             1             16  net.minecraft.world.level.block.Blocks$$Lambda$1768/0x00000001007ab588 (minecraft@1.20.1)
8250:             1             16  net.minecraft.world.level.block.Blocks$$Lambda$1770/0x00000001007abdd8 (minecraft@1.20.1)
8251:             1             16  net.minecraft.world.level.block.Blocks$$Lambda$1771/0x00000001007b04d0 (minecraft@1.20.1)
8252:             1             16  net.minecraft.world.level.block.Blocks$$Lambda$1772/0x00000001007b1560 (minecraft@1.20.1)
8253:             1             16  net.minecraft.world.level.block.Blocks$$Lambda$1775/0x00000001007b3720 (minecraft@1.20.1)
8254:             1             16  net.minecraft.world.level.block.Blocks$$Lambda$1779/0x00000001007b41e8 (minecraft@1.20.1)
8255:             1             16  net.minecraft.world.level.block.Blocks$$Lambda$1780/0x00000001007b4408 (minecraft@1.20.1)
8256:             1             16  net.minecraft.world.level.block.Blocks$$Lambda$1781/0x00000001007b4628 (minecraft@1.20.1)
8257:             1             16  net.minecraft.world.level.block.Blocks$$Lambda$1782/0x00000001007b4848 (minecraft@1.20.1)
8258:             1             16  net.minecraft.world.level.block.Blocks$$Lambda$1783/0x00000001007b4a68 (minecraft@1.20.1)
8259:             1             16  net.minecraft.world.level.block.Blocks$$Lambda$1784/0x00000001007b4c88 (minecraft@1.20.1)
8260:             1             16  net.minecraft.world.level.block.Blocks$$Lambda$1785/0x00000001007b4ea8 (minecraft@1.20.1)
8261:             1             16  net.minecraft.world.level.block.CandleBlock$$Lambda$1758/0x00000001007aa048 (minecraft@1.20.1)
8262:             1             16  net.minecraft.world.level.block.CandleBlock$$Lambda$1759/0x00000001007aa268 (minecraft@1.20.1)
8263:             1             16  net.minecraft.world.level.block.CarvedPumpkinBlock$$Lambda$1655/0x00000001007776d0 (minecraft@1.20.1)
8264:             1             16  net.minecraft.world.level.block.ChestBlock$1 (minecraft@1.20.1)
8265:             1             16  net.minecraft.world.level.block.ChestBlock$2 (minecraft@1.20.1)
8266:             1             16  net.minecraft.world.level.block.ComposterBlock$$Lambda$1751/0x00000001007a8c78 (minecraft@1.20.1)
8267:             1             16  net.minecraft.world.level.block.CrossCollisionBlock$$Lambda$1644/0x0000000100775940 (minecraft@1.20.1)
8268:             1             16  net.minecraft.world.level.block.CrossCollisionBlock$$Lambda$1645/0x0000000100775b90 (minecraft@1.20.1)
8269:             1             16  net.minecraft.world.level.block.DispenserBlock$$Lambda$1549/0x000000010073a7c8 (minecraft@1.20.1)
8270:             1             16  net.minecraft.world.level.block.EnchantmentTableBlock$$Lambda$1689/0x0000000100788ef8 (minecraft@1.20.1)
8271:             1             16  net.minecraft.world.level.block.EnchantmentTableBlock$$Lambda$1690/0x0000000100789148 (minecraft@1.20.1)
8272:             1             16  net.minecraft.world.level.block.EnderChestBlock$$Lambda$1709/0x0000000100790000 (minecraft@1.20.1)
8273:             1             16  net.minecraft.world.level.block.FireBlock$$Lambda$1448/0x0000000100676fa8 (minecraft@1.20.1)
8274:             1             16  net.minecraft.world.level.block.FireBlock$$Lambda$1629/0x000000010075dd28 (minecraft@1.20.1)
8275:             1             16  net.minecraft.world.level.block.FireBlock$$Lambda$1630/0x0000000100764000 (minecraft@1.20.1)
8276:             1             16  net.minecraft.world.level.block.FlowerPotBlock$$Lambda$1713/0x0000000100791430 (minecraft@1.20.1)
8277:             1             16  net.minecraft.world.level.block.GlowLichenBlock$$Lambda$1680/0x0000000100785d70 (minecraft@1.20.1)
8278:             1             16  net.minecraft.world.level.block.LayeredCauldronBlock$$Lambda$1701/0x000000010078e248 (minecraft@1.20.1)
8279:             1             16  net.minecraft.world.level.block.LayeredCauldronBlock$$Lambda$1702/0x000000010078e498 (minecraft@1.20.1)
8280:             1             16  net.minecraft.world.level.block.LightBlock$$Lambda$1720/0x0000000100797558 (minecraft@1.20.1)
8281:             1             16  net.minecraft.world.level.block.MultifaceBlock$$Lambda$1679/0x0000000100785b40 (minecraft@1.20.1)
8282:             1             16  net.minecraft.world.level.block.MultifaceBlock$$Lambda$1682/0x00000001007861e8 (minecraft@1.20.1)
8283:             1             16  net.minecraft.world.level.block.MultifaceSpreader$DefaultSpreaderConfig (minecraft@1.20.1)
8284:             1             16  net.minecraft.world.level.block.PipeBlock$$Lambda$1447/0x0000000100676d78 (minecraft@1.20.1)
8285:             1             16  net.minecraft.world.level.block.RedStoneWireBlock$$Lambda$1637/0x00000001007666d8 (minecraft@1.20.1)
8286:             1             16  net.minecraft.world.level.block.RespawnAnchorBlock$$Lambda$1753/0x00000001007a99a8 (minecraft@1.20.1)
8287:             1             16  net.minecraft.world.level.block.RespawnAnchorBlock$$Lambda$1756/0x00000001007a9be8 (minecraft@1.20.1)
8288:             1             16  net.minecraft.world.level.block.SculkBehaviour$1 (minecraft@1.20.1)
8289:             1             16  net.minecraft.world.level.block.SculkSensorBlock$$Lambda$1769/0x00000001007abba8 (minecraft@1.20.1)
8290:             1             16  net.minecraft.world.level.block.ShulkerBoxBlock$$Lambda$1738/0x000000010079ac50 (minecraft@1.20.1)
8291:             1             16  net.minecraft.world.level.block.StairBlock$$Lambda$1634/0x0000000100764d20 (minecraft@1.20.1)
8292:             1             16  net.minecraft.world.level.block.TrappedChestBlock$$Lambda$1717/0x0000000100795490 (minecraft@1.20.1)
8293:             1             16  net.minecraft.world.level.block.VineBlock$$Lambda$1677/0x00000001007856b0 (minecraft@1.20.1)
8294:             1             16  net.minecraft.world.level.block.VineBlock$$Lambda$1678/0x0000000100785900 (minecraft@1.20.1)
8295:             1             16  net.minecraft.world.level.block.WeatheringCopper$$Lambda$1773/0x00000001007b1e90 (minecraft@1.20.1)
8296:             1             16  net.minecraft.world.level.block.WeatheringCopper$$Lambda$1774/0x00000001007b20c8 (minecraft@1.20.1)
8297:             1             16  net.minecraft.world.level.block.entity.BlockEntityType$$Lambda$2668/0x00000001009f91e8 (minecraft@1.20.1)
8298:             1             16  net.minecraft.world.level.block.entity.BlockEntityType$$Lambda$2669/0x00000001009f9cb0 (minecraft@1.20.1)
8299:             1             16  net.minecraft.world.level.block.entity.BlockEntityType$$Lambda$2670/0x00000001009f9ed0 (minecraft@1.20.1)
8300:             1             16  net.minecraft.world.level.block.entity.BlockEntityType$$Lambda$2671/0x00000001009fa340 (minecraft@1.20.1)
8301:             1             16  net.minecraft.world.level.block.entity.BlockEntityType$$Lambda$2672/0x00000001009fa560 (minecraft@1.20.1)
8302:             1             16  net.minecraft.world.level.block.entity.BlockEntityType$$Lambda$2673/0x00000001009faac0 (minecraft@1.20.1)
8303:             1             16  net.minecraft.world.level.block.entity.BlockEntityType$$Lambda$2674/0x00000001009face0 (minecraft@1.20.1)
8304:             1             16  net.minecraft.world.level.block.entity.BlockEntityType$$Lambda$2675/0x00000001009faf00 (minecraft@1.20.1)
8305:             1             16  net.minecraft.world.level.block.entity.BlockEntityType$$Lambda$2676/0x00000001009fb120 (minecraft@1.20.1)
8306:             1             16  net.minecraft.world.level.block.entity.BlockEntityType$$Lambda$2677/0x00000001009fb5b8 (minecraft@1.20.1)
8307:             1             16  net.minecraft.world.level.block.entity.BlockEntityType$$Lambda$2678/0x00000001009fb7d8 (minecraft@1.20.1)
8308:             1             16  net.minecraft.world.level.block.entity.BlockEntityType$$Lambda$2679/0x00000001009fbd48 (minecraft@1.20.1)
8309:             1             16  net.minecraft.world.level.block.entity.BlockEntityType$$Lambda$2680/0x00000001009fbf68 (minecraft@1.20.1)
8310:             1             16  net.minecraft.world.level.block.entity.BlockEntityType$$Lambda$2681/0x00000001009fc188 (minecraft@1.20.1)
8311:             1             16  net.minecraft.world.level.block.entity.BlockEntityType$$Lambda$2682/0x00000001009fc710 (minecraft@1.20.1)
8312:             1             16  net.minecraft.world.level.block.entity.BlockEntityType$$Lambda$2683/0x00000001009fc930 (minecraft@1.20.1)
8313:             1             16  net.minecraft.world.level.block.entity.BlockEntityType$$Lambda$2684/0x00000001009fcb50 (minecraft@1.20.1)
8314:             1             16  net.minecraft.world.level.block.entity.BlockEntityType$$Lambda$2685/0x00000001009fcd70 (minecraft@1.20.1)
8315:             1             16  net.minecraft.world.level.block.entity.BlockEntityType$$Lambda$2686/0x00000001009fcf90 (minecraft@1.20.1)
8316:             1             16  net.minecraft.world.level.block.entity.BlockEntityType$$Lambda$2687/0x00000001009fd1b0 (minecraft@1.20.1)
8317:             1             16  net.minecraft.world.level.block.entity.BlockEntityType$$Lambda$2688/0x00000001009fd838 (minecraft@1.20.1)
8318:             1             16  net.minecraft.world.level.block.entity.BlockEntityType$$Lambda$2689/0x00000001009fda58 (minecraft@1.20.1)
8319:             1             16  net.minecraft.world.level.block.entity.BlockEntityType$$Lambda$2690/0x00000001009fdf80 (minecraft@1.20.1)
8320:             1             16  net.minecraft.world.level.block.entity.BlockEntityType$$Lambda$2691/0x00000001009fe4e0 (minecraft@1.20.1)
8321:             1             16  net.minecraft.world.level.block.entity.BlockEntityType$$Lambda$2692/0x00000001009fe700 (minecraft@1.20.1)
8322:             1             16  net.minecraft.world.level.block.entity.BlockEntityType$$Lambda$2693/0x00000001009fe920 (minecraft@1.20.1)
8323:             1             16  net.minecraft.world.level.block.entity.BlockEntityType$$Lambda$2694/0x00000001009fed90 (minecraft@1.20.1)
8324:             1             16  net.minecraft.world.level.block.entity.BlockEntityType$$Lambda$2695/0x00000001009ff370 (minecraft@1.20.1)
8325:             1             16  net.minecraft.world.level.block.entity.BlockEntityType$$Lambda$2696/0x00000001009ff950 (minecraft@1.20.1)
8326:             1             16  net.minecraft.world.level.block.entity.BlockEntityType$$Lambda$2697/0x0000000100a00000 (minecraft@1.20.1)
8327:             1             16  net.minecraft.world.level.block.entity.BlockEntityType$$Lambda$2698/0x0000000100a00220 (minecraft@1.20.1)
8328:             1             16  net.minecraft.world.level.block.entity.BlockEntityType$$Lambda$2699/0x0000000100a00440 (minecraft@1.20.1)
8329:             1             16  net.minecraft.world.level.block.entity.BlockEntityType$$Lambda$2700/0x0000000100a00660 (minecraft@1.20.1)
8330:             1             16  net.minecraft.world.level.block.entity.BlockEntityType$$Lambda$2701/0x0000000100a00880 (minecraft@1.20.1)
8331:             1             16  net.minecraft.world.level.block.entity.BlockEntityType$$Lambda$2702/0x0000000100a00aa0 (minecraft@1.20.1)
8332:             1             16  net.minecraft.world.level.block.entity.BlockEntityType$$Lambda$2703/0x0000000100a00cc0 (minecraft@1.20.1)
8333:             1             16  net.minecraft.world.level.block.entity.BlockEntityType$$Lambda$2704/0x0000000100a00ee0 (minecraft@1.20.1)
8334:             1             16  net.minecraft.world.level.block.entity.BlockEntityType$$Lambda$2705/0x0000000100a01100 (minecraft@1.20.1)
8335:             1             16  net.minecraft.world.level.block.entity.BlockEntityType$$Lambda$2706/0x0000000100a01320 (minecraft@1.20.1)
8336:             1             16  net.minecraft.world.level.block.entity.BlockEntityType$$Lambda$2707/0x0000000100a01540 (minecraft@1.20.1)
8337:             1             16  net.minecraft.world.level.block.entity.BlockEntityType$$Lambda$2708/0x0000000100a01760 (minecraft@1.20.1)
8338:             1             16  net.minecraft.world.level.block.grower.AcaciaTreeGrower (minecraft@1.20.1)
8339:             1             16  net.minecraft.world.level.block.grower.AzaleaTreeGrower (minecraft@1.20.1)
8340:             1             16  net.minecraft.world.level.block.grower.BirchTreeGrower (minecraft@1.20.1)
8341:             1             16  net.minecraft.world.level.block.grower.CherryTreeGrower (minecraft@1.20.1)
8342:             1             16  net.minecraft.world.level.block.grower.DarkOakTreeGrower (minecraft@1.20.1)
8343:             1             16  net.minecraft.world.level.block.grower.JungleTreeGrower (minecraft@1.20.1)
8344:             1             16  net.minecraft.world.level.block.grower.MangroveTreeGrower (minecraft@1.20.1)
8345:             1             16  net.minecraft.world.level.block.grower.OakTreeGrower (minecraft@1.20.1)
8346:             1             16  net.minecraft.world.level.block.grower.SpruceTreeGrower (minecraft@1.20.1)
8347:             1             16  net.minecraft.world.level.block.piston.PistonHeadBlock$$Lambda$1577/0x000000010074d430 (minecraft@1.20.1)
8348:             1             16  net.minecraft.world.level.block.state.BlockBehaviour$Properties$$Lambda$1451/0x0000000100707c98 (minecraft@1.20.1)
8349:             1             16  net.minecraft.world.level.block.state.BlockBehaviour$Properties$$Lambda$1452/0x00000001006f7c20 (minecraft@1.20.1)
8350:             1             16  net.minecraft.world.level.block.state.BlockBehaviour$Properties$$Lambda$1453/0x00000001006bf9c8 (minecraft@1.20.1)
8351:             1             16  net.minecraft.world.level.block.state.BlockBehaviour$Properties$$Lambda$1454/0x00000001006b79a8 (minecraft@1.20.1)
8352:             1             16  net.minecraft.world.level.block.state.BlockBehaviour$Properties$$Lambda$1455/0x00000001006b7bc8 (minecraft@1.20.1)
8353:             1             16  net.minecraft.world.level.block.state.BlockBehaviour$Properties$$Lambda$1456/0x00000001006e7980 (minecraft@1.20.1)
8354:             1             16  net.minecraft.world.level.block.state.BlockBehaviour$Properties$$Lambda$1457/0x00000001006e7ba0 (minecraft@1.20.1)
8355:             1             16  net.minecraft.world.level.block.state.BlockBehaviour$Properties$$Lambda$1494/0x0000000100728000 (minecraft@1.20.1)
8356:             1             16  net.minecraft.world.level.block.state.BlockBehaviour$Properties$$Lambda$1575/0x000000010074cfd0 (minecraft@1.20.1)
8357:             1             16  net.minecraft.world.level.block.state.BlockState$$Lambda$1474/0x0000000100717af0 (minecraft@1.20.1)
8358:             1             16  net.minecraft.world.level.block.state.StateDefinition$$Lambda$1466/0x0000000100716470 (minecraft@1.20.1)
8359:             1             16  net.minecraft.world.level.block.state.StateDefinition$$Lambda$1467/0x00000001007166b0 (minecraft@1.20.1)
8360:             1             16  net.minecraft.world.level.block.state.StateDefinition$$Lambda$1484/0x0000000100720f18 (minecraft@1.20.1)
8361:             1             16  net.minecraft.world.level.block.state.StateHolder$$Lambda$1475/0x0000000100717d30 (minecraft@1.20.1)
8362:             1             16  net.minecraft.world.level.block.state.StateHolder$1 (minecraft@1.20.1)
8363:             1             16  net.minecraft.world.level.block.state.predicate.BlockStatePredicate$$Lambda$3164/0x0000000100a92b28 (minecraft@1.20.1)
8364:             1             16  net.minecraft.world.level.block.state.properties.BlockStateProperties$$Lambda$1434/0x0000000100669bb8 (minecraft@1.20.1)
8365:             1             16  net.minecraft.world.level.block.state.properties.BlockStateProperties$$Lambda$1436/0x00000001006708b0 (minecraft@1.20.1)
8366:             1             16  net.minecraft.world.level.block.state.properties.EnumProperty$$Lambda$1433/0x00000001006696a0 (minecraft@1.20.1)
8367:             1             16  net.minecraft.world.level.block.state.properties.Property$$Lambda$1432/0x0000000100669460 (minecraft@1.20.1)
8368:             1             16  net.minecraft.world.level.chunk.ChunkGenerator$$Lambda$3977/0x0000000100b41200 (minecraft@1.20.1)
8369:             1             16  net.minecraft.world.level.chunk.ChunkStatus$$Lambda$2721/0x0000000100a05de8 (minecraft@1.20.1)
8370:             1             16  net.minecraft.world.level.chunk.ChunkStatus$$Lambda$2722/0x0000000100a06918 (minecraft@1.20.1)
8371:             1             16  net.minecraft.world.level.chunk.ChunkStatus$$Lambda$2723/0x0000000100a06b60 (minecraft@1.20.1)
8372:             1             16  net.minecraft.world.level.chunk.ChunkStatus$$Lambda$2724/0x0000000100a06d80 (minecraft@1.20.1)
8373:             1             16  net.minecraft.world.level.chunk.ChunkStatus$$Lambda$2725/0x0000000100a06fa0 (minecraft@1.20.1)
8374:             1             16  net.minecraft.world.level.chunk.ChunkStatus$$Lambda$2726/0x0000000100a071e8 (minecraft@1.20.1)
8375:             1             16  net.minecraft.world.level.chunk.ChunkStatus$$Lambda$2727/0x0000000100a07408 (minecraft@1.20.1)
8376:             1             16  net.minecraft.world.level.chunk.ChunkStatus$$Lambda$2728/0x0000000100a07628 (minecraft@1.20.1)
8377:             1             16  net.minecraft.world.level.chunk.ChunkStatus$$Lambda$2729/0x0000000100a07870 (minecraft@1.20.1)
8378:             1             16  net.minecraft.world.level.chunk.ChunkStatus$$Lambda$2730/0x0000000100a07ab8 (minecraft@1.20.1)
8379:             1             16  net.minecraft.world.level.chunk.ChunkStatus$$Lambda$2731/0x0000000100a07d00 (minecraft@1.20.1)
8380:             1             16  net.minecraft.world.level.chunk.ChunkStatus$$Lambda$2732/0x0000000100a0c000 (minecraft@1.20.1)
8381:             1             16  net.minecraft.world.level.chunk.ChunkStatus$$Lambda$2733/0x0000000100a0c220 (minecraft@1.20.1)
8382:             1             16  net.minecraft.world.level.chunk.ChunkStatus$$Lambda$2734/0x0000000100a0c440 (minecraft@1.20.1)
8383:             1             16  net.minecraft.world.level.chunk.ChunkStatus$$Lambda$2735/0x0000000100a0c660 (minecraft@1.20.1)
8384:             1             16  net.minecraft.world.level.chunk.ChunkStatus$$Lambda$2736/0x0000000100a0c8a8 (minecraft@1.20.1)
8385:             1             16  net.minecraft.world.level.chunk.ChunkStatus$$Lambda$2737/0x0000000100a0cac8 (minecraft@1.20.1)
8386:             1             16  net.minecraft.world.level.chunk.ChunkStatus$$Lambda$2738/0x0000000100a0cee0 (minecraft@1.20.1)
8387:             1             16  net.minecraft.world.level.dimension.DimensionType$$Lambda$2951/0x0000000100a5dcb0 (minecraft@1.20.1)
8388:             1             16  net.minecraft.world.level.dimension.DimensionType$$Lambda$2952/0x0000000100a5c800 (minecraft@1.20.1)
8389:             1             16  net.minecraft.world.level.dimension.DimensionType$$Lambda$2953/0x0000000100a5ca40 (minecraft@1.20.1)
8390:             1             16  net.minecraft.world.level.dimension.DimensionType$$Lambda$2954/0x0000000100a5cc80 (minecraft@1.20.1)
8391:             1             16  net.minecraft.world.level.dimension.DimensionType$$Lambda$2955/0x0000000100a5c400 (minecraft@1.20.1)
8392:             1             16  net.minecraft.world.level.dimension.DimensionType$$Lambda$2956/0x0000000100a60000 (minecraft@1.20.1)
8393:             1             16  net.minecraft.world.level.dimension.DimensionType$$Lambda$2958/0x0000000100a60240 (minecraft@1.20.1)
8394:             1             16  net.minecraft.world.level.dimension.DimensionType$$Lambda$2959/0x0000000100a60480 (minecraft@1.20.1)
8395:             1             16  net.minecraft.world.level.dimension.DimensionType$$Lambda$2960/0x0000000100a606c0 (minecraft@1.20.1)
8396:             1             16  net.minecraft.world.level.dimension.DimensionType$$Lambda$2961/0x0000000100a60900 (minecraft@1.20.1)
8397:             1             16  net.minecraft.world.level.dimension.DimensionType$$Lambda$2962/0x0000000100a60b40 (minecraft@1.20.1)
8398:             1             16  net.minecraft.world.level.dimension.DimensionType$$Lambda$2963/0x0000000100a60d80 (minecraft@1.20.1)
8399:             1             16  net.minecraft.world.level.dimension.DimensionType$$Lambda$2966/0x0000000100a61448 (minecraft@1.20.1)
8400:             1             16  net.minecraft.world.level.dimension.DimensionType$$Lambda$2967/0x0000000100a61890 (minecraft@1.20.1)
8401:             1             16  net.minecraft.world.level.dimension.DimensionType$$Lambda$2968/0x0000000100a61ad0 (minecraft@1.20.1)
8402:             1             16  net.minecraft.world.level.dimension.DimensionType$$Lambda$2975/0x0000000100a62cb0 (minecraft@1.20.1)
8403:             1             16  net.minecraft.world.level.dimension.DimensionType$$Lambda$2976/0x0000000100a62ef0 (minecraft@1.20.1)
8404:             1             16  net.minecraft.world.level.dimension.DimensionType$MonsterSettings$$Lambda$2969/0x0000000100a61f20 (minecraft@1.20.1)
8405:             1             16  net.minecraft.world.level.dimension.DimensionType$MonsterSettings$$Lambda$2970/0x0000000100a62160 (minecraft@1.20.1)
8406:             1             16  net.minecraft.world.level.dimension.DimensionType$MonsterSettings$$Lambda$2971/0x0000000100a623a0 (minecraft@1.20.1)
8407:             1             16  net.minecraft.world.level.dimension.DimensionType$MonsterSettings$$Lambda$2972/0x0000000100a625e0 (minecraft@1.20.1)
8408:             1             16  net.minecraft.world.level.dimension.DimensionType$MonsterSettings$$Lambda$2973/0x0000000100a62820 (minecraft@1.20.1)
8409:             1             16  net.minecraft.world.level.dimension.DimensionType$MonsterSettings$$Lambda$2974/0x0000000100a62a60 (minecraft@1.20.1)
8410:             1             16  net.minecraft.world.level.gameevent.BlockPositionSource$Type (minecraft@1.20.1)
8411:             1             16  net.minecraft.world.level.gameevent.EntityPositionSource$Type (minecraft@1.20.1)
8412:             1             16  net.minecraft.world.level.gameevent.PositionSource$$Lambda$1614/0x000000010075e440 (minecraft@1.20.1)
8413:             1             16  net.minecraft.world.level.gameevent.PositionSource$$Lambda$1615/0x000000010075e680 (minecraft@1.20.1)
8414:             1             16  net.minecraft.world.level.levelgen.DebugLevelSource$$Lambda$4042/0x0000000100b52d38 (minecraft@1.20.1)
8415:             1             16  net.minecraft.world.level.levelgen.DebugLevelSource$$Lambda$4043/0x0000000100b52f78 (minecraft@1.20.1)
8416:             1             16  net.minecraft.world.level.levelgen.DebugLevelSource$$Lambda$4044/0x0000000100b531b8 (minecraft@1.20.1)
8417:             1             16  net.minecraft.world.level.levelgen.DensityFunction$$Lambda$3997/0x0000000100b4a690 (minecraft@1.20.1)
8418:             1             16  net.minecraft.world.level.levelgen.DensityFunction$$Lambda$3998/0x0000000100b4a8d0 (minecraft@1.20.1)
8419:             1             16  net.minecraft.world.level.levelgen.DensityFunction$NoiseHolder$$Lambda$4095/0x0000000100b66b48 (minecraft@1.20.1)
8420:             1             16  net.minecraft.world.level.levelgen.DensityFunction$NoiseHolder$$Lambda$4096/0x0000000100b66d88 (minecraft@1.20.1)
8421:             1             16  net.minecraft.world.level.levelgen.DensityFunctions$$Lambda$3994/0x0000000100b49d10 (minecraft@1.20.1)
8422:             1             16  net.minecraft.world.level.levelgen.DensityFunctions$$Lambda$3995/0x0000000100b49f50 (minecraft@1.20.1)
8423:             1             16  net.minecraft.world.level.levelgen.DensityFunctions$$Lambda$3996/0x0000000100b4a190 (minecraft@1.20.1)
8424:             1             16  net.minecraft.world.level.levelgen.DensityFunctions$BlendDensity$$Lambda$4130/0x0000000100b6f4c0 (minecraft@1.20.1)
8425:             1             16  net.minecraft.world.level.levelgen.DensityFunctions$BlendDensity$$Lambda$4131/0x0000000100b6f700 (minecraft@1.20.1)
8426:             1             16  net.minecraft.world.level.levelgen.DensityFunctions$Clamp$$Lambda$4132/0x0000000100b6d000 (minecraft@1.20.1)
8427:             1             16  net.minecraft.world.level.levelgen.DensityFunctions$Clamp$$Lambda$4133/0x0000000100b6d240 (minecraft@1.20.1)
8428:             1             16  net.minecraft.world.level.levelgen.DensityFunctions$Clamp$$Lambda$4134/0x0000000100b6d480 (minecraft@1.20.1)
8429:             1             16  net.minecraft.world.level.levelgen.DensityFunctions$Clamp$$Lambda$4135/0x0000000100b6d6c0 (minecraft@1.20.1)
8430:             1             16  net.minecraft.world.level.levelgen.DensityFunctions$Clamp$$Lambda$4136/0x0000000100b6d900 (minecraft@1.20.1)
8431:             1             16  net.minecraft.world.level.levelgen.DensityFunctions$Constant$$Lambda$4160/0x0000000100b76c00 (minecraft@1.20.1)
8432:             1             16  net.minecraft.world.level.levelgen.DensityFunctions$Constant$$Lambda$4161/0x0000000100b76e40 (minecraft@1.20.1)
8433:             1             16  net.minecraft.world.level.levelgen.DensityFunctions$EndIslandDensityFunction (minecraft@1.20.1)
8434:             1             16  net.minecraft.world.level.levelgen.DensityFunctions$Mapped$Type$$Lambda$4138/0x0000000100b6cb28 (minecraft@1.20.1)
8435:             1             16  net.minecraft.world.level.levelgen.DensityFunctions$Marker$Type$$Lambda$4093/0x0000000100b66000 (minecraft@1.20.1)
8436:             1             16  net.minecraft.world.level.levelgen.DensityFunctions$Noise$$Lambda$4094/0x0000000100b666f8 (minecraft@1.20.1)
8437:             1             16  net.minecraft.world.level.levelgen.DensityFunctions$Noise$$Lambda$4097/0x0000000100b66fc8 (minecraft@1.20.1)
8438:             1             16  net.minecraft.world.level.levelgen.DensityFunctions$Noise$$Lambda$4098/0x0000000100b67208 (minecraft@1.20.1)
8439:             1             16  net.minecraft.world.level.levelgen.DensityFunctions$Noise$$Lambda$4099/0x0000000100b67448 (minecraft@1.20.1)
8440:             1             16  net.minecraft.world.level.levelgen.DensityFunctions$Noise$$Lambda$4100/0x0000000100b67688 (minecraft@1.20.1)
8441:             1             16  net.minecraft.world.level.levelgen.DensityFunctions$RangeChoice$$Lambda$4117/0x0000000100b6a8b0 (minecraft@1.20.1)
8442:             1             16  net.minecraft.world.level.levelgen.DensityFunctions$RangeChoice$$Lambda$4118/0x0000000100b6aaf0 (minecraft@1.20.1)
8443:             1             16  net.minecraft.world.level.levelgen.DensityFunctions$RangeChoice$$Lambda$4119/0x0000000100b6ad30 (minecraft@1.20.1)
8444:             1             16  net.minecraft.world.level.levelgen.DensityFunctions$RangeChoice$$Lambda$4120/0x0000000100b6af70 (minecraft@1.20.1)
8445:             1             16  net.minecraft.world.level.levelgen.DensityFunctions$RangeChoice$$Lambda$4121/0x0000000100b6b1b0 (minecraft@1.20.1)
8446:             1             16  net.minecraft.world.level.levelgen.DensityFunctions$RangeChoice$$Lambda$4122/0x0000000100b6b3f0 (minecraft@1.20.1)
8447:             1             16  net.minecraft.world.level.levelgen.DensityFunctions$RangeChoice$$Lambda$4123/0x0000000100b6b630 (minecraft@1.20.1)
8448:             1             16  net.minecraft.world.level.levelgen.DensityFunctions$Shift$$Lambda$4128/0x0000000100b6ed20 (minecraft@1.20.1)
8449:             1             16  net.minecraft.world.level.levelgen.DensityFunctions$Shift$$Lambda$4129/0x0000000100b6ef60 (minecraft@1.20.1)
8450:             1             16  net.minecraft.world.level.levelgen.DensityFunctions$ShiftA$$Lambda$4124/0x0000000100b6bdc0 (minecraft@1.20.1)
8451:             1             16  net.minecraft.world.level.levelgen.DensityFunctions$ShiftA$$Lambda$4125/0x0000000100b6e000 (minecraft@1.20.1)
8452:             1             16  net.minecraft.world.level.levelgen.DensityFunctions$ShiftB$$Lambda$4126/0x0000000100b6e570 (minecraft@1.20.1)
8453:             1             16  net.minecraft.world.level.levelgen.DensityFunctions$ShiftB$$Lambda$4127/0x0000000100b6e7b0 (minecraft@1.20.1)
8454:             1             16  net.minecraft.world.level.levelgen.DensityFunctions$ShiftedNoise$$Lambda$4109/0x0000000100b693b8 (minecraft@1.20.1)
8455:             1             16  net.minecraft.world.level.levelgen.DensityFunctions$ShiftedNoise$$Lambda$4110/0x0000000100b695f8 (minecraft@1.20.1)
8456:             1             16  net.minecraft.world.level.levelgen.DensityFunctions$ShiftedNoise$$Lambda$4111/0x0000000100b69838 (minecraft@1.20.1)
8457:             1             16  net.minecraft.world.level.levelgen.DensityFunctions$ShiftedNoise$$Lambda$4112/0x0000000100b69a78 (minecraft@1.20.1)
8458:             1             16  net.minecraft.world.level.levelgen.DensityFunctions$ShiftedNoise$$Lambda$4113/0x0000000100b69cb8 (minecraft@1.20.1)
8459:             1             16  net.minecraft.world.level.levelgen.DensityFunctions$ShiftedNoise$$Lambda$4114/0x0000000100b69ef8 (minecraft@1.20.1)
8460:             1             16  net.minecraft.world.level.levelgen.DensityFunctions$ShiftedNoise$$Lambda$4115/0x0000000100b6a138 (minecraft@1.20.1)
8461:             1             16  net.minecraft.world.level.levelgen.DensityFunctions$ShiftedNoise$$Lambda$4116/0x0000000100b6a378 (minecraft@1.20.1)
8462:             1             16  net.minecraft.world.level.levelgen.DensityFunctions$Spline$$Lambda$4158/0x0000000100b76480 (minecraft@1.20.1)
8463:             1             16  net.minecraft.world.level.levelgen.DensityFunctions$Spline$$Lambda$4159/0x0000000100b766c0 (minecraft@1.20.1)
8464:             1             16  net.minecraft.world.level.levelgen.DensityFunctions$Spline$Coordinate$$Lambda$4144/0x0000000100b71df0 (minecraft@1.20.1)
8465:             1             16  net.minecraft.world.level.levelgen.DensityFunctions$Spline$Coordinate$$Lambda$4145/0x0000000100b72030 (minecraft@1.20.1)
8466:             1             16  net.minecraft.world.level.levelgen.DensityFunctions$TwoArgumentSimpleFunction$Type$$Lambda$4140/0x0000000100b70698 (minecraft@1.20.1)
8467:             1             16  net.minecraft.world.level.levelgen.DensityFunctions$TwoArgumentSimpleFunction$Type$$Lambda$4141/0x0000000100b708d8 (minecraft@1.20.1)
8468:             1             16  net.minecraft.world.level.levelgen.DensityFunctions$WeirdScaledSampler$$Lambda$4101/0x0000000100b65320 (minecraft@1.20.1)
8469:             1             16  net.minecraft.world.level.levelgen.DensityFunctions$WeirdScaledSampler$$Lambda$4102/0x0000000100b65560 (minecraft@1.20.1)
8470:             1             16  net.minecraft.world.level.levelgen.DensityFunctions$WeirdScaledSampler$$Lambda$4103/0x0000000100b657a0 (minecraft@1.20.1)
8471:             1             16  net.minecraft.world.level.levelgen.DensityFunctions$WeirdScaledSampler$$Lambda$4107/0x0000000100b68c70 (minecraft@1.20.1)
8472:             1             16  net.minecraft.world.level.levelgen.DensityFunctions$WeirdScaledSampler$$Lambda$4108/0x0000000100b68eb0 (minecraft@1.20.1)
8473:             1             16  net.minecraft.world.level.levelgen.DensityFunctions$WeirdScaledSampler$RarityValueMapper$$Lambda$4104/0x0000000100b68000 (minecraft@1.20.1)
8474:             1             16  net.minecraft.world.level.levelgen.DensityFunctions$WeirdScaledSampler$RarityValueMapper$$Lambda$4105/0x0000000100b68528 (minecraft@1.20.1)
8475:             1             16  net.minecraft.world.level.levelgen.DensityFunctions$WeirdScaledSampler$RarityValueMapper$$Lambda$4106/0x0000000100b68a50 (minecraft@1.20.1)
8476:             1             16  net.minecraft.world.level.levelgen.DensityFunctions$YClampedGradient$$Lambda$4162/0x0000000100b77388 (minecraft@1.20.1)
8477:             1             16  net.minecraft.world.level.levelgen.DensityFunctions$YClampedGradient$$Lambda$4163/0x0000000100b775c8 (minecraft@1.20.1)
8478:             1             16  net.minecraft.world.level.levelgen.DensityFunctions$YClampedGradient$$Lambda$4164/0x0000000100b77808 (minecraft@1.20.1)
8479:             1             16  net.minecraft.world.level.levelgen.DensityFunctions$YClampedGradient$$Lambda$4165/0x0000000100b77a48 (minecraft@1.20.1)
8480:             1             16  net.minecraft.world.level.levelgen.DensityFunctions$YClampedGradient$$Lambda$4166/0x0000000100b77c88 (minecraft@1.20.1)
8481:             1             16  net.minecraft.world.level.levelgen.DensityFunctions$YClampedGradient$$Lambda$4167/0x0000000100b75800 (minecraft@1.20.1)
8482:             1             16  net.minecraft.world.level.levelgen.FlatLevelSource$$Lambda$4026/0x0000000100b4cc00 (minecraft@1.20.1)
8483:             1             16  net.minecraft.world.level.levelgen.FlatLevelSource$$Lambda$4040/0x0000000100b525e8 (minecraft@1.20.1)
8484:             1             16  net.minecraft.world.level.levelgen.FlatLevelSource$$Lambda$4041/0x0000000100b52828 (minecraft@1.20.1)
8485:             1             16  net.minecraft.world.level.levelgen.GenerationStep$Carving$$Lambda$3676/0x0000000100b0e380 (minecraft@1.20.1)
8486:             1             16  net.minecraft.world.level.levelgen.GenerationStep$Decoration$$Lambda$3565/0x0000000100aed988 (minecraft@1.20.1)
8487:             1             16  net.minecraft.world.level.levelgen.GeodeBlockSettings$$Lambda$3374/0x0000000100abd020 (minecraft@1.20.1)
8488:             1             16  net.minecraft.world.level.levelgen.GeodeBlockSettings$$Lambda$3375/0x0000000100abd260 (minecraft@1.20.1)
8489:             1             16  net.minecraft.world.level.levelgen.GeodeBlockSettings$$Lambda$3376/0x0000000100abd4a0 (minecraft@1.20.1)
8490:             1             16  net.minecraft.world.level.levelgen.GeodeBlockSettings$$Lambda$3377/0x0000000100abd6e0 (minecraft@1.20.1)
8491:             1             16  net.minecraft.world.level.levelgen.GeodeBlockSettings$$Lambda$3378/0x0000000100abd920 (minecraft@1.20.1)
8492:             1             16  net.minecraft.world.level.levelgen.GeodeBlockSettings$$Lambda$3379/0x0000000100abdb60 (minecraft@1.20.1)
8493:             1             16  net.minecraft.world.level.levelgen.GeodeBlockSettings$$Lambda$3380/0x0000000100abdda0 (minecraft@1.20.1)
8494:             1             16  net.minecraft.world.level.levelgen.GeodeBlockSettings$$Lambda$3381/0x0000000100abdfe0 (minecraft@1.20.1)
8495:             1             16  net.minecraft.world.level.levelgen.GeodeBlockSettings$$Lambda$3382/0x0000000100abe220 (minecraft@1.20.1)
8496:             1             16  net.minecraft.world.level.levelgen.GeodeBlockSettings$$Lambda$3383/0x0000000100abe460 (minecraft@1.20.1)
8497:             1             16  net.minecraft.world.level.levelgen.GeodeCrackSettings$$Lambda$3392/0x0000000100abfd10 (minecraft@1.20.1)
8498:             1             16  net.minecraft.world.level.levelgen.GeodeCrackSettings$$Lambda$3393/0x0000000100ac4000 (minecraft@1.20.1)
8499:             1             16  net.minecraft.world.level.levelgen.GeodeCrackSettings$$Lambda$3394/0x0000000100ac4240 (minecraft@1.20.1)
8500:             1             16  net.minecraft.world.level.levelgen.GeodeCrackSettings$$Lambda$3395/0x0000000100ac4480 (minecraft@1.20.1)
8501:             1             16  net.minecraft.world.level.levelgen.GeodeCrackSettings$$Lambda$3396/0x0000000100ac46c0 (minecraft@1.20.1)
8502:             1             16  net.minecraft.world.level.levelgen.GeodeLayerSettings$$Lambda$3385/0x0000000100abeb38 (minecraft@1.20.1)
8503:             1             16  net.minecraft.world.level.levelgen.GeodeLayerSettings$$Lambda$3386/0x0000000100abed78 (minecraft@1.20.1)
8504:             1             16  net.minecraft.world.level.levelgen.GeodeLayerSettings$$Lambda$3387/0x0000000100abefb8 (minecraft@1.20.1)
8505:             1             16  net.minecraft.world.level.levelgen.GeodeLayerSettings$$Lambda$3388/0x0000000100abf1f8 (minecraft@1.20.1)
8506:             1             16  net.minecraft.world.level.levelgen.GeodeLayerSettings$$Lambda$3389/0x0000000100abf438 (minecraft@1.20.1)
8507:             1             16  net.minecraft.world.level.levelgen.GeodeLayerSettings$$Lambda$3390/0x0000000100abf678 (minecraft@1.20.1)
8508:             1             16  net.minecraft.world.level.levelgen.Heightmap$$Lambda$2716/0x0000000100a04c40 (minecraft@1.20.1)
8509:             1             16  net.minecraft.world.level.levelgen.Heightmap$$Lambda$2717/0x0000000100a04e90 (minecraft@1.20.1)
8510:             1             16  net.minecraft.world.level.levelgen.Heightmap$Types$$Lambda$2718/0x0000000100a050e0 (minecraft@1.20.1)
8511:             1             16  net.minecraft.world.level.levelgen.Heightmap$Types$$Lambda$2719/0x0000000100a05330 (minecraft@1.20.1)
8512:             1             16  net.minecraft.world.level.levelgen.Heightmap$Types$$Lambda$2720/0x0000000100a05778 (minecraft@1.20.1)
8513:             1             16  net.minecraft.world.level.levelgen.NoiseBasedChunkGenerator$$Lambda$3978/0x0000000100b41440 (minecraft@1.20.1)
8514:             1             16  net.minecraft.world.level.levelgen.NoiseBasedChunkGenerator$$Lambda$3979/0x0000000100b41680 (minecraft@1.20.1)
8515:             1             16  net.minecraft.world.level.levelgen.NoiseBasedChunkGenerator$$Lambda$4024/0x0000000100b4d980 (minecraft@1.20.1)
8516:             1             16  net.minecraft.world.level.levelgen.NoiseBasedChunkGenerator$$Lambda$4025/0x0000000100b4fdc8 (minecraft@1.20.1)
8517:             1             16  net.minecraft.world.level.levelgen.NoiseGeneratorSettings$$Lambda$3980/0x0000000100b41ad0 (minecraft@1.20.1)
8518:             1             16  net.minecraft.world.level.levelgen.NoiseGeneratorSettings$$Lambda$3989/0x0000000100b48fc0 (minecraft@1.20.1)
8519:             1             16  net.minecraft.world.level.levelgen.NoiseGeneratorSettings$$Lambda$3990/0x0000000100b49200 (minecraft@1.20.1)
8520:             1             16  net.minecraft.world.level.levelgen.NoiseGeneratorSettings$$Lambda$3991/0x0000000100b49440 (minecraft@1.20.1)
8521:             1             16  net.minecraft.world.level.levelgen.NoiseGeneratorSettings$$Lambda$4014/0x0000000100b4ee40 (minecraft@1.20.1)
8522:             1             16  net.minecraft.world.level.levelgen.NoiseGeneratorSettings$$Lambda$4016/0x0000000100b4f4c8 (minecraft@1.20.1)
8523:             1             16  net.minecraft.world.level.levelgen.NoiseGeneratorSettings$$Lambda$4017/0x0000000100b4f708 (minecraft@1.20.1)
8524:             1             16  net.minecraft.world.level.levelgen.NoiseGeneratorSettings$$Lambda$4018/0x0000000100b4f948 (minecraft@1.20.1)
8525:             1             16  net.minecraft.world.level.levelgen.NoiseGeneratorSettings$$Lambda$4019/0x0000000100b4fb88 (minecraft@1.20.1)
8526:             1             16  net.minecraft.world.level.levelgen.NoiseGeneratorSettings$$Lambda$4020/0x0000000100b4d000 (minecraft@1.20.1)
8527:             1             16  net.minecraft.world.level.levelgen.NoiseGeneratorSettings$$Lambda$4021/0x0000000100b4d240 (minecraft@1.20.1)
8528:             1             16  net.minecraft.world.level.levelgen.NoiseGeneratorSettings$$Lambda$4022/0x0000000100b4d480 (minecraft@1.20.1)
8529:             1             16  net.minecraft.world.level.levelgen.NoiseGeneratorSettings$$Lambda$4023/0x0000000100b4d6c0 (minecraft@1.20.1)
8530:             1             16  net.minecraft.world.level.levelgen.NoiseRouter$$Lambda$3992/0x0000000100b49890 (minecraft@1.20.1)
8531:             1             16  net.minecraft.world.level.levelgen.NoiseRouter$$Lambda$3993/0x0000000100b49ad0 (minecraft@1.20.1)
8532:             1             16  net.minecraft.world.level.levelgen.NoiseRouter$$Lambda$3999/0x0000000100b4ab10 (minecraft@1.20.1)
8533:             1             16  net.minecraft.world.level.levelgen.NoiseRouter$$Lambda$4000/0x0000000100b4ad50 (minecraft@1.20.1)
8534:             1             16  net.minecraft.world.level.levelgen.NoiseRouter$$Lambda$4001/0x0000000100b4af90 (minecraft@1.20.1)
8535:             1             16  net.minecraft.world.level.levelgen.NoiseRouter$$Lambda$4002/0x0000000100b4b1d0 (minecraft@1.20.1)
8536:             1             16  net.minecraft.world.level.levelgen.NoiseRouter$$Lambda$4003/0x0000000100b4b410 (minecraft@1.20.1)
8537:             1             16  net.minecraft.world.level.levelgen.NoiseRouter$$Lambda$4004/0x0000000100b4b650 (minecraft@1.20.1)
8538:             1             16  net.minecraft.world.level.levelgen.NoiseRouter$$Lambda$4005/0x0000000100b4b890 (minecraft@1.20.1)
8539:             1             16  net.minecraft.world.level.levelgen.NoiseRouter$$Lambda$4006/0x0000000100b4bad0 (minecraft@1.20.1)
8540:             1             16  net.minecraft.world.level.levelgen.NoiseRouter$$Lambda$4007/0x0000000100b4bd10 (minecraft@1.20.1)
8541:             1             16  net.minecraft.world.level.levelgen.NoiseRouter$$Lambda$4008/0x0000000100b4e000 (minecraft@1.20.1)
8542:             1             16  net.minecraft.world.level.levelgen.NoiseRouter$$Lambda$4009/0x0000000100b4e240 (minecraft@1.20.1)
8543:             1             16  net.minecraft.world.level.levelgen.NoiseRouter$$Lambda$4010/0x0000000100b4e480 (minecraft@1.20.1)
8544:             1             16  net.minecraft.world.level.levelgen.NoiseRouter$$Lambda$4011/0x0000000100b4e6c0 (minecraft@1.20.1)
8545:             1             16  net.minecraft.world.level.levelgen.NoiseRouter$$Lambda$4012/0x0000000100b4e900 (minecraft@1.20.1)
8546:             1             16  net.minecraft.world.level.levelgen.NoiseRouter$$Lambda$4013/0x0000000100b4eb40 (minecraft@1.20.1)
8547:             1             16  net.minecraft.world.level.levelgen.NoiseSettings$$Lambda$3981/0x0000000100b40c00 (minecraft@1.20.1)
8548:             1             16  net.minecraft.world.level.levelgen.NoiseSettings$$Lambda$3982/0x0000000100b48000 (minecraft@1.20.1)
8549:             1             16  net.minecraft.world.level.levelgen.NoiseSettings$$Lambda$3983/0x0000000100b48240 (minecraft@1.20.1)
8550:             1             16  net.minecraft.world.level.levelgen.NoiseSettings$$Lambda$3984/0x0000000100b48480 (minecraft@1.20.1)
8551:             1             16  net.minecraft.world.level.levelgen.NoiseSettings$$Lambda$3985/0x0000000100b486c0 (minecraft@1.20.1)
8552:             1             16  net.minecraft.world.level.levelgen.NoiseSettings$$Lambda$3986/0x0000000100b48900 (minecraft@1.20.1)
8553:             1             16  net.minecraft.world.level.levelgen.NoiseSettings$$Lambda$3987/0x0000000100b48b50 (minecraft@1.20.1)
8554:             1             16  net.minecraft.world.level.levelgen.NoiseSettings$$Lambda$3988/0x0000000100b48d90 (minecraft@1.20.1)
8555:             1             16  net.minecraft.world.level.levelgen.RandomSupport$$Lambda$1235/0x00000001005a4000 (minecraft@1.20.1)
8556:             1             16  net.minecraft.world.level.levelgen.SurfaceRules$BiomeConditionSource$$Lambda$4046/0x0000000100b53aa0 (minecraft@1.20.1)
8557:             1             16  net.minecraft.world.level.levelgen.SurfaceRules$BiomeConditionSource$$Lambda$4047/0x0000000100b53ce0 (minecraft@1.20.1)
8558:             1             16  net.minecraft.world.level.levelgen.SurfaceRules$BlockRuleSource$$Lambda$4077/0x0000000100b58800 (minecraft@1.20.1)
8559:             1             16  net.minecraft.world.level.levelgen.SurfaceRules$BlockRuleSource$$Lambda$4078/0x0000000100b58a40 (minecraft@1.20.1)
8560:             1             16  net.minecraft.world.level.levelgen.SurfaceRules$ConditionSource$$Lambda$4045/0x0000000100b533f8 (minecraft@1.20.1)
8561:             1             16  net.minecraft.world.level.levelgen.SurfaceRules$NoiseThresholdConditionSource$$Lambda$4054/0x0000000100b5d470 (minecraft@1.20.1)
8562:             1             16  net.minecraft.world.level.levelgen.SurfaceRules$NoiseThresholdConditionSource$$Lambda$4055/0x0000000100b5d6b0 (minecraft@1.20.1)
8563:             1             16  net.minecraft.world.level.levelgen.SurfaceRules$NoiseThresholdConditionSource$$Lambda$4056/0x0000000100b5d8f0 (minecraft@1.20.1)
8564:             1             16  net.minecraft.world.level.levelgen.SurfaceRules$NoiseThresholdConditionSource$$Lambda$4057/0x0000000100b5db30 (minecraft@1.20.1)
8565:             1             16  net.minecraft.world.level.levelgen.SurfaceRules$NoiseThresholdConditionSource$$Lambda$4058/0x0000000100b5dd70 (minecraft@1.20.1)
8566:             1             16  net.minecraft.world.level.levelgen.SurfaceRules$NotConditionSource$$Lambda$4075/0x0000000100b5b690 (minecraft@1.20.1)
8567:             1             16  net.minecraft.world.level.levelgen.SurfaceRules$NotConditionSource$$Lambda$4076/0x0000000100b5b8d0 (minecraft@1.20.1)
8568:             1             16  net.minecraft.world.level.levelgen.SurfaceRules$RuleSource$$Lambda$4015/0x0000000100b4f288 (minecraft@1.20.1)
8569:             1             16  net.minecraft.world.level.levelgen.SurfaceRules$SequenceRuleSource$$Lambda$4079/0x0000000100b60000 (minecraft@1.20.1)
8570:             1             16  net.minecraft.world.level.levelgen.SurfaceRules$SequenceRuleSource$$Lambda$4080/0x0000000100b60240 (minecraft@1.20.1)
8571:             1             16  net.minecraft.world.level.levelgen.SurfaceRules$StoneDepthCheck$$Lambda$4048/0x0000000100b5c478 (minecraft@1.20.1)
8572:             1             16  net.minecraft.world.level.levelgen.SurfaceRules$StoneDepthCheck$$Lambda$4049/0x0000000100b5c6b8 (minecraft@1.20.1)
8573:             1             16  net.minecraft.world.level.levelgen.SurfaceRules$StoneDepthCheck$$Lambda$4050/0x0000000100b5c8f8 (minecraft@1.20.1)
8574:             1             16  net.minecraft.world.level.levelgen.SurfaceRules$StoneDepthCheck$$Lambda$4051/0x0000000100b5cb38 (minecraft@1.20.1)
8575:             1             16  net.minecraft.world.level.levelgen.SurfaceRules$StoneDepthCheck$$Lambda$4052/0x0000000100b5cd78 (minecraft@1.20.1)
8576:             1             16  net.minecraft.world.level.levelgen.SurfaceRules$StoneDepthCheck$$Lambda$4053/0x0000000100b5cfb8 (minecraft@1.20.1)
8577:             1             16  net.minecraft.world.level.levelgen.SurfaceRules$TestRuleSource$$Lambda$4081/0x0000000100b606e8 (minecraft@1.20.1)
8578:             1             16  net.minecraft.world.level.levelgen.SurfaceRules$TestRuleSource$$Lambda$4082/0x0000000100b60928 (minecraft@1.20.1)
8579:             1             16  net.minecraft.world.level.levelgen.SurfaceRules$TestRuleSource$$Lambda$4083/0x0000000100b60b68 (minecraft@1.20.1)
8580:             1             16  net.minecraft.world.level.levelgen.SurfaceRules$TestRuleSource$$Lambda$4084/0x0000000100b60da8 (minecraft@1.20.1)
8581:             1             16  net.minecraft.world.level.levelgen.SurfaceRules$VerticalGradientConditionSource$$Lambda$4059/0x0000000100b5e218 (minecraft@1.20.1)
8582:             1             16  net.minecraft.world.level.levelgen.SurfaceRules$VerticalGradientConditionSource$$Lambda$4060/0x0000000100b5e458 (minecraft@1.20.1)
8583:             1             16  net.minecraft.world.level.levelgen.SurfaceRules$VerticalGradientConditionSource$$Lambda$4061/0x0000000100b5e698 (minecraft@1.20.1)
8584:             1             16  net.minecraft.world.level.levelgen.SurfaceRules$VerticalGradientConditionSource$$Lambda$4062/0x0000000100b5e8d8 (minecraft@1.20.1)
8585:             1             16  net.minecraft.world.level.levelgen.SurfaceRules$VerticalGradientConditionSource$$Lambda$4063/0x0000000100b5eb18 (minecraft@1.20.1)
8586:             1             16  net.minecraft.world.level.levelgen.SurfaceRules$WaterConditionSource$$Lambda$4069/0x0000000100b5fd60 (minecraft@1.20.1)
8587:             1             16  net.minecraft.world.level.levelgen.SurfaceRules$WaterConditionSource$$Lambda$4070/0x0000000100b5a000 (minecraft@1.20.1)
8588:             1             16  net.minecraft.world.level.levelgen.SurfaceRules$WaterConditionSource$$Lambda$4071/0x0000000100b5a240 (minecraft@1.20.1)
8589:             1             16  net.minecraft.world.level.levelgen.SurfaceRules$WaterConditionSource$$Lambda$4072/0x0000000100b5a480 (minecraft@1.20.1)
8590:             1             16  net.minecraft.world.level.levelgen.SurfaceRules$WaterConditionSource$$Lambda$4073/0x0000000100b5a6c0 (minecraft@1.20.1)
8591:             1             16  net.minecraft.world.level.levelgen.SurfaceRules$YConditionSource$$Lambda$4064/0x0000000100b5efc0 (minecraft@1.20.1)
8592:             1             16  net.minecraft.world.level.levelgen.SurfaceRules$YConditionSource$$Lambda$4065/0x0000000100b5f200 (minecraft@1.20.1)
8593:             1             16  net.minecraft.world.level.levelgen.SurfaceRules$YConditionSource$$Lambda$4066/0x0000000100b5f440 (minecraft@1.20.1)
8594:             1             16  net.minecraft.world.level.levelgen.SurfaceRules$YConditionSource$$Lambda$4067/0x0000000100b5f680 (minecraft@1.20.1)
8595:             1             16  net.minecraft.world.level.levelgen.SurfaceRules$YConditionSource$$Lambda$4068/0x0000000100b5f8c0 (minecraft@1.20.1)
8596:             1             16  net.minecraft.world.level.levelgen.VerticalAnchor$$Lambda$2985/0x0000000100a65bd8 (minecraft@1.20.1)
8597:             1             16  net.minecraft.world.level.levelgen.VerticalAnchor$$Lambda$2986/0x0000000100a64800 (minecraft@1.20.1)
8598:             1             16  net.minecraft.world.level.levelgen.VerticalAnchor$AboveBottom$$Lambda$2981/0x0000000100a63b70 (minecraft@1.20.1)
8599:             1             16  net.minecraft.world.level.levelgen.VerticalAnchor$AboveBottom$$Lambda$2982/0x0000000100a63db0 (minecraft@1.20.1)
8600:             1             16  net.minecraft.world.level.levelgen.VerticalAnchor$Absolute$$Lambda$2979/0x0000000100a634d0 (minecraft@1.20.1)
8601:             1             16  net.minecraft.world.level.levelgen.VerticalAnchor$Absolute$$Lambda$2980/0x0000000100a63710 (minecraft@1.20.1)
8602:             1             16  net.minecraft.world.level.levelgen.VerticalAnchor$BelowTop$$Lambda$2983/0x0000000100a65220 (minecraft@1.20.1)
8603:             1             16  net.minecraft.world.level.levelgen.VerticalAnchor$BelowTop$$Lambda$2984/0x0000000100a65460 (minecraft@1.20.1)
8604:             1             16  net.minecraft.world.level.levelgen.blockpredicates.AllOfPredicate$$Lambda$3060/0x0000000100a76eb0 (minecraft@1.20.1)
8605:             1             16  net.minecraft.world.level.levelgen.blockpredicates.AnyOfPredicate$$Lambda$3054/0x0000000100a75860 (minecraft@1.20.1)
8606:             1             16  net.minecraft.world.level.levelgen.blockpredicates.BlockPredicate$$Lambda$3056/0x0000000100a75ce8 (minecraft@1.20.1)
8607:             1             16  net.minecraft.world.level.levelgen.blockpredicates.BlockPredicate$$Lambda$3057/0x0000000100a75f28 (minecraft@1.20.1)
8608:             1             16  net.minecraft.world.level.levelgen.blockpredicates.BlockPredicate$$Lambda$3058/0x0000000100a76168 (minecraft@1.20.1)
8609:             1             16  net.minecraft.world.level.levelgen.blockpredicates.CombiningPredicate$$Lambda$3059/0x0000000100a769e0 (minecraft@1.20.1)
8610:             1             16  net.minecraft.world.level.levelgen.blockpredicates.HasSturdyFacePredicate$$Lambda$3039/0x0000000100a72768 (minecraft@1.20.1)
8611:             1             16  net.minecraft.world.level.levelgen.blockpredicates.HasSturdyFacePredicate$$Lambda$3040/0x0000000100a729a8 (minecraft@1.20.1)
8612:             1             16  net.minecraft.world.level.levelgen.blockpredicates.HasSturdyFacePredicate$$Lambda$3041/0x0000000100a72be8 (minecraft@1.20.1)
8613:             1             16  net.minecraft.world.level.levelgen.blockpredicates.HasSturdyFacePredicate$$Lambda$3042/0x0000000100a72e28 (minecraft@1.20.1)
8614:             1             16  net.minecraft.world.level.levelgen.blockpredicates.InsideWorldBoundsPredicate$$Lambda$3051/0x0000000100a74c88 (minecraft@1.20.1)
8615:             1             16  net.minecraft.world.level.levelgen.blockpredicates.InsideWorldBoundsPredicate$$Lambda$3052/0x0000000100a74ec8 (minecraft@1.20.1)
8616:             1             16  net.minecraft.world.level.levelgen.blockpredicates.InsideWorldBoundsPredicate$$Lambda$3053/0x0000000100a75108 (minecraft@1.20.1)
8617:             1             16  net.minecraft.world.level.levelgen.blockpredicates.MatchingBlockTagPredicate$$Lambda$3033/0x0000000100a714e8 (minecraft@1.20.1)
8618:             1             16  net.minecraft.world.level.levelgen.blockpredicates.MatchingBlockTagPredicate$$Lambda$3034/0x0000000100a71728 (minecraft@1.20.1)
8619:             1             16  net.minecraft.world.level.levelgen.blockpredicates.MatchingBlockTagPredicate$$Lambda$3035/0x0000000100a71968 (minecraft@1.20.1)
8620:             1             16  net.minecraft.world.level.levelgen.blockpredicates.MatchingBlocksPredicate$$Lambda$3019/0x0000000100a6d518 (minecraft@1.20.1)
8621:             1             16  net.minecraft.world.level.levelgen.blockpredicates.MatchingBlocksPredicate$$Lambda$3030/0x0000000100a70bc0 (minecraft@1.20.1)
8622:             1             16  net.minecraft.world.level.levelgen.blockpredicates.MatchingBlocksPredicate$$Lambda$3031/0x0000000100a70e00 (minecraft@1.20.1)
8623:             1             16  net.minecraft.world.level.levelgen.blockpredicates.MatchingFluidsPredicate$$Lambda$3036/0x0000000100a71e28 (minecraft@1.20.1)
8624:             1             16  net.minecraft.world.level.levelgen.blockpredicates.MatchingFluidsPredicate$$Lambda$3037/0x0000000100a72068 (minecraft@1.20.1)
8625:             1             16  net.minecraft.world.level.levelgen.blockpredicates.MatchingFluidsPredicate$$Lambda$3038/0x0000000100a722a8 (minecraft@1.20.1)
8626:             1             16  net.minecraft.world.level.levelgen.blockpredicates.NotPredicate$$Lambda$3061/0x0000000100a77380 (minecraft@1.20.1)
8627:             1             16  net.minecraft.world.level.levelgen.blockpredicates.NotPredicate$$Lambda$3062/0x0000000100a775c0 (minecraft@1.20.1)
8628:             1             16  net.minecraft.world.level.levelgen.blockpredicates.NotPredicate$$Lambda$3063/0x0000000100a77800 (minecraft@1.20.1)
8629:             1             16  net.minecraft.world.level.levelgen.blockpredicates.ReplaceablePredicate$$Lambda$3045/0x0000000100a739f8 (minecraft@1.20.1)
8630:             1             16  net.minecraft.world.level.levelgen.blockpredicates.ReplaceablePredicate$$Lambda$3046/0x0000000100a73c38 (minecraft@1.20.1)
8631:             1             16  net.minecraft.world.level.levelgen.blockpredicates.SolidPredicate$$Lambda$3043/0x0000000100a732e8 (minecraft@1.20.1)
8632:             1             16  net.minecraft.world.level.levelgen.blockpredicates.SolidPredicate$$Lambda$3044/0x0000000100a73528 (minecraft@1.20.1)
8633:             1             16  net.minecraft.world.level.levelgen.blockpredicates.StateTestingPredicate$$Lambda$3021/0x0000000100a6d998 (minecraft@1.20.1)
8634:             1             16  net.minecraft.world.level.levelgen.blockpredicates.TrueBlockPredicate (minecraft@1.20.1)
8635:             1             16  net.minecraft.world.level.levelgen.blockpredicates.TrueBlockPredicate$$Lambda$3064/0x0000000100a77cc8 (minecraft@1.20.1)
8636:             1             16  net.minecraft.world.level.levelgen.blockpredicates.WouldSurvivePredicate$$Lambda$3047/0x0000000100a74108 (minecraft@1.20.1)
8637:             1             16  net.minecraft.world.level.levelgen.blockpredicates.WouldSurvivePredicate$$Lambda$3048/0x0000000100a74348 (minecraft@1.20.1)
8638:             1             16  net.minecraft.world.level.levelgen.blockpredicates.WouldSurvivePredicate$$Lambda$3049/0x0000000100a74588 (minecraft@1.20.1)
8639:             1             16  net.minecraft.world.level.levelgen.blockpredicates.WouldSurvivePredicate$$Lambda$3050/0x0000000100a747c8 (minecraft@1.20.1)
8640:             1             16  net.minecraft.world.level.levelgen.carver.CanyonCarverConfiguration$$Lambda$3094/0x0000000100a7fd48 (minecraft@1.20.1)
8641:             1             16  net.minecraft.world.level.levelgen.carver.CanyonCarverConfiguration$$Lambda$3095/0x0000000100a7d800 (minecraft@1.20.1)
8642:             1             16  net.minecraft.world.level.levelgen.carver.CanyonCarverConfiguration$$Lambda$3096/0x0000000100a7da40 (minecraft@1.20.1)
8643:             1             16  net.minecraft.world.level.levelgen.carver.CanyonCarverConfiguration$$Lambda$3105/0x0000000100a80ff0 (minecraft@1.20.1)
8644:             1             16  net.minecraft.world.level.levelgen.carver.CanyonCarverConfiguration$$Lambda$3106/0x0000000100a81230 (minecraft@1.20.1)
8645:             1             16  net.minecraft.world.level.levelgen.carver.CanyonCarverConfiguration$CanyonShapeConfiguration$$Lambda$3097/0x0000000100a7d400 (minecraft@1.20.1)
8646:             1             16  net.minecraft.world.level.levelgen.carver.CanyonCarverConfiguration$CanyonShapeConfiguration$$Lambda$3098/0x0000000100a80000 (minecraft@1.20.1)
8647:             1             16  net.minecraft.world.level.levelgen.carver.CanyonCarverConfiguration$CanyonShapeConfiguration$$Lambda$3099/0x0000000100a80240 (minecraft@1.20.1)
8648:             1             16  net.minecraft.world.level.levelgen.carver.CanyonCarverConfiguration$CanyonShapeConfiguration$$Lambda$3100/0x0000000100a80480 (minecraft@1.20.1)
8649:             1             16  net.minecraft.world.level.levelgen.carver.CanyonCarverConfiguration$CanyonShapeConfiguration$$Lambda$3101/0x0000000100a806c0 (minecraft@1.20.1)
8650:             1             16  net.minecraft.world.level.levelgen.carver.CanyonCarverConfiguration$CanyonShapeConfiguration$$Lambda$3102/0x0000000100a80900 (minecraft@1.20.1)
8651:             1             16  net.minecraft.world.level.levelgen.carver.CanyonCarverConfiguration$CanyonShapeConfiguration$$Lambda$3103/0x0000000100a80b40 (minecraft@1.20.1)
8652:             1             16  net.minecraft.world.level.levelgen.carver.CanyonCarverConfiguration$CanyonShapeConfiguration$$Lambda$3104/0x0000000100a80d80 (minecraft@1.20.1)
8653:             1             16  net.minecraft.world.level.levelgen.carver.CarverConfiguration$$Lambda$3069/0x0000000100a79f58 (minecraft@1.20.1)
8654:             1             16  net.minecraft.world.level.levelgen.carver.CarverConfiguration$$Lambda$3070/0x0000000100a7a198 (minecraft@1.20.1)
8655:             1             16  net.minecraft.world.level.levelgen.carver.CarverConfiguration$$Lambda$3071/0x0000000100a7a3d8 (minecraft@1.20.1)
8656:             1             16  net.minecraft.world.level.levelgen.carver.CarverConfiguration$$Lambda$3072/0x0000000100a7a618 (minecraft@1.20.1)
8657:             1             16  net.minecraft.world.level.levelgen.carver.CarverConfiguration$$Lambda$3073/0x0000000100a7a858 (minecraft@1.20.1)
8658:             1             16  net.minecraft.world.level.levelgen.carver.CarverConfiguration$$Lambda$3081/0x0000000100a7bcb0 (minecraft@1.20.1)
8659:             1             16  net.minecraft.world.level.levelgen.carver.CarverConfiguration$$Lambda$3082/0x0000000100a7e000 (minecraft@1.20.1)
8660:             1             16  net.minecraft.world.level.levelgen.carver.CarverConfiguration$$Lambda$3083/0x0000000100a7e240 (minecraft@1.20.1)
8661:             1             16  net.minecraft.world.level.levelgen.carver.CarverDebugSettings$$Lambda$3074/0x0000000100a7acd0 (minecraft@1.20.1)
8662:             1             16  net.minecraft.world.level.levelgen.carver.CarverDebugSettings$$Lambda$3075/0x0000000100a7af10 (minecraft@1.20.1)
8663:             1             16  net.minecraft.world.level.levelgen.carver.CarverDebugSettings$$Lambda$3076/0x0000000100a7b150 (minecraft@1.20.1)
8664:             1             16  net.minecraft.world.level.levelgen.carver.CarverDebugSettings$$Lambda$3077/0x0000000100a7b390 (minecraft@1.20.1)
8665:             1             16  net.minecraft.world.level.levelgen.carver.CarverDebugSettings$$Lambda$3078/0x0000000100a7b5d0 (minecraft@1.20.1)
8666:             1             16  net.minecraft.world.level.levelgen.carver.CarverDebugSettings$$Lambda$3079/0x0000000100a7b810 (minecraft@1.20.1)
8667:             1             16  net.minecraft.world.level.levelgen.carver.CarverDebugSettings$$Lambda$3080/0x0000000100a7ba50 (minecraft@1.20.1)
8668:             1             16  net.minecraft.world.level.levelgen.carver.CaveCarverConfiguration$$Lambda$3085/0x0000000100a7e4b0 (minecraft@1.20.1)
8669:             1             16  net.minecraft.world.level.levelgen.carver.CaveCarverConfiguration$$Lambda$3086/0x0000000100a7e6f0 (minecraft@1.20.1)
8670:             1             16  net.minecraft.world.level.levelgen.carver.CaveCarverConfiguration$$Lambda$3087/0x0000000100a7e930 (minecraft@1.20.1)
8671:             1             16  net.minecraft.world.level.levelgen.carver.CaveCarverConfiguration$$Lambda$3088/0x0000000100a7eb70 (minecraft@1.20.1)
8672:             1             16  net.minecraft.world.level.levelgen.carver.CaveCarverConfiguration$$Lambda$3090/0x0000000100a7eff0 (minecraft@1.20.1)
8673:             1             16  net.minecraft.world.level.levelgen.carver.CaveCarverConfiguration$$Lambda$3091/0x0000000100a7f230 (minecraft@1.20.1)
8674:             1             16  net.minecraft.world.level.levelgen.carver.ConfiguredWorldCarver$$Lambda$3905/0x0000000100b36240 (minecraft@1.20.1)
8675:             1             16  net.minecraft.world.level.levelgen.carver.ConfiguredWorldCarver$$Lambda$3906/0x0000000100b36480 (minecraft@1.20.1)
8676:             1             16  net.minecraft.world.level.levelgen.carver.WorldCarver$$Lambda$3093/0x0000000100a7f8d8 (minecraft@1.20.1)
8677:             1             16  net.minecraft.world.level.levelgen.feature.BambooFeature (minecraft@1.20.1)
8678:             1             16  net.minecraft.world.level.levelgen.feature.BasaltColumnsFeature (minecraft@1.20.1)
8679:             1             16  net.minecraft.world.level.levelgen.feature.BasaltPillarFeature (minecraft@1.20.1)
8680:             1             16  net.minecraft.world.level.levelgen.feature.BlockBlobFeature (minecraft@1.20.1)
8681:             1             16  net.minecraft.world.level.levelgen.feature.BlockColumnFeature (minecraft@1.20.1)
8682:             1             16  net.minecraft.world.level.levelgen.feature.BlockPileFeature (minecraft@1.20.1)
8683:             1             16  net.minecraft.world.level.levelgen.feature.BlueIceFeature (minecraft@1.20.1)
8684:             1             16  net.minecraft.world.level.levelgen.feature.BonusChestFeature (minecraft@1.20.1)
8685:             1             16  net.minecraft.world.level.levelgen.feature.ChorusPlantFeature (minecraft@1.20.1)
8686:             1             16  net.minecraft.world.level.levelgen.feature.ConfiguredFeature$$Lambda$3139/0x0000000100a8fb50 (minecraft@1.20.1)
8687:             1             16  net.minecraft.world.level.levelgen.feature.ConfiguredFeature$$Lambda$3140/0x0000000100a8fd90 (minecraft@1.20.1)
8688:             1             16  net.minecraft.world.level.levelgen.feature.CoralClawFeature (minecraft@1.20.1)
8689:             1             16  net.minecraft.world.level.levelgen.feature.CoralMushroomFeature (minecraft@1.20.1)
8690:             1             16  net.minecraft.world.level.levelgen.feature.CoralTreeFeature (minecraft@1.20.1)
8691:             1             16  net.minecraft.world.level.levelgen.feature.DeltaFeature (minecraft@1.20.1)
8692:             1             16  net.minecraft.world.level.levelgen.feature.DiskFeature (minecraft@1.20.1)
8693:             1             16  net.minecraft.world.level.levelgen.feature.DripstoneClusterFeature (minecraft@1.20.1)
8694:             1             16  net.minecraft.world.level.levelgen.feature.EndGatewayFeature (minecraft@1.20.1)
8695:             1             16  net.minecraft.world.level.levelgen.feature.EndIslandFeature (minecraft@1.20.1)
8696:             1             16  net.minecraft.world.level.levelgen.feature.Feature$$Lambda$3108/0x0000000100a8aa98 (minecraft@1.20.1)
8697:             1             16  net.minecraft.world.level.levelgen.feature.FillLayerFeature (minecraft@1.20.1)
8698:             1             16  net.minecraft.world.level.levelgen.feature.FossilFeature (minecraft@1.20.1)
8699:             1             16  net.minecraft.world.level.levelgen.feature.FossilFeatureConfiguration$$Lambda$3165/0x0000000100a92fa8 (minecraft@1.20.1)
8700:             1             16  net.minecraft.world.level.levelgen.feature.FossilFeatureConfiguration$$Lambda$3166/0x0000000100a931e8 (minecraft@1.20.1)
8701:             1             16  net.minecraft.world.level.levelgen.feature.FossilFeatureConfiguration$$Lambda$3167/0x0000000100a93428 (minecraft@1.20.1)
8702:             1             16  net.minecraft.world.level.levelgen.feature.FossilFeatureConfiguration$$Lambda$3211/0x0000000100a9e768 (minecraft@1.20.1)
8703:             1             16  net.minecraft.world.level.levelgen.feature.FossilFeatureConfiguration$$Lambda$3212/0x0000000100a9e9a8 (minecraft@1.20.1)
8704:             1             16  net.minecraft.world.level.levelgen.feature.FossilFeatureConfiguration$$Lambda$3213/0x0000000100a9ebe8 (minecraft@1.20.1)
8705:             1             16  net.minecraft.world.level.levelgen.feature.FossilFeatureConfiguration$$Lambda$3214/0x0000000100a9ee28 (minecraft@1.20.1)
8706:             1             16  net.minecraft.world.level.levelgen.feature.GeodeFeature (minecraft@1.20.1)
8707:             1             16  net.minecraft.world.level.levelgen.feature.GlowstoneFeature (minecraft@1.20.1)
8708:             1             16  net.minecraft.world.level.levelgen.feature.HugeBrownMushroomFeature (minecraft@1.20.1)
8709:             1             16  net.minecraft.world.level.levelgen.feature.HugeFungusConfiguration$$Lambda$3321/0x0000000100ab33a8 (minecraft@1.20.1)
8710:             1             16  net.minecraft.world.level.levelgen.feature.HugeFungusConfiguration$$Lambda$3322/0x0000000100ab35e8 (minecraft@1.20.1)
8711:             1             16  net.minecraft.world.level.levelgen.feature.HugeFungusConfiguration$$Lambda$3323/0x0000000100ab3828 (minecraft@1.20.1)
8712:             1             16  net.minecraft.world.level.levelgen.feature.HugeFungusConfiguration$$Lambda$3324/0x0000000100ab3a68 (minecraft@1.20.1)
8713:             1             16  net.minecraft.world.level.levelgen.feature.HugeFungusConfiguration$$Lambda$3325/0x0000000100ab3ca8 (minecraft@1.20.1)
8714:             1             16  net.minecraft.world.level.levelgen.feature.HugeFungusConfiguration$$Lambda$3326/0x0000000100ab6000 (minecraft@1.20.1)
8715:             1             16  net.minecraft.world.level.levelgen.feature.HugeFungusConfiguration$$Lambda$3327/0x0000000100ab6240 (minecraft@1.20.1)
8716:             1             16  net.minecraft.world.level.levelgen.feature.HugeFungusConfiguration$$Lambda$3328/0x0000000100ab6480 (minecraft@1.20.1)
8717:             1             16  net.minecraft.world.level.levelgen.feature.HugeFungusFeature (minecraft@1.20.1)
8718:             1             16  net.minecraft.world.level.levelgen.feature.HugeRedMushroomFeature (minecraft@1.20.1)
8719:             1             16  net.minecraft.world.level.levelgen.feature.IceSpikeFeature (minecraft@1.20.1)
8720:             1             16  net.minecraft.world.level.levelgen.feature.IcebergFeature (minecraft@1.20.1)
8721:             1             16  net.minecraft.world.level.levelgen.feature.KelpFeature (minecraft@1.20.1)
8722:             1             16  net.minecraft.world.level.levelgen.feature.LakeFeature (minecraft@1.20.1)
8723:             1             16  net.minecraft.world.level.levelgen.feature.LakeFeature$Configuration$$Lambda$3291/0x0000000100aaefb0 (minecraft@1.20.1)
8724:             1             16  net.minecraft.world.level.levelgen.feature.LakeFeature$Configuration$$Lambda$3292/0x0000000100aaf1f0 (minecraft@1.20.1)
8725:             1             16  net.minecraft.world.level.levelgen.feature.LakeFeature$Configuration$$Lambda$3293/0x0000000100aaf430 (minecraft@1.20.1)
8726:             1             16  net.minecraft.world.level.levelgen.feature.LakeFeature$Configuration$$Lambda$3294/0x0000000100aaf670 (minecraft@1.20.1)
8727:             1             16  net.minecraft.world.level.levelgen.feature.LargeDripstoneFeature (minecraft@1.20.1)
8728:             1             16  net.minecraft.world.level.levelgen.feature.MonsterRoomFeature (minecraft@1.20.1)
8729:             1             16  net.minecraft.world.level.levelgen.feature.MultifaceGrowthFeature (minecraft@1.20.1)
8730:             1             16  net.minecraft.world.level.levelgen.feature.NetherForestVegetationFeature (minecraft@1.20.1)
8731:             1             16  net.minecraft.world.level.levelgen.feature.NoOpFeature (minecraft@1.20.1)
8732:             1             16  net.minecraft.world.level.levelgen.feature.OreFeature (minecraft@1.20.1)
8733:             1             16  net.minecraft.world.level.levelgen.feature.PointedDripstoneFeature (minecraft@1.20.1)
8734:             1             16  net.minecraft.world.level.levelgen.feature.RandomBooleanSelectorFeature (minecraft@1.20.1)
8735:             1             16  net.minecraft.world.level.levelgen.feature.RandomSelectorFeature (minecraft@1.20.1)
8736:             1             16  net.minecraft.world.level.levelgen.feature.ReplaceBlobsFeature (minecraft@1.20.1)
8737:             1             16  net.minecraft.world.level.levelgen.feature.ReplaceBlockFeature (minecraft@1.20.1)
8738:             1             16  net.minecraft.world.level.levelgen.feature.RootSystemFeature (minecraft@1.20.1)
8739:             1             16  net.minecraft.world.level.levelgen.feature.ScatteredOreFeature (minecraft@1.20.1)
8740:             1             16  net.minecraft.world.level.levelgen.feature.SculkPatchFeature (minecraft@1.20.1)
8741:             1             16  net.minecraft.world.level.levelgen.feature.SeaPickleFeature (minecraft@1.20.1)
8742:             1             16  net.minecraft.world.level.levelgen.feature.SeagrassFeature (minecraft@1.20.1)
8743:             1             16  net.minecraft.world.level.levelgen.feature.SimpleBlockFeature (minecraft@1.20.1)
8744:             1             16  net.minecraft.world.level.levelgen.feature.SimpleRandomSelectorFeature (minecraft@1.20.1)
8745:             1             16  net.minecraft.world.level.levelgen.feature.SnowAndFreezeFeature (minecraft@1.20.1)
8746:             1             16  net.minecraft.world.level.levelgen.feature.SpikeFeature (minecraft@1.20.1)
8747:             1             16  net.minecraft.world.level.levelgen.feature.SpikeFeature$EndSpike$$Lambda$3302/0x0000000100ab0000 (minecraft@1.20.1)
8748:             1             16  net.minecraft.world.level.levelgen.feature.SpikeFeature$EndSpike$$Lambda$3303/0x0000000100ab0240 (minecraft@1.20.1)
8749:             1             16  net.minecraft.world.level.levelgen.feature.SpikeFeature$EndSpike$$Lambda$3304/0x0000000100ab0480 (minecraft@1.20.1)
8750:             1             16  net.minecraft.world.level.levelgen.feature.SpikeFeature$EndSpike$$Lambda$3305/0x0000000100ab06c0 (minecraft@1.20.1)
8751:             1             16  net.minecraft.world.level.levelgen.feature.SpikeFeature$EndSpike$$Lambda$3306/0x0000000100ab0900 (minecraft@1.20.1)
8752:             1             16  net.minecraft.world.level.levelgen.feature.SpikeFeature$EndSpike$$Lambda$3307/0x0000000100ab0b40 (minecraft@1.20.1)
8753:             1             16  net.minecraft.world.level.levelgen.feature.SpikeFeature$EndSpike$$Lambda$3308/0x0000000100ab0d80 (minecraft@1.20.1)
8754:             1             16  net.minecraft.world.level.levelgen.feature.SpikeFeature$SpikeCacheLoader (minecraft@1.20.1)
8755:             1             16  net.minecraft.world.level.levelgen.feature.SpringFeature (minecraft@1.20.1)
8756:             1             16  net.minecraft.world.level.levelgen.feature.TreeFeature (minecraft@1.20.1)
8757:             1             16  net.minecraft.world.level.levelgen.feature.TwistingVinesFeature (minecraft@1.20.1)
8758:             1             16  net.minecraft.world.level.levelgen.feature.UnderwaterMagmaFeature (minecraft@1.20.1)
8759:             1             16  net.minecraft.world.level.levelgen.feature.VegetationPatchFeature (minecraft@1.20.1)
8760:             1             16  net.minecraft.world.level.levelgen.feature.VinesFeature (minecraft@1.20.1)
8761:             1             16  net.minecraft.world.level.levelgen.feature.VoidStartPlatformFeature (minecraft@1.20.1)
8762:             1             16  net.minecraft.world.level.levelgen.feature.WaterloggedVegetationPatchFeature (minecraft@1.20.1)
8763:             1             16  net.minecraft.world.level.levelgen.feature.WeepingVinesFeature (minecraft@1.20.1)
8764:             1             16  net.minecraft.world.level.levelgen.feature.WeightedPlacedFeature$$Lambda$3360/0x0000000100aba820 (minecraft@1.20.1)
8765:             1             16  net.minecraft.world.level.levelgen.feature.WeightedPlacedFeature$$Lambda$3361/0x0000000100abaa60 (minecraft@1.20.1)
8766:             1             16  net.minecraft.world.level.levelgen.feature.WeightedPlacedFeature$$Lambda$3362/0x0000000100abaca0 (minecraft@1.20.1)
8767:             1             16  net.minecraft.world.level.levelgen.feature.WeightedPlacedFeature$$Lambda$3363/0x0000000100abaee0 (minecraft@1.20.1)
8768:             1             16  net.minecraft.world.level.levelgen.feature.configurations.BlockColumnConfiguration$$Lambda$3220/0x0000000100aa0230 (minecraft@1.20.1)
8769:             1             16  net.minecraft.world.level.levelgen.feature.configurations.BlockColumnConfiguration$$Lambda$3225/0x0000000100aa0f70 (minecraft@1.20.1)
8770:             1             16  net.minecraft.world.level.levelgen.feature.configurations.BlockColumnConfiguration$$Lambda$3226/0x0000000100aa11b0 (minecraft@1.20.1)
8771:             1             16  net.minecraft.world.level.levelgen.feature.configurations.BlockColumnConfiguration$$Lambda$3227/0x0000000100aa13f0 (minecraft@1.20.1)
8772:             1             16  net.minecraft.world.level.levelgen.feature.configurations.BlockColumnConfiguration$$Lambda$3228/0x0000000100aa1630 (minecraft@1.20.1)
8773:             1             16  net.minecraft.world.level.levelgen.feature.configurations.BlockColumnConfiguration$$Lambda$3229/0x0000000100aa1870 (minecraft@1.20.1)
8774:             1             16  net.minecraft.world.level.levelgen.feature.configurations.BlockColumnConfiguration$Layer$$Lambda$3221/0x0000000100aa0680 (minecraft@1.20.1)
8775:             1             16  net.minecraft.world.level.levelgen.feature.configurations.BlockColumnConfiguration$Layer$$Lambda$3222/0x0000000100aa08c0 (minecraft@1.20.1)
8776:             1             16  net.minecraft.world.level.levelgen.feature.configurations.BlockColumnConfiguration$Layer$$Lambda$3223/0x0000000100aa0b00 (minecraft@1.20.1)
8777:             1             16  net.minecraft.world.level.levelgen.feature.configurations.BlockColumnConfiguration$Layer$$Lambda$3224/0x0000000100aa0d40 (minecraft@1.20.1)
8778:             1             16  net.minecraft.world.level.levelgen.feature.configurations.BlockPileConfiguration$$Lambda$3148/0x0000000100a95408 (minecraft@1.20.1)
8779:             1             16  net.minecraft.world.level.levelgen.feature.configurations.BlockPileConfiguration$$Lambda$3149/0x0000000100a95648 (minecraft@1.20.1)
8780:             1             16  net.minecraft.world.level.levelgen.feature.configurations.BlockStateConfiguration$$Lambda$3275/0x0000000100aaa148 (minecraft@1.20.1)
8781:             1             16  net.minecraft.world.level.levelgen.feature.configurations.BlockStateConfiguration$$Lambda$3276/0x0000000100aaa388 (minecraft@1.20.1)
8782:             1             16  net.minecraft.world.level.levelgen.feature.configurations.ColumnFeatureConfiguration$$Lambda$3339/0x0000000100ab5480 (minecraft@1.20.1)
8783:             1             16  net.minecraft.world.level.levelgen.feature.configurations.ColumnFeatureConfiguration$$Lambda$3340/0x0000000100ab56c0 (minecraft@1.20.1)
8784:             1             16  net.minecraft.world.level.levelgen.feature.configurations.ColumnFeatureConfiguration$$Lambda$3341/0x0000000100ab5900 (minecraft@1.20.1)
8785:             1             16  net.minecraft.world.level.levelgen.feature.configurations.ColumnFeatureConfiguration$$Lambda$3342/0x0000000100ab5b40 (minecraft@1.20.1)
8786:             1             16  net.minecraft.world.level.levelgen.feature.configurations.CountConfiguration$$Lambda$3316/0x0000000100ab2408 (minecraft@1.20.1)
8787:             1             16  net.minecraft.world.level.levelgen.feature.configurations.CountConfiguration$$Lambda$3317/0x0000000100ab2648 (minecraft@1.20.1)
8788:             1             16  net.minecraft.world.level.levelgen.feature.configurations.DeltaFeatureConfiguration$$Lambda$3343/0x0000000100ab4800 (minecraft@1.20.1)
8789:             1             16  net.minecraft.world.level.levelgen.feature.configurations.DeltaFeatureConfiguration$$Lambda$3344/0x0000000100ab4a40 (minecraft@1.20.1)
8790:             1             16  net.minecraft.world.level.levelgen.feature.configurations.DeltaFeatureConfiguration$$Lambda$3345/0x0000000100ab4c80 (minecraft@1.20.1)
8791:             1             16  net.minecraft.world.level.levelgen.feature.configurations.DeltaFeatureConfiguration$$Lambda$3346/0x0000000100ab8000 (minecraft@1.20.1)
8792:             1             16  net.minecraft.world.level.levelgen.feature.configurations.DeltaFeatureConfiguration$$Lambda$3347/0x0000000100ab8240 (minecraft@1.20.1)
8793:             1             16  net.minecraft.world.level.levelgen.feature.configurations.DeltaFeatureConfiguration$$Lambda$3348/0x0000000100ab8480 (minecraft@1.20.1)
8794:             1             16  net.minecraft.world.level.levelgen.feature.configurations.DiskConfiguration$$Lambda$3277/0x0000000100aaa7f8 (minecraft@1.20.1)
8795:             1             16  net.minecraft.world.level.levelgen.feature.configurations.DiskConfiguration$$Lambda$3286/0x0000000100aae230 (minecraft@1.20.1)
8796:             1             16  net.minecraft.world.level.levelgen.feature.configurations.DiskConfiguration$$Lambda$3287/0x0000000100aae470 (minecraft@1.20.1)
8797:             1             16  net.minecraft.world.level.levelgen.feature.configurations.DiskConfiguration$$Lambda$3288/0x0000000100aae6b0 (minecraft@1.20.1)
8798:             1             16  net.minecraft.world.level.levelgen.feature.configurations.DiskConfiguration$$Lambda$3289/0x0000000100aae8f0 (minecraft@1.20.1)
8799:             1             16  net.minecraft.world.level.levelgen.feature.configurations.DiskConfiguration$$Lambda$3290/0x0000000100aaeb30 (minecraft@1.20.1)
8800:             1             16  net.minecraft.world.level.levelgen.feature.configurations.DripstoneClusterConfiguration$$Lambda$3409/0x0000000100ac66d0 (minecraft@1.20.1)
8801:             1             16  net.minecraft.world.level.levelgen.feature.configurations.DripstoneClusterConfiguration$$Lambda$3410/0x0000000100ac6910 (minecraft@1.20.1)
8802:             1             16  net.minecraft.world.level.levelgen.feature.configurations.DripstoneClusterConfiguration$$Lambda$3411/0x0000000100ac6b50 (minecraft@1.20.1)
8803:             1             16  net.minecraft.world.level.levelgen.feature.configurations.DripstoneClusterConfiguration$$Lambda$3412/0x0000000100ac6d90 (minecraft@1.20.1)
8804:             1             16  net.minecraft.world.level.levelgen.feature.configurations.DripstoneClusterConfiguration$$Lambda$3413/0x0000000100ac6fd0 (minecraft@1.20.1)
8805:             1             16  net.minecraft.world.level.levelgen.feature.configurations.DripstoneClusterConfiguration$$Lambda$3414/0x0000000100ac7210 (minecraft@1.20.1)
8806:             1             16  net.minecraft.world.level.levelgen.feature.configurations.DripstoneClusterConfiguration$$Lambda$3415/0x0000000100ac7450 (minecraft@1.20.1)
8807:             1             16  net.minecraft.world.level.levelgen.feature.configurations.DripstoneClusterConfiguration$$Lambda$3416/0x0000000100ac7690 (minecraft@1.20.1)
8808:             1             16  net.minecraft.world.level.levelgen.feature.configurations.DripstoneClusterConfiguration$$Lambda$3417/0x0000000100ac78d0 (minecraft@1.20.1)
8809:             1             16  net.minecraft.world.level.levelgen.feature.configurations.DripstoneClusterConfiguration$$Lambda$3418/0x0000000100ac7b10 (minecraft@1.20.1)
8810:             1             16  net.minecraft.world.level.levelgen.feature.configurations.DripstoneClusterConfiguration$$Lambda$3419/0x0000000100ac7d50 (minecraft@1.20.1)
8811:             1             16  net.minecraft.world.level.levelgen.feature.configurations.DripstoneClusterConfiguration$$Lambda$3420/0x0000000100ac2000 (minecraft@1.20.1)
8812:             1             16  net.minecraft.world.level.levelgen.feature.configurations.DripstoneClusterConfiguration$$Lambda$3421/0x0000000100ac2240 (minecraft@1.20.1)
8813:             1             16  net.minecraft.world.level.levelgen.feature.configurations.EndGatewayConfiguration$$Lambda$3312/0x0000000100ab18e0 (minecraft@1.20.1)
8814:             1             16  net.minecraft.world.level.levelgen.feature.configurations.EndGatewayConfiguration$$Lambda$3313/0x0000000100ab1b20 (minecraft@1.20.1)
8815:             1             16  net.minecraft.world.level.levelgen.feature.configurations.EndGatewayConfiguration$$Lambda$3314/0x0000000100ab1d60 (minecraft@1.20.1)
8816:             1             16  net.minecraft.world.level.levelgen.feature.configurations.EndGatewayConfiguration$$Lambda$3315/0x0000000100ab1fa0 (minecraft@1.20.1)
8817:             1             16  net.minecraft.world.level.levelgen.feature.configurations.GeodeConfiguration$$Lambda$3373/0x0000000100abcbd0 (minecraft@1.20.1)
8818:             1             16  net.minecraft.world.level.levelgen.feature.configurations.GeodeConfiguration$$Lambda$3384/0x0000000100abe6f0 (minecraft@1.20.1)
8819:             1             16  net.minecraft.world.level.levelgen.feature.configurations.GeodeConfiguration$$Lambda$3391/0x0000000100abf8c8 (minecraft@1.20.1)
8820:             1             16  net.minecraft.world.level.levelgen.feature.configurations.GeodeConfiguration$$Lambda$3397/0x0000000100ac4900 (minecraft@1.20.1)
8821:             1             16  net.minecraft.world.level.levelgen.feature.configurations.GeodeConfiguration$$Lambda$3398/0x0000000100ac4b40 (minecraft@1.20.1)
8822:             1             16  net.minecraft.world.level.levelgen.feature.configurations.GeodeConfiguration$$Lambda$3399/0x0000000100ac4d80 (minecraft@1.20.1)
8823:             1             16  net.minecraft.world.level.levelgen.feature.configurations.GeodeConfiguration$$Lambda$3400/0x0000000100ac4fc0 (minecraft@1.20.1)
8824:             1             16  net.minecraft.world.level.levelgen.feature.configurations.GeodeConfiguration$$Lambda$3401/0x0000000100ac5200 (minecraft@1.20.1)
8825:             1             16  net.minecraft.world.level.levelgen.feature.configurations.GeodeConfiguration$$Lambda$3402/0x0000000100ac5440 (minecraft@1.20.1)
8826:             1             16  net.minecraft.world.level.levelgen.feature.configurations.GeodeConfiguration$$Lambda$3403/0x0000000100ac5680 (minecraft@1.20.1)
8827:             1             16  net.minecraft.world.level.levelgen.feature.configurations.GeodeConfiguration$$Lambda$3404/0x0000000100ac58c0 (minecraft@1.20.1)
8828:             1             16  net.minecraft.world.level.levelgen.feature.configurations.GeodeConfiguration$$Lambda$3405/0x0000000100ac5b00 (minecraft@1.20.1)
8829:             1             16  net.minecraft.world.level.levelgen.feature.configurations.GeodeConfiguration$$Lambda$3406/0x0000000100ac5d40 (minecraft@1.20.1)
8830:             1             16  net.minecraft.world.level.levelgen.feature.configurations.GeodeConfiguration$$Lambda$3407/0x0000000100ac5f80 (minecraft@1.20.1)
8831:             1             16  net.minecraft.world.level.levelgen.feature.configurations.GeodeConfiguration$$Lambda$3408/0x0000000100ac61c0 (minecraft@1.20.1)
8832:             1             16  net.minecraft.world.level.levelgen.feature.configurations.HugeMushroomFeatureConfiguration$$Lambda$3215/0x0000000100a9f2b8 (minecraft@1.20.1)
8833:             1             16  net.minecraft.world.level.levelgen.feature.configurations.HugeMushroomFeatureConfiguration$$Lambda$3216/0x0000000100a9f4f8 (minecraft@1.20.1)
8834:             1             16  net.minecraft.world.level.levelgen.feature.configurations.HugeMushroomFeatureConfiguration$$Lambda$3217/0x0000000100a9f738 (minecraft@1.20.1)
8835:             1             16  net.minecraft.world.level.levelgen.feature.configurations.HugeMushroomFeatureConfiguration$$Lambda$3218/0x0000000100a9f978 (minecraft@1.20.1)
8836:             1             16  net.minecraft.world.level.levelgen.feature.configurations.HugeMushroomFeatureConfiguration$$Lambda$3219/0x0000000100a9fbb8 (minecraft@1.20.1)
8837:             1             16  net.minecraft.world.level.levelgen.feature.configurations.LargeDripstoneConfiguration$$Lambda$3423/0x0000000100ac2730 (minecraft@1.20.1)
8838:             1             16  net.minecraft.world.level.levelgen.feature.configurations.LargeDripstoneConfiguration$$Lambda$3424/0x0000000100ac2970 (minecraft@1.20.1)
8839:             1             16  net.minecraft.world.level.levelgen.feature.configurations.LargeDripstoneConfiguration$$Lambda$3425/0x0000000100ac2bb0 (minecraft@1.20.1)
8840:             1             16  net.minecraft.world.level.levelgen.feature.configurations.LargeDripstoneConfiguration$$Lambda$3426/0x0000000100ac2df0 (minecraft@1.20.1)
8841:             1             16  net.minecraft.world.level.levelgen.feature.configurations.LargeDripstoneConfiguration$$Lambda$3427/0x0000000100ac3030 (minecraft@1.20.1)
8842:             1             16  net.minecraft.world.level.levelgen.feature.configurations.LargeDripstoneConfiguration$$Lambda$3428/0x0000000100ac3270 (minecraft@1.20.1)
8843:             1             16  net.minecraft.world.level.levelgen.feature.configurations.LargeDripstoneConfiguration$$Lambda$3429/0x0000000100ac34b0 (minecraft@1.20.1)
8844:             1             16  net.minecraft.world.level.levelgen.feature.configurations.LargeDripstoneConfiguration$$Lambda$3430/0x0000000100ac36f0 (minecraft@1.20.1)
8845:             1             16  net.minecraft.world.level.levelgen.feature.configurations.LargeDripstoneConfiguration$$Lambda$3431/0x0000000100ac3930 (minecraft@1.20.1)
8846:             1             16  net.minecraft.world.level.levelgen.feature.configurations.LargeDripstoneConfiguration$$Lambda$3432/0x0000000100ac3b70 (minecraft@1.20.1)
8847:             1             16  net.minecraft.world.level.levelgen.feature.configurations.LargeDripstoneConfiguration$$Lambda$3433/0x0000000100acc000 (minecraft@1.20.1)
8848:             1             16  net.minecraft.world.level.levelgen.feature.configurations.LayerConfiguration$$Lambda$3354/0x0000000100ab9678 (minecraft@1.20.1)
8849:             1             16  net.minecraft.world.level.levelgen.feature.configurations.LayerConfiguration$$Lambda$3355/0x0000000100ab98b8 (minecraft@1.20.1)
8850:             1             16  net.minecraft.world.level.levelgen.feature.configurations.LayerConfiguration$$Lambda$3356/0x0000000100ab9af8 (minecraft@1.20.1)
8851:             1             16  net.minecraft.world.level.levelgen.feature.configurations.LayerConfiguration$$Lambda$3357/0x0000000100ab9d38 (minecraft@1.20.1)
8852:             1             16  net.minecraft.world.level.levelgen.feature.configurations.MultifaceGrowthConfiguration$$Lambda$3259/0x0000000100aa5520 (minecraft@1.20.1)
8853:             1             16  net.minecraft.world.level.levelgen.feature.configurations.MultifaceGrowthConfiguration$$Lambda$3260/0x0000000100aa5760 (minecraft@1.20.1)
8854:             1             16  net.minecraft.world.level.levelgen.feature.configurations.MultifaceGrowthConfiguration$$Lambda$3261/0x0000000100aa59a0 (minecraft@1.20.1)
8855:             1             16  net.minecraft.world.level.levelgen.feature.configurations.MultifaceGrowthConfiguration$$Lambda$3262/0x0000000100aa5be0 (minecraft@1.20.1)
8856:             1             16  net.minecraft.world.level.levelgen.feature.configurations.MultifaceGrowthConfiguration$$Lambda$3263/0x0000000100aa4c00 (minecraft@1.20.1)
8857:             1             16  net.minecraft.world.level.levelgen.feature.configurations.MultifaceGrowthConfiguration$$Lambda$3264/0x0000000100aa8000 (minecraft@1.20.1)
8858:             1             16  net.minecraft.world.level.levelgen.feature.configurations.MultifaceGrowthConfiguration$$Lambda$3265/0x0000000100aa8240 (minecraft@1.20.1)
8859:             1             16  net.minecraft.world.level.levelgen.feature.configurations.MultifaceGrowthConfiguration$$Lambda$3266/0x0000000100aa8480 (minecraft@1.20.1)
8860:             1             16  net.minecraft.world.level.levelgen.feature.configurations.MultifaceGrowthConfiguration$$Lambda$3267/0x0000000100aa86c0 (minecraft@1.20.1)
8861:             1             16  net.minecraft.world.level.levelgen.feature.configurations.MultifaceGrowthConfiguration$$Lambda$3268/0x0000000100aa8900 (minecraft@1.20.1)
8862:             1             16  net.minecraft.world.level.levelgen.feature.configurations.MultifaceGrowthConfiguration$$Lambda$3269/0x0000000100aa8b40 (minecraft@1.20.1)
8863:             1             16  net.minecraft.world.level.levelgen.feature.configurations.NetherForestVegetationConfig$$Lambda$3329/0x0000000100ab6920 (minecraft@1.20.1)
8864:             1             16  net.minecraft.world.level.levelgen.feature.configurations.NetherForestVegetationConfig$$Lambda$3330/0x0000000100ab6b60 (minecraft@1.20.1)
8865:             1             16  net.minecraft.world.level.levelgen.feature.configurations.NetherForestVegetationConfig$$Lambda$3331/0x0000000100ab6da0 (minecraft@1.20.1)
8866:             1             16  net.minecraft.world.level.levelgen.feature.configurations.NetherForestVegetationConfig$$Lambda$3332/0x0000000100ab6fe0 (minecraft@1.20.1)
8867:             1             16  net.minecraft.world.level.levelgen.feature.configurations.NetherForestVegetationConfig$$Lambda$3333/0x0000000100ab7220 (minecraft@1.20.1)
8868:             1             16  net.minecraft.world.level.levelgen.feature.configurations.NoneFeatureConfiguration (minecraft@1.20.1)
8869:             1             16  net.minecraft.world.level.levelgen.feature.configurations.NoneFeatureConfiguration$$Lambda$3065/0x0000000100a79678 (minecraft@1.20.1)
8870:             1             16  net.minecraft.world.level.levelgen.feature.configurations.OreConfiguration$$Lambda$3295/0x0000000100aaf8a0 (minecraft@1.20.1)
8871:             1             16  net.minecraft.world.level.levelgen.feature.configurations.OreConfiguration$$Lambda$3296/0x0000000100aafae0 (minecraft@1.20.1)
8872:             1             16  net.minecraft.world.level.levelgen.feature.configurations.OreConfiguration$$Lambda$3297/0x0000000100aafd20 (minecraft@1.20.1)
8873:             1             16  net.minecraft.world.level.levelgen.feature.configurations.OreConfiguration$$Lambda$3298/0x0000000100aad000 (minecraft@1.20.1)
8874:             1             16  net.minecraft.world.level.levelgen.feature.configurations.OreConfiguration$$Lambda$3299/0x0000000100aad240 (minecraft@1.20.1)
8875:             1             16  net.minecraft.world.level.levelgen.feature.configurations.OreConfiguration$TargetBlockState$$Lambda$3158/0x0000000100a97348 (minecraft@1.20.1)
8876:             1             16  net.minecraft.world.level.levelgen.feature.configurations.OreConfiguration$TargetBlockState$$Lambda$3159/0x0000000100a97588 (minecraft@1.20.1)
8877:             1             16  net.minecraft.world.level.levelgen.feature.configurations.OreConfiguration$TargetBlockState$$Lambda$3160/0x0000000100a977c8 (minecraft@1.20.1)
8878:             1             16  net.minecraft.world.level.levelgen.feature.configurations.OreConfiguration$TargetBlockState$$Lambda$3161/0x0000000100a97a08 (minecraft@1.20.1)
8879:             1             16  net.minecraft.world.level.levelgen.feature.configurations.PointedDripstoneConfiguration$$Lambda$3435/0x0000000100acc2a0 (minecraft@1.20.1)
8880:             1             16  net.minecraft.world.level.levelgen.feature.configurations.PointedDripstoneConfiguration$$Lambda$3436/0x0000000100acc4e0 (minecraft@1.20.1)
8881:             1             16  net.minecraft.world.level.levelgen.feature.configurations.PointedDripstoneConfiguration$$Lambda$3437/0x0000000100acc720 (minecraft@1.20.1)
8882:             1             16  net.minecraft.world.level.levelgen.feature.configurations.PointedDripstoneConfiguration$$Lambda$3438/0x0000000100acc960 (minecraft@1.20.1)
8883:             1             16  net.minecraft.world.level.levelgen.feature.configurations.PointedDripstoneConfiguration$$Lambda$3439/0x0000000100accba0 (minecraft@1.20.1)
8884:             1             16  net.minecraft.world.level.levelgen.feature.configurations.PointedDripstoneConfiguration$$Lambda$3440/0x0000000100accde0 (minecraft@1.20.1)
8885:             1             16  net.minecraft.world.level.levelgen.feature.configurations.ProbabilityFeatureConfiguration$$Lambda$3066/0x0000000100a79898 (minecraft@1.20.1)
8886:             1             16  net.minecraft.world.level.levelgen.feature.configurations.ProbabilityFeatureConfiguration$$Lambda$3067/0x0000000100a79ad8 (minecraft@1.20.1)
8887:             1             16  net.minecraft.world.level.levelgen.feature.configurations.ProbabilityFeatureConfiguration$$Lambda$3068/0x0000000100a79d18 (minecraft@1.20.1)
8888:             1             16  net.minecraft.world.level.levelgen.feature.configurations.RandomBooleanFeatureConfiguration$$Lambda$3369/0x0000000100abc0b0 (minecraft@1.20.1)
8889:             1             16  net.minecraft.world.level.levelgen.feature.configurations.RandomBooleanFeatureConfiguration$$Lambda$3370/0x0000000100abc2f0 (minecraft@1.20.1)
8890:             1             16  net.minecraft.world.level.levelgen.feature.configurations.RandomBooleanFeatureConfiguration$$Lambda$3371/0x0000000100abc530 (minecraft@1.20.1)
8891:             1             16  net.minecraft.world.level.levelgen.feature.configurations.RandomBooleanFeatureConfiguration$$Lambda$3372/0x0000000100abc770 (minecraft@1.20.1)
8892:             1             16  net.minecraft.world.level.levelgen.feature.configurations.RandomFeatureConfiguration$$Lambda$3358/0x0000000100aba198 (minecraft@1.20.1)
8893:             1             16  net.minecraft.world.level.levelgen.feature.configurations.RandomFeatureConfiguration$$Lambda$3359/0x0000000100aba3d8 (minecraft@1.20.1)
8894:             1             16  net.minecraft.world.level.levelgen.feature.configurations.RandomFeatureConfiguration$$Lambda$3364/0x0000000100abb110 (minecraft@1.20.1)
8895:             1             16  net.minecraft.world.level.levelgen.feature.configurations.RandomFeatureConfiguration$$Lambda$3365/0x0000000100abb350 (minecraft@1.20.1)
8896:             1             16  net.minecraft.world.level.levelgen.feature.configurations.RandomPatchConfiguration$$Lambda$3134/0x0000000100a8ee00 (minecraft@1.20.1)
8897:             1             16  net.minecraft.world.level.levelgen.feature.configurations.RandomPatchConfiguration$$Lambda$3135/0x0000000100a8f040 (minecraft@1.20.1)
8898:             1             16  net.minecraft.world.level.levelgen.feature.configurations.RandomPatchConfiguration$$Lambda$3136/0x0000000100a8f280 (minecraft@1.20.1)
8899:             1             16  net.minecraft.world.level.levelgen.feature.configurations.RandomPatchConfiguration$$Lambda$3137/0x0000000100a8f4c0 (minecraft@1.20.1)
8900:             1             16  net.minecraft.world.level.levelgen.feature.configurations.RandomPatchConfiguration$$Lambda$3146/0x0000000100a94d48 (minecraft@1.20.1)
8901:             1             16  net.minecraft.world.level.levelgen.feature.configurations.RandomPatchConfiguration$$Lambda$3147/0x0000000100a94f88 (minecraft@1.20.1)
8902:             1             16  net.minecraft.world.level.levelgen.feature.configurations.ReplaceBlockConfiguration$$Lambda$3157/0x0000000100a96cc8 (minecraft@1.20.1)
8903:             1             16  net.minecraft.world.level.levelgen.feature.configurations.ReplaceBlockConfiguration$$Lambda$3162/0x0000000100a97c38 (minecraft@1.20.1)
8904:             1             16  net.minecraft.world.level.levelgen.feature.configurations.ReplaceBlockConfiguration$$Lambda$3163/0x0000000100a92000 (minecraft@1.20.1)
8905:             1             16  net.minecraft.world.level.levelgen.feature.configurations.ReplaceSphereConfiguration$$Lambda$3349/0x0000000100ab8908 (minecraft@1.20.1)
8906:             1             16  net.minecraft.world.level.levelgen.feature.configurations.ReplaceSphereConfiguration$$Lambda$3350/0x0000000100ab8b48 (minecraft@1.20.1)
8907:             1             16  net.minecraft.world.level.levelgen.feature.configurations.ReplaceSphereConfiguration$$Lambda$3351/0x0000000100ab8d88 (minecraft@1.20.1)
8908:             1             16  net.minecraft.world.level.levelgen.feature.configurations.ReplaceSphereConfiguration$$Lambda$3352/0x0000000100ab8fc8 (minecraft@1.20.1)
8909:             1             16  net.minecraft.world.level.levelgen.feature.configurations.ReplaceSphereConfiguration$$Lambda$3353/0x0000000100ab9208 (minecraft@1.20.1)
8910:             1             16  net.minecraft.world.level.levelgen.feature.configurations.RootSystemConfiguration$$Lambda$3243/0x0000000100aa6000 (minecraft@1.20.1)
8911:             1             16  net.minecraft.world.level.levelgen.feature.configurations.RootSystemConfiguration$$Lambda$3244/0x0000000100aa6240 (minecraft@1.20.1)
8912:             1             16  net.minecraft.world.level.levelgen.feature.configurations.RootSystemConfiguration$$Lambda$3245/0x0000000100aa6480 (minecraft@1.20.1)
8913:             1             16  net.minecraft.world.level.levelgen.feature.configurations.RootSystemConfiguration$$Lambda$3246/0x0000000100aa66c0 (minecraft@1.20.1)
8914:             1             16  net.minecraft.world.level.levelgen.feature.configurations.RootSystemConfiguration$$Lambda$3247/0x0000000100aa6900 (minecraft@1.20.1)
8915:             1             16  net.minecraft.world.level.levelgen.feature.configurations.RootSystemConfiguration$$Lambda$3248/0x0000000100aa6b40 (minecraft@1.20.1)
8916:             1             16  net.minecraft.world.level.levelgen.feature.configurations.RootSystemConfiguration$$Lambda$3249/0x0000000100aa6d80 (minecraft@1.20.1)
8917:             1             16  net.minecraft.world.level.levelgen.feature.configurations.RootSystemConfiguration$$Lambda$3250/0x0000000100aa6fc0 (minecraft@1.20.1)
8918:             1             16  net.minecraft.world.level.levelgen.feature.configurations.RootSystemConfiguration$$Lambda$3251/0x0000000100aa7200 (minecraft@1.20.1)
8919:             1             16  net.minecraft.world.level.levelgen.feature.configurations.RootSystemConfiguration$$Lambda$3252/0x0000000100aa7440 (minecraft@1.20.1)
8920:             1             16  net.minecraft.world.level.levelgen.feature.configurations.RootSystemConfiguration$$Lambda$3253/0x0000000100aa7680 (minecraft@1.20.1)
8921:             1             16  net.minecraft.world.level.levelgen.feature.configurations.RootSystemConfiguration$$Lambda$3254/0x0000000100aa78c0 (minecraft@1.20.1)
8922:             1             16  net.minecraft.world.level.levelgen.feature.configurations.RootSystemConfiguration$$Lambda$3255/0x0000000100aa7b00 (minecraft@1.20.1)
8923:             1             16  net.minecraft.world.level.levelgen.feature.configurations.RootSystemConfiguration$$Lambda$3256/0x0000000100aa7d40 (minecraft@1.20.1)
8924:             1             16  net.minecraft.world.level.levelgen.feature.configurations.RootSystemConfiguration$$Lambda$3257/0x0000000100aa5000 (minecraft@1.20.1)
8925:             1             16  net.minecraft.world.level.levelgen.feature.configurations.SculkPatchConfiguration$$Lambda$3441/0x0000000100acd260 (minecraft@1.20.1)
8926:             1             16  net.minecraft.world.level.levelgen.feature.configurations.SculkPatchConfiguration$$Lambda$3442/0x0000000100acd4a0 (minecraft@1.20.1)
8927:             1             16  net.minecraft.world.level.levelgen.feature.configurations.SculkPatchConfiguration$$Lambda$3443/0x0000000100acd6e0 (minecraft@1.20.1)
8928:             1             16  net.minecraft.world.level.levelgen.feature.configurations.SculkPatchConfiguration$$Lambda$3444/0x0000000100acd920 (minecraft@1.20.1)
8929:             1             16  net.minecraft.world.level.levelgen.feature.configurations.SculkPatchConfiguration$$Lambda$3445/0x0000000100acdb60 (minecraft@1.20.1)
8930:             1             16  net.minecraft.world.level.levelgen.feature.configurations.SculkPatchConfiguration$$Lambda$3446/0x0000000100acdda0 (minecraft@1.20.1)
8931:             1             16  net.minecraft.world.level.levelgen.feature.configurations.SculkPatchConfiguration$$Lambda$3447/0x0000000100acdfe0 (minecraft@1.20.1)
8932:             1             16  net.minecraft.world.level.levelgen.feature.configurations.SculkPatchConfiguration$$Lambda$3448/0x0000000100ace220 (minecraft@1.20.1)
8933:             1             16  net.minecraft.world.level.levelgen.feature.configurations.SculkPatchConfiguration$$Lambda$3449/0x0000000100ace460 (minecraft@1.20.1)
8934:             1             16  net.minecraft.world.level.levelgen.feature.configurations.SimpleBlockConfiguration$$Lambda$3318/0x0000000100ab2ab8 (minecraft@1.20.1)
8935:             1             16  net.minecraft.world.level.levelgen.feature.configurations.SimpleBlockConfiguration$$Lambda$3319/0x0000000100ab2cf8 (minecraft@1.20.1)
8936:             1             16  net.minecraft.world.level.levelgen.feature.configurations.SimpleBlockConfiguration$$Lambda$3320/0x0000000100ab2f38 (minecraft@1.20.1)
8937:             1             16  net.minecraft.world.level.levelgen.feature.configurations.SimpleRandomFeatureConfiguration$$Lambda$3367/0x0000000100abba00 (minecraft@1.20.1)
8938:             1             16  net.minecraft.world.level.levelgen.feature.configurations.SimpleRandomFeatureConfiguration$$Lambda$3368/0x0000000100abbc40 (minecraft@1.20.1)
8939:             1             16  net.minecraft.world.level.levelgen.feature.configurations.SpikeConfiguration$$Lambda$3300/0x0000000100aad8f0 (minecraft@1.20.1)
8940:             1             16  net.minecraft.world.level.levelgen.feature.configurations.SpikeConfiguration$$Lambda$3301/0x0000000100aadb30 (minecraft@1.20.1)
8941:             1             16  net.minecraft.world.level.levelgen.feature.configurations.SpikeConfiguration$$Lambda$3309/0x0000000100ab0fe0 (minecraft@1.20.1)
8942:             1             16  net.minecraft.world.level.levelgen.feature.configurations.SpikeConfiguration$$Lambda$3310/0x0000000100ab1220 (minecraft@1.20.1)
8943:             1             16  net.minecraft.world.level.levelgen.feature.configurations.SpikeConfiguration$$Lambda$3311/0x0000000100ab1460 (minecraft@1.20.1)
8944:             1             16  net.minecraft.world.level.levelgen.feature.configurations.SpringConfiguration$$Lambda$3150/0x0000000100a95ab8 (minecraft@1.20.1)
8945:             1             16  net.minecraft.world.level.levelgen.feature.configurations.SpringConfiguration$$Lambda$3151/0x0000000100a95cf8 (minecraft@1.20.1)
8946:             1             16  net.minecraft.world.level.levelgen.feature.configurations.SpringConfiguration$$Lambda$3152/0x0000000100a95f38 (minecraft@1.20.1)
8947:             1             16  net.minecraft.world.level.levelgen.feature.configurations.SpringConfiguration$$Lambda$3153/0x0000000100a96178 (minecraft@1.20.1)
8948:             1             16  net.minecraft.world.level.levelgen.feature.configurations.SpringConfiguration$$Lambda$3154/0x0000000100a963b8 (minecraft@1.20.1)
8949:             1             16  net.minecraft.world.level.levelgen.feature.configurations.SpringConfiguration$$Lambda$3155/0x0000000100a965f8 (minecraft@1.20.1)
8950:             1             16  net.minecraft.world.level.levelgen.feature.configurations.SpringConfiguration$$Lambda$3156/0x0000000100a96838 (minecraft@1.20.1)
8951:             1             16  net.minecraft.world.level.levelgen.feature.configurations.TreeConfiguration$$Lambda$3109/0x0000000100a8b108 (minecraft@1.20.1)
8952:             1             16  net.minecraft.world.level.levelgen.feature.configurations.TreeConfiguration$$Lambda$3112/0x0000000100a8b7c8 (minecraft@1.20.1)
8953:             1             16  net.minecraft.world.level.levelgen.feature.configurations.TreeConfiguration$$Lambda$3115/0x0000000100a8be88 (minecraft@1.20.1)
8954:             1             16  net.minecraft.world.level.levelgen.feature.configurations.TreeConfiguration$$Lambda$3116/0x0000000100a8c0c8 (minecraft@1.20.1)
8955:             1             16  net.minecraft.world.level.levelgen.feature.configurations.TreeConfiguration$$Lambda$3119/0x0000000100a8c788 (minecraft@1.20.1)
8956:             1             16  net.minecraft.world.level.levelgen.feature.configurations.TreeConfiguration$$Lambda$3122/0x0000000100a8d088 (minecraft@1.20.1)
8957:             1             16  net.minecraft.world.level.levelgen.feature.configurations.TreeConfiguration$$Lambda$3123/0x0000000100a8d2c8 (minecraft@1.20.1)
8958:             1             16  net.minecraft.world.level.levelgen.feature.configurations.TreeConfiguration$$Lambda$3126/0x0000000100a8d988 (minecraft@1.20.1)
8959:             1             16  net.minecraft.world.level.levelgen.feature.configurations.TreeConfiguration$$Lambda$3129/0x0000000100a8e260 (minecraft@1.20.1)
8960:             1             16  net.minecraft.world.level.levelgen.feature.configurations.TreeConfiguration$$Lambda$3130/0x0000000100a8e4a0 (minecraft@1.20.1)
8961:             1             16  net.minecraft.world.level.levelgen.feature.configurations.TreeConfiguration$$Lambda$3131/0x0000000100a8e6e0 (minecraft@1.20.1)
8962:             1             16  net.minecraft.world.level.levelgen.feature.configurations.TreeConfiguration$$Lambda$3132/0x0000000100a8e920 (minecraft@1.20.1)
8963:             1             16  net.minecraft.world.level.levelgen.feature.configurations.TwistingVinesConfig$$Lambda$3334/0x0000000100ab7688 (minecraft@1.20.1)
8964:             1             16  net.minecraft.world.level.levelgen.feature.configurations.TwistingVinesConfig$$Lambda$3335/0x0000000100ab78c8 (minecraft@1.20.1)
8965:             1             16  net.minecraft.world.level.levelgen.feature.configurations.TwistingVinesConfig$$Lambda$3336/0x0000000100ab7b08 (minecraft@1.20.1)
8966:             1             16  net.minecraft.world.level.levelgen.feature.configurations.TwistingVinesConfig$$Lambda$3337/0x0000000100ab7d48 (minecraft@1.20.1)
8967:             1             16  net.minecraft.world.level.levelgen.feature.configurations.TwistingVinesConfig$$Lambda$3338/0x0000000100ab5000 (minecraft@1.20.1)
8968:             1             16  net.minecraft.world.level.levelgen.feature.configurations.UnderwaterMagmaConfiguration$$Lambda$3270/0x0000000100aa8fe8 (minecraft@1.20.1)
8969:             1             16  net.minecraft.world.level.levelgen.feature.configurations.UnderwaterMagmaConfiguration$$Lambda$3271/0x0000000100aa9228 (minecraft@1.20.1)
8970:             1             16  net.minecraft.world.level.levelgen.feature.configurations.UnderwaterMagmaConfiguration$$Lambda$3272/0x0000000100aa9468 (minecraft@1.20.1)
8971:             1             16  net.minecraft.world.level.levelgen.feature.configurations.UnderwaterMagmaConfiguration$$Lambda$3273/0x0000000100aa96a8 (minecraft@1.20.1)
8972:             1             16  net.minecraft.world.level.levelgen.feature.configurations.UnderwaterMagmaConfiguration$$Lambda$3274/0x0000000100aa98e8 (minecraft@1.20.1)
8973:             1             16  net.minecraft.world.level.levelgen.feature.configurations.VegetationPatchConfiguration$$Lambda$3230/0x0000000100aa1cf0 (minecraft@1.20.1)
8974:             1             16  net.minecraft.world.level.levelgen.feature.configurations.VegetationPatchConfiguration$$Lambda$3231/0x0000000100aa1f30 (minecraft@1.20.1)
8975:             1             16  net.minecraft.world.level.levelgen.feature.configurations.VegetationPatchConfiguration$$Lambda$3232/0x0000000100aa2170 (minecraft@1.20.1)
8976:             1             16  net.minecraft.world.level.levelgen.feature.configurations.VegetationPatchConfiguration$$Lambda$3233/0x0000000100aa23b0 (minecraft@1.20.1)
8977:             1             16  net.minecraft.world.level.levelgen.feature.configurations.VegetationPatchConfiguration$$Lambda$3235/0x0000000100aa2a78 (minecraft@1.20.1)
8978:             1             16  net.minecraft.world.level.levelgen.feature.configurations.VegetationPatchConfiguration$$Lambda$3236/0x0000000100aa2cb8 (minecraft@1.20.1)
8979:             1             16  net.minecraft.world.level.levelgen.feature.configurations.VegetationPatchConfiguration$$Lambda$3237/0x0000000100aa2ef8 (minecraft@1.20.1)
8980:             1             16  net.minecraft.world.level.levelgen.feature.configurations.VegetationPatchConfiguration$$Lambda$3238/0x0000000100aa3138 (minecraft@1.20.1)
8981:             1             16  net.minecraft.world.level.levelgen.feature.configurations.VegetationPatchConfiguration$$Lambda$3239/0x0000000100aa3378 (minecraft@1.20.1)
8982:             1             16  net.minecraft.world.level.levelgen.feature.configurations.VegetationPatchConfiguration$$Lambda$3240/0x0000000100aa35b8 (minecraft@1.20.1)
8983:             1             16  net.minecraft.world.level.levelgen.feature.configurations.VegetationPatchConfiguration$$Lambda$3241/0x0000000100aa37f8 (minecraft@1.20.1)
8984:             1             16  net.minecraft.world.level.levelgen.feature.configurations.VegetationPatchConfiguration$$Lambda$3242/0x0000000100aa3a38 (minecraft@1.20.1)
8985:             1             16  net.minecraft.world.level.levelgen.feature.featuresize.FeatureSize$$Lambda$3124/0x0000000100a8d508 (minecraft@1.20.1)
8986:             1             16  net.minecraft.world.level.levelgen.feature.featuresize.FeatureSize$$Lambda$3125/0x0000000100a8d748 (minecraft@1.20.1)
8987:             1             16  net.minecraft.world.level.levelgen.feature.featuresize.FeatureSize$$Lambda$3839/0x0000000100b256c0 (minecraft@1.20.1)
8988:             1             16  net.minecraft.world.level.levelgen.feature.featuresize.FeatureSize$$Lambda$3840/0x0000000100b25900 (minecraft@1.20.1)
8989:             1             16  net.minecraft.world.level.levelgen.feature.featuresize.FeatureSize$$Lambda$3841/0x0000000100b25b40 (minecraft@1.20.1)
8990:             1             16  net.minecraft.world.level.levelgen.feature.featuresize.ThreeLayersFeatureSize$$Lambda$3843/0x0000000100b24800 (minecraft@1.20.1)
8991:             1             16  net.minecraft.world.level.levelgen.feature.featuresize.ThreeLayersFeatureSize$$Lambda$3844/0x0000000100b24a40 (minecraft@1.20.1)
8992:             1             16  net.minecraft.world.level.levelgen.feature.featuresize.ThreeLayersFeatureSize$$Lambda$3845/0x0000000100b24c80 (minecraft@1.20.1)
8993:             1             16  net.minecraft.world.level.levelgen.feature.featuresize.ThreeLayersFeatureSize$$Lambda$3846/0x0000000100b28000 (minecraft@1.20.1)
8994:             1             16  net.minecraft.world.level.levelgen.feature.featuresize.ThreeLayersFeatureSize$$Lambda$3847/0x0000000100b28240 (minecraft@1.20.1)
8995:             1             16  net.minecraft.world.level.levelgen.feature.featuresize.ThreeLayersFeatureSize$$Lambda$3848/0x0000000100b28480 (minecraft@1.20.1)
8996:             1             16  net.minecraft.world.level.levelgen.feature.featuresize.ThreeLayersFeatureSize$$Lambda$3849/0x0000000100b286c0 (minecraft@1.20.1)
8997:             1             16  net.minecraft.world.level.levelgen.feature.featuresize.TwoLayersFeatureSize$$Lambda$3835/0x0000000100b27d10 (minecraft@1.20.1)
8998:             1             16  net.minecraft.world.level.levelgen.feature.featuresize.TwoLayersFeatureSize$$Lambda$3836/0x0000000100b25000 (minecraft@1.20.1)
8999:             1             16  net.minecraft.world.level.levelgen.feature.featuresize.TwoLayersFeatureSize$$Lambda$3837/0x0000000100b25240 (minecraft@1.20.1)
9000:             1             16  net.minecraft.world.level.levelgen.feature.featuresize.TwoLayersFeatureSize$$Lambda$3838/0x0000000100b25480 (minecraft@1.20.1)
9001:             1             16  net.minecraft.world.level.levelgen.feature.featuresize.TwoLayersFeatureSize$$Lambda$3842/0x0000000100b25d80 (minecraft@1.20.1)
9002:             1             16  net.minecraft.world.level.levelgen.feature.foliageplacers.AcaciaFoliagePlacer$$Lambda$3741/0x0000000100b17b00 (minecraft@1.20.1)
9003:             1             16  net.minecraft.world.level.levelgen.feature.foliageplacers.AcaciaFoliagePlacer$$Lambda$3742/0x0000000100b17d40 (minecraft@1.20.1)
9004:             1             16  net.minecraft.world.level.levelgen.feature.foliageplacers.BlobFoliagePlacer$$Lambda$3730/0x0000000100b16240 (minecraft@1.20.1)
9005:             1             16  net.minecraft.world.level.levelgen.feature.foliageplacers.BlobFoliagePlacer$$Lambda$3733/0x0000000100b16900 (minecraft@1.20.1)
9006:             1             16  net.minecraft.world.level.levelgen.feature.foliageplacers.BlobFoliagePlacer$$Lambda$3734/0x0000000100b16b40 (minecraft@1.20.1)
9007:             1             16  net.minecraft.world.level.levelgen.feature.foliageplacers.BushFoliagePlacer$$Lambda$3743/0x0000000100b15000 (minecraft@1.20.1)
9008:             1             16  net.minecraft.world.level.levelgen.feature.foliageplacers.BushFoliagePlacer$$Lambda$3744/0x0000000100b15240 (minecraft@1.20.1)
9009:             1             16  net.minecraft.world.level.levelgen.feature.foliageplacers.CherryFoliagePlacer$$Lambda$3759/0x0000000100b18b40 (minecraft@1.20.1)
9010:             1             16  net.minecraft.world.level.levelgen.feature.foliageplacers.CherryFoliagePlacer$$Lambda$3760/0x0000000100b18d80 (minecraft@1.20.1)
9011:             1             16  net.minecraft.world.level.levelgen.feature.foliageplacers.CherryFoliagePlacer$$Lambda$3761/0x0000000100b18fc0 (minecraft@1.20.1)
9012:             1             16  net.minecraft.world.level.levelgen.feature.foliageplacers.CherryFoliagePlacer$$Lambda$3762/0x0000000100b19200 (minecraft@1.20.1)
9013:             1             16  net.minecraft.world.level.levelgen.feature.foliageplacers.CherryFoliagePlacer$$Lambda$3763/0x0000000100b19440 (minecraft@1.20.1)
9014:             1             16  net.minecraft.world.level.levelgen.feature.foliageplacers.CherryFoliagePlacer$$Lambda$3764/0x0000000100b19680 (minecraft@1.20.1)
9015:             1             16  net.minecraft.world.level.levelgen.feature.foliageplacers.CherryFoliagePlacer$$Lambda$3765/0x0000000100b198c0 (minecraft@1.20.1)
9016:             1             16  net.minecraft.world.level.levelgen.feature.foliageplacers.DarkOakFoliagePlacer$$Lambda$3753/0x0000000100b14400 (minecraft@1.20.1)
9017:             1             16  net.minecraft.world.level.levelgen.feature.foliageplacers.DarkOakFoliagePlacer$$Lambda$3754/0x0000000100b18000 (minecraft@1.20.1)
9018:             1             16  net.minecraft.world.level.levelgen.feature.foliageplacers.FancyFoliagePlacer$$Lambda$3745/0x0000000100b15480 (minecraft@1.20.1)
9019:             1             16  net.minecraft.world.level.levelgen.feature.foliageplacers.FancyFoliagePlacer$$Lambda$3746/0x0000000100b156c0 (minecraft@1.20.1)
9020:             1             16  net.minecraft.world.level.levelgen.feature.foliageplacers.FoliagePlacer$$Lambda$3117/0x0000000100a8c308 (minecraft@1.20.1)
9021:             1             16  net.minecraft.world.level.levelgen.feature.foliageplacers.FoliagePlacer$$Lambda$3118/0x0000000100a8c548 (minecraft@1.20.1)
9022:             1             16  net.minecraft.world.level.levelgen.feature.foliageplacers.FoliagePlacer$$Lambda$3731/0x0000000100b16480 (minecraft@1.20.1)
9023:             1             16  net.minecraft.world.level.levelgen.feature.foliageplacers.FoliagePlacer$$Lambda$3732/0x0000000100b166c0 (minecraft@1.20.1)
9024:             1             16  net.minecraft.world.level.levelgen.feature.foliageplacers.MegaJungleFoliagePlacer$$Lambda$3747/0x0000000100b15900 (minecraft@1.20.1)
9025:             1             16  net.minecraft.world.level.levelgen.feature.foliageplacers.MegaJungleFoliagePlacer$$Lambda$3748/0x0000000100b15b40 (minecraft@1.20.1)
9026:             1             16  net.minecraft.world.level.levelgen.feature.foliageplacers.MegaJungleFoliagePlacer$$Lambda$3749/0x0000000100b15d80 (minecraft@1.20.1)
9027:             1             16  net.minecraft.world.level.levelgen.feature.foliageplacers.MegaPineFoliagePlacer$$Lambda$3750/0x0000000100b14800 (minecraft@1.20.1)
9028:             1             16  net.minecraft.world.level.levelgen.feature.foliageplacers.MegaPineFoliagePlacer$$Lambda$3751/0x0000000100b14a40 (minecraft@1.20.1)
9029:             1             16  net.minecraft.world.level.levelgen.feature.foliageplacers.MegaPineFoliagePlacer$$Lambda$3752/0x0000000100b14c80 (minecraft@1.20.1)
9030:             1             16  net.minecraft.world.level.levelgen.feature.foliageplacers.PineFoliagePlacer$$Lambda$3738/0x0000000100b17440 (minecraft@1.20.1)
9031:             1             16  net.minecraft.world.level.levelgen.feature.foliageplacers.PineFoliagePlacer$$Lambda$3739/0x0000000100b17680 (minecraft@1.20.1)
9032:             1             16  net.minecraft.world.level.levelgen.feature.foliageplacers.PineFoliagePlacer$$Lambda$3740/0x0000000100b178c0 (minecraft@1.20.1)
9033:             1             16  net.minecraft.world.level.levelgen.feature.foliageplacers.RandomSpreadFoliagePlacer$$Lambda$3755/0x0000000100b18230 (minecraft@1.20.1)
9034:             1             16  net.minecraft.world.level.levelgen.feature.foliageplacers.RandomSpreadFoliagePlacer$$Lambda$3756/0x0000000100b18470 (minecraft@1.20.1)
9035:             1             16  net.minecraft.world.level.levelgen.feature.foliageplacers.RandomSpreadFoliagePlacer$$Lambda$3757/0x0000000100b186b0 (minecraft@1.20.1)
9036:             1             16  net.minecraft.world.level.levelgen.feature.foliageplacers.RandomSpreadFoliagePlacer$$Lambda$3758/0x0000000100b188f0 (minecraft@1.20.1)
9037:             1             16  net.minecraft.world.level.levelgen.feature.foliageplacers.SpruceFoliagePlacer$$Lambda$3735/0x0000000100b16d80 (minecraft@1.20.1)
9038:             1             16  net.minecraft.world.level.levelgen.feature.foliageplacers.SpruceFoliagePlacer$$Lambda$3736/0x0000000100b16fc0 (minecraft@1.20.1)
9039:             1             16  net.minecraft.world.level.levelgen.feature.foliageplacers.SpruceFoliagePlacer$$Lambda$3737/0x0000000100b17200 (minecraft@1.20.1)
9040:             1             16  net.minecraft.world.level.levelgen.feature.rootplacers.AboveRootPlacement$$Lambda$3801/0x0000000100b20000 (minecraft@1.20.1)
9041:             1             16  net.minecraft.world.level.levelgen.feature.rootplacers.AboveRootPlacement$$Lambda$3802/0x0000000100b20240 (minecraft@1.20.1)
9042:             1             16  net.minecraft.world.level.levelgen.feature.rootplacers.AboveRootPlacement$$Lambda$3803/0x0000000100b20480 (minecraft@1.20.1)
9043:             1             16  net.minecraft.world.level.levelgen.feature.rootplacers.AboveRootPlacement$$Lambda$3804/0x0000000100b206c0 (minecraft@1.20.1)
9044:             1             16  net.minecraft.world.level.levelgen.feature.rootplacers.MangroveRootPlacement$$Lambda$3806/0x0000000100b20d40 (minecraft@1.20.1)
9045:             1             16  net.minecraft.world.level.levelgen.feature.rootplacers.MangroveRootPlacement$$Lambda$3807/0x0000000100b20f80 (minecraft@1.20.1)
9046:             1             16  net.minecraft.world.level.levelgen.feature.rootplacers.MangroveRootPlacement$$Lambda$3808/0x0000000100b211c0 (minecraft@1.20.1)
9047:             1             16  net.minecraft.world.level.levelgen.feature.rootplacers.MangroveRootPlacement$$Lambda$3809/0x0000000100b21400 (minecraft@1.20.1)
9048:             1             16  net.minecraft.world.level.levelgen.feature.rootplacers.MangroveRootPlacement$$Lambda$3810/0x0000000100b21640 (minecraft@1.20.1)
9049:             1             16  net.minecraft.world.level.levelgen.feature.rootplacers.MangroveRootPlacement$$Lambda$3811/0x0000000100b21880 (minecraft@1.20.1)
9050:             1             16  net.minecraft.world.level.levelgen.feature.rootplacers.MangroveRootPlacement$$Lambda$3812/0x0000000100b21ac0 (minecraft@1.20.1)
9051:             1             16  net.minecraft.world.level.levelgen.feature.rootplacers.MangroveRootPlacement$$Lambda$3813/0x0000000100b21d00 (minecraft@1.20.1)
9052:             1             16  net.minecraft.world.level.levelgen.feature.rootplacers.MangroveRootPlacer$$Lambda$3798/0x0000000100b1d708 (minecraft@1.20.1)
9053:             1             16  net.minecraft.world.level.levelgen.feature.rootplacers.MangroveRootPlacer$$Lambda$3814/0x0000000100b21f70 (minecraft@1.20.1)
9054:             1             16  net.minecraft.world.level.levelgen.feature.rootplacers.MangroveRootPlacer$$Lambda$3815/0x0000000100b221b0 (minecraft@1.20.1)
9055:             1             16  net.minecraft.world.level.levelgen.feature.rootplacers.RootPlacer$$Lambda$3120/0x0000000100a8cc08 (minecraft@1.20.1)
9056:             1             16  net.minecraft.world.level.levelgen.feature.rootplacers.RootPlacer$$Lambda$3121/0x0000000100a8ce48 (minecraft@1.20.1)
9057:             1             16  net.minecraft.world.level.levelgen.feature.rootplacers.RootPlacer$$Lambda$3799/0x0000000100b1d948 (minecraft@1.20.1)
9058:             1             16  net.minecraft.world.level.levelgen.feature.rootplacers.RootPlacer$$Lambda$3800/0x0000000100b1db88 (minecraft@1.20.1)
9059:             1             16  net.minecraft.world.level.levelgen.feature.rootplacers.RootPlacer$$Lambda$3805/0x0000000100b208f0 (minecraft@1.20.1)
9060:             1             16  net.minecraft.world.level.levelgen.feature.rootplacers.RootPlacerType (minecraft@1.20.1)
9061:             1             16  net.minecraft.world.level.levelgen.feature.stateproviders.BlockStateProvider$$Lambda$3110/0x0000000100a8b348 (minecraft@1.20.1)
9062:             1             16  net.minecraft.world.level.levelgen.feature.stateproviders.BlockStateProvider$$Lambda$3111/0x0000000100a8b588 (minecraft@1.20.1)
9063:             1             16  net.minecraft.world.level.levelgen.feature.stateproviders.DualNoiseProvider$$Lambda$3700/0x0000000100b09918 (minecraft@1.20.1)
9064:             1             16  net.minecraft.world.level.levelgen.feature.stateproviders.DualNoiseProvider$$Lambda$3717/0x0000000100b121f0 (minecraft@1.20.1)
9065:             1             16  net.minecraft.world.level.levelgen.feature.stateproviders.DualNoiseProvider$$Lambda$3718/0x0000000100b12430 (minecraft@1.20.1)
9066:             1             16  net.minecraft.world.level.levelgen.feature.stateproviders.DualNoiseProvider$$Lambda$3719/0x0000000100b12670 (minecraft@1.20.1)
9067:             1             16  net.minecraft.world.level.levelgen.feature.stateproviders.DualNoiseProvider$$Lambda$3720/0x0000000100b128b0 (minecraft@1.20.1)
9068:             1             16  net.minecraft.world.level.levelgen.feature.stateproviders.NoiseBasedStateProvider$$Lambda$3684/0x0000000100b0f9b8 (minecraft@1.20.1)
9069:             1             16  net.minecraft.world.level.levelgen.feature.stateproviders.NoiseBasedStateProvider$$Lambda$3689/0x0000000100b0ab28 (minecraft@1.20.1)
9070:             1             16  net.minecraft.world.level.levelgen.feature.stateproviders.NoiseBasedStateProvider$$Lambda$3690/0x0000000100b0ad68 (minecraft@1.20.1)
9071:             1             16  net.minecraft.world.level.levelgen.feature.stateproviders.NoiseProvider$$Lambda$3697/0x0000000100b09000 (minecraft@1.20.1)
9072:             1             16  net.minecraft.world.level.levelgen.feature.stateproviders.NoiseProvider$$Lambda$3698/0x0000000100b09240 (minecraft@1.20.1)
9073:             1             16  net.minecraft.world.level.levelgen.feature.stateproviders.NoiseProvider$$Lambda$3699/0x0000000100b09480 (minecraft@1.20.1)
9074:             1             16  net.minecraft.world.level.levelgen.feature.stateproviders.NoiseThresholdProvider$$Lambda$3683/0x0000000100b0f778 (minecraft@1.20.1)
9075:             1             16  net.minecraft.world.level.levelgen.feature.stateproviders.NoiseThresholdProvider$$Lambda$3691/0x0000000100b0afa8 (minecraft@1.20.1)
9076:             1             16  net.minecraft.world.level.levelgen.feature.stateproviders.NoiseThresholdProvider$$Lambda$3692/0x0000000100b0b1e8 (minecraft@1.20.1)
9077:             1             16  net.minecraft.world.level.levelgen.feature.stateproviders.NoiseThresholdProvider$$Lambda$3693/0x0000000100b0b428 (minecraft@1.20.1)
9078:             1             16  net.minecraft.world.level.levelgen.feature.stateproviders.NoiseThresholdProvider$$Lambda$3694/0x0000000100b0b668 (minecraft@1.20.1)
9079:             1             16  net.minecraft.world.level.levelgen.feature.stateproviders.NoiseThresholdProvider$$Lambda$3695/0x0000000100b0b8a8 (minecraft@1.20.1)
9080:             1             16  net.minecraft.world.level.levelgen.feature.stateproviders.NoiseThresholdProvider$$Lambda$3696/0x0000000100b0bae8 (minecraft@1.20.1)
9081:             1             16  net.minecraft.world.level.levelgen.feature.stateproviders.RandomizedIntStateProvider$$Lambda$3725/0x0000000100b13650 (minecraft@1.20.1)
9082:             1             16  net.minecraft.world.level.levelgen.feature.stateproviders.RandomizedIntStateProvider$$Lambda$3726/0x0000000100b13890 (minecraft@1.20.1)
9083:             1             16  net.minecraft.world.level.levelgen.feature.stateproviders.RandomizedIntStateProvider$$Lambda$3727/0x0000000100b13ad0 (minecraft@1.20.1)
9084:             1             16  net.minecraft.world.level.levelgen.feature.stateproviders.RandomizedIntStateProvider$$Lambda$3728/0x0000000100b13d10 (minecraft@1.20.1)
9085:             1             16  net.minecraft.world.level.levelgen.feature.stateproviders.RandomizedIntStateProvider$$Lambda$3729/0x0000000100b16000 (minecraft@1.20.1)
9086:             1             16  net.minecraft.world.level.levelgen.feature.stateproviders.RotatedBlockProvider$$Lambda$3721/0x0000000100b12d50 (minecraft@1.20.1)
9087:             1             16  net.minecraft.world.level.levelgen.feature.stateproviders.RotatedBlockProvider$$Lambda$3722/0x0000000100b12f90 (minecraft@1.20.1)
9088:             1             16  net.minecraft.world.level.levelgen.feature.stateproviders.RotatedBlockProvider$$Lambda$3723/0x0000000100b131d0 (minecraft@1.20.1)
9089:             1             16  net.minecraft.world.level.levelgen.feature.stateproviders.RotatedBlockProvider$$Lambda$3724/0x0000000100b13410 (minecraft@1.20.1)
9090:             1             16  net.minecraft.world.level.levelgen.feature.stateproviders.RuleBasedBlockStateProvider$$Lambda$3278/0x0000000100aaac48 (minecraft@1.20.1)
9091:             1             16  net.minecraft.world.level.levelgen.feature.stateproviders.RuleBasedBlockStateProvider$$Lambda$3279/0x0000000100aaae88 (minecraft@1.20.1)
9092:             1             16  net.minecraft.world.level.levelgen.feature.stateproviders.RuleBasedBlockStateProvider$$Lambda$3284/0x0000000100aabbc8 (minecraft@1.20.1)
9093:             1             16  net.minecraft.world.level.levelgen.feature.stateproviders.RuleBasedBlockStateProvider$$Lambda$3285/0x0000000100aae000 (minecraft@1.20.1)
9094:             1             16  net.minecraft.world.level.levelgen.feature.stateproviders.RuleBasedBlockStateProvider$Rule$$Lambda$3280/0x0000000100aab2d8 (minecraft@1.20.1)
9095:             1             16  net.minecraft.world.level.levelgen.feature.stateproviders.RuleBasedBlockStateProvider$Rule$$Lambda$3281/0x0000000100aab518 (minecraft@1.20.1)
9096:             1             16  net.minecraft.world.level.levelgen.feature.stateproviders.RuleBasedBlockStateProvider$Rule$$Lambda$3282/0x0000000100aab758 (minecraft@1.20.1)
9097:             1             16  net.minecraft.world.level.levelgen.feature.stateproviders.RuleBasedBlockStateProvider$Rule$$Lambda$3283/0x0000000100aab998 (minecraft@1.20.1)
9098:             1             16  net.minecraft.world.level.levelgen.feature.stateproviders.SimpleStateProvider$$Lambda$3679/0x0000000100b0ea20 (minecraft@1.20.1)
9099:             1             16  net.minecraft.world.level.levelgen.feature.stateproviders.SimpleStateProvider$$Lambda$3680/0x0000000100b0ec60 (minecraft@1.20.1)
9100:             1             16  net.minecraft.world.level.levelgen.feature.stateproviders.WeightedStateProvider$$Lambda$3681/0x0000000100b0eea0 (minecraft@1.20.1)
9101:             1             16  net.minecraft.world.level.levelgen.feature.stateproviders.WeightedStateProvider$$Lambda$3682/0x0000000100b0f0e0 (minecraft@1.20.1)
9102:             1             16  net.minecraft.world.level.levelgen.feature.treedecorators.AlterGroundDecorator$$Lambda$3825/0x0000000100b26440 (minecraft@1.20.1)
9103:             1             16  net.minecraft.world.level.levelgen.feature.treedecorators.AlterGroundDecorator$$Lambda$3826/0x0000000100b26680 (minecraft@1.20.1)
9104:             1             16  net.minecraft.world.level.levelgen.feature.treedecorators.AttachedToLeavesDecorator$$Lambda$3827/0x0000000100b26ae0 (minecraft@1.20.1)
9105:             1             16  net.minecraft.world.level.levelgen.feature.treedecorators.AttachedToLeavesDecorator$$Lambda$3828/0x0000000100b26d20 (minecraft@1.20.1)
9106:             1             16  net.minecraft.world.level.levelgen.feature.treedecorators.AttachedToLeavesDecorator$$Lambda$3829/0x0000000100b26f60 (minecraft@1.20.1)
9107:             1             16  net.minecraft.world.level.levelgen.feature.treedecorators.AttachedToLeavesDecorator$$Lambda$3830/0x0000000100b271a0 (minecraft@1.20.1)
9108:             1             16  net.minecraft.world.level.levelgen.feature.treedecorators.AttachedToLeavesDecorator$$Lambda$3831/0x0000000100b273e0 (minecraft@1.20.1)
9109:             1             16  net.minecraft.world.level.levelgen.feature.treedecorators.AttachedToLeavesDecorator$$Lambda$3832/0x0000000100b27620 (minecraft@1.20.1)
9110:             1             16  net.minecraft.world.level.levelgen.feature.treedecorators.AttachedToLeavesDecorator$$Lambda$3833/0x0000000100b27860 (minecraft@1.20.1)
9111:             1             16  net.minecraft.world.level.levelgen.feature.treedecorators.AttachedToLeavesDecorator$$Lambda$3834/0x0000000100b27aa0 (minecraft@1.20.1)
9112:             1             16  net.minecraft.world.level.levelgen.feature.treedecorators.BeehiveDecorator$$Lambda$3821/0x0000000100b23780 (minecraft@1.20.1)
9113:             1             16  net.minecraft.world.level.levelgen.feature.treedecorators.BeehiveDecorator$$Lambda$3822/0x0000000100b239c0 (minecraft@1.20.1)
9114:             1             16  net.minecraft.world.level.levelgen.feature.treedecorators.BeehiveDecorator$$Lambda$3823/0x0000000100b23c00 (minecraft@1.20.1)
9115:             1             16  net.minecraft.world.level.levelgen.feature.treedecorators.BeehiveDecorator$$Lambda$3824/0x0000000100b26000 (minecraft@1.20.1)
9116:             1             16  net.minecraft.world.level.levelgen.feature.treedecorators.CocoaDecorator$$Lambda$3819/0x0000000100b230e8 (minecraft@1.20.1)
9117:             1             16  net.minecraft.world.level.levelgen.feature.treedecorators.CocoaDecorator$$Lambda$3820/0x0000000100b23328 (minecraft@1.20.1)
9118:             1             16  net.minecraft.world.level.levelgen.feature.treedecorators.LeaveVineDecorator$$Lambda$3817/0x0000000100b22a50 (minecraft@1.20.1)
9119:             1             16  net.minecraft.world.level.levelgen.feature.treedecorators.LeaveVineDecorator$$Lambda$3818/0x0000000100b22c90 (minecraft@1.20.1)
9120:             1             16  net.minecraft.world.level.levelgen.feature.treedecorators.TreeDecorator$$Lambda$3127/0x0000000100a8dde0 (minecraft@1.20.1)
9121:             1             16  net.minecraft.world.level.levelgen.feature.treedecorators.TreeDecorator$$Lambda$3128/0x0000000100a8e020 (minecraft@1.20.1)
9122:             1             16  net.minecraft.world.level.levelgen.feature.treedecorators.TrunkVineDecorator (minecraft@1.20.1)
9123:             1             16  net.minecraft.world.level.levelgen.feature.treedecorators.TrunkVineDecorator$$Lambda$3816/0x0000000100b22618 (minecraft@1.20.1)
9124:             1             16  net.minecraft.world.level.levelgen.feature.trunkplacers.BendingTrunkPlacer$$Lambda$3781/0x0000000100b1bd00 (minecraft@1.20.1)
9125:             1             16  net.minecraft.world.level.levelgen.feature.trunkplacers.BendingTrunkPlacer$$Lambda$3782/0x0000000100b1e000 (minecraft@1.20.1)
9126:             1             16  net.minecraft.world.level.levelgen.feature.trunkplacers.BendingTrunkPlacer$$Lambda$3783/0x0000000100b1e240 (minecraft@1.20.1)
9127:             1             16  net.minecraft.world.level.levelgen.feature.trunkplacers.BendingTrunkPlacer$$Lambda$3784/0x0000000100b1e480 (minecraft@1.20.1)
9128:             1             16  net.minecraft.world.level.levelgen.feature.trunkplacers.CherryTrunkPlacer$$Lambda$3791/0x0000000100b1f4a0 (minecraft@1.20.1)
9129:             1             16  net.minecraft.world.level.levelgen.feature.trunkplacers.CherryTrunkPlacer$$Lambda$3792/0x0000000100b1f6e0 (minecraft@1.20.1)
9130:             1             16  net.minecraft.world.level.levelgen.feature.trunkplacers.CherryTrunkPlacer$$Lambda$3793/0x0000000100b1f920 (minecraft@1.20.1)
9131:             1             16  net.minecraft.world.level.levelgen.feature.trunkplacers.CherryTrunkPlacer$$Lambda$3794/0x0000000100b1fb60 (minecraft@1.20.1)
9132:             1             16  net.minecraft.world.level.levelgen.feature.trunkplacers.CherryTrunkPlacer$$Lambda$3795/0x0000000100b1fda0 (minecraft@1.20.1)
9133:             1             16  net.minecraft.world.level.levelgen.feature.trunkplacers.CherryTrunkPlacer$$Lambda$3796/0x0000000100b1d000 (minecraft@1.20.1)
9134:             1             16  net.minecraft.world.level.levelgen.feature.trunkplacers.CherryTrunkPlacer$$Lambda$3797/0x0000000100b1d240 (minecraft@1.20.1)
9135:             1             16  net.minecraft.world.level.levelgen.feature.trunkplacers.DarkOakTrunkPlacer$$Lambda$3777/0x0000000100b1b400 (minecraft@1.20.1)
9136:             1             16  net.minecraft.world.level.levelgen.feature.trunkplacers.DarkOakTrunkPlacer$$Lambda$3778/0x0000000100b1b640 (minecraft@1.20.1)
9137:             1             16  net.minecraft.world.level.levelgen.feature.trunkplacers.FancyTrunkPlacer$$Lambda$3779/0x0000000100b1b880 (minecraft@1.20.1)
9138:             1             16  net.minecraft.world.level.levelgen.feature.trunkplacers.FancyTrunkPlacer$$Lambda$3780/0x0000000100b1bac0 (minecraft@1.20.1)
9139:             1             16  net.minecraft.world.level.levelgen.feature.trunkplacers.ForkingTrunkPlacer$$Lambda$3771/0x0000000100b1a680 (minecraft@1.20.1)
9140:             1             16  net.minecraft.world.level.levelgen.feature.trunkplacers.ForkingTrunkPlacer$$Lambda$3772/0x0000000100b1a8c0 (minecraft@1.20.1)
9141:             1             16  net.minecraft.world.level.levelgen.feature.trunkplacers.GiantTrunkPlacer$$Lambda$3773/0x0000000100b1ab00 (minecraft@1.20.1)
9142:             1             16  net.minecraft.world.level.levelgen.feature.trunkplacers.GiantTrunkPlacer$$Lambda$3774/0x0000000100b1ad40 (minecraft@1.20.1)
9143:             1             16  net.minecraft.world.level.levelgen.feature.trunkplacers.MegaJungleTrunkPlacer$$Lambda$3775/0x0000000100b1af80 (minecraft@1.20.1)
9144:             1             16  net.minecraft.world.level.levelgen.feature.trunkplacers.MegaJungleTrunkPlacer$$Lambda$3776/0x0000000100b1b1c0 (minecraft@1.20.1)
9145:             1             16  net.minecraft.world.level.levelgen.feature.trunkplacers.StraightTrunkPlacer$$Lambda$3766/0x0000000100b19b40 (minecraft@1.20.1)
9146:             1             16  net.minecraft.world.level.levelgen.feature.trunkplacers.StraightTrunkPlacer$$Lambda$3770/0x0000000100b1a440 (minecraft@1.20.1)
9147:             1             16  net.minecraft.world.level.levelgen.feature.trunkplacers.TrunkPlacer$$Lambda$3113/0x0000000100a8ba08 (minecraft@1.20.1)
9148:             1             16  net.minecraft.world.level.levelgen.feature.trunkplacers.TrunkPlacer$$Lambda$3114/0x0000000100a8bc48 (minecraft@1.20.1)
9149:             1             16  net.minecraft.world.level.levelgen.feature.trunkplacers.TrunkPlacer$$Lambda$3767/0x0000000100b19d80 (minecraft@1.20.1)
9150:             1             16  net.minecraft.world.level.levelgen.feature.trunkplacers.TrunkPlacer$$Lambda$3768/0x0000000100b19fc0 (minecraft@1.20.1)
9151:             1             16  net.minecraft.world.level.levelgen.feature.trunkplacers.TrunkPlacer$$Lambda$3769/0x0000000100b1a200 (minecraft@1.20.1)
9152:             1             16  net.minecraft.world.level.levelgen.feature.trunkplacers.UpwardsBranchingTrunkPlacer$$Lambda$3785/0x0000000100b1e6e0 (minecraft@1.20.1)
9153:             1             16  net.minecraft.world.level.levelgen.feature.trunkplacers.UpwardsBranchingTrunkPlacer$$Lambda$3786/0x0000000100b1e920 (minecraft@1.20.1)
9154:             1             16  net.minecraft.world.level.levelgen.feature.trunkplacers.UpwardsBranchingTrunkPlacer$$Lambda$3787/0x0000000100b1eb60 (minecraft@1.20.1)
9155:             1             16  net.minecraft.world.level.levelgen.feature.trunkplacers.UpwardsBranchingTrunkPlacer$$Lambda$3788/0x0000000100b1eda0 (minecraft@1.20.1)
9156:             1             16  net.minecraft.world.level.levelgen.feature.trunkplacers.UpwardsBranchingTrunkPlacer$$Lambda$3789/0x0000000100b1efe0 (minecraft@1.20.1)
9157:             1             16  net.minecraft.world.level.levelgen.feature.trunkplacers.UpwardsBranchingTrunkPlacer$$Lambda$3790/0x0000000100b1f220 (minecraft@1.20.1)
9158:             1             16  net.minecraft.world.level.levelgen.flat.FlatLayerInfo$$Lambda$4029/0x0000000100b508f8 (minecraft@1.20.1)
9159:             1             16  net.minecraft.world.level.levelgen.flat.FlatLayerInfo$$Lambda$4030/0x0000000100b50b38 (minecraft@1.20.1)
9160:             1             16  net.minecraft.world.level.levelgen.flat.FlatLayerInfo$$Lambda$4031/0x0000000100b50d78 (minecraft@1.20.1)
9161:             1             16  net.minecraft.world.level.levelgen.flat.FlatLayerInfo$$Lambda$4032/0x0000000100b50fb8 (minecraft@1.20.1)
9162:             1             16  net.minecraft.world.level.levelgen.flat.FlatLevelGeneratorSettings$$Lambda$4027/0x0000000100b50258 (minecraft@1.20.1)
9163:             1             16  net.minecraft.world.level.levelgen.flat.FlatLevelGeneratorSettings$$Lambda$4028/0x0000000100b50498 (minecraft@1.20.1)
9164:             1             16  net.minecraft.world.level.levelgen.flat.FlatLevelGeneratorSettings$$Lambda$4033/0x0000000100b511e8 (minecraft@1.20.1)
9165:             1             16  net.minecraft.world.level.levelgen.flat.FlatLevelGeneratorSettings$$Lambda$4034/0x0000000100b51428 (minecraft@1.20.1)
9166:             1             16  net.minecraft.world.level.levelgen.flat.FlatLevelGeneratorSettings$$Lambda$4035/0x0000000100b51668 (minecraft@1.20.1)
9167:             1             16  net.minecraft.world.level.levelgen.flat.FlatLevelGeneratorSettings$$Lambda$4036/0x0000000100b518a8 (minecraft@1.20.1)
9168:             1             16  net.minecraft.world.level.levelgen.flat.FlatLevelGeneratorSettings$$Lambda$4037/0x0000000100b51ac8 (minecraft@1.20.1)
9169:             1             16  net.minecraft.world.level.levelgen.flat.FlatLevelGeneratorSettings$$Lambda$4038/0x0000000100b52118 (minecraft@1.20.1)
9170:             1             16  net.minecraft.world.level.levelgen.flat.FlatLevelGeneratorSettings$$Lambda$4039/0x0000000100b523a8 (minecraft@1.20.1)
9171:             1             16  net.minecraft.world.level.levelgen.heightproviders.BiasedToBottomHeight$$Lambda$3001/0x0000000100a69f18 (minecraft@1.20.1)
9172:             1             16  net.minecraft.world.level.levelgen.heightproviders.BiasedToBottomHeight$$Lambda$3002/0x0000000100a6a158 (minecraft@1.20.1)
9173:             1             16  net.minecraft.world.level.levelgen.heightproviders.BiasedToBottomHeight$$Lambda$3003/0x0000000100a6a398 (minecraft@1.20.1)
9174:             1             16  net.minecraft.world.level.levelgen.heightproviders.BiasedToBottomHeight$$Lambda$3004/0x0000000100a6a5d8 (minecraft@1.20.1)
9175:             1             16  net.minecraft.world.level.levelgen.heightproviders.BiasedToBottomHeight$$Lambda$3005/0x0000000100a6a818 (minecraft@1.20.1)
9176:             1             16  net.minecraft.world.level.levelgen.heightproviders.ConstantHeight (minecraft@1.20.1)
9177:             1             16  net.minecraft.world.level.levelgen.heightproviders.ConstantHeight$$Lambda$2991/0x0000000100a68480 (minecraft@1.20.1)
9178:             1             16  net.minecraft.world.level.levelgen.heightproviders.ConstantHeight$$Lambda$2992/0x0000000100a686c0 (minecraft@1.20.1)
9179:             1             16  net.minecraft.world.level.levelgen.heightproviders.ConstantHeight$$Lambda$2993/0x0000000100a68900 (minecraft@1.20.1)
9180:             1             16  net.minecraft.world.level.levelgen.heightproviders.ConstantHeight$$Lambda$2994/0x0000000100a68b40 (minecraft@1.20.1)
9181:             1             16  net.minecraft.world.level.levelgen.heightproviders.ConstantHeight$$Lambda$2995/0x0000000100a68d80 (minecraft@1.20.1)
9182:             1             16  net.minecraft.world.level.levelgen.heightproviders.HeightProvider$$Lambda$2987/0x0000000100a64a40 (minecraft@1.20.1)
9183:             1             16  net.minecraft.world.level.levelgen.heightproviders.HeightProvider$$Lambda$2988/0x0000000100a64c80 (minecraft@1.20.1)
9184:             1             16  net.minecraft.world.level.levelgen.heightproviders.HeightProvider$$Lambda$2989/0x0000000100a68000 (minecraft@1.20.1)
9185:             1             16  net.minecraft.world.level.levelgen.heightproviders.HeightProvider$$Lambda$2990/0x0000000100a68240 (minecraft@1.20.1)
9186:             1             16  net.minecraft.world.level.levelgen.heightproviders.TrapezoidHeight$$Lambda$3011/0x0000000100a6b9d8 (minecraft@1.20.1)
9187:             1             16  net.minecraft.world.level.levelgen.heightproviders.TrapezoidHeight$$Lambda$3012/0x0000000100a6bc18 (minecraft@1.20.1)
9188:             1             16  net.minecraft.world.level.levelgen.heightproviders.TrapezoidHeight$$Lambda$3013/0x0000000100a6be58 (minecraft@1.20.1)
9189:             1             16  net.minecraft.world.level.levelgen.heightproviders.TrapezoidHeight$$Lambda$3014/0x0000000100a6c098 (minecraft@1.20.1)
9190:             1             16  net.minecraft.world.level.levelgen.heightproviders.TrapezoidHeight$$Lambda$3015/0x0000000100a6c2d8 (minecraft@1.20.1)
9191:             1             16  net.minecraft.world.level.levelgen.heightproviders.UniformHeight$$Lambda$2997/0x0000000100a69408 (minecraft@1.20.1)
9192:             1             16  net.minecraft.world.level.levelgen.heightproviders.UniformHeight$$Lambda$2998/0x0000000100a69648 (minecraft@1.20.1)
9193:             1             16  net.minecraft.world.level.levelgen.heightproviders.UniformHeight$$Lambda$2999/0x0000000100a69888 (minecraft@1.20.1)
9194:             1             16  net.minecraft.world.level.levelgen.heightproviders.UniformHeight$$Lambda$3000/0x0000000100a69ac8 (minecraft@1.20.1)
9195:             1             16  net.minecraft.world.level.levelgen.heightproviders.VeryBiasedToBottomHeight$$Lambda$3006/0x0000000100a6ac78 (minecraft@1.20.1)
9196:             1             16  net.minecraft.world.level.levelgen.heightproviders.VeryBiasedToBottomHeight$$Lambda$3007/0x0000000100a6aeb8 (minecraft@1.20.1)
9197:             1             16  net.minecraft.world.level.levelgen.heightproviders.VeryBiasedToBottomHeight$$Lambda$3008/0x0000000100a6b0f8 (minecraft@1.20.1)
9198:             1             16  net.minecraft.world.level.levelgen.heightproviders.VeryBiasedToBottomHeight$$Lambda$3009/0x0000000100a6b338 (minecraft@1.20.1)
9199:             1             16  net.minecraft.world.level.levelgen.heightproviders.VeryBiasedToBottomHeight$$Lambda$3010/0x0000000100a6b578 (minecraft@1.20.1)
9200:             1             16  net.minecraft.world.level.levelgen.heightproviders.WeightedListHeight$$Lambda$3016/0x0000000100a6c738 (minecraft@1.20.1)
9201:             1             16  net.minecraft.world.level.levelgen.heightproviders.WeightedListHeight$$Lambda$3017/0x0000000100a6c978 (minecraft@1.20.1)
9202:             1             16  net.minecraft.world.level.levelgen.heightproviders.WeightedListHeight$$Lambda$3018/0x0000000100a6cbb8 (minecraft@1.20.1)
9203:             1             16  net.minecraft.world.level.levelgen.placement.BiomeFilter (minecraft@1.20.1)
9204:             1             16  net.minecraft.world.level.levelgen.placement.BiomeFilter$$Lambda$3644/0x0000000100b03ed0 (minecraft@1.20.1)
9205:             1             16  net.minecraft.world.level.levelgen.placement.BlockPredicateFilter$$Lambda$3630/0x0000000100b016e0 (minecraft@1.20.1)
9206:             1             16  net.minecraft.world.level.levelgen.placement.BlockPredicateFilter$$Lambda$3631/0x0000000100b01920 (minecraft@1.20.1)
9207:             1             16  net.minecraft.world.level.levelgen.placement.BlockPredicateFilter$$Lambda$3632/0x0000000100b01b60 (minecraft@1.20.1)
9208:             1             16  net.minecraft.world.level.levelgen.placement.CarvingMaskPlacement$$Lambda$3677/0x0000000100b0e5a0 (minecraft@1.20.1)
9209:             1             16  net.minecraft.world.level.levelgen.placement.CarvingMaskPlacement$$Lambda$3678/0x0000000100b0e7e0 (minecraft@1.20.1)
9210:             1             16  net.minecraft.world.level.levelgen.placement.CaveSurface$$Lambda$3234/0x0000000100aa2858 (minecraft@1.20.1)
9211:             1             16  net.minecraft.world.level.levelgen.placement.CountOnEveryLayerPlacement$$Lambda$3657/0x0000000100b06698 (minecraft@1.20.1)
9212:             1             16  net.minecraft.world.level.levelgen.placement.CountOnEveryLayerPlacement$$Lambda$3658/0x0000000100b068d8 (minecraft@1.20.1)
9213:             1             16  net.minecraft.world.level.levelgen.placement.CountPlacement$$Lambda$3645/0x0000000100b04538 (minecraft@1.20.1)
9214:             1             16  net.minecraft.world.level.levelgen.placement.CountPlacement$$Lambda$3646/0x0000000100b04778 (minecraft@1.20.1)
9215:             1             16  net.minecraft.world.level.levelgen.placement.EnvironmentScanPlacement$$Lambda$3659/0x0000000100b06d38 (minecraft@1.20.1)
9216:             1             16  net.minecraft.world.level.levelgen.placement.EnvironmentScanPlacement$$Lambda$3660/0x0000000100b06f78 (minecraft@1.20.1)
9217:             1             16  net.minecraft.world.level.levelgen.placement.EnvironmentScanPlacement$$Lambda$3661/0x0000000100b071b8 (minecraft@1.20.1)
9218:             1             16  net.minecraft.world.level.levelgen.placement.EnvironmentScanPlacement$$Lambda$3662/0x0000000100b073f8 (minecraft@1.20.1)
9219:             1             16  net.minecraft.world.level.levelgen.placement.EnvironmentScanPlacement$$Lambda$3663/0x0000000100b07638 (minecraft@1.20.1)
9220:             1             16  net.minecraft.world.level.levelgen.placement.EnvironmentScanPlacement$$Lambda$3664/0x0000000100b07878 (minecraft@1.20.1)
9221:             1             16  net.minecraft.world.level.levelgen.placement.HeightRangePlacement$$Lambda$3668/0x0000000100b0c8f8 (minecraft@1.20.1)
9222:             1             16  net.minecraft.world.level.levelgen.placement.HeightRangePlacement$$Lambda$3669/0x0000000100b0cb38 (minecraft@1.20.1)
9223:             1             16  net.minecraft.world.level.levelgen.placement.HeightRangePlacement$$Lambda$3670/0x0000000100b0cd78 (minecraft@1.20.1)
9224:             1             16  net.minecraft.world.level.levelgen.placement.HeightmapPlacement$$Lambda$3665/0x0000000100b07ce8 (minecraft@1.20.1)
9225:             1             16  net.minecraft.world.level.levelgen.placement.HeightmapPlacement$$Lambda$3666/0x0000000100b0c000 (minecraft@1.20.1)
9226:             1             16  net.minecraft.world.level.levelgen.placement.HeightmapPlacement$$Lambda$3667/0x0000000100b0c240 (minecraft@1.20.1)
9227:             1             16  net.minecraft.world.level.levelgen.placement.InSquarePlacement (minecraft@1.20.1)
9228:             1             16  net.minecraft.world.level.levelgen.placement.InSquarePlacement$$Lambda$3671/0x0000000100b0d1d0 (minecraft@1.20.1)
9229:             1             16  net.minecraft.world.level.levelgen.placement.NoiseBasedCountPlacement$$Lambda$3647/0x0000000100b04bd8 (minecraft@1.20.1)
9230:             1             16  net.minecraft.world.level.levelgen.placement.NoiseBasedCountPlacement$$Lambda$3648/0x0000000100b04e18 (minecraft@1.20.1)
9231:             1             16  net.minecraft.world.level.levelgen.placement.NoiseBasedCountPlacement$$Lambda$3649/0x0000000100b05058 (minecraft@1.20.1)
9232:             1             16  net.minecraft.world.level.levelgen.placement.NoiseBasedCountPlacement$$Lambda$3650/0x0000000100b05298 (minecraft@1.20.1)
9233:             1             16  net.minecraft.world.level.levelgen.placement.NoiseBasedCountPlacement$$Lambda$3651/0x0000000100b054d8 (minecraft@1.20.1)
9234:             1             16  net.minecraft.world.level.levelgen.placement.NoiseThresholdCountPlacement$$Lambda$3652/0x0000000100b05938 (minecraft@1.20.1)
9235:             1             16  net.minecraft.world.level.levelgen.placement.NoiseThresholdCountPlacement$$Lambda$3653/0x0000000100b05b78 (minecraft@1.20.1)
9236:             1             16  net.minecraft.world.level.levelgen.placement.NoiseThresholdCountPlacement$$Lambda$3654/0x0000000100b05db8 (minecraft@1.20.1)
9237:             1             16  net.minecraft.world.level.levelgen.placement.NoiseThresholdCountPlacement$$Lambda$3655/0x0000000100b05ff8 (minecraft@1.20.1)
9238:             1             16  net.minecraft.world.level.levelgen.placement.NoiseThresholdCountPlacement$$Lambda$3656/0x0000000100b06238 (minecraft@1.20.1)
9239:             1             16  net.minecraft.world.level.levelgen.placement.PlacedFeature$$Lambda$3138/0x0000000100a8f910 (minecraft@1.20.1)
9240:             1             16  net.minecraft.world.level.levelgen.placement.PlacedFeature$$Lambda$3141/0x0000000100a94000 (minecraft@1.20.1)
9241:             1             16  net.minecraft.world.level.levelgen.placement.PlacedFeature$$Lambda$3144/0x0000000100a948d8 (minecraft@1.20.1)
9242:             1             16  net.minecraft.world.level.levelgen.placement.PlacedFeature$$Lambda$3145/0x0000000100a94b18 (minecraft@1.20.1)
9243:             1             16  net.minecraft.world.level.levelgen.placement.PlacementModifier$$Lambda$3142/0x0000000100a94458 (minecraft@1.20.1)
9244:             1             16  net.minecraft.world.level.levelgen.placement.PlacementModifier$$Lambda$3143/0x0000000100a94698 (minecraft@1.20.1)
9245:             1             16  net.minecraft.world.level.levelgen.placement.RandomOffsetPlacement$$Lambda$3672/0x0000000100b0d610 (minecraft@1.20.1)
9246:             1             16  net.minecraft.world.level.levelgen.placement.RandomOffsetPlacement$$Lambda$3673/0x0000000100b0d850 (minecraft@1.20.1)
9247:             1             16  net.minecraft.world.level.levelgen.placement.RandomOffsetPlacement$$Lambda$3674/0x0000000100b0da90 (minecraft@1.20.1)
9248:             1             16  net.minecraft.world.level.levelgen.placement.RandomOffsetPlacement$$Lambda$3675/0x0000000100b0dcd0 (minecraft@1.20.1)
9249:             1             16  net.minecraft.world.level.levelgen.placement.RarityFilter$$Lambda$3634/0x0000000100b021e8 (minecraft@1.20.1)
9250:             1             16  net.minecraft.world.level.levelgen.placement.RarityFilter$$Lambda$3635/0x0000000100b02428 (minecraft@1.20.1)
9251:             1             16  net.minecraft.world.level.levelgen.placement.SurfaceRelativeThresholdFilter$$Lambda$3636/0x0000000100b02890 (minecraft@1.20.1)
9252:             1             16  net.minecraft.world.level.levelgen.placement.SurfaceRelativeThresholdFilter$$Lambda$3637/0x0000000100b02ad0 (minecraft@1.20.1)
9253:             1             16  net.minecraft.world.level.levelgen.placement.SurfaceRelativeThresholdFilter$$Lambda$3638/0x0000000100b02d10 (minecraft@1.20.1)
9254:             1             16  net.minecraft.world.level.levelgen.placement.SurfaceRelativeThresholdFilter$$Lambda$3639/0x0000000100b02f50 (minecraft@1.20.1)
9255:             1             16  net.minecraft.world.level.levelgen.placement.SurfaceRelativeThresholdFilter$$Lambda$3640/0x0000000100b03190 (minecraft@1.20.1)
9256:             1             16  net.minecraft.world.level.levelgen.placement.SurfaceWaterDepthFilter$$Lambda$3641/0x0000000100b035f0 (minecraft@1.20.1)
9257:             1             16  net.minecraft.world.level.levelgen.placement.SurfaceWaterDepthFilter$$Lambda$3642/0x0000000100b03830 (minecraft@1.20.1)
9258:             1             16  net.minecraft.world.level.levelgen.placement.SurfaceWaterDepthFilter$$Lambda$3643/0x0000000100b03a70 (minecraft@1.20.1)
9259:             1             16  net.minecraft.world.level.levelgen.structure.Structure$$Lambda$3465/0x0000000100acba68 (minecraft@1.20.1)
9260:             1             16  net.minecraft.world.level.levelgen.structure.Structure$$Lambda$3466/0x0000000100acbca8 (minecraft@1.20.1)
9261:             1             16  net.minecraft.world.level.levelgen.structure.Structure$$Lambda$3570/0x0000000100aee8f0 (minecraft@1.20.1)
9262:             1             16  net.minecraft.world.level.levelgen.structure.Structure$StructureSettings$$Lambda$3548/0x0000000100ae9dd0 (minecraft@1.20.1)
9263:             1             16  net.minecraft.world.level.levelgen.structure.Structure$StructureSettings$$Lambda$3549/0x0000000100aea010 (minecraft@1.20.1)
9264:             1             16  net.minecraft.world.level.levelgen.structure.Structure$StructureSettings$$Lambda$3564/0x0000000100aed0e8 (minecraft@1.20.1)
9265:             1             16  net.minecraft.world.level.levelgen.structure.Structure$StructureSettings$$Lambda$3566/0x0000000100aedba8 (minecraft@1.20.1)
9266:             1             16  net.minecraft.world.level.levelgen.structure.Structure$StructureSettings$$Lambda$3568/0x0000000100aee460 (minecraft@1.20.1)
9267:             1             16  net.minecraft.world.level.levelgen.structure.Structure$StructureSettings$$Lambda$3569/0x0000000100aee6a0 (minecraft@1.20.1)
9268:             1             16  net.minecraft.world.level.levelgen.structure.StructureSet$$Lambda$3463/0x0000000100acb160 (minecraft@1.20.1)
9269:             1             16  net.minecraft.world.level.levelgen.structure.StructureSet$$Lambda$3470/0x0000000100ac96b0 (minecraft@1.20.1)
9270:             1             16  net.minecraft.world.level.levelgen.structure.StructureSet$$Lambda$3471/0x0000000100ac98f0 (minecraft@1.20.1)
9271:             1             16  net.minecraft.world.level.levelgen.structure.StructureSet$$Lambda$3472/0x0000000100ac9b30 (minecraft@1.20.1)
9272:             1             16  net.minecraft.world.level.levelgen.structure.StructureSet$StructureSelectionEntry$$Lambda$3464/0x0000000100acb5b0 (minecraft@1.20.1)
9273:             1             16  net.minecraft.world.level.levelgen.structure.StructureSet$StructureSelectionEntry$$Lambda$3467/0x0000000100ac9000 (minecraft@1.20.1)
9274:             1             16  net.minecraft.world.level.levelgen.structure.StructureSet$StructureSelectionEntry$$Lambda$3468/0x0000000100ac9240 (minecraft@1.20.1)
9275:             1             16  net.minecraft.world.level.levelgen.structure.StructureSet$StructureSelectionEntry$$Lambda$3469/0x0000000100ac9480 (minecraft@1.20.1)
9276:             1             16  net.minecraft.world.level.levelgen.structure.StructureSpawnOverride$$Lambda$3550/0x0000000100aea460 (minecraft@1.20.1)
9277:             1             16  net.minecraft.world.level.levelgen.structure.StructureSpawnOverride$$Lambda$3552/0x0000000100aead18 (minecraft@1.20.1)
9278:             1             16  net.minecraft.world.level.levelgen.structure.StructureSpawnOverride$$Lambda$3562/0x0000000100aeca48 (minecraft@1.20.1)
9279:             1             16  net.minecraft.world.level.levelgen.structure.StructureSpawnOverride$$Lambda$3563/0x0000000100aecc88 (minecraft@1.20.1)
9280:             1             16  net.minecraft.world.level.levelgen.structure.StructureSpawnOverride$BoundingBoxType$$Lambda$3551/0x0000000100aeaaf8 (minecraft@1.20.1)
9281:             1             16  net.minecraft.world.level.levelgen.structure.TerrainAdjustment$$Lambda$3567/0x0000000100aee240 (minecraft@1.20.1)
9282:             1             16  net.minecraft.world.level.levelgen.structure.pieces.StructurePieceType$$Lambda$3490/0x0000000100ad34b0 (minecraft@1.20.1)
9283:             1             16  net.minecraft.world.level.levelgen.structure.pieces.StructurePieceType$$Lambda$3491/0x0000000100ad3a40 (minecraft@1.20.1)
9284:             1             16  net.minecraft.world.level.levelgen.structure.pieces.StructurePieceType$$Lambda$3492/0x0000000100ad6000 (minecraft@1.20.1)
9285:             1             16  net.minecraft.world.level.levelgen.structure.pieces.StructurePieceType$$Lambda$3493/0x0000000100ad6588 (minecraft@1.20.1)
9286:             1             16  net.minecraft.world.level.levelgen.structure.pieces.StructurePieceType$$Lambda$3494/0x0000000100ad7190 (minecraft@1.20.1)
9287:             1             16  net.minecraft.world.level.levelgen.structure.pieces.StructurePieceType$$Lambda$3495/0x0000000100ad73d8 (minecraft@1.20.1)
9288:             1             16  net.minecraft.world.level.levelgen.structure.pieces.StructurePieceType$$Lambda$3496/0x0000000100ad7960 (minecraft@1.20.1)
9289:             1             16  net.minecraft.world.level.levelgen.structure.pieces.StructurePieceType$$Lambda$3497/0x0000000100ad5000 (minecraft@1.20.1)
9290:             1             16  net.minecraft.world.level.levelgen.structure.pieces.StructurePieceType$$Lambda$3498/0x0000000100ad5588 (minecraft@1.20.1)
9291:             1             16  net.minecraft.world.level.levelgen.structure.pieces.StructurePieceType$$Lambda$3499/0x0000000100ad5b10 (minecraft@1.20.1)
9292:             1             16  net.minecraft.world.level.levelgen.structure.pieces.StructurePieceType$$Lambda$3500/0x0000000100ad5d58 (minecraft@1.20.1)
9293:             1             16  net.minecraft.world.level.levelgen.structure.pieces.StructurePieceType$$Lambda$3501/0x0000000100ad8000 (minecraft@1.20.1)
9294:             1             16  net.minecraft.world.level.levelgen.structure.pieces.StructurePieceType$$Lambda$3502/0x0000000100ad8588 (minecraft@1.20.1)
9295:             1             16  net.minecraft.world.level.levelgen.structure.pieces.StructurePieceType$$Lambda$3503/0x0000000100ad8b10 (minecraft@1.20.1)
9296:             1             16  net.minecraft.world.level.levelgen.structure.pieces.StructurePieceType$$Lambda$3504/0x0000000100ad9098 (minecraft@1.20.1)
9297:             1             16  net.minecraft.world.level.levelgen.structure.pieces.StructurePieceType$$Lambda$3505/0x0000000100ad9620 (minecraft@1.20.1)
9298:             1             16  net.minecraft.world.level.levelgen.structure.pieces.StructurePieceType$$Lambda$3506/0x0000000100ad9ba8 (minecraft@1.20.1)
9299:             1             16  net.minecraft.world.level.levelgen.structure.pieces.StructurePieceType$$Lambda$3507/0x0000000100ada130 (minecraft@1.20.1)
9300:             1             16  net.minecraft.world.level.levelgen.structure.pieces.StructurePieceType$$Lambda$3508/0x0000000100ada6b8 (minecraft@1.20.1)
9301:             1             16  net.minecraft.world.level.levelgen.structure.pieces.StructurePieceType$$Lambda$3509/0x0000000100adb3e0 (minecraft@1.20.1)
9302:             1             16  net.minecraft.world.level.levelgen.structure.pieces.StructurePieceType$$Lambda$3510/0x0000000100adb978 (minecraft@1.20.1)
9303:             1             16  net.minecraft.world.level.levelgen.structure.pieces.StructurePieceType$$Lambda$3511/0x0000000100adbf10 (minecraft@1.20.1)
9304:             1             16  net.minecraft.world.level.levelgen.structure.pieces.StructurePieceType$$Lambda$3512/0x0000000100adc7f8 (minecraft@1.20.1)
9305:             1             16  net.minecraft.world.level.levelgen.structure.pieces.StructurePieceType$$Lambda$3513/0x0000000100adcd90 (minecraft@1.20.1)
9306:             1             16  net.minecraft.world.level.levelgen.structure.pieces.StructurePieceType$$Lambda$3514/0x0000000100add328 (minecraft@1.20.1)
9307:             1             16  net.minecraft.world.level.levelgen.structure.pieces.StructurePieceType$$Lambda$3515/0x0000000100add8c0 (minecraft@1.20.1)
9308:             1             16  net.minecraft.world.level.levelgen.structure.pieces.StructurePieceType$$Lambda$3516/0x0000000100adde58 (minecraft@1.20.1)
9309:             1             16  net.minecraft.world.level.levelgen.structure.pieces.StructurePieceType$$Lambda$3517/0x0000000100ade3f0 (minecraft@1.20.1)
9310:             1             16  net.minecraft.world.level.levelgen.structure.pieces.StructurePieceType$$Lambda$3518/0x0000000100ade988 (minecraft@1.20.1)
9311:             1             16  net.minecraft.world.level.levelgen.structure.pieces.StructurePieceType$$Lambda$3519/0x0000000100adef28 (minecraft@1.20.1)
9312:             1             16  net.minecraft.world.level.levelgen.structure.pieces.StructurePieceType$$Lambda$3520/0x0000000100adf4c0 (minecraft@1.20.1)
9313:             1             16  net.minecraft.world.level.levelgen.structure.pieces.StructurePieceType$$Lambda$3521/0x0000000100adfa58 (minecraft@1.20.1)
9314:             1             16  net.minecraft.world.level.levelgen.structure.pieces.StructurePieceType$$Lambda$3522/0x0000000100ae0558 (minecraft@1.20.1)
9315:             1             16  net.minecraft.world.level.levelgen.structure.pieces.StructurePieceType$$Lambda$3523/0x0000000100ae1048 (minecraft@1.20.1)
9316:             1             16  net.minecraft.world.level.levelgen.structure.pieces.StructurePieceType$$Lambda$3524/0x0000000100ae15e0 (minecraft@1.20.1)
9317:             1             16  net.minecraft.world.level.levelgen.structure.pieces.StructurePieceType$$Lambda$3525/0x0000000100ae1b78 (minecraft@1.20.1)
9318:             1             16  net.minecraft.world.level.levelgen.structure.pieces.StructurePieceType$$Lambda$3526/0x0000000100ae20f8 (minecraft@1.20.1)
9319:             1             16  net.minecraft.world.level.levelgen.structure.pieces.StructurePieceType$$Lambda$3527/0x0000000100ae2690 (minecraft@1.20.1)
9320:             1             16  net.minecraft.world.level.levelgen.structure.pieces.StructurePieceType$$Lambda$3528/0x0000000100ae2f78 (minecraft@1.20.1)
9321:             1             16  net.minecraft.world.level.levelgen.structure.pieces.StructurePieceType$$Lambda$3529/0x0000000100ae3510 (minecraft@1.20.1)
9322:             1             16  net.minecraft.world.level.levelgen.structure.pieces.StructurePieceType$$Lambda$3530/0x0000000100ae3aa8 (minecraft@1.20.1)
9323:             1             16  net.minecraft.world.level.levelgen.structure.pieces.StructurePieceType$$Lambda$3531/0x0000000100ae4040 (minecraft@1.20.1)
9324:             1             16  net.minecraft.world.level.levelgen.structure.pieces.StructurePieceType$$Lambda$3532/0x0000000100ae45d8 (minecraft@1.20.1)
9325:             1             16  net.minecraft.world.level.levelgen.structure.pieces.StructurePieceType$$Lambda$3533/0x0000000100ae4b70 (minecraft@1.20.1)
9326:             1             16  net.minecraft.world.level.levelgen.structure.pieces.StructurePieceType$$Lambda$3534/0x0000000100ae5108 (minecraft@1.20.1)
9327:             1             16  net.minecraft.world.level.levelgen.structure.pieces.StructurePieceType$$Lambda$3535/0x0000000100ae56a0 (minecraft@1.20.1)
9328:             1             16  net.minecraft.world.level.levelgen.structure.pieces.StructurePieceType$$Lambda$3536/0x0000000100ae5c38 (minecraft@1.20.1)
9329:             1             16  net.minecraft.world.level.levelgen.structure.pieces.StructurePieceType$$Lambda$3537/0x0000000100ae61d0 (minecraft@1.20.1)
9330:             1             16  net.minecraft.world.level.levelgen.structure.pieces.StructurePieceType$$Lambda$3538/0x0000000100ae6768 (minecraft@1.20.1)
9331:             1             16  net.minecraft.world.level.levelgen.structure.pieces.StructurePieceType$$Lambda$3539/0x0000000100ae6d00 (minecraft@1.20.1)
9332:             1             16  net.minecraft.world.level.levelgen.structure.pieces.StructurePieceType$$Lambda$3540/0x0000000100ae7298 (minecraft@1.20.1)
9333:             1             16  net.minecraft.world.level.levelgen.structure.pieces.StructurePieceType$$Lambda$3541/0x0000000100ae7830 (minecraft@1.20.1)
9334:             1             16  net.minecraft.world.level.levelgen.structure.pieces.StructurePieceType$$Lambda$3542/0x0000000100ae7da0 (minecraft@1.20.1)
9335:             1             16  net.minecraft.world.level.levelgen.structure.pieces.StructurePieceType$$Lambda$3543/0x0000000100ae8350 (minecraft@1.20.1)
9336:             1             16  net.minecraft.world.level.levelgen.structure.pieces.StructurePieceType$$Lambda$3544/0x0000000100ae88e8 (minecraft@1.20.1)
9337:             1             16  net.minecraft.world.level.levelgen.structure.pieces.StructurePieceType$$Lambda$3545/0x0000000100ae92a0 (minecraft@1.20.1)
9338:             1             16  net.minecraft.world.level.levelgen.structure.placement.ConcentricRingsStructurePlacement$$Lambda$3484/0x0000000100ad1b20 (minecraft@1.20.1)
9339:             1             16  net.minecraft.world.level.levelgen.structure.placement.ConcentricRingsStructurePlacement$$Lambda$3485/0x0000000100ad1d60 (minecraft@1.20.1)
9340:             1             16  net.minecraft.world.level.levelgen.structure.placement.ConcentricRingsStructurePlacement$$Lambda$3486/0x0000000100ad1fa0 (minecraft@1.20.1)
9341:             1             16  net.minecraft.world.level.levelgen.structure.placement.ConcentricRingsStructurePlacement$$Lambda$3487/0x0000000100ad21e0 (minecraft@1.20.1)
9342:             1             16  net.minecraft.world.level.levelgen.structure.placement.ConcentricRingsStructurePlacement$$Lambda$3488/0x0000000100ad2420 (minecraft@1.20.1)
9343:             1             16  net.minecraft.world.level.levelgen.structure.placement.ConcentricRingsStructurePlacement$$Lambda$3489/0x0000000100ad2660 (minecraft@1.20.1)
9344:             1             16  net.minecraft.world.level.levelgen.structure.placement.RandomSpreadStructurePlacement$$Lambda$3452/0x0000000100acf038 (minecraft@1.20.1)
9345:             1             16  net.minecraft.world.level.levelgen.structure.placement.RandomSpreadStructurePlacement$$Lambda$3477/0x0000000100ad0470 (minecraft@1.20.1)
9346:             1             16  net.minecraft.world.level.levelgen.structure.placement.RandomSpreadStructurePlacement$$Lambda$3478/0x0000000100ad06b0 (minecraft@1.20.1)
9347:             1             16  net.minecraft.world.level.levelgen.structure.placement.RandomSpreadStructurePlacement$$Lambda$3480/0x0000000100ad0f68 (minecraft@1.20.1)
9348:             1             16  net.minecraft.world.level.levelgen.structure.placement.RandomSpreadStructurePlacement$$Lambda$3481/0x0000000100ad11a8 (minecraft@1.20.1)
9349:             1             16  net.minecraft.world.level.levelgen.structure.placement.RandomSpreadStructurePlacement$$Lambda$3482/0x0000000100ad1438 (minecraft@1.20.1)
9350:             1             16  net.minecraft.world.level.levelgen.structure.placement.RandomSpreadType$$Lambda$3479/0x0000000100ad0d48 (minecraft@1.20.1)
9351:             1             16  net.minecraft.world.level.levelgen.structure.placement.StructurePlacement$$Lambda$3450/0x0000000100acebb8 (minecraft@1.20.1)
9352:             1             16  net.minecraft.world.level.levelgen.structure.placement.StructurePlacement$$Lambda$3451/0x0000000100acedf8 (minecraft@1.20.1)
9353:             1             16  net.minecraft.world.level.levelgen.structure.placement.StructurePlacement$$Lambda$3453/0x0000000100acf278 (minecraft@1.20.1)
9354:             1             16  net.minecraft.world.level.levelgen.structure.placement.StructurePlacement$$Lambda$3459/0x0000000100aca440 (minecraft@1.20.1)
9355:             1             16  net.minecraft.world.level.levelgen.structure.placement.StructurePlacement$$Lambda$3460/0x0000000100aca680 (minecraft@1.20.1)
9356:             1             16  net.minecraft.world.level.levelgen.structure.placement.StructurePlacement$$Lambda$3461/0x0000000100aca8c0 (minecraft@1.20.1)
9357:             1             16  net.minecraft.world.level.levelgen.structure.placement.StructurePlacement$$Lambda$3476/0x0000000100ad0230 (minecraft@1.20.1)
9358:             1             16  net.minecraft.world.level.levelgen.structure.placement.StructurePlacement$ExclusionZone$$Lambda$3462/0x0000000100acad10 (minecraft@1.20.1)
9359:             1             16  net.minecraft.world.level.levelgen.structure.placement.StructurePlacement$ExclusionZone$$Lambda$3473/0x0000000100ac9d60 (minecraft@1.20.1)
9360:             1             16  net.minecraft.world.level.levelgen.structure.placement.StructurePlacement$ExclusionZone$$Lambda$3474/0x0000000100ac8c00 (minecraft@1.20.1)
9361:             1             16  net.minecraft.world.level.levelgen.structure.placement.StructurePlacement$ExclusionZone$$Lambda$3475/0x0000000100ad0000 (minecraft@1.20.1)
9362:             1             16  net.minecraft.world.level.levelgen.structure.placement.StructurePlacement$FrequencyReductionMethod$$Lambda$3454/0x0000000100acf918 (minecraft@1.20.1)
9363:             1             16  net.minecraft.world.level.levelgen.structure.placement.StructurePlacement$FrequencyReductionMethod$$Lambda$3455/0x0000000100acfb38 (minecraft@1.20.1)
9364:             1             16  net.minecraft.world.level.levelgen.structure.placement.StructurePlacement$FrequencyReductionMethod$$Lambda$3456/0x0000000100acfd58 (minecraft@1.20.1)
9365:             1             16  net.minecraft.world.level.levelgen.structure.placement.StructurePlacement$FrequencyReductionMethod$$Lambda$3457/0x0000000100aca000 (minecraft@1.20.1)
9366:             1             16  net.minecraft.world.level.levelgen.structure.placement.StructurePlacement$FrequencyReductionMethod$$Lambda$3458/0x0000000100aca220 (minecraft@1.20.1)
9367:             1             16  net.minecraft.world.level.levelgen.structure.pools.EmptyPoolElement (minecraft@1.20.1)
9368:             1             16  net.minecraft.world.level.levelgen.structure.pools.EmptyPoolElement$$Lambda$4183/0x0000000100b7aa88 (minecraft@1.20.1)
9369:             1             16  net.minecraft.world.level.levelgen.structure.pools.FeaturePoolElement$$Lambda$4180/0x0000000100b7a180 (minecraft@1.20.1)
9370:             1             16  net.minecraft.world.level.levelgen.structure.pools.FeaturePoolElement$$Lambda$4181/0x0000000100b7a3c0 (minecraft@1.20.1)
9371:             1             16  net.minecraft.world.level.levelgen.structure.pools.FeaturePoolElement$$Lambda$4182/0x0000000100b7a600 (minecraft@1.20.1)
9372:             1             16  net.minecraft.world.level.levelgen.structure.pools.LegacySinglePoolElement$$Lambda$4184/0x0000000100b7af10 (minecraft@1.20.1)
9373:             1             16  net.minecraft.world.level.levelgen.structure.pools.LegacySinglePoolElement$$Lambda$4185/0x0000000100b7b150 (minecraft@1.20.1)
9374:             1             16  net.minecraft.world.level.levelgen.structure.pools.ListPoolElement$$Lambda$4177/0x0000000100b79878 (minecraft@1.20.1)
9375:             1             16  net.minecraft.world.level.levelgen.structure.pools.ListPoolElement$$Lambda$4178/0x0000000100b79ab8 (minecraft@1.20.1)
9376:             1             16  net.minecraft.world.level.levelgen.structure.pools.ListPoolElement$$Lambda$4179/0x0000000100b79cf8 (minecraft@1.20.1)
9377:             1             16  net.minecraft.world.level.levelgen.structure.pools.SinglePoolElement$$Lambda$4168/0x0000000100b75cb8 (minecraft@1.20.1)
9378:             1             16  net.minecraft.world.level.levelgen.structure.pools.SinglePoolElement$$Lambda$4169/0x0000000100b78000 (minecraft@1.20.1)
9379:             1             16  net.minecraft.world.level.levelgen.structure.pools.SinglePoolElement$$Lambda$4170/0x0000000100b78240 (minecraft@1.20.1)
9380:             1             16  net.minecraft.world.level.levelgen.structure.pools.SinglePoolElement$$Lambda$4171/0x0000000100b78480 (minecraft@1.20.1)
9381:             1             16  net.minecraft.world.level.levelgen.structure.pools.SinglePoolElement$$Lambda$4172/0x0000000100b786c0 (minecraft@1.20.1)
9382:             1             16  net.minecraft.world.level.levelgen.structure.pools.SinglePoolElement$$Lambda$4175/0x0000000100b791b8 (minecraft@1.20.1)
9383:             1             16  net.minecraft.world.level.levelgen.structure.pools.StructurePoolElement$$Lambda$3580/0x0000000100af3ce8 (minecraft@1.20.1)
9384:             1             16  net.minecraft.world.level.levelgen.structure.pools.StructurePoolElement$$Lambda$3581/0x0000000100af1000 (minecraft@1.20.1)
9385:             1             16  net.minecraft.world.level.levelgen.structure.pools.StructurePoolElement$$Lambda$4174/0x0000000100b78f78 (minecraft@1.20.1)
9386:             1             16  net.minecraft.world.level.levelgen.structure.pools.StructureTemplatePool$$Lambda$3577/0x0000000100af33e8 (minecraft@1.20.1)
9387:             1             16  net.minecraft.world.level.levelgen.structure.pools.StructureTemplatePool$$Lambda$3578/0x0000000100af3628 (minecraft@1.20.1)
9388:             1             16  net.minecraft.world.level.levelgen.structure.pools.StructureTemplatePool$$Lambda$3579/0x0000000100af3850 (minecraft@1.20.1)
9389:             1             16  net.minecraft.world.level.levelgen.structure.pools.StructureTemplatePool$$Lambda$3582/0x0000000100af1530 (minecraft@1.20.1)
9390:             1             16  net.minecraft.world.level.levelgen.structure.pools.StructureTemplatePool$$Lambda$3583/0x0000000100af1770 (minecraft@1.20.1)
9391:             1             16  net.minecraft.world.level.levelgen.structure.pools.StructureTemplatePool$Projection$$Lambda$4173/0x0000000100b78d58 (minecraft@1.20.1)
9392:             1             16  net.minecraft.world.level.levelgen.structure.structures.BuriedTreasureStructure$$Lambda$3546/0x0000000100ae9948 (minecraft@1.20.1)
9393:             1             16  net.minecraft.world.level.levelgen.structure.structures.DesertPyramidStructure$$Lambda$3572/0x0000000100aef258 (minecraft@1.20.1)
9394:             1             16  net.minecraft.world.level.levelgen.structure.structures.EndCityStructure$$Lambda$3573/0x0000000100aef710 (minecraft@1.20.1)
9395:             1             16  net.minecraft.world.level.levelgen.structure.structures.IglooStructure$$Lambda$3575/0x0000000100af2ab0 (minecraft@1.20.1)
9396:             1             16  net.minecraft.world.level.levelgen.structure.structures.JigsawStructure$$Lambda$3576/0x0000000100af2f70 (minecraft@1.20.1)
9397:             1             16  net.minecraft.world.level.levelgen.structure.structures.JigsawStructure$$Lambda$3585/0x0000000100af1bd8 (minecraft@1.20.1)
9398:             1             16  net.minecraft.world.level.levelgen.structure.structures.JigsawStructure$$Lambda$3586/0x0000000100af0800 (minecraft@1.20.1)
9399:             1             16  net.minecraft.world.level.levelgen.structure.structures.JigsawStructure$$Lambda$3587/0x0000000100af0a40 (minecraft@1.20.1)
9400:             1             16  net.minecraft.world.level.levelgen.structure.structures.JigsawStructure$$Lambda$3588/0x0000000100af0c80 (minecraft@1.20.1)
9401:             1             16  net.minecraft.world.level.levelgen.structure.structures.JigsawStructure$$Lambda$3589/0x0000000100af0400 (minecraft@1.20.1)
9402:             1             16  net.minecraft.world.level.levelgen.structure.structures.JigsawStructure$$Lambda$3590/0x0000000100af8000 (minecraft@1.20.1)
9403:             1             16  net.minecraft.world.level.levelgen.structure.structures.JigsawStructure$$Lambda$3591/0x0000000100af8240 (minecraft@1.20.1)
9404:             1             16  net.minecraft.world.level.levelgen.structure.structures.JigsawStructure$$Lambda$3592/0x0000000100af8480 (minecraft@1.20.1)
9405:             1             16  net.minecraft.world.level.levelgen.structure.structures.JigsawStructure$$Lambda$3593/0x0000000100af8710 (minecraft@1.20.1)
9406:             1             16  net.minecraft.world.level.levelgen.structure.structures.JungleTempleStructure$$Lambda$3594/0x0000000100af8bd0 (minecraft@1.20.1)
9407:             1             16  net.minecraft.world.level.levelgen.structure.structures.MineshaftStructure$$Lambda$3595/0x0000000100af9088 (minecraft@1.20.1)
9408:             1             16  net.minecraft.world.level.levelgen.structure.structures.MineshaftStructure$$Lambda$3598/0x0000000100af9b60 (minecraft@1.20.1)
9409:             1             16  net.minecraft.world.level.levelgen.structure.structures.MineshaftStructure$$Lambda$3599/0x0000000100af9da0 (minecraft@1.20.1)
9410:             1             16  net.minecraft.world.level.levelgen.structure.structures.MineshaftStructure$Type$$Lambda$3596/0x0000000100af9720 (minecraft@1.20.1)
9411:             1             16  net.minecraft.world.level.levelgen.structure.structures.MineshaftStructure$Type$$Lambda$3597/0x0000000100af9940 (minecraft@1.20.1)
9412:             1             16  net.minecraft.world.level.levelgen.structure.structures.NetherFortressStructure$$Lambda$3574/0x0000000100af25f8 (minecraft@1.20.1)
9413:             1             16  net.minecraft.world.level.levelgen.structure.structures.NetherFossilStructure$$Lambda$3600/0x0000000100afa248 (minecraft@1.20.1)
9414:             1             16  net.minecraft.world.level.levelgen.structure.structures.NetherFossilStructure$$Lambda$3601/0x0000000100afa488 (minecraft@1.20.1)
9415:             1             16  net.minecraft.world.level.levelgen.structure.structures.NetherFossilStructure$$Lambda$3602/0x0000000100afa6c8 (minecraft@1.20.1)
9416:             1             16  net.minecraft.world.level.levelgen.structure.structures.OceanMonumentStructure$$Lambda$3603/0x0000000100afab70 (minecraft@1.20.1)
9417:             1             16  net.minecraft.world.level.levelgen.structure.structures.OceanRuinStructure$$Lambda$3604/0x0000000100afb030 (minecraft@1.20.1)
9418:             1             16  net.minecraft.world.level.levelgen.structure.structures.OceanRuinStructure$$Lambda$3606/0x0000000100afb8e8 (minecraft@1.20.1)
9419:             1             16  net.minecraft.world.level.levelgen.structure.structures.OceanRuinStructure$$Lambda$3607/0x0000000100afbb28 (minecraft@1.20.1)
9420:             1             16  net.minecraft.world.level.levelgen.structure.structures.OceanRuinStructure$$Lambda$3608/0x0000000100afbd68 (minecraft@1.20.1)
9421:             1             16  net.minecraft.world.level.levelgen.structure.structures.OceanRuinStructure$$Lambda$3609/0x0000000100afe000 (minecraft@1.20.1)
9422:             1             16  net.minecraft.world.level.levelgen.structure.structures.OceanRuinStructure$Type$$Lambda$3605/0x0000000100afb6c8 (minecraft@1.20.1)
9423:             1             16  net.minecraft.world.level.levelgen.structure.structures.RuinedPortalPiece$VerticalPlacement$$Lambda$3612/0x0000000100afefb0 (minecraft@1.20.1)
9424:             1             16  net.minecraft.world.level.levelgen.structure.structures.RuinedPortalStructure$$Lambda$3610/0x0000000100afe4c8 (minecraft@1.20.1)
9425:             1             16  net.minecraft.world.level.levelgen.structure.structures.RuinedPortalStructure$$Lambda$3622/0x0000000100afd710 (minecraft@1.20.1)
9426:             1             16  net.minecraft.world.level.levelgen.structure.structures.RuinedPortalStructure$$Lambda$3623/0x0000000100afd950 (minecraft@1.20.1)
9427:             1             16  net.minecraft.world.level.levelgen.structure.structures.RuinedPortalStructure$Setup$$Lambda$3611/0x0000000100afe918 (minecraft@1.20.1)
9428:             1             16  net.minecraft.world.level.levelgen.structure.structures.RuinedPortalStructure$Setup$$Lambda$3613/0x0000000100aff1d0 (minecraft@1.20.1)
9429:             1             16  net.minecraft.world.level.levelgen.structure.structures.RuinedPortalStructure$Setup$$Lambda$3614/0x0000000100aff410 (minecraft@1.20.1)
9430:             1             16  net.minecraft.world.level.levelgen.structure.structures.RuinedPortalStructure$Setup$$Lambda$3615/0x0000000100aff650 (minecraft@1.20.1)
9431:             1             16  net.minecraft.world.level.levelgen.structure.structures.RuinedPortalStructure$Setup$$Lambda$3616/0x0000000100aff890 (minecraft@1.20.1)
9432:             1             16  net.minecraft.world.level.levelgen.structure.structures.RuinedPortalStructure$Setup$$Lambda$3617/0x0000000100affad0 (minecraft@1.20.1)
9433:             1             16  net.minecraft.world.level.levelgen.structure.structures.RuinedPortalStructure$Setup$$Lambda$3618/0x0000000100affd10 (minecraft@1.20.1)
9434:             1             16  net.minecraft.world.level.levelgen.structure.structures.RuinedPortalStructure$Setup$$Lambda$3619/0x0000000100afd000 (minecraft@1.20.1)
9435:             1             16  net.minecraft.world.level.levelgen.structure.structures.RuinedPortalStructure$Setup$$Lambda$3620/0x0000000100afd240 (minecraft@1.20.1)
9436:             1             16  net.minecraft.world.level.levelgen.structure.structures.RuinedPortalStructure$Setup$$Lambda$3621/0x0000000100afd480 (minecraft@1.20.1)
9437:             1             16  net.minecraft.world.level.levelgen.structure.structures.ShipwreckStructure$$Lambda$3624/0x0000000100afcc00 (minecraft@1.20.1)
9438:             1             16  net.minecraft.world.level.levelgen.structure.structures.ShipwreckStructure$$Lambda$3625/0x0000000100b00000 (minecraft@1.20.1)
9439:             1             16  net.minecraft.world.level.levelgen.structure.structures.ShipwreckStructure$$Lambda$3626/0x0000000100b00240 (minecraft@1.20.1)
9440:             1             16  net.minecraft.world.level.levelgen.structure.structures.StrongholdStructure$$Lambda$3627/0x0000000100b006e8 (minecraft@1.20.1)
9441:             1             16  net.minecraft.world.level.levelgen.structure.structures.SwampHutStructure$$Lambda$3628/0x0000000100b00ba0 (minecraft@1.20.1)
9442:             1             16  net.minecraft.world.level.levelgen.structure.structures.WoodlandMansionStructure$$Lambda$3629/0x0000000100b01058 (minecraft@1.20.1)
9443:             1             16  net.minecraft.world.level.levelgen.structure.templatesystem.AlwaysTrueTest (minecraft@1.20.1)
9444:             1             16  net.minecraft.world.level.levelgen.structure.templatesystem.AlwaysTrueTest$$Lambda$2741/0x0000000100a0d9c0 (minecraft@1.20.1)
9445:             1             16  net.minecraft.world.level.levelgen.structure.templatesystem.AxisAlignedLinearPosTest$$Lambda$2776/0x0000000100a12e80 (minecraft@1.20.1)
9446:             1             16  net.minecraft.world.level.levelgen.structure.templatesystem.AxisAlignedLinearPosTest$$Lambda$2777/0x0000000100a130c0 (minecraft@1.20.1)
9447:             1             16  net.minecraft.world.level.levelgen.structure.templatesystem.AxisAlignedLinearPosTest$$Lambda$2778/0x0000000100a13300 (minecraft@1.20.1)
9448:             1             16  net.minecraft.world.level.levelgen.structure.templatesystem.AxisAlignedLinearPosTest$$Lambda$2779/0x0000000100a13540 (minecraft@1.20.1)
9449:             1             16  net.minecraft.world.level.levelgen.structure.templatesystem.AxisAlignedLinearPosTest$$Lambda$2780/0x0000000100a13780 (minecraft@1.20.1)
9450:             1             16  net.minecraft.world.level.levelgen.structure.templatesystem.AxisAlignedLinearPosTest$$Lambda$2781/0x0000000100a139c0 (minecraft@1.20.1)
9451:             1             16  net.minecraft.world.level.levelgen.structure.templatesystem.AxisAlignedLinearPosTest$$Lambda$2782/0x0000000100a13c00 (minecraft@1.20.1)
9452:             1             16  net.minecraft.world.level.levelgen.structure.templatesystem.BlackstoneReplaceProcessor (minecraft@1.20.1)
9453:             1             16  net.minecraft.world.level.levelgen.structure.templatesystem.BlackstoneReplaceProcessor$$Lambda$3202/0x0000000100a9cce8 (minecraft@1.20.1)
9454:             1             16  net.minecraft.world.level.levelgen.structure.templatesystem.BlackstoneReplaceProcessor$$Lambda$3203/0x0000000100a9cf08 (minecraft@1.20.1)
9455:             1             16  net.minecraft.world.level.levelgen.structure.templatesystem.BlockAgeProcessor$$Lambda$3200/0x0000000100a9be50 (minecraft@1.20.1)
9456:             1             16  net.minecraft.world.level.levelgen.structure.templatesystem.BlockAgeProcessor$$Lambda$3201/0x0000000100a9c090 (minecraft@1.20.1)
9457:             1             16  net.minecraft.world.level.levelgen.structure.templatesystem.BlockIgnoreProcessor$$Lambda$3174/0x0000000100a918f8 (minecraft@1.20.1)
9458:             1             16  net.minecraft.world.level.levelgen.structure.templatesystem.BlockIgnoreProcessor$$Lambda$3175/0x0000000100a91b38 (minecraft@1.20.1)
9459:             1             16  net.minecraft.world.level.levelgen.structure.templatesystem.BlockIgnoreProcessor$$Lambda$3176/0x0000000100a91d78 (minecraft@1.20.1)
9460:             1             16  net.minecraft.world.level.levelgen.structure.templatesystem.BlockIgnoreProcessor$$Lambda$3177/0x0000000100a90c00 (minecraft@1.20.1)
9461:             1             16  net.minecraft.world.level.levelgen.structure.templatesystem.BlockMatchTest$$Lambda$2743/0x0000000100a0e028 (minecraft@1.20.1)
9462:             1             16  net.minecraft.world.level.levelgen.structure.templatesystem.BlockMatchTest$$Lambda$2744/0x0000000100a0e268 (minecraft@1.20.1)
9463:             1             16  net.minecraft.world.level.levelgen.structure.templatesystem.BlockRotProcessor$$Lambda$3179/0x0000000100a98228 (minecraft@1.20.1)
9464:             1             16  net.minecraft.world.level.levelgen.structure.templatesystem.BlockRotProcessor$$Lambda$3180/0x0000000100a98468 (minecraft@1.20.1)
9465:             1             16  net.minecraft.world.level.levelgen.structure.templatesystem.BlockRotProcessor$$Lambda$3181/0x0000000100a986a8 (minecraft@1.20.1)
9466:             1             16  net.minecraft.world.level.levelgen.structure.templatesystem.BlockRotProcessor$$Lambda$3182/0x0000000100a988e8 (minecraft@1.20.1)
9467:             1             16  net.minecraft.world.level.levelgen.structure.templatesystem.BlockStateMatchTest$$Lambda$2745/0x0000000100a0e6c8 (minecraft@1.20.1)
9468:             1             16  net.minecraft.world.level.levelgen.structure.templatesystem.BlockStateMatchTest$$Lambda$2746/0x0000000100a0e908 (minecraft@1.20.1)
9469:             1             16  net.minecraft.world.level.levelgen.structure.templatesystem.CappedProcessor$$Lambda$3207/0x0000000100a9de78 (minecraft@1.20.1)
9470:             1             16  net.minecraft.world.level.levelgen.structure.templatesystem.CappedProcessor$$Lambda$3208/0x0000000100a9e0b8 (minecraft@1.20.1)
9471:             1             16  net.minecraft.world.level.levelgen.structure.templatesystem.CappedProcessor$$Lambda$3209/0x0000000100a9e2f8 (minecraft@1.20.1)
9472:             1             16  net.minecraft.world.level.levelgen.structure.templatesystem.CappedProcessor$$Lambda$3210/0x0000000100a9e538 (minecraft@1.20.1)
9473:             1             16  net.minecraft.world.level.levelgen.structure.templatesystem.GravityProcessor$$Lambda$3183/0x0000000100a98d50 (minecraft@1.20.1)
9474:             1             16  net.minecraft.world.level.levelgen.structure.templatesystem.GravityProcessor$$Lambda$3184/0x0000000100a98f90 (minecraft@1.20.1)
9475:             1             16  net.minecraft.world.level.levelgen.structure.templatesystem.GravityProcessor$$Lambda$3185/0x0000000100a991d0 (minecraft@1.20.1)
9476:             1             16  net.minecraft.world.level.levelgen.structure.templatesystem.GravityProcessor$$Lambda$3186/0x0000000100a99410 (minecraft@1.20.1)
9477:             1             16  net.minecraft.world.level.levelgen.structure.templatesystem.JigsawReplacementProcessor (minecraft@1.20.1)
9478:             1             16  net.minecraft.world.level.levelgen.structure.templatesystem.JigsawReplacementProcessor$$Lambda$3187/0x0000000100a99870 (minecraft@1.20.1)
9479:             1             16  net.minecraft.world.level.levelgen.structure.templatesystem.LavaSubmergedBlockProcessor (minecraft@1.20.1)
9480:             1             16  net.minecraft.world.level.levelgen.structure.templatesystem.LavaSubmergedBlockProcessor$$Lambda$3204/0x0000000100a9d368 (minecraft@1.20.1)
9481:             1             16  net.minecraft.world.level.levelgen.structure.templatesystem.LinearPosTest$$Lambda$2770/0x0000000100a11ed0 (minecraft@1.20.1)
9482:             1             16  net.minecraft.world.level.levelgen.structure.templatesystem.LinearPosTest$$Lambda$2771/0x0000000100a12110 (minecraft@1.20.1)
9483:             1             16  net.minecraft.world.level.levelgen.structure.templatesystem.LinearPosTest$$Lambda$2772/0x0000000100a12350 (minecraft@1.20.1)
9484:             1             16  net.minecraft.world.level.levelgen.structure.templatesystem.LinearPosTest$$Lambda$2773/0x0000000100a12590 (minecraft@1.20.1)
9485:             1             16  net.minecraft.world.level.levelgen.structure.templatesystem.LinearPosTest$$Lambda$2774/0x0000000100a127d0 (minecraft@1.20.1)
9486:             1             16  net.minecraft.world.level.levelgen.structure.templatesystem.LinearPosTest$$Lambda$2775/0x0000000100a12a10 (minecraft@1.20.1)
9487:             1             16  net.minecraft.world.level.levelgen.structure.templatesystem.NopProcessor (minecraft@1.20.1)
9488:             1             16  net.minecraft.world.level.levelgen.structure.templatesystem.NopProcessor$$Lambda$3199/0x0000000100a9ba00 (minecraft@1.20.1)
9489:             1             16  net.minecraft.world.level.levelgen.structure.templatesystem.PosAlwaysTrueTest (minecraft@1.20.1)
9490:             1             16  net.minecraft.world.level.levelgen.structure.templatesystem.PosAlwaysTrueTest$$Lambda$2768/0x0000000100a11870 (minecraft@1.20.1)
9491:             1             16  net.minecraft.world.level.levelgen.structure.templatesystem.PosRuleTest$$Lambda$2766/0x0000000100a113f0 (minecraft@1.20.1)
9492:             1             16  net.minecraft.world.level.levelgen.structure.templatesystem.PosRuleTest$$Lambda$2767/0x0000000100a11630 (minecraft@1.20.1)
9493:             1             16  net.minecraft.world.level.levelgen.structure.templatesystem.ProcessorRule$$Lambda$3188/0x0000000100a99ef0 (minecraft@1.20.1)
9494:             1             16  net.minecraft.world.level.levelgen.structure.templatesystem.ProcessorRule$$Lambda$3189/0x0000000100a9a130 (minecraft@1.20.1)
9495:             1             16  net.minecraft.world.level.levelgen.structure.templatesystem.ProcessorRule$$Lambda$3190/0x0000000100a9a370 (minecraft@1.20.1)
9496:             1             16  net.minecraft.world.level.levelgen.structure.templatesystem.ProcessorRule$$Lambda$3191/0x0000000100a9a5b0 (minecraft@1.20.1)
9497:             1             16  net.minecraft.world.level.levelgen.structure.templatesystem.ProcessorRule$$Lambda$3192/0x0000000100a9a7f0 (minecraft@1.20.1)
9498:             1             16  net.minecraft.world.level.levelgen.structure.templatesystem.ProcessorRule$$Lambda$3195/0x0000000100a9aeb0 (minecraft@1.20.1)
9499:             1             16  net.minecraft.world.level.levelgen.structure.templatesystem.ProcessorRule$$Lambda$3196/0x0000000100a9b0f0 (minecraft@1.20.1)
9500:             1             16  net.minecraft.world.level.levelgen.structure.templatesystem.ProtectedBlockProcessor$$Lambda$3205/0x0000000100a9d7c0 (minecraft@1.20.1)
9501:             1             16  net.minecraft.world.level.levelgen.structure.templatesystem.ProtectedBlockProcessor$$Lambda$3206/0x0000000100a9da00 (minecraft@1.20.1)
9502:             1             16  net.minecraft.world.level.levelgen.structure.templatesystem.RandomBlockMatchTest$$Lambda$2751/0x0000000100a0f890 (minecraft@1.20.1)
9503:             1             16  net.minecraft.world.level.levelgen.structure.templatesystem.RandomBlockMatchTest$$Lambda$2752/0x0000000100a0fad0 (minecraft@1.20.1)
9504:             1             16  net.minecraft.world.level.levelgen.structure.templatesystem.RandomBlockMatchTest$$Lambda$2753/0x0000000100a0fd10 (minecraft@1.20.1)
9505:             1             16  net.minecraft.world.level.levelgen.structure.templatesystem.RandomBlockMatchTest$$Lambda$2754/0x0000000100a09000 (minecraft@1.20.1)
9506:             1             16  net.minecraft.world.level.levelgen.structure.templatesystem.RandomBlockStateMatchTest$$Lambda$2755/0x0000000100a09450 (minecraft@1.20.1)
9507:             1             16  net.minecraft.world.level.levelgen.structure.templatesystem.RandomBlockStateMatchTest$$Lambda$2756/0x0000000100a09690 (minecraft@1.20.1)
9508:             1             16  net.minecraft.world.level.levelgen.structure.templatesystem.RandomBlockStateMatchTest$$Lambda$2757/0x0000000100a098d0 (minecraft@1.20.1)
9509:             1             16  net.minecraft.world.level.levelgen.structure.templatesystem.RandomBlockStateMatchTest$$Lambda$2758/0x0000000100a09b10 (minecraft@1.20.1)
9510:             1             16  net.minecraft.world.level.levelgen.structure.templatesystem.RuleProcessor$$Lambda$3197/0x0000000100a9b350 (minecraft@1.20.1)
9511:             1             16  net.minecraft.world.level.levelgen.structure.templatesystem.RuleProcessor$$Lambda$3198/0x0000000100a9b590 (minecraft@1.20.1)
9512:             1             16  net.minecraft.world.level.levelgen.structure.templatesystem.RuleTest$$Lambda$2739/0x0000000100a0d540 (minecraft@1.20.1)
9513:             1             16  net.minecraft.world.level.levelgen.structure.templatesystem.RuleTest$$Lambda$2740/0x0000000100a0d780 (minecraft@1.20.1)
9514:             1             16  net.minecraft.world.level.levelgen.structure.templatesystem.StructureProcessorList (minecraft@1.20.1)
9515:             1             16  net.minecraft.world.level.levelgen.structure.templatesystem.StructureProcessorType$$Lambda$3168/0x0000000100a93668 (minecraft@1.20.1)
9516:             1             16  net.minecraft.world.level.levelgen.structure.templatesystem.StructureProcessorType$$Lambda$3169/0x0000000100a938a8 (minecraft@1.20.1)
9517:             1             16  net.minecraft.world.level.levelgen.structure.templatesystem.StructureProcessorType$$Lambda$3170/0x0000000100a93d00 (minecraft@1.20.1)
9518:             1             16  net.minecraft.world.level.levelgen.structure.templatesystem.StructureProcessorType$$Lambda$3171/0x0000000100a91000 (minecraft@1.20.1)
9519:             1             16  net.minecraft.world.level.levelgen.structure.templatesystem.StructureProcessorType$$Lambda$3172/0x0000000100a91240 (minecraft@1.20.1)
9520:             1             16  net.minecraft.world.level.levelgen.structure.templatesystem.StructureProcessorType$$Lambda$3173/0x0000000100a91480 (minecraft@1.20.1)
9521:             1             16  net.minecraft.world.level.levelgen.structure.templatesystem.TagMatchTest$$Lambda$2749/0x0000000100a0f1f0 (minecraft@1.20.1)
9522:             1             16  net.minecraft.world.level.levelgen.structure.templatesystem.TagMatchTest$$Lambda$2750/0x0000000100a0f430 (minecraft@1.20.1)
9523:             1             16  net.minecraft.world.level.levelgen.structure.templatesystem.rule.blockentity.AppendLoot$$Lambda$2763/0x0000000100a10900 (minecraft@1.20.1)
9524:             1             16  net.minecraft.world.level.levelgen.structure.templatesystem.rule.blockentity.AppendLoot$$Lambda$2764/0x0000000100a10b40 (minecraft@1.20.1)
9525:             1             16  net.minecraft.world.level.levelgen.structure.templatesystem.rule.blockentity.AppendLoot$$Lambda$2765/0x0000000100a10d80 (minecraft@1.20.1)
9526:             1             16  net.minecraft.world.level.levelgen.structure.templatesystem.rule.blockentity.AppendStatic$$Lambda$2760/0x0000000100a10000 (minecraft@1.20.1)
9527:             1             16  net.minecraft.world.level.levelgen.structure.templatesystem.rule.blockentity.AppendStatic$$Lambda$2761/0x0000000100a10240 (minecraft@1.20.1)
9528:             1             16  net.minecraft.world.level.levelgen.structure.templatesystem.rule.blockentity.AppendStatic$$Lambda$2762/0x0000000100a10480 (minecraft@1.20.1)
9529:             1             16  net.minecraft.world.level.levelgen.structure.templatesystem.rule.blockentity.Clear (minecraft@1.20.1)
9530:             1             16  net.minecraft.world.level.levelgen.structure.templatesystem.rule.blockentity.Passthrough (minecraft@1.20.1)
9531:             1             16  net.minecraft.world.level.levelgen.structure.templatesystem.rule.blockentity.RuleBlockEntityModifier$$Lambda$3193/0x0000000100a9aa30 (minecraft@1.20.1)
9532:             1             16  net.minecraft.world.level.levelgen.structure.templatesystem.rule.blockentity.RuleBlockEntityModifier$$Lambda$3194/0x0000000100a9ac70 (minecraft@1.20.1)
9533:             1             16  net.minecraft.world.level.levelgen.synth.BlendedNoise$$Lambda$4085/0x0000000100b628e8 (minecraft@1.20.1)
9534:             1             16  net.minecraft.world.level.levelgen.synth.BlendedNoise$$Lambda$4086/0x0000000100b62b28 (minecraft@1.20.1)
9535:             1             16  net.minecraft.world.level.levelgen.synth.BlendedNoise$$Lambda$4087/0x0000000100b62d68 (minecraft@1.20.1)
9536:             1             16  net.minecraft.world.level.levelgen.synth.BlendedNoise$$Lambda$4088/0x0000000100b62fa8 (minecraft@1.20.1)
9537:             1             16  net.minecraft.world.level.levelgen.synth.BlendedNoise$$Lambda$4089/0x0000000100b631e8 (minecraft@1.20.1)
9538:             1             16  net.minecraft.world.level.levelgen.synth.BlendedNoise$$Lambda$4090/0x0000000100b63428 (minecraft@1.20.1)
9539:             1             16  net.minecraft.world.level.levelgen.synth.BlendedNoise$$Lambda$4091/0x0000000100b63668 (minecraft@1.20.1)
9540:             1             16  net.minecraft.world.level.levelgen.synth.NormalNoise$NoiseParameters$$Lambda$3685/0x0000000100b0a238 (minecraft@1.20.1)
9541:             1             16  net.minecraft.world.level.levelgen.synth.NormalNoise$NoiseParameters$$Lambda$3686/0x0000000100b0a478 (minecraft@1.20.1)
9542:             1             16  net.minecraft.world.level.levelgen.synth.NormalNoise$NoiseParameters$$Lambda$3687/0x0000000100b0a6b8 (minecraft@1.20.1)
9543:             1             16  net.minecraft.world.level.levelgen.synth.NormalNoise$NoiseParameters$$Lambda$3688/0x0000000100b0a8f8 (minecraft@1.20.1)
9544:             1             16  net.minecraft.world.level.material.FlowingFluid$$Lambda$1483/0x0000000100720b00 (minecraft@1.20.1)
9545:             1             16  net.minecraft.world.level.material.Fluid$$Lambda$1480/0x000000010071d900 (minecraft@1.20.1)
9546:             1             16  net.minecraft.world.level.material.Fluid$$Lambda$1481/0x000000010071db40 (minecraft@1.20.1)
9547:             1             16  net.minecraft.world.level.material.FluidState$$Lambda$1482/0x000000010071dd60 (minecraft@1.20.1)
9548:             1             16  net.minecraft.world.level.storage.loot.entries.ComposableEntryContainer$$Lambda$2887/0x0000000100a411b8 (minecraft@1.20.1)
9549:             1             16  net.minecraft.world.level.storage.loot.entries.ComposableEntryContainer$$Lambda$2888/0x0000000100a413f8 (minecraft@1.20.1)
9550:             1             16  net.minecraft.world.level.storage.loot.entries.DynamicLoot$Serializer (minecraft@1.20.1)
9551:             1             16  net.minecraft.world.level.storage.loot.entries.EmptyLootItem$Serializer (minecraft@1.20.1)
9552:             1             16  net.minecraft.world.level.storage.loot.entries.LootItem$Serializer (minecraft@1.20.1)
9553:             1             16  net.minecraft.world.level.storage.loot.entries.LootPoolEntries$$Lambda$2886/0x0000000100a40d18 (minecraft@1.20.1)
9554:             1             16  net.minecraft.world.level.storage.loot.entries.LootPoolEntries$$Lambda$2889/0x0000000100a418a0 (minecraft@1.20.1)
9555:             1             16  net.minecraft.world.level.storage.loot.entries.LootPoolEntries$$Lambda$2890/0x0000000100a41d28 (minecraft@1.20.1)
9556:             1             16  net.minecraft.world.level.storage.loot.entries.LootTableReference$Serializer (minecraft@1.20.1)
9557:             1             16  net.minecraft.world.level.storage.loot.entries.TagEntry$Serializer (minecraft@1.20.1)
9558:             1             16  net.minecraft.world.level.storage.loot.functions.ApplyBonusCount$Serializer (minecraft@1.20.1)
9559:             1             16  net.minecraft.world.level.storage.loot.functions.ApplyExplosionDecay$Serializer (minecraft@1.20.1)
9560:             1             16  net.minecraft.world.level.storage.loot.functions.CopyBlockState$Serializer (minecraft@1.20.1)
9561:             1             16  net.minecraft.world.level.storage.loot.functions.CopyNameFunction$Serializer (minecraft@1.20.1)
9562:             1             16  net.minecraft.world.level.storage.loot.functions.CopyNbtFunction$Serializer (minecraft@1.20.1)
9563:             1             16  net.minecraft.world.level.storage.loot.functions.EnchantRandomlyFunction$Serializer (minecraft@1.20.1)
9564:             1             16  net.minecraft.world.level.storage.loot.functions.EnchantWithLevelsFunction$Serializer (minecraft@1.20.1)
9565:             1             16  net.minecraft.world.level.storage.loot.functions.ExplorationMapFunction$Serializer (minecraft@1.20.1)
9566:             1             16  net.minecraft.world.level.storage.loot.functions.FillPlayerHead$Serializer (minecraft@1.20.1)
9567:             1             16  net.minecraft.world.level.storage.loot.functions.FunctionReference$Serializer (minecraft@1.20.1)
9568:             1             16  net.minecraft.world.level.storage.loot.functions.LimitCount$Serializer (minecraft@1.20.1)
9569:             1             16  net.minecraft.world.level.storage.loot.functions.LootItemFunctions$$Lambda$2891/0x0000000100a42150 (minecraft@1.20.1)
9570:             1             16  net.minecraft.world.level.storage.loot.functions.LootingEnchantFunction$Serializer (minecraft@1.20.1)
9571:             1             16  net.minecraft.world.level.storage.loot.functions.SetAttributesFunction$Serializer (minecraft@1.20.1)
9572:             1             16  net.minecraft.world.level.storage.loot.functions.SetBannerPatternFunction$Serializer (minecraft@1.20.1)
9573:             1             16  net.minecraft.world.level.storage.loot.functions.SetContainerContents$Serializer (minecraft@1.20.1)
9574:             1             16  net.minecraft.world.level.storage.loot.functions.SetContainerLootTable$Serializer (minecraft@1.20.1)
9575:             1             16  net.minecraft.world.level.storage.loot.functions.SetEnchantmentsFunction$Serializer (minecraft@1.20.1)
9576:             1             16  net.minecraft.world.level.storage.loot.functions.SetInstrumentFunction$Serializer (minecraft@1.20.1)
9577:             1             16  net.minecraft.world.level.storage.loot.functions.SetItemCountFunction$Serializer (minecraft@1.20.1)
9578:             1             16  net.minecraft.world.level.storage.loot.functions.SetItemDamageFunction$Serializer (minecraft@1.20.1)
9579:             1             16  net.minecraft.world.level.storage.loot.functions.SetLoreFunction$Serializer (minecraft@1.20.1)
9580:             1             16  net.minecraft.world.level.storage.loot.functions.SetNameFunction$Serializer (minecraft@1.20.1)
9581:             1             16  net.minecraft.world.level.storage.loot.functions.SetNbtFunction$Serializer (minecraft@1.20.1)
9582:             1             16  net.minecraft.world.level.storage.loot.functions.SetPotionFunction$Serializer (minecraft@1.20.1)
9583:             1             16  net.minecraft.world.level.storage.loot.functions.SetStewEffectFunction$Serializer (minecraft@1.20.1)
9584:             1             16  net.minecraft.world.level.storage.loot.functions.SmeltItemFunction$Serializer (minecraft@1.20.1)
9585:             1             16  net.minecraft.world.level.storage.loot.predicates.AllOfCondition$Serializer (minecraft@1.20.1)
9586:             1             16  net.minecraft.world.level.storage.loot.predicates.AnyOfCondition$Serializer (minecraft@1.20.1)
9587:             1             16  net.minecraft.world.level.storage.loot.predicates.BonusLevelTableCondition$Serializer (minecraft@1.20.1)
9588:             1             16  net.minecraft.world.level.storage.loot.predicates.ConditionReference$Serializer (minecraft@1.20.1)
9589:             1             16  net.minecraft.world.level.storage.loot.predicates.DamageSourceCondition$Serializer (minecraft@1.20.1)
9590:             1             16  net.minecraft.world.level.storage.loot.predicates.EntityHasScoreCondition$Serializer (minecraft@1.20.1)
9591:             1             16  net.minecraft.world.level.storage.loot.predicates.ExplosionCondition$Serializer (minecraft@1.20.1)
9592:             1             16  net.minecraft.world.level.storage.loot.predicates.InvertedLootItemCondition$Serializer (minecraft@1.20.1)
9593:             1             16  net.minecraft.world.level.storage.loot.predicates.LocationCheck$Serializer (minecraft@1.20.1)
9594:             1             16  net.minecraft.world.level.storage.loot.predicates.LootItemBlockStatePropertyCondition$Serializer (minecraft@1.20.1)
9595:             1             16  net.minecraft.world.level.storage.loot.predicates.LootItemEntityPropertyCondition$Serializer (minecraft@1.20.1)
9596:             1             16  net.minecraft.world.level.storage.loot.predicates.LootItemKilledByPlayerCondition$Serializer (minecraft@1.20.1)
9597:             1             16  net.minecraft.world.level.storage.loot.predicates.LootItemRandomChanceCondition$Serializer (minecraft@1.20.1)
9598:             1             16  net.minecraft.world.level.storage.loot.predicates.LootItemRandomChanceWithLootingCondition$Serializer (minecraft@1.20.1)
9599:             1             16  net.minecraft.world.level.storage.loot.predicates.MatchTool$Serializer (minecraft@1.20.1)
9600:             1             16  net.minecraft.world.level.storage.loot.predicates.TimeCheck$Serializer (minecraft@1.20.1)
9601:             1             16  net.minecraft.world.level.storage.loot.predicates.ValueCheckCondition$Serializer (minecraft@1.20.1)
9602:             1             16  net.minecraft.world.level.storage.loot.predicates.WeatherCheck$Serializer (minecraft@1.20.1)
9603:             1             16  net.minecraft.world.level.storage.loot.providers.nbt.ContextNbtProvider$Serializer (minecraft@1.20.1)
9604:             1             16  net.minecraft.world.level.storage.loot.providers.nbt.StorageNbtProvider$Serializer (minecraft@1.20.1)
9605:             1             16  net.minecraft.world.level.storage.loot.providers.number.BinomialDistributionGenerator$Serializer (minecraft@1.20.1)
9606:             1             16  net.minecraft.world.level.storage.loot.providers.number.ConstantValue$Serializer (minecraft@1.20.1)
9607:             1             16  net.minecraft.world.level.storage.loot.providers.number.ScoreboardValue$Serializer (minecraft@1.20.1)
9608:             1             16  net.minecraft.world.level.storage.loot.providers.number.UniformGenerator$Serializer (minecraft@1.20.1)
9609:             1             16  net.minecraft.world.level.storage.loot.providers.score.ContextScoreboardNameProvider$Serializer (minecraft@1.20.1)
9610:             1             16  net.minecraft.world.level.storage.loot.providers.score.FixedScoreboardNameProvider$Serializer (minecraft@1.20.1)
9611:             1             16  net.minecraft.world.level.validation.DirectoryValidator (minecraft@1.20.1)
9612:             1             16  net.minecraft.world.phys.Vec3$$Lambda$1594/0x0000000100758260 (minecraft@1.20.1)
9613:             1             16  net.minecraft.world.phys.Vec3$$Lambda$1595/0x00000001007584a0 (minecraft@1.20.1)
9614:             1             16  net.minecraft.world.phys.shapes.BooleanOp$$Lambda$1551/0x000000010073c558 (minecraft@1.20.1)
9615:             1             16  net.minecraft.world.phys.shapes.BooleanOp$$Lambda$1552/0x000000010073c778 (minecraft@1.20.1)
9616:             1             16  net.minecraft.world.phys.shapes.BooleanOp$$Lambda$1553/0x000000010073c998 (minecraft@1.20.1)
9617:             1             16  net.minecraft.world.phys.shapes.BooleanOp$$Lambda$1554/0x000000010073cbb8 (minecraft@1.20.1)
9618:             1             16  net.minecraft.world.phys.shapes.BooleanOp$$Lambda$1555/0x000000010073cdd8 (minecraft@1.20.1)
9619:             1             16  net.minecraft.world.phys.shapes.BooleanOp$$Lambda$1556/0x000000010073cff8 (minecraft@1.20.1)
9620:             1             16  net.minecraft.world.phys.shapes.BooleanOp$$Lambda$1557/0x000000010073d218 (minecraft@1.20.1)
9621:             1             16  net.minecraft.world.phys.shapes.BooleanOp$$Lambda$1558/0x000000010073d438 (minecraft@1.20.1)
9622:             1             16  net.minecraft.world.phys.shapes.BooleanOp$$Lambda$1559/0x000000010073d658 (minecraft@1.20.1)
9623:             1             16  net.minecraft.world.phys.shapes.BooleanOp$$Lambda$1560/0x000000010073d878 (minecraft@1.20.1)
9624:             1             16  net.minecraft.world.phys.shapes.BooleanOp$$Lambda$1561/0x000000010073da98 (minecraft@1.20.1)
9625:             1             16  net.minecraft.world.phys.shapes.BooleanOp$$Lambda$1562/0x000000010073dcb8 (minecraft@1.20.1)
9626:             1             16  net.minecraft.world.phys.shapes.BooleanOp$$Lambda$1563/0x000000010073ded8 (minecraft@1.20.1)
9627:             1             16  net.minecraft.world.phys.shapes.BooleanOp$$Lambda$1564/0x000000010073e0f8 (minecraft@1.20.1)
9628:             1             16  net.minecraft.world.phys.shapes.BooleanOp$$Lambda$1565/0x000000010073e318 (minecraft@1.20.1)
9629:             1             16  net.minecraft.world.phys.shapes.BooleanOp$$Lambda$1566/0x000000010073e538 (minecraft@1.20.1)
9630:             1             16  net.minecraft.world.phys.shapes.Shapes$$Lambda$1428/0x0000000100668750 (minecraft@1.20.1)
9631:             1             16  net.minecraft.world.phys.shapes.Shapes$$Lambda$1550/0x000000010073c110 (minecraft@1.20.1)
9632:             1             16  net.minecraft.world.scores.criteria.ObjectiveCriteria$RenderType$$Lambda$2715/0x0000000100a03348 (minecraft@1.20.1)
9633:             1             16  net.minecraftforge.accesstransformer.AccessTransformer$FinalState$$Lambda$857/0x000000010047ab38 (accesstransformers@8.0.4)
9634:             1             16  net.minecraftforge.accesstransformer.AccessTransformer$FinalState$$Lambda$858/0x000000010047ad58 (accesstransformers@8.0.4)
9635:             1             16  net.minecraftforge.accesstransformer.AccessTransformer$FinalState$$Lambda$859/0x000000010047af78 (accesstransformers@8.0.4)
9636:             1             16  net.minecraftforge.accesstransformer.AccessTransformer$FinalState$$Lambda$860/0x000000010047b198 (accesstransformers@8.0.4)
9637:             1             16  net.minecraftforge.accesstransformer.AccessTransformer$Modifier$$Lambda$856/0x000000010047a6c0 (accesstransformers@8.0.4)
9638:             1             16  net.minecraftforge.accesstransformer.AccessTransformerEngine$$Lambda$1014/0x000000010054a050 (accesstransformers@8.0.4)
9639:             1             16  net.minecraftforge.accesstransformer.AccessTransformerEngine$$Lambda$1017/0x000000010054a740 (accesstransformers@8.0.4)
9640:             1             16  net.minecraftforge.accesstransformer.MethodTarget$$Lambda$854/0x00000001004799c0 (accesstransformers@8.0.4)
9641:             1             16  net.minecraftforge.accesstransformer.MethodTarget$$Lambda$855/0x0000000100479c00 (accesstransformers@8.0.4)
9642:             1             16  net.minecraftforge.accesstransformer.parser.AccessTransformVisitor$$Lambda$853/0x0000000100479780 (accesstransformers@8.0.4)
9643:             1             16  net.minecraftforge.accesstransformer.parser.AccessTransformerList$$Lambda$1005/0x0000000100548c18 (accesstransformers@8.0.4)
9644:             1             16  net.minecraftforge.accesstransformer.parser.AccessTransformerList$$Lambda$1006/0x0000000100548e58 (accesstransformers@8.0.4)
9645:             1             16  net.minecraftforge.accesstransformer.parser.AccessTransformerList$$Lambda$1007/0x0000000100549098 (accesstransformers@8.0.4)
9646:             1             16  net.minecraftforge.accesstransformer.parser.AccessTransformerList$$Lambda$1008/0x00000001005492b8 (accesstransformers@8.0.4)
9647:             1             16  net.minecraftforge.accesstransformer.parser.AccessTransformerList$$Lambda$863/0x000000010047be60 (accesstransformers@8.0.4)
9648:             1             16  net.minecraftforge.accesstransformer.service.AccessTransformerService (accesstransformers@8.0.4)
9649:             1             16  net.minecraftforge.client.ChunkRenderTypeSet (forge@47.4.13)
9650:             1             16  net.minecraftforge.client.ChunkRenderTypeSet$All (forge@47.4.13)
9651:             1             16  net.minecraftforge.client.ChunkRenderTypeSet$All$$Lambda$5665/0x0000000100e3f740 (forge@47.4.13)
9652:             1             16  net.minecraftforge.client.ChunkRenderTypeSet$None (forge@47.4.13)
9653:             1             16  net.minecraftforge.client.ForgeHooksClient$$Lambda$5004/0x0000000100d6f550 (forge@47.4.13)
9654:             1             16  net.minecraftforge.client.ForgeRenderTypes$$Lambda$4890/0x0000000100d23a08 (forge@47.4.13)
9655:             1             16  net.minecraftforge.client.ForgeRenderTypes$$Lambda$4893/0x0000000100d244c0 (forge@47.4.13)
9656:             1             16  net.minecraftforge.client.ForgeRenderTypes$$Lambda$4894/0x0000000100d246e0 (forge@47.4.13)
9657:             1             16  net.minecraftforge.client.ForgeRenderTypes$$Lambda$4895/0x0000000100d24900 (forge@47.4.13)
9658:             1             16  net.minecraftforge.client.ForgeRenderTypes$$Lambda$4896/0x0000000100d24b20 (forge@47.4.13)
9659:             1             16  net.minecraftforge.client.ForgeRenderTypes$$Lambda$4897/0x0000000100d24d40 (forge@47.4.13)
9660:             1             16  net.minecraftforge.client.ForgeRenderTypes$$Lambda$4898/0x0000000100d24f60 (forge@47.4.13)
9661:             1             16  net.minecraftforge.client.ForgeRenderTypes$$Lambda$4899/0x0000000100d25180 (forge@47.4.13)
9662:             1             16  net.minecraftforge.client.ForgeRenderTypes$Internal$$Lambda$4900/0x0000000100d25c40 (forge@47.4.13)
9663:             1             16  net.minecraftforge.client.ForgeRenderTypes$Internal$$Lambda$4901/0x0000000100d25e60 (forge@47.4.13)
9664:             1             16  net.minecraftforge.client.ForgeRenderTypes$Internal$$Lambda$4902/0x0000000100d260a0 (forge@47.4.13)
9665:             1             16  net.minecraftforge.client.ForgeRenderTypes$Internal$$Lambda$4903/0x0000000100d262d0 (forge@47.4.13)
9666:             1             16  net.minecraftforge.client.ForgeRenderTypes$Internal$$Lambda$4904/0x0000000100d26510 (forge@47.4.13)
9667:             1             16  net.minecraftforge.client.ForgeRenderTypes$Internal$$Lambda$4905/0x0000000100d26750 (forge@47.4.13)
9668:             1             16  net.minecraftforge.client.ForgeRenderTypes$Internal$$Lambda$4906/0x0000000100d26990 (forge@47.4.13)
9669:             1             16  net.minecraftforge.client.ForgeRenderTypes$Internal$$Lambda$4907/0x0000000100d26bd0 (forge@47.4.13)
9670:             1             16  net.minecraftforge.client.ForgeRenderTypes$Internal$$Lambda$4908/0x0000000100d26e10 (forge@47.4.13)
9671:             1             16  net.minecraftforge.client.ForgeRenderTypes$Internal$$Lambda$4909/0x0000000100d27050 (forge@47.4.13)
9672:             1             16  net.minecraftforge.client.ForgeRenderTypes$Internal$$Lambda$4910/0x0000000100d27290 (forge@47.4.13)
9673:             1             16  net.minecraftforge.client.ForgeRenderTypes$Internal$$Lambda$4911/0x0000000100d274d0 (forge@47.4.13)
9674:             1             16  net.minecraftforge.client.ForgeRenderTypes$Internal$$Lambda$4912/0x0000000100d27710 (forge@47.4.13)
9675:             1             16  net.minecraftforge.client.ForgeRenderTypes$Internal$$Lambda$4913/0x0000000100d27950 (forge@47.4.13)
9676:             1             16  net.minecraftforge.client.ForgeRenderTypes$Internal$$Lambda$4914/0x0000000100d27b90 (forge@47.4.13)
9677:             1             16  net.minecraftforge.client.ForgeRenderTypes$Internal$$Lambda$4915/0x0000000100d28000 (forge@47.4.13)
9678:             1             16  net.minecraftforge.client.ForgeRenderTypes$Internal$$Lambda$4916/0x0000000100d27dd0 (forge@47.4.13)
9679:             1             16  net.minecraftforge.client.ForgeRenderTypes$Internal$$Lambda$4917/0x0000000100d28240 (forge@47.4.13)
9680:             1             16  net.minecraftforge.client.ForgeRenderTypes$Internal$$Lambda$4919/0x0000000100d28688 (forge@47.4.13)
9681:             1             16  net.minecraftforge.client.ForgeRenderTypes$Internal$$Lambda$4920/0x0000000100d288a8 (forge@47.4.13)
9682:             1             16  net.minecraftforge.client.ForgeRenderTypes$Internal$$Lambda$4921/0x0000000100d28ac8 (forge@47.4.13)
9683:             1             16  net.minecraftforge.client.ForgeRenderTypes$Internal$$Lambda$4922/0x0000000100d28ce8 (forge@47.4.13)
9684:             1             16  net.minecraftforge.client.ItemDecoratorHandler (forge@47.4.13)
9685:             1             16  net.minecraftforge.client.gui.LoadingErrorScreen$$Lambda$6042/0x0000000100eb6170 (forge@47.4.13)
9686:             1             16  net.minecraftforge.client.gui.LoadingErrorScreen$$Lambda$6043/0x0000000100eb6398 (forge@47.4.13)
9687:             1             16  net.minecraftforge.client.gui.LoadingErrorScreen$$Lambda$6044/0x0000000100eb65c0 (forge@47.4.13)
9688:             1             16  net.minecraftforge.client.gui.overlay.GuiOverlayManager$$Lambda$5149/0x0000000100dae1f0 (forge@47.4.13)
9689:             1             16  net.minecraftforge.client.gui.overlay.VanillaGuiOverlay$$Lambda$5122/0x0000000100da62f8 (forge@47.4.13)
9690:             1             16  net.minecraftforge.client.gui.overlay.VanillaGuiOverlay$$Lambda$5123/0x0000000100da6518 (forge@47.4.13)
9691:             1             16  net.minecraftforge.client.gui.overlay.VanillaGuiOverlay$$Lambda$5124/0x0000000100da6738 (forge@47.4.13)
9692:             1             16  net.minecraftforge.client.gui.overlay.VanillaGuiOverlay$$Lambda$5125/0x0000000100da6958 (forge@47.4.13)
9693:             1             16  net.minecraftforge.client.gui.overlay.VanillaGuiOverlay$$Lambda$5126/0x0000000100da6b78 (forge@47.4.13)
9694:             1             16  net.minecraftforge.client.gui.overlay.VanillaGuiOverlay$$Lambda$5127/0x0000000100da6d98 (forge@47.4.13)
9695:             1             16  net.minecraftforge.client.gui.overlay.VanillaGuiOverlay$$Lambda$5128/0x0000000100da6fb8 (forge@47.4.13)
9696:             1             16  net.minecraftforge.client.gui.overlay.VanillaGuiOverlay$$Lambda$5129/0x0000000100da71d8 (forge@47.4.13)
9697:             1             16  net.minecraftforge.client.gui.overlay.VanillaGuiOverlay$$Lambda$5130/0x0000000100da73f8 (forge@47.4.13)
9698:             1             16  net.minecraftforge.client.gui.overlay.VanillaGuiOverlay$$Lambda$5131/0x0000000100da7618 (forge@47.4.13)
9699:             1             16  net.minecraftforge.client.gui.overlay.VanillaGuiOverlay$$Lambda$5132/0x0000000100da7838 (forge@47.4.13)
9700:             1             16  net.minecraftforge.client.gui.overlay.VanillaGuiOverlay$$Lambda$5133/0x0000000100da7a58 (forge@47.4.13)
9701:             1             16  net.minecraftforge.client.gui.overlay.VanillaGuiOverlay$$Lambda$5134/0x0000000100da7c78 (forge@47.4.13)
9702:             1             16  net.minecraftforge.client.gui.overlay.VanillaGuiOverlay$$Lambda$5135/0x0000000100dac000 (forge@47.4.13)
9703:             1             16  net.minecraftforge.client.gui.overlay.VanillaGuiOverlay$$Lambda$5136/0x0000000100dac220 (forge@47.4.13)
9704:             1             16  net.minecraftforge.client.gui.overlay.VanillaGuiOverlay$$Lambda$5137/0x0000000100dac440 (forge@47.4.13)
9705:             1             16  net.minecraftforge.client.gui.overlay.VanillaGuiOverlay$$Lambda$5138/0x0000000100dac660 (forge@47.4.13)
9706:             1             16  net.minecraftforge.client.gui.overlay.VanillaGuiOverlay$$Lambda$5139/0x0000000100dac880 (forge@47.4.13)
9707:             1             16  net.minecraftforge.client.gui.overlay.VanillaGuiOverlay$$Lambda$5140/0x0000000100dacaa0 (forge@47.4.13)
9708:             1             16  net.minecraftforge.client.gui.overlay.VanillaGuiOverlay$$Lambda$5141/0x0000000100daccc0 (forge@47.4.13)
9709:             1             16  net.minecraftforge.client.gui.overlay.VanillaGuiOverlay$$Lambda$5142/0x0000000100dacee0 (forge@47.4.13)
9710:             1             16  net.minecraftforge.client.gui.overlay.VanillaGuiOverlay$$Lambda$5143/0x0000000100dad100 (forge@47.4.13)
9711:             1             16  net.minecraftforge.client.gui.overlay.VanillaGuiOverlay$$Lambda$5144/0x0000000100dad320 (forge@47.4.13)
9712:             1             16  net.minecraftforge.client.gui.overlay.VanillaGuiOverlay$$Lambda$5145/0x0000000100dad540 (forge@47.4.13)
9713:             1             16  net.minecraftforge.client.gui.overlay.VanillaGuiOverlay$$Lambda$5146/0x0000000100dad760 (forge@47.4.13)
9714:             1             16  net.minecraftforge.client.gui.overlay.VanillaGuiOverlay$$Lambda$5147/0x0000000100dad980 (forge@47.4.13)
9715:             1             16  net.minecraftforge.client.loading.ClientModLoader$$Lambda$4614/0x0000000100c95158 (forge@47.4.13)
9716:             1             16  net.minecraftforge.client.loading.ClientModLoader$$Lambda$4615/0x0000000100c95378 (forge@47.4.13)
9717:             1             16  net.minecraftforge.client.loading.ClientModLoader$$Lambda$4622/0x0000000100c96518 (forge@47.4.13)
9718:             1             16  net.minecraftforge.client.loading.ClientModLoader$$Lambda$4662/0x0000000100c9e200 (forge@47.4.13)
9719:             1             16  net.minecraftforge.client.loading.ForgeLoadingOverlay$$Lambda$5377/0x0000000100de6be0 (forge@47.4.13)
9720:             1             16  net.minecraftforge.client.loading.ForgeLoadingOverlay$$Lambda$5381/0x0000000100de7220 (forge@47.4.13)
9721:             1             16  net.minecraftforge.client.model.ExtendedBlockModelDeserializer (forge@47.4.13)
9722:             1             16  net.minecraftforge.client.model.ForgeFaceData$$Lambda$5509/0x0000000100e12fa0 (forge@47.4.13)
9723:             1             16  net.minecraftforge.client.model.ForgeFaceData$$Lambda$5510/0x0000000100e131e0 (forge@47.4.13)
9724:             1             16  net.minecraftforge.client.model.ForgeFaceData$$Lambda$5511/0x0000000100e13420 (forge@47.4.13)
9725:             1             16  net.minecraftforge.client.model.ForgeFaceData$$Lambda$5512/0x0000000100e13660 (forge@47.4.13)
9726:             1             16  net.minecraftforge.client.model.ForgeFaceData$$Lambda$5513/0x0000000100e138a0 (forge@47.4.13)
9727:             1             16  net.minecraftforge.client.model.ForgeFaceData$$Lambda$5514/0x0000000100e13ae0 (forge@47.4.13)
9728:             1             16  net.minecraftforge.client.model.ForgeFaceData$$Lambda$5515/0x0000000100e16000 (forge@47.4.13)
9729:             1             16  net.minecraftforge.client.model.ForgeFaceData$$Lambda$5516/0x0000000100e16240 (forge@47.4.13)
9730:             1             16  net.minecraftforge.client.model.ForgeFaceData$$Lambda$5517/0x0000000100e16480 (forge@47.4.13)
9731:             1             16  net.minecraftforge.client.model.QuadTransformers$$Lambda$5646/0x0000000100e34ec8 (forge@47.4.13)
9732:             1             16  net.minecraftforge.client.model.QuadTransformers$$Lambda$5647/0x0000000100e35320 (forge@47.4.13)
9733:             1             16  net.minecraftforge.client.model.QuadTransformers$$Lambda$5648/0x0000000100e35550 (forge@47.4.13)
9734:             1             16  net.minecraftforge.client.model.geometry.GeometryLoaderManager$$Lambda$5227/0x0000000100dd5618 (forge@47.4.13)
9735:             1             16  net.minecraftforge.client.model.lighting.ForgeModelBlockRenderer$$Lambda$4999/0x0000000100d65678 (forge@47.4.13)
9736:             1             16  net.minecraftforge.client.model.lighting.ForgeModelBlockRenderer$$Lambda$5000/0x0000000100d658a0 (forge@47.4.13)
9737:             1             16  net.minecraftforge.client.settings.KeyMappingLookup (forge@47.4.13)
9738:             1             16  net.minecraftforge.client.settings.KeyMappingLookup$$Lambda$4483/0x0000000100c0af00 (forge@47.4.13)
9739:             1             16  net.minecraftforge.client.settings.KeyMappingLookup$$Lambda$4564/0x0000000100c1d458 (forge@47.4.13)
9740:             1             16  net.minecraftforge.client.textures.ForgeTextureMetadata (forge@47.4.13)
9741:             1             16  net.minecraftforge.client.textures.ForgeTextureMetadata$Serializer (forge@47.4.13)
9742:             1             16  net.minecraftforge.common.ForgeConfig$$Lambda$5652/0x0000000100e3c210 (forge@47.4.13)
9743:             1             16  net.minecraftforge.common.ForgeConfig$$Lambda$5660/0x0000000100e3d8b0 (forge@47.4.13)
9744:             1             16  net.minecraftforge.common.ForgeConfig$$Lambda$5661/0x0000000100e3dd00 (forge@47.4.13)
9745:             1             16  net.minecraftforge.common.ForgeConfig$Common (forge@47.4.13)
9746:             1             16  net.minecraftforge.common.ForgeConfigSpec$Builder$$Lambda$5651/0x0000000100e37aa0 (forge@47.4.13)
9747:             1             16  net.minecraftforge.common.ForgeConfigSpec$Builder$$Lambda$5655/0x0000000100e3cd90 (forge@47.4.13)
9748:             1             16  net.minecraftforge.common.ForgeConfigSpec$Builder$$Lambda$5663/0x0000000100e3e650 (forge@47.4.13)
9749:             1             16  net.minecraftforge.common.ForgeConfigSpec$Builder$$Lambda$5664/0x0000000100e3e8a8 (forge@47.4.13)
9750:             1             16  net.minecraftforge.common.ForgeConfigSpec$BuilderContext$$Lambda$5653/0x0000000100e3c450 (forge@47.4.13)
9751:             1             16  net.minecraftforge.common.ForgeHooks$$Lambda$4706/0x0000000100cb2990 (forge@47.4.13)
9752:             1             16  net.minecraftforge.common.ForgeI18n$$Lambda$4235/0x0000000100b84560 (forge@47.4.13)
9753:             1             16  net.minecraftforge.common.ForgeI18n$$Lambda$4236/0x0000000100b84780 (forge@47.4.13)
9754:             1             16  net.minecraftforge.common.ForgeI18n$$Lambda$4237/0x0000000100b849a0 (forge@47.4.13)
9755:             1             16  net.minecraftforge.common.ForgeI18n$$Lambda$4238/0x0000000100b84bc0 (forge@47.4.13)
9756:             1             16  net.minecraftforge.common.ForgeI18n$$Lambda$4239/0x0000000100b84de0 (forge@47.4.13)
9757:             1             16  net.minecraftforge.common.ForgeI18n$$Lambda$4240/0x0000000100b85000 (forge@47.4.13)
9758:             1             16  net.minecraftforge.common.ForgeI18n$$Lambda$4241/0x0000000100b85220 (forge@47.4.13)
9759:             1             16  net.minecraftforge.common.ForgeI18n$$Lambda$4242/0x0000000100b85440 (forge@47.4.13)
9760:             1             16  net.minecraftforge.common.ForgeI18n$$Lambda$4679/0x0000000100c9ecd8 (forge@47.4.13)
9761:             1             16  net.minecraftforge.common.ForgeInternalHandler (forge@47.4.13)
9762:             1             16  net.minecraftforge.common.ForgeStatesProvider$$Lambda$4649/0x0000000100c9d2b0 (forge@47.4.13)
9763:             1             16  net.minecraftforge.common.ForgeStatesProvider$$Lambda$4650/0x0000000100c9d4e0 (forge@47.4.13)
9764:             1             16  net.minecraftforge.common.ForgeStatesProvider$$Lambda$4651/0x0000000100c9d710 (forge@47.4.13)
9765:             1             16  net.minecraftforge.common.ForgeStatesProvider$$Lambda$4652/0x0000000100c9d940 (forge@47.4.13)
9766:             1             16  net.minecraftforge.common.ForgeStatesProvider$$Lambda$4653/0x0000000100c9db70 (forge@47.4.13)
9767:             1             16  net.minecraftforge.common.ForgeStatesProvider$$Lambda$4654/0x0000000100c9dda0 (forge@47.4.13)
9768:             1             16  net.minecraftforge.common.ForgeStatesProvider$$Lambda$4655/0x0000000100c9dfd0 (forge@47.4.13)
9769:             1             16  net.minecraftforge.common.IExtensibleEnum$$Lambda$1795/0x00000001007f6558 (forge@47.4.13)
9770:             1             16  net.minecraftforge.common.capabilities.CapabilityProvider$$Lambda$4984/0x0000000100d45620 (forge@47.4.13)
9771:             1             16  net.minecraftforge.common.util.LogicalSidedProvider$$Lambda$4616/0x0000000100c957b8 (forge@47.4.13)
9772:             1             16  net.minecraftforge.common.util.LogicalSidedProvider$$Lambda$4617/0x0000000100c959f8 (forge@47.4.13)
9773:             1             16  net.minecraftforge.common.util.LogicalSidedProvider$$Lambda$4618/0x0000000100c95c38 (forge@47.4.13)
9774:             1             16  net.minecraftforge.common.util.LogicalSidedProvider$$Lambda$4619/0x0000000100c95e78 (forge@47.4.13)
9775:             1             16  net.minecraftforge.common.util.MavenVersionStringHelper$$Lambda$4681/0x0000000100c9f140 (forge@47.4.13)
9776:             1             16  net.minecraftforge.common.util.TransformationHelper$Deserializer (forge@47.4.13)
9777:             1             16  net.minecraftforge.coremod.CoreMod$$Lambda$920/0x0000000100506190 (net.minecraftforge.coremod)
9778:             1             16  net.minecraftforge.coremod.CoreMod$$Lambda$921/0x00000001005063d0 (net.minecraftforge.coremod)
9779:             1             16  net.minecraftforge.coremod.CoreModEngine (net.minecraftforge.coremod)
9780:             1             16  net.minecraftforge.coremod.CoreModEngine$$Lambda$913/0x0000000100504460 (net.minecraftforge.coremod)
9781:             1             16  net.minecraftforge.coremod.CoreModEngine$$Lambda$914/0x00000001005046a0 (net.minecraftforge.coremod)
9782:             1             16  net.minecraftforge.coremod.CoreModProvider (net.minecraftforge.coremod)
9783:             1             16  net.minecraftforge.coremod.CoreModTracker (net.minecraftforge.coremod)
9784:             1             16  net.minecraftforge.coremod.CoreModTracker$$Lambda$899/0x00000001004c7210 (net.minecraftforge.coremod)
9785:             1             16  net.minecraftforge.coremod.NashornFactory$$Lambda$808/0x00000001003d9f30 (net.minecraftforge.coremod)
9786:             1             16  net.minecraftforge.coremod.api.ASMAPI$$Lambda$909/0x00000001004d25d8 (net.minecraftforge.coremod)
9787:             1             16  net.minecraftforge.coremod.api.ASMAPI$$Lambda$910/0x00000001004d2818 (net.minecraftforge.coremod)
9788:             1             16  net.minecraftforge.eventbus.EventAccessTransformer (net.minecraftforge.eventbus)
9789:             1             16  net.minecraftforge.eventbus.EventAccessTransformer$$Lambda$961/0x00000001005243f8 (net.minecraftforge.eventbus)
9790:             1             16  net.minecraftforge.eventbus.EventAccessTransformer$$Lambda$963/0x0000000100524880 (net.minecraftforge.eventbus)
9791:             1             16  net.minecraftforge.eventbus.EventAccessTransformer$$Lambda$967/0x0000000100525178 (net.minecraftforge.eventbus)
9792:             1             16  net.minecraftforge.eventbus.EventBus$$Lambda$4263/0x0000000100ba6088 (net.minecraftforge.eventbus)
9793:             1             16  net.minecraftforge.eventbus.EventBus$$Lambda$4985/0x0000000100cbf7b0 (net.minecraftforge.eventbus)
9794:             1             16  net.minecraftforge.eventbus.EventSubclassTransformer (net.minecraftforge.eventbus)
9795:             1             16  net.minecraftforge.eventbus.service.ModLauncherService (net.minecraftforge.eventbus)
9796:             1             16  net.minecraftforge.eventbus.service.ModLauncherService$$Lambda$956/0x0000000100510f30 (net.minecraftforge.eventbus)
9797:             1             16  net.minecraftforge.fml.Bindings$$Lambda$4673/0x0000000100ca1808 (fmlcore@1.20.1-47.4.13)
9798:             1             16  net.minecraftforge.fml.ModList$$Lambda$4664/0x0000000100c9bcf8 (fmlcore@1.20.1-47.4.13)
9799:             1             16  net.minecraftforge.fml.ModList$$Lambda$4667/0x0000000100ca0490 (fmlcore@1.20.1-47.4.13)
9800:             1             16  net.minecraftforge.fml.ModList$$Lambda$4668/0x0000000100ca06d0 (fmlcore@1.20.1-47.4.13)
9801:             1             16  net.minecraftforge.fml.ModList$$Lambda$4670/0x0000000100ca0b58 (fmlcore@1.20.1-47.4.13)
9802:             1             16  net.minecraftforge.fml.ModList$$Lambda$4671/0x0000000100ca0d98 (fmlcore@1.20.1-47.4.13)
9803:             1             16  net.minecraftforge.fml.ModList$$Lambda$4672/0x0000000100ca0fd8 (fmlcore@1.20.1-47.4.13)
9804:             1             16  net.minecraftforge.fml.ModList$$Lambda$4685/0x0000000100ca1e80 (fmlcore@1.20.1-47.4.13)
9805:             1             16  net.minecraftforge.fml.ModList$$Lambda$6023/0x0000000100ca3238 (fmlcore@1.20.1-47.4.13)
9806:             1             16  net.minecraftforge.fml.ModList$$Lambda$6024/0x0000000100ca3478 (fmlcore@1.20.1-47.4.13)
9807:             1             16  net.minecraftforge.fml.ModList$$Lambda$6025/0x0000000100ca36b8 (fmlcore@1.20.1-47.4.13)
9808:             1             16  net.minecraftforge.fml.ModLoader$$Lambda$4624/0x0000000100601b18 (fmlcore@1.20.1-47.4.13)
9809:             1             16  net.minecraftforge.fml.ModLoader$$Lambda$4626/0x0000000100602820 (fmlcore@1.20.1-47.4.13)
9810:             1             16  net.minecraftforge.fml.ModLoader$$Lambda$4627/0x0000000100602a60 (fmlcore@1.20.1-47.4.13)
9811:             1             16  net.minecraftforge.fml.ModLoader$$Lambda$4629/0x0000000100602f08 (fmlcore@1.20.1-47.4.13)
9812:             1             16  net.minecraftforge.fml.ModLoader$$Lambda$4656/0x0000000100c9a4f8 (fmlcore@1.20.1-47.4.13)
9813:             1             16  net.minecraftforge.fml.ModLoader$$Lambda$4657/0x0000000100c9a988 (fmlcore@1.20.1-47.4.13)
9814:             1             16  net.minecraftforge.fml.ModLoader$$Lambda$4658/0x0000000100c9aba8 (fmlcore@1.20.1-47.4.13)
9815:             1             16  net.minecraftforge.fml.ModLoader$$Lambda$4659/0x0000000100c9adc8 (fmlcore@1.20.1-47.4.13)
9816:             1             16  net.minecraftforge.fml.ModLoader$$Lambda$4660/0x0000000100c9aff0 (fmlcore@1.20.1-47.4.13)
9817:             1             16  net.minecraftforge.fml.ModLoader$$Lambda$4663/0x0000000100c9bab8 (fmlcore@1.20.1-47.4.13)
9818:             1             16  net.minecraftforge.fml.ModLoader$$Lambda$4683/0x0000000100ca1a28 (fmlcore@1.20.1-47.4.13)
9819:             1             16  net.minecraftforge.fml.ModLoader$$Lambda$5120/0x0000000100ca20c0 (fmlcore@1.20.1-47.4.13)
9820:             1             16  net.minecraftforge.fml.ModLoader$$Lambda$5121/0x0000000100ca22f0 (fmlcore@1.20.1-47.4.13)
9821:             1             16  net.minecraftforge.fml.ModLoader$$Lambda$6020/0x0000000100ca2b70 (fmlcore@1.20.1-47.4.13)
9822:             1             16  net.minecraftforge.fml.ModLoader$$Lambda$6021/0x0000000100ca2db0 (fmlcore@1.20.1-47.4.13)
9823:             1             16  net.minecraftforge.fml.ModLoadingContext$$Lambda$1443/0x0000000100600470 (fmlcore@1.20.1-47.4.13)
9824:             1             16  net.minecraftforge.fml.ModLoadingState$$Lambda$4636/0x0000000100c99198 (fmlcore@1.20.1-47.4.13)
9825:             1             16  net.minecraftforge.fml.ModLoadingState$$Lambda$4637/0x0000000100c993d8 (fmlcore@1.20.1-47.4.13)
9826:             1             16  net.minecraftforge.fml.ModLoadingState$$Lambda$4639/0x0000000100c995f8 (fmlcore@1.20.1-47.4.13)
9827:             1             16  net.minecraftforge.fml.ModLoadingState$$Lambda$4642/0x0000000100c99a60 (fmlcore@1.20.1-47.4.13)
9828:             1             16  net.minecraftforge.fml.ModLoadingState$$Lambda$4644/0x0000000100c99ec8 (fmlcore@1.20.1-47.4.13)
9829:             1             16  net.minecraftforge.fml.ModStateManager (fmlcore@1.20.1-47.4.13)
9830:             1             16  net.minecraftforge.fml.ModStateManager$$Lambda$4631/0x00000001006037a0 (fmlcore@1.20.1-47.4.13)
9831:             1             16  net.minecraftforge.fml.ModStateManager$$Lambda$4632/0x00000001006039d0 (fmlcore@1.20.1-47.4.13)
9832:             1             16  net.minecraftforge.fml.ModStateManager$$Lambda$4633/0x0000000100603c10 (fmlcore@1.20.1-47.4.13)
9833:             1             16  net.minecraftforge.fml.ModStateManager$$Lambda$4634/0x0000000100c98448 (fmlcore@1.20.1-47.4.13)
9834:             1             16  net.minecraftforge.fml.ModStateManager$$Lambda$4635/0x0000000100c98688 (fmlcore@1.20.1-47.4.13)
9835:             1             16  net.minecraftforge.fml.ModWorkManager$$Lambda$4661/0x0000000100c9b898 (fmlcore@1.20.1-47.4.13)
9836:             1             16  net.minecraftforge.fml.ModWorkManager$SyncExecutor (fmlcore@1.20.1-47.4.13)
9837:             1             16  net.minecraftforge.fml.common.asm.CapabilityTokenSubclass (fmlloader@1.20.1-47.4.13)
9838:             1             16  net.minecraftforge.fml.common.asm.ObjectHolderDefinalize (fmlloader@1.20.1-47.4.13)
9839:             1             16  net.minecraftforge.fml.common.asm.ObjectHolderDefinalize$$Lambda$1437/0x000000010066f248 (fmlloader@1.20.1-47.4.13)
9840:             1             16  net.minecraftforge.fml.common.asm.ObjectHolderDefinalize$$Lambda$356/0x00000001002b53e8 (fmlloader@1.20.1-47.4.13)
9841:             1             16  net.minecraftforge.fml.common.asm.ObjectHolderDefinalize$$Lambda$357/0x00000001002b5628 (fmlloader@1.20.1-47.4.13)
9842:             1             16  net.minecraftforge.fml.common.asm.ObjectHolderDefinalize$$Lambda$985/0x0000000100527b48 (fmlloader@1.20.1-47.4.13)
9843:             1             16  net.minecraftforge.fml.common.asm.RuntimeEnumExtender (fmlloader@1.20.1-47.4.13)
9844:             1             16  net.minecraftforge.fml.common.asm.RuntimeEnumExtender$$Lambda$1787/0x00000001007af018 (fmlloader@1.20.1-47.4.13)
9845:             1             16  net.minecraftforge.fml.core.ModStateProvider$$Lambda$4638/0x0000000100c96b90 (forge@47.4.13)
9846:             1             16  net.minecraftforge.fml.core.ModStateProvider$$Lambda$4640/0x0000000100c977a8 (forge@47.4.13)
9847:             1             16  net.minecraftforge.fml.core.ModStateProvider$$Lambda$4645/0x0000000100c97c58 (forge@47.4.13)
9848:             1             16  net.minecraftforge.fml.core.ModStateProvider$$Lambda$4646/0x0000000100c9c000 (forge@47.4.13)
9849:             1             16  net.minecraftforge.fml.core.ModStateProvider$$Lambda$4647/0x0000000100c9c220 (forge@47.4.13)
9850:             1             16  net.minecraftforge.fml.core.ModStateProvider$$Lambda$4648/0x0000000100c9cbc0 (forge@47.4.13)
9851:             1             16  net.minecraftforge.fml.earlydisplay.DisplayWindow$$Lambda$1018/0x000000010054a970 (fmlearlydisplay@1.20.1-47.4.13)
9852:             1             16  net.minecraftforge.fml.earlydisplay.DisplayWindow$$Lambda$433/0x000000010031dcf8 (fmlearlydisplay@1.20.1-47.4.13)
9853:             1             16  net.minecraftforge.fml.earlydisplay.DisplayWindow$$Lambda$437/0x000000010031f9b8 (fmlearlydisplay@1.20.1-47.4.13)
9854:             1             16  net.minecraftforge.fml.earlydisplay.DisplayWindow$$Lambda$455/0x000000010032cc48 (fmlearlydisplay@1.20.1-47.4.13)
9855:             1             16  net.minecraftforge.fml.earlydisplay.DisplayWindow$$Lambda$4594/0x0000000100c873e8 (fmlearlydisplay@1.20.1-47.4.13)
9856:             1             16  net.minecraftforge.fml.earlydisplay.DisplayWindow$$Lambda$462/0x0000000100332388 (fmlearlydisplay@1.20.1-47.4.13)
9857:             1             16  net.minecraftforge.fml.earlydisplay.DisplayWindow$$Lambda$614/0x00000001003853c0 (fmlearlydisplay@1.20.1-47.4.13)
9858:             1             16  net.minecraftforge.fml.earlydisplay.DisplayWindow$$Lambda$615/0x00000001003855e8 (fmlearlydisplay@1.20.1-47.4.13)
9859:             1             16  net.minecraftforge.fml.earlydisplay.DisplayWindow$$Lambda$953/0x0000000100510670 (fmlearlydisplay@1.20.1-47.4.13)
9860:             1             16  net.minecraftforge.fml.earlydisplay.RenderElement$$Lambda$599/0x000000010037d8c8 (fmlearlydisplay@1.20.1-47.4.13)
9861:             1             16  net.minecraftforge.fml.earlydisplay.RenderElement$$Lambda$605/0x0000000100384000 (fmlearlydisplay@1.20.1-47.4.13)
9862:             1             16  net.minecraftforge.fml.earlydisplay.RenderElement$$Lambda$610/0x0000000100384af0 (fmlearlydisplay@1.20.1-47.4.13)
9863:             1             16  net.minecraftforge.fml.earlydisplay.RenderElement$$Lambda$612/0x0000000100384f60 (fmlearlydisplay@1.20.1-47.4.13)
9864:             1             16  net.minecraftforge.fml.earlydisplay.RenderElement$$Lambda$625/0x00000001003831f8 (fmlearlydisplay@1.20.1-47.4.13)
9865:             1             16  net.minecraftforge.fml.earlydisplay.SimpleBufferBuilder$Format$$Lambda$601/0x000000010037e7b8 (fmlearlydisplay@1.20.1-47.4.13)
9866:             1             16  net.minecraftforge.fml.javafmlmod.FMLJavaModLanguageProvider (javafmllanguage@1.20.1-47.4.13)
9867:             1             16  net.minecraftforge.fml.javafmlmod.FMLJavaModLanguageProvider$$Lambda$1020/0x000000010051a480 (javafmllanguage@1.20.1-47.4.13)
9868:             1             16  net.minecraftforge.fml.javafmlmod.FMLJavaModLanguageProvider$$Lambda$1021/0x000000010051a6b0 (javafmllanguage@1.20.1-47.4.13)
9869:             1             16  net.minecraftforge.fml.javafmlmod.FMLJavaModLanguageProvider$$Lambda$1022/0x000000010051a900 (javafmllanguage@1.20.1-47.4.13)
9870:             1             16  net.minecraftforge.fml.javafmlmod.FMLJavaModLanguageProvider$$Lambda$1023/0x000000010051ad68 (javafmllanguage@1.20.1-47.4.13)
9871:             1             16  net.minecraftforge.fml.javafmlmod.FMLJavaModLanguageProvider$$Lambda$1024/0x000000010051b230 (javafmllanguage@1.20.1-47.4.13)
9872:             1             16  net.minecraftforge.fml.javafmlmod.FMLJavaModLanguageProvider$$Lambda$1025/0x000000010051b470 (javafmllanguage@1.20.1-47.4.13)
9873:             1             16  net.minecraftforge.fml.loading.ClasspathTransformerDiscoverer$$Lambda$374/0x0000000100300498 (fmlloader@1.20.1-47.4.13)
9874:             1             16  net.minecraftforge.fml.loading.FMLConfig (fmlloader@1.20.1-47.4.13)
9875:             1             16  net.minecraftforge.fml.loading.FMLConfig$ConfigValue$$Lambda$382/0x00000001003079a0 (fmlloader@1.20.1-47.4.13)
9876:             1             16  net.minecraftforge.fml.loading.FMLConfig$ConfigValue$$Lambda$384/0x0000000100305690 (fmlloader@1.20.1-47.4.13)
9877:             1             16  net.minecraftforge.fml.loading.FMLEnvironment$$Lambda$512/0x000000010035c208 (fmlloader@1.20.1-47.4.13)
9878:             1             16  net.minecraftforge.fml.loading.FMLEnvironment$$Lambda$513/0x000000010035c448 (fmlloader@1.20.1-47.4.13)
9879:             1             16  net.minecraftforge.fml.loading.FMLLoader$$Lambda$474/0x0000000100337b88 (fmlloader@1.20.1-47.4.13)
9880:             1             16  net.minecraftforge.fml.loading.FMLLoader$$Lambda$475/0x0000000100337dc8 (fmlloader@1.20.1-47.4.13)
9881:             1             16  net.minecraftforge.fml.loading.FMLLoader$$Lambda$476/0x0000000100335000 (fmlloader@1.20.1-47.4.13)
9882:             1             16  net.minecraftforge.fml.loading.FMLLoader$$Lambda$477/0x0000000100335220 (fmlloader@1.20.1-47.4.13)
9883:             1             16  net.minecraftforge.fml.loading.FMLLoader$$Lambda$478/0x0000000100335640 (fmlloader@1.20.1-47.4.13)
9884:             1             16  net.minecraftforge.fml.loading.FMLLoader$$Lambda$6019/0x0000000100e4e6f0 (fmlloader@1.20.1-47.4.13)
9885:             1             16  net.minecraftforge.fml.loading.FMLPaths$$Lambda$506/0x000000010034c800 (fmlloader@1.20.1-47.4.13)
9886:             1             16  net.minecraftforge.fml.loading.FMLServiceProvider$$Lambda$467/0x0000000100333c10 (fmlloader@1.20.1-47.4.13)
9887:             1             16  net.minecraftforge.fml.loading.FMLServiceProvider$$Lambda$507/0x0000000100350000 (fmlloader@1.20.1-47.4.13)
9888:             1             16  net.minecraftforge.fml.loading.FMLServiceProvider$$Lambda$508/0x0000000100350d70 (fmlloader@1.20.1-47.4.13)
9889:             1             16  net.minecraftforge.fml.loading.ImmediateWindowHandler$$Lambda$432/0x000000010031d180 (fmlloader@1.20.1-47.4.13)
9890:             1             16  net.minecraftforge.fml.loading.ImmediateWindowHandler$Wrapper (fmlloader@1.20.1-47.4.13)
9891:             1             16  net.minecraftforge.fml.loading.LanguageLoadingProvider$$Lambda$756/0x00000001003ce800 (fmlloader@1.20.1-47.4.13)
9892:             1             16  net.minecraftforge.fml.loading.LanguageLoadingProvider$$Lambda$758/0x00000001003ce400 (fmlloader@1.20.1-47.4.13)
9893:             1             16  net.minecraftforge.fml.loading.LoadingModList$$Lambda$795/0x00000001003d1a68 (fmlloader@1.20.1-47.4.13)
9894:             1             16  net.minecraftforge.fml.loading.LoadingModList$$Lambda$798/0x00000001003d8248 (fmlloader@1.20.1-47.4.13)
9895:             1             16  net.minecraftforge.fml.loading.LoadingModList$$Lambda$799/0x00000001003d8488 (fmlloader@1.20.1-47.4.13)
9896:             1             16  net.minecraftforge.fml.loading.LoadingModList$$Lambda$801/0x00000001003d8910 (fmlloader@1.20.1-47.4.13)
9897:             1             16  net.minecraftforge.fml.loading.LoadingModList$$Lambda$802/0x00000001003d8b50 (fmlloader@1.20.1-47.4.13)
9898:             1             16  net.minecraftforge.fml.loading.LoadingModList$$Lambda$803/0x00000001003d8d90 (fmlloader@1.20.1-47.4.13)
9899:             1             16  net.minecraftforge.fml.loading.LoadingModList$$Lambda$804/0x00000001003d8fd0 (fmlloader@1.20.1-47.4.13)
9900:             1             16  net.minecraftforge.fml.loading.LoadingModList$$Lambda$805/0x00000001003d9210 (fmlloader@1.20.1-47.4.13)
9901:             1             16  net.minecraftforge.fml.loading.LoadingModList$$Lambda$848/0x000000010045aaa8 (fmlloader@1.20.1-47.4.13)
9902:             1             16  net.minecraftforge.fml.loading.LoadingModList$$Lambda$849/0x000000010045ace8 (fmlloader@1.20.1-47.4.13)
9903:             1             16  net.minecraftforge.fml.loading.LoadingModList$$Lambda$865/0x000000010047c948 (fmlloader@1.20.1-47.4.13)
9904:             1             16  net.minecraftforge.fml.loading.ModDirTransformerDiscoverer$$Lambda$407/0x0000000100315780 (fmlloader@1.20.1-47.4.13)
9905:             1             16  net.minecraftforge.fml.loading.ModDirTransformerDiscoverer$$Lambda$409/0x0000000100315fe0 (fmlloader@1.20.1-47.4.13)
9906:             1             16  net.minecraftforge.fml.loading.ModDirTransformerDiscoverer$$Lambda$547/0x0000000100362dc8 (fmlloader@1.20.1-47.4.13)
9907:             1             16  net.minecraftforge.fml.loading.ModSorter$$Lambda$765/0x00000001003d5e30 (fmlloader@1.20.1-47.4.13)
9908:             1             16  net.minecraftforge.fml.loading.ModSorter$$Lambda$766/0x00000001003d6080 (fmlloader@1.20.1-47.4.13)
9909:             1             16  net.minecraftforge.fml.loading.ModSorter$$Lambda$767/0x00000001003d62c0 (fmlloader@1.20.1-47.4.13)
9910:             1             16  net.minecraftforge.fml.loading.ModSorter$$Lambda$768/0x00000001003d6500 (fmlloader@1.20.1-47.4.13)
9911:             1             16  net.minecraftforge.fml.loading.ModSorter$$Lambda$769/0x00000001003d6740 (fmlloader@1.20.1-47.4.13)
9912:             1             16  net.minecraftforge.fml.loading.ModSorter$$Lambda$770/0x00000001003d6980 (fmlloader@1.20.1-47.4.13)
9913:             1             16  net.minecraftforge.fml.loading.ModSorter$$Lambda$771/0x00000001003d6bc0 (fmlloader@1.20.1-47.4.13)
9914:             1             16  net.minecraftforge.fml.loading.ModSorter$$Lambda$773/0x00000001003d7048 (fmlloader@1.20.1-47.4.13)
9915:             1             16  net.minecraftforge.fml.loading.ModSorter$$Lambda$774/0x00000001003d7298 (fmlloader@1.20.1-47.4.13)
9916:             1             16  net.minecraftforge.fml.loading.ModSorter$$Lambda$775/0x00000001003d74d8 (fmlloader@1.20.1-47.4.13)
9917:             1             16  net.minecraftforge.fml.loading.ModSorter$$Lambda$776/0x00000001003d7718 (fmlloader@1.20.1-47.4.13)
9918:             1             16  net.minecraftforge.fml.loading.ModSorter$$Lambda$777/0x00000001003d7958 (fmlloader@1.20.1-47.4.13)
9919:             1             16  net.minecraftforge.fml.loading.ModSorter$$Lambda$778/0x00000001003d7b88 (fmlloader@1.20.1-47.4.13)
9920:             1             16  net.minecraftforge.fml.loading.ModSorter$$Lambda$779/0x00000001003d2000 (fmlloader@1.20.1-47.4.13)
9921:             1             16  net.minecraftforge.fml.loading.ModSorter$$Lambda$780/0x00000001003d2240 (fmlloader@1.20.1-47.4.13)
9922:             1             16  net.minecraftforge.fml.loading.ModSorter$$Lambda$781/0x00000001003d7dc8 (fmlloader@1.20.1-47.4.13)
9923:             1             16  net.minecraftforge.fml.loading.ModSorter$$Lambda$782/0x00000001003d2480 (fmlloader@1.20.1-47.4.13)
9924:             1             16  net.minecraftforge.fml.loading.ModSorter$$Lambda$785/0x00000001003d26c0 (fmlloader@1.20.1-47.4.13)
9925:             1             16  net.minecraftforge.fml.loading.ModSorter$$Lambda$786/0x00000001003d28f0 (fmlloader@1.20.1-47.4.13)
9926:             1             16  net.minecraftforge.fml.loading.ModSorter$$Lambda$787/0x00000001003d2b40 (fmlloader@1.20.1-47.4.13)
9927:             1             16  net.minecraftforge.fml.loading.ModSorter$$Lambda$790/0x00000001003d3240 (fmlloader@1.20.1-47.4.13)
9928:             1             16  net.minecraftforge.fml.loading.ModSorter$$Lambda$791/0x00000001003d3490 (fmlloader@1.20.1-47.4.13)
9929:             1             16  net.minecraftforge.fml.loading.ModSorter$$Lambda$794/0x00000001003d3d98 (fmlloader@1.20.1-47.4.13)
9930:             1             16  net.minecraftforge.fml.loading.RuntimeDistCleaner (fmlloader@1.20.1-47.4.13)
9931:             1             16  net.minecraftforge.fml.loading.RuntimeDistCleaner$$Lambda$511/0x0000000100353ce0 (fmlloader@1.20.1-47.4.13)
9932:             1             16  net.minecraftforge.fml.loading.RuntimeDistCleaner$$Lambda$970/0x0000000100525858 (fmlloader@1.20.1-47.4.13)
9933:             1             16  net.minecraftforge.fml.loading.RuntimeDistCleaner$$Lambda$971/0x0000000100525aa8 (fmlloader@1.20.1-47.4.13)
9934:             1             16  net.minecraftforge.fml.loading.RuntimeDistCleaner$$Lambda$973/0x0000000100525f50 (fmlloader@1.20.1-47.4.13)
9935:             1             16  net.minecraftforge.fml.loading.RuntimeDistCleaner$$Lambda$974/0x00000001005261a0 (fmlloader@1.20.1-47.4.13)
9936:             1             16  net.minecraftforge.fml.loading.RuntimeDistCleaner$$Lambda$975/0x00000001005263f0 (fmlloader@1.20.1-47.4.13)
9937:             1             16  net.minecraftforge.fml.loading.RuntimeDistCleaner$$Lambda$976/0x0000000100526640 (fmlloader@1.20.1-47.4.13)
9938:             1             16  net.minecraftforge.fml.loading.RuntimeDistCleaner$$Lambda$978/0x0000000100526fe0 (fmlloader@1.20.1-47.4.13)
9939:             1             16  net.minecraftforge.fml.loading.RuntimeDistCleaner$$Lambda$979/0x0000000100527230 (fmlloader@1.20.1-47.4.13)
9940:             1             16  net.minecraftforge.fml.loading.RuntimeDistCleaner$$Lambda$980/0x0000000100527480 (fmlloader@1.20.1-47.4.13)
9941:             1             16  net.minecraftforge.fml.loading.RuntimeDistCleaner$$Lambda$981/0x00000001005276c0 (fmlloader@1.20.1-47.4.13)
9942:             1             16  net.minecraftforge.fml.loading.UniqueModListBuilder$$Lambda$663/0x0000000100396950 (fmlloader@1.20.1-47.4.13)
9943:             1             16  net.minecraftforge.fml.loading.UniqueModListBuilder$$Lambda$664/0x0000000100396ba0 (fmlloader@1.20.1-47.4.13)
9944:             1             16  net.minecraftforge.fml.loading.UniqueModListBuilder$$Lambda$665/0x0000000100396de0 (fmlloader@1.20.1-47.4.13)
9945:             1             16  net.minecraftforge.fml.loading.UniqueModListBuilder$$Lambda$666/0x0000000100397030 (fmlloader@1.20.1-47.4.13)
9946:             1             16  net.minecraftforge.fml.loading.UniqueModListBuilder$$Lambda$669/0x0000000100397700 (fmlloader@1.20.1-47.4.13)
9947:             1             16  net.minecraftforge.fml.loading.UniqueModListBuilder$$Lambda$670/0x0000000100397950 (fmlloader@1.20.1-47.4.13)
9948:             1             16  net.minecraftforge.fml.loading.UniqueModListBuilder$$Lambda$671/0x0000000100397b90 (fmlloader@1.20.1-47.4.13)
9949:             1             16  net.minecraftforge.fml.loading.UniqueModListBuilder$$Lambda$672/0x0000000100393000 (fmlloader@1.20.1-47.4.13)
9950:             1             16  net.minecraftforge.fml.loading.UniqueModListBuilder$$Lambda$673/0x0000000100393240 (fmlloader@1.20.1-47.4.13)
9951:             1             16  net.minecraftforge.fml.loading.UniqueModListBuilder$$Lambda$675/0x00000001003936c8 (fmlloader@1.20.1-47.4.13)
9952:             1             16  net.minecraftforge.fml.loading.UniqueModListBuilder$$Lambda$676/0x0000000100393918 (fmlloader@1.20.1-47.4.13)
9953:             1             16  net.minecraftforge.fml.loading.UniqueModListBuilder$$Lambda$677/0x0000000100393b58 (fmlloader@1.20.1-47.4.13)
9954:             1             16  net.minecraftforge.fml.loading.UniqueModListBuilder$$Lambda$678/0x0000000100393da8 (fmlloader@1.20.1-47.4.13)
9955:             1             16  net.minecraftforge.fml.loading.UniqueModListBuilder$$Lambda$679/0x0000000100392c00 (fmlloader@1.20.1-47.4.13)
9956:             1             16  net.minecraftforge.fml.loading.VersionSupportMatrix$$Lambda$763/0x00000001003d4d38 (fmlloader@1.20.1-47.4.13)
9957:             1             16  net.minecraftforge.fml.loading.log4j.ForgeHighlight$$Lambda$285/0x0000000100285950 (fmlloader@1.20.1-47.4.13)
9958:             1             16  net.minecraftforge.fml.loading.log4j.SLF4JFixerLaunchPluginService (fmlloader@1.20.1-47.4.13)
9959:             1             16  net.minecraftforge.fml.loading.moddiscovery.AbstractModProvider$$Lambda$554/0x0000000100363f60 (fmlloader@1.20.1-47.4.13)
9960:             1             16  net.minecraftforge.fml.loading.moddiscovery.AbstractModProvider$$Lambda$556/0x00000001003643c8 (fmlloader@1.20.1-47.4.13)
9961:             1             16  net.minecraftforge.fml.loading.moddiscovery.AbstractModProvider$$Lambda$557/0x0000000100364820 (fmlloader@1.20.1-47.4.13)
9962:             1             16  net.minecraftforge.fml.loading.moddiscovery.BackgroundScanHandler$$Lambda$864/0x000000010047c2e8 (fmlloader@1.20.1-47.4.13)
9963:             1             16  net.minecraftforge.fml.loading.moddiscovery.ClasspathLocator$$Lambda$531/0x000000010035bda0 (fmlloader@1.20.1-47.4.13)
9964:             1             16  net.minecraftforge.fml.loading.moddiscovery.ExplodedDirectoryLocator$$Lambda$645/0x000000010038a9f0 (fmlloader@1.20.1-47.4.13)
9965:             1             16  net.minecraftforge.fml.loading.moddiscovery.JarInJarDependencyLocator (fmlloader@1.20.1-47.4.13)
9966:             1             16  net.minecraftforge.fml.loading.moddiscovery.JarInJarDependencyLocator$$Lambda$738/0x00000001003c9008 (fmlloader@1.20.1-47.4.13)
9967:             1             16  net.minecraftforge.fml.loading.moddiscovery.MavenDirectoryLocator (fmlloader@1.20.1-47.4.13)
9968:             1             16  net.minecraftforge.fml.loading.moddiscovery.MavenDirectoryLocator$$Lambda$533/0x00000001003604e0 (fmlloader@1.20.1-47.4.13)
9969:             1             16  net.minecraftforge.fml.loading.moddiscovery.MavenDirectoryLocator$$Lambda$540/0x00000001003618c8 (fmlloader@1.20.1-47.4.13)
9970:             1             16  net.minecraftforge.fml.loading.moddiscovery.MinecraftLocator (fmlloader@1.20.1-47.4.13)
9971:             1             16  net.minecraftforge.fml.loading.moddiscovery.MinecraftLocator$$Lambda$648/0x000000010038b4e0 (fmlloader@1.20.1-47.4.13)
9972:             1             16  net.minecraftforge.fml.loading.moddiscovery.MinecraftLocator$$Lambda$649/0x000000010038b730 (fmlloader@1.20.1-47.4.13)
9973:             1             16  net.minecraftforge.fml.loading.moddiscovery.MinecraftLocator$$Lambda$652/0x000000010038bdb8 (fmlloader@1.20.1-47.4.13)
9974:             1             16  net.minecraftforge.fml.loading.moddiscovery.MinecraftLocator$$Lambda$654/0x0000000100394238 (fmlloader@1.20.1-47.4.13)
9975:             1             16  net.minecraftforge.fml.loading.moddiscovery.MinecraftLocator$$Lambda$656/0x00000001003946c0 (fmlloader@1.20.1-47.4.13)
9976:             1             16  net.minecraftforge.fml.loading.moddiscovery.MinecraftLocator$$Lambda$658/0x0000000100394b28 (fmlloader@1.20.1-47.4.13)
9977:             1             16  net.minecraftforge.fml.loading.moddiscovery.MinecraftLocator$$Lambda$659/0x0000000100394d78 (fmlloader@1.20.1-47.4.13)
9978:             1             16  net.minecraftforge.fml.loading.moddiscovery.MinecraftLocator$$Lambda$662/0x0000000100394fb8 (fmlloader@1.20.1-47.4.13)
9979:             1             16  net.minecraftforge.fml.loading.moddiscovery.MinecraftLocator$$Lambda$875/0x000000010047e668 (fmlloader@1.20.1-47.4.13)
9980:             1             16  net.minecraftforge.fml.loading.moddiscovery.ModClassVisitor$$Lambda$884/0x000000010047fb40 (fmlloader@1.20.1-47.4.13)
9981:             1             16  net.minecraftforge.fml.loading.moddiscovery.ModClassVisitor$$Lambda$885/0x0000000100485278 (fmlloader@1.20.1-47.4.13)
9982:             1             16  net.minecraftforge.fml.loading.moddiscovery.ModDiscoverer$$Lambda$523/0x000000010035e3b0 (fmlloader@1.20.1-47.4.13)
9983:             1             16  net.minecraftforge.fml.loading.moddiscovery.ModDiscoverer$$Lambda$525/0x000000010035f848 (fmlloader@1.20.1-47.4.13)
9984:             1             16  net.minecraftforge.fml.loading.moddiscovery.ModDiscoverer$$Lambda$526/0x000000010035fa68 (fmlloader@1.20.1-47.4.13)
9985:             1             16  net.minecraftforge.fml.loading.moddiscovery.ModDiscoverer$$Lambda$528/0x000000010035b000 (fmlloader@1.20.1-47.4.13)
9986:             1             16  net.minecraftforge.fml.loading.moddiscovery.ModDiscoverer$$Lambda$530/0x000000010035b648 (fmlloader@1.20.1-47.4.13)
9987:             1             16  net.minecraftforge.fml.loading.moddiscovery.ModDiscoverer$$Lambda$543/0x0000000100361f78 (fmlloader@1.20.1-47.4.13)
9988:             1             16  net.minecraftforge.fml.loading.moddiscovery.ModDiscoverer$$Lambda$545/0x0000000100362948 (fmlloader@1.20.1-47.4.13)
9989:             1             16  net.minecraftforge.fml.loading.moddiscovery.ModDiscoverer$$Lambda$546/0x0000000100362b88 (fmlloader@1.20.1-47.4.13)
9990:             1             16  net.minecraftforge.fml.loading.moddiscovery.ModDiscoverer$$Lambda$637/0x0000000100389598 (fmlloader@1.20.1-47.4.13)
9991:             1             16  net.minecraftforge.fml.loading.moddiscovery.ModDiscoverer$$Lambda$638/0x00000001003897d8 (fmlloader@1.20.1-47.4.13)
9992:             1             16  net.minecraftforge.fml.loading.moddiscovery.ModDiscoverer$$Lambda$639/0x0000000100389a28 (fmlloader@1.20.1-47.4.13)
9993:             1             16  net.minecraftforge.fml.loading.moddiscovery.ModDiscoverer$$Lambda$640/0x0000000100389c68 (fmlloader@1.20.1-47.4.13)
9994:             1             16  net.minecraftforge.fml.loading.moddiscovery.ModDiscoverer$$Lambda$641/0x0000000100389eb8 (fmlloader@1.20.1-47.4.13)
9995:             1             16  net.minecraftforge.fml.loading.moddiscovery.ModDiscoverer$$Lambda$680/0x0000000100398000 (fmlloader@1.20.1-47.4.13)
9996:             1             16  net.minecraftforge.fml.loading.moddiscovery.ModDiscoverer$$Lambda$743/0x00000001003c9b58 (fmlloader@1.20.1-47.4.13)
9997:             1             16  net.minecraftforge.fml.loading.moddiscovery.ModDiscoverer$$Lambda$744/0x00000001003c9da8 (fmlloader@1.20.1-47.4.13)
9998:             1             16  net.minecraftforge.fml.loading.moddiscovery.ModFile$$Lambda$746/0x00000001003ca6b8 (fmlloader@1.20.1-47.4.13)
9999:             1             16  net.minecraftforge.fml.loading.moddiscovery.ModFileInfo$$Lambda$561/0x0000000100367030 (fmlloader@1.20.1-47.4.13)
10000:             1             16  net.minecraftforge.fml.loading.moddiscovery.ModFileInfo$$Lambda$565/0x000000010036bc98 (fmlloader@1.20.1-47.4.13)
10001:             1             16  net.minecraftforge.fml.loading.moddiscovery.ModFileInfo$$Lambda$595/0x000000010037b1a0 (fmlloader@1.20.1-47.4.13)
10002:             1             16  net.minecraftforge.fml.loading.moddiscovery.ModFileInfo$$Lambda$596/0x000000010037b3e0 (fmlloader@1.20.1-47.4.13)
10003:             1             16  net.minecraftforge.fml.loading.moddiscovery.ModFileInfo$$Lambda$597/0x000000010037b620 (fmlloader@1.20.1-47.4.13)
10004:             1             16  net.minecraftforge.fml.loading.moddiscovery.ModFileInfo$$Lambda$6027/0x0000000100e4e910 (fmlloader@1.20.1-47.4.13)
10005:             1             16  net.minecraftforge.fml.loading.moddiscovery.ModFileInfo$$Lambda$6028/0x0000000100e4ed50 (fmlloader@1.20.1-47.4.13)
10006:             1             16  net.minecraftforge.fml.loading.moddiscovery.ModFileInfo$$Lambda$6030/0x0000000100e4f1b8 (fmlloader@1.20.1-47.4.13)
10007:             1             16  net.minecraftforge.fml.loading.moddiscovery.ModFileInfo$$Lambda$6031/0x0000000100e4f3f8 (fmlloader@1.20.1-47.4.13)
10008:             1             16  net.minecraftforge.fml.loading.moddiscovery.ModFileInfo$$Lambda$6032/0x0000000100e4f618 (fmlloader@1.20.1-47.4.13)
10009:             1             16  net.minecraftforge.fml.loading.moddiscovery.ModFileInfo$$Lambda$6033/0x0000000100e4f858 (fmlloader@1.20.1-47.4.13)
10010:             1             16  net.minecraftforge.fml.loading.moddiscovery.ModFileParser$$Lambda$747/0x00000001003cb148 (fmlloader@1.20.1-47.4.13)
10011:             1             16  net.minecraftforge.fml.loading.moddiscovery.ModInfo$$Lambda$572/0x000000010036f098 (fmlloader@1.20.1-47.4.13)
10012:             1             16  net.minecraftforge.fml.loading.moddiscovery.ModInfo$$Lambda$575/0x0000000100376868 (fmlloader@1.20.1-47.4.13)
10013:             1             16  net.minecraftforge.fml.loading.moddiscovery.ModInfo$$Lambda$578/0x0000000100376cd0 (fmlloader@1.20.1-47.4.13)
10014:             1             16  net.minecraftforge.fml.loading.moddiscovery.ModInfo$$Lambda$580/0x0000000100377138 (fmlloader@1.20.1-47.4.13)
10015:             1             16  net.minecraftforge.fml.loading.moddiscovery.ModInfo$$Lambda$581/0x0000000100377378 (fmlloader@1.20.1-47.4.13)
10016:             1             16  net.minecraftforge.fml.loading.moddiscovery.ModInfo$$Lambda$582/0x00000001003775b8 (fmlloader@1.20.1-47.4.13)
10017:             1             16  net.minecraftforge.fml.loading.moddiscovery.ModInfo$$Lambda$592/0x000000010037a8c0 (fmlloader@1.20.1-47.4.13)
10018:             1             16  net.minecraftforge.fml.loading.moddiscovery.ModInfo$ModVersion$$Lambda$587/0x00000001003788a0 (fmlloader@1.20.1-47.4.13)
10019:             1             16  net.minecraftforge.fml.loading.moddiscovery.ModInfo$ModVersion$$Lambda$588/0x0000000100379180 (fmlloader@1.20.1-47.4.13)
10020:             1             16  net.minecraftforge.fml.loading.moddiscovery.ModInfo$ModVersion$$Lambda$589/0x000000010037a000 (fmlloader@1.20.1-47.4.13)
10021:             1             16  net.minecraftforge.fml.loading.moddiscovery.ModInfo$ModVersion$$Lambda$590/0x000000010037a438 (fmlloader@1.20.1-47.4.13)
10022:             1             16  net.minecraftforge.fml.loading.moddiscovery.ModJarMetadata$$Lambda$650/0x000000010038b950 (fmlloader@1.20.1-47.4.13)
10023:             1             16  net.minecraftforge.fml.loading.moddiscovery.ModJarMetadata$$Lambda$937/0x000000010050da98 (fmlloader@1.20.1-47.4.13)
10024:             1             16  net.minecraftforge.fml.loading.moddiscovery.ModListHandler$$Lambda$534/0x0000000100360928 (fmlloader@1.20.1-47.4.13)
10025:             1             16  net.minecraftforge.fml.loading.moddiscovery.ModListHandler$$Lambda$535/0x0000000100360b68 (fmlloader@1.20.1-47.4.13)
10026:             1             16  net.minecraftforge.fml.loading.moddiscovery.ModListHandler$$Lambda$536/0x0000000100360da8 (fmlloader@1.20.1-47.4.13)
10027:             1             16  net.minecraftforge.fml.loading.moddiscovery.ModListHandler$$Lambda$538/0x0000000100361230 (fmlloader@1.20.1-47.4.13)
10028:             1             16  net.minecraftforge.fml.loading.moddiscovery.ModListHandler$$Lambda$539/0x0000000100361480 (fmlloader@1.20.1-47.4.13)
10029:             1             16  net.minecraftforge.fml.loading.moddiscovery.ModValidator$$Lambda$745/0x00000001003ca218 (fmlloader@1.20.1-47.4.13)
10030:             1             16  net.minecraftforge.fml.loading.moddiscovery.ModValidator$$Lambda$749/0x00000001003cbc78 (fmlloader@1.20.1-47.4.13)
10031:             1             16  net.minecraftforge.fml.loading.moddiscovery.ModsFolderLocator$$Lambda$550/0x0000000100363488 (fmlloader@1.20.1-47.4.13)
10032:             1             16  net.minecraftforge.fml.loading.moddiscovery.NightConfigWrapper$$Lambda$566/0x000000010036e000 (fmlloader@1.20.1-47.4.13)
10033:             1             16  net.minecraftforge.fml.loading.moddiscovery.NightConfigWrapper$$Lambda$567/0x000000010036e220 (fmlloader@1.20.1-47.4.13)
10034:             1             16  net.minecraftforge.fml.loading.progress.StartupNotificationManager$$Lambda$434/0x000000010031eeb8 (fmlloader@1.20.1-47.4.13)
10035:             1             16  net.minecraftforge.fml.loading.progress.StartupNotificationManager$$Lambda$527/0x000000010035fca8 (fmlloader@1.20.1-47.4.13)
10036:             1             16  net.minecraftforge.fml.loading.progress.StartupNotificationManager$$Lambda$619/0x0000000100387220 (fmlloader@1.20.1-47.4.13)
10037:             1             16  net.minecraftforge.fml.loading.progress.StartupNotificationManager$$Lambda$620/0x0000000100387460 (fmlloader@1.20.1-47.4.13)
10038:             1             16  net.minecraftforge.fml.loading.progress.StartupNotificationManager$$Lambda$622/0x0000000100387680 (fmlloader@1.20.1-47.4.13)
10039:             1             16  net.minecraftforge.fml.loading.targets.CommonClientLaunchHandler$$Lambda$646/0x000000010038b048 (fmlloader@1.20.1-47.4.13)
10040:             1             16  net.minecraftforge.fml.loading.targets.FMLClientDevLaunchHandler (fmlloader@1.20.1-47.4.13)
10041:             1             16  net.minecraftforge.fml.loading.targets.FMLClientLaunchHandler (fmlloader@1.20.1-47.4.13)
10042:             1             16  net.minecraftforge.fml.loading.targets.FMLClientUserdevLaunchHandler (fmlloader@1.20.1-47.4.13)
10043:             1             16  net.minecraftforge.fml.loading.targets.FMLDataUserdevLaunchHandler (fmlloader@1.20.1-47.4.13)
10044:             1             16  net.minecraftforge.fml.loading.targets.FMLServerDevLaunchHandler (fmlloader@1.20.1-47.4.13)
10045:             1             16  net.minecraftforge.fml.loading.targets.FMLServerLaunchHandler (fmlloader@1.20.1-47.4.13)
10046:             1             16  net.minecraftforge.fml.loading.targets.FMLServerUserdevLaunchHandler (fmlloader@1.20.1-47.4.13)
10047:             1             16  net.minecraftforge.fml.loading.targets.ForgeClientDevLaunchHandler (fmlloader@1.20.1-47.4.13)
10048:             1             16  net.minecraftforge.fml.loading.targets.ForgeClientLaunchHandler (fmlloader@1.20.1-47.4.13)
10049:             1             16  net.minecraftforge.fml.loading.targets.ForgeClientUserdevLaunchHandler (fmlloader@1.20.1-47.4.13)
10050:             1             16  net.minecraftforge.fml.loading.targets.ForgeDataDevLaunchHandler (fmlloader@1.20.1-47.4.13)
10051:             1             16  net.minecraftforge.fml.loading.targets.ForgeDataUserdevLaunchHandler (fmlloader@1.20.1-47.4.13)
10052:             1             16  net.minecraftforge.fml.loading.targets.ForgeGametestDevLaunchHandler (fmlloader@1.20.1-47.4.13)
10053:             1             16  net.minecraftforge.fml.loading.targets.ForgeGametestUserdevLaunchHandler (fmlloader@1.20.1-47.4.13)
10054:             1             16  net.minecraftforge.fml.loading.targets.ForgeServerDevLaunchHandler (fmlloader@1.20.1-47.4.13)
10055:             1             16  net.minecraftforge.fml.loading.targets.ForgeServerLaunchHandler (fmlloader@1.20.1-47.4.13)
10056:             1             16  net.minecraftforge.fml.loading.targets.ForgeServerUserdevLaunchHandler (fmlloader@1.20.1-47.4.13)
10057:             1             16  net.minecraftforge.fml.lowcodemod.LowCodeModLanguageProvider (lowcodelanguage@1.20.1-47.4.13)
10058:             1             16  net.minecraftforge.fml.mclanguageprovider.MinecraftModLanguageProvider (mclanguage@1.20.1-47.4.13)
10059:             1             16  net.minecraftforge.fml.mclanguageprovider.MinecraftModLanguageProvider$$Lambda$995/0x000000010051a028 (mclanguage@1.20.1-47.4.13)
10060:             1             16  net.minecraftforge.fml.mclanguageprovider.MinecraftModLanguageProvider$MinecraftModTarget (mclanguage@1.20.1-47.4.13)
10061:             1             16  net.minecraftforge.forgespi.Environment$$Lambda$514/0x000000010035c688 (net.minecraftforge.forgespi@7.0.1)
10062:             1             16  net.minecraftforge.forgespi.Environment$$Lambda$515/0x000000010035c8a8 (net.minecraftforge.forgespi@7.0.1)
10063:             1             16  net.minecraftforge.forgespi.language.ModFileScanData$$Lambda$887/0x00000001004873c0 (net.minecraftforge.forgespi@7.0.1)
10064:             1             16  net.minecraftforge.forgespi.locating.ForgeFeature$MissingFeatureTest (net.minecraftforge.forgespi@7.0.1)
10065:             1             16  net.minecraftforge.installer.actions.ProgressCallback$1
10066:             1             16  net.minecraftforge.installer.json.Artifact$Adapter
10067:             1             16  net.minecraftforge.installer.json.Install$$Lambda$90/0x000000010010d130
10068:             1             16  net.minecraftforge.internal.ForgeBindings (forge@47.4.13)
10069:             1             16  net.minecraftforge.jarjar.metadata.json.ContainedJarIdentifierSerializer (JarJarMetadata@0.3.19)
10070:             1             16  net.minecraftforge.jarjar.metadata.json.ContainedJarMetadataSerializer (JarJarMetadata@0.3.19)
10071:             1             16  net.minecraftforge.jarjar.metadata.json.ContainedVersionSerializer (JarJarMetadata@0.3.19)
10072:             1             16  net.minecraftforge.jarjar.metadata.json.MetadataSerializer (JarJarMetadata@0.3.19)
10073:             1             16  net.minecraftforge.jarjar.metadata.json.VersionRangeSerializer (JarJarMetadata@0.3.19)
10074:             1             16  net.minecraftforge.jarjar.nio.layzip.LayeredZipFileSystemProvider (JarJarFileSystems@0.3.19)
10075:             1             16  net.minecraftforge.jarjar.nio.pathfs.PathFileSystemProvider (JarJarFileSystems@0.3.19)
10076:             1             16  net.minecraftforge.jarjar.selection.JarSelector$$Lambda$687/0x0000000100399ae8 (JarJarSelector@0.3.19)
10077:             1             16  net.minecraftforge.jarjar.selection.JarSelector$$Lambda$688/0x0000000100399f48 (JarJarSelector@0.3.19)
10078:             1             16  net.minecraftforge.jarjar.selection.JarSelector$$Lambda$689/0x000000010039a188 (JarJarSelector@0.3.19)
10079:             1             16  net.minecraftforge.jarjar.selection.JarSelector$$Lambda$690/0x000000010039a3d8 (JarJarSelector@0.3.19)
10080:             1             16  net.minecraftforge.jarjar.selection.JarSelector$$Lambda$691/0x000000010039a828 (JarJarSelector@0.3.19)
10081:             1             16  net.minecraftforge.jarjar.selection.JarSelector$$Lambda$701/0x00000001003b8480 (JarJarSelector@0.3.19)
10082:             1             16  net.minecraftforge.jarjar.selection.JarSelector$$Lambda$702/0x00000001003b86c0 (JarJarSelector@0.3.19)
10083:             1             16  net.minecraftforge.jarjar.selection.JarSelector$$Lambda$703/0x00000001003ba290 (JarJarSelector@0.3.19)
10084:             1             16  net.minecraftforge.jarjar.selection.JarSelector$$Lambda$718/0x00000001003c1620 (JarJarSelector@0.3.19)
10085:             1             16  net.minecraftforge.jarjar.selection.JarSelector$$Lambda$719/0x00000001003c1860 (JarJarSelector@0.3.19)
10086:             1             16  net.minecraftforge.jarjar.selection.JarSelector$$Lambda$720/0x00000001003c1aa0 (JarJarSelector@0.3.19)
10087:             1             16  net.minecraftforge.jarjar.selection.JarSelector$$Lambda$721/0x00000001003c28f8 (JarJarSelector@0.3.19)
10088:             1             16  net.minecraftforge.jarjar.selection.JarSelector$$Lambda$722/0x00000001003c5f18 (JarJarSelector@0.3.19)
10089:             1             16  net.minecraftforge.jarjar.selection.JarSelector$$Lambda$723/0x00000001003c6158 (JarJarSelector@0.3.19)
10090:             1             16  net.minecraftforge.jarjar.selection.JarSelector$$Lambda$725/0x00000001003c7230 (JarJarSelector@0.3.19)
10091:             1             16  net.minecraftforge.jarjar.selection.JarSelector$$Lambda$726/0x00000001003c7470 (JarJarSelector@0.3.19)
10092:             1             16  net.minecraftforge.jarjar.selection.JarSelector$$Lambda$727/0x00000001003c76b0 (JarJarSelector@0.3.19)
10093:             1             16  net.minecraftforge.jarjar.selection.JarSelector$$Lambda$729/0x00000001003c7b50 (JarJarSelector@0.3.19)
10094:             1             16  net.minecraftforge.jarjar.selection.JarSelector$$Lambda$730/0x00000001003c7da0 (JarJarSelector@0.3.19)
10095:             1             16  net.minecraftforge.jarjar.selection.JarSelector$$Lambda$731/0x00000001003c8000 (JarJarSelector@0.3.19)
10096:             1             16  net.minecraftforge.jarjar.selection.JarSelector$$Lambda$732/0x00000001003c8250 (JarJarSelector@0.3.19)
10097:             1             16  net.minecraftforge.jarjar.selection.JarSelector$$Lambda$735/0x00000001003c8930 (JarJarSelector@0.3.19)
10098:             1             16  net.minecraftforge.jarjar.selection.JarSelector$$Lambda$736/0x00000001003c8b80 (JarJarSelector@0.3.19)
10099:             1             16  net.minecraftforge.jarjar.selection.JarSelector$$Lambda$737/0x00000001003c8dc0 (JarJarSelector@0.3.19)
10100:             1             16  net.minecraftforge.jarjar.selection.JarSelector$$Lambda$739/0x00000001003c9248 (JarJarSelector@0.3.19)
10101:             1             16  net.minecraftforge.logging.CrashReportExtender$$Lambda$6006/0x0000000100eaebe0 (forge@47.4.13)
10102:             1             16  net.minecraftforge.logging.CrashReportExtender$$Lambda$6008/0x0000000100eaf4b0 (forge@47.4.13)
10103:             1             16  net.minecraftforge.logging.CrashReportExtender$$Lambda$6009/0x0000000100eaf6f0 (forge@47.4.13)
10104:             1             16  net.minecraftforge.logging.CrashReportExtender$$Lambda$6012/0x0000000100eb0000 (forge@47.4.13)
10105:             1             16  net.minecraftforge.logging.CrashReportExtender$$Lambda$6013/0x0000000100eb0240 (forge@47.4.13)
10106:             1             16  net.minecraftforge.logging.CrashReportExtender$$Lambda$6015/0x0000000100eb06b8 (forge@47.4.13)
10107:             1             16  net.minecraftforge.logging.CrashReportExtender$$Lambda$6017/0x0000000100eb0b40 (forge@47.4.13)
10108:             1             16  net.minecraftforge.network.ConfigSync (forge@47.4.13)
10109:             1             16  net.minecraftforge.network.HandshakeHandler$$Lambda$4285/0x0000000100ba91d8 (forge@47.4.13)
10110:             1             16  net.minecraftforge.network.LoginWrapper (forge@47.4.13)
10111:             1             16  net.minecraftforge.network.LoginWrapper$$Lambda$4281/0x0000000100ba86b0 (forge@47.4.13)
10112:             1             16  net.minecraftforge.network.LoginWrapper$$Lambda$4282/0x0000000100ba8900 (forge@47.4.13)
10113:             1             16  net.minecraftforge.network.LoginWrapper$$Lambda$4283/0x0000000100ba8b50 (forge@47.4.13)
10114:             1             16  net.minecraftforge.network.LoginWrapper$$Lambda$4284/0x0000000100ba8fa0 (forge@47.4.13)
10115:             1             16  net.minecraftforge.network.MCRegisterPacketHandler (forge@47.4.13)
10116:             1             16  net.minecraftforge.network.NetworkDirection$$Lambda$4265/0x0000000100b9a938 (forge@47.4.13)
10117:             1             16  net.minecraftforge.network.NetworkDirection$$Lambda$4266/0x0000000100b9b030 (forge@47.4.13)
10118:             1             16  net.minecraftforge.network.NetworkDirection$$Lambda$4267/0x0000000100b9b4c8 (forge@47.4.13)
10119:             1             16  net.minecraftforge.network.NetworkDirection$$Lambda$4268/0x0000000100b9b9c0 (forge@47.4.13)
10120:             1             16  net.minecraftforge.network.NetworkDirection$$Lambda$4269/0x0000000100ba2000 (forge@47.4.13)
10121:             1             16  net.minecraftforge.network.NetworkDirection$$Lambda$4270/0x0000000100ba24f8 (forge@47.4.13)
10122:             1             16  net.minecraftforge.network.NetworkDirection$$Lambda$4271/0x0000000100ba2990 (forge@47.4.13)
10123:             1             16  net.minecraftforge.network.NetworkDirection$$Lambda$4272/0x0000000100ba2e90 (forge@47.4.13)
10124:             1             16  net.minecraftforge.network.NetworkDirection$$Lambda$4273/0x0000000100ba32a8 (forge@47.4.13)
10125:             1             16  net.minecraftforge.network.NetworkDirection$$Lambda$4274/0x0000000100ba34e8 (forge@47.4.13)
10126:             1             16  net.minecraftforge.network.NetworkDirection$$Lambda$4275/0x0000000100ba3730 (forge@47.4.13)
10127:             1             16  net.minecraftforge.network.NetworkInitialization$$Lambda$4248/0x0000000100b87120 (forge@47.4.13)
10128:             1             16  net.minecraftforge.network.NetworkInitialization$$Lambda$4249/0x0000000100b87370 (forge@47.4.13)
10129:             1             16  net.minecraftforge.network.NetworkInitialization$$Lambda$4250/0x0000000100b875c0 (forge@47.4.13)
10130:             1             16  net.minecraftforge.network.NetworkInitialization$$Lambda$4276/0x0000000100ba3bb0 (forge@47.4.13)
10131:             1             16  net.minecraftforge.network.NetworkInitialization$$Lambda$4277/0x0000000100ba1800 (forge@47.4.13)
10132:             1             16  net.minecraftforge.network.NetworkInitialization$$Lambda$4278/0x0000000100ba1a30 (forge@47.4.13)
10133:             1             16  net.minecraftforge.network.NetworkInitialization$$Lambda$4279/0x0000000100ba1c70 (forge@47.4.13)
10134:             1             16  net.minecraftforge.network.NetworkInitialization$$Lambda$4280/0x0000000100ba8278 (forge@47.4.13)
10135:             1             16  net.minecraftforge.network.NetworkInitialization$$Lambda$4288/0x0000000100ba9ab8 (forge@47.4.13)
10136:             1             16  net.minecraftforge.network.NetworkInitialization$$Lambda$4289/0x0000000100ba9cf8 (forge@47.4.13)
10137:             1             16  net.minecraftforge.network.NetworkInitialization$$Lambda$4290/0x0000000100ba9f28 (forge@47.4.13)
10138:             1             16  net.minecraftforge.network.NetworkInitialization$$Lambda$4291/0x0000000100baa168 (forge@47.4.13)
10139:             1             16  net.minecraftforge.network.NetworkInitialization$$Lambda$4293/0x0000000100baa5e0 (forge@47.4.13)
10140:             1             16  net.minecraftforge.network.NetworkInitialization$$Lambda$4294/0x0000000100baaa68 (forge@47.4.13)
10141:             1             16  net.minecraftforge.network.NetworkInitialization$$Lambda$4295/0x0000000100baaca8 (forge@47.4.13)
10142:             1             16  net.minecraftforge.network.NetworkInitialization$$Lambda$4296/0x0000000100baaed8 (forge@47.4.13)
10143:             1             16  net.minecraftforge.network.NetworkInitialization$$Lambda$4297/0x0000000100bab118 (forge@47.4.13)
10144:             1             16  net.minecraftforge.network.NetworkInitialization$$Lambda$4298/0x0000000100bab348 (forge@47.4.13)
10145:             1             16  net.minecraftforge.network.NetworkInitialization$$Lambda$4299/0x0000000100bab7c8 (forge@47.4.13)
10146:             1             16  net.minecraftforge.network.NetworkInitialization$$Lambda$4300/0x0000000100baba08 (forge@47.4.13)
10147:             1             16  net.minecraftforge.network.NetworkInitialization$$Lambda$4301/0x0000000100babc38 (forge@47.4.13)
10148:             1             16  net.minecraftforge.network.NetworkInitialization$$Lambda$4302/0x0000000100bae000 (forge@47.4.13)
10149:             1             16  net.minecraftforge.network.NetworkInitialization$$Lambda$4303/0x0000000100bae230 (forge@47.4.13)
10150:             1             16  net.minecraftforge.network.NetworkInitialization$$Lambda$4304/0x0000000100bae6b0 (forge@47.4.13)
10151:             1             16  net.minecraftforge.network.NetworkInitialization$$Lambda$4305/0x0000000100bae8f0 (forge@47.4.13)
10152:             1             16  net.minecraftforge.network.NetworkInitialization$$Lambda$4306/0x0000000100baeb20 (forge@47.4.13)
10153:             1             16  net.minecraftforge.network.NetworkInitialization$$Lambda$4307/0x0000000100baed60 (forge@47.4.13)
10154:             1             16  net.minecraftforge.network.NetworkInitialization$$Lambda$4308/0x0000000100baef90 (forge@47.4.13)
10155:             1             16  net.minecraftforge.network.NetworkInitialization$$Lambda$4309/0x0000000100baf1d0 (forge@47.4.13)
10156:             1             16  net.minecraftforge.network.NetworkInitialization$$Lambda$4310/0x0000000100baf648 (forge@47.4.13)
10157:             1             16  net.minecraftforge.network.NetworkInitialization$$Lambda$4311/0x0000000100baf888 (forge@47.4.13)
10158:             1             16  net.minecraftforge.network.NetworkInitialization$$Lambda$4312/0x0000000100bafab8 (forge@47.4.13)
10159:             1             16  net.minecraftforge.network.NetworkInitialization$$Lambda$4313/0x0000000100bafcf8 (forge@47.4.13)
10160:             1             16  net.minecraftforge.network.NetworkInitialization$$Lambda$4314/0x0000000100bad220 (forge@47.4.13)
10161:             1             16  net.minecraftforge.network.NetworkInitialization$$Lambda$4315/0x0000000100bad468 (forge@47.4.13)
10162:             1             16  net.minecraftforge.network.NetworkInitialization$$Lambda$4316/0x0000000100bad8d8 (forge@47.4.13)
10163:             1             16  net.minecraftforge.network.NetworkInitialization$$Lambda$4317/0x0000000100badb18 (forge@47.4.13)
10164:             1             16  net.minecraftforge.network.NetworkInitialization$$Lambda$4318/0x0000000100badd48 (forge@47.4.13)
10165:             1             16  net.minecraftforge.network.NetworkInitialization$$Lambda$4319/0x0000000100bac800 (forge@47.4.13)
10166:             1             16  net.minecraftforge.network.NetworkInitialization$$Lambda$4320/0x0000000100baca30 (forge@47.4.13)
10167:             1             16  net.minecraftforge.network.NetworkInitialization$$Lambda$4321/0x0000000100bacc50 (forge@47.4.13)
10168:             1             16  net.minecraftforge.network.NetworkInitialization$$Lambda$4322/0x0000000100bac400 (forge@47.4.13)
10169:             1             16  net.minecraftforge.network.NetworkInitialization$$Lambda$4323/0x0000000100bb0000 (forge@47.4.13)
10170:             1             16  net.minecraftforge.network.NetworkInitialization$$Lambda$4324/0x0000000100bb04a0 (forge@47.4.13)
10171:             1             16  net.minecraftforge.network.NetworkInitialization$$Lambda$4325/0x0000000100bb06e0 (forge@47.4.13)
10172:             1             16  net.minecraftforge.network.NetworkInitialization$$Lambda$4326/0x0000000100bb0910 (forge@47.4.13)
10173:             1             16  net.minecraftforge.network.NetworkInitialization$$Lambda$4327/0x0000000100bb0d68 (forge@47.4.13)
10174:             1             16  net.minecraftforge.network.NetworkInitialization$$Lambda$4328/0x0000000100bb0fa8 (forge@47.4.13)
10175:             1             16  net.minecraftforge.network.NetworkInitialization$$Lambda$4329/0x0000000100bb11d8 (forge@47.4.13)
10176:             1             16  net.minecraftforge.network.NetworkInitialization$$Lambda$4330/0x0000000100bb1408 (forge@47.4.13)
10177:             1             16  net.minecraftforge.network.NetworkInitialization$$Lambda$4331/0x0000000100bb1658 (forge@47.4.13)
10178:             1             16  net.minecraftforge.network.NetworkInitialization$$Lambda$4332/0x0000000100bb18a8 (forge@47.4.13)
10179:             1             16  net.minecraftforge.network.NetworkInitialization$$Lambda$4333/0x0000000100bb1cf0 (forge@47.4.13)
10180:             1             16  net.minecraftforge.network.NetworkInitialization$$Lambda$4334/0x0000000100bb1f28 (forge@47.4.13)
10181:             1             16  net.minecraftforge.network.NetworkInitialization$$Lambda$4335/0x0000000100bb2178 (forge@47.4.13)
10182:             1             16  net.minecraftforge.network.NetworkInitialization$$Lambda$4336/0x0000000100bb23c8 (forge@47.4.13)
10183:             1             16  net.minecraftforge.network.NetworkInitialization$$Lambda$4337/0x0000000100bb25e8 (forge@47.4.13)
10184:             1             16  net.minecraftforge.network.ServerStatusPing$ChannelData$$Lambda$4251/0x0000000100b98210 (forge@47.4.13)
10185:             1             16  net.minecraftforge.network.ServerStatusPing$ChannelData$$Lambda$4252/0x0000000100b98450 (forge@47.4.13)
10186:             1             16  net.minecraftforge.network.ServerStatusPing$ChannelData$$Lambda$4253/0x0000000100b98690 (forge@47.4.13)
10187:             1             16  net.minecraftforge.network.ServerStatusPing$ChannelData$$Lambda$4254/0x0000000100b988d0 (forge@47.4.13)
10188:             1             16  net.minecraftforge.network.ServerStatusPing$ChannelData$$Lambda$4255/0x0000000100b98b10 (forge@47.4.13)
10189:             1             16  net.minecraftforge.registries.ForgeRegistries$$Lambda$1501/0x000000010072b4a0 (forge@47.4.13)
10190:             1             16  net.minecraftforge.registries.ForgeRegistries$$Lambda$1503/0x000000010072bb20 (forge@47.4.13)
10191:             1             16  net.minecraftforge.registries.ForgeRegistries$$Lambda$1504/0x000000010072bd40 (forge@47.4.13)
10192:             1             16  net.minecraftforge.registries.ForgeRegistries$$Lambda$1505/0x0000000100734000 (forge@47.4.13)
10193:             1             16  net.minecraftforge.registries.ForgeRegistries$$Lambda$1506/0x0000000100734220 (forge@47.4.13)
10194:             1             16  net.minecraftforge.registries.ForgeRegistries$$Lambda$1507/0x0000000100734440 (forge@47.4.13)
10195:             1             16  net.minecraftforge.registries.ForgeRegistries$$Lambda$1508/0x0000000100734660 (forge@47.4.13)
10196:             1             16  net.minecraftforge.registries.ForgeRegistry$$Lambda$1714/0x0000000100791650 (forge@47.4.13)
10197:             1             16  net.minecraftforge.registries.ForgeRegistry$$Lambda$1715/0x0000000100791890 (forge@47.4.13)
10198:             1             16  net.minecraftforge.registries.GameData$$Lambda$1332/0x00000001005de8f0 (forge@47.4.13)
10199:             1             16  net.minecraftforge.registries.GameData$$Lambda$1333/0x000000010060fcb8 (forge@47.4.13)
10200:             1             16  net.minecraftforge.registries.GameData$$Lambda$1341/0x00000001006252c8 (forge@47.4.13)
10201:             1             16  net.minecraftforge.registries.GameData$$Lambda$1342/0x0000000100626120 (forge@47.4.13)
10202:             1             16  net.minecraftforge.registries.GameData$$Lambda$1352/0x0000000100626af0 (forge@47.4.13)
10203:             1             16  net.minecraftforge.registries.GameData$$Lambda$4245/0x0000000100b85d30 (forge@47.4.13)
10204:             1             16  net.minecraftforge.registries.GameData$$Lambda$4246/0x0000000100b85f60 (forge@47.4.13)
10205:             1             16  net.minecraftforge.registries.GameData$$Lambda$4247/0x0000000100b861b0 (forge@47.4.13)
10206:             1             16  net.minecraftforge.registries.GameData$AttributeCallbacks (forge@47.4.13)
10207:             1             16  net.minecraftforge.registries.GameData$BlockCallbacks (forge@47.4.13)
10208:             1             16  net.minecraftforge.registries.GameData$ItemCallbacks (forge@47.4.13)
10209:             1             16  net.minecraftforge.registries.GameData$PointOfInterestTypeCallbacks (forge@47.4.13)
10210:             1             16  net.minecraftforge.registries.NamespacedWrapper$$Lambda$1340/0x0000000100617b98 (forge@47.4.13)
10211:             1             16  net.minecraftforge.registries.NamespacedWrapper$$Lambda$4228/0x0000000100b822c0 (forge@47.4.13)
10212:             1             16  net.minecraftforge.registries.NamespacedWrapper$$Lambda$4229/0x0000000100b82510 (forge@47.4.13)
10213:             1             16  net.minecraftforge.registries.NamespacedWrapper$$Lambda$4230/0x0000000100b82750 (forge@47.4.13)
10214:             1             16  net.minecraftforge.server.LanguageHook$$Lambda$4620/0x0000000100c960b8 (forge@47.4.13)
10215:             1             16  net.minecraftforge.server.LanguageHook$$Lambda$4621/0x0000000100c962e8 (forge@47.4.13)
10216:             1             16  org.antlr.v4.runtime.CommonTokenFactory (org.antlr.antlr4.runtime@4.9.1)
10217:             1             16  org.antlr.v4.runtime.ConsoleErrorListener (org.antlr.antlr4.runtime@4.9.1)
10218:             1             16  org.antlr.v4.runtime.atn.ATNConfigSet$ConfigEqualityComparator (org.antlr.antlr4.runtime@4.9.1)
10219:             1             16  org.antlr.v4.runtime.atn.ATNDeserializationOptions (org.antlr.antlr4.runtime@4.9.1)
10220:             1             16  org.antlr.v4.runtime.atn.LexerPopModeAction (org.antlr.antlr4.runtime@4.9.1)
10221:             1             16  org.antlr.v4.runtime.atn.PredictionMode$AltAndContextConfigEqualityComparator (org.antlr.antlr4.runtime@4.9.1)
10222:             1             16  org.antlr.v4.runtime.misc.ObjectEqualityComparator (org.antlr.antlr4.runtime@4.9.1)
10223:             1             16  org.apache.commons.io.IOUtils$$Lambda$4589/0x0000000100c85858 (org.apache.commons.io@2.11.0)
10224:             1             16  org.apache.commons.io.IOUtils$$Lambda$4590/0x0000000100c85a78 (org.apache.commons.io@2.11.0)
10225:             1             16  org.apache.commons.lang3.StringEscapeUtils$CsvEscaper (org.apache.commons.lang3@3.12.0)
10226:             1             16  org.apache.commons.lang3.StringEscapeUtils$CsvUnescaper (org.apache.commons.lang3@3.12.0)
10227:             1             16  org.apache.commons.lang3.text.StrLookup$MapStrLookup (org.apache.commons.lang3@3.12.0)
10228:             1             16  org.apache.commons.lang3.text.StrLookup$SystemPropertiesStrLookup (org.apache.commons.lang3@3.12.0)
10229:             1             16  org.apache.commons.lang3.text.StrMatcher$NoMatcher (org.apache.commons.lang3@3.12.0)
10230:             1             16  org.apache.commons.lang3.text.StrMatcher$TrimMatcher (org.apache.commons.lang3@3.12.0)
10231:             1             16  org.apache.commons.lang3.text.translate.OctalUnescaper (org.apache.commons.lang3@3.12.0)
10232:             1             16  org.apache.commons.lang3.text.translate.UnicodeUnescaper (org.apache.commons.lang3@3.12.0)
10233:             1             16  org.apache.logging.log4j.ThreadContext$EmptyIterator (org.apache.logging.log4j@2.19.0)
10234:             1             16  org.apache.logging.log4j.ThreadContext$EmptyThreadContextStack (org.apache.logging.log4j@2.19.0)
10235:             1             16  org.apache.logging.log4j.core.LoggerContext$$Lambda$272/0x0000000100237548 (org.apache.logging.log4j.core@2.19.0)
10236:             1             16  org.apache.logging.log4j.core.appender.ConsoleAppender$ConsoleManagerFactory (org.apache.logging.log4j.core@2.19.0)
10237:             1             16  org.apache.logging.log4j.core.appender.FileManager$FileManagerFactory (org.apache.logging.log4j.core@2.19.0)
10238:             1             16  org.apache.logging.log4j.core.appender.rolling.RollingFileManager$RollingFileManagerFactory (org.apache.logging.log4j.core@2.19.0)
10239:             1             16  org.apache.logging.log4j.core.appender.rolling.RollingRandomAccessFileManager$RollingRandomAccessFileManagerFactory (org.apache.logging.log4j.core@2.19.0)
10240:             1             16  org.apache.logging.log4j.core.config.ConfigurationFactory$Factory (org.apache.logging.log4j.core@2.19.0)
10241:             1             16  org.apache.logging.log4j.core.config.DefaultReliabilityStrategy (org.apache.logging.log4j.core@2.19.0)
10242:             1             16  org.apache.logging.log4j.core.config.OrderComparator (org.apache.logging.log4j.core@2.19.0)
10243:             1             16  org.apache.logging.log4j.core.config.plugins.convert.EnumConverter (org.apache.logging.log4j.core@2.19.0)
10244:             1             16  org.apache.logging.log4j.core.config.plugins.convert.TypeConverterRegistry (org.apache.logging.log4j.core@2.19.0)
10245:             1             16  org.apache.logging.log4j.core.config.plugins.convert.TypeConverters$BigDecimalConverter (org.apache.logging.log4j.core@2.19.0)
10246:             1             16  org.apache.logging.log4j.core.config.plugins.convert.TypeConverters$BigIntegerConverter (org.apache.logging.log4j.core@2.19.0)
10247:             1             16  org.apache.logging.log4j.core.config.plugins.convert.TypeConverters$BooleanConverter (org.apache.logging.log4j.core@2.19.0)
10248:             1             16  org.apache.logging.log4j.core.config.plugins.convert.TypeConverters$ByteArrayConverter (org.apache.logging.log4j.core@2.19.0)
10249:             1             16  org.apache.logging.log4j.core.config.plugins.convert.TypeConverters$ByteConverter (org.apache.logging.log4j.core@2.19.0)
10250:             1             16  org.apache.logging.log4j.core.config.plugins.convert.TypeConverters$CharArrayConverter (org.apache.logging.log4j.core@2.19.0)
10251:             1             16  org.apache.logging.log4j.core.config.plugins.convert.TypeConverters$CharacterConverter (org.apache.logging.log4j.core@2.19.0)
10252:             1             16  org.apache.logging.log4j.core.config.plugins.convert.TypeConverters$CharsetConverter (org.apache.logging.log4j.core@2.19.0)
10253:             1             16  org.apache.logging.log4j.core.config.plugins.convert.TypeConverters$ClassConverter (org.apache.logging.log4j.core@2.19.0)
10254:             1             16  org.apache.logging.log4j.core.config.plugins.convert.TypeConverters$CronExpressionConverter (org.apache.logging.log4j.core@2.19.0)
10255:             1             16  org.apache.logging.log4j.core.config.plugins.convert.TypeConverters$DoubleConverter (org.apache.logging.log4j.core@2.19.0)
10256:             1             16  org.apache.logging.log4j.core.config.plugins.convert.TypeConverters$DurationConverter (org.apache.logging.log4j.core@2.19.0)
10257:             1             16  org.apache.logging.log4j.core.config.plugins.convert.TypeConverters$FileConverter (org.apache.logging.log4j.core@2.19.0)
10258:             1             16  org.apache.logging.log4j.core.config.plugins.convert.TypeConverters$FloatConverter (org.apache.logging.log4j.core@2.19.0)
10259:             1             16  org.apache.logging.log4j.core.config.plugins.convert.TypeConverters$InetAddressConverter (org.apache.logging.log4j.core@2.19.0)
10260:             1             16  org.apache.logging.log4j.core.config.plugins.convert.TypeConverters$IntegerConverter (org.apache.logging.log4j.core@2.19.0)
10261:             1             16  org.apache.logging.log4j.core.config.plugins.convert.TypeConverters$LevelConverter (org.apache.logging.log4j.core@2.19.0)
10262:             1             16  org.apache.logging.log4j.core.config.plugins.convert.TypeConverters$LongConverter (org.apache.logging.log4j.core@2.19.0)
10263:             1             16  org.apache.logging.log4j.core.config.plugins.convert.TypeConverters$PathConverter (org.apache.logging.log4j.core@2.19.0)
10264:             1             16  org.apache.logging.log4j.core.config.plugins.convert.TypeConverters$PatternConverter (org.apache.logging.log4j.core@2.19.0)
10265:             1             16  org.apache.logging.log4j.core.config.plugins.convert.TypeConverters$SecurityProviderConverter (org.apache.logging.log4j.core@2.19.0)
10266:             1             16  org.apache.logging.log4j.core.config.plugins.convert.TypeConverters$ShortConverter (org.apache.logging.log4j.core@2.19.0)
10267:             1             16  org.apache.logging.log4j.core.config.plugins.convert.TypeConverters$StringConverter (org.apache.logging.log4j.core@2.19.0)
10268:             1             16  org.apache.logging.log4j.core.config.plugins.convert.TypeConverters$UriConverter (org.apache.logging.log4j.core@2.19.0)
10269:             1             16  org.apache.logging.log4j.core.config.plugins.convert.TypeConverters$UrlConverter (org.apache.logging.log4j.core@2.19.0)
10270:             1             16  org.apache.logging.log4j.core.config.plugins.convert.TypeConverters$UuidConverter (org.apache.logging.log4j.core@2.19.0)
10271:             1             16  org.apache.logging.log4j.core.config.plugins.processor.PluginCache$$Lambda$246/0x00000001001ea6b8 (org.apache.logging.log4j.core@2.19.0)
10272:             1             16  org.apache.logging.log4j.core.config.properties.PropertiesConfigurationFactory (org.apache.logging.log4j.core@2.19.0)
10273:             1             16  org.apache.logging.log4j.core.config.xml.XmlConfigurationFactory (org.apache.logging.log4j.core@2.19.0)
10274:             1             16  org.apache.logging.log4j.core.impl.ReusableLogEventFactory (org.apache.logging.log4j.core@2.19.0)
10275:             1             16  org.apache.logging.log4j.core.impl.ThreadContextDataProvider (org.apache.logging.log4j.core@2.19.0)
10276:             1             16  org.apache.logging.log4j.core.lookup.StrMatcher$NoMatcher (org.apache.logging.log4j.core@2.19.0)
10277:             1             16  org.apache.logging.log4j.core.lookup.StrMatcher$TrimMatcher (org.apache.logging.log4j.core@2.19.0)
10278:             1             16  org.apache.logging.log4j.core.net.JndiManager$JndiManagerFactory (org.apache.logging.log4j.core@2.19.0)
10279:             1             16  org.apache.logging.log4j.core.pattern.NameAbbreviator$NOPAbbreviator (org.apache.logging.log4j.core@2.19.0)
10280:             1             16  org.apache.logging.log4j.core.pattern.NotANumber (org.apache.logging.log4j.core@2.19.0)
10281:             1             16  org.apache.logging.log4j.core.pattern.PlainTextRenderer (org.apache.logging.log4j.core@2.19.0)
10282:             1             16  org.apache.logging.log4j.core.util.BasicAuthorizationProvider (org.apache.logging.log4j.core@2.19.0)
10283:             1             16  org.apache.logging.log4j.core.util.NullOutputStream (org.apache.logging.log4j.core@2.19.0)
10284:             1             16  org.apache.logging.log4j.core.util.datetime.FastDateFormat$1 (org.apache.logging.log4j.core@2.19.0)
10285:             1             16  org.apache.logging.log4j.core.util.datetime.FastDateParser$$Lambda$286/0x000000010028f628 (org.apache.logging.log4j.core@2.19.0)
10286:             1             16  org.apache.logging.log4j.core.util.datetime.FastDateParser$1 (org.apache.logging.log4j.core@2.19.0)
10287:             1             16  org.apache.logging.log4j.core.util.datetime.FastDateParser$2 (org.apache.logging.log4j.core@2.19.0)
10288:             1             16  org.apache.logging.log4j.core.util.datetime.FastDateParser$3 (org.apache.logging.log4j.core@2.19.0)
10289:             1             16  org.apache.logging.log4j.core.util.datetime.FastDateParser$4 (org.apache.logging.log4j.core@2.19.0)
10290:             1             16  org.apache.logging.log4j.core.util.datetime.FastDateParser$5 (org.apache.logging.log4j.core@2.19.0)
10291:             1             16  org.apache.logging.log4j.core.util.datetime.FastDatePrinter$TwoDigitMonthField (org.apache.logging.log4j.core@2.19.0)
10292:             1             16  org.apache.logging.log4j.message.ParameterFormatter$$Lambda$317/0x000000010029f3c0 (org.apache.logging.log4j@2.19.0)
10293:             1             16  org.apache.logging.log4j.message.ParameterizedNoReferenceMessageFactory (org.apache.logging.log4j@2.19.0)
10294:             1             16  org.apache.logging.log4j.spi.CopyOnWriteSortedArrayThreadContextMap (org.apache.logging.log4j@2.19.0)
10295:             1             16  org.apache.logging.log4j.spi.DefaultThreadContextStack (org.apache.logging.log4j@2.19.0)
10296:             1             16  org.apache.logging.log4j.spi.LoggerRegistry$ConcurrentMapFactory (org.apache.logging.log4j@2.19.0)
10297:             1             16  org.apache.logging.log4j.util.LoaderUtil$ThreadContextClassLoaderGetter (org.apache.logging.log4j@2.19.0)
10298:             1             16  org.apache.logging.log4j.util.PrivateSecurityManagerStackTraceUtil$PrivateSecurityManager (org.apache.logging.log4j@2.19.0)
10299:             1             16  org.apache.logging.log4j.util.PropertiesUtil$Environment$$Lambda$228/0x00000001001ce8e0 (org.apache.logging.log4j@2.19.0)
10300:             1             16  org.apache.logging.log4j.util.PropertiesUtil$Environment$$Lambda$234/0x00000001001cfd48 (org.apache.logging.log4j@2.19.0)
10301:             1             16  org.apache.logging.log4j.util.PropertiesUtil$Environment$$Lambda$235/0x00000001001dc000 (org.apache.logging.log4j@2.19.0)
10302:             1             16  org.apache.logging.log4j.util.PropertiesUtil$Environment$$Lambda$236/0x00000001001dc248 (org.apache.logging.log4j@2.19.0)
10303:             1             16  org.apache.logging.log4j.util.ProviderUtil (org.apache.logging.log4j@2.19.0)
10304:             1             16  org.apache.logging.log4j.util.ProviderUtil$$Lambda$242/0x00000001001df210 (org.apache.logging.log4j@2.19.0)
10305:             1             16  org.apache.logging.log4j.util.ServiceLoaderUtil$$Lambda$231/0x00000001001cf178 (org.apache.logging.log4j@2.19.0)
10306:             1             16  org.apache.logging.log4j.util.SortedArrayStringMap$$Lambda$249/0x000000010021ddc0 (org.apache.logging.log4j@2.19.0)
10307:             1             16  org.apache.logging.log4j.util.StackLocator (org.apache.logging.log4j@2.19.0)
10308:             1             16  org.apache.logging.log4j.util.StackLocator$$Lambda$245/0x00000001001e50f8 (org.apache.logging.log4j@2.19.0)
10309:             1             16  org.apache.logging.log4j.util.StackLocator$$Lambda$334/0x00000001002a8248 (org.apache.logging.log4j@2.19.0)
10310:             1             16  org.apache.logging.log4j.util.StackLocator$$Lambda$500/0x000000010033e860 (org.apache.logging.log4j@2.19.0)
10311:             1             16  org.apache.logging.log4j.util.Strings$$Lambda$240/0x00000001001de118 (org.apache.logging.log4j@2.19.0)
10312:             1             16  org.apache.logging.slf4j.Log4jLoggerFactory$$Lambda$331/0x00000001002a73a0 (org.apache.logging.log4j.slf4j@2.19.0)
10313:             1             16  org.apache.logging.slf4j.Log4jMDCAdapter (org.apache.logging.log4j.slf4j@2.19.0)
10314:             1             16  org.apache.logging.slf4j.Log4jMDCAdapter$ThreadLocalMapOfStacks (org.apache.logging.log4j.slf4j@2.19.0)
10315:             1             16  org.apache.logging.slf4j.Log4jMDCAdapter$ThreadLocalMapOfStacks$$Lambda$332/0x00000001002a7ae8 (org.apache.logging.log4j.slf4j@2.19.0)
10316:             1             16  org.apache.logging.slf4j.Log4jMarkerFactory (org.apache.logging.log4j.slf4j@2.19.0)
10317:             1             16  org.joml.MemUtil$MemUtilUnsafe (org.joml@1.10.5)
10318:             1             16  org.lwjgl.glfw.GLFW$$Lambda$4605/0x0000000100c82f80 (org.lwjgl.glfw@3.3.1+7)
10319:             1             16  org.lwjgl.openal.AL$$Lambda$5701/0x0000000100e4c210 (org.lwjgl.openal@3.3.1+7)
10320:             1             16  org.lwjgl.openal.AL$ICDStatic (org.lwjgl.openal@3.3.1+7)
10321:             1             16  org.lwjgl.openal.ALC$$Lambda$4716/0x0000000100c93b00 (org.lwjgl.openal@3.3.1+7)
10322:             1             16  org.lwjgl.openal.ALC$ICDStatic (org.lwjgl.openal@3.3.1+7)
10323:             1             16  org.lwjgl.opengl.GL$$Lambda$503/0x0000000100348940 (org.lwjgl.opengl@3.3.1+7)
10324:             1             16  org.lwjgl.opengl.GL$$Lambda$504/0x0000000100348d68 (org.lwjgl.opengl@3.3.1+7)
10325:             1             16  org.lwjgl.opengl.GL$$Lambda$524/0x000000010035e7f0 (org.lwjgl.opengl@3.3.1+7)
10326:             1             16  org.lwjgl.opengl.GL$ICDStatic (org.lwjgl.opengl@3.3.1+7)
10327:             1             16  org.lwjgl.opengl.GL20C$$Lambda$562/0x000000010036a660 (org.lwjgl.opengl@3.3.1+7)
10328:             1             16  org.lwjgl.stb.LibSTB$$Lambda$573/0x000000010036dbd0 (org.lwjgl.stb@3.3.1+7)
10329:             1             16  org.lwjgl.stb.LibSTB$$Lambda$574/0x000000010036c800 (org.lwjgl.stb@3.3.1+7)
10330:             1             16  org.lwjgl.stb.STBTruetype$$Lambda$598/0x000000010037c6c8 (org.lwjgl.stb@3.3.1+7)
10331:             1             16  org.lwjgl.system.Callback$2 (org.lwjgl@3.3.1+7)
10332:             1             16  org.lwjgl.system.Configuration$StateInit$$Lambda$438/0x0000000100320000 (org.lwjgl@3.3.1+7)
10333:             1             16  org.lwjgl.system.Configuration$StateInit$$Lambda$439/0x0000000100320258 (org.lwjgl@3.3.1+7)
10334:             1             16  org.lwjgl.system.Configuration$StateInit$$Lambda$440/0x00000001003204b0 (org.lwjgl@3.3.1+7)
10335:             1             16  org.lwjgl.system.Library$$Lambda$446/0x0000000100321d78 (org.lwjgl@3.3.1+7)
10336:             1             16  org.lwjgl.system.Library$$Lambda$447/0x0000000100321fa8 (org.lwjgl@3.3.1+7)
10337:             1             16  org.lwjgl.system.MemoryStack$$Lambda$454/0x000000010032c000 (org.lwjgl@3.3.1+7)
10338:             1             16  org.lwjgl.system.MemoryUtil$$Lambda$449/0x0000000100326200 (org.lwjgl@3.3.1+7)
10339:             1             16  org.lwjgl.system.MemoryUtil$$Lambda$450/0x0000000100326420 (org.lwjgl@3.3.1+7)
10340:             1             16  org.lwjgl.system.MemoryUtil$2 (org.lwjgl@3.3.1+7)
10341:             1             16  org.lwjgl.system.Platform$$Lambda$442/0x0000000100321068 (org.lwjgl@3.3.1+7)
10342:             1             16  org.lwjgl.system.Platform$$Lambda$443/0x00000001003212a8 (org.lwjgl@3.3.1+7)
10343:             1             16  org.lwjgl.system.Platform$$Lambda$444/0x00000001003214e8 (org.lwjgl@3.3.1+7)
10344:             1             16  org.lwjgl.system.Platform$$Lambda$445/0x0000000100321728 (org.lwjgl@3.3.1+7)
10345:             1             16  org.lwjgl.system.jemalloc.JEmallocAllocator (org.lwjgl.jemalloc@3.3.1+7)
10346:             1             16  org.openjdk.nashorn.internal.codegen.FindScopeDepths$$Lambda$893/0x00000001004b1b58 (org.openjdk.nashorn)
10347:             1             16  org.openjdk.nashorn.internal.codegen.FindScopeDepths$$Lambda$894/0x00000001004b1d98 (org.openjdk.nashorn)
10348:             1             16  org.openjdk.nashorn.internal.codegen.types.Type$$Lambda$889/0x0000000100497d00 (org.openjdk.nashorn)
10349:             1             16  org.openjdk.nashorn.internal.codegen.types.Type$$Lambda$896/0x00000001004b86f0 (org.openjdk.nashorn)
10350:             1             16  org.openjdk.nashorn.internal.ir.Block$$Lambda$888/0x00000001004972c8 (org.openjdk.nashorn)
10351:             1             16  org.openjdk.nashorn.internal.lookup.MethodHandleFactory$StandardMethodHandleFunctionality (org.openjdk.nashorn)
10352:             1             16  org.openjdk.nashorn.internal.objects.annotations.SpecializedFunction$LinkLogic$Empty (org.openjdk.nashorn)
10353:             1             16  org.openjdk.nashorn.internal.runtime.AccessControlContextFactory$$Lambda$825/0x00000001003f1980 (org.openjdk.nashorn)
10354:             1             16  org.openjdk.nashorn.internal.runtime.AccessControlContextFactory$$Lambda$826/0x00000001003f1bc0 (org.openjdk.nashorn)
10355:             1             16  org.openjdk.nashorn.internal.runtime.Context$$Lambda$890/0x000000010049c000 (org.openjdk.nashorn)
10356:             1             16  org.openjdk.nashorn.internal.runtime.Context$$Lambda$897/0x00000001004b8b50 (org.openjdk.nashorn)
10357:             1             16  org.openjdk.nashorn.internal.runtime.Context$AnonymousContextCodeInstaller$$Lambda$906/0x00000001004d0998 (org.openjdk.nashorn)
10358:             1             16  org.openjdk.nashorn.internal.runtime.NashornLoader$$Lambda$816/0x00000001003e3bb0 (org.openjdk.nashorn)
10359:             1             16  org.openjdk.nashorn.internal.runtime.PropertySwitchPoints (org.openjdk.nashorn)
10360:             1             16  org.openjdk.nashorn.internal.runtime.PropertySwitchPoints$WeakSwitchPointSet (org.openjdk.nashorn)
10361:             1             16  org.openjdk.nashorn.internal.runtime.RecompilableScriptFunctionData$$Lambda$895/0x00000001004b2930 (org.openjdk.nashorn)
10362:             1             16  org.openjdk.nashorn.internal.runtime.Symbol (org.openjdk.nashorn)
10363:             1             16  org.openjdk.nashorn.internal.runtime.UserAccessorProperty$$Lambda$842/0x000000010043c000 (org.openjdk.nashorn)
10364:             1             16  org.openjdk.nashorn.internal.runtime.linker.Bootstrap$$Lambda$823/0x00000001003f0c10 (org.openjdk.nashorn)
10365:             1             16  org.openjdk.nashorn.internal.runtime.linker.Bootstrap$$Lambda$830/0x00000001003fe928 (org.openjdk.nashorn)
10366:             1             16  org.openjdk.nashorn.internal.runtime.linker.Bootstrap$$Lambda$831/0x00000001003feb48 (org.openjdk.nashorn)
10367:             1             16  org.openjdk.nashorn.internal.runtime.linker.BoundCallableLinker (org.openjdk.nashorn)
10368:             1             16  org.openjdk.nashorn.internal.runtime.linker.BrowserJSObjectLinker (org.openjdk.nashorn)
10369:             1             16  org.openjdk.nashorn.internal.runtime.linker.JSObjectLinker (org.openjdk.nashorn)
10370:             1             16  org.openjdk.nashorn.internal.runtime.linker.JavaAdapterBytecodeGenerator$$Lambda$1348/0x000000010063cfd0 (org.openjdk.nashorn)
10371:             1             16  org.openjdk.nashorn.internal.runtime.linker.JavaSuperAdapterLinker (org.openjdk.nashorn)
10372:             1             16  org.openjdk.nashorn.internal.runtime.linker.LinkerCallSite$$Lambda$839/0x000000010041b000 (org.openjdk.nashorn)
10373:             1             16  org.openjdk.nashorn.internal.runtime.linker.NashornBeansLinker (org.openjdk.nashorn)
10374:             1             16  org.openjdk.nashorn.internal.runtime.linker.NashornBottomLinker (org.openjdk.nashorn)
10375:             1             16  org.openjdk.nashorn.internal.runtime.linker.NashornCallSiteDescriptor$$Lambda$840/0x000000010041b478 (org.openjdk.nashorn)
10376:             1             16  org.openjdk.nashorn.internal.runtime.linker.NashornCallSiteDescriptor$$Lambda$841/0x000000010041b698 (org.openjdk.nashorn)
10377:             1             16  org.openjdk.nashorn.internal.runtime.linker.NashornLinker (org.openjdk.nashorn)
10378:             1             16  org.openjdk.nashorn.internal.runtime.linker.NashornPrimitiveLinker (org.openjdk.nashorn)
10379:             1             16  org.openjdk.nashorn.internal.runtime.linker.NashornStaticClassLinker (org.openjdk.nashorn)
10380:             1             16  org.openjdk.nashorn.internal.runtime.linker.ReflectionCheckLinker (org.openjdk.nashorn)
10381:             1             16  org.openjdk.nashorn.internal.runtime.logging.DebugLogger$1 (org.openjdk.nashorn)
10382:             1             16  org.prismlauncher.utils.Parameters
10383:             1             16  org.slf4j.helpers.NOPLoggerFactory (org.slf4j@2.0.1)
10384:             1             16  org.slf4j.helpers.NOPMDCAdapter (org.slf4j@2.0.1)
10385:             1             16  org.slf4j.helpers.ThreadLocalMapOfStacks (org.slf4j@2.0.1)
10386:             1             16  org.spongepowered.asm.mixin.MixinEnvironment$PhaseConsumer (org.spongepowered.mixin)
10387:             1             16  org.spongepowered.asm.mixin.transformer.DefaultExtensions$1 (org.spongepowered.mixin)
10388:             1             16  org.spongepowered.asm.mixin.transformer.MixinCoprocessorNestHost (org.spongepowered.mixin)
10389:             1             16  org.spongepowered.asm.mixin.transformer.MixinCoprocessorPassthrough (org.spongepowered.mixin)
10390:             1             16  org.spongepowered.asm.mixin.transformer.MixinCoprocessorSyntheticInner (org.spongepowered.mixin)
10391:             1             16  org.spongepowered.asm.mixin.transformer.MixinTransformer$Factory (org.spongepowered.mixin)
10392:             1             16  org.spongepowered.asm.mixin.transformer.SyntheticClassRegistry (org.spongepowered.mixin)
10393:             1             16  org.spongepowered.asm.mixin.transformer.ext.extensions.ExtensionCheckClass (org.spongepowered.mixin)
10394:             1             16  org.spongepowered.asm.service.modlauncher.MixinServiceModLauncherBootstrap (org.spongepowered.mixin)
10395:             1             16  org.spongepowered.asm.service.modlauncher.ModLauncherClassProvider (org.spongepowered.mixin)
10396:             1             16  org.spongepowered.asm.util.logging.MessageRouter$LoggingMessager (org.spongepowered.mixin)
10397:             1             16  oshi.SystemInfo$$Lambda$1247/0x00000001005a2cc0 (com.github.oshi@6.2.2)
10398:             1             16  oshi.SystemInfo$$Lambda$1249/0x00000001005a3540 (com.github.oshi@6.2.2)
10399:             1             16  oshi.hardware.platform.linux.LinuxCentralProcessor$$Lambda$1267/0x00000001005bdfc0 (com.github.oshi@6.2.2)
10400:             1             16  oshi.hardware.platform.linux.LinuxGlobalMemory$$Lambda$1286/0x00000001005bfa60 (com.github.oshi@6.2.2)
10401:             1             16  oshi.hardware.platform.linux.LinuxVirtualMemory$$Lambda$1290/0x00000001005c44f8 (com.github.oshi@6.2.2)
10402:             1             16  oshi.hardware.platform.linux.LinuxVirtualMemory$$Lambda$1291/0x00000001005c4718 (com.github.oshi@6.2.2)
10403:             1             16  oshi.util.FileUtil$$Lambda$1257/0x00000001005ad208 (com.github.oshi@6.2.2)
10404:             1             16  oshi.util.Memoizer$$Lambda$1248/0x00000001005a30e8 (com.github.oshi@6.2.2)
10405:             1             16  sun.management.ClassLoadingImpl (java.management@17.0.15)
10406:             1             16  sun.management.ManagementFactoryHelper$$Lambda$309/0x00000001002c1f50 (java.management@17.0.15)
10407:             1             16  sun.misc.Unsafe (jdk.unsupported@17.0.15)
10408:             1             16  sun.net.DefaultProgressMeteringPolicy (java.base@17.0.15)
10409:             1             16  sun.net.spi.DefaultProxySelector (java.base@17.0.15)
10410:             1             16  sun.net.www.protocol.http.AuthCacheImpl (java.base@17.0.15)
10411:             1             16  sun.net.www.protocol.jar.JarFileFactory (java.base@17.0.15)
10412:             1             16  sun.net.www.protocol.jrt.JavaRuntimeURLConnection$$Lambda$99/0x000000010015f2a0 (java.base@17.0.15)
10413:             1             16  sun.nio.ch.ExtendedSocketOption$1 (java.base@17.0.15)
10414:             1             16  sun.nio.ch.FileChannelImpl$1 (java.base@17.0.15)
10415:             1             16  sun.nio.ch.FileChannelImpl$2 (java.base@17.0.15)
10416:             1             16  sun.nio.ch.Net$1 (java.base@17.0.15)
10417:             1             16  sun.nio.ch.NioSocketImpl$$Lambda$4584/0x0000000100c63230 (java.base@17.0.15)
10418:             1             16  sun.nio.ch.NioSocketImpl$1 (java.base@17.0.15)
10419:             1             16  sun.nio.ch.NioSocketImpl$2 (java.base@17.0.15)
10420:             1             16  sun.nio.ch.SocketDispatcher (java.base@17.0.15)
10421:             1             16  sun.nio.ch.Util$1 (java.base@17.0.15)
10422:             1             16  sun.nio.fs.LinuxFileSystemProvider (java.base@17.0.15)
10423:             1             16  sun.nio.fs.NativeBuffers$1 (java.base@17.0.15)
10424:             1             16  sun.reflect.generics.tree.BottomSignature (java.base@17.0.15)
10425:             1             16  sun.reflect.generics.tree.ByteSignature (java.base@17.0.15)
10426:             1             16  sun.reflect.generics.tree.CharSignature (java.base@17.0.15)
10427:             1             16  sun.reflect.generics.tree.LongSignature (java.base@17.0.15)
10428:             1             16  sun.reflect.generics.tree.VoidDescriptor (java.base@17.0.15)
10429:             1             16  sun.security.ec.XDHKeyPairGenerator$$Lambda$4586/0x0000000100c28e18 (jdk.crypto.ec@17.0.15)
10430:             1             16  sun.security.ec.ed.EdDSAParameters$$Lambda$4582/0x0000000100c216f8 (jdk.crypto.ec@17.0.15)
10431:             1             16  sun.security.ec.ed.EdDSAParameters$$Lambda$4583/0x0000000100c28248 (jdk.crypto.ec@17.0.15)
10432:             1             16  sun.security.ec.ed.EdDSAParameters$SHA512DigesterFactory (jdk.crypto.ec@17.0.15)
10433:             1             16  sun.security.ec.ed.EdDSAParameters$SHAKE256DigesterFactory (jdk.crypto.ec@17.0.15)
10434:             1             16  sun.security.ec.ed.EdDSASignature$$Lambda$4581/0x0000000100c22520 (jdk.crypto.ec@17.0.15)
10435:             1             16  sun.security.jca.ProviderConfig$ProviderLoader (java.base@17.0.15)
10436:             1             16  sun.security.provider.X509Factory (java.base@17.0.15)
10437:             1             16  sun.security.ssl.AlpnExtension$$Lambda$4585/0x0000000100c72c98 (java.base@17.0.15)
10438:             1             16  sun.security.ssl.AlpnExtension$AlpnStringizer (java.base@17.0.15)
10439:             1             16  sun.security.ssl.AlpnExtension$CHAlpnAbsence (java.base@17.0.15)
10440:             1             16  sun.security.ssl.AlpnExtension$CHAlpnConsumer (java.base@17.0.15)
10441:             1             16  sun.security.ssl.AlpnExtension$CHAlpnProducer (java.base@17.0.15)
10442:             1             16  sun.security.ssl.CertSignAlgsExtension$CHCertSignatureSchemesConsumer (java.base@17.0.15)
10443:             1             16  sun.security.ssl.CertSignAlgsExtension$CHCertSignatureSchemesProducer (java.base@17.0.15)
10444:             1             16  sun.security.ssl.CertSignAlgsExtension$CHCertSignatureSchemesUpdate (java.base@17.0.15)
10445:             1             16  sun.security.ssl.CertSignAlgsExtension$CRCertSignatureSchemesConsumer (java.base@17.0.15)
10446:             1             16  sun.security.ssl.CertSignAlgsExtension$CRCertSignatureSchemesProducer (java.base@17.0.15)
10447:             1             16  sun.security.ssl.CertSignAlgsExtension$CRCertSignatureSchemesUpdate (java.base@17.0.15)
10448:             1             16  sun.security.ssl.CertSignAlgsExtension$CertSignatureSchemesStringizer (java.base@17.0.15)
10449:             1             16  sun.security.ssl.CertStatusExtension$CHCertStatusReqConsumer (java.base@17.0.15)
10450:             1             16  sun.security.ssl.CertStatusExtension$CHCertStatusReqProducer (java.base@17.0.15)
10451:             1             16  sun.security.ssl.CertStatusExtension$CHCertStatusReqV2Consumer (java.base@17.0.15)
10452:             1             16  sun.security.ssl.CertStatusExtension$CHCertStatusReqV2Producer (java.base@17.0.15)
10453:             1             16  sun.security.ssl.CertStatusExtension$CTCertStatusResponseConsumer (java.base@17.0.15)
10454:             1             16  sun.security.ssl.CertStatusExtension$CTCertStatusResponseProducer (java.base@17.0.15)
10455:             1             16  sun.security.ssl.CertStatusExtension$CertStatusRequestSpec (java.base@17.0.15)
10456:             1             16  sun.security.ssl.CertStatusExtension$CertStatusRequestStringizer (java.base@17.0.15)
10457:             1             16  sun.security.ssl.CertStatusExtension$CertStatusRequestV2Spec (java.base@17.0.15)
10458:             1             16  sun.security.ssl.CertStatusExtension$CertStatusRequestsStringizer (java.base@17.0.15)
10459:             1             16  sun.security.ssl.CertStatusExtension$CertStatusRespStringizer (java.base@17.0.15)
10460:             1             16  sun.security.ssl.CertStatusExtension$SHCertStatusReqConsumer (java.base@17.0.15)
10461:             1             16  sun.security.ssl.CertStatusExtension$SHCertStatusReqProducer (java.base@17.0.15)
10462:             1             16  sun.security.ssl.CertStatusExtension$SHCertStatusReqV2Consumer (java.base@17.0.15)
10463:             1             16  sun.security.ssl.CertStatusExtension$SHCertStatusReqV2Producer (java.base@17.0.15)
10464:             1             16  sun.security.ssl.CertificateAuthoritiesExtension$CHCertificateAuthoritiesConsumer (java.base@17.0.15)
10465:             1             16  sun.security.ssl.CertificateAuthoritiesExtension$CHCertificateAuthoritiesProducer (java.base@17.0.15)
10466:             1             16  sun.security.ssl.CertificateAuthoritiesExtension$CRCertificateAuthoritiesConsumer (java.base@17.0.15)
10467:             1             16  sun.security.ssl.CertificateAuthoritiesExtension$CRCertificateAuthoritiesProducer (java.base@17.0.15)
10468:             1             16  sun.security.ssl.CertificateAuthoritiesExtension$CertificateAuthoritiesStringizer (java.base@17.0.15)
10469:             1             16  sun.security.ssl.CertificateMessage$T12CertificateConsumer (java.base@17.0.15)
10470:             1             16  sun.security.ssl.CertificateMessage$T12CertificateProducer (java.base@17.0.15)
10471:             1             16  sun.security.ssl.CertificateMessage$T13CertificateConsumer (java.base@17.0.15)
10472:             1             16  sun.security.ssl.CertificateMessage$T13CertificateProducer (java.base@17.0.15)
10473:             1             16  sun.security.ssl.CertificateRequest$T10CertificateRequestConsumer (java.base@17.0.15)
10474:             1             16  sun.security.ssl.CertificateRequest$T10CertificateRequestProducer (java.base@17.0.15)
10475:             1             16  sun.security.ssl.CertificateRequest$T12CertificateRequestConsumer (java.base@17.0.15)
10476:             1             16  sun.security.ssl.CertificateRequest$T12CertificateRequestProducer (java.base@17.0.15)
10477:             1             16  sun.security.ssl.CertificateRequest$T13CertificateRequestConsumer (java.base@17.0.15)
10478:             1             16  sun.security.ssl.CertificateRequest$T13CertificateRequestProducer (java.base@17.0.15)
10479:             1             16  sun.security.ssl.CertificateStatus$CertificateStatusAbsence (java.base@17.0.15)
10480:             1             16  sun.security.ssl.CertificateStatus$CertificateStatusConsumer (java.base@17.0.15)
10481:             1             16  sun.security.ssl.CertificateStatus$CertificateStatusProducer (java.base@17.0.15)
10482:             1             16  sun.security.ssl.CertificateVerify$S30CertificateVerifyConsumer (java.base@17.0.15)
10483:             1             16  sun.security.ssl.CertificateVerify$S30CertificateVerifyProducer (java.base@17.0.15)
10484:             1             16  sun.security.ssl.CertificateVerify$T10CertificateVerifyConsumer (java.base@17.0.15)
10485:             1             16  sun.security.ssl.CertificateVerify$T10CertificateVerifyProducer (java.base@17.0.15)
10486:             1             16  sun.security.ssl.CertificateVerify$T12CertificateVerifyConsumer (java.base@17.0.15)
10487:             1             16  sun.security.ssl.CertificateVerify$T12CertificateVerifyProducer (java.base@17.0.15)
10488:             1             16  sun.security.ssl.CertificateVerify$T13CertificateVerifyConsumer (java.base@17.0.15)
10489:             1             16  sun.security.ssl.CertificateVerify$T13CertificateVerifyProducer (java.base@17.0.15)
10490:             1             16  sun.security.ssl.ChangeCipherSpec$T10ChangeCipherSpecConsumer (java.base@17.0.15)
10491:             1             16  sun.security.ssl.ChangeCipherSpec$T10ChangeCipherSpecProducer (java.base@17.0.15)
10492:             1             16  sun.security.ssl.ChangeCipherSpec$T13ChangeCipherSpecConsumer (java.base@17.0.15)
10493:             1             16  sun.security.ssl.ClientHello$ClientHelloConsumer (java.base@17.0.15)
10494:             1             16  sun.security.ssl.ClientHello$ClientHelloKickstartProducer (java.base@17.0.15)
10495:             1             16  sun.security.ssl.ClientHello$ClientHelloProducer (java.base@17.0.15)
10496:             1             16  sun.security.ssl.ClientHello$D12ClientHelloConsumer (java.base@17.0.15)
10497:             1             16  sun.security.ssl.ClientHello$D13ClientHelloConsumer (java.base@17.0.15)
10498:             1             16  sun.security.ssl.ClientHello$T12ClientHelloConsumer (java.base@17.0.15)
10499:             1             16  sun.security.ssl.ClientHello$T13ClientHelloConsumer (java.base@17.0.15)
10500:             1             16  sun.security.ssl.ClientKeyExchange$ClientKeyExchangeConsumer (java.base@17.0.15)
10501:             1             16  sun.security.ssl.ClientKeyExchange$ClientKeyExchangeProducer (java.base@17.0.15)
10502:             1             16  sun.security.ssl.CookieExtension$CHCookieConsumer (java.base@17.0.15)
10503:             1             16  sun.security.ssl.CookieExtension$CHCookieProducer (java.base@17.0.15)
10504:             1             16  sun.security.ssl.CookieExtension$CHCookieUpdate (java.base@17.0.15)
10505:             1             16  sun.security.ssl.CookieExtension$CookieStringizer (java.base@17.0.15)
10506:             1             16  sun.security.ssl.CookieExtension$HRRCookieConsumer (java.base@17.0.15)
10507:             1             16  sun.security.ssl.CookieExtension$HRRCookieProducer (java.base@17.0.15)
10508:             1             16  sun.security.ssl.CookieExtension$HRRCookieReproducer (java.base@17.0.15)
10509:             1             16  sun.security.ssl.ECDHKeyExchange$ECDHEKAGenerator (java.base@17.0.15)
10510:             1             16  sun.security.ssl.ECDHKeyExchange$ECDHEPossessionGenerator (java.base@17.0.15)
10511:             1             16  sun.security.ssl.ECDHKeyExchange$ECDHEXDHKAGenerator (java.base@17.0.15)
10512:             1             16  sun.security.ssl.ECDHKeyExchange$ECDHKAGenerator (java.base@17.0.15)
10513:             1             16  sun.security.ssl.ECPointFormatsExtension$CHECPointFormatsConsumer (java.base@17.0.15)
10514:             1             16  sun.security.ssl.ECPointFormatsExtension$CHECPointFormatsProducer (java.base@17.0.15)
10515:             1             16  sun.security.ssl.ECPointFormatsExtension$ECPointFormatsSpec (java.base@17.0.15)
10516:             1             16  sun.security.ssl.ECPointFormatsExtension$ECPointFormatsStringizer (java.base@17.0.15)
10517:             1             16  sun.security.ssl.ECPointFormatsExtension$SHECPointFormatsConsumer (java.base@17.0.15)
10518:             1             16  sun.security.ssl.EncryptedExtensions$EncryptedExtensionsConsumer (java.base@17.0.15)
10519:             1             16  sun.security.ssl.EncryptedExtensions$EncryptedExtensionsProducer (java.base@17.0.15)
10520:             1             16  sun.security.ssl.ExtendedMasterSecretExtension$CHExtendedMasterSecretAbsence (java.base@17.0.15)
10521:             1             16  sun.security.ssl.ExtendedMasterSecretExtension$CHExtendedMasterSecretConsumer (java.base@17.0.15)
10522:             1             16  sun.security.ssl.ExtendedMasterSecretExtension$CHExtendedMasterSecretProducer (java.base@17.0.15)
10523:             1             16  sun.security.ssl.ExtendedMasterSecretExtension$ExtendedMasterSecretSpec (java.base@17.0.15)
10524:             1             16  sun.security.ssl.ExtendedMasterSecretExtension$ExtendedMasterSecretStringizer (java.base@17.0.15)
10525:             1             16  sun.security.ssl.ExtendedMasterSecretExtension$SHExtendedMasterSecretAbsence (java.base@17.0.15)
10526:             1             16  sun.security.ssl.ExtendedMasterSecretExtension$SHExtendedMasterSecretConsumer (java.base@17.0.15)
10527:             1             16  sun.security.ssl.ExtendedMasterSecretExtension$SHExtendedMasterSecretProducer (java.base@17.0.15)
10528:             1             16  sun.security.ssl.Finished$S30VerifyDataGenerator (java.base@17.0.15)
10529:             1             16  sun.security.ssl.Finished$T10VerifyDataGenerator (java.base@17.0.15)
10530:             1             16  sun.security.ssl.Finished$T12FinishedConsumer (java.base@17.0.15)
10531:             1             16  sun.security.ssl.Finished$T12FinishedProducer (java.base@17.0.15)
10532:             1             16  sun.security.ssl.Finished$T12VerifyDataGenerator (java.base@17.0.15)
10533:             1             16  sun.security.ssl.Finished$T13FinishedConsumer (java.base@17.0.15)
10534:             1             16  sun.security.ssl.Finished$T13FinishedProducer (java.base@17.0.15)
10535:             1             16  sun.security.ssl.Finished$T13VerifyDataGenerator (java.base@17.0.15)
10536:             1             16  sun.security.ssl.HandshakeHash$CacheOnlyHash (java.base@17.0.15)
10537:             1             16  sun.security.ssl.HelloRequest$HelloRequestConsumer (java.base@17.0.15)
10538:             1             16  sun.security.ssl.HelloRequest$HelloRequestKickstartProducer (java.base@17.0.15)
10539:             1             16  sun.security.ssl.HelloRequest$HelloRequestProducer (java.base@17.0.15)
10540:             1             16  sun.security.ssl.HelloVerifyRequest$HelloVerifyRequestConsumer (java.base@17.0.15)
10541:             1             16  sun.security.ssl.HelloVerifyRequest$HelloVerifyRequestProducer (java.base@17.0.15)
10542:             1             16  sun.security.ssl.KeyShareExtension$CHKeyShareConsumer (java.base@17.0.15)
10543:             1             16  sun.security.ssl.KeyShareExtension$CHKeyShareOnTradeAbsence (java.base@17.0.15)
10544:             1             16  sun.security.ssl.KeyShareExtension$CHKeyShareProducer (java.base@17.0.15)
10545:             1             16  sun.security.ssl.KeyShareExtension$CHKeyShareStringizer (java.base@17.0.15)
10546:             1             16  sun.security.ssl.KeyShareExtension$HRRKeyShareConsumer (java.base@17.0.15)
10547:             1             16  sun.security.ssl.KeyShareExtension$HRRKeyShareProducer (java.base@17.0.15)
10548:             1             16  sun.security.ssl.KeyShareExtension$HRRKeyShareReproducer (java.base@17.0.15)
10549:             1             16  sun.security.ssl.KeyShareExtension$HRRKeyShareStringizer (java.base@17.0.15)
10550:             1             16  sun.security.ssl.KeyShareExtension$SHKeyShareAbsence (java.base@17.0.15)
10551:             1             16  sun.security.ssl.KeyShareExtension$SHKeyShareConsumer (java.base@17.0.15)
10552:             1             16  sun.security.ssl.KeyShareExtension$SHKeyShareProducer (java.base@17.0.15)
10553:             1             16  sun.security.ssl.KeyShareExtension$SHKeyShareStringizer (java.base@17.0.15)
10554:             1             16  sun.security.ssl.KeyUpdate$KeyUpdateConsumer (java.base@17.0.15)
10555:             1             16  sun.security.ssl.KeyUpdate$KeyUpdateKickstartProducer (java.base@17.0.15)
10556:             1             16  sun.security.ssl.KeyUpdate$KeyUpdateProducer (java.base@17.0.15)
10557:             1             16  sun.security.ssl.MaxFragExtension$CHMaxFragmentLengthConsumer (java.base@17.0.15)
10558:             1             16  sun.security.ssl.MaxFragExtension$CHMaxFragmentLengthProducer (java.base@17.0.15)
10559:             1             16  sun.security.ssl.MaxFragExtension$EEMaxFragmentLengthConsumer (java.base@17.0.15)
10560:             1             16  sun.security.ssl.MaxFragExtension$EEMaxFragmentLengthProducer (java.base@17.0.15)
10561:             1             16  sun.security.ssl.MaxFragExtension$EEMaxFragmentLengthUpdate (java.base@17.0.15)
10562:             1             16  sun.security.ssl.MaxFragExtension$MaxFragLenStringizer (java.base@17.0.15)
10563:             1             16  sun.security.ssl.MaxFragExtension$SHMaxFragmentLengthConsumer (java.base@17.0.15)
10564:             1             16  sun.security.ssl.MaxFragExtension$SHMaxFragmentLengthProducer (java.base@17.0.15)
10565:             1             16  sun.security.ssl.MaxFragExtension$SHMaxFragmentLengthUpdate (java.base@17.0.15)
10566:             1             16  sun.security.ssl.NamedGroup$ECDHEScheme (java.base@17.0.15)
10567:             1             16  sun.security.ssl.NamedGroup$FFDHEScheme (java.base@17.0.15)
10568:             1             16  sun.security.ssl.NamedGroup$XDHScheme (java.base@17.0.15)
10569:             1             16  sun.security.ssl.NewSessionTicket$T12NewSessionTicketConsumer (java.base@17.0.15)
10570:             1             16  sun.security.ssl.NewSessionTicket$T12NewSessionTicketProducer (java.base@17.0.15)
10571:             1             16  sun.security.ssl.NewSessionTicket$T13NewSessionTicketConsumer (java.base@17.0.15)
10572:             1             16  sun.security.ssl.NewSessionTicket$T13NewSessionTicketProducer (java.base@17.0.15)
10573:             1             16  sun.security.ssl.PreSharedKeyExtension$CHPreSharedKeyConsumer (java.base@17.0.15)
10574:             1             16  sun.security.ssl.PreSharedKeyExtension$CHPreSharedKeyOnLoadAbsence (java.base@17.0.15)
10575:             1             16  sun.security.ssl.PreSharedKeyExtension$CHPreSharedKeyOnTradeAbsence (java.base@17.0.15)
10576:             1             16  sun.security.ssl.PreSharedKeyExtension$CHPreSharedKeyProducer (java.base@17.0.15)
10577:             1             16  sun.security.ssl.PreSharedKeyExtension$CHPreSharedKeyStringizer (java.base@17.0.15)
10578:             1             16  sun.security.ssl.PreSharedKeyExtension$CHPreSharedKeyUpdate (java.base@17.0.15)
10579:             1             16  sun.security.ssl.PreSharedKeyExtension$SHPreSharedKeyAbsence (java.base@17.0.15)
10580:             1             16  sun.security.ssl.PreSharedKeyExtension$SHPreSharedKeyConsumer (java.base@17.0.15)
10581:             1             16  sun.security.ssl.PreSharedKeyExtension$SHPreSharedKeyProducer (java.base@17.0.15)
10582:             1             16  sun.security.ssl.PreSharedKeyExtension$SHPreSharedKeyStringizer (java.base@17.0.15)
10583:             1             16  sun.security.ssl.PskKeyExchangeModesExtension$PskKeyExchangeModesConsumer (java.base@17.0.15)
10584:             1             16  sun.security.ssl.PskKeyExchangeModesExtension$PskKeyExchangeModesOnLoadAbsence (java.base@17.0.15)
10585:             1             16  sun.security.ssl.PskKeyExchangeModesExtension$PskKeyExchangeModesOnTradeAbsence (java.base@17.0.15)
10586:             1             16  sun.security.ssl.PskKeyExchangeModesExtension$PskKeyExchangeModesProducer (java.base@17.0.15)
10587:             1             16  sun.security.ssl.PskKeyExchangeModesExtension$PskKeyExchangeModesSpec (java.base@17.0.15)
10588:             1             16  sun.security.ssl.PskKeyExchangeModesExtension$PskKeyExchangeModesStringizer (java.base@17.0.15)
10589:             1             16  sun.security.ssl.RSAKeyExchange$EphemeralRSAPossessionGenerator (java.base@17.0.15)
10590:             1             16  sun.security.ssl.RSAKeyExchange$RSAKAGenerator (java.base@17.0.15)
10591:             1             16  sun.security.ssl.RandomCookie (java.base@17.0.15)
10592:             1             16  sun.security.ssl.RenegoInfoExtension$CHRenegotiationInfoAbsence (java.base@17.0.15)
10593:             1             16  sun.security.ssl.RenegoInfoExtension$CHRenegotiationInfoConsumer (java.base@17.0.15)
10594:             1             16  sun.security.ssl.RenegoInfoExtension$CHRenegotiationInfoProducer (java.base@17.0.15)
10595:             1             16  sun.security.ssl.RenegoInfoExtension$RenegotiationInfoStringizer (java.base@17.0.15)
10596:             1             16  sun.security.ssl.RenegoInfoExtension$SHRenegotiationInfoAbsence (java.base@17.0.15)
10597:             1             16  sun.security.ssl.RenegoInfoExtension$SHRenegotiationInfoConsumer (java.base@17.0.15)
10598:             1             16  sun.security.ssl.RenegoInfoExtension$SHRenegotiationInfoProducer (java.base@17.0.15)
10599:             1             16  sun.security.ssl.SSLCipher$T12CC20P1305ReadCipherGenerator (java.base@17.0.15)
10600:             1             16  sun.security.ssl.SSLCipher$T12CC20P1305WriteCipherGenerator (java.base@17.0.15)
10601:             1             16  sun.security.ssl.SSLCipher$T13CC20P1305ReadCipherGenerator (java.base@17.0.15)
10602:             1             16  sun.security.ssl.SSLCipher$T13CC20P1305WriteCipherGenerator (java.base@17.0.15)
10603:             1             16  sun.security.ssl.SSLSocketFactoryImpl (java.base@17.0.15)
10604:             1             16  sun.security.ssl.SSLTrafficKeyDerivation$S30TrafficKeyDerivationGenerator (java.base@17.0.15)
10605:             1             16  sun.security.ssl.SSLTrafficKeyDerivation$T10TrafficKeyDerivationGenerator (java.base@17.0.15)
10606:             1             16  sun.security.ssl.SSLTrafficKeyDerivation$T12TrafficKeyDerivationGenerator (java.base@17.0.15)
10607:             1             16  sun.security.ssl.SSLTrafficKeyDerivation$T13TrafficKeyDerivationGenerator (java.base@17.0.15)
10608:             1             16  sun.security.ssl.ServerHello$ServerHelloConsumer (java.base@17.0.15)
10609:             1             16  sun.security.ssl.ServerHello$T12ServerHelloProducer (java.base@17.0.15)
10610:             1             16  sun.security.ssl.ServerHello$T13HelloRetryRequestProducer (java.base@17.0.15)
10611:             1             16  sun.security.ssl.ServerHello$T13HelloRetryRequestReproducer (java.base@17.0.15)
10612:             1             16  sun.security.ssl.ServerHello$T13ServerHelloProducer (java.base@17.0.15)
10613:             1             16  sun.security.ssl.ServerHelloDone$ServerHelloDoneConsumer (java.base@17.0.15)
10614:             1             16  sun.security.ssl.ServerHelloDone$ServerHelloDoneProducer (java.base@17.0.15)
10615:             1             16  sun.security.ssl.ServerKeyExchange$ServerKeyExchangeConsumer (java.base@17.0.15)
10616:             1             16  sun.security.ssl.ServerKeyExchange$ServerKeyExchangeProducer (java.base@17.0.15)
10617:             1             16  sun.security.ssl.ServerNameExtension$CHServerNameConsumer (java.base@17.0.15)
10618:             1             16  sun.security.ssl.ServerNameExtension$CHServerNameProducer (java.base@17.0.15)
10619:             1             16  sun.security.ssl.ServerNameExtension$CHServerNamesStringizer (java.base@17.0.15)
10620:             1             16  sun.security.ssl.ServerNameExtension$EEServerNameConsumer (java.base@17.0.15)
10621:             1             16  sun.security.ssl.ServerNameExtension$EEServerNameProducer (java.base@17.0.15)
10622:             1             16  sun.security.ssl.ServerNameExtension$SHServerNameConsumer (java.base@17.0.15)
10623:             1             16  sun.security.ssl.ServerNameExtension$SHServerNameProducer (java.base@17.0.15)
10624:             1             16  sun.security.ssl.ServerNameExtension$SHServerNamesSpec (java.base@17.0.15)
10625:             1             16  sun.security.ssl.ServerNameExtension$SHServerNamesStringizer (java.base@17.0.15)
10626:             1             16  sun.security.ssl.SessionTicketExtension$SessionTicketStringizer (java.base@17.0.15)
10627:             1             16  sun.security.ssl.SessionTicketExtension$T12CHSessionTicketConsumer (java.base@17.0.15)
10628:             1             16  sun.security.ssl.SessionTicketExtension$T12CHSessionTicketProducer (java.base@17.0.15)
10629:             1             16  sun.security.ssl.SessionTicketExtension$T12SHSessionTicketConsumer (java.base@17.0.15)
10630:             1             16  sun.security.ssl.SessionTicketExtension$T12SHSessionTicketProducer (java.base@17.0.15)
10631:             1             16  sun.security.ssl.SignatureAlgorithmsExtension$CHSignatureSchemesConsumer (java.base@17.0.15)
10632:             1             16  sun.security.ssl.SignatureAlgorithmsExtension$CHSignatureSchemesOnLoadAbsence (java.base@17.0.15)
10633:             1             16  sun.security.ssl.SignatureAlgorithmsExtension$CHSignatureSchemesOnTradeAbsence (java.base@17.0.15)
10634:             1             16  sun.security.ssl.SignatureAlgorithmsExtension$CHSignatureSchemesProducer (java.base@17.0.15)
10635:             1             16  sun.security.ssl.SignatureAlgorithmsExtension$CHSignatureSchemesUpdate (java.base@17.0.15)
10636:             1             16  sun.security.ssl.SignatureAlgorithmsExtension$CRSignatureSchemesAbsence (java.base@17.0.15)
10637:             1             16  sun.security.ssl.SignatureAlgorithmsExtension$CRSignatureSchemesConsumer (java.base@17.0.15)
10638:             1             16  sun.security.ssl.SignatureAlgorithmsExtension$CRSignatureSchemesProducer (java.base@17.0.15)
10639:             1             16  sun.security.ssl.SignatureAlgorithmsExtension$CRSignatureSchemesUpdate (java.base@17.0.15)
10640:             1             16  sun.security.ssl.SignatureAlgorithmsExtension$SignatureSchemesStringizer (java.base@17.0.15)
10641:             1             16  sun.security.ssl.SupportedGroupsExtension$CHSupportedGroupsConsumer (java.base@17.0.15)
10642:             1             16  sun.security.ssl.SupportedGroupsExtension$CHSupportedGroupsOnTradeAbsence (java.base@17.0.15)
10643:             1             16  sun.security.ssl.SupportedGroupsExtension$CHSupportedGroupsProducer (java.base@17.0.15)
10644:             1             16  sun.security.ssl.SupportedGroupsExtension$EESupportedGroupsConsumer (java.base@17.0.15)
10645:             1             16  sun.security.ssl.SupportedGroupsExtension$EESupportedGroupsProducer (java.base@17.0.15)
10646:             1             16  sun.security.ssl.SupportedGroupsExtension$SupportedGroupsStringizer (java.base@17.0.15)
10647:             1             16  sun.security.ssl.SupportedVersionsExtension$CHSupportedVersionsConsumer (java.base@17.0.15)
10648:             1             16  sun.security.ssl.SupportedVersionsExtension$CHSupportedVersionsProducer (java.base@17.0.15)
10649:             1             16  sun.security.ssl.SupportedVersionsExtension$CHSupportedVersionsStringizer (java.base@17.0.15)
10650:             1             16  sun.security.ssl.SupportedVersionsExtension$HRRSupportedVersionsConsumer (java.base@17.0.15)
10651:             1             16  sun.security.ssl.SupportedVersionsExtension$HRRSupportedVersionsProducer (java.base@17.0.15)
10652:             1             16  sun.security.ssl.SupportedVersionsExtension$HRRSupportedVersionsReproducer (java.base@17.0.15)
10653:             1             16  sun.security.ssl.SupportedVersionsExtension$SHSupportedVersionsConsumer (java.base@17.0.15)
10654:             1             16  sun.security.ssl.SupportedVersionsExtension$SHSupportedVersionsProducer (java.base@17.0.15)
10655:             1             16  sun.security.util.ArrayUtil$$Lambda$4587/0x0000000100c38898 (java.base@17.0.15)
10656:             1             16  sun.security.util.ByteArrayLexOrder (java.base@17.0.15)
10657:             1             16  sun.security.util.ByteArrayTagOrder (java.base@17.0.15)
10658:             1             16  sun.security.util.KeyStoreDelegator$$Lambda$4513/0x0000000100c41928 (java.base@17.0.15)
10659:             1             16  sun.security.util.ManifestDigester$$Lambda$167/0x0000000100173b58 (java.base@17.0.15)
10660:             1             16  sun.util.calendar.Gregorian (java.base@17.0.15)
10661:             1             16  sun.util.cldr.CLDRBaseLocaleDataMetaInfo (java.base@17.0.15)
10662:             1             16  sun.util.cldr.CLDRLocaleProviderAdapter$$Lambda$77/0x00000001000f16a8 (java.base@17.0.15)
10663:             1             16  sun.util.locale.InternalLocaleBuilder$CaseInsensitiveChar (java.base@17.0.15)
10664:             1             16  sun.util.locale.provider.CalendarDataUtility$CalendarFieldValueNamesMapGetter (java.base@17.0.15)
10665:             1             16  sun.util.locale.provider.CalendarDataUtility$CalendarWeekParameterGetter (java.base@17.0.15)
10666:             1             16  sun.util.locale.provider.CalendarNameProviderImpl$LengthBasedComparator (java.base@17.0.15)
10667:             1             16  sun.util.logging.PlatformLogger (java.base@17.0.15)
10668:             1             16  sun.util.logging.internal.LoggingProviderImpl (java.logging@17.0.15)
10669:             1             16  sun.util.resources.LocaleData (java.base@17.0.15)
10670:             1             16  sun.util.resources.LocaleData$LocaleDataStrategy (java.base@17.0.15)
10671:             1             16  sun.util.resources.cldr.provider.CLDRLocaleDataMetaInfo (jdk.localedata@17.0.15)
10672:             1             16  thedarkcolour.kotlinforforge.KotlinLanguageProvider (thedarkcolour.kotlinforforge.kfflang@4.12.0)
10673:             1             16  thedarkcolour.kotlinforforge.KotlinLanguageProvider$Companion (thedarkcolour.kotlinforforge.kfflang@4.12.0)
Total       6323436      377209688
