409208:
 num     #instances         #bytes  class name (module)
-------------------------------------------------------
   1:       1084665      357618344  [B (java.base@17.0.15)
   2:        791167       31646680  java.util.LinkedHashMap$Entry (java.base@17.0.15)
   3:        728473       29138920  jdk.nio.zipfs.ZipFileSystem$IndexNode (jdk.zipfs@17.0.15)
   4:        177058        9988872  [Ljava.lang.Object; (java.base@17.0.15)
   5:         72116        9912424  [Ljava.util.HashMap$Node; (java.base@17.0.15)
   6:        352609        8462616  java.lang.String (java.base@17.0.15)
   7:        328055        7873320  com.google.common.collect.ImmutableMapEntry (com.google.common@31.1-jre)
   8:        202503        6480096  java.util.HashMap$Node (java.base@17.0.15)
   9:         85409        4016368  [Lcom.google.common.collect.ImmutableMapEntry; (com.google.common@31.1-jre)
  10:        124192        2980608  com.google.common.collect.ImmutableMapEntry$NonTerminalImmutableMapEntry (com.google.common@31.1-jre)
  11:         68632        2745280  com.google.common.collect.RegularImmutableMap (com.google.common@31.1-jre)
  12:         47037        2634072  java.util.LinkedHashMap (java.base@17.0.15)
  13:         51856        2346776  [Ljava.util.Map$Entry; (java.base@17.0.15)
  14:         24135        2316960  net.minecraft.world.level.block.state.BlockState (minecraft@1.20.1)
  15:         42569        2043312  java.util.HashMap (java.base@17.0.15)
  16:         12476        1515624  java.lang.Class (java.base@17.0.15)
  17:         44343        1418976  java.util.Hashtable$Entry (java.base@17.0.15)
  18:         26579        1384616  [D (java.base@17.0.15)
  19:         23810        1142880  com.google.common.collect.ArrayTable (com.google.common@31.1-jre)
  20:         70790        1132640  com.google.common.collect.RegularImmutableList (com.google.common@31.1-jre)
  21:          5382        1081344  [I (java.base@17.0.15)
  22:         27468         878976  org.objectweb.asm.Type (org.objectweb.asm@9.8)
  23:         26633         852256  java.util.concurrent.ConcurrentHashMap$Node (java.base@17.0.15)
  24:         23811         843408  [[Ljava.lang.Object; (java.base@17.0.15)
  25:         24064         770048  com.mojang.datafixers.types.templates.Product$ProductType (datafixerupper@6.0.8)
  26:         44835         717360  java.util.jar.Attributes (java.base@17.0.15)
  27:         22238         711616  com.mojang.datafixers.types.templates.Sum$SumType (datafixerupper@6.0.8)
  28:         21487         687584  com.mojang.datafixers.types.templates.Tag$TagType (datafixerupper@6.0.8)
  29:         13850         664800  com.google.common.collect.HashBiMap$BiEntry (com.google.common@31.1-jre)
  30:         26569         637656  it.unimi.dsi.fastutil.doubles.DoubleArrayList (it.unimi.dsi.fastutil@8.5.9)
  31:         15849         633960  it.unimi.dsi.fastutil.objects.Object2ObjectArrayMap (it.unimi.dsi.fastutil@8.5.9)
  32:         35613         569808  net.minecraft.nbt.StringTag (minecraft@1.20.1)
  33:           341         549760  [C (java.base@17.0.15)
  34:         22484         539616  com.google.common.collect.ImmutableMapEntrySet$RegularEntrySet (com.google.common@31.1-jre)
  35:           912         472864  [Ljava.util.Hashtable$Entry; (java.base@17.0.15)
  36:          7945         444920  net.minecraft.world.phys.shapes.BitSetDiscreteVoxelShape (minecraft@1.20.1)
  37:          8576         411648  java.lang.invoke.MemberName (java.base@17.0.15)
  38:         22333         357328  com.mojang.datafixers.types.templates.Const (datafixerupper@6.0.8)
  39:          9971         319072  com.mojang.datafixers.types.templates.Named$NamedType (datafixerupper@6.0.8)
  40:         12620         302880  com.mojang.datafixers.types.templates.Sum (datafixerupper@6.0.8)
  41:         12491         299784  com.mojang.datafixers.types.templates.List$ListType (datafixerupper@6.0.8)
  42:         12124         290976  com.mojang.datafixers.types.templates.Product (datafixerupper@6.0.8)
  43:         12043         289032  com.mojang.datafixers.types.templates.Tag (datafixerupper@6.0.8)
  44:          8904         284928  net.minecraft.world.phys.shapes.ArrayVoxelShape (minecraft@1.20.1)
  45:         17307         276912  java.util.HashMap$EntrySet (java.base@17.0.15)
  46:          9639         271120  [J (java.base@17.0.15)
  47:           121         266168  [F (java.base@17.0.15)
  48:          2987         262856  java.lang.reflect.Method (java.base@17.0.15)
  49:         16138         258208  net.minecraft.nbt.CompoundTag (minecraft@1.20.1)
  50:           523         241360  [Ljava.util.concurrent.ConcurrentHashMap$Node; (java.base@17.0.15)
  51:          9517         228408  java.util.ArrayList (java.base@17.0.15)
  52:          6976         223232  net.minecraft.core.Holder$Reference (minecraft@1.20.1)
  53:          8909         213816  java.util.BitSet (java.base@17.0.15)
  54:          8612         206688  net.minecraftforge.forgespi.language.ModFileScanData$ClassData (net.minecraftforge.forgespi@7.0.1)
  55:          8227         197448  com.mojang.serialization.Dynamic (datafixerupper@6.0.8)
  56:          4792         191680  java.lang.invoke.MethodType (java.base@17.0.15)
  57:         11792         188672  java.util.HashSet (java.base@17.0.15)
  58:          7487         185928  [Ljava.lang.String; (java.base@17.0.15)
  59:          5708         182656  net.minecraftforge.forgespi.language.ModFileScanData$AnnotationData (net.minecraftforge.forgespi@7.0.1)
  60:          5926         167736  [Ljava.lang.Class; (java.base@17.0.15)
  61:         10452         167232  com.mojang.datafixers.types.templates.RecursivePoint (datafixerupper@6.0.8)
  62:          5218         166976  java.lang.invoke.MethodType$ConcurrentWeakInternSet$WeakEntry (java.base@17.0.15)
  63:          4106         164240  java.lang.ref.SoftReference (java.base@17.0.15)
  64:         10186         162976  java.lang.Object (java.base@17.0.15)
  65:          4998         159936  java.lang.invoke.LambdaForm$Name (java.base@17.0.15)
  66:           246         158048  [Lcom.google.common.collect.HashBiMap$BiEntry; (com.google.common@31.1-jre)
  67:          1197         153216  jdk.nio.zipfs.ZipFileSystem (jdk.zipfs@17.0.15)
  68:          9359         149744  java.util.HashMap$KeySet (java.base@17.0.15)
  69:          6063         145512  java.lang.invoke.ResolvedMethodName (java.base@17.0.15)
  70:          9063         145008  com.mojang.datafixers.types.templates.List (datafixerupper@6.0.8)
  71:          2259         144576  java.lang.Class$ReflectionData (java.base@17.0.15)
  72:          1969         141768  java.lang.reflect.Constructor (java.base@17.0.15)
  73:          2914         139872  com.google.common.collect.SingletonImmutableBiMap (com.google.common@31.1-jre)
  74:          4226         135232  com.mojang.serialization.MapCodec$1 (datafixerupper@6.0.8)
  75:          2785         133680  jdk.internal.ref.CleanerImpl$PhantomCleanableRef (java.base@17.0.15)
  76:          5114         122736  com.mojang.datafixers.schemas.Schema$$Lambda$1806/0x0000000800819bc8 (datafixerupper@6.0.8)
  77:          3719         119008  java.lang.invoke.DirectMethodHandle (java.base@17.0.15)
  78:          3588         114816  com.google.common.collect.MapMakerInternalMap$StrongKeyWeakValueEntry (com.google.common@31.1-jre)
  79:          3588         114816  com.google.common.collect.MapMakerInternalMap$WeakValueReferenceImpl (com.google.common@31.1-jre)
  80:          3418         109376  cpw.mods.niofs.union.UnionPath (cpw.mods.securejarhandler)
  81:          2723         108920  java.lang.invoke.BoundMethodHandle$Species_LL (java.base@17.0.15)
  82:          1003         104312  net.minecraft.world.level.block.state.BlockBehaviour$Properties (minecraft@1.20.1)
  83:          5596          89536  net.minecraft.util.datafix.schemas.V1460$$Lambda$2003/0x0000000800859f20 (minecraft@1.20.1)
  84:          3588          86112  net.minecraft.resources.ResourceKey (minecraft@1.20.1)
  85:          3588          86112  net.minecraft.resources.ResourceKey$InternKey (minecraft@1.20.1)
  86:          3585          86040  net.minecraft.resources.ResourceLocation (minecraft@1.20.1)
  87:          1096          83296  [Ljava.lang.ref.SoftReference; (java.base@17.0.15)
  88:          3455          82920  net.minecraftforge.registries.ForgeRegistry$OverrideOwner (forge@47.4.13)
  89:          2578          82496  com.mojang.datafixers.types.templates.CompoundList$CompoundListType (datafixerupper@6.0.8)
  90:          1718          82464  java.util.concurrent.locks.ReentrantReadWriteLock$NonfairSync (java.base@17.0.15)
  91:          1987          79480  sun.util.locale.LocaleObjectCache$CacheEntry (java.base@17.0.15)
  92:           997          71784  java.lang.reflect.Field (java.base@17.0.15)
  93:          2211          70752  com.electronwill.nightconfig.core.SimpleCommentedConfig (com.electronwill.nightconfig.core@3.6.4)
  94:          2007          64224  java.lang.invoke.BoundMethodHandle$Species_L (java.base@17.0.15)
  95:          1157          60120  [Ljava.lang.invoke.LambdaForm$Name; (java.base@17.0.15)
  96:          2394          57456  java.util.Collections$SynchronizedSet (java.base@17.0.15)
  97:          2349          56376  java.util.jar.Attributes$Name (java.base@17.0.15)
  98:          3466          55456  java.lang.Integer (java.base@17.0.15)
  99:          1152          55296  java.lang.invoke.LambdaForm (java.base@17.0.15)
 100:          1719          55008  jdk.internal.reflect.NativeConstructorAccessorImpl (java.base@17.0.15)
 101:          1108          53184  net.minecraftforge.fml.loading.moddiscovery.ModInfo$ModVersion (fmlloader@1.20.1-47.4.13)
 102:           567          52928  [Ljava.lang.invoke.MethodHandle; (java.base@17.0.15)
 103:          2193          52632  java.util.ImmutableCollections$ListN (java.base@17.0.15)
 104:          2182          52368  java.util.ImmutableCollections$Set12 (java.base@17.0.15)
 105:           791          50624  java.util.zip.Inflater (java.base@17.0.15)
 106:           686          49392  sun.nio.ch.FileChannelImpl (java.base@17.0.15)
 107:          1201          48040  java.lang.ref.Finalizer (java.base@17.0.15)
 108:          1995          47880  cpw.mods.modlauncher.TransformerAuditTrail$TransformerActivity (cpw.mods.modlauncher@10.0.9)
 109:          1197          47880  jdk.nio.zipfs.ZipFileSystem$END (jdk.zipfs@17.0.15)
 110:          1171          46840  java.lang.invoke.DirectMethodHandle$Constructor (java.base@17.0.15)
 111:          1842          44208  cpw.mods.jarhandling.impl.Jar$StatusData (cpw.mods.securejarhandler)
 112:           687          43968  java.util.concurrent.ConcurrentHashMap (java.base@17.0.15)
 113:           912          43776  java.util.Hashtable (java.base@17.0.15)
 114:          1806          43408  [Ljava.lang.reflect.Constructor; (java.base@17.0.15)
 115:          1722          41328  java.util.concurrent.locks.ReentrantReadWriteLock (java.base@17.0.15)
 116:          2496          39936  org.apache.maven.artifact.versioning.ComparableVersion$IntItem (maven.artifact@3.8.5)
 117:           995          39800  cpw.mods.niofs.union.UnionFileSystem (cpw.mods.securejarhandler)
 118:          2467          39472  com.google.common.collect.SingletonImmutableList (com.google.common@31.1-jre)
 119:          1624          38976  com.mojang.datafixers.types.templates.Named (datafixerupper@6.0.8)
 120:          1616          38784  java.util.LinkedList$Node (java.base@17.0.15)
 121:          1203          38496  java.lang.invoke.MethodHandleNatives$CallSiteContext (java.base@17.0.15)
 122:           687          38472  net.minecraft.world.item.BlockItem (minecraft@1.20.1)
 123:           961          38440  org.openjdk.nashorn.internal.runtime.CompiledFunction (org.openjdk.nashorn)
 124:          1197          38304  jdk.nio.zipfs.ZipPath (jdk.zipfs@17.0.15)
 125:           945          37800  com.mojang.datafixers.types.templates.RecursivePoint$RecursivePointType (datafixerupper@6.0.8)
 126:          1574          37776  com.mojang.serialization.Codec$$Lambda$1060/0x00000008005696f0 (datafixerupper@6.0.8)
 127:          1574          37776  com.mojang.serialization.codecs.FieldDecoder (datafixerupper@6.0.8)
 128:          1574          37776  com.mojang.serialization.codecs.FieldEncoder (datafixerupper@6.0.8)
 129:          1558          37392  com.mojang.serialization.MapDecoder$4 (datafixerupper@6.0.8)
 130:          1557          37368  com.mojang.serialization.MapEncoder$1 (datafixerupper@6.0.8)
 131:          1555          37320  com.mojang.serialization.codecs.PairMapCodec (datafixerupper@6.0.8)
 132:          1554          37296  com.mojang.serialization.MapCodec$3 (datafixerupper@6.0.8)
 133:          1554          37296  com.mojang.serialization.MapCodec$5 (datafixerupper@6.0.8)
 134:          1554          37296  net.minecraft.world.level.block.state.StateDefinition$$Lambda$1485/0x00000008007224e0 (minecraft@1.20.1)
 135:          1126          36032  org.openjdk.nashorn.internal.runtime.PropertyHashMap$Element (org.openjdk.nashorn)
 136:           900          36000  com.mojang.datafixers.types.templates.Check$CheckType (datafixerupper@6.0.8)
 137:          1474          35376  net.minecraft.sounds.SoundEvent (minecraft@1.20.1)
 138:          1099          35168  com.mojang.datafixers.types.Func (datafixerupper@6.0.8)
 139:           617          34552  org.openjdk.nashorn.internal.runtime.ScriptFunction (org.openjdk.nashorn)
 140:           859          34360  java.util.WeakHashMap$Entry (java.base@17.0.15)
 141:           682          32736  java.lang.invoke.MethodHandleImpl$CountingWrapper (java.base@17.0.15)
 142:          1013          32416  java.util.Locale (java.base@17.0.15)
 143:          1012          32384  sun.util.locale.BaseLocale (java.base@17.0.15)
 144:          1000          32000  java.util.LinkedList (java.base@17.0.15)
 145:          1328          31872  com.google.common.collect.ImmutableEntry (com.google.common@31.1-jre)
 146:           993          31776  sun.util.locale.BaseLocale$Key (java.base@17.0.15)
 147:          1301          31224  org.antlr.v4.runtime.misc.Interval (org.antlr.antlr4.runtime@4.9.1)
 148:           778          31120  java.io.FileDescriptor (java.base@17.0.15)
 149:          1290          30960  org.apache.maven.artifact.versioning.ComparableVersion$ListItem (maven.artifact@3.8.5)
 150:           767          30680  org.apache.maven.artifact.versioning.DefaultArtifactVersion (maven.artifact@3.8.5)
 151:           760          30400  java.util.TreeMap$Entry (java.base@17.0.15)
 152:          1264          30336  java.lang.invoke.LambdaForm$NamedFunction (java.base@17.0.15)
 153:           466          29824  java.net.URL (java.base@17.0.15)
 154:           930          29760  com.mojang.datafixers.TypeRewriteRule$Everywhere (datafixerupper@6.0.8)
 155:          1218          29232  java.util.ImmutableCollections$List12 (java.base@17.0.15)
 156:            69          29136  [Lorg.antlr.v4.runtime.dfa.DFAState; (org.antlr.antlr4.runtime@4.9.1)
 157:           452          28928  cpw.mods.jarhandling.impl.Jar (cpw.mods.securejarhandler)
 158:          1742          27872  jdk.internal.reflect.DelegatingConstructorAccessorImpl (java.base@17.0.15)
 159:          1722          27552  java.util.concurrent.locks.ReentrantReadWriteLock$ReadLock (java.base@17.0.15)
 160:          1722          27552  java.util.concurrent.locks.ReentrantReadWriteLock$Sync$ThreadLocalHoldCounter (java.base@17.0.15)
 161:          1722          27552  java.util.concurrent.locks.ReentrantReadWriteLock$WriteLock (java.base@17.0.15)
 162:           379          27288  net.minecraftforge.fml.loading.moddiscovery.ModFile (fmlloader@1.20.1-47.4.13)
 163:           671          26840  com.google.common.collect.MapMakerInternalMap$WeakKeyDummyValueEntry (com.google.common@31.1-jre)
 164:          1110          26640  com.mojang.datafixers.RewriteResult (datafixerupper@6.0.8)
 165:          1108          26592  com.mojang.serialization.Decoder$5 (datafixerupper@6.0.8)
 166:          1095          26280  com.mojang.serialization.MapCodec$$Lambda$1030/0x000000080055ebc8 (datafixerupper@6.0.8)
 167:           260          26240  [Ljava.util.WeakHashMap$Entry; (java.base@17.0.15)
 168:           647          25880  com.google.common.collect.ImmutableSortedMap (com.google.common@31.1-jre)
 169:           636          25440  org.openjdk.nashorn.internal.runtime.FinalScriptFunctionData (org.openjdk.nashorn)
 170:           395          25280  it.unimi.dsi.fastutil.objects.Object2ObjectOpenHashMap (it.unimi.dsi.fastutil@8.5.9)
 171:           348          25056  net.minecraftforge.fml.loading.moddiscovery.ModInfo (fmlloader@1.20.1-47.4.13)
 172:           346          24912  com.electronwill.nightconfig.core.file.WriteAsyncFileConfig (com.electronwill.nightconfig.core@3.6.4)
 173:          1557          24912  com.mojang.serialization.MapCodec$$Lambda$1106/0x000000080057c000 (datafixerupper@6.0.8)
 174:          1554          24864  com.mojang.datafixers.DataFixUtils$$Lambda$1486/0x000000080071aca0 (datafixerupper@6.0.8)
 175:          1554          24864  net.minecraft.world.level.block.state.StateDefinition$$Lambda$1487/0x0000000800722708 (minecraft@1.20.1)
 176:          1554          24864  net.minecraft.world.level.block.state.StateDefinition$$Lambda$1488/0x0000000800722950 (minecraft@1.20.1)
 177:           618          24720  java.lang.WeakPairMap$Pair$Weak (java.base@17.0.15)
 178:           762          24384  cpw.mods.modlauncher.TransformTargetLabel (cpw.mods.modlauncher@10.0.9)
 179:          1008          24192  net.minecraft.world.level.block.state.StateDefinition (minecraft@1.20.1)
 180:          1008          24192  net.minecraft.world.level.block.state.StateDefinition$$Lambda$1464/0x0000000800713b08 (minecraft@1.20.1)
 181:           997          23928  cpw.mods.niofs.union.UnionFileSystem$EmbeddedFileSystemMetadata (cpw.mods.securejarhandler)
 182:           296          23680  java.net.URI (java.base@17.0.15)
 183:           734          23488  sun.nio.fs.UnixPath (java.base@17.0.15)
 184:           412          23360  [Ljava.lang.reflect.Method; (java.base@17.0.15)
 185:           949          22776  jdk.dynalink.beans.SimpleDynamicMethod (jdk.dynalink@17.0.15)
 186:           945          22680  com.mojang.datafixers.types.families.RecursiveTypeFamily$$Lambda$1857/0x000000080082ab98 (datafixerupper@6.0.8)
 187:           932          22368  org.apache.commons.lang3.tuple.ImmutableTriple (org.apache.commons.lang3@3.12.0)
 188:           672          21504  java.lang.invoke.MethodTypeForm (java.base@17.0.15)
 189:          1332          21312  com.google.common.collect.SingletonImmutableSet (com.google.common@31.1-jre)
 190:           444          21312  java.lang.invoke.LambdaFormEditor$Transform (java.base@17.0.15)
 191:           869          20856  java.lang.module.ModuleDescriptor$Exports (java.base@17.0.15)
 192:           647          20704  com.google.common.collect.RegularImmutableSortedSet (com.google.common@31.1-jre)
 193:             6          20576  [Ljava.nio.ByteBuffer; (java.base@17.0.15)
 194:           364          20384  org.openjdk.nashorn.internal.runtime.AccessorProperty (org.openjdk.nashorn)
 195:           843          20232  com.mojang.datafixers.TypeRewriteRule$Seq (datafixerupper@6.0.8)
 196:          1264          20224  java.util.LinkedHashMap$LinkedValues (java.base@17.0.15)
 197:           618          19776  java.lang.WeakPairMap$Pair$Weak$1 (java.base@17.0.15)
 198:           492          19680  java.lang.invoke.DirectMethodHandle$Accessor (java.base@17.0.15)
 199:           400          19200  java.lang.invoke.BoundMethodHandle$Species_LLLL (java.base@17.0.15)
 200:           791          18984  java.util.zip.Inflater$InflaterZStreamRef (java.base@17.0.15)
 201:           767          18408  org.apache.maven.artifact.versioning.ComparableVersion (maven.artifact@3.8.5)
 202:             1          18240  org.lwjgl.opengl.GLCapabilities (org.lwjgl.opengl@3.3.1+7)
 203:           450          18000  java.math.BigInteger (java.base@17.0.15)
 204:          1120          17920  net.minecraft.util.datafix.schemas.V1470$$Lambda$2062/0x00000008008627a0 (minecraft@1.20.1)
 205:          1113          17808  java.util.Optional (java.base@17.0.15)
 206:          1110          17760  com.mojang.datafixers.View (datafixerupper@6.0.8)
 207:          1095          17520  com.mojang.serialization.Encoder$4 (datafixerupper@6.0.8)
 208:             2          17440  [Lcom.mojang.serialization.Dynamic; (datafixerupper@6.0.8)
 209:           535          17120  java.lang.module.ModuleDescriptor$Requires (java.base@17.0.15)
 210:          1047          16752  java.util.concurrent.atomic.AtomicBoolean (java.base@17.0.15)
 211:          1047          16752  net.minecraft.util.datafix.schemas.V1460$$Lambda$2026/0x000000080085d378 (minecraft@1.20.1)
 212:           695          16680  net.minecraftforge.fml.loading.moddiscovery.NightConfigWrapper (fmlloader@1.20.1-47.4.13)
 213:           347          16656  net.minecraftforge.fml.loading.moddiscovery.ModFileInfo (fmlloader@1.20.1-47.4.13)
 214:           258          16512  java.lang.module.ModuleDescriptor (java.base@17.0.15)
 215:           686          16464  sun.nio.ch.NativeThreadSet (java.base@17.0.15)
 216:           511          16352  jdk.nio.zipfs.ByteArrayChannel (jdk.zipfs@17.0.15)
 217:           500          16000  net.minecraftforge.accesstransformer.AccessTransformer (accesstransformers@8.0.4)
 218:            74          15528  [Z (java.base@17.0.15)
 219:           646          15504  com.google.common.collect.ImmutableSortedMap$1EntrySet (com.google.common@31.1-jre)
 220:           472          15104  com.mojang.datafixers.types.templates.Hook$HookType (datafixerupper@6.0.8)
 221:           620          14880  com.mojang.datafixers.TypeRewriteRule$All (datafixerupper@6.0.8)
 222:           620          14880  com.mojang.datafixers.TypeRewriteRule$OrElse (datafixerupper@6.0.8)
 223:           310          14880  java.util.TreeMap (java.base@17.0.15)
 224:           925          14800  net.minecraft.world.level.block.state.BlockBehaviour$$Lambda$1493/0x0000000800723b00 (minecraft@1.20.1)
 225:           616          14784  com.mojang.datafixers.functions.Id (datafixerupper@6.0.8)
 226:           920          14720  net.minecraft.util.datafix.schemas.V705$$Lambda$1906/0x000000080083ca80 (minecraft@1.20.1)
 227:           366          14640  java.util.IdentityHashMap (java.base@17.0.15)
 228:           456          14592  java.lang.Package (java.base@17.0.15)
 229:           607          14568  net.minecraft.tags.TagKey (minecraft@1.20.1)
 230:           362          14480  com.google.common.collect.HashBasedTable (com.google.common@31.1-jre)
 231:           225          14400  it.unimi.dsi.fastutil.objects.Object2IntOpenHashMap (it.unimi.dsi.fastutil@8.5.9)
 232:           347          13880  com.electronwill.nightconfig.toml.TomlWriter (com.electronwill.nightconfig.toml@3.6.4)
 233:           231          12936  java.lang.Module (java.base@17.0.15)
 234:           323          12920  java.lang.invoke.BoundMethodHandle$Species_LLL (java.base@17.0.15)
 235:            90          12840  [Ljava.lang.ClassValue$Entry; (java.base@17.0.15)
 236:           400          12800  net.minecraftforge.jarjar.nio.util.Lazy (JarJarFileSystems@0.3.19)
 237:           199          12736  it.unimi.dsi.fastutil.ints.Int2ObjectOpenHashMap (it.unimi.dsi.fastutil@8.5.9)
 238:           159          12720  net.minecraft.world.level.block.Block (minecraft@1.20.1)
 239:            47          12400  [Lorg.openjdk.nashorn.internal.runtime.PropertyHashMap$Element; (org.openjdk.nashorn)
 240:           511          12264  net.minecraftforge.jarjar.nio.pathfs.PathPath (JarJarFileSystems@0.3.19)
 241:           380          12160  sun.security.util.ObjectIdentifier (java.base@17.0.15)
 242:           186          11904  org.openjdk.nashorn.internal.runtime.PropertyMap (org.openjdk.nashorn)
 243:           247          11856  java.lang.invoke.DirectMethodHandle$StaticAccessor (java.base@17.0.15)
 244:            85          11560  sun.nio.fs.UnixFileAttributes (java.base@17.0.15)
 245:           713          11408  net.minecraft.util.datafix.schemas.V100$$Lambda$1863/0x0000000800823bf0 (minecraft@1.20.1)
 246:           347          11104  com.electronwill.nightconfig.toml.TomlParser (com.electronwill.nightconfig.toml@3.6.4)
 247:           346          11072  [Ljava.nio.file.OpenOption; (java.base@17.0.15)
 248:           461          11064  java.util.jar.Manifest (java.base@17.0.15)
 249:           686          10976  java.nio.channels.spi.AbstractInterruptibleChannel$1 (java.base@17.0.15)
 250:           686          10976  sun.nio.ch.FileChannelImpl$Closer (java.base@17.0.15)
 251:           686          10976  sun.nio.ch.FileDispatcherImpl (java.base@17.0.15)
 252:           341          10912  jdk.internal.math.FDBigInteger (java.base@17.0.15)
 253:           448          10752  java.util.ImmutableCollections$SetN (java.base@17.0.15)
 254:           326          10432  java.lang.ref.WeakReference (java.base@17.0.15)
 255:           646          10336  com.google.common.collect.ImmutableSortedMap$1EntrySet$1 (com.google.common@31.1-jre)
 256:           426          10224  jdk.dynalink.beans.AbstractJavaLinker$AnnotatedDynamicMethod (jdk.dynalink@17.0.15)
 257:           636          10176  net.minecraft.world.level.block.state.BlockBehaviour$Properties$$Lambda$1492/0x00000008007238b8 (minecraft@1.20.1)
 258:            97          10088  java.util.jar.JarFile$JarFileEntry (java.base@17.0.15)
 259:           251          10040  net.minecraftforge.accesstransformer.MethodTarget (accesstransformers@8.0.4)
 260:           249           9960  java.lang.invoke.BoundMethodHandle$Species_LJ (java.base@17.0.15)
 261:           310           9920  com.mojang.datafixers.functions.FunctionWrapper (datafixerupper@6.0.8)
 262:           309           9888  java.lang.ref.ReferenceQueue (java.base@17.0.15)
 263:           169           9464  org.openjdk.nashorn.internal.ir.IdentNode (org.openjdk.nashorn)
 264:           292           9312  [Ljava.security.cert.Certificate; (java.base@17.0.15)
 265:           385           9240  com.google.common.collect.ImmutableSortedAsList (com.google.common@31.1-jre)
 266:           383           9192  org.apache.maven.artifact.versioning.VersionRange (maven.artifact@3.8.5)
 267:           382           9168  net.minecraftforge.fml.loading.moddiscovery.ModAnnotation$EnumHolder (fmlloader@1.20.1-47.4.13)
 268:           379           9096  net.minecraft.world.phys.shapes.CubeVoxelShape (minecraft@1.20.1)
 269:           374           8976  org.apache.maven.artifact.versioning.Restriction (maven.artifact@3.8.5)
 270:           156           8784  [Ljava.lang.reflect.Field; (java.base@17.0.15)
 271:           182           8736  java.lang.invoke.BoundMethodHandle$Species_LLLIL (java.base@17.0.15)
 272:           180           8640  java.lang.invoke.BoundMethodHandle$Species_LLLLL (java.base@17.0.15)
 273:           262           8384  sun.security.util.KnownOIDs (java.base@17.0.15)
 274:           261           8352  joptsimple.internal.AbbreviationMap (jopt.simple@5.0.4)
 275:           347           8328  net.minecraftforge.fml.loading.moddiscovery.ModJarMetadata (fmlloader@1.20.1-47.4.13)
 276:           347           8328  net.minecraftforge.forgespi.language.IModFileInfo$LanguageSpec (net.minecraftforge.forgespi@7.0.1)
 277:           125           8000  java.security.Provider$Service (java.base@17.0.15)
 278:           200           8000  net.minecraftforge.jarjar.nio.pathfs.PathFileSystem (JarJarFileSystems@0.3.19)
 279:           165           7920  java.util.WeakHashMap (java.base@17.0.15)
 280:            99           7920  net.minecraft.world.entity.EntityType (minecraft@1.20.1)
 281:           140           7840  jdk.internal.module.ModuleReferenceImpl (java.base@17.0.15)
 282:           320           7680  com.mojang.datafixers.types.templates.Check (datafixerupper@6.0.8)
 283:           476           7616  java.lang.Character (java.base@17.0.15)
 284:           189           7560  it.unimi.dsi.fastutil.ints.Int2ObjectMaps$SynchronizedMap (it.unimi.dsi.fastutil@8.5.9)
 285:           314           7536  sun.reflect.annotation.AnnotationInvocationHandler (java.base@17.0.15)
 286:           313           7512  java.security.Provider$ServiceKey (java.base@17.0.15)
 287:           233           7456  org.apache.logging.log4j.core.config.plugins.processor.PluginEntry (org.apache.logging.log4j.core@2.19.0)
 288:           310           7440  com.mojang.datafixers.DataFix$NamedFunctionWrapper (datafixerupper@6.0.8)
 289:           310           7440  com.mojang.datafixers.TypeRewriteRule$IfSame (datafixerupper@6.0.8)
 290:           182           7280  java.lang.Package$VersionInfo (java.base@17.0.15)
 291:           452           7232  cpw.mods.jarhandling.impl.Jar$JarModuleDataProvider (cpw.mods.securejarhandler)
 292:           452           7232  cpw.mods.jarhandling.impl.ManifestVerifier (cpw.mods.securejarhandler)
 293:            94           6944  [Lnet.minecraft.world.phys.shapes.VoxelShape; (minecraft@1.20.1)
 294:           123           6888  com.google.common.collect.HashBiMap (com.google.common@31.1-jre)
 295:           285           6840  com.mojang.serialization.Codec$2 (datafixerupper@6.0.8)
 296:            85           6800  java.util.zip.ZipFile$Source (java.base@17.0.15)
 297:           168           6720  java.lang.invoke.BoundMethodHandle$Species_LI (java.base@17.0.15)
 298:           162           6480  java.lang.invoke.MethodHandleImpl$AsVarargsCollector (java.base@17.0.15)
 299:           268           6432  jdk.internal.module.ServicesCatalog$ServiceProvider (java.base@17.0.15)
 300:           267           6408  java.lang.Long (java.base@17.0.15)
 301:           265           6360  javax.management.ImmutableDescriptor (java.management@17.0.15)
 302:           264           6336  org.openjdk.nashorn.internal.runtime.Specialization (org.openjdk.nashorn)
 303:           158           6320  java.security.ProtectionDomain (java.base@17.0.15)
 304:           158           6320  org.antlr.v4.runtime.atn.BasicState (org.antlr.antlr4.runtime@4.9.1)
 305:           197           6304  jdk.dynalink.linker.GuardedInvocation (jdk.dynalink@17.0.15)
 306:           196           6272  org.openjdk.nashorn.internal.runtime.linker.LinkerCallSite (org.openjdk.nashorn)
 307:            17           6256  java.lang.Thread (java.base@17.0.15)
 308:           254           6096  com.mojang.serialization.Encoder$1 (datafixerupper@6.0.8)
 309:           380           6080  java.util.HashMap$Values (java.base@17.0.15)
 310:           189           6048  com.mojang.datafixers.types.families.RecursiveTypeFamily (datafixerupper@6.0.8)
 311:           189           6048  it.unimi.dsi.fastutil.ints.Int2ObjectAVLTreeMap$Entry (it.unimi.dsi.fastutil@8.5.9)
 312:           188           6016  it.unimi.dsi.fastutil.ints.IntAVLTreeSet$Entry (it.unimi.dsi.fastutil@8.5.9)
 313:           148           5920  sun.security.util.DerInputStream (java.base@17.0.15)
 314:           183           5856  java.lang.ClassValue$Entry (java.base@17.0.15)
 315:           362           5792  com.google.common.collect.HashBasedTable$Factory (com.google.common@31.1-jre)
 316:           238           5712  com.mojang.datafixers.util.Pair (datafixerupper@6.0.8)
 317:            89           5696  java.lang.ClassValue$ClassValueMap (java.base@17.0.15)
 318:            64           5632  java.util.regex.Pattern (java.base@17.0.15)
 319:           140           5600  org.openjdk.nashorn.internal.runtime.PropertyHashMap (org.openjdk.nashorn)
 320:           233           5592  org.apache.logging.log4j.core.config.plugins.util.PluginType (org.apache.logging.log4j.core@2.19.0)
 321:           346           5536  com.electronwill.nightconfig.core.file.WriteAsyncFileConfig$WriteCompletedHandler (com.electronwill.nightconfig.core@3.6.4)
 322:           173           5536  com.mojang.datafixers.functions.Comp (datafixerupper@6.0.8)
 323:           171           5472  java.lang.module.ModuleDescriptor$Version (java.base@17.0.15)
 324:           223           5352  java.time.LocalDateTime (java.base@17.0.15)
 325:           222           5328  org.antlr.v4.runtime.atn.EpsilonTransition (org.antlr.antlr4.runtime@4.9.1)
 326:            94           5264  java.util.jar.JarFile (java.base@17.0.15)
 327:           131           5240  com.mojang.datafixers.types.templates.TaggedChoice$TaggedChoiceType (datafixerupper@6.0.8)
 328:           109           5232  net.minecraftforge.installer.json.Artifact
 329:           173           5224  [Lcom.mojang.datafixers.functions.PointFree; (datafixerupper@6.0.8)
 330:           158           5056  com.sun.jmx.mbeanserver.ConvertingMethod (java.management@17.0.15)
 331:            70           5040  it.unimi.dsi.fastutil.objects.Object2IntOpenCustomHashMap (it.unimi.dsi.fastutil@8.5.9)
 332:           125           5000  java.security.CodeSource (java.base@17.0.15)
 333:           125           5000  org.openjdk.nashorn.internal.parser.TokenType (org.openjdk.nashorn)
 334:            89           4984  java.io.FileCleanable (java.base@17.0.15)
 335:           311           4976  java.lang.ref.ReferenceQueue$Lock (java.base@17.0.15)
 336:           309           4944  java.lang.Character$UnicodeBlock (java.base@17.0.15)
 337:           152           4864  org.openjdk.nashorn.internal.runtime.linker.NashornCallSiteDescriptor (org.openjdk.nashorn)
 338:           200           4800  net.minecraftforge.jarjar.nio.pathfs.PathFileSystem$$Lambda$694/0x00000008003b4830 (JarJarFileSystems@0.3.19)
 339:           200           4800  net.minecraftforge.jarjar.nio.util.Lazy$$Lambda$696/0x00000008003b4ed0 (JarJarFileSystems@0.3.19)
 340:           148           4736  sun.security.util.DerValue (java.base@17.0.15)
 341:           143           4576  java.lang.invoke.MethodHandles$Lookup (java.base@17.0.15)
 342:           185           4440  java.lang.module.ResolvedModule (java.base@17.0.15)
 343:           185           4440  sun.reflect.generics.tree.SimpleClassTypeSignature (java.base@17.0.15)
 344:           184           4416  java.lang.Class$AnnotationData (java.base@17.0.15)
 345:           104           4392  [Lorg.openjdk.nashorn.internal.runtime.Property; (org.openjdk.nashorn)
 346:           274           4384  java.util.LinkedHashMap$LinkedEntrySet (java.base@17.0.15)
 347:            49           4312  net.minecraft.world.level.block.StairBlock (minecraft@1.20.1)
 348:           267           4272  net.minecraft.util.datafix.schemas.V2501$$Lambda$2100/0x000000080086b358 (minecraft@1.20.1)
 349:           106           4240  net.minecraft.util.datafix.schemas.NamespacedSchema (minecraft@1.20.1)
 350:            53           4240  net.minecraft.world.level.block.SlabBlock (minecraft@1.20.1)
 351:           262           4192  java.util.TreeMap$Values (java.base@17.0.15)
 352:            52           4160  net.minecraft.world.level.block.RotatedPillarBlock (minecraft@1.20.1)
 353:           104           4160  org.apache.logging.log4j.core.Logger (org.apache.logging.log4j.core@2.19.0)
 354:           104           4160  org.apache.logging.log4j.core.Logger$PrivateConfig (org.apache.logging.log4j.core@2.19.0)
 355:           173           4152  com.mojang.datafixers.DataFix$$Lambda$2212/0x000000080088d3b0 (datafixerupper@6.0.8)
 356:            86           4128  jdk.internal.loader.URLClassPath$JarLoader (java.base@17.0.15)
 357:           103           4120  net.minecraft.world.level.block.SoundType (minecraft@1.20.1)
 358:           103           4120  org.openjdk.nashorn.internal.codegen.Label (org.openjdk.nashorn)
 359:           257           4112  it.unimi.dsi.fastutil.objects.Object2ObjectOpenHashMap$MapEntrySet (it.unimi.dsi.fastutil@8.5.9)
 360:           128           4096  com.mojang.datafixers.types.templates.TaggedChoice (datafixerupper@6.0.8)
 361:           256           4096  java.lang.Byte (java.base@17.0.15)
 362:           256           4096  java.lang.Short (java.base@17.0.15)
 363:           102           4080  java.lang.invoke.DirectMethodHandle$Interface (java.base@17.0.15)
 364:           169           4056  java.lang.module.ModuleDescriptor$Provides (java.base@17.0.15)
 365:           252           4032  org.apache.maven.artifact.versioning.ComparableVersion$StringItem (maven.artifact@3.8.5)
 366:             1           4024  [Lorg.antlr.v4.runtime.misc.Interval; (org.antlr.antlr4.runtime@4.9.1)
 367:            99           3960  org.antlr.v4.runtime.atn.LexerATNConfig (org.antlr.antlr4.runtime@4.9.1)
 368:           161           3864  com.mojang.serialization.Decoder$1 (datafixerupper@6.0.8)
 369:           161           3864  net.minecraftforge.accesstransformer.FieldTarget (accesstransformers@8.0.4)
 370:            30           3840  net.minecraftforge.registries.ForgeRegistry (forge@47.4.13)
 371:           120           3840  org.openjdk.nashorn.internal.ir.Symbol (org.openjdk.nashorn)
 372:           154           3696  java.util.concurrent.CopyOnWriteArrayList (java.base@17.0.15)
 373:           115           3680  com.google.common.collect.RegularImmutableSet (com.google.common@31.1-jre)
 374:           152           3648  java.util.regex.Pattern$BmpCharProperty (java.base@17.0.15)
 375:            91           3640  java.io.ObjectStreamField (java.base@17.0.15)
 376:           148           3552  [Lsun.security.x509.AVA; (java.base@17.0.15)
 377:           148           3552  java.security.Provider$UString (java.base@17.0.15)
 378:           148           3552  sun.security.x509.AVA (java.base@17.0.15)
 379:           148           3552  sun.security.x509.RDN (java.base@17.0.15)
 380:           185           3464  [Lsun.reflect.generics.tree.TypeArgument; (java.base@17.0.15)
 381:            67           3432  [Ljavax.management.MBeanAttributeInfo; (java.management@17.0.15)
 382:            71           3408  java.lang.invoke.BoundMethodHandle$Species_LILL (java.base@17.0.15)
 383:           142           3408  net.minecraft.util.datafix.schemas.V1460$$Lambda$2045/0x000000080085fca0 (minecraft@1.20.1)
 384:           169           3368  [Lcom.sun.jmx.mbeanserver.MXBeanMapping; (java.management@17.0.15)
 385:            35           3360  net.minecraft.world.level.block.FlowerPotBlock (minecraft@1.20.1)
 386:            82           3280  com.sun.management.internal.DiagnosticCommandArgumentInfo (jdk.management@17.0.15)
 387:           102           3264  java.lang.ThreadLocal$ThreadLocalMap$Entry (java.base@17.0.15)
 388:           101           3232  java.io.File (java.base@17.0.15)
 389:           200           3200  net.minecraftforge.jarjar.nio.pathfs.PathFileSystem$$Lambda$695/0x00000008003b4c88 (JarJarFileSystems@0.3.19)
 390:            50           3200  org.openjdk.nashorn.internal.runtime.options.OptionTemplate (org.openjdk.nashorn)
 391:            66           3168  javax.management.MBeanInfo (java.management@17.0.15)
 392:           132           3168  jdk.internal.module.SystemModuleFinders$2 (java.base@17.0.15)
 393:            49           3136  javax.management.openmbean.OpenMBeanAttributeInfoSupport (java.management@17.0.15)
 394:            97           3104  java.util.zip.ZipFile$CleanableResource (java.base@17.0.15)
 395:            77           3080  org.antlr.v4.runtime.dfa.DFAState (org.antlr.antlr4.runtime@4.9.1)
 396:            96           3072  org.antlr.v4.runtime.atn.ATNConfig (org.antlr.antlr4.runtime@4.9.1)
 397:           127           3048  net.minecraftforge.fml.loading.moddiscovery.CoreModFile (fmlloader@1.20.1-47.4.13)
 398:            95           3040  net.minecraftforge.fml.earlydisplay.SimpleFont$Glyph (fmlearlydisplay@1.20.1-47.4.13)
 399:            54           3024  com.google.gson.internal.bind.ReflectiveTypeAdapterFactory$1
 400:           189           3024  it.unimi.dsi.fastutil.objects.Object2IntOpenHashMap$MapEntrySet (it.unimi.dsi.fastutil@8.5.9)
 401:           126           3024  java.time.LocalDate (java.base@17.0.15)
 402:            94           3008  javax.management.MBeanAttributeInfo (java.management@17.0.15)
 403:           188           3008  net.minecraft.util.datafix.schemas.V2100$$Lambda$2097/0x000000080086aa38 (minecraft@1.20.1)
 404:           124           2976  com.mojang.serialization.Decoder$2 (datafixerupper@6.0.8)
 405:            93           2976  jdk.internal.reflect.NativeMethodAccessorImpl (java.base@17.0.15)
 406:           123           2952  java.lang.invoke.Invokers (java.base@17.0.15)
 407:           183           2928  sun.reflect.generics.tree.ClassTypeSignature (java.base@17.0.15)
 408:            26           2912  org.openjdk.nashorn.internal.ir.FunctionNode (org.openjdk.nashorn)
 409:            88           2816  org.openjdk.nashorn.internal.ir.LiteralNode$StringLiteralNode (org.openjdk.nashorn)
 410:           117           2808  java.security.Permissions (java.base@17.0.15)
 411:            87           2784  java.io.RandomAccessFile (java.base@17.0.15)
 412:            58           2784  java.util.logging.LogManager$LoggerWeakRef (java.logging@17.0.15)
 413:            29           2784  org.openjdk.nashorn.internal.runtime.RecompilableScriptFunctionData (org.openjdk.nashorn)
 414:           113           2712  java.util.regex.Pattern$GroupTail (java.base@17.0.15)
 415:           168           2688  net.minecraft.util.datafix.schemas.V99$$Lambda$1808/0x0000000800817738 (minecraft@1.20.1)
 416:           111           2664  java.util.regex.Pattern$GroupHead (java.base@17.0.15)
 417:           110           2640  com.mojang.datafixers.FieldFinder (datafixerupper@6.0.8)
 418:           164           2624  net.minecraft.world.phys.shapes.CubePointRange (minecraft@1.20.1)
 419:           112           2600  [Ljava.lang.reflect.Type; (java.base@17.0.15)
 420:           108           2592  cpw.mods.cl.JarModuleFinder$JarModuleReference (cpw.mods.securejarhandler)
 421:            36           2592  net.minecraft.core.MappedRegistry (minecraft@1.20.1)
 422:            80           2560  jdk.internal.reflect.UnsafeObjectFieldAccessorImpl (java.base@17.0.15)
 423:           160           2560  org.openjdk.nashorn.internal.runtime.options.Option (org.openjdk.nashorn)
 424:           106           2544  java.util.ArrayDeque (java.base@17.0.15)
 425:           106           2544  org.apache.logging.log4j.message.DefaultFlowMessageFactory (org.apache.logging.log4j@2.19.0)
 426:           106           2544  org.apache.logging.log4j.spi.AbstractLogger$LocalLogBuilder (org.apache.logging.log4j@2.19.0)
 427:           158           2528  [Ljava.security.Principal; (java.base@17.0.15)
 428:           158           2528  java.security.ProtectionDomain$Key (java.base@17.0.15)
 429:           158           2528  net.minecraft.util.datafix.schemas.V1906$$Lambda$2083/0x0000000800867a58 (minecraft@1.20.1)
 430:            45           2520  java.lang.invoke.BoundMethodHandle$Species_LLLLLLL (java.base@17.0.15)
 431:           105           2520  java.lang.invoke.MutableCallSite (java.base@17.0.15)
 432:            78           2496  cpw.mods.jarhandling.impl.SimpleJarMetadata (cpw.mods.securejarhandler)
 433:           104           2496  java.util.Collections$SetFromMap (java.base@17.0.15)
 434:           103           2472  [[C (java.base@17.0.15)
 435:            44           2464  org.openjdk.nashorn.internal.ir.Block (org.openjdk.nashorn)
 436:           100           2400  net.minecraft.world.entity.EntityDimensions (minecraft@1.20.1)
 437:            50           2400  org.openjdk.nashorn.internal.ir.PropertyNode (org.openjdk.nashorn)
 438:            11           2360  [[Ljava.lang.String; (java.base@17.0.15)
 439:            98           2352  it.unimi.dsi.fastutil.objects.ObjectArrayList (it.unimi.dsi.fastutil@8.5.9)
 440:           146           2336  net.minecraft.util.datafix.schemas.V1451_6$$Lambda$1992/0x0000000800858d70 (minecraft@1.20.1)
 441:           146           2336  net.minecraft.util.datafix.schemas.V1451_6$$Lambda$1993/0x0000000800858f98 (minecraft@1.20.1)
 442:           146           2336  net.minecraft.util.datafix.schemas.V1451_6$$Lambda$1994/0x00000008008591c0 (minecraft@1.20.1)
 443:           144           2304  net.minecraft.util.datafix.schemas.V704$$Lambda$1898/0x000000080083b408 (minecraft@1.20.1)
 444:            41           2296  java.nio.HeapByteBuffer (java.base@17.0.15)
 445:           142           2272  net.minecraft.util.datafix.schemas.V1460$$Lambda$2004/0x000000080085a148 (minecraft@1.20.1)
 446:           142           2272  net.minecraft.util.datafix.schemas.V1460$$Lambda$2005/0x000000080085a390 (minecraft@1.20.1)
 447:           142           2272  net.minecraft.util.datafix.schemas.V1460$$Lambda$2006/0x000000080085a5d8 (minecraft@1.20.1)
 448:           142           2272  net.minecraft.util.datafix.schemas.V1460$$Lambda$2007/0x000000080085a820 (minecraft@1.20.1)
 449:           142           2272  net.minecraft.util.datafix.schemas.V1460$$Lambda$2008/0x000000080085aa68 (minecraft@1.20.1)
 450:           142           2272  net.minecraft.util.datafix.schemas.V1460$$Lambda$2009/0x000000080085acb0 (minecraft@1.20.1)
 451:           142           2272  net.minecraft.util.datafix.schemas.V1460$$Lambda$2010/0x000000080085aef8 (minecraft@1.20.1)
 452:           142           2272  net.minecraft.util.datafix.schemas.V1460$$Lambda$2011/0x000000080085b140 (minecraft@1.20.1)
 453:           142           2272  net.minecraft.util.datafix.schemas.V1460$$Lambda$2012/0x000000080085b388 (minecraft@1.20.1)
 454:           142           2272  net.minecraft.util.datafix.schemas.V1460$$Lambda$2013/0x000000080085b5d0 (minecraft@1.20.1)
 455:           142           2272  net.minecraft.util.datafix.schemas.V1460$$Lambda$2014/0x000000080085b818 (minecraft@1.20.1)
 456:           142           2272  net.minecraft.util.datafix.schemas.V1460$$Lambda$2015/0x000000080085ba60 (minecraft@1.20.1)
 457:           142           2272  net.minecraft.util.datafix.schemas.V1460$$Lambda$2016/0x000000080085bca8 (minecraft@1.20.1)
 458:           142           2272  net.minecraft.util.datafix.schemas.V1460$$Lambda$2017/0x000000080085bef0 (minecraft@1.20.1)
 459:           142           2272  net.minecraft.util.datafix.schemas.V1460$$Lambda$2018/0x000000080085c138 (minecraft@1.20.1)
 460:           142           2272  net.minecraft.util.datafix.schemas.V1460$$Lambda$2019/0x000000080085c380 (minecraft@1.20.1)
 461:           142           2272  net.minecraft.util.datafix.schemas.V1460$$Lambda$2020/0x000000080085c5c8 (minecraft@1.20.1)
 462:           142           2272  net.minecraft.util.datafix.schemas.V1460$$Lambda$2021/0x000000080085c810 (minecraft@1.20.1)
 463:           142           2272  net.minecraft.util.datafix.schemas.V1460$$Lambda$2022/0x000000080085ca58 (minecraft@1.20.1)
 464:           142           2272  net.minecraft.util.datafix.schemas.V1460$$Lambda$2023/0x000000080085cca0 (minecraft@1.20.1)
 465:           142           2272  net.minecraft.util.datafix.schemas.V1460$$Lambda$2024/0x000000080085cee8 (minecraft@1.20.1)
 466:           142           2272  net.minecraft.util.datafix.schemas.V1460$$Lambda$2025/0x000000080085d130 (minecraft@1.20.1)
 467:           142           2272  net.minecraft.util.datafix.schemas.V1460$$Lambda$2027/0x000000080085d5a0 (minecraft@1.20.1)
 468:           142           2272  net.minecraft.util.datafix.schemas.V1460$$Lambda$2028/0x000000080085d7e8 (minecraft@1.20.1)
 469:           142           2272  net.minecraft.util.datafix.schemas.V1460$$Lambda$2029/0x000000080085da30 (minecraft@1.20.1)
 470:           142           2272  net.minecraft.util.datafix.schemas.V1460$$Lambda$2032/0x000000080085e0b8 (minecraft@1.20.1)
 471:           142           2272  net.minecraft.util.datafix.schemas.V1460$$Lambda$2034/0x000000080085e508 (minecraft@1.20.1)
 472:           142           2272  net.minecraft.util.datafix.schemas.V1460$$Lambda$2035/0x000000080085e730 (minecraft@1.20.1)
 473:           142           2272  net.minecraft.util.datafix.schemas.V1460$$Lambda$2036/0x000000080085e958 (minecraft@1.20.1)
 474:           142           2272  net.minecraft.util.datafix.schemas.V1460$$Lambda$2037/0x000000080085eb80 (minecraft@1.20.1)
 475:           142           2272  net.minecraft.util.datafix.schemas.V1460$$Lambda$2038/0x000000080085eda8 (minecraft@1.20.1)
 476:           142           2272  net.minecraft.util.datafix.schemas.V1460$$Lambda$2040/0x000000080085f1f0 (minecraft@1.20.1)
 477:           142           2272  net.minecraft.util.datafix.schemas.V1460$$Lambda$2044/0x000000080085fa78 (minecraft@1.20.1)
 478:           142           2272  net.minecraft.util.datafix.schemas.V1460$$Lambda$2046/0x0000000800860000 (minecraft@1.20.1)
 479:           142           2272  net.minecraft.util.datafix.schemas.V1460$$Lambda$2048/0x0000000800860448 (minecraft@1.20.1)
 480:           142           2272  net.minecraft.util.datafix.schemas.V1460$$Lambda$2051/0x0000000800860ab8 (minecraft@1.20.1)
 481:           142           2272  net.minecraft.util.datafix.schemas.V1460$$Lambda$2056/0x0000000800861560 (minecraft@1.20.1)
 482:            94           2256  java.lang.ProcessEnvironment$Value (java.base@17.0.15)
 483:            94           2256  java.lang.ProcessEnvironment$Variable (java.base@17.0.15)
 484:           140           2240  net.minecraft.util.datafix.schemas.V1470$$Lambda$2063/0x00000008008629c8 (minecraft@1.20.1)
 485:            20           2240  net.minecraftforge.registries.NamespacedWrapper (forge@47.4.13)
 486:            69           2208  jdk.internal.loader.BuiltinClassLoader$LoadedModule (java.base@17.0.15)
 487:           138           2208  net.minecraft.util.datafix.schemas.V99$$Lambda$1825/0x000000080081dc00 (minecraft@1.20.1)
 488:            68           2176  java.lang.invoke.LambdaForm$Kind (java.base@17.0.15)
 489:             4           2176  org.openjdk.nashorn.internal.objects.Global (org.openjdk.nashorn)
 490:            30           2160  net.minecraftforge.registries.RegistryBuilder (forge@47.4.13)
 491:            53           2120  org.antlr.v4.runtime.atn.OrderedATNConfigSet (org.antlr.antlr4.runtime@4.9.1)
 492:            53           2120  sun.security.util.NamedCurve (java.base@17.0.15)
 493:            44           2112  com.sun.management.internal.DiagnosticCommandInfo (jdk.management@17.0.15)
 494:            87           2088  org.apache.logging.log4j.core.pattern.PatternFormatter (org.apache.logging.log4j.core@2.19.0)
 495:            81           2064  [Ljavax.management.ObjectName$Property; (java.management@17.0.15)
 496:             1           2064  [Lorg.openjdk.nashorn.internal.runtime.SpillProperty$Accessors; (org.openjdk.nashorn)
 497:            86           2064  net.minecraft.core.particles.SimpleParticleType (minecraft@1.20.1)
 498:           128           2048  it.unimi.dsi.fastutil.objects.Object2ObjectOpenHashMap$1 (it.unimi.dsi.fastutil@8.5.9)
 499:            64           2048  java.lang.invoke.SimpleMethodHandle (java.base@17.0.15)
 500:            85           2040  java.util.zip.ZipFile$Source$Key (java.base@17.0.15)
 501:           126           2016  jdk.internal.module.SystemModuleFinders$3 (java.base@17.0.15)
 502:            42           2016  org.openjdk.nashorn.internal.ir.AccessNode (org.openjdk.nashorn)
 503:            83           1992  java.util.Collections$UnmodifiableRandomAccessList (java.base@17.0.15)
 504:            81           1944  com.mojang.datafixers.types.templates.CompoundList (datafixerupper@6.0.8)
 505:            22           1936  net.minecraft.world.level.block.WallBlock (minecraft@1.20.1)
 506:            60           1920  java.util.logging.LogManager$LogNode (java.logging@17.0.15)
 507:            24           1920  jdk.internal.reflect.DelegatingClassLoader (java.base@17.0.15)
 508:            59           1888  java.util.regex.Pattern$Branch (java.base@17.0.15)
 509:           118           1888  net.minecraft.util.datafix.schemas.V1800$$Lambda$2076/0x0000000800866120 (minecraft@1.20.1)
 510:           118           1888  net.minecraft.util.datafix.schemas.V1800$$Lambda$2077/0x0000000800866348 (minecraft@1.20.1)
 511:            13           1872  [Ljava.lang.invoke.MemberName; (java.base@17.0.15)
 512:            46           1840  net.minecraft.world.level.block.state.properties.BooleanProperty (minecraft@1.20.1)
 513:            59           1824  [Ljava.util.regex.Pattern$Node; (java.base@17.0.15)
 514:            76           1824  javax.management.ObjectName$Property (java.management@17.0.15)
 515:           114           1824  net.minecraft.util.datafix.schemas.V1904$$Lambda$2081/0x0000000800867360 (minecraft@1.20.1)
 516:            76           1824  org.apache.logging.slf4j.Log4jLogger (org.apache.logging.log4j.slf4j@2.19.0)
 517:            45           1800  java.security.AccessControlContext (java.base@17.0.15)
 518:            56           1792  java.util.concurrent.locks.ReentrantLock$NonfairSync (java.base@17.0.15)
 519:           112           1792  net.minecraft.util.datafix.schemas.V1906$$Lambda$2084/0x0000000800867c80 (minecraft@1.20.1)
 520:           112           1792  net.minecraft.util.datafix.schemas.V705$$Lambda$1911/0x000000080083d5c8 (minecraft@1.20.1)
 521:            55           1760  javax.management.MBeanParameterInfo (java.management@17.0.15)
 522:           110           1760  net.minecraft.world.level.block.state.properties.Property$$Lambda$1429/0x0000000800662948 (minecraft@1.20.1)
 523:           110           1760  net.minecraft.world.level.block.state.properties.Property$$Lambda$1430/0x0000000800662b90 (minecraft@1.20.1)
 524:           110           1760  net.minecraft.world.level.block.state.properties.Property$$Lambda$1431/0x0000000800662fe8 (minecraft@1.20.1)
 525:            73           1752  [Ljava.nio.file.Path; (java.base@17.0.15)
 526:            73           1752  cpw.mods.bootstraplauncher.BootstrapLauncher$PackageTracker (cpw.mods.bootstraplauncher@1.1.2)
 527:            73           1752  java.util.Arrays$ArrayList (java.base@17.0.15)
 528:            72           1720  [Ljava.lang.invoke.SwitchPoint; (java.base@17.0.15)
 529:            71           1704  jdk.dynalink.NamedOperation (jdk.dynalink@17.0.15)
 530:            53           1696  java.security.spec.EllipticCurve (java.base@17.0.15)
 531:           106           1696  net.minecraft.util.datafix.schemas.V1920$$Lambda$2087/0x00000008008689a0 (minecraft@1.20.1)
 532:           105           1680  org.apache.logging.log4j.message.ReusableMessageFactory (org.apache.logging.log4j@2.19.0)
 533:           104           1664  com.mojang.serialization.MapCodec$MapCodecCodec (datafixerupper@6.0.8)
 534:           104           1664  net.minecraft.util.datafix.schemas.V1928$$Lambda$2089/0x0000000800869098 (minecraft@1.20.1)
 535:           103           1648  net.minecraft.util.datafix.schemas.V1929$$Lambda$2091/0x0000000800869790 (minecraft@1.20.1)
 536:           103           1648  net.minecraft.util.datafix.schemas.V1929$$Lambda$2092/0x00000008008699d8 (minecraft@1.20.1)
 537:           102           1632  net.minecraft.util.datafix.schemas.V1931$$Lambda$2094/0x000000080086a0f0 (minecraft@1.20.1)
 538:            34           1632  sun.nio.cs.UTF_8$Encoder (java.base@17.0.15)
 539:            29           1624  org.openjdk.nashorn.internal.ir.CallNode (org.openjdk.nashorn)
 540:            67           1608  org.antlr.v4.runtime.atn.AtomTransition (org.antlr.antlr4.runtime@4.9.1)
 541:            40           1600  javax.management.MBeanOperationInfo (java.management@17.0.15)
 542:            44           1584  [Ljava.lang.invoke.LambdaFormEditor$Transform; (java.base@17.0.15)
 543:            66           1584  java.lang.RuntimePermission (java.base@17.0.15)
 544:            33           1584  java.time.temporal.ValueRange (java.base@17.0.15)
 545:            99           1584  java.util.WeakHashMap$KeySet (java.base@17.0.15)
 546:            66           1584  net.minecraft.core.registries.BuiltInRegistries$$Lambda$1324/0x00000008005cf780 (minecraft@1.20.1)
 547:            49           1568  org.openjdk.nashorn.internal.codegen.CompilerConstants$2 (org.openjdk.nashorn)
 548:            39           1560  joptsimple.RequiredArgumentOptionSpec (jopt.simple@5.0.4)
 549:            64           1536  com.mojang.datafixers.types.templates.Hook (datafixerupper@6.0.8)
 550:            96           1536  net.minecraft.util.datafix.schemas.V1460$$Lambda$2050/0x0000000800860890 (minecraft@1.20.1)
 551:            96           1536  net.minecraft.util.datafix.schemas.V1466$$Lambda$2060/0x00000008008620a8 (minecraft@1.20.1)
 552:            96           1536  net.minecraft.util.datafix.schemas.V99$$Lambda$1817/0x000000080081ed90 (minecraft@1.20.1)
 553:            16           1536  net.minecraft.world.level.block.StainedGlassPaneBlock (minecraft@1.20.1)
 554:            63           1512  java.util.regex.Pattern$Slice (java.base@17.0.15)
 555:            63           1512  sun.reflect.generics.factory.CoreReflectionFactory (java.base@17.0.15)
 556:            94           1504  jdk.internal.reflect.DelegatingMethodAccessorImpl (java.base@17.0.15)
 557:            94           1504  net.minecraft.util.datafix.schemas.V2100$$Lambda$2098/0x000000080086ac60 (minecraft@1.20.1)
 558:            62           1488  com.google.gson.reflect.TypeToken
 559:            62           1488  jdk.internal.module.SystemModuleFinders$SystemModuleReader (java.base@17.0.15)
 560:            62           1488  net.minecraft.world.level.material.MapColor (minecraft@1.20.1)
 561:            62           1488  org.lwjgl.system.Configuration (org.lwjgl@3.3.1+7)
 562:            52           1472  [Ljavax.management.MBeanOperationInfo; (java.management@17.0.15)
 563:             2           1472  [[B (java.base@17.0.15)
 564:            17           1464  [Ljava.lang.Byte; (java.base@17.0.15)
 565:             1           1464  [Ljava.lang.Character$UnicodeBlock; (java.base@17.0.15)
 566:            61           1464  java.lang.invoke.SwitchPoint (java.base@17.0.15)
 567:            61           1464  java.util.Collections$SingletonList (java.base@17.0.15)
 568:            61           1464  org.apache.logging.log4j.core.pattern.AnsiEscape (org.apache.logging.log4j.core@2.19.0)
 569:             3           1440  [Lorg.openjdk.nashorn.internal.parser.TokenType; (org.openjdk.nashorn)
 570:            30           1440  com.google.common.collect.ArrayListMultimap (com.google.common@31.1-jre)
 571:            30           1440  com.google.common.collect.Multimaps$CustomSetMultimap (com.google.common@31.1-jre)
 572:            60           1440  com.mojang.serialization.codecs.RecordCodecBuilder (datafixerupper@6.0.8)
 573:            30           1440  it.unimi.dsi.fastutil.ints.IntOpenHashSet (it.unimi.dsi.fastutil@8.5.9)
 574:            30           1440  net.minecraft.world.level.block.state.properties.IntegerProperty (minecraft@1.20.1)
 575:            30           1440  org.spongepowered.asm.mixin.MixinEnvironment$Option (org.spongepowered.mixin)
 576:            44           1408  com.sun.management.internal.DiagnosticCommandImpl$Wrapper (jdk.management@17.0.15)
 577:            22           1408  java.nio.DirectByteBuffer (java.base@17.0.15)
 578:            44           1408  jdk.internal.reflect.UnsafeStaticObjectFieldAccessorImpl (java.base@17.0.15)
 579:            44           1408  net.minecraft.util.datafix.fixes.AddNewChoices (minecraft@1.20.1)
 580:            88           1408  net.minecraft.util.datafix.schemas.V2502$$Lambda$2102/0x000000080086ba50 (minecraft@1.20.1)
 581:            44           1408  org.openjdk.nashorn.internal.codegen.CompilerConstants (org.openjdk.nashorn)
 582:            35           1400  org.antlr.v4.runtime.atn.RuleStartState (org.antlr.antlr4.runtime@4.9.1)
 583:            35           1400  org.antlr.v4.runtime.atn.RuleStopState (org.antlr.antlr4.runtime@4.9.1)
 584:            58           1392  sun.reflect.generics.reflectiveObjects.ParameterizedTypeImpl (java.base@17.0.15)
 585:            29           1392  sun.security.x509.X500Name (java.base@17.0.15)
 586:             1           1376  [Ljdk.internal.math.FDBigInteger; (java.base@17.0.15)
 587:            86           1376  net.minecraft.core.particles.SimpleParticleType$$Lambda$1591/0x0000000800759f40 (minecraft@1.20.1)
 588:            86           1376  net.minecraft.util.datafix.schemas.V2505$$Lambda$2104/0x000000080086c148 (minecraft@1.20.1)
 589:            34           1360  java.lang.invoke.MethodHandleImpl$IntrinsicMethodHandle (java.base@17.0.15)
 590:            17           1360  net.minecraft.world.level.block.CandleBlock (minecraft@1.20.1)
 591:            17           1360  net.minecraft.world.level.block.CandleCakeBlock (minecraft@1.20.1)
 592:            17           1360  net.minecraft.world.level.block.ShulkerBoxBlock (minecraft@1.20.1)
 593:            85           1360  sun.nio.fs.UnixFileAttributes$UnixAsBasicFileAttributes (java.base@17.0.15)
 594:            84           1344  net.minecraft.util.datafix.schemas.V2509$$Lambda$2106/0x000000080086c840 (minecraft@1.20.1)
 595:            24           1344  org.openjdk.nashorn.internal.scripts.JO4 (org.openjdk.nashorn.structures)
 596:            33           1320  java.lang.invoke.MethodHandleImpl$WrappedMember (java.base@17.0.15)
 597:            33           1320  java.lang.invoke.VarHandle$AccessDescriptor (java.base@17.0.15)
 598:            55           1320  java.util.regex.Pattern$BmpCharPropertyGreedy (java.base@17.0.15)
 599:            41           1312  javax.management.ObjectName (java.management@17.0.15)
 600:            41           1312  jdk.internal.loader.NativeLibraries (java.base@17.0.15)
 601:            41           1312  org.openjdk.nashorn.internal.codegen.CompilerConstants$7 (org.openjdk.nashorn)
 602:            27           1296  java.lang.invoke.BoundMethodHandle$SpeciesData (java.base@17.0.15)
 603:            54           1296  java.security.spec.ECPoint (java.base@17.0.15)
 604:            54           1296  java.util.regex.Pattern$$Lambda$39/0x00000008000bd9c8 (java.base@17.0.15)
 605:            54           1296  jdk.internal.loader.AbstractClassLoaderValue$Sub (java.base@17.0.15)
 606:            27           1296  sun.nio.cs.StreamEncoder (java.base@17.0.15)
 607:            16           1280  net.minecraft.world.level.block.BannerBlock (minecraft@1.20.1)
 608:            16           1280  net.minecraft.world.level.block.BedBlock (minecraft@1.20.1)
 609:            16           1280  net.minecraft.world.level.block.ConcretePowderBlock (minecraft@1.20.1)
 610:            16           1280  net.minecraft.world.level.block.DropExperienceBlock (minecraft@1.20.1)
 611:            16           1280  net.minecraft.world.level.block.GlazedTerracottaBlock (minecraft@1.20.1)
 612:            16           1280  net.minecraft.world.level.block.StainedGlassBlock (minecraft@1.20.1)
 613:            16           1280  net.minecraft.world.level.block.WallBannerBlock (minecraft@1.20.1)
 614:            16           1280  net.minecraft.world.level.block.WoolCarpetBlock (minecraft@1.20.1)
 615:            40           1280  sun.reflect.generics.repository.ClassRepository (java.base@17.0.15)
 616:            53           1272  com.mojang.datafixers.NamedChoiceFinder (datafixerupper@6.0.8)
 617:            79           1264  net.minecraft.util.datafix.schemas.V2519$$Lambda$2108/0x000000080086cf38 (minecraft@1.20.1)
 618:            78           1248  net.minecraft.util.datafix.schemas.V2522$$Lambda$2110/0x000000080086d630 (minecraft@1.20.1)
 619:            22           1232  java.util.logging.Logger (java.logging@17.0.15)
 620:            22           1232  org.openjdk.nashorn.internal.runtime.UserAccessorProperty (org.openjdk.nashorn)
 621:            30           1200  java.lang.invoke.DirectMethodHandle$Special (java.base@17.0.15)
 622:            30           1200  java.time.temporal.ChronoField (java.base@17.0.15)
 623:            30           1200  net.minecraft.world.level.block.state.properties.EnumProperty (minecraft@1.20.1)
 624:            10           1200  net.minecraftforge.registries.NamespacedDefaultedWrapper (forge@47.4.13)
 625:            38           1184  [Ljava.math.BigInteger; (java.base@17.0.15)
 626:            37           1184  java.time.format.DateTimeFormatterBuilder$NumberPrinterParser (java.base@17.0.15)
 627:            74           1184  jdk.proxy2.$Proxy2 (jdk.proxy2)
 628:            37           1184  net.minecraft.world.level.material.FluidState (minecraft@1.20.1)
 629:            49           1176  java.util.regex.Pattern$CharPropertyGreedy (java.base@17.0.15)
 630:            49           1176  org.apache.logging.log4j.core.pattern.SimpleLiteralPatternConverter$StringValue (org.apache.logging.log4j.core@2.19.0)
 631:            21           1176  org.apache.logging.log4j.core.util.datetime.FixedDateFormat$FixedFormat (org.apache.logging.log4j.core@2.19.0)
 632:            48           1152  java.security.BasicPermissionCollection (java.base@17.0.15)
 633:            36           1152  java.util.RegularEnumSet (java.base@17.0.15)
 634:            12           1152  net.minecraft.world.level.block.FenceBlock (minecraft@1.20.1)
 635:            36           1152  net.minecraftforge.installer.json.Version$LibraryDownload
 636:            36           1152  org.antlr.v4.runtime.atn.SingletonPredictionContext (org.antlr.antlr4.runtime@4.9.1)
 637:            13           1144  net.minecraft.world.level.block.ButtonBlock (minecraft@1.20.1)
 638:            13           1144  net.minecraft.world.level.block.FlowerBlock (minecraft@1.20.1)
 639:            13           1144  net.minecraft.world.level.block.PressurePlateBlock (minecraft@1.20.1)
 640:            29           1128  [Lsun.security.x509.RDN; (java.base@17.0.15)
 641:            28           1120  java.lang.invoke.VarHandleReferences$FieldInstanceReadWrite (java.base@17.0.15)
 642:            28           1120  net.minecraft.world.phys.Vec3 (minecraft@1.20.1)
 643:            28           1120  org.openjdk.nashorn.internal.runtime.NativeJavaPackage (org.openjdk.nashorn)
 644:            14           1120  sun.security.x509.X509CertImpl (java.base@17.0.15)
 645:             1           1104  [Lsun.security.util.KnownOIDs; (java.base@17.0.15)
 646:            69           1104  java.util.regex.Pattern$$Lambda$37/0x00000008000badb0 (java.base@17.0.15)
 647:            68           1088  net.minecraft.core.MappedRegistry$1 (minecraft@1.20.1)
 648:            44           1080  [Lcom.sun.management.internal.DiagnosticCommandArgumentInfo; (jdk.management@17.0.15)
 649:            27           1080  [Ljava.lang.invoke.BoundMethodHandle$SpeciesData; (java.base@17.0.15)
 650:            45           1080  net.minecraftforge.accesstransformer.ClassTarget (accesstransformers@8.0.4)
 651:            45           1080  sun.reflect.generics.scope.ClassScope (java.base@17.0.15)
 652:            44           1072  [Ljavax.management.MBeanParameterInfo; (java.management@17.0.15)
 653:            19           1064  net.minecraft.world.item.DoubleHighBlockItem (minecraft@1.20.1)
 654:             2           1056  [Ljava.lang.Integer; (java.base@17.0.15)
 655:             2           1056  [Ljava.lang.Long; (java.base@17.0.15)
 656:             2           1056  [Ljava.lang.Short; (java.base@17.0.15)
 657:            30           1056  [Ljava.time.format.DateTimeFormatterBuilder$DateTimePrinterParser; (java.base@17.0.15)
 658:            33           1056  java.util.Collections$SynchronizedMap (java.base@17.0.15)
 659:            44           1056  net.minecraft.util.datafix.fixes.AddNewChoices$$Lambda$2235/0x0000000800891c40 (minecraft@1.20.1)
 660:            66           1056  net.minecraft.util.datafix.schemas.V3078$$Lambda$2159/0x0000000800870aa0 (minecraft@1.20.1)
 661:            44           1056  org.openjdk.nashorn.internal.runtime.Context$BuiltinSwitchPoint (org.openjdk.nashorn)
 662:            26           1040  java.io.BufferedWriter (java.base@17.0.15)
 663:            65           1040  net.minecraft.util.datafix.schemas.V2568$$Lambda$2127/0x00000008008744d0 (minecraft@1.20.1)
 664:            43           1032  com.sun.jmx.mbeanserver.PerInterface$MethodAndSig (java.management@17.0.15)
 665:            43           1032  jdk.dynalink.beans.OverloadedDynamicMethod (jdk.dynalink@17.0.15)
 666:            43           1032  net.minecraftforge.accesstransformer.InnerClassTarget (accesstransformers@8.0.4)
 667:            32           1024  joptsimple.OptionSpecBuilder (jopt.simple@5.0.4)
 668:            64           1024  net.minecraft.world.level.block.state.BlockBehaviour$Properties$$Lambda$1659/0x00000008007774d8 (minecraft@1.20.1)
 669:            42           1008  sun.security.x509.AlgorithmId (java.base@17.0.15)
 670:            25           1000  net.minecraft.world.effect.MobEffect (minecraft@1.20.1)
 671:            58            992  [Lsun.reflect.generics.tree.FormalTypeParameter; (java.base@17.0.15)
 672:            31            992  cpw.mods.modlauncher.api.ITransformer$Target (cpw.mods.modlauncher@10.0.9)
 673:            31            992  java.lang.invoke.VarHandle$AccessMode (java.base@17.0.15)
 674:            31            992  net.minecraft.client.telemetry.TelemetryProperty (minecraft@1.20.1)
 675:            61            976  net.minecraft.util.datafix.schemas.V2684$$Lambda$2131/0x00000008008757f0 (minecraft@1.20.1)
 676:            11            968  net.minecraft.world.level.block.FenceGateBlock (minecraft@1.20.1)
 677:            20            960  com.google.gson.internal.LinkedTreeMap$Node
 678:            24            960  com.sun.jmx.mbeanserver.MXBeanSupport (java.management@17.0.15)
 679:            24            960  java.io.PrintWriter (java.base@17.0.15)
 680:            15            960  java.lang.invoke.BoundMethodHandle$Species_LLLLLLLLL (java.base@17.0.15)
 681:            24            960  java.util.EnumMap (java.base@17.0.15)
 682:            40            960  net.minecraft.util.datafix.fixes.NamedEntityFix$$Lambda$2210/0x000000080087e870 (minecraft@1.20.1)
 683:            60            960  net.minecraft.util.datafix.schemas.V2686$$Lambda$2134/0x0000000800876108 (minecraft@1.20.1)
 684:            12            960  net.minecraft.world.level.block.DoorBlock (minecraft@1.20.1)
 685:            12            960  net.minecraft.world.level.block.TrapDoorBlock (minecraft@1.20.1)
 686:            24            960  org.antlr.v4.runtime.atn.ATNConfigSet (org.antlr.antlr4.runtime@4.9.1)
 687:            24            960  org.antlr.v4.runtime.atn.BlockEndState (org.antlr.antlr4.runtime@4.9.1)
 688:            24            960  org.openjdk.nashorn.internal.ir.ObjectNode (org.openjdk.nashorn)
 689:            30            960  org.openjdk.nashorn.internal.runtime.GlobalConstants$Access (org.openjdk.nashorn)
 690:            40            960  sun.reflect.generics.tree.ClassSignature (java.base@17.0.15)
 691:            59            944  java.util.regex.Pattern$BranchConn (java.base@17.0.15)
 692:            59            944  net.minecraft.util.datafix.schemas.V2688$$Lambda$2136/0x0000000800876800 (minecraft@1.20.1)
 693:            59            944  net.minecraft.util.datafix.schemas.V2688$$Lambda$2137/0x0000000800876a28 (minecraft@1.20.1)
 694:            39            936  java.lang.management.ManagementPermission (java.management@17.0.15)
 695:            39            936  java.util.regex.Pattern$BmpCharPredicate$$Lambda$40/0x00000008000bdc50 (java.base@17.0.15)
 696:            58            928  java.lang.ThreadLocal (java.base@17.0.15)
 697:            58            928  net.minecraft.world.level.block.state.BlockBehaviour$Properties$$Lambda$1627/0x00000008007625f0 (minecraft@1.20.1)
 698:            29            928  org.openjdk.nashorn.internal.runtime.AllocationStrategy (org.openjdk.nashorn)
 699:            23            920  java.util.logging.Logger$ConfigurationData (java.logging@17.0.15)
 700:             5            912  [Ljava.lang.ThreadLocal$ThreadLocalMap$Entry; (java.base@17.0.15)
 701:            40            912  [Lsun.reflect.generics.tree.ClassTypeSignature; (java.base@17.0.15)
 702:            57            912  java.security.AllPermissionCollection (java.base@17.0.15)
 703:            38            912  java.util.regex.Pattern$Start (java.base@17.0.15)
 704:            19            912  javax.management.openmbean.ArrayType (java.management@17.0.15)
 705:            38            912  org.openjdk.nashorn.internal.parser.Parser$ParserState (org.openjdk.nashorn)
 706:            28            896  java.lang.invoke.BoundMethodHandle$Species_I (java.base@17.0.15)
 707:            28            896  org.antlr.v4.runtime.dfa.DFA (org.antlr.antlr4.runtime@4.9.1)
 708:            28            896  org.apache.commons.lang3.text.translate.LookupTranslator (org.apache.commons.lang3@3.12.0)
 709:            37            888  com.sun.jmx.mbeanserver.NamedObject (java.management@17.0.15)
 710:            22            880  java.util.Collections$SingletonMap (java.base@17.0.15)
 711:            55            880  java.util.concurrent.atomic.AtomicInteger (java.base@17.0.15)
 712:            22            880  net.minecraft.ChatFormatting (minecraft@1.20.1)
 713:            11            880  net.minecraft.world.level.block.CeilingHangingSignBlock (minecraft@1.20.1)
 714:            11            880  net.minecraft.world.level.block.StandingSignBlock (minecraft@1.20.1)
 715:            11            880  net.minecraft.world.level.block.WallHangingSignBlock (minecraft@1.20.1)
 716:            11            880  net.minecraft.world.level.block.WallSignBlock (minecraft@1.20.1)
 717:            22            880  org.openjdk.nashorn.internal.codegen.types.ObjectType (org.openjdk.nashorn)
 718:            36            864  net.minecraftforge.installer.json.Version$Downloads
 719:            36            864  net.minecraftforge.installer.json.Version$Library
 720:            53            848  java.util.regex.Pattern$BitClass (java.base@17.0.15)
 721:            53            848  net.minecraft.world.level.block.StairBlock$$Lambda$1635/0x0000000800763bc8 (minecraft@1.20.1)
 722:            30            840  [Ljava.security.ProtectionDomain; (java.base@17.0.15)
 723:            35            840  cpw.mods.modlauncher.ModuleLayerHandler$PathOrJar (cpw.mods.modlauncher@10.0.9)
 724:            35            840  java.lang.NamedPackage (java.base@17.0.15)
 725:            15            840  net.minecraft.world.level.block.state.properties.BlockSetType (minecraft@1.20.1)
 726:            12            832  [S (java.base@17.0.15)
 727:            26            832  net.minecraft.network.chat.MutableComponent (minecraft@1.20.1)
 728:            26            832  net.minecraft.network.chat.contents.TranslatableContents (minecraft@1.20.1)
 729:            13            832  net.minecraft.world.item.StandingAndWallBlockItem (minecraft@1.20.1)
 730:            25            816  [Ljava.io.ObjectStreamField; (java.base@17.0.15)
 731:             2            816  [Ljava.time.LocalDateTime; (java.base@17.0.15)
 732:            34            816  java.lang.StringBuilder (java.base@17.0.15)
 733:            17            816  jdk.dynalink.beans.BeanLinker (jdk.dynalink@17.0.15)
 734:            51            816  jdk.proxy2.$Proxy3 (jdk.proxy2)
 735:            51            816  net.minecraft.util.datafix.schemas.V2704$$Lambda$2139/0x0000000800877140 (minecraft@1.20.1)
 736:            17            816  org.openjdk.nashorn.internal.ir.BinaryNode (org.openjdk.nashorn)
 737:            25            800  com.sun.jmx.mbeanserver.WeakIdentityHashMap$IdentityWeakReference (java.management@17.0.15)
 738:            25            800  net.minecraft.util.datafix.fixes.ItemRenameFix$1 (minecraft@1.20.1)
 739:            20            800  org.openjdk.nashorn.internal.ir.JoinPredecessorExpression (org.openjdk.nashorn)
 740:            25            800  sun.reflect.annotation.AnnotationType (java.base@17.0.15)
 741:            33            792  com.google.gson.internal.bind.TypeAdapters$31 (com.google.gson@2.10)
 742:            33            792  java.util.concurrent.locks.AbstractQueuedSynchronizer$ConditionObject (java.base@17.0.15)
 743:            33            792  net.minecraft.core.BlockPos (minecraft@1.20.1)
 744:            14            784  javax.management.openmbean.OpenMBeanParameterInfoSupport (java.management@17.0.15)
 745:            14            784  sun.security.x509.X509CertInfo (java.base@17.0.15)
 746:            32            768  com.sun.jmx.mbeanserver.DefaultMXBeanMappingFactory$IdentityMapping (java.management@17.0.15)
 747:            24            768  java.time.zone.ZoneOffsetTransition (java.base@17.0.15)
 748:            32            768  net.minecraft.core.Vec3i (minecraft@1.20.1)
 749:            16            768  net.minecraft.world.item.DyeColor (minecraft@1.20.1)
 750:            24            768  org.antlr.v4.runtime.atn.RuleTransition (org.antlr.antlr4.runtime@4.9.1)
 751:            16            768  org.openjdk.nashorn.internal.ir.VarNode (org.openjdk.nashorn)
 752:            24            768  sun.security.x509.OIDMap$OIDInfo (java.base@17.0.15)
 753:            19            760  java.time.format.DateTimeFormatter (java.base@17.0.15)
 754:            47            752  net.minecraft.util.datafix.schemas.V99$$Lambda$1841/0x0000000800822088 (minecraft@1.20.1)
 755:            47            752  net.minecraft.util.datafix.schemas.V99$$Lambda$1848/0x0000000800822f70 (minecraft@1.20.1)
 756:            31            744  com.mojang.serialization.Encoder$2 (datafixerupper@6.0.8)
 757:            31            744  cpw.mods.jarhandling.SecureJar$Provider (cpw.mods.securejarhandler)
 758:            31            744  cpw.mods.modlauncher.TransformerHolder (cpw.mods.modlauncher@10.0.9)
 759:            31            744  java.security.Provider$EngineDescription (java.base@17.0.15)
 760:            31            744  java.util.Date (java.base@17.0.15)
 761:            46            736  net.minecraft.util.datafix.schemas.V100$$Lambda$1867/0x00000008008346d8 (minecraft@1.20.1)
 762:            46            736  net.minecraft.util.datafix.schemas.V2831$$Lambda$2142/0x0000000800877d08 (minecraft@1.20.1)
 763:            23            736  net.minecraft.world.level.block.state.properties.NoteBlockInstrument (minecraft@1.20.1)
 764:            23            736  org.apache.logging.log4j.core.pattern.DatePatternConverter$PatternFormatter (org.apache.logging.log4j.core@2.19.0)
 765:            13            728  javax.management.openmbean.CompositeType (java.management@17.0.15)
 766:            18            720  com.sun.jmx.mbeanserver.PerInterface (java.management@17.0.15)
 767:            30            720  java.lang.ClassValue$Version (java.base@17.0.15)
 768:            30            720  java.time.format.DateTimeFormatterBuilder$CompositePrinterParser (java.base@17.0.15)
 769:            45            720  net.minecraft.util.datafix.schemas.V2832$$Lambda$2146/0x0000000800872918 (minecraft@1.20.1)
 770:            30            720  net.minecraftforge.registries.ForgeRegistryTagManager (forge@47.4.13)
 771:            18            720  org.openjdk.nashorn.internal.ir.RuntimeNode$Request (org.openjdk.nashorn)
 772:            18            720  sun.reflect.generics.repository.MethodRepository (java.base@17.0.15)
 773:            17            712  [Ljava.lang.invoke.MethodType; (java.base@17.0.15)
 774:            22            704  cpw.mods.modlauncher.api.TypesafeMap$Key (cpw.mods.modlauncher@10.0.9)
 775:            29            696  java.util.regex.Pattern$$Lambda$291/0x0000000800260b60 (java.base@17.0.15)
 776:            29            696  org.spongepowered.asm.launch.platform.MixinContainer (org.spongepowered.mixin)
 777:            29            696  org.spongepowered.asm.launch.platform.MixinPlatformAgentDefault (org.spongepowered.mixin)
 778:            17            680  org.openjdk.nashorn.internal.ir.ReturnNode (org.openjdk.nashorn)
 779:            14            672  java.lang.StackTraceElement (java.base@17.0.15)
 780:            21            672  java.util.ImmutableCollections$Map1 (java.base@17.0.15)
 781:            21            672  java.util.ImmutableCollections$MapN (java.base@17.0.15)
 782:             2            672  java.util.concurrent.ForkJoinPool (java.base@17.0.15)
 783:            42            672  net.minecraft.util.datafix.schemas.V106$$Lambda$1875/0x0000000800835fa8 (minecraft@1.20.1)
 784:            28            672  net.minecraftforge.fml.loading.moddiscovery.AbstractModProvider$DefaultModFileInfo (fmlloader@1.20.1-47.4.13)
 785:            28            672  org.openjdk.nashorn.internal.runtime.UserAccessorProperty$Accessors (org.openjdk.nashorn)
 786:            28            672  org.spongepowered.asm.launch.platform.container.ContainerHandleModLauncherEx$SecureJarResource (org.spongepowered.mixin)
 787:            14            672  sun.security.rsa.RSAPublicKeyImpl (java.base@17.0.15)
 788:            14            672  sun.security.util.MemoryCache$SoftCacheEntry (java.base@17.0.15)
 789:            12            672  sun.util.calendar.ZoneInfo (java.base@17.0.15)
 790:            41            656  net.minecraft.util.datafix.DataFixers$$Lambda$2066/0x00000008008635c0 (minecraft@1.20.1)
 791:            41            656  net.minecraft.util.datafix.schemas.V2842$$Lambda$2155/0x0000000800871230 (minecraft@1.20.1)
 792:            27            648  java.io.OutputStreamWriter (java.base@17.0.15)
 793:             9            648  java.util.concurrent.ThreadPoolExecutor (java.base@17.0.15)
 794:            40            640  java.util.concurrent.locks.ReentrantLock (java.base@17.0.15)
 795:            40            640  jdk.proxy2.$Proxy14 (jdk.proxy2)
 796:             8            640  net.minecraft.world.level.block.LeavesBlock (minecraft@1.20.1)
 797:             8            640  net.minecraft.world.level.block.WeatheringCopperFullBlock (minecraft@1.20.1)
 798:             3            624  [Ljava.lang.invoke.LambdaForm; (java.base@17.0.15)
 799:            13            624  com.llamalad7.mixinextras.lib.semver.Version (MixinExtras@0.5.3)
 800:            26            624  java.security.spec.ECFieldF2m (java.base@17.0.15)
 801:            26            624  java.time.LocalTime (java.base@17.0.15)
 802:            26            624  java.util.regex.Pattern$Ques (java.base@17.0.15)
 803:            13            624  net.minecraft.world.entity.ai.attributes.RangedAttribute (minecraft@1.20.1)
 804:            13            624  org.antlr.v4.runtime.atn.BasicBlockStartState (org.antlr.antlr4.runtime@4.9.1)
 805:            26            624  org.apache.logging.log4j.MarkerManager$Log4jMarker (org.apache.logging.log4j@2.19.0)
 806:            32            616  [Lsun.reflect.generics.tree.FieldTypeSignature; (java.base@17.0.15)
 807:            11            616  org.objectweb.asm.Label (org.objectweb.asm@9.8)
 808:            38            608  java.lang.constant.ReferenceClassDescImpl (java.base@17.0.15)
 809:            19            608  java.util.regex.Pattern$Curly (java.base@17.0.15)
 810:            38            608  net.minecraft.util.datafix.schemas.V99$$Lambda$1831/0x0000000800820b20 (minecraft@1.20.1)
 811:            19            608  sun.security.x509.URIName (java.base@17.0.15)
 812:            25            600  java.util.concurrent.LinkedBlockingQueue$Node (java.base@17.0.15)
 813:            15            600  org.openjdk.nashorn.internal.codegen.CompileUnit (org.openjdk.nashorn)
 814:            18            576  java.util.UUID (java.base@17.0.15)
 815:            24            576  jdk.internal.util.jar.JarIndex (java.base@17.0.15)
 816:             4            576  org.openjdk.nashorn.internal.objects.NativeArray$Prototype (org.openjdk.nashorn)
 817:             6            576  org.openjdk.nashorn.internal.runtime.ScriptLoader (org.openjdk.nashorn)
 818:            18            576  sun.reflect.generics.tree.MethodTypeSignature (java.base@17.0.15)
 819:            10            560  java.util.Properties (java.base@17.0.15)
 820:             7            560  java.util.concurrent.TimeUnit (java.base@17.0.15)
 821:            14            560  javax.management.openmbean.SimpleType (java.management@17.0.15)
 822:            35            560  net.minecraft.util.datafix.schemas.V135$$Lambda$1879/0x0000000800836d98 (minecraft@1.20.1)
 823:            35            560  net.minecraft.world.level.block.FlowerPotBlock$$Lambda$1712/0x00000008007906f8 (minecraft@1.20.1)
 824:             7            560  net.minecraft.world.level.block.SaplingBlock (minecraft@1.20.1)
 825:            14            560  net.minecraftforge.fml.loading.FMLConfig$ConfigValue (fmlloader@1.20.1-47.4.13)
 826:            10            560  sun.invoke.util.Wrapper (java.base@17.0.15)
 827:            23            552  java.util.concurrent.atomic.AtomicLong (java.base@17.0.15)
 828:            23            552  java.util.regex.Pattern$SliceU (java.base@17.0.15)
 829:             2            544  [Ljava.lang.Character; (java.base@17.0.15)
 830:            34            544  net.minecraft.world.level.block.FlowerPotBlock$$Lambda$1716/0x0000000800790fc0 (minecraft@1.20.1)
 831:            17            544  org.antlr.v4.runtime.atn.ActionTransition (org.antlr.antlr4.runtime@4.9.1)
 832:             4            544  org.openjdk.nashorn.internal.objects.NativeString$Prototype (org.openjdk.nashorn)
 833:            24            536  [Ljavax.management.MBeanNotificationInfo; (java.management@17.0.15)
 834:             2            528  [Lorg.apache.logging.log4j.core.pattern.AnsiEscape; (org.apache.logging.log4j.core@2.19.0)
 835:            11            528  com.sun.jmx.mbeanserver.DefaultMXBeanMappingFactory$CompositeMapping (java.management@17.0.15)
 836:            33            528  net.minecraft.util.datafix.schemas.V3078$$Lambda$2160/0x0000000800870cc8 (minecraft@1.20.1)
 837:            22            528  org.antlr.v4.runtime.misc.IntervalSet (org.antlr.antlr4.runtime@4.9.1)
 838:            13            520  java.lang.ModuleLayer (java.base@17.0.15)
 839:            13            520  java.lang.module.Configuration (java.base@17.0.15)
 840:            32            512  com.mojang.serialization.codecs.RecordCodecBuilder$$Lambda$1062/0x0000000800569c20 (datafixerupper@6.0.8)
 841:            16            512  cpw.mods.modlauncher.api.TypesafeMap$KeyBuilder (cpw.mods.modlauncher@10.0.9)
 842:            16            512  java.time.temporal.ChronoUnit (java.base@17.0.15)
 843:            32            512  net.minecraft.util.datafix.schemas.V3081$$Lambda$2162/0x0000000800878230 (minecraft@1.20.1)
 844:             4            512  org.openjdk.nashorn.internal.runtime.ScriptEnvironment (org.openjdk.nashorn)
 845:            21            504  java.util.AbstractMap$SimpleImmutableEntry (java.base@17.0.15)
 846:            21            504  net.minecraft.network.syncher.EntityDataSerializer$1 (minecraft@1.20.1)
 847:            21            504  org.apache.logging.log4j.core.util.datetime.FastDateParser$StrategyAndWidth (org.apache.logging.log4j.core@2.19.0)
 848:            21            504  org.lwjgl.system.libffi.FFIType (org.lwjgl@3.3.1+7)
 849:             7            504  org.openjdk.nashorn.internal.ir.ForNode (org.openjdk.nashorn)
 850:            21            504  sun.security.x509.AVAKeyword (java.base@17.0.15)
 851:             7            496  [Lsun.invoke.util.Wrapper; (java.base@17.0.15)
 852:            31            496  net.minecraft.util.datafix.schemas.V3082$$Lambda$2164/0x0000000800878928 (minecraft@1.20.1)
 853:            31            496  net.minecraft.util.datafix.schemas.V99$$Lambda$1821/0x000000080081f670 (minecraft@1.20.1)
 854:            13            488  [Lnet.minecraft.core.Direction; (minecraft@1.20.1)
 855:            24            480  [Ljavax.management.MBeanConstructorInfo; (java.management@17.0.15)
 856:            12            480  com.sun.jna.Function (com.sun.jna@5.12.1)
 857:            12            480  com.sun.jna.Library$Handler$FunctionInfo (com.sun.jna@5.12.1)
 858:            30            480  java.lang.ClassValue$Identity (java.base@17.0.15)
 859:            12            480  java.lang.OutOfMemoryError (java.base@17.0.15)
 860:            30            480  net.minecraft.util.datafix.schemas.V3083$$Lambda$2166/0x0000000800879040 (minecraft@1.20.1)
 861:             6            480  net.minecraft.world.level.block.InfestedBlock (minecraft@1.20.1)
 862:            20            480  net.minecraft.world.phys.shapes.NonOverlappingMerger (minecraft@1.20.1)
 863:            30            480  net.minecraftforge.registries.ForgeRegistry$RegistryCodec (forge@47.4.13)
 864:            15            480  org.apache.logging.log4j.core.filter.MarkerFilter (org.apache.logging.log4j.core@2.19.0)
 865:             4            480  org.openjdk.nashorn.internal.objects.NativeObject$Constructor (org.openjdk.nashorn)
 866:            20            480  sun.security.util.LazyCodeSourcePermissionCollection (java.base@17.0.15)
 867:            12            480  sun.util.locale.provider.LocaleResources$ResourceReference (java.base@17.0.15)
 868:             3            464  [Ljava.time.ZoneOffset; (java.base@17.0.15)
 869:            19            456  java.time.Duration (java.base@17.0.15)
 870:            19            456  org.openjdk.nashorn.internal.codegen.Namespace (org.openjdk.nashorn)
 871:             8            448  java.nio.DirectLongBufferU (java.base@17.0.15)
 872:            28            448  java.security.SecureClassLoader$CodeSourceKey (java.base@17.0.15)
 873:            28            448  java.time.format.DateTimeFormatterBuilder$CharLiteralPrinterParser (java.base@17.0.15)
 874:             8            448  java.util.ServiceLoader (java.base@17.0.15)
 875:            28            448  javax.security.auth.x500.X500Principal (java.base@17.0.15)
 876:            14            448  net.minecraft.util.datafix.fixes.BlockRenameFix$1 (minecraft@1.20.1)
 877:            28            448  net.minecraftforge.fml.loading.moddiscovery.AbstractModProvider$$Lambda$616/0x0000000800386850 (fmlloader@1.20.1-47.4.13)
 878:            28            448  net.minecraftforge.fml.loading.moddiscovery.AbstractModProvider$1 (fmlloader@1.20.1-47.4.13)
 879:             4            448  org.openjdk.nashorn.internal.objects.NativeMath$Constructor (org.openjdk.nashorn)
 880:             8            448  org.openjdk.nashorn.internal.runtime.SpillProperty (org.openjdk.nashorn)
 881:            28            448  org.spongepowered.asm.launch.platform.MainAttributes (org.spongepowered.mixin)
 882:             8            448  sun.management.MemoryPoolImpl (java.management@17.0.15)
 883:            10            440  [Lnet.minecraftforge.installer.json.Artifact;
 884:            11            440  com.mojang.datafixers.schemas.Schema (datafixerupper@6.0.8)
 885:            11            440  jdk.internal.loader.NativeLibraries$NativeLibraryImpl (java.base@17.0.15)
 886:            11            440  net.minecraft.world.level.block.state.properties.WoodType (minecraft@1.20.1)
 887:            11            440  org.antlr.v4.runtime.atn.LoopEndState (org.antlr.antlr4.runtime@4.9.1)
 888:            11            440  org.openjdk.nashorn.internal.ir.ExpressionStatement (org.openjdk.nashorn)
 889:             1            432  [[[C (java.base@17.0.15)
 890:            18            432  com.google.gson.internal.bind.TypeAdapters$31
 891:            18            432  com.google.gson.reflect.TypeToken (com.google.gson@2.10)
 892:            27            432  cpw.mods.jarhandling.impl.ModuleJarMetadata (cpw.mods.securejarhandler)
 893:            27            432  java.security.spec.ECFieldFp (java.base@17.0.15)
 894:            18            432  java.text.DateFormat$Field (java.base@17.0.15)
 895:            27            432  java.util.Collections$SingletonSet (java.base@17.0.15)
 896:             6            432  java.util.ResourceBundle$CacheKey (java.base@17.0.15)
 897:            18            432  java.util.regex.Pattern$$Lambda$292/0x0000000800260dc0 (java.base@17.0.15)
 898:            18            432  javax.management.StandardMBean (java.management@17.0.15)
 899:            18            432  jdk.dynalink.BiClassValue$BiClassValues (jdk.dynalink@17.0.15)
 900:            18            432  net.minecraft.util.datafix.fixes.StructuresBecomeConfiguredFix$Conversion (minecraft@1.20.1)
 901:            18            432  org.openjdk.nashorn.api.scripting.ScriptObjectMirror (org.openjdk.nashorn)
 902:            18            432  sun.reflect.generics.scope.MethodScope (java.base@17.0.15)
 903:            13            416  com.llamalad7.mixinextras.service.MixinExtrasVersion (MixinExtras@0.5.3)
 904:            13            416  java.lang.invoke.VarForm (java.base@17.0.15)
 905:            26            416  jdk.proxy2.$Proxy19 (jdk.proxy2)
 906:             4            416  net.minecraft.world.level.block.AmethystClusterBlock (minecraft@1.20.1)
 907:             4            416  org.apache.logging.log4j.core.impl.MutableLogEvent (org.apache.logging.log4j.core@2.19.0)
 908:            13            416  org.openjdk.nashorn.internal.codegen.CompilerConstants$3 (org.openjdk.nashorn)
 909:            13            416  org.spongepowered.asm.mixin.injection.struct.InjectionInfo$InjectorEntry (org.spongepowered.mixin)
 910:            13            408  [Lorg.apache.commons.lang3.text.translate.CharSequenceTranslator; (org.apache.commons.lang3@3.12.0)
 911:            17            408  com.google.gson.internal.bind.TypeAdapters$32 (com.google.gson@2.10)
 912:            17            408  org.openjdk.nashorn.internal.runtime.ScriptFunctionData$GenericInvokers (org.openjdk.nashorn)
 913:            12            400  [Ljava.lang.constant.ClassDesc; (java.base@17.0.15)
 914:             1            400  [Lnet.minecraftforge.fml.earlydisplay.SimpleFont$Glyph; (fmlearlydisplay@1.20.1-47.4.13)
 915:            25            400  net.minecraft.util.datafix.fixes.ItemRenameFix$$Lambda$2236/0x0000000800891e88 (minecraft@1.20.1)
 916:             5            400  net.minecraft.world.level.block.BaseCoralFanBlock (minecraft@1.20.1)
 917:             5            400  net.minecraft.world.level.block.BaseCoralPlantBlock (minecraft@1.20.1)
 918:             5            400  net.minecraft.world.level.block.BaseCoralWallFanBlock (minecraft@1.20.1)
 919:             5            400  net.minecraft.world.level.block.CoralBlock (minecraft@1.20.1)
 920:             5            400  net.minecraft.world.level.block.CoralFanBlock (minecraft@1.20.1)
 921:             5            400  net.minecraft.world.level.block.CoralPlantBlock (minecraft@1.20.1)
 922:             5            400  net.minecraft.world.level.block.CoralWallFanBlock (minecraft@1.20.1)
 923:             5            400  net.minecraft.world.level.block.SkullBlock (minecraft@1.20.1)
 924:             7            392  java.lang.invoke.BoundMethodHandle$Species_LLLILL (java.base@17.0.15)
 925:             7            392  java.nio.HeapCharBuffer (java.base@17.0.15)
 926:             8            384  com.google.common.collect.MapMakerInternalMap$WeakKeyDummyValueSegment (com.google.common@31.1-jre)
 927:            24            384  com.mojang.brigadier.exceptions.SimpleCommandExceptionType (brigadier@1.1.8)
 928:            12            384  java.util.ResourceBundle$KeyElementReference (java.base@17.0.15)
 929:            12            384  java.util.ServiceLoader$ProviderImpl (java.base@17.0.15)
 930:            12            384  net.minecraft.core.FrontAndTop (minecraft@1.20.1)
 931:            16            384  net.minecraft.network.chat.TextColor (minecraft@1.20.1)
 932:            24            384  net.minecraft.util.datafix.schemas.V2551$$Lambda$2117/0x000000080086ea70 (minecraft@1.20.1)
 933:            24            384  net.minecraft.util.datafix.schemas.V704$$Lambda$1899/0x000000080083b630 (minecraft@1.20.1)
 934:            24            384  net.minecraft.util.datafix.schemas.V704$$Lambda$1900/0x000000080083b878 (minecraft@1.20.1)
 935:            24            384  net.minecraft.util.datafix.schemas.V704$$Lambda$1902/0x000000080083bd08 (minecraft@1.20.1)
 936:            24            384  net.minecraft.util.datafix.schemas.V99$$Lambda$1805/0x00000008008174f0 (minecraft@1.20.1)
 937:            24            384  net.minecraft.util.datafix.schemas.V99$$Lambda$1809/0x0000000800817960 (minecraft@1.20.1)
 938:            24            384  net.minecraft.util.datafix.schemas.V99$$Lambda$1811/0x000000080081e000 (minecraft@1.20.1)
 939:            24            384  net.minecraft.util.datafix.schemas.V99$$Lambda$1812/0x000000080081e248 (minecraft@1.20.1)
 940:            24            384  net.minecraft.util.datafix.schemas.V99$$Lambda$1813/0x000000080081e490 (minecraft@1.20.1)
 941:            24            384  net.minecraft.util.datafix.schemas.V99$$Lambda$1814/0x000000080081e6d8 (minecraft@1.20.1)
 942:            24            384  net.minecraft.util.datafix.schemas.V99$$Lambda$1815/0x000000080081e920 (minecraft@1.20.1)
 943:            24            384  net.minecraft.util.datafix.schemas.V99$$Lambda$1818/0x000000080081efb8 (minecraft@1.20.1)
 944:            24            384  net.minecraft.util.datafix.schemas.V99$$Lambda$1819/0x000000080081f200 (minecraft@1.20.1)
 945:            24            384  net.minecraft.util.datafix.schemas.V99$$Lambda$1820/0x000000080081f428 (minecraft@1.20.1)
 946:            24            384  net.minecraft.util.datafix.schemas.V99$$Lambda$1835/0x00000008008213b8 (minecraft@1.20.1)
 947:             4            384  net.minecraft.world.level.block.WeatheringCopperStairBlock (minecraft@1.20.1)
 948:             8            384  org.antlr.v4.runtime.atn.StarBlockStartState (org.antlr.antlr4.runtime@4.9.1)
 949:             8            384  org.antlr.v4.runtime.atn.StarLoopEntryState (org.antlr.antlr4.runtime@4.9.1)
 950:             4            384  org.openjdk.nashorn.internal.objects.NativeJava$Constructor (org.openjdk.nashorn)
 951:            12            384  sun.nio.fs.UnixFileKey (java.base@17.0.15)
 952:            12            384  sun.security.jca.ProviderConfig (java.base@17.0.15)
 953:            12            384  sun.security.x509.SubjectKeyIdentifierExtension (java.base@17.0.15)
 954:             1            376  com.sun.jna.internal.Cleaner$1 (com.sun.jna@5.12.1)
 955:             1            376  java.lang.ref.Finalizer$FinalizerThread (java.base@17.0.15)
 956:             1            376  java.util.logging.LogManager$Cleaner (java.logging@17.0.15)
 957:             1            376  jdk.internal.misc.InnocuousThread (java.base@17.0.15)
 958:            16            368  [Ljava.security.CodeSigner; (java.base@17.0.15)
 959:             1            368  java.lang.ref.Reference$ReferenceHandler (java.base@17.0.15)
 960:            23            368  jdk.internal.reflect.BootstrapConstructorAccessorImpl (java.base@17.0.15)
 961:            23            368  net.minecraft.util.datafix.schemas.V100$$Lambda$1864/0x0000000800834000 (minecraft@1.20.1)
 962:            23            368  net.minecraft.util.datafix.schemas.V100$$Lambda$1866/0x0000000800834490 (minecraft@1.20.1)
 963:            23            368  net.minecraft.util.datafix.schemas.V705$$Lambda$1910/0x000000080083d380 (minecraft@1.20.1)
 964:            23            368  net.minecraft.util.datafix.schemas.V705$$Lambda$1914/0x000000080083dc80 (minecraft@1.20.1)
 965:            23            368  net.minecraft.util.datafix.schemas.V705$$Lambda$1917/0x000000080083e358 (minecraft@1.20.1)
 966:            23            368  net.minecraft.util.datafix.schemas.V705$$Lambda$1918/0x000000080083e5a0 (minecraft@1.20.1)
 967:            23            368  net.minecraft.util.datafix.schemas.V705$$Lambda$1919/0x000000080083e7e8 (minecraft@1.20.1)
 968:            23            368  net.minecraft.util.datafix.schemas.V705$$Lambda$1921/0x000000080083ec78 (minecraft@1.20.1)
 969:            23            368  net.minecraft.util.datafix.schemas.V705$$Lambda$1923/0x000000080083f108 (minecraft@1.20.1)
 970:            23            368  net.minecraft.util.datafix.schemas.V705$$Lambda$1927/0x000000080083fa28 (minecraft@1.20.1)
 971:            23            368  net.minecraft.util.datafix.schemas.V705$$Lambda$1928/0x000000080083fc70 (minecraft@1.20.1)
 972:            23            368  net.minecraft.util.datafix.schemas.V705$$Lambda$1929/0x0000000800840000 (minecraft@1.20.1)
 973:            23            368  net.minecraft.util.datafix.schemas.V705$$Lambda$1930/0x0000000800840248 (minecraft@1.20.1)
 974:            23            368  net.minecraft.util.datafix.schemas.V705$$Lambda$1931/0x0000000800840470 (minecraft@1.20.1)
 975:            23            368  net.minecraft.util.datafix.schemas.V99$$Lambda$1826/0x0000000800820000 (minecraft@1.20.1)
 976:            23            368  net.minecraft.util.datafix.schemas.V99$$Lambda$1827/0x0000000800820248 (minecraft@1.20.1)
 977:            23            368  net.minecraft.util.datafix.schemas.V99$$Lambda$1828/0x0000000800820490 (minecraft@1.20.1)
 978:            23            368  net.minecraft.util.datafix.schemas.V99$$Lambda$1832/0x0000000800820d48 (minecraft@1.20.1)
 979:             9            360  com.sun.org.apache.xerces.internal.utils.XMLSecurityManager$Limit (java.xml@17.0.15)
 980:             5            360  java.util.concurrent.ScheduledThreadPoolExecutor$ScheduledFutureTask (java.base@17.0.15)
 981:             9            360  net.minecraft.util.datafix.fixes.NamespacedTypeRenameFix (minecraft@1.20.1)
 982:            15            360  net.minecraft.world.level.block.Blocks$$Lambda$1529/0x0000000800731240 (minecraft@1.20.1)
 983:             5            360  org.apache.logging.log4j.core.config.LoggerConfig (org.apache.logging.log4j.core@2.19.0)
 984:             9            360  org.apache.logging.log4j.core.pattern.DatePatternConverter (org.apache.logging.log4j.core@2.19.0)
 985:             4            352  com.google.gson.Gson (com.google.gson@2.10)
 986:            11            352  java.lang.constant.DirectMethodHandleDesc$Kind (java.base@17.0.15)
 987:            22            352  java.util.Collections$UnmodifiableSet (java.base@17.0.15)
 988:            11            352  javax.management.MBeanNotificationInfo (java.management@17.0.15)
 989:            11            352  jdk.internal.reflect.UnsafeBooleanFieldAccessorImpl (java.base@17.0.15)
 990:            11            352  jdk.internal.reflect.UnsafeQualifiedStaticObjectFieldAccessorImpl (java.base@17.0.15)
 991:            13            344  [Ljdk.dynalink.Namespace; (jdk.dynalink@17.0.15)
 992:            14            336  com.electronwill.nightconfig.core.ConfigSpec$ValueSpec (com.electronwill.nightconfig.core@3.6.4)
 993:             7            336  com.google.gson.internal.bind.TreeTypeAdapter (com.google.gson@2.10)
 994:            14            336  java.util.regex.Pattern$CharProperty (java.base@17.0.15)
 995:            14            336  java.util.regex.Pattern$Dollar (java.base@17.0.15)
 996:            14            336  java.util.regex.Pattern$StartS (java.base@17.0.15)
 997:            21            336  net.minecraft.util.datafix.schemas.V100$$Lambda$1865/0x0000000800834248 (minecraft@1.20.1)
 998:             7            336  org.apache.logging.log4j.core.lookup.ConfigurationStrSubstitutor (org.apache.logging.log4j.core@2.19.0)
 999:            14            336  sun.security.util.BitArray (java.base@17.0.15)
1000:            14            336  sun.security.util.Cache$EqualByteArray (java.base@17.0.15)
1001:            14            336  sun.security.x509.CertificateValidity (java.base@17.0.15)
1002:            21            336  sun.security.x509.GeneralName (java.base@17.0.15)
1003:            18            328  [Lsun.reflect.generics.tree.TypeSignature; (java.base@17.0.15)
1004:             4            320  com.google.common.cache.LocalCache$Segment (com.google.common@31.1-jre)
1005:            10            320  com.sun.org.apache.xerces.internal.impl.XMLEntityManager$EncodingInfo (java.xml@17.0.15)
1006:            10            320  java.lang.constant.DirectMethodHandleDescImpl (java.base@17.0.15)
1007:            10            320  java.util.Collections$UnmodifiableMap (java.base@17.0.15)
1008:            10            320  java.util.ImmutableCollections$ListItr (java.base@17.0.15)
1009:            20            320  java.util.LinkedHashSet (java.base@17.0.15)
1010:             8            320  jdk.internal.module.ModuleReferences$JarModuleReader (java.base@17.0.15)
1011:             8            320  jdk.internal.ref.Cleaner (java.base@17.0.15)
1012:            20            320  net.minecraft.util.datafix.schemas.V102$$Lambda$1870/0x0000000800835220 (minecraft@1.20.1)
1013:            20            320  net.minecraft.util.datafix.schemas.V135$$Lambda$1878/0x0000000800836b70 (minecraft@1.20.1)
1014:            20            320  net.minecraft.util.datafix.schemas.V808$$Lambda$1934/0x0000000800840d98 (minecraft@1.20.1)
1015:             8            320  net.minecraft.world.entity.MobCategory (minecraft@1.20.1)
1016:             4            320  net.minecraft.world.level.block.TallFlowerBlock (minecraft@1.20.1)
1017:             4            320  net.minecraft.world.level.block.WallSkullBlock (minecraft@1.20.1)
1018:             4            320  net.minecraft.world.level.block.WeatheringCopperSlabBlock (minecraft@1.20.1)
1019:            20            320  net.minecraft.world.level.block.state.BlockBehaviour$$Lambda$1460/0x0000000800712be0 (minecraft@1.20.1)
1020:            10            320  net.minecraftforge.coremod.transformer.CoreModClassTransformer (net.minecraftforge.coremod)
1021:            10            320  net.minecraftforge.installer.json.Install$Processor
1022:            20            320  net.minecraftforge.registries.NamespacedWrapper$Factory (forge@47.4.13)
1023:             8            320  org.antlr.v4.runtime.atn.StarLoopbackState (org.antlr.antlr4.runtime@4.9.1)
1024:             8            320  sun.management.MemoryPoolImpl$CollectionSensor (java.management@17.0.15)
1025:             8            320  sun.management.MemoryPoolImpl$PoolSensor (java.management@17.0.15)
1026:             1            312  [Lcpw.mods.jarhandling.SecureJar; (cpw.mods.securejarhandler)
1027:            12            312  [Lorg.antlr.v4.runtime.atn.LexerAction; (org.antlr.antlr4.runtime@4.9.1)
1028:            13            312  com.google.gson.internal.bind.TypeAdapterRuntimeTypeWrapper
1029:            13            312  com.mojang.serialization.codecs.OptionalFieldCodec (datafixerupper@6.0.8)
1030:            13            312  com.mojang.serialization.codecs.RecordCodecBuilder$2 (datafixerupper@6.0.8)
1031:            13            312  com.sun.jna.Pointer (com.sun.jna@5.12.1)
1032:             3            312  cpw.mods.cl.ModuleClassLoader (cpw.mods.securejarhandler)
1033:            13            312  jdk.dynalink.NamespaceOperation (jdk.dynalink@17.0.15)
1034:            13            312  net.minecraft.util.datafix.DataFixers$$Lambda$1935/0x0000000800840fc0 (minecraft@1.20.1)
1035:            13            312  net.minecraftforge.installer.json.Install$DataFile
1036:            13            312  oshi.PlatformEnum (com.github.oshi@6.2.2)
1037:            13            312  sun.security.provider.certpath.X509CertPath (java.base@17.0.15)
1038:            13            312  sun.security.x509.CertificateExtensions (java.base@17.0.15)
1039:            19            304  com.mojang.brigadier.exceptions.DynamicCommandExceptionType (brigadier@1.1.8)
1040:            19            304  cpw.mods.modlauncher.LaunchServiceHandlerDecorator (cpw.mods.modlauncher@10.0.9)
1041:            19            304  net.minecraft.util.datafix.fixes.BlockRenameFix$$Lambda$2269/0x000000080089e180 (minecraft@1.20.1)
1042:            19            304  net.minecraft.util.datafix.fixes.BlockRenameFix$$Lambda$2270/0x000000080089e3c8 (minecraft@1.20.1)
1043:            19            304  net.minecraft.util.datafix.schemas.V3203$$Lambda$2179/0x000000080087b070 (minecraft@1.20.1)
1044:            19            304  net.minecraft.util.datafix.schemas.V704$$Lambda$1901/0x000000080083bac0 (minecraft@1.20.1)
1045:             2            304  org.spongepowered.asm.mixin.transformer.MixinConfig (org.spongepowered.mixin)
1046:            19            304  sun.security.x509.DNSName (java.base@17.0.15)
1047:             1            288  [Ljava.lang.invoke.LambdaForm$Kind; (java.base@17.0.15)
1048:            12            288  [Ljava.time.zone.ZoneOffsetTransition; (java.base@17.0.15)
1049:             2            288  [Ljava.util.concurrent.ForkJoinPool$WorkQueue; (java.base@17.0.15)
1050:             7            288  [Lorg.apache.logging.log4j.core.pattern.PatternFormatter; (org.apache.logging.log4j.core@2.19.0)
1051:            12            288  com.google.gson.internal.bind.ReflectiveTypeAdapterFactory$FieldReflectionAdapter
1052:             9            288  com.google.gson.internal.bind.TreeTypeAdapter$SingleTypeFactory (com.google.gson@2.10)
1053:            18            288  com.mojang.brigadier.exceptions.Dynamic2CommandExceptionType (brigadier@1.1.8)
1054:            12            288  java.lang.annotation.ElementType (java.base@17.0.15)
1055:             9            288  java.lang.constant.PrimitiveClassDescImpl (java.base@17.0.15)
1056:            12            288  java.security.CodeSigner (java.base@17.0.15)
1057:            12            288  java.time.Month (java.base@17.0.15)
1058:             6            288  java.util.concurrent.LinkedBlockingQueue (java.base@17.0.15)
1059:            18            288  java.util.concurrent.atomic.AtomicReference (java.base@17.0.15)
1060:             9            288  java.util.logging.Level (java.logging@17.0.15)
1061:             9            288  java.util.logging.Level$KnownLevel (java.logging@17.0.15)
1062:            18            288  java.util.regex.Pattern$Begin (java.base@17.0.15)
1063:            12            288  jdk.dynalink.BiClassValue (jdk.dynalink@17.0.15)
1064:            12            288  jdk.dynalink.BiClassValue$BiClassValuesRoot (jdk.dynalink@17.0.15)
1065:             9            288  jdk.internal.org.objectweb.asm.Type (java.base@17.0.15)
1066:             6            288  net.minecraft.core.Direction (minecraft@1.20.1)
1067:            12            288  net.minecraft.util.datafix.DataFixTypes (minecraft@1.20.1)
1068:            18            288  net.minecraft.util.datafix.schemas.V3204$$Lambda$2181/0x000000080087b768 (minecraft@1.20.1)
1069:             9            288  net.minecraft.world.entity.ai.attributes.AttributeModifier (minecraft@1.20.1)
1070:             9            288  org.apache.logging.log4j.core.pattern.DatePatternConverter$CachedTime (org.apache.logging.log4j.core@2.19.0)
1071:             6            288  org.objectweb.asm.Frame (org.objectweb.asm@9.8)
1072:             4            288  org.openjdk.nashorn.internal.runtime.Context (org.openjdk.nashorn)
1073:             4            288  org.openjdk.nashorn.internal.runtime.Context$ClassCache (org.openjdk.nashorn)
1074:             9            288  sun.reflect.generics.reflectiveObjects.TypeVariableImpl (java.base@17.0.15)
1075:            12            288  sun.security.x509.AccessDescription (java.base@17.0.15)
1076:            18            288  sun.security.x509.KeyIdentifier (java.base@17.0.15)
1077:             5            280  java.lang.invoke.BoundMethodHandle$Species_LLLLLL (java.base@17.0.15)
1078:             7            280  java.lang.invoke.VarHandleInts$FieldInstanceReadWrite (java.base@17.0.15)
1079:             5            280  net.minecraft.world.item.MinecartItem (minecraft@1.20.1)
1080:             7            280  net.minecraftforge.registries.DeferredRegister (forge@47.4.13)
1081:             7            280  org.openjdk.nashorn.internal.ir.BlockStatement (org.openjdk.nashorn)
1082:             7            280  org.openjdk.nashorn.internal.ir.LiteralNode$NumberLiteralNode (org.openjdk.nashorn)
1083:             7            280  org.openjdk.nashorn.internal.ir.UnaryNode (org.openjdk.nashorn)
1084:             7            280  org.openjdk.nashorn.internal.objects.NativeArray (org.openjdk.nashorn)
1085:             9            272  [Ljava.lang.Boolean; (java.base@17.0.15)
1086:             1            272  [Lnet.minecraft.world.level.material.MapColor; (minecraft@1.20.1)
1087:            17            272  sun.invoke.util.ValueConversions$WrapperCache (java.base@17.0.15)
1088:            11            264  com.llamalad7.mixinextras.utils.InternalField$1 (MixinExtras@0.5.3)
1089:            11            264  com.sun.jmx.mbeanserver.StandardMBeanSupport (java.management@17.0.15)
1090:            11            264  java.lang.invoke.MethodHandleImpl$Intrinsic (java.base@17.0.15)
1091:            11            264  java.util.function.Function$$Lambda$1193/0x00000008002f8480 (java.base@17.0.15)
1092:            11            264  java.util.regex.Pattern$SliceI (java.base@17.0.15)
1093:            11            264  net.minecraft.util.ExtraCodecs$$Lambda$1122/0x000000080057a610 (minecraft@1.20.1)
1094:            11            264  net.minecraft.util.ExtraCodecs$2 (minecraft@1.20.1)
1095:            11            264  org.antlr.v4.runtime.atn.LexerActionExecutor (org.antlr.antlr4.runtime@4.9.1)
1096:            11            264  org.antlr.v4.runtime.atn.SetTransition (org.antlr.antlr4.runtime@4.9.1)
1097:            11            264  org.openjdk.nashorn.internal.codegen.Compiler$CompilationPhases (org.openjdk.nashorn)
1098:            11            264  org.spongepowered.asm.launch.GlobalProperties$Keys (org.spongepowered.mixin)
1099:             8            256  com.mojang.datafixers.DataFix$$Lambda$2230/0x0000000800889c70 (datafixerupper@6.0.8)
1100:             8            256  java.lang.reflect.ProxyGenerator$PrimitiveTypeInfo (java.base@17.0.15)
1101:             8            256  java.nio.DirectByteBuffer$Deallocator (java.base@17.0.15)
1102:            16            256  java.util.IdentityHashMap$EntrySet (java.base@17.0.15)
1103:             8            256  java.util.Vector (java.base@17.0.15)
1104:            16            256  java.util.concurrent.atomic.AtomicReferenceArray (java.base@17.0.15)
1105:             8            256  javax.management.MBeanConstructorInfo (java.management@17.0.15)
1106:            16            256  net.minecraft.util.datafix.schemas.V705$$Lambda$1907/0x000000080083cca8 (minecraft@1.20.1)
1107:            16            256  net.minecraft.util.datafix.schemas.V705$$Lambda$1908/0x000000080083cef0 (minecraft@1.20.1)
1108:            16            256  net.minecraft.util.datafix.schemas.V705$$Lambda$1909/0x000000080083d138 (minecraft@1.20.1)
1109:            16            256  net.minecraft.util.datafix.schemas.V705$$Lambda$1912/0x000000080083d7f0 (minecraft@1.20.1)
1110:            16            256  net.minecraft.util.datafix.schemas.V705$$Lambda$1913/0x000000080083da38 (minecraft@1.20.1)
1111:            16            256  net.minecraft.util.datafix.schemas.V705$$Lambda$1915/0x000000080083dec8 (minecraft@1.20.1)
1112:            16            256  net.minecraft.util.datafix.schemas.V705$$Lambda$1916/0x000000080083e110 (minecraft@1.20.1)
1113:            16            256  net.minecraft.util.datafix.schemas.V705$$Lambda$1920/0x000000080083ea30 (minecraft@1.20.1)
1114:            16            256  net.minecraft.util.datafix.schemas.V705$$Lambda$1922/0x000000080083eec0 (minecraft@1.20.1)
1115:            16            256  net.minecraft.util.datafix.schemas.V705$$Lambda$1924/0x000000080083f350 (minecraft@1.20.1)
1116:            16            256  net.minecraft.util.datafix.schemas.V705$$Lambda$1925/0x000000080083f598 (minecraft@1.20.1)
1117:            16            256  net.minecraft.util.datafix.schemas.V705$$Lambda$1926/0x000000080083f7e0 (minecraft@1.20.1)
1118:            16            256  net.minecraft.world.level.block.Blocks$$Lambda$1572/0x0000000800742a30 (minecraft@1.20.1)
1119:             8            256  net.minecrell.terminalconsole.MinecraftFormattingConverter (terminalconsoleappender@1.2.0)
1120:             4            256  org.apache.logging.log4j.core.layout.PatternLayout (org.apache.logging.log4j.core@2.19.0)
1121:             8            256  org.apache.logging.log4j.core.lookup.Interpolator (org.apache.logging.log4j.core@2.19.0)
1122:            16            256  org.apache.logging.log4j.core.lookup.SystemPropertiesLookup (org.apache.logging.log4j.core@2.19.0)
1123:             4            256  org.openjdk.nashorn.internal.objects.NativeError$Constructor (org.openjdk.nashorn)
1124:             4            256  org.openjdk.nashorn.internal.objects.NativeError$Prototype (org.openjdk.nashorn)
1125:             4            256  org.openjdk.nashorn.internal.objects.NativeFunction$Prototype (org.openjdk.nashorn)
1126:             4            256  org.openjdk.nashorn.internal.objects.NativeNumber$Prototype (org.openjdk.nashorn)
1127:             4            256  org.openjdk.nashorn.internal.objects.NativeObject$Prototype (org.openjdk.nashorn)
1128:             8            256  org.openjdk.nashorn.internal.runtime.AccessorProperty$Accessors (org.openjdk.nashorn)
1129:             8            256  sun.security.x509.BasicConstraintsExtension (java.base@17.0.15)
1130:             8            256  sun.security.x509.KeyUsageExtension (java.base@17.0.15)
1131:             7            248  [Ljava.lang.annotation.ElementType; (java.base@17.0.15)
1132:             5            240  [Ljava.lang.invoke.LambdaForm$NamedFunction; (java.base@17.0.15)
1133:             3            240  [Lnet.minecraft.world.item.DyeColor; (minecraft@1.20.1)
1134:            10            240  com.google.gson.stream.JsonToken
1135:            10            240  com.google.gson.stream.JsonToken (com.google.gson@2.10)
1136:             5            240  com.mojang.serialization.codecs.KeyDispatchCodec (datafixerupper@6.0.8)
1137:            10            240  com.sun.org.apache.xerces.internal.impl.XMLScanner$NameType (java.xml@17.0.15)
1138:            10            240  java.lang.ThreadLocal$SuppliedThreadLocal (java.base@17.0.15)
1139:            10            240  java.lang.constant.MethodTypeDescImpl (java.base@17.0.15)
1140:             5            240  java.lang.invoke.BoundMethodHandle$Species_LLIL (java.base@17.0.15)
1141:            10            240  java.nio.charset.CoderResult (java.base@17.0.15)
1142:            10            240  java.nio.file.StandardOpenOption (java.base@17.0.15)
1143:             6            240  java.util.ResourceBundle$BundleReference (java.base@17.0.15)
1144:            10            240  java.util.concurrent.ConcurrentSkipListMap$Index (java.base@17.0.15)
1145:            10            240  java.util.concurrent.ConcurrentSkipListMap$Node (java.base@17.0.15)
1146:             5            240  java.util.concurrent.ThreadPoolExecutor$Worker (java.base@17.0.15)
1147:             6            240  java.util.stream.StreamOpFlag (java.base@17.0.15)
1148:            15            240  jdk.proxy2.$Proxy18 (jdk.proxy2)
1149:            15            240  net.minecraft.util.datafix.schemas.V1022$$Lambda$1938/0x0000000800841910 (minecraft@1.20.1)
1150:            15            240  net.minecraft.util.datafix.schemas.V1022$$Lambda$1939/0x0000000800841b38 (minecraft@1.20.1)
1151:            10            240  net.minecraft.util.valueproviders.UniformInt (minecraft@1.20.1)
1152:             3            240  net.minecraft.world.level.block.AirBlock (minecraft@1.20.1)
1153:             3            240  net.minecraft.world.level.block.AnvilBlock (minecraft@1.20.1)
1154:             3            240  net.minecraft.world.level.block.CommandBlock (minecraft@1.20.1)
1155:             3            240  net.minecraft.world.level.block.DoublePlantBlock (minecraft@1.20.1)
1156:             3            240  net.minecraft.world.level.block.HugeMushroomBlock (minecraft@1.20.1)
1157:            10            240  net.minecraft.world.level.block.state.properties.RailShape (minecraft@1.20.1)
1158:             5            240  net.minecraftforge.fml.earlydisplay.SimpleBufferBuilder (fmlearlydisplay@1.20.1-47.4.13)
1159:             2            240  org.apache.logging.log4j.core.appender.rolling.RollingRandomAccessFileManager (org.apache.logging.log4j.core@2.19.0)
1160:             5            240  org.openjdk.nashorn.internal.ir.IndexNode (org.openjdk.nashorn)
1161:             6            240  org.openjdk.nashorn.internal.runtime.Context$ClassReference (org.openjdk.nashorn)
1162:             6            240  org.openjdk.nashorn.internal.runtime.Source (org.openjdk.nashorn)
1163:             6            240  sun.security.x509.AuthorityKeyIdentifierExtension (java.base@17.0.15)
1164:            13            224  [Ljava.lang.constant.ConstantDesc; (java.base@17.0.15)
1165:             2            224  [Lnet.minecraft.world.level.block.state.properties.NoteBlockInstrument; (minecraft@1.20.1)
1166:            14            224  com.electronwill.nightconfig.core.ConfigSpec$DumbSupplier (com.electronwill.nightconfig.core@3.6.4)
1167:            14            224  com.google.gson.TypeAdapter$1 (com.google.gson@2.10)
1168:            14            224  com.mojang.serialization.Decoder$$Lambda$1029/0x000000080055d060 (datafixerupper@6.0.8)
1169:            14            224  java.util.LinkedHashMap$LinkedKeySet (java.base@17.0.15)
1170:            14            224  java.util.regex.Pattern$CharPredicate$$Lambda$41/0x00000008000bdee0 (java.base@17.0.15)
1171:            14            224  jdk.proxy2.$Proxy12 (jdk.proxy2)
1172:            14            224  net.minecraft.util.datafix.schemas.V1125$$Lambda$1941/0x0000000800842230 (minecraft@1.20.1)
1173:             4            224  org.openjdk.nashorn.internal.objects.NativeArray$Constructor (org.openjdk.nashorn)
1174:             4            224  org.openjdk.nashorn.internal.objects.NativeBoolean$Constructor (org.openjdk.nashorn)
1175:             4            224  org.openjdk.nashorn.internal.objects.NativeFunction$Constructor (org.openjdk.nashorn)
1176:             4            224  org.openjdk.nashorn.internal.objects.NativeNumber$Constructor (org.openjdk.nashorn)
1177:             4            224  org.openjdk.nashorn.internal.objects.NativeReferenceError$Constructor (org.openjdk.nashorn)
1178:             4            224  org.openjdk.nashorn.internal.objects.NativeString$Constructor (org.openjdk.nashorn)
1179:             4            224  org.openjdk.nashorn.internal.objects.NativeSyntaxError$Constructor (org.openjdk.nashorn)
1180:             4            224  org.openjdk.nashorn.internal.objects.NativeTypeError$Constructor (org.openjdk.nashorn)
1181:             7            224  sun.security.x509.AuthorityInfoAccessExtension (java.base@17.0.15)
1182:             7            224  sun.security.x509.CRLDistributionPointsExtension (java.base@17.0.15)
1183:            14            224  sun.security.x509.CertificateAlgorithmId (java.base@17.0.15)
1184:             7            224  sun.security.x509.CertificatePoliciesExtension (java.base@17.0.15)
1185:            14            224  sun.security.x509.CertificateSerialNumber (java.base@17.0.15)
1186:            14            224  sun.security.x509.CertificateVersion (java.base@17.0.15)
1187:            14            224  sun.security.x509.CertificateX509Key (java.base@17.0.15)
1188:             7            224  sun.security.x509.DistributionPoint (java.base@17.0.15)
1189:             7            224  sun.security.x509.ExtendedKeyUsageExtension (java.base@17.0.15)
1190:            14            224  sun.security.x509.SerialNumber (java.base@17.0.15)
1191:             9            216  com.google.common.collect.HashBiMap$Inverse (com.google.common@31.1-jre)
1192:             9            216  com.mojang.datafixers.types.templates.Const$PrimitiveType (datafixerupper@6.0.8)
1193:             3            216  java.lang.invoke.BoundMethodHandle$Species_LLLLLLLLLLL (java.base@17.0.15)
1194:             9            216  java.nio.file.attribute.PosixFilePermission (java.base@17.0.15)
1195:             9            216  net.minecraft.core.particles.ParticleTypes$1 (minecraft@1.20.1)
1196:             9            216  net.minecraft.util.datafix.fixes.WorldGenSettingsFix$StructureFeatureConfiguration (minecraft@1.20.1)
1197:             9            216  org.openjdk.nashorn.internal.codegen.ClassEmitter$Flag (org.openjdk.nashorn)
1198:             9            216  org.openjdk.nashorn.internal.parser.TokenKind (org.openjdk.nashorn)
1199:             3            216  org.spongepowered.asm.util.perf.Profiler$LiveSection (org.spongepowered.mixin)
1200:             3            216  sun.net.www.protocol.jar.URLJarFile (java.base@17.0.15)
1201:             9            216  sun.reflect.generics.tree.FormalTypeParameter (java.base@17.0.15)
1202:             3            216  sun.security.provider.NativePRNG$RandomIO (java.base@17.0.15)
1203:             9            216  sun.util.logging.PlatformLogger$Level (java.base@17.0.15)
1204:             9            208  [Ljava.lang.reflect.TypeVariable; (java.base@17.0.15)
1205:             6            208  [Ljdk.dynalink.linker.GuardingDynamicLinker; (jdk.dynalink@17.0.15)
1206:             2            208  [Lnet.minecraft.ChatFormatting; (minecraft@1.20.1)
1207:             7            208  [Lnet.minecraft.core.Direction$Axis; (minecraft@1.20.1)
1208:            13            208  com.electronwill.nightconfig.core.ConfigSpec$$Lambda$383/0x0000000800305000 (com.electronwill.nightconfig.core@3.6.4)
1209:            13            208  com.mojang.serialization.codecs.RecordCodecBuilder$$Lambda$1065/0x000000080056a068 (datafixerupper@6.0.8)
1210:            13            208  com.mojang.serialization.codecs.RecordCodecBuilder$Instance (datafixerupper@6.0.8)
1211:            13            208  java.text.NumberFormat$Field (java.base@17.0.15)
1212:            13            208  jdk.proxy2.$Proxy21 (jdk.proxy2)
1213:            13            208  net.minecraft.util.datafix.schemas.V1801$$Lambda$2079/0x0000000800866c68 (minecraft@1.20.1)
1214:            13            208  net.minecraft.util.datafix.schemas.V2571$$Lambda$2129/0x0000000800874bc8 (minecraft@1.20.1)
1215:            13            208  net.minecraft.util.datafix.schemas.V3325$$Lambda$2183/0x000000080087be60 (minecraft@1.20.1)
1216:            13            208  net.minecraft.util.datafix.schemas.V3325$$Lambda$2184/0x000000080087c0a8 (minecraft@1.20.1)
1217:            13            208  net.minecraft.util.datafix.schemas.V99$$Lambda$1810/0x0000000800817ba8 (minecraft@1.20.1)
1218:            13            208  org.apache.commons.lang3.text.translate.AggregateTranslator (org.apache.commons.lang3@3.12.0)
1219:             2            208  sun.security.provider.Sun (java.base@17.0.15)
1220:             2            200  [Ljava.text.DateFormat$Field; (java.base@17.0.15)
1221:             5            200  java.lang.invoke.BoundMethodHandle$Species_LLI (java.base@17.0.15)
1222:             5            200  java.util.ServiceLoader$LayerLookupIterator (java.base@17.0.15)
1223:             5            200  net.minecraft.util.datafix.fixes.BlockRenameFixWithJigsaw$1 (minecraft@1.20.1)
1224:             5            200  org.apache.logging.log4j.core.config.Node (org.apache.logging.log4j.core@2.19.0)
1225:             5            200  org.apache.logging.log4j.core.pattern.ExtendedThrowablePatternConverter (org.apache.logging.log4j.core@2.19.0)
1226:             4            192  [Ljava.util.List; (java.base@17.0.15)
1227:             4            192  [Ljdk.dynalink.linker.TypeBasedGuardingDynamicLinker; (jdk.dynalink@17.0.15)
1228:             8            192  [Lorg.apache.logging.log4j.Marker; (org.apache.logging.log4j@2.19.0)
1229:             1            192  [Lorg.openjdk.nashorn.internal.codegen.CompilerConstants; (org.openjdk.nashorn)
1230:             4            192  com.google.common.collect.MapMakerInternalMap$StrongKeyWeakValueSegment (com.google.common@31.1-jre)
1231:             8            192  com.google.gson.internal.bind.TypeAdapters$32
1232:             6            192  com.mojang.serialization.codecs.RecordCodecBuilder$Instance$$Lambda$1068/0x000000080056a738 (datafixerupper@6.0.8)
1233:             6            192  com.mojang.serialization.codecs.RecordCodecBuilder$Instance$3 (datafixerupper@6.0.8)
1234:             6            192  com.sun.jmx.mbeanserver.DefaultMXBeanMappingFactory$CollectionMapping (java.management@17.0.15)
1235:             6            192  java.lang.invoke.LambdaForm$BasicType (java.base@17.0.15)
1236:             8            192  java.lang.module.ModuleDescriptor$Opens (java.base@17.0.15)
1237:             8            192  java.math.RoundingMode (java.base@17.0.15)
1238:             8            192  java.net.NetPermission (java.base@17.0.15)
1239:             3            192  java.nio.DirectByteBufferR (java.base@17.0.15)
1240:             3            192  java.security.SecureRandom (java.base@17.0.15)
1241:             6            192  java.security.cert.PolicyQualifierInfo (java.base@17.0.15)
1242:             6            192  java.time.format.TextStyle (java.base@17.0.15)
1243:             4            192  java.util.concurrent.locks.ReentrantReadWriteLock$FairSync (java.base@17.0.15)
1244:             8            192  jdk.internal.module.ModuleReferences$$Lambda$26/0x00000008000b4180 (java.base@17.0.15)
1245:             8            192  jdk.internal.perf.PerfCounter (java.base@17.0.15)
1246:             6            192  jdk.internal.reflect.UnsafeIntegerFieldAccessorImpl (java.base@17.0.15)
1247:            12            192  jdk.proxy2.$Proxy22 (jdk.proxy2)
1248:            12            192  jdk.proxy2.$Proxy6 (jdk.proxy2)
1249:            12            192  joptsimple.internal.ConstructorInvokingValueConverter (jopt.simple@5.0.4)
1250:            12            192  net.minecraft.util.datafix.schemas.V3326$$Lambda$2186/0x000000080087c7c0 (minecraft@1.20.1)
1251:            12            192  net.minecraft.util.datafix.schemas.V99$$Lambda$1830/0x00000008008208f8 (minecraft@1.20.1)
1252:            12            192  net.minecraft.util.datafix.schemas.V99$$Lambda$1833/0x0000000800820f70 (minecraft@1.20.1)
1253:             8            192  org.antlr.v4.runtime.atn.LexerActionType (org.antlr.antlr4.runtime@4.9.1)
1254:             8            192  org.apache.logging.log4j.Level (org.apache.logging.log4j@2.19.0)
1255:             8            192  org.apache.logging.log4j.core.appender.rolling.RolloverFrequency (org.apache.logging.log4j.core@2.19.0)
1256:             4            192  org.apache.logging.log4j.core.config.AppenderControl (org.apache.logging.log4j.core@2.19.0)
1257:             8            192  org.apache.logging.log4j.core.lookup.PropertiesLookup (org.apache.logging.log4j.core@2.19.0)
1258:             8            192  org.apache.logging.log4j.core.pattern.MessagePatternConverter$FormattedMessagePatternConverter (org.apache.logging.log4j.core@2.19.0)
1259:             8            192  org.apache.logging.log4j.spi.StandardLevel (org.apache.logging.log4j@2.19.0)
1260:             4            192  org.openjdk.nashorn.internal.ir.IfNode (org.openjdk.nashorn)
1261:             4            192  org.openjdk.nashorn.internal.objects.NativeBoolean$Prototype (org.openjdk.nashorn)
1262:             4            192  org.openjdk.nashorn.internal.objects.NativeReferenceError$Prototype (org.openjdk.nashorn)
1263:             4            192  org.openjdk.nashorn.internal.objects.NativeSyntaxError$Prototype (org.openjdk.nashorn)
1264:             4            192  org.openjdk.nashorn.internal.objects.NativeTypeError$Prototype (org.openjdk.nashorn)
1265:             6            192  org.openjdk.nashorn.internal.runtime.Context$NamedContextCodeInstaller (org.openjdk.nashorn)
1266:             8            192  org.openjdk.nashorn.internal.runtime.JSType (org.openjdk.nashorn)
1267:             8            192  org.openjdk.nashorn.internal.runtime.linker.InvokeByName (org.openjdk.nashorn)
1268:             4            192  sun.nio.cs.StreamDecoder (java.base@17.0.15)
1269:             4            184  [[I (java.base@17.0.15)
1270:             2            176  [Lorg.antlr.v4.runtime.atn.RuleStartState; (org.antlr.antlr4.runtime@4.9.1)
1271:             2            176  [Lorg.antlr.v4.runtime.atn.RuleStopState; (org.antlr.antlr4.runtime@4.9.1)
1272:            11            176  com.mojang.serialization.codecs.ListCodec (datafixerupper@6.0.8)
1273:            11            176  java.util.concurrent.ConcurrentHashMap$ValuesView (java.base@17.0.15)
1274:            11            176  jdk.dynalink.beans.StaticClass (jdk.dynalink@17.0.15)
1275:            11            176  net.minecraft.util.ExtraCodecs$$Lambda$1121/0x000000080057a3c8 (minecraft@1.20.1)
1276:            11            176  net.minecraft.util.datafix.schemas.V3327$$Lambda$2189/0x000000080087d0e0 (minecraft@1.20.1)
1277:             2            176  net.minecraft.world.level.block.AttachedStemBlock (minecraft@1.20.1)
1278:             2            176  net.minecraft.world.level.block.BrushableBlock (minecraft@1.20.1)
1279:             2            176  net.minecraft.world.level.block.FungusBlock (minecraft@1.20.1)
1280:             2            176  net.minecraft.world.level.block.IronBarsBlock (minecraft@1.20.1)
1281:             2            176  net.minecraft.world.level.block.LiquidBlock (minecraft@1.20.1)
1282:             2            176  net.minecraft.world.level.block.StemBlock (minecraft@1.20.1)
1283:             2            176  net.minecraft.world.level.block.WeightedPressurePlateBlock (minecraft@1.20.1)
1284:            11            176  org.apache.logging.log4j.core.util.datetime.FastDateParser$NumberStrategy (org.apache.logging.log4j.core@2.19.0)
1285:             1            168  [[Ljava.math.BigInteger; (java.base@17.0.15)
1286:             3            168  com.google.common.collect.MapMakerInternalMap (com.google.common@31.1-jre)
1287:             3            168  com.google.gson.internal.LinkedTreeMap
1288:             7            168  com.sun.org.apache.xerces.internal.util.FeatureState (java.xml@17.0.15)
1289:             7            168  java.lang.System$Logger$Level (java.base@17.0.15)
1290:             7            168  java.time.DayOfWeek (java.base@17.0.15)
1291:             7            168  java.time.ZoneOffset (java.base@17.0.15)
1292:             3            168  javax.management.openmbean.OpenMBeanOperationInfoSupport (java.management@17.0.15)
1293:             3            168  jdk.dynalink.beans.StaticClassLinker$SingleClassStaticsLinker (jdk.dynalink@17.0.15)
1294:             7            168  jdk.xml.internal.JdkProperty$State (java.xml@17.0.15)
1295:             7            168  net.minecraft.world.entity.vehicle.AbstractMinecart$Type (minecraft@1.20.1)
1296:             3            168  net.minecraft.world.item.GameMasterBlockItem (minecraft@1.20.1)
1297:             7            168  net.minecraft.world.level.block.SkullBlock$Types (minecraft@1.20.1)
1298:             7            168  net.minecraftforge.eventbus.Names$Method (net.minecraftforge.eventbus)
1299:             7            168  net.minecraftforge.registries.DeferredRegister$$Lambda$1502/0x0000000800734aa0 (forge@47.4.13)
1300:             7            168  net.minecraftforge.registries.DeferredRegister$RegistryHolder (forge@47.4.13)
1301:             7            168  org.apache.logging.log4j.core.pattern.LoggerPatternConverter (org.apache.logging.log4j.core@2.19.0)
1302:             7            168  org.openjdk.nashorn.internal.ir.FunctionNode$Kind (org.openjdk.nashorn)
1303:             7            168  org.openjdk.nashorn.internal.runtime.Context$1 (org.openjdk.nashorn)
1304:             7            168  org.openjdk.nashorn.internal.runtime.arrays.ObjectArrayData (org.openjdk.nashorn)
1305:             7            168  sun.security.x509.NetscapeCertTypeExtension$MapEntry (java.base@17.0.15)
1306:             7            168  sun.security.x509.PolicyInformation (java.base@17.0.15)
1307:             2            160  [Ljava.lang.constant.DirectMethodHandleDesc$Kind; (java.base@17.0.15)
1308:             3            160  [Ljava.util.logging.Level; (java.logging@17.0.15)
1309:             1            160  [Lnet.minecraftforge.installer.json.Version$Library;
1310:             4            160  [Lorg.apache.logging.log4j.core.util.datetime.FastDatePrinter$Rule; (org.apache.logging.log4j.core@2.19.0)
1311:             5            160  com.google.common.base.Splitter (com.google.common@31.1-jre)
1312:            10            160  com.google.gson.internal.ConstructorConstructor$9
1313:            10            160  com.mojang.brigadier.LiteralMessage (brigadier@1.1.8)
1314:             4            160  java.lang.invoke.BoundMethodHandle$Species_LIL (java.base@17.0.15)
1315:             5            160  java.lang.invoke.VarHandle$AccessType (java.base@17.0.15)
1316:            10            160  java.util.Formatter$Flags (java.base@17.0.15)
1317:             4            160  java.util.ServiceLoader$LazyClassPathLookupIterator (java.base@17.0.15)
1318:             5            160  java.util.concurrent.atomic.LongAdder (java.base@17.0.15)
1319:             5            160  javax.management.StandardEmitterMBean (java.management@17.0.15)
1320:             4            160  javax.xml.catalog.CatalogFeatures$Feature (java.xml@17.0.15)
1321:             4            160  jdk.internal.math.FloatingDecimal$BinaryToASCIIBuffer (java.base@17.0.15)
1322:            10            160  net.fabricmc.loader.impl.metadata.SimplePerson (net.fabricmc.loader@2.6.0+0.15.0+1.20.1-full)
1323:             5            160  net.minecraft.client.telemetry.TelemetryProperty$GameMode (minecraft@1.20.1)
1324:             2            160  net.minecraft.core.DefaultedMappedRegistry (minecraft@1.20.1)
1325:            10            160  net.minecraft.util.datafix.schemas.V1451$$Lambda$1946/0x0000000800842f98 (minecraft@1.20.1)
1326:             2            160  net.minecraft.world.level.block.AzaleaBlock (minecraft@1.20.1)
1327:             2            160  net.minecraft.world.level.block.BeehiveBlock (minecraft@1.20.1)
1328:            10            160  net.minecraft.world.level.block.Blocks$$Lambda$1640/0x0000000800765bb8 (minecraft@1.20.1)
1329:             2            160  net.minecraft.world.level.block.CampfireBlock (minecraft@1.20.1)
1330:             2            160  net.minecraft.world.level.block.LanternBlock (minecraft@1.20.1)
1331:             2            160  net.minecraft.world.level.block.MushroomBlock (minecraft@1.20.1)
1332:             2            160  net.minecraft.world.level.block.NyliumBlock (minecraft@1.20.1)
1333:             2            160  net.minecraft.world.level.block.PoweredRailBlock (minecraft@1.20.1)
1334:             2            160  net.minecraft.world.level.block.RedStoneOreBlock (minecraft@1.20.1)
1335:             2            160  net.minecraft.world.level.block.RootsBlock (minecraft@1.20.1)
1336:             2            160  net.minecraft.world.level.block.SandBlock (minecraft@1.20.1)
1337:             2            160  net.minecraft.world.level.block.TallGrassBlock (minecraft@1.20.1)
1338:             2            160  net.minecraft.world.level.block.TorchBlock (minecraft@1.20.1)
1339:             2            160  net.minecraft.world.level.block.WallTorchBlock (minecraft@1.20.1)
1340:             2            160  net.minecraft.world.level.block.piston.PistonBaseBlock (minecraft@1.20.1)
1341:             4            160  net.minecraft.world.level.block.state.properties.DirectionProperty (minecraft@1.20.1)
1342:             4            160  net.minecraftforge.coremod.CoreMod (net.minecraftforge.coremod)
1343:            10            160  net.minecraftforge.coremod.NashornFactory$$Lambda$917/0x00000008005004e0 (net.minecraftforge.coremod)
1344:            10            160  net.minecraftforge.registries.NamespacedDefaultedWrapper$Factory (forge@47.4.13)
1345:             4            160  org.antlr.v4.runtime.atn.TokensStartState (org.antlr.antlr4.runtime@4.9.1)
1346:            10            160  org.apache.logging.log4j.core.impl.ThreadContextDataInjector$ForCopyOnWriteThreadContextMap (org.apache.logging.log4j.core@2.19.0)
1347:             5            160  org.objectweb.asm.Handle (org.objectweb.asm@9.8)
1348:             5            160  org.openjdk.nashorn.internal.codegen.LocalVariableTypesCalculator$LvarType (org.openjdk.nashorn)
1349:             5            160  org.openjdk.nashorn.internal.codegen.LocalVariableTypesCalculator$TypeHolderExpression (org.openjdk.nashorn)
1350:             4            160  org.openjdk.nashorn.internal.objects.Global$LexicalScope (org.openjdk.nashorn)
1351:             4            160  org.openjdk.nashorn.internal.runtime.SpillProperty$Accessors (org.openjdk.nashorn)
1352:             4            160  sun.nio.cs.UTF_8$Decoder (java.base@17.0.15)
1353:             5            160  sun.util.locale.provider.LocaleProviderAdapter$Type (java.base@17.0.15)
1354:            10            160  sun.util.logging.internal.LoggingProviderImpl$JULWrapper (java.logging@17.0.15)
1355:             6            152  [Lcpw.mods.modlauncher.api.IModuleLayerManager$Layer; (cpw.mods.modlauncher@10.0.9)
1356:             1            152  org.apache.logging.log4j.core.config.xml.XmlConfiguration (org.apache.logging.log4j.core@2.19.0)
1357:             1            144  [Ljava.lang.invoke.VarHandle$AccessMode; (java.base@17.0.15)
1358:             2            144  [Lorg.antlr.v4.runtime.dfa.DFA; (org.antlr.antlr4.runtime@4.9.1)
1359:             2            144  [Lorg.apache.logging.log4j.core.pattern.LogEventPatternConverter; (org.apache.logging.log4j.core@2.19.0)
1360:             3            144  com.google.common.collect.LinkedHashMultimap (com.google.common@31.1-jre)
1361:             3            144  com.google.common.collect.LinkedHashMultimap$ValueEntry (com.google.common@31.1-jre)
1362:             6            144  com.google.gson.internal.$Gson$Types$ParameterizedTypeImpl
1363:             6            144  com.mojang.serialization.codecs.EitherCodec (datafixerupper@6.0.8)
1364:             6            144  com.mojang.serialization.codecs.RecordCodecBuilder$Instance$$Lambda$1067/0x000000080056a4f0 (datafixerupper@6.0.8)
1365:             6            144  com.sun.org.apache.xerces.internal.util.Status (java.xml@17.0.15)
1366:             6            144  java.lang.Thread$State (java.base@17.0.15)
1367:             3            144  java.lang.ThreadGroup (java.base@17.0.15)
1368:             1            144  java.text.DecimalFormat (java.base@17.0.15)
1369:             3            144  java.time.temporal.JulianFields$Field (java.base@17.0.15)
1370:             6            144  java.util.concurrent.ConcurrentHashMap$KeySetView (java.base@17.0.15)
1371:             6            144  java.util.concurrent.ConcurrentLinkedQueue$Node (java.base@17.0.15)
1372:             3            144  java.util.concurrent.ConcurrentSkipListMap (java.base@17.0.15)
1373:             9            144  jdk.internal.module.ServicesCatalog (java.base@17.0.15)
1374:             6            144  net.minecraft.util.StringRepresentable$EnumCodec (minecraft@1.20.1)
1375:             9            144  net.minecraft.util.datafix.fixes.NamespacedTypeRenameFix$$Lambda$2279/0x00000008008a5348 (minecraft@1.20.1)
1376:             6            144  net.minecraft.util.datafix.fixes.SimplestEntityRenameFix$$Lambda$2231/0x000000080088b908 (minecraft@1.20.1)
1377:             9            144  net.minecraft.util.datafix.schemas.V1451_1$$Lambda$1948/0x0000000800843690 (minecraft@1.20.1)
1378:             9            144  net.minecraft.world.effect.MobEffect$$Lambda$1583/0x0000000800751c10 (minecraft@1.20.1)
1379:             6            144  net.minecraftforge.fml.common.asm.ObjectHolderDefinalize$VanillaObjectHolderData (fmlloader@1.20.1-47.4.13)
1380:             6            144  net.minecraftforge.fml.loading.moddiscovery.BackgroundScanHandler$ScanStatus (fmlloader@1.20.1-47.4.13)
1381:             3            144  org.antlr.v4.runtime.atn.PlusBlockStartState (org.antlr.antlr4.runtime@4.9.1)
1382:             6            144  org.apache.commons.lang3.text.translate.NumericEntityEscaper (org.apache.commons.lang3@3.12.0)
1383:             6            144  org.apache.logging.log4j.core.LifeCycle$State (org.apache.logging.log4j.core@2.19.0)
1384:             9            144  org.apache.logging.log4j.core.lookup.JmxRuntimeInputArgumentsLookup (org.apache.logging.log4j.core@2.19.0)
1385:             9            144  org.apache.logging.log4j.core.lookup.MapLookup (org.apache.logging.log4j.core@2.19.0)
1386:             3            144  org.apache.logging.log4j.message.ReusableParameterizedMessage (org.apache.logging.log4j@2.19.0)
1387:             6            144  org.apache.logging.slf4j.Log4jMarker (org.apache.logging.log4j.slf4j@2.19.0)
1388:             6            144  org.openjdk.nashorn.internal.codegen.Condition (org.openjdk.nashorn)
1389:             6            144  org.openjdk.nashorn.internal.runtime.Source$RawData (org.openjdk.nashorn)
1390:             6            144  org.spongepowered.asm.logging.Level (org.spongepowered.mixin)
1391:             6            144  org.spongepowered.asm.service.modlauncher.Blackboard$Key (org.spongepowered.mixin)
1392:             6            144  sun.reflect.generics.repository.FieldRepository (java.base@17.0.15)
1393:             6            144  sun.security.util.DisabledAlgorithmConstraints$Constraint$Operator (java.base@17.0.15)
1394:             9            144  sun.security.x509.GeneralNames (java.base@17.0.15)
1395:             4            136  [Ljava.lang.CharSequence; (java.base@17.0.15)
1396:             1            136  [Ljava.time.temporal.ChronoField; (java.base@17.0.15)
1397:             5            136  [Lnet.minecraftforge.fml.earlydisplay.SimpleBufferBuilder$Element; (fmlearlydisplay@1.20.1-47.4.13)
1398:             1            136  [Lorg.spongepowered.asm.mixin.MixinEnvironment$Option; (org.spongepowered.mixin)
1399:             4            136  [Lsun.invoke.util.ValueConversions$WrapperCache; (java.base@17.0.15)
1400:             1            136  org.apache.logging.log4j.core.config.NullConfiguration (org.apache.logging.log4j.core@2.19.0)
1401:             3            128  [Ljava.lang.Thread; (java.base@17.0.15)
1402:             2            128  [Ljava.time.Month; (java.base@17.0.15)
1403:             4            128  [Ljdk.dynalink.linker.GuardingTypeConverterFactory; (jdk.dynalink@17.0.15)
1404:             2            128  [Lnet.minecraft.core.FrontAndTop; (minecraft@1.20.1)
1405:             1            128  com.google.common.cache.LocalCache (com.google.common@31.1-jre)
1406:             8            128  com.google.gson.TypeAdapter$1
1407:             4            128  com.google.gson.internal.bind.MapTypeAdapterFactory$Adapter
1408:             4            128  com.google.gson.internal.bind.ReflectiveTypeAdapterFactory (com.google.gson@2.10)
1409:             4            128  com.sun.jmx.mbeanserver.DefaultMXBeanMappingFactory$ArrayMapping (java.management@17.0.15)
1410:             4            128  java.io.ByteArrayInputStream (java.base@17.0.15)
1411:             4            128  java.lang.StackWalker (java.base@17.0.15)
1412:             4            128  java.security.MessageDigest$Delegate$CloneableDelegate (java.base@17.0.15)
1413:             4            128  java.util.ServiceLoader$ModuleServicesLookupIterator (java.base@17.0.15)
1414:             4            128  java.util.concurrent.atomic.AtomicReferenceFieldUpdater$AtomicReferenceFieldUpdaterImpl (java.base@17.0.15)
1415:             4            128  java.util.concurrent.locks.AbstractQueuedSynchronizer$ConditionNode (java.base@17.0.15)
1416:             4            128  java.util.stream.Collectors$CollectorImpl (java.base@17.0.15)
1417:             4            128  java.util.stream.FindOps$FindOp (java.base@17.0.15)
1418:             4            128  javax.script.SimpleScriptContext (java.scripting@17.0.15)
1419:             4            128  jdk.dynalink.DynamicLinker (jdk.dynalink@17.0.15)
1420:             4            128  jdk.dynalink.TypeConverterFactory (jdk.dynalink@17.0.15)
1421:             4            128  jdk.dynalink.linker.support.CompositeTypeBasedGuardingDynamicLinker$ClassToLinker (jdk.dynalink@17.0.15)
1422:             4            128  jdk.internal.loader.NativeLibraries$Unloader (java.base@17.0.15)
1423:             8            128  jdk.internal.module.ModuleReferences$$Lambda$27/0x00000008000b43a8 (java.base@17.0.15)
1424:             4            128  jdk.internal.reflect.UnsafeQualifiedObjectFieldAccessorImpl (java.base@17.0.15)
1425:             8            128  jdk.proxy1.$Proxy11 (jdk.proxy1)
1426:             8            128  net.minecraft.util.datafix.schemas.V1451_2$$Lambda$1968/0x00000008008477a0 (minecraft@1.20.1)
1427:             8            128  net.minecraft.util.datafix.schemas.V501$$Lambda$1882/0x0000000800837960 (minecraft@1.20.1)
1428:             8            128  net.minecraft.util.datafix.schemas.V701$$Lambda$1887/0x0000000800839238 (minecraft@1.20.1)
1429:             4            128  net.minecraft.world.item.Rarity (minecraft@1.20.1)
1430:             4            128  net.minecraft.world.level.block.state.properties.StructureMode (minecraft@1.20.1)
1431:             4            128  net.minecraft.world.level.block.state.properties.Tilt (minecraft@1.20.1)
1432:             2            128  net.minecraft.world.phys.AABB (minecraft@1.20.1)
1433:             1            128  net.minecraftforge.fml.earlydisplay.DisplayWindow (fmlearlydisplay@1.20.1-47.4.13)
1434:             4            128  net.minecraftforge.fml.earlydisplay.SimpleBufferBuilder$Format (fmlearlydisplay@1.20.1-47.4.13)
1435:             4            128  net.minecraftforge.fml.loading.FMLPaths (fmlloader@1.20.1-47.4.13)
1436:             4            128  org.apache.logging.log4j.core.appender.DefaultErrorHandler (org.apache.logging.log4j.core@2.19.0)
1437:             2            128  org.apache.logging.log4j.core.appender.RollingRandomAccessFileAppender (org.apache.logging.log4j.core@2.19.0)
1438:             2            128  org.apache.logging.log4j.core.appender.rolling.PatternProcessor (org.apache.logging.log4j.core@2.19.0)
1439:             4            128  org.apache.logging.log4j.core.config.AwaitCompletionReliabilityStrategy (org.apache.logging.log4j.core@2.19.0)
1440:             4            128  org.apache.logging.log4j.core.layout.StringBuilderEncoder (org.apache.logging.log4j.core@2.19.0)
1441:             8            128  org.apache.logging.log4j.core.lookup.ContextMapLookup (org.apache.logging.log4j.core@2.19.0)
1442:             8            128  org.apache.logging.log4j.core.lookup.DateLookup (org.apache.logging.log4j.core@2.19.0)
1443:             8            128  org.apache.logging.log4j.core.lookup.EnvironmentLookup (org.apache.logging.log4j.core@2.19.0)
1444:             8            128  org.apache.logging.log4j.core.lookup.EventLookup (org.apache.logging.log4j.core@2.19.0)
1445:             8            128  org.apache.logging.log4j.core.lookup.JavaLookup (org.apache.logging.log4j.core@2.19.0)
1446:             8            128  org.apache.logging.log4j.core.lookup.Log4jLookup (org.apache.logging.log4j.core@2.19.0)
1447:             8            128  org.apache.logging.log4j.core.lookup.LowerLookup (org.apache.logging.log4j.core@2.19.0)
1448:             8            128  org.apache.logging.log4j.core.lookup.MainMapLookup (org.apache.logging.log4j.core@2.19.0)
1449:             8            128  org.apache.logging.log4j.core.lookup.MarkerLookup (org.apache.logging.log4j.core@2.19.0)
1450:             8            128  org.apache.logging.log4j.core.lookup.ResourceBundleLookup (org.apache.logging.log4j.core@2.19.0)
1451:             8            128  org.apache.logging.log4j.core.lookup.StructuredDataLookup (org.apache.logging.log4j.core@2.19.0)
1452:             8            128  org.apache.logging.log4j.core.lookup.UpperLookup (org.apache.logging.log4j.core@2.19.0)
1453:             8            128  org.apache.logging.log4j.core.util.datetime.FastDateParser$CopyQuotedStrategy (org.apache.logging.log4j.core@2.19.0)
1454:             8            128  org.apache.logging.log4j.core.util.datetime.FastDatePrinter$CharacterLiteral (org.apache.logging.log4j.core@2.19.0)
1455:             8            128  org.apache.logging.log4j.core.util.datetime.FastDatePrinter$TwoDigitNumberField (org.apache.logging.log4j.core@2.19.0)
1456:             4            128  org.openjdk.nashorn.api.scripting.NashornScriptEngine (org.openjdk.nashorn)
1457:             4            128  org.openjdk.nashorn.internal.codegen.CompilerConstants$8 (org.openjdk.nashorn)
1458:             4            128  org.openjdk.nashorn.internal.runtime.Context$ThrowErrorManager (org.openjdk.nashorn)
1459:             4            128  org.openjdk.nashorn.internal.runtime.Timing (org.openjdk.nashorn)
1460:             4            128  org.openjdk.nashorn.internal.runtime.options.Options (org.openjdk.nashorn)
1461:             2            128  org.openjdk.nashorn.internal.scripts.JO5P0 (org.openjdk.nashorn.structures)
1462:             2            128  sun.security.provider.SHA2$SHA256 (java.base@17.0.15)
1463:             4            120  [Ljava.lang.StackTraceElement; (java.base@17.0.15)
1464:             3            120  [Ljava.lang.invoke.LambdaForm$BasicType; (java.base@17.0.15)
1465:             5            120  com.mojang.serialization.Codec$4 (datafixerupper@6.0.8)
1466:             5            120  com.mojang.serialization.codecs.KeyDispatchCodec$$Lambda$1479/0x0000000800719818 (datafixerupper@6.0.8)
1467:             3            120  com.mojang.serialization.codecs.RecordCodecBuilder$Instance$5 (datafixerupper@6.0.8)
1468:             5            120  com.sun.org.apache.xerces.internal.util.PropertyState (java.xml@17.0.15)
1469:             5            120  com.sun.org.apache.xerces.internal.utils.XMLSecurityPropertyManager$State (java.xml@17.0.15)
1470:             3            120  cpw.mods.modlauncher.log.TransformingThrowablePatternConverter (cpw.mods.modlauncher@10.0.9)
1471:             3            120  java.io.FilePermission (java.base@17.0.15)
1472:             5            120  java.lang.Double (java.base@17.0.15)
1473:             5            120  java.lang.ProcessBuilder$Redirect$Type (java.base@17.0.15)
1474:             5            120  java.lang.ThreadLocal$ThreadLocalMap (java.base@17.0.15)
1475:             3            120  java.lang.reflect.ProxyGenerator$ProxyMethod (java.base@17.0.15)
1476:             5            120  java.time.Instant (java.base@17.0.15)
1477:             5            120  java.time.format.DateTimeFormatterBuilder$OffsetIdPrinterParser (java.base@17.0.15)
1478:             5            120  java.time.format.SignStyle (java.base@17.0.15)
1479:             3            120  java.util.PropertyResourceBundle (java.base@17.0.15)
1480:             3            120  java.util.regex.Pattern$Loop (java.base@17.0.15)
1481:             5            120  java.util.stream.StreamOpFlag$Type (java.base@17.0.15)
1482:             5            120  javax.tools.Diagnostic$Kind (java.compiler@17.0.15)
1483:             5            120  jdk.dynalink.StandardOperation (jdk.dynalink@17.0.15)
1484:             5            120  jdk.internal.math.FloatingDecimal$PreparedASCIIToBinaryBuffer (java.base@17.0.15)
1485:             5            120  joptsimple.internal.MethodInvokingValueConverter (jopt.simple@5.0.4)
1486:             5            120  net.minecraft.util.ExtraCodecs$3 (minecraft@1.20.1)
1487:             5            120  net.minecraft.util.StringRepresentable$$Lambda$1044/0x0000000800566000 (minecraft@1.20.1)
1488:             3            120  net.minecraft.util.datafix.fixes.AddFlagIfNotPresentFix (minecraft@1.20.1)
1489:             5            120  net.minecraft.util.datafix.fixes.BlockRenameFixWithJigsaw$$Lambda$2323/0x00000008008b5020 (minecraft@1.20.1)
1490:             5            120  net.minecraft.util.datafix.fixes.EntityRenameFix$$Lambda$2238/0x0000000800893630 (minecraft@1.20.1)
1491:             3            120  net.minecraft.world.effect.InstantenousMobEffect (minecraft@1.20.1)
1492:             5            120  net.minecraft.world.level.block.state.properties.DripstoneThickness (minecraft@1.20.1)
1493:             5            120  net.minecraft.world.level.block.state.properties.StairsShape (minecraft@1.20.1)
1494:             5            120  net.minecraft.world.level.material.PushReaction (minecraft@1.20.1)
1495:             5            120  net.minecraftforge.fml.earlydisplay.RenderElement (fmlearlydisplay@1.20.1-47.4.13)
1496:             5            120  net.minecraftforge.fml.loading.LanguageLoadingProvider$ModLanguageWrapper (fmlloader@1.20.1-47.4.13)
1497:             3            120  org.antlr.v4.runtime.atn.PlusLoopbackState (org.antlr.antlr4.runtime@4.9.1)
1498:             3            120  org.apache.logging.log4j.core.config.ConfigurationSource (org.apache.logging.log4j.core@2.19.0)
1499:             3            120  org.apache.logging.log4j.core.pattern.HighlightConverter (org.apache.logging.log4j.core@2.19.0)
1500:             5            120  org.apache.logging.log4j.core.pattern.PatternParser$ParserState (org.apache.logging.log4j.core@2.19.0)
1501:             5            120  org.apache.logging.log4j.core.time.MutableInstant (org.apache.logging.log4j.core@2.19.0)
1502:             3            120  org.apache.logging.log4j.core.util.datetime.FastDateParser (org.apache.logging.log4j.core@2.19.0)
1503:             5            120  org.objectweb.asm.Edge (org.objectweb.asm@9.8)
1504:             5            120  org.openjdk.nashorn.internal.WeakValueCache (org.openjdk.nashorn)
1505:             5            120  org.openjdk.nashorn.internal.codegen.CodeGenerator$TypeBounds (org.openjdk.nashorn)
1506:             5            120  sun.nio.ch.Util$BufferCache (java.base@17.0.15)
1507:             5            120  sun.security.jca.ServiceId (java.base@17.0.15)
1508:             3            120  sun.util.resources.Bundles$BundleReference (java.base@17.0.15)
1509:             2            112  [Ljava.nio.file.attribute.PosixFilePermission; (java.base@17.0.15)
1510:             1            112  [Ljava.time.LocalTime; (java.base@17.0.15)
1511:             4            112  [Ljoptsimple.util.PathProperties; (jopt.simple@5.0.4)
1512:             2            112  [Lnet.minecraft.world.level.block.state.properties.RailShape; (minecraft@1.20.1)
1513:             2            112  [Lorg.openjdk.nashorn.internal.codegen.ClassEmitter$Flag; (org.openjdk.nashorn)
1514:             7            112  com.google.gson.internal.bind.TreeTypeAdapter$GsonContextImpl (com.google.gson@2.10)
1515:             2            112  java.lang.invoke.BoundMethodHandle$Species_LLILLL (java.base@17.0.15)
1516:             2            112  java.nio.DirectIntBufferRU (java.base@17.0.15)
1517:             7            112  java.util.IdentityHashMap$KeySet (java.base@17.0.15)
1518:             7            112  jdk.proxy2.$Proxy13 (jdk.proxy2)
1519:             7            112  net.minecraft.util.datafix.schemas.V1451_3$$Lambda$1970/0x000000080084e000 (minecraft@1.20.1)
1520:             7            112  net.minecraft.util.datafix.schemas.V1451_3$$Lambda$1971/0x000000080084e248 (minecraft@1.20.1)
1521:             7            112  net.minecraft.util.datafix.schemas.V1451_3$$Lambda$1972/0x000000080084e470 (minecraft@1.20.1)
1522:             7            112  net.minecraft.util.datafix.schemas.V1451_3$$Lambda$1973/0x000000080084e698 (minecraft@1.20.1)
1523:             7            112  net.minecraft.util.datafix.schemas.V1451_3$$Lambda$1974/0x000000080084e8c0 (minecraft@1.20.1)
1524:             7            112  net.minecraft.util.datafix.schemas.V1451_3$$Lambda$1975/0x000000080084eae8 (minecraft@1.20.1)
1525:             7            112  net.minecraft.util.datafix.schemas.V1451_3$$Lambda$1976/0x000000080084ed10 (minecraft@1.20.1)
1526:             7            112  net.minecraft.util.datafix.schemas.V1451_3$$Lambda$1977/0x000000080084ef38 (minecraft@1.20.1)
1527:             7            112  net.minecraft.util.datafix.schemas.V1451_3$$Lambda$1978/0x000000080084f160 (minecraft@1.20.1)
1528:             7            112  net.minecraft.util.datafix.schemas.V1451_3$$Lambda$1979/0x000000080084f388 (minecraft@1.20.1)
1529:             7            112  net.minecraft.util.datafix.schemas.V1451_3$$Lambda$1980/0x000000080084f5b0 (minecraft@1.20.1)
1530:             7            112  net.minecraft.util.datafix.schemas.V1451_3$$Lambda$1981/0x000000080084f7d8 (minecraft@1.20.1)
1531:             7            112  net.minecraft.util.datafix.schemas.V3327$$Lambda$2188/0x000000080087ceb8 (minecraft@1.20.1)
1532:             2            112  org.antlr.v4.runtime.atn.ATN (org.antlr.antlr4.runtime@4.9.1)
1533:             2            112  org.spongepowered.asm.mixin.MixinEnvironment (org.spongepowered.mixin)
1534:             7            112  sun.security.x509.CertificatePolicyId (java.base@17.0.15)
1535:             1            104  [Lorg.apache.logging.log4j.core.util.datetime.FixedDateFormat$FixedFormat; (org.apache.logging.log4j.core@2.19.0)
1536:             3            104  [Lorg.openjdk.nashorn.internal.codegen.CompilationPhase; (org.openjdk.nashorn)
1537:             2            104  [Lsun.util.logging.PlatformLogger$Level; (java.base@17.0.15)
1538:             1            104  cpw.mods.modlauncher.TransformingClassLoader (cpw.mods.modlauncher@10.0.9)
1539:             1            104  jdk.internal.loader.ClassLoaders$AppClassLoader (java.base@17.0.15)
1540:             1            104  jdk.internal.loader.ClassLoaders$BootClassLoader (java.base@17.0.15)
1541:             1            104  jdk.internal.loader.ClassLoaders$PlatformClassLoader (java.base@17.0.15)
1542:             1            104  sun.security.jca.ProviderList$1 (java.base@17.0.15)
1543:             1            104  sun.security.rsa.SunRsaSign (java.base@17.0.15)
1544:             2             96  [Lcom.google.common.cache.LocalCache$EntryFactory; (com.google.common@31.1-jre)
1545:             3             96  [Lcom.google.common.collect.MapMakerInternalMap$Segment; (com.google.common@31.1-jre)
1546:             2             96  [Ljava.lang.System$Logger$Level; (java.base@17.0.15)
1547:             2             96  [Ljava.time.DayOfWeek; (java.base@17.0.15)
1548:             4             96  [Ljdk.dynalink.linker.ConversionComparator; (jdk.dynalink@17.0.15)
1549:             2             96  [Ljdk.dynalink.linker.GuardedInvocation; (jdk.dynalink@17.0.15)
1550:             3             96  [Lnet.minecraftforge.accesstransformer.AccessTransformer$Modifier; (accesstransformers@8.0.4)
1551:             4             96  [Lnet.minecraftforge.api.distmarker.Dist; (mergetool@1.1.5)
1552:             2             96  [Lorg.apache.logging.log4j.core.Filter; (org.apache.logging.log4j.core@2.19.0)
1553:             2             96  [Lorg.apache.logging.log4j.spi.StandardLevel; (org.apache.logging.log4j@2.19.0)
1554:             3             96  [Lorg.openjdk.nashorn.internal.codegen.types.Type; (org.openjdk.nashorn)
1555:             1             96  [Lsun.security.util.ObjectIdentifier; (java.base@17.0.15)
1556:             1             96  [Lsun.util.locale.BaseLocale; (java.base@17.0.15)
1557:             1             96  [[Ljava.lang.Byte; (java.base@17.0.15)
1558:             4             96  com.electronwill.nightconfig.core.io.IndentStyle (com.electronwill.nightconfig.core@3.6.4)
1559:             3             96  com.electronwill.nightconfig.core.io.ParsingMode (com.electronwill.nightconfig.core@3.6.4)
1560:             4             96  com.google.common.cache.LocalCache$AccessQueue$1 (com.google.common@31.1-jre)
1561:             4             96  com.google.common.collect.AbstractIterator$State (com.google.common@31.1-jre)
1562:             2             96  com.google.common.collect.HashMultimap (com.google.common@31.1-jre)
1563:             4             96  com.google.gson.ReflectionAccessFilter$FilterResult (com.google.gson@2.10)
1564:             4             96  com.google.gson.ReflectionAccessFilter$FilterResult
1565:             4             96  com.google.gson.internal.ConstructorConstructor (com.google.gson@2.10)
1566:             4             96  com.google.gson.internal.bind.MapTypeAdapterFactory (com.google.gson@2.10)
1567:             4             96  com.mojang.serialization.Codec$1 (datafixerupper@6.0.8)
1568:             3             96  com.mojang.serialization.codecs.RecordCodecBuilder$Instance$$Lambda$1097/0x000000080056bbe0 (datafixerupper@6.0.8)
1569:             3             96  com.mojang.serialization.codecs.RecordCodecBuilder$Instance$$Lambda$1098/0x0000000800575f70 (datafixerupper@6.0.8)
1570:             3             96  com.mojang.serialization.codecs.RecordCodecBuilder$Instance$1 (datafixerupper@6.0.8)
1571:             3             96  com.sun.jmx.mbeanserver.DefaultMXBeanMappingFactory$EnumMapping (java.management@17.0.15)
1572:             2             96  com.sun.jmx.mbeanserver.MBeanIntrospector$MBeanInfoMap (java.management@17.0.15)
1573:             2             96  com.sun.jmx.mbeanserver.MBeanIntrospector$PerInterfaceMap (java.management@17.0.15)
1574:             4             96  com.sun.jna.NativeMappedConverter (com.sun.jna@5.12.1)
1575:             2             96  com.sun.management.internal.GarbageCollectorExtImpl (jdk.management@17.0.15)
1576:             3             96  com.sun.org.apache.xerces.internal.utils.XMLSecurityManager$NameMap (java.xml@17.0.15)
1577:             3             96  com.sun.org.apache.xerces.internal.xni.QName (java.xml@17.0.15)
1578:             6             96  com.sun.proxy.jdk.proxy1.$Proxy26 (jdk.proxy1)
1579:             4             96  cpw.mods.jarhandling.SecureJar$Status (cpw.mods.securejarhandler)
1580:             4             96  cpw.mods.modlauncher.ModuleLayerHandler$LayerInfo (cpw.mods.modlauncher@10.0.9)
1581:             4             96  cpw.mods.modlauncher.TransformList (cpw.mods.modlauncher@10.0.9)
1582:             4             96  cpw.mods.modlauncher.TransformTargetLabel$LabelType (cpw.mods.modlauncher@10.0.9)
1583:             4             96  cpw.mods.modlauncher.api.IModuleLayerManager$Layer (cpw.mods.modlauncher@10.0.9)
1584:             4             96  cpw.mods.modlauncher.api.ITransformer$TargetType (cpw.mods.modlauncher@10.0.9)
1585:             4             96  cpw.mods.modlauncher.api.TransformerVoteResult (cpw.mods.modlauncher@10.0.9)
1586:             1             96  io.github.zekerzhayard.forgewrapper.installer.Installer$InstallV1Wrapper
1587:             4             96  io.netty.util.ResourceLeakDetector$Level (io.netty.common@4.1.82.Final)
1588:             3             96  java.io.FileInputStream (java.base@17.0.15)
1589:             4             96  java.io.InputStreamReader (java.base@17.0.15)
1590:             3             96  java.lang.ProcessImpl$Platform (java.base@17.0.15)
1591:             3             96  java.lang.Runtime$Version (java.base@17.0.15)
1592:             3             96  java.lang.constant.DynamicConstantDesc$AnonymousDynamicConstantDesc (java.base@17.0.15)
1593:             4             96  java.lang.module.ModuleDescriptor$Modifier (java.base@17.0.15)
1594:             4             96  java.lang.module.ModuleDescriptor$Requires$Modifier (java.base@17.0.15)
1595:             1             96  java.net.FactoryURLClassLoader (java.base@17.0.15)
1596:             4             96  java.text.Normalizer$Form (java.base@17.0.15)
1597:             4             96  java.time.format.DateTimeFormatterBuilder$SettingsParser (java.base@17.0.15)
1598:             2             96  java.time.zone.ZoneOffsetTransitionRule (java.base@17.0.15)
1599:             4             96  java.util.Base64$Encoder (java.base@17.0.15)
1600:             3             96  java.util.PropertyPermission (java.base@17.0.15)
1601:             4             96  java.util.ServiceLoader$2 (java.base@17.0.15)
1602:             6             96  java.util.concurrent.ConcurrentHashMap$EntrySetView (java.base@17.0.15)
1603:             4             96  java.util.concurrent.ConcurrentLinkedQueue (java.base@17.0.15)
1604:             4             96  java.util.concurrent.Executors$RunnableAdapter (java.base@17.0.15)
1605:             3             96  java.util.concurrent.Semaphore$NonfairSync (java.base@17.0.15)
1606:             4             96  java.util.concurrent.locks.ReentrantReadWriteLock$Sync$HoldCounter (java.base@17.0.15)
1607:             1             96  java.util.jar.JarVerifier (java.base@17.0.15)
1608:             3             96  java.util.regex.Pattern$Behind (java.base@17.0.15)
1609:             2             96  java.util.regex.Pattern$GroupCurly (java.base@17.0.15)
1610:             4             96  java.util.regex.Pattern$Qtype (java.base@17.0.15)
1611:             4             96  java.util.stream.StreamShape (java.base@17.0.15)
1612:             2             96  javax.management.openmbean.TabularType (java.management@17.0.15)
1613:             4             96  jdk.dynalink.LinkerServicesImpl (jdk.dynalink@17.0.15)
1614:             4             96  jdk.dynalink.beans.GuardedInvocationComponent$ValidationType (jdk.dynalink@17.0.15)
1615:             4             96  jdk.dynalink.linker.support.DefaultInternalObjectFilter (jdk.dynalink@17.0.15)
1616:             1             96  jdk.internal.jimage.ImageReader$SharedImageReader (java.base@17.0.15)
1617:             6             96  jdk.internal.loader.ClassLoaderValue (java.base@17.0.15)
1618:             4             96  jdk.internal.logger.BootstrapLogger$LoggingBackend (java.base@17.0.15)
1619:             4             96  jdk.internal.math.FormattedFloatingDecimal$Form (java.base@17.0.15)
1620:             3             96  joptsimple.NonOptionArgumentSpec (jopt.simple@5.0.4)
1621:             2             96  net.minecraft.DetectedVersion (minecraft@1.20.1)
1622:             6             96  net.minecraft.util.ExtraCodecs$$Lambda$1117/0x0000000800579af0 (minecraft@1.20.1)
1623:             6             96  net.minecraft.util.ExtraCodecs$$Lambda$1118/0x0000000800579d38 (minecraft@1.20.1)
1624:             6             96  net.minecraft.util.StringRepresentable$EnumCodec$$Lambda$1120/0x000000080057a1a0 (minecraft@1.20.1)
1625:             3             96  net.minecraft.util.datafix.fixes.AdvancementsRenameFix (minecraft@1.20.1)
1626:             2             96  net.minecraft.util.datafix.fixes.EntityVariantFix (minecraft@1.20.1)
1627:             6             96  net.minecraft.util.datafix.fixes.SimplestEntityRenameFix$$Lambda$2233/0x000000080088bd70 (minecraft@1.20.1)
1628:             3             96  net.minecraft.util.datafix.fixes.WriteAndReadFix (minecraft@1.20.1)
1629:             4             96  net.minecraft.util.datafix.schemas.V1451_6$$Lambda$1991/0x0000000800858b48 (minecraft@1.20.1)
1630:             6             96  net.minecraft.util.datafix.schemas.V702$$Lambda$1889/0x0000000800839930 (minecraft@1.20.1)
1631:             6             96  net.minecraft.util.datafix.schemas.V99$$Lambda$1816/0x000000080081eb68 (minecraft@1.20.1)
1632:             2             96  net.minecraft.world.effect.AttackDamageMobEffect (minecraft@1.20.1)
1633:             4             96  net.minecraft.world.level.block.Blocks$$Lambda$1530/0x0000000800731488 (minecraft@1.20.1)
1634:             1             96  net.minecraft.world.level.block.CarvedPumpkinBlock (minecraft@1.20.1)
1635:             1             96  net.minecraft.world.level.block.CaveVinesBlock (minecraft@1.20.1)
1636:             1             96  net.minecraft.world.level.block.EquipableCarvedPumpkinBlock (minecraft@1.20.1)
1637:             1             96  net.minecraft.world.level.block.FireBlock (minecraft@1.20.1)
1638:             1             96  net.minecraft.world.level.block.KelpBlock (minecraft@1.20.1)
1639:             1             96  net.minecraft.world.level.block.SculkVeinBlock (minecraft@1.20.1)
1640:             1             96  net.minecraft.world.level.block.TwistingVinesBlock (minecraft@1.20.1)
1641:             4             96  net.minecraft.world.level.block.WeatheringCopper$WeatherState (minecraft@1.20.1)
1642:             1             96  net.minecraft.world.level.block.WeepingVinesBlock (minecraft@1.20.1)
1643:             4             96  net.minecraft.world.level.block.state.properties.BellAttachType (minecraft@1.20.1)
1644:             4             96  net.minecraftforge.accesstransformer.AccessTransformer$FinalState (accesstransformers@8.0.4)
1645:             4             96  net.minecraftforge.accesstransformer.AccessTransformer$Modifier (accesstransformers@8.0.4)
1646:             4             96  net.minecraftforge.fml.earlydisplay.ColourScheme$Colour (fmlearlydisplay@1.20.1-47.4.13)
1647:             3             96  net.minecraftforge.fml.earlydisplay.SimpleBufferBuilder$Element (fmlearlydisplay@1.20.1-47.4.13)
1648:             4             96  net.minecraftforge.fml.loading.progress.Message$MessageType (fmlloader@1.20.1-47.4.13)
1649:             4             96  net.minecraftforge.forgespi.locating.IModFile$Type (net.minecraftforge.forgespi@7.0.1)
1650:             3             96  net.minecraftforge.installer.HashFunction
1651:             3             96  net.minecraftforge.registries.RegistryManager (forge@47.4.13)
1652:             4             96  net.minecrell.terminalconsole.util.LoggerNamePatternSelector$LoggerNameSelector (terminalconsoleappender@1.2.0)
1653:             3             96  org.antlr.v4.runtime.VocabularyImpl (org.antlr.antlr4.runtime@4.9.1)
1654:             2             96  org.apache.logging.log4j.core.appender.rolling.RollingFileManager$EmptyQueue (org.apache.logging.log4j.core@2.19.0)
1655:             4             96  org.apache.logging.log4j.core.config.AppenderRef (org.apache.logging.log4j.core@2.19.0)
1656:             4             96  org.apache.logging.log4j.core.jmx.AppenderAdmin (org.apache.logging.log4j.core@2.19.0)
1657:             4             96  org.apache.logging.log4j.core.jmx.LoggerConfigAdmin (org.apache.logging.log4j.core@2.19.0)
1658:             2             96  org.apache.logging.log4j.core.lookup.RuntimeStrSubstitutor (org.apache.logging.log4j.core@2.19.0)
1659:             4             96  org.apache.logging.log4j.core.pattern.MarkerSimpleNamePatternConverter (org.apache.logging.log4j.core@2.19.0)
1660:             4             96  org.apache.logging.log4j.core.pattern.NameAbbreviator$MaxElementAbbreviator (org.apache.logging.log4j.core@2.19.0)
1661:             3             96  org.apache.logging.log4j.core.util.Log4jThreadFactory (org.apache.logging.log4j.core@2.19.0)
1662:             3             96  org.apache.logging.log4j.core.util.datetime.FastDatePrinter (org.apache.logging.log4j.core@2.19.0)
1663:             3             96  org.apache.logging.log4j.core.util.datetime.FixedDateFormat$FixedTimeZoneFormat (org.apache.logging.log4j.core@2.19.0)
1664:             4             96  org.lwjgl.system.Platform$Architecture (org.lwjgl@3.3.1+7)
1665:             3             96  org.openjdk.nashorn.internal.ir.LiteralNode$BooleanLiteralNode (org.openjdk.nashorn)
1666:             3             96  org.openjdk.nashorn.internal.ir.LiteralNode$NullLiteralNode (org.openjdk.nashorn)
1667:             4             96  org.openjdk.nashorn.internal.runtime.GlobalConstants (org.openjdk.nashorn)
1668:             1             96  org.openjdk.nashorn.internal.runtime.StructureLoader (org.openjdk.nashorn)
1669:             4             96  org.openjdk.nashorn.internal.runtime.arrays.NonExtensibleArrayFilter (org.openjdk.nashorn)
1670:             4             96  org.spongepowered.asm.mixin.MixinEnvironment$Option$Inherit (org.spongepowered.mixin)
1671:             4             96  org.spongepowered.asm.mixin.MixinEnvironment$Phase (org.spongepowered.mixin)
1672:             4             96  org.spongepowered.asm.mixin.transformer.MixinCoprocessor$ProcessResult (org.spongepowered.mixin)
1673:             4             96  org.spongepowered.asm.service.modlauncher.LoggerAdapterLog4j2 (org.spongepowered.mixin)
1674:             3             96  sun.nio.fs.NativeBuffer (java.base@17.0.15)
1675:             3             96  sun.util.resources.Bundles$CacheKey (java.base@17.0.15)
1676:             1             88  [Ljava.util.concurrent.ConcurrentMap; (java.base@17.0.15)
1677:             3             88  [Lnet.minecraft.world.level.block.MultifaceSpreader$SpreadType; (minecraft@1.20.1)
1678:             3             88  [Lorg.apache.logging.log4j.core.pattern.FormattingInfo; (org.apache.logging.log4j.core@2.19.0)
1679:             1             88  [Lorg.openjdk.nashorn.internal.ir.RuntimeNode$Request; (org.openjdk.nashorn)
1680:             1             88  com.google.gson.Gson
1681:             1             88  java.text.DecimalFormatSymbols (java.base@17.0.15)
1682:             1             88  net.minecraft.world.level.block.CaveVinesPlantBlock (minecraft@1.20.1)
1683:             1             88  net.minecraft.world.level.block.GlowLichenBlock (minecraft@1.20.1)
1684:             1             88  net.minecraft.world.level.block.KelpPlantBlock (minecraft@1.20.1)
1685:             1             88  net.minecraft.world.level.block.LayeredCauldronBlock (minecraft@1.20.1)
1686:             1             88  net.minecraft.world.level.block.PowderSnowCauldronBlock (minecraft@1.20.1)
1687:             1             88  net.minecraft.world.level.block.TwistingVinesPlantBlock (minecraft@1.20.1)
1688:             1             88  net.minecraft.world.level.block.WeepingVinesPlantBlock (minecraft@1.20.1)
1689:             1             88  net.minecraft.world.level.block.WitherRoseBlock (minecraft@1.20.1)
1690:             1             88  org.openjdk.nashorn.internal.scripts.JO12 (org.openjdk.nashorn.structures)
1691:             2             80  [Ljava.lang.OutOfMemoryError; (java.base@17.0.15)
1692:             1             80  [Ljava.time.temporal.ChronoUnit; (java.base@17.0.15)
1693:             1             80  [Ljava.util.concurrent.RunnableScheduledFuture; (java.base@17.0.15)
1694:             2             80  [Ljava.util.stream.StreamOpFlag$Type; (java.base@17.0.15)
1695:             2             80  [Lnet.minecraft.client.telemetry.TelemetryProperty$GameMode; (minecraft@1.20.1)
1696:             2             80  [Lnet.minecraft.world.level.block.state.properties.DripstoneThickness; (minecraft@1.20.1)
1697:             2             80  [Lnet.minecraft.world.level.block.state.properties.StairsShape; (minecraft@1.20.1)
1698:             1             80  [Lnet.minecraft.world.phys.Vec3; (minecraft@1.20.1)
1699:             4             80  [Lorg.apache.logging.log4j.core.config.AppenderRef; (org.apache.logging.log4j.core@2.19.0)
1700:             2             80  [Lsun.security.jca.ProviderConfig; (java.base@17.0.15)
1701:             1             80  [[Lorg.antlr.v4.runtime.atn.ATNConfig; (org.antlr.antlr4.runtime@4.9.1)
1702:             5             80  com.google.common.base.CharMatcher$Is (com.google.common@31.1-jre)
1703:             5             80  com.google.common.base.Splitter$1 (com.google.common@31.1-jre)
1704:             2             80  com.google.common.base.Stopwatch (com.google.common@31.1-jre)
1705:             5             80  com.google.gson.internal.$Gson$Types$GenericArrayTypeImpl
1706:             2             80  com.mojang.serialization.codecs.RecordCodecBuilder$Instance$$Lambda$1196/0x0000000800597a68 (datafixerupper@6.0.8)
1707:             2             80  com.mojang.serialization.codecs.RecordCodecBuilder$Instance$7 (datafixerupper@6.0.8)
1708:             2             80  com.sun.jmx.mbeanserver.DefaultMXBeanMappingFactory$TabularMapping (java.management@17.0.15)
1709:             2             80  java.io.PrintStream (java.base@17.0.15)
1710:             5             80  java.lang.Float (java.base@17.0.15)
1711:             2             80  java.lang.invoke.BoundMethodHandle$Species_D (java.base@17.0.15)
1712:             1             80  java.lang.invoke.BoundMethodHandle$Species_LLLLLLLLLLLLL (java.base@17.0.15)
1713:             2             80  java.lang.invoke.VarHandleLongs$FieldInstanceReadWrite (java.base@17.0.15)
1714:             2             80  java.time.format.DateTimeFormatterBuilder$FractionPrinterParser (java.base@17.0.15)
1715:             2             80  java.time.zone.ZoneRules (java.base@17.0.15)
1716:             2             80  java.util.Locale$Category (java.base@17.0.15)
1717:             1             80  jdk.internal.event.X509CertificateEvent (java.base@17.0.15)
1718:             1             80  jdk.internal.icu.impl.NormalizerImpl (java.base@17.0.15)
1719:             2             80  jdk.internal.loader.URLClassPath (java.base@17.0.15)
1720:             5             80  jdk.proxy1.$Proxy0 (jdk.proxy1)
1721:             5             80  jdk.proxy1.$Proxy8 (jdk.proxy1)
1722:             5             80  jdk.proxy1.$Proxy9 (jdk.proxy1)
1723:             5             80  jdk.proxy2.$Proxy16 (jdk.proxy2)
1724:             2             80  joptsimple.OptionalArgumentOptionSpec (jopt.simple@5.0.4)
1725:             5             80  net.minecraft.core.Registry$$Lambda$1468/0x000000080071e6d0 (minecraft@1.20.1)
1726:             5             80  net.minecraft.core.Registry$$Lambda$1469/0x000000080071e918 (minecraft@1.20.1)
1727:             5             80  net.minecraft.core.Registry$$Lambda$1470/0x000000080071eb60 (minecraft@1.20.1)
1728:             5             80  net.minecraft.core.Registry$$Lambda$1471/0x000000080071ed88 (minecraft@1.20.1)
1729:             5             80  net.minecraft.core.Registry$$Lambda$1472/0x000000080071efb0 (minecraft@1.20.1)
1730:             5             80  net.minecraft.core.Registry$$Lambda$1473/0x000000080071f1f8 (minecraft@1.20.1)
1731:             2             80  net.minecraft.util.datafix.fixes.BlockEntitySignDoubleSidedEditableTextFix (minecraft@1.20.1)
1732:             2             80  net.minecraft.util.datafix.fixes.CriteriaRenameFix (minecraft@1.20.1)
1733:             2             80  net.minecraft.util.datafix.fixes.GossipUUIDFix (minecraft@1.20.1)
1734:             2             80  net.minecraft.util.datafix.fixes.VillagerDataFix (minecraft@1.20.1)
1735:             5             80  net.minecraft.util.datafix.schemas.V700$$Lambda$1885/0x0000000800838b40 (minecraft@1.20.1)
1736:             1             80  net.minecraft.world.level.block.AmethystBlock (minecraft@1.20.1)
1737:             1             80  net.minecraft.world.level.block.BambooSaplingBlock (minecraft@1.20.1)
1738:             1             80  net.minecraft.world.level.block.BambooStalkBlock (minecraft@1.20.1)
1739:             1             80  net.minecraft.world.level.block.BarrelBlock (minecraft@1.20.1)
1740:             1             80  net.minecraft.world.level.block.BarrierBlock (minecraft@1.20.1)
1741:             1             80  net.minecraft.world.level.block.BeaconBlock (minecraft@1.20.1)
1742:             1             80  net.minecraft.world.level.block.BeetrootBlock (minecraft@1.20.1)
1743:             1             80  net.minecraft.world.level.block.BellBlock (minecraft@1.20.1)
1744:             1             80  net.minecraft.world.level.block.BigDripleafBlock (minecraft@1.20.1)
1745:             1             80  net.minecraft.world.level.block.BigDripleafStemBlock (minecraft@1.20.1)
1746:             1             80  net.minecraft.world.level.block.BlastFurnaceBlock (minecraft@1.20.1)
1747:             1             80  net.minecraft.world.level.block.BrewingStandBlock (minecraft@1.20.1)
1748:             1             80  net.minecraft.world.level.block.BubbleColumnBlock (minecraft@1.20.1)
1749:             1             80  net.minecraft.world.level.block.BuddingAmethystBlock (minecraft@1.20.1)
1750:             1             80  net.minecraft.world.level.block.CactusBlock (minecraft@1.20.1)
1751:             1             80  net.minecraft.world.level.block.CakeBlock (minecraft@1.20.1)
1752:             1             80  net.minecraft.world.level.block.CalibratedSculkSensorBlock (minecraft@1.20.1)
1753:             1             80  net.minecraft.world.level.block.CarpetBlock (minecraft@1.20.1)
1754:             1             80  net.minecraft.world.level.block.CarrotBlock (minecraft@1.20.1)
1755:             1             80  net.minecraft.world.level.block.CartographyTableBlock (minecraft@1.20.1)
1756:             1             80  net.minecraft.world.level.block.CauldronBlock (minecraft@1.20.1)
1757:             1             80  net.minecraft.world.level.block.ChainBlock (minecraft@1.20.1)
1758:             1             80  net.minecraft.world.level.block.CherryLeavesBlock (minecraft@1.20.1)
1759:             1             80  net.minecraft.world.level.block.ChestBlock (minecraft@1.20.1)
1760:             1             80  net.minecraft.world.level.block.ChiseledBookShelfBlock (minecraft@1.20.1)
1761:             1             80  net.minecraft.world.level.block.ChorusFlowerBlock (minecraft@1.20.1)
1762:             1             80  net.minecraft.world.level.block.ChorusPlantBlock (minecraft@1.20.1)
1763:             1             80  net.minecraft.world.level.block.CocoaBlock (minecraft@1.20.1)
1764:             1             80  net.minecraft.world.level.block.ComparatorBlock (minecraft@1.20.1)
1765:             1             80  net.minecraft.world.level.block.ComposterBlock (minecraft@1.20.1)
1766:             1             80  net.minecraft.world.level.block.ConduitBlock (minecraft@1.20.1)
1767:             1             80  net.minecraft.world.level.block.CraftingTableBlock (minecraft@1.20.1)
1768:             1             80  net.minecraft.world.level.block.CropBlock (minecraft@1.20.1)
1769:             1             80  net.minecraft.world.level.block.CryingObsidianBlock (minecraft@1.20.1)
1770:             1             80  net.minecraft.world.level.block.DaylightDetectorBlock (minecraft@1.20.1)
1771:             1             80  net.minecraft.world.level.block.DeadBushBlock (minecraft@1.20.1)
1772:             1             80  net.minecraft.world.level.block.DecoratedPotBlock (minecraft@1.20.1)
1773:             1             80  net.minecraft.world.level.block.DetectorRailBlock (minecraft@1.20.1)
1774:             1             80  net.minecraft.world.level.block.DirtPathBlock (minecraft@1.20.1)
1775:             1             80  net.minecraft.world.level.block.DispenserBlock (minecraft@1.20.1)
1776:             1             80  net.minecraft.world.level.block.DragonEggBlock (minecraft@1.20.1)
1777:             1             80  net.minecraft.world.level.block.DropperBlock (minecraft@1.20.1)
1778:             1             80  net.minecraft.world.level.block.EnchantmentTableBlock (minecraft@1.20.1)
1779:             1             80  net.minecraft.world.level.block.EndGatewayBlock (minecraft@1.20.1)
1780:             1             80  net.minecraft.world.level.block.EndPortalBlock (minecraft@1.20.1)
1781:             1             80  net.minecraft.world.level.block.EndPortalFrameBlock (minecraft@1.20.1)
1782:             1             80  net.minecraft.world.level.block.EndRodBlock (minecraft@1.20.1)
1783:             1             80  net.minecraft.world.level.block.EnderChestBlock (minecraft@1.20.1)
1784:             1             80  net.minecraft.world.level.block.FarmBlock (minecraft@1.20.1)
1785:             1             80  net.minecraft.world.level.block.FletchingTableBlock (minecraft@1.20.1)
1786:             1             80  net.minecraft.world.level.block.FrogspawnBlock (minecraft@1.20.1)
1787:             1             80  net.minecraft.world.level.block.FrostedIceBlock (minecraft@1.20.1)
1788:             1             80  net.minecraft.world.level.block.FurnaceBlock (minecraft@1.20.1)
1789:             1             80  net.minecraft.world.level.block.GlassBlock (minecraft@1.20.1)
1790:             1             80  net.minecraft.world.level.block.GrassBlock (minecraft@1.20.1)
1791:             1             80  net.minecraft.world.level.block.GravelBlock (minecraft@1.20.1)
1792:             1             80  net.minecraft.world.level.block.GrindstoneBlock (minecraft@1.20.1)
1793:             1             80  net.minecraft.world.level.block.HalfTransparentBlock (minecraft@1.20.1)
1794:             1             80  net.minecraft.world.level.block.HangingRootsBlock (minecraft@1.20.1)
1795:             1             80  net.minecraft.world.level.block.HayBlock (minecraft@1.20.1)
1796:             1             80  net.minecraft.world.level.block.HoneyBlock (minecraft@1.20.1)
1797:             1             80  net.minecraft.world.level.block.HopperBlock (minecraft@1.20.1)
1798:             1             80  net.minecraft.world.level.block.IceBlock (minecraft@1.20.1)
1799:             1             80  net.minecraft.world.level.block.InfestedRotatedPillarBlock (minecraft@1.20.1)
1800:             1             80  net.minecraft.world.level.block.JigsawBlock (minecraft@1.20.1)
1801:             1             80  net.minecraft.world.level.block.JukeboxBlock (minecraft@1.20.1)
1802:             1             80  net.minecraft.world.level.block.LadderBlock (minecraft@1.20.1)
1803:             1             80  net.minecraft.world.level.block.LavaCauldronBlock (minecraft@1.20.1)
1804:             1             80  net.minecraft.world.level.block.LecternBlock (minecraft@1.20.1)
1805:             1             80  net.minecraft.world.level.block.LeverBlock (minecraft@1.20.1)
1806:             1             80  net.minecraft.world.level.block.LightBlock (minecraft@1.20.1)
1807:             1             80  net.minecraft.world.level.block.LightningRodBlock (minecraft@1.20.1)
1808:             1             80  net.minecraft.world.level.block.LoomBlock (minecraft@1.20.1)
1809:             1             80  net.minecraft.world.level.block.MagmaBlock (minecraft@1.20.1)
1810:             1             80  net.minecraft.world.level.block.MangroveLeavesBlock (minecraft@1.20.1)
1811:             1             80  net.minecraft.world.level.block.MangrovePropaguleBlock (minecraft@1.20.1)
1812:             1             80  net.minecraft.world.level.block.MangroveRootsBlock (minecraft@1.20.1)
1813:             1             80  net.minecraft.world.level.block.MelonBlock (minecraft@1.20.1)
1814:             1             80  net.minecraft.world.level.block.MossBlock (minecraft@1.20.1)
1815:             1             80  net.minecraft.world.level.block.MudBlock (minecraft@1.20.1)
1816:             1             80  net.minecraft.world.level.block.MyceliumBlock (minecraft@1.20.1)
1817:             1             80  net.minecraft.world.level.block.NetherPortalBlock (minecraft@1.20.1)
1818:             1             80  net.minecraft.world.level.block.NetherSproutsBlock (minecraft@1.20.1)
1819:             1             80  net.minecraft.world.level.block.NetherWartBlock (minecraft@1.20.1)
1820:             1             80  net.minecraft.world.level.block.NetherrackBlock (minecraft@1.20.1)
1821:             1             80  net.minecraft.world.level.block.NoteBlock (minecraft@1.20.1)
1822:             1             80  net.minecraft.world.level.block.ObserverBlock (minecraft@1.20.1)
1823:             1             80  net.minecraft.world.level.block.PiglinWallSkullBlock (minecraft@1.20.1)
1824:             1             80  net.minecraft.world.level.block.PinkPetalsBlock (minecraft@1.20.1)
1825:             1             80  net.minecraft.world.level.block.PitcherCropBlock (minecraft@1.20.1)
1826:             1             80  net.minecraft.world.level.block.PlayerHeadBlock (minecraft@1.20.1)
1827:             1             80  net.minecraft.world.level.block.PlayerWallHeadBlock (minecraft@1.20.1)
1828:             1             80  net.minecraft.world.level.block.PointedDripstoneBlock (minecraft@1.20.1)
1829:             1             80  net.minecraft.world.level.block.PotatoBlock (minecraft@1.20.1)
1830:             1             80  net.minecraft.world.level.block.PowderSnowBlock (minecraft@1.20.1)
1831:             1             80  net.minecraft.world.level.block.PoweredBlock (minecraft@1.20.1)
1832:             1             80  net.minecraft.world.level.block.PumpkinBlock (minecraft@1.20.1)
1833:             1             80  net.minecraft.world.level.block.RailBlock (minecraft@1.20.1)
1834:             1             80  net.minecraft.world.level.block.RedStoneWireBlock (minecraft@1.20.1)
1835:             1             80  net.minecraft.world.level.block.RedstoneLampBlock (minecraft@1.20.1)
1836:             1             80  net.minecraft.world.level.block.RedstoneTorchBlock (minecraft@1.20.1)
1837:             1             80  net.minecraft.world.level.block.RedstoneWallTorchBlock (minecraft@1.20.1)
1838:             1             80  net.minecraft.world.level.block.RepeaterBlock (minecraft@1.20.1)
1839:             1             80  net.minecraft.world.level.block.RespawnAnchorBlock (minecraft@1.20.1)
1840:             1             80  net.minecraft.world.level.block.RootedDirtBlock (minecraft@1.20.1)
1841:             1             80  net.minecraft.world.level.block.ScaffoldingBlock (minecraft@1.20.1)
1842:             1             80  net.minecraft.world.level.block.SculkBlock (minecraft@1.20.1)
1843:             1             80  net.minecraft.world.level.block.SculkCatalystBlock (minecraft@1.20.1)
1844:             1             80  net.minecraft.world.level.block.SculkSensorBlock (minecraft@1.20.1)
1845:             1             80  net.minecraft.world.level.block.SculkShriekerBlock (minecraft@1.20.1)
1846:             1             80  net.minecraft.world.level.block.SeaPickleBlock (minecraft@1.20.1)
1847:             1             80  net.minecraft.world.level.block.SeagrassBlock (minecraft@1.20.1)
1848:             1             80  net.minecraft.world.level.block.SlimeBlock (minecraft@1.20.1)
1849:             1             80  net.minecraft.world.level.block.SmallDripleafBlock (minecraft@1.20.1)
1850:             1             80  net.minecraft.world.level.block.SmithingTableBlock (minecraft@1.20.1)
1851:             1             80  net.minecraft.world.level.block.SmokerBlock (minecraft@1.20.1)
1852:             1             80  net.minecraft.world.level.block.SnifferEggBlock (minecraft@1.20.1)
1853:             1             80  net.minecraft.world.level.block.SnowLayerBlock (minecraft@1.20.1)
1854:             1             80  net.minecraft.world.level.block.SnowyDirtBlock (minecraft@1.20.1)
1855:             1             80  net.minecraft.world.level.block.SoulFireBlock (minecraft@1.20.1)
1856:             1             80  net.minecraft.world.level.block.SoulSandBlock (minecraft@1.20.1)
1857:             1             80  net.minecraft.world.level.block.SpawnerBlock (minecraft@1.20.1)
1858:             1             80  net.minecraft.world.level.block.SpongeBlock (minecraft@1.20.1)
1859:             1             80  net.minecraft.world.level.block.SporeBlossomBlock (minecraft@1.20.1)
1860:             1             80  net.minecraft.world.level.block.StonecutterBlock (minecraft@1.20.1)
1861:             1             80  net.minecraft.world.level.block.StructureBlock (minecraft@1.20.1)
1862:             1             80  net.minecraft.world.level.block.StructureVoidBlock (minecraft@1.20.1)
1863:             1             80  net.minecraft.world.level.block.SugarCaneBlock (minecraft@1.20.1)
1864:             1             80  net.minecraft.world.level.block.SweetBerryBushBlock (minecraft@1.20.1)
1865:             1             80  net.minecraft.world.level.block.TallSeagrassBlock (minecraft@1.20.1)
1866:             1             80  net.minecraft.world.level.block.TargetBlock (minecraft@1.20.1)
1867:             1             80  net.minecraft.world.level.block.TintedGlassBlock (minecraft@1.20.1)
1868:             1             80  net.minecraft.world.level.block.TntBlock (minecraft@1.20.1)
1869:             1             80  net.minecraft.world.level.block.TorchflowerCropBlock (minecraft@1.20.1)
1870:             1             80  net.minecraft.world.level.block.TrappedChestBlock (minecraft@1.20.1)
1871:             1             80  net.minecraft.world.level.block.TripWireBlock (minecraft@1.20.1)
1872:             1             80  net.minecraft.world.level.block.TripWireHookBlock (minecraft@1.20.1)
1873:             1             80  net.minecraft.world.level.block.TurtleEggBlock (minecraft@1.20.1)
1874:             1             80  net.minecraft.world.level.block.VineBlock (minecraft@1.20.1)
1875:             1             80  net.minecraft.world.level.block.WaterlilyBlock (minecraft@1.20.1)
1876:             1             80  net.minecraft.world.level.block.WebBlock (minecraft@1.20.1)
1877:             1             80  net.minecraft.world.level.block.WetSpongeBlock (minecraft@1.20.1)
1878:             1             80  net.minecraft.world.level.block.WitherSkullBlock (minecraft@1.20.1)
1879:             1             80  net.minecraft.world.level.block.WitherWallSkullBlock (minecraft@1.20.1)
1880:             1             80  net.minecraft.world.level.block.piston.MovingPistonBlock (minecraft@1.20.1)
1881:             1             80  net.minecraft.world.level.block.piston.PistonHeadBlock (minecraft@1.20.1)
1882:             1             80  net.minecraftforge.eventbus.ClassLoaderFactory$ASMClassLoader (net.minecraftforge.eventbus)
1883:             1             80  net.minecraftforge.fml.loading.FMLServiceProvider (fmlloader@1.20.1-47.4.13)
1884:             5             80  org.apache.commons.lang3.text.StrMatcher$CharMatcher (org.apache.commons.lang3@3.12.0)
1885:             2             80  org.apache.logging.log4j.core.appender.rolling.DefaultRolloverStrategy (org.apache.logging.log4j.core@2.19.0)
1886:             5             80  org.apache.logging.log4j.core.config.AppenderControlArraySet (org.apache.logging.log4j.core@2.19.0)
1887:             5             80  org.apache.logging.log4j.core.lookup.StrMatcher$CharMatcher (org.apache.logging.log4j.core@2.19.0)
1888:             2             80  org.apache.logging.log4j.core.util.WatchManager (org.apache.logging.log4j.core@2.19.0)
1889:             2             80  org.lwjgl.system.MemoryStack (org.lwjgl@3.3.1+7)
1890:             1             80  org.openjdk.nashorn.internal.scripts.JO8P0 (org.openjdk.nashorn.structures)
1891:             1             80  org.openjdk.nashorn.internal.scripts.JO9P0 (org.openjdk.nashorn.structures)
1892:             2             80  org.spongepowered.asm.mixin.injection.selectors.TargetSelector$DynamicSelectorEntry (org.spongepowered.mixin)
1893:             2             80  org.spongepowered.asm.mixin.transformer.MixinConfig$InjectorOptions (org.spongepowered.mixin)
1894:             2             80  sun.management.MemoryManagerImpl (java.management@17.0.15)
1895:             2             80  sun.security.util.MemoryCache (java.base@17.0.15)
1896:             1             80  sun.util.cldr.CLDRLocaleProviderAdapter (java.base@17.0.15)
1897:             1             80  sun.util.locale.provider.JRELocaleProviderAdapter (java.base@17.0.15)
1898:             1             72  [Lcom.llamalad7.mixinextras.service.MixinExtrasVersion; (MixinExtras@0.5.3)
1899:             1             72  [Ljavax.management.openmbean.SimpleType; (java.management@17.0.15)
1900:             1             72  [Lnet.minecraftforge.fml.loading.FMLConfig$ConfigValue; (fmlloader@1.20.1-47.4.13)
1901:             2             72  [Lorg.apache.logging.log4j.core.pattern.ArrayPatternConverter; (org.apache.logging.log4j.core@2.19.0)
1902:             1             72  [Lorg.spongepowered.asm.mixin.MixinEnvironment$CompatibilityLevel; (org.spongepowered.mixin)
1903:             1             72  [Loshi.PlatformEnum; (com.github.oshi@6.2.2)
1904:             3             72  com.electronwill.nightconfig.core.SimpleConfig (com.electronwill.nightconfig.core@3.6.4)
1905:             3             72  com.google.gson.internal.bind.ArrayTypeAdapter
1906:             3             72  com.llamalad7.mixinextras.service.Versioned (MixinExtras@0.5.3)
1907:             3             72  com.mojang.serialization.codecs.RecordCodecBuilder$Instance$$Lambda$1520/0x000000080072d670 (datafixerupper@6.0.8)
1908:             3             72  com.mojang.serialization.codecs.RecordCodecBuilder$Instance$$Lambda$1521/0x000000080072d8b8 (datafixerupper@6.0.8)
1909:             3             72  cpw.mods.modlauncher.api.INameMappingService$Domain (cpw.mods.modlauncher@10.0.9)
1910:             3             72  cpw.mods.modlauncher.api.ITransformerActivity$Type (cpw.mods.modlauncher@10.0.9)
1911:             3             72  java.lang.ProcessImpl$LaunchMechanism (java.base@17.0.15)
1912:             3             72  java.lang.StackStreamFactory$WalkerState (java.base@17.0.15)
1913:             3             72  java.lang.StackWalker$Option (java.base@17.0.15)
1914:             3             72  java.lang.WeakPairMap (java.base@17.0.15)
1915:             3             72  java.lang.annotation.RetentionPolicy (java.base@17.0.15)
1916:             3             72  java.lang.invoke.MethodHandleImpl$ArrayAccess (java.base@17.0.15)
1917:             3             72  java.lang.invoke.VarHandle$VarHandleDesc$Kind (java.base@17.0.15)
1918:             3             72  java.net.Proxy$Type (java.base@17.0.15)
1919:             3             72  java.nio.file.AccessMode (java.base@17.0.15)
1920:             3             72  java.nio.file.FileTreeWalker$EventType (java.base@17.0.15)
1921:             3             72  java.nio.file.StandardCopyOption (java.base@17.0.15)
1922:             3             72  java.security.SecurityPermission (java.base@17.0.15)
1923:             3             72  java.time.format.ResolverStyle (java.base@17.0.15)
1924:             3             72  java.time.zone.ZoneOffsetTransitionRule$TimeDefinition (java.base@17.0.15)
1925:             3             72  java.util.Collections$3 (java.base@17.0.15)
1926:             3             72  java.util.concurrent.ConcurrentLinkedDeque$Node (java.base@17.0.15)
1927:             3             72  java.util.concurrent.Executors$DefaultThreadFactory (java.base@17.0.15)
1928:             1             72  java.util.concurrent.ScheduledThreadPoolExecutor (java.base@17.0.15)
1929:             3             72  java.util.logging.Logger$LoggerBundle (java.logging@17.0.15)
1930:             3             72  java.util.regex.Pattern$CharPredicate$$Lambda$1170/0x00000008002f8218 (java.base@17.0.15)
1931:             3             72  java.util.regex.Pattern$Prolog (java.base@17.0.15)
1932:             3             72  java.util.stream.Collector$Characteristics (java.base@17.0.15)
1933:             3             72  java.util.stream.MatchOps$MatchKind (java.base@17.0.15)
1934:             3             72  jdk.dynalink.BiClassValue$RetentionDirection (jdk.dynalink@17.0.15)
1935:             3             72  jdk.dynalink.StandardNamespace (jdk.dynalink@17.0.15)
1936:             3             72  jdk.internal.icu.util.CodePointTrie$ValueWidth (java.base@17.0.15)
1937:             3             72  jdk.internal.math.FloatingDecimal$ExceptionalBinaryToASCIIBuffer (java.base@17.0.15)
1938:             3             72  jdk.internal.misc.Signal (java.base@17.0.15)
1939:             3             72  net.fabricmc.loader.api.metadata.ModOrigin$Kind (net.fabricmc.loader@2.6.0+0.15.0+1.20.1-full)
1940:             3             72  net.minecraft.client.User$Type (minecraft@1.20.1)
1941:             3             72  net.minecraft.client.telemetry.TelemetryProperty$ServerType (minecraft@1.20.1)
1942:             3             72  net.minecraft.util.ByIdMap$OutOfBoundsStrategy (minecraft@1.20.1)
1943:             3             72  net.minecraft.util.datafix.fixes.ItemStackTagFix$$Lambda$2296/0x00000008008aad40 (minecraft@1.20.1)
1944:             3             72  net.minecraft.world.effect.MobEffectCategory (minecraft@1.20.1)
1945:             3             72  net.minecraft.world.entity.ai.attributes.AttributeModifier$Operation (minecraft@1.20.1)
1946:             3             72  net.minecraft.world.flag.FeatureFlagSet (minecraft@1.20.1)
1947:             3             72  net.minecraft.world.level.block.state.BlockBehaviour$OffsetType (minecraft@1.20.1)
1948:             3             72  net.minecraft.world.level.block.state.properties.AttachFace (minecraft@1.20.1)
1949:             3             72  net.minecraft.world.level.block.state.properties.BambooLeaves (minecraft@1.20.1)
1950:             3             72  net.minecraft.world.level.block.state.properties.ChestType (minecraft@1.20.1)
1951:             3             72  net.minecraft.world.level.block.state.properties.NoteBlockInstrument$Type (minecraft@1.20.1)
1952:             3             72  net.minecraft.world.level.block.state.properties.RedstoneSide (minecraft@1.20.1)
1953:             3             72  net.minecraft.world.level.block.state.properties.SculkSensorPhase (minecraft@1.20.1)
1954:             3             72  net.minecraft.world.level.block.state.properties.SlabType (minecraft@1.20.1)
1955:             3             72  net.minecraft.world.level.block.state.properties.WallSide (minecraft@1.20.1)
1956:             3             72  net.minecraft.world.level.pathfinder.PathComputationType (minecraft@1.20.1)
1957:             3             72  net.minecraft.world.phys.shapes.OffsetDoubleList (minecraft@1.20.1)
1958:             3             72  net.minecraftforge.accesstransformer.TargetType (accesstransformers@8.0.4)
1959:             3             72  net.minecraftforge.fml.earlydisplay.ElementShader$RenderType (fmlearlydisplay@1.20.1-47.4.13)
1960:             3             72  net.minecraftforge.forgespi.language.IModInfo$DependencySide (net.minecraftforge.forgespi@7.0.1)
1961:             3             72  net.minecraftforge.forgespi.language.IModInfo$Ordering (net.minecraftforge.forgespi@7.0.1)
1962:             3             72  net.minecraftforge.installer.actions.ProgressCallback$MessagePriority
1963:             3             72  org.antlr.v4.runtime.CodePointBuffer$Type (org.antlr.antlr4.runtime@4.9.1)
1964:             3             72  org.antlr.v4.runtime.atn.PredictionMode (org.antlr.antlr4.runtime@4.9.1)
1965:             3             72  org.apache.commons.lang3.text.translate.JavaUnicodeEscaper (org.apache.commons.lang3@3.12.0)
1966:             3             72  org.apache.commons.lang3.text.translate.NumericEntityUnescaper$OPTION (org.apache.commons.lang3@3.12.0)
1967:             3             72  org.apache.logging.log4j.core.Filter$Result (org.apache.logging.log4j.core@2.19.0)
1968:             3             72  org.apache.logging.log4j.core.util.datetime.FastDateFormat (org.apache.logging.log4j.core@2.19.0)
1969:             3             72  org.apache.logging.log4j.core.util.datetime.FastDatePrinter$PaddedNumberField (org.apache.logging.log4j.core@2.19.0)
1970:             3             72  org.apache.logging.log4j.core.util.datetime.FormatCache$MultipartKey (org.apache.logging.log4j.core@2.19.0)
1971:             3             72  org.lwjgl.Version$BuildType (org.lwjgl@3.3.1+7)
1972:             3             72  org.lwjgl.system.libffi.FFICIF (org.lwjgl@3.3.1+7)
1973:             3             72  org.lwjgl.system.libffi.FFIClosure (org.lwjgl@3.3.1+7)
1974:             3             72  org.lwjgl.system.linux.LinuxLibrary (org.lwjgl@3.3.1+7)
1975:             3             72  org.openjdk.nashorn.internal.runtime.Context$FieldMode (org.openjdk.nashorn)
1976:             3             72  org.openjdk.nashorn.internal.runtime.ScriptEnvironment$AnonymousClasses (org.openjdk.nashorn)
1977:             3             72  org.openjdk.nashorn.internal.runtime.ScriptEnvironment$FunctionStatementBehavior (org.openjdk.nashorn)
1978:             1             72  org.openjdk.nashorn.internal.scripts.JO8 (org.openjdk.nashorn.structures)
1979:             3             72  org.prismlauncher.EntryPoint$PreLaunchAction
1980:             3             72  org.spongepowered.asm.launch.platform.IMixinPlatformAgent$AcceptResult (org.spongepowered.mixin)
1981:             1             72  org.spongepowered.asm.mixin.transformer.MixinProcessor (org.spongepowered.mixin)
1982:             3             72  org.spongepowered.asm.mixin.transformer.PluginHandle$CompatibilityMode (org.spongepowered.mixin)
1983:             3             72  sun.management.ManagementFactoryHelper$1 (java.management@17.0.15)
1984:             3             72  sun.nio.fs.NativeBuffer$Deallocator (java.base@17.0.15)
1985:             3             72  sun.security.provider.NativePRNG$Variant (java.base@17.0.15)
1986:             3             72  sun.security.x509.Extension (java.base@17.0.15)
1987:             2             64  [Lcpw.mods.modlauncher.TransformTargetLabel$LabelType; (cpw.mods.modlauncher@10.0.9)
1988:             2             64  [Lcpw.mods.modlauncher.api.ITransformer$TargetType; (cpw.mods.modlauncher@10.0.9)
1989:             2             64  [Ljava.lang.ProcessImpl$LaunchMechanism; (java.base@17.0.15)
1990:             2             64  [Ljava.lang.StackWalker$Option; (java.base@17.0.15)
1991:             2             64  [Ljava.lang.annotation.RetentionPolicy; (java.base@17.0.15)
1992:             1             64  [Ljava.lang.invoke.MethodHandleImpl$Intrinsic; (java.base@17.0.15)
1993:             2             64  [Ljava.lang.module.ModuleDescriptor$Requires$Modifier; (java.base@17.0.15)
1994:             2             64  [Ljava.nio.charset.CoderResult; (java.base@17.0.15)
1995:             2             64  [Ljava.util.stream.Collector$Characteristics; (java.base@17.0.15)
1996:             2             64  [Lnet.minecraft.client.telemetry.TelemetryProperty$ServerType; (minecraft@1.20.1)
1997:             1             64  [Lnet.minecraft.util.datafix.DataFixTypes; (minecraft@1.20.1)
1998:             2             64  [Lnet.minecraft.world.entity.ai.attributes.AttributeModifier$Operation; (minecraft@1.20.1)
1999:             2             64  [Lnet.minecraft.world.level.block.state.properties.AttachFace; (minecraft@1.20.1)
2000:             2             64  [Lnet.minecraft.world.level.block.state.properties.BambooLeaves; (minecraft@1.20.1)
2001:             2             64  [Lnet.minecraft.world.level.block.state.properties.BellAttachType; (minecraft@1.20.1)
2002:             2             64  [Lnet.minecraft.world.level.block.state.properties.ChestType; (minecraft@1.20.1)
2003:             2             64  [Lnet.minecraft.world.level.block.state.properties.RedstoneSide; (minecraft@1.20.1)
2004:             2             64  [Lnet.minecraft.world.level.block.state.properties.SculkSensorPhase; (minecraft@1.20.1)
2005:             2             64  [Lnet.minecraft.world.level.block.state.properties.SlabType; (minecraft@1.20.1)
2006:             2             64  [Lnet.minecraft.world.level.block.state.properties.StructureMode; (minecraft@1.20.1)
2007:             2             64  [Lnet.minecraft.world.level.block.state.properties.Tilt; (minecraft@1.20.1)
2008:             2             64  [Lnet.minecraft.world.level.block.state.properties.WallSide; (minecraft@1.20.1)
2009:             2             64  [Lnet.minecraftforge.fml.loading.progress.Message$MessageType; (fmlloader@1.20.1-47.4.13)
2010:             2             64  [Lnet.minecraftforge.forgespi.language.IModInfo$DependencySide; (net.minecraftforge.forgespi@7.0.1)
2011:             2             64  [Lnet.minecraftforge.forgespi.language.IModInfo$Ordering; (net.minecraftforge.forgespi@7.0.1)
2012:             2             64  [Lnet.minecraftforge.forgespi.locating.IModFile$Type; (net.minecraftforge.forgespi@7.0.1)
2013:             2             64  [Lorg.apache.commons.lang3.text.translate.NumericEntityUnescaper$OPTION; (org.apache.commons.lang3@3.12.0)
2014:             2             64  [Lorg.apache.logging.log4j.core.Filter$Result; (org.apache.logging.log4j.core@2.19.0)
2015:             3             64  [Lorg.apache.logging.log4j.core.pattern.NameAbbreviator$PatternAbbreviatorFragment; (org.apache.logging.log4j.core@2.19.0)
2016:             2             64  [Lsun.nio.fs.NativeBuffer; (java.base@17.0.15)
2017:             1             64  com.google.common.cache.CacheStats (com.google.common@31.1-jre)
2018:             4             64  com.google.common.cache.LocalCache$AccessQueue (com.google.common@31.1-jre)
2019:             2             64  com.google.common.collect.ImmutableEnumMap (com.google.common@31.1-jre)
2020:             4             64  com.google.gson.Gson$1 (com.google.gson@2.10)
2021:             4             64  com.google.gson.Gson$2 (com.google.gson@2.10)
2022:             4             64  com.google.gson.Gson$4 (com.google.gson@2.10)
2023:             4             64  com.google.gson.Gson$5 (com.google.gson@2.10)
2024:             4             64  com.google.gson.internal.ConstructorConstructor$18
2025:             4             64  com.google.gson.internal.bind.CollectionTypeAdapterFactory (com.google.gson@2.10)
2026:             4             64  com.google.gson.internal.bind.JsonAdapterAnnotationTypeAdapterFactory (com.google.gson@2.10)
2027:             1             64  com.llamalad7.mixinextras.service.MixinExtrasServiceImpl (MixinExtras@0.5.3)
2028:             2             64  com.llamalad7.mixinextras.utils.InternalMethod$$Lambda$989/0x0000000800536af8 (MixinExtras@0.5.3)
2029:             2             64  com.mojang.serialization.codecs.RecordCodecBuilder$Instance$$Lambda$1195/0x0000000800597820 (datafixerupper@6.0.8)
2030:             2             64  com.sun.org.apache.xerces.internal.utils.XMLSecurityPropertyManager$Property (java.xml@17.0.15)
2031:             2             64  io.github.zekerzhayard.forgewrapper.installer.util.ModuleUtil$TypeToAdd
2032:             1             64  it.unimi.dsi.fastutil.ints.Int2ObjectAVLTreeMap (it.unimi.dsi.fastutil@8.5.9)
2033:             1             64  it.unimi.dsi.fastutil.longs.Long2ObjectOpenHashMap (it.unimi.dsi.fastutil@8.5.9)
2034:             1             64  it.unimi.dsi.fastutil.objects.Object2FloatOpenHashMap (it.unimi.dsi.fastutil@8.5.9)
2035:             2             64  java.io.BufferedOutputStream (java.base@17.0.15)
2036:             2             64  java.io.FileOutputStream (java.base@17.0.15)
2037:             2             64  java.lang.ref.ReferenceQueue$Null (java.base@17.0.15)
2038:             2             64  java.nio.file.attribute.FileTime (java.base@17.0.15)
2039:             1             64  java.text.DateFormatSymbols (java.base@17.0.15)
2040:             2             64  java.time.format.DateTimeFormatterBuilder$TextPrinterParser (java.base@17.0.15)
2041:             2             64  java.time.temporal.IsoFields$Unit (java.base@17.0.15)
2042:             2             64  java.util.HexFormat (java.base@17.0.15)
2043:             2             64  java.util.concurrent.SynchronousQueue (java.base@17.0.15)
2044:             2             64  java.util.concurrent.locks.AbstractQueuedSynchronizer$SharedNode (java.base@17.0.15)
2045:             1             64  java.util.logging.LogManager$RootLogger (java.logging@17.0.15)
2046:             4             64  jdk.dynalink.TypeConverterFactory$$Lambda$835/0x0000000800405ce0 (jdk.dynalink@17.0.15)
2047:             4             64  jdk.dynalink.TypeConverterFactory$$Lambda$836/0x0000000800408250 (jdk.dynalink@17.0.15)
2048:             4             64  jdk.dynalink.TypeConverterFactory$$Lambda$837/0x0000000800408488 (jdk.dynalink@17.0.15)
2049:             4             64  jdk.dynalink.linker.support.CompositeGuardingDynamicLinker (jdk.dynalink@17.0.15)
2050:             4             64  jdk.dynalink.linker.support.CompositeTypeBasedGuardingDynamicLinker (jdk.dynalink@17.0.15)
2051:             4             64  jdk.proxy2.$Proxy10 (jdk.proxy2)
2052:             4             64  jdk.proxy2.$Proxy4 (jdk.proxy2)
2053:             2             64  joptsimple.OptionSet (jopt.simple@5.0.4)
2054:             2             64  joptsimple.internal.Rows (jopt.simple@5.0.4)
2055:             2             64  net.fabricmc.loader.impl.ModContainerImpl (net.fabricmc.loader@2.6.0+0.15.0+1.20.1-full)
2056:             2             64  net.fabricmc.loader.impl.metadata.ModOriginImpl (net.fabricmc.loader@2.6.0+0.15.0+1.20.1-full)
2057:             2             64  net.fabricmc.loader.impl.util.version.SemanticVersionImpl (net.fabricmc.loader@2.6.0+0.15.0+1.20.1-full)
2058:             2             64  net.minecraft.core.Direction$AxisDirection (minecraft@1.20.1)
2059:             2             64  net.minecraft.core.Direction$Plane (minecraft@1.20.1)
2060:             4             64  net.minecraft.network.FriendlyByteBuf$Reader$$Lambda$2467/0x000000080099aa30 (minecraft@1.20.1)
2061:             4             64  net.minecraft.network.FriendlyByteBuf$Writer$$Lambda$2466/0x000000080099a7d0 (minecraft@1.20.1)
2062:             4             64  net.minecraft.network.syncher.EntityDataSerializer$$Lambda$2468/0x000000080099af10 (minecraft@1.20.1)
2063:             4             64  net.minecraft.network.syncher.EntityDataSerializer$$Lambda$2469/0x000000080099b170 (minecraft@1.20.1)
2064:             4             64  net.minecraft.util.datafix.fixes.AdvancementsRenameFix$$Lambda$2278/0x00000008008a5100 (minecraft@1.20.1)
2065:             2             64  net.minecraft.util.datafix.fixes.ItemStackSpawnEggFix (minecraft@1.20.1)
2066:             2             64  net.minecraft.util.datafix.fixes.ItemStackSpawnEggFix$$Lambda$2262/0x000000080089cf10 (minecraft@1.20.1)
2067:             2             64  net.minecraft.util.datafix.fixes.StatsRenameFix (minecraft@1.20.1)
2068:             2             64  net.minecraft.util.datafix.fixes.StatsRenameFix$$Lambda$2281/0x00000008008a57d8 (minecraft@1.20.1)
2069:             2             64  net.minecraft.util.datafix.fixes.StatsRenameFix$$Lambda$2283/0x00000008008a5e40 (minecraft@1.20.1)
2070:             4             64  net.minecraft.util.datafix.schemas.V1451_6$$Lambda$1990/0x0000000800858920 (minecraft@1.20.1)
2071:             4             64  net.minecraft.util.datafix.schemas.V1451_6$$Lambda$1997/0x0000000800859828 (minecraft@1.20.1)
2072:             4             64  net.minecraft.util.datafix.schemas.V2832$$Lambda$2144/0x00000008008724d0 (minecraft@1.20.1)
2073:             4             64  net.minecraft.util.datafix.schemas.V3448$$Lambda$2194/0x000000080087e648 (minecraft@1.20.1)
2074:             1             64  net.minecraft.world.entity.EntityType$Builder (minecraft@1.20.1)
2075:             1             64  net.minecraft.world.item.FoodOnAStickItem (minecraft@1.20.1)
2076:             1             64  net.minecraft.world.item.Items$1 (minecraft@1.20.1)
2077:             4             64  net.minecraft.world.item.Rarity$$Lambda$1789/0x00000008007edc90 (minecraft@1.20.1)
2078:             4             64  net.minecraft.world.level.block.Blocks$$Lambda$1747/0x00000008007a7058 (minecraft@1.20.1)
2079:             2             64  net.minecraft.world.level.levelgen.MarsagliaPolarGaussian (minecraft@1.20.1)
2080:             2             64  net.minecraftforge.fml.earlydisplay.ColourScheme (fmlearlydisplay@1.20.1-47.4.13)
2081:             2             64  net.minecraftforge.fml.loading.progress.Message (fmlloader@1.20.1-47.4.13)
2082:             2             64  net.minecraftforge.forgespi.language.ModFileScanData (net.minecraftforge.forgespi@7.0.1)
2083:             2             64  org.apache.logging.log4j.core.config.ConfigurationScheduler (org.apache.logging.log4j.core@2.19.0)
2084:             4             64  org.apache.logging.log4j.core.lookup.StrMatcher$StringMatcher (org.apache.logging.log4j.core@2.19.0)
2085:             2             64  org.apache.logging.log4j.util.PropertiesUtil$Environment (org.apache.logging.log4j@2.19.0)
2086:             2             64  org.apache.logging.log4j.util.SortedArrayStringMap (org.apache.logging.log4j@2.19.0)
2087:             4             64  org.openjdk.nashorn.api.scripting.NashornScriptEngineFactory (org.openjdk.nashorn)
2088:             2             64  org.spongepowered.asm.mixin.transformer.PluginHandle (org.spongepowered.mixin)
2089:             1             64  org.spongepowered.asm.service.modlauncher.MixinServiceModLauncher (org.spongepowered.mixin)
2090:             2             64  org.spongepowered.asm.util.perf.Profiler (org.spongepowered.mixin)
2091:             2             64  org.spongepowered.asm.util.perf.Profiler$DisabledSection (org.spongepowered.mixin)
2092:             2             64  sun.security.provider.FileInputStreamPool$StreamRef (java.base@17.0.15)
2093:             2             64  sun.security.rsa.RSAUtil$KeyType (java.base@17.0.15)
2094:             2             64  sun.security.util.DisabledAlgorithmConstraints$KeySizeConstraint (java.base@17.0.15)
2095:             2             64  sun.security.x509.NetscapeCertTypeExtension (java.base@17.0.15)
2096:             2             64  sun.security.x509.SubjectAlternativeNameExtension (java.base@17.0.15)
2097:             2             64  sun.util.locale.UnicodeLocaleExtension (java.base@17.0.15)
2098:             2             64  sun.util.locale.provider.LocaleResources (java.base@17.0.15)
2099:             1             56  [Lcom.google.gson.stream.JsonToken;
2100:             1             56  [Lcom.google.gson.stream.JsonToken; (com.google.gson@2.10)
2101:             1             56  [Lcom.sun.org.apache.xerces.internal.impl.XMLScanner$NameType; (java.xml@17.0.15)
2102:             1             56  [Lcom.sun.org.apache.xerces.internal.utils.XMLSecurityManager$Limit; (java.xml@17.0.15)
2103:             1             56  [Ljava.lang.Runnable; (java.base@17.0.15)
2104:             1             56  [Ljava.nio.file.StandardOpenOption; (java.base@17.0.15)
2105:             1             56  [Ljava.util.Map; (java.base@17.0.15)
2106:             1             56  [Ljdk.dynalink.Operation; (jdk.dynalink@17.0.15)
2107:             2             56  [Lorg.apache.logging.log4j.Level; (org.apache.logging.log4j@2.19.0)
2108:             1             56  [Lorg.openjdk.nashorn.internal.parser.TokenKind; (org.openjdk.nashorn)
2109:             1             56  cpw.mods.modlauncher.Launcher (cpw.mods.modlauncher@10.0.9)
2110:             1             56  java.lang.invoke.BoundMethodHandle$Specializer (java.base@17.0.15)
2111:             1             56  java.net.SocketPermission (java.base@17.0.15)
2112:             1             56  java.util.logging.LogManager (java.logging@17.0.15)
2113:             1             56  jdk.internal.org.objectweb.asm.Label (java.base@17.0.15)
2114:             1             56  net.minecraft.network.chat.Style (minecraft@1.20.1)
2115:             1             56  net.minecraft.world.item.AirItem (minecraft@1.20.1)
2116:             1             56  net.minecraft.world.item.ItemNameBlockItem (minecraft@1.20.1)
2117:             1             56  net.minecraft.world.item.PlaceOnWaterBlockItem (minecraft@1.20.1)
2118:             1             56  net.minecraft.world.item.SaddleItem (minecraft@1.20.1)
2119:             1             56  net.minecraft.world.item.ScaffoldingBlockItem (minecraft@1.20.1)
2120:             1             56  org.apache.logging.log4j.core.LoggerContext (org.apache.logging.log4j.core@2.19.0)
2121:             1             56  org.apache.logging.log4j.status.StatusLogger (org.apache.logging.log4j@2.19.0)
2122:             1             56  org.openjdk.nashorn.internal.ir.LiteralNode$ArrayLiteralNode (org.openjdk.nashorn)
2123:             1             56  org.openjdk.nashorn.internal.scripts.JO2P0 (org.openjdk.nashorn.structures)
2124:             1             56  sun.security.provider.MD5 (java.base@17.0.15)
2125:             1             56  sun.security.provider.SHA (java.base@17.0.15)
2126:             1             48  [Lcom.google.gson.FieldNamingPolicy; (com.google.gson@2.10)
2127:             1             48  [Lcom.google.gson.FieldNamingPolicy;
2128:             1             48  [Lcom.llamalad7.mixinextras.lib.semver.VersionParser$CharType; (MixinExtras@0.5.3)
2129:             2             48  [Lcpw.mods.modlauncher.serviceapi.ILaunchPluginService$Phase; (cpw.mods.modlauncher@10.0.9)
2130:             3             48  [Ljava.lang.annotation.Annotation; (java.base@17.0.15)
2131:             1             48  [Ljava.lang.management.MemoryPoolMXBean; (java.management@17.0.15)
2132:             1             48  [Ljava.math.RoundingMode; (java.base@17.0.15)
2133:             1             48  [Ljava.util.concurrent.TimeUnit; (java.base@17.0.15)
2134:             1             48  [Ljdk.xml.internal.JdkProperty$State; (java.xml@17.0.15)
2135:             1             48  [Lnet.minecraft.world.entity.MobCategory; (minecraft@1.20.1)
2136:             1             48  [Lnet.minecraft.world.entity.vehicle.AbstractMinecart$Type; (minecraft@1.20.1)
2137:             1             48  [Lnet.minecraft.world.level.block.SkullBlock$Types; (minecraft@1.20.1)
2138:             2             48  [Lnet.minecraft.world.level.block.state.properties.BedPart; (minecraft@1.20.1)
2139:             2             48  [Lnet.minecraft.world.level.block.state.properties.ComparatorMode; (minecraft@1.20.1)
2140:             2             48  [Lnet.minecraft.world.level.block.state.properties.DoorHingeSide; (minecraft@1.20.1)
2141:             2             48  [Lnet.minecraft.world.level.block.state.properties.DoubleBlockHalf; (minecraft@1.20.1)
2142:             2             48  [Lnet.minecraft.world.level.block.state.properties.Half; (minecraft@1.20.1)
2143:             2             48  [Lnet.minecraft.world.level.block.state.properties.PistonType; (minecraft@1.20.1)
2144:             1             48  [Lorg.antlr.v4.runtime.atn.LexerActionType; (org.antlr.antlr4.runtime@4.9.1)
2145:             1             48  [Lorg.apache.logging.log4j.core.appender.rolling.RolloverFrequency; (org.apache.logging.log4j.core@2.19.0)
2146:             2             48  [Lorg.apache.logging.log4j.core.appender.rolling.TriggeringPolicy; (org.apache.logging.log4j.core@2.19.0)
2147:             2             48  [Lorg.apache.logging.log4j.core.config.AppenderControl; (org.apache.logging.log4j.core@2.19.0)
2148:             3             48  [Lorg.apache.logging.log4j.core.config.Property; (org.apache.logging.log4j.core@2.19.0)
2149:             1             48  [Lorg.openjdk.nashorn.internal.ir.FunctionNode$Kind; (org.openjdk.nashorn)
2150:             1             48  [Lorg.openjdk.nashorn.internal.runtime.JSType; (org.openjdk.nashorn)
2151:             1             48  [Lsun.security.x509.NetscapeCertTypeExtension$MapEntry; (java.base@17.0.15)
2152:             1             48  com.electronwill.nightconfig.core.file.WriteSyncFileConfig (com.electronwill.nightconfig.core@3.6.4)
2153:             2             48  com.electronwill.nightconfig.core.io.NewlineStyle (com.electronwill.nightconfig.core@3.6.4)
2154:             2             48  com.electronwill.nightconfig.core.io.WritingMode (com.electronwill.nightconfig.core@3.6.4)
2155:             2             48  com.google.common.base.Suppliers$NonSerializableMemoizingSupplier (com.google.common@31.1-jre)
2156:             2             48  com.google.gson.internal.$Gson$Types$ParameterizedTypeImpl (com.google.gson@2.10)
2157:             2             48  com.google.gson.internal.bind.CollectionTypeAdapterFactory$Adapter
2158:             1             48  com.google.gson.internal.bind.TreeTypeAdapter
2159:             2             48  com.google.gson.internal.bind.TypeAdapters$34
2160:             2             48  com.google.gson.internal.bind.TypeAdapters$34 (com.google.gson@2.10)
2161:             3             48  com.mojang.authlib.properties.PropertyMap (authlib@4.0.43)
2162:             1             48  com.mojang.logging.plugins.QueueLogAppender (logging@1.1.1)
2163:             3             48  com.mojang.serialization.Codec$$Lambda$1104/0x00000008005774f8 (datafixerupper@6.0.8)
2164:             3             48  com.mojang.serialization.Codec$$Lambda$1105/0x0000000800577740 (datafixerupper@6.0.8)
2165:             2             48  com.sun.jmx.mbeanserver.ClassLoaderRepositorySupport$LoaderEntry (java.management@17.0.15)
2166:             1             48  com.sun.jmx.mbeanserver.DefaultMXBeanMappingFactory$Mappings (java.management@17.0.15)
2167:             2             48  com.sun.jmx.mbeanserver.WeakIdentityHashMap (java.management@17.0.15)
2168:             1             48  com.sun.jna.NativeLibrary (com.sun.jna@5.12.1)
2169:             1             48  com.sun.jna.internal.Cleaner$CleanerRef (com.sun.jna@5.12.1)
2170:             3             48  com.sun.org.apache.xerces.internal.impl.dv.dtd.ListDatatypeValidator (java.xml@17.0.15)
2171:             1             48  cpw.mods.modlauncher.ArgumentHandler (cpw.mods.modlauncher@10.0.9)
2172:             2             48  cpw.mods.modlauncher.TransformationServiceDecorator (cpw.mods.modlauncher@10.0.9)
2173:             2             48  cpw.mods.modlauncher.api.ITransformationService$Resource (cpw.mods.modlauncher@10.0.9)
2174:             2             48  cpw.mods.modlauncher.api.TypesafeMap (cpw.mods.modlauncher@10.0.9)
2175:             2             48  cpw.mods.modlauncher.serviceapi.ILaunchPluginService$Phase (cpw.mods.modlauncher@10.0.9)
2176:             2             48  io.netty.util.internal.logging.LocationAwareSlf4JLogger (io.netty.common@4.1.82.Final)
2177:             2             48  it.unimi.dsi.fastutil.objects.ObjectArraySet (it.unimi.dsi.fastutil@8.5.9)
2178:             2             48  java.io.File$PathStatus (java.base@17.0.15)
2179:             2             48  java.io.FilePermissionCollection (java.base@17.0.15)
2180:             1             48  java.lang.NullPointerException (java.base@17.0.15)
2181:             1             48  java.lang.ProcessHandleImpl (java.base@17.0.15)
2182:             1             48  java.lang.invoke.BoundMethodHandle$Specializer$Factory (java.base@17.0.15)
2183:             2             48  java.lang.invoke.MethodHandles$Lookup$ClassOption (java.base@17.0.15)
2184:             2             48  java.lang.invoke.VarHandle$TypesAndInvokers (java.base@17.0.15)
2185:             2             48  java.lang.reflect.ReflectPermission (java.base@17.0.15)
2186:             3             48  java.nio.charset.CodingErrorAction (java.base@17.0.15)
2187:             3             48  java.text.AttributedCharacterIterator$Attribute (java.base@17.0.15)
2188:             2             48  java.time.ZoneRegion (java.base@17.0.15)
2189:             2             48  java.time.format.DateTimeFormatterBuilder$1 (java.base@17.0.15)
2190:             2             48  java.time.format.DateTimeFormatterBuilder$ZoneIdPrinterParser (java.base@17.0.15)
2191:             2             48  java.time.format.DateTimeTextProvider$LocaleStore (java.base@17.0.15)
2192:             3             48  java.util.Base64$Decoder (java.base@17.0.15)
2193:             3             48  java.util.Collections$UnmodifiableCollection (java.base@17.0.15)
2194:             2             48  java.util.OptionalLong (java.base@17.0.15)
2195:             3             48  java.util.ResourceBundle$NoFallbackControl (java.base@17.0.15)
2196:             3             48  java.util.concurrent.ConcurrentSkipListMap$KeySet (java.base@17.0.15)
2197:             3             48  java.util.concurrent.ConcurrentSkipListSet (java.base@17.0.15)
2198:             3             48  java.util.concurrent.Executors$FinalizableDelegatedExecutorService (java.base@17.0.15)
2199:             3             48  java.util.concurrent.Semaphore (java.base@17.0.15)
2200:             1             48  java.util.logging.ConsoleHandler (java.logging@17.0.15)
2201:             2             48  java.util.logging.LoggingPermission (java.logging@17.0.15)
2202:             2             48  java.util.regex.Pattern$BackRef (java.base@17.0.15)
2203:             2             48  java.util.regex.Pattern$Pos (java.base@17.0.15)
2204:             2             48  javax.management.NotificationBroadcasterSupport (java.management@17.0.15)
2205:             1             48  jdk.internal.icu.util.CodePointTrie$Fast16 (java.base@17.0.15)
2206:             2             48  jdk.internal.icu.util.CodePointTrie$Type (java.base@17.0.15)
2207:             1             48  jdk.internal.jimage.ImageHeader (java.base@17.0.15)
2208:             2             48  jdk.internal.misc.Signal$NativeHandler (java.base@17.0.15)
2209:             2             48  jdk.internal.module.ModuleHashes (java.base@17.0.15)
2210:             2             48  jdk.internal.module.SystemModuleFinders$SystemModuleFinder (java.base@17.0.15)
2211:             3             48  jdk.internal.util.Preconditions$1 (java.base@17.0.15)
2212:             1             48  jdk.management.jfr.FlightRecorderMXBeanImpl (jdk.management.jfr@17.0.15)
2213:             1             48  joptsimple.OptionParser (jopt.simple@5.0.4)
2214:             3             48  joptsimple.util.PathConverter (jopt.simple@5.0.4)
2215:             2             48  net.fabricmc.loader.impl.FMLModMetadata (net.fabricmc.loader@2.6.0+0.15.0+1.20.1-full)
2216:             1             48  net.fabricmc.loader.impl.FabricLoaderImpl (net.fabricmc.loader@2.6.0+0.15.0+1.20.1-full)
2217:             2             48  net.fabricmc.loader.impl.discovery.BuiltinMetadataWrapper (net.fabricmc.loader@2.6.0+0.15.0+1.20.1-full)
2218:             2             48  net.minecraft.core.Holder$Reference$Type (minecraft@1.20.1)
2219:             3             48  net.minecraft.core.dispenser.DefaultDispenseItemBehavior (minecraft@1.20.1)
2220:             3             48  net.minecraft.network.syncher.EntityDataSerializer$$Lambda$2477/0x000000080099ee68 (minecraft@1.20.1)
2221:             2             48  net.minecraft.util.ExtraCodecs$$Lambda$1076/0x000000080056d8b0 (minecraft@1.20.1)
2222:             3             48  net.minecraft.util.datafix.fixes.AddFlagIfNotPresentFix$$Lambda$2324/0x00000008008b6ef8 (minecraft@1.20.1)
2223:             1             48  net.minecraft.util.datafix.fixes.ChunkProtoTickListFix$$Lambda$2331/0x00000008008b2990 (minecraft@1.20.1)
2224:             1             48  net.minecraft.util.datafix.fixes.FurnaceRecipeFix$$Lambda$2303/0x00000008008ac700 (minecraft@1.20.1)
2225:             2             48  net.minecraft.util.datafix.fixes.WorldGenSettingsDisallowOldCustomWorldsFix (minecraft@1.20.1)
2226:             3             48  net.minecraft.util.datafix.schemas.V99$$Lambda$1836/0x00000008008215e0 (minecraft@1.20.1)
2227:             3             48  net.minecraft.util.valueproviders.ConstantInt (minecraft@1.20.1)
2228:             2             48  net.minecraft.util.valueproviders.IntProvider$$Lambda$1515/0x0000000800732900 (minecraft@1.20.1)
2229:             2             48  net.minecraft.world.flag.FeatureFlag (minecraft@1.20.1)
2230:             3             48  net.minecraft.world.level.block.MultifaceSpreader (minecraft@1.20.1)
2231:             2             48  net.minecraft.world.level.block.PressurePlateBlock$Sensitivity (minecraft@1.20.1)
2232:             2             48  net.minecraft.world.level.block.SculkVeinBlock$SculkVeinSpreaderConfig (minecraft@1.20.1)
2233:             2             48  net.minecraft.world.level.block.state.properties.BedPart (minecraft@1.20.1)
2234:             2             48  net.minecraft.world.level.block.state.properties.ComparatorMode (minecraft@1.20.1)
2235:             2             48  net.minecraft.world.level.block.state.properties.DoorHingeSide (minecraft@1.20.1)
2236:             2             48  net.minecraft.world.level.block.state.properties.DoubleBlockHalf (minecraft@1.20.1)
2237:             2             48  net.minecraft.world.level.block.state.properties.Half (minecraft@1.20.1)
2238:             2             48  net.minecraft.world.level.block.state.properties.PistonType (minecraft@1.20.1)
2239:             2             48  net.minecraft.world.level.storage.DataVersion (minecraft@1.20.1)
2240:             2             48  net.minecraftforge.api.distmarker.Dist (mergetool@1.1.5)
2241:             2             48  net.minecraftforge.eventbus.LockHelper (net.minecraftforge.eventbus)
2242:             2             48  net.minecraftforge.fml.earlydisplay.RenderElement$$Lambda$607/0x00000008003850a8 (fmlearlydisplay@1.20.1-47.4.13)
2243:             2             48  net.minecraftforge.fml.earlydisplay.SimpleBufferBuilder$Mode (fmlearlydisplay@1.20.1-47.4.13)
2244:             2             48  net.minecraftforge.fml.loading.EarlyLoadingException$ExceptionData (fmlloader@1.20.1-47.4.13)
2245:             3             48  net.minecraftforge.registries.RegistryBuilder$$Lambda$1338/0x0000000800618000 (forge@47.4.13)
2246:             3             48  net.minecraftforge.registries.RegistryBuilder$$Lambda$1339/0x0000000800618228 (forge@47.4.13)
2247:             2             48  net.minecrell.terminalconsole.util.LoggerNamePatternSelector (terminalconsoleappender@1.2.0)
2248:             2             48  org.antlr.v4.runtime.atn.ATNDeserializer$UnicodeDeserializingMode (org.antlr.antlr4.runtime@4.9.1)
2249:             2             48  org.antlr.v4.runtime.atn.ATNType (org.antlr.antlr4.runtime@4.9.1)
2250:             3             48  org.antlr.v4.runtime.atn.LexerPushModeAction (org.antlr.antlr4.runtime@4.9.1)
2251:             3             48  org.antlr.v4.runtime.atn.LexerTypeAction (org.antlr.antlr4.runtime@4.9.1)
2252:             2             48  org.antlr.v4.runtime.atn.NotSetTransition (org.antlr.antlr4.runtime@4.9.1)
2253:             1             48  org.antlr.v4.runtime.atn.Transition$1 (org.antlr.antlr4.runtime@4.9.1)
2254:             3             48  org.apache.commons.lang3.text.StrMatcher$StringMatcher (org.apache.commons.lang3@3.12.0)
2255:             3             48  org.apache.commons.lang3.text.translate.NumericEntityUnescaper (org.apache.commons.lang3@3.12.0)
2256:             2             48  org.apache.logging.log4j.core.appender.rolling.CompositeTriggeringPolicy (org.apache.logging.log4j.core@2.19.0)
2257:             2             48  org.apache.logging.log4j.core.appender.rolling.OnStartupTriggeringPolicy (org.apache.logging.log4j.core@2.19.0)
2258:             1             48  org.apache.logging.log4j.core.appender.rolling.TimeBasedTriggeringPolicy (org.apache.logging.log4j.core@2.19.0)
2259:             2             48  org.apache.logging.log4j.core.config.plugins.util.PluginManager (org.apache.logging.log4j.core@2.19.0)
2260:             2             48  org.apache.logging.log4j.core.config.status.StatusConfiguration$Verbosity (org.apache.logging.log4j.core@2.19.0)
2261:             1             48  org.apache.logging.log4j.core.impl.Log4jProvider (org.apache.logging.log4j.core@2.19.0)
2262:             2             48  org.apache.logging.log4j.core.layout.PatternLayout$PatternSelectorSerializer (org.apache.logging.log4j.core@2.19.0)
2263:             2             48  org.apache.logging.log4j.core.pattern.NameAbbreviator$PatternAbbreviatorFragment (org.apache.logging.log4j.core@2.19.0)
2264:             2             48  org.apache.logging.log4j.core.util.DummyNanoClock (org.apache.logging.log4j.core@2.19.0)
2265:             2             48  org.apache.logging.log4j.message.SimpleMessage (org.apache.logging.log4j@2.19.0)
2266:             1             48  org.apache.logging.log4j.simple.SimpleLogger (org.apache.logging.log4j@2.19.0)
2267:             2             48  org.apache.logging.log4j.util.PropertyFilePropertySource (org.apache.logging.log4j@2.19.0)
2268:             2             48  org.joml.Vector3f (org.joml@1.10.5)
2269:             1             48  org.openjdk.nashorn.internal.runtime.Source$Cache (org.openjdk.nashorn)
2270:             2             48  org.openjdk.nashorn.internal.runtime.linker.JavaAdapterBytecodeGenerator$MethodInfo (org.openjdk.nashorn)
2271:             2             48  org.openjdk.nashorn.internal.runtime.linker.JavaAdapterClassLoader (org.openjdk.nashorn)
2272:             1             48  org.openjdk.nashorn.internal.scripts.JO1P0 (org.openjdk.nashorn.structures)
2273:             1             48  org.prismlauncher.launcher.impl.StandardLauncher
2274:             2             48  org.spongepowered.asm.mixin.transformer.Config (org.spongepowered.mixin)
2275:             1             48  org.spongepowered.asm.mixin.transformer.MixinTransformer (org.spongepowered.mixin)
2276:             2             48  sun.reflect.generics.tree.Wildcard (java.base@17.0.15)
2277:             2             48  sun.security.jca.ProviderList (java.base@17.0.15)
2278:             2             48  sun.security.jca.ProviderList$3 (java.base@17.0.15)
2279:             3             48  sun.security.provider.NativePRNG (java.base@17.0.15)
2280:             2             48  sun.security.util.DisabledAlgorithmConstraints$DisabledConstraint (java.base@17.0.15)
2281:             2             48  sun.util.locale.LocaleExtensions (java.base@17.0.15)
2282:             2             48  sun.util.locale.provider.LocaleServiceProviderPool (java.base@17.0.15)
2283:             2             40  [Lcom.sun.jmx.mbeanserver.ClassLoaderRepositorySupport$LoaderEntry; (java.management@17.0.15)
2284:             1             40  [Lcom.sun.org.apache.xerces.internal.util.Status; (java.xml@17.0.15)
2285:             1             40  [Lcom.sun.org.apache.xerces.internal.utils.XMLSecurityPropertyManager$State; (java.xml@17.0.15)
2286:             1             40  [Ljava.lang.ProcessBuilder$Redirect$Type; (java.base@17.0.15)
2287:             1             40  [Ljava.lang.Thread$State; (java.base@17.0.15)
2288:             1             40  [Ljava.lang.invoke.VarHandle$AccessType; (java.base@17.0.15)
2289:             1             40  [Ljava.security.Permission; (java.base@17.0.15)
2290:             1             40  [Ljava.time.format.SignStyle; (java.base@17.0.15)
2291:             1             40  [Ljava.time.format.TextStyle; (java.base@17.0.15)
2292:             2             40  [Ljava.time.zone.ZoneOffsetTransitionRule; (java.base@17.0.15)
2293:             1             40  [Ljava.util.stream.StreamOpFlag; (java.base@17.0.15)
2294:             1             40  [Ljavax.tools.Diagnostic$Kind; (java.compiler@17.0.15)
2295:             1             40  [Ljdk.dynalink.StandardOperation; (jdk.dynalink@17.0.15)
2296:             1             40  [Lnet.minecraft.world.level.material.PushReaction; (minecraft@1.20.1)
2297:             1             40  [Lnet.minecraftforge.fml.loading.moddiscovery.BackgroundScanHandler$ScanStatus; (fmlloader@1.20.1-47.4.13)
2298:             1             40  [Lorg.apache.logging.log4j.core.LifeCycle$State; (org.apache.logging.log4j.core@2.19.0)
2299:             1             40  [Lorg.apache.logging.log4j.core.appender.rolling.FileExtension; (org.apache.logging.log4j.core@2.19.0)
2300:             1             40  [Lorg.apache.logging.log4j.core.pattern.PatternParser$ParserState; (org.apache.logging.log4j.core@2.19.0)
2301:             1             40  [Lorg.openjdk.nashorn.internal.codegen.Condition; (org.openjdk.nashorn)
2302:             1             40  [Lorg.openjdk.nashorn.internal.codegen.LocalVariableTypesCalculator$LvarType; (org.openjdk.nashorn)
2303:             1             40  [Lorg.spongepowered.asm.logging.Level; (org.spongepowered.mixin)
2304:             1             40  [Lorg.spongepowered.asm.mixin.transformer.ext.IExtension; (org.spongepowered.mixin)
2305:             1             40  [Lsun.security.util.DisabledAlgorithmConstraints$Constraint$Operator; (java.base@17.0.15)
2306:             1             40  [Lsun.util.locale.provider.LocaleProviderAdapter$Type; (java.base@17.0.15)
2307:             1             40  [[Ljava.lang.invoke.LambdaForm$Name; (java.base@17.0.15)
2308:             1             40  com.google.common.util.concurrent.ThreadFactoryBuilder$1 (com.google.common@31.1-jre)
2309:             1             40  com.google.gson.internal.Excluder
2310:             1             40  com.google.gson.internal.Excluder (com.google.gson@2.10)
2311:             1             40  com.sun.jmx.interceptor.DefaultMBeanServerInterceptor (java.management@17.0.15)
2312:             1             40  com.sun.jmx.mbeanserver.JmxMBeanServer (java.management@17.0.15)
2313:             1             40  com.sun.jmx.mbeanserver.MBeanServerDelegateImpl (java.management@17.0.15)
2314:             1             40  com.sun.management.internal.DiagnosticCommandImpl (jdk.management@17.0.15)
2315:             1             40  com.sun.management.internal.OperatingSystemImpl$ProcessCpuTicks (jdk.management@17.0.15)
2316:             1             40  com.sun.management.internal.OperatingSystemImpl$SystemCpuTicks (jdk.management@17.0.15)
2317:             1             40  com.sun.org.apache.xerces.internal.impl.XMLEntityScanner$1 (java.xml@17.0.15)
2318:             1             40  com.sun.xml.internal.stream.util.BufferAllocator (java.xml@17.0.15)
2319:             1             40  it.unimi.dsi.fastutil.ints.Int2ObjectMaps$UnmodifiableMap (it.unimi.dsi.fastutil@8.5.9)
2320:             1             40  it.unimi.dsi.fastutil.ints.IntAVLTreeSet (it.unimi.dsi.fastutil@8.5.9)
2321:             1             40  it.unimi.dsi.fastutil.longs.Long2ObjectMaps$SynchronizedMap (it.unimi.dsi.fastutil@8.5.9)
2322:             1             40  it.unimi.dsi.fastutil.objects.Object2IntArrayMap (it.unimi.dsi.fastutil@8.5.9)
2323:             1             40  java.io.BufferedInputStream (java.base@17.0.15)
2324:             1             40  java.lang.ArithmeticException (java.base@17.0.15)
2325:             1             40  java.lang.ArrayIndexOutOfBoundsException (java.base@17.0.15)
2326:             1             40  java.lang.ClassCastException (java.base@17.0.15)
2327:             1             40  java.lang.Exception (java.base@17.0.15)
2328:             1             40  java.lang.NoSuchMethodError (java.base@17.0.15)
2329:             1             40  java.lang.NoSuchMethodException (java.base@17.0.15)
2330:             1             40  java.lang.VirtualMachineError (java.base@17.0.15)
2331:             1             40  java.lang.invoke.VarHandleInts$FieldStaticReadWrite (java.base@17.0.15)
2332:             1             40  java.lang.invoke.VarHandleReferences$Array (java.base@17.0.15)
2333:             1             40  java.lang.invoke.VarHandleReferences$FieldStaticReadWrite (java.base@17.0.15)
2334:             1             40  java.net.InetAddress$CachedAddresses (java.base@17.0.15)
2335:             1             40  java.text.DigitList (java.base@17.0.15)
2336:             1             40  java.time.format.DateTimeFormatterBuilder (java.base@17.0.15)
2337:             1             40  java.util.ResourceBundle$2 (java.base@17.0.15)
2338:             1             40  java.util.concurrent.LinkedBlockingDeque (java.base@17.0.15)
2339:             1             40  jdk.internal.event.SecurityProviderServiceEvent (java.base@17.0.15)
2340:             1             40  jdk.internal.logger.LazyLoggers$LazyLoggerAccessor (java.base@17.0.15)
2341:             1             40  jdk.internal.ref.CleanerImpl$CleanerCleanable (java.base@17.0.15)
2342:             1             40  net.minecraft.util.datafix.DataFixers$1 (minecraft@1.20.1)
2343:             1             40  net.minecraft.util.datafix.DataFixers$2 (minecraft@1.20.1)
2344:             1             40  net.minecraft.util.datafix.fixes.BlockEntityBannerColorFix (minecraft@1.20.1)
2345:             1             40  net.minecraft.util.datafix.fixes.BlockEntityBlockStateFix (minecraft@1.20.1)
2346:             1             40  net.minecraft.util.datafix.fixes.BlockEntityJukeboxFix (minecraft@1.20.1)
2347:             1             40  net.minecraft.util.datafix.fixes.BlockEntityKeepPacked (minecraft@1.20.1)
2348:             1             40  net.minecraft.util.datafix.fixes.BlockEntityShulkerBoxColorFix (minecraft@1.20.1)
2349:             1             40  net.minecraft.util.datafix.fixes.BlockEntitySignTextStrictJsonFix (minecraft@1.20.1)
2350:             1             40  net.minecraft.util.datafix.fixes.CatTypeFix (minecraft@1.20.1)
2351:             1             40  net.minecraft.util.datafix.fixes.ColorlessShulkerEntityFix (minecraft@1.20.1)
2352:             1             40  net.minecraft.util.datafix.fixes.EntityArmorStandSilentFix (minecraft@1.20.1)
2353:             1             40  net.minecraft.util.datafix.fixes.EntityBrushableBlockFieldsRenameFix (minecraft@1.20.1)
2354:             1             40  net.minecraft.util.datafix.fixes.EntityGoatMissingStateFix (minecraft@1.20.1)
2355:             1             40  net.minecraft.util.datafix.fixes.EntityHorseSaddleFix (minecraft@1.20.1)
2356:             1             40  net.minecraft.util.datafix.fixes.EntityItemFrameDirectionFix (minecraft@1.20.1)
2357:             1             40  net.minecraft.util.datafix.fixes.EntityPaintingFieldsRenameFix (minecraft@1.20.1)
2358:             1             40  net.minecraft.util.datafix.fixes.EntityPaintingMotiveFix (minecraft@1.20.1)
2359:             1             40  net.minecraft.util.datafix.fixes.EntityShulkerColorFix (minecraft@1.20.1)
2360:             1             40  net.minecraft.util.datafix.fixes.EntityShulkerRotationFix (minecraft@1.20.1)
2361:             1             40  net.minecraft.util.datafix.fixes.EntityWolfColorFix (minecraft@1.20.1)
2362:             1             40  net.minecraft.util.datafix.fixes.EntityZombieVillagerTypeFix (minecraft@1.20.1)
2363:             1             40  net.minecraft.util.datafix.fixes.FilteredSignsFix (minecraft@1.20.1)
2364:             1             40  net.minecraft.util.datafix.fixes.ItemSpawnEggFix$$Lambda$2221/0x000000080088a490 (minecraft@1.20.1)
2365:             1             40  net.minecraft.util.datafix.fixes.JigsawPropertiesFix (minecraft@1.20.1)
2366:             1             40  net.minecraft.util.datafix.fixes.MemoryExpiryDataFix (minecraft@1.20.1)
2367:             1             40  net.minecraft.util.datafix.fixes.OminousBannerBlockEntityRenameFix (minecraft@1.20.1)
2368:             1             40  net.minecraft.util.datafix.fixes.OptionsRenameFieldFix (minecraft@1.20.1)
2369:             1             40  net.minecraft.util.datafix.fixes.RemoveGolemGossipFix (minecraft@1.20.1)
2370:             1             40  net.minecraft.util.datafix.fixes.StriderGravityFix (minecraft@1.20.1)
2371:             1             40  net.minecraft.util.datafix.fixes.VariantRenameFix (minecraft@1.20.1)
2372:             1             40  net.minecraft.util.datafix.fixes.VillagerFollowRangeFix (minecraft@1.20.1)
2373:             1             40  net.minecraft.util.datafix.fixes.VillagerTradeFix (minecraft@1.20.1)
2374:             1             40  net.minecraft.util.datafix.fixes.WeaponSmithChestLootTableFix (minecraft@1.20.1)
2375:             1             40  net.minecraft.util.datafix.fixes.ZombieVillagerRebuildXpFix (minecraft@1.20.1)
2376:             1             40  net.minecraft.util.datafix.schemas.V100 (minecraft@1.20.1)
2377:             1             40  net.minecraft.util.datafix.schemas.V102 (minecraft@1.20.1)
2378:             1             40  net.minecraft.util.datafix.schemas.V1022 (minecraft@1.20.1)
2379:             1             40  net.minecraft.util.datafix.schemas.V106 (minecraft@1.20.1)
2380:             1             40  net.minecraft.util.datafix.schemas.V107 (minecraft@1.20.1)
2381:             1             40  net.minecraft.util.datafix.schemas.V1125 (minecraft@1.20.1)
2382:             1             40  net.minecraft.util.datafix.schemas.V135 (minecraft@1.20.1)
2383:             1             40  net.minecraft.util.datafix.schemas.V143 (minecraft@1.20.1)
2384:             1             40  net.minecraft.util.datafix.schemas.V1451 (minecraft@1.20.1)
2385:             1             40  net.minecraft.util.datafix.schemas.V1451_1 (minecraft@1.20.1)
2386:             1             40  net.minecraft.util.datafix.schemas.V1451_2 (minecraft@1.20.1)
2387:             1             40  net.minecraft.util.datafix.schemas.V1451_3 (minecraft@1.20.1)
2388:             1             40  net.minecraft.util.datafix.schemas.V1451_4 (minecraft@1.20.1)
2389:             1             40  net.minecraft.util.datafix.schemas.V1451_5 (minecraft@1.20.1)
2390:             1             40  net.minecraft.util.datafix.schemas.V1451_6 (minecraft@1.20.1)
2391:             1             40  net.minecraft.util.datafix.schemas.V1460 (minecraft@1.20.1)
2392:             1             40  net.minecraft.util.datafix.schemas.V1466 (minecraft@1.20.1)
2393:             1             40  net.minecraft.util.datafix.schemas.V1470 (minecraft@1.20.1)
2394:             1             40  net.minecraft.util.datafix.schemas.V1481 (minecraft@1.20.1)
2395:             1             40  net.minecraft.util.datafix.schemas.V1483 (minecraft@1.20.1)
2396:             1             40  net.minecraft.util.datafix.schemas.V1486 (minecraft@1.20.1)
2397:             1             40  net.minecraft.util.datafix.schemas.V1510 (minecraft@1.20.1)
2398:             1             40  net.minecraft.util.datafix.schemas.V1800 (minecraft@1.20.1)
2399:             1             40  net.minecraft.util.datafix.schemas.V1801 (minecraft@1.20.1)
2400:             1             40  net.minecraft.util.datafix.schemas.V1904 (minecraft@1.20.1)
2401:             1             40  net.minecraft.util.datafix.schemas.V1906 (minecraft@1.20.1)
2402:             1             40  net.minecraft.util.datafix.schemas.V1909 (minecraft@1.20.1)
2403:             1             40  net.minecraft.util.datafix.schemas.V1920 (minecraft@1.20.1)
2404:             1             40  net.minecraft.util.datafix.schemas.V1928 (minecraft@1.20.1)
2405:             1             40  net.minecraft.util.datafix.schemas.V1929 (minecraft@1.20.1)
2406:             1             40  net.minecraft.util.datafix.schemas.V1931 (minecraft@1.20.1)
2407:             1             40  net.minecraft.util.datafix.schemas.V2100 (minecraft@1.20.1)
2408:             1             40  net.minecraft.util.datafix.schemas.V2501 (minecraft@1.20.1)
2409:             1             40  net.minecraft.util.datafix.schemas.V2502 (minecraft@1.20.1)
2410:             1             40  net.minecraft.util.datafix.schemas.V2505 (minecraft@1.20.1)
2411:             1             40  net.minecraft.util.datafix.schemas.V2509 (minecraft@1.20.1)
2412:             1             40  net.minecraft.util.datafix.schemas.V2519 (minecraft@1.20.1)
2413:             1             40  net.minecraft.util.datafix.schemas.V2522 (minecraft@1.20.1)
2414:             1             40  net.minecraft.util.datafix.schemas.V2551 (minecraft@1.20.1)
2415:             1             40  net.minecraft.util.datafix.schemas.V2568 (minecraft@1.20.1)
2416:             1             40  net.minecraft.util.datafix.schemas.V2571 (minecraft@1.20.1)
2417:             1             40  net.minecraft.util.datafix.schemas.V2684 (minecraft@1.20.1)
2418:             1             40  net.minecraft.util.datafix.schemas.V2686 (minecraft@1.20.1)
2419:             1             40  net.minecraft.util.datafix.schemas.V2688 (minecraft@1.20.1)
2420:             1             40  net.minecraft.util.datafix.schemas.V2704 (minecraft@1.20.1)
2421:             1             40  net.minecraft.util.datafix.schemas.V2707 (minecraft@1.20.1)
2422:             1             40  net.minecraft.util.datafix.schemas.V2831 (minecraft@1.20.1)
2423:             1             40  net.minecraft.util.datafix.schemas.V2832 (minecraft@1.20.1)
2424:             1             40  net.minecraft.util.datafix.schemas.V2842 (minecraft@1.20.1)
2425:             1             40  net.minecraft.util.datafix.schemas.V3076 (minecraft@1.20.1)
2426:             1             40  net.minecraft.util.datafix.schemas.V3078 (minecraft@1.20.1)
2427:             1             40  net.minecraft.util.datafix.schemas.V3081 (minecraft@1.20.1)
2428:             1             40  net.minecraft.util.datafix.schemas.V3082 (minecraft@1.20.1)
2429:             1             40  net.minecraft.util.datafix.schemas.V3083 (minecraft@1.20.1)
2430:             1             40  net.minecraft.util.datafix.schemas.V3202 (minecraft@1.20.1)
2431:             1             40  net.minecraft.util.datafix.schemas.V3203 (minecraft@1.20.1)
2432:             1             40  net.minecraft.util.datafix.schemas.V3204 (minecraft@1.20.1)
2433:             1             40  net.minecraft.util.datafix.schemas.V3325 (minecraft@1.20.1)
2434:             1             40  net.minecraft.util.datafix.schemas.V3326 (minecraft@1.20.1)
2435:             1             40  net.minecraft.util.datafix.schemas.V3327 (minecraft@1.20.1)
2436:             1             40  net.minecraft.util.datafix.schemas.V3328 (minecraft@1.20.1)
2437:             1             40  net.minecraft.util.datafix.schemas.V3438 (minecraft@1.20.1)
2438:             1             40  net.minecraft.util.datafix.schemas.V3448 (minecraft@1.20.1)
2439:             1             40  net.minecraft.util.datafix.schemas.V501 (minecraft@1.20.1)
2440:             1             40  net.minecraft.util.datafix.schemas.V700 (minecraft@1.20.1)
2441:             1             40  net.minecraft.util.datafix.schemas.V701 (minecraft@1.20.1)
2442:             1             40  net.minecraft.util.datafix.schemas.V702 (minecraft@1.20.1)
2443:             1             40  net.minecraft.util.datafix.schemas.V703 (minecraft@1.20.1)
2444:             1             40  net.minecraft.util.datafix.schemas.V704 (minecraft@1.20.1)
2445:             1             40  net.minecraft.util.datafix.schemas.V705 (minecraft@1.20.1)
2446:             1             40  net.minecraft.util.datafix.schemas.V808 (minecraft@1.20.1)
2447:             1             40  net.minecraft.util.datafix.schemas.V99 (minecraft@1.20.1)
2448:             1             40  net.minecraft.world.effect.AbsoptionMobEffect (minecraft@1.20.1)
2449:             1             40  net.minecraft.world.effect.HealthBoostMobEffect (minecraft@1.20.1)
2450:             1             40  net.minecraft.world.effect.MobEffects$1 (minecraft@1.20.1)
2451:             1             40  net.minecraft.world.item.Item$Properties (minecraft@1.20.1)
2452:             1             40  net.minecraftforge.fml.earlydisplay.RenderElement$DisplayContext (fmlearlydisplay@1.20.1-47.4.13)
2453:             1             40  net.minecraftforge.fml.loading.EarlyLoadingException (fmlloader@1.20.1-47.4.13)
2454:             1             40  net.minecraftforge.fml.loading.moddiscovery.BackgroundScanHandler (fmlloader@1.20.1-47.4.13)
2455:             1             40  net.minecraftforge.fml.loading.moddiscovery.ModValidator (fmlloader@1.20.1-47.4.13)
2456:             1             40  net.minecrell.terminalconsole.TerminalConsoleAppender (terminalconsoleappender@1.2.0)
2457:             1             40  org.antlr.v4.runtime.ParserRuleContext (org.antlr.antlr4.runtime@4.9.1)
2458:             1             40  org.antlr.v4.runtime.atn.ATNConfigSet$ConfigHashSet (org.antlr.antlr4.runtime@4.9.1)
2459:             1             40  org.apache.logging.log4j.core.jmx.LoggerContextAdmin (org.apache.logging.log4j.core@2.19.0)
2460:             1             40  org.apache.logging.log4j.core.jmx.StatusLoggerAdmin (org.apache.logging.log4j.core@2.19.0)
2461:             1             40  org.apache.logging.log4j.status.StatusData (org.apache.logging.log4j@2.19.0)
2462:             1             40  org.lwjgl.PointerBuffer (org.lwjgl@3.3.1+7)
2463:             1             40  org.openjdk.nashorn.internal.codegen.ApplySpecialization$AppliesFoundException (org.openjdk.nashorn)
2464:             1             40  org.openjdk.nashorn.internal.codegen.Label$Stack (org.openjdk.nashorn)
2465:             1             40  org.openjdk.nashorn.internal.codegen.types.ArrayType (org.openjdk.nashorn)
2466:             1             40  org.openjdk.nashorn.internal.codegen.types.BooleanType (org.openjdk.nashorn)
2467:             1             40  org.openjdk.nashorn.internal.codegen.types.IntType (org.openjdk.nashorn)
2468:             1             40  org.openjdk.nashorn.internal.codegen.types.LongType (org.openjdk.nashorn)
2469:             1             40  org.openjdk.nashorn.internal.codegen.types.NumberType (org.openjdk.nashorn)
2470:             1             40  org.openjdk.nashorn.internal.codegen.types.Type$1 (org.openjdk.nashorn)
2471:             1             40  org.openjdk.nashorn.internal.codegen.types.Type$2 (org.openjdk.nashorn)
2472:             1             40  org.openjdk.nashorn.internal.codegen.types.Type$3 (org.openjdk.nashorn)
2473:             1             40  org.openjdk.nashorn.internal.codegen.types.Type$4 (org.openjdk.nashorn)
2474:             1             40  org.openjdk.nashorn.internal.codegen.types.Type$5 (org.openjdk.nashorn)
2475:             1             40  org.openjdk.nashorn.internal.codegen.types.Type$6 (org.openjdk.nashorn)
2476:             1             40  org.openjdk.nashorn.internal.codegen.types.Type$7 (org.openjdk.nashorn)
2477:             1             40  org.spongepowered.asm.mixin.MixinEnvironment$CompatibilityLevel (org.spongepowered.mixin)
2478:             1             40  org.spongepowered.asm.mixin.MixinEnvironment$CompatibilityLevel$1 (org.spongepowered.mixin)
2479:             1             40  org.spongepowered.asm.mixin.MixinEnvironment$CompatibilityLevel$10 (org.spongepowered.mixin)
2480:             1             40  org.spongepowered.asm.mixin.MixinEnvironment$CompatibilityLevel$11 (org.spongepowered.mixin)
2481:             1             40  org.spongepowered.asm.mixin.MixinEnvironment$CompatibilityLevel$12 (org.spongepowered.mixin)
2482:             1             40  org.spongepowered.asm.mixin.MixinEnvironment$CompatibilityLevel$2 (org.spongepowered.mixin)
2483:             1             40  org.spongepowered.asm.mixin.MixinEnvironment$CompatibilityLevel$3 (org.spongepowered.mixin)
2484:             1             40  org.spongepowered.asm.mixin.MixinEnvironment$CompatibilityLevel$4 (org.spongepowered.mixin)
2485:             1             40  org.spongepowered.asm.mixin.MixinEnvironment$CompatibilityLevel$5 (org.spongepowered.mixin)
2486:             1             40  org.spongepowered.asm.mixin.MixinEnvironment$CompatibilityLevel$6 (org.spongepowered.mixin)
2487:             1             40  org.spongepowered.asm.mixin.MixinEnvironment$CompatibilityLevel$7 (org.spongepowered.mixin)
2488:             1             40  org.spongepowered.asm.mixin.MixinEnvironment$CompatibilityLevel$8 (org.spongepowered.mixin)
2489:             1             40  org.spongepowered.asm.mixin.MixinEnvironment$CompatibilityLevel$9 (org.spongepowered.mixin)
2490:             1             40  org.spongepowered.asm.mixin.transformer.ext.Extensions (org.spongepowered.mixin)
2491:             1             40  oshi.util.Memoizer$1 (com.github.oshi@6.2.2)
2492:             1             40  sun.nio.cs.StandardCharsets$Aliases (java.base@17.0.15)
2493:             1             40  sun.nio.cs.StandardCharsets$Cache (java.base@17.0.15)
2494:             1             40  sun.text.resources.cldr.FormatData (java.base@17.0.15)
2495:             1             40  sun.text.resources.cldr.FormatData_en (java.base@17.0.15)
2496:             1             40  sun.util.locale.InternalLocaleBuilder (java.base@17.0.15)
2497:             1             40  sun.util.resources.Bundles$1 (java.base@17.0.15)
2498:             1             40  sun.util.resources.cldr.CalendarData (java.base@17.0.15)
2499:             1             32  [Lcom.electronwill.nightconfig.core.io.IndentStyle; (com.electronwill.nightconfig.core@3.6.4)
2500:             1             32  [Lcom.electronwill.nightconfig.core.io.ParsingMode; (com.electronwill.nightconfig.core@3.6.4)
2501:             1             32  [Lcom.google.common.cache.LocalCache$Segment; (com.google.common@31.1-jre)
2502:             1             32  [Lcom.google.common.cache.LocalCache$Strength; (com.google.common@31.1-jre)
2503:             1             32  [Lcom.google.common.collect.AbstractIterator$State; (com.google.common@31.1-jre)
2504:             1             32  [Lcom.google.gson.ReflectionAccessFilter$FilterResult; (com.google.gson@2.10)
2505:             1             32  [Lcom.google.gson.ReflectionAccessFilter$FilterResult;
2506:             1             32  [Lcom.google.gson.ToNumberPolicy; (com.google.gson@2.10)
2507:             1             32  [Lcom.google.gson.ToNumberPolicy;
2508:             1             32  [Lcom.llamalad7.mixinextras.transformer.MixinTransformer; (MixinExtras@0.5.3)
2509:             1             32  [Lcom.mojang.datafixers.functions.PointFreeRule$CompRewrite; (datafixerupper@6.0.8)
2510:             1             32  [Lcom.mojang.datafixers.functions.PointFreeRule; (datafixerupper@6.0.8)
2511:             1             32  [Lcom.sun.org.apache.xerces.internal.utils.XMLSecurityManager$NameMap; (java.xml@17.0.15)
2512:             1             32  [Lcpw.mods.jarhandling.SecureJar$Status; (cpw.mods.securejarhandler)
2513:             1             32  [Lcpw.mods.modlauncher.api.INameMappingService$Domain; (cpw.mods.modlauncher@10.0.9)
2514:             1             32  [Lcpw.mods.modlauncher.api.ITransformerActivity$Type; (cpw.mods.modlauncher@10.0.9)
2515:             1             32  [Lcpw.mods.modlauncher.api.TransformerVoteResult; (cpw.mods.modlauncher@10.0.9)
2516:             1             32  [Lio.netty.util.ResourceLeakDetector$Level; (io.netty.common@4.1.82.Final)
2517:             1             32  [Ljava.lang.ProcessImpl$Platform; (java.base@17.0.15)
2518:             1             32  [Ljava.lang.StackStreamFactory$WalkerState; (java.base@17.0.15)
2519:             1             32  [Ljava.lang.ThreadGroup; (java.base@17.0.15)
2520:             2             32  [Ljava.lang.Throwable; (java.base@17.0.15)
2521:             1             32  [Ljava.lang.invoke.MethodHandleImpl$ArrayAccess; (java.base@17.0.15)
2522:             1             32  [Ljava.lang.invoke.VarHandle$VarHandleDesc$Kind; (java.base@17.0.15)
2523:             1             32  [Ljava.lang.management.MemoryManagerMXBean; (java.management@17.0.15)
2524:             1             32  [Ljava.lang.module.ModuleDescriptor$Modifier; (java.base@17.0.15)
2525:             1             32  [Ljava.net.Proxy$Type; (java.base@17.0.15)
2526:             1             32  [Ljava.nio.file.AccessMode; (java.base@17.0.15)
2527:             1             32  [Ljava.nio.file.FileTreeWalker$EventType; (java.base@17.0.15)
2528:             1             32  [Ljava.nio.file.StandardCopyOption; (java.base@17.0.15)
2529:             1             32  [Ljava.text.Normalizer$Form; (java.base@17.0.15)
2530:             1             32  [Ljava.time.format.DateTimeFormatterBuilder$SettingsParser; (java.base@17.0.15)
2531:             1             32  [Ljava.time.format.ResolverStyle; (java.base@17.0.15)
2532:             1             32  [Ljava.time.temporal.IsoFields$Field; (java.base@17.0.15)
2533:             1             32  [Ljava.time.temporal.JulianFields$Field; (java.base@17.0.15)
2534:             1             32  [Ljava.time.zone.ZoneOffsetTransitionRule$TimeDefinition; (java.base@17.0.15)
2535:             1             32  [Ljava.util.regex.Pattern$Qtype; (java.base@17.0.15)
2536:             1             32  [Ljava.util.stream.MatchOps$MatchKind; (java.base@17.0.15)
2537:             1             32  [Ljava.util.stream.StreamShape; (java.base@17.0.15)
2538:             1             32  [Ljavax.xml.catalog.CatalogFeatures$Feature; (java.xml@17.0.15)
2539:             1             32  [Ljdk.dynalink.BiClassValue$RetentionDirection; (jdk.dynalink@17.0.15)
2540:             1             32  [Ljdk.dynalink.StandardNamespace; (jdk.dynalink@17.0.15)
2541:             1             32  [Ljdk.dynalink.beans.GuardedInvocationComponent$ValidationType; (jdk.dynalink@17.0.15)
2542:             1             32  [Ljdk.internal.icu.util.CodePointTrie$ValueWidth; (java.base@17.0.15)
2543:             1             32  [Ljdk.internal.logger.BootstrapLogger$LoggingBackend; (java.base@17.0.15)
2544:             1             32  [Ljdk.internal.math.FormattedFloatingDecimal$Form; (java.base@17.0.15)
2545:             1             32  [Ljdk.internal.module.ServicesCatalog; (java.base@17.0.15)
2546:             1             32  [Lnet.fabricmc.loader.api.metadata.ModOrigin$Kind; (net.fabricmc.loader@2.6.0+0.15.0+1.20.1-full)
2547:             1             32  [Lnet.minecraft.client.User$Type; (minecraft@1.20.1)
2548:             1             32  [Lnet.minecraft.util.ByIdMap$OutOfBoundsStrategy; (minecraft@1.20.1)
2549:             1             32  [Lnet.minecraft.world.effect.MobEffectCategory; (minecraft@1.20.1)
2550:             1             32  [Lnet.minecraft.world.item.Rarity; (minecraft@1.20.1)
2551:             1             32  [Lnet.minecraft.world.level.block.WeatheringCopper$WeatherState; (minecraft@1.20.1)
2552:             1             32  [Lnet.minecraft.world.level.block.state.BlockBehaviour$OffsetType; (minecraft@1.20.1)
2553:             1             32  [Lnet.minecraft.world.level.block.state.properties.BooleanProperty; (minecraft@1.20.1)
2554:             1             32  [Lnet.minecraft.world.level.block.state.properties.NoteBlockInstrument$Type; (minecraft@1.20.1)
2555:             1             32  [Lnet.minecraft.world.level.pathfinder.PathComputationType; (minecraft@1.20.1)
2556:             1             32  [Lnet.minecraftforge.accesstransformer.AccessTransformer$FinalState; (accesstransformers@8.0.4)
2557:             1             32  [Lnet.minecraftforge.accesstransformer.TargetType; (accesstransformers@8.0.4)
2558:             1             32  [Lnet.minecraftforge.fml.earlydisplay.ElementShader$RenderType; (fmlearlydisplay@1.20.1-47.4.13)
2559:             1             32  [Lnet.minecraftforge.fml.earlydisplay.SimpleBufferBuilder$Format; (fmlearlydisplay@1.20.1-47.4.13)
2560:             1             32  [Lnet.minecraftforge.fml.loading.FMLPaths; (fmlloader@1.20.1-47.4.13)
2561:             1             32  [Lnet.minecraftforge.installer.HashFunction;
2562:             1             32  [Lnet.minecraftforge.installer.actions.ProgressCallback$MessagePriority;
2563:             1             32  [Lorg.antlr.v4.runtime.CodePointBuffer$Type; (org.antlr.antlr4.runtime@4.9.1)
2564:             1             32  [Lorg.antlr.v4.runtime.atn.PredictionMode; (org.antlr.antlr4.runtime@4.9.1)
2565:             2             32  [Lorg.apache.logging.log4j.core.appender.rolling.action.Action; (org.apache.logging.log4j.core@2.19.0)
2566:             1             32  [Lorg.apache.logging.log4j.core.config.LoggerConfig$LoggerConfigPredicate; (org.apache.logging.log4j.core@2.19.0)
2567:             1             32  [Lorg.apache.logging.log4j.core.util.datetime.FixedDateFormat$FixedTimeZoneFormat; (org.apache.logging.log4j.core@2.19.0)
2568:             1             32  [Lorg.lwjgl.Version$BuildType; (org.lwjgl@3.3.1+7)
2569:             1             32  [Lorg.lwjgl.system.Platform$Architecture; (org.lwjgl@3.3.1+7)
2570:             1             32  [Lorg.lwjgl.system.Platform; (org.lwjgl@3.3.1+7)
2571:             1             32  [Lorg.openjdk.nashorn.internal.runtime.Context$FieldMode; (org.openjdk.nashorn)
2572:             1             32  [Lorg.openjdk.nashorn.internal.runtime.ScriptEnvironment$AnonymousClasses; (org.openjdk.nashorn)
2573:             1             32  [Lorg.openjdk.nashorn.internal.runtime.ScriptEnvironment$FunctionStatementBehavior; (org.openjdk.nashorn)
2574:             1             32  [Lorg.prismlauncher.EntryPoint$PreLaunchAction;
2575:             1             32  [Lorg.spongepowered.asm.launch.platform.IMixinPlatformAgent$AcceptResult; (org.spongepowered.mixin)
2576:             1             32  [Lorg.spongepowered.asm.mixin.MixinEnvironment$Option$Inherit; (org.spongepowered.mixin)
2577:             1             32  [Lorg.spongepowered.asm.mixin.MixinEnvironment$Side; (org.spongepowered.mixin)
2578:             1             32  [Lorg.spongepowered.asm.mixin.transformer.MixinCoprocessor$ProcessResult; (org.spongepowered.mixin)
2579:             1             32  [Lorg.spongepowered.asm.mixin.transformer.PluginHandle$CompatibilityMode; (org.spongepowered.mixin)
2580:             1             32  [Lsun.security.provider.NativePRNG$Variant; (java.base@17.0.15)
2581:             2             32  com.electronwill.nightconfig.core.InMemoryCommentedFormat (com.electronwill.nightconfig.core@3.6.4)
2582:             2             32  com.electronwill.nightconfig.core.InMemoryFormat (com.electronwill.nightconfig.core@3.6.4)
2583:             2             32  com.google.common.collect.Interners$InternerImpl (com.google.common@31.1-jre)
2584:             1             32  com.google.common.collect.Iterators$ArrayItr (com.google.common@31.1-jre)
2585:             1             32  com.google.common.hash.MessageDigestHashFunction (com.google.common@31.1-jre)
2586:             2             32  com.google.gson.internal.ConstructorConstructor$13
2587:             1             32  com.google.gson.internal.bind.ReflectiveTypeAdapterFactory
2588:             1             32  com.google.gson.internal.bind.TreeTypeAdapter$SingleTypeFactory
2589:             1             32  com.google.gson.internal.reflect.ReflectionHelper$RecordSupportedHelper
2590:             1             32  com.google.gson.internal.reflect.ReflectionHelper$RecordSupportedHelper (com.google.gson@2.10)
2591:             1             32  com.mojang.datafixers.DataFixerUpper (datafixerupper@6.0.8)
2592:             1             32  com.mojang.serialization.Codec$3 (datafixerupper@6.0.8)
2593:             1             32  com.sun.jmx.mbeanserver.Repository (java.management@17.0.15)
2594:             1             32  com.sun.jna.Library$Handler (com.sun.jna@5.12.1)
2595:             1             32  com.sun.management.internal.OperatingSystemImpl (jdk.management@17.0.15)
2596:             2             32  com.sun.org.apache.xerces.internal.impl.dv.dtd.ENTITYDatatypeValidator (java.xml@17.0.15)
2597:             1             32  cpw.mods.modlauncher.ClassTransformer (cpw.mods.modlauncher@10.0.9)
2598:             2             32  io.netty.util.internal.logging.Slf4JLoggerFactory (io.netty.common@4.1.82.Final)
2599:             1             32  java.io.UnixFileSystem (java.base@17.0.15)
2600:             2             32  java.lang.Boolean (java.base@17.0.15)
2601:             1             32  java.lang.Module$ArchivedData (java.base@17.0.15)
2602:             2             32  java.lang.Shutdown$Lock (java.base@17.0.15)
2603:             1             32  java.net.InetAddress$CachedLocalHost (java.base@17.0.15)
2604:             1             32  java.net.InetAddress$InetAddressHolder (java.base@17.0.15)
2605:             2             32  java.nio.ByteOrder (java.base@17.0.15)
2606:             2             32  java.nio.file.attribute.PosixFilePermissions$1 (java.base@17.0.15)
2607:             1             32  java.text.DontCareFieldPosition (java.base@17.0.15)
2608:             2             32  java.time.format.DateTimeFormatterBuilder$StringLiteralPrinterParser (java.base@17.0.15)
2609:             1             32  java.util.ArrayList$Itr (java.base@17.0.15)
2610:             1             32  java.util.LinkedHashMap$LinkedKeyIterator (java.base@17.0.15)
2611:             1             32  java.util.Random (java.base@17.0.15)
2612:             2             32  java.util.ResourceBundle$SingleFormatControl (java.base@17.0.15)
2613:             2             32  java.util.TreeMap$EntrySet (java.base@17.0.15)
2614:             2             32  java.util.TreeMap$KeySet (java.base@17.0.15)
2615:             2             32  java.util.TreeSet (java.base@17.0.15)
2616:             1             32  java.util.concurrent.FutureTask (java.base@17.0.15)
2617:             1             32  java.util.concurrent.ScheduledThreadPoolExecutor$DelayedWorkQueue (java.base@17.0.15)
2618:             2             32  java.util.concurrent.SynchronousQueue$TransferStack (java.base@17.0.15)
2619:             1             32  java.util.concurrent.SynchronousQueue$TransferStack$SNode (java.base@17.0.15)
2620:             1             32  java.util.concurrent.ThreadLocalRandom (java.base@17.0.15)
2621:             1             32  java.util.concurrent.locks.AbstractQueuedSynchronizer$ExclusiveNode (java.base@17.0.15)
2622:             1             32  java.util.logging.LogManager$SystemLoggerContext (java.logging@17.0.15)
2623:             2             32  java.util.regex.CharPredicates$$Lambda$1260/0x00000008002fb0b8 (java.base@17.0.15)
2624:             1             32  java.util.regex.Pattern$BnM (java.base@17.0.15)
2625:             1             32  java.util.regex.Pattern$NotBehind (java.base@17.0.15)
2626:             1             32  java.util.zip.ZipCoder$UTF8ZipCoder (java.base@17.0.15)
2627:             2             32  jdk.dynalink.linker.support.Lookup (jdk.dynalink@17.0.15)
2628:             1             32  jdk.internal.loader.ArchivedClassLoaders (java.base@17.0.15)
2629:             1             32  jdk.internal.module.ArchivedModuleGraph (java.base@17.0.15)
2630:             2             32  jdk.internal.module.ModuleResolution (java.base@17.0.15)
2631:             2             32  jdk.internal.module.ModuleTarget (java.base@17.0.15)
2632:             1             32  jdk.internal.org.objectweb.asm.ConstantDynamic (java.base@17.0.15)
2633:             1             32  jdk.internal.org.objectweb.asm.Handle (java.base@17.0.15)
2634:             1             32  jdk.internal.reflect.UnsafeQualifiedStaticLongFieldAccessorImpl (java.base@17.0.15)
2635:             2             32  jdk.proxy2.$Proxy15 (jdk.proxy2)
2636:             2             32  jdk.proxy2.$Proxy23 (jdk.proxy2)
2637:             2             32  net.minecraft.network.chat.FormattedText$2 (minecraft@1.20.1)
2638:             1             32  net.minecraft.util.CrudeIncrementalIntIdentityHashBiMap (minecraft@1.20.1)
2639:             1             32  net.minecraft.util.SegmentedAnglePrecision (minecraft@1.20.1)
2640:             2             32  net.minecraft.util.datafix.fixes.AbstractPoiSectionFix$$Lambda$2300/0x00000008008abb60 (minecraft@1.20.1)
2641:             1             32  net.minecraft.util.datafix.fixes.AdvancementsFix (minecraft@1.20.1)
2642:             1             32  net.minecraft.util.datafix.fixes.BitStorageAlignFix$$Lambda$2316/0x00000008008af5c8 (minecraft@1.20.1)
2643:             1             32  net.minecraft.util.datafix.fixes.BlendingDataFix (minecraft@1.20.1)
2644:             1             32  net.minecraft.util.datafix.fixes.BlockEntityRenameFix (minecraft@1.20.1)
2645:             1             32  net.minecraft.util.datafix.fixes.BlockEntityUUIDFix (minecraft@1.20.1)
2646:             1             32  net.minecraft.util.datafix.fixes.ChunkHeightAndBiomeFix$$Lambda$2329/0x00000008008b2000 (minecraft@1.20.1)
2647:             2             32  net.minecraft.util.datafix.fixes.CriteriaRenameFix$$Lambda$2338/0x00000008008b1000 (minecraft@1.20.1)
2648:             1             32  net.minecraft.util.datafix.fixes.EntityBlockStateFix$$Lambda$2257/0x000000080089a1a0 (minecraft@1.20.1)
2649:             1             32  net.minecraft.util.datafix.fixes.EntityCatSplitFix (minecraft@1.20.1)
2650:             1             32  net.minecraft.util.datafix.fixes.EntityCodSalmonFix (minecraft@1.20.1)
2651:             1             32  net.minecraft.util.datafix.fixes.EntityElderGuardianSplitFix (minecraft@1.20.1)
2652:             1             32  net.minecraft.util.datafix.fixes.EntityHorseSplitFix (minecraft@1.20.1)
2653:             1             32  net.minecraft.util.datafix.fixes.EntityPufferfishRenameFix (minecraft@1.20.1)
2654:             1             32  net.minecraft.util.datafix.fixes.EntityRavagerRenameFix (minecraft@1.20.1)
2655:             1             32  net.minecraft.util.datafix.fixes.EntityRidingToPassengersFix$$Lambda$2229/0x000000080088b6c0 (minecraft@1.20.1)
2656:             1             32  net.minecraft.util.datafix.fixes.EntitySkeletonSplitFix (minecraft@1.20.1)
2657:             1             32  net.minecraft.util.datafix.fixes.EntityTheRenameningFix (minecraft@1.20.1)
2658:             1             32  net.minecraft.util.datafix.fixes.EntityTippedArrowFix (minecraft@1.20.1)
2659:             1             32  net.minecraft.util.datafix.fixes.EntityUUIDFix (minecraft@1.20.1)
2660:             1             32  net.minecraft.util.datafix.fixes.EntityZombieSplitFix (minecraft@1.20.1)
2661:             1             32  net.minecraft.util.datafix.fixes.EntityZombifiedPiglinRenameFix (minecraft@1.20.1)
2662:             1             32  net.minecraft.util.datafix.fixes.FeatureFlagRemoveFix (minecraft@1.20.1)
2663:             1             32  net.minecraft.util.datafix.fixes.FilteredBooksFix (minecraft@1.20.1)
2664:             1             32  net.minecraft.util.datafix.fixes.GoatHornIdFix (minecraft@1.20.1)
2665:             1             32  net.minecraft.util.datafix.fixes.ItemRemoveBlockEntityTagFix (minecraft@1.20.1)
2666:             1             32  net.minecraft.util.datafix.fixes.ItemRemoveBlockEntityTagFix$$Lambda$2261/0x000000080089ccc8 (minecraft@1.20.1)
2667:             1             32  net.minecraft.util.datafix.fixes.ItemStackUUIDFix (minecraft@1.20.1)
2668:             1             32  net.minecraft.util.datafix.fixes.LeavesFix$$Lambda$2275/0x00000008008a0580 (minecraft@1.20.1)
2669:             1             32  net.minecraft.util.datafix.fixes.LevelUUIDFix (minecraft@1.20.1)
2670:             1             32  net.minecraft.util.datafix.fixes.MissingDimensionFix$$Lambda$2319/0x00000008008b44a8 (minecraft@1.20.1)
2671:             1             32  net.minecraft.util.datafix.fixes.NewVillageFix$$Lambda$2291/0x00000008008a7b50 (minecraft@1.20.1)
2672:             1             32  net.minecraft.util.datafix.fixes.OminousBannerRenameFix (minecraft@1.20.1)
2673:             1             32  net.minecraft.util.datafix.fixes.PlayerUUIDFix (minecraft@1.20.1)
2674:             1             32  net.minecraft.util.datafix.fixes.PoiTypeRemoveFix (minecraft@1.20.1)
2675:             1             32  net.minecraft.util.datafix.fixes.PoiTypeRenameFix (minecraft@1.20.1)
2676:             1             32  net.minecraft.util.datafix.fixes.RemapChunkStatusFix (minecraft@1.20.1)
2677:             1             32  net.minecraft.util.datafix.fixes.SavedDataUUIDFix (minecraft@1.20.1)
2678:             1             32  net.minecraft.util.datafix.fixes.SpawnerDataFix$$Lambda$2327/0x00000008008b7a98 (minecraft@1.20.1)
2679:             1             32  net.minecraft.util.datafix.fixes.TrappedChestBlockEntityFix$$Lambda$2287/0x00000008008a6748 (minecraft@1.20.1)
2680:             1             32  net.minecraft.util.datafix.fixes.VillagerRebuildLevelAndXpFix$$Lambda$2297/0x00000008008ab200 (minecraft@1.20.1)
2681:             2             32  net.minecraft.util.datafix.fixes.WorldGenSettingsDisallowOldCustomWorldsFix$$Lambda$2330/0x00000008008b2248 (minecraft@1.20.1)
2682:             2             32  net.minecraft.util.datafix.schemas.V703$$Lambda$1891/0x000000080083a028 (minecraft@1.20.1)
2683:             2             32  net.minecraft.util.datafix.schemas.V703$$Lambda$1892/0x000000080083a250 (minecraft@1.20.1)
2684:             2             32  net.minecraft.util.datafix.schemas.V703$$Lambda$1893/0x000000080083a478 (minecraft@1.20.1)
2685:             2             32  net.minecraft.util.datafix.schemas.V703$$Lambda$1894/0x000000080083a6a0 (minecraft@1.20.1)
2686:             2             32  net.minecraft.util.datafix.schemas.V703$$Lambda$1895/0x000000080083a8c8 (minecraft@1.20.1)
2687:             2             32  net.minecraft.world.level.block.CaveVines$$Lambda$1776/0x00000008007b3058 (minecraft@1.20.1)
2688:             2             32  net.minecraft.world.level.block.state.StateHolder$$Lambda$1476/0x000000080071fb00 (minecraft@1.20.1)
2689:             1             32  net.minecraft.world.level.material.EmptyFluid (minecraft@1.20.1)
2690:             1             32  net.minecraft.world.level.material.LavaFluid$Flowing (minecraft@1.20.1)
2691:             1             32  net.minecraft.world.level.material.LavaFluid$Source (minecraft@1.20.1)
2692:             1             32  net.minecraft.world.level.material.WaterFluid$Flowing (minecraft@1.20.1)
2693:             1             32  net.minecraft.world.level.material.WaterFluid$Source (minecraft@1.20.1)
2694:             2             32  net.minecraftforge.coremod.CoreModTracker (net.minecraftforge.coremod)
2695:             1             32  net.minecraftforge.fml.earlydisplay.ElementShader (fmlearlydisplay@1.20.1-47.4.13)
2696:             1             32  net.minecraftforge.fml.earlydisplay.PerformanceInfo (fmlearlydisplay@1.20.1-47.4.13)
2697:             1             32  net.minecraftforge.fml.earlydisplay.SimpleFont (fmlearlydisplay@1.20.1-47.4.13)
2698:             1             32  net.minecraftforge.fml.loading.LanguageLoadingProvider (fmlloader@1.20.1-47.4.13)
2699:             1             32  net.minecraftforge.fml.loading.LoadingModList (fmlloader@1.20.1-47.4.13)
2700:             1             32  net.minecraftforge.fml.loading.VersionInfo (fmlloader@1.20.1-47.4.13)
2701:             1             32  net.minecraftforge.fml.loading.moddiscovery.ModDiscoverer (fmlloader@1.20.1-47.4.13)
2702:             1             32  net.minecraftforge.fml.loading.progress.ProgressMeter (fmlloader@1.20.1-47.4.13)
2703:             2             32  net.minecraftforge.jarjar.metadata.json.ArtifactVersionSerializer (JarJarMetadata@0.3.19)
2704:             1             32  net.minecraftforge.registries.GameData$BlockCallbacks$1 (forge@47.4.13)
2705:             1             32  org.antlr.v4.runtime.atn.EmptyPredictionContext (org.antlr.antlr4.runtime@4.9.1)
2706:             2             32  org.antlr.v4.runtime.atn.PredictionContextCache (org.antlr.antlr4.runtime@4.9.1)
2707:             2             32  org.apache.commons.lang3.text.StrMatcher$CharSetMatcher (org.apache.commons.lang3@3.12.0)
2708:             2             32  org.apache.commons.lang3.text.translate.UnicodeUnpairedSurrogateRemover (org.apache.commons.lang3@3.12.0)
2709:             1             32  org.apache.logging.log4j.core.appender.rolling.SizeBasedTriggeringPolicy (org.apache.logging.log4j.core@2.19.0)
2710:             2             32  org.apache.logging.log4j.core.config.DefaultAdvertiser (org.apache.logging.log4j.core@2.19.0)
2711:             1             32  org.apache.logging.log4j.core.filter.ThresholdFilter (org.apache.logging.log4j.core@2.19.0)
2712:             1             32  org.apache.logging.log4j.core.impl.ThrowableFormatOptions (org.apache.logging.log4j.core@2.19.0)
2713:             2             32  org.apache.logging.log4j.core.layout.PatternLayout$NoFormatPatternSerializer (org.apache.logging.log4j.core@2.19.0)
2714:             2             32  org.apache.logging.log4j.core.lookup.StrMatcher$CharSetMatcher (org.apache.logging.log4j.core@2.19.0)
2715:             2             32  org.apache.logging.log4j.core.pattern.NameAbbreviator$PatternAbbreviator (org.apache.logging.log4j.core@2.19.0)
2716:             1             32  org.apache.logging.log4j.core.util.DefaultShutdownCallbackRegistry (org.apache.logging.log4j.core@2.19.0)
2717:             2             32  org.apache.logging.log4j.core.util.SystemClock (org.apache.logging.log4j.core@2.19.0)
2718:             1             32  org.apache.logging.log4j.core.util.datetime.FastDateParser$CaseInsensitiveTextStrategy (org.apache.logging.log4j.core@2.19.0)
2719:             2             32  org.apache.logging.log4j.message.ReusableSimpleMessage (org.apache.logging.log4j@2.19.0)
2720:             1             32  org.apache.logging.log4j.status.StatusLogger$BoundedQueue (org.apache.logging.log4j@2.19.0)
2721:             2             32  org.apache.logging.log4j.util.EnvironmentPropertySource (org.apache.logging.log4j@2.19.0)
2722:             2             32  org.apache.logging.log4j.util.PropertiesUtil (org.apache.logging.log4j@2.19.0)
2723:             2             32  org.apache.logging.log4j.util.PropertySource$Comparator (org.apache.logging.log4j@2.19.0)
2724:             2             32  org.apache.logging.log4j.util.SystemPropertiesPropertySource (org.apache.logging.log4j@2.19.0)
2725:             2             32  org.jline.terminal.impl.NativeSignalHandler (jline.terminal@3.12.1)
2726:             1             32  org.lwjgl.system.Platform$1 (org.lwjgl@3.3.1+7)
2727:             1             32  org.lwjgl.system.Platform$2 (org.lwjgl@3.3.1+7)
2728:             1             32  org.lwjgl.system.Platform$3 (org.lwjgl@3.3.1+7)
2729:             1             32  org.openjdk.nashorn.internal.codegen.CompilationPhase$ApplySpecializationPhase (org.openjdk.nashorn)
2730:             1             32  org.openjdk.nashorn.internal.codegen.CompilationPhase$BytecodeGenerationPhase (org.openjdk.nashorn)
2731:             1             32  org.openjdk.nashorn.internal.codegen.CompilationPhase$CacheAstPhase (org.openjdk.nashorn)
2732:             1             32  org.openjdk.nashorn.internal.codegen.CompilationPhase$ConstantFoldingPhase (org.openjdk.nashorn)
2733:             1             32  org.openjdk.nashorn.internal.codegen.CompilationPhase$DeclareLocalSymbolsPhase (org.openjdk.nashorn)
2734:             1             32  org.openjdk.nashorn.internal.codegen.CompilationPhase$InstallPhase (org.openjdk.nashorn)
2735:             1             32  org.openjdk.nashorn.internal.codegen.CompilationPhase$LocalVariableTypeCalculationPhase (org.openjdk.nashorn)
2736:             1             32  org.openjdk.nashorn.internal.codegen.CompilationPhase$LoweringPhase (org.openjdk.nashorn)
2737:             1             32  org.openjdk.nashorn.internal.codegen.CompilationPhase$OptimisticTypeAssignmentPhase (org.openjdk.nashorn)
2738:             1             32  org.openjdk.nashorn.internal.codegen.CompilationPhase$ProgramPointPhase (org.openjdk.nashorn)
2739:             1             32  org.openjdk.nashorn.internal.codegen.CompilationPhase$ReinitializeCachedPhase (org.openjdk.nashorn)
2740:             1             32  org.openjdk.nashorn.internal.codegen.CompilationPhase$ReuseCompileUnitsPhase (org.openjdk.nashorn)
2741:             1             32  org.openjdk.nashorn.internal.codegen.CompilationPhase$ScopeDepthComputationPhase (org.openjdk.nashorn)
2742:             1             32  org.openjdk.nashorn.internal.codegen.CompilationPhase$SplittingPhase (org.openjdk.nashorn)
2743:             1             32  org.openjdk.nashorn.internal.codegen.CompilationPhase$SymbolAssignmentPhase (org.openjdk.nashorn)
2744:             1             32  org.openjdk.nashorn.internal.codegen.CompilerConstants$4 (org.openjdk.nashorn)
2745:             2             32  org.openjdk.nashorn.internal.runtime.Undefined (org.openjdk.nashorn)
2746:             1             32  org.openjdk.nashorn.internal.runtime.linker.JavaAdapterFactory$AdapterInfo (org.openjdk.nashorn)
2747:             2             32  org.slf4j.helpers.BasicMarkerFactory (org.slf4j@2.0.1)
2748:             1             32  org.spongepowered.asm.launch.MixinLaunchPlugin (org.spongepowered.mixin)
2749:             1             32  org.spongepowered.asm.launch.platform.MixinPlatformManager (org.spongepowered.mixin)
2750:             1             32  org.spongepowered.asm.mixin.injection.invoke.arg.ArgsClassGenerator (org.spongepowered.mixin)
2751:             1             32  org.spongepowered.asm.mixin.refmap.ReferenceMapper (org.spongepowered.mixin)
2752:             1             32  org.spongepowered.asm.mixin.transformer.InnerClassGenerator (org.spongepowered.mixin)
2753:             2             32  org.spongepowered.asm.mixin.transformer.MixinConfig$OverwriteOptions (org.spongepowered.mixin)
2754:             1             32  org.spongepowered.asm.mixin.transformer.MixinCoprocessors (org.spongepowered.mixin)
2755:             1             32  org.spongepowered.asm.mixin.transformer.ext.extensions.ExtensionCheckInterfaces (org.spongepowered.mixin)
2756:             2             32  org.spongepowered.asm.obfuscation.RemapperChain (org.spongepowered.mixin)
2757:             1             32  org.spongepowered.asm.service.MixinService (org.spongepowered.mixin)
2758:             2             32  sun.net.www.protocol.file.Handler (java.base@17.0.15)
2759:             1             32  sun.net.www.protocol.https.Handler (java.base@17.0.15)
2760:             2             32  sun.net.www.protocol.jar.Handler (java.base@17.0.15)
2761:             2             32  sun.net.www.protocol.jrt.Handler (java.base@17.0.15)
2762:             1             32  sun.nio.fs.LinuxFileSystem (java.base@17.0.15)
2763:             2             32  sun.reflect.generics.tree.ArrayTypeSignature (java.base@17.0.15)
2764:             2             32  sun.reflect.generics.tree.TypeVariableSignature (java.base@17.0.15)
2765:             2             32  sun.security.provider.FileInputStreamPool$UnclosableInputStream (java.base@17.0.15)
2766:             1             32  sun.security.provider.SecureRandom (java.base@17.0.15)
2767:             1             32  sun.security.util.DisabledAlgorithmConstraints (java.base@17.0.15)
2768:             1             32  sun.security.util.DisabledAlgorithmConstraints$DenyAfterConstraint (java.base@17.0.15)
2769:             1             32  sun.security.util.KnownOIDs$1 (java.base@17.0.15)
2770:             1             32  sun.security.util.KnownOIDs$10 (java.base@17.0.15)
2771:             1             32  sun.security.util.KnownOIDs$2 (java.base@17.0.15)
2772:             1             32  sun.security.util.KnownOIDs$3 (java.base@17.0.15)
2773:             1             32  sun.security.util.KnownOIDs$4 (java.base@17.0.15)
2774:             1             32  sun.security.util.KnownOIDs$5 (java.base@17.0.15)
2775:             1             32  sun.security.util.KnownOIDs$6 (java.base@17.0.15)
2776:             1             32  sun.security.util.KnownOIDs$7 (java.base@17.0.15)
2777:             1             32  sun.security.util.KnownOIDs$8 (java.base@17.0.15)
2778:             1             32  sun.security.util.KnownOIDs$9 (java.base@17.0.15)
2779:             1             24  [Lcom.electronwill.nightconfig.core.io.NewlineStyle; (com.electronwill.nightconfig.core@3.6.4)
2780:             1             24  [Lcom.electronwill.nightconfig.core.io.WritingMode; (com.electronwill.nightconfig.core@3.6.4)
2781:             1             24  [Lcom.google.common.cache.CacheBuilder$NullListener; (com.google.common@31.1-jre)
2782:             1             24  [Lcom.google.common.cache.CacheBuilder$OneWeigher; (com.google.common@31.1-jre)
2783:             1             24  [Lcom.google.common.collect.Iterators$EmptyModifiableIterator; (com.google.common@31.1-jre)
2784:             1             24  [Lcom.google.common.collect.MapMaker$Dummy; (com.google.common@31.1-jre)
2785:             1             24  [Lcom.google.common.collect.MapMakerInternalMap$Strength; (com.google.common@31.1-jre)
2786:             1             24  [Lcom.google.common.io.RecursiveDeleteOption; (com.google.common@31.1-jre)
2787:             1             24  [Lcom.google.gson.LongSerializationPolicy; (com.google.gson@2.10)
2788:             1             24  [Lcom.google.gson.LongSerializationPolicy;
2789:             1             24  [Lcom.llamalad7.mixinextras.service.Versioned; (MixinExtras@0.5.3)
2790:             1             24  [Lcom.mojang.datafixers.TypeRewriteRule$Nop; (datafixerupper@6.0.8)
2791:             1             24  [Lcom.mojang.datafixers.functions.PointFreeRule$AppNest; (datafixerupper@6.0.8)
2792:             1             24  [Lcom.mojang.datafixers.functions.PointFreeRule$CataFuseDifferent; (datafixerupper@6.0.8)
2793:             1             24  [Lcom.mojang.datafixers.functions.PointFreeRule$CataFuseSame; (datafixerupper@6.0.8)
2794:             1             24  [Lcom.mojang.datafixers.functions.PointFreeRule$LensComp; (datafixerupper@6.0.8)
2795:             1             24  [Lcom.mojang.datafixers.functions.PointFreeRule$SortInj; (datafixerupper@6.0.8)
2796:             1             24  [Lcom.mojang.datafixers.functions.PointFreeRule$SortProj; (datafixerupper@6.0.8)
2797:             1             24  [Lcom.mojang.datafixers.util.Unit; (datafixerupper@6.0.8)
2798:             1             24  [Lcom.sun.org.apache.xerces.internal.utils.XMLSecurityPropertyManager$Property; (java.xml@17.0.15)
2799:             1             24  [Lio.github.zekerzhayard.forgewrapper.installer.util.ModuleUtil$TypeToAdd;
2800:             1             24  [Ljava.io.File$PathStatus; (java.base@17.0.15)
2801:             1             24  [Ljava.lang.StackWalker$ExtendedOption; (java.base@17.0.15)
2802:             1             24  [Ljava.lang.invoke.MethodHandles$Lookup$ClassOption; (java.base@17.0.15)
2803:             1             24  [Ljava.net.InetAddress; (java.base@17.0.15)
2804:             1             24  [Ljava.nio.file.LinkOption; (java.base@17.0.15)
2805:             1             24  [Ljava.time.temporal.IsoFields$Unit; (java.base@17.0.15)
2806:             1             24  [Ljava.util.Comparators$NaturalOrderComparator; (java.base@17.0.15)
2807:             1             24  [Ljava.util.Locale$Category; (java.base@17.0.15)
2808:             1             24  [Ljdk.internal.icu.util.CodePointTrie$Type; (java.base@17.0.15)
2809:             1             24  [Lnet.minecraft.Util$IdentityStrategy; (minecraft@1.20.1)
2810:             1             24  [Lnet.minecraft.core.Direction$AxisDirection; (minecraft@1.20.1)
2811:             1             24  [Lnet.minecraft.core.Direction$Plane; (minecraft@1.20.1)
2812:             1             24  [Lnet.minecraft.core.Holder$Reference$Type; (minecraft@1.20.1)
2813:             1             24  [Lnet.minecraft.util.Unit; (minecraft@1.20.1)
2814:             1             24  [Lnet.minecraft.world.level.block.Block; (minecraft@1.20.1)
2815:             1             24  [Lnet.minecraft.world.level.block.PressurePlateBlock$Sensitivity; (minecraft@1.20.1)
2816:             1             24  [Lnet.minecraftforge.accesstransformer.AccessTransformerEngine; (accesstransformers@8.0.4)
2817:             1             24  [Lnet.minecraftforge.fml.earlydisplay.ColourScheme; (fmlearlydisplay@1.20.1-47.4.13)
2818:             1             24  [Lnet.minecraftforge.fml.earlydisplay.SimpleBufferBuilder$Mode; (fmlearlydisplay@1.20.1-47.4.13)
2819:             1             24  [Lorg.antlr.v4.runtime.atn.ATNDeserializer$UnicodeDeserializingMode; (org.antlr.antlr4.runtime@4.9.1)
2820:             1             24  [Lorg.antlr.v4.runtime.atn.ATNType; (org.antlr.antlr4.runtime@4.9.1)
2821:             1             24  [Lorg.apache.logging.log4j.core.appender.ConsoleAppender$Target; (org.apache.logging.log4j.core@2.19.0)
2822:             1             24  [Lorg.apache.logging.log4j.core.async.ThreadNameCachingStrategy; (org.apache.logging.log4j.core@2.19.0)
2823:             1             24  [Lorg.apache.logging.log4j.core.config.status.StatusConfiguration$Verbosity; (org.apache.logging.log4j.core@2.19.0)
2824:             1             24  [Lorg.apache.logging.log4j.core.pattern.NameAbbreviator$MaxElementAbbreviator$Strategy; (org.apache.logging.log4j.core@2.19.0)
2825:             1             24  [Lsun.security.rsa.RSAUtil$KeyType; (java.base@17.0.15)
2826:             1             24  com.electronwill.nightconfig.core.file.SimpleCommentedFileConfig (com.electronwill.nightconfig.core@3.6.4)
2827:             1             24  com.google.common.cache.CacheBuilder$NullListener (com.google.common@31.1-jre)
2828:             1             24  com.google.common.cache.CacheBuilder$OneWeigher (com.google.common@31.1-jre)
2829:             1             24  com.google.common.cache.LocalCache$EntryFactory$1 (com.google.common@31.1-jre)
2830:             1             24  com.google.common.cache.LocalCache$EntryFactory$2 (com.google.common@31.1-jre)
2831:             1             24  com.google.common.cache.LocalCache$EntryFactory$3 (com.google.common@31.1-jre)
2832:             1             24  com.google.common.cache.LocalCache$EntryFactory$4 (com.google.common@31.1-jre)
2833:             1             24  com.google.common.cache.LocalCache$EntryFactory$5 (com.google.common@31.1-jre)
2834:             1             24  com.google.common.cache.LocalCache$EntryFactory$6 (com.google.common@31.1-jre)
2835:             1             24  com.google.common.cache.LocalCache$EntryFactory$7 (com.google.common@31.1-jre)
2836:             1             24  com.google.common.cache.LocalCache$EntryFactory$8 (com.google.common@31.1-jre)
2837:             1             24  com.google.common.cache.LocalCache$Strength$1 (com.google.common@31.1-jre)
2838:             1             24  com.google.common.cache.LocalCache$Strength$2 (com.google.common@31.1-jre)
2839:             1             24  com.google.common.cache.LocalCache$Strength$3 (com.google.common@31.1-jre)
2840:             1             24  com.google.common.collect.ImmutableMap$IteratorBasedImmutableMap$1EntrySetImpl (com.google.common@31.1-jre)
2841:             1             24  com.google.common.collect.ImmutableSet$EmptySetBuilderImpl (com.google.common@31.1-jre)
2842:             1             24  com.google.common.collect.Iterators$EmptyModifiableIterator (com.google.common@31.1-jre)
2843:             1             24  com.google.common.collect.MapMaker$Dummy (com.google.common@31.1-jre)
2844:             1             24  com.google.common.collect.MapMakerInternalMap$Strength$1 (com.google.common@31.1-jre)
2845:             1             24  com.google.common.collect.MapMakerInternalMap$Strength$2 (com.google.common@31.1-jre)
2846:             1             24  com.google.common.collect.NaturalOrdering (com.google.common@31.1-jre)
2847:             1             24  com.google.common.io.RecursiveDeleteOption (com.google.common@31.1-jre)
2848:             1             24  com.google.gson.FieldNamingPolicy$1 (com.google.gson@2.10)
2849:             1             24  com.google.gson.FieldNamingPolicy$1
2850:             1             24  com.google.gson.FieldNamingPolicy$2 (com.google.gson@2.10)
2851:             1             24  com.google.gson.FieldNamingPolicy$2
2852:             1             24  com.google.gson.FieldNamingPolicy$3 (com.google.gson@2.10)
2853:             1             24  com.google.gson.FieldNamingPolicy$3
2854:             1             24  com.google.gson.FieldNamingPolicy$4 (com.google.gson@2.10)
2855:             1             24  com.google.gson.FieldNamingPolicy$4
2856:             1             24  com.google.gson.FieldNamingPolicy$5 (com.google.gson@2.10)
2857:             1             24  com.google.gson.FieldNamingPolicy$5
2858:             1             24  com.google.gson.FieldNamingPolicy$6 (com.google.gson@2.10)
2859:             1             24  com.google.gson.FieldNamingPolicy$6
2860:             1             24  com.google.gson.FieldNamingPolicy$7 (com.google.gson@2.10)
2861:             1             24  com.google.gson.FieldNamingPolicy$7
2862:             1             24  com.google.gson.LongSerializationPolicy$1
2863:             1             24  com.google.gson.LongSerializationPolicy$1 (com.google.gson@2.10)
2864:             1             24  com.google.gson.LongSerializationPolicy$2
2865:             1             24  com.google.gson.LongSerializationPolicy$2 (com.google.gson@2.10)
2866:             1             24  com.google.gson.ToNumberPolicy$1 (com.google.gson@2.10)
2867:             1             24  com.google.gson.ToNumberPolicy$1
2868:             1             24  com.google.gson.ToNumberPolicy$2 (com.google.gson@2.10)
2869:             1             24  com.google.gson.ToNumberPolicy$2
2870:             1             24  com.google.gson.ToNumberPolicy$3 (com.google.gson@2.10)
2871:             1             24  com.google.gson.ToNumberPolicy$3
2872:             1             24  com.google.gson.ToNumberPolicy$4 (com.google.gson@2.10)
2873:             1             24  com.google.gson.ToNumberPolicy$4
2874:             1             24  com.google.gson.internal.ConstructorConstructor
2875:             1             24  com.google.gson.internal.ConstructorConstructor$19
2876:             1             24  com.google.gson.internal.ConstructorConstructor$3
2877:             1             24  com.google.gson.internal.UnsafeAllocator$1
2878:             1             24  com.google.gson.internal.bind.CollectionTypeAdapterFactory$Adapter (com.google.gson@2.10)
2879:             1             24  com.google.gson.internal.bind.JsonTreeReader$1 (com.google.gson@2.10)
2880:             1             24  com.google.gson.internal.bind.MapTypeAdapterFactory
2881:             1             24  com.google.gson.internal.bind.TypeAdapterRuntimeTypeWrapper (com.google.gson@2.10)
2882:             1             24  com.google.gson.internal.bind.TypeAdapters$33
2883:             1             24  com.google.gson.internal.bind.TypeAdapters$33 (com.google.gson@2.10)
2884:             1             24  com.google.gson.internal.bind.TypeAdapters$34$1 (com.google.gson@2.10)
2885:             1             24  com.llamalad7.mixinextras.lib.semver.VersionParser$CharType$1 (MixinExtras@0.5.3)
2886:             1             24  com.llamalad7.mixinextras.lib.semver.VersionParser$CharType$2 (MixinExtras@0.5.3)
2887:             1             24  com.llamalad7.mixinextras.lib.semver.VersionParser$CharType$3 (MixinExtras@0.5.3)
2888:             1             24  com.llamalad7.mixinextras.lib.semver.VersionParser$CharType$4 (MixinExtras@0.5.3)
2889:             1             24  com.llamalad7.mixinextras.lib.semver.VersionParser$CharType$5 (MixinExtras@0.5.3)
2890:             1             24  com.llamalad7.mixinextras.lib.semver.VersionParser$CharType$6 (MixinExtras@0.5.3)
2891:             1             24  com.llamalad7.mixinextras.lib.semver.VersionParser$CharType$7 (MixinExtras@0.5.3)
2892:             1             24  com.llamalad7.mixinextras.service.ServiceInitializationExtension (MixinExtras@0.5.3)
2893:             1             24  com.llamalad7.mixinextras.transformer.MixinTransformerExtension (MixinExtras@0.5.3)
2894:             1             24  com.llamalad7.mixinextras.utils.InternalConstructor$$Lambda$990/0x0000000800536f20 (MixinExtras@0.5.3)
2895:             1             24  com.mojang.datafixers.TypeRewriteRule$Nop (datafixerupper@6.0.8)
2896:             1             24  com.mojang.datafixers.functions.PointFreeRule$AppNest (datafixerupper@6.0.8)
2897:             1             24  com.mojang.datafixers.functions.PointFreeRule$CataFuseDifferent (datafixerupper@6.0.8)
2898:             1             24  com.mojang.datafixers.functions.PointFreeRule$CataFuseSame (datafixerupper@6.0.8)
2899:             1             24  com.mojang.datafixers.functions.PointFreeRule$Everywhere (datafixerupper@6.0.8)
2900:             1             24  com.mojang.datafixers.functions.PointFreeRule$LensComp (datafixerupper@6.0.8)
2901:             1             24  com.mojang.datafixers.functions.PointFreeRule$SortInj (datafixerupper@6.0.8)
2902:             1             24  com.mojang.datafixers.functions.PointFreeRule$SortProj (datafixerupper@6.0.8)
2903:             1             24  com.mojang.datafixers.types.constant.EmptyPart (datafixerupper@6.0.8)
2904:             1             24  com.mojang.datafixers.types.constant.EmptyPartPassthrough (datafixerupper@6.0.8)
2905:             1             24  com.mojang.datafixers.util.Unit (datafixerupper@6.0.8)
2906:             1             24  com.mojang.serialization.MapDecoder$3 (datafixerupper@6.0.8)
2907:             1             24  com.mojang.serialization.MapEncoder$2 (datafixerupper@6.0.8)
2908:             1             24  com.mojang.serialization.codecs.RecordCodecBuilder$Instance$$Lambda$1194/0x00000008005975d8 (datafixerupper@6.0.8)
2909:             1             24  com.mojang.serialization.codecs.UnboundedMapCodec (datafixerupper@6.0.8)
2910:             1             24  com.sun.jmx.mbeanserver.ClassLoaderRepositorySupport (java.management@17.0.15)
2911:             1             24  com.sun.jmx.mbeanserver.MXBeanLookup (java.management@17.0.15)
2912:             1             24  com.sun.jmx.remote.util.ClassLogger (java.management@17.0.15)
2913:             1             24  com.sun.jna.NativeLibrary$NativeLibraryDisposer (com.sun.jna@5.12.1)
2914:             1             24  com.sun.jna.Structure$3 (com.sun.jna@5.12.1)
2915:             1             24  com.sun.jna.WeakMemoryHolder (com.sun.jna@5.12.1)
2916:             1             24  com.sun.jna.internal.Cleaner (com.sun.jna@5.12.1)
2917:             1             24  com.sun.management.internal.HotSpotThreadImpl (jdk.management@17.0.15)
2918:             1             24  com.sun.management.internal.PlatformMBeanProviderImpl$1 (jdk.management@17.0.15)
2919:             1             24  com.sun.management.internal.PlatformMBeanProviderImpl$2 (jdk.management@17.0.15)
2920:             1             24  com.sun.management.internal.PlatformMBeanProviderImpl$3 (jdk.management@17.0.15)
2921:             1             24  com.sun.management.internal.PlatformMBeanProviderImpl$4 (jdk.management@17.0.15)
2922:             1             24  com.sun.management.internal.PlatformMBeanProviderImpl$5 (jdk.management@17.0.15)
2923:             1             24  com.sun.org.apache.xerces.internal.impl.Constants$ArrayEnumeration (java.xml@17.0.15)
2924:             1             24  com.sun.org.apache.xerces.internal.jaxp.SAXParserFactoryImpl (java.xml@17.0.15)
2925:             1             24  cpw.mods.modlauncher.ArgumentHandler$DiscoveryData (cpw.mods.modlauncher@10.0.9)
2926:             1             24  cpw.mods.modlauncher.Environment (cpw.mods.modlauncher@10.0.9)
2927:             1             24  cpw.mods.modlauncher.LaunchPluginHandler$$Lambda$945/0x0000000800505470 (cpw.mods.modlauncher@10.0.9)
2928:             1             24  cpw.mods.modlauncher.LaunchPluginHandler$$Lambda$955/0x000000080050f810 (cpw.mods.modlauncher@10.0.9)
2929:             1             24  cpw.mods.modlauncher.ModuleLayerHandler (cpw.mods.modlauncher@10.0.9)
2930:             1             24  cpw.mods.modlauncher.NameMappingServiceHandler (cpw.mods.modlauncher@10.0.9)
2931:             1             24  cpw.mods.modlauncher.TransformStore (cpw.mods.modlauncher@10.0.9)
2932:             1             24  cpw.mods.modlauncher.TransformationServicesHandler (cpw.mods.modlauncher@10.0.9)
2933:             1             24  cpw.mods.modlauncher.TransformingClassLoaderBuilder (cpw.mods.modlauncher@10.0.9)
2934:             1             24  cpw.mods.niofs.union.UnionFileSystemProvider (cpw.mods.securejarhandler)
2935:             1             24  io.github.zekerzhayard.forgewrapper.installer.detector.MultiMCFileDetector
2936:             1             24  it.unimi.dsi.fastutil.doubles.DoubleLists$UnmodifiableRandomAccessList (it.unimi.dsi.fastutil@8.5.9)
2937:             1             24  it.unimi.dsi.fastutil.ints.IntArrays$Segment (it.unimi.dsi.fastutil@8.5.9)
2938:             1             24  java.lang.ProcessEnvironment$StringEnvironment (java.base@17.0.15)
2939:             1             24  java.lang.ProcessHandleImpl$$Lambda$282/0x0000000800251770 (java.base@17.0.15)
2940:             1             24  java.lang.StackWalker$ExtendedOption (java.base@17.0.15)
2941:             1             24  java.lang.invoke.DirectMethodHandle$EnsureInitialized (java.base@17.0.15)
2942:             1             24  java.lang.invoke.MethodHandleImpl$ArrayAccessor$1 (java.base@17.0.15)
2943:             1             24  java.lang.invoke.MethodHandleImpl$BindCaller$1 (java.base@17.0.15)
2944:             1             24  java.lang.invoke.MethodHandleImpl$Makers$3 (java.base@17.0.15)
2945:             1             24  java.lang.invoke.MethodType$ConcurrentWeakInternSet (java.base@17.0.15)
2946:             1             24  java.lang.invoke.VarHandleByteArrayAsInts$ArrayHandle (java.base@17.0.15)
2947:             1             24  java.lang.invoke.VarHandleByteArrayAsLongs$ArrayHandle (java.base@17.0.15)
2948:             1             24  java.lang.management.DefaultPlatformMBeanProvider$1 (java.management@17.0.15)
2949:             1             24  java.lang.management.DefaultPlatformMBeanProvider$10 (java.management@17.0.15)
2950:             1             24  java.lang.management.DefaultPlatformMBeanProvider$11 (java.management@17.0.15)
2951:             1             24  java.lang.management.DefaultPlatformMBeanProvider$2 (java.management@17.0.15)
2952:             1             24  java.lang.management.DefaultPlatformMBeanProvider$3 (java.management@17.0.15)
2953:             1             24  java.lang.management.DefaultPlatformMBeanProvider$4 (java.management@17.0.15)
2954:             1             24  java.lang.management.DefaultPlatformMBeanProvider$5 (java.management@17.0.15)
2955:             1             24  java.lang.management.DefaultPlatformMBeanProvider$6 (java.management@17.0.15)
2956:             1             24  java.lang.management.DefaultPlatformMBeanProvider$7 (java.management@17.0.15)
2957:             1             24  java.lang.management.DefaultPlatformMBeanProvider$8 (java.management@17.0.15)
2958:             1             24  java.lang.management.DefaultPlatformMBeanProvider$9 (java.management@17.0.15)
2959:             1             24  java.lang.reflect.Proxy$1 (java.base@17.0.15)
2960:             1             24  java.math.MutableBigInteger (java.base@17.0.15)
2961:             1             24  java.net.Inet4Address (java.base@17.0.15)
2962:             1             24  java.net.Inet4AddressImpl (java.base@17.0.15)
2963:             1             24  java.net.Proxy (java.base@17.0.15)
2964:             1             24  java.nio.file.LinkOption (java.base@17.0.15)
2965:             1             24  java.security.Timestamp (java.base@17.0.15)
2966:             1             24  java.time.Period (java.base@17.0.15)
2967:             1             24  java.time.ZonedDateTime (java.base@17.0.15)
2968:             1             24  java.time.format.DecimalStyle (java.base@17.0.15)
2969:             1             24  java.time.temporal.IsoFields$Field$1 (java.base@17.0.15)
2970:             1             24  java.time.temporal.IsoFields$Field$2 (java.base@17.0.15)
2971:             1             24  java.time.temporal.IsoFields$Field$3 (java.base@17.0.15)
2972:             1             24  java.time.temporal.IsoFields$Field$4 (java.base@17.0.15)
2973:             1             24  java.time.zone.TzdbZoneRulesProvider (java.base@17.0.15)
2974:             1             24  java.util.Collections$EmptyMap (java.base@17.0.15)
2975:             1             24  java.util.Collections$SynchronizedCollection (java.base@17.0.15)
2976:             1             24  java.util.Collections$SynchronizedRandomAccessList (java.base@17.0.15)
2977:             1             24  java.util.Comparators$NaturalOrderComparator (java.base@17.0.15)
2978:             1             24  java.util.Locale$Cache (java.base@17.0.15)
2979:             1             24  java.util.OptionalInt (java.base@17.0.15)
2980:             1             24  java.util.PropertyPermissionCollection (java.base@17.0.15)
2981:             1             24  java.util.ResourceBundle$Control$CandidateListCache (java.base@17.0.15)
2982:             1             24  java.util.concurrent.ConcurrentLinkedDeque (java.base@17.0.15)
2983:             1             24  java.util.concurrent.CopyOnWriteArrayList$COWIterator (java.base@17.0.15)
2984:             1             24  java.util.concurrent.Executors$DelegatedScheduledExecutorService (java.base@17.0.15)
2985:             1             24  java.util.logging.LogManager$LoggerContext (java.logging@17.0.15)
2986:             1             24  java.util.regex.Pattern$BmpCharPredicate$$Lambda$984/0x00000008002ee9e8 (java.base@17.0.15)
2987:             1             24  jdk.dynalink.beans.BeansLinker$1 (jdk.dynalink@17.0.15)
2988:             1             24  jdk.dynalink.beans.BeansLinker$NoSuchMemberHandlerBindingLinker (jdk.dynalink@17.0.15)
2989:             1             24  jdk.dynalink.beans.StaticClass$1 (jdk.dynalink@17.0.15)
2990:             1             24  jdk.dynalink.beans.StaticClassLinker$1 (jdk.dynalink@17.0.15)
2991:             1             24  jdk.internal.icu.impl.Norm2AllModes (java.base@17.0.15)
2992:             1             24  jdk.internal.icu.impl.Norm2AllModes$ComposeNormalizer2 (java.base@17.0.15)
2993:             1             24  jdk.internal.icu.impl.Norm2AllModes$Norm2AllModesSingleton (java.base@17.0.15)
2994:             1             24  jdk.internal.jimage.ImageReader (java.base@17.0.15)
2995:             1             24  jdk.internal.logger.BootstrapLogger$RedirectedLoggers (java.base@17.0.15)
2996:             1             24  jdk.internal.ref.CleanerImpl (java.base@17.0.15)
2997:             1             24  jdk.jfr.internal.management.StreamManager (jdk.jfr@17.0.15)
2998:             1             24  jdk.management.jfr.internal.FlightRecorderMXBeanProvider$SingleMBeanComponent (jdk.management.jfr@17.0.15)
2999:             1             24  jdk.nio.zipfs.ZipCoder$UTF8 (jdk.zipfs@17.0.15)
3000:             1             24  joptsimple.BuiltinHelpFormatter (jopt.simple@5.0.4)
3001:             1             24  joptsimple.util.PathProperties$1 (jopt.simple@5.0.4)
3002:             1             24  joptsimple.util.PathProperties$2 (jopt.simple@5.0.4)
3003:             1             24  joptsimple.util.PathProperties$3 (jopt.simple@5.0.4)
3004:             1             24  joptsimple.util.PathProperties$4 (jopt.simple@5.0.4)
3005:             1             24  joptsimple.util.PathProperties$5 (jopt.simple@5.0.4)
3006:             1             24  joptsimple.util.PathProperties$6 (jopt.simple@5.0.4)
3007:             1             24  net.fabricmc.loader.impl.ObjectShareImpl (net.fabricmc.loader@2.6.0+0.15.0+1.20.1-full)
3008:             1             24  net.fabricmc.loader.impl.entrypoint.EntrypointStorage (net.fabricmc.loader@2.6.0+0.15.0+1.20.1-full)
3009:             1             24  net.minecraft.Util$IdentityStrategy (minecraft@1.20.1)
3010:             1             24  net.minecraft.client.telemetry.events.GameLoadTimesEvent (minecraft@1.20.1)
3011:             1             24  net.minecraft.core.Direction$Axis$1 (minecraft@1.20.1)
3012:             1             24  net.minecraft.core.Direction$Axis$2 (minecraft@1.20.1)
3013:             1             24  net.minecraft.core.Direction$Axis$3 (minecraft@1.20.1)
3014:             1             24  net.minecraft.core.IdMapper (minecraft@1.20.1)
3015:             1             24  net.minecraft.core.particles.DustColorTransitionOptions (minecraft@1.20.1)
3016:             1             24  net.minecraft.core.particles.DustParticleOptions (minecraft@1.20.1)
3017:             1             24  net.minecraft.resources.RegistryFileCodec (minecraft@1.20.1)
3018:             1             24  net.minecraft.util.ByIdMap$$Lambda$1497/0x000000080072b6f8 (minecraft@1.20.1)
3019:             1             24  net.minecraft.util.ExtraCodecs$$Lambda$1079/0x000000080056df78 (minecraft@1.20.1)
3020:             1             24  net.minecraft.util.Unit (minecraft@1.20.1)
3021:             1             24  net.minecraft.util.datafix.fixes.AbstractArrowPickupFix (minecraft@1.20.1)
3022:             1             24  net.minecraft.util.datafix.fixes.AttributesRename (minecraft@1.20.1)
3023:             1             24  net.minecraft.util.datafix.fixes.BedItemColorFix (minecraft@1.20.1)
3024:             1             24  net.minecraft.util.datafix.fixes.BitStorageAlignFix (minecraft@1.20.1)
3025:             1             24  net.minecraft.util.datafix.fixes.BlendingDataRemoveFromNetherEndFix (minecraft@1.20.1)
3026:             1             24  net.minecraft.util.datafix.fixes.BlockEntityCustomNameToComponentFix (minecraft@1.20.1)
3027:             1             24  net.minecraft.util.datafix.fixes.BlockEntityIdFix (minecraft@1.20.1)
3028:             1             24  net.minecraft.util.datafix.fixes.BlockNameFlatteningFix (minecraft@1.20.1)
3029:             1             24  net.minecraft.util.datafix.fixes.BlockStateStructureTemplateFix (minecraft@1.20.1)
3030:             1             24  net.minecraft.util.datafix.fixes.CauldronRenameFix (minecraft@1.20.1)
3031:             1             24  net.minecraft.util.datafix.fixes.ChunkBedBlockEntityInjecterFix (minecraft@1.20.1)
3032:             1             24  net.minecraft.util.datafix.fixes.ChunkBedBlockEntityInjecterFix$$Lambda$2248/0x0000000800898b30 (minecraft@1.20.1)
3033:             1             24  net.minecraft.util.datafix.fixes.ChunkBiomeFix (minecraft@1.20.1)
3034:             1             24  net.minecraft.util.datafix.fixes.ChunkDeleteIgnoredLightDataFix (minecraft@1.20.1)
3035:             1             24  net.minecraft.util.datafix.fixes.ChunkDeleteLightFix (minecraft@1.20.1)
3036:             1             24  net.minecraft.util.datafix.fixes.ChunkHeightAndBiomeFix (minecraft@1.20.1)
3037:             1             24  net.minecraft.util.datafix.fixes.ChunkLightRemoveFix (minecraft@1.20.1)
3038:             1             24  net.minecraft.util.datafix.fixes.ChunkPalettedStorageFix (minecraft@1.20.1)
3039:             1             24  net.minecraft.util.datafix.fixes.ChunkProtoTickListFix (minecraft@1.20.1)
3040:             1             24  net.minecraft.util.datafix.fixes.ChunkRenamesFix (minecraft@1.20.1)
3041:             1             24  net.minecraft.util.datafix.fixes.ChunkRenamesFix$$Lambda$2332/0x00000008008b2e40 (minecraft@1.20.1)
3042:             1             24  net.minecraft.util.datafix.fixes.ChunkStatusFix (minecraft@1.20.1)
3043:             1             24  net.minecraft.util.datafix.fixes.ChunkStatusFix2 (minecraft@1.20.1)
3044:             1             24  net.minecraft.util.datafix.fixes.ChunkStructuresTemplateRenameFix (minecraft@1.20.1)
3045:             1             24  net.minecraft.util.datafix.fixes.ChunkToProtochunkFix (minecraft@1.20.1)
3046:             1             24  net.minecraft.util.datafix.fixes.DecoratedPotFieldRenameFix (minecraft@1.20.1)
3047:             1             24  net.minecraft.util.datafix.fixes.EffectDurationFix (minecraft@1.20.1)
3048:             1             24  net.minecraft.util.datafix.fixes.EffectDurationFix$$Lambda$2345/0x00000008008ba428 (minecraft@1.20.1)
3049:             1             24  net.minecraft.util.datafix.fixes.EntityBlockStateFix (minecraft@1.20.1)
3050:             1             24  net.minecraft.util.datafix.fixes.EntityCustomNameToComponentFix (minecraft@1.20.1)
3051:             1             24  net.minecraft.util.datafix.fixes.EntityEquipmentToArmorAndHandFix (minecraft@1.20.1)
3052:             1             24  net.minecraft.util.datafix.fixes.EntityHealthFix (minecraft@1.20.1)
3053:             1             24  net.minecraft.util.datafix.fixes.EntityIdFix (minecraft@1.20.1)
3054:             1             24  net.minecraft.util.datafix.fixes.EntityMinecartIdentifiersFix (minecraft@1.20.1)
3055:             1             24  net.minecraft.util.datafix.fixes.EntityMinecartIdentifiersFix$$Lambda$2223/0x000000080088a920 (minecraft@1.20.1)
3056:             1             24  net.minecraft.util.datafix.fixes.EntityPaintingItemFrameDirectionFix (minecraft@1.20.1)
3057:             1             24  net.minecraft.util.datafix.fixes.EntityPaintingItemFrameDirectionFix$$Lambda$2226/0x000000080088aff0 (minecraft@1.20.1)
3058:             1             24  net.minecraft.util.datafix.fixes.EntityPaintingItemFrameDirectionFix$$Lambda$2227/0x000000080088b238 (minecraft@1.20.1)
3059:             1             24  net.minecraft.util.datafix.fixes.EntityProjectileOwnerFix (minecraft@1.20.1)
3060:             1             24  net.minecraft.util.datafix.fixes.EntityRedundantChanceTagsFix (minecraft@1.20.1)
3061:             1             24  net.minecraft.util.datafix.fixes.EntityRidingToPassengersFix (minecraft@1.20.1)
3062:             1             24  net.minecraft.util.datafix.fixes.EntityStringUuidFix (minecraft@1.20.1)
3063:             1             24  net.minecraft.util.datafix.fixes.ForcePoiRebuild (minecraft@1.20.1)
3064:             1             24  net.minecraft.util.datafix.fixes.FurnaceRecipeFix (minecraft@1.20.1)
3065:             1             24  net.minecraft.util.datafix.fixes.HeightmapRenamingFix (minecraft@1.20.1)
3066:             1             24  net.minecraft.util.datafix.fixes.HeightmapRenamingFix$$Lambda$2271/0x000000080089f810 (minecraft@1.20.1)
3067:             1             24  net.minecraft.util.datafix.fixes.IglooMetadataRemovalFix (minecraft@1.20.1)
3068:             1             24  net.minecraft.util.datafix.fixes.ItemBannerColorFix (minecraft@1.20.1)
3069:             1             24  net.minecraft.util.datafix.fixes.ItemBannerColorFix$$Lambda$2242/0x0000000800889400 (minecraft@1.20.1)
3070:             1             24  net.minecraft.util.datafix.fixes.ItemCustomNameToComponentFix (minecraft@1.20.1)
3071:             1             24  net.minecraft.util.datafix.fixes.ItemCustomNameToComponentFix$$Lambda$2266/0x000000080089dab0 (minecraft@1.20.1)
3072:             1             24  net.minecraft.util.datafix.fixes.ItemIdFix (minecraft@1.20.1)
3073:             1             24  net.minecraft.util.datafix.fixes.ItemIdFix$$Lambda$2215/0x000000080088a000 (minecraft@1.20.1)
3074:             1             24  net.minecraft.util.datafix.fixes.ItemLoreFix (minecraft@1.20.1)
3075:             1             24  net.minecraft.util.datafix.fixes.ItemPotionFix (minecraft@1.20.1)
3076:             1             24  net.minecraft.util.datafix.fixes.ItemPotionFix$$Lambda$2219/0x000000080088a248 (minecraft@1.20.1)
3077:             1             24  net.minecraft.util.datafix.fixes.ItemShulkerBoxColorFix (minecraft@1.20.1)
3078:             1             24  net.minecraft.util.datafix.fixes.ItemShulkerBoxColorFix$$Lambda$2245/0x0000000800898468 (minecraft@1.20.1)
3079:             1             24  net.minecraft.util.datafix.fixes.ItemSpawnEggFix (minecraft@1.20.1)
3080:             1             24  net.minecraft.util.datafix.fixes.ItemStackEnchantmentNamesFix (minecraft@1.20.1)
3081:             1             24  net.minecraft.util.datafix.fixes.ItemStackEnchantmentNamesFix$$Lambda$2274/0x00000008008a0000 (minecraft@1.20.1)
3082:             1             24  net.minecraft.util.datafix.fixes.ItemStackMapIdFix (minecraft@1.20.1)
3083:             1             24  net.minecraft.util.datafix.fixes.ItemStackMapIdFix$$Lambda$2258/0x000000080089c3f8 (minecraft@1.20.1)
3084:             1             24  net.minecraft.util.datafix.fixes.ItemStackTheFlatteningFix (minecraft@1.20.1)
3085:             1             24  net.minecraft.util.datafix.fixes.ItemStackTheFlatteningFix$$Lambda$2260/0x000000080089ca80 (minecraft@1.20.1)
3086:             1             24  net.minecraft.util.datafix.fixes.ItemStackUUIDFix$$Lambda$2311/0x00000008008ae558 (minecraft@1.20.1)
3087:             1             24  net.minecraft.util.datafix.fixes.ItemWaterPotionFix (minecraft@1.20.1)
3088:             1             24  net.minecraft.util.datafix.fixes.ItemWaterPotionFix$$Lambda$2244/0x0000000800898220 (minecraft@1.20.1)
3089:             1             24  net.minecraft.util.datafix.fixes.ItemWrittenBookPagesStrictJsonFix (minecraft@1.20.1)
3090:             1             24  net.minecraft.util.datafix.fixes.ItemWrittenBookPagesStrictJsonFix$$Lambda$2234/0x00000008008919f8 (minecraft@1.20.1)
3091:             1             24  net.minecraft.util.datafix.fixes.JigsawRotationFix (minecraft@1.20.1)
3092:             1             24  net.minecraft.util.datafix.fixes.LeavesFix (minecraft@1.20.1)
3093:             1             24  net.minecraft.util.datafix.fixes.LegacyDragonFightFix (minecraft@1.20.1)
3094:             1             24  net.minecraft.util.datafix.fixes.LevelDataGeneratorOptionsFix (minecraft@1.20.1)
3095:             1             24  net.minecraft.util.datafix.fixes.LevelFlatGeneratorInfoFix (minecraft@1.20.1)
3096:             1             24  net.minecraft.util.datafix.fixes.MapIdFix (minecraft@1.20.1)
3097:             1             24  net.minecraft.util.datafix.fixes.MissingDimensionFix (minecraft@1.20.1)
3098:             1             24  net.minecraft.util.datafix.fixes.MobSpawnerEntityIdentifiersFix (minecraft@1.20.1)
3099:             1             24  net.minecraft.util.datafix.fixes.MobSpawnerEntityIdentifiersFix$$Lambda$2222/0x000000080088a6d8 (minecraft@1.20.1)
3100:             1             24  net.minecraft.util.datafix.fixes.NewVillageFix (minecraft@1.20.1)
3101:             1             24  net.minecraft.util.datafix.fixes.ObjectiveDisplayNameFix (minecraft@1.20.1)
3102:             1             24  net.minecraft.util.datafix.fixes.ObjectiveRenderTypeFix (minecraft@1.20.1)
3103:             1             24  net.minecraft.util.datafix.fixes.OptionsAccessibilityOnboardFix (minecraft@1.20.1)
3104:             1             24  net.minecraft.util.datafix.fixes.OptionsAddTextBackgroundFix (minecraft@1.20.1)
3105:             1             24  net.minecraft.util.datafix.fixes.OptionsAmbientOcclusionFix (minecraft@1.20.1)
3106:             1             24  net.minecraft.util.datafix.fixes.OptionsForceVBOFix (minecraft@1.20.1)
3107:             1             24  net.minecraft.util.datafix.fixes.OptionsKeyLwjgl3Fix (minecraft@1.20.1)
3108:             1             24  net.minecraft.util.datafix.fixes.OptionsKeyTranslationFix (minecraft@1.20.1)
3109:             1             24  net.minecraft.util.datafix.fixes.OptionsLowerCaseLanguageFix (minecraft@1.20.1)
3110:             1             24  net.minecraft.util.datafix.fixes.OptionsProgrammerArtFix (minecraft@1.20.1)
3111:             1             24  net.minecraft.util.datafix.fixes.OverreachingTickFix (minecraft@1.20.1)
3112:             1             24  net.minecraft.util.datafix.fixes.RedstoneWireConnectionsFix (minecraft@1.20.1)
3113:             1             24  net.minecraft.util.datafix.fixes.ReorganizePoi (minecraft@1.20.1)
3114:             1             24  net.minecraft.util.datafix.fixes.SavedDataFeaturePoolElementFix (minecraft@1.20.1)
3115:             1             24  net.minecraft.util.datafix.fixes.SpawnerDataFix (minecraft@1.20.1)
3116:             1             24  net.minecraft.util.datafix.fixes.StatsCounterFix (minecraft@1.20.1)
3117:             1             24  net.minecraft.util.datafix.fixes.StatsCounterFix$$Lambda$2264/0x000000080089d3a0 (minecraft@1.20.1)
3118:             1             24  net.minecraft.util.datafix.fixes.StructureReferenceCountFix (minecraft@1.20.1)
3119:             1             24  net.minecraft.util.datafix.fixes.StructureSettingsFlattenFix (minecraft@1.20.1)
3120:             1             24  net.minecraft.util.datafix.fixes.StructuresBecomeConfiguredFix (minecraft@1.20.1)
3121:             1             24  net.minecraft.util.datafix.fixes.TeamDisplayNameFix (minecraft@1.20.1)
3122:             1             24  net.minecraft.util.datafix.fixes.TrappedChestBlockEntityFix (minecraft@1.20.1)
3123:             1             24  net.minecraft.util.datafix.fixes.VillagerRebuildLevelAndXpFix (minecraft@1.20.1)
3124:             1             24  net.minecraft.util.datafix.fixes.WallPropertyFix (minecraft@1.20.1)
3125:             1             24  net.minecraft.util.datafix.fixes.WorldGenSettingsFix (minecraft@1.20.1)
3126:             1             24  net.minecraft.util.datafix.fixes.WorldGenSettingsHeightAndBiomeFix (minecraft@1.20.1)
3127:             1             24  net.minecraft.util.datafix.fixes.WorldGenSettingsHeightAndBiomeFix$$Lambda$2328/0x00000008008b7ce0 (minecraft@1.20.1)
3128:             1             24  net.minecraft.world.flag.FeatureFlagRegistry (minecraft@1.20.1)
3129:             1             24  net.minecraft.world.level.block.MultifaceSpreader$SpreadType$1 (minecraft@1.20.1)
3130:             1             24  net.minecraft.world.level.block.MultifaceSpreader$SpreadType$2 (minecraft@1.20.1)
3131:             1             24  net.minecraft.world.level.block.MultifaceSpreader$SpreadType$3 (minecraft@1.20.1)
3132:             1             24  net.minecraft.world.level.levelgen.LegacyRandomSource (minecraft@1.20.1)
3133:             1             24  net.minecraft.world.level.levelgen.ThreadSafeLegacyRandomSource (minecraft@1.20.1)
3134:             1             24  net.minecraftforge.accesstransformer.AccessTransformerEngine (accesstransformers@8.0.4)
3135:             1             24  net.minecraftforge.accesstransformer.parser.AccessTransformerList (accesstransformers@8.0.4)
3136:             1             24  net.minecraftforge.accesstransformer.service.ServiceNameHandler (accesstransformers@8.0.4)
3137:             1             24  net.minecraftforge.common.IExtensibleEnum$$Lambda$1794/0x00000008007f9f28 (forge@47.4.13)
3138:             1             24  net.minecraftforge.eventbus.EventBusEngine (net.minecraftforge.eventbus)
3139:             1             24  net.minecraftforge.fml.ModLoadingContext (fmlcore@1.20.1-47.4.13)
3140:             1             24  net.minecraftforge.fml.earlydisplay.EarlyFramebuffer (fmlearlydisplay@1.20.1-47.4.13)
3141:             1             24  net.minecraftforge.fml.earlydisplay.RenderElement$$Lambda$604/0x0000000800384818 (fmlearlydisplay@1.20.1-47.4.13)
3142:             1             24  net.minecraftforge.fml.earlydisplay.RenderElement$$Lambda$608/0x00000008003852e0 (fmlearlydisplay@1.20.1-47.4.13)
3143:             1             24  net.minecraftforge.fml.javafmlmod.FMLJavaModLanguageProvider$FMLModTarget (javafmllanguage@1.20.1-47.4.13)
3144:             1             24  net.minecraftforge.fml.loading.MCPNamingService (fmlloader@1.20.1-47.4.13)
3145:             1             24  net.minecraftforge.fml.loading.moddiscovery.ClasspathLocator (fmlloader@1.20.1-47.4.13)
3146:             1             24  net.minecraftforge.fml.loading.moddiscovery.ExplodedDirectoryLocator (fmlloader@1.20.1-47.4.13)
3147:             1             24  net.minecraftforge.fml.loading.moddiscovery.ModsFolderLocator (fmlloader@1.20.1-47.4.13)
3148:             1             24  net.minecraftforge.fml.loading.targets.CommonClientLaunchHandler$$Lambda$1019/0x000000080054dd68 (fmlloader@1.20.1-47.4.13)
3149:             1             24  net.minecraftforge.forgespi.Environment (net.minecraftforge.forgespi@7.0.1)
3150:             1             24  net.minecraftforge.jarjar.metadata.json.MetadataSerializer$1 (JarJarMetadata@0.3.19)
3151:             1             24  org.antlr.v4.runtime.atn.SemanticContext$Predicate (org.antlr.antlr4.runtime@4.9.1)
3152:             1             24  org.antlr.v4.runtime.misc.Pair (org.antlr.antlr4.runtime@4.9.1)
3153:             1             24  org.apache.commons.lang3.tuple.ImmutablePair (org.apache.commons.lang3@3.12.0)
3154:             1             24  org.apache.logging.log4j.core.appender.ConsoleAppender$Target$1 (org.apache.logging.log4j.core@2.19.0)
3155:             1             24  org.apache.logging.log4j.core.appender.ConsoleAppender$Target$2 (org.apache.logging.log4j.core@2.19.0)
3156:             1             24  org.apache.logging.log4j.core.appender.rolling.FileExtension$1 (org.apache.logging.log4j.core@2.19.0)
3157:             1             24  org.apache.logging.log4j.core.appender.rolling.FileExtension$2 (org.apache.logging.log4j.core@2.19.0)
3158:             1             24  org.apache.logging.log4j.core.appender.rolling.FileExtension$3 (org.apache.logging.log4j.core@2.19.0)
3159:             1             24  org.apache.logging.log4j.core.appender.rolling.FileExtension$4 (org.apache.logging.log4j.core@2.19.0)
3160:             1             24  org.apache.logging.log4j.core.appender.rolling.FileExtension$5 (org.apache.logging.log4j.core@2.19.0)
3161:             1             24  org.apache.logging.log4j.core.appender.rolling.FileExtension$6 (org.apache.logging.log4j.core@2.19.0)
3162:             1             24  org.apache.logging.log4j.core.async.ThreadNameCachingStrategy$1 (org.apache.logging.log4j.core@2.19.0)
3163:             1             24  org.apache.logging.log4j.core.async.ThreadNameCachingStrategy$2 (org.apache.logging.log4j.core@2.19.0)
3164:             1             24  org.apache.logging.log4j.core.config.LoggerConfig$LoggerConfigPredicate$1 (org.apache.logging.log4j.core@2.19.0)
3165:             1             24  org.apache.logging.log4j.core.config.LoggerConfig$LoggerConfigPredicate$2 (org.apache.logging.log4j.core@2.19.0)
3166:             1             24  org.apache.logging.log4j.core.config.LoggerConfig$LoggerConfigPredicate$3 (org.apache.logging.log4j.core@2.19.0)
3167:             1             24  org.apache.logging.log4j.core.config.Loggers (org.apache.logging.log4j.core@2.19.0)
3168:             1             24  org.apache.logging.log4j.core.config.json.JsonConfigurationFactory (org.apache.logging.log4j.core@2.19.0)
3169:             1             24  org.apache.logging.log4j.core.config.plugins.util.PluginRegistry (org.apache.logging.log4j.core@2.19.0)
3170:             1             24  org.apache.logging.log4j.core.config.yaml.YamlConfigurationFactory (org.apache.logging.log4j.core@2.19.0)
3171:             1             24  org.apache.logging.log4j.core.filter.CompositeFilter (org.apache.logging.log4j.core@2.19.0)
3172:             1             24  org.apache.logging.log4j.core.impl.Log4jContextFactory (org.apache.logging.log4j.core@2.19.0)
3173:             1             24  org.apache.logging.log4j.core.jmx.ContextSelectorAdmin (org.apache.logging.log4j.core@2.19.0)
3174:             1             24  org.apache.logging.log4j.core.pattern.FormattingInfo (org.apache.logging.log4j.core@2.19.0)
3175:             1             24  org.apache.logging.log4j.core.pattern.IntegerPatternConverter (org.apache.logging.log4j.core@2.19.0)
3176:             1             24  org.apache.logging.log4j.core.pattern.LevelPatternConverter$SimpleLevelPatternConverter (org.apache.logging.log4j.core@2.19.0)
3177:             1             24  org.apache.logging.log4j.core.pattern.LineSeparatorPatternConverter (org.apache.logging.log4j.core@2.19.0)
3178:             1             24  org.apache.logging.log4j.core.pattern.MessagePatternConverter$SimpleMessagePatternConverter (org.apache.logging.log4j.core@2.19.0)
3179:             1             24  org.apache.logging.log4j.core.pattern.NameAbbreviator$MaxElementAbbreviator$Strategy$1 (org.apache.logging.log4j.core@2.19.0)
3180:             1             24  org.apache.logging.log4j.core.pattern.NameAbbreviator$MaxElementAbbreviator$Strategy$2 (org.apache.logging.log4j.core@2.19.0)
3181:             1             24  org.apache.logging.log4j.core.pattern.PatternParser (org.apache.logging.log4j.core@2.19.0)
3182:             1             24  org.apache.logging.log4j.core.pattern.SimpleLiteralPatternConverter$Space (org.apache.logging.log4j.core@2.19.0)
3183:             1             24  org.apache.logging.log4j.core.pattern.ThreadNamePatternConverter (org.apache.logging.log4j.core@2.19.0)
3184:             1             24  org.apache.logging.log4j.core.util.Source (org.apache.logging.log4j.core@2.19.0)
3185:             1             24  org.apache.logging.log4j.core.util.datetime.FastDatePrinter$TextField (org.apache.logging.log4j.core@2.19.0)
3186:             1             24  org.apache.logging.log4j.spi.LoggerRegistry (org.apache.logging.log4j@2.19.0)
3187:             1             24  org.apache.logging.log4j.status.StatusConsoleListener (org.apache.logging.log4j@2.19.0)
3188:             1             24  org.apache.logging.slf4j.Log4jLoggerFactory (org.apache.logging.log4j.slf4j@2.19.0)
3189:             1             24  org.apache.logging.slf4j.SLF4JServiceProvider (org.apache.logging.log4j.slf4j@2.19.0)
3190:             1             24  org.apache.maven.artifact.versioning.ComparableVersion$LongItem (maven.artifact@3.8.5)
3191:             1             24  org.lwjgl.opengl.GL$1 (org.lwjgl.opengl@3.3.1+7)
3192:             1             24  org.lwjgl.stb.STBTTPackRange (org.lwjgl.stb@3.3.1+7)
3193:             1             24  org.lwjgl.stb.STBTTPackedchar (org.lwjgl.stb@3.3.1+7)
3194:             1             24  org.openjdk.nashorn.internal.runtime.AccessorProperty$1 (org.openjdk.nashorn)
3195:             1             24  org.openjdk.nashorn.internal.runtime.arrays.ArrayData$UntouchedArrayData (org.openjdk.nashorn)
3196:             1             24  org.openjdk.nashorn.internal.runtime.linker.ClassAndLoader (org.openjdk.nashorn)
3197:             1             24  org.openjdk.nashorn.internal.runtime.linker.JavaAdapterFactory$1 (org.openjdk.nashorn)
3198:             1             24  org.openjdk.nashorn.internal.runtime.linker.JavaAdapterFactory$2 (org.openjdk.nashorn)
3199:             1             24  org.openjdk.nashorn.internal.runtime.linker.NashornBeansLinker$1 (org.openjdk.nashorn)
3200:             1             24  org.openjdk.nashorn.internal.runtime.linker.NashornCallSiteDescriptor$1 (org.openjdk.nashorn)
3201:             1             24  org.openjdk.nashorn.internal.runtime.linker.NashornLinker$1 (org.openjdk.nashorn)
3202:             1             24  org.openjdk.nashorn.internal.runtime.logging.DebugLogger (org.openjdk.nashorn)
3203:             1             24  org.slf4j.helpers.BasicMDCAdapter (org.slf4j@2.0.1)
3204:             1             24  org.slf4j.helpers.BasicMDCAdapter$1 (org.slf4j@2.0.1)
3205:             1             24  org.slf4j.helpers.FormattingTuple (org.slf4j@2.0.1)
3206:             1             24  org.slf4j.helpers.NOP_FallbackServiceProvider (org.slf4j@2.0.1)
3207:             1             24  org.slf4j.helpers.SubstituteLoggerFactory (org.slf4j@2.0.1)
3208:             1             24  org.slf4j.helpers.SubstituteServiceProvider (org.slf4j@2.0.1)
3209:             1             24  org.spongepowered.asm.launch.MixinTransformationService (org.spongepowered.mixin)
3210:             1             24  org.spongepowered.asm.launch.platform.MixinConnectorManager (org.spongepowered.mixin)
3211:             1             24  org.spongepowered.asm.launch.platform.MixinPlatformAgentMinecraftForge (org.spongepowered.mixin)
3212:             1             24  org.spongepowered.asm.launch.platform.container.ContainerHandleModLauncherEx (org.spongepowered.mixin)
3213:             1             24  org.spongepowered.asm.mixin.MixinEnvironment$Side$1 (org.spongepowered.mixin)
3214:             1             24  org.spongepowered.asm.mixin.MixinEnvironment$Side$2 (org.spongepowered.mixin)
3215:             1             24  org.spongepowered.asm.mixin.MixinEnvironment$Side$3 (org.spongepowered.mixin)
3216:             1             24  org.spongepowered.asm.mixin.transformer.MixinClassGenerator (org.spongepowered.mixin)
3217:             1             24  org.spongepowered.asm.mixin.transformer.MixinCoprocessorAccessor (org.spongepowered.mixin)
3218:             1             24  org.spongepowered.asm.mixin.transformer.ext.extensions.ExtensionClassExporter (org.spongepowered.mixin)
3219:             1             24  org.spongepowered.asm.service.MixinService$LogBuffer (org.spongepowered.mixin)
3220:             1             24  org.spongepowered.asm.service.modlauncher.Blackboard (org.spongepowered.mixin)
3221:             1             24  org.spongepowered.asm.service.modlauncher.MixinTransformationHandler (org.spongepowered.mixin)
3222:             1             24  org.spongepowered.asm.service.modlauncher.ModLauncherAuditTrail (org.spongepowered.mixin)
3223:             1             24  org.spongepowered.asm.service.modlauncher.ModLauncherClassTracker (org.spongepowered.mixin)
3224:             1             24  org.spongepowered.asm.util.ReEntranceLock (org.spongepowered.mixin)
3225:             1             24  org.spongepowered.asm.util.VersionNumber (org.spongepowered.mixin)
3226:             1             24  sun.management.CompilationImpl (java.management@17.0.15)
3227:             1             24  sun.management.ManagementFactoryHelper$LoggingMXBeanAccess (java.management@17.0.15)
3228:             1             24  sun.management.ManagementFactoryHelper$PlatformLoggingImpl (java.management@17.0.15)
3229:             1             24  sun.management.MemoryImpl (java.management@17.0.15)
3230:             1             24  sun.management.RuntimeImpl (java.management@17.0.15)
3231:             1             24  sun.management.VMManagementImpl (java.management@17.0.15)
3232:             1             24  sun.net.www.protocol.http.Handler (java.base@17.0.15)
3233:             1             24  sun.nio.cs.ISO_8859_1 (java.base@17.0.15)
3234:             1             24  sun.nio.cs.StandardCharsets (java.base@17.0.15)
3235:             1             24  sun.nio.cs.US_ASCII (java.base@17.0.15)
3236:             1             24  sun.nio.cs.UTF_16 (java.base@17.0.15)
3237:             1             24  sun.nio.cs.UTF_16BE (java.base@17.0.15)
3238:             1             24  sun.nio.cs.UTF_16LE (java.base@17.0.15)
3239:             1             24  sun.nio.cs.UTF_8 (java.base@17.0.15)
3240:             1             24  sun.reflect.generics.reflectiveObjects.WildcardTypeImpl (java.base@17.0.15)
3241:             1             24  sun.util.cldr.CLDRCalendarDataProviderImpl (java.base@17.0.15)
3242:             1             24  sun.util.cldr.CLDRCalendarNameProviderImpl (java.base@17.0.15)
3243:             1             24  sun.util.locale.BaseLocale$Cache (java.base@17.0.15)
3244:             1             24  sun.util.locale.provider.CalendarNameProviderImpl (java.base@17.0.15)
3245:             1             24  sun.util.locale.provider.CalendarProviderImpl (java.base@17.0.15)
3246:             1             24  sun.util.locale.provider.DateFormatSymbolsProviderImpl (java.base@17.0.15)
3247:             1             24  sun.util.locale.provider.DecimalFormatSymbolsProviderImpl (java.base@17.0.15)
3248:             1             24  sun.util.locale.provider.NumberFormatProviderImpl (java.base@17.0.15)
3249:             1             16  [Lcpw.mods.modlauncher.api.NamedPath; (cpw.mods.modlauncher@10.0.9)
3250:             1             16  [Lio.netty.util.AsciiString; (io.netty.common@4.1.82.Final)
3251:             1             16  [Ljava.lang.ClassLoader; (java.base@17.0.15)
3252:             1             16  [Ljava.lang.Double; (java.base@17.0.15)
3253:             1             16  [Ljava.lang.Float; (java.base@17.0.15)
3254:             1             16  [Ljava.lang.constant.Constable; (java.base@17.0.15)
3255:             1             16  [Ljava.nio.file.attribute.FileAttribute; (java.base@17.0.15)
3256:             1             16  [Ljava.security.Provider; (java.base@17.0.15)
3257:             1             16  [Ljava.security.cert.X509Certificate; (java.base@17.0.15)
3258:             1             16  [Ljava.text.FieldPosition; (java.base@17.0.15)
3259:             1             16  [Ljava.util.logging.Handler; (java.logging@17.0.15)
3260:             1             16  [Ljavax.security.cert.X509Certificate; (java.base@17.0.15)
3261:             1             16  [Lorg.apache.commons.lang3.tuple.ImmutablePair; (org.apache.commons.lang3@3.12.0)
3262:             1             16  [Lorg.apache.commons.lang3.tuple.ImmutableTriple; (org.apache.commons.lang3@3.12.0)
3263:             1             16  [Lorg.apache.commons.lang3.tuple.Pair$PairAdapter; (org.apache.commons.lang3@3.12.0)
3264:             1             16  [Lorg.apache.commons.lang3.tuple.Triple$TripleAdapter; (org.apache.commons.lang3@3.12.0)
3265:             1             16  [Lorg.apache.logging.log4j.core.Appender; (org.apache.logging.log4j.core@2.19.0)
3266:             1             16  [Lorg.apache.logging.log4j.core.impl.ExtendedStackTraceElement; (org.apache.logging.log4j.core@2.19.0)
3267:             1             16  [Lorg.apache.logging.log4j.core.impl.ThrowableProxy; (org.apache.logging.log4j.core@2.19.0)
3268:             1             16  [Lorg.apache.logging.log4j.spi.LoggerContext; (org.apache.logging.log4j@2.19.0)
3269:             1             16  [Lorg.openjdk.nashorn.internal.ir.Expression; (org.openjdk.nashorn)
3270:             1             16  com.bawnorton.mixinsquared.MixinSquaredBootstrap$$Lambda$1002/0x00000008005488f8 (MixinSquared.beta._1@0.3.6-beta.1)
3271:             1             16  com.bawnorton.mixinsquared.MixinSquaredBootstrap$$Lambda$998/0x0000000800543d68 (MixinSquared.beta._1@0.3.6-beta.1)
3272:             1             16  com.bawnorton.mixinsquared.adjuster.ExtensionAnnotationAdjust (MixinSquared.beta._1@0.3.6-beta.1)
3273:             1             16  com.bawnorton.mixinsquared.canceller.ExtensionCancelApplication (MixinSquared.beta._1@0.3.6-beta.1)
3274:             1             16  com.bawnorton.mixinsquared.platform.forge.MixinSquaredApiImplLoader$$Lambda$996/0x0000000800543048 (mixinsquared@0.3.6-beta.1)
3275:             1             16  com.bawnorton.mixinsquared.platform.forge.MixinSquaredApiImplLoader$$Lambda$997/0x0000000800543928 (mixinsquared@0.3.6-beta.1)
3276:             1             16  com.bawnorton.mixinsquared.platform.forge.MixinSquaredMixinConfigPlugin (mixinsquared@0.3.6-beta.1)
3277:             1             16  com.electronwill.nightconfig.core.AbstractCommentedConfig$$Lambda$405/0x0000000800314430 (com.electronwill.nightconfig.core@3.6.4)
3278:             1             16  com.electronwill.nightconfig.core.AbstractCommentedConfig$$Lambda$406/0x0000000800314670 (com.electronwill.nightconfig.core@3.6.4)
3279:             1             16  com.electronwill.nightconfig.core.Config$$Lambda$379/0x00000008003028a8 (com.electronwill.nightconfig.core@3.6.4)
3280:             1             16  com.electronwill.nightconfig.core.ConfigSpec (com.electronwill.nightconfig.core@3.6.4)
3281:             1             16  com.electronwill.nightconfig.core.ConfigSpec$$Lambda$385/0x00000008003058e0 (com.electronwill.nightconfig.core@3.6.4)
3282:             1             16  com.electronwill.nightconfig.core.InMemoryCommentedFormat$$Lambda$380/0x0000000800306000 (com.electronwill.nightconfig.core@3.6.4)
3283:             1             16  com.electronwill.nightconfig.core.InMemoryFormat$$Lambda$377/0x0000000800302408 (com.electronwill.nightconfig.core@3.6.4)
3284:             1             16  com.electronwill.nightconfig.core.InMemoryFormat$$Lambda$378/0x0000000800302658 (com.electronwill.nightconfig.core@3.6.4)
3285:             1             16  com.electronwill.nightconfig.core.NullObject (com.electronwill.nightconfig.core@3.6.4)
3286:             1             16  com.electronwill.nightconfig.core.file.FileNotFoundAction$$Lambda$396/0x000000080030abb8 (com.electronwill.nightconfig.core@3.6.4)
3287:             1             16  com.electronwill.nightconfig.core.file.FileNotFoundAction$$Lambda$397/0x000000080030add8 (com.electronwill.nightconfig.core@3.6.4)
3288:             1             16  com.electronwill.nightconfig.core.file.FileNotFoundAction$$Lambda$398/0x000000080030aff8 (com.electronwill.nightconfig.core@3.6.4)
3289:             1             16  com.electronwill.nightconfig.core.file.FileNotFoundAction$$Lambda$403/0x000000080030f2c0 (com.electronwill.nightconfig.core@3.6.4)
3290:             1             16  com.electronwill.nightconfig.core.file.FormatDetector$$Lambda$386/0x0000000800308000 (com.electronwill.nightconfig.core@3.6.4)
3291:             1             16  com.electronwill.nightconfig.core.io.ParsingMode$$Lambda$387/0x0000000800309040 (com.electronwill.nightconfig.core@3.6.4)
3292:             1             16  com.electronwill.nightconfig.core.io.ParsingMode$$Lambda$388/0x0000000800309470 (com.electronwill.nightconfig.core@3.6.4)
3293:             1             16  com.electronwill.nightconfig.core.io.ParsingMode$$Lambda$389/0x00000008003098a0 (com.electronwill.nightconfig.core@3.6.4)
3294:             1             16  com.electronwill.nightconfig.core.io.ParsingMode$$Lambda$390/0x0000000800309ac0 (com.electronwill.nightconfig.core@3.6.4)
3295:             1             16  com.electronwill.nightconfig.core.io.ParsingMode$$Lambda$391/0x0000000800309cf0 (com.electronwill.nightconfig.core@3.6.4)
3296:             1             16  com.electronwill.nightconfig.core.io.ParsingMode$$Lambda$392/0x0000000800309f20 (com.electronwill.nightconfig.core@3.6.4)
3297:             1             16  com.electronwill.nightconfig.core.io.ParsingMode$$Lambda$393/0x000000080030a140 (com.electronwill.nightconfig.core@3.6.4)
3298:             1             16  com.electronwill.nightconfig.core.io.ParsingMode$$Lambda$394/0x000000080030a370 (com.electronwill.nightconfig.core@3.6.4)
3299:             1             16  com.electronwill.nightconfig.core.io.ParsingMode$$Lambda$395/0x000000080030a5a0 (com.electronwill.nightconfig.core@3.6.4)
3300:             1             16  com.electronwill.nightconfig.toml.TomlFormat (com.electronwill.nightconfig.toml@3.6.4)
3301:             1             16  com.electronwill.nightconfig.toml.TomlWriter$$Lambda$399/0x000000080030b9f0 (com.electronwill.nightconfig.toml@3.6.4)
3302:             1             16  com.electronwill.nightconfig.toml.TomlWriter$$Lambda$400/0x000000080030bc40 (com.electronwill.nightconfig.toml@3.6.4)
3303:             1             16  com.electronwill.nightconfig.toml.TomlWriter$$Lambda$401/0x000000080030e000 (com.electronwill.nightconfig.toml@3.6.4)
3304:             1             16  com.google.common.base.CharMatcher$None (com.google.common@31.1-jre)
3305:             1             16  com.google.common.base.Equivalence$Equals (com.google.common@31.1-jre)
3306:             1             16  com.google.common.base.Equivalence$Identity (com.google.common@31.1-jre)
3307:             1             16  com.google.common.base.Platform$JdkPatternCompiler (com.google.common@31.1-jre)
3308:             1             16  com.google.common.base.Suppliers$SupplierOfInstance (com.google.common@31.1-jre)
3309:             1             16  com.google.common.base.Ticker$1 (com.google.common@31.1-jre)
3310:             1             16  com.google.common.cache.CacheBuilder$1 (com.google.common@31.1-jre)
3311:             1             16  com.google.common.cache.CacheBuilder$2 (com.google.common@31.1-jre)
3312:             1             16  com.google.common.cache.CacheBuilder$3 (com.google.common@31.1-jre)
3313:             1             16  com.google.common.cache.LocalCache$1 (com.google.common@31.1-jre)
3314:             1             16  com.google.common.cache.LocalCache$2 (com.google.common@31.1-jre)
3315:             1             16  com.google.common.cache.LocalCache$LocalLoadingCache (com.google.common@31.1-jre)
3316:             1             16  com.google.common.collect.CollectCollectors$$Lambda$1173/0x000000080058ab40 (com.google.common@31.1-jre)
3317:             1             16  com.google.common.collect.CollectCollectors$$Lambda$1175/0x000000080058af98 (com.google.common@31.1-jre)
3318:             1             16  com.google.common.collect.CollectCollectors$$Lambda$1176/0x000000080058b1e0 (com.google.common@31.1-jre)
3319:             1             16  com.google.common.collect.CollectCollectors$$Lambda$704/0x00000008003bacc0 (com.google.common@31.1-jre)
3320:             1             16  com.google.common.collect.CollectCollectors$$Lambda$705/0x00000008003baee0 (com.google.common@31.1-jre)
3321:             1             16  com.google.common.collect.CollectCollectors$$Lambda$706/0x00000008003bb110 (com.google.common@31.1-jre)
3322:             1             16  com.google.common.collect.CollectCollectors$$Lambda$707/0x00000008003bb358 (com.google.common@31.1-jre)
3323:             1             16  com.google.common.collect.CollectCollectors$$Lambda$708/0x00000008003bc548 (com.google.common@31.1-jre)
3324:             1             16  com.google.common.collect.CollectCollectors$$Lambda$709/0x00000008003bc998 (com.google.common@31.1-jre)
3325:             1             16  com.google.common.collect.CollectCollectors$$Lambda$710/0x00000008003bcbc8 (com.google.common@31.1-jre)
3326:             1             16  com.google.common.collect.CollectCollectors$$Lambda$711/0x00000008003bce10 (com.google.common@31.1-jre)
3327:             1             16  com.google.common.collect.CollectCollectors$$Lambda$712/0x00000008003c0238 (com.google.common@31.1-jre)
3328:             1             16  com.google.common.collect.CollectCollectors$$Lambda$713/0x00000008003c0ae8 (com.google.common@31.1-jre)
3329:             1             16  com.google.common.collect.CollectCollectors$$Lambda$714/0x00000008003c0d18 (com.google.common@31.1-jre)
3330:             1             16  com.google.common.collect.CollectCollectors$$Lambda$715/0x00000008003c0f60 (com.google.common@31.1-jre)
3331:             1             16  com.google.common.collect.CollectCollectors$$Lambda$717/0x00000008003c13d8 (com.google.common@31.1-jre)
3332:             1             16  com.google.common.collect.ImmutableMapValues (com.google.common@31.1-jre)
3333:             1             16  com.google.common.collect.MapMakerInternalMap$1 (com.google.common@31.1-jre)
3334:             1             16  com.google.common.collect.MapMakerInternalMap$StrongKeyWeakValueEntry$Helper (com.google.common@31.1-jre)
3335:             1             16  com.google.common.collect.MapMakerInternalMap$WeakKeyDummyValueEntry$Helper (com.google.common@31.1-jre)
3336:             1             16  com.google.common.collect.RegularImmutableMap$Values (com.google.common@31.1-jre)
3337:             1             16  com.google.common.collect.Tables$1 (com.google.common@31.1-jre)
3338:             1             16  com.google.common.io.MoreFiles$1 (com.google.common@31.1-jre)
3339:             1             16  com.google.gson.Gson$1
3340:             1             16  com.google.gson.Gson$2
3341:             1             16  com.google.gson.Gson$4
3342:             1             16  com.google.gson.Gson$5
3343:             1             16  com.google.gson.JsonNull
3344:             1             16  com.google.gson.internal.ConstructorConstructor$13 (com.google.gson@2.10)
3345:             1             16  com.google.gson.internal.LinkedTreeMap$1 (com.google.gson@2.10)
3346:             1             16  com.google.gson.internal.LinkedTreeMap$1
3347:             1             16  com.google.gson.internal.LinkedTreeMap$EntrySet
3348:             1             16  com.google.gson.internal.LinkedTreeMap$KeySet
3349:             1             16  com.google.gson.internal.bind.ArrayTypeAdapter$1
3350:             1             16  com.google.gson.internal.bind.ArrayTypeAdapter$1 (com.google.gson@2.10)
3351:             1             16  com.google.gson.internal.bind.CollectionTypeAdapterFactory
3352:             1             16  com.google.gson.internal.bind.DateTypeAdapter$1
3353:             1             16  com.google.gson.internal.bind.DateTypeAdapter$1 (com.google.gson@2.10)
3354:             1             16  com.google.gson.internal.bind.DefaultDateTypeAdapter$DateType$1
3355:             1             16  com.google.gson.internal.bind.DefaultDateTypeAdapter$DateType$1 (com.google.gson@2.10)
3356:             1             16  com.google.gson.internal.bind.JsonAdapterAnnotationTypeAdapterFactory
3357:             1             16  com.google.gson.internal.bind.NumberTypeAdapter
3358:             1             16  com.google.gson.internal.bind.NumberTypeAdapter (com.google.gson@2.10)
3359:             1             16  com.google.gson.internal.bind.NumberTypeAdapter$1
3360:             1             16  com.google.gson.internal.bind.NumberTypeAdapter$1 (com.google.gson@2.10)
3361:             1             16  com.google.gson.internal.bind.ObjectTypeAdapter$1
3362:             1             16  com.google.gson.internal.bind.ObjectTypeAdapter$1 (com.google.gson@2.10)
3363:             1             16  com.google.gson.internal.bind.TreeTypeAdapter$GsonContextImpl
3364:             1             16  com.google.gson.internal.bind.TypeAdapters$1
3365:             1             16  com.google.gson.internal.bind.TypeAdapters$1 (com.google.gson@2.10)
3366:             1             16  com.google.gson.internal.bind.TypeAdapters$10
3367:             1             16  com.google.gson.internal.bind.TypeAdapters$10 (com.google.gson@2.10)
3368:             1             16  com.google.gson.internal.bind.TypeAdapters$11
3369:             1             16  com.google.gson.internal.bind.TypeAdapters$11 (com.google.gson@2.10)
3370:             1             16  com.google.gson.internal.bind.TypeAdapters$12
3371:             1             16  com.google.gson.internal.bind.TypeAdapters$12 (com.google.gson@2.10)
3372:             1             16  com.google.gson.internal.bind.TypeAdapters$13
3373:             1             16  com.google.gson.internal.bind.TypeAdapters$13 (com.google.gson@2.10)
3374:             1             16  com.google.gson.internal.bind.TypeAdapters$14
3375:             1             16  com.google.gson.internal.bind.TypeAdapters$14 (com.google.gson@2.10)
3376:             1             16  com.google.gson.internal.bind.TypeAdapters$15
3377:             1             16  com.google.gson.internal.bind.TypeAdapters$15 (com.google.gson@2.10)
3378:             1             16  com.google.gson.internal.bind.TypeAdapters$16
3379:             1             16  com.google.gson.internal.bind.TypeAdapters$16 (com.google.gson@2.10)
3380:             1             16  com.google.gson.internal.bind.TypeAdapters$17
3381:             1             16  com.google.gson.internal.bind.TypeAdapters$17 (com.google.gson@2.10)
3382:             1             16  com.google.gson.internal.bind.TypeAdapters$18
3383:             1             16  com.google.gson.internal.bind.TypeAdapters$18 (com.google.gson@2.10)
3384:             1             16  com.google.gson.internal.bind.TypeAdapters$19
3385:             1             16  com.google.gson.internal.bind.TypeAdapters$19 (com.google.gson@2.10)
3386:             1             16  com.google.gson.internal.bind.TypeAdapters$2
3387:             1             16  com.google.gson.internal.bind.TypeAdapters$2 (com.google.gson@2.10)
3388:             1             16  com.google.gson.internal.bind.TypeAdapters$20
3389:             1             16  com.google.gson.internal.bind.TypeAdapters$20 (com.google.gson@2.10)
3390:             1             16  com.google.gson.internal.bind.TypeAdapters$21
3391:             1             16  com.google.gson.internal.bind.TypeAdapters$21 (com.google.gson@2.10)
3392:             1             16  com.google.gson.internal.bind.TypeAdapters$22
3393:             1             16  com.google.gson.internal.bind.TypeAdapters$22 (com.google.gson@2.10)
3394:             1             16  com.google.gson.internal.bind.TypeAdapters$23
3395:             1             16  com.google.gson.internal.bind.TypeAdapters$23 (com.google.gson@2.10)
3396:             1             16  com.google.gson.internal.bind.TypeAdapters$24
3397:             1             16  com.google.gson.internal.bind.TypeAdapters$24 (com.google.gson@2.10)
3398:             1             16  com.google.gson.internal.bind.TypeAdapters$25
3399:             1             16  com.google.gson.internal.bind.TypeAdapters$25 (com.google.gson@2.10)
3400:             1             16  com.google.gson.internal.bind.TypeAdapters$26
3401:             1             16  com.google.gson.internal.bind.TypeAdapters$26 (com.google.gson@2.10)
3402:             1             16  com.google.gson.internal.bind.TypeAdapters$27
3403:             1             16  com.google.gson.internal.bind.TypeAdapters$27 (com.google.gson@2.10)
3404:             1             16  com.google.gson.internal.bind.TypeAdapters$28
3405:             1             16  com.google.gson.internal.bind.TypeAdapters$28 (com.google.gson@2.10)
3406:             1             16  com.google.gson.internal.bind.TypeAdapters$29
3407:             1             16  com.google.gson.internal.bind.TypeAdapters$29 (com.google.gson@2.10)
3408:             1             16  com.google.gson.internal.bind.TypeAdapters$3
3409:             1             16  com.google.gson.internal.bind.TypeAdapters$3 (com.google.gson@2.10)
3410:             1             16  com.google.gson.internal.bind.TypeAdapters$4
3411:             1             16  com.google.gson.internal.bind.TypeAdapters$4 (com.google.gson@2.10)
3412:             1             16  com.google.gson.internal.bind.TypeAdapters$5
3413:             1             16  com.google.gson.internal.bind.TypeAdapters$5 (com.google.gson@2.10)
3414:             1             16  com.google.gson.internal.bind.TypeAdapters$6
3415:             1             16  com.google.gson.internal.bind.TypeAdapters$6 (com.google.gson@2.10)
3416:             1             16  com.google.gson.internal.bind.TypeAdapters$7
3417:             1             16  com.google.gson.internal.bind.TypeAdapters$7 (com.google.gson@2.10)
3418:             1             16  com.google.gson.internal.bind.TypeAdapters$8
3419:             1             16  com.google.gson.internal.bind.TypeAdapters$8 (com.google.gson@2.10)
3420:             1             16  com.google.gson.internal.bind.TypeAdapters$9
3421:             1             16  com.google.gson.internal.bind.TypeAdapters$9 (com.google.gson@2.10)
3422:             1             16  com.google.gson.internal.sql.SqlDateTypeAdapter$1
3423:             1             16  com.google.gson.internal.sql.SqlDateTypeAdapter$1 (com.google.gson@2.10)
3424:             1             16  com.google.gson.internal.sql.SqlTimeTypeAdapter$1
3425:             1             16  com.google.gson.internal.sql.SqlTimeTypeAdapter$1 (com.google.gson@2.10)
3426:             1             16  com.google.gson.internal.sql.SqlTimestampTypeAdapter$1
3427:             1             16  com.google.gson.internal.sql.SqlTimestampTypeAdapter$1 (com.google.gson@2.10)
3428:             1             16  com.google.gson.internal.sql.SqlTypesSupport$1
3429:             1             16  com.google.gson.internal.sql.SqlTypesSupport$1 (com.google.gson@2.10)
3430:             1             16  com.google.gson.internal.sql.SqlTypesSupport$2
3431:             1             16  com.google.gson.internal.sql.SqlTypesSupport$2 (com.google.gson@2.10)
3432:             1             16  com.google.gson.stream.JsonReader$1
3433:             1             16  com.google.gson.stream.JsonReader$1 (com.google.gson@2.10)
3434:             1             16  com.llamalad7.mixinextras.expression.impl.point.ExpressionSliceMarkerTransformer (MixinExtras@0.5.3)
3435:             1             16  com.llamalad7.mixinextras.expression.impl.wrapper.ExpressionInjectorWrapperTransformer (MixinExtras@0.5.3)
3436:             1             16  com.llamalad7.mixinextras.injector.LateInjectionApplicatorExtension (MixinExtras@0.5.3)
3437:             1             16  com.llamalad7.mixinextras.injector.wrapmethod.WrapMethodApplicatorExtension (MixinExtras@0.5.3)
3438:             1             16  com.llamalad7.mixinextras.lib.semver.Version$$Lambda$986/0x0000000800529b08 (MixinExtras@0.5.3)
3439:             1             16  com.llamalad7.mixinextras.lib.semver.Version$$Lambda$987/0x000000080052a000 (MixinExtras@0.5.3)
3440:             1             16  com.llamalad7.mixinextras.platform.forge.MixinExtrasConfigPlugin (mixinextras@0.5.3)
3441:             1             16  com.llamalad7.mixinextras.service.MixinExtrasServiceImpl$$Lambda$988/0x0000000800536080 (MixinExtras@0.5.3)
3442:             1             16  com.llamalad7.mixinextras.sugar.impl.SugarMixinTransformer (MixinExtras@0.5.3)
3443:             1             16  com.llamalad7.mixinextras.sugar.impl.SugarPostProcessingExtension (MixinExtras@0.5.3)
3444:             1             16  com.llamalad7.mixinextras.utils.MixinExtrasLogger$$Lambda$983/0x0000000800528d68 (MixinExtras@0.5.3)
3445:             1             16  com.llamalad7.mixinextras.utils.MixinInternals$$Lambda$991/0x0000000800537148 (MixinExtras@0.5.3)
3446:             1             16  com.llamalad7.mixinextras.wrapper.factory.FactoryRedirectWrapperMixinTransformer (MixinExtras@0.5.3)
3447:             1             16  com.mojang.authlib.properties.PropertyMap$Serializer (authlib@4.0.43)
3448:             1             16  com.mojang.brigadier.exceptions.BuiltInExceptions$$Lambda$1135/0x000000080058ddd8 (brigadier@1.1.8)
3449:             1             16  com.mojang.brigadier.exceptions.BuiltInExceptions$$Lambda$1136/0x000000080058dff8 (brigadier@1.1.8)
3450:             1             16  com.mojang.brigadier.exceptions.BuiltInExceptions$$Lambda$1137/0x000000080058e218 (brigadier@1.1.8)
3451:             1             16  com.mojang.brigadier.exceptions.BuiltInExceptions$$Lambda$1138/0x000000080058e438 (brigadier@1.1.8)
3452:             1             16  com.mojang.brigadier.exceptions.BuiltInExceptions$$Lambda$1139/0x000000080058e658 (brigadier@1.1.8)
3453:             1             16  com.mojang.brigadier.exceptions.BuiltInExceptions$$Lambda$1140/0x000000080058e878 (brigadier@1.1.8)
3454:             1             16  com.mojang.brigadier.exceptions.BuiltInExceptions$$Lambda$1141/0x000000080058ea98 (brigadier@1.1.8)
3455:             1             16  com.mojang.brigadier.exceptions.BuiltInExceptions$$Lambda$1142/0x000000080058ecb8 (brigadier@1.1.8)
3456:             1             16  com.mojang.brigadier.exceptions.BuiltInExceptions$$Lambda$1143/0x000000080058f0f8 (brigadier@1.1.8)
3457:             1             16  com.mojang.brigadier.exceptions.BuiltInExceptions$$Lambda$1144/0x000000080058f788 (brigadier@1.1.8)
3458:             1             16  com.mojang.brigadier.exceptions.BuiltInExceptions$$Lambda$1145/0x000000080058f9c8 (brigadier@1.1.8)
3459:             1             16  com.mojang.brigadier.exceptions.BuiltInExceptions$$Lambda$1146/0x000000080058fc08 (brigadier@1.1.8)
3460:             1             16  com.mojang.brigadier.exceptions.BuiltInExceptions$$Lambda$1147/0x000000080058a000 (brigadier@1.1.8)
3461:             1             16  com.mojang.brigadier.exceptions.BuiltInExceptions$$Lambda$1148/0x000000080058a240 (brigadier@1.1.8)
3462:             1             16  com.mojang.brigadier.exceptions.BuiltInExceptions$$Lambda$1149/0x000000080058a480 (brigadier@1.1.8)
3463:             1             16  com.mojang.brigadier.exceptions.BuiltInExceptions$$Lambda$1150/0x000000080058a6c0 (brigadier@1.1.8)
3464:             1             16  com.mojang.brigadier.exceptions.BuiltInExceptions$$Lambda$1151/0x000000080058a900 (brigadier@1.1.8)
3465:             1             16  com.mojang.datafixers.DSL$$Lambda$1850/0x0000000800825b58 (datafixerupper@6.0.8)
3466:             1             16  com.mojang.datafixers.DSL$$Lambda$2001/0x0000000800856e18 (datafixerupper@6.0.8)
3467:             1             16  com.mojang.datafixers.DataFix$$Lambda$2239/0x0000000800894000 (datafixerupper@6.0.8)
3468:             1             16  com.mojang.datafixers.DataFixUtils$$Lambda$2204/0x0000000800887da8 (datafixerupper@6.0.8)
3469:             1             16  com.mojang.datafixers.DataFixUtils$$Lambda$2205/0x000000080088c000 (datafixerupper@6.0.8)
3470:             1             16  com.mojang.datafixers.DataFixerBuilder$$Lambda$2196/0x0000000800885848 (datafixerupper@6.0.8)
3471:             1             16  com.mojang.datafixers.DataFixerBuilder$$Lambda$2198/0x0000000800885cb0 (datafixerupper@6.0.8)
3472:             1             16  com.mojang.datafixers.DataFixerBuilder$$Lambda$2202/0x0000000800887660 (datafixerupper@6.0.8)
3473:             1             16  com.mojang.datafixers.DataFixerUpper$$Lambda$1861/0x000000080082f728 (datafixerupper@6.0.8)
3474:             1             16  com.mojang.datafixers.View$$Lambda$2357/0x0000000800897940 (datafixerupper@6.0.8)
3475:             1             16  com.mojang.datafixers.functions.PointFreeRule$CompRewrite$$Lambda$1862/0x0000000800831288 (datafixerupper@6.0.8)
3476:             1             16  com.mojang.datafixers.functions.PointFreeRule$CompRewrite$$Lambda$2361/0x00000008008c01f8 (datafixerupper@6.0.8)
3477:             1             16  com.mojang.datafixers.functions.PointFreeRule$Seq (datafixerupper@6.0.8)
3478:             1             16  com.mojang.datafixers.kinds.Applicative$$Lambda$1192/0x0000000800597398 (datafixerupper@6.0.8)
3479:             1             16  com.mojang.datafixers.schemas.Schema$$Lambda$1807/0x000000080081b3d8 (datafixerupper@6.0.8)
3480:             1             16  com.mojang.datafixers.schemas.Schema$$Lambda$1855/0x0000000800829060 (datafixerupper@6.0.8)
3481:             1             16  com.mojang.datafixers.schemas.Schema$$Lambda$2206/0x000000080088c240 (datafixerupper@6.0.8)
3482:             1             16  com.mojang.datafixers.schemas.Schema$$Lambda$2207/0x000000080088c460 (datafixerupper@6.0.8)
3483:             1             16  com.mojang.datafixers.types.Type$$Lambda$2354/0x0000000800896e38 (datafixerupper@6.0.8)
3484:             1             16  com.mojang.datafixers.types.templates.Hook$HookFunction$1 (datafixerupper@6.0.8)
3485:             1             16  com.mojang.datafixers.types.templates.TaggedChoice$$Lambda$1853/0x0000000800827dc8 (datafixerupper@6.0.8)
3486:             1             16  com.mojang.datafixers.util.Pair$$Lambda$1851/0x0000000800825d98 (datafixerupper@6.0.8)
3487:             1             16  com.mojang.datafixers.util.Pair$$Lambda$1852/0x0000000800825fd8 (datafixerupper@6.0.8)
3488:             1             16  com.mojang.logging.LogQueues$$Lambda$287/0x000000080028ac90 (logging@1.1.1)
3489:             1             16  com.mojang.serialization.Codec$$Lambda$1477/0x0000000800719398 (datafixerupper@6.0.8)
3490:             1             16  com.mojang.serialization.Codec$$Lambda$1478/0x00000008007195d8 (datafixerupper@6.0.8)
3491:             1             16  com.mojang.serialization.Codec$10 (datafixerupper@6.0.8)
3492:             1             16  com.mojang.serialization.Codec$11 (datafixerupper@6.0.8)
3493:             1             16  com.mojang.serialization.Codec$12 (datafixerupper@6.0.8)
3494:             1             16  com.mojang.serialization.Codec$13 (datafixerupper@6.0.8)
3495:             1             16  com.mojang.serialization.Codec$14 (datafixerupper@6.0.8)
3496:             1             16  com.mojang.serialization.Codec$15 (datafixerupper@6.0.8)
3497:             1             16  com.mojang.serialization.Codec$16 (datafixerupper@6.0.8)
3498:             1             16  com.mojang.serialization.Codec$17 (datafixerupper@6.0.8)
3499:             1             16  com.mojang.serialization.Codec$18 (datafixerupper@6.0.8)
3500:             1             16  com.mojang.serialization.Codec$19 (datafixerupper@6.0.8)
3501:             1             16  com.mojang.serialization.Codec$20 (datafixerupper@6.0.8)
3502:             1             16  com.mojang.serialization.Codec$9 (datafixerupper@6.0.8)
3503:             1             16  com.mojang.serialization.Lifecycle$1 (datafixerupper@6.0.8)
3504:             1             16  com.mojang.serialization.Lifecycle$2 (datafixerupper@6.0.8)
3505:             1             16  com.mojang.serialization.MapCodec$$Lambda$1111/0x000000080057cc48 (datafixerupper@6.0.8)
3506:             1             16  com.mojang.serialization.OptionalDynamic$$Lambda$1959/0x0000000800848ff0 (datafixerupper@6.0.8)
3507:             1             16  com.mojang.serialization.codecs.RecordCodecBuilder$$Lambda$1066/0x000000080056a2b0 (datafixerupper@6.0.8)
3508:             1             16  com.sun.jmx.interceptor.DefaultMBeanServerInterceptor$ResourceContext$1 (java.management@17.0.15)
3509:             1             16  com.sun.jmx.mbeanserver.DefaultMXBeanMappingFactory (java.management@17.0.15)
3510:             1             16  com.sun.jmx.mbeanserver.DescriptorCache (java.management@17.0.15)
3511:             1             16  com.sun.jmx.mbeanserver.MBeanAnalyzer$MethodOrder (java.management@17.0.15)
3512:             1             16  com.sun.jmx.mbeanserver.MBeanInstantiator (java.management@17.0.15)
3513:             1             16  com.sun.jmx.mbeanserver.MXBeanIntrospector (java.management@17.0.15)
3514:             1             16  com.sun.jmx.mbeanserver.SecureClassLoaderRepository (java.management@17.0.15)
3515:             1             16  com.sun.jmx.mbeanserver.StandardMBeanIntrospector (java.management@17.0.15)
3516:             1             16  com.sun.jna.JNIEnv (com.sun.jna@5.12.1)
3517:             1             16  com.sun.jna.Native$1 (com.sun.jna@5.12.1)
3518:             1             16  com.sun.jna.Native$2 (com.sun.jna@5.12.1)
3519:             1             16  com.sun.jna.Native$7 (com.sun.jna@5.12.1)
3520:             1             16  com.sun.jna.Structure$1 (com.sun.jna@5.12.1)
3521:             1             16  com.sun.jna.Structure$2 (com.sun.jna@5.12.1)
3522:             1             16  com.sun.jna.VarArgsChecker$RealVarArgsChecker (com.sun.jna@5.12.1)
3523:             1             16  com.sun.jna.platform.linux.Udev$UdevContext (com.sun.jna.platform@5.12.1)
3524:             1             16  com.sun.jna.platform.linux.Udev$UdevDevice (com.sun.jna.platform@5.12.1)
3525:             1             16  com.sun.jna.platform.linux.Udev$UdevEnumerate (com.sun.jna.platform@5.12.1)
3526:             1             16  com.sun.jna.platform.linux.Udev$UdevListEntry (com.sun.jna.platform@5.12.1)
3527:             1             16  com.sun.management.internal.HotSpotDiagnostic (jdk.management@17.0.15)
3528:             1             16  com.sun.management.internal.PlatformMBeanProviderImpl (jdk.management@17.0.15)
3529:             1             16  com.sun.management.internal.PlatformMBeanProviderImpl$$Lambda$253/0x0000000800194490 (jdk.management@17.0.15)
3530:             1             16  com.sun.org.apache.xerces.internal.dom.CharacterDataImpl$1 (java.xml@17.0.15)
3531:             1             16  com.sun.org.apache.xerces.internal.impl.dv.dtd.IDDatatypeValidator (java.xml@17.0.15)
3532:             1             16  com.sun.org.apache.xerces.internal.impl.dv.dtd.IDREFDatatypeValidator (java.xml@17.0.15)
3533:             1             16  com.sun.org.apache.xerces.internal.impl.dv.dtd.NMTOKENDatatypeValidator (java.xml@17.0.15)
3534:             1             16  com.sun.org.apache.xerces.internal.impl.dv.dtd.NOTATIONDatatypeValidator (java.xml@17.0.15)
3535:             1             16  com.sun.org.apache.xerces.internal.impl.dv.dtd.StringDatatypeValidator (java.xml@17.0.15)
3536:             1             16  com.sun.proxy.jdk.proxy1.$Proxy1 (jdk.proxy1)
3537:             1             16  cpw.mods.bootstraplauncher.BootstrapLauncher$$Lambda$160/0x0000000800123970 (cpw.mods.bootstraplauncher@1.1.2)
3538:             1             16  cpw.mods.bootstraplauncher.BootstrapLauncher$$Lambda$175/0x0000000800127870 (cpw.mods.bootstraplauncher@1.1.2)
3539:             1             16  cpw.mods.bootstraplauncher.BootstrapLauncher$$Lambda$178/0x00000008001c4418 (cpw.mods.bootstraplauncher@1.1.2)
3540:             1             16  cpw.mods.bootstraplauncher.BootstrapLauncher$$Lambda$179/0x00000008001c4638 (cpw.mods.bootstraplauncher@1.1.2)
3541:             1             16  cpw.mods.cl.JarModuleFinder (cpw.mods.securejarhandler)
3542:             1             16  cpw.mods.cl.JarModuleFinder$$Lambda$180/0x00000008001c4ee8 (cpw.mods.securejarhandler)
3543:             1             16  cpw.mods.cl.JarModuleFinder$$Lambda$181/0x00000008001c5128 (cpw.mods.securejarhandler)
3544:             1             16  cpw.mods.cl.JarModuleFinder$$Lambda$182/0x00000008001c5368 (cpw.mods.securejarhandler)
3545:             1             16  cpw.mods.cl.JarModuleFinder$$Lambda$183/0x00000008001c55a8 (cpw.mods.securejarhandler)
3546:             1             16  cpw.mods.cl.ModularURLHandler (cpw.mods.securejarhandler)
3547:             1             16  cpw.mods.cl.ModularURLHandler$$Lambda$190/0x00000008001c6318 (cpw.mods.securejarhandler)
3548:             1             16  cpw.mods.cl.ModularURLHandler$$Lambda$191/0x00000008001c6558 (cpw.mods.securejarhandler)
3549:             1             16  cpw.mods.cl.ModularURLHandler$FunctionURLStreamHandler (cpw.mods.securejarhandler)
3550:             1             16  cpw.mods.cl.ModuleClassLoader$$Lambda$1336/0x000000080051b8b0 (cpw.mods.securejarhandler)
3551:             1             16  cpw.mods.cl.ModuleClassLoader$$Lambda$192/0x00000008001c69d0 (cpw.mods.securejarhandler)
3552:             1             16  cpw.mods.cl.ModuleClassLoader$$Lambda$194/0x00000008001c6e68 (cpw.mods.securejarhandler)
3553:             1             16  cpw.mods.cl.ModuleClassLoader$$Lambda$195/0x00000008001c70a8 (cpw.mods.securejarhandler)
3554:             1             16  cpw.mods.cl.ModuleClassLoader$$Lambda$201/0x00000008001c2000 (cpw.mods.securejarhandler)
3555:             1             16  cpw.mods.cl.ModuleClassLoader$$Lambda$209/0x00000008001c2b30 (cpw.mods.securejarhandler)
3556:             1             16  cpw.mods.cl.ModuleClassLoader$$Lambda$215/0x00000008001c1c00 (cpw.mods.securejarhandler)
3557:             1             16  cpw.mods.cl.ModuleClassLoader$$Lambda$216/0x00000008001c8000 (cpw.mods.securejarhandler)
3558:             1             16  cpw.mods.cl.ModuleClassLoader$$Lambda$217/0x00000008001c8420 (cpw.mods.securejarhandler)
3559:             1             16  cpw.mods.cl.ModuleClassLoader$$Lambda$223/0x00000008001c96f8 (cpw.mods.securejarhandler)
3560:             1             16  cpw.mods.cl.ModuleClassLoader$$Lambda$225/0x00000008001c9b80 (cpw.mods.securejarhandler)
3561:             1             16  cpw.mods.cl.ModuleClassLoader$$Lambda$226/0x00000008001c9dc0 (cpw.mods.securejarhandler)
3562:             1             16  cpw.mods.cl.UnionURLStreamHandler (cpw.mods.securejarhandler)
3563:             1             16  cpw.mods.cl.UnionURLStreamHandler$$Lambda$227/0x00000008001ca010 (cpw.mods.securejarhandler)
3564:             1             16  cpw.mods.jarhandling.SecureJar$$Lambda$177/0x00000008001c4000 (cpw.mods.securejarhandler)
3565:             1             16  cpw.mods.jarhandling.SecureJar$$Lambda$98/0x0000000800107d88 (cpw.mods.securejarhandler)
3566:             1             16  cpw.mods.jarhandling.SecureJar$Provider$$Lambda$163/0x0000000800126498 (cpw.mods.securejarhandler)
3567:             1             16  cpw.mods.jarhandling.SecureJar$Provider$$Lambda$164/0x00000008001266d8 (cpw.mods.securejarhandler)
3568:             1             16  cpw.mods.jarhandling.impl.Jar$$Lambda$100/0x000000080010b428 (cpw.mods.securejarhandler)
3569:             1             16  cpw.mods.jarhandling.impl.Jar$$Lambda$101/0x000000080010b678 (cpw.mods.securejarhandler)
3570:             1             16  cpw.mods.jarhandling.impl.Jar$$Lambda$102/0x000000080010bab0 (cpw.mods.securejarhandler)
3571:             1             16  cpw.mods.jarhandling.impl.Jar$$Lambda$103/0x000000080010bd00 (cpw.mods.securejarhandler)
3572:             1             16  cpw.mods.jarhandling.impl.Jar$$Lambda$129/0x000000080011f000 (cpw.mods.securejarhandler)
3573:             1             16  cpw.mods.jarhandling.impl.Jar$$Lambda$130/0x000000080011f250 (cpw.mods.securejarhandler)
3574:             1             16  cpw.mods.jarhandling.impl.Jar$$Lambda$131/0x000000080011f4a0 (cpw.mods.securejarhandler)
3575:             1             16  cpw.mods.jarhandling.impl.Jar$$Lambda$132/0x000000080011f6e0 (cpw.mods.securejarhandler)
3576:             1             16  cpw.mods.jarhandling.impl.Jar$$Lambda$133/0x000000080011f920 (cpw.mods.securejarhandler)
3577:             1             16  cpw.mods.jarhandling.impl.Jar$$Lambda$141/0x000000080011fb60 (cpw.mods.securejarhandler)
3578:             1             16  cpw.mods.jarhandling.impl.Jar$$Lambda$142/0x000000080011fda0 (cpw.mods.securejarhandler)
3579:             1             16  cpw.mods.jarhandling.impl.Jar$$Lambda$143/0x000000080011ec00 (cpw.mods.securejarhandler)
3580:             1             16  cpw.mods.jarhandling.impl.Jar$$Lambda$144/0x0000000800120000 (cpw.mods.securejarhandler)
3581:             1             16  cpw.mods.jarhandling.impl.Jar$$Lambda$145/0x0000000800120240 (cpw.mods.securejarhandler)
3582:             1             16  cpw.mods.jarhandling.impl.Jar$$Lambda$146/0x0000000800120488 (cpw.mods.securejarhandler)
3583:             1             16  cpw.mods.jarhandling.impl.Jar$$Lambda$147/0x00000008001206d8 (cpw.mods.securejarhandler)
3584:             1             16  cpw.mods.jarhandling.impl.Jar$$Lambda$148/0x0000000800120928 (cpw.mods.securejarhandler)
3585:             1             16  cpw.mods.jarhandling.impl.Jar$$Lambda$149/0x0000000800120b78 (cpw.mods.securejarhandler)
3586:             1             16  cpw.mods.jarhandling.impl.Jar$$Lambda$150/0x0000000800120dc8 (cpw.mods.securejarhandler)
3587:             1             16  cpw.mods.jarhandling.impl.Jar$$Lambda$151/0x0000000800121008 (cpw.mods.securejarhandler)
3588:             1             16  cpw.mods.jarhandling.impl.Jar$$Lambda$152/0x0000000800121248 (cpw.mods.securejarhandler)
3589:             1             16  cpw.mods.jarhandling.impl.Jar$$Lambda$153/0x0000000800121498 (cpw.mods.securejarhandler)
3590:             1             16  cpw.mods.jarhandling.impl.Jar$$Lambda$156/0x0000000800121b48 (cpw.mods.securejarhandler)
3591:             1             16  cpw.mods.jarhandling.impl.Jar$$Lambda$161/0x0000000800126000 (cpw.mods.securejarhandler)
3592:             1             16  cpw.mods.jarhandling.impl.Jar$JarModuleDataProvider$$Lambda$212/0x00000008001c3878 (cpw.mods.securejarhandler)
3593:             1             16  cpw.mods.jarhandling.impl.Jar$JarModuleDataProvider$$Lambda$213/0x00000008001c3ab8 (cpw.mods.securejarhandler)
3594:             1             16  cpw.mods.jarhandling.impl.ManifestVerifier$$Lambda$363/0x00000008001cbab0 (cpw.mods.securejarhandler)
3595:             1             16  cpw.mods.jarhandling.impl.ModuleJarMetadata$ModFileVisitor$$Lambda$166/0x0000000800126b80 (cpw.mods.securejarhandler)
3596:             1             16  cpw.mods.jarhandling.impl.SecureJarVerifier$UnsafeAccessor (cpw.mods.securejarhandler)
3597:             1             16  cpw.mods.jarhandling.impl.SimpleJarMetadata$$Lambda$186/0x00000008001c57f0 (cpw.mods.securejarhandler)
3598:             1             16  cpw.mods.modlauncher.ArgumentHandler$$Lambda$942/0x0000000800507d20 (cpw.mods.modlauncher@10.0.9)
3599:             1             16  cpw.mods.modlauncher.BootstrapLaunchConsumer (cpw.mods.modlauncher@10.0.9)
3600:             1             16  cpw.mods.modlauncher.ClassTransformer$$Lambda$1345/0x000000080061d000 (cpw.mods.modlauncher@10.0.9)
3601:             1             16  cpw.mods.modlauncher.DefaultLaunchHandlerService (cpw.mods.modlauncher@10.0.9)
3602:             1             16  cpw.mods.modlauncher.LaunchPluginHandler (cpw.mods.modlauncher@10.0.9)
3603:             1             16  cpw.mods.modlauncher.LaunchPluginHandler$$Lambda$354/0x00000008002b3608 (cpw.mods.modlauncher@10.0.9)
3604:             1             16  cpw.mods.modlauncher.LaunchPluginHandler$$Lambda$355/0x00000008002b3a38 (cpw.mods.modlauncher@10.0.9)
3605:             1             16  cpw.mods.modlauncher.LaunchPluginHandler$$Lambda$364/0x00000008002b7468 (cpw.mods.modlauncher@10.0.9)
3606:             1             16  cpw.mods.modlauncher.LaunchPluginHandler$$Lambda$370/0x00000008002b8238 (cpw.mods.modlauncher@10.0.9)
3607:             1             16  cpw.mods.modlauncher.LaunchPluginHandler$$Lambda$954/0x000000080050f5d0 (cpw.mods.modlauncher@10.0.9)
3608:             1             16  cpw.mods.modlauncher.LaunchServiceHandler (cpw.mods.modlauncher@10.0.9)
3609:             1             16  cpw.mods.modlauncher.LaunchServiceHandler$$Lambda$325/0x00000008002a1f70 (cpw.mods.modlauncher@10.0.9)
3610:             1             16  cpw.mods.modlauncher.LaunchServiceHandler$$Lambda$329/0x00000008002a2c80 (cpw.mods.modlauncher@10.0.9)
3611:             1             16  cpw.mods.modlauncher.LaunchServiceHandler$$Lambda$330/0x00000008002a30d0 (cpw.mods.modlauncher@10.0.9)
3612:             1             16  cpw.mods.modlauncher.LaunchServiceHandler$$Lambda$507/0x000000080034eeb0 (cpw.mods.modlauncher@10.0.9)
3613:             1             16  cpw.mods.modlauncher.Launcher$$Lambda$318/0x00000008002a0610 (cpw.mods.modlauncher@10.0.9)
3614:             1             16  cpw.mods.modlauncher.Launcher$$Lambda$319/0x00000008002a0830 (cpw.mods.modlauncher@10.0.9)
3615:             1             16  cpw.mods.modlauncher.Launcher$$Lambda$320/0x00000008002a0a50 (cpw.mods.modlauncher@10.0.9)
3616:             1             16  cpw.mods.modlauncher.Launcher$$Lambda$321/0x00000008002a0c70 (cpw.mods.modlauncher@10.0.9)
3617:             1             16  cpw.mods.modlauncher.Launcher$$Lambda$322/0x00000008002a0e90 (cpw.mods.modlauncher@10.0.9)
3618:             1             16  cpw.mods.modlauncher.Launcher$$Lambda$323/0x00000008002a10b0 (cpw.mods.modlauncher@10.0.9)
3619:             1             16  cpw.mods.modlauncher.Launcher$$Lambda$341/0x00000008002af110 (cpw.mods.modlauncher@10.0.9)
3620:             1             16  cpw.mods.modlauncher.Launcher$$Lambda$342/0x00000008002af350 (cpw.mods.modlauncher@10.0.9)
3621:             1             16  cpw.mods.modlauncher.Launcher$$Lambda$343/0x00000008002af590 (cpw.mods.modlauncher@10.0.9)
3622:             1             16  cpw.mods.modlauncher.Launcher$$Lambda$344/0x00000008002af7d0 (cpw.mods.modlauncher@10.0.9)
3623:             1             16  cpw.mods.modlauncher.Launcher$$Lambda$751/0x00000008003cf240 (cpw.mods.modlauncher@10.0.9)
3624:             1             16  cpw.mods.modlauncher.Launcher$$Lambda$752/0x00000008003cf480 (cpw.mods.modlauncher@10.0.9)
3625:             1             16  cpw.mods.modlauncher.Launcher$$Lambda$870/0x000000080047dae0 (cpw.mods.modlauncher@10.0.9)
3626:             1             16  cpw.mods.modlauncher.Launcher$$Lambda$871/0x000000080047dfb8 (cpw.mods.modlauncher@10.0.9)
3627:             1             16  cpw.mods.modlauncher.Launcher$$Lambda$872/0x000000080047e1f8 (cpw.mods.modlauncher@10.0.9)
3628:             1             16  cpw.mods.modlauncher.ModuleLayerHandler$$Lambda$326/0x00000008002a23a8 (cpw.mods.modlauncher@10.0.9)
3629:             1             16  cpw.mods.modlauncher.ModuleLayerHandler$$Lambda$420/0x0000000800317198 (cpw.mods.modlauncher@10.0.9)
3630:             1             16  cpw.mods.modlauncher.ModuleLayerHandler$$Lambda$421/0x00000008003173d8 (cpw.mods.modlauncher@10.0.9)
3631:             1             16  cpw.mods.modlauncher.ModuleLayerHandler$$Lambda$422/0x00000008003175f8 (cpw.mods.modlauncher@10.0.9)
3632:             1             16  cpw.mods.modlauncher.ModuleLayerHandler$$Lambda$424/0x0000000800317a80 (cpw.mods.modlauncher@10.0.9)
3633:             1             16  cpw.mods.modlauncher.ModuleLayerHandler$$Lambda$426/0x000000080031c000 (cpw.mods.modlauncher@10.0.9)
3634:             1             16  cpw.mods.modlauncher.ModuleLayerHandler$$Lambda$427/0x000000080031c240 (cpw.mods.modlauncher@10.0.9)
3635:             1             16  cpw.mods.modlauncher.ModuleLayerHandler$$Lambda$429/0x000000080031c6b8 (cpw.mods.modlauncher@10.0.9)
3636:             1             16  cpw.mods.modlauncher.ModuleLayerHandler$$Lambda$754/0x00000008003cf8e8 (cpw.mods.modlauncher@10.0.9)
3637:             1             16  cpw.mods.modlauncher.NameMappingServiceDecorator (cpw.mods.modlauncher@10.0.9)
3638:             1             16  cpw.mods.modlauncher.NameMappingServiceHandler$$Lambda$349/0x00000008002b2248 (cpw.mods.modlauncher@10.0.9)
3639:             1             16  cpw.mods.modlauncher.NameMappingServiceHandler$$Lambda$350/0x00000008002b2678 (cpw.mods.modlauncher@10.0.9)
3640:             1             16  cpw.mods.modlauncher.NameMappingServiceHandler$$Lambda$351/0x00000008002b2ae0 (cpw.mods.modlauncher@10.0.9)
3641:             1             16  cpw.mods.modlauncher.NameMappingServiceHandler$$Lambda$516/0x0000000800352c98 (cpw.mods.modlauncher@10.0.9)
3642:             1             16  cpw.mods.modlauncher.NameMappingServiceHandler$$Lambda$851/0x0000000800479528 (cpw.mods.modlauncher@10.0.9)
3643:             1             16  cpw.mods.modlauncher.TestingLaunchHandlerService (cpw.mods.modlauncher@10.0.9)
3644:             1             16  cpw.mods.modlauncher.TransformList$$Lambda$1343/0x0000000800617700 (cpw.mods.modlauncher@10.0.9)
3645:             1             16  cpw.mods.modlauncher.TransformList$$Lambda$929/0x0000000800502468 (cpw.mods.modlauncher@10.0.9)
3646:             1             16  cpw.mods.modlauncher.TransformTargetLabel$LabelType$$Lambda$345/0x00000008002b0a70 (cpw.mods.modlauncher@10.0.9)
3647:             1             16  cpw.mods.modlauncher.TransformTargetLabel$LabelType$$Lambda$346/0x00000008002b0cb0 (cpw.mods.modlauncher@10.0.9)
3648:             1             16  cpw.mods.modlauncher.TransformTargetLabel$LabelType$$Lambda$347/0x00000008002b0ef0 (cpw.mods.modlauncher@10.0.9)
3649:             1             16  cpw.mods.modlauncher.TransformationServiceDecorator$$Lambda$878/0x000000080047ef48 (cpw.mods.modlauncher@10.0.9)
3650:             1             16  cpw.mods.modlauncher.TransformationServiceDecorator$$Lambda$922/0x0000000800501260 (cpw.mods.modlauncher@10.0.9)
3651:             1             16  cpw.mods.modlauncher.TransformationServiceDecorator$$Lambda$923/0x00000008005014a0 (cpw.mods.modlauncher@10.0.9)
3652:             1             16  cpw.mods.modlauncher.TransformationServiceDecorator$$Lambda$925/0x0000000800501938 (cpw.mods.modlauncher@10.0.9)
3653:             1             16  cpw.mods.modlauncher.TransformationServicesHandler$$Lambda$373/0x00000008002bfaf8 (cpw.mods.modlauncher@10.0.9)
3654:             1             16  cpw.mods.modlauncher.TransformationServicesHandler$$Lambda$376/0x0000000800300920 (cpw.mods.modlauncher@10.0.9)
3655:             1             16  cpw.mods.modlauncher.TransformationServicesHandler$$Lambda$413/0x00000008003168d8 (cpw.mods.modlauncher@10.0.9)
3656:             1             16  cpw.mods.modlauncher.TransformationServicesHandler$$Lambda$464/0x0000000800332e50 (cpw.mods.modlauncher@10.0.9)
3657:             1             16  cpw.mods.modlauncher.TransformationServicesHandler$$Lambda$465/0x0000000800333280 (cpw.mods.modlauncher@10.0.9)
3658:             1             16  cpw.mods.modlauncher.TransformationServicesHandler$$Lambda$466/0x0000000800333710 (cpw.mods.modlauncher@10.0.9)
3659:             1             16  cpw.mods.modlauncher.TransformationServicesHandler$$Lambda$468/0x0000000800336a50 (cpw.mods.modlauncher@10.0.9)
3660:             1             16  cpw.mods.modlauncher.TransformationServicesHandler$$Lambda$479/0x0000000800334a20 (cpw.mods.modlauncher@10.0.9)
3661:             1             16  cpw.mods.modlauncher.TransformationServicesHandler$$Lambda$482/0x0000000800338000 (cpw.mods.modlauncher@10.0.9)
3662:             1             16  cpw.mods.modlauncher.TransformationServicesHandler$$Lambda$491/0x0000000800339450 (cpw.mods.modlauncher@10.0.9)
3663:             1             16  cpw.mods.modlauncher.TransformationServicesHandler$$Lambda$514/0x0000000800352800 (cpw.mods.modlauncher@10.0.9)
3664:             1             16  cpw.mods.modlauncher.TransformationServicesHandler$$Lambda$518/0x0000000800353120 (cpw.mods.modlauncher@10.0.9)
3665:             1             16  cpw.mods.modlauncher.TransformationServicesHandler$$Lambda$756/0x00000008003cfd70 (cpw.mods.modlauncher@10.0.9)
3666:             1             16  cpw.mods.modlauncher.TransformationServicesHandler$$Lambda$933/0x0000000800503a80 (cpw.mods.modlauncher@10.0.9)
3667:             1             16  cpw.mods.modlauncher.TransformationServicesHandler$$Lambda$934/0x0000000800503cc0 (cpw.mods.modlauncher@10.0.9)
3668:             1             16  cpw.mods.modlauncher.TransformerAuditTrail (cpw.mods.modlauncher@10.0.9)
3669:             1             16  cpw.mods.modlauncher.TransformerAuditTrail$$Lambda$1314/0x00000008005c6070 (cpw.mods.modlauncher@10.0.9)
3670:             1             16  cpw.mods.modlauncher.TransformerAuditTrail$$Lambda$960/0x0000000800514cd8 (cpw.mods.modlauncher@10.0.9)
3671:             1             16  cpw.mods.modlauncher.api.TypesafeMap$KeyBuilder$$Lambda$339/0x00000008002ae858 (cpw.mods.modlauncher@10.0.9)
3672:             1             16  cpw.mods.modlauncher.log.ExtraDataTextRenderer$$Lambda$1311/0x00000008005c5368 (cpw.mods.modlauncher@10.0.9)
3673:             1             16  cpw.mods.modlauncher.log.ExtraDataTextRenderer$$Lambda$1312/0x00000008005c55a8 (cpw.mods.modlauncher@10.0.9)
3674:             1             16  cpw.mods.modlauncher.log.MLClassLoaderContextSelector (cpw.mods.modlauncher@10.0.9)
3675:             1             16  cpw.mods.modlauncher.util.ServiceLoaderUtils$$Lambda$328/0x00000008002a2a30 (cpw.mods.modlauncher@10.0.9)
3676:             1             16  cpw.mods.modlauncher.util.ServiceLoaderUtils$$Lambda$365/0x00000008002b76a8 (cpw.mods.modlauncher@10.0.9)
3677:             1             16  cpw.mods.modlauncher.util.ServiceLoaderUtils$$Lambda$366/0x00000008002b78e8 (cpw.mods.modlauncher@10.0.9)
3678:             1             16  cpw.mods.modlauncher.util.ServiceLoaderUtils$$Lambda$367/0x00000008002b7b28 (cpw.mods.modlauncher@10.0.9)
3679:             1             16  cpw.mods.modlauncher.util.ServiceLoaderUtils$$Lambda$368/0x00000008002b7d68 (cpw.mods.modlauncher@10.0.9)
3680:             1             16  cpw.mods.niofs.union.UnionFileSystem$$Lambda$110/0x0000000800115690 (cpw.mods.securejarhandler)
3681:             1             16  cpw.mods.niofs.union.UnionFileSystem$$Lambda$112/0x00000008001158e0 (cpw.mods.securejarhandler)
3682:             1             16  cpw.mods.niofs.union.UnionFileSystem$$Lambda$113/0x0000000800115b30 (cpw.mods.securejarhandler)
3683:             1             16  cpw.mods.niofs.union.UnionFileSystem$$Lambda$114/0x0000000800115d70 (cpw.mods.securejarhandler)
3684:             1             16  cpw.mods.niofs.union.UnionFileSystem$$Lambda$115/0x00000008001161c0 (cpw.mods.securejarhandler)
3685:             1             16  cpw.mods.niofs.union.UnionFileSystem$$Lambda$118/0x0000000800116a70 (cpw.mods.securejarhandler)
3686:             1             16  cpw.mods.niofs.union.UnionFileSystem$$Lambda$124/0x00000008001175e0 (cpw.mods.securejarhandler)
3687:             1             16  cpw.mods.niofs.union.UnionFileSystem$$Lambda$125/0x0000000800117820 (cpw.mods.securejarhandler)
3688:             1             16  cpw.mods.niofs.union.UnionFileSystem$$Lambda$126/0x0000000800117a60 (cpw.mods.securejarhandler)
3689:             1             16  cpw.mods.niofs.union.UnionFileSystem$$Lambda$158/0x0000000800122748 (cpw.mods.securejarhandler)
3690:             1             16  cpw.mods.niofs.union.UnionFileSystemProvider$$Lambda$104/0x00000008001146c8 (cpw.mods.securejarhandler)
3691:             1             16  cpw.mods.niofs.union.UnionFileSystemProvider$$Lambda$105/0x0000000800114908 (cpw.mods.securejarhandler)
3692:             1             16  cpw.mods.niofs.union.UnionFileSystemProvider$$Lambda$106/0x0000000800114b48 (cpw.mods.securejarhandler)
3693:             1             16  cpw.mods.niofs.union.UnionPath$$Lambda$108/0x0000000800115248 (cpw.mods.securejarhandler)
3694:             1             16  io.github.zekerzhayard.forgewrapper.installer.util.ModuleUtil$$Lambda$14/0x0000000800002e98
3695:             1             16  io.github.zekerzhayard.forgewrapper.installer.util.ModuleUtil$$Lambda$15/0x00000008000030d8
3696:             1             16  io.github.zekerzhayard.forgewrapper.installer.util.ModuleUtil$$Lambda$16/0x0000000800003328
3697:             1             16  io.github.zekerzhayard.forgewrapper.installer.util.ModuleUtil$$Lambda$28/0x0000000800003548
3698:             1             16  io.github.zekerzhayard.forgewrapper.installer.util.ModuleUtil$$Lambda$76/0x0000000800003798
3699:             1             16  it.unimi.dsi.fastutil.doubles.DoubleLists$EmptyList (it.unimi.dsi.fastutil@8.5.9)
3700:             1             16  it.unimi.dsi.fastutil.ints.Int2ObjectAVLTreeMap$1$$Lambda$2195/0x0000000800881538 (it.unimi.dsi.fastutil@8.5.9)
3701:             1             16  it.unimi.dsi.fastutil.ints.Int2ObjectMaps$EmptyMap (it.unimi.dsi.fastutil@8.5.9)
3702:             1             16  it.unimi.dsi.fastutil.ints.Int2ObjectOpenHashMap$MapEntrySet (it.unimi.dsi.fastutil@8.5.9)
3703:             1             16  it.unimi.dsi.fastutil.ints.IntArrays$ArrayHashStrategy (it.unimi.dsi.fastutil@8.5.9)
3704:             1             16  it.unimi.dsi.fastutil.ints.IntComparators$NaturalImplicitComparator (it.unimi.dsi.fastutil@8.5.9)
3705:             1             16  it.unimi.dsi.fastutil.ints.IntComparators$OppositeImplicitComparator (it.unimi.dsi.fastutil@8.5.9)
3706:             1             16  it.unimi.dsi.fastutil.longs.Long2ObjectMaps$EmptyMap (it.unimi.dsi.fastutil@8.5.9)
3707:             1             16  it.unimi.dsi.fastutil.objects.Object2ObjectMaps$EmptyMap (it.unimi.dsi.fastutil@8.5.9)
3708:             1             16  it.unimi.dsi.fastutil.objects.ObjectArrayList$$Lambda$1318/0x00000008005d3ab0 (it.unimi.dsi.fastutil@8.5.9)
3709:             1             16  it.unimi.dsi.fastutil.objects.ObjectArrayList$$Lambda$1319/0x00000008005d3cd0 (it.unimi.dsi.fastutil@8.5.9)
3710:             1             16  it.unimi.dsi.fastutil.objects.ObjectArrayList$$Lambda$1320/0x00000008005d3f00 (it.unimi.dsi.fastutil@8.5.9)
3711:             1             16  it.unimi.dsi.fastutil.objects.ObjectArrays$ArrayHashStrategy (it.unimi.dsi.fastutil@8.5.9)
3712:             1             16  java.beans.Statement$1 (java.desktop@17.0.15)
3713:             1             16  java.io.DeleteOnExitHook$1 (java.base@17.0.15)
3714:             1             16  java.io.FileDescriptor$1 (java.base@17.0.15)
3715:             1             16  java.io.FilePermission$1 (java.base@17.0.15)
3716:             1             16  java.io.RandomAccessFile$2 (java.base@17.0.15)
3717:             1             16  java.lang.ApplicationShutdownHooks$1 (java.base@17.0.15)
3718:             1             16  java.lang.CharacterData00 (java.base@17.0.15)
3719:             1             16  java.lang.CharacterDataLatin1 (java.base@17.0.15)
3720:             1             16  java.lang.Class$$Lambda$311/0x00000008002c4fa0 (java.base@17.0.15)
3721:             1             16  java.lang.Module$$Lambda$9/0x00000008000a6688 (java.base@17.0.15)
3722:             1             16  java.lang.ModuleLayer$$Lambda$205/0x00000008001859b8 (java.base@17.0.15)
3723:             1             16  java.lang.ModuleLayer$$Lambda$31/0x00000008000b7a38 (java.base@17.0.15)
3724:             1             16  java.lang.ModuleLayer$Controller (java.base@17.0.15)
3725:             1             16  java.lang.ProcessBuilder$NullInputStream (java.base@17.0.15)
3726:             1             16  java.lang.ProcessBuilder$NullOutputStream (java.base@17.0.15)
3727:             1             16  java.lang.ProcessBuilder$Redirect$1 (java.base@17.0.15)
3728:             1             16  java.lang.ProcessBuilder$Redirect$2 (java.base@17.0.15)
3729:             1             16  java.lang.ProcessBuilder$Redirect$3 (java.base@17.0.15)
3730:             1             16  java.lang.ProcessEnvironment$StringKeySet (java.base@17.0.15)
3731:             1             16  java.lang.ProcessHandleImpl$$Lambda$281/0x0000000800251550 (java.base@17.0.15)
3732:             1             16  java.lang.Runtime (java.base@17.0.15)
3733:             1             16  java.lang.SecurityManager$$Lambda$1298/0x00000008002fd618 (java.base@17.0.15)
3734:             1             16  java.lang.SecurityManager$$Lambda$1300/0x00000008002fdab0 (java.base@17.0.15)
3735:             1             16  java.lang.SecurityManager$$Lambda$1301/0x00000008002fdcf0 (java.base@17.0.15)
3736:             1             16  java.lang.SecurityManager$$Lambda$1302/0x00000008002fdf30 (java.base@17.0.15)
3737:             1             16  java.lang.SecurityManager$$Lambda$1303/0x00000008002fe160 (java.base@17.0.15)
3738:             1             16  java.lang.SecurityManager$$Lambda$1304/0x00000008002fe3b0 (java.base@17.0.15)
3739:             1             16  java.lang.SecurityManager$$Lambda$1306/0x00000008002fe828 (java.base@17.0.15)
3740:             1             16  java.lang.SecurityManager$$Lambda$1307/0x00000008002fea78 (java.base@17.0.15)
3741:             1             16  java.lang.String$CaseInsensitiveComparator (java.base@17.0.15)
3742:             1             16  java.lang.System$2 (java.base@17.0.15)
3743:             1             16  java.lang.System$LoggerFinder$$Lambda$279/0x000000080024db98 (java.base@17.0.15)
3744:             1             16  java.lang.Terminator$1 (java.base@17.0.15)
3745:             1             16  java.lang.invoke.ClassSpecializer$1 (java.base@17.0.15)
3746:             1             16  java.lang.invoke.MemberName$Factory (java.base@17.0.15)
3747:             1             16  java.lang.invoke.MethodHandleImpl$1 (java.base@17.0.15)
3748:             1             16  java.lang.invoke.MethodHandleImpl$Makers$1 (java.base@17.0.15)
3749:             1             16  java.lang.invoke.MethodHandleImpl$Makers$2 (java.base@17.0.15)
3750:             1             16  java.lang.invoke.StringConcatFactory$1 (java.base@17.0.15)
3751:             1             16  java.lang.invoke.StringConcatFactory$2 (java.base@17.0.15)
3752:             1             16  java.lang.invoke.StringConcatFactory$3 (java.base@17.0.15)
3753:             1             16  java.lang.invoke.VarHandle$1 (java.base@17.0.15)
3754:             1             16  java.lang.invoke.VarHandleByteArrayAsInts$ArrayHandle$$Lambda$95/0x00000008001534e0 (java.base@17.0.15)
3755:             1             16  java.lang.invoke.VarHandleByteArrayAsLongs$ArrayHandle$$Lambda$96/0x0000000800154250 (java.base@17.0.15)
3756:             1             16  java.lang.management.DefaultPlatformMBeanProvider (java.management@17.0.15)
3757:             1             16  java.lang.management.DefaultPlatformMBeanProvider$5$$Lambda$304/0x000000080027a718 (java.management@17.0.15)
3758:             1             16  java.lang.management.ManagementFactory$$Lambda$252/0x0000000800193220 (java.management@17.0.15)
3759:             1             16  java.lang.management.ManagementFactory$$Lambda$293/0x000000080026a938 (java.management@17.0.15)
3760:             1             16  java.lang.management.ManagementFactory$$Lambda$294/0x000000080026ab88 (java.management@17.0.15)
3761:             1             16  java.lang.management.ManagementFactory$$Lambda$295/0x000000080026adc8 (java.management@17.0.15)
3762:             1             16  java.lang.module.Configuration$$Lambda$189/0x0000000800184c98 (java.base@17.0.15)
3763:             1             16  java.lang.module.Configuration$$Lambda$58/0x00000008000e4fd0 (java.base@17.0.15)
3764:             1             16  java.lang.module.Configuration$$Lambda$59/0x00000008000e5210 (java.base@17.0.15)
3765:             1             16  java.lang.module.ModuleDescriptor$1 (java.base@17.0.15)
3766:             1             16  java.lang.module.ModuleDescriptor$Builder$$Lambda$171/0x0000000800183050 (java.base@17.0.15)
3767:             1             16  java.lang.module.ModuleDescriptor$Builder$$Lambda$53/0x00000008000e25e0 (java.base@17.0.15)
3768:             1             16  java.lang.module.ModuleDescriptor$Builder$$Lambda$8/0x00000008000a5d30 (java.base@17.0.15)
3769:             1             16  java.lang.module.Resolver$$Lambda$56/0x00000008000e48b0 (java.base@17.0.15)
3770:             1             16  java.lang.module.Resolver$$Lambda$57/0x00000008000e4af0 (java.base@17.0.15)
3771:             1             16  java.lang.module.Resolver$$Lambda$60/0x00000008000e5450 (java.base@17.0.15)
3772:             1             16  java.lang.module.Resolver$$Lambda$61/0x00000008000e5690 (java.base@17.0.15)
3773:             1             16  java.lang.module.Resolver$$Lambda$62/0x00000008000e58d0 (java.base@17.0.15)
3774:             1             16  java.lang.module.Resolver$$Lambda$63/0x00000008000e5b10 (java.base@17.0.15)
3775:             1             16  java.lang.module.Resolver$$Lambda$64/0x00000008000e5d30 (java.base@17.0.15)
3776:             1             16  java.lang.module.Resolver$$Lambda$69/0x00000008000e7138 (java.base@17.0.15)
3777:             1             16  java.lang.module.Resolver$$Lambda$73/0x00000008000e7a60 (java.base@17.0.15)
3778:             1             16  java.lang.module.Resolver$$Lambda$74/0x00000008000e7ca0 (java.base@17.0.15)
3779:             1             16  java.lang.ref.Cleaner (java.base@17.0.15)
3780:             1             16  java.lang.ref.Cleaner$1 (java.base@17.0.15)
3781:             1             16  java.lang.ref.Reference$1 (java.base@17.0.15)
3782:             1             16  java.lang.reflect.Proxy$$Lambda$6/0x00000008000a4028 (java.base@17.0.15)
3783:             1             16  java.lang.reflect.Proxy$ProxyBuilder$$Lambda$7/0x00000008000a4ea0 (java.base@17.0.15)
3784:             1             16  java.lang.reflect.ProxyGenerator$$Lambda$12/0x00000008000a76c0 (java.base@17.0.15)
3785:             1             16  java.lang.reflect.ProxyGenerator$$Lambda$13/0x00000008000a7900 (java.base@17.0.15)
3786:             1             16  java.lang.reflect.ReflectAccess (java.base@17.0.15)
3787:             1             16  java.net.InetAddress$1 (java.base@17.0.15)
3788:             1             16  java.net.InetAddress$PlatformNameService (java.base@17.0.15)
3789:             1             16  java.net.URI$1 (java.base@17.0.15)
3790:             1             16  java.net.URL$3 (java.base@17.0.15)
3791:             1             16  java.net.URL$DefaultFactory (java.base@17.0.15)
3792:             1             16  java.nio.Bits$1 (java.base@17.0.15)
3793:             1             16  java.nio.Buffer$1 (java.base@17.0.15)
3794:             1             16  java.nio.file.Files$$Lambda$128/0x0000000800170798 (java.base@17.0.15)
3795:             1             16  java.nio.file.Files$$Lambda$882/0x00000008002eaee0 (java.base@17.0.15)
3796:             1             16  java.nio.file.Files$AcceptAllFilter (java.base@17.0.15)
3797:             1             16  java.security.AllPermission (java.base@17.0.15)
3798:             1             16  java.security.ProtectionDomain$JavaSecurityAccessImpl (java.base@17.0.15)
3799:             1             16  java.security.Security$2 (java.base@17.0.15)
3800:             1             16  java.security.Signature$1 (java.base@17.0.15)
3801:             1             16  java.security.spec.EncodedKeySpec$1 (java.base@17.0.15)
3802:             1             16  java.text.DecimalFormatSymbols$$Lambda$84/0x00000008000fbcd8 (java.base@17.0.15)
3803:             1             16  java.text.DontCareFieldPosition$1 (java.base@17.0.15)
3804:             1             16  java.time.Clock$SystemClock (java.base@17.0.15)
3805:             1             16  java.time.ZonedDateTime$$Lambda$1205/0x00000008002f86c8 (java.base@17.0.15)
3806:             1             16  java.time.chrono.IsoChronology (java.base@17.0.15)
3807:             1             16  java.time.format.DateTimeFormatter$$Lambda$1027/0x00000008002f5750 (java.base@17.0.15)
3808:             1             16  java.time.format.DateTimeFormatter$$Lambda$1028/0x00000008002f5970 (java.base@17.0.15)
3809:             1             16  java.time.format.DateTimeFormatterBuilder$$Lambda$1020/0x00000008002efac0 (java.base@17.0.15)
3810:             1             16  java.time.format.DateTimeFormatterBuilder$InstantPrinterParser (java.base@17.0.15)
3811:             1             16  java.time.format.DateTimeTextProvider (java.base@17.0.15)
3812:             1             16  java.time.format.DateTimeTextProvider$1 (java.base@17.0.15)
3813:             1             16  java.time.temporal.TemporalQueries$1 (java.base@17.0.15)
3814:             1             16  java.time.temporal.TemporalQueries$2 (java.base@17.0.15)
3815:             1             16  java.time.temporal.TemporalQueries$3 (java.base@17.0.15)
3816:             1             16  java.time.temporal.TemporalQueries$4 (java.base@17.0.15)
3817:             1             16  java.time.temporal.TemporalQueries$5 (java.base@17.0.15)
3818:             1             16  java.time.temporal.TemporalQueries$6 (java.base@17.0.15)
3819:             1             16  java.time.temporal.TemporalQueries$7 (java.base@17.0.15)
3820:             1             16  java.util.AbstractMap$2 (java.base@17.0.15)
3821:             1             16  java.util.Collections$EmptyEnumeration (java.base@17.0.15)
3822:             1             16  java.util.Collections$EmptyIterator (java.base@17.0.15)
3823:             1             16  java.util.Collections$EmptyList (java.base@17.0.15)
3824:             1             16  java.util.Collections$EmptySet (java.base@17.0.15)
3825:             1             16  java.util.Collections$ReverseComparator (java.base@17.0.15)
3826:             1             16  java.util.Collections$ReverseComparator2 (java.base@17.0.15)
3827:             1             16  java.util.Collections$UnmodifiableMap$UnmodifiableEntrySet (java.base@17.0.15)
3828:             1             16  java.util.Comparator$$Lambda$173/0x0000000800183480 (java.base@17.0.15)
3829:             1             16  java.util.Comparator$$Lambda$548/0x00000008002d4b60 (java.base@17.0.15)
3830:             1             16  java.util.EnumMap$1 (java.base@17.0.15)
3831:             1             16  java.util.EnumMap$EntrySet (java.base@17.0.15)
3832:             1             16  java.util.EnumMap$Values (java.base@17.0.15)
3833:             1             16  java.util.IdentityHashMap$Values (java.base@17.0.15)
3834:             1             16  java.util.ImmutableCollections$Access$1 (java.base@17.0.15)
3835:             1             16  java.util.Locale$Builder (java.base@17.0.15)
3836:             1             16  java.util.Map$Entry$$Lambda$1268/0x00000008002fcd60 (java.base@17.0.15)
3837:             1             16  java.util.ResourceBundle$1 (java.base@17.0.15)
3838:             1             16  java.util.ResourceBundle$Control (java.base@17.0.15)
3839:             1             16  java.util.Spliterators$EmptySpliterator$OfDouble (java.base@17.0.15)
3840:             1             16  java.util.Spliterators$EmptySpliterator$OfInt (java.base@17.0.15)
3841:             1             16  java.util.Spliterators$EmptySpliterator$OfLong (java.base@17.0.15)
3842:             1             16  java.util.Spliterators$EmptySpliterator$OfRef (java.base@17.0.15)
3843:             1             16  java.util.concurrent.CompletableFuture$AltResult (java.base@17.0.15)
3844:             1             16  java.util.concurrent.ForkJoinPool$DefaultCommonPoolForkJoinWorkerThreadFactory (java.base@17.0.15)
3845:             1             16  java.util.concurrent.ForkJoinPool$DefaultForkJoinWorkerThreadFactory (java.base@17.0.15)
3846:             1             16  java.util.concurrent.ThreadPoolExecutor$AbortPolicy (java.base@17.0.15)
3847:             1             16  java.util.function.Function$$Lambda$116/0x00000008001641c8 (java.base@17.0.15)
3848:             1             16  java.util.function.Predicate$$Lambda$2176/0x00000008005e4028 (java.base@17.0.15)
3849:             1             16  java.util.jar.JavaUtilJarAccessImpl (java.base@17.0.15)
3850:             1             16  java.util.logging.ErrorManager (java.logging@17.0.15)
3851:             1             16  java.util.logging.Level$$Lambda$277/0x000000080024d398 (java.logging@17.0.15)
3852:             1             16  java.util.logging.Level$KnownLevel$$Lambda$274/0x000000080024a0b8 (java.logging@17.0.15)
3853:             1             16  java.util.logging.Level$KnownLevel$$Lambda$275/0x000000080024a2f8 (java.logging@17.0.15)
3854:             1             16  java.util.logging.Level$KnownLevel$$Lambda$278/0x000000080024d5d8 (java.logging@17.0.15)
3855:             1             16  java.util.logging.LogManager$LoggingProviderAccess (java.logging@17.0.15)
3856:             1             16  java.util.logging.LogManager$VisitedLoggers (java.logging@17.0.15)
3857:             1             16  java.util.logging.Logging (java.logging@17.0.15)
3858:             1             16  java.util.logging.SimpleFormatter$$Lambda$822/0x00000008002e2460 (java.logging@17.0.15)
3859:             1             16  java.util.regex.CharPredicates$$Lambda$169/0x000000080013cff0 (java.base@17.0.15)
3860:             1             16  java.util.regex.CharPredicates$$Lambda$38/0x00000008000bb8c8 (java.base@17.0.15)
3861:             1             16  java.util.regex.CharPredicates$$Lambda$441/0x00000008002cdf70 (java.base@17.0.15)
3862:             1             16  java.util.regex.CharPredicates$$Lambda$559/0x00000008002d7608 (java.base@17.0.15)
3863:             1             16  java.util.regex.Pattern$$Lambda$168/0x000000080013a2b8 (java.base@17.0.15)
3864:             1             16  java.util.regex.Pattern$$Lambda$448/0x00000008002ce8b8 (java.base@17.0.15)
3865:             1             16  java.util.regex.Pattern$LastNode (java.base@17.0.15)
3866:             1             16  java.util.regex.Pattern$LookBehindEndNode (java.base@17.0.15)
3867:             1             16  java.util.regex.Pattern$Node (java.base@17.0.15)
3868:             1             16  java.util.stream.Collectors$$Lambda$1/0x000000080000e980 (java.base@17.0.15)
3869:             1             16  java.util.stream.Collectors$$Lambda$1258/0x00000008002fa9c8 (java.base@17.0.15)
3870:             1             16  java.util.stream.Collectors$$Lambda$1259/0x00000008002fabf8 (java.base@17.0.15)
3871:             1             16  java.util.stream.Collectors$$Lambda$134/0x0000000800170bd0 (java.base@17.0.15)
3872:             1             16  java.util.stream.Collectors$$Lambda$135/0x0000000800170df0 (java.base@17.0.15)
3873:             1             16  java.util.stream.Collectors$$Lambda$136/0x0000000800171020 (java.base@17.0.15)
3874:             1             16  java.util.stream.Collectors$$Lambda$137/0x0000000800171268 (java.base@17.0.15)
3875:             1             16  java.util.stream.Collectors$$Lambda$138/0x00000008001714a8 (java.base@17.0.15)
3876:             1             16  java.util.stream.Collectors$$Lambda$184/0x00000008001843a8 (java.base@17.0.15)
3877:             1             16  java.util.stream.Collectors$$Lambda$2/0x0000000800080808 (java.base@17.0.15)
3878:             1             16  java.util.stream.Collectors$$Lambda$23/0x00000008000b2a80 (java.base@17.0.15)
3879:             1             16  java.util.stream.Collectors$$Lambda$24/0x00000008000b2ca0 (java.base@17.0.15)
3880:             1             16  java.util.stream.Collectors$$Lambda$25/0x00000008000b2ed0 (java.base@17.0.15)
3881:             1             16  java.util.stream.Collectors$$Lambda$3/0x0000000800080e38 (java.base@17.0.15)
3882:             1             16  java.util.stream.Collectors$$Lambda$313/0x00000008002c5408 (java.base@17.0.15)
3883:             1             16  java.util.stream.Collectors$$Lambda$314/0x00000008002c5638 (java.base@17.0.15)
3884:             1             16  java.util.stream.Collectors$$Lambda$315/0x00000008002c5880 (java.base@17.0.15)
3885:             1             16  java.util.stream.Collectors$$Lambda$358/0x00000008002c89f0 (java.base@17.0.15)
3886:             1             16  java.util.stream.Collectors$$Lambda$359/0x00000008002c8c10 (java.base@17.0.15)
3887:             1             16  java.util.stream.Collectors$$Lambda$360/0x00000008002c8e40 (java.base@17.0.15)
3888:             1             16  java.util.stream.Collectors$$Lambda$361/0x00000008002c9088 (java.base@17.0.15)
3889:             1             16  java.util.stream.Collectors$$Lambda$4/0x0000000800081080 (java.base@17.0.15)
3890:             1             16  java.util.stream.Collectors$$Lambda$414/0x00000008002ca420 (java.base@17.0.15)
3891:             1             16  java.util.stream.Collectors$$Lambda$415/0x00000008002ca640 (java.base@17.0.15)
3892:             1             16  java.util.stream.Collectors$$Lambda$416/0x00000008002ca870 (java.base@17.0.15)
3893:             1             16  java.util.stream.Collectors$$Lambda$417/0x00000008002caab8 (java.base@17.0.15)
3894:             1             16  java.util.stream.Collectors$$Lambda$92/0x0000000800140440 (java.base@17.0.15)
3895:             1             16  java.util.stream.Collectors$$Lambda$94/0x0000000800140898 (java.base@17.0.15)
3896:             1             16  java.util.stream.FindOps$FindSink$OfInt$$Lambda$85/0x00000008000fd280 (java.base@17.0.15)
3897:             1             16  java.util.stream.FindOps$FindSink$OfInt$$Lambda$86/0x00000008000fd4d0 (java.base@17.0.15)
3898:             1             16  java.util.stream.FindOps$FindSink$OfInt$$Lambda$87/0x00000008000fd6f0 (java.base@17.0.15)
3899:             1             16  java.util.stream.FindOps$FindSink$OfInt$$Lambda$88/0x00000008000fd940 (java.base@17.0.15)
3900:             1             16  java.util.stream.FindOps$FindSink$OfRef$$Lambda$32/0x00000008000b86c0 (java.base@17.0.15)
3901:             1             16  java.util.stream.FindOps$FindSink$OfRef$$Lambda$33/0x00000008000b8910 (java.base@17.0.15)
3902:             1             16  java.util.stream.FindOps$FindSink$OfRef$$Lambda$34/0x00000008000b8b30 (java.base@17.0.15)
3903:             1             16  java.util.stream.FindOps$FindSink$OfRef$$Lambda$35/0x00000008000b8d80 (java.base@17.0.15)
3904:             1             16  java.util.stream.IntPipeline$$Lambda$1854/0x00000008005e31a8 (java.base@17.0.15)
3905:             1             16  java.util.stream.IntPipeline$$Lambda$603/0x00000008002d94e0 (java.base@17.0.15)
3906:             1             16  java.util.stream.Nodes$EmptyNode$OfDouble (java.base@17.0.15)
3907:             1             16  java.util.stream.Nodes$EmptyNode$OfInt (java.base@17.0.15)
3908:             1             16  java.util.stream.Nodes$EmptyNode$OfLong (java.base@17.0.15)
3909:             1             16  java.util.stream.Nodes$EmptyNode$OfRef (java.base@17.0.15)
3910:             1             16  java.util.stream.ReferencePipeline$$Lambda$111/0x0000000800163a20 (java.base@17.0.15)
3911:             1             16  java.util.zip.ZipFile$1 (java.base@17.0.15)
3912:             1             16  javax.management.JMX (java.management@17.0.15)
3913:             1             16  javax.management.MBeanServerBuilder (java.management@17.0.15)
3914:             1             16  javax.management.NotificationBroadcasterSupport$1 (java.management@17.0.15)
3915:             1             16  jdk.dynalink.CallSiteDescriptor$$Lambda$903/0x00000008004e4ad8 (jdk.dynalink@17.0.15)
3916:             1             16  jdk.dynalink.CallSiteDescriptor$$Lambda$904/0x00000008004e4cf8 (jdk.dynalink@17.0.15)
3917:             1             16  jdk.dynalink.DynamicLinkerFactory$$Lambda$829/0x00000008003fbc18 (jdk.dynalink@17.0.15)
3918:             1             16  jdk.dynalink.beans.ApplicableOverloadedMethods$1 (jdk.dynalink@17.0.15)
3919:             1             16  jdk.dynalink.beans.ApplicableOverloadedMethods$2 (jdk.dynalink@17.0.15)
3920:             1             16  jdk.dynalink.beans.ApplicableOverloadedMethods$3 (jdk.dynalink@17.0.15)
3921:             1             16  jdk.dynalink.beans.BeansLinker (jdk.dynalink@17.0.15)
3922:             1             16  jdk.dynalink.beans.DynamicMethodLinker (jdk.dynalink@17.0.15)
3923:             1             16  jdk.dynalink.beans.MaximallySpecific$$Lambda$1350/0x0000000800646000 (jdk.dynalink@17.0.15)
3924:             1             16  jdk.dynalink.beans.StaticClassLinker (jdk.dynalink@17.0.15)
3925:             1             16  jdk.dynalink.internal.AccessControlContextFactory$$Lambda$827/0x00000008003fb7b8 (jdk.dynalink@17.0.15)
3926:             1             16  jdk.dynalink.internal.AccessControlContextFactory$$Lambda$828/0x00000008003fb9f8 (jdk.dynalink@17.0.15)
3927:             1             16  jdk.internal.icu.impl.Norm2AllModes$DecomposeNormalizer2 (java.base@17.0.15)
3928:             1             16  jdk.internal.icu.impl.Norm2AllModes$NoopNormalizer2 (java.base@17.0.15)
3929:             1             16  jdk.internal.icu.impl.NormalizerImpl$IsAcceptable (java.base@17.0.15)
3930:             1             16  jdk.internal.icu.text.NormalizerBase$ModeImpl (java.base@17.0.15)
3931:             1             16  jdk.internal.icu.text.NormalizerBase$NFCMode (java.base@17.0.15)
3932:             1             16  jdk.internal.icu.text.NormalizerBase$NFDMode (java.base@17.0.15)
3933:             1             16  jdk.internal.icu.text.NormalizerBase$NFKCMode (java.base@17.0.15)
3934:             1             16  jdk.internal.icu.text.NormalizerBase$NFKDMode (java.base@17.0.15)
3935:             1             16  jdk.internal.icu.text.NormalizerBase$NONEMode (java.base@17.0.15)
3936:             1             16  jdk.internal.icu.util.CodePointTrie$Data16 (java.base@17.0.15)
3937:             1             16  jdk.internal.icu.util.VersionInfo (java.base@17.0.15)
3938:             1             16  jdk.internal.jimage.ImageBufferCache$1 (java.base@17.0.15)
3939:             1             16  jdk.internal.jimage.ImageBufferCache$2 (java.base@17.0.15)
3940:             1             16  jdk.internal.jimage.ImageReaderFactory$1 (java.base@17.0.15)
3941:             1             16  jdk.internal.jimage.ImageStringsReader (java.base@17.0.15)
3942:             1             16  jdk.internal.jimage.decompressor.Decompressor (java.base@17.0.15)
3943:             1             16  jdk.internal.jimage.decompressor.StringSharingDecompressorFactory (java.base@17.0.15)
3944:             1             16  jdk.internal.jimage.decompressor.ZipDecompressor (java.base@17.0.15)
3945:             1             16  jdk.internal.jimage.decompressor.ZipDecompressorFactory (java.base@17.0.15)
3946:             1             16  jdk.internal.jrtfs.JrtFileSystemProvider (java.base@17.0.15)
3947:             1             16  jdk.internal.logger.LazyLoggers$1 (java.base@17.0.15)
3948:             1             16  jdk.internal.logger.LazyLoggers$JdkLazyLogger (java.base@17.0.15)
3949:             1             16  jdk.internal.logger.LazyLoggers$LazyLoggerFactories (java.base@17.0.15)
3950:             1             16  jdk.internal.math.FloatingDecimal$1 (java.base@17.0.15)
3951:             1             16  jdk.internal.math.FormattedFloatingDecimal$1 (java.base@17.0.15)
3952:             1             16  jdk.internal.misc.ScopedMemoryAccess (java.base@17.0.15)
3953:             1             16  jdk.internal.misc.TerminatingThreadLocal$1 (java.base@17.0.15)
3954:             1             16  jdk.internal.misc.ThreadTracker (java.base@17.0.15)
3955:             1             16  jdk.internal.misc.Unsafe (java.base@17.0.15)
3956:             1             16  jdk.internal.module.ArchivedBootLayer (java.base@17.0.15)
3957:             1             16  jdk.internal.module.ModuleLoaderMap$Mapper (java.base@17.0.15)
3958:             1             16  jdk.internal.module.ModulePatcher (java.base@17.0.15)
3959:             1             16  jdk.internal.module.ModulePath$$Lambda$19/0x00000008000b1c70 (java.base@17.0.15)
3960:             1             16  jdk.internal.module.ModulePath$$Lambda$20/0x00000008000b1ec0 (java.base@17.0.15)
3961:             1             16  jdk.internal.module.ModulePath$$Lambda$22/0x00000008000b2348 (java.base@17.0.15)
3962:             1             16  jdk.internal.module.ModulePath$$Lambda$42/0x00000008000bf698 (java.base@17.0.15)
3963:             1             16  jdk.internal.module.ModulePath$$Lambda$43/0x00000008000bf8e8 (java.base@17.0.15)
3964:             1             16  jdk.internal.module.ModulePath$$Lambda$44/0x00000008000bfb28 (java.base@17.0.15)
3965:             1             16  jdk.internal.module.ModulePath$$Lambda$45/0x00000008000bfd78 (java.base@17.0.15)
3966:             1             16  jdk.internal.module.ModulePath$$Lambda$50/0x00000008000e1308 (java.base@17.0.15)
3967:             1             16  jdk.internal.module.ModulePath$$Lambda$52/0x00000008000e2168 (java.base@17.0.15)
3968:             1             16  jdk.internal.perf.Perf (java.base@17.0.15)
3969:             1             16  jdk.internal.platform.CgroupMetrics (java.base@17.0.15)
3970:             1             16  jdk.internal.platform.CgroupSubsystemFactory$$Lambda$302/0x0000000800277e08 (java.base@17.0.15)
3971:             1             16  jdk.internal.platform.cgroupv2.CgroupV2Subsystem (java.base@17.0.15)
3972:             1             16  jdk.internal.platform.cgroupv2.CgroupV2SubsystemController (java.base@17.0.15)
3973:             1             16  jdk.internal.reflect.GeneratedConstructorAccessor1
3974:             1             16  jdk.internal.reflect.GeneratedConstructorAccessor10
3975:             1             16  jdk.internal.reflect.GeneratedConstructorAccessor11
3976:             1             16  jdk.internal.reflect.GeneratedConstructorAccessor12
3977:             1             16  jdk.internal.reflect.GeneratedConstructorAccessor13
3978:             1             16  jdk.internal.reflect.GeneratedConstructorAccessor14 (java.base@17.0.15)
3979:             1             16  jdk.internal.reflect.GeneratedConstructorAccessor15 (java.base@17.0.15)
3980:             1             16  jdk.internal.reflect.GeneratedConstructorAccessor16 (java.base@17.0.15)
3981:             1             16  jdk.internal.reflect.GeneratedConstructorAccessor17 (java.base@17.0.15)
3982:             1             16  jdk.internal.reflect.GeneratedConstructorAccessor18 (java.base@17.0.15)
3983:             1             16  jdk.internal.reflect.GeneratedConstructorAccessor19
3984:             1             16  jdk.internal.reflect.GeneratedConstructorAccessor2
3985:             1             16  jdk.internal.reflect.GeneratedConstructorAccessor20
3986:             1             16  jdk.internal.reflect.GeneratedConstructorAccessor21
3987:             1             16  jdk.internal.reflect.GeneratedConstructorAccessor22
3988:             1             16  jdk.internal.reflect.GeneratedConstructorAccessor23
3989:             1             16  jdk.internal.reflect.GeneratedConstructorAccessor3
3990:             1             16  jdk.internal.reflect.GeneratedConstructorAccessor4 (java.base@17.0.15)
3991:             1             16  jdk.internal.reflect.GeneratedConstructorAccessor5
3992:             1             16  jdk.internal.reflect.GeneratedConstructorAccessor6
3993:             1             16  jdk.internal.reflect.GeneratedConstructorAccessor7
3994:             1             16  jdk.internal.reflect.GeneratedConstructorAccessor8
3995:             1             16  jdk.internal.reflect.GeneratedConstructorAccessor9 (java.base@17.0.15)
3996:             1             16  jdk.internal.reflect.GeneratedMethodAccessor1 (java.base@17.0.15)
3997:             1             16  jdk.internal.reflect.ReflectionFactory (java.base@17.0.15)
3998:             1             16  jdk.jfr.internal.dcmd.DCmdCheck$$Lambda$308/0x00000008002c0440 (jdk.jfr@17.0.15)
3999:             1             16  jdk.jfr.internal.dcmd.DCmdDump$$Lambda$307/0x00000008002c0220 (jdk.jfr@17.0.15)
4000:             1             16  jdk.jfr.internal.dcmd.DCmdStart$$Lambda$306/0x00000008002c0000 (jdk.jfr@17.0.15)
4001:             1             16  jdk.jfr.internal.dcmd.DCmdStop$$Lambda$305/0x000000080027fd18 (jdk.jfr@17.0.15)
4002:             1             16  jdk.management.jfr.SettingDescriptorInfo$1 (jdk.management.jfr@17.0.15)
4003:             1             16  jdk.nio.zipfs.ZipFileSystem$$Lambda$107/0x0000000800119610 (jdk.zipfs@17.0.15)
4004:             1             16  jdk.nio.zipfs.ZipFileSystemProvider (jdk.zipfs@17.0.15)
4005:             1             16  jdk.proxy2.$Proxy17 (jdk.proxy2)
4006:             1             16  jdk.proxy2.$Proxy24 (jdk.proxy2)
4007:             1             16  jdk.proxy2.$Proxy25 (jdk.proxy2)
4008:             1             16  jdk.proxy2.$Proxy5 (jdk.proxy2)
4009:             1             16  jdk.proxy3.$Proxy20 (jdk.proxy3)
4010:             1             16  jdk.xml.internal.SecuritySupport$$Lambda$269/0x000000080019f8d8 (java.xml@17.0.15)
4011:             1             16  joptsimple.OptionParserState$2 (jopt.simple@5.0.4)
4012:             1             16  net.fabricmc.loader.impl.FMLModMetadata$$Lambda$948/0x0000000800510e98 (net.fabricmc.loader@2.6.0+0.15.0+1.20.1-full)
4013:             1             16  net.fabricmc.loader.impl.FMLModMetadata$$Lambda$949/0x0000000800511518 (net.fabricmc.loader@2.6.0+0.15.0+1.20.1-full)
4014:             1             16  net.fabricmc.loader.impl.FMLModMetadata$$Lambda$952/0x0000000800512270 (net.fabricmc.loader@2.6.0+0.15.0+1.20.1-full)
4015:             1             16  net.fabricmc.loader.impl.ModContainerImpl$$Lambda$951/0x0000000800512030 (net.fabricmc.loader@2.6.0+0.15.0+1.20.1-full)
4016:             1             16  net.fabricmc.loader.impl.bootstrap.FabricLoaderBootstrap (net.fabricmc.loader@2.6.0+0.15.0+1.20.1-full)
4017:             1             16  net.fabricmc.loader.impl.bootstrap.FabricLoaderHackyInjector (net.fabricmc.loader@2.6.0+0.15.0+1.20.1-full)
4018:             1             16  net.minecraft.ChatFormatting$$Lambda$1164/0x0000000800589dd8 (minecraft@1.20.1)
4019:             1             16  net.minecraft.ChatFormatting$$Lambda$1168/0x0000000800588400 (minecraft@1.20.1)
4020:             1             16  net.minecraft.ChatFormatting$$Lambda$1169/0x0000000800590000 (minecraft@1.20.1)
4021:             1             16  net.minecraft.SystemReport$$Lambda$1244/0x00000008005a66d8 (minecraft@1.20.1)
4022:             1             16  net.minecraft.SystemReport$$Lambda$1245/0x00000008005a68f8 (minecraft@1.20.1)
4023:             1             16  net.minecraft.SystemReport$$Lambda$1296/0x00000008005c1e30 (minecraft@1.20.1)
4024:             1             16  net.minecraft.Util$$Lambda$1236/0x00000008005a1f90 (minecraft@1.20.1)
4025:             1             16  net.minecraft.Util$$Lambda$1237/0x00000008005a21b8 (minecraft@1.20.1)
4026:             1             16  net.minecraft.Util$$Lambda$1238/0x00000008005a23d8 (minecraft@1.20.1)
4027:             1             16  net.minecraft.Util$$Lambda$1239/0x00000008005a29f8 (minecraft@1.20.1)
4028:             1             16  net.minecraft.Util$$Lambda$1240/0x00000008005a2c58 (minecraft@1.20.1)
4029:             1             16  net.minecraft.Util$$Lambda$1241/0x00000008005a2ea8 (minecraft@1.20.1)
4030:             1             16  net.minecraft.Util$$Lambda$1242/0x00000008005a30c8 (minecraft@1.20.1)
4031:             1             16  net.minecraft.Util$$Lambda$1297/0x00000008005c2050 (minecraft@1.20.1)
4032:             1             16  net.minecraft.Util$$Lambda$1449/0x0000000800678ef0 (minecraft@1.20.1)
4033:             1             16  net.minecraft.Util$$Lambda$1450/0x0000000800679130 (minecraft@1.20.1)
4034:             1             16  net.minecraft.Util$1 (minecraft@1.20.1)
4035:             1             16  net.minecraft.Util$3 (minecraft@1.20.1)
4036:             1             16  net.minecraft.Util$4 (minecraft@1.20.1)
4037:             1             16  net.minecraft.client.User$Type$$Lambda$1243/0x00000008005a6000 (minecraft@1.20.1)
4038:             1             16  net.minecraft.client.main.Main$$Lambda$1316/0x00000008005c3460 (minecraft@1.20.1)
4039:             1             16  net.minecraft.client.telemetry.TelemetryProperty$$Lambda$1031/0x0000000800551308 (minecraft@1.20.1)
4040:             1             16  net.minecraft.client.telemetry.TelemetryProperty$$Lambda$1040/0x0000000800552930 (minecraft@1.20.1)
4041:             1             16  net.minecraft.client.telemetry.TelemetryProperty$$Lambda$1041/0x0000000800552b50 (minecraft@1.20.1)
4042:             1             16  net.minecraft.client.telemetry.TelemetryProperty$$Lambda$1123/0x000000080057ada0 (minecraft@1.20.1)
4043:             1             16  net.minecraft.client.telemetry.TelemetryProperty$$Lambda$1124/0x000000080057afc0 (minecraft@1.20.1)
4044:             1             16  net.minecraft.client.telemetry.TelemetryProperty$$Lambda$1126/0x000000080057b860 (minecraft@1.20.1)
4045:             1             16  net.minecraft.client.telemetry.TelemetryProperty$$Lambda$1127/0x000000080057ba80 (minecraft@1.20.1)
4046:             1             16  net.minecraft.client.telemetry.TelemetryProperty$$Lambda$1128/0x000000080057bca0 (minecraft@1.20.1)
4047:             1             16  net.minecraft.client.telemetry.TelemetryProperty$$Lambda$1129/0x0000000800584000 (minecraft@1.20.1)
4048:             1             16  net.minecraft.client.telemetry.TelemetryProperty$$Lambda$1132/0x00000008005848a8 (minecraft@1.20.1)
4049:             1             16  net.minecraft.client.telemetry.TelemetryProperty$$Lambda$1133/0x0000000800584ac8 (minecraft@1.20.1)
4050:             1             16  net.minecraft.client.telemetry.TelemetryProperty$GameMode$$Lambda$1125/0x000000080057b640 (minecraft@1.20.1)
4051:             1             16  net.minecraft.client.telemetry.TelemetryProperty$ServerType$$Lambda$1042/0x00000008005535c0 (minecraft@1.20.1)
4052:             1             16  net.minecraft.client.telemetry.events.GameLoadTimesEvent$Measurement$$Lambda$1130/0x0000000800584428 (minecraft@1.20.1)
4053:             1             16  net.minecraft.client.telemetry.events.GameLoadTimesEvent$Measurement$$Lambda$1131/0x0000000800584668 (minecraft@1.20.1)
4054:             1             16  net.minecraft.commands.BrigadierExceptions (minecraft@1.20.1)
4055:             1             16  net.minecraft.commands.BrigadierExceptions$$Lambda$1152/0x0000000800585500 (minecraft@1.20.1)
4056:             1             16  net.minecraft.commands.BrigadierExceptions$$Lambda$1153/0x0000000800585720 (minecraft@1.20.1)
4057:             1             16  net.minecraft.commands.BrigadierExceptions$$Lambda$1154/0x0000000800585940 (minecraft@1.20.1)
4058:             1             16  net.minecraft.commands.BrigadierExceptions$$Lambda$1155/0x0000000800585b60 (minecraft@1.20.1)
4059:             1             16  net.minecraft.commands.BrigadierExceptions$$Lambda$1156/0x0000000800585d80 (minecraft@1.20.1)
4060:             1             16  net.minecraft.commands.BrigadierExceptions$$Lambda$1157/0x0000000800585fa0 (minecraft@1.20.1)
4061:             1             16  net.minecraft.commands.BrigadierExceptions$$Lambda$1158/0x00000008005861c0 (minecraft@1.20.1)
4062:             1             16  net.minecraft.commands.BrigadierExceptions$$Lambda$1159/0x00000008005863e0 (minecraft@1.20.1)
4063:             1             16  net.minecraft.commands.BrigadierExceptions$$Lambda$1160/0x0000000800586600 (minecraft@1.20.1)
4064:             1             16  net.minecraft.commands.BrigadierExceptions$$Lambda$1197/0x0000000800592d38 (minecraft@1.20.1)
4065:             1             16  net.minecraft.commands.BrigadierExceptions$$Lambda$1198/0x0000000800592f78 (minecraft@1.20.1)
4066:             1             16  net.minecraft.commands.BrigadierExceptions$$Lambda$1199/0x00000008005931b8 (minecraft@1.20.1)
4067:             1             16  net.minecraft.commands.BrigadierExceptions$$Lambda$1200/0x00000008005933f8 (minecraft@1.20.1)
4068:             1             16  net.minecraft.commands.BrigadierExceptions$$Lambda$1201/0x0000000800593638 (minecraft@1.20.1)
4069:             1             16  net.minecraft.commands.BrigadierExceptions$$Lambda$1202/0x0000000800593878 (minecraft@1.20.1)
4070:             1             16  net.minecraft.commands.BrigadierExceptions$$Lambda$1203/0x0000000800593ab8 (minecraft@1.20.1)
4071:             1             16  net.minecraft.commands.BrigadierExceptions$$Lambda$1204/0x0000000800593cf8 (minecraft@1.20.1)
4072:             1             16  net.minecraft.commands.CommandSource$1 (minecraft@1.20.1)
4073:             1             16  net.minecraft.core.BlockPos$$Lambda$1686/0x0000000800787890 (minecraft@1.20.1)
4074:             1             16  net.minecraft.core.BlockPos$$Lambda$1687/0x0000000800787ad0 (minecraft@1.20.1)
4075:             1             16  net.minecraft.core.Direction$$Lambda$1420/0x0000000800660000 (minecraft@1.20.1)
4076:             1             16  net.minecraft.core.Direction$$Lambda$1421/0x0000000800660220 (minecraft@1.20.1)
4077:             1             16  net.minecraft.core.Direction$$Lambda$1422/0x0000000800660460 (minecraft@1.20.1)
4078:             1             16  net.minecraft.core.Direction$$Lambda$1423/0x0000000800660680 (minecraft@1.20.1)
4079:             1             16  net.minecraft.core.Direction$$Lambda$1424/0x00000008006608a0 (minecraft@1.20.1)
4080:             1             16  net.minecraft.core.Direction$$Lambda$1425/0x0000000800660af0 (minecraft@1.20.1)
4081:             1             16  net.minecraft.core.Direction$$Lambda$1426/0x0000000800660d10 (minecraft@1.20.1)
4082:             1             16  net.minecraft.core.Direction$Axis$$Lambda$1417/0x000000080065f940 (minecraft@1.20.1)
4083:             1             16  net.minecraft.core.FrontAndTop$$Lambda$1435/0x0000000800670458 (minecraft@1.20.1)
4084:             1             16  net.minecraft.core.MappedRegistry$$Lambda$1321/0x00000008005cddb8 (minecraft@1.20.1)
4085:             1             16  net.minecraft.core.Registry$1 (minecraft@1.20.1)
4086:             1             16  net.minecraft.core.UUIDUtil$$Lambda$1032/0x0000000800551730 (minecraft@1.20.1)
4087:             1             16  net.minecraft.core.UUIDUtil$$Lambda$1033/0x0000000800551970 (minecraft@1.20.1)
4088:             1             16  net.minecraft.core.UUIDUtil$$Lambda$1034/0x0000000800551bb0 (minecraft@1.20.1)
4089:             1             16  net.minecraft.core.UUIDUtil$$Lambda$1035/0x0000000800551df0 (minecraft@1.20.1)
4090:             1             16  net.minecraft.core.UUIDUtil$$Lambda$1036/0x0000000800552030 (minecraft@1.20.1)
4091:             1             16  net.minecraft.core.UUIDUtil$$Lambda$1037/0x0000000800552270 (minecraft@1.20.1)
4092:             1             16  net.minecraft.core.UUIDUtil$$Lambda$1038/0x00000008005524b0 (minecraft@1.20.1)
4093:             1             16  net.minecraft.core.UUIDUtil$$Lambda$1039/0x00000008005526f0 (minecraft@1.20.1)
4094:             1             16  net.minecraft.core.Vec3i$$Lambda$1418/0x000000080065fb60 (minecraft@1.20.1)
4095:             1             16  net.minecraft.core.Vec3i$$Lambda$1419/0x000000080065fda0 (minecraft@1.20.1)
4096:             1             16  net.minecraft.core.cauldron.CauldronInteraction$$Lambda$1693/0x000000080078d600 (minecraft@1.20.1)
4097:             1             16  net.minecraft.core.cauldron.CauldronInteraction$$Lambda$1694/0x000000080078e478 (minecraft@1.20.1)
4098:             1             16  net.minecraft.core.cauldron.CauldronInteraction$$Lambda$1695/0x000000080078e698 (minecraft@1.20.1)
4099:             1             16  net.minecraft.core.cauldron.CauldronInteraction$$Lambda$1696/0x000000080078e8b8 (minecraft@1.20.1)
4100:             1             16  net.minecraft.core.cauldron.CauldronInteraction$$Lambda$1697/0x000000080078ead8 (minecraft@1.20.1)
4101:             1             16  net.minecraft.core.cauldron.CauldronInteraction$$Lambda$1698/0x000000080078ecf8 (minecraft@1.20.1)
4102:             1             16  net.minecraft.core.cauldron.CauldronInteraction$$Lambda$1699/0x000000080078ef18 (minecraft@1.20.1)
4103:             1             16  net.minecraft.core.cauldron.CauldronInteraction$$Lambda$1700/0x000000080078f138 (minecraft@1.20.1)
4104:             1             16  net.minecraft.core.particles.BlockParticleOption$1 (minecraft@1.20.1)
4105:             1             16  net.minecraft.core.particles.DustColorTransitionOptions$$Lambda$1601/0x000000080075e6f8 (minecraft@1.20.1)
4106:             1             16  net.minecraft.core.particles.DustColorTransitionOptions$$Lambda$1602/0x000000080075e938 (minecraft@1.20.1)
4107:             1             16  net.minecraft.core.particles.DustColorTransitionOptions$$Lambda$1603/0x000000080075eb78 (minecraft@1.20.1)
4108:             1             16  net.minecraft.core.particles.DustColorTransitionOptions$$Lambda$1604/0x000000080075edb8 (minecraft@1.20.1)
4109:             1             16  net.minecraft.core.particles.DustColorTransitionOptions$$Lambda$1605/0x000000080075eff8 (minecraft@1.20.1)
4110:             1             16  net.minecraft.core.particles.DustColorTransitionOptions$1 (minecraft@1.20.1)
4111:             1             16  net.minecraft.core.particles.DustParticleOptions$$Lambda$1596/0x000000080075b600 (minecraft@1.20.1)
4112:             1             16  net.minecraft.core.particles.DustParticleOptions$$Lambda$1597/0x000000080075b840 (minecraft@1.20.1)
4113:             1             16  net.minecraft.core.particles.DustParticleOptions$$Lambda$1598/0x000000080075ba80 (minecraft@1.20.1)
4114:             1             16  net.minecraft.core.particles.DustParticleOptions$$Lambda$1599/0x000000080075bcc0 (minecraft@1.20.1)
4115:             1             16  net.minecraft.core.particles.DustParticleOptions$1 (minecraft@1.20.1)
4116:             1             16  net.minecraft.core.particles.ItemParticleOption$1 (minecraft@1.20.1)
4117:             1             16  net.minecraft.core.particles.ParticleTypes$$Lambda$1592/0x000000080075a618 (minecraft@1.20.1)
4118:             1             16  net.minecraft.core.particles.ParticleTypes$$Lambda$1593/0x000000080075aa80 (minecraft@1.20.1)
4119:             1             16  net.minecraft.core.particles.ParticleTypes$$Lambda$1600/0x000000080075e248 (minecraft@1.20.1)
4120:             1             16  net.minecraft.core.particles.ParticleTypes$$Lambda$1606/0x000000080075f480 (minecraft@1.20.1)
4121:             1             16  net.minecraft.core.particles.ParticleTypes$$Lambda$1607/0x000000080075f6c0 (minecraft@1.20.1)
4122:             1             16  net.minecraft.core.particles.ParticleTypes$$Lambda$1611/0x000000080075d488 (minecraft@1.20.1)
4123:             1             16  net.minecraft.core.particles.ParticleTypes$$Lambda$1612/0x000000080075db68 (minecraft@1.20.1)
4124:             1             16  net.minecraft.core.particles.ParticleTypes$$Lambda$1619/0x0000000800760f78 (minecraft@1.20.1)
4125:             1             16  net.minecraft.core.particles.ParticleTypes$$Lambda$1623/0x0000000800761d10 (minecraft@1.20.1)
4126:             1             16  net.minecraft.core.particles.ParticleTypes$$Lambda$1624/0x0000000800761f50 (minecraft@1.20.1)
4127:             1             16  net.minecraft.core.particles.ParticleTypes$$Lambda$1625/0x0000000800762190 (minecraft@1.20.1)
4128:             1             16  net.minecraft.core.particles.SculkChargeParticleOptions$$Lambda$1608/0x000000080075fb30 (minecraft@1.20.1)
4129:             1             16  net.minecraft.core.particles.SculkChargeParticleOptions$$Lambda$1609/0x000000080075fd70 (minecraft@1.20.1)
4130:             1             16  net.minecraft.core.particles.SculkChargeParticleOptions$$Lambda$1610/0x000000080075d000 (minecraft@1.20.1)
4131:             1             16  net.minecraft.core.particles.SculkChargeParticleOptions$1 (minecraft@1.20.1)
4132:             1             16  net.minecraft.core.particles.ShriekParticleOption$$Lambda$1620/0x0000000800761408 (minecraft@1.20.1)
4133:             1             16  net.minecraft.core.particles.ShriekParticleOption$$Lambda$1621/0x0000000800761648 (minecraft@1.20.1)
4134:             1             16  net.minecraft.core.particles.ShriekParticleOption$$Lambda$1622/0x0000000800761888 (minecraft@1.20.1)
4135:             1             16  net.minecraft.core.particles.ShriekParticleOption$1 (minecraft@1.20.1)
4136:             1             16  net.minecraft.core.particles.SimpleParticleType$1 (minecraft@1.20.1)
4137:             1             16  net.minecraft.core.particles.VibrationParticleOption$$Lambda$1613/0x000000080075dda8 (minecraft@1.20.1)
4138:             1             16  net.minecraft.core.particles.VibrationParticleOption$$Lambda$1616/0x0000000800760680 (minecraft@1.20.1)
4139:             1             16  net.minecraft.core.particles.VibrationParticleOption$$Lambda$1617/0x00000008007608c0 (minecraft@1.20.1)
4140:             1             16  net.minecraft.core.particles.VibrationParticleOption$$Lambda$1618/0x0000000800760b00 (minecraft@1.20.1)
4141:             1             16  net.minecraft.core.particles.VibrationParticleOption$1 (minecraft@1.20.1)
4142:             1             16  net.minecraft.core.registries.BuiltInRegistries$$Lambda$1323/0x00000008005ceb98 (minecraft@1.20.1)
4143:             1             16  net.minecraft.core.registries.BuiltInRegistries$$Lambda$1329/0x00000008005dc668 (minecraft@1.20.1)
4144:             1             16  net.minecraft.core.registries.BuiltInRegistries$$Lambda$1353/0x000000080061ee70 (minecraft@1.20.1)
4145:             1             16  net.minecraft.core.registries.BuiltInRegistries$$Lambda$1354/0x000000080061f568 (minecraft@1.20.1)
4146:             1             16  net.minecraft.core.registries.BuiltInRegistries$$Lambda$1355/0x000000080061f788 (minecraft@1.20.1)
4147:             1             16  net.minecraft.core.registries.BuiltInRegistries$$Lambda$1356/0x000000080064c000 (minecraft@1.20.1)
4148:             1             16  net.minecraft.core.registries.BuiltInRegistries$$Lambda$1357/0x000000080064c220 (minecraft@1.20.1)
4149:             1             16  net.minecraft.core.registries.BuiltInRegistries$$Lambda$1358/0x000000080064c440 (minecraft@1.20.1)
4150:             1             16  net.minecraft.core.registries.BuiltInRegistries$$Lambda$1359/0x000000080064caa8 (minecraft@1.20.1)
4151:             1             16  net.minecraft.core.registries.BuiltInRegistries$$Lambda$1360/0x000000080064cef0 (minecraft@1.20.1)
4152:             1             16  net.minecraft.core.registries.BuiltInRegistries$$Lambda$1361/0x000000080064d338 (minecraft@1.20.1)
4153:             1             16  net.minecraft.core.registries.BuiltInRegistries$$Lambda$1362/0x000000080064d978 (minecraft@1.20.1)
4154:             1             16  net.minecraft.core.registries.BuiltInRegistries$$Lambda$1363/0x000000080064db98 (minecraft@1.20.1)
4155:             1             16  net.minecraft.core.registries.BuiltInRegistries$$Lambda$1364/0x000000080064e010 (minecraft@1.20.1)
4156:             1             16  net.minecraft.core.registries.BuiltInRegistries$$Lambda$1365/0x000000080064e430 (minecraft@1.20.1)
4157:             1             16  net.minecraft.core.registries.BuiltInRegistries$$Lambda$1366/0x000000080064e850 (minecraft@1.20.1)
4158:             1             16  net.minecraft.core.registries.BuiltInRegistries$$Lambda$1367/0x000000080064ec70 (minecraft@1.20.1)
4159:             1             16  net.minecraft.core.registries.BuiltInRegistries$$Lambda$1368/0x000000080064f300 (minecraft@1.20.1)
4160:             1             16  net.minecraft.core.registries.BuiltInRegistries$$Lambda$1369/0x000000080064f720 (minecraft@1.20.1)
4161:             1             16  net.minecraft.core.registries.BuiltInRegistries$$Lambda$1370/0x000000080064fd40 (minecraft@1.20.1)
4162:             1             16  net.minecraft.core.registries.BuiltInRegistries$$Lambda$1371/0x0000000800650000 (minecraft@1.20.1)
4163:             1             16  net.minecraft.core.registries.BuiltInRegistries$$Lambda$1372/0x0000000800650420 (minecraft@1.20.1)
4164:             1             16  net.minecraft.core.registries.BuiltInRegistries$$Lambda$1373/0x0000000800650a48 (minecraft@1.20.1)
4165:             1             16  net.minecraft.core.registries.BuiltInRegistries$$Lambda$1374/0x0000000800650ee8 (minecraft@1.20.1)
4166:             1             16  net.minecraft.core.registries.BuiltInRegistries$$Lambda$1375/0x0000000800651318 (minecraft@1.20.1)
4167:             1             16  net.minecraft.core.registries.BuiltInRegistries$$Lambda$1376/0x0000000800651748 (minecraft@1.20.1)
4168:             1             16  net.minecraft.core.registries.BuiltInRegistries$$Lambda$1377/0x0000000800651d80 (minecraft@1.20.1)
4169:             1             16  net.minecraft.core.registries.BuiltInRegistries$$Lambda$1378/0x00000008006521b8 (minecraft@1.20.1)
4170:             1             16  net.minecraft.core.registries.BuiltInRegistries$$Lambda$1379/0x00000008006525f0 (minecraft@1.20.1)
4171:             1             16  net.minecraft.core.registries.BuiltInRegistries$$Lambda$1380/0x0000000800652a40 (minecraft@1.20.1)
4172:             1             16  net.minecraft.core.registries.BuiltInRegistries$$Lambda$1381/0x0000000800652e78 (minecraft@1.20.1)
4173:             1             16  net.minecraft.core.registries.BuiltInRegistries$$Lambda$1382/0x00000008006534c8 (minecraft@1.20.1)
4174:             1             16  net.minecraft.core.registries.BuiltInRegistries$$Lambda$1383/0x0000000800653900 (minecraft@1.20.1)
4175:             1             16  net.minecraft.core.registries.BuiltInRegistries$$Lambda$1384/0x0000000800653d38 (minecraft@1.20.1)
4176:             1             16  net.minecraft.core.registries.BuiltInRegistries$$Lambda$1385/0x0000000800654170 (minecraft@1.20.1)
4177:             1             16  net.minecraft.core.registries.BuiltInRegistries$$Lambda$1386/0x00000008006545a8 (minecraft@1.20.1)
4178:             1             16  net.minecraft.core.registries.BuiltInRegistries$$Lambda$1387/0x00000008006549e0 (minecraft@1.20.1)
4179:             1             16  net.minecraft.core.registries.BuiltInRegistries$$Lambda$1388/0x0000000800654e00 (minecraft@1.20.1)
4180:             1             16  net.minecraft.core.registries.BuiltInRegistries$$Lambda$1389/0x0000000800655220 (minecraft@1.20.1)
4181:             1             16  net.minecraft.core.registries.BuiltInRegistries$$Lambda$1390/0x0000000800655640 (minecraft@1.20.1)
4182:             1             16  net.minecraft.core.registries.BuiltInRegistries$$Lambda$1391/0x0000000800655a60 (minecraft@1.20.1)
4183:             1             16  net.minecraft.core.registries.BuiltInRegistries$$Lambda$1392/0x0000000800655ed0 (minecraft@1.20.1)
4184:             1             16  net.minecraft.core.registries.BuiltInRegistries$$Lambda$1393/0x0000000800656330 (minecraft@1.20.1)
4185:             1             16  net.minecraft.core.registries.BuiltInRegistries$$Lambda$1394/0x0000000800656750 (minecraft@1.20.1)
4186:             1             16  net.minecraft.core.registries.BuiltInRegistries$$Lambda$1395/0x0000000800656b70 (minecraft@1.20.1)
4187:             1             16  net.minecraft.core.registries.BuiltInRegistries$$Lambda$1396/0x0000000800656f90 (minecraft@1.20.1)
4188:             1             16  net.minecraft.core.registries.BuiltInRegistries$$Lambda$1397/0x00000008006573b0 (minecraft@1.20.1)
4189:             1             16  net.minecraft.core.registries.BuiltInRegistries$$Lambda$1398/0x00000008006577e8 (minecraft@1.20.1)
4190:             1             16  net.minecraft.core.registries.BuiltInRegistries$$Lambda$1399/0x0000000800657c20 (minecraft@1.20.1)
4191:             1             16  net.minecraft.core.registries.BuiltInRegistries$$Lambda$1400/0x0000000800658218 (minecraft@1.20.1)
4192:             1             16  net.minecraft.core.registries.BuiltInRegistries$$Lambda$1401/0x0000000800658650 (minecraft@1.20.1)
4193:             1             16  net.minecraft.core.registries.BuiltInRegistries$$Lambda$1402/0x0000000800658a88 (minecraft@1.20.1)
4194:             1             16  net.minecraft.core.registries.BuiltInRegistries$$Lambda$1403/0x0000000800658ec0 (minecraft@1.20.1)
4195:             1             16  net.minecraft.core.registries.BuiltInRegistries$$Lambda$1404/0x00000008006592e8 (minecraft@1.20.1)
4196:             1             16  net.minecraft.core.registries.BuiltInRegistries$$Lambda$1405/0x0000000800659710 (minecraft@1.20.1)
4197:             1             16  net.minecraft.core.registries.BuiltInRegistries$$Lambda$1406/0x0000000800659b30 (minecraft@1.20.1)
4198:             1             16  net.minecraft.core.registries.BuiltInRegistries$$Lambda$1407/0x0000000800659f50 (minecraft@1.20.1)
4199:             1             16  net.minecraft.core.registries.BuiltInRegistries$$Lambda$1408/0x000000080065a578 (minecraft@1.20.1)
4200:             1             16  net.minecraft.core.registries.BuiltInRegistries$$Lambda$1409/0x000000080065a998 (minecraft@1.20.1)
4201:             1             16  net.minecraft.core.registries.BuiltInRegistries$$Lambda$1410/0x000000080065adb8 (minecraft@1.20.1)
4202:             1             16  net.minecraft.core.registries.BuiltInRegistries$$Lambda$1411/0x000000080065b1e8 (minecraft@1.20.1)
4203:             1             16  net.minecraft.core.registries.BuiltInRegistries$$Lambda$1412/0x000000080065b618 (minecraft@1.20.1)
4204:             1             16  net.minecraft.core.registries.BuiltInRegistries$$Lambda$1413/0x000000080065bc58 (minecraft@1.20.1)
4205:             1             16  net.minecraft.core.registries.BuiltInRegistries$$Lambda$1414/0x000000080065c288 (minecraft@1.20.1)
4206:             1             16  net.minecraft.core.registries.BuiltInRegistries$$Lambda$1415/0x000000080065c6b0 (minecraft@1.20.1)
4207:             1             16  net.minecraft.core.registries.BuiltInRegistries$$Lambda$1416/0x000000080065cda0 (minecraft@1.20.1)
4208:             1             16  net.minecraft.nbt.CompoundTag$$Lambda$1954/0x0000000800845220 (minecraft@1.20.1)
4209:             1             16  net.minecraft.nbt.CompoundTag$$Lambda$1955/0x0000000800845460 (minecraft@1.20.1)
4210:             1             16  net.minecraft.nbt.CompoundTag$1 (minecraft@1.20.1)
4211:             1             16  net.minecraft.nbt.NbtOps (minecraft@1.20.1)
4212:             1             16  net.minecraft.nbt.StringTag$1 (minecraft@1.20.1)
4213:             1             16  net.minecraft.nbt.TagParser$$Lambda$1951/0x0000000800844598 (minecraft@1.20.1)
4214:             1             16  net.minecraft.nbt.TagParser$$Lambda$1952/0x00000008008447b8 (minecraft@1.20.1)
4215:             1             16  net.minecraft.nbt.TagParser$$Lambda$1953/0x00000008008449d8 (minecraft@1.20.1)
4216:             1             16  net.minecraft.network.chat.ComponentContents$1 (minecraft@1.20.1)
4217:             1             16  net.minecraft.network.chat.FormattedText$1 (minecraft@1.20.1)
4218:             1             16  net.minecraft.network.chat.Style$$Lambda$1161/0x0000000800587d90 (minecraft@1.20.1)
4219:             1             16  net.minecraft.network.chat.Style$$Lambda$1180/0x0000000800590910 (minecraft@1.20.1)
4220:             1             16  net.minecraft.network.chat.Style$$Lambda$1181/0x0000000800590b50 (minecraft@1.20.1)
4221:             1             16  net.minecraft.network.chat.Style$$Lambda$1182/0x0000000800590d90 (minecraft@1.20.1)
4222:             1             16  net.minecraft.network.chat.Style$$Lambda$1183/0x0000000800590fd0 (minecraft@1.20.1)
4223:             1             16  net.minecraft.network.chat.Style$$Lambda$1184/0x0000000800591210 (minecraft@1.20.1)
4224:             1             16  net.minecraft.network.chat.Style$$Lambda$1185/0x0000000800591450 (minecraft@1.20.1)
4225:             1             16  net.minecraft.network.chat.Style$$Lambda$1186/0x0000000800591690 (minecraft@1.20.1)
4226:             1             16  net.minecraft.network.chat.Style$$Lambda$1190/0x0000000800592868 (minecraft@1.20.1)
4227:             1             16  net.minecraft.network.chat.Style$$Lambda$1191/0x0000000800592aa8 (minecraft@1.20.1)
4228:             1             16  net.minecraft.network.chat.TextColor$$Lambda$1162/0x00000008005894f8 (minecraft@1.20.1)
4229:             1             16  net.minecraft.network.chat.TextColor$$Lambda$1163/0x0000000800589738 (minecraft@1.20.1)
4230:             1             16  net.minecraft.network.chat.TextColor$$Lambda$1171/0x0000000800590240 (minecraft@1.20.1)
4231:             1             16  net.minecraft.network.chat.TextColor$$Lambda$1172/0x0000000800590490 (minecraft@1.20.1)
4232:             1             16  net.minecraft.network.chat.TextColor$$Lambda$1178/0x00000008005906d0 (minecraft@1.20.1)
4233:             1             16  net.minecraft.network.syncher.EntityDataSerializer$$Lambda$2476/0x000000080099ec10 (minecraft@1.20.1)
4234:             1             16  net.minecraft.network.syncher.EntityDataSerializers$$Lambda$2452/0x0000000800997bc8 (minecraft@1.20.1)
4235:             1             16  net.minecraft.network.syncher.EntityDataSerializers$$Lambda$2453/0x0000000800998460 (minecraft@1.20.1)
4236:             1             16  net.minecraft.network.syncher.EntityDataSerializers$$Lambda$2454/0x0000000800998b50 (minecraft@1.20.1)
4237:             1             16  net.minecraft.network.syncher.EntityDataSerializers$$Lambda$2455/0x0000000800998da8 (minecraft@1.20.1)
4238:             1             16  net.minecraft.network.syncher.EntityDataSerializers$$Lambda$2456/0x0000000800999010 (minecraft@1.20.1)
4239:             1             16  net.minecraft.network.syncher.EntityDataSerializers$$Lambda$2457/0x0000000800999268 (minecraft@1.20.1)
4240:             1             16  net.minecraft.network.syncher.EntityDataSerializers$$Lambda$2458/0x00000008009994d0 (minecraft@1.20.1)
4241:             1             16  net.minecraft.network.syncher.EntityDataSerializers$$Lambda$2459/0x0000000800999728 (minecraft@1.20.1)
4242:             1             16  net.minecraft.network.syncher.EntityDataSerializers$$Lambda$2460/0x0000000800999990 (minecraft@1.20.1)
4243:             1             16  net.minecraft.network.syncher.EntityDataSerializers$$Lambda$2461/0x0000000800999be8 (minecraft@1.20.1)
4244:             1             16  net.minecraft.network.syncher.EntityDataSerializers$$Lambda$2462/0x0000000800999e50 (minecraft@1.20.1)
4245:             1             16  net.minecraft.network.syncher.EntityDataSerializers$$Lambda$2463/0x000000080099a0a8 (minecraft@1.20.1)
4246:             1             16  net.minecraft.network.syncher.EntityDataSerializers$$Lambda$2464/0x000000080099a310 (minecraft@1.20.1)
4247:             1             16  net.minecraft.network.syncher.EntityDataSerializers$$Lambda$2465/0x000000080099a568 (minecraft@1.20.1)
4248:             1             16  net.minecraft.network.syncher.EntityDataSerializers$$Lambda$2470/0x000000080099b670 (minecraft@1.20.1)
4249:             1             16  net.minecraft.network.syncher.EntityDataSerializers$$Lambda$2471/0x000000080099b8c8 (minecraft@1.20.1)
4250:             1             16  net.minecraft.network.syncher.EntityDataSerializers$$Lambda$2472/0x000000080099e290 (minecraft@1.20.1)
4251:             1             16  net.minecraft.network.syncher.EntityDataSerializers$$Lambda$2473/0x000000080099e4e8 (minecraft@1.20.1)
4252:             1             16  net.minecraft.network.syncher.EntityDataSerializers$$Lambda$2474/0x000000080099e750 (minecraft@1.20.1)
4253:             1             16  net.minecraft.network.syncher.EntityDataSerializers$$Lambda$2475/0x000000080099e9a8 (minecraft@1.20.1)
4254:             1             16  net.minecraft.network.syncher.EntityDataSerializers$$Lambda$2478/0x000000080099f0d8 (minecraft@1.20.1)
4255:             1             16  net.minecraft.network.syncher.EntityDataSerializers$$Lambda$2479/0x000000080099f330 (minecraft@1.20.1)
4256:             1             16  net.minecraft.network.syncher.EntityDataSerializers$$Lambda$2480/0x000000080099f598 (minecraft@1.20.1)
4257:             1             16  net.minecraft.network.syncher.EntityDataSerializers$$Lambda$2481/0x000000080099f7f0 (minecraft@1.20.1)
4258:             1             16  net.minecraft.network.syncher.EntityDataSerializers$$Lambda$2482/0x000000080099d9d8 (minecraft@1.20.1)
4259:             1             16  net.minecraft.network.syncher.EntityDataSerializers$$Lambda$2483/0x000000080099dc30 (minecraft@1.20.1)
4260:             1             16  net.minecraft.network.syncher.EntityDataSerializers$$Lambda$2484/0x00000008009a0000 (minecraft@1.20.1)
4261:             1             16  net.minecraft.network.syncher.EntityDataSerializers$$Lambda$2485/0x00000008009a0258 (minecraft@1.20.1)
4262:             1             16  net.minecraft.network.syncher.EntityDataSerializers$1 (minecraft@1.20.1)
4263:             1             16  net.minecraft.network.syncher.EntityDataSerializers$2 (minecraft@1.20.1)
4264:             1             16  net.minecraft.network.syncher.EntityDataSerializers$3 (minecraft@1.20.1)
4265:             1             16  net.minecraft.network.syncher.EntityDataSerializers$4 (minecraft@1.20.1)
4266:             1             16  net.minecraft.network.syncher.EntityDataSerializers$5 (minecraft@1.20.1)
4267:             1             16  net.minecraft.network.syncher.EntityDataSerializers$6 (minecraft@1.20.1)
4268:             1             16  net.minecraft.network.syncher.EntityDataSerializers$7 (minecraft@1.20.1)
4269:             1             16  net.minecraft.resources.ResourceKey$$Lambda$1317/0x00000008005cd718 (minecraft@1.20.1)
4270:             1             16  net.minecraft.resources.ResourceLocation$$Lambda$1187/0x0000000800591dc8 (minecraft@1.20.1)
4271:             1             16  net.minecraft.resources.ResourceLocation$$Lambda$1188/0x0000000800592008 (minecraft@1.20.1)
4272:             1             16  net.minecraft.sounds.SoundEvent$$Lambda$1439/0x0000000800674350 (minecraft@1.20.1)
4273:             1             16  net.minecraft.sounds.SoundEvent$$Lambda$1440/0x0000000800674590 (minecraft@1.20.1)
4274:             1             16  net.minecraft.sounds.SoundEvent$$Lambda$1441/0x00000008006747d0 (minecraft@1.20.1)
4275:             1             16  net.minecraft.sounds.SoundEvent$$Lambda$1442/0x0000000800674a10 (minecraft@1.20.1)
4276:             1             16  net.minecraft.sounds.SoundEvents$$Lambda$1446/0x0000000800675818 (minecraft@1.20.1)
4277:             1             16  net.minecraft.util.ExtraCodecs$$Lambda$1049/0x0000000800566a70 (minecraft@1.20.1)
4278:             1             16  net.minecraft.util.ExtraCodecs$$Lambda$1050/0x0000000800566cb0 (minecraft@1.20.1)
4279:             1             16  net.minecraft.util.ExtraCodecs$$Lambda$1051/0x0000000800566ef0 (minecraft@1.20.1)
4280:             1             16  net.minecraft.util.ExtraCodecs$$Lambda$1052/0x0000000800567530 (minecraft@1.20.1)
4281:             1             16  net.minecraft.util.ExtraCodecs$$Lambda$1053/0x0000000800567770 (minecraft@1.20.1)
4282:             1             16  net.minecraft.util.ExtraCodecs$$Lambda$1054/0x00000008005679b0 (minecraft@1.20.1)
4283:             1             16  net.minecraft.util.ExtraCodecs$$Lambda$1055/0x0000000800567bf0 (minecraft@1.20.1)
4284:             1             16  net.minecraft.util.ExtraCodecs$$Lambda$1056/0x0000000800564800 (minecraft@1.20.1)
4285:             1             16  net.minecraft.util.ExtraCodecs$$Lambda$1057/0x0000000800564a40 (minecraft@1.20.1)
4286:             1             16  net.minecraft.util.ExtraCodecs$$Lambda$1058/0x0000000800564c80 (minecraft@1.20.1)
4287:             1             16  net.minecraft.util.ExtraCodecs$$Lambda$1059/0x000000080056c000 (minecraft@1.20.1)
4288:             1             16  net.minecraft.util.ExtraCodecs$$Lambda$1061/0x000000080056c240 (minecraft@1.20.1)
4289:             1             16  net.minecraft.util.ExtraCodecs$$Lambda$1063/0x000000080056c480 (minecraft@1.20.1)
4290:             1             16  net.minecraft.util.ExtraCodecs$$Lambda$1064/0x000000080056c6c0 (minecraft@1.20.1)
4291:             1             16  net.minecraft.util.ExtraCodecs$$Lambda$1069/0x000000080056c8f0 (minecraft@1.20.1)
4292:             1             16  net.minecraft.util.ExtraCodecs$$Lambda$1070/0x000000080056cb30 (minecraft@1.20.1)
4293:             1             16  net.minecraft.util.ExtraCodecs$$Lambda$1071/0x000000080056cd70 (minecraft@1.20.1)
4294:             1             16  net.minecraft.util.ExtraCodecs$$Lambda$1072/0x000000080056cfb0 (minecraft@1.20.1)
4295:             1             16  net.minecraft.util.ExtraCodecs$$Lambda$1073/0x000000080056d1f0 (minecraft@1.20.1)
4296:             1             16  net.minecraft.util.ExtraCodecs$$Lambda$1074/0x000000080056d430 (minecraft@1.20.1)
4297:             1             16  net.minecraft.util.ExtraCodecs$$Lambda$1075/0x000000080056d670 (minecraft@1.20.1)
4298:             1             16  net.minecraft.util.ExtraCodecs$$Lambda$1077/0x000000080056daf8 (minecraft@1.20.1)
4299:             1             16  net.minecraft.util.ExtraCodecs$$Lambda$1078/0x000000080056dd38 (minecraft@1.20.1)
4300:             1             16  net.minecraft.util.ExtraCodecs$$Lambda$1080/0x000000080056e1c0 (minecraft@1.20.1)
4301:             1             16  net.minecraft.util.ExtraCodecs$$Lambda$1081/0x000000080056e400 (minecraft@1.20.1)
4302:             1             16  net.minecraft.util.ExtraCodecs$$Lambda$1082/0x000000080056e640 (minecraft@1.20.1)
4303:             1             16  net.minecraft.util.ExtraCodecs$$Lambda$1083/0x000000080056e888 (minecraft@1.20.1)
4304:             1             16  net.minecraft.util.ExtraCodecs$$Lambda$1084/0x000000080056ead0 (minecraft@1.20.1)
4305:             1             16  net.minecraft.util.ExtraCodecs$$Lambda$1085/0x000000080056ed10 (minecraft@1.20.1)
4306:             1             16  net.minecraft.util.ExtraCodecs$$Lambda$1086/0x000000080056ef50 (minecraft@1.20.1)
4307:             1             16  net.minecraft.util.ExtraCodecs$$Lambda$1087/0x000000080056f3a0 (minecraft@1.20.1)
4308:             1             16  net.minecraft.util.ExtraCodecs$$Lambda$1088/0x000000080056f5e0 (minecraft@1.20.1)
4309:             1             16  net.minecraft.util.ExtraCodecs$$Lambda$1089/0x000000080056f820 (minecraft@1.20.1)
4310:             1             16  net.minecraft.util.ExtraCodecs$$Lambda$1090/0x000000080056fa60 (minecraft@1.20.1)
4311:             1             16  net.minecraft.util.ExtraCodecs$$Lambda$1091/0x000000080056fca0 (minecraft@1.20.1)
4312:             1             16  net.minecraft.util.ExtraCodecs$$Lambda$1092/0x0000000800573000 (minecraft@1.20.1)
4313:             1             16  net.minecraft.util.ExtraCodecs$$Lambda$1093/0x0000000800573240 (minecraft@1.20.1)
4314:             1             16  net.minecraft.util.ExtraCodecs$$Lambda$1094/0x0000000800573480 (minecraft@1.20.1)
4315:             1             16  net.minecraft.util.ExtraCodecs$$Lambda$1095/0x00000008005736c0 (minecraft@1.20.1)
4316:             1             16  net.minecraft.util.ExtraCodecs$$Lambda$1096/0x0000000800573900 (minecraft@1.20.1)
4317:             1             16  net.minecraft.util.ExtraCodecs$$Lambda$1099/0x0000000800573b40 (minecraft@1.20.1)
4318:             1             16  net.minecraft.util.ExtraCodecs$$Lambda$1100/0x0000000800573d80 (minecraft@1.20.1)
4319:             1             16  net.minecraft.util.ExtraCodecs$$Lambda$1101/0x0000000800578000 (minecraft@1.20.1)
4320:             1             16  net.minecraft.util.ExtraCodecs$$Lambda$1102/0x0000000800578240 (minecraft@1.20.1)
4321:             1             16  net.minecraft.util.ExtraCodecs$$Lambda$1103/0x0000000800578480 (minecraft@1.20.1)
4322:             1             16  net.minecraft.util.ExtraCodecs$$Lambda$1107/0x00000008005786c0 (minecraft@1.20.1)
4323:             1             16  net.minecraft.util.ExtraCodecs$$Lambda$1108/0x0000000800578900 (minecraft@1.20.1)
4324:             1             16  net.minecraft.util.ExtraCodecs$$Lambda$1109/0x0000000800578b40 (minecraft@1.20.1)
4325:             1             16  net.minecraft.util.ExtraCodecs$$Lambda$1110/0x0000000800578d80 (minecraft@1.20.1)
4326:             1             16  net.minecraft.util.ExtraCodecs$$Lambda$1112/0x0000000800578fc0 (minecraft@1.20.1)
4327:             1             16  net.minecraft.util.ExtraCodecs$$Lambda$1113/0x0000000800579200 (minecraft@1.20.1)
4328:             1             16  net.minecraft.util.ExtraCodecs$$Lambda$1114/0x0000000800579430 (minecraft@1.20.1)
4329:             1             16  net.minecraft.util.ExtraCodecs$$Lambda$1115/0x0000000800579670 (minecraft@1.20.1)
4330:             1             16  net.minecraft.util.ExtraCodecs$$Lambda$1116/0x00000008005798b0 (minecraft@1.20.1)
4331:             1             16  net.minecraft.util.FormattedCharSequence$$Lambda$1189/0x0000000800592648 (minecraft@1.20.1)
4332:             1             16  net.minecraft.util.Mth$$Lambda$1234/0x00000008005a0d88 (minecraft@1.20.1)
4333:             1             16  net.minecraft.util.StringRepresentable$$Lambda$1043/0x00000008005537e0 (minecraft@1.20.1)
4334:             1             16  net.minecraft.util.StringRepresentable$$Lambda$1166/0x0000000800588a48 (minecraft@1.20.1)
4335:             1             16  net.minecraft.util.StringRepresentable$$Lambda$1167/0x0000000800588c88 (minecraft@1.20.1)
4336:             1             16  net.minecraft.util.StringRepresentable$EnumCodec$$Lambda$1045/0x0000000800566248 (minecraft@1.20.1)
4337:             1             16  net.minecraft.util.StringRepresentable$EnumCodec$$Lambda$1119/0x0000000800579f80 (minecraft@1.20.1)
4338:             1             16  net.minecraft.util.datafix.DataFixers$$Lambda$1801/0x00000008008166f0 (minecraft@1.20.1)
4339:             1             16  net.minecraft.util.datafix.DataFixers$$Lambda$1802/0x0000000800816bc0 (minecraft@1.20.1)
4340:             1             16  net.minecraft.util.datafix.DataFixers$$Lambda$1803/0x0000000800817090 (minecraft@1.20.1)
4341:             1             16  net.minecraft.util.datafix.DataFixers$$Lambda$1860/0x00000008008239c0 (minecraft@1.20.1)
4342:             1             16  net.minecraft.util.datafix.DataFixers$$Lambda$1869/0x0000000800834ff0 (minecraft@1.20.1)
4343:             1             16  net.minecraft.util.datafix.DataFixers$$Lambda$1874/0x0000000800835d78 (minecraft@1.20.1)
4344:             1             16  net.minecraft.util.datafix.DataFixers$$Lambda$1876/0x0000000800836470 (minecraft@1.20.1)
4345:             1             16  net.minecraft.util.datafix.DataFixers$$Lambda$1877/0x0000000800836940 (minecraft@1.20.1)
4346:             1             16  net.minecraft.util.datafix.DataFixers$$Lambda$1880/0x0000000800837260 (minecraft@1.20.1)
4347:             1             16  net.minecraft.util.datafix.DataFixers$$Lambda$1881/0x0000000800837730 (minecraft@1.20.1)
4348:             1             16  net.minecraft.util.datafix.DataFixers$$Lambda$1883/0x0000000800837b88 (minecraft@1.20.1)
4349:             1             16  net.minecraft.util.datafix.DataFixers$$Lambda$1884/0x0000000800837dc8 (minecraft@1.20.1)
4350:             1             16  net.minecraft.util.datafix.DataFixers$$Lambda$1886/0x0000000800839008 (minecraft@1.20.1)
4351:             1             16  net.minecraft.util.datafix.DataFixers$$Lambda$1888/0x0000000800839700 (minecraft@1.20.1)
4352:             1             16  net.minecraft.util.datafix.DataFixers$$Lambda$1890/0x0000000800839df8 (minecraft@1.20.1)
4353:             1             16  net.minecraft.util.datafix.DataFixers$$Lambda$1896/0x000000080083ad90 (minecraft@1.20.1)
4354:             1             16  net.minecraft.util.datafix.DataFixers$$Lambda$1905/0x000000080083c628 (minecraft@1.20.1)
4355:             1             16  net.minecraft.util.datafix.DataFixers$$Lambda$1933/0x0000000800840b68 (minecraft@1.20.1)
4356:             1             16  net.minecraft.util.datafix.DataFixers$$Lambda$1936/0x00000008008414c0 (minecraft@1.20.1)
4357:             1             16  net.minecraft.util.datafix.DataFixers$$Lambda$1940/0x0000000800842000 (minecraft@1.20.1)
4358:             1             16  net.minecraft.util.datafix.DataFixers$$Lambda$1945/0x0000000800842d68 (minecraft@1.20.1)
4359:             1             16  net.minecraft.util.datafix.DataFixers$$Lambda$1947/0x0000000800843460 (minecraft@1.20.1)
4360:             1             16  net.minecraft.util.datafix.DataFixers$$Lambda$1967/0x0000000800847570 (minecraft@1.20.1)
4361:             1             16  net.minecraft.util.datafix.DataFixers$$Lambda$1969/0x0000000800847c88 (minecraft@1.20.1)
4362:             1             16  net.minecraft.util.datafix.DataFixers$$Lambda$1983/0x000000080084d000 (minecraft@1.20.1)
4363:             1             16  net.minecraft.util.datafix.DataFixers$$Lambda$1987/0x000000080084db60 (minecraft@1.20.1)
4364:             1             16  net.minecraft.util.datafix.DataFixers$$Lambda$1989/0x00000008008582a0 (minecraft@1.20.1)
4365:             1             16  net.minecraft.util.datafix.DataFixers$$Lambda$2002/0x0000000800859cf0 (minecraft@1.20.1)
4366:             1             16  net.minecraft.util.datafix.DataFixers$$Lambda$2058/0x0000000800861c58 (minecraft@1.20.1)
4367:             1             16  net.minecraft.util.datafix.DataFixers$$Lambda$2061/0x0000000800862570 (minecraft@1.20.1)
4368:             1             16  net.minecraft.util.datafix.DataFixers$$Lambda$2064/0x0000000800862c10 (minecraft@1.20.1)
4369:             1             16  net.minecraft.util.datafix.DataFixers$$Lambda$2065/0x0000000800863380 (minecraft@1.20.1)
4370:             1             16  net.minecraft.util.datafix.DataFixers$$Lambda$2067/0x0000000800863cc8 (minecraft@1.20.1)
4371:             1             16  net.minecraft.util.datafix.DataFixers$$Lambda$2068/0x0000000800864198 (minecraft@1.20.1)
4372:             1             16  net.minecraft.util.datafix.DataFixers$$Lambda$2069/0x0000000800864668 (minecraft@1.20.1)
4373:             1             16  net.minecraft.util.datafix.DataFixers$$Lambda$2074/0x0000000800865610 (minecraft@1.20.1)
4374:             1             16  net.minecraft.util.datafix.DataFixers$$Lambda$2075/0x0000000800865ef0 (minecraft@1.20.1)
4375:             1             16  net.minecraft.util.datafix.DataFixers$$Lambda$2078/0x0000000800866a38 (minecraft@1.20.1)
4376:             1             16  net.minecraft.util.datafix.DataFixers$$Lambda$2080/0x0000000800867130 (minecraft@1.20.1)
4377:             1             16  net.minecraft.util.datafix.DataFixers$$Lambda$2082/0x0000000800867828 (minecraft@1.20.1)
4378:             1             16  net.minecraft.util.datafix.DataFixers$$Lambda$2085/0x00000008008682a0 (minecraft@1.20.1)
4379:             1             16  net.minecraft.util.datafix.DataFixers$$Lambda$2086/0x0000000800868770 (minecraft@1.20.1)
4380:             1             16  net.minecraft.util.datafix.DataFixers$$Lambda$2088/0x0000000800868e68 (minecraft@1.20.1)
4381:             1             16  net.minecraft.util.datafix.DataFixers$$Lambda$2090/0x0000000800869560 (minecraft@1.20.1)
4382:             1             16  net.minecraft.util.datafix.DataFixers$$Lambda$2093/0x0000000800869ec0 (minecraft@1.20.1)
4383:             1             16  net.minecraft.util.datafix.DataFixers$$Lambda$2096/0x000000080086a808 (minecraft@1.20.1)
4384:             1             16  net.minecraft.util.datafix.DataFixers$$Lambda$2099/0x000000080086b128 (minecraft@1.20.1)
4385:             1             16  net.minecraft.util.datafix.DataFixers$$Lambda$2101/0x000000080086b820 (minecraft@1.20.1)
4386:             1             16  net.minecraft.util.datafix.DataFixers$$Lambda$2103/0x000000080086bf18 (minecraft@1.20.1)
4387:             1             16  net.minecraft.util.datafix.DataFixers$$Lambda$2105/0x000000080086c610 (minecraft@1.20.1)
4388:             1             16  net.minecraft.util.datafix.DataFixers$$Lambda$2107/0x000000080086cd08 (minecraft@1.20.1)
4389:             1             16  net.minecraft.util.datafix.DataFixers$$Lambda$2109/0x000000080086d400 (minecraft@1.20.1)
4390:             1             16  net.minecraft.util.datafix.DataFixers$$Lambda$2116/0x000000080086e840 (minecraft@1.20.1)
4391:             1             16  net.minecraft.util.datafix.DataFixers$$Lambda$2126/0x00000008008742a0 (minecraft@1.20.1)
4392:             1             16  net.minecraft.util.datafix.DataFixers$$Lambda$2128/0x0000000800874998 (minecraft@1.20.1)
4393:             1             16  net.minecraft.util.datafix.DataFixers$$Lambda$2130/0x00000008008755c0 (minecraft@1.20.1)
4394:             1             16  net.minecraft.util.datafix.DataFixers$$Lambda$2133/0x0000000800875ed8 (minecraft@1.20.1)
4395:             1             16  net.minecraft.util.datafix.DataFixers$$Lambda$2135/0x00000008008765d0 (minecraft@1.20.1)
4396:             1             16  net.minecraft.util.datafix.DataFixers$$Lambda$2138/0x0000000800876f10 (minecraft@1.20.1)
4397:             1             16  net.minecraft.util.datafix.DataFixers$$Lambda$2140/0x0000000800877608 (minecraft@1.20.1)
4398:             1             16  net.minecraft.util.datafix.DataFixers$$Lambda$2141/0x0000000800877ad8 (minecraft@1.20.1)
4399:             1             16  net.minecraft.util.datafix.DataFixers$$Lambda$2143/0x00000008008722a0 (minecraft@1.20.1)
4400:             1             16  net.minecraft.util.datafix.DataFixers$$Lambda$2154/0x0000000800871000 (minecraft@1.20.1)
4401:             1             16  net.minecraft.util.datafix.DataFixers$$Lambda$2157/0x0000000800871b40 (minecraft@1.20.1)
4402:             1             16  net.minecraft.util.datafix.DataFixers$$Lambda$2158/0x0000000800871d70 (minecraft@1.20.1)
4403:             1             16  net.minecraft.util.datafix.DataFixers$$Lambda$2161/0x0000000800878000 (minecraft@1.20.1)
4404:             1             16  net.minecraft.util.datafix.DataFixers$$Lambda$2163/0x00000008008786f8 (minecraft@1.20.1)
4405:             1             16  net.minecraft.util.datafix.DataFixers$$Lambda$2165/0x0000000800878e10 (minecraft@1.20.1)
4406:             1             16  net.minecraft.util.datafix.DataFixers$$Lambda$2167/0x0000000800879268 (minecraft@1.20.1)
4407:             1             16  net.minecraft.util.datafix.DataFixers$$Lambda$2168/0x0000000800879498 (minecraft@1.20.1)
4408:             1             16  net.minecraft.util.datafix.DataFixers$$Lambda$2169/0x00000008008796c0 (minecraft@1.20.1)
4409:             1             16  net.minecraft.util.datafix.DataFixers$$Lambda$2170/0x0000000800879920 (minecraft@1.20.1)
4410:             1             16  net.minecraft.util.datafix.DataFixers$$Lambda$2171/0x0000000800879b50 (minecraft@1.20.1)
4411:             1             16  net.minecraft.util.datafix.DataFixers$$Lambda$2174/0x000000080087a218 (minecraft@1.20.1)
4412:             1             16  net.minecraft.util.datafix.DataFixers$$Lambda$2175/0x000000080087a478 (minecraft@1.20.1)
4413:             1             16  net.minecraft.util.datafix.DataFixers$$Lambda$2177/0x000000080087a970 (minecraft@1.20.1)
4414:             1             16  net.minecraft.util.datafix.DataFixers$$Lambda$2178/0x000000080087ae40 (minecraft@1.20.1)
4415:             1             16  net.minecraft.util.datafix.DataFixers$$Lambda$2180/0x000000080087b538 (minecraft@1.20.1)
4416:             1             16  net.minecraft.util.datafix.DataFixers$$Lambda$2182/0x000000080087bc30 (minecraft@1.20.1)
4417:             1             16  net.minecraft.util.datafix.DataFixers$$Lambda$2185/0x000000080087c590 (minecraft@1.20.1)
4418:             1             16  net.minecraft.util.datafix.DataFixers$$Lambda$2187/0x000000080087cc88 (minecraft@1.20.1)
4419:             1             16  net.minecraft.util.datafix.DataFixers$$Lambda$2190/0x000000080087d5a8 (minecraft@1.20.1)
4420:             1             16  net.minecraft.util.datafix.DataFixers$$Lambda$2191/0x000000080087da78 (minecraft@1.20.1)
4421:             1             16  net.minecraft.util.datafix.DataFixers$$Lambda$2192/0x000000080087df38 (minecraft@1.20.1)
4422:             1             16  net.minecraft.util.datafix.DataFixers$$Lambda$2193/0x000000080087e418 (minecraft@1.20.1)
4423:             1             16  net.minecraft.util.datafix.fixes.AbstractArrowPickupFix$$Lambda$2326/0x00000008008b7380 (minecraft@1.20.1)
4424:             1             16  net.minecraft.util.datafix.fixes.AdvancementsFix$$Lambda$2072/0x0000000800864cf8 (minecraft@1.20.1)
4425:             1             16  net.minecraft.util.datafix.fixes.AttributesRename$$Lambda$2313/0x00000008008aef00 (minecraft@1.20.1)
4426:             1             16  net.minecraft.util.datafix.fixes.AttributesRename$$Lambda$2314/0x00000008008af148 (minecraft@1.20.1)
4427:             1             16  net.minecraft.util.datafix.fixes.AttributesRename$$Lambda$2315/0x00000008008af388 (minecraft@1.20.1)
4428:             1             16  net.minecraft.util.datafix.fixes.BedItemColorFix$$Lambda$2249/0x0000000800898d78 (minecraft@1.20.1)
4429:             1             16  net.minecraft.util.datafix.fixes.BlendingDataFix$$Lambda$2349/0x00000008008bb120 (minecraft@1.20.1)
4430:             1             16  net.minecraft.util.datafix.fixes.BlendingDataRemoveFromNetherEndFix$$Lambda$2339/0x00000008008b1248 (minecraft@1.20.1)
4431:             1             16  net.minecraft.util.datafix.fixes.BlockEntityCustomNameToComponentFix$$Lambda$2267/0x000000080089dcf8 (minecraft@1.20.1)
4432:             1             16  net.minecraft.util.datafix.fixes.BlockEntityIdFix$$Lambda$1904/0x000000080083c158 (minecraft@1.20.1)
4433:             1             16  net.minecraft.util.datafix.fixes.BlockEntityIdFix$$Lambda$2240/0x0000000800893aa8 (minecraft@1.20.1)
4434:             1             16  net.minecraft.util.datafix.fixes.BlockEntityRenameFix$$Lambda$2347/0x00000008008bac90 (minecraft@1.20.1)
4435:             1             16  net.minecraft.util.datafix.fixes.BlockEntitySignTextStrictJsonFix$1 (minecraft@1.20.1)
4436:             1             16  net.minecraft.util.datafix.fixes.BlockEntityUUIDFix$$Lambda$2307/0x00000008008adc48 (minecraft@1.20.1)
4437:             1             16  net.minecraft.util.datafix.fixes.BlockNameFlatteningFix$$Lambda$2259/0x000000080089c640 (minecraft@1.20.1)
4438:             1             16  net.minecraft.util.datafix.fixes.BlockStateData$$Lambda$1949/0x00000008008438b8 (minecraft@1.20.1)
4439:             1             16  net.minecraft.util.datafix.fixes.BlockStateData$$Lambda$1950/0x0000000800843ae8 (minecraft@1.20.1)
4440:             1             16  net.minecraft.util.datafix.fixes.BlockStateStructureTemplateFix$$Lambda$2252/0x0000000800899440 (minecraft@1.20.1)
4441:             1             16  net.minecraft.util.datafix.fixes.CauldronRenameFix$$Lambda$2321/0x00000008008b4bc0 (minecraft@1.20.1)
4442:             1             16  net.minecraft.util.datafix.fixes.ChunkBedBlockEntityInjecterFix$$Lambda$2247/0x00000008008988f0 (minecraft@1.20.1)
4443:             1             16  net.minecraft.util.datafix.fixes.ChunkBiomeFix$$Lambda$2299/0x00000008008ab918 (minecraft@1.20.1)
4444:             1             16  net.minecraft.util.datafix.fixes.ChunkDeleteIgnoredLightDataFix$$Lambda$2337/0x00000008008b3be8 (minecraft@1.20.1)
4445:             1             16  net.minecraft.util.datafix.fixes.ChunkDeleteLightFix$$Lambda$2351/0x00000008008bb5a8 (minecraft@1.20.1)
4446:             1             16  net.minecraft.util.datafix.fixes.ChunkLightRemoveFix$$Lambda$2298/0x00000008008ab448 (minecraft@1.20.1)
4447:             1             16  net.minecraft.util.datafix.fixes.ChunkPalettedStorageFix$$Lambda$1960/0x0000000800846380 (minecraft@1.20.1)
4448:             1             16  net.minecraft.util.datafix.fixes.ChunkPalettedStorageFix$$Lambda$1961/0x00000008008465b0 (minecraft@1.20.1)
4449:             1             16  net.minecraft.util.datafix.fixes.ChunkPalettedStorageFix$$Lambda$1962/0x00000008008467e0 (minecraft@1.20.1)
4450:             1             16  net.minecraft.util.datafix.fixes.ChunkPalettedStorageFix$$Lambda$1963/0x0000000800846a10 (minecraft@1.20.1)
4451:             1             16  net.minecraft.util.datafix.fixes.ChunkPalettedStorageFix$$Lambda$1964/0x0000000800846c40 (minecraft@1.20.1)
4452:             1             16  net.minecraft.util.datafix.fixes.ChunkPalettedStorageFix$$Lambda$1965/0x0000000800846e70 (minecraft@1.20.1)
4453:             1             16  net.minecraft.util.datafix.fixes.ChunkPalettedStorageFix$$Lambda$1966/0x00000008008470a0 (minecraft@1.20.1)
4454:             1             16  net.minecraft.util.datafix.fixes.ChunkPalettedStorageFix$$Lambda$2253/0x0000000800899680 (minecraft@1.20.1)
4455:             1             16  net.minecraft.util.datafix.fixes.ChunkStatusFix$$Lambda$2289/0x00000008008a6f30 (minecraft@1.20.1)
4456:             1             16  net.minecraft.util.datafix.fixes.ChunkStatusFix2$$Lambda$2290/0x00000008008a73d8 (minecraft@1.20.1)
4457:             1             16  net.minecraft.util.datafix.fixes.ChunkStructuresTemplateRenameFix$$Lambda$2273/0x000000080089fc98 (minecraft@1.20.1)
4458:             1             16  net.minecraft.util.datafix.fixes.ChunkToProtochunkFix$$Lambda$2268/0x000000080089df40 (minecraft@1.20.1)
4459:             1             16  net.minecraft.util.datafix.fixes.EffectDurationFix$$Lambda$2343/0x00000008008b1b50 (minecraft@1.20.1)
4460:             1             16  net.minecraft.util.datafix.fixes.EffectDurationFix$$Lambda$2344/0x00000008008b1d98 (minecraft@1.20.1)
4461:             1             16  net.minecraft.util.datafix.fixes.EntityBlockStateFix$$Lambda$1982/0x000000080084fa00 (minecraft@1.20.1)
4462:             1             16  net.minecraft.util.datafix.fixes.EntityBlockStateFix$$Lambda$2254/0x00000008008998c8 (minecraft@1.20.1)
4463:             1             16  net.minecraft.util.datafix.fixes.EntityBlockStateFix$$Lambda$2255/0x0000000800899b10 (minecraft@1.20.1)
4464:             1             16  net.minecraft.util.datafix.fixes.EntityBlockStateFix$$Lambda$2256/0x0000000800899d58 (minecraft@1.20.1)
4465:             1             16  net.minecraft.util.datafix.fixes.EntityCustomNameToComponentFix$$Lambda$2265/0x000000080089d868 (minecraft@1.20.1)
4466:             1             16  net.minecraft.util.datafix.fixes.EntityHealthFix$$Lambda$2225/0x000000080088ada8 (minecraft@1.20.1)
4467:             1             16  net.minecraft.util.datafix.fixes.EntityIdFix$$Lambda$1932/0x0000000800840698 (minecraft@1.20.1)
4468:             1             16  net.minecraft.util.datafix.fixes.EntityIdFix$$Lambda$2241/0x0000000800893ce8 (minecraft@1.20.1)
4469:             1             16  net.minecraft.util.datafix.fixes.EntityPaintingMotiveFix$$Lambda$2057/0x0000000800861788 (minecraft@1.20.1)
4470:             1             16  net.minecraft.util.datafix.fixes.EntityProjectileOwnerFix$$Lambda$2305/0x00000008008ad558 (minecraft@1.20.1)
4471:             1             16  net.minecraft.util.datafix.fixes.EntityRedundantChanceTagsFix$$Lambda$2228/0x000000080088b480 (minecraft@1.20.1)
4472:             1             16  net.minecraft.util.datafix.fixes.EntityStringUuidFix$$Lambda$2224/0x000000080088ab68 (minecraft@1.20.1)
4473:             1             16  net.minecraft.util.datafix.fixes.EntityUUIDFix$$Lambda$2306/0x00000008008ad7a0 (minecraft@1.20.1)
4474:             1             16  net.minecraft.util.datafix.fixes.FeatureFlagRemoveFix$$Lambda$2348/0x00000008008baed8 (minecraft@1.20.1)
4475:             1             16  net.minecraft.util.datafix.fixes.FilteredBooksFix$$Lambda$2173/0x0000000800879fc8 (minecraft@1.20.1)
4476:             1             16  net.minecraft.util.datafix.fixes.ForcePoiRebuild$$Lambda$2302/0x00000008008ac250 (minecraft@1.20.1)
4477:             1             16  net.minecraft.util.datafix.fixes.GoatHornIdFix$$Lambda$2172/0x0000000800879d78 (minecraft@1.20.1)
4478:             1             16  net.minecraft.util.datafix.fixes.IglooMetadataRemovalFix$$Lambda$2272/0x000000080089fa58 (minecraft@1.20.1)
4479:             1             16  net.minecraft.util.datafix.fixes.ItemIdFix$$Lambda$1871/0x0000000800835448 (minecraft@1.20.1)
4480:             1             16  net.minecraft.util.datafix.fixes.ItemLoreFix$$Lambda$2288/0x00000008008a6ce8 (minecraft@1.20.1)
4481:             1             16  net.minecraft.util.datafix.fixes.ItemPotionFix$$Lambda$1872/0x0000000800835678 (minecraft@1.20.1)
4482:             1             16  net.minecraft.util.datafix.fixes.ItemSpawnEggFix$$Lambda$1873/0x00000008008358a8 (minecraft@1.20.1)
4483:             1             16  net.minecraft.util.datafix.fixes.ItemStackEnchantmentNamesFix$$Lambda$2070/0x0000000800864898 (minecraft@1.20.1)
4484:             1             16  net.minecraft.util.datafix.fixes.ItemStackSpawnEggFix$$Lambda$1988/0x000000080084dd90 (minecraft@1.20.1)
4485:             1             16  net.minecraft.util.datafix.fixes.ItemStackTheFlatteningFix$$Lambda$1985/0x000000080084d450 (minecraft@1.20.1)
4486:             1             16  net.minecraft.util.datafix.fixes.ItemStackTheFlatteningFix$$Lambda$1986/0x000000080084d680 (minecraft@1.20.1)
4487:             1             16  net.minecraft.util.datafix.fixes.JigsawRotationFix$$Lambda$2312/0x00000008008ae7a0 (minecraft@1.20.1)
4488:             1             16  net.minecraft.util.datafix.fixes.LeavesFix$$Lambda$2071/0x0000000800864ac8 (minecraft@1.20.1)
4489:             1             16  net.minecraft.util.datafix.fixes.LegacyDragonFightFix$$Lambda$2352/0x00000008008bb7f0 (minecraft@1.20.1)
4490:             1             16  net.minecraft.util.datafix.fixes.LevelDataGeneratorOptionsFix$$Lambda$2073/0x0000000800865140 (minecraft@1.20.1)
4491:             1             16  net.minecraft.util.datafix.fixes.LevelDataGeneratorOptionsFix$$Lambda$2280/0x00000008008a5590 (minecraft@1.20.1)
4492:             1             16  net.minecraft.util.datafix.fixes.LevelFlatGeneratorInfoFix$$Lambda$2263/0x000000080089d158 (minecraft@1.20.1)
4493:             1             16  net.minecraft.util.datafix.fixes.LevelUUIDFix$$Lambda$2309/0x00000008008ae0d0 (minecraft@1.20.1)
4494:             1             16  net.minecraft.util.datafix.fixes.MapIdFix$$Lambda$2293/0x00000008008aa400 (minecraft@1.20.1)
4495:             1             16  net.minecraft.util.datafix.fixes.NewVillageFix$$Lambda$2292/0x00000008008a7d98 (minecraft@1.20.1)
4496:             1             16  net.minecraft.util.datafix.fixes.ObjectiveDisplayNameFix$$Lambda$2284/0x00000008008a6088 (minecraft@1.20.1)
4497:             1             16  net.minecraft.util.datafix.fixes.ObjectiveRenderTypeFix$$Lambda$2286/0x00000008008a6508 (minecraft@1.20.1)
4498:             1             16  net.minecraft.util.datafix.fixes.OminousBannerRenameFix$$Lambda$2095/0x000000080086a318 (minecraft@1.20.1)
4499:             1             16  net.minecraft.util.datafix.fixes.OptionsAccessibilityOnboardFix$$Lambda$2342/0x00000008008b1910 (minecraft@1.20.1)
4500:             1             16  net.minecraft.util.datafix.fixes.OptionsAddTextBackgroundFix$$Lambda$2294/0x00000008008aa8b8 (minecraft@1.20.1)
4501:             1             16  net.minecraft.util.datafix.fixes.OptionsAmbientOcclusionFix$$Lambda$2341/0x00000008008b16d0 (minecraft@1.20.1)
4502:             1             16  net.minecraft.util.datafix.fixes.OptionsForceVBOFix$$Lambda$2237/0x00000008008920d0 (minecraft@1.20.1)
4503:             1             16  net.minecraft.util.datafix.fixes.OptionsKeyLwjgl3Fix$$Lambda$1944/0x0000000800842898 (minecraft@1.20.1)
4504:             1             16  net.minecraft.util.datafix.fixes.OptionsKeyLwjgl3Fix$$Lambda$2250/0x0000000800898fc0 (minecraft@1.20.1)
4505:             1             16  net.minecraft.util.datafix.fixes.OptionsKeyTranslationFix$$Lambda$2251/0x0000000800899200 (minecraft@1.20.1)
4506:             1             16  net.minecraft.util.datafix.fixes.OptionsLowerCaseLanguageFix$$Lambda$2246/0x00000008008986b0 (minecraft@1.20.1)
4507:             1             16  net.minecraft.util.datafix.fixes.OptionsProgrammerArtFix$$Lambda$2340/0x00000008008b1488 (minecraft@1.20.1)
4508:             1             16  net.minecraft.util.datafix.fixes.OptionsRenameFieldFix$$Lambda$2320/0x00000008008b46f0 (minecraft@1.20.1)
4509:             1             16  net.minecraft.util.datafix.fixes.OverreachingTickFix$$Lambda$2333/0x00000008008b3088 (minecraft@1.20.1)
4510:             1             16  net.minecraft.util.datafix.fixes.PlayerUUIDFix$$Lambda$2308/0x00000008008ade90 (minecraft@1.20.1)
4511:             1             16  net.minecraft.util.datafix.fixes.RedstoneWireConnectionsFix$$Lambda$2317/0x00000008008afd50 (minecraft@1.20.1)
4512:             1             16  net.minecraft.util.datafix.fixes.References$$Lambda$1206/0x0000000800598450 (minecraft@1.20.1)
4513:             1             16  net.minecraft.util.datafix.fixes.References$$Lambda$1207/0x0000000800598680 (minecraft@1.20.1)
4514:             1             16  net.minecraft.util.datafix.fixes.References$$Lambda$1208/0x00000008005988b0 (minecraft@1.20.1)
4515:             1             16  net.minecraft.util.datafix.fixes.References$$Lambda$1209/0x0000000800598ae0 (minecraft@1.20.1)
4516:             1             16  net.minecraft.util.datafix.fixes.References$$Lambda$1210/0x0000000800598d10 (minecraft@1.20.1)
4517:             1             16  net.minecraft.util.datafix.fixes.References$$Lambda$1211/0x0000000800598f40 (minecraft@1.20.1)
4518:             1             16  net.minecraft.util.datafix.fixes.References$$Lambda$1212/0x0000000800599170 (minecraft@1.20.1)
4519:             1             16  net.minecraft.util.datafix.fixes.References$$Lambda$1213/0x00000008005993a0 (minecraft@1.20.1)
4520:             1             16  net.minecraft.util.datafix.fixes.References$$Lambda$1214/0x00000008005995d0 (minecraft@1.20.1)
4521:             1             16  net.minecraft.util.datafix.fixes.References$$Lambda$1215/0x0000000800599800 (minecraft@1.20.1)
4522:             1             16  net.minecraft.util.datafix.fixes.References$$Lambda$1216/0x0000000800599a30 (minecraft@1.20.1)
4523:             1             16  net.minecraft.util.datafix.fixes.References$$Lambda$1217/0x0000000800599c60 (minecraft@1.20.1)
4524:             1             16  net.minecraft.util.datafix.fixes.References$$Lambda$1218/0x0000000800599e90 (minecraft@1.20.1)
4525:             1             16  net.minecraft.util.datafix.fixes.References$$Lambda$1219/0x000000080059a0c0 (minecraft@1.20.1)
4526:             1             16  net.minecraft.util.datafix.fixes.References$$Lambda$1220/0x000000080059a2f0 (minecraft@1.20.1)
4527:             1             16  net.minecraft.util.datafix.fixes.References$$Lambda$1221/0x000000080059a520 (minecraft@1.20.1)
4528:             1             16  net.minecraft.util.datafix.fixes.References$$Lambda$1222/0x000000080059a750 (minecraft@1.20.1)
4529:             1             16  net.minecraft.util.datafix.fixes.References$$Lambda$1223/0x000000080059a980 (minecraft@1.20.1)
4530:             1             16  net.minecraft.util.datafix.fixes.References$$Lambda$1224/0x000000080059abb0 (minecraft@1.20.1)
4531:             1             16  net.minecraft.util.datafix.fixes.References$$Lambda$1225/0x000000080059ade0 (minecraft@1.20.1)
4532:             1             16  net.minecraft.util.datafix.fixes.References$$Lambda$1226/0x000000080059b010 (minecraft@1.20.1)
4533:             1             16  net.minecraft.util.datafix.fixes.References$$Lambda$1227/0x000000080059b240 (minecraft@1.20.1)
4534:             1             16  net.minecraft.util.datafix.fixes.References$$Lambda$1228/0x000000080059b470 (minecraft@1.20.1)
4535:             1             16  net.minecraft.util.datafix.fixes.References$$Lambda$1229/0x000000080059b6a0 (minecraft@1.20.1)
4536:             1             16  net.minecraft.util.datafix.fixes.References$$Lambda$1230/0x000000080059b8d0 (minecraft@1.20.1)
4537:             1             16  net.minecraft.util.datafix.fixes.References$$Lambda$1231/0x000000080059bb00 (minecraft@1.20.1)
4538:             1             16  net.minecraft.util.datafix.fixes.References$$Lambda$1232/0x000000080059bd30 (minecraft@1.20.1)
4539:             1             16  net.minecraft.util.datafix.fixes.References$$Lambda$1233/0x00000008005a0000 (minecraft@1.20.1)
4540:             1             16  net.minecraft.util.datafix.fixes.RemapChunkStatusFix$$Lambda$2350/0x00000008008bb360 (minecraft@1.20.1)
4541:             1             16  net.minecraft.util.datafix.fixes.ReorganizePoi$$Lambda$2295/0x00000008008aab00 (minecraft@1.20.1)
4542:             1             16  net.minecraft.util.datafix.fixes.SavedDataFeaturePoolElementFix$$Lambda$2325/0x00000008008b7140 (minecraft@1.20.1)
4543:             1             16  net.minecraft.util.datafix.fixes.SavedDataUUIDFix$$Lambda$2310/0x00000008008ae318 (minecraft@1.20.1)
4544:             1             16  net.minecraft.util.datafix.fixes.StatsRenameFix$$Lambda$2282/0x00000008008a5a20 (minecraft@1.20.1)
4545:             1             16  net.minecraft.util.datafix.fixes.StructureReferenceCountFix$$Lambda$2301/0x00000008008ac010 (minecraft@1.20.1)
4546:             1             16  net.minecraft.util.datafix.fixes.StructureSettingsFlattenFix$$Lambda$2334/0x00000008008b3538 (minecraft@1.20.1)
4547:             1             16  net.minecraft.util.datafix.fixes.StructuresBecomeConfiguredFix$$Lambda$2335/0x00000008008b3780 (minecraft@1.20.1)
4548:             1             16  net.minecraft.util.datafix.fixes.TeamDisplayNameFix$$Lambda$2285/0x00000008008a62c8 (minecraft@1.20.1)
4549:             1             16  net.minecraft.util.datafix.fixes.WallPropertyFix$$Lambda$2304/0x00000008008ace48 (minecraft@1.20.1)
4550:             1             16  net.minecraft.util.datafix.fixes.WorldGenSettingsFix$$Lambda$2318/0x00000008008b4000 (minecraft@1.20.1)
4551:             1             16  net.minecraft.util.datafix.fixes.WorldGenSettingsFix$StructureFeatureConfiguration$$Lambda$2111/0x000000080086da60 (minecraft@1.20.1)
4552:             1             16  net.minecraft.util.datafix.fixes.WorldGenSettingsFix$StructureFeatureConfiguration$$Lambda$2112/0x000000080086dca0 (minecraft@1.20.1)
4553:             1             16  net.minecraft.util.datafix.fixes.WorldGenSettingsFix$StructureFeatureConfiguration$$Lambda$2113/0x000000080086dee0 (minecraft@1.20.1)
4554:             1             16  net.minecraft.util.datafix.fixes.WorldGenSettingsFix$StructureFeatureConfiguration$$Lambda$2114/0x000000080086e120 (minecraft@1.20.1)
4555:             1             16  net.minecraft.util.datafix.fixes.WorldGenSettingsFix$StructureFeatureConfiguration$$Lambda$2115/0x000000080086e360 (minecraft@1.20.1)
4556:             1             16  net.minecraft.util.datafix.schemas.NamespacedSchema$1 (minecraft@1.20.1)
4557:             1             16  net.minecraft.util.datafix.schemas.V100$$Lambda$1868/0x0000000800834900 (minecraft@1.20.1)
4558:             1             16  net.minecraft.util.datafix.schemas.V1022$$Lambda$1937/0x00000008008416f0 (minecraft@1.20.1)
4559:             1             16  net.minecraft.util.datafix.schemas.V1125$$Lambda$1942/0x0000000800842458 (minecraft@1.20.1)
4560:             1             16  net.minecraft.util.datafix.schemas.V1125$$Lambda$1943/0x0000000800842678 (minecraft@1.20.1)
4561:             1             16  net.minecraft.util.datafix.schemas.V1451_4$$Lambda$1984/0x000000080084d230 (minecraft@1.20.1)
4562:             1             16  net.minecraft.util.datafix.schemas.V1451_6$$Lambda$1995/0x00000008008593e8 (minecraft@1.20.1)
4563:             1             16  net.minecraft.util.datafix.schemas.V1451_6$$Lambda$1996/0x0000000800859608 (minecraft@1.20.1)
4564:             1             16  net.minecraft.util.datafix.schemas.V1451_6$1 (minecraft@1.20.1)
4565:             1             16  net.minecraft.util.datafix.schemas.V1451_6$2 (minecraft@1.20.1)
4566:             1             16  net.minecraft.util.datafix.schemas.V1460$$Lambda$2030/0x000000080085dc78 (minecraft@1.20.1)
4567:             1             16  net.minecraft.util.datafix.schemas.V1460$$Lambda$2031/0x000000080085de98 (minecraft@1.20.1)
4568:             1             16  net.minecraft.util.datafix.schemas.V1460$$Lambda$2033/0x000000080085e2e0 (minecraft@1.20.1)
4569:             1             16  net.minecraft.util.datafix.schemas.V1460$$Lambda$2039/0x000000080085efd0 (minecraft@1.20.1)
4570:             1             16  net.minecraft.util.datafix.schemas.V1460$$Lambda$2041/0x000000080085f418 (minecraft@1.20.1)
4571:             1             16  net.minecraft.util.datafix.schemas.V1460$$Lambda$2042/0x000000080085f638 (minecraft@1.20.1)
4572:             1             16  net.minecraft.util.datafix.schemas.V1460$$Lambda$2043/0x000000080085f858 (minecraft@1.20.1)
4573:             1             16  net.minecraft.util.datafix.schemas.V1460$$Lambda$2047/0x0000000800860228 (minecraft@1.20.1)
4574:             1             16  net.minecraft.util.datafix.schemas.V1460$$Lambda$2049/0x0000000800860670 (minecraft@1.20.1)
4575:             1             16  net.minecraft.util.datafix.schemas.V1460$$Lambda$2052/0x0000000800860ce0 (minecraft@1.20.1)
4576:             1             16  net.minecraft.util.datafix.schemas.V1460$$Lambda$2053/0x0000000800860f00 (minecraft@1.20.1)
4577:             1             16  net.minecraft.util.datafix.schemas.V1460$$Lambda$2054/0x0000000800861120 (minecraft@1.20.1)
4578:             1             16  net.minecraft.util.datafix.schemas.V1460$$Lambda$2055/0x0000000800861340 (minecraft@1.20.1)
4579:             1             16  net.minecraft.util.datafix.schemas.V1466$$Lambda$2059/0x0000000800861e88 (minecraft@1.20.1)
4580:             1             16  net.minecraft.util.datafix.schemas.V2551$$Lambda$2118/0x000000080086ec98 (minecraft@1.20.1)
4581:             1             16  net.minecraft.util.datafix.schemas.V2551$$Lambda$2124/0x000000080086f980 (minecraft@1.20.1)
4582:             1             16  net.minecraft.util.datafix.schemas.V2551$$Lambda$2125/0x000000080086fba0 (minecraft@1.20.1)
4583:             1             16  net.minecraft.util.datafix.schemas.V2684$$Lambda$2132/0x0000000800875a18 (minecraft@1.20.1)
4584:             1             16  net.minecraft.util.datafix.schemas.V2832$$Lambda$2145/0x00000008008726f8 (minecraft@1.20.1)
4585:             1             16  net.minecraft.util.datafix.schemas.V2832$$Lambda$2147/0x0000000800872b40 (minecraft@1.20.1)
4586:             1             16  net.minecraft.util.datafix.schemas.V2832$$Lambda$2153/0x0000000800873828 (minecraft@1.20.1)
4587:             1             16  net.minecraft.util.datafix.schemas.V704$$Lambda$1897/0x000000080083afc0 (minecraft@1.20.1)
4588:             1             16  net.minecraft.util.datafix.schemas.V704$$Lambda$1903/0x000000080083bf30 (minecraft@1.20.1)
4589:             1             16  net.minecraft.util.datafix.schemas.V704$1 (minecraft@1.20.1)
4590:             1             16  net.minecraft.util.datafix.schemas.V705$1 (minecraft@1.20.1)
4591:             1             16  net.minecraft.util.datafix.schemas.V99$$Lambda$1804/0x00000008008172c0 (minecraft@1.20.1)
4592:             1             16  net.minecraft.util.datafix.schemas.V99$$Lambda$1822/0x000000080081f898 (minecraft@1.20.1)
4593:             1             16  net.minecraft.util.datafix.schemas.V99$$Lambda$1823/0x000000080081fae0 (minecraft@1.20.1)
4594:             1             16  net.minecraft.util.datafix.schemas.V99$$Lambda$1824/0x000000080081fd28 (minecraft@1.20.1)
4595:             1             16  net.minecraft.util.datafix.schemas.V99$$Lambda$1829/0x00000008008206d8 (minecraft@1.20.1)
4596:             1             16  net.minecraft.util.datafix.schemas.V99$$Lambda$1834/0x0000000800821198 (minecraft@1.20.1)
4597:             1             16  net.minecraft.util.datafix.schemas.V99$$Lambda$1837/0x0000000800821808 (minecraft@1.20.1)
4598:             1             16  net.minecraft.util.datafix.schemas.V99$$Lambda$1838/0x0000000800821a28 (minecraft@1.20.1)
4599:             1             16  net.minecraft.util.datafix.schemas.V99$$Lambda$1839/0x0000000800821c48 (minecraft@1.20.1)
4600:             1             16  net.minecraft.util.datafix.schemas.V99$$Lambda$1840/0x0000000800821e68 (minecraft@1.20.1)
4601:             1             16  net.minecraft.util.datafix.schemas.V99$$Lambda$1842/0x00000008008222b0 (minecraft@1.20.1)
4602:             1             16  net.minecraft.util.datafix.schemas.V99$$Lambda$1843/0x00000008008224d0 (minecraft@1.20.1)
4603:             1             16  net.minecraft.util.datafix.schemas.V99$$Lambda$1844/0x00000008008226f0 (minecraft@1.20.1)
4604:             1             16  net.minecraft.util.datafix.schemas.V99$$Lambda$1845/0x0000000800822910 (minecraft@1.20.1)
4605:             1             16  net.minecraft.util.datafix.schemas.V99$$Lambda$1846/0x0000000800822b30 (minecraft@1.20.1)
4606:             1             16  net.minecraft.util.datafix.schemas.V99$$Lambda$1847/0x0000000800822d50 (minecraft@1.20.1)
4607:             1             16  net.minecraft.util.datafix.schemas.V99$1 (minecraft@1.20.1)
4608:             1             16  net.minecraft.util.valueproviders.ConstantInt$$Lambda$1516/0x0000000800732b40 (minecraft@1.20.1)
4609:             1             16  net.minecraft.util.valueproviders.ConstantInt$$Lambda$1517/0x0000000800732d80 (minecraft@1.20.1)
4610:             1             16  net.minecraft.util.valueproviders.ConstantInt$$Lambda$1518/0x0000000800732fc0 (minecraft@1.20.1)
4611:             1             16  net.minecraft.util.valueproviders.ConstantInt$$Lambda$1522/0x0000000800733200 (minecraft@1.20.1)
4612:             1             16  net.minecraft.util.valueproviders.ConstantInt$$Lambda$1523/0x0000000800733440 (minecraft@1.20.1)
4613:             1             16  net.minecraft.util.valueproviders.IntProvider$$Lambda$1511/0x0000000800732000 (minecraft@1.20.1)
4614:             1             16  net.minecraft.util.valueproviders.IntProvider$$Lambda$1512/0x0000000800732240 (minecraft@1.20.1)
4615:             1             16  net.minecraft.util.valueproviders.IntProvider$$Lambda$1513/0x0000000800732480 (minecraft@1.20.1)
4616:             1             16  net.minecraft.util.valueproviders.IntProvider$$Lambda$1514/0x00000008007326c0 (minecraft@1.20.1)
4617:             1             16  net.minecraft.util.valueproviders.UniformInt$$Lambda$1524/0x0000000800733680 (minecraft@1.20.1)
4618:             1             16  net.minecraft.util.valueproviders.UniformInt$$Lambda$1525/0x00000008007338c0 (minecraft@1.20.1)
4619:             1             16  net.minecraft.util.valueproviders.UniformInt$$Lambda$1526/0x0000000800733b00 (minecraft@1.20.1)
4620:             1             16  net.minecraft.util.valueproviders.UniformInt$$Lambda$1527/0x0000000800733d40 (minecraft@1.20.1)
4621:             1             16  net.minecraft.util.valueproviders.UniformInt$$Lambda$1528/0x0000000800731000 (minecraft@1.20.1)
4622:             1             16  net.minecraft.world.effect.MobEffect$$Lambda$1581/0x0000000800750ce8 (minecraft@1.20.1)
4623:             1             16  net.minecraft.world.effect.MobEffects$$Lambda$1584/0x00000008007523e8 (minecraft@1.20.1)
4624:             1             16  net.minecraft.world.entity.EntityType$$Lambda$1791/0x00000008007f9430 (minecraft@1.20.1)
4625:             1             16  net.minecraft.world.entity.EntityType$$Lambda$2214/0x000000080087fd80 (minecraft@1.20.1)
4626:             1             16  net.minecraft.world.entity.EntityType$$Lambda$2232/0x000000080088bb50 (minecraft@1.20.1)
4627:             1             16  net.minecraft.world.entity.EntityType$$Lambda$2243/0x0000000800898000 (minecraft@1.20.1)
4628:             1             16  net.minecraft.world.entity.EntityType$$Lambda$2276/0x00000008008a1420 (minecraft@1.20.1)
4629:             1             16  net.minecraft.world.entity.EntityType$$Lambda$2277/0x00000008008a4ee0 (minecraft@1.20.1)
4630:             1             16  net.minecraft.world.entity.EntityType$$Lambda$2322/0x00000008008b4e00 (minecraft@1.20.1)
4631:             1             16  net.minecraft.world.entity.EntityType$$Lambda$2336/0x00000008008b39c8 (minecraft@1.20.1)
4632:             1             16  net.minecraft.world.entity.EntityType$$Lambda$2346/0x00000008008baa70 (minecraft@1.20.1)
4633:             1             16  net.minecraft.world.entity.EntityType$$Lambda$2360/0x00000008008bcf10 (minecraft@1.20.1)
4634:             1             16  net.minecraft.world.entity.EntityType$$Lambda$2362/0x00000008008c7058 (minecraft@1.20.1)
4635:             1             16  net.minecraft.world.entity.EntityType$$Lambda$2363/0x00000008008ccd68 (minecraft@1.20.1)
4636:             1             16  net.minecraft.world.entity.EntityType$$Lambda$2364/0x00000008008cf4c8 (minecraft@1.20.1)
4637:             1             16  net.minecraft.world.entity.EntityType$$Lambda$2365/0x00000008008cf8e8 (minecraft@1.20.1)
4638:             1             16  net.minecraft.world.entity.EntityType$$Lambda$2366/0x00000008008cfb08 (minecraft@1.20.1)
4639:             1             16  net.minecraft.world.entity.EntityType$$Lambda$2367/0x00000008008cfd28 (minecraft@1.20.1)
4640:             1             16  net.minecraft.world.entity.EntityType$$Lambda$2368/0x00000008008d7970 (minecraft@1.20.1)
4641:             1             16  net.minecraft.world.entity.EntityType$$Lambda$2369/0x00000008008e6968 (minecraft@1.20.1)
4642:             1             16  net.minecraft.world.entity.EntityType$$Lambda$2370/0x00000008008e6b88 (minecraft@1.20.1)
4643:             1             16  net.minecraft.world.entity.EntityType$$Lambda$2371/0x00000008008e7008 (minecraft@1.20.1)
4644:             1             16  net.minecraft.world.entity.EntityType$$Lambda$2372/0x00000008008efb40 (minecraft@1.20.1)
4645:             1             16  net.minecraft.world.entity.EntityType$$Lambda$2373/0x00000008008efd60 (minecraft@1.20.1)
4646:             1             16  net.minecraft.world.entity.EntityType$$Lambda$2374/0x00000008008f64f0 (minecraft@1.20.1)
4647:             1             16  net.minecraft.world.entity.EntityType$$Lambda$2375/0x00000008008ff518 (minecraft@1.20.1)
4648:             1             16  net.minecraft.world.entity.EntityType$$Lambda$2376/0x00000008008ff938 (minecraft@1.20.1)
4649:             1             16  net.minecraft.world.entity.EntityType$$Lambda$2377/0x00000008008ffdc0 (minecraft@1.20.1)
4650:             1             16  net.minecraft.world.entity.EntityType$$Lambda$2378/0x0000000800907600 (minecraft@1.20.1)
4651:             1             16  net.minecraft.world.entity.EntityType$$Lambda$2379/0x0000000800907820 (minecraft@1.20.1)
4652:             1             16  net.minecraft.world.entity.EntityType$$Lambda$2380/0x0000000800907a40 (minecraft@1.20.1)
4653:             1             16  net.minecraft.world.entity.EntityType$$Lambda$2381/0x000000080090ecb0 (minecraft@1.20.1)
4654:             1             16  net.minecraft.world.entity.EntityType$$Lambda$2382/0x000000080090f130 (minecraft@1.20.1)
4655:             1             16  net.minecraft.world.entity.EntityType$$Lambda$2383/0x000000080091dda8 (minecraft@1.20.1)
4656:             1             16  net.minecraft.world.entity.EntityType$$Lambda$2384/0x000000080091f1f0 (minecraft@1.20.1)
4657:             1             16  net.minecraft.world.entity.EntityType$$Lambda$2385/0x000000080091f410 (minecraft@1.20.1)
4658:             1             16  net.minecraft.world.entity.EntityType$$Lambda$2386/0x000000080091fd88 (minecraft@1.20.1)
4659:             1             16  net.minecraft.world.entity.EntityType$$Lambda$2387/0x00000008009224b0 (minecraft@1.20.1)
4660:             1             16  net.minecraft.world.entity.EntityType$$Lambda$2388/0x0000000800922e68 (minecraft@1.20.1)
4661:             1             16  net.minecraft.world.entity.EntityType$$Lambda$2389/0x0000000800924310 (minecraft@1.20.1)
4662:             1             16  net.minecraft.world.entity.EntityType$$Lambda$2390/0x00000008009298b8 (minecraft@1.20.1)
4663:             1             16  net.minecraft.world.entity.EntityType$$Lambda$2391/0x000000080092be08 (minecraft@1.20.1)
4664:             1             16  net.minecraft.world.entity.EntityType$$Lambda$2392/0x000000080092c028 (minecraft@1.20.1)
4665:             1             16  net.minecraft.world.entity.EntityType$$Lambda$2393/0x00000008009304c8 (minecraft@1.20.1)
4666:             1             16  net.minecraft.world.entity.EntityType$$Lambda$2394/0x0000000800932370 (minecraft@1.20.1)
4667:             1             16  net.minecraft.world.entity.EntityType$$Lambda$2395/0x0000000800934ad0 (minecraft@1.20.1)
4668:             1             16  net.minecraft.world.entity.EntityType$$Lambda$2396/0x0000000800936e58 (minecraft@1.20.1)
4669:             1             16  net.minecraft.world.entity.EntityType$$Lambda$2397/0x0000000800937078 (minecraft@1.20.1)
4670:             1             16  net.minecraft.world.entity.EntityType$$Lambda$2398/0x0000000800937298 (minecraft@1.20.1)
4671:             1             16  net.minecraft.world.entity.EntityType$$Lambda$2399/0x00000008009376b8 (minecraft@1.20.1)
4672:             1             16  net.minecraft.world.entity.EntityType$$Lambda$2400/0x0000000800937c18 (minecraft@1.20.1)
4673:             1             16  net.minecraft.world.entity.EntityType$$Lambda$2401/0x000000080093f438 (minecraft@1.20.1)
4674:             1             16  net.minecraft.world.entity.EntityType$$Lambda$2402/0x000000080093f658 (minecraft@1.20.1)
4675:             1             16  net.minecraft.world.entity.EntityType$$Lambda$2403/0x000000080093fdb0 (minecraft@1.20.1)
4676:             1             16  net.minecraft.world.entity.EntityType$$Lambda$2404/0x0000000800947d68 (minecraft@1.20.1)
4677:             1             16  net.minecraft.world.entity.EntityType$$Lambda$2405/0x0000000800949e78 (minecraft@1.20.1)
4678:             1             16  net.minecraft.world.entity.EntityType$$Lambda$2406/0x000000080094a098 (minecraft@1.20.1)
4679:             1             16  net.minecraft.world.entity.EntityType$$Lambda$2407/0x000000080094b4e0 (minecraft@1.20.1)
4680:             1             16  net.minecraft.world.entity.EntityType$$Lambda$2408/0x000000080094b700 (minecraft@1.20.1)
4681:             1             16  net.minecraft.world.entity.EntityType$$Lambda$2409/0x000000080094de60 (minecraft@1.20.1)
4682:             1             16  net.minecraft.world.entity.EntityType$$Lambda$2410/0x000000080094e080 (minecraft@1.20.1)
4683:             1             16  net.minecraft.world.entity.EntityType$$Lambda$2411/0x000000080094e2a0 (minecraft@1.20.1)
4684:             1             16  net.minecraft.world.entity.EntityType$$Lambda$2412/0x00000008009520c0 (minecraft@1.20.1)
4685:             1             16  net.minecraft.world.entity.EntityType$$Lambda$2413/0x00000008009522e0 (minecraft@1.20.1)
4686:             1             16  net.minecraft.world.entity.EntityType$$Lambda$2414/0x0000000800956a70 (minecraft@1.20.1)
4687:             1             16  net.minecraft.world.entity.EntityType$$Lambda$2415/0x0000000800958000 (minecraft@1.20.1)
4688:             1             16  net.minecraft.world.entity.EntityType$$Lambda$2416/0x0000000800958220 (minecraft@1.20.1)
4689:             1             16  net.minecraft.world.entity.EntityType$$Lambda$2417/0x000000080095a1e0 (minecraft@1.20.1)
4690:             1             16  net.minecraft.world.entity.EntityType$$Lambda$2418/0x000000080095a400 (minecraft@1.20.1)
4691:             1             16  net.minecraft.world.entity.EntityType$$Lambda$2419/0x000000080095c830 (minecraft@1.20.1)
4692:             1             16  net.minecraft.world.entity.EntityType$$Lambda$2420/0x000000080095dcc0 (minecraft@1.20.1)
4693:             1             16  net.minecraft.world.entity.EntityType$$Lambda$2421/0x00000008009615d0 (minecraft@1.20.1)
4694:             1             16  net.minecraft.world.entity.EntityType$$Lambda$2422/0x0000000800965dc0 (minecraft@1.20.1)
4695:             1             16  net.minecraft.world.entity.EntityType$$Lambda$2423/0x0000000800969100 (minecraft@1.20.1)
4696:             1             16  net.minecraft.world.entity.EntityType$$Lambda$2424/0x000000080096d0d0 (minecraft@1.20.1)
4697:             1             16  net.minecraft.world.entity.EntityType$$Lambda$2425/0x000000080096f1c0 (minecraft@1.20.1)
4698:             1             16  net.minecraft.world.entity.EntityType$$Lambda$2426/0x000000080096f3e0 (minecraft@1.20.1)
4699:             1             16  net.minecraft.world.entity.EntityType$$Lambda$2427/0x000000080096fad0 (minecraft@1.20.1)
4700:             1             16  net.minecraft.world.entity.EntityType$$Lambda$2428/0x0000000800978000 (minecraft@1.20.1)
4701:             1             16  net.minecraft.world.entity.EntityType$$Lambda$2429/0x00000008009794b8 (minecraft@1.20.1)
4702:             1             16  net.minecraft.world.entity.EntityType$$Lambda$2430/0x000000080097b648 (minecraft@1.20.1)
4703:             1             16  net.minecraft.world.entity.EntityType$$Lambda$2431/0x000000080097e6d0 (minecraft@1.20.1)
4704:             1             16  net.minecraft.world.entity.EntityType$$Lambda$2432/0x000000080097eb88 (minecraft@1.20.1)
4705:             1             16  net.minecraft.world.entity.EntityType$$Lambda$2433/0x000000080097eda8 (minecraft@1.20.1)
4706:             1             16  net.minecraft.world.entity.EntityType$$Lambda$2434/0x000000080097f778 (minecraft@1.20.1)
4707:             1             16  net.minecraft.world.entity.EntityType$$Lambda$2435/0x0000000800988000 (minecraft@1.20.1)
4708:             1             16  net.minecraft.world.entity.EntityType$$Lambda$2436/0x0000000800989480 (minecraft@1.20.1)
4709:             1             16  net.minecraft.world.entity.EntityType$$Lambda$2437/0x0000000800989b90 (minecraft@1.20.1)
4710:             1             16  net.minecraft.world.entity.EntityType$$Lambda$2438/0x000000080098a2a8 (minecraft@1.20.1)
4711:             1             16  net.minecraft.world.entity.EntityType$$Lambda$2439/0x000000080098c728 (minecraft@1.20.1)
4712:             1             16  net.minecraft.world.entity.EntityType$$Lambda$2440/0x000000080098c948 (minecraft@1.20.1)
4713:             1             16  net.minecraft.world.entity.EntityType$$Lambda$2441/0x000000080098de08 (minecraft@1.20.1)
4714:             1             16  net.minecraft.world.entity.EntityType$$Lambda$2442/0x000000080098e028 (minecraft@1.20.1)
4715:             1             16  net.minecraft.world.entity.EntityType$$Lambda$2443/0x000000080098f4e0 (minecraft@1.20.1)
4716:             1             16  net.minecraft.world.entity.EntityType$$Lambda$2444/0x000000080098f700 (minecraft@1.20.1)
4717:             1             16  net.minecraft.world.entity.EntityType$$Lambda$2445/0x0000000800990000 (minecraft@1.20.1)
4718:             1             16  net.minecraft.world.entity.EntityType$$Lambda$2446/0x0000000800991528 (minecraft@1.20.1)
4719:             1             16  net.minecraft.world.entity.EntityType$$Lambda$2447/0x0000000800991748 (minecraft@1.20.1)
4720:             1             16  net.minecraft.world.entity.EntityType$$Lambda$2448/0x0000000800991968 (minecraft@1.20.1)
4721:             1             16  net.minecraft.world.entity.EntityType$$Lambda$2449/0x0000000800993850 (minecraft@1.20.1)
4722:             1             16  net.minecraft.world.entity.EntityType$$Lambda$2450/0x0000000800995e28 (minecraft@1.20.1)
4723:             1             16  net.minecraft.world.entity.EntityType$$Lambda$2451/0x0000000800996048 (minecraft@1.20.1)
4724:             1             16  net.minecraft.world.entity.EntityType$Builder$$Lambda$1798/0x00000008007facd8 (minecraft@1.20.1)
4725:             1             16  net.minecraft.world.entity.EntityType$Builder$$Lambda$1799/0x00000008007faf28 (minecraft@1.20.1)
4726:             1             16  net.minecraft.world.entity.EntityType$Builder$$Lambda$1800/0x00000008007fb148 (minecraft@1.20.1)
4727:             1             16  net.minecraft.world.entity.MobCategory$$Lambda$1792/0x00000008007f9ac8 (minecraft@1.20.1)
4728:             1             16  net.minecraft.world.entity.MobCategory$$Lambda$1793/0x00000008007f9ce8 (minecraft@1.20.1)
4729:             1             16  net.minecraft.world.entity.MobCategory$$Lambda$1796/0x00000008007fa3b0 (minecraft@1.20.1)
4730:             1             16  net.minecraft.world.entity.MobCategory$$Lambda$1797/0x00000008007fa5f0 (minecraft@1.20.1)
4731:             1             16  net.minecraft.world.flag.FeatureFlagRegistry$$Lambda$1458/0x00000008006df8e0 (minecraft@1.20.1)
4732:             1             16  net.minecraft.world.flag.FeatureFlagRegistry$$Lambda$1459/0x00000008006dfb28 (minecraft@1.20.1)
4733:             1             16  net.minecraft.world.flag.FeatureFlagUniverse (minecraft@1.20.1)
4734:             1             16  net.minecraft.world.item.DyeColor$$Lambda$1496/0x000000080072ac88 (minecraft@1.20.1)
4735:             1             16  net.minecraft.world.item.DyeColor$$Lambda$1498/0x000000080072b920 (minecraft@1.20.1)
4736:             1             16  net.minecraft.world.item.DyeColor$$Lambda$1499/0x000000080072bb60 (minecraft@1.20.1)
4737:             1             16  net.minecraft.world.item.DyeColor$$Lambda$1500/0x000000080072bda0 (minecraft@1.20.1)
4738:             1             16  net.minecraft.world.item.MinecartItem$1 (minecraft@1.20.1)
4739:             1             16  net.minecraft.world.level.block.BigDripleafBlock$$Lambda$1777/0x00000008007b3490 (minecraft@1.20.1)
4740:             1             16  net.minecraft.world.level.block.BigDripleafBlock$$Lambda$1778/0x00000008007b36c0 (minecraft@1.20.1)
4741:             1             16  net.minecraft.world.level.block.Block$$Lambda$1427/0x0000000800660f30 (minecraft@1.20.1)
4742:             1             16  net.minecraft.world.level.block.Block$$Lambda$1462/0x0000000800713270 (minecraft@1.20.1)
4743:             1             16  net.minecraft.world.level.block.Block$$Lambda$1463/0x00000008007136b0 (minecraft@1.20.1)
4744:             1             16  net.minecraft.world.level.block.Block$1 (minecraft@1.20.1)
4745:             1             16  net.minecraft.world.level.block.Blocks$$Lambda$1495/0x00000008007295c0 (minecraft@1.20.1)
4746:             1             16  net.minecraft.world.level.block.Blocks$$Lambda$1510/0x0000000800735de8 (minecraft@1.20.1)
4747:             1             16  net.minecraft.world.level.block.Blocks$$Lambda$1531/0x00000008007316d0 (minecraft@1.20.1)
4748:             1             16  net.minecraft.world.level.block.Blocks$$Lambda$1532/0x00000008007318f0 (minecraft@1.20.1)
4749:             1             16  net.minecraft.world.level.block.Blocks$$Lambda$1533/0x0000000800731b10 (minecraft@1.20.1)
4750:             1             16  net.minecraft.world.level.block.Blocks$$Lambda$1534/0x0000000800731d30 (minecraft@1.20.1)
4751:             1             16  net.minecraft.world.level.block.Blocks$$Lambda$1535/0x0000000800730c00 (minecraft@1.20.1)
4752:             1             16  net.minecraft.world.level.block.Blocks$$Lambda$1536/0x0000000800738000 (minecraft@1.20.1)
4753:             1             16  net.minecraft.world.level.block.Blocks$$Lambda$1537/0x0000000800738220 (minecraft@1.20.1)
4754:             1             16  net.minecraft.world.level.block.Blocks$$Lambda$1538/0x0000000800738440 (minecraft@1.20.1)
4755:             1             16  net.minecraft.world.level.block.Blocks$$Lambda$1539/0x0000000800738660 (minecraft@1.20.1)
4756:             1             16  net.minecraft.world.level.block.Blocks$$Lambda$1540/0x0000000800738880 (minecraft@1.20.1)
4757:             1             16  net.minecraft.world.level.block.Blocks$$Lambda$1541/0x0000000800738aa0 (minecraft@1.20.1)
4758:             1             16  net.minecraft.world.level.block.Blocks$$Lambda$1542/0x0000000800738cc0 (minecraft@1.20.1)
4759:             1             16  net.minecraft.world.level.block.Blocks$$Lambda$1543/0x0000000800738ee0 (minecraft@1.20.1)
4760:             1             16  net.minecraft.world.level.block.Blocks$$Lambda$1544/0x0000000800739100 (minecraft@1.20.1)
4761:             1             16  net.minecraft.world.level.block.Blocks$$Lambda$1545/0x0000000800739320 (minecraft@1.20.1)
4762:             1             16  net.minecraft.world.level.block.Blocks$$Lambda$1546/0x0000000800739540 (minecraft@1.20.1)
4763:             1             16  net.minecraft.world.level.block.Blocks$$Lambda$1547/0x0000000800739760 (minecraft@1.20.1)
4764:             1             16  net.minecraft.world.level.block.Blocks$$Lambda$1548/0x0000000800739980 (minecraft@1.20.1)
4765:             1             16  net.minecraft.world.level.block.Blocks$$Lambda$1573/0x0000000800742c78 (minecraft@1.20.1)
4766:             1             16  net.minecraft.world.level.block.Blocks$$Lambda$1574/0x0000000800742e98 (minecraft@1.20.1)
4767:             1             16  net.minecraft.world.level.block.Blocks$$Lambda$1578/0x000000080074b800 (minecraft@1.20.1)
4768:             1             16  net.minecraft.world.level.block.Blocks$$Lambda$1579/0x000000080074ba20 (minecraft@1.20.1)
4769:             1             16  net.minecraft.world.level.block.Blocks$$Lambda$1580/0x000000080074bc40 (minecraft@1.20.1)
4770:             1             16  net.minecraft.world.level.block.Blocks$$Lambda$1585/0x0000000800752608 (minecraft@1.20.1)
4771:             1             16  net.minecraft.world.level.block.Blocks$$Lambda$1586/0x0000000800752828 (minecraft@1.20.1)
4772:             1             16  net.minecraft.world.level.block.Blocks$$Lambda$1587/0x0000000800757430 (minecraft@1.20.1)
4773:             1             16  net.minecraft.world.level.block.Blocks$$Lambda$1588/0x0000000800757650 (minecraft@1.20.1)
4774:             1             16  net.minecraft.world.level.block.Blocks$$Lambda$1590/0x0000000800759460 (minecraft@1.20.1)
4775:             1             16  net.minecraft.world.level.block.Blocks$$Lambda$1626/0x00000008007623d0 (minecraft@1.20.1)
4776:             1             16  net.minecraft.world.level.block.Blocks$$Lambda$1628/0x0000000800762818 (minecraft@1.20.1)
4777:             1             16  net.minecraft.world.level.block.Blocks$$Lambda$1632/0x00000008007630f0 (minecraft@1.20.1)
4778:             1             16  net.minecraft.world.level.block.Blocks$$Lambda$1636/0x0000000800766d60 (minecraft@1.20.1)
4779:             1             16  net.minecraft.world.level.block.Blocks$$Lambda$1638/0x0000000800767c78 (minecraft@1.20.1)
4780:             1             16  net.minecraft.world.level.block.Blocks$$Lambda$1639/0x0000000800765398 (minecraft@1.20.1)
4781:             1             16  net.minecraft.world.level.block.Blocks$$Lambda$1641/0x0000000800774000 (minecraft@1.20.1)
4782:             1             16  net.minecraft.world.level.block.Blocks$$Lambda$1642/0x0000000800774220 (minecraft@1.20.1)
4783:             1             16  net.minecraft.world.level.block.Blocks$$Lambda$1643/0x0000000800774440 (minecraft@1.20.1)
4784:             1             16  net.minecraft.world.level.block.Blocks$$Lambda$1646/0x0000000800775308 (minecraft@1.20.1)
4785:             1             16  net.minecraft.world.level.block.Blocks$$Lambda$1647/0x0000000800775528 (minecraft@1.20.1)
4786:             1             16  net.minecraft.world.level.block.Blocks$$Lambda$1648/0x0000000800775748 (minecraft@1.20.1)
4787:             1             16  net.minecraft.world.level.block.Blocks$$Lambda$1649/0x0000000800775968 (minecraft@1.20.1)
4788:             1             16  net.minecraft.world.level.block.Blocks$$Lambda$1650/0x0000000800775b88 (minecraft@1.20.1)
4789:             1             16  net.minecraft.world.level.block.Blocks$$Lambda$1651/0x0000000800775da8 (minecraft@1.20.1)
4790:             1             16  net.minecraft.world.level.block.Blocks$$Lambda$1652/0x0000000800775fc8 (minecraft@1.20.1)
4791:             1             16  net.minecraft.world.level.block.Blocks$$Lambda$1653/0x00000008007761e8 (minecraft@1.20.1)
4792:             1             16  net.minecraft.world.level.block.Blocks$$Lambda$1654/0x0000000800776408 (minecraft@1.20.1)
4793:             1             16  net.minecraft.world.level.block.Blocks$$Lambda$1656/0x0000000800776e78 (minecraft@1.20.1)
4794:             1             16  net.minecraft.world.level.block.Blocks$$Lambda$1657/0x0000000800777098 (minecraft@1.20.1)
4795:             1             16  net.minecraft.world.level.block.Blocks$$Lambda$1658/0x00000008007772b8 (minecraft@1.20.1)
4796:             1             16  net.minecraft.world.level.block.Blocks$$Lambda$1660/0x0000000800777720 (minecraft@1.20.1)
4797:             1             16  net.minecraft.world.level.block.Blocks$$Lambda$1661/0x0000000800777940 (minecraft@1.20.1)
4798:             1             16  net.minecraft.world.level.block.Blocks$$Lambda$1662/0x0000000800777b60 (minecraft@1.20.1)
4799:             1             16  net.minecraft.world.level.block.Blocks$$Lambda$1663/0x0000000800777d80 (minecraft@1.20.1)
4800:             1             16  net.minecraft.world.level.block.Blocks$$Lambda$1664/0x000000080077f3c8 (minecraft@1.20.1)
4801:             1             16  net.minecraft.world.level.block.Blocks$$Lambda$1665/0x000000080077f5e8 (minecraft@1.20.1)
4802:             1             16  net.minecraft.world.level.block.Blocks$$Lambda$1666/0x000000080077f808 (minecraft@1.20.1)
4803:             1             16  net.minecraft.world.level.block.Blocks$$Lambda$1667/0x000000080077fa28 (minecraft@1.20.1)
4804:             1             16  net.minecraft.world.level.block.Blocks$$Lambda$1668/0x000000080077fc48 (minecraft@1.20.1)
4805:             1             16  net.minecraft.world.level.block.Blocks$$Lambda$1669/0x0000000800771c00 (minecraft@1.20.1)
4806:             1             16  net.minecraft.world.level.block.Blocks$$Lambda$1670/0x0000000800780000 (minecraft@1.20.1)
4807:             1             16  net.minecraft.world.level.block.Blocks$$Lambda$1671/0x0000000800780220 (minecraft@1.20.1)
4808:             1             16  net.minecraft.world.level.block.Blocks$$Lambda$1672/0x0000000800780440 (minecraft@1.20.1)
4809:             1             16  net.minecraft.world.level.block.Blocks$$Lambda$1673/0x0000000800784170 (minecraft@1.20.1)
4810:             1             16  net.minecraft.world.level.block.Blocks$$Lambda$1674/0x0000000800784390 (minecraft@1.20.1)
4811:             1             16  net.minecraft.world.level.block.Blocks$$Lambda$1675/0x00000008007845b0 (minecraft@1.20.1)
4812:             1             16  net.minecraft.world.level.block.Blocks$$Lambda$1676/0x00000008007847d0 (minecraft@1.20.1)
4813:             1             16  net.minecraft.world.level.block.Blocks$$Lambda$1691/0x000000080078c700 (minecraft@1.20.1)
4814:             1             16  net.minecraft.world.level.block.Blocks$$Lambda$1692/0x000000080078d1e0 (minecraft@1.20.1)
4815:             1             16  net.minecraft.world.level.block.Blocks$$Lambda$1703/0x000000080078fa40 (minecraft@1.20.1)
4816:             1             16  net.minecraft.world.level.block.Blocks$$Lambda$1704/0x000000080078fc60 (minecraft@1.20.1)
4817:             1             16  net.minecraft.world.level.block.Blocks$$Lambda$1705/0x000000080078a460 (minecraft@1.20.1)
4818:             1             16  net.minecraft.world.level.block.Blocks$$Lambda$1706/0x000000080078a680 (minecraft@1.20.1)
4819:             1             16  net.minecraft.world.level.block.Blocks$$Lambda$1707/0x000000080078a8a0 (minecraft@1.20.1)
4820:             1             16  net.minecraft.world.level.block.Blocks$$Lambda$1708/0x000000080078b2b0 (minecraft@1.20.1)
4821:             1             16  net.minecraft.world.level.block.Blocks$$Lambda$1710/0x000000080078bba0 (minecraft@1.20.1)
4822:             1             16  net.minecraft.world.level.block.Blocks$$Lambda$1711/0x000000080078bdc0 (minecraft@1.20.1)
4823:             1             16  net.minecraft.world.level.block.Blocks$$Lambda$1718/0x0000000800795460 (minecraft@1.20.1)
4824:             1             16  net.minecraft.world.level.block.Blocks$$Lambda$1719/0x0000000800796628 (minecraft@1.20.1)
4825:             1             16  net.minecraft.world.level.block.Blocks$$Lambda$1721/0x0000000800796c68 (minecraft@1.20.1)
4826:             1             16  net.minecraft.world.level.block.Blocks$$Lambda$1722/0x0000000800796e88 (minecraft@1.20.1)
4827:             1             16  net.minecraft.world.level.block.Blocks$$Lambda$1723/0x00000008007970a8 (minecraft@1.20.1)
4828:             1             16  net.minecraft.world.level.block.Blocks$$Lambda$1724/0x00000008007977a8 (minecraft@1.20.1)
4829:             1             16  net.minecraft.world.level.block.Blocks$$Lambda$1725/0x00000008007979c8 (minecraft@1.20.1)
4830:             1             16  net.minecraft.world.level.block.Blocks$$Lambda$1726/0x0000000800797be8 (minecraft@1.20.1)
4831:             1             16  net.minecraft.world.level.block.Blocks$$Lambda$1727/0x0000000800798000 (minecraft@1.20.1)
4832:             1             16  net.minecraft.world.level.block.Blocks$$Lambda$1728/0x0000000800798220 (minecraft@1.20.1)
4833:             1             16  net.minecraft.world.level.block.Blocks$$Lambda$1729/0x00000008007988e0 (minecraft@1.20.1)
4834:             1             16  net.minecraft.world.level.block.Blocks$$Lambda$1730/0x0000000800798b00 (minecraft@1.20.1)
4835:             1             16  net.minecraft.world.level.block.Blocks$$Lambda$1731/0x0000000800798d20 (minecraft@1.20.1)
4836:             1             16  net.minecraft.world.level.block.Blocks$$Lambda$1732/0x0000000800798f40 (minecraft@1.20.1)
4837:             1             16  net.minecraft.world.level.block.Blocks$$Lambda$1733/0x0000000800799160 (minecraft@1.20.1)
4838:             1             16  net.minecraft.world.level.block.Blocks$$Lambda$1734/0x0000000800799380 (minecraft@1.20.1)
4839:             1             16  net.minecraft.world.level.block.Blocks$$Lambda$1735/0x00000008007995a0 (minecraft@1.20.1)
4840:             1             16  net.minecraft.world.level.block.Blocks$$Lambda$1736/0x00000008007997c0 (minecraft@1.20.1)
4841:             1             16  net.minecraft.world.level.block.Blocks$$Lambda$1737/0x00000008007999e0 (minecraft@1.20.1)
4842:             1             16  net.minecraft.world.level.block.Blocks$$Lambda$1739/0x000000080079a560 (minecraft@1.20.1)
4843:             1             16  net.minecraft.world.level.block.Blocks$$Lambda$1740/0x00000008007a1d60 (minecraft@1.20.1)
4844:             1             16  net.minecraft.world.level.block.Blocks$$Lambda$1741/0x00000008007a2400 (minecraft@1.20.1)
4845:             1             16  net.minecraft.world.level.block.Blocks$$Lambda$1742/0x00000008007a2620 (minecraft@1.20.1)
4846:             1             16  net.minecraft.world.level.block.Blocks$$Lambda$1743/0x00000008007a3398 (minecraft@1.20.1)
4847:             1             16  net.minecraft.world.level.block.Blocks$$Lambda$1744/0x00000008007a35b8 (minecraft@1.20.1)
4848:             1             16  net.minecraft.world.level.block.Blocks$$Lambda$1745/0x00000008007a6778 (minecraft@1.20.1)
4849:             1             16  net.minecraft.world.level.block.Blocks$$Lambda$1746/0x00000008007a6998 (minecraft@1.20.1)
4850:             1             16  net.minecraft.world.level.block.Blocks$$Lambda$1748/0x00000008007a72a0 (minecraft@1.20.1)
4851:             1             16  net.minecraft.world.level.block.Blocks$$Lambda$1749/0x00000008007a74c0 (minecraft@1.20.1)
4852:             1             16  net.minecraft.world.level.block.Blocks$$Lambda$1750/0x00000008007a76e0 (minecraft@1.20.1)
4853:             1             16  net.minecraft.world.level.block.Blocks$$Lambda$1752/0x00000008007a8b90 (minecraft@1.20.1)
4854:             1             16  net.minecraft.world.level.block.Blocks$$Lambda$1757/0x00000008007a9668 (minecraft@1.20.1)
4855:             1             16  net.minecraft.world.level.block.Blocks$$Lambda$1760/0x00000008007a9cc8 (minecraft@1.20.1)
4856:             1             16  net.minecraft.world.level.block.Blocks$$Lambda$1761/0x00000008007a9ee8 (minecraft@1.20.1)
4857:             1             16  net.minecraft.world.level.block.Blocks$$Lambda$1762/0x00000008007aa108 (minecraft@1.20.1)
4858:             1             16  net.minecraft.world.level.block.Blocks$$Lambda$1763/0x00000008007aa328 (minecraft@1.20.1)
4859:             1             16  net.minecraft.world.level.block.Blocks$$Lambda$1764/0x00000008007aa548 (minecraft@1.20.1)
4860:             1             16  net.minecraft.world.level.block.Blocks$$Lambda$1765/0x00000008007aa768 (minecraft@1.20.1)
4861:             1             16  net.minecraft.world.level.block.Blocks$$Lambda$1766/0x00000008007aa988 (minecraft@1.20.1)
4862:             1             16  net.minecraft.world.level.block.Blocks$$Lambda$1767/0x00000008007aaba8 (minecraft@1.20.1)
4863:             1             16  net.minecraft.world.level.block.Blocks$$Lambda$1768/0x00000008007aadc8 (minecraft@1.20.1)
4864:             1             16  net.minecraft.world.level.block.Blocks$$Lambda$1770/0x00000008007abae8 (minecraft@1.20.1)
4865:             1             16  net.minecraft.world.level.block.Blocks$$Lambda$1771/0x00000008007abd08 (minecraft@1.20.1)
4866:             1             16  net.minecraft.world.level.block.Blocks$$Lambda$1772/0x00000008007b0e70 (minecraft@1.20.1)
4867:             1             16  net.minecraft.world.level.block.Blocks$$Lambda$1775/0x00000008007b2e38 (minecraft@1.20.1)
4868:             1             16  net.minecraft.world.level.block.Blocks$$Lambda$1779/0x00000008007b3900 (minecraft@1.20.1)
4869:             1             16  net.minecraft.world.level.block.Blocks$$Lambda$1780/0x00000008007b3b20 (minecraft@1.20.1)
4870:             1             16  net.minecraft.world.level.block.Blocks$$Lambda$1781/0x00000008007b3d40 (minecraft@1.20.1)
4871:             1             16  net.minecraft.world.level.block.Blocks$$Lambda$1782/0x00000008007b8000 (minecraft@1.20.1)
4872:             1             16  net.minecraft.world.level.block.Blocks$$Lambda$1783/0x00000008007b8220 (minecraft@1.20.1)
4873:             1             16  net.minecraft.world.level.block.Blocks$$Lambda$1784/0x00000008007b8440 (minecraft@1.20.1)
4874:             1             16  net.minecraft.world.level.block.Blocks$$Lambda$1785/0x00000008007b8660 (minecraft@1.20.1)
4875:             1             16  net.minecraft.world.level.block.CandleBlock$$Lambda$1758/0x00000008007a9888 (minecraft@1.20.1)
4876:             1             16  net.minecraft.world.level.block.CandleBlock$$Lambda$1759/0x00000008007a9aa8 (minecraft@1.20.1)
4877:             1             16  net.minecraft.world.level.block.CarvedPumpkinBlock$$Lambda$1655/0x0000000800776c28 (minecraft@1.20.1)
4878:             1             16  net.minecraft.world.level.block.ChestBlock$1 (minecraft@1.20.1)
4879:             1             16  net.minecraft.world.level.block.ChestBlock$2 (minecraft@1.20.1)
4880:             1             16  net.minecraft.world.level.block.ComposterBlock$$Lambda$1751/0x00000008007a84b8 (minecraft@1.20.1)
4881:             1             16  net.minecraft.world.level.block.CrossCollisionBlock$$Lambda$1644/0x0000000800774e98 (minecraft@1.20.1)
4882:             1             16  net.minecraft.world.level.block.CrossCollisionBlock$$Lambda$1645/0x00000008007750e8 (minecraft@1.20.1)
4883:             1             16  net.minecraft.world.level.block.DispenserBlock$$Lambda$1549/0x000000080073b8c8 (minecraft@1.20.1)
4884:             1             16  net.minecraft.world.level.block.EnchantmentTableBlock$$Lambda$1689/0x000000080078c270 (minecraft@1.20.1)
4885:             1             16  net.minecraft.world.level.block.EnchantmentTableBlock$$Lambda$1690/0x000000080078c4c0 (minecraft@1.20.1)
4886:             1             16  net.minecraft.world.level.block.EnderChestBlock$$Lambda$1709/0x000000080078b4d0 (minecraft@1.20.1)
4887:             1             16  net.minecraft.world.level.block.FireBlock$$Lambda$1448/0x0000000800678ca0 (minecraft@1.20.1)
4888:             1             16  net.minecraft.world.level.block.FireBlock$$Lambda$1629/0x0000000800762a38 (minecraft@1.20.1)
4889:             1             16  net.minecraft.world.level.block.FireBlock$$Lambda$1630/0x0000000800762c88 (minecraft@1.20.1)
4890:             1             16  net.minecraft.world.level.block.FlowerPotBlock$$Lambda$1713/0x0000000800790920 (minecraft@1.20.1)
4891:             1             16  net.minecraft.world.level.block.GlowLichenBlock$$Lambda$1680/0x00000008007850b0 (minecraft@1.20.1)
4892:             1             16  net.minecraft.world.level.block.LayeredCauldronBlock$$Lambda$1701/0x000000080078f5a0 (minecraft@1.20.1)
4893:             1             16  net.minecraft.world.level.block.LayeredCauldronBlock$$Lambda$1702/0x000000080078f7f0 (minecraft@1.20.1)
4894:             1             16  net.minecraft.world.level.block.LightBlock$$Lambda$1720/0x0000000800796a48 (minecraft@1.20.1)
4895:             1             16  net.minecraft.world.level.block.MultifaceBlock$$Lambda$1679/0x0000000800784e80 (minecraft@1.20.1)
4896:             1             16  net.minecraft.world.level.block.MultifaceBlock$$Lambda$1682/0x0000000800785528 (minecraft@1.20.1)
4897:             1             16  net.minecraft.world.level.block.MultifaceSpreader$DefaultSpreaderConfig (minecraft@1.20.1)
4898:             1             16  net.minecraft.world.level.block.PipeBlock$$Lambda$1447/0x0000000800678a70 (minecraft@1.20.1)
4899:             1             16  net.minecraft.world.level.block.RedStoneWireBlock$$Lambda$1637/0x0000000800767370 (minecraft@1.20.1)
4900:             1             16  net.minecraft.world.level.block.RespawnAnchorBlock$$Lambda$1753/0x00000008007a91e8 (minecraft@1.20.1)
4901:             1             16  net.minecraft.world.level.block.RespawnAnchorBlock$$Lambda$1756/0x00000008007a9428 (minecraft@1.20.1)
4902:             1             16  net.minecraft.world.level.block.SculkBehaviour$1 (minecraft@1.20.1)
4903:             1             16  net.minecraft.world.level.block.SculkSensorBlock$$Lambda$1769/0x00000008007ab8b8 (minecraft@1.20.1)
4904:             1             16  net.minecraft.world.level.block.ShulkerBoxBlock$$Lambda$1738/0x000000080079a330 (minecraft@1.20.1)
4905:             1             16  net.minecraft.world.level.block.StairBlock$$Lambda$1634/0x00000008007639a8 (minecraft@1.20.1)
4906:             1             16  net.minecraft.world.level.block.TrappedChestBlock$$Lambda$1717/0x0000000800794980 (minecraft@1.20.1)
4907:             1             16  net.minecraft.world.level.block.VineBlock$$Lambda$1677/0x00000008007849f0 (minecraft@1.20.1)
4908:             1             16  net.minecraft.world.level.block.VineBlock$$Lambda$1678/0x0000000800784c40 (minecraft@1.20.1)
4909:             1             16  net.minecraft.world.level.block.WeatheringCopper$$Lambda$1773/0x00000008007b17a0 (minecraft@1.20.1)
4910:             1             16  net.minecraft.world.level.block.WeatheringCopper$$Lambda$1774/0x00000008007b19d8 (minecraft@1.20.1)
4911:             1             16  net.minecraft.world.level.block.grower.AcaciaTreeGrower (minecraft@1.20.1)
4912:             1             16  net.minecraft.world.level.block.grower.AzaleaTreeGrower (minecraft@1.20.1)
4913:             1             16  net.minecraft.world.level.block.grower.BirchTreeGrower (minecraft@1.20.1)
4914:             1             16  net.minecraft.world.level.block.grower.CherryTreeGrower (minecraft@1.20.1)
4915:             1             16  net.minecraft.world.level.block.grower.DarkOakTreeGrower (minecraft@1.20.1)
4916:             1             16  net.minecraft.world.level.block.grower.JungleTreeGrower (minecraft@1.20.1)
4917:             1             16  net.minecraft.world.level.block.grower.MangroveTreeGrower (minecraft@1.20.1)
4918:             1             16  net.minecraft.world.level.block.grower.OakTreeGrower (minecraft@1.20.1)
4919:             1             16  net.minecraft.world.level.block.grower.SpruceTreeGrower (minecraft@1.20.1)
4920:             1             16  net.minecraft.world.level.block.piston.PistonHeadBlock$$Lambda$1577/0x0000000800743518 (minecraft@1.20.1)
4921:             1             16  net.minecraft.world.level.block.state.BlockBehaviour$Properties$$Lambda$1451/0x00000008006b7ca0 (minecraft@1.20.1)
4922:             1             16  net.minecraft.world.level.block.state.BlockBehaviour$Properties$$Lambda$1452/0x00000008006f7c50 (minecraft@1.20.1)
4923:             1             16  net.minecraft.world.level.block.state.BlockBehaviour$Properties$$Lambda$1453/0x00000008006bf968 (minecraft@1.20.1)
4924:             1             16  net.minecraft.world.level.block.state.BlockBehaviour$Properties$$Lambda$1454/0x00000008006bfd88 (minecraft@1.20.1)
4925:             1             16  net.minecraft.world.level.block.state.BlockBehaviour$Properties$$Lambda$1455/0x00000008006ff948 (minecraft@1.20.1)
4926:             1             16  net.minecraft.world.level.block.state.BlockBehaviour$Properties$$Lambda$1456/0x00000008006ffb68 (minecraft@1.20.1)
4927:             1             16  net.minecraft.world.level.block.state.BlockBehaviour$Properties$$Lambda$1457/0x00000008006ffd88 (minecraft@1.20.1)
4928:             1             16  net.minecraft.world.level.block.state.BlockBehaviour$Properties$$Lambda$1494/0x00000008007293a0 (minecraft@1.20.1)
4929:             1             16  net.minecraft.world.level.block.state.BlockBehaviour$Properties$$Lambda$1575/0x00000008007430b8 (minecraft@1.20.1)
4930:             1             16  net.minecraft.world.level.block.state.BlockState$$Lambda$1474/0x000000080071f680 (minecraft@1.20.1)
4931:             1             16  net.minecraft.world.level.block.state.StateDefinition$$Lambda$1466/0x000000080071e000 (minecraft@1.20.1)
4932:             1             16  net.minecraft.world.level.block.state.StateDefinition$$Lambda$1467/0x000000080071e240 (minecraft@1.20.1)
4933:             1             16  net.minecraft.world.level.block.state.StateDefinition$$Lambda$1484/0x00000008007222b0 (minecraft@1.20.1)
4934:             1             16  net.minecraft.world.level.block.state.StateHolder$$Lambda$1475/0x000000080071f8c0 (minecraft@1.20.1)
4935:             1             16  net.minecraft.world.level.block.state.StateHolder$1 (minecraft@1.20.1)
4936:             1             16  net.minecraft.world.level.block.state.properties.BlockStateProperties$$Lambda$1434/0x0000000800663988 (minecraft@1.20.1)
4937:             1             16  net.minecraft.world.level.block.state.properties.BlockStateProperties$$Lambda$1436/0x00000008006724f0 (minecraft@1.20.1)
4938:             1             16  net.minecraft.world.level.block.state.properties.EnumProperty$$Lambda$1433/0x0000000800663470 (minecraft@1.20.1)
4939:             1             16  net.minecraft.world.level.block.state.properties.Property$$Lambda$1432/0x0000000800663230 (minecraft@1.20.1)
4940:             1             16  net.minecraft.world.level.gameevent.PositionSource$$Lambda$1614/0x0000000800760200 (minecraft@1.20.1)
4941:             1             16  net.minecraft.world.level.gameevent.PositionSource$$Lambda$1615/0x0000000800760440 (minecraft@1.20.1)
4942:             1             16  net.minecraft.world.level.levelgen.RandomSupport$$Lambda$1235/0x00000008005a1b30 (minecraft@1.20.1)
4943:             1             16  net.minecraft.world.level.material.FlowingFluid$$Lambda$1483/0x0000000800721e98 (minecraft@1.20.1)
4944:             1             16  net.minecraft.world.level.material.Fluid$$Lambda$1480/0x0000000800720cf8 (minecraft@1.20.1)
4945:             1             16  net.minecraft.world.level.material.Fluid$$Lambda$1481/0x0000000800720f38 (minecraft@1.20.1)
4946:             1             16  net.minecraft.world.level.material.FluidState$$Lambda$1482/0x0000000800721158 (minecraft@1.20.1)
4947:             1             16  net.minecraft.world.phys.Vec3$$Lambda$1594/0x000000080075b180 (minecraft@1.20.1)
4948:             1             16  net.minecraft.world.phys.Vec3$$Lambda$1595/0x000000080075b3c0 (minecraft@1.20.1)
4949:             1             16  net.minecraft.world.phys.shapes.BooleanOp$$Lambda$1551/0x000000080073d658 (minecraft@1.20.1)
4950:             1             16  net.minecraft.world.phys.shapes.BooleanOp$$Lambda$1552/0x000000080073d878 (minecraft@1.20.1)
4951:             1             16  net.minecraft.world.phys.shapes.BooleanOp$$Lambda$1553/0x000000080073da98 (minecraft@1.20.1)
4952:             1             16  net.minecraft.world.phys.shapes.BooleanOp$$Lambda$1554/0x000000080073dcb8 (minecraft@1.20.1)
4953:             1             16  net.minecraft.world.phys.shapes.BooleanOp$$Lambda$1555/0x000000080073ded8 (minecraft@1.20.1)
4954:             1             16  net.minecraft.world.phys.shapes.BooleanOp$$Lambda$1556/0x000000080073e0f8 (minecraft@1.20.1)
4955:             1             16  net.minecraft.world.phys.shapes.BooleanOp$$Lambda$1557/0x000000080073e318 (minecraft@1.20.1)
4956:             1             16  net.minecraft.world.phys.shapes.BooleanOp$$Lambda$1558/0x000000080073e538 (minecraft@1.20.1)
4957:             1             16  net.minecraft.world.phys.shapes.BooleanOp$$Lambda$1559/0x000000080073e758 (minecraft@1.20.1)
4958:             1             16  net.minecraft.world.phys.shapes.BooleanOp$$Lambda$1560/0x000000080073e978 (minecraft@1.20.1)
4959:             1             16  net.minecraft.world.phys.shapes.BooleanOp$$Lambda$1561/0x000000080073eb98 (minecraft@1.20.1)
4960:             1             16  net.minecraft.world.phys.shapes.BooleanOp$$Lambda$1562/0x000000080073edb8 (minecraft@1.20.1)
4961:             1             16  net.minecraft.world.phys.shapes.BooleanOp$$Lambda$1563/0x000000080073efd8 (minecraft@1.20.1)
4962:             1             16  net.minecraft.world.phys.shapes.BooleanOp$$Lambda$1564/0x000000080073f1f8 (minecraft@1.20.1)
4963:             1             16  net.minecraft.world.phys.shapes.BooleanOp$$Lambda$1565/0x000000080073f418 (minecraft@1.20.1)
4964:             1             16  net.minecraft.world.phys.shapes.BooleanOp$$Lambda$1566/0x000000080073f638 (minecraft@1.20.1)
4965:             1             16  net.minecraft.world.phys.shapes.Shapes$$Lambda$1428/0x0000000800662520 (minecraft@1.20.1)
4966:             1             16  net.minecraft.world.phys.shapes.Shapes$$Lambda$1550/0x000000080073d210 (minecraft@1.20.1)
4967:             1             16  net.minecraftforge.accesstransformer.AccessTransformer$FinalState$$Lambda$857/0x000000080047ad68 (accesstransformers@8.0.4)
4968:             1             16  net.minecraftforge.accesstransformer.AccessTransformer$FinalState$$Lambda$858/0x000000080047af88 (accesstransformers@8.0.4)
4969:             1             16  net.minecraftforge.accesstransformer.AccessTransformer$FinalState$$Lambda$859/0x000000080047b1a8 (accesstransformers@8.0.4)
4970:             1             16  net.minecraftforge.accesstransformer.AccessTransformer$FinalState$$Lambda$860/0x000000080047b3c8 (accesstransformers@8.0.4)
4971:             1             16  net.minecraftforge.accesstransformer.AccessTransformer$Modifier$$Lambda$856/0x000000080047a8f0 (accesstransformers@8.0.4)
4972:             1             16  net.minecraftforge.accesstransformer.AccessTransformerEngine$$Lambda$1014/0x000000080054d1f8 (accesstransformers@8.0.4)
4973:             1             16  net.minecraftforge.accesstransformer.AccessTransformerEngine$$Lambda$1017/0x000000080054d8e8 (accesstransformers@8.0.4)
4974:             1             16  net.minecraftforge.accesstransformer.MethodTarget$$Lambda$854/0x0000000800479bf0 (accesstransformers@8.0.4)
4975:             1             16  net.minecraftforge.accesstransformer.MethodTarget$$Lambda$855/0x0000000800479e30 (accesstransformers@8.0.4)
4976:             1             16  net.minecraftforge.accesstransformer.parser.AccessTransformVisitor$$Lambda$853/0x00000008004799b0 (accesstransformers@8.0.4)
4977:             1             16  net.minecraftforge.accesstransformer.parser.AccessTransformerList$$Lambda$1005/0x0000000800547c80 (accesstransformers@8.0.4)
4978:             1             16  net.minecraftforge.accesstransformer.parser.AccessTransformerList$$Lambda$1006/0x000000080054c000 (accesstransformers@8.0.4)
4979:             1             16  net.minecraftforge.accesstransformer.parser.AccessTransformerList$$Lambda$1007/0x000000080054c240 (accesstransformers@8.0.4)
4980:             1             16  net.minecraftforge.accesstransformer.parser.AccessTransformerList$$Lambda$1008/0x000000080054c460 (accesstransformers@8.0.4)
4981:             1             16  net.minecraftforge.accesstransformer.parser.AccessTransformerList$$Lambda$863/0x000000080047c090 (accesstransformers@8.0.4)
4982:             1             16  net.minecraftforge.accesstransformer.service.AccessTransformerService (accesstransformers@8.0.4)
4983:             1             16  net.minecraftforge.common.IExtensibleEnum$$Lambda$1795/0x00000008007fa170 (forge@47.4.13)
4984:             1             16  net.minecraftforge.coremod.CoreMod$$Lambda$920/0x0000000800500de0 (net.minecraftforge.coremod)
4985:             1             16  net.minecraftforge.coremod.CoreMod$$Lambda$921/0x0000000800501020 (net.minecraftforge.coremod)
4986:             1             16  net.minecraftforge.coremod.CoreModEngine (net.minecraftforge.coremod)
4987:             1             16  net.minecraftforge.coremod.CoreModEngine$$Lambda$913/0x00000008004ef660 (net.minecraftforge.coremod)
4988:             1             16  net.minecraftforge.coremod.CoreModEngine$$Lambda$914/0x00000008004ef8a0 (net.minecraftforge.coremod)
4989:             1             16  net.minecraftforge.coremod.CoreModProvider (net.minecraftforge.coremod)
4990:             1             16  net.minecraftforge.coremod.CoreModTracker$$Lambda$899/0x00000008004c4620 (net.minecraftforge.coremod)
4991:             1             16  net.minecraftforge.coremod.NashornFactory$$Lambda$808/0x00000008003d9f30 (net.minecraftforge.coremod)
4992:             1             16  net.minecraftforge.coremod.api.ASMAPI$$Lambda$909/0x00000008004ed9f8 (net.minecraftforge.coremod)
4993:             1             16  net.minecraftforge.coremod.api.ASMAPI$$Lambda$910/0x00000008004edc38 (net.minecraftforge.coremod)
4994:             1             16  net.minecraftforge.eventbus.EventAccessTransformer (net.minecraftforge.eventbus)
4995:             1             16  net.minecraftforge.eventbus.EventAccessTransformer$$Lambda$961/0x0000000800523418 (net.minecraftforge.eventbus)
4996:             1             16  net.minecraftforge.eventbus.EventAccessTransformer$$Lambda$963/0x00000008005238a0 (net.minecraftforge.eventbus)
4997:             1             16  net.minecraftforge.eventbus.EventAccessTransformer$$Lambda$967/0x0000000800524198 (net.minecraftforge.eventbus)
4998:             1             16  net.minecraftforge.eventbus.EventSubclassTransformer (net.minecraftforge.eventbus)
4999:             1             16  net.minecraftforge.eventbus.service.ModLauncherService (net.minecraftforge.eventbus)
5000:             1             16  net.minecraftforge.eventbus.service.ModLauncherService$$Lambda$956/0x000000080050fa48 (net.minecraftforge.eventbus)
5001:             1             16  net.minecraftforge.fml.ModLoadingContext$$Lambda$1443/0x00000008005c88d8 (fmlcore@1.20.1-47.4.13)
5002:             1             16  net.minecraftforge.fml.common.asm.CapabilityTokenSubclass (fmlloader@1.20.1-47.4.13)
5003:             1             16  net.minecraftforge.fml.common.asm.ObjectHolderDefinalize (fmlloader@1.20.1-47.4.13)
5004:             1             16  net.minecraftforge.fml.common.asm.ObjectHolderDefinalize$$Lambda$1437/0x000000080066e600 (fmlloader@1.20.1-47.4.13)
5005:             1             16  net.minecraftforge.fml.common.asm.ObjectHolderDefinalize$$Lambda$356/0x00000008002b53e8 (fmlloader@1.20.1-47.4.13)
5006:             1             16  net.minecraftforge.fml.common.asm.ObjectHolderDefinalize$$Lambda$357/0x00000008002b5628 (fmlloader@1.20.1-47.4.13)
5007:             1             16  net.minecraftforge.fml.common.asm.ObjectHolderDefinalize$$Lambda$985/0x0000000800526b68 (fmlloader@1.20.1-47.4.13)
5008:             1             16  net.minecraftforge.fml.common.asm.RuntimeEnumExtender (fmlloader@1.20.1-47.4.13)
5009:             1             16  net.minecraftforge.fml.common.asm.RuntimeEnumExtender$$Lambda$1787/0x00000008007b4928 (fmlloader@1.20.1-47.4.13)
5010:             1             16  net.minecraftforge.fml.earlydisplay.DisplayWindow$$Lambda$1018/0x000000080054db18 (fmlearlydisplay@1.20.1-47.4.13)
5011:             1             16  net.minecraftforge.fml.earlydisplay.DisplayWindow$$Lambda$433/0x000000080031dcf8 (fmlearlydisplay@1.20.1-47.4.13)
5012:             1             16  net.minecraftforge.fml.earlydisplay.DisplayWindow$$Lambda$437/0x000000080031f9b8 (fmlearlydisplay@1.20.1-47.4.13)
5013:             1             16  net.minecraftforge.fml.earlydisplay.DisplayWindow$$Lambda$455/0x000000080032cc48 (fmlearlydisplay@1.20.1-47.4.13)
5014:             1             16  net.minecraftforge.fml.earlydisplay.DisplayWindow$$Lambda$458/0x000000080032e200 (fmlearlydisplay@1.20.1-47.4.13)
5015:             1             16  net.minecraftforge.fml.earlydisplay.DisplayWindow$$Lambda$459/0x0000000800330eb0 (fmlearlydisplay@1.20.1-47.4.13)
5016:             1             16  net.minecraftforge.fml.earlydisplay.DisplayWindow$$Lambda$460/0x0000000800331908 (fmlearlydisplay@1.20.1-47.4.13)
5017:             1             16  net.minecraftforge.fml.earlydisplay.DisplayWindow$$Lambda$462/0x0000000800332388 (fmlearlydisplay@1.20.1-47.4.13)
5018:             1             16  net.minecraftforge.fml.earlydisplay.DisplayWindow$$Lambda$613/0x0000000800385de8 (fmlearlydisplay@1.20.1-47.4.13)
5019:             1             16  net.minecraftforge.fml.earlydisplay.DisplayWindow$$Lambda$614/0x0000000800386010 (fmlearlydisplay@1.20.1-47.4.13)
5020:             1             16  net.minecraftforge.fml.earlydisplay.DisplayWindow$$Lambda$615/0x0000000800386238 (fmlearlydisplay@1.20.1-47.4.13)
5021:             1             16  net.minecraftforge.fml.earlydisplay.DisplayWindow$$Lambda$953/0x000000080050f188 (fmlearlydisplay@1.20.1-47.4.13)
5022:             1             16  net.minecraftforge.fml.earlydisplay.RenderElement$$Lambda$600/0x000000080037d290 (fmlearlydisplay@1.20.1-47.4.13)
5023:             1             16  net.minecraftforge.fml.earlydisplay.RenderElement$$Lambda$605/0x0000000800384c50 (fmlearlydisplay@1.20.1-47.4.13)
5024:             1             16  net.minecraftforge.fml.earlydisplay.RenderElement$$Lambda$610/0x0000000800385740 (fmlearlydisplay@1.20.1-47.4.13)
5025:             1             16  net.minecraftforge.fml.earlydisplay.RenderElement$$Lambda$612/0x0000000800385bb0 (fmlearlydisplay@1.20.1-47.4.13)
5026:             1             16  net.minecraftforge.fml.earlydisplay.RenderElement$$Lambda$625/0x0000000800382ef8 (fmlearlydisplay@1.20.1-47.4.13)
5027:             1             16  net.minecraftforge.fml.earlydisplay.SimpleBufferBuilder$Format$$Lambda$602/0x00000008003841f8 (fmlearlydisplay@1.20.1-47.4.13)
5028:             1             16  net.minecraftforge.fml.javafmlmod.FMLJavaModLanguageProvider (javafmllanguage@1.20.1-47.4.13)
5029:             1             16  net.minecraftforge.fml.javafmlmod.FMLJavaModLanguageProvider$$Lambda$1021/0x00000008005128e8 (javafmllanguage@1.20.1-47.4.13)
5030:             1             16  net.minecraftforge.fml.javafmlmod.FMLJavaModLanguageProvider$$Lambda$1022/0x0000000800512b18 (javafmllanguage@1.20.1-47.4.13)
5031:             1             16  net.minecraftforge.fml.javafmlmod.FMLJavaModLanguageProvider$$Lambda$1023/0x0000000800512d68 (javafmllanguage@1.20.1-47.4.13)
5032:             1             16  net.minecraftforge.fml.javafmlmod.FMLJavaModLanguageProvider$$Lambda$1024/0x00000008005131d0 (javafmllanguage@1.20.1-47.4.13)
5033:             1             16  net.minecraftforge.fml.javafmlmod.FMLJavaModLanguageProvider$$Lambda$1025/0x0000000800513698 (javafmllanguage@1.20.1-47.4.13)
5034:             1             16  net.minecraftforge.fml.javafmlmod.FMLJavaModLanguageProvider$$Lambda$1026/0x00000008005138d8 (javafmllanguage@1.20.1-47.4.13)
5035:             1             16  net.minecraftforge.fml.loading.ClasspathTransformerDiscoverer$$Lambda$374/0x0000000800300498 (fmlloader@1.20.1-47.4.13)
5036:             1             16  net.minecraftforge.fml.loading.FMLConfig (fmlloader@1.20.1-47.4.13)
5037:             1             16  net.minecraftforge.fml.loading.FMLConfig$ConfigValue$$Lambda$382/0x00000008003079a0 (fmlloader@1.20.1-47.4.13)
5038:             1             16  net.minecraftforge.fml.loading.FMLConfig$ConfigValue$$Lambda$384/0x0000000800305690 (fmlloader@1.20.1-47.4.13)
5039:             1             16  net.minecraftforge.fml.loading.FMLEnvironment$$Lambda$510/0x0000000800351f40 (fmlloader@1.20.1-47.4.13)
5040:             1             16  net.minecraftforge.fml.loading.FMLEnvironment$$Lambda$511/0x0000000800352180 (fmlloader@1.20.1-47.4.13)
5041:             1             16  net.minecraftforge.fml.loading.FMLLoader$$Lambda$474/0x0000000800337b88 (fmlloader@1.20.1-47.4.13)
5042:             1             16  net.minecraftforge.fml.loading.FMLLoader$$Lambda$475/0x0000000800337dc8 (fmlloader@1.20.1-47.4.13)
5043:             1             16  net.minecraftforge.fml.loading.FMLLoader$$Lambda$476/0x0000000800335000 (fmlloader@1.20.1-47.4.13)
5044:             1             16  net.minecraftforge.fml.loading.FMLLoader$$Lambda$477/0x0000000800335220 (fmlloader@1.20.1-47.4.13)
5045:             1             16  net.minecraftforge.fml.loading.FMLLoader$$Lambda$478/0x0000000800335640 (fmlloader@1.20.1-47.4.13)
5046:             1             16  net.minecraftforge.fml.loading.FMLPaths$$Lambda$504/0x000000080034d4b0 (fmlloader@1.20.1-47.4.13)
5047:             1             16  net.minecraftforge.fml.loading.FMLServiceProvider$$Lambda$467/0x0000000800333c10 (fmlloader@1.20.1-47.4.13)
5048:             1             16  net.minecraftforge.fml.loading.FMLServiceProvider$$Lambda$505/0x000000080034df20 (fmlloader@1.20.1-47.4.13)
5049:             1             16  net.minecraftforge.fml.loading.FMLServiceProvider$$Lambda$506/0x000000080034ec90 (fmlloader@1.20.1-47.4.13)
5050:             1             16  net.minecraftforge.fml.loading.ImmediateWindowHandler$$Lambda$432/0x000000080031d180 (fmlloader@1.20.1-47.4.13)
5051:             1             16  net.minecraftforge.fml.loading.ImmediateWindowHandler$Wrapper (fmlloader@1.20.1-47.4.13)
5052:             1             16  net.minecraftforge.fml.loading.LanguageLoadingProvider$$Lambda$757/0x00000008003cea40 (fmlloader@1.20.1-47.4.13)
5053:             1             16  net.minecraftforge.fml.loading.LanguageLoadingProvider$$Lambda$759/0x00000008003d0000 (fmlloader@1.20.1-47.4.13)
5054:             1             16  net.minecraftforge.fml.loading.LoadingModList$$Lambda$795/0x00000008003d5a68 (fmlloader@1.20.1-47.4.13)
5055:             1             16  net.minecraftforge.fml.loading.LoadingModList$$Lambda$798/0x00000008003d8248 (fmlloader@1.20.1-47.4.13)
5056:             1             16  net.minecraftforge.fml.loading.LoadingModList$$Lambda$799/0x00000008003d8488 (fmlloader@1.20.1-47.4.13)
5057:             1             16  net.minecraftforge.fml.loading.LoadingModList$$Lambda$801/0x00000008003d8910 (fmlloader@1.20.1-47.4.13)
5058:             1             16  net.minecraftforge.fml.loading.LoadingModList$$Lambda$802/0x00000008003d8b50 (fmlloader@1.20.1-47.4.13)
5059:             1             16  net.minecraftforge.fml.loading.LoadingModList$$Lambda$803/0x00000008003d8d90 (fmlloader@1.20.1-47.4.13)
5060:             1             16  net.minecraftforge.fml.loading.LoadingModList$$Lambda$804/0x00000008003d8fd0 (fmlloader@1.20.1-47.4.13)
5061:             1             16  net.minecraftforge.fml.loading.LoadingModList$$Lambda$805/0x00000008003d9210 (fmlloader@1.20.1-47.4.13)
5062:             1             16  net.minecraftforge.fml.loading.LoadingModList$$Lambda$848/0x0000000800457be8 (fmlloader@1.20.1-47.4.13)
5063:             1             16  net.minecraftforge.fml.loading.LoadingModList$$Lambda$849/0x000000080045c000 (fmlloader@1.20.1-47.4.13)
5064:             1             16  net.minecraftforge.fml.loading.LoadingModList$$Lambda$865/0x000000080047cb78 (fmlloader@1.20.1-47.4.13)
5065:             1             16  net.minecraftforge.fml.loading.ModDirTransformerDiscoverer$$Lambda$407/0x0000000800315780 (fmlloader@1.20.1-47.4.13)
5066:             1             16  net.minecraftforge.fml.loading.ModDirTransformerDiscoverer$$Lambda$409/0x0000000800315fe0 (fmlloader@1.20.1-47.4.13)
5067:             1             16  net.minecraftforge.fml.loading.ModDirTransformerDiscoverer$$Lambda$544/0x0000000800360970 (fmlloader@1.20.1-47.4.13)
5068:             1             16  net.minecraftforge.fml.loading.ModSorter$$Lambda$765/0x00000008003d1e18 (fmlloader@1.20.1-47.4.13)
5069:             1             16  net.minecraftforge.fml.loading.ModSorter$$Lambda$766/0x00000008003d2068 (fmlloader@1.20.1-47.4.13)
5070:             1             16  net.minecraftforge.fml.loading.ModSorter$$Lambda$767/0x00000008003d22a8 (fmlloader@1.20.1-47.4.13)
5071:             1             16  net.minecraftforge.fml.loading.ModSorter$$Lambda$768/0x00000008003d24e8 (fmlloader@1.20.1-47.4.13)
5072:             1             16  net.minecraftforge.fml.loading.ModSorter$$Lambda$769/0x00000008003d2728 (fmlloader@1.20.1-47.4.13)
5073:             1             16  net.minecraftforge.fml.loading.ModSorter$$Lambda$770/0x00000008003d2968 (fmlloader@1.20.1-47.4.13)
5074:             1             16  net.minecraftforge.fml.loading.ModSorter$$Lambda$771/0x00000008003d2ba8 (fmlloader@1.20.1-47.4.13)
5075:             1             16  net.minecraftforge.fml.loading.ModSorter$$Lambda$773/0x00000008003d3030 (fmlloader@1.20.1-47.4.13)
5076:             1             16  net.minecraftforge.fml.loading.ModSorter$$Lambda$774/0x00000008003d3280 (fmlloader@1.20.1-47.4.13)
5077:             1             16  net.minecraftforge.fml.loading.ModSorter$$Lambda$775/0x00000008003d34c0 (fmlloader@1.20.1-47.4.13)
5078:             1             16  net.minecraftforge.fml.loading.ModSorter$$Lambda$776/0x00000008003d3700 (fmlloader@1.20.1-47.4.13)
5079:             1             16  net.minecraftforge.fml.loading.ModSorter$$Lambda$777/0x00000008003d3940 (fmlloader@1.20.1-47.4.13)
5080:             1             16  net.minecraftforge.fml.loading.ModSorter$$Lambda$778/0x00000008003d3b70 (fmlloader@1.20.1-47.4.13)
5081:             1             16  net.minecraftforge.fml.loading.ModSorter$$Lambda$779/0x00000008003d3db0 (fmlloader@1.20.1-47.4.13)
5082:             1             16  net.minecraftforge.fml.loading.ModSorter$$Lambda$780/0x00000008003d6000 (fmlloader@1.20.1-47.4.13)
5083:             1             16  net.minecraftforge.fml.loading.ModSorter$$Lambda$781/0x00000008003d6240 (fmlloader@1.20.1-47.4.13)
5084:             1             16  net.minecraftforge.fml.loading.ModSorter$$Lambda$782/0x00000008003d6470 (fmlloader@1.20.1-47.4.13)
5085:             1             16  net.minecraftforge.fml.loading.ModSorter$$Lambda$785/0x00000008003d66b0 (fmlloader@1.20.1-47.4.13)
5086:             1             16  net.minecraftforge.fml.loading.ModSorter$$Lambda$786/0x00000008003d68e0 (fmlloader@1.20.1-47.4.13)
5087:             1             16  net.minecraftforge.fml.loading.ModSorter$$Lambda$787/0x00000008003d6b30 (fmlloader@1.20.1-47.4.13)
5088:             1             16  net.minecraftforge.fml.loading.ModSorter$$Lambda$790/0x00000008003d7230 (fmlloader@1.20.1-47.4.13)
5089:             1             16  net.minecraftforge.fml.loading.ModSorter$$Lambda$791/0x00000008003d7480 (fmlloader@1.20.1-47.4.13)
5090:             1             16  net.minecraftforge.fml.loading.ModSorter$$Lambda$794/0x00000008003d7d88 (fmlloader@1.20.1-47.4.13)
5091:             1             16  net.minecraftforge.fml.loading.RuntimeDistCleaner (fmlloader@1.20.1-47.4.13)
5092:             1             16  net.minecraftforge.fml.loading.RuntimeDistCleaner$$Lambda$509/0x0000000800351b08 (fmlloader@1.20.1-47.4.13)
5093:             1             16  net.minecraftforge.fml.loading.RuntimeDistCleaner$$Lambda$970/0x0000000800524878 (fmlloader@1.20.1-47.4.13)
5094:             1             16  net.minecraftforge.fml.loading.RuntimeDistCleaner$$Lambda$971/0x0000000800524ac8 (fmlloader@1.20.1-47.4.13)
5095:             1             16  net.minecraftforge.fml.loading.RuntimeDistCleaner$$Lambda$973/0x0000000800524f70 (fmlloader@1.20.1-47.4.13)
5096:             1             16  net.minecraftforge.fml.loading.RuntimeDistCleaner$$Lambda$974/0x00000008005251c0 (fmlloader@1.20.1-47.4.13)
5097:             1             16  net.minecraftforge.fml.loading.RuntimeDistCleaner$$Lambda$975/0x0000000800525410 (fmlloader@1.20.1-47.4.13)
5098:             1             16  net.minecraftforge.fml.loading.RuntimeDistCleaner$$Lambda$976/0x0000000800525660 (fmlloader@1.20.1-47.4.13)
5099:             1             16  net.minecraftforge.fml.loading.RuntimeDistCleaner$$Lambda$978/0x0000000800526000 (fmlloader@1.20.1-47.4.13)
5100:             1             16  net.minecraftforge.fml.loading.RuntimeDistCleaner$$Lambda$979/0x0000000800526250 (fmlloader@1.20.1-47.4.13)
5101:             1             16  net.minecraftforge.fml.loading.RuntimeDistCleaner$$Lambda$980/0x00000008005264a0 (fmlloader@1.20.1-47.4.13)
5102:             1             16  net.minecraftforge.fml.loading.RuntimeDistCleaner$$Lambda$981/0x00000008005266e0 (fmlloader@1.20.1-47.4.13)
5103:             1             16  net.minecraftforge.fml.loading.UniqueModListBuilder$$Lambda$663/0x0000000800396510 (fmlloader@1.20.1-47.4.13)
5104:             1             16  net.minecraftforge.fml.loading.UniqueModListBuilder$$Lambda$664/0x0000000800396760 (fmlloader@1.20.1-47.4.13)
5105:             1             16  net.minecraftforge.fml.loading.UniqueModListBuilder$$Lambda$665/0x00000008003969a0 (fmlloader@1.20.1-47.4.13)
5106:             1             16  net.minecraftforge.fml.loading.UniqueModListBuilder$$Lambda$666/0x0000000800396bf0 (fmlloader@1.20.1-47.4.13)
5107:             1             16  net.minecraftforge.fml.loading.UniqueModListBuilder$$Lambda$669/0x00000008003972c0 (fmlloader@1.20.1-47.4.13)
5108:             1             16  net.minecraftforge.fml.loading.UniqueModListBuilder$$Lambda$670/0x0000000800397510 (fmlloader@1.20.1-47.4.13)
5109:             1             16  net.minecraftforge.fml.loading.UniqueModListBuilder$$Lambda$671/0x0000000800397750 (fmlloader@1.20.1-47.4.13)
5110:             1             16  net.minecraftforge.fml.loading.UniqueModListBuilder$$Lambda$672/0x0000000800397990 (fmlloader@1.20.1-47.4.13)
5111:             1             16  net.minecraftforge.fml.loading.UniqueModListBuilder$$Lambda$673/0x0000000800397bd0 (fmlloader@1.20.1-47.4.13)
5112:             1             16  net.minecraftforge.fml.loading.UniqueModListBuilder$$Lambda$675/0x0000000800393248 (fmlloader@1.20.1-47.4.13)
5113:             1             16  net.minecraftforge.fml.loading.UniqueModListBuilder$$Lambda$676/0x0000000800393498 (fmlloader@1.20.1-47.4.13)
5114:             1             16  net.minecraftforge.fml.loading.UniqueModListBuilder$$Lambda$677/0x00000008003936d8 (fmlloader@1.20.1-47.4.13)
5115:             1             16  net.minecraftforge.fml.loading.UniqueModListBuilder$$Lambda$678/0x0000000800393928 (fmlloader@1.20.1-47.4.13)
5116:             1             16  net.minecraftforge.fml.loading.UniqueModListBuilder$$Lambda$679/0x0000000800393b68 (fmlloader@1.20.1-47.4.13)
5117:             1             16  net.minecraftforge.fml.loading.VersionSupportMatrix$$Lambda$764/0x00000008003d0f68 (fmlloader@1.20.1-47.4.13)
5118:             1             16  net.minecraftforge.fml.loading.log4j.ForgeHighlight$$Lambda$285/0x0000000800285950 (fmlloader@1.20.1-47.4.13)
5119:             1             16  net.minecraftforge.fml.loading.log4j.SLF4JFixerLaunchPluginService (fmlloader@1.20.1-47.4.13)
5120:             1             16  net.minecraftforge.fml.loading.moddiscovery.AbstractModProvider$$Lambda$551/0x0000000800361b08 (fmlloader@1.20.1-47.4.13)
5121:             1             16  net.minecraftforge.fml.loading.moddiscovery.AbstractModProvider$$Lambda$553/0x0000000800361f70 (fmlloader@1.20.1-47.4.13)
5122:             1             16  net.minecraftforge.fml.loading.moddiscovery.AbstractModProvider$$Lambda$554/0x00000008003623c8 (fmlloader@1.20.1-47.4.13)
5123:             1             16  net.minecraftforge.fml.loading.moddiscovery.BackgroundScanHandler$$Lambda$864/0x000000080047c518 (fmlloader@1.20.1-47.4.13)
5124:             1             16  net.minecraftforge.fml.loading.moddiscovery.ClasspathLocator$$Lambda$528/0x000000080035ee50 (fmlloader@1.20.1-47.4.13)
5125:             1             16  net.minecraftforge.fml.loading.moddiscovery.ExplodedDirectoryLocator$$Lambda$645/0x000000080038e5c8 (fmlloader@1.20.1-47.4.13)
5126:             1             16  net.minecraftforge.fml.loading.moddiscovery.JarInJarDependencyLocator (fmlloader@1.20.1-47.4.13)
5127:             1             16  net.minecraftforge.fml.loading.moddiscovery.JarInJarDependencyLocator$$Lambda$738/0x00000008003c9008 (fmlloader@1.20.1-47.4.13)
5128:             1             16  net.minecraftforge.fml.loading.moddiscovery.MavenDirectoryLocator (fmlloader@1.20.1-47.4.13)
5129:             1             16  net.minecraftforge.fml.loading.moddiscovery.MavenDirectoryLocator$$Lambda$530/0x000000080035f2c8 (fmlloader@1.20.1-47.4.13)
5130:             1             16  net.minecraftforge.fml.loading.moddiscovery.MavenDirectoryLocator$$Lambda$537/0x000000080035b6d8 (fmlloader@1.20.1-47.4.13)
5131:             1             16  net.minecraftforge.fml.loading.moddiscovery.MinecraftLocator (fmlloader@1.20.1-47.4.13)
5132:             1             16  net.minecraftforge.fml.loading.moddiscovery.MinecraftLocator$$Lambda$648/0x000000080038f0b8 (fmlloader@1.20.1-47.4.13)
5133:             1             16  net.minecraftforge.fml.loading.moddiscovery.MinecraftLocator$$Lambda$649/0x000000080038f308 (fmlloader@1.20.1-47.4.13)
5134:             1             16  net.minecraftforge.fml.loading.moddiscovery.MinecraftLocator$$Lambda$652/0x000000080038f990 (fmlloader@1.20.1-47.4.13)
5135:             1             16  net.minecraftforge.fml.loading.moddiscovery.MinecraftLocator$$Lambda$654/0x0000000800394000 (fmlloader@1.20.1-47.4.13)
5136:             1             16  net.minecraftforge.fml.loading.moddiscovery.MinecraftLocator$$Lambda$656/0x0000000800394488 (fmlloader@1.20.1-47.4.13)
5137:             1             16  net.minecraftforge.fml.loading.moddiscovery.MinecraftLocator$$Lambda$658/0x00000008003948f0 (fmlloader@1.20.1-47.4.13)
5138:             1             16  net.minecraftforge.fml.loading.moddiscovery.MinecraftLocator$$Lambda$659/0x0000000800394b40 (fmlloader@1.20.1-47.4.13)
5139:             1             16  net.minecraftforge.fml.loading.moddiscovery.MinecraftLocator$$Lambda$662/0x0000000800394d80 (fmlloader@1.20.1-47.4.13)
5140:             1             16  net.minecraftforge.fml.loading.moddiscovery.MinecraftLocator$$Lambda$876/0x000000080047ead0 (fmlloader@1.20.1-47.4.13)
5141:             1             16  net.minecraftforge.fml.loading.moddiscovery.ModClassVisitor$$Lambda$884/0x00000008004848a8 (fmlloader@1.20.1-47.4.13)
5142:             1             16  net.minecraftforge.fml.loading.moddiscovery.ModClassVisitor$$Lambda$885/0x0000000800485928 (fmlloader@1.20.1-47.4.13)
5143:             1             16  net.minecraftforge.fml.loading.moddiscovery.ModDiscoverer$$Lambda$521/0x000000080035c268 (fmlloader@1.20.1-47.4.13)
5144:             1             16  net.minecraftforge.fml.loading.moddiscovery.ModDiscoverer$$Lambda$522/0x000000080035d4e0 (fmlloader@1.20.1-47.4.13)
5145:             1             16  net.minecraftforge.fml.loading.moddiscovery.ModDiscoverer$$Lambda$523/0x000000080035d700 (fmlloader@1.20.1-47.4.13)
5146:             1             16  net.minecraftforge.fml.loading.moddiscovery.ModDiscoverer$$Lambda$525/0x000000080035db70 (fmlloader@1.20.1-47.4.13)
5147:             1             16  net.minecraftforge.fml.loading.moddiscovery.ModDiscoverer$$Lambda$527/0x000000080035e1b8 (fmlloader@1.20.1-47.4.13)
5148:             1             16  net.minecraftforge.fml.loading.moddiscovery.ModDiscoverer$$Lambda$540/0x000000080035bd88 (fmlloader@1.20.1-47.4.13)
5149:             1             16  net.minecraftforge.fml.loading.moddiscovery.ModDiscoverer$$Lambda$542/0x00000008003604f0 (fmlloader@1.20.1-47.4.13)
5150:             1             16  net.minecraftforge.fml.loading.moddiscovery.ModDiscoverer$$Lambda$543/0x0000000800360730 (fmlloader@1.20.1-47.4.13)
5151:             1             16  net.minecraftforge.fml.loading.moddiscovery.ModDiscoverer$$Lambda$637/0x000000080038d170 (fmlloader@1.20.1-47.4.13)
5152:             1             16  net.minecraftforge.fml.loading.moddiscovery.ModDiscoverer$$Lambda$638/0x000000080038d3b0 (fmlloader@1.20.1-47.4.13)
5153:             1             16  net.minecraftforge.fml.loading.moddiscovery.ModDiscoverer$$Lambda$639/0x000000080038d600 (fmlloader@1.20.1-47.4.13)
5154:             1             16  net.minecraftforge.fml.loading.moddiscovery.ModDiscoverer$$Lambda$640/0x000000080038d840 (fmlloader@1.20.1-47.4.13)
5155:             1             16  net.minecraftforge.fml.loading.moddiscovery.ModDiscoverer$$Lambda$641/0x000000080038da90 (fmlloader@1.20.1-47.4.13)
5156:             1             16  net.minecraftforge.fml.loading.moddiscovery.ModDiscoverer$$Lambda$680/0x0000000800398000 (fmlloader@1.20.1-47.4.13)
5157:             1             16  net.minecraftforge.fml.loading.moddiscovery.ModDiscoverer$$Lambda$743/0x00000008003c9b58 (fmlloader@1.20.1-47.4.13)
5158:             1             16  net.minecraftforge.fml.loading.moddiscovery.ModDiscoverer$$Lambda$745/0x00000008003c9ff0 (fmlloader@1.20.1-47.4.13)
5159:             1             16  net.minecraftforge.fml.loading.moddiscovery.ModFile$$Lambda$747/0x00000008003ca900 (fmlloader@1.20.1-47.4.13)
5160:             1             16  net.minecraftforge.fml.loading.moddiscovery.ModFileInfo$$Lambda$558/0x0000000800364bd8 (fmlloader@1.20.1-47.4.13)
5161:             1             16  net.minecraftforge.fml.loading.moddiscovery.ModFileInfo$$Lambda$561/0x0000000800366f40 (fmlloader@1.20.1-47.4.13)
5162:             1             16  net.minecraftforge.fml.loading.moddiscovery.ModFileInfo$$Lambda$589/0x0000000800375098 (fmlloader@1.20.1-47.4.13)
5163:             1             16  net.minecraftforge.fml.loading.moddiscovery.ModFileInfo$$Lambda$590/0x00000008003752d8 (fmlloader@1.20.1-47.4.13)
5164:             1             16  net.minecraftforge.fml.loading.moddiscovery.ModFileInfo$$Lambda$591/0x0000000800375518 (fmlloader@1.20.1-47.4.13)
5165:             1             16  net.minecraftforge.fml.loading.moddiscovery.ModFileParser$$Lambda$748/0x00000008003cb390 (fmlloader@1.20.1-47.4.13)
5166:             1             16  net.minecraftforge.fml.loading.moddiscovery.ModInfo$$Lambda$568/0x000000080036c248 (fmlloader@1.20.1-47.4.13)
5167:             1             16  net.minecraftforge.fml.loading.moddiscovery.ModInfo$$Lambda$569/0x0000000800371490 (fmlloader@1.20.1-47.4.13)
5168:             1             16  net.minecraftforge.fml.loading.moddiscovery.ModInfo$$Lambda$572/0x00000008003718f8 (fmlloader@1.20.1-47.4.13)
5169:             1             16  net.minecraftforge.fml.loading.moddiscovery.ModInfo$$Lambda$574/0x0000000800371d60 (fmlloader@1.20.1-47.4.13)
5170:             1             16  net.minecraftforge.fml.loading.moddiscovery.ModInfo$$Lambda$575/0x0000000800371fa0 (fmlloader@1.20.1-47.4.13)
5171:             1             16  net.minecraftforge.fml.loading.moddiscovery.ModInfo$$Lambda$576/0x00000008003721e0 (fmlloader@1.20.1-47.4.13)
5172:             1             16  net.minecraftforge.fml.loading.moddiscovery.ModInfo$$Lambda$586/0x00000008003747b8 (fmlloader@1.20.1-47.4.13)
5173:             1             16  net.minecraftforge.fml.loading.moddiscovery.ModInfo$ModVersion$$Lambda$581/0x00000008003731a0 (fmlloader@1.20.1-47.4.13)
5174:             1             16  net.minecraftforge.fml.loading.moddiscovery.ModInfo$ModVersion$$Lambda$582/0x0000000800373628 (fmlloader@1.20.1-47.4.13)
5175:             1             16  net.minecraftforge.fml.loading.moddiscovery.ModInfo$ModVersion$$Lambda$583/0x0000000800373ca8 (fmlloader@1.20.1-47.4.13)
5176:             1             16  net.minecraftforge.fml.loading.moddiscovery.ModInfo$ModVersion$$Lambda$584/0x00000008003740e0 (fmlloader@1.20.1-47.4.13)
5177:             1             16  net.minecraftforge.fml.loading.moddiscovery.ModJarMetadata$$Lambda$650/0x000000080038f528 (fmlloader@1.20.1-47.4.13)
5178:             1             16  net.minecraftforge.fml.loading.moddiscovery.ModJarMetadata$$Lambda$937/0x00000008005066a0 (fmlloader@1.20.1-47.4.13)
5179:             1             16  net.minecraftforge.fml.loading.moddiscovery.ModListHandler$$Lambda$531/0x000000080035f710 (fmlloader@1.20.1-47.4.13)
5180:             1             16  net.minecraftforge.fml.loading.moddiscovery.ModListHandler$$Lambda$532/0x000000080035f950 (fmlloader@1.20.1-47.4.13)
5181:             1             16  net.minecraftforge.fml.loading.moddiscovery.ModListHandler$$Lambda$533/0x000000080035fb90 (fmlloader@1.20.1-47.4.13)
5182:             1             16  net.minecraftforge.fml.loading.moddiscovery.ModListHandler$$Lambda$535/0x000000080035b248 (fmlloader@1.20.1-47.4.13)
5183:             1             16  net.minecraftforge.fml.loading.moddiscovery.ModListHandler$$Lambda$536/0x000000080035b498 (fmlloader@1.20.1-47.4.13)
5184:             1             16  net.minecraftforge.fml.loading.moddiscovery.ModValidator$$Lambda$746/0x00000008003ca460 (fmlloader@1.20.1-47.4.13)
5185:             1             16  net.minecraftforge.fml.loading.moddiscovery.ModValidator$$Lambda$750/0x00000008003cf000 (fmlloader@1.20.1-47.4.13)
5186:             1             16  net.minecraftforge.fml.loading.moddiscovery.ModsFolderLocator$$Lambda$547/0x0000000800361030 (fmlloader@1.20.1-47.4.13)
5187:             1             16  net.minecraftforge.fml.loading.moddiscovery.NightConfigWrapper$$Lambda$562/0x0000000800367180 (fmlloader@1.20.1-47.4.13)
5188:             1             16  net.minecraftforge.fml.loading.moddiscovery.NightConfigWrapper$$Lambda$563/0x00000008003673a0 (fmlloader@1.20.1-47.4.13)
5189:             1             16  net.minecraftforge.fml.loading.progress.StartupNotificationManager$$Lambda$434/0x000000080031eeb8 (fmlloader@1.20.1-47.4.13)
5190:             1             16  net.minecraftforge.fml.loading.progress.StartupNotificationManager$$Lambda$524/0x000000080035d940 (fmlloader@1.20.1-47.4.13)
5191:             1             16  net.minecraftforge.fml.loading.progress.StartupNotificationManager$$Lambda$619/0x0000000800382000 (fmlloader@1.20.1-47.4.13)
5192:             1             16  net.minecraftforge.fml.loading.progress.StartupNotificationManager$$Lambda$620/0x0000000800382240 (fmlloader@1.20.1-47.4.13)
5193:             1             16  net.minecraftforge.fml.loading.progress.StartupNotificationManager$$Lambda$622/0x0000000800382460 (fmlloader@1.20.1-47.4.13)
5194:             1             16  net.minecraftforge.fml.loading.targets.CommonClientLaunchHandler$$Lambda$646/0x000000080038ec20 (fmlloader@1.20.1-47.4.13)
5195:             1             16  net.minecraftforge.fml.loading.targets.FMLClientDevLaunchHandler (fmlloader@1.20.1-47.4.13)
5196:             1             16  net.minecraftforge.fml.loading.targets.FMLClientLaunchHandler (fmlloader@1.20.1-47.4.13)
5197:             1             16  net.minecraftforge.fml.loading.targets.FMLClientUserdevLaunchHandler (fmlloader@1.20.1-47.4.13)
5198:             1             16  net.minecraftforge.fml.loading.targets.FMLDataUserdevLaunchHandler (fmlloader@1.20.1-47.4.13)
5199:             1             16  net.minecraftforge.fml.loading.targets.FMLServerDevLaunchHandler (fmlloader@1.20.1-47.4.13)
5200:             1             16  net.minecraftforge.fml.loading.targets.FMLServerLaunchHandler (fmlloader@1.20.1-47.4.13)
5201:             1             16  net.minecraftforge.fml.loading.targets.FMLServerUserdevLaunchHandler (fmlloader@1.20.1-47.4.13)
5202:             1             16  net.minecraftforge.fml.loading.targets.ForgeClientDevLaunchHandler (fmlloader@1.20.1-47.4.13)
5203:             1             16  net.minecraftforge.fml.loading.targets.ForgeClientLaunchHandler (fmlloader@1.20.1-47.4.13)
5204:             1             16  net.minecraftforge.fml.loading.targets.ForgeClientUserdevLaunchHandler (fmlloader@1.20.1-47.4.13)
5205:             1             16  net.minecraftforge.fml.loading.targets.ForgeDataDevLaunchHandler (fmlloader@1.20.1-47.4.13)
5206:             1             16  net.minecraftforge.fml.loading.targets.ForgeDataUserdevLaunchHandler (fmlloader@1.20.1-47.4.13)
5207:             1             16  net.minecraftforge.fml.loading.targets.ForgeGametestDevLaunchHandler (fmlloader@1.20.1-47.4.13)
5208:             1             16  net.minecraftforge.fml.loading.targets.ForgeGametestUserdevLaunchHandler (fmlloader@1.20.1-47.4.13)
5209:             1             16  net.minecraftforge.fml.loading.targets.ForgeServerDevLaunchHandler (fmlloader@1.20.1-47.4.13)
5210:             1             16  net.minecraftforge.fml.loading.targets.ForgeServerLaunchHandler (fmlloader@1.20.1-47.4.13)
5211:             1             16  net.minecraftforge.fml.loading.targets.ForgeServerUserdevLaunchHandler (fmlloader@1.20.1-47.4.13)
5212:             1             16  net.minecraftforge.fml.lowcodemod.LowCodeModLanguageProvider (lowcodelanguage@1.20.1-47.4.13)
5213:             1             16  net.minecraftforge.fml.mclanguageprovider.MinecraftModLanguageProvider (mclanguage@1.20.1-47.4.13)
5214:             1             16  net.minecraftforge.fml.mclanguageprovider.MinecraftModLanguageProvider$$Lambda$995/0x0000000800512490 (mclanguage@1.20.1-47.4.13)
5215:             1             16  net.minecraftforge.fml.mclanguageprovider.MinecraftModLanguageProvider$MinecraftModTarget (mclanguage@1.20.1-47.4.13)
5216:             1             16  net.minecraftforge.forgespi.Environment$$Lambda$512/0x00000008003523c0 (net.minecraftforge.forgespi@7.0.1)
5217:             1             16  net.minecraftforge.forgespi.Environment$$Lambda$513/0x00000008003525e0 (net.minecraftforge.forgespi@7.0.1)
5218:             1             16  net.minecraftforge.forgespi.language.ModFileScanData$$Lambda$887/0x0000000800483d40 (net.minecraftforge.forgespi@7.0.1)
5219:             1             16  net.minecraftforge.installer.actions.ProgressCallback$1
5220:             1             16  net.minecraftforge.installer.json.Artifact$Adapter
5221:             1             16  net.minecraftforge.installer.json.Install$$Lambda$90/0x000000080010d130
5222:             1             16  net.minecraftforge.jarjar.metadata.json.ContainedJarIdentifierSerializer (JarJarMetadata@0.3.19)
5223:             1             16  net.minecraftforge.jarjar.metadata.json.ContainedJarMetadataSerializer (JarJarMetadata@0.3.19)
5224:             1             16  net.minecraftforge.jarjar.metadata.json.ContainedVersionSerializer (JarJarMetadata@0.3.19)
5225:             1             16  net.minecraftforge.jarjar.metadata.json.MetadataSerializer (JarJarMetadata@0.3.19)
5226:             1             16  net.minecraftforge.jarjar.metadata.json.VersionRangeSerializer (JarJarMetadata@0.3.19)
5227:             1             16  net.minecraftforge.jarjar.nio.layzip.LayeredZipFileSystemProvider (JarJarFileSystems@0.3.19)
5228:             1             16  net.minecraftforge.jarjar.nio.pathfs.PathFileSystemProvider (JarJarFileSystems@0.3.19)
5229:             1             16  net.minecraftforge.jarjar.selection.JarSelector$$Lambda$687/0x0000000800399ae8 (JarJarSelector@0.3.19)
5230:             1             16  net.minecraftforge.jarjar.selection.JarSelector$$Lambda$688/0x0000000800399f48 (JarJarSelector@0.3.19)
5231:             1             16  net.minecraftforge.jarjar.selection.JarSelector$$Lambda$689/0x000000080039a188 (JarJarSelector@0.3.19)
5232:             1             16  net.minecraftforge.jarjar.selection.JarSelector$$Lambda$690/0x000000080039a3d8 (JarJarSelector@0.3.19)
5233:             1             16  net.minecraftforge.jarjar.selection.JarSelector$$Lambda$691/0x000000080039a828 (JarJarSelector@0.3.19)
5234:             1             16  net.minecraftforge.jarjar.selection.JarSelector$$Lambda$701/0x00000008003b8480 (JarJarSelector@0.3.19)
5235:             1             16  net.minecraftforge.jarjar.selection.JarSelector$$Lambda$702/0x00000008003b86c0 (JarJarSelector@0.3.19)
5236:             1             16  net.minecraftforge.jarjar.selection.JarSelector$$Lambda$703/0x00000008003ba290 (JarJarSelector@0.3.19)
5237:             1             16  net.minecraftforge.jarjar.selection.JarSelector$$Lambda$718/0x00000008003c1620 (JarJarSelector@0.3.19)
5238:             1             16  net.minecraftforge.jarjar.selection.JarSelector$$Lambda$719/0x00000008003c1860 (JarJarSelector@0.3.19)
5239:             1             16  net.minecraftforge.jarjar.selection.JarSelector$$Lambda$720/0x00000008003c1aa0 (JarJarSelector@0.3.19)
5240:             1             16  net.minecraftforge.jarjar.selection.JarSelector$$Lambda$721/0x00000008003c28f8 (JarJarSelector@0.3.19)
5241:             1             16  net.minecraftforge.jarjar.selection.JarSelector$$Lambda$722/0x00000008003c5f18 (JarJarSelector@0.3.19)
5242:             1             16  net.minecraftforge.jarjar.selection.JarSelector$$Lambda$723/0x00000008003c6158 (JarJarSelector@0.3.19)
5243:             1             16  net.minecraftforge.jarjar.selection.JarSelector$$Lambda$725/0x00000008003c7230 (JarJarSelector@0.3.19)
5244:             1             16  net.minecraftforge.jarjar.selection.JarSelector$$Lambda$726/0x00000008003c7470 (JarJarSelector@0.3.19)
5245:             1             16  net.minecraftforge.jarjar.selection.JarSelector$$Lambda$727/0x00000008003c76b0 (JarJarSelector@0.3.19)
5246:             1             16  net.minecraftforge.jarjar.selection.JarSelector$$Lambda$729/0x00000008003c7b50 (JarJarSelector@0.3.19)
5247:             1             16  net.minecraftforge.jarjar.selection.JarSelector$$Lambda$730/0x00000008003c7da0 (JarJarSelector@0.3.19)
5248:             1             16  net.minecraftforge.jarjar.selection.JarSelector$$Lambda$731/0x00000008003c8000 (JarJarSelector@0.3.19)
5249:             1             16  net.minecraftforge.jarjar.selection.JarSelector$$Lambda$732/0x00000008003c8250 (JarJarSelector@0.3.19)
5250:             1             16  net.minecraftforge.jarjar.selection.JarSelector$$Lambda$735/0x00000008003c8930 (JarJarSelector@0.3.19)
5251:             1             16  net.minecraftforge.jarjar.selection.JarSelector$$Lambda$736/0x00000008003c8b80 (JarJarSelector@0.3.19)
5252:             1             16  net.minecraftforge.jarjar.selection.JarSelector$$Lambda$737/0x00000008003c8dc0 (JarJarSelector@0.3.19)
5253:             1             16  net.minecraftforge.jarjar.selection.JarSelector$$Lambda$739/0x00000008003c9248 (JarJarSelector@0.3.19)
5254:             1             16  net.minecraftforge.registries.ForgeRegistries$$Lambda$1501/0x0000000800734880 (forge@47.4.13)
5255:             1             16  net.minecraftforge.registries.ForgeRegistries$$Lambda$1503/0x0000000800734f00 (forge@47.4.13)
5256:             1             16  net.minecraftforge.registries.ForgeRegistries$$Lambda$1504/0x0000000800735120 (forge@47.4.13)
5257:             1             16  net.minecraftforge.registries.ForgeRegistries$$Lambda$1505/0x0000000800735340 (forge@47.4.13)
5258:             1             16  net.minecraftforge.registries.ForgeRegistries$$Lambda$1506/0x0000000800735560 (forge@47.4.13)
5259:             1             16  net.minecraftforge.registries.ForgeRegistries$$Lambda$1507/0x0000000800735780 (forge@47.4.13)
5260:             1             16  net.minecraftforge.registries.ForgeRegistries$$Lambda$1508/0x00000008007359a0 (forge@47.4.13)
5261:             1             16  net.minecraftforge.registries.ForgeRegistry$$Lambda$1714/0x0000000800790b40 (forge@47.4.13)
5262:             1             16  net.minecraftforge.registries.ForgeRegistry$$Lambda$1715/0x0000000800790d80 (forge@47.4.13)
5263:             1             16  net.minecraftforge.registries.GameData$$Lambda$1332/0x00000008005de580 (forge@47.4.13)
5264:             1             16  net.minecraftforge.registries.GameData$$Lambda$1333/0x000000080060ec48 (forge@47.4.13)
5265:             1             16  net.minecraftforge.registries.GameData$$Lambda$1341/0x000000080061ae90 (forge@47.4.13)
5266:             1             16  net.minecraftforge.registries.GameData$$Lambda$1342/0x000000080061bce8 (forge@47.4.13)
5267:             1             16  net.minecraftforge.registries.GameData$$Lambda$1352/0x000000080061e790 (forge@47.4.13)
5268:             1             16  net.minecraftforge.registries.GameData$AttributeCallbacks (forge@47.4.13)
5269:             1             16  net.minecraftforge.registries.GameData$BlockCallbacks (forge@47.4.13)
5270:             1             16  net.minecraftforge.registries.GameData$ItemCallbacks (forge@47.4.13)
5271:             1             16  net.minecraftforge.registries.GameData$PointOfInterestTypeCallbacks (forge@47.4.13)
5272:             1             16  net.minecraftforge.registries.NamespacedWrapper$$Lambda$1340/0x000000080061a6e0 (forge@47.4.13)
5273:             1             16  org.antlr.v4.runtime.CommonTokenFactory (org.antlr.antlr4.runtime@4.9.1)
5274:             1             16  org.antlr.v4.runtime.ConsoleErrorListener (org.antlr.antlr4.runtime@4.9.1)
5275:             1             16  org.antlr.v4.runtime.atn.ATNConfigSet$ConfigEqualityComparator (org.antlr.antlr4.runtime@4.9.1)
5276:             1             16  org.antlr.v4.runtime.atn.ATNDeserializationOptions (org.antlr.antlr4.runtime@4.9.1)
5277:             1             16  org.antlr.v4.runtime.atn.LexerPopModeAction (org.antlr.antlr4.runtime@4.9.1)
5278:             1             16  org.antlr.v4.runtime.atn.PredictionMode$AltAndContextConfigEqualityComparator (org.antlr.antlr4.runtime@4.9.1)
5279:             1             16  org.antlr.v4.runtime.misc.ObjectEqualityComparator (org.antlr.antlr4.runtime@4.9.1)
5280:             1             16  org.apache.commons.lang3.StringEscapeUtils$CsvEscaper (org.apache.commons.lang3@3.12.0)
5281:             1             16  org.apache.commons.lang3.StringEscapeUtils$CsvUnescaper (org.apache.commons.lang3@3.12.0)
5282:             1             16  org.apache.commons.lang3.text.StrLookup$MapStrLookup (org.apache.commons.lang3@3.12.0)
5283:             1             16  org.apache.commons.lang3.text.StrLookup$SystemPropertiesStrLookup (org.apache.commons.lang3@3.12.0)
5284:             1             16  org.apache.commons.lang3.text.StrMatcher$NoMatcher (org.apache.commons.lang3@3.12.0)
5285:             1             16  org.apache.commons.lang3.text.StrMatcher$TrimMatcher (org.apache.commons.lang3@3.12.0)
5286:             1             16  org.apache.commons.lang3.text.translate.OctalUnescaper (org.apache.commons.lang3@3.12.0)
5287:             1             16  org.apache.commons.lang3.text.translate.UnicodeUnescaper (org.apache.commons.lang3@3.12.0)
5288:             1             16  org.apache.logging.log4j.ThreadContext$EmptyIterator (org.apache.logging.log4j@2.19.0)
5289:             1             16  org.apache.logging.log4j.ThreadContext$EmptyThreadContextStack (org.apache.logging.log4j@2.19.0)
5290:             1             16  org.apache.logging.log4j.core.LoggerContext$$Lambda$272/0x0000000800237548 (org.apache.logging.log4j.core@2.19.0)
5291:             1             16  org.apache.logging.log4j.core.appender.ConsoleAppender$ConsoleManagerFactory (org.apache.logging.log4j.core@2.19.0)
5292:             1             16  org.apache.logging.log4j.core.appender.FileManager$FileManagerFactory (org.apache.logging.log4j.core@2.19.0)
5293:             1             16  org.apache.logging.log4j.core.appender.rolling.RollingFileManager$RollingFileManagerFactory (org.apache.logging.log4j.core@2.19.0)
5294:             1             16  org.apache.logging.log4j.core.appender.rolling.RollingRandomAccessFileManager$RollingRandomAccessFileManagerFactory (org.apache.logging.log4j.core@2.19.0)
5295:             1             16  org.apache.logging.log4j.core.config.ConfigurationFactory$Factory (org.apache.logging.log4j.core@2.19.0)
5296:             1             16  org.apache.logging.log4j.core.config.DefaultReliabilityStrategy (org.apache.logging.log4j.core@2.19.0)
5297:             1             16  org.apache.logging.log4j.core.config.OrderComparator (org.apache.logging.log4j.core@2.19.0)
5298:             1             16  org.apache.logging.log4j.core.config.plugins.convert.EnumConverter (org.apache.logging.log4j.core@2.19.0)
5299:             1             16  org.apache.logging.log4j.core.config.plugins.convert.TypeConverterRegistry (org.apache.logging.log4j.core@2.19.0)
5300:             1             16  org.apache.logging.log4j.core.config.plugins.convert.TypeConverters$BigDecimalConverter (org.apache.logging.log4j.core@2.19.0)
5301:             1             16  org.apache.logging.log4j.core.config.plugins.convert.TypeConverters$BigIntegerConverter (org.apache.logging.log4j.core@2.19.0)
5302:             1             16  org.apache.logging.log4j.core.config.plugins.convert.TypeConverters$BooleanConverter (org.apache.logging.log4j.core@2.19.0)
5303:             1             16  org.apache.logging.log4j.core.config.plugins.convert.TypeConverters$ByteArrayConverter (org.apache.logging.log4j.core@2.19.0)
5304:             1             16  org.apache.logging.log4j.core.config.plugins.convert.TypeConverters$ByteConverter (org.apache.logging.log4j.core@2.19.0)
5305:             1             16  org.apache.logging.log4j.core.config.plugins.convert.TypeConverters$CharArrayConverter (org.apache.logging.log4j.core@2.19.0)
5306:             1             16  org.apache.logging.log4j.core.config.plugins.convert.TypeConverters$CharacterConverter (org.apache.logging.log4j.core@2.19.0)
5307:             1             16  org.apache.logging.log4j.core.config.plugins.convert.TypeConverters$CharsetConverter (org.apache.logging.log4j.core@2.19.0)
5308:             1             16  org.apache.logging.log4j.core.config.plugins.convert.TypeConverters$ClassConverter (org.apache.logging.log4j.core@2.19.0)
5309:             1             16  org.apache.logging.log4j.core.config.plugins.convert.TypeConverters$CronExpressionConverter (org.apache.logging.log4j.core@2.19.0)
5310:             1             16  org.apache.logging.log4j.core.config.plugins.convert.TypeConverters$DoubleConverter (org.apache.logging.log4j.core@2.19.0)
5311:             1             16  org.apache.logging.log4j.core.config.plugins.convert.TypeConverters$DurationConverter (org.apache.logging.log4j.core@2.19.0)
5312:             1             16  org.apache.logging.log4j.core.config.plugins.convert.TypeConverters$FileConverter (org.apache.logging.log4j.core@2.19.0)
5313:             1             16  org.apache.logging.log4j.core.config.plugins.convert.TypeConverters$FloatConverter (org.apache.logging.log4j.core@2.19.0)
5314:             1             16  org.apache.logging.log4j.core.config.plugins.convert.TypeConverters$InetAddressConverter (org.apache.logging.log4j.core@2.19.0)
5315:             1             16  org.apache.logging.log4j.core.config.plugins.convert.TypeConverters$IntegerConverter (org.apache.logging.log4j.core@2.19.0)
5316:             1             16  org.apache.logging.log4j.core.config.plugins.convert.TypeConverters$LevelConverter (org.apache.logging.log4j.core@2.19.0)
5317:             1             16  org.apache.logging.log4j.core.config.plugins.convert.TypeConverters$LongConverter (org.apache.logging.log4j.core@2.19.0)
5318:             1             16  org.apache.logging.log4j.core.config.plugins.convert.TypeConverters$PathConverter (org.apache.logging.log4j.core@2.19.0)
5319:             1             16  org.apache.logging.log4j.core.config.plugins.convert.TypeConverters$PatternConverter (org.apache.logging.log4j.core@2.19.0)
5320:             1             16  org.apache.logging.log4j.core.config.plugins.convert.TypeConverters$SecurityProviderConverter (org.apache.logging.log4j.core@2.19.0)
5321:             1             16  org.apache.logging.log4j.core.config.plugins.convert.TypeConverters$ShortConverter (org.apache.logging.log4j.core@2.19.0)
5322:             1             16  org.apache.logging.log4j.core.config.plugins.convert.TypeConverters$StringConverter (org.apache.logging.log4j.core@2.19.0)
5323:             1             16  org.apache.logging.log4j.core.config.plugins.convert.TypeConverters$UriConverter (org.apache.logging.log4j.core@2.19.0)
5324:             1             16  org.apache.logging.log4j.core.config.plugins.convert.TypeConverters$UrlConverter (org.apache.logging.log4j.core@2.19.0)
5325:             1             16  org.apache.logging.log4j.core.config.plugins.convert.TypeConverters$UuidConverter (org.apache.logging.log4j.core@2.19.0)
5326:             1             16  org.apache.logging.log4j.core.config.plugins.processor.PluginCache$$Lambda$246/0x00000008001ea6b8 (org.apache.logging.log4j.core@2.19.0)
5327:             1             16  org.apache.logging.log4j.core.config.properties.PropertiesConfigurationFactory (org.apache.logging.log4j.core@2.19.0)
5328:             1             16  org.apache.logging.log4j.core.config.xml.XmlConfigurationFactory (org.apache.logging.log4j.core@2.19.0)
5329:             1             16  org.apache.logging.log4j.core.impl.ReusableLogEventFactory (org.apache.logging.log4j.core@2.19.0)
5330:             1             16  org.apache.logging.log4j.core.impl.ThreadContextDataProvider (org.apache.logging.log4j.core@2.19.0)
5331:             1             16  org.apache.logging.log4j.core.lookup.StrMatcher$NoMatcher (org.apache.logging.log4j.core@2.19.0)
5332:             1             16  org.apache.logging.log4j.core.lookup.StrMatcher$TrimMatcher (org.apache.logging.log4j.core@2.19.0)
5333:             1             16  org.apache.logging.log4j.core.net.JndiManager$JndiManagerFactory (org.apache.logging.log4j.core@2.19.0)
5334:             1             16  org.apache.logging.log4j.core.pattern.NameAbbreviator$NOPAbbreviator (org.apache.logging.log4j.core@2.19.0)
5335:             1             16  org.apache.logging.log4j.core.pattern.NotANumber (org.apache.logging.log4j.core@2.19.0)
5336:             1             16  org.apache.logging.log4j.core.pattern.PlainTextRenderer (org.apache.logging.log4j.core@2.19.0)
5337:             1             16  org.apache.logging.log4j.core.util.BasicAuthorizationProvider (org.apache.logging.log4j.core@2.19.0)
5338:             1             16  org.apache.logging.log4j.core.util.NullOutputStream (org.apache.logging.log4j.core@2.19.0)
5339:             1             16  org.apache.logging.log4j.core.util.datetime.FastDateFormat$1 (org.apache.logging.log4j.core@2.19.0)
5340:             1             16  org.apache.logging.log4j.core.util.datetime.FastDateParser$$Lambda$286/0x000000080028f628 (org.apache.logging.log4j.core@2.19.0)
5341:             1             16  org.apache.logging.log4j.core.util.datetime.FastDateParser$1 (org.apache.logging.log4j.core@2.19.0)
5342:             1             16  org.apache.logging.log4j.core.util.datetime.FastDateParser$2 (org.apache.logging.log4j.core@2.19.0)
5343:             1             16  org.apache.logging.log4j.core.util.datetime.FastDateParser$3 (org.apache.logging.log4j.core@2.19.0)
5344:             1             16  org.apache.logging.log4j.core.util.datetime.FastDateParser$4 (org.apache.logging.log4j.core@2.19.0)
5345:             1             16  org.apache.logging.log4j.core.util.datetime.FastDateParser$5 (org.apache.logging.log4j.core@2.19.0)
5346:             1             16  org.apache.logging.log4j.core.util.datetime.FastDatePrinter$TwoDigitMonthField (org.apache.logging.log4j.core@2.19.0)
5347:             1             16  org.apache.logging.log4j.message.ParameterFormatter$$Lambda$317/0x000000080029f3c0 (org.apache.logging.log4j@2.19.0)
5348:             1             16  org.apache.logging.log4j.message.ParameterizedNoReferenceMessageFactory (org.apache.logging.log4j@2.19.0)
5349:             1             16  org.apache.logging.log4j.spi.CopyOnWriteSortedArrayThreadContextMap (org.apache.logging.log4j@2.19.0)
5350:             1             16  org.apache.logging.log4j.spi.DefaultThreadContextStack (org.apache.logging.log4j@2.19.0)
5351:             1             16  org.apache.logging.log4j.spi.LoggerRegistry$ConcurrentMapFactory (org.apache.logging.log4j@2.19.0)
5352:             1             16  org.apache.logging.log4j.util.LoaderUtil$ThreadContextClassLoaderGetter (org.apache.logging.log4j@2.19.0)
5353:             1             16  org.apache.logging.log4j.util.PrivateSecurityManagerStackTraceUtil$PrivateSecurityManager (org.apache.logging.log4j@2.19.0)
5354:             1             16  org.apache.logging.log4j.util.PropertiesUtil$Environment$$Lambda$228/0x00000008001ce8e0 (org.apache.logging.log4j@2.19.0)
5355:             1             16  org.apache.logging.log4j.util.PropertiesUtil$Environment$$Lambda$234/0x00000008001cfd48 (org.apache.logging.log4j@2.19.0)
5356:             1             16  org.apache.logging.log4j.util.PropertiesUtil$Environment$$Lambda$235/0x00000008001dc000 (org.apache.logging.log4j@2.19.0)
5357:             1             16  org.apache.logging.log4j.util.PropertiesUtil$Environment$$Lambda$236/0x00000008001dc248 (org.apache.logging.log4j@2.19.0)
5358:             1             16  org.apache.logging.log4j.util.ProviderUtil (org.apache.logging.log4j@2.19.0)
5359:             1             16  org.apache.logging.log4j.util.ProviderUtil$$Lambda$242/0x00000008001df210 (org.apache.logging.log4j@2.19.0)
5360:             1             16  org.apache.logging.log4j.util.ServiceLoaderUtil$$Lambda$231/0x00000008001cf178 (org.apache.logging.log4j@2.19.0)
5361:             1             16  org.apache.logging.log4j.util.SortedArrayStringMap$$Lambda$249/0x000000080021ddc0 (org.apache.logging.log4j@2.19.0)
5362:             1             16  org.apache.logging.log4j.util.StackLocator (org.apache.logging.log4j@2.19.0)
5363:             1             16  org.apache.logging.log4j.util.StackLocator$$Lambda$245/0x00000008001e50f8 (org.apache.logging.log4j@2.19.0)
5364:             1             16  org.apache.logging.log4j.util.StackLocator$$Lambda$334/0x00000008002a8248 (org.apache.logging.log4j@2.19.0)
5365:             1             16  org.apache.logging.log4j.util.StackLocator$$Lambda$500/0x000000080033e860 (org.apache.logging.log4j@2.19.0)
5366:             1             16  org.apache.logging.log4j.util.Strings$$Lambda$240/0x00000008001de118 (org.apache.logging.log4j@2.19.0)
5367:             1             16  org.apache.logging.slf4j.Log4jLoggerFactory$$Lambda$331/0x00000008002a73a0 (org.apache.logging.log4j.slf4j@2.19.0)
5368:             1             16  org.apache.logging.slf4j.Log4jMDCAdapter (org.apache.logging.log4j.slf4j@2.19.0)
5369:             1             16  org.apache.logging.slf4j.Log4jMDCAdapter$ThreadLocalMapOfStacks (org.apache.logging.log4j.slf4j@2.19.0)
5370:             1             16  org.apache.logging.slf4j.Log4jMDCAdapter$ThreadLocalMapOfStacks$$Lambda$332/0x00000008002a7ae8 (org.apache.logging.log4j.slf4j@2.19.0)
5371:             1             16  org.apache.logging.slf4j.Log4jMarkerFactory (org.apache.logging.log4j.slf4j@2.19.0)
5372:             1             16  org.lwjgl.opengl.GL$$Lambda$593/0x0000000800376ad8 (org.lwjgl.opengl@3.3.1+7)
5373:             1             16  org.lwjgl.opengl.GL$$Lambda$594/0x0000000800376d08 (org.lwjgl.opengl@3.3.1+7)
5374:             1             16  org.lwjgl.opengl.GL$$Lambda$595/0x0000000800378210 (org.lwjgl.opengl@3.3.1+7)
5375:             1             16  org.lwjgl.opengl.GL$ICDStatic (org.lwjgl.opengl@3.3.1+7)
5376:             1             16  org.lwjgl.opengl.GL20C$$Lambda$596/0x0000000800379cc8 (org.lwjgl.opengl@3.3.1+7)
5377:             1             16  org.lwjgl.stb.LibSTB$$Lambda$597/0x000000080037b130 (org.lwjgl.stb@3.3.1+7)
5378:             1             16  org.lwjgl.stb.LibSTB$$Lambda$598/0x000000080037b360 (org.lwjgl.stb@3.3.1+7)
5379:             1             16  org.lwjgl.stb.STBTruetype$$Lambda$599/0x000000080037f2c0 (org.lwjgl.stb@3.3.1+7)
5380:             1             16  org.lwjgl.system.Callback$2 (org.lwjgl@3.3.1+7)
5381:             1             16  org.lwjgl.system.Configuration$StateInit$$Lambda$438/0x0000000800320000 (org.lwjgl@3.3.1+7)
5382:             1             16  org.lwjgl.system.Configuration$StateInit$$Lambda$439/0x0000000800320258 (org.lwjgl@3.3.1+7)
5383:             1             16  org.lwjgl.system.Configuration$StateInit$$Lambda$440/0x00000008003204b0 (org.lwjgl@3.3.1+7)
5384:             1             16  org.lwjgl.system.Library$$Lambda$446/0x0000000800321d78 (org.lwjgl@3.3.1+7)
5385:             1             16  org.lwjgl.system.Library$$Lambda$447/0x0000000800321fa8 (org.lwjgl@3.3.1+7)
5386:             1             16  org.lwjgl.system.MemoryStack$$Lambda$454/0x000000080032c000 (org.lwjgl@3.3.1+7)
5387:             1             16  org.lwjgl.system.MemoryUtil$$Lambda$449/0x0000000800326200 (org.lwjgl@3.3.1+7)
5388:             1             16  org.lwjgl.system.MemoryUtil$$Lambda$450/0x0000000800326420 (org.lwjgl@3.3.1+7)
5389:             1             16  org.lwjgl.system.MemoryUtil$2 (org.lwjgl@3.3.1+7)
5390:             1             16  org.lwjgl.system.Platform$$Lambda$442/0x0000000800321068 (org.lwjgl@3.3.1+7)
5391:             1             16  org.lwjgl.system.Platform$$Lambda$443/0x00000008003212a8 (org.lwjgl@3.3.1+7)
5392:             1             16  org.lwjgl.system.Platform$$Lambda$444/0x00000008003214e8 (org.lwjgl@3.3.1+7)
5393:             1             16  org.lwjgl.system.Platform$$Lambda$445/0x0000000800321728 (org.lwjgl@3.3.1+7)
5394:             1             16  org.lwjgl.system.jemalloc.JEmallocAllocator (org.lwjgl.jemalloc@3.3.1+7)
5395:             1             16  org.openjdk.nashorn.internal.codegen.FindScopeDepths$$Lambda$893/0x00000008004b20f8 (org.openjdk.nashorn)
5396:             1             16  org.openjdk.nashorn.internal.codegen.FindScopeDepths$$Lambda$894/0x00000008004b2338 (org.openjdk.nashorn)
5397:             1             16  org.openjdk.nashorn.internal.codegen.types.Type$$Lambda$889/0x0000000800498210 (org.openjdk.nashorn)
5398:             1             16  org.openjdk.nashorn.internal.codegen.types.Type$$Lambda$896/0x00000008004b4bd0 (org.openjdk.nashorn)
5399:             1             16  org.openjdk.nashorn.internal.ir.Block$$Lambda$888/0x0000000800497740 (org.openjdk.nashorn)
5400:             1             16  org.openjdk.nashorn.internal.lookup.MethodHandleFactory$StandardMethodHandleFunctionality (org.openjdk.nashorn)
5401:             1             16  org.openjdk.nashorn.internal.objects.annotations.SpecializedFunction$LinkLogic$Empty (org.openjdk.nashorn)
5402:             1             16  org.openjdk.nashorn.internal.runtime.AccessControlContextFactory$$Lambda$825/0x00000008003f1980 (org.openjdk.nashorn)
5403:             1             16  org.openjdk.nashorn.internal.runtime.AccessControlContextFactory$$Lambda$826/0x00000008003f1bc0 (org.openjdk.nashorn)
5404:             1             16  org.openjdk.nashorn.internal.runtime.Context$$Lambda$890/0x0000000800498450 (org.openjdk.nashorn)
5405:             1             16  org.openjdk.nashorn.internal.runtime.Context$$Lambda$897/0x00000008004b5030 (org.openjdk.nashorn)
5406:             1             16  org.openjdk.nashorn.internal.runtime.Context$AnonymousContextCodeInstaller$$Lambda$906/0x00000008004cfab0 (org.openjdk.nashorn)
5407:             1             16  org.openjdk.nashorn.internal.runtime.NashornLoader$$Lambda$816/0x00000008003e3bb0 (org.openjdk.nashorn)
5408:             1             16  org.openjdk.nashorn.internal.runtime.PropertySwitchPoints (org.openjdk.nashorn)
5409:             1             16  org.openjdk.nashorn.internal.runtime.PropertySwitchPoints$WeakSwitchPointSet (org.openjdk.nashorn)
5410:             1             16  org.openjdk.nashorn.internal.runtime.RecompilableScriptFunctionData$$Lambda$895/0x00000008004b2ed0 (org.openjdk.nashorn)
5411:             1             16  org.openjdk.nashorn.internal.runtime.Symbol (org.openjdk.nashorn)
5412:             1             16  org.openjdk.nashorn.internal.runtime.UserAccessorProperty$$Lambda$842/0x0000000800437b18 (org.openjdk.nashorn)
5413:             1             16  org.openjdk.nashorn.internal.runtime.linker.Bootstrap$$Lambda$823/0x00000008003f0c10 (org.openjdk.nashorn)
5414:             1             16  org.openjdk.nashorn.internal.runtime.linker.Bootstrap$$Lambda$830/0x00000008003fe928 (org.openjdk.nashorn)
5415:             1             16  org.openjdk.nashorn.internal.runtime.linker.Bootstrap$$Lambda$831/0x00000008003feb48 (org.openjdk.nashorn)
5416:             1             16  org.openjdk.nashorn.internal.runtime.linker.BoundCallableLinker (org.openjdk.nashorn)
5417:             1             16  org.openjdk.nashorn.internal.runtime.linker.BrowserJSObjectLinker (org.openjdk.nashorn)
5418:             1             16  org.openjdk.nashorn.internal.runtime.linker.JSObjectLinker (org.openjdk.nashorn)
5419:             1             16  org.openjdk.nashorn.internal.runtime.linker.JavaAdapterBytecodeGenerator$$Lambda$1348/0x000000080063c320 (org.openjdk.nashorn)
5420:             1             16  org.openjdk.nashorn.internal.runtime.linker.JavaSuperAdapterLinker (org.openjdk.nashorn)
5421:             1             16  org.openjdk.nashorn.internal.runtime.linker.LinkerCallSite$$Lambda$839/0x000000080041b220 (org.openjdk.nashorn)
5422:             1             16  org.openjdk.nashorn.internal.runtime.linker.NashornBeansLinker (org.openjdk.nashorn)
5423:             1             16  org.openjdk.nashorn.internal.runtime.linker.NashornBottomLinker (org.openjdk.nashorn)
5424:             1             16  org.openjdk.nashorn.internal.runtime.linker.NashornCallSiteDescriptor$$Lambda$840/0x000000080041b698 (org.openjdk.nashorn)
5425:             1             16  org.openjdk.nashorn.internal.runtime.linker.NashornCallSiteDescriptor$$Lambda$841/0x000000080041b8b8 (org.openjdk.nashorn)
5426:             1             16  org.openjdk.nashorn.internal.runtime.linker.NashornLinker (org.openjdk.nashorn)
5427:             1             16  org.openjdk.nashorn.internal.runtime.linker.NashornPrimitiveLinker (org.openjdk.nashorn)
5428:             1             16  org.openjdk.nashorn.internal.runtime.linker.NashornStaticClassLinker (org.openjdk.nashorn)
5429:             1             16  org.openjdk.nashorn.internal.runtime.linker.ReflectionCheckLinker (org.openjdk.nashorn)
5430:             1             16  org.openjdk.nashorn.internal.runtime.logging.DebugLogger$1 (org.openjdk.nashorn)
5431:             1             16  org.prismlauncher.utils.Parameters
5432:             1             16  org.slf4j.helpers.NOPLoggerFactory (org.slf4j@2.0.1)
5433:             1             16  org.slf4j.helpers.NOPMDCAdapter (org.slf4j@2.0.1)
5434:             1             16  org.slf4j.helpers.ThreadLocalMapOfStacks (org.slf4j@2.0.1)
5435:             1             16  org.spongepowered.asm.mixin.MixinEnvironment$PhaseConsumer (org.spongepowered.mixin)
5436:             1             16  org.spongepowered.asm.mixin.transformer.DefaultExtensions$1 (org.spongepowered.mixin)
5437:             1             16  org.spongepowered.asm.mixin.transformer.MixinCoprocessorNestHost (org.spongepowered.mixin)
5438:             1             16  org.spongepowered.asm.mixin.transformer.MixinCoprocessorPassthrough (org.spongepowered.mixin)
5439:             1             16  org.spongepowered.asm.mixin.transformer.MixinCoprocessorSyntheticInner (org.spongepowered.mixin)
5440:             1             16  org.spongepowered.asm.mixin.transformer.MixinTransformer$Factory (org.spongepowered.mixin)
5441:             1             16  org.spongepowered.asm.mixin.transformer.SyntheticClassRegistry (org.spongepowered.mixin)
5442:             1             16  org.spongepowered.asm.mixin.transformer.ext.extensions.ExtensionCheckClass (org.spongepowered.mixin)
5443:             1             16  org.spongepowered.asm.service.modlauncher.MixinServiceModLauncherBootstrap (org.spongepowered.mixin)
5444:             1             16  org.spongepowered.asm.service.modlauncher.ModLauncherClassProvider (org.spongepowered.mixin)
5445:             1             16  org.spongepowered.asm.util.logging.MessageRouter$LoggingMessager (org.spongepowered.mixin)
5446:             1             16  oshi.SystemInfo$$Lambda$1247/0x000000080059e268 (com.github.oshi@6.2.2)
5447:             1             16  oshi.SystemInfo$$Lambda$1249/0x000000080059eae8 (com.github.oshi@6.2.2)
5448:             1             16  oshi.hardware.platform.linux.LinuxCentralProcessor$$Lambda$1267/0x00000008005bd3f8 (com.github.oshi@6.2.2)
5449:             1             16  oshi.hardware.platform.linux.LinuxGlobalMemory$$Lambda$1286/0x00000008005bee98 (com.github.oshi@6.2.2)
5450:             1             16  oshi.hardware.platform.linux.LinuxVirtualMemory$$Lambda$1290/0x00000008005bf7d8 (com.github.oshi@6.2.2)
5451:             1             16  oshi.hardware.platform.linux.LinuxVirtualMemory$$Lambda$1291/0x00000008005bf9f8 (com.github.oshi@6.2.2)
5452:             1             16  oshi.util.FileUtil$$Lambda$1257/0x00000008005af7d8 (com.github.oshi@6.2.2)
5453:             1             16  oshi.util.Memoizer$$Lambda$1248/0x000000080059e690 (com.github.oshi@6.2.2)
5454:             1             16  sun.management.ClassLoadingImpl (java.management@17.0.15)
5455:             1             16  sun.management.ManagementFactoryHelper$$Lambda$309/0x00000008002c1f50 (java.management@17.0.15)
5456:             1             16  sun.misc.Unsafe (jdk.unsupported@17.0.15)
5457:             1             16  sun.net.www.protocol.jar.JarFileFactory (java.base@17.0.15)
5458:             1             16  sun.net.www.protocol.jrt.JavaRuntimeURLConnection$$Lambda$99/0x000000080015f2a0 (java.base@17.0.15)
5459:             1             16  sun.nio.ch.FileChannelImpl$1 (java.base@17.0.15)
5460:             1             16  sun.nio.ch.FileChannelImpl$2 (java.base@17.0.15)
5461:             1             16  sun.nio.ch.Util$1 (java.base@17.0.15)
5462:             1             16  sun.nio.fs.LinuxFileSystemProvider (java.base@17.0.15)
5463:             1             16  sun.nio.fs.NativeBuffers$1 (java.base@17.0.15)
5464:             1             16  sun.reflect.generics.tree.BottomSignature (java.base@17.0.15)
5465:             1             16  sun.reflect.generics.tree.ByteSignature (java.base@17.0.15)
5466:             1             16  sun.reflect.generics.tree.CharSignature (java.base@17.0.15)
5467:             1             16  sun.reflect.generics.tree.LongSignature (java.base@17.0.15)
5468:             1             16  sun.reflect.generics.tree.VoidDescriptor (java.base@17.0.15)
5469:             1             16  sun.security.util.AlgorithmDecomposer (java.base@17.0.15)
5470:             1             16  sun.security.util.ByteArrayLexOrder (java.base@17.0.15)
5471:             1             16  sun.security.util.ByteArrayTagOrder (java.base@17.0.15)
5472:             1             16  sun.security.util.DisabledAlgorithmConstraints$Constraints (java.base@17.0.15)
5473:             1             16  sun.security.util.ManifestDigester$$Lambda$167/0x0000000800173b58 (java.base@17.0.15)
5474:             1             16  sun.security.x509.RFC822Name (java.base@17.0.15)
5475:             1             16  sun.util.calendar.Gregorian (java.base@17.0.15)
5476:             1             16  sun.util.cldr.CLDRBaseLocaleDataMetaInfo (java.base@17.0.15)
5477:             1             16  sun.util.cldr.CLDRLocaleProviderAdapter$$Lambda$77/0x00000008000f16a8 (java.base@17.0.15)
5478:             1             16  sun.util.locale.InternalLocaleBuilder$CaseInsensitiveChar (java.base@17.0.15)
5479:             1             16  sun.util.locale.provider.CalendarDataUtility$CalendarFieldValueNamesMapGetter (java.base@17.0.15)
5480:             1             16  sun.util.locale.provider.CalendarDataUtility$CalendarWeekParameterGetter (java.base@17.0.15)
5481:             1             16  sun.util.locale.provider.CalendarNameProviderImpl$LengthBasedComparator (java.base@17.0.15)
5482:             1             16  sun.util.logging.internal.LoggingProviderImpl (java.logging@17.0.15)
5483:             1             16  sun.util.resources.LocaleData (java.base@17.0.15)
5484:             1             16  sun.util.resources.LocaleData$LocaleDataStrategy (java.base@17.0.15)
5485:             1             16  sun.util.resources.cldr.provider.CLDRLocaleDataMetaInfo (jdk.localedata@17.0.15)
5486:             1             16  thedarkcolour.kotlinforforge.KotlinLanguageProvider (thedarkcolour.kotlinforforge.kfflang@4.12.0)
5487:             1             16  thedarkcolour.kotlinforforge.KotlinLanguageProvider$Companion (thedarkcolour.kotlinforforge.kfflang@4.12.0)
Total       5241846      514038936
