411679:
 num     #instances         #bytes  class name (module)
-------------------------------------------------------
   1:       1099691      359930576  [B (java.base@17.0.15)
   2:        800247       32009880  java.util.LinkedHashMap$Entry (java.base@17.0.15)
   3:        737522       29500880  jdk.nio.zipfs.ZipFileSystem$IndexNode (jdk.zipfs@17.0.15)
   4:        178542       10105192  [Ljava.lang.Object; (java.base@17.0.15)
   5:         72200       10002776  [Ljava.util.HashMap$Node; (java.base@17.0.15)
   6:        358572        8605728  java.lang.String (java.base@17.0.15)
   7:        328143        7875432  com.google.common.collect.ImmutableMapEntry (com.google.common@31.1-jre)
   8:        208022        6656704  java.util.HashMap$Node (java.base@17.0.15)
   9:         85467        4017992  [Lcom.google.common.collect.ImmutableMapEntry; (com.google.common@31.1-jre)
  10:        124241        2981784  com.google.common.collect.ImmutableMapEntry$NonTerminalImmutableMapEntry (com.google.common@31.1-jre)
  11:         68689        2747560  com.google.common.collect.RegularImmutableMap (com.google.common@31.1-jre)
  12:         47037        2634072  java.util.LinkedHashMap (java.base@17.0.15)
  13:         51912        2348152  [Ljava.util.Map$Entry; (java.base@17.0.15)
  14:         24135        2316960  net.minecraft.world.level.block.state.BlockState (minecraft@1.20.1)
  15:         42562        2042976  java.util.HashMap (java.base@17.0.15)
  16:         13811        1670160  java.lang.Class (java.base@17.0.15)
  17:         44343        1418976  java.util.Hashtable$Entry (java.base@17.0.15)
  18:         26579        1384616  [D (java.base@17.0.15)
  19:         23810        1142880  com.google.common.collect.ArrayTable (com.google.common@31.1-jre)
  20:         70796        1132736  com.google.common.collect.RegularImmutableList (com.google.common@31.1-jre)
  21:          5572        1087408  [I (java.base@17.0.15)
  22:         29015         928480  java.util.concurrent.ConcurrentHashMap$Node (java.base@17.0.15)
  23:         27793         889376  org.objectweb.asm.Type (org.objectweb.asm@9.8)
  24:         17906         859488  com.google.common.collect.HashBiMap$BiEntry (com.google.common@31.1-jre)
  25:         23811         843408  [[Ljava.lang.Object; (java.base@17.0.15)
  26:         24077         770464  com.mojang.datafixers.types.templates.Product$ProductType (datafixerupper@6.0.8)
  27:         44834         717344  java.util.jar.Attributes (java.base@17.0.15)
  28:         22252         712064  com.mojang.datafixers.types.templates.Sum$SumType (datafixerupper@6.0.8)
  29:         21500         688000  com.mojang.datafixers.types.templates.Tag$TagType (datafixerupper@6.0.8)
  30:         16762         670480  it.unimi.dsi.fastutil.objects.Object2ObjectArrayMap (it.unimi.dsi.fastutil@8.5.9)
  31:         26569         637656  it.unimi.dsi.fastutil.doubles.DoubleArrayList (it.unimi.dsi.fastutil@8.5.9)
  32:         35613         569808  net.minecraft.nbt.StringTag (minecraft@1.20.1)
  33:           345         550688  [C (java.base@17.0.15)
  34:         22484         539616  com.google.common.collect.ImmutableMapEntrySet$RegularEntrySet (com.google.common@31.1-jre)
  35:           910         472736  [Ljava.util.Hashtable$Entry; (java.base@17.0.15)
  36:          9526         457248  java.lang.invoke.MemberName (java.base@17.0.15)
  37:          7945         444920  net.minecraft.world.phys.shapes.BitSetDiscreteVoxelShape (minecraft@1.20.1)
  38:         22333         357328  com.mojang.datafixers.types.templates.Const (datafixerupper@6.0.8)
  39:          9979         319328  com.mojang.datafixers.types.templates.Named$NamedType (datafixerupper@6.0.8)
  40:         12620         302880  com.mojang.datafixers.types.templates.Sum (datafixerupper@6.0.8)
  41:         12496         299904  com.mojang.datafixers.types.templates.List$ListType (datafixerupper@6.0.8)
  42:          9249         295968  net.minecraft.core.Holder$Reference (minecraft@1.20.1)
  43:         12124         290976  com.mojang.datafixers.types.templates.Product (datafixerupper@6.0.8)
  44:         12043         289032  com.mojang.datafixers.types.templates.Tag (datafixerupper@6.0.8)
  45:          8904         284928  net.minecraft.world.phys.shapes.ArrayVoxelShape (minecraft@1.20.1)
  46:         17311         276976  java.util.HashMap$EntrySet (java.base@17.0.15)
  47:          9636         270784  [J (java.base@17.0.15)
  48:           122         267112  [F (java.base@17.0.15)
  49:          3013         265144  java.lang.reflect.Method (java.base@17.0.15)
  50:         16139         258224  net.minecraft.nbt.CompoundTag (minecraft@1.20.1)
  51:         10479         251496  java.util.ArrayList (java.base@17.0.15)
  52:           525         241520  [Ljava.util.concurrent.ConcurrentHashMap$Node; (java.base@17.0.15)
  53:          5445         217800  java.lang.invoke.MethodType (java.base@17.0.15)
  54:          8909         213816  java.util.BitSet (java.base@17.0.15)
  55:          8612         206688  net.minecraftforge.forgespi.language.ModFileScanData$ClassData (net.minecraftforge.forgespi@7.0.1)
  56:           246         203616  [Lcom.google.common.collect.HashBiMap$BiEntry; (com.google.common@31.1-jre)
  57:          8023         200232  [Ljava.lang.String; (java.base@17.0.15)
  58:          8227         197448  com.mojang.serialization.Dynamic (datafixerupper@6.0.8)
  59:          5996         191872  java.lang.invoke.MethodType$ConcurrentWeakInternSet$WeakEntry (java.base@17.0.15)
  60:         11788         188608  java.util.HashSet (java.base@17.0.15)
  61:          4702         188080  java.lang.ref.SoftReference (java.base@17.0.15)
  62:          2541         182952  java.lang.reflect.Constructor (java.base@17.0.15)
  63:          5708         182656  net.minecraftforge.forgespi.language.ModFileScanData$AnnotationData (net.minecraftforge.forgespi@7.0.1)
  64:          2835         181440  java.lang.Class$ReflectionData (java.base@17.0.15)
  65:          6312         178752  [Ljava.lang.Class; (java.base@17.0.15)
  66:         10875         174000  java.lang.Object (java.base@17.0.15)
  67:          5249         167968  java.lang.invoke.LambdaForm$Name (java.base@17.0.15)
  68:         10452         167232  com.mojang.datafixers.types.templates.RecursivePoint (datafixerupper@6.0.8)
  69:          3456         165888  jdk.internal.ref.CleanerImpl$PhantomCleanableRef (java.base@17.0.15)
  70:          6766         162384  java.lang.invoke.ResolvedMethodName (java.base@17.0.15)
  71:          4934         157888  com.google.common.collect.MapMakerInternalMap$StrongKeyWeakValueEntry (com.google.common@31.1-jre)
  72:          4934         157888  com.google.common.collect.MapMakerInternalMap$WeakValueReferenceImpl (com.google.common@31.1-jre)
  73:          1195         152960  jdk.nio.zipfs.ZipFileSystem (jdk.zipfs@17.0.15)
  74:          9360         149760  java.util.HashMap$KeySet (java.base@17.0.15)
  75:          9063         145008  com.mojang.datafixers.types.templates.List (datafixerupper@6.0.8)
  76:          4417         141344  com.mojang.serialization.MapCodec$1 (datafixerupper@6.0.8)
  77:          2914         139872  com.google.common.collect.SingletonImmutableBiMap (com.google.common@31.1-jre)
  78:          4165         133280  java.lang.invoke.DirectMethodHandle (java.base@17.0.15)
  79:          5114         122736  com.mojang.datafixers.schemas.Schema$$Lambda$1806/0x000000080081a808 (datafixerupper@6.0.8)
  80:          4951         118824  net.minecraft.resources.ResourceLocation (minecraft@1.20.1)
  81:          4934         118416  net.minecraft.resources.ResourceKey (minecraft@1.20.1)
  82:          4934         118416  net.minecraft.resources.ResourceKey$InternKey (minecraft@1.20.1)
  83:          2823         112920  java.lang.invoke.BoundMethodHandle$Species_LL (java.base@17.0.15)
  84:          4469         107256  net.minecraftforge.registries.ForgeRegistry$OverrideOwner (forge@47.4.13)
  85:          3309         105888  cpw.mods.niofs.union.UnionPath (cpw.mods.securejarhandler)
  86:          1003         104312  net.minecraft.world.level.block.state.BlockBehaviour$Properties (minecraft@1.20.1)
  87:          5596          89536  net.minecraft.util.datafix.schemas.V1460$$Lambda$2003/0x0000000800856a90 (minecraft@1.20.1)
  88:          1178          89528  [Ljava.lang.ref.SoftReference; (java.base@17.0.15)
  89:          2583          82656  java.lang.invoke.BoundMethodHandle$Species_L (java.base@17.0.15)
  90:          2578          82496  com.mojang.datafixers.types.templates.CompoundList$CompoundListType (datafixerupper@6.0.8)
  91:          1716          82368  java.util.concurrent.locks.ReentrantReadWriteLock$NonfairSync (java.base@17.0.15)
  92:          1988          79520  sun.util.locale.LocaleObjectCache$CacheEntry (java.base@17.0.15)
  93:          2291          73312  jdk.internal.reflect.NativeConstructorAccessorImpl (java.base@17.0.15)
  94:          1000          72000  java.lang.reflect.Field (java.base@17.0.15)
  95:          2205          70560  com.electronwill.nightconfig.core.SimpleCommentedConfig (com.electronwill.nightconfig.core@3.6.4)
  96:          4001          64016  java.lang.Integer (java.base@17.0.15)
  97:          2638          63312  cpw.mods.modlauncher.TransformerAuditTrail$TransformerActivity (cpw.mods.modlauncher@10.0.9)
  98:          1188          62392  [Ljava.lang.invoke.LambdaForm$Name; (java.base@17.0.15)
  99:          1876          60032  java.lang.invoke.MethodHandleNatives$CallSiteContext (java.base@17.0.15)
 100:          2455          58920  cpw.mods.jarhandling.impl.Jar$StatusData (cpw.mods.securejarhandler)
 101:          2390          57360  java.util.Collections$SynchronizedSet (java.base@17.0.15)
 102:          2378          57136  [Ljava.lang.reflect.Constructor; (java.base@17.0.15)
 103:          1183          56784  java.lang.invoke.LambdaForm (java.base@17.0.15)
 104:          2348          56352  java.util.jar.Attributes$Name (java.base@17.0.15)
 105:          1388          55520  java.lang.invoke.DirectMethodHandle$Constructor (java.base@17.0.15)
 106:          2220          53280  java.util.ImmutableCollections$ListN (java.base@17.0.15)
 107:           568          53208  [Ljava.lang.invoke.MethodHandle; (java.base@17.0.15)
 108:          1105          53040  net.minecraftforge.fml.loading.moddiscovery.ModInfo$ModVersion (fmlloader@1.20.1-47.4.13)
 109:          2185          52440  java.util.ImmutableCollections$Set12 (java.base@17.0.15)
 110:           791          50624  java.util.zip.Inflater (java.base@17.0.15)
 111:           684          49248  sun.nio.ch.FileChannelImpl (java.base@17.0.15)
 112:          1199          47960  java.lang.ref.Finalizer (java.base@17.0.15)
 113:          1195          47800  jdk.nio.zipfs.ZipFileSystem$END (jdk.zipfs@17.0.15)
 114:           689          44096  java.util.concurrent.ConcurrentHashMap (java.base@17.0.15)
 115:           910          43680  java.util.Hashtable (java.base@17.0.15)
 116:           750          42000  net.minecraft.world.item.BlockItem (minecraft@1.20.1)
 117:          2618          41888  com.google.common.collect.SingletonImmutableList (com.google.common@31.1-jre)
 118:          1720          41280  java.util.concurrent.locks.ReentrantReadWriteLock (java.base@17.0.15)
 119:          1718          41232  com.mojang.serialization.Codec$$Lambda$1060/0x000000080056b6f0 (datafixerupper@6.0.8)
 120:          1718          41232  com.mojang.serialization.codecs.FieldDecoder (datafixerupper@6.0.8)
 121:          1718          41232  com.mojang.serialization.codecs.FieldEncoder (datafixerupper@6.0.8)
 122:          2490          39840  org.apache.maven.artifact.versioning.ComparableVersion$IntItem (maven.artifact@3.8.5)
 123:           993          39720  cpw.mods.niofs.union.UnionFileSystem (cpw.mods.securejarhandler)
 124:          1624          38976  com.mojang.datafixers.types.templates.Named (datafixerupper@6.0.8)
 125:          1620          38880  java.util.LinkedList$Node (java.base@17.0.15)
 126:           962          38480  org.openjdk.nashorn.internal.runtime.CompiledFunction (org.openjdk.nashorn)
 127:          1195          38240  jdk.nio.zipfs.ZipPath (jdk.zipfs@17.0.15)
 128:          1592          38208  com.mojang.serialization.MapDecoder$4 (datafixerupper@6.0.8)
 129:          1584          38016  com.mojang.serialization.MapEncoder$1 (datafixerupper@6.0.8)
 130:           945          37800  com.mojang.datafixers.types.templates.RecursivePoint$RecursivePointType (datafixerupper@6.0.8)
 131:          1564          37536  com.mojang.serialization.MapCodec$3 (datafixerupper@6.0.8)
 132:          1555          37320  com.mojang.serialization.codecs.PairMapCodec (datafixerupper@6.0.8)
 133:          1554          37296  com.mojang.serialization.MapCodec$5 (datafixerupper@6.0.8)
 134:          1554          37296  net.minecraft.world.level.block.state.StateDefinition$$Lambda$1485/0x0000000800726cd0 (minecraft@1.20.1)
 135:          2314          37024  jdk.internal.reflect.DelegatingConstructorAccessorImpl (java.base@17.0.15)
 136:           905          36200  com.mojang.datafixers.types.templates.Check$CheckType (datafixerupper@6.0.8)
 137:          1126          36032  org.openjdk.nashorn.internal.runtime.PropertyHashMap$Element (org.openjdk.nashorn)
 138:          1474          35376  net.minecraft.sounds.SoundEvent (minecraft@1.20.1)
 139:          1099          35168  com.mojang.datafixers.types.Func (datafixerupper@6.0.8)
 140:           617          34552  org.openjdk.nashorn.internal.runtime.ScriptFunction (org.openjdk.nashorn)
 141:           859          34360  java.util.WeakHashMap$Entry (java.base@17.0.15)
 142:           706          33888  java.lang.invoke.MethodHandleImpl$CountingWrapper (java.base@17.0.15)
 143:          1013          32416  java.util.Locale (java.base@17.0.15)
 144:          1012          32384  sun.util.locale.BaseLocale (java.base@17.0.15)
 145:          1001          32032  java.util.LinkedList (java.base@17.0.15)
 146:          1328          31872  com.google.common.collect.ImmutableEntry (com.google.common@31.1-jre)
 147:           993          31776  sun.util.locale.BaseLocale$Key (java.base@17.0.15)
 148:          1301          31224  org.antlr.v4.runtime.misc.Interval (org.antlr.antlr4.runtime@4.9.1)
 149:          1298          31152  java.lang.invoke.LambdaForm$NamedFunction (java.base@17.0.15)
 150:           776          31040  java.io.FileDescriptor (java.base@17.0.15)
 151:          1287          30888  org.apache.maven.artifact.versioning.ComparableVersion$ListItem (maven.artifact@3.8.5)
 152:           764          30560  org.apache.maven.artifact.versioning.DefaultArtifactVersion (maven.artifact@3.8.5)
 153:           760          30400  java.util.TreeMap$Entry (java.base@17.0.15)
 154:           943          30176  cpw.mods.modlauncher.TransformTargetLabel (cpw.mods.modlauncher@10.0.9)
 155:          1253          30072  java.util.ImmutableCollections$List12 (java.base@17.0.15)
 156:           930          29760  com.mojang.datafixers.TypeRewriteRule$Everywhere (datafixerupper@6.0.8)
 157:           462          29568  java.net.URL (java.base@17.0.15)
 158:            69          29136  [Lorg.antlr.v4.runtime.dfa.DFAState; (org.antlr.antlr4.runtime@4.9.1)
 159:          1211          29064  com.mojang.serialization.Decoder$5 (datafixerupper@6.0.8)
 160:           451          28864  cpw.mods.jarhandling.impl.Jar (cpw.mods.securejarhandler)
 161:          1720          27520  java.util.concurrent.locks.ReentrantReadWriteLock$ReadLock (java.base@17.0.15)
 162:          1720          27520  java.util.concurrent.locks.ReentrantReadWriteLock$Sync$ThreadLocalHoldCounter (java.base@17.0.15)
 163:          1720          27520  java.util.concurrent.locks.ReentrantReadWriteLock$WriteLock (java.base@17.0.15)
 164:           681          27240  com.google.common.collect.MapMakerInternalMap$WeakKeyDummyValueEntry (com.google.common@31.1-jre)
 165:           378          27216  net.minecraftforge.fml.loading.moddiscovery.ModFile (fmlloader@1.20.1-47.4.13)
 166:          1115          26760  com.mojang.serialization.MapCodec$$Lambda$1030/0x000000080055dd30 (datafixerupper@6.0.8)
 167:          1110          26640  com.mojang.datafixers.RewriteResult (datafixerupper@6.0.8)
 168:           261          26320  [Ljava.util.WeakHashMap$Entry; (java.base@17.0.15)
 169:           647          25880  com.google.common.collect.ImmutableSortedMap (com.google.common@31.1-jre)
 170:           636          25440  org.openjdk.nashorn.internal.runtime.FinalScriptFunctionData (org.openjdk.nashorn)
 171:          1584          25344  com.mojang.serialization.MapCodec$$Lambda$1106/0x0000000800578db0 (datafixerupper@6.0.8)
 172:           395          25280  it.unimi.dsi.fastutil.objects.Object2ObjectOpenHashMap (it.unimi.dsi.fastutil@8.5.9)
 173:           347          24984  net.minecraftforge.fml.loading.moddiscovery.ModInfo (fmlloader@1.20.1-47.4.13)
 174:          1554          24864  com.mojang.datafixers.DataFixUtils$$Lambda$1486/0x000000080071ec78 (datafixerupper@6.0.8)
 175:          1554          24864  net.minecraft.world.level.block.state.StateDefinition$$Lambda$1487/0x0000000800726ef8 (minecraft@1.20.1)
 176:          1554          24864  net.minecraft.world.level.block.state.StateDefinition$$Lambda$1488/0x0000000800727140 (minecraft@1.20.1)
 177:           345          24840  com.electronwill.nightconfig.core.file.WriteAsyncFileConfig (com.electronwill.nightconfig.core@3.6.4)
 178:           618          24720  java.lang.WeakPairMap$Pair$Weak (java.base@17.0.15)
 179:          1008          24192  net.minecraft.world.level.block.state.StateDefinition (minecraft@1.20.1)
 180:          1008          24192  net.minecraft.world.level.block.state.StateDefinition$$Lambda$1464/0x0000000800714b28 (minecraft@1.20.1)
 181:           995          23880  cpw.mods.niofs.union.UnionFileSystem$EmbeddedFileSystemMetadata (cpw.mods.securejarhandler)
 182:           296          23680  java.net.URI (java.base@17.0.15)
 183:           415          23520  [Ljava.lang.reflect.Method; (java.base@17.0.15)
 184:           732          23424  sun.nio.fs.UnixPath (java.base@17.0.15)
 185:           719          23008  java.lang.invoke.MethodTypeForm (java.base@17.0.15)
 186:           949          22776  jdk.dynalink.beans.SimpleDynamicMethod (jdk.dynalink@17.0.15)
 187:           945          22680  com.mojang.datafixers.types.families.RecursiveTypeFamily$$Lambda$1857/0x000000080082d770 (datafixerupper@6.0.8)
 188:           932          22368  org.apache.commons.lang3.tuple.ImmutableTriple (org.apache.commons.lang3@3.12.0)
 189:           457          21936  java.lang.invoke.LambdaFormEditor$Transform (java.base@17.0.15)
 190:          1368          21888  com.google.common.collect.SingletonImmutableSet (com.google.common@31.1-jre)
 191:           869          20856  java.lang.module.ModuleDescriptor$Exports (java.base@17.0.15)
 192:           647          20704  com.google.common.collect.RegularImmutableSortedSet (com.google.common@31.1-jre)
 193:             6          20576  [Ljava.nio.ByteBuffer; (java.base@17.0.15)
 194:           364          20384  org.openjdk.nashorn.internal.runtime.AccessorProperty (org.openjdk.nashorn)
 195:           843          20232  com.mojang.datafixers.TypeRewriteRule$Seq (datafixerupper@6.0.8)
 196:          1262          20192  java.util.LinkedHashMap$LinkedValues (java.base@17.0.15)
 197:           501          20040  java.lang.invoke.DirectMethodHandle$Accessor (java.base@17.0.15)
 198:           413          19824  java.lang.invoke.BoundMethodHandle$Species_LLLL (java.base@17.0.15)
 199:           618          19776  java.lang.WeakPairMap$Pair$Weak$1 (java.base@17.0.15)
 200:           791          18984  java.util.zip.Inflater$InflaterZStreamRef (java.base@17.0.15)
 201:          1153          18448  net.minecraft.nbt.IntTag (minecraft@1.20.1)
 202:          1150          18400  java.util.Optional (java.base@17.0.15)
 203:           764          18336  org.apache.maven.artifact.versioning.ComparableVersion (maven.artifact@3.8.5)
 204:             1          18240  org.lwjgl.opengl.GLCapabilities (org.lwjgl.opengl@3.3.1+7)
 205:           450          18000  java.math.BigInteger (java.base@17.0.15)
 206:          1120          17920  net.minecraft.util.datafix.schemas.V1470$$Lambda$2062/0x0000000800863478 (minecraft@1.20.1)
 207:          1115          17840  com.mojang.serialization.Encoder$4 (datafixerupper@6.0.8)
 208:          1110          17760  com.mojang.datafixers.View (datafixerupper@6.0.8)
 209:             2          17440  [Lcom.mojang.serialization.Dynamic; (datafixerupper@6.0.8)
 210:           535          17120  java.lang.module.ModuleDescriptor$Requires (java.base@17.0.15)
 211:          1047          16752  net.minecraft.util.datafix.schemas.V1460$$Lambda$2026/0x000000080085dff0 (minecraft@1.20.1)
 212:          1044          16704  java.util.concurrent.atomic.AtomicBoolean (java.base@17.0.15)
 213:           693          16632  net.minecraftforge.fml.loading.moddiscovery.NightConfigWrapper (fmlloader@1.20.1-47.4.13)
 214:           346          16608  net.minecraftforge.fml.loading.moddiscovery.ModFileInfo (fmlloader@1.20.1-47.4.13)
 215:           258          16512  java.lang.module.ModuleDescriptor (java.base@17.0.15)
 216:           684          16416  sun.nio.ch.NativeThreadSet (java.base@17.0.15)
 217:           511          16352  jdk.nio.zipfs.ByteArrayChannel (jdk.zipfs@17.0.15)
 218:           500          16000  net.minecraftforge.accesstransformer.AccessTransformer (accesstransformers@8.0.4)
 219:            74          15528  [Z (java.base@17.0.15)
 220:           646          15504  com.google.common.collect.ImmutableSortedMap$1EntrySet (com.google.common@31.1-jre)
 221:           481          15392  java.lang.Package (java.base@17.0.15)
 222:           473          15136  com.mojang.datafixers.types.templates.Hook$HookType (datafixerupper@6.0.8)
 223:           377          15080  java.util.IdentityHashMap (java.base@17.0.15)
 224:           620          14880  com.mojang.datafixers.TypeRewriteRule$All (datafixerupper@6.0.8)
 225:           620          14880  com.mojang.datafixers.TypeRewriteRule$OrElse (datafixerupper@6.0.8)
 226:           310          14880  java.util.TreeMap (java.base@17.0.15)
 227:           617          14808  net.minecraft.tags.TagKey (minecraft@1.20.1)
 228:           925          14800  net.minecraft.world.level.block.state.BlockBehaviour$$Lambda$1493/0x000000080072c480 (minecraft@1.20.1)
 229:           616          14784  com.mojang.datafixers.functions.Id (datafixerupper@6.0.8)
 230:           920          14720  net.minecraft.util.datafix.schemas.V705$$Lambda$1906/0x000000080083e3d8 (minecraft@1.20.1)
 231:           362          14480  com.google.common.collect.HashBasedTable (com.google.common@31.1-jre)
 232:           225          14400  it.unimi.dsi.fastutil.objects.Object2IntOpenHashMap (it.unimi.dsi.fastutil@8.5.9)
 233:           346          13840  com.electronwill.nightconfig.toml.TomlWriter (com.electronwill.nightconfig.toml@3.6.4)
 234:           332          13280  java.lang.invoke.BoundMethodHandle$Species_LLL (java.base@17.0.15)
 235:            91          12984  [Ljava.lang.ClassValue$Entry; (java.base@17.0.15)
 236:           231          12936  java.lang.Module (java.base@17.0.15)
 237:           400          12800  net.minecraftforge.jarjar.nio.util.Lazy (JarJarFileSystems@0.3.19)
 238:           199          12736  it.unimi.dsi.fastutil.ints.Int2ObjectOpenHashMap (it.unimi.dsi.fastutil@8.5.9)
 239:           159          12720  net.minecraft.world.level.block.Block (minecraft@1.20.1)
 240:            47          12400  [Lorg.openjdk.nashorn.internal.runtime.PropertyHashMap$Element; (org.openjdk.nashorn)
 241:           511          12264  net.minecraftforge.jarjar.nio.pathfs.PathPath (JarJarFileSystems@0.3.19)
 242:           380          12160  sun.security.util.ObjectIdentifier (java.base@17.0.15)
 243:           186          11904  org.openjdk.nashorn.internal.runtime.PropertyMap (org.openjdk.nashorn)
 244:           247          11856  java.lang.invoke.DirectMethodHandle$StaticAccessor (java.base@17.0.15)
 245:            85          11560  sun.nio.fs.UnixFileAttributes (java.base@17.0.15)
 246:           713          11408  net.minecraft.util.datafix.schemas.V100$$Lambda$1863/0x0000000800825fd0 (minecraft@1.20.1)
 247:           463          11112  java.util.ImmutableCollections$SetN (java.base@17.0.15)
 248:           346          11072  com.electronwill.nightconfig.toml.TomlParser (com.electronwill.nightconfig.toml@3.6.4)
 249:           345          11040  [Ljava.nio.file.OpenOption; (java.base@17.0.15)
 250:           460          11040  java.util.jar.Manifest (java.base@17.0.15)
 251:           684          10944  java.nio.channels.spi.AbstractInterruptibleChannel$1 (java.base@17.0.15)
 252:           684          10944  sun.nio.ch.FileChannelImpl$Closer (java.base@17.0.15)
 253:           684          10944  sun.nio.ch.FileDispatcherImpl (java.base@17.0.15)
 254:           341          10912  jdk.internal.math.FDBigInteger (java.base@17.0.15)
 255:           329          10528  java.lang.ref.WeakReference (java.base@17.0.15)
 256:           437          10488  com.mojang.serialization.codecs.RecordCodecBuilder (datafixerupper@6.0.8)
 257:           646          10336  com.google.common.collect.ImmutableSortedMap$1EntrySet$1 (com.google.common@31.1-jre)
 258:           258          10320  java.lang.invoke.BoundMethodHandle$Species_LJ (java.base@17.0.15)
 259:           426          10224  jdk.dynalink.beans.AbstractJavaLinker$AnnotatedDynamicMethod (jdk.dynalink@17.0.15)
 260:           636          10176  net.minecraft.world.level.block.state.BlockBehaviour$Properties$$Lambda$1492/0x000000080072c238 (minecraft@1.20.1)
 261:            97          10088  java.util.jar.JarFile$JarFileEntry (java.base@17.0.15)
 262:           251          10040  net.minecraftforge.accesstransformer.MethodTarget (accesstransformers@8.0.4)
 263:           311           9952  java.lang.ref.ReferenceQueue (java.base@17.0.15)
 264:           310           9920  com.mojang.datafixers.functions.FunctionWrapper (datafixerupper@6.0.8)
 265:           124           9920  net.minecraft.world.entity.EntityType (minecraft@1.20.1)
 266:           176           9856  org.openjdk.nashorn.internal.ir.IdentNode (org.openjdk.nashorn)
 267:           292           9312  [Ljava.security.cert.Certificate; (java.base@17.0.15)
 268:           385           9240  com.google.common.collect.ImmutableSortedAsList (com.google.common@31.1-jre)
 269:           191           9168  java.lang.invoke.BoundMethodHandle$Species_LLLIL (java.base@17.0.15)
 270:           382           9168  net.minecraftforge.fml.loading.moddiscovery.ModAnnotation$EnumHolder (fmlloader@1.20.1-47.4.13)
 271:           382           9168  org.apache.maven.artifact.versioning.VersionRange (maven.artifact@3.8.5)
 272:           379           9096  net.minecraft.world.phys.shapes.CubeVoxelShape (minecraft@1.20.1)
 273:           373           8952  org.apache.maven.artifact.versioning.Restriction (maven.artifact@3.8.5)
 274:           184           8832  java.lang.invoke.BoundMethodHandle$Species_LLLLL (java.base@17.0.15)
 275:           157           8816  [Ljava.lang.reflect.Field; (java.base@17.0.15)
 276:           361           8664  com.mojang.serialization.Codec$2 (datafixerupper@6.0.8)
 277:           262           8384  sun.security.util.KnownOIDs (java.base@17.0.15)
 278:           261           8352  joptsimple.internal.AbbreviationMap (jopt.simple@5.0.4)
 279:           346           8304  net.minecraftforge.fml.loading.moddiscovery.ModJarMetadata (fmlloader@1.20.1-47.4.13)
 280:           346           8304  net.minecraftforge.forgespi.language.IModFileInfo$LanguageSpec (net.minecraftforge.forgespi@7.0.1)
 281:           125           8000  java.security.Provider$Service (java.base@17.0.15)
 282:           200           8000  net.minecraftforge.jarjar.nio.pathfs.PathFileSystem (JarJarFileSystems@0.3.19)
 283:           165           7920  java.util.WeakHashMap (java.base@17.0.15)
 284:           140           7840  jdk.internal.module.ModuleReferenceImpl (java.base@17.0.15)
 285:           320           7680  com.mojang.datafixers.types.templates.Check (datafixerupper@6.0.8)
 286:           476           7616  java.lang.Character (java.base@17.0.15)
 287:           189           7560  it.unimi.dsi.fastutil.ints.Int2ObjectMaps$SynchronizedMap (it.unimi.dsi.fastutil@8.5.9)
 288:           315           7560  sun.reflect.annotation.AnnotationInvocationHandler (java.base@17.0.15)
 289:           313           7512  java.security.Provider$ServiceKey (java.base@17.0.15)
 290:           233           7456  org.apache.logging.log4j.core.config.plugins.processor.PluginEntry (org.apache.logging.log4j.core@2.19.0)
 291:           310           7440  com.mojang.datafixers.DataFix$NamedFunctionWrapper (datafixerupper@6.0.8)
 292:           310           7440  com.mojang.datafixers.TypeRewriteRule$IfSame (datafixerupper@6.0.8)
 293:           182           7280  java.lang.Package$VersionInfo (java.base@17.0.15)
 294:           451           7216  cpw.mods.jarhandling.impl.Jar$JarModuleDataProvider (cpw.mods.securejarhandler)
 295:           451           7216  cpw.mods.jarhandling.impl.ManifestVerifier (cpw.mods.securejarhandler)
 296:           175           7000  java.lang.invoke.MethodHandleImpl$AsVarargsCollector (java.base@17.0.15)
 297:            94           6944  [Lnet.minecraft.world.phys.shapes.VoxelShape; (minecraft@1.20.1)
 298:           123           6888  com.google.common.collect.HashBiMap (com.google.common@31.1-jre)
 299:            85           6800  java.util.zip.ZipFile$Source (java.base@17.0.15)
 300:           168           6720  java.lang.invoke.BoundMethodHandle$Species_LI (java.base@17.0.15)
 301:           278           6672  com.mojang.serialization.Encoder$1 (datafixerupper@6.0.8)
 302:           206           6592  jdk.dynalink.linker.GuardedInvocation (jdk.dynalink@17.0.15)
 303:           205           6560  org.openjdk.nashorn.internal.runtime.linker.LinkerCallSite (org.openjdk.nashorn)
 304:           268           6432  jdk.internal.module.ServicesCatalog$ServiceProvider (java.base@17.0.15)
 305:           267           6408  java.lang.Long (java.base@17.0.15)
 306:           265           6360  javax.management.ImmutableDescriptor (java.management@17.0.15)
 307:           264           6336  org.openjdk.nashorn.internal.runtime.Specialization (org.openjdk.nashorn)
 308:           158           6320  java.security.ProtectionDomain (java.base@17.0.15)
 309:           158           6320  org.antlr.v4.runtime.atn.BasicState (org.antlr.antlr4.runtime@4.9.1)
 310:            17           6256  java.lang.Thread (java.base@17.0.15)
 311:           256           6144  com.mojang.datafixers.util.Pair (datafixerupper@6.0.8)
 312:           379           6064  java.util.HashMap$Values (java.base@17.0.15)
 313:           189           6048  com.mojang.datafixers.types.families.RecursiveTypeFamily (datafixerupper@6.0.8)
 314:           189           6048  it.unimi.dsi.fastutil.ints.Int2ObjectAVLTreeMap$Entry (it.unimi.dsi.fastutil@8.5.9)
 315:           188           6016  it.unimi.dsi.fastutil.ints.IntAVLTreeSet$Entry (it.unimi.dsi.fastutil@8.5.9)
 316:           148           5920  sun.security.util.DerInputStream (java.base@17.0.15)
 317:           184           5888  java.lang.ClassValue$Entry (java.base@17.0.15)
 318:           147           5880  org.objectweb.asm.tree.VarInsnNode (org.objectweb.asm.tree@9.8)
 319:           362           5792  com.google.common.collect.HashBasedTable$Factory (com.google.common@31.1-jre)
 320:            90           5760  java.lang.ClassValue$ClassValueMap (java.base@17.0.15)
 321:           102           5712  net.minecraft.world.item.Item (minecraft@1.20.1)
 322:            64           5632  java.util.regex.Pattern (java.base@17.0.15)
 323:           140           5600  org.openjdk.nashorn.internal.runtime.PropertyHashMap (org.openjdk.nashorn)
 324:           233           5592  org.apache.logging.log4j.core.config.plugins.util.PluginType (org.apache.logging.log4j.core@2.19.0)
 325:           173           5536  com.mojang.datafixers.functions.Comp (datafixerupper@6.0.8)
 326:           345           5520  com.electronwill.nightconfig.core.file.WriteAsyncFileConfig$WriteCompletedHandler (com.electronwill.nightconfig.core@3.6.4)
 327:           171           5472  java.lang.module.ModuleDescriptor$Version (java.base@17.0.15)
 328:           225           5400  java.time.LocalDateTime (java.base@17.0.15)
 329:           222           5328  com.mojang.serialization.Decoder$1 (datafixerupper@6.0.8)
 330:           222           5328  org.antlr.v4.runtime.atn.EpsilonTransition (org.antlr.antlr4.runtime@4.9.1)
 331:            94           5264  java.util.jar.JarFile (java.base@17.0.15)
 332:           131           5240  com.mojang.datafixers.types.templates.TaggedChoice$TaggedChoiceType (datafixerupper@6.0.8)
 333:           109           5232  net.minecraftforge.installer.json.Artifact
 334:           173           5224  [Lcom.mojang.datafixers.functions.PointFree; (datafixerupper@6.0.8)
 335:           162           5184  org.openjdk.nashorn.internal.runtime.linker.NashornCallSiteDescriptor (org.openjdk.nashorn)
 336:           158           5056  com.sun.jmx.mbeanserver.ConvertingMethod (java.management@17.0.15)
 337:            70           5040  it.unimi.dsi.fastutil.objects.Object2IntOpenCustomHashMap (it.unimi.dsi.fastutil@8.5.9)
 338:           313           5008  java.lang.ref.ReferenceQueue$Lock (java.base@17.0.15)
 339:           125           5000  java.security.CodeSource (java.base@17.0.15)
 340:           125           5000  org.openjdk.nashorn.internal.parser.TokenType (org.openjdk.nashorn)
 341:            89           4984  java.io.FileCleanable (java.base@17.0.15)
 342:           309           4944  java.lang.Character$UnicodeBlock (java.base@17.0.15)
 343:            77           4928  net.minecraft.world.item.SpawnEggItem (minecraft@1.20.1)
 344:           150           4800  java.lang.invoke.MethodHandles$Lookup (java.base@17.0.15)
 345:           200           4800  net.minecraftforge.jarjar.nio.pathfs.PathFileSystem$$Lambda$694/0x00000008003b4830 (JarJarFileSystems@0.3.19)
 346:           200           4800  net.minecraftforge.jarjar.nio.util.Lazy$$Lambda$696/0x00000008003b4ed0 (JarJarFileSystems@0.3.19)
 347:           120           4800  org.apache.logging.log4j.core.Logger (org.apache.logging.log4j.core@2.19.0)
 348:           120           4800  org.apache.logging.log4j.core.Logger$PrivateConfig (org.apache.logging.log4j.core@2.19.0)
 349:           148           4736  sun.security.util.DerValue (java.base@17.0.15)
 350:           118           4720  java.lang.invoke.DirectMethodHandle$Interface (java.base@17.0.15)
 351:             1           4632  [Lnet.minecraft.nbt.IntTag; (minecraft@1.20.1)
 352:           185           4440  java.lang.module.ResolvedModule (java.base@17.0.15)
 353:           185           4440  sun.reflect.generics.tree.SimpleClassTypeSignature (java.base@17.0.15)
 354:           184           4416  java.lang.Class$AnnotationData (java.base@17.0.15)
 355:           104           4392  [Lorg.openjdk.nashorn.internal.runtime.Property; (org.openjdk.nashorn)
 356:            61           4392  net.minecraft.world.item.ItemStack (minecraft@1.20.1)
 357:           274           4384  java.util.LinkedHashMap$LinkedEntrySet (java.base@17.0.15)
 358:            49           4312  net.minecraft.world.level.block.StairBlock (minecraft@1.20.1)
 359:           267           4272  net.minecraft.util.datafix.schemas.V2501$$Lambda$2100/0x000000080086c0f0 (minecraft@1.20.1)
 360:           106           4240  net.minecraft.util.datafix.schemas.NamespacedSchema (minecraft@1.20.1)
 361:            53           4240  net.minecraft.world.level.block.SlabBlock (minecraft@1.20.1)
 362:           105           4200  org.openjdk.nashorn.internal.codegen.Label (org.openjdk.nashorn)
 363:           262           4192  java.util.TreeMap$Values (java.base@17.0.15)
 364:            52           4160  net.minecraft.world.level.block.RotatedPillarBlock (minecraft@1.20.1)
 365:           173           4152  com.mojang.datafixers.DataFix$$Lambda$2214/0x000000080088e1b0 (datafixerupper@6.0.8)
 366:           129           4128  com.google.common.collect.RegularImmutableSet (com.google.common@31.1-jre)
 367:            86           4128  jdk.internal.loader.URLClassPath$JarLoader (java.base@17.0.15)
 368:           103           4120  net.minecraft.world.level.block.SoundType (minecraft@1.20.1)
 369:           257           4112  it.unimi.dsi.fastutil.objects.Object2ObjectOpenHashMap$MapEntrySet (it.unimi.dsi.fastutil@8.5.9)
 370:           128           4096  com.mojang.datafixers.types.templates.TaggedChoice (datafixerupper@6.0.8)
 371:           256           4096  java.lang.Byte (java.base@17.0.15)
 372:           256           4096  java.lang.Short (java.base@17.0.15)
 373:           127           4064  net.minecraft.world.entity.ai.attributes.AttributeModifier (minecraft@1.20.1)
 374:           169           4056  java.lang.module.ModuleDescriptor$Provides (java.base@17.0.15)
 375:           126           4032  org.openjdk.nashorn.internal.ir.Symbol (org.openjdk.nashorn)
 376:             1           4024  [Lorg.antlr.v4.runtime.misc.Interval; (org.antlr.antlr4.runtime@4.9.1)
 377:           251           4016  org.apache.maven.artifact.versioning.ComparableVersion$StringItem (maven.artifact@3.8.5)
 378:            99           3960  org.antlr.v4.runtime.atn.LexerATNConfig (org.antlr.antlr4.runtime@4.9.1)
 379:           161           3864  net.minecraftforge.accesstransformer.FieldTarget (accesstransformers@8.0.4)
 380:            30           3840  net.minecraftforge.registries.ForgeRegistry (forge@47.4.13)
 381:           154           3696  java.util.concurrent.CopyOnWriteArrayList (java.base@17.0.15)
 382:           229           3664  com.mojang.serialization.codecs.RecordCodecBuilder$$Lambda$1062/0x000000080056bc20 (datafixerupper@6.0.8)
 383:           152           3648  java.util.regex.Pattern$BmpCharProperty (java.base@17.0.15)
 384:            91           3640  java.io.ObjectStreamField (java.base@17.0.15)
 385:           148           3552  [Lsun.security.x509.AVA; (java.base@17.0.15)
 386:           222           3552  com.mojang.serialization.MapCodec$MapCodecCodec (datafixerupper@6.0.8)
 387:            74           3552  java.lang.invoke.BoundMethodHandle$Species_LILL (java.base@17.0.15)
 388:           148           3552  java.security.Provider$UString (java.base@17.0.15)
 389:           148           3552  sun.security.x509.AVA (java.base@17.0.15)
 390:           148           3552  sun.security.x509.RDN (java.base@17.0.15)
 391:           185           3464  [Lsun.reflect.generics.tree.TypeArgument; (java.base@17.0.15)
 392:            67           3432  [Ljavax.management.MBeanAttributeInfo; (java.management@17.0.15)
 393:           142           3408  net.minecraft.util.datafix.schemas.V1460$$Lambda$2045/0x0000000800860ab0 (minecraft@1.20.1)
 394:           169           3368  [Lcom.sun.jmx.mbeanserver.MXBeanMapping; (java.management@17.0.15)
 395:            35           3360  net.minecraft.world.level.block.FlowerPotBlock (minecraft@1.20.1)
 396:           138           3312  com.mojang.serialization.Decoder$2 (datafixerupper@6.0.8)
 397:            82           3280  com.sun.management.internal.DiagnosticCommandArgumentInfo (jdk.management@17.0.15)
 398:           102           3264  java.lang.ThreadLocal$ThreadLocalMap$Entry (java.base@17.0.15)
 399:           101           3232  java.io.File (java.base@17.0.15)
 400:           200           3200  net.minecraftforge.jarjar.nio.pathfs.PathFileSystem$$Lambda$695/0x00000008003b4c88 (JarJarFileSystems@0.3.19)
 401:            50           3200  org.openjdk.nashorn.internal.runtime.options.OptionTemplate (org.openjdk.nashorn)
 402:            66           3168  javax.management.MBeanInfo (java.management@17.0.15)
 403:           132           3168  jdk.internal.module.SystemModuleFinders$2 (java.base@17.0.15)
 404:            49           3136  javax.management.openmbean.OpenMBeanAttributeInfoSupport (java.management@17.0.15)
 405:            97           3104  java.util.zip.ZipFile$CleanableResource (java.base@17.0.15)
 406:            77           3080  org.antlr.v4.runtime.dfa.DFAState (org.antlr.antlr4.runtime@4.9.1)
 407:            77           3080  org.objectweb.asm.tree.LabelNode (org.objectweb.asm.tree@9.8)
 408:           128           3072  java.time.LocalDate (java.base@17.0.15)
 409:            96           3072  jdk.internal.reflect.NativeMethodAccessorImpl (java.base@17.0.15)
 410:            96           3072  org.antlr.v4.runtime.atn.ATNConfig (org.antlr.antlr4.runtime@4.9.1)
 411:            95           3040  net.minecraftforge.fml.earlydisplay.SimpleFont$Glyph (fmlearlydisplay@1.20.1-47.4.13)
 412:            54           3024  com.google.gson.internal.bind.ReflectiveTypeAdapterFactory$1
 413:           189           3024  it.unimi.dsi.fastutil.objects.Object2IntOpenHashMap$MapEntrySet (it.unimi.dsi.fastutil@8.5.9)
 414:            27           3024  org.openjdk.nashorn.internal.ir.FunctionNode (org.openjdk.nashorn)
 415:            94           3008  javax.management.MBeanAttributeInfo (java.management@17.0.15)
 416:           188           3008  net.minecraft.util.datafix.schemas.V2100$$Lambda$2097/0x000000080086b7d0 (minecraft@1.20.1)
 417:            75           3000  net.minecraft.stats.Stat (minecraft@1.20.1)
 418:           125           3000  net.minecraft.world.entity.EntityDimensions (minecraft@1.20.1)
 419:           124           2976  java.lang.invoke.Invokers (java.base@17.0.15)
 420:           122           2928  org.apache.logging.log4j.message.DefaultFlowMessageFactory (org.apache.logging.log4j@2.19.0)
 421:           122           2928  org.apache.logging.log4j.spi.AbstractLogger$LocalLogBuilder (org.apache.logging.log4j@2.19.0)
 422:           183           2928  sun.reflect.generics.tree.ClassTypeSignature (java.base@17.0.15)
 423:            90           2880  org.openjdk.nashorn.internal.ir.LiteralNode$StringLiteralNode (org.openjdk.nashorn)
 424:           117           2808  java.security.Permissions (java.base@17.0.15)
 425:            50           2800  java.lang.invoke.BoundMethodHandle$Species_LLLLLLL (java.base@17.0.15)
 426:            87           2784  java.io.RandomAccessFile (java.base@17.0.15)
 427:            58           2784  java.util.logging.LogManager$LoggerWeakRef (java.logging@17.0.15)
 428:            29           2784  org.openjdk.nashorn.internal.runtime.RecompilableScriptFunctionData (org.openjdk.nashorn)
 429:           113           2712  java.util.regex.Pattern$GroupTail (java.base@17.0.15)
 430:            56           2688  com.google.common.collect.ImmutableListMultimap (com.google.common@31.1-jre)
 431:           168           2688  net.minecraft.util.datafix.schemas.V99$$Lambda$1808/0x0000000800817bf8 (minecraft@1.20.1)
 432:           111           2664  java.util.regex.Pattern$GroupHead (java.base@17.0.15)
 433:           110           2640  com.mojang.datafixers.FieldFinder (datafixerupper@6.0.8)
 434:           164           2624  net.minecraft.world.phys.shapes.CubePointRange (minecraft@1.20.1)
 435:           112           2600  [Ljava.lang.reflect.Type; (java.base@17.0.15)
 436:           108           2592  cpw.mods.cl.JarModuleFinder$JarModuleReference (cpw.mods.securejarhandler)
 437:            36           2592  net.minecraft.core.MappedRegistry (minecraft@1.20.1)
 438:            80           2560  jdk.internal.reflect.UnsafeObjectFieldAccessorImpl (java.base@17.0.15)
 439:            80           2560  net.minecraft.network.chat.MutableComponent (minecraft@1.20.1)
 440:            80           2560  net.minecraft.network.chat.contents.TranslatableContents (minecraft@1.20.1)
 441:           160           2560  org.openjdk.nashorn.internal.runtime.options.Option (org.openjdk.nashorn)
 442:           106           2544  java.util.ArrayDeque (java.base@17.0.15)
 443:           158           2528  [Ljava.security.Principal; (java.base@17.0.15)
 444:           158           2528  java.security.ProtectionDomain$Key (java.base@17.0.15)
 445:           158           2528  net.minecraft.util.datafix.schemas.V1906$$Lambda$2083/0x0000000800868928 (minecraft@1.20.1)
 446:           105           2520  java.lang.invoke.MutableCallSite (java.base@17.0.15)
 447:            45           2520  org.openjdk.nashorn.internal.ir.Block (org.openjdk.nashorn)
 448:            78           2496  cpw.mods.jarhandling.impl.SimpleJarMetadata (cpw.mods.securejarhandler)
 449:           104           2496  java.util.Collections$SetFromMap (java.base@17.0.15)
 450:            52           2496  org.objectweb.asm.tree.LineNumberNode (org.objectweb.asm.tree@9.8)
 451:           103           2472  [[C (java.base@17.0.15)
 452:            44           2464  org.objectweb.asm.tree.MethodInsnNode (org.objectweb.asm.tree@9.8)
 453:            50           2400  org.openjdk.nashorn.internal.ir.PropertyNode (org.openjdk.nashorn)
 454:            11           2360  [[Ljava.lang.String; (java.base@17.0.15)
 455:            98           2352  it.unimi.dsi.fastutil.objects.ObjectArrayList (it.unimi.dsi.fastutil@8.5.9)
 456:           146           2336  net.minecraft.util.datafix.schemas.V1451_6$$Lambda$1992/0x00000008008558e0 (minecraft@1.20.1)
 457:           146           2336  net.minecraft.util.datafix.schemas.V1451_6$$Lambda$1993/0x0000000800855b08 (minecraft@1.20.1)
 458:           146           2336  net.minecraft.util.datafix.schemas.V1451_6$$Lambda$1994/0x0000000800855d30 (minecraft@1.20.1)
 459:            96           2304  com.mojang.serialization.codecs.RecordCodecBuilder$2 (datafixerupper@6.0.8)
 460:           144           2304  net.minecraft.util.datafix.schemas.V704$$Lambda$1898/0x000000080083cd60 (minecraft@1.20.1)
 461:            41           2296  java.nio.HeapByteBuffer (java.base@17.0.15)
 462:           142           2272  net.minecraft.util.datafix.schemas.V1460$$Lambda$2004/0x0000000800856cb8 (minecraft@1.20.1)
 463:           142           2272  net.minecraft.util.datafix.schemas.V1460$$Lambda$2005/0x0000000800856f00 (minecraft@1.20.1)
 464:           142           2272  net.minecraft.util.datafix.schemas.V1460$$Lambda$2006/0x0000000800857148 (minecraft@1.20.1)
 465:           142           2272  net.minecraft.util.datafix.schemas.V1460$$Lambda$2007/0x0000000800857390 (minecraft@1.20.1)
 466:           142           2272  net.minecraft.util.datafix.schemas.V1460$$Lambda$2008/0x00000008008575d8 (minecraft@1.20.1)
 467:           142           2272  net.minecraft.util.datafix.schemas.V1460$$Lambda$2009/0x0000000800857820 (minecraft@1.20.1)
 468:           142           2272  net.minecraft.util.datafix.schemas.V1460$$Lambda$2010/0x0000000800857a68 (minecraft@1.20.1)
 469:           142           2272  net.minecraft.util.datafix.schemas.V1460$$Lambda$2011/0x0000000800857cb0 (minecraft@1.20.1)
 470:           142           2272  net.minecraft.util.datafix.schemas.V1460$$Lambda$2012/0x000000080085c000 (minecraft@1.20.1)
 471:           142           2272  net.minecraft.util.datafix.schemas.V1460$$Lambda$2013/0x000000080085c248 (minecraft@1.20.1)
 472:           142           2272  net.minecraft.util.datafix.schemas.V1460$$Lambda$2014/0x000000080085c490 (minecraft@1.20.1)
 473:           142           2272  net.minecraft.util.datafix.schemas.V1460$$Lambda$2015/0x000000080085c6d8 (minecraft@1.20.1)
 474:           142           2272  net.minecraft.util.datafix.schemas.V1460$$Lambda$2016/0x000000080085c920 (minecraft@1.20.1)
 475:           142           2272  net.minecraft.util.datafix.schemas.V1460$$Lambda$2017/0x000000080085cb68 (minecraft@1.20.1)
 476:           142           2272  net.minecraft.util.datafix.schemas.V1460$$Lambda$2018/0x000000080085cdb0 (minecraft@1.20.1)
 477:           142           2272  net.minecraft.util.datafix.schemas.V1460$$Lambda$2019/0x000000080085cff8 (minecraft@1.20.1)
 478:           142           2272  net.minecraft.util.datafix.schemas.V1460$$Lambda$2020/0x000000080085d240 (minecraft@1.20.1)
 479:           142           2272  net.minecraft.util.datafix.schemas.V1460$$Lambda$2021/0x000000080085d488 (minecraft@1.20.1)
 480:           142           2272  net.minecraft.util.datafix.schemas.V1460$$Lambda$2022/0x000000080085d6d0 (minecraft@1.20.1)
 481:           142           2272  net.minecraft.util.datafix.schemas.V1460$$Lambda$2023/0x000000080085d918 (minecraft@1.20.1)
 482:           142           2272  net.minecraft.util.datafix.schemas.V1460$$Lambda$2024/0x000000080085db60 (minecraft@1.20.1)
 483:           142           2272  net.minecraft.util.datafix.schemas.V1460$$Lambda$2025/0x000000080085dda8 (minecraft@1.20.1)
 484:           142           2272  net.minecraft.util.datafix.schemas.V1460$$Lambda$2027/0x000000080085e218 (minecraft@1.20.1)
 485:           142           2272  net.minecraft.util.datafix.schemas.V1460$$Lambda$2028/0x000000080085e460 (minecraft@1.20.1)
 486:           142           2272  net.minecraft.util.datafix.schemas.V1460$$Lambda$2029/0x000000080085e6a8 (minecraft@1.20.1)
 487:           142           2272  net.minecraft.util.datafix.schemas.V1460$$Lambda$2032/0x000000080085ed30 (minecraft@1.20.1)
 488:           142           2272  net.minecraft.util.datafix.schemas.V1460$$Lambda$2034/0x000000080085f180 (minecraft@1.20.1)
 489:           142           2272  net.minecraft.util.datafix.schemas.V1460$$Lambda$2035/0x000000080085f3a8 (minecraft@1.20.1)
 490:           142           2272  net.minecraft.util.datafix.schemas.V1460$$Lambda$2036/0x000000080085f5d0 (minecraft@1.20.1)
 491:           142           2272  net.minecraft.util.datafix.schemas.V1460$$Lambda$2037/0x000000080085f7f8 (minecraft@1.20.1)
 492:           142           2272  net.minecraft.util.datafix.schemas.V1460$$Lambda$2038/0x000000080085fa20 (minecraft@1.20.1)
 493:           142           2272  net.minecraft.util.datafix.schemas.V1460$$Lambda$2040/0x0000000800860000 (minecraft@1.20.1)
 494:           142           2272  net.minecraft.util.datafix.schemas.V1460$$Lambda$2044/0x0000000800860888 (minecraft@1.20.1)
 495:           142           2272  net.minecraft.util.datafix.schemas.V1460$$Lambda$2046/0x0000000800860cd8 (minecraft@1.20.1)
 496:           142           2272  net.minecraft.util.datafix.schemas.V1460$$Lambda$2048/0x0000000800861120 (minecraft@1.20.1)
 497:           142           2272  net.minecraft.util.datafix.schemas.V1460$$Lambda$2051/0x0000000800861790 (minecraft@1.20.1)
 498:           142           2272  net.minecraft.util.datafix.schemas.V1460$$Lambda$2056/0x0000000800862238 (minecraft@1.20.1)
 499:            94           2256  java.lang.ProcessEnvironment$Value (java.base@17.0.15)
 500:            94           2256  java.lang.ProcessEnvironment$Variable (java.base@17.0.15)
 501:           140           2240  net.minecraft.util.datafix.schemas.V1470$$Lambda$2063/0x00000008008636a0 (minecraft@1.20.1)
 502:            20           2240  net.minecraftforge.registries.NamespacedWrapper (forge@47.4.13)
 503:            69           2208  jdk.internal.loader.BuiltinClassLoader$LoadedModule (java.base@17.0.15)
 504:           138           2208  net.minecraft.util.datafix.schemas.V99$$Lambda$1825/0x00000008008221b8 (minecraft@1.20.1)
 505:            92           2208  org.apache.logging.slf4j.Log4jLogger (org.apache.logging.log4j.slf4j@2.19.0)
 506:            68           2176  java.lang.invoke.LambdaForm$Kind (java.base@17.0.15)
 507:             4           2176  org.openjdk.nashorn.internal.objects.Global (org.openjdk.nashorn)
 508:            54           2160  net.minecraft.world.effect.MobEffectInstance (minecraft@1.20.1)
 509:            30           2160  net.minecraftforge.registries.RegistryBuilder (forge@47.4.13)
 510:            45           2160  org.openjdk.nashorn.internal.ir.AccessNode (org.openjdk.nashorn)
 511:            53           2120  org.antlr.v4.runtime.atn.OrderedATNConfigSet (org.antlr.antlr4.runtime@4.9.1)
 512:            53           2120  sun.security.util.NamedCurve (java.base@17.0.15)
 513:            44           2112  com.sun.management.internal.DiagnosticCommandInfo (jdk.management@17.0.15)
 514:            66           2112  java.lang.invoke.SimpleMethodHandle (java.base@17.0.15)
 515:            87           2088  org.apache.logging.log4j.core.pattern.PatternFormatter (org.apache.logging.log4j.core@2.19.0)
 516:            81           2064  [Ljavax.management.ObjectName$Property; (java.management@17.0.15)
 517:             1           2064  [Lorg.openjdk.nashorn.internal.runtime.SpillProperty$Accessors; (org.openjdk.nashorn)
 518:            86           2064  net.minecraft.core.particles.SimpleParticleType (minecraft@1.20.1)
 519:           128           2048  it.unimi.dsi.fastutil.objects.Object2ObjectOpenHashMap$1 (it.unimi.dsi.fastutil@8.5.9)
 520:            85           2040  java.util.zip.ZipFile$Source$Key (java.base@17.0.15)
 521:           126           2016  jdk.internal.module.SystemModuleFinders$3 (java.base@17.0.15)
 522:            83           1992  java.util.Collections$UnmodifiableRandomAccessList (java.base@17.0.15)
 523:            82           1968  com.mojang.serialization.Encoder$2 (datafixerupper@6.0.8)
 524:            49           1960  org.objectweb.asm.tree.LocalVariableNode (org.objectweb.asm.tree@9.8)
 525:            61           1952  com.mojang.serialization.codecs.RecordCodecBuilder$Instance$$Lambda$1068/0x0000000800569ae0 (datafixerupper@6.0.8)
 526:            61           1952  com.mojang.serialization.codecs.RecordCodecBuilder$Instance$3 (datafixerupper@6.0.8)
 527:            61           1952  net.minecraft.world.item.crafting.Ingredient (minecraft@1.20.1)
 528:            81           1944  com.mojang.datafixers.types.templates.CompoundList (datafixerupper@6.0.8)
 529:            22           1936  net.minecraft.world.level.block.WallBlock (minecraft@1.20.1)
 530:           121           1936  org.apache.logging.log4j.message.ReusableMessageFactory (org.apache.logging.log4j@2.19.0)
 531:            60           1920  java.util.logging.LogManager$LogNode (java.logging@17.0.15)
 532:            24           1920  jdk.internal.reflect.DelegatingClassLoader (java.base@17.0.15)
 533:            59           1888  java.util.regex.Pattern$Branch (java.base@17.0.15)
 534:           118           1888  net.minecraft.util.datafix.schemas.V1800$$Lambda$2076/0x0000000800866df8 (minecraft@1.20.1)
 535:           118           1888  net.minecraft.util.datafix.schemas.V1800$$Lambda$2077/0x0000000800867020 (minecraft@1.20.1)
 536:           118           1888  net.minecraft.world.entity.ai.attributes.AttributeModifier$$Lambda$2488/0x00000008009a1cd8 (minecraft@1.20.1)
 537:            47           1880  org.objectweb.asm.tree.InsnNode (org.objectweb.asm.tree@9.8)
 538:            13           1872  [Ljava.lang.invoke.MemberName; (java.base@17.0.15)
 539:            46           1840  net.minecraft.world.level.block.state.properties.BooleanProperty (minecraft@1.20.1)
 540:            59           1824  [Ljava.util.regex.Pattern$Node; (java.base@17.0.15)
 541:            76           1824  javax.management.ObjectName$Property (java.management@17.0.15)
 542:           114           1824  net.minecraft.util.datafix.schemas.V1904$$Lambda$2081/0x0000000800868230 (minecraft@1.20.1)
 543:            45           1800  java.security.AccessControlContext (java.base@17.0.15)
 544:            75           1792  [Ljava.lang.invoke.SwitchPoint; (java.base@17.0.15)
 545:            56           1792  java.util.concurrent.locks.ReentrantLock$NonfairSync (java.base@17.0.15)
 546:           112           1792  net.minecraft.util.datafix.schemas.V1906$$Lambda$2084/0x0000000800868b50 (minecraft@1.20.1)
 547:           112           1792  net.minecraft.util.datafix.schemas.V705$$Lambda$1911/0x000000080083ef20 (minecraft@1.20.1)
 548:            32           1792  org.openjdk.nashorn.internal.ir.CallNode (org.openjdk.nashorn)
 549:            55           1760  javax.management.MBeanParameterInfo (java.management@17.0.15)
 550:           110           1760  net.minecraft.world.level.block.state.properties.Property$$Lambda$1429/0x000000080065fd70 (minecraft@1.20.1)
 551:           110           1760  net.minecraft.world.level.block.state.properties.Property$$Lambda$1430/0x0000000800668000 (minecraft@1.20.1)
 552:           110           1760  net.minecraft.world.level.block.state.properties.Property$$Lambda$1431/0x0000000800668458 (minecraft@1.20.1)
 553:            73           1752  [Ljava.nio.file.Path; (java.base@17.0.15)
 554:            73           1752  cpw.mods.bootstraplauncher.BootstrapLauncher$PackageTracker (cpw.mods.bootstraplauncher@1.1.2)
 555:            73           1752  java.util.Arrays$ArrayList (java.base@17.0.15)
 556:            72           1728  com.mojang.serialization.codecs.OptionalFieldCodec (datafixerupper@6.0.8)
 557:            71           1704  jdk.dynalink.NamedOperation (jdk.dynalink@17.0.15)
 558:            53           1696  java.security.spec.EllipticCurve (java.base@17.0.15)
 559:           106           1696  net.minecraft.util.datafix.schemas.V1920$$Lambda$2087/0x0000000800869738 (minecraft@1.20.1)
 560:            21           1680  net.minecraft.world.item.ArmorItem (minecraft@1.20.1)
 561:            42           1680  org.objectweb.asm.tree.JumpInsnNode (org.objectweb.asm.tree@9.8)
 562:           104           1664  net.minecraft.util.datafix.schemas.V1928$$Lambda$2089/0x0000000800869e30 (minecraft@1.20.1)
 563:           103           1648  net.minecraft.util.datafix.schemas.V1929$$Lambda$2091/0x000000080086a528 (minecraft@1.20.1)
 564:           103           1648  net.minecraft.util.datafix.schemas.V1929$$Lambda$2092/0x000000080086a770 (minecraft@1.20.1)
 565:           102           1632  net.minecraft.util.datafix.schemas.V1931$$Lambda$2094/0x000000080086ae88 (minecraft@1.20.1)
 566:            34           1632  sun.nio.cs.UTF_8$Encoder (java.base@17.0.15)
 567:            45           1616  [Ljava.lang.invoke.LambdaFormEditor$Transform; (java.base@17.0.15)
 568:            67           1608  org.antlr.v4.runtime.atn.AtomTransition (org.antlr.antlr4.runtime@4.9.1)
 569:            40           1600  javax.management.MBeanOperationInfo (java.management@17.0.15)
 570:            66           1584  java.lang.RuntimePermission (java.base@17.0.15)
 571:            33           1584  java.time.temporal.ValueRange (java.base@17.0.15)
 572:            99           1584  java.util.WeakHashMap$KeySet (java.base@17.0.15)
 573:            66           1584  net.minecraft.core.registries.BuiltInRegistries$$Lambda$1324/0x00000008005d9bc0 (minecraft@1.20.1)
 574:            49           1568  org.openjdk.nashorn.internal.codegen.CompilerConstants$2 (org.openjdk.nashorn)
 575:            39           1560  joptsimple.RequiredArgumentOptionSpec (jopt.simple@5.0.4)
 576:            97           1552  com.mojang.serialization.Decoder$$Lambda$1029/0x000000080055c1c8 (datafixerupper@6.0.8)
 577:            97           1552  jdk.internal.reflect.DelegatingMethodAccessorImpl (java.base@17.0.15)
 578:            97           1552  net.minecraft.world.entity.ai.memory.MemoryModuleType (minecraft@1.20.1)
 579:            64           1536  com.mojang.datafixers.types.templates.Hook (datafixerupper@6.0.8)
 580:            96           1536  com.mojang.serialization.codecs.RecordCodecBuilder$$Lambda$1065/0x0000000800569410 (datafixerupper@6.0.8)
 581:            96           1536  com.mojang.serialization.codecs.RecordCodecBuilder$Instance (datafixerupper@6.0.8)
 582:            96           1536  net.minecraft.util.datafix.schemas.V1460$$Lambda$2050/0x0000000800861568 (minecraft@1.20.1)
 583:            96           1536  net.minecraft.util.datafix.schemas.V1466$$Lambda$2060/0x0000000800862d80 (minecraft@1.20.1)
 584:            96           1536  net.minecraft.util.datafix.schemas.V99$$Lambda$1817/0x0000000800820fd8 (minecraft@1.20.1)
 585:            16           1536  net.minecraft.world.level.block.StainedGlassPaneBlock (minecraft@1.20.1)
 586:            63           1512  java.util.regex.Pattern$Slice (java.base@17.0.15)
 587:            27           1512  net.minecraft.network.chat.Style (minecraft@1.20.1)
 588:            63           1512  sun.reflect.generics.factory.CoreReflectionFactory (java.base@17.0.15)
 589:            94           1504  net.minecraft.util.datafix.schemas.V2100$$Lambda$2098/0x000000080086b9f8 (minecraft@1.20.1)
 590:            62           1488  com.google.gson.reflect.TypeToken
 591:            62           1488  jdk.internal.module.SystemModuleFinders$SystemModuleReader (java.base@17.0.15)
 592:            62           1488  net.minecraft.world.level.material.MapColor (minecraft@1.20.1)
 593:            62           1488  org.lwjgl.system.Configuration (org.lwjgl@3.3.1+7)
 594:            52           1472  [Ljavax.management.MBeanOperationInfo; (java.management@17.0.15)
 595:             2           1472  [[B (java.base@17.0.15)
 596:            46           1472  jdk.internal.reflect.UnsafeStaticObjectFieldAccessorImpl (java.base@17.0.15)
 597:            17           1464  [Ljava.lang.Byte; (java.base@17.0.15)
 598:             1           1464  [Ljava.lang.Character$UnicodeBlock; (java.base@17.0.15)
 599:            61           1464  com.mojang.serialization.codecs.RecordCodecBuilder$Instance$$Lambda$1067/0x0000000800569898 (datafixerupper@6.0.8)
 600:            61           1464  java.lang.invoke.SwitchPoint (java.base@17.0.15)
 601:            61           1464  java.util.Collections$SingletonList (java.base@17.0.15)
 602:            61           1464  org.apache.logging.log4j.core.pattern.AnsiEscape (org.apache.logging.log4j.core@2.19.0)
 603:            61           1456  [Lnet.minecraft.world.item.crafting.Ingredient$Value; (minecraft@1.20.1)
 604:             3           1440  [Lorg.openjdk.nashorn.internal.parser.TokenType; (org.openjdk.nashorn)
 605:            30           1440  com.google.common.collect.ArrayListMultimap (com.google.common@31.1-jre)
 606:            30           1440  com.google.common.collect.Multimaps$CustomSetMultimap (com.google.common@31.1-jre)
 607:            30           1440  it.unimi.dsi.fastutil.ints.IntOpenHashSet (it.unimi.dsi.fastutil@8.5.9)
 608:            30           1440  net.minecraft.world.level.block.state.properties.IntegerProperty (minecraft@1.20.1)
 609:            60           1440  net.minecraft.world.level.gameevent.GameEvent (minecraft@1.20.1)
 610:            30           1440  org.objectweb.asm.tree.FrameNode (org.objectweb.asm.tree@9.8)
 611:            30           1440  org.spongepowered.asm.mixin.MixinEnvironment$Option (org.spongepowered.mixin)
 612:            44           1408  com.sun.management.internal.DiagnosticCommandImpl$Wrapper (jdk.management@17.0.15)
 613:            22           1408  java.nio.DirectByteBuffer (java.base@17.0.15)
 614:            44           1408  net.minecraft.util.datafix.fixes.AddNewChoices (minecraft@1.20.1)
 615:            88           1408  net.minecraft.util.datafix.schemas.V2502$$Lambda$2102/0x000000080086c7e8 (minecraft@1.20.1)
 616:            44           1408  org.openjdk.nashorn.internal.codegen.CompilerConstants (org.openjdk.nashorn)
 617:            35           1400  java.util.EnumMap (java.base@17.0.15)
 618:            35           1400  org.antlr.v4.runtime.atn.RuleStartState (org.antlr.antlr4.runtime@4.9.1)
 619:            35           1400  org.antlr.v4.runtime.atn.RuleStopState (org.antlr.antlr4.runtime@4.9.1)
 620:            58           1392  sun.reflect.generics.reflectiveObjects.ParameterizedTypeImpl (java.base@17.0.15)
 621:            29           1392  sun.security.x509.X500Name (java.base@17.0.15)
 622:             1           1376  [Ljdk.internal.math.FDBigInteger; (java.base@17.0.15)
 623:            86           1376  net.minecraft.core.particles.SimpleParticleType$$Lambda$1591/0x000000080075a928 (minecraft@1.20.1)
 624:            86           1376  net.minecraft.util.datafix.schemas.V2505$$Lambda$2104/0x000000080086cee0 (minecraft@1.20.1)
 625:            57           1368  net.minecraft.world.item.alchemy.PotionBrewing$Mix (minecraft@1.20.1)
 626:            34           1360  java.lang.invoke.MethodHandleImpl$IntrinsicMethodHandle (java.base@17.0.15)
 627:            17           1360  net.minecraft.world.item.SmithingTemplateItem (minecraft@1.20.1)
 628:            17           1360  net.minecraft.world.level.block.CandleBlock (minecraft@1.20.1)
 629:            17           1360  net.minecraft.world.level.block.CandleCakeBlock (minecraft@1.20.1)
 630:            17           1360  net.minecraft.world.level.block.ShulkerBoxBlock (minecraft@1.20.1)
 631:            85           1360  sun.nio.fs.UnixFileAttributes$UnixAsBasicFileAttributes (java.base@17.0.15)
 632:            84           1344  net.minecraft.util.datafix.schemas.V2509$$Lambda$2106/0x000000080086d5d8 (minecraft@1.20.1)
 633:            24           1344  org.openjdk.nashorn.internal.scripts.JO4 (org.openjdk.nashorn.structures)
 634:            33           1320  java.lang.invoke.MethodHandleImpl$WrappedMember (java.base@17.0.15)
 635:            55           1320  java.util.regex.Pattern$BmpCharPropertyGreedy (java.base@17.0.15)
 636:            41           1312  javax.management.ObjectName (java.management@17.0.15)
 637:            41           1312  jdk.internal.loader.NativeLibraries (java.base@17.0.15)
 638:            41           1312  org.openjdk.nashorn.internal.codegen.CompilerConstants$7 (org.openjdk.nashorn)
 639:            27           1296  java.lang.invoke.BoundMethodHandle$SpeciesData (java.base@17.0.15)
 640:            54           1296  java.security.spec.ECPoint (java.base@17.0.15)
 641:            54           1296  java.util.regex.Pattern$$Lambda$39/0x00000008000bd9c8 (java.base@17.0.15)
 642:            54           1296  jdk.internal.loader.AbstractClassLoaderValue$Sub (java.base@17.0.15)
 643:            27           1296  sun.nio.cs.StreamEncoder (java.base@17.0.15)
 644:            32           1280  java.lang.invoke.VarHandle$AccessDescriptor (java.base@17.0.15)
 645:            40           1280  net.minecraft.world.food.FoodProperties (minecraft@1.20.1)
 646:            16           1280  net.minecraft.world.level.block.BannerBlock (minecraft@1.20.1)
 647:            16           1280  net.minecraft.world.level.block.BedBlock (minecraft@1.20.1)
 648:            16           1280  net.minecraft.world.level.block.ConcretePowderBlock (minecraft@1.20.1)
 649:            16           1280  net.minecraft.world.level.block.DropExperienceBlock (minecraft@1.20.1)
 650:            16           1280  net.minecraft.world.level.block.GlazedTerracottaBlock (minecraft@1.20.1)
 651:            16           1280  net.minecraft.world.level.block.StainedGlassBlock (minecraft@1.20.1)
 652:            16           1280  net.minecraft.world.level.block.WallBannerBlock (minecraft@1.20.1)
 653:            16           1280  net.minecraft.world.level.block.WoolCarpetBlock (minecraft@1.20.1)
 654:            40           1280  sun.reflect.generics.repository.ClassRepository (java.base@17.0.15)
 655:            53           1272  com.mojang.datafixers.NamedChoiceFinder (datafixerupper@6.0.8)
 656:            79           1264  net.minecraft.util.datafix.schemas.V2519$$Lambda$2108/0x000000080086dcd0 (minecraft@1.20.1)
 657:            78           1248  net.minecraft.util.datafix.schemas.V2522$$Lambda$2110/0x000000080086e3c8 (minecraft@1.20.1)
 658:            22           1232  java.util.logging.Logger (java.logging@17.0.15)
 659:            22           1232  org.openjdk.nashorn.internal.runtime.UserAccessorProperty (org.openjdk.nashorn)
 660:            38           1216  java.util.RegularEnumSet (java.base@17.0.15)
 661:            19           1216  net.minecraft.world.item.StandingAndWallBlockItem (minecraft@1.20.1)
 662:            30           1200  java.lang.invoke.DirectMethodHandle$Special (java.base@17.0.15)
 663:            30           1200  java.time.temporal.ChronoField (java.base@17.0.15)
 664:            30           1200  net.minecraft.world.level.block.state.properties.EnumProperty (minecraft@1.20.1)
 665:            10           1200  net.minecraftforge.registries.NamespacedDefaultedWrapper (forge@47.4.13)
 666:            38           1184  [Ljava.math.BigInteger; (java.base@17.0.15)
 667:            37           1184  java.time.format.DateTimeFormatterBuilder$NumberPrinterParser (java.base@17.0.15)
 668:            74           1184  jdk.proxy2.$Proxy2 (jdk.proxy2)
 669:            37           1184  net.minecraft.world.level.material.FluidState (minecraft@1.20.1)
 670:            49           1176  java.util.regex.Pattern$CharPropertyGreedy (java.base@17.0.15)
 671:            49           1176  org.apache.logging.log4j.core.pattern.SimpleLiteralPatternConverter$StringValue (org.apache.logging.log4j.core@2.19.0)
 672:            21           1176  org.apache.logging.log4j.core.util.datetime.FixedDateFormat$FixedFormat (org.apache.logging.log4j.core@2.19.0)
 673:            48           1152  java.security.BasicPermissionCollection (java.base@17.0.15)
 674:            16           1152  net.minecraft.world.item.RecordItem (minecraft@1.20.1)
 675:            12           1152  net.minecraft.world.level.block.FenceBlock (minecraft@1.20.1)
 676:            36           1152  net.minecraftforge.installer.json.Version$LibraryDownload
 677:            36           1152  org.antlr.v4.runtime.atn.SingletonPredictionContext (org.antlr.antlr4.runtime@4.9.1)
 678:            13           1144  net.minecraft.world.level.block.ButtonBlock (minecraft@1.20.1)
 679:            13           1144  net.minecraft.world.level.block.FlowerBlock (minecraft@1.20.1)
 680:            13           1144  net.minecraft.world.level.block.PressurePlateBlock (minecraft@1.20.1)
 681:            29           1128  [Lsun.security.x509.RDN; (java.base@17.0.15)
 682:            28           1120  java.lang.invoke.VarHandleReferences$FieldInstanceReadWrite (java.base@17.0.15)
 683:            28           1120  net.minecraft.world.phys.Vec3 (minecraft@1.20.1)
 684:            28           1120  org.openjdk.nashorn.internal.runtime.NativeJavaPackage (org.openjdk.nashorn)
 685:            14           1120  sun.security.x509.X509CertImpl (java.base@17.0.15)
 686:             1           1104  [Lsun.security.util.KnownOIDs; (java.base@17.0.15)
 687:            69           1104  java.util.regex.Pattern$$Lambda$37/0x00000008000badb0 (java.base@17.0.15)
 688:            68           1088  net.minecraft.core.MappedRegistry$1 (minecraft@1.20.1)
 689:            44           1080  [Lcom.sun.management.internal.DiagnosticCommandArgumentInfo; (jdk.management@17.0.15)
 690:            27           1080  [Ljava.lang.invoke.BoundMethodHandle$SpeciesData; (java.base@17.0.15)
 691:            45           1080  net.minecraftforge.accesstransformer.ClassTarget (accesstransformers@8.0.4)
 692:            45           1080  sun.reflect.generics.scope.ClassScope (java.base@17.0.15)
 693:            44           1072  [Ljavax.management.MBeanParameterInfo; (java.management@17.0.15)
 694:            19           1064  net.minecraft.world.item.DoubleHighBlockItem (minecraft@1.20.1)
 695:             2           1056  [Ljava.lang.Integer; (java.base@17.0.15)
 696:             2           1056  [Ljava.lang.Long; (java.base@17.0.15)
 697:             2           1056  [Ljava.lang.Short; (java.base@17.0.15)
 698:            30           1056  [Ljava.time.format.DateTimeFormatterBuilder$DateTimePrinterParser; (java.base@17.0.15)
 699:            33           1056  java.util.Collections$SynchronizedMap (java.base@17.0.15)
 700:            44           1056  net.minecraft.util.datafix.fixes.AddNewChoices$$Lambda$2238/0x0000000800898248 (minecraft@1.20.1)
 701:            66           1056  net.minecraft.util.datafix.schemas.V3078$$Lambda$2159/0x0000000800878700 (minecraft@1.20.1)
 702:            44           1056  org.openjdk.nashorn.internal.runtime.Context$BuiltinSwitchPoint (org.openjdk.nashorn)
 703:            26           1040  java.io.BufferedWriter (java.base@17.0.15)
 704:            65           1040  net.minecraft.util.datafix.schemas.V2568$$Lambda$2127/0x00000008008753b8 (minecraft@1.20.1)
 705:            43           1032  com.sun.jmx.mbeanserver.PerInterface$MethodAndSig (java.management@17.0.15)
 706:            43           1032  jdk.dynalink.beans.OverloadedDynamicMethod (jdk.dynalink@17.0.15)
 707:            43           1032  net.minecraft.world.item.alchemy.Potion (minecraft@1.20.1)
 708:            43           1032  net.minecraft.world.scores.criteria.ObjectiveCriteria (minecraft@1.20.1)
 709:            43           1032  net.minecraftforge.accesstransformer.InnerClassTarget (accesstransformers@8.0.4)
 710:            16           1024  java.lang.invoke.BoundMethodHandle$Species_LLLLLLLLL (java.base@17.0.15)
 711:            32           1024  joptsimple.OptionSpecBuilder (jopt.simple@5.0.4)
 712:            16           1024  net.minecraft.world.item.BannerItem (minecraft@1.20.1)
 713:            64           1024  net.minecraft.world.level.block.state.BlockBehaviour$Properties$$Lambda$1659/0x000000080077f3c8 (minecraft@1.20.1)
 714:            18           1008  net.minecraft.world.item.BoatItem (minecraft@1.20.1)
 715:            42           1008  sun.security.x509.AlgorithmId (java.base@17.0.15)
 716:            25           1000  net.minecraft.world.effect.MobEffect (minecraft@1.20.1)
 717:            58            992  [Lsun.reflect.generics.tree.FormalTypeParameter; (java.base@17.0.15)
 718:            31            992  cpw.mods.modlauncher.api.ITransformer$Target (cpw.mods.modlauncher@10.0.9)
 719:            31            992  java.lang.invoke.VarHandle$AccessMode (java.base@17.0.15)
 720:            31            992  net.minecraft.client.telemetry.TelemetryProperty (minecraft@1.20.1)
 721:            41            984  net.minecraft.world.level.block.entity.BlockEntityType (minecraft@1.20.1)
 722:            61            976  net.minecraft.util.datafix.schemas.V2684$$Lambda$2131/0x00000008008766d8 (minecraft@1.20.1)
 723:            11            968  net.minecraft.world.level.block.FenceGateBlock (minecraft@1.20.1)
 724:            20            960  com.google.gson.internal.LinkedTreeMap$Node
 725:            24            960  com.sun.jmx.mbeanserver.MXBeanSupport (java.management@17.0.15)
 726:            24            960  java.io.PrintWriter (java.base@17.0.15)
 727:            40            960  net.minecraft.util.datafix.fixes.NamedEntityFix$$Lambda$2213/0x000000080087f660 (minecraft@1.20.1)
 728:            60            960  net.minecraft.util.datafix.schemas.V2686$$Lambda$2134/0x0000000800876ff0 (minecraft@1.20.1)
 729:            40            960  net.minecraft.world.entity.schedule.Keyframe (minecraft@1.20.1)
 730:            60            960  net.minecraft.world.item.ItemStack$$Lambda$2610/0x00000008009e22f0 (minecraft@1.20.1)
 731:            60            960  net.minecraft.world.item.crafting.Ingredient$ItemValue (minecraft@1.20.1)
 732:            12            960  net.minecraft.world.level.block.DoorBlock (minecraft@1.20.1)
 733:            12            960  net.minecraft.world.level.block.TrapDoorBlock (minecraft@1.20.1)
 734:            24            960  org.antlr.v4.runtime.atn.ATNConfigSet (org.antlr.antlr4.runtime@4.9.1)
 735:            24            960  org.antlr.v4.runtime.atn.BlockEndState (org.antlr.antlr4.runtime@4.9.1)
 736:            24            960  org.openjdk.nashorn.internal.ir.ObjectNode (org.openjdk.nashorn)
 737:            30            960  org.openjdk.nashorn.internal.runtime.GlobalConstants$Access (org.openjdk.nashorn)
 738:            40            960  sun.reflect.generics.tree.ClassSignature (java.base@17.0.15)
 739:            59            944  java.util.regex.Pattern$BranchConn (java.base@17.0.15)
 740:            59            944  net.minecraft.util.datafix.schemas.V2688$$Lambda$2136/0x00000008008776e8 (minecraft@1.20.1)
 741:            59            944  net.minecraft.util.datafix.schemas.V2688$$Lambda$2137/0x0000000800877910 (minecraft@1.20.1)
 742:            39            936  java.lang.management.ManagementPermission (java.management@17.0.15)
 743:            39            936  java.util.regex.Pattern$BmpCharPredicate$$Lambda$40/0x00000008000bdc50 (java.base@17.0.15)
 744:            39            936  net.minecraft.commands.synchronization.SingletonArgumentInfo$Template (minecraft@1.20.1)
 745:            39            936  org.openjdk.nashorn.internal.parser.Parser$ParserState (org.openjdk.nashorn)
 746:            58            928  java.lang.ThreadLocal (java.base@17.0.15)
 747:            58            928  net.minecraft.world.level.block.state.BlockBehaviour$Properties$$Lambda$1627/0x00000008007661b0 (minecraft@1.20.1)
 748:            29            928  org.openjdk.nashorn.internal.runtime.AllocationStrategy (org.openjdk.nashorn)
 749:            23            920  java.util.logging.Logger$ConfigurationData (java.logging@17.0.15)
 750:             5            912  [Ljava.lang.ThreadLocal$ThreadLocalMap$Entry; (java.base@17.0.15)
 751:            40            912  [Lsun.reflect.generics.tree.ClassTypeSignature; (java.base@17.0.15)
 752:            57            912  java.security.AllPermissionCollection (java.base@17.0.15)
 753:            38            912  java.util.regex.Pattern$Start (java.base@17.0.15)
 754:            19            912  javax.management.openmbean.ArrayType (java.management@17.0.15)
 755:            28            896  java.lang.invoke.BoundMethodHandle$Species_I (java.base@17.0.15)
 756:            56            896  java.util.concurrent.atomic.AtomicInteger (java.base@17.0.15)
 757:            16            896  net.minecraft.world.item.BedItem (minecraft@1.20.1)
 758:            16            896  net.minecraft.world.item.DyeItem (minecraft@1.20.1)
 759:            28            896  org.antlr.v4.runtime.dfa.DFA (org.antlr.antlr4.runtime@4.9.1)
 760:            28            896  org.apache.commons.lang3.text.translate.LookupTranslator (org.apache.commons.lang3@3.12.0)
 761:            37            888  com.sun.jmx.mbeanserver.NamedObject (java.management@17.0.15)
 762:            22            880  java.util.Collections$SingletonMap (java.base@17.0.15)
 763:            22            880  net.minecraft.ChatFormatting (minecraft@1.20.1)
 764:            11            880  net.minecraft.world.level.block.CeilingHangingSignBlock (minecraft@1.20.1)
 765:            11            880  net.minecraft.world.level.block.StandingSignBlock (minecraft@1.20.1)
 766:            11            880  net.minecraft.world.level.block.WallHangingSignBlock (minecraft@1.20.1)
 767:            11            880  net.minecraft.world.level.block.WallSignBlock (minecraft@1.20.1)
 768:            22            880  org.openjdk.nashorn.internal.codegen.types.ObjectType (org.openjdk.nashorn)
 769:            36            864  net.minecraftforge.installer.json.Version$Downloads
 770:            36            864  net.minecraftforge.installer.json.Version$Library
 771:            53            848  java.util.regex.Pattern$BitClass (java.base@17.0.15)
 772:            53            848  net.minecraft.world.level.block.StairBlock$$Lambda$1635/0x0000000800767788 (minecraft@1.20.1)
 773:            30            840  [Ljava.security.ProtectionDomain; (java.base@17.0.15)
 774:            35            840  cpw.mods.modlauncher.ModuleLayerHandler$PathOrJar (cpw.mods.modlauncher@10.0.9)
 775:            35            840  java.lang.NamedPackage (java.base@17.0.15)
 776:            15            840  net.minecraft.world.level.block.state.properties.BlockSetType (minecraft@1.20.1)
 777:            26            832  java.time.zone.ZoneOffsetTransition (java.base@17.0.15)
 778:            26            832  java.util.UUID (java.base@17.0.15)
 779:            25            816  [Ljava.io.ObjectStreamField; (java.base@17.0.15)
 780:             2            816  [Ljava.time.LocalDateTime; (java.base@17.0.15)
 781:            34            816  java.lang.StringBuilder (java.base@17.0.15)
 782:            34            816  java.util.function.Function$$Lambda$1193/0x00000008002f86a0 (java.base@17.0.15)
 783:            17            816  jdk.dynalink.beans.BeanLinker (jdk.dynalink@17.0.15)
 784:            51            816  jdk.proxy2.$Proxy3 (jdk.proxy2)
 785:            51            816  net.minecraft.util.datafix.schemas.V2704$$Lambda$2139/0x0000000800872230 (minecraft@1.20.1)
 786:            17            816  org.openjdk.nashorn.internal.ir.BinaryNode (org.openjdk.nashorn)
 787:            31            800  [Lnet.minecraft.world.entity.EquipmentSlot; (minecraft@1.20.1)
 788:            25            800  com.sun.jmx.mbeanserver.WeakIdentityHashMap$IdentityWeakReference (java.management@17.0.15)
 789:            25            800  net.minecraft.util.datafix.fixes.ItemRenameFix$1 (minecraft@1.20.1)
 790:            20            800  org.openjdk.nashorn.internal.ir.JoinPredecessorExpression (org.openjdk.nashorn)
 791:            25            800  sun.reflect.annotation.AnnotationType (java.base@17.0.15)
 792:            33            792  com.google.gson.internal.bind.TypeAdapters$31 (com.google.gson@2.10)
 793:            33            792  java.util.concurrent.locks.AbstractQueuedSynchronizer$ConditionObject (java.base@17.0.15)
 794:            33            792  net.minecraft.core.BlockPos (minecraft@1.20.1)
 795:            33            792  net.minecraft.core.Vec3i (minecraft@1.20.1)
 796:            14            784  javax.management.openmbean.OpenMBeanParameterInfoSupport (java.management@17.0.15)
 797:            14            784  net.minecraft.world.item.ItemNameBlockItem (minecraft@1.20.1)
 798:            14            784  sun.security.x509.X509CertInfo (java.base@17.0.15)
 799:            32            768  com.sun.jmx.mbeanserver.DefaultMXBeanMappingFactory$IdentityMapping (java.management@17.0.15)
 800:            16            768  net.minecraft.world.item.DyeColor (minecraft@1.20.1)
 801:            24            768  org.antlr.v4.runtime.atn.RuleTransition (org.antlr.antlr4.runtime@4.9.1)
 802:            16            768  org.objectweb.asm.tree.FieldInsnNode (org.objectweb.asm.tree@9.8)
 803:            16            768  org.openjdk.nashorn.internal.ir.VarNode (org.openjdk.nashorn)
 804:            24            768  sun.security.x509.OIDMap$OIDInfo (java.base@17.0.15)
 805:            19            760  java.time.format.DateTimeFormatter (java.base@17.0.15)
 806:            11            752  [S (java.base@17.0.15)
 807:            47            752  net.minecraft.util.datafix.schemas.V99$$Lambda$1841/0x0000000800824468 (minecraft@1.20.1)
 808:            47            752  net.minecraft.util.datafix.schemas.V99$$Lambda$1848/0x0000000800825350 (minecraft@1.20.1)
 809:            31            744  cpw.mods.jarhandling.SecureJar$Provider (cpw.mods.securejarhandler)
 810:            31            744  cpw.mods.modlauncher.TransformerHolder (cpw.mods.modlauncher@10.0.9)
 811:            31            744  java.security.Provider$EngineDescription (java.base@17.0.15)
 812:            31            744  java.util.Date (java.base@17.0.15)
 813:            46            736  net.minecraft.util.datafix.schemas.V100$$Lambda$1867/0x00000008008268d0 (minecraft@1.20.1)
 814:            46            736  net.minecraft.util.datafix.schemas.V2831$$Lambda$2142/0x0000000800872df8 (minecraft@1.20.1)
 815:            23            736  net.minecraft.world.level.block.state.properties.NoteBlockInstrument (minecraft@1.20.1)
 816:            23            736  org.apache.logging.log4j.core.pattern.DatePatternConverter$PatternFormatter (org.apache.logging.log4j.core@2.19.0)
 817:            13            728  javax.management.openmbean.CompositeType (java.management@17.0.15)
 818:            13            728  org.objectweb.asm.Label (org.objectweb.asm@9.8)
 819:            18            720  com.sun.jmx.mbeanserver.PerInterface (java.management@17.0.15)
 820:            30            720  java.lang.ClassValue$Version (java.base@17.0.15)
 821:            30            720  java.time.format.DateTimeFormatterBuilder$CompositePrinterParser (java.base@17.0.15)
 822:            45            720  net.minecraft.util.datafix.schemas.V2832$$Lambda$2146/0x0000000800873938 (minecraft@1.20.1)
 823:            30            720  net.minecraft.world.entity.decoration.PaintingVariant (minecraft@1.20.1)
 824:            30            720  net.minecraftforge.registries.ForgeRegistryTagManager (forge@47.4.13)
 825:            18            720  org.openjdk.nashorn.internal.ir.ReturnNode (org.openjdk.nashorn)
 826:            18            720  org.openjdk.nashorn.internal.ir.RuntimeNode$Request (org.openjdk.nashorn)
 827:            18            720  sun.reflect.generics.repository.MethodRepository (java.base@17.0.15)
 828:            17            712  [Ljava.lang.invoke.MethodType; (java.base@17.0.15)
 829:            22            704  cpw.mods.modlauncher.api.TypesafeMap$Key (cpw.mods.modlauncher@10.0.9)
 830:            11            704  net.minecraft.world.item.HangingSignItem (minecraft@1.20.1)
 831:            11            704  net.minecraft.world.item.SignItem (minecraft@1.20.1)
 832:            29            696  java.util.regex.Pattern$$Lambda$291/0x0000000800260d58 (java.base@17.0.15)
 833:            29            696  org.spongepowered.asm.launch.platform.MixinContainer (org.spongepowered.mixin)
 834:            29            696  org.spongepowered.asm.launch.platform.MixinPlatformAgentDefault (org.spongepowered.mixin)
 835:            17            680  com.mojang.serialization.codecs.RecordCodecBuilder$Instance$5 (datafixerupper@6.0.8)
 836:            28            672  com.google.common.collect.HashBiMap$Inverse (com.google.common@31.1-jre)
 837:            21            672  java.util.ImmutableCollections$Map1 (java.base@17.0.15)
 838:            21            672  java.util.ImmutableCollections$MapN (java.base@17.0.15)
 839:             2            672  java.util.concurrent.ForkJoinPool (java.base@17.0.15)
 840:            42            672  net.minecraft.util.datafix.schemas.V106$$Lambda$1875/0x0000000800831a30 (minecraft@1.20.1)
 841:            28            672  net.minecraftforge.fml.loading.moddiscovery.AbstractModProvider$DefaultModFileInfo (fmlloader@1.20.1-47.4.13)
 842:            28            672  org.openjdk.nashorn.internal.runtime.UserAccessorProperty$Accessors (org.openjdk.nashorn)
 843:            28            672  org.spongepowered.asm.launch.platform.container.ContainerHandleModLauncherEx$SecureJarResource (org.spongepowered.mixin)
 844:            14            672  sun.security.rsa.RSAPublicKeyImpl (java.base@17.0.15)
 845:            14            672  sun.security.util.MemoryCache$SoftCacheEntry (java.base@17.0.15)
 846:            12            672  sun.util.calendar.ZoneInfo (java.base@17.0.15)
 847:            41            656  net.minecraft.util.datafix.DataFixers$$Lambda$2066/0x0000000800864298 (minecraft@1.20.1)
 848:            41            656  net.minecraft.util.datafix.schemas.V2842$$Lambda$2155/0x0000000800870800 (minecraft@1.20.1)
 849:            27            648  java.io.OutputStreamWriter (java.base@17.0.15)
 850:             9            648  java.util.concurrent.ThreadPoolExecutor (java.base@17.0.15)
 851:            40            640  java.util.concurrent.locks.ReentrantLock (java.base@17.0.15)
 852:            40            640  jdk.proxy2.$Proxy14 (jdk.proxy2)
 853:             8            640  net.minecraft.world.level.block.LeavesBlock (minecraft@1.20.1)
 854:             8            640  net.minecraft.world.level.block.WeatheringCopperFullBlock (minecraft@1.20.1)
 855:            16            640  org.openjdk.nashorn.internal.codegen.CompileUnit (org.openjdk.nashorn)
 856:             3            624  [Ljava.lang.invoke.LambdaForm; (java.base@17.0.15)
 857:            13            624  com.llamalad7.mixinextras.lib.semver.Version (MixinExtras@0.5.3)
 858:            13            624  com.mojang.serialization.codecs.KeyDispatchCodec (datafixerupper@6.0.8)
 859:            26            624  java.security.spec.ECFieldF2m (java.base@17.0.15)
 860:            26            624  java.time.LocalTime (java.base@17.0.15)
 861:            26            624  java.util.regex.Pattern$Ques (java.base@17.0.15)
 862:            39            624  net.minecraft.commands.synchronization.SingletonArgumentInfo (minecraft@1.20.1)
 863:            13            624  net.minecraft.world.entity.ai.attributes.RangedAttribute (minecraft@1.20.1)
 864:            26            624  net.minecraft.world.entity.schedule.Activity (minecraft@1.20.1)
 865:            13            624  org.antlr.v4.runtime.atn.BasicBlockStartState (org.antlr.antlr4.runtime@4.9.1)
 866:            26            624  org.apache.logging.log4j.MarkerManager$Log4jMarker (org.apache.logging.log4j@2.19.0)
 867:            32            616  [Lsun.reflect.generics.tree.FieldTypeSignature; (java.base@17.0.15)
 868:            38            608  java.lang.constant.ReferenceClassDescImpl (java.base@17.0.15)
 869:            19            608  java.util.regex.Pattern$Curly (java.base@17.0.15)
 870:            38            608  net.minecraft.util.datafix.schemas.V99$$Lambda$1831/0x0000000800822f00 (minecraft@1.20.1)
 871:            19            608  sun.security.x509.URIName (java.base@17.0.15)
 872:            25            600  java.util.concurrent.LinkedBlockingQueue$Node (java.base@17.0.15)
 873:            15            600  net.minecraft.world.entity.npc.VillagerProfession (minecraft@1.20.1)
 874:            25            600  net.minecraftforge.fml.loading.moddiscovery.CoreModFile (fmlloader@1.20.1-47.4.13)
 875:             5            600  org.objectweb.asm.tree.MethodNode (org.objectweb.asm.tree@9.8)
 876:             4            576  java.text.DecimalFormat (java.base@17.0.15)
 877:            24            576  jdk.internal.util.jar.JarIndex (java.base@17.0.15)
 878:            24            576  net.minecraft.world.inventory.MenuType (minecraft@1.20.1)
 879:            12            576  net.minecraft.world.level.chunk.ChunkStatus (minecraft@1.20.1)
 880:             4            576  org.openjdk.nashorn.internal.objects.NativeArray$Prototype (org.openjdk.nashorn)
 881:             6            576  org.openjdk.nashorn.internal.runtime.ScriptLoader (org.openjdk.nashorn)
 882:            18            576  sun.reflect.generics.tree.MethodTypeSignature (java.base@17.0.15)
 883:            10            560  java.util.Properties (java.base@17.0.15)
 884:             7            560  java.util.concurrent.TimeUnit (java.base@17.0.15)
 885:            14            560  javax.management.openmbean.SimpleType (java.management@17.0.15)
 886:            35            560  net.minecraft.util.datafix.schemas.V135$$Lambda$1879/0x00000008008386f8 (minecraft@1.20.1)
 887:            35            560  net.minecraft.world.level.block.FlowerPotBlock$$Lambda$1712/0x0000000800790dc8 (minecraft@1.20.1)
 888:             7            560  net.minecraft.world.level.block.SaplingBlock (minecraft@1.20.1)
 889:            14            560  net.minecraftforge.fml.loading.FMLConfig$ConfigValue (fmlloader@1.20.1-47.4.13)
 890:            10            560  sun.invoke.util.Wrapper (java.base@17.0.15)
 891:            14            560  sun.util.locale.provider.LocaleResources$ResourceReference (java.base@17.0.15)
 892:            23            552  java.util.concurrent.atomic.AtomicLong (java.base@17.0.15)
 893:            23            552  java.util.regex.Pattern$SliceU (java.base@17.0.15)
 894:            23            552  net.minecraft.util.ExtraCodecs$$Lambda$1122/0x000000080057ea90 (minecraft@1.20.1)
 895:            23            552  net.minecraft.util.ExtraCodecs$2 (minecraft@1.20.1)
 896:             2            544  [Ljava.lang.Character; (java.base@17.0.15)
 897:            17            544  com.mojang.serialization.codecs.RecordCodecBuilder$Instance$$Lambda$1097/0x0000000800572cf0 (datafixerupper@6.0.8)
 898:            17            544  com.mojang.serialization.codecs.RecordCodecBuilder$Instance$$Lambda$1098/0x0000000800572f38 (datafixerupper@6.0.8)
 899:            34            544  net.minecraft.commands.synchronization.SingletonArgumentInfo$$Lambda$2826/0x0000000800a2e1f8 (minecraft@1.20.1)
 900:            34            544  net.minecraft.world.level.block.FlowerPotBlock$$Lambda$1716/0x0000000800791690 (minecraft@1.20.1)
 901:            17            544  org.antlr.v4.runtime.atn.ActionTransition (org.antlr.antlr4.runtime@4.9.1)
 902:             4            544  org.openjdk.nashorn.internal.objects.NativeString$Prototype (org.openjdk.nashorn)
 903:            24            536  [Ljavax.management.MBeanNotificationInfo; (java.management@17.0.15)
 904:            14            528  [Lnet.minecraft.core.Direction; (minecraft@1.20.1)
 905:             2            528  [Lorg.apache.logging.log4j.core.pattern.AnsiEscape; (org.apache.logging.log4j.core@2.19.0)
 906:            11            528  com.sun.jmx.mbeanserver.DefaultMXBeanMappingFactory$CompositeMapping (java.management@17.0.15)
 907:            33            528  net.minecraft.util.datafix.schemas.V3078$$Lambda$2160/0x0000000800878928 (minecraft@1.20.1)
 908:            22            528  org.antlr.v4.runtime.misc.IntervalSet (org.antlr.antlr4.runtime@4.9.1)
 909:            13            520  java.lang.ModuleLayer (java.base@17.0.15)
 910:            13            520  java.lang.module.Configuration (java.base@17.0.15)
 911:            16            512  com.mojang.serialization.codecs.RecordCodecBuilder$Instance$1 (datafixerupper@6.0.8)
 912:            16            512  cpw.mods.modlauncher.api.TypesafeMap$KeyBuilder (cpw.mods.modlauncher@10.0.9)
 913:            16            512  java.time.temporal.ChronoUnit (java.base@17.0.15)
 914:            32            512  net.minecraft.util.datafix.schemas.V3081$$Lambda$2162/0x0000000800879020 (minecraft@1.20.1)
 915:             4            512  org.openjdk.nashorn.internal.runtime.ScriptEnvironment (org.openjdk.nashorn)
 916:            21            504  java.util.AbstractMap$SimpleImmutableEntry (java.base@17.0.15)
 917:            21            504  net.minecraft.commands.arguments.selector.options.EntitySelectorOptions$Option (minecraft@1.20.1)
 918:            21            504  net.minecraft.network.syncher.EntityDataSerializer$1 (minecraft@1.20.1)
 919:            21            504  org.apache.logging.log4j.core.util.datetime.FastDateParser$StrategyAndWidth (org.apache.logging.log4j.core@2.19.0)
 920:            21            504  org.lwjgl.system.libffi.FFIType (org.lwjgl@3.3.1+7)
 921:             7            504  org.openjdk.nashorn.internal.ir.ForNode (org.openjdk.nashorn)
 922:            21            504  sun.security.x509.AVAKeyword (java.base@17.0.15)
 923:             7            496  [Lsun.invoke.util.Wrapper; (java.base@17.0.15)
 924:            31            496  net.minecraft.util.datafix.schemas.V3082$$Lambda$2164/0x0000000800879718 (minecraft@1.20.1)
 925:            31            496  net.minecraft.util.datafix.schemas.V99$$Lambda$1821/0x00000008008218b8 (minecraft@1.20.1)
 926:            24            480  [Ljavax.management.MBeanConstructorInfo; (java.management@17.0.15)
 927:            20            480  com.google.common.base.Suppliers$NonSerializableMemoizingSupplier (com.google.common@31.1-jre)
 928:            12            480  com.sun.jna.Function (com.sun.jna@5.12.1)
 929:            12            480  com.sun.jna.Library$Handler$FunctionInfo (com.sun.jna@5.12.1)
 930:            30            480  java.lang.ClassValue$Identity (java.base@17.0.15)
 931:            12            480  java.lang.OutOfMemoryError (java.base@17.0.15)
 932:            30            480  net.minecraft.util.datafix.schemas.V3083$$Lambda$2166/0x0000000800879e30 (minecraft@1.20.1)
 933:            20            480  net.minecraft.world.entity.ai.village.poi.PoiType (minecraft@1.20.1)
 934:             6            480  net.minecraft.world.level.block.InfestedBlock (minecraft@1.20.1)
 935:            20            480  net.minecraft.world.phys.shapes.NonOverlappingMerger (minecraft@1.20.1)
 936:            30            480  net.minecraftforge.registries.ForgeRegistry$RegistryCodec (forge@47.4.13)
 937:            15            480  org.apache.logging.log4j.core.filter.MarkerFilter (org.apache.logging.log4j.core@2.19.0)
 938:            20            480  org.openjdk.nashorn.internal.codegen.Namespace (org.openjdk.nashorn)
 939:            12            480  org.openjdk.nashorn.internal.ir.ExpressionStatement (org.openjdk.nashorn)
 940:             4            480  org.openjdk.nashorn.internal.objects.NativeObject$Constructor (org.openjdk.nashorn)
 941:            20            480  sun.security.util.LazyCodeSourcePermissionCollection (java.base@17.0.15)
 942:             3            464  [Ljava.time.ZoneOffset; (java.base@17.0.15)
 943:            19            456  java.time.Duration (java.base@17.0.15)
 944:             8            448  java.nio.DirectLongBufferU (java.base@17.0.15)
 945:            28            448  java.security.SecureClassLoader$CodeSourceKey (java.base@17.0.15)
 946:            28            448  java.time.format.DateTimeFormatterBuilder$CharLiteralPrinterParser (java.base@17.0.15)
 947:             8            448  java.util.ServiceLoader (java.base@17.0.15)
 948:            28            448  javax.security.auth.x500.X500Principal (java.base@17.0.15)
 949:            14            448  net.minecraft.util.datafix.fixes.BlockRenameFix$1 (minecraft@1.20.1)
 950:            28            448  net.minecraftforge.fml.loading.moddiscovery.AbstractModProvider$$Lambda$616/0x0000000800386850 (fmlloader@1.20.1-47.4.13)
 951:            28            448  net.minecraftforge.fml.loading.moddiscovery.AbstractModProvider$1 (fmlloader@1.20.1-47.4.13)
 952:             4            448  org.openjdk.nashorn.internal.objects.NativeMath$Constructor (org.openjdk.nashorn)
 953:             8            448  org.openjdk.nashorn.internal.runtime.SpillProperty (org.openjdk.nashorn)
 954:            28            448  org.spongepowered.asm.launch.platform.MainAttributes (org.spongepowered.mixin)
 955:             8            448  sun.management.MemoryPoolImpl (java.management@17.0.15)
 956:            10            440  [Lnet.minecraftforge.installer.json.Artifact;
 957:            11            440  com.mojang.datafixers.schemas.Schema (datafixerupper@6.0.8)
 958:            11            440  jdk.internal.loader.NativeLibraries$NativeLibraryImpl (java.base@17.0.15)
 959:            11            440  net.minecraft.world.level.block.state.properties.WoodType (minecraft@1.20.1)
 960:            11            440  org.antlr.v4.runtime.atn.LoopEndState (org.antlr.antlr4.runtime@4.9.1)
 961:             1            432  [[[C (java.base@17.0.15)
 962:            18            432  com.google.gson.internal.bind.TypeAdapters$31
 963:            18            432  com.google.gson.reflect.TypeToken (com.google.gson@2.10)
 964:            27            432  com.mojang.brigadier.exceptions.SimpleCommandExceptionType (brigadier@1.1.8)
 965:            27            432  cpw.mods.jarhandling.impl.ModuleJarMetadata (cpw.mods.securejarhandler)
 966:            27            432  java.security.spec.ECFieldFp (java.base@17.0.15)
 967:            18            432  java.text.DateFormat$Field (java.base@17.0.15)
 968:            27            432  java.util.Collections$SingletonSet (java.base@17.0.15)
 969:             6            432  java.util.ResourceBundle$CacheKey (java.base@17.0.15)
 970:            18            432  java.util.regex.Pattern$$Lambda$292/0x0000000800260fb8 (java.base@17.0.15)
 971:            18            432  javax.management.StandardMBean (java.management@17.0.15)
 972:            18            432  jdk.dynalink.BiClassValue$BiClassValues (jdk.dynalink@17.0.15)
 973:            18            432  net.minecraft.core.dispenser.BoatDispenseItemBehavior (minecraft@1.20.1)
 974:            18            432  net.minecraft.util.datafix.fixes.StructuresBecomeConfiguredFix$Conversion (minecraft@1.20.1)
 975:             6            432  net.minecraft.world.item.AxeItem (minecraft@1.20.1)
 976:             6            432  net.minecraft.world.item.HoeItem (minecraft@1.20.1)
 977:             6            432  net.minecraft.world.item.MobBucketItem (minecraft@1.20.1)
 978:             6            432  net.minecraft.world.item.PickaxeItem (minecraft@1.20.1)
 979:             6            432  net.minecraft.world.item.ShovelItem (minecraft@1.20.1)
 980:            18            432  org.openjdk.nashorn.api.scripting.ScriptObjectMirror (org.openjdk.nashorn)
 981:            18            432  org.openjdk.nashorn.internal.runtime.ScriptFunctionData$GenericInvokers (org.openjdk.nashorn)
 982:            18            432  sun.reflect.generics.scope.MethodScope (java.base@17.0.15)
 983:            13            416  com.llamalad7.mixinextras.service.MixinExtrasVersion (MixinExtras@0.5.3)
 984:            26            416  java.lang.Float (java.base@17.0.15)
 985:            13            416  java.lang.invoke.VarForm (java.base@17.0.15)
 986:            26            416  jdk.proxy2.$Proxy19 (jdk.proxy2)
 987:             4            416  net.minecraft.world.level.block.AmethystClusterBlock (minecraft@1.20.1)
 988:            26            416  net.minecraft.world.level.storage.loot.functions.LootItemFunctionType (minecraft@1.20.1)
 989:             4            416  org.apache.logging.log4j.core.impl.MutableLogEvent (org.apache.logging.log4j.core@2.19.0)
 990:            13            416  org.openjdk.nashorn.internal.codegen.CompilerConstants$3 (org.openjdk.nashorn)
 991:            13            416  org.spongepowered.asm.mixin.injection.struct.InjectionInfo$InjectorEntry (org.spongepowered.mixin)
 992:            13            408  [Lorg.apache.commons.lang3.text.translate.CharSequenceTranslator; (org.apache.commons.lang3@3.12.0)
 993:            17            408  com.google.gson.internal.bind.TypeAdapters$32 (com.google.gson@2.10)
 994:            17            408  net.minecraft.network.syncher.EntityDataAccessor (minecraft@1.20.1)
 995:            12            400  [Ljava.lang.constant.ClassDesc; (java.base@17.0.15)
 996:             1            400  [Lnet.minecraftforge.fml.earlydisplay.SimpleFont$Glyph; (fmlearlydisplay@1.20.1-47.4.13)
 997:            10            400  com.mojang.serialization.codecs.RecordCodecBuilder$Instance$$Lambda$1196/0x0000000800595490 (datafixerupper@6.0.8)
 998:            10            400  com.mojang.serialization.codecs.RecordCodecBuilder$Instance$7 (datafixerupper@6.0.8)
 999:            25            400  net.minecraft.core.dispenser.DefaultDispenseItemBehavior (minecraft@1.20.1)
1000:            25            400  net.minecraft.util.datafix.fixes.ItemRenameFix$$Lambda$2239/0x0000000800898490 (minecraft@1.20.1)
1001:             5            400  net.minecraft.world.level.block.BaseCoralFanBlock (minecraft@1.20.1)
1002:             5            400  net.minecraft.world.level.block.BaseCoralPlantBlock (minecraft@1.20.1)
1003:             5            400  net.minecraft.world.level.block.BaseCoralWallFanBlock (minecraft@1.20.1)
1004:             5            400  net.minecraft.world.level.block.CoralBlock (minecraft@1.20.1)
1005:             5            400  net.minecraft.world.level.block.CoralFanBlock (minecraft@1.20.1)
1006:             5            400  net.minecraft.world.level.block.CoralPlantBlock (minecraft@1.20.1)
1007:             5            400  net.minecraft.world.level.block.CoralWallFanBlock (minecraft@1.20.1)
1008:             5            400  net.minecraft.world.level.block.SkullBlock (minecraft@1.20.1)
1009:             7            392  java.lang.invoke.BoundMethodHandle$Species_LLLILL (java.base@17.0.15)
1010:             7            392  java.nio.HeapCharBuffer (java.base@17.0.15)
1011:             7            392  net.minecraft.world.item.ArmorMaterials (minecraft@1.20.1)
1012:             8            384  com.google.common.collect.MapMakerInternalMap$WeakKeyDummyValueSegment (com.google.common@31.1-jre)
1013:            24            384  com.mojang.brigadier.exceptions.DynamicCommandExceptionType (brigadier@1.1.8)
1014:            16            384  com.mojang.serialization.codecs.EitherCodec (datafixerupper@6.0.8)
1015:            16            384  com.mojang.serialization.codecs.RecordCodecBuilder$Instance$$Lambda$1520/0x000000080072a130 (datafixerupper@6.0.8)
1016:            16            384  com.mojang.serialization.codecs.RecordCodecBuilder$Instance$$Lambda$1521/0x000000080072a378 (datafixerupper@6.0.8)
1017:            12            384  java.util.ResourceBundle$KeyElementReference (java.base@17.0.15)
1018:            12            384  java.util.ServiceLoader$ProviderImpl (java.base@17.0.15)
1019:            12            384  net.minecraft.core.FrontAndTop (minecraft@1.20.1)
1020:            16            384  net.minecraft.network.chat.TextColor (minecraft@1.20.1)
1021:            24            384  net.minecraft.util.datafix.schemas.V2551$$Lambda$2117/0x000000080086f808 (minecraft@1.20.1)
1022:            24            384  net.minecraft.util.datafix.schemas.V704$$Lambda$1899/0x000000080083cf88 (minecraft@1.20.1)
1023:            24            384  net.minecraft.util.datafix.schemas.V704$$Lambda$1900/0x000000080083d1d0 (minecraft@1.20.1)
1024:            24            384  net.minecraft.util.datafix.schemas.V704$$Lambda$1902/0x000000080083d660 (minecraft@1.20.1)
1025:            24            384  net.minecraft.util.datafix.schemas.V99$$Lambda$1805/0x00000008008179b0 (minecraft@1.20.1)
1026:            24            384  net.minecraft.util.datafix.schemas.V99$$Lambda$1809/0x000000080081dc00 (minecraft@1.20.1)
1027:            24            384  net.minecraft.util.datafix.schemas.V99$$Lambda$1811/0x0000000800820248 (minecraft@1.20.1)
1028:            24            384  net.minecraft.util.datafix.schemas.V99$$Lambda$1812/0x0000000800820490 (minecraft@1.20.1)
1029:            24            384  net.minecraft.util.datafix.schemas.V99$$Lambda$1813/0x00000008008206d8 (minecraft@1.20.1)
1030:            24            384  net.minecraft.util.datafix.schemas.V99$$Lambda$1814/0x0000000800820920 (minecraft@1.20.1)
1031:            24            384  net.minecraft.util.datafix.schemas.V99$$Lambda$1815/0x0000000800820b68 (minecraft@1.20.1)
1032:            24            384  net.minecraft.util.datafix.schemas.V99$$Lambda$1818/0x0000000800821200 (minecraft@1.20.1)
1033:            24            384  net.minecraft.util.datafix.schemas.V99$$Lambda$1819/0x0000000800821448 (minecraft@1.20.1)
1034:            24            384  net.minecraft.util.datafix.schemas.V99$$Lambda$1820/0x0000000800821670 (minecraft@1.20.1)
1035:            24            384  net.minecraft.util.datafix.schemas.V99$$Lambda$1835/0x0000000800823798 (minecraft@1.20.1)
1036:             6            384  net.minecraft.world.item.SwordItem (minecraft@1.20.1)
1037:             4            384  net.minecraft.world.level.block.WeatheringCopperStairBlock (minecraft@1.20.1)
1038:             8            384  org.antlr.v4.runtime.atn.StarBlockStartState (org.antlr.antlr4.runtime@4.9.1)
1039:             8            384  org.antlr.v4.runtime.atn.StarLoopEntryState (org.antlr.antlr4.runtime@4.9.1)
1040:             4            384  org.openjdk.nashorn.internal.objects.NativeJava$Constructor (org.openjdk.nashorn)
1041:            12            384  sun.nio.fs.UnixFileKey (java.base@17.0.15)
1042:            12            384  sun.security.jca.ProviderConfig (java.base@17.0.15)
1043:            12            384  sun.security.x509.SubjectKeyIdentifierExtension (java.base@17.0.15)
1044:             1            376  com.sun.jna.internal.Cleaner$1 (com.sun.jna@5.12.1)
1045:             1            376  java.lang.ref.Finalizer$FinalizerThread (java.base@17.0.15)
1046:             1            376  java.util.logging.LogManager$Cleaner (java.logging@17.0.15)
1047:             1            376  jdk.internal.misc.InnocuousThread (java.base@17.0.15)
1048:            16            368  [Ljava.security.CodeSigner; (java.base@17.0.15)
1049:             1            368  java.lang.ref.Reference$ReferenceHandler (java.base@17.0.15)
1050:            23            368  jdk.internal.reflect.BootstrapConstructorAccessorImpl (java.base@17.0.15)
1051:            23            368  net.minecraft.util.ExtraCodecs$$Lambda$1121/0x000000080057e848 (minecraft@1.20.1)
1052:            23            368  net.minecraft.util.datafix.schemas.V100$$Lambda$1864/0x00000008008261f8 (minecraft@1.20.1)
1053:            23            368  net.minecraft.util.datafix.schemas.V100$$Lambda$1866/0x0000000800826688 (minecraft@1.20.1)
1054:            23            368  net.minecraft.util.datafix.schemas.V705$$Lambda$1910/0x000000080083ecd8 (minecraft@1.20.1)
1055:            23            368  net.minecraft.util.datafix.schemas.V705$$Lambda$1914/0x000000080083f5d8 (minecraft@1.20.1)
1056:            23            368  net.minecraft.util.datafix.schemas.V705$$Lambda$1917/0x000000080083fcb0 (minecraft@1.20.1)
1057:            23            368  net.minecraft.util.datafix.schemas.V705$$Lambda$1918/0x0000000800840000 (minecraft@1.20.1)
1058:            23            368  net.minecraft.util.datafix.schemas.V705$$Lambda$1919/0x0000000800840248 (minecraft@1.20.1)
1059:            23            368  net.minecraft.util.datafix.schemas.V705$$Lambda$1921/0x00000008008406d8 (minecraft@1.20.1)
1060:            23            368  net.minecraft.util.datafix.schemas.V705$$Lambda$1923/0x0000000800840b68 (minecraft@1.20.1)
1061:            23            368  net.minecraft.util.datafix.schemas.V705$$Lambda$1927/0x0000000800841488 (minecraft@1.20.1)
1062:            23            368  net.minecraft.util.datafix.schemas.V705$$Lambda$1928/0x00000008008416d0 (minecraft@1.20.1)
1063:            23            368  net.minecraft.util.datafix.schemas.V705$$Lambda$1929/0x0000000800841918 (minecraft@1.20.1)
1064:            23            368  net.minecraft.util.datafix.schemas.V705$$Lambda$1930/0x0000000800841b60 (minecraft@1.20.1)
1065:            23            368  net.minecraft.util.datafix.schemas.V705$$Lambda$1931/0x0000000800841d88 (minecraft@1.20.1)
1066:            23            368  net.minecraft.util.datafix.schemas.V99$$Lambda$1826/0x00000008008223e0 (minecraft@1.20.1)
1067:            23            368  net.minecraft.util.datafix.schemas.V99$$Lambda$1827/0x0000000800822628 (minecraft@1.20.1)
1068:            23            368  net.minecraft.util.datafix.schemas.V99$$Lambda$1828/0x0000000800822870 (minecraft@1.20.1)
1069:            23            368  net.minecraft.util.datafix.schemas.V99$$Lambda$1832/0x0000000800823128 (minecraft@1.20.1)
1070:            23            368  net.minecraft.world.entity.ai.sensing.SensorType (minecraft@1.20.1)
1071:             9            360  com.sun.org.apache.xerces.internal.utils.XMLSecurityManager$Limit (java.xml@17.0.15)
1072:             5            360  java.util.concurrent.ScheduledThreadPoolExecutor$ScheduledFutureTask (java.base@17.0.15)
1073:             9            360  net.minecraft.util.datafix.fixes.NamespacedTypeRenameFix (minecraft@1.20.1)
1074:            15            360  net.minecraft.world.level.block.Blocks$$Lambda$1529/0x0000000800731b30 (minecraft@1.20.1)
1075:             5            360  org.apache.logging.log4j.core.config.LoggerConfig (org.apache.logging.log4j.core@2.19.0)
1076:             9            360  org.apache.logging.log4j.core.pattern.DatePatternConverter (org.apache.logging.log4j.core@2.19.0)
1077:             4            352  com.google.gson.Gson (com.google.gson@2.10)
1078:            11            352  java.lang.constant.DirectMethodHandleDesc$Kind (java.base@17.0.15)
1079:             4            352  java.text.DecimalFormatSymbols (java.base@17.0.15)
1080:            22            352  java.util.Collections$UnmodifiableSet (java.base@17.0.15)
1081:            11            352  javax.management.MBeanNotificationInfo (java.management@17.0.15)
1082:            11            352  jdk.internal.reflect.UnsafeBooleanFieldAccessorImpl (java.base@17.0.15)
1083:            11            352  jdk.internal.reflect.UnsafeQualifiedStaticObjectFieldAccessorImpl (java.base@17.0.15)
1084:            11            352  org.objectweb.asm.Handle (org.objectweb.asm@9.8)
1085:            13            344  [Ljdk.dynalink.Namespace; (jdk.dynalink@17.0.15)
1086:            14            336  com.electronwill.nightconfig.core.ConfigSpec$ValueSpec (com.electronwill.nightconfig.core@3.6.4)
1087:             7            336  com.google.gson.internal.bind.TreeTypeAdapter (com.google.gson@2.10)
1088:            14            336  java.util.regex.Pattern$CharProperty (java.base@17.0.15)
1089:            14            336  java.util.regex.Pattern$Dollar (java.base@17.0.15)
1090:            14            336  java.util.regex.Pattern$StartS (java.base@17.0.15)
1091:            21            336  net.minecraft.util.datafix.schemas.V100$$Lambda$1865/0x0000000800826440 (minecraft@1.20.1)
1092:             6            336  net.minecraft.world.item.BannerPatternItem (minecraft@1.20.1)
1093:             6            336  net.minecraft.world.item.MinecartItem (minecraft@1.20.1)
1094:             7            336  org.apache.logging.log4j.core.lookup.ConfigurationStrSubstitutor (org.apache.logging.log4j.core@2.19.0)
1095:            14            336  sun.security.util.BitArray (java.base@17.0.15)
1096:            14            336  sun.security.util.Cache$EqualByteArray (java.base@17.0.15)
1097:            14            336  sun.security.x509.CertificateValidity (java.base@17.0.15)
1098:            21            336  sun.security.x509.GeneralName (java.base@17.0.15)
1099:            18            328  [Lsun.reflect.generics.tree.TypeSignature; (java.base@17.0.15)
1100:             4            320  [Lnet.minecraft.world.item.DyeColor; (minecraft@1.20.1)
1101:             4            320  com.google.common.cache.LocalCache$Segment (com.google.common@31.1-jre)
1102:            20            320  com.mojang.serialization.Codec$$Lambda$1104/0x0000000800578370 (datafixerupper@6.0.8)
1103:            20            320  com.mojang.serialization.Codec$$Lambda$1105/0x00000008005785b8 (datafixerupper@6.0.8)
1104:            10            320  com.mojang.serialization.codecs.RecordCodecBuilder$Instance$$Lambda$1195/0x0000000800595248 (datafixerupper@6.0.8)
1105:            10            320  com.sun.org.apache.xerces.internal.impl.XMLEntityManager$EncodingInfo (java.xml@17.0.15)
1106:            10            320  java.lang.constant.DirectMethodHandleDescImpl (java.base@17.0.15)
1107:            10            320  java.util.Collections$UnmodifiableMap (java.base@17.0.15)
1108:            10            320  java.util.ImmutableCollections$ListItr (java.base@17.0.15)
1109:            20            320  java.util.LinkedHashSet (java.base@17.0.15)
1110:             8            320  jdk.internal.module.ModuleReferences$JarModuleReader (java.base@17.0.15)
1111:             8            320  jdk.internal.ref.Cleaner (java.base@17.0.15)
1112:            20            320  net.minecraft.util.datafix.schemas.V102$$Lambda$1870/0x0000000800827418 (minecraft@1.20.1)
1113:            20            320  net.minecraft.util.datafix.schemas.V135$$Lambda$1878/0x00000008008384d0 (minecraft@1.20.1)
1114:            20            320  net.minecraft.util.datafix.schemas.V808$$Lambda$1934/0x00000008008426b0 (minecraft@1.20.1)
1115:             8            320  net.minecraft.world.entity.MobCategory (minecraft@1.20.1)
1116:             4            320  net.minecraft.world.item.DyeableArmorItem (minecraft@1.20.1)
1117:             4            320  net.minecraft.world.level.block.TallFlowerBlock (minecraft@1.20.1)
1118:             4            320  net.minecraft.world.level.block.WallSkullBlock (minecraft@1.20.1)
1119:             4            320  net.minecraft.world.level.block.WeatheringCopperSlabBlock (minecraft@1.20.1)
1120:            20            320  net.minecraft.world.level.block.state.BlockBehaviour$$Lambda$1460/0x00000008006afd98 (minecraft@1.20.1)
1121:            10            320  net.minecraftforge.coremod.transformer.CoreModClassTransformer (net.minecraftforge.coremod)
1122:            10            320  net.minecraftforge.installer.json.Install$Processor
1123:            20            320  net.minecraftforge.registries.NamespacedWrapper$Factory (forge@47.4.13)
1124:             8            320  org.antlr.v4.runtime.atn.StarLoopbackState (org.antlr.antlr4.runtime@4.9.1)
1125:             8            320  sun.management.MemoryPoolImpl$CollectionSensor (java.management@17.0.15)
1126:             8            320  sun.management.MemoryPoolImpl$PoolSensor (java.management@17.0.15)
1127:             1            312  [Lcpw.mods.jarhandling.SecureJar; (cpw.mods.securejarhandler)
1128:            13            312  [Ljava.time.zone.ZoneOffsetTransition; (java.base@17.0.15)
1129:            12            312  [Lorg.antlr.v4.runtime.atn.LexerAction; (org.antlr.antlr4.runtime@4.9.1)
1130:            13            312  com.google.gson.internal.bind.TypeAdapterRuntimeTypeWrapper
1131:            13            312  com.mojang.serialization.Codec$4 (datafixerupper@6.0.8)
1132:            13            312  com.mojang.serialization.codecs.KeyDispatchCodec$$Lambda$1479/0x000000080071d5f0 (datafixerupper@6.0.8)
1133:            13            312  com.sun.jna.Pointer (com.sun.jna@5.12.1)
1134:             3            312  cpw.mods.cl.ModuleClassLoader (cpw.mods.securejarhandler)
1135:            13            312  jdk.dynalink.NamespaceOperation (jdk.dynalink@17.0.15)
1136:            13            312  net.minecraft.util.ExtraCodecs$3 (minecraft@1.20.1)
1137:            13            312  net.minecraft.util.datafix.DataFixers$$Lambda$1935/0x00000008008428d8 (minecraft@1.20.1)
1138:            13            312  net.minecraftforge.installer.json.Install$DataFile
1139:            13            312  oshi.PlatformEnum (com.github.oshi@6.2.2)
1140:            13            312  sun.security.provider.certpath.X509CertPath (java.base@17.0.15)
1141:            13            312  sun.security.x509.CertificateExtensions (java.base@17.0.15)
1142:            19            304  com.mojang.serialization.codecs.ListCodec (datafixerupper@6.0.8)
1143:            19            304  cpw.mods.modlauncher.LaunchServiceHandlerDecorator (cpw.mods.modlauncher@10.0.9)
1144:            19            304  net.minecraft.util.datafix.fixes.BlockRenameFix$$Lambda$2271/0x00000008008a0240 (minecraft@1.20.1)
1145:            19            304  net.minecraft.util.datafix.fixes.BlockRenameFix$$Lambda$2272/0x00000008008a07c0 (minecraft@1.20.1)
1146:            19            304  net.minecraft.util.datafix.schemas.V3203$$Lambda$2179/0x000000080087be60 (minecraft@1.20.1)
1147:            19            304  net.minecraft.util.datafix.schemas.V704$$Lambda$1901/0x000000080083d418 (minecraft@1.20.1)
1148:             2            304  org.spongepowered.asm.mixin.transformer.MixinConfig (org.spongepowered.mixin)
1149:            19            304  sun.security.x509.DNSName (java.base@17.0.15)
1150:             1            288  [Ljava.lang.invoke.LambdaForm$Kind; (java.base@17.0.15)
1151:             2            288  [Ljava.util.concurrent.ForkJoinPool$WorkQueue; (java.base@17.0.15)
1152:             7            288  [Lorg.apache.logging.log4j.core.pattern.PatternFormatter; (org.apache.logging.log4j.core@2.19.0)
1153:            12            288  com.google.gson.internal.bind.ReflectiveTypeAdapterFactory$FieldReflectionAdapter
1154:             9            288  com.google.gson.internal.bind.TreeTypeAdapter$SingleTypeFactory (com.google.gson@2.10)
1155:            18            288  com.mojang.brigadier.exceptions.Dynamic2CommandExceptionType (brigadier@1.1.8)
1156:            12            288  com.mojang.serialization.Codec$$Lambda$2955/0x0000000800a2b1b0 (datafixerupper@6.0.8)
1157:            12            288  java.lang.annotation.ElementType (java.base@17.0.15)
1158:             9            288  java.lang.constant.PrimitiveClassDescImpl (java.base@17.0.15)
1159:            12            288  java.security.CodeSigner (java.base@17.0.15)
1160:            12            288  java.time.Month (java.base@17.0.15)
1161:             6            288  java.util.concurrent.LinkedBlockingQueue (java.base@17.0.15)
1162:            18            288  java.util.concurrent.atomic.AtomicReference (java.base@17.0.15)
1163:             9            288  java.util.logging.Level (java.logging@17.0.15)
1164:             9            288  java.util.logging.Level$KnownLevel (java.logging@17.0.15)
1165:            18            288  java.util.regex.Pattern$Begin (java.base@17.0.15)
1166:            12            288  jdk.dynalink.BiClassValue (jdk.dynalink@17.0.15)
1167:            12            288  jdk.dynalink.BiClassValue$BiClassValuesRoot (jdk.dynalink@17.0.15)
1168:             9            288  jdk.internal.org.objectweb.asm.Type (java.base@17.0.15)
1169:             6            288  net.minecraft.core.Direction (minecraft@1.20.1)
1170:            12            288  net.minecraft.util.datafix.DataFixTypes (minecraft@1.20.1)
1171:            18            288  net.minecraft.util.datafix.schemas.V3204$$Lambda$2181/0x000000080087c558 (minecraft@1.20.1)
1172:             9            288  net.minecraft.world.entity.vehicle.Boat$Type (minecraft@1.20.1)
1173:             6            288  net.minecraft.world.item.Tiers (minecraft@1.20.1)
1174:            18            288  net.minecraft.world.level.storage.loot.predicates.LootItemConditionType (minecraft@1.20.1)
1175:             9            288  org.apache.logging.log4j.core.pattern.DatePatternConverter$CachedTime (org.apache.logging.log4j.core@2.19.0)
1176:             6            288  org.objectweb.asm.Frame (org.objectweb.asm@9.8)
1177:             4            288  org.openjdk.nashorn.internal.runtime.Context (org.openjdk.nashorn)
1178:             4            288  org.openjdk.nashorn.internal.runtime.Context$ClassCache (org.openjdk.nashorn)
1179:             9            288  sun.reflect.generics.reflectiveObjects.TypeVariableImpl (java.base@17.0.15)
1180:            12            288  sun.security.x509.AccessDescription (java.base@17.0.15)
1181:            18            288  sun.security.x509.KeyIdentifier (java.base@17.0.15)
1182:             5            280  java.lang.invoke.BoundMethodHandle$Species_LLLLLL (java.base@17.0.15)
1183:             7            280  java.lang.invoke.VarHandleInts$FieldInstanceReadWrite (java.base@17.0.15)
1184:             5            280  net.minecraft.world.item.GameMasterBlockItem (minecraft@1.20.1)
1185:             7            280  net.minecraftforge.registries.DeferredRegister (forge@47.4.13)
1186:             7            280  org.openjdk.nashorn.internal.ir.BlockStatement (org.openjdk.nashorn)
1187:             7            280  org.openjdk.nashorn.internal.ir.LiteralNode$NumberLiteralNode (org.openjdk.nashorn)
1188:             7            280  org.openjdk.nashorn.internal.ir.UnaryNode (org.openjdk.nashorn)
1189:             7            280  org.openjdk.nashorn.internal.objects.NativeArray (org.openjdk.nashorn)
1190:             9            272  [Ljava.lang.Boolean; (java.base@17.0.15)
1191:             1            272  [Lnet.minecraft.world.level.material.MapColor; (minecraft@1.20.1)
1192:            17            272  java.util.IdentityHashMap$EntrySet (java.base@17.0.15)
1193:            17            272  net.minecraft.core.dispenser.ShulkerBoxDispenseBehavior (minecraft@1.20.1)
1194:            17            272  sun.invoke.util.ValueConversions$WrapperCache (java.base@17.0.15)
1195:            11            264  com.llamalad7.mixinextras.utils.InternalField$1 (MixinExtras@0.5.3)
1196:            11            264  com.sun.jmx.mbeanserver.StandardMBeanSupport (java.management@17.0.15)
1197:            11            264  java.lang.invoke.MethodHandleImpl$Intrinsic (java.base@17.0.15)
1198:            11            264  java.util.regex.Pattern$SliceI (java.base@17.0.15)
1199:            11            264  org.antlr.v4.runtime.atn.LexerActionExecutor (org.antlr.antlr4.runtime@4.9.1)
1200:            11            264  org.antlr.v4.runtime.atn.SetTransition (org.antlr.antlr4.runtime@4.9.1)
1201:            11            264  org.openjdk.nashorn.internal.codegen.Compiler$CompilationPhases (org.openjdk.nashorn)
1202:            11            264  org.spongepowered.asm.launch.GlobalProperties$Keys (org.spongepowered.mixin)
1203:             8            256  com.mojang.datafixers.DataFix$$Lambda$2233/0x0000000800894ae8 (datafixerupper@6.0.8)
1204:            16            256  com.mojang.serialization.Codec$$Lambda$2523/0x00000008008cdc08 (datafixerupper@6.0.8)
1205:             8            256  java.lang.reflect.ProxyGenerator$PrimitiveTypeInfo (java.base@17.0.15)
1206:             8            256  java.nio.DirectByteBuffer$Deallocator (java.base@17.0.15)
1207:             8            256  java.util.Vector (java.base@17.0.15)
1208:            16            256  java.util.concurrent.atomic.AtomicReferenceArray (java.base@17.0.15)
1209:             8            256  javax.management.MBeanConstructorInfo (java.management@17.0.15)
1210:            16            256  net.minecraft.util.datafix.schemas.V705$$Lambda$1907/0x000000080083e600 (minecraft@1.20.1)
1211:            16            256  net.minecraft.util.datafix.schemas.V705$$Lambda$1908/0x000000080083e848 (minecraft@1.20.1)
1212:            16            256  net.minecraft.util.datafix.schemas.V705$$Lambda$1909/0x000000080083ea90 (minecraft@1.20.1)
1213:            16            256  net.minecraft.util.datafix.schemas.V705$$Lambda$1912/0x000000080083f148 (minecraft@1.20.1)
1214:            16            256  net.minecraft.util.datafix.schemas.V705$$Lambda$1913/0x000000080083f390 (minecraft@1.20.1)
1215:            16            256  net.minecraft.util.datafix.schemas.V705$$Lambda$1915/0x000000080083f820 (minecraft@1.20.1)
1216:            16            256  net.minecraft.util.datafix.schemas.V705$$Lambda$1916/0x000000080083fa68 (minecraft@1.20.1)
1217:            16            256  net.minecraft.util.datafix.schemas.V705$$Lambda$1920/0x0000000800840490 (minecraft@1.20.1)
1218:            16            256  net.minecraft.util.datafix.schemas.V705$$Lambda$1922/0x0000000800840920 (minecraft@1.20.1)
1219:            16            256  net.minecraft.util.datafix.schemas.V705$$Lambda$1924/0x0000000800840db0 (minecraft@1.20.1)
1220:            16            256  net.minecraft.util.datafix.schemas.V705$$Lambda$1925/0x0000000800840ff8 (minecraft@1.20.1)
1221:            16            256  net.minecraft.util.datafix.schemas.V705$$Lambda$1926/0x0000000800841240 (minecraft@1.20.1)
1222:            16            256  net.minecraft.world.level.block.Blocks$$Lambda$1572/0x00000008007432a8 (minecraft@1.20.1)
1223:             8            256  net.minecrell.terminalconsole.MinecraftFormattingConverter (terminalconsoleappender@1.2.0)
1224:             4            256  org.apache.logging.log4j.core.layout.PatternLayout (org.apache.logging.log4j.core@2.19.0)
1225:             8            256  org.apache.logging.log4j.core.lookup.Interpolator (org.apache.logging.log4j.core@2.19.0)
1226:            16            256  org.apache.logging.log4j.core.lookup.SystemPropertiesLookup (org.apache.logging.log4j.core@2.19.0)
1227:             4            256  org.openjdk.nashorn.internal.objects.NativeError$Constructor (org.openjdk.nashorn)
1228:             4            256  org.openjdk.nashorn.internal.objects.NativeError$Prototype (org.openjdk.nashorn)
1229:             4            256  org.openjdk.nashorn.internal.objects.NativeFunction$Prototype (org.openjdk.nashorn)
1230:             4            256  org.openjdk.nashorn.internal.objects.NativeNumber$Prototype (org.openjdk.nashorn)
1231:             4            256  org.openjdk.nashorn.internal.objects.NativeObject$Prototype (org.openjdk.nashorn)
1232:             8            256  org.openjdk.nashorn.internal.runtime.AccessorProperty$Accessors (org.openjdk.nashorn)
1233:             8            256  sun.security.x509.BasicConstraintsExtension (java.base@17.0.15)
1234:             8            256  sun.security.x509.KeyUsageExtension (java.base@17.0.15)
1235:             7            248  [Ljava.lang.annotation.ElementType; (java.base@17.0.15)
1236:             5            240  [Ljava.lang.invoke.LambdaForm$NamedFunction; (java.base@17.0.15)
1237:            10            240  com.google.gson.stream.JsonToken
1238:            10            240  com.google.gson.stream.JsonToken (com.google.gson@2.10)
1239:            10            240  com.mojang.serialization.MapCodec$6 (datafixerupper@6.0.8)
1240:            10            240  com.sun.org.apache.xerces.internal.impl.XMLScanner$NameType (java.xml@17.0.15)
1241:            10            240  java.lang.ThreadLocal$SuppliedThreadLocal (java.base@17.0.15)
1242:            10            240  java.lang.constant.MethodTypeDescImpl (java.base@17.0.15)
1243:             5            240  java.lang.invoke.BoundMethodHandle$Species_LLIL (java.base@17.0.15)
1244:            10            240  java.nio.charset.CoderResult (java.base@17.0.15)
1245:            10            240  java.nio.file.StandardOpenOption (java.base@17.0.15)
1246:             6            240  java.util.ResourceBundle$BundleReference (java.base@17.0.15)
1247:            10            240  java.util.concurrent.ConcurrentSkipListMap$Node (java.base@17.0.15)
1248:             5            240  java.util.concurrent.ThreadPoolExecutor$Worker (java.base@17.0.15)
1249:             6            240  java.util.stream.StreamOpFlag (java.base@17.0.15)
1250:            15            240  jdk.proxy2.$Proxy18 (jdk.proxy2)
1251:            10            240  net.minecraft.util.StringRepresentable$EnumCodec (minecraft@1.20.1)
1252:            15            240  net.minecraft.util.datafix.schemas.V1022$$Lambda$1938/0x0000000800843228 (minecraft@1.20.1)
1253:            15            240  net.minecraft.util.datafix.schemas.V1022$$Lambda$1939/0x0000000800843450 (minecraft@1.20.1)
1254:            10            240  net.minecraft.util.valueproviders.UniformInt (minecraft@1.20.1)
1255:             6            240  net.minecraft.world.entity.EquipmentSlot (minecraft@1.20.1)
1256:            10            240  net.minecraft.world.entity.schedule.Timeline (minecraft@1.20.1)
1257:             3            240  net.minecraft.world.level.block.AirBlock (minecraft@1.20.1)
1258:             3            240  net.minecraft.world.level.block.AnvilBlock (minecraft@1.20.1)
1259:             3            240  net.minecraft.world.level.block.CommandBlock (minecraft@1.20.1)
1260:             3            240  net.minecraft.world.level.block.DoublePlantBlock (minecraft@1.20.1)
1261:             3            240  net.minecraft.world.level.block.HugeMushroomBlock (minecraft@1.20.1)
1262:            10            240  net.minecraft.world.level.block.state.properties.RailShape (minecraft@1.20.1)
1263:             5            240  net.minecraftforge.fml.earlydisplay.SimpleBufferBuilder (fmlearlydisplay@1.20.1-47.4.13)
1264:             2            240  org.apache.logging.log4j.core.appender.rolling.RollingRandomAccessFileManager (org.apache.logging.log4j.core@2.19.0)
1265:             5            240  org.openjdk.nashorn.internal.ir.IndexNode (org.openjdk.nashorn)
1266:             6            240  org.openjdk.nashorn.internal.runtime.Context$ClassReference (org.openjdk.nashorn)
1267:             6            240  org.openjdk.nashorn.internal.runtime.Source (org.openjdk.nashorn)
1268:             6            240  sun.security.x509.AuthorityKeyIdentifierExtension (java.base@17.0.15)
1269:            13            224  [Ljava.lang.constant.ConstantDesc; (java.base@17.0.15)
1270:             2            224  [Lnet.minecraft.world.level.block.state.properties.NoteBlockInstrument; (minecraft@1.20.1)
1271:            14            224  com.electronwill.nightconfig.core.ConfigSpec$DumbSupplier (com.electronwill.nightconfig.core@3.6.4)
1272:            14            224  com.google.gson.TypeAdapter$1 (com.google.gson@2.10)
1273:            14            224  java.util.LinkedHashMap$LinkedKeySet (java.base@17.0.15)
1274:            14            224  java.util.regex.Pattern$CharPredicate$$Lambda$41/0x00000008000bdee0 (java.base@17.0.15)
1275:            14            224  jdk.proxy2.$Proxy12 (jdk.proxy2)
1276:            14            224  net.minecraft.util.datafix.schemas.V1125$$Lambda$1941/0x0000000800843b48 (minecraft@1.20.1)
1277:            14            224  net.minecraft.world.item.crafting.SimpleCraftingRecipeSerializer (minecraft@1.20.1)
1278:             4            224  org.openjdk.nashorn.internal.objects.NativeArray$Constructor (org.openjdk.nashorn)
1279:             4            224  org.openjdk.nashorn.internal.objects.NativeBoolean$Constructor (org.openjdk.nashorn)
1280:             4            224  org.openjdk.nashorn.internal.objects.NativeFunction$Constructor (org.openjdk.nashorn)
1281:             4            224  org.openjdk.nashorn.internal.objects.NativeNumber$Constructor (org.openjdk.nashorn)
1282:             4            224  org.openjdk.nashorn.internal.objects.NativeReferenceError$Constructor (org.openjdk.nashorn)
1283:             4            224  org.openjdk.nashorn.internal.objects.NativeString$Constructor (org.openjdk.nashorn)
1284:             4            224  org.openjdk.nashorn.internal.objects.NativeSyntaxError$Constructor (org.openjdk.nashorn)
1285:             4            224  org.openjdk.nashorn.internal.objects.NativeTypeError$Constructor (org.openjdk.nashorn)
1286:             7            224  sun.security.x509.AuthorityInfoAccessExtension (java.base@17.0.15)
1287:             7            224  sun.security.x509.CRLDistributionPointsExtension (java.base@17.0.15)
1288:            14            224  sun.security.x509.CertificateAlgorithmId (java.base@17.0.15)
1289:             7            224  sun.security.x509.CertificatePoliciesExtension (java.base@17.0.15)
1290:            14            224  sun.security.x509.CertificateSerialNumber (java.base@17.0.15)
1291:            14            224  sun.security.x509.CertificateVersion (java.base@17.0.15)
1292:            14            224  sun.security.x509.CertificateX509Key (java.base@17.0.15)
1293:             7            224  sun.security.x509.DistributionPoint (java.base@17.0.15)
1294:             7            224  sun.security.x509.ExtendedKeyUsageExtension (java.base@17.0.15)
1295:            14            224  sun.security.x509.SerialNumber (java.base@17.0.15)
1296:             9            216  com.mojang.datafixers.types.templates.Const$PrimitiveType (datafixerupper@6.0.8)
1297:             3            216  java.lang.invoke.BoundMethodHandle$Species_LLLLLLLLLLL (java.base@17.0.15)
1298:             9            216  java.nio.file.attribute.PosixFilePermission (java.base@17.0.15)
1299:             9            216  net.minecraft.core.particles.ParticleTypes$1 (minecraft@1.20.1)
1300:             9            216  net.minecraft.stats.StatType (minecraft@1.20.1)
1301:             9            216  net.minecraft.util.StringRepresentable$$Lambda$1044/0x0000000800561f50 (minecraft@1.20.1)
1302:             9            216  net.minecraft.util.datafix.fixes.WorldGenSettingsFix$StructureFeatureConfiguration (minecraft@1.20.1)
1303:             9            216  org.openjdk.nashorn.internal.codegen.ClassEmitter$Flag (org.openjdk.nashorn)
1304:             9            216  org.openjdk.nashorn.internal.parser.TokenKind (org.openjdk.nashorn)
1305:             3            216  org.spongepowered.asm.util.perf.Profiler$LiveSection (org.spongepowered.mixin)
1306:             3            216  sun.net.www.protocol.jar.URLJarFile (java.base@17.0.15)
1307:             9            216  sun.reflect.generics.tree.FormalTypeParameter (java.base@17.0.15)
1308:             3            216  sun.security.provider.NativePRNG$RandomIO (java.base@17.0.15)
1309:             9            216  sun.util.logging.PlatformLogger$Level (java.base@17.0.15)
1310:             9            208  [Ljava.lang.reflect.TypeVariable; (java.base@17.0.15)
1311:             6            208  [Ljdk.dynalink.linker.GuardingDynamicLinker; (jdk.dynalink@17.0.15)
1312:             2            208  [Lnet.minecraft.ChatFormatting; (minecraft@1.20.1)
1313:             7            208  [Lnet.minecraft.core.Direction$Axis; (minecraft@1.20.1)
1314:            13            208  com.electronwill.nightconfig.core.ConfigSpec$$Lambda$383/0x0000000800305208 (com.electronwill.nightconfig.core@3.6.4)
1315:            13            208  java.text.NumberFormat$Field (java.base@17.0.15)
1316:            13            208  jdk.proxy2.$Proxy21 (jdk.proxy2)
1317:            13            208  net.minecraft.core.Registry$$Lambda$1468/0x0000000800715658 (minecraft@1.20.1)
1318:            13            208  net.minecraft.core.Registry$$Lambda$1469/0x00000008007158a0 (minecraft@1.20.1)
1319:            13            208  net.minecraft.core.Registry$$Lambda$1470/0x0000000800715ae8 (minecraft@1.20.1)
1320:            13            208  net.minecraft.core.Registry$$Lambda$1471/0x0000000800715d10 (minecraft@1.20.1)
1321:            13            208  net.minecraft.core.Registry$$Lambda$1472/0x0000000800715f38 (minecraft@1.20.1)
1322:            13            208  net.minecraft.core.Registry$$Lambda$1473/0x0000000800716180 (minecraft@1.20.1)
1323:            13            208  net.minecraft.util.LazyLoadedValue (minecraft@1.20.1)
1324:            13            208  net.minecraft.util.LazyLoadedValue$$Lambda$2562/0x00000008009d6908 (minecraft@1.20.1)
1325:            13            208  net.minecraft.util.datafix.schemas.V1801$$Lambda$2079/0x0000000800867940 (minecraft@1.20.1)
1326:            13            208  net.minecraft.util.datafix.schemas.V2571$$Lambda$2129/0x0000000800875ab0 (minecraft@1.20.1)
1327:            13            208  net.minecraft.util.datafix.schemas.V3325$$Lambda$2183/0x000000080087cc50 (minecraft@1.20.1)
1328:            13            208  net.minecraft.util.datafix.schemas.V3325$$Lambda$2184/0x000000080087ce98 (minecraft@1.20.1)
1329:            13            208  net.minecraft.util.datafix.schemas.V99$$Lambda$1810/0x0000000800820000 (minecraft@1.20.1)
1330:            13            208  net.minecraft.world.food.FoodProperties$Builder$$Lambda$2577/0x00000008009d8318 (minecraft@1.20.1)
1331:            13            208  org.apache.commons.lang3.text.translate.AggregateTranslator (org.apache.commons.lang3@3.12.0)
1332:             2            208  sun.security.provider.Sun (java.base@17.0.15)
1333:             2            200  [Ljava.text.DateFormat$Field; (java.base@17.0.15)
1334:             5            200  java.lang.invoke.BoundMethodHandle$Species_LLI (java.base@17.0.15)
1335:             5            200  java.util.ServiceLoader$LayerLookupIterator (java.base@17.0.15)
1336:             5            200  net.minecraft.util.datafix.fixes.BlockRenameFixWithJigsaw$1 (minecraft@1.20.1)
1337:             5            200  org.apache.logging.log4j.core.config.Node (org.apache.logging.log4j.core@2.19.0)
1338:             5            200  org.apache.logging.log4j.core.pattern.ExtendedThrowablePatternConverter (org.apache.logging.log4j.core@2.19.0)
1339:             4            192  [Ljava.util.List; (java.base@17.0.15)
1340:             4            192  [Ljdk.dynalink.linker.TypeBasedGuardingDynamicLinker; (jdk.dynalink@17.0.15)
1341:             8            192  [Lorg.apache.logging.log4j.Marker; (org.apache.logging.log4j@2.19.0)
1342:             1            192  [Lorg.openjdk.nashorn.internal.codegen.CompilerConstants; (org.openjdk.nashorn)
1343:             4            192  com.google.common.collect.MapMakerInternalMap$StrongKeyWeakValueSegment (com.google.common@31.1-jre)
1344:             8            192  com.google.gson.internal.bind.TypeAdapters$32
1345:             8            192  com.mojang.serialization.codecs.RecordCodecBuilder$Instance$$Lambda$1194/0x0000000800595000 (datafixerupper@6.0.8)
1346:             6            192  com.sun.jmx.mbeanserver.DefaultMXBeanMappingFactory$CollectionMapping (java.management@17.0.15)
1347:             6            192  java.lang.invoke.LambdaForm$BasicType (java.base@17.0.15)
1348:             8            192  java.lang.module.ModuleDescriptor$Opens (java.base@17.0.15)
1349:             8            192  java.math.RoundingMode (java.base@17.0.15)
1350:             8            192  java.net.NetPermission (java.base@17.0.15)
1351:             3            192  java.nio.DirectByteBufferR (java.base@17.0.15)
1352:             3            192  java.security.SecureRandom (java.base@17.0.15)
1353:             6            192  java.security.cert.PolicyQualifierInfo (java.base@17.0.15)
1354:             6            192  java.time.format.TextStyle (java.base@17.0.15)
1355:             4            192  java.util.concurrent.locks.ReentrantReadWriteLock$FairSync (java.base@17.0.15)
1356:             8            192  jdk.internal.module.ModuleReferences$$Lambda$26/0x00000008000b4180 (java.base@17.0.15)
1357:             8            192  jdk.internal.perf.PerfCounter (java.base@17.0.15)
1358:             6            192  jdk.internal.reflect.UnsafeIntegerFieldAccessorImpl (java.base@17.0.15)
1359:            12            192  jdk.proxy2.$Proxy22 (jdk.proxy2)
1360:            12            192  jdk.proxy2.$Proxy6 (jdk.proxy2)
1361:            12            192  joptsimple.internal.ConstructorInvokingValueConverter (jopt.simple@5.0.4)
1362:            12            192  net.minecraft.util.datafix.schemas.V3326$$Lambda$2186/0x000000080087d5b0 (minecraft@1.20.1)
1363:            12            192  net.minecraft.util.datafix.schemas.V99$$Lambda$1830/0x0000000800822cd8 (minecraft@1.20.1)
1364:            12            192  net.minecraft.util.datafix.schemas.V99$$Lambda$1833/0x0000000800823350 (minecraft@1.20.1)
1365:            12            192  net.minecraft.world.entity.npc.VillagerProfession$$Lambda$2871/0x0000000800a3c950 (minecraft@1.20.1)
1366:            12            192  net.minecraft.world.entity.npc.VillagerProfession$$Lambda$2872/0x0000000800a3cba8 (minecraft@1.20.1)
1367:             3            192  net.minecraft.world.item.BucketItem (minecraft@1.20.1)
1368:             3            192  net.minecraft.world.item.HorseArmorItem (minecraft@1.20.1)
1369:             6            192  net.minecraft.world.level.levelgen.Heightmap$Types (minecraft@1.20.1)
1370:            12            192  net.minecraft.world.level.levelgen.blockpredicates.BlockPredicateType$$Lambda$3030/0x0000000800a70bf0 (minecraft@1.20.1)
1371:             8            192  org.antlr.v4.runtime.atn.LexerActionType (org.antlr.antlr4.runtime@4.9.1)
1372:             8            192  org.apache.logging.log4j.Level (org.apache.logging.log4j@2.19.0)
1373:             8            192  org.apache.logging.log4j.core.appender.rolling.RolloverFrequency (org.apache.logging.log4j.core@2.19.0)
1374:             4            192  org.apache.logging.log4j.core.config.AppenderControl (org.apache.logging.log4j.core@2.19.0)
1375:             8            192  org.apache.logging.log4j.core.lookup.PropertiesLookup (org.apache.logging.log4j.core@2.19.0)
1376:             8            192  org.apache.logging.log4j.core.pattern.MessagePatternConverter$FormattedMessagePatternConverter (org.apache.logging.log4j.core@2.19.0)
1377:             8            192  org.apache.logging.log4j.spi.StandardLevel (org.apache.logging.log4j@2.19.0)
1378:             4            192  org.objectweb.asm.tree.IincInsnNode (org.objectweb.asm.tree@9.8)
1379:             4            192  org.openjdk.nashorn.internal.ir.IfNode (org.openjdk.nashorn)
1380:             4            192  org.openjdk.nashorn.internal.objects.NativeBoolean$Prototype (org.openjdk.nashorn)
1381:             4            192  org.openjdk.nashorn.internal.objects.NativeReferenceError$Prototype (org.openjdk.nashorn)
1382:             4            192  org.openjdk.nashorn.internal.objects.NativeSyntaxError$Prototype (org.openjdk.nashorn)
1383:             4            192  org.openjdk.nashorn.internal.objects.NativeTypeError$Prototype (org.openjdk.nashorn)
1384:             6            192  org.openjdk.nashorn.internal.runtime.Context$NamedContextCodeInstaller (org.openjdk.nashorn)
1385:             8            192  org.openjdk.nashorn.internal.runtime.JSType (org.openjdk.nashorn)
1386:             8            192  org.openjdk.nashorn.internal.runtime.linker.InvokeByName (org.openjdk.nashorn)
1387:             4            192  sun.nio.cs.StreamDecoder (java.base@17.0.15)
1388:             4            184  [[I (java.base@17.0.15)
1389:             2            176  [Lorg.antlr.v4.runtime.atn.RuleStartState; (org.antlr.antlr4.runtime@4.9.1)
1390:             2            176  [Lorg.antlr.v4.runtime.atn.RuleStopState; (org.antlr.antlr4.runtime@4.9.1)
1391:            11            176  java.util.concurrent.ConcurrentHashMap$ValuesView (java.base@17.0.15)
1392:            11            176  jdk.dynalink.beans.StaticClass (jdk.dynalink@17.0.15)
1393:            11            176  net.minecraft.util.datafix.schemas.V3327$$Lambda$2189/0x000000080087ded0 (minecraft@1.20.1)
1394:             2            176  net.minecraft.world.level.block.AttachedStemBlock (minecraft@1.20.1)
1395:             2            176  net.minecraft.world.level.block.BrushableBlock (minecraft@1.20.1)
1396:             2            176  net.minecraft.world.level.block.FungusBlock (minecraft@1.20.1)
1397:             2            176  net.minecraft.world.level.block.IronBarsBlock (minecraft@1.20.1)
1398:             2            176  net.minecraft.world.level.block.LiquidBlock (minecraft@1.20.1)
1399:             2            176  net.minecraft.world.level.block.StemBlock (minecraft@1.20.1)
1400:             2            176  net.minecraft.world.level.block.WeightedPressurePlateBlock (minecraft@1.20.1)
1401:            11            176  org.apache.logging.log4j.core.util.datetime.FastDateParser$NumberStrategy (org.apache.logging.log4j.core@2.19.0)
1402:             3            168  [Lnet.minecraft.world.entity.vehicle.Boat$Type; (minecraft@1.20.1)
1403:             1            168  [[Ljava.math.BigInteger; (java.base@17.0.15)
1404:             3            168  com.google.common.collect.MapMakerInternalMap (com.google.common@31.1-jre)
1405:             3            168  com.google.gson.internal.LinkedTreeMap
1406:             7            168  com.sun.org.apache.xerces.internal.util.FeatureState (java.xml@17.0.15)
1407:             7            168  java.lang.Double (java.base@17.0.15)
1408:             7            168  java.lang.System$Logger$Level (java.base@17.0.15)
1409:             7            168  java.time.DayOfWeek (java.base@17.0.15)
1410:             7            168  java.time.ZoneOffset (java.base@17.0.15)
1411:             3            168  javax.management.openmbean.OpenMBeanOperationInfoSupport (java.management@17.0.15)
1412:             3            168  jdk.dynalink.beans.StaticClassLinker$SingleClassStaticsLinker (jdk.dynalink@17.0.15)
1413:             7            168  jdk.xml.internal.JdkProperty$State (java.xml@17.0.15)
1414:             7            168  net.minecraft.world.entity.vehicle.AbstractMinecart$Type (minecraft@1.20.1)
1415:             3            168  net.minecraft.world.item.BowlFoodItem (minecraft@1.20.1)
1416:             7            168  net.minecraft.world.level.block.SkullBlock$Types (minecraft@1.20.1)
1417:             7            168  net.minecraftforge.eventbus.Names$Method (net.minecraftforge.eventbus)
1418:             7            168  net.minecraftforge.registries.DeferredRegister$$Lambda$1502/0x0000000800735368 (forge@47.4.13)
1419:             7            168  net.minecraftforge.registries.DeferredRegister$RegistryHolder (forge@47.4.13)
1420:             7            168  org.apache.logging.log4j.core.pattern.LoggerPatternConverter (org.apache.logging.log4j.core@2.19.0)
1421:             3            168  org.objectweb.asm.tree.InvokeDynamicInsnNode (org.objectweb.asm.tree@9.8)
1422:             7            168  org.openjdk.nashorn.internal.ir.FunctionNode$Kind (org.openjdk.nashorn)
1423:             7            168  org.openjdk.nashorn.internal.runtime.Context$1 (org.openjdk.nashorn)
1424:             7            168  org.openjdk.nashorn.internal.runtime.arrays.ObjectArrayData (org.openjdk.nashorn)
1425:             7            168  sun.security.x509.NetscapeCertTypeExtension$MapEntry (java.base@17.0.15)
1426:             7            168  sun.security.x509.PolicyInformation (java.base@17.0.15)
1427:             2            160  [Ljava.lang.constant.DirectMethodHandleDesc$Kind; (java.base@17.0.15)
1428:             3            160  [Ljava.util.logging.Level; (java.logging@17.0.15)
1429:             2            160  [Lnet.minecraft.world.scores.criteria.ObjectiveCriteria; (minecraft@1.20.1)
1430:             1            160  [Lnet.minecraftforge.installer.json.Version$Library;
1431:             4            160  [Lorg.apache.logging.log4j.core.util.datetime.FastDatePrinter$Rule; (org.apache.logging.log4j.core@2.19.0)
1432:             1            160  [Lorg.objectweb.asm.Label; (org.objectweb.asm@9.8)
1433:             5            160  com.google.common.base.Splitter (com.google.common@31.1-jre)
1434:            10            160  com.google.gson.internal.ConstructorConstructor$9
1435:            10            160  com.mojang.brigadier.LiteralMessage (brigadier@1.1.8)
1436:             4            160  java.lang.invoke.BoundMethodHandle$Species_LIL (java.base@17.0.15)
1437:             2            160  java.lang.invoke.BoundMethodHandle$Species_LLLLLLLLLLLLL (java.base@17.0.15)
1438:             5            160  java.lang.invoke.VarHandle$AccessType (java.base@17.0.15)
1439:             4            160  java.text.DigitList (java.base@17.0.15)
1440:            10            160  java.util.Formatter$Flags (java.base@17.0.15)
1441:             4            160  java.util.ServiceLoader$LazyClassPathLookupIterator (java.base@17.0.15)
1442:             5            160  java.util.concurrent.atomic.LongAdder (java.base@17.0.15)
1443:             5            160  javax.management.StandardEmitterMBean (java.management@17.0.15)
1444:             4            160  javax.xml.catalog.CatalogFeatures$Feature (java.xml@17.0.15)
1445:             4            160  jdk.internal.math.FloatingDecimal$BinaryToASCIIBuffer (java.base@17.0.15)
1446:            10            160  net.fabricmc.loader.impl.metadata.SimplePerson (net.fabricmc.loader@2.6.0+0.15.0+1.20.1-full)
1447:             5            160  net.minecraft.client.telemetry.TelemetryProperty$GameMode (minecraft@1.20.1)
1448:             2            160  net.minecraft.core.DefaultedMappedRegistry (minecraft@1.20.1)
1449:            10            160  net.minecraft.util.ExtraCodecs$$Lambda$1117/0x000000080057df70 (minecraft@1.20.1)
1450:            10            160  net.minecraft.util.ExtraCodecs$$Lambda$1118/0x000000080057e1b8 (minecraft@1.20.1)
1451:            10            160  net.minecraft.util.StringRepresentable$EnumCodec$$Lambda$1120/0x000000080057e620 (minecraft@1.20.1)
1452:            10            160  net.minecraft.util.datafix.schemas.V1451$$Lambda$1946/0x00000008008448b0 (minecraft@1.20.1)
1453:             5            160  net.minecraft.world.item.enchantment.ProtectionEnchantment (minecraft@1.20.1)
1454:             5            160  net.minecraft.world.item.enchantment.ProtectionEnchantment$Type (minecraft@1.20.1)
1455:             2            160  net.minecraft.world.level.block.AzaleaBlock (minecraft@1.20.1)
1456:             2            160  net.minecraft.world.level.block.BeehiveBlock (minecraft@1.20.1)
1457:            10            160  net.minecraft.world.level.block.Blocks$$Lambda$1640/0x0000000800768ea0 (minecraft@1.20.1)
1458:             2            160  net.minecraft.world.level.block.CampfireBlock (minecraft@1.20.1)
1459:             2            160  net.minecraft.world.level.block.LanternBlock (minecraft@1.20.1)
1460:             2            160  net.minecraft.world.level.block.MushroomBlock (minecraft@1.20.1)
1461:             2            160  net.minecraft.world.level.block.NyliumBlock (minecraft@1.20.1)
1462:             2            160  net.minecraft.world.level.block.PoweredRailBlock (minecraft@1.20.1)
1463:             2            160  net.minecraft.world.level.block.RedStoneOreBlock (minecraft@1.20.1)
1464:             2            160  net.minecraft.world.level.block.RootsBlock (minecraft@1.20.1)
1465:             2            160  net.minecraft.world.level.block.SandBlock (minecraft@1.20.1)
1466:             2            160  net.minecraft.world.level.block.TallGrassBlock (minecraft@1.20.1)
1467:             2            160  net.minecraft.world.level.block.TorchBlock (minecraft@1.20.1)
1468:             2            160  net.minecraft.world.level.block.WallTorchBlock (minecraft@1.20.1)
1469:             2            160  net.minecraft.world.level.block.piston.PistonBaseBlock (minecraft@1.20.1)
1470:             4            160  net.minecraft.world.level.block.state.properties.DirectionProperty (minecraft@1.20.1)
1471:             4            160  net.minecraftforge.coremod.CoreMod (net.minecraftforge.coremod)
1472:            10            160  net.minecraftforge.coremod.NashornFactory$$Lambda$917/0x0000000800505890 (net.minecraftforge.coremod)
1473:            10            160  net.minecraftforge.registries.NamespacedDefaultedWrapper$Factory (forge@47.4.13)
1474:             4            160  org.antlr.v4.runtime.atn.TokensStartState (org.antlr.antlr4.runtime@4.9.1)
1475:            10            160  org.apache.logging.log4j.core.impl.ThreadContextDataInjector$ForCopyOnWriteThreadContextMap (org.apache.logging.log4j.core@2.19.0)
1476:             5            160  org.objectweb.asm.tree.InsnList (org.objectweb.asm.tree@9.8)
1477:             4            160  org.objectweb.asm.tree.TypeInsnNode (org.objectweb.asm.tree@9.8)
1478:             5            160  org.openjdk.nashorn.internal.codegen.LocalVariableTypesCalculator$LvarType (org.openjdk.nashorn)
1479:             5            160  org.openjdk.nashorn.internal.codegen.LocalVariableTypesCalculator$TypeHolderExpression (org.openjdk.nashorn)
1480:             4            160  org.openjdk.nashorn.internal.objects.Global$LexicalScope (org.openjdk.nashorn)
1481:             4            160  org.openjdk.nashorn.internal.runtime.SpillProperty$Accessors (org.openjdk.nashorn)
1482:             4            160  sun.nio.cs.UTF_8$Decoder (java.base@17.0.15)
1483:             5            160  sun.util.locale.provider.LocaleProviderAdapter$Type (java.base@17.0.15)
1484:            10            160  sun.util.logging.internal.LoggingProviderImpl$JULWrapper (java.logging@17.0.15)
1485:             4            160  sun.util.resources.Bundles$BundleReference (java.base@17.0.15)
1486:             6            152  [Lcpw.mods.modlauncher.api.IModuleLayerManager$Layer; (cpw.mods.modlauncher@10.0.9)
1487:             1            152  org.apache.logging.log4j.core.config.xml.XmlConfiguration (org.apache.logging.log4j.core@2.19.0)
1488:             1            144  [Ljava.lang.invoke.VarHandle$AccessMode; (java.base@17.0.15)
1489:             2            144  [Lorg.antlr.v4.runtime.dfa.DFA; (org.antlr.antlr4.runtime@4.9.1)
1490:             2            144  [Lorg.apache.logging.log4j.core.pattern.LogEventPatternConverter; (org.apache.logging.log4j.core@2.19.0)
1491:             3            144  com.google.common.collect.LinkedHashMultimap (com.google.common@31.1-jre)
1492:             3            144  com.google.common.collect.LinkedHashMultimap$ValueEntry (com.google.common@31.1-jre)
1493:             6            144  com.google.gson.internal.$Gson$Types$ParameterizedTypeImpl
1494:             6            144  com.sun.org.apache.xerces.internal.util.Status (java.xml@17.0.15)
1495:             6            144  java.lang.Thread$State (java.base@17.0.15)
1496:             3            144  java.lang.ThreadGroup (java.base@17.0.15)
1497:             3            144  java.time.temporal.JulianFields$Field (java.base@17.0.15)
1498:             6            144  java.util.concurrent.ConcurrentHashMap$KeySetView (java.base@17.0.15)
1499:             6            144  java.util.concurrent.ConcurrentLinkedQueue$Node (java.base@17.0.15)
1500:             3            144  java.util.concurrent.ConcurrentSkipListMap (java.base@17.0.15)
1501:             9            144  jdk.internal.module.ServicesCatalog (java.base@17.0.15)
1502:             9            144  jdk.proxy1.$Proxy11 (jdk.proxy1)
1503:             9            144  net.minecraft.util.datafix.fixes.NamespacedTypeRenameFix$$Lambda$2281/0x00000008008a84a8 (minecraft@1.20.1)
1504:             6            144  net.minecraft.util.datafix.fixes.SimplestEntityRenameFix$$Lambda$2234/0x0000000800893aa8 (minecraft@1.20.1)
1505:             9            144  net.minecraft.util.datafix.schemas.V1451_1$$Lambda$1948/0x0000000800844fa8 (minecraft@1.20.1)
1506:             9            144  net.minecraft.world.effect.MobEffect$$Lambda$1583/0x000000080074ef38 (minecraft@1.20.1)
1507:             6            144  net.minecraftforge.fml.common.asm.ObjectHolderDefinalize$VanillaObjectHolderData (fmlloader@1.20.1-47.4.13)
1508:             6            144  net.minecraftforge.fml.loading.moddiscovery.BackgroundScanHandler$ScanStatus (fmlloader@1.20.1-47.4.13)
1509:             3            144  org.antlr.v4.runtime.atn.PlusBlockStartState (org.antlr.antlr4.runtime@4.9.1)
1510:             6            144  org.apache.commons.lang3.text.translate.NumericEntityEscaper (org.apache.commons.lang3@3.12.0)
1511:             6            144  org.apache.logging.log4j.core.LifeCycle$State (org.apache.logging.log4j.core@2.19.0)
1512:             9            144  org.apache.logging.log4j.core.lookup.JmxRuntimeInputArgumentsLookup (org.apache.logging.log4j.core@2.19.0)
1513:             9            144  org.apache.logging.log4j.core.lookup.MapLookup (org.apache.logging.log4j.core@2.19.0)
1514:             3            144  org.apache.logging.log4j.message.ReusableParameterizedMessage (org.apache.logging.log4j@2.19.0)
1515:             6            144  org.apache.logging.slf4j.Log4jMarker (org.apache.logging.log4j.slf4j@2.19.0)
1516:             6            144  org.openjdk.nashorn.internal.codegen.Condition (org.openjdk.nashorn)
1517:             6            144  org.openjdk.nashorn.internal.runtime.Source$RawData (org.openjdk.nashorn)
1518:             6            144  org.spongepowered.asm.logging.Level (org.spongepowered.mixin)
1519:             6            144  org.spongepowered.asm.service.modlauncher.Blackboard$Key (org.spongepowered.mixin)
1520:             6            144  sun.reflect.generics.repository.FieldRepository (java.base@17.0.15)
1521:             6            144  sun.security.util.DisabledAlgorithmConstraints$Constraint$Operator (java.base@17.0.15)
1522:             9            144  sun.security.x509.GeneralNames (java.base@17.0.15)
1523:             4            136  [Ljava.lang.CharSequence; (java.base@17.0.15)
1524:             1            136  [Ljava.time.temporal.ChronoField; (java.base@17.0.15)
1525:             5            136  [Lnet.minecraftforge.fml.earlydisplay.SimpleBufferBuilder$Element; (fmlearlydisplay@1.20.1-47.4.13)
1526:             1            136  [Lorg.spongepowered.asm.mixin.MixinEnvironment$Option; (org.spongepowered.mixin)
1527:             4            136  [Lsun.invoke.util.ValueConversions$WrapperCache; (java.base@17.0.15)
1528:             1            136  org.apache.logging.log4j.core.config.NullConfiguration (org.apache.logging.log4j.core@2.19.0)
1529:             3            128  [Ljava.lang.Thread; (java.base@17.0.15)
1530:             2            128  [Ljava.time.Month; (java.base@17.0.15)
1531:             4            128  [Ljdk.dynalink.linker.GuardingTypeConverterFactory; (jdk.dynalink@17.0.15)
1532:             2            128  [Lnet.minecraft.core.FrontAndTop; (minecraft@1.20.1)
1533:             1            128  com.google.common.cache.LocalCache (com.google.common@31.1-jre)
1534:             8            128  com.google.gson.TypeAdapter$1
1535:             4            128  com.google.gson.internal.bind.MapTypeAdapterFactory$Adapter
1536:             4            128  com.google.gson.internal.bind.ReflectiveTypeAdapterFactory (com.google.gson@2.10)
1537:             4            128  com.sun.jmx.mbeanserver.DefaultMXBeanMappingFactory$ArrayMapping (java.management@17.0.15)
1538:             4            128  java.io.ByteArrayInputStream (java.base@17.0.15)
1539:             4            128  java.lang.StackWalker (java.base@17.0.15)
1540:             4            128  java.security.MessageDigest$Delegate$CloneableDelegate (java.base@17.0.15)
1541:             4            128  java.util.ServiceLoader$ModuleServicesLookupIterator (java.base@17.0.15)
1542:             4            128  java.util.concurrent.atomic.AtomicReferenceFieldUpdater$AtomicReferenceFieldUpdaterImpl (java.base@17.0.15)
1543:             4            128  java.util.concurrent.locks.AbstractQueuedSynchronizer$ConditionNode (java.base@17.0.15)
1544:             4            128  java.util.stream.Collectors$CollectorImpl (java.base@17.0.15)
1545:             4            128  java.util.stream.FindOps$FindOp (java.base@17.0.15)
1546:             4            128  javax.script.SimpleScriptContext (java.scripting@17.0.15)
1547:             4            128  jdk.dynalink.DynamicLinker (jdk.dynalink@17.0.15)
1548:             4            128  jdk.dynalink.TypeConverterFactory (jdk.dynalink@17.0.15)
1549:             4            128  jdk.dynalink.linker.support.CompositeTypeBasedGuardingDynamicLinker$ClassToLinker (jdk.dynalink@17.0.15)
1550:             4            128  jdk.internal.loader.NativeLibraries$Unloader (java.base@17.0.15)
1551:             8            128  jdk.internal.module.ModuleReferences$$Lambda$27/0x00000008000b43a8 (java.base@17.0.15)
1552:             4            128  jdk.internal.reflect.UnsafeQualifiedObjectFieldAccessorImpl (java.base@17.0.15)
1553:             8            128  net.minecraft.core.Vec3i$$Lambda$3018/0x0000000800a6d2d8 (minecraft@1.20.1)
1554:             8            128  net.minecraft.util.datafix.schemas.V1451_2$$Lambda$1968/0x000000080084d420 (minecraft@1.20.1)
1555:             8            128  net.minecraft.util.datafix.schemas.V501$$Lambda$1882/0x00000008008392c0 (minecraft@1.20.1)
1556:             8            128  net.minecraft.util.datafix.schemas.V701$$Lambda$1887/0x000000080083ab90 (minecraft@1.20.1)
1557:             4            128  net.minecraft.world.item.ArmorItem$Type (minecraft@1.20.1)
1558:             2            128  net.minecraft.world.item.FoodOnAStickItem (minecraft@1.20.1)
1559:             2            128  net.minecraft.world.item.Items$1 (minecraft@1.20.1)
1560:             4            128  net.minecraft.world.item.Rarity (minecraft@1.20.1)
1561:             4            128  net.minecraft.world.level.block.state.properties.StructureMode (minecraft@1.20.1)
1562:             4            128  net.minecraft.world.level.block.state.properties.Tilt (minecraft@1.20.1)
1563:             8            128  net.minecraft.world.level.storage.loot.entries.LootPoolEntryType (minecraft@1.20.1)
1564:             2            128  net.minecraft.world.phys.AABB (minecraft@1.20.1)
1565:             1            128  net.minecraftforge.fml.earlydisplay.DisplayWindow (fmlearlydisplay@1.20.1-47.4.13)
1566:             4            128  net.minecraftforge.fml.earlydisplay.SimpleBufferBuilder$Format (fmlearlydisplay@1.20.1-47.4.13)
1567:             4            128  net.minecraftforge.fml.loading.FMLPaths (fmlloader@1.20.1-47.4.13)
1568:             4            128  org.apache.logging.log4j.core.appender.DefaultErrorHandler (org.apache.logging.log4j.core@2.19.0)
1569:             2            128  org.apache.logging.log4j.core.appender.RollingRandomAccessFileAppender (org.apache.logging.log4j.core@2.19.0)
1570:             2            128  org.apache.logging.log4j.core.appender.rolling.PatternProcessor (org.apache.logging.log4j.core@2.19.0)
1571:             4            128  org.apache.logging.log4j.core.config.AwaitCompletionReliabilityStrategy (org.apache.logging.log4j.core@2.19.0)
1572:             4            128  org.apache.logging.log4j.core.layout.StringBuilderEncoder (org.apache.logging.log4j.core@2.19.0)
1573:             8            128  org.apache.logging.log4j.core.lookup.ContextMapLookup (org.apache.logging.log4j.core@2.19.0)
1574:             8            128  org.apache.logging.log4j.core.lookup.DateLookup (org.apache.logging.log4j.core@2.19.0)
1575:             8            128  org.apache.logging.log4j.core.lookup.EnvironmentLookup (org.apache.logging.log4j.core@2.19.0)
1576:             8            128  org.apache.logging.log4j.core.lookup.EventLookup (org.apache.logging.log4j.core@2.19.0)
1577:             8            128  org.apache.logging.log4j.core.lookup.JavaLookup (org.apache.logging.log4j.core@2.19.0)
1578:             8            128  org.apache.logging.log4j.core.lookup.Log4jLookup (org.apache.logging.log4j.core@2.19.0)
1579:             8            128  org.apache.logging.log4j.core.lookup.LowerLookup (org.apache.logging.log4j.core@2.19.0)
1580:             8            128  org.apache.logging.log4j.core.lookup.MainMapLookup (org.apache.logging.log4j.core@2.19.0)
1581:             8            128  org.apache.logging.log4j.core.lookup.MarkerLookup (org.apache.logging.log4j.core@2.19.0)
1582:             8            128  org.apache.logging.log4j.core.lookup.ResourceBundleLookup (org.apache.logging.log4j.core@2.19.0)
1583:             8            128  org.apache.logging.log4j.core.lookup.StructuredDataLookup (org.apache.logging.log4j.core@2.19.0)
1584:             8            128  org.apache.logging.log4j.core.lookup.UpperLookup (org.apache.logging.log4j.core@2.19.0)
1585:             8            128  org.apache.logging.log4j.core.util.datetime.FastDateParser$CopyQuotedStrategy (org.apache.logging.log4j.core@2.19.0)
1586:             8            128  org.apache.logging.log4j.core.util.datetime.FastDatePrinter$CharacterLiteral (org.apache.logging.log4j.core@2.19.0)
1587:             8            128  org.apache.logging.log4j.core.util.datetime.FastDatePrinter$TwoDigitNumberField (org.apache.logging.log4j.core@2.19.0)
1588:             4            128  org.openjdk.nashorn.api.scripting.NashornScriptEngine (org.openjdk.nashorn)
1589:             4            128  org.openjdk.nashorn.internal.codegen.CompilerConstants$8 (org.openjdk.nashorn)
1590:             4            128  org.openjdk.nashorn.internal.runtime.Context$ThrowErrorManager (org.openjdk.nashorn)
1591:             4            128  org.openjdk.nashorn.internal.runtime.Timing (org.openjdk.nashorn)
1592:             4            128  org.openjdk.nashorn.internal.runtime.options.Options (org.openjdk.nashorn)
1593:             2            128  org.openjdk.nashorn.internal.scripts.JO5P0 (org.openjdk.nashorn.structures)
1594:             2            128  sun.security.provider.SHA2$SHA256 (java.base@17.0.15)
1595:             4            128  sun.util.resources.Bundles$CacheKey (java.base@17.0.15)
1596:             3            120  [Ljava.lang.invoke.LambdaForm$BasicType; (java.base@17.0.15)
1597:             3            120  [Lnet.minecraft.world.level.levelgen.Heightmap$Types; (minecraft@1.20.1)
1598:             5            120  com.sun.org.apache.xerces.internal.util.PropertyState (java.xml@17.0.15)
1599:             5            120  com.sun.org.apache.xerces.internal.utils.XMLSecurityPropertyManager$State (java.xml@17.0.15)
1600:             3            120  cpw.mods.modlauncher.log.TransformingThrowablePatternConverter (cpw.mods.modlauncher@10.0.9)
1601:             3            120  java.io.FilePermission (java.base@17.0.15)
1602:             5            120  java.lang.ProcessBuilder$Redirect$Type (java.base@17.0.15)
1603:             5            120  java.lang.ThreadLocal$ThreadLocalMap (java.base@17.0.15)
1604:             3            120  java.lang.reflect.ProxyGenerator$ProxyMethod (java.base@17.0.15)
1605:             5            120  java.time.Instant (java.base@17.0.15)
1606:             5            120  java.time.format.DateTimeFormatterBuilder$OffsetIdPrinterParser (java.base@17.0.15)
1607:             5            120  java.time.format.SignStyle (java.base@17.0.15)
1608:             3            120  java.util.PropertyResourceBundle (java.base@17.0.15)
1609:             3            120  java.util.regex.Pattern$Loop (java.base@17.0.15)
1610:             5            120  java.util.stream.StreamOpFlag$Type (java.base@17.0.15)
1611:             5            120  javax.tools.Diagnostic$Kind (java.compiler@17.0.15)
1612:             5            120  jdk.dynalink.StandardOperation (jdk.dynalink@17.0.15)
1613:             5            120  jdk.internal.math.FloatingDecimal$PreparedASCIIToBinaryBuffer (java.base@17.0.15)
1614:             5            120  joptsimple.internal.MethodInvokingValueConverter (jopt.simple@5.0.4)
1615:             3            120  net.minecraft.resources.HolderSetCodec (minecraft@1.20.1)
1616:             3            120  net.minecraft.util.datafix.fixes.AddFlagIfNotPresentFix (minecraft@1.20.1)
1617:             5            120  net.minecraft.util.datafix.fixes.BlockRenameFixWithJigsaw$$Lambda$2325/0x00000008008b2728 (minecraft@1.20.1)
1618:             5            120  net.minecraft.util.datafix.fixes.EntityRenameFix$$Lambda$2241/0x0000000800898918 (minecraft@1.20.1)
1619:             3            120  net.minecraft.world.effect.InstantenousMobEffect (minecraft@1.20.1)
1620:             5            120  net.minecraft.world.level.block.state.properties.DripstoneThickness (minecraft@1.20.1)
1621:             5            120  net.minecraft.world.level.block.state.properties.StairsShape (minecraft@1.20.1)
1622:             5            120  net.minecraft.world.level.material.PushReaction (minecraft@1.20.1)
1623:             5            120  net.minecraftforge.fml.earlydisplay.RenderElement (fmlearlydisplay@1.20.1-47.4.13)
1624:             5            120  net.minecraftforge.fml.loading.LanguageLoadingProvider$ModLanguageWrapper (fmlloader@1.20.1-47.4.13)
1625:             3            120  org.antlr.v4.runtime.atn.PlusLoopbackState (org.antlr.antlr4.runtime@4.9.1)
1626:             3            120  org.apache.logging.log4j.core.config.ConfigurationSource (org.apache.logging.log4j.core@2.19.0)
1627:             3            120  org.apache.logging.log4j.core.pattern.HighlightConverter (org.apache.logging.log4j.core@2.19.0)
1628:             5            120  org.apache.logging.log4j.core.pattern.PatternParser$ParserState (org.apache.logging.log4j.core@2.19.0)
1629:             5            120  org.apache.logging.log4j.core.time.MutableInstant (org.apache.logging.log4j.core@2.19.0)
1630:             3            120  org.apache.logging.log4j.core.util.datetime.FastDateParser (org.apache.logging.log4j.core@2.19.0)
1631:             5            120  org.objectweb.asm.Edge (org.objectweb.asm@9.8)
1632:             1            120  org.objectweb.asm.tree.ClassNode (org.objectweb.asm.tree@9.8)
1633:             5            120  org.openjdk.nashorn.internal.WeakValueCache (org.openjdk.nashorn)
1634:             5            120  org.openjdk.nashorn.internal.codegen.CodeGenerator$TypeBounds (org.openjdk.nashorn)
1635:             5            120  sun.nio.ch.Util$BufferCache (java.base@17.0.15)
1636:             5            120  sun.security.jca.ServiceId (java.base@17.0.15)
1637:             2            112  [Ljava.nio.file.attribute.PosixFilePermission; (java.base@17.0.15)
1638:             1            112  [Ljava.time.LocalTime; (java.base@17.0.15)
1639:             4            112  [Ljoptsimple.util.PathProperties; (jopt.simple@5.0.4)
1640:             2            112  [Lnet.minecraft.world.level.block.state.properties.RailShape; (minecraft@1.20.1)
1641:             2            112  [Lorg.openjdk.nashorn.internal.codegen.ClassEmitter$Flag; (org.openjdk.nashorn)
1642:             7            112  com.google.gson.internal.bind.TreeTypeAdapter$GsonContextImpl (com.google.gson@2.10)
1643:             2            112  java.lang.invoke.BoundMethodHandle$Species_LLILLL (java.base@17.0.15)
1644:             2            112  java.nio.DirectIntBufferRU (java.base@17.0.15)
1645:             7            112  java.util.IdentityHashMap$KeySet (java.base@17.0.15)
1646:             7            112  jdk.proxy2.$Proxy13 (jdk.proxy2)
1647:             7            112  net.minecraft.util.datafix.schemas.V1451_3$$Lambda$1970/0x000000080084db38 (minecraft@1.20.1)
1648:             7            112  net.minecraft.util.datafix.schemas.V1451_3$$Lambda$1971/0x000000080084dd80 (minecraft@1.20.1)
1649:             7            112  net.minecraft.util.datafix.schemas.V1451_3$$Lambda$1972/0x000000080084dfa8 (minecraft@1.20.1)
1650:             7            112  net.minecraft.util.datafix.schemas.V1451_3$$Lambda$1973/0x000000080084e1d0 (minecraft@1.20.1)
1651:             7            112  net.minecraft.util.datafix.schemas.V1451_3$$Lambda$1974/0x000000080084e3f8 (minecraft@1.20.1)
1652:             7            112  net.minecraft.util.datafix.schemas.V1451_3$$Lambda$1975/0x000000080084e620 (minecraft@1.20.1)
1653:             7            112  net.minecraft.util.datafix.schemas.V1451_3$$Lambda$1976/0x000000080084e848 (minecraft@1.20.1)
1654:             7            112  net.minecraft.util.datafix.schemas.V1451_3$$Lambda$1977/0x000000080084ea70 (minecraft@1.20.1)
1655:             7            112  net.minecraft.util.datafix.schemas.V1451_3$$Lambda$1978/0x000000080084ec98 (minecraft@1.20.1)
1656:             7            112  net.minecraft.util.datafix.schemas.V1451_3$$Lambda$1979/0x000000080084eec0 (minecraft@1.20.1)
1657:             7            112  net.minecraft.util.datafix.schemas.V1451_3$$Lambda$1980/0x000000080084f0e8 (minecraft@1.20.1)
1658:             7            112  net.minecraft.util.datafix.schemas.V1451_3$$Lambda$1981/0x000000080084f310 (minecraft@1.20.1)
1659:             7            112  net.minecraft.util.datafix.schemas.V3327$$Lambda$2188/0x000000080087dca8 (minecraft@1.20.1)
1660:             7            112  net.minecraft.world.entity.npc.VillagerType (minecraft@1.20.1)
1661:             2            112  net.minecraft.world.item.ItemFrameItem (minecraft@1.20.1)
1662:             2            112  net.minecraft.world.item.PlaceOnWaterBlockItem (minecraft@1.20.1)
1663:             7            112  net.minecraft.world.item.crafting.RecipeType$1 (minecraft@1.20.1)
1664:             2            112  org.antlr.v4.runtime.atn.ATN (org.antlr.antlr4.runtime@4.9.1)
1665:             2            112  org.spongepowered.asm.mixin.MixinEnvironment (org.spongepowered.mixin)
1666:             7            112  sun.security.x509.CertificatePolicyId (java.base@17.0.15)
1667:             1            104  [Lorg.apache.logging.log4j.core.util.datetime.FixedDateFormat$FixedFormat; (org.apache.logging.log4j.core@2.19.0)
1668:             3            104  [Lorg.openjdk.nashorn.internal.codegen.CompilationPhase; (org.openjdk.nashorn)
1669:             2            104  [Lsun.util.logging.PlatformLogger$Level; (java.base@17.0.15)
1670:             1            104  cpw.mods.modlauncher.TransformingClassLoader (cpw.mods.modlauncher@10.0.9)
1671:             1            104  jdk.internal.loader.ClassLoaders$AppClassLoader (java.base@17.0.15)
1672:             1            104  jdk.internal.loader.ClassLoaders$BootClassLoader (java.base@17.0.15)
1673:             1            104  jdk.internal.loader.ClassLoaders$PlatformClassLoader (java.base@17.0.15)
1674:             1            104  sun.security.jca.ProviderList$1 (java.base@17.0.15)
1675:             1            104  sun.security.rsa.SunRsaSign (java.base@17.0.15)
1676:             2             96  [Lcom.google.common.cache.LocalCache$EntryFactory; (com.google.common@31.1-jre)
1677:             3             96  [Lcom.google.common.collect.MapMakerInternalMap$Segment; (com.google.common@31.1-jre)
1678:             2             96  [Ljava.lang.System$Logger$Level; (java.base@17.0.15)
1679:             2             96  [Ljava.time.DayOfWeek; (java.base@17.0.15)
1680:             4             96  [Ljdk.dynalink.linker.ConversionComparator; (jdk.dynalink@17.0.15)
1681:             2             96  [Ljdk.dynalink.linker.GuardedInvocation; (jdk.dynalink@17.0.15)
1682:             2             96  [Lnet.minecraft.world.item.ArmorMaterials; (minecraft@1.20.1)
1683:             3             96  [Lnet.minecraftforge.accesstransformer.AccessTransformer$Modifier; (accesstransformers@8.0.4)
1684:             4             96  [Lnet.minecraftforge.api.distmarker.Dist; (mergetool@1.1.5)
1685:             2             96  [Lorg.apache.logging.log4j.core.Filter; (org.apache.logging.log4j.core@2.19.0)
1686:             2             96  [Lorg.apache.logging.log4j.spi.StandardLevel; (org.apache.logging.log4j@2.19.0)
1687:             3             96  [Lorg.openjdk.nashorn.internal.codegen.types.Type; (org.openjdk.nashorn)
1688:             1             96  [Lsun.security.util.ObjectIdentifier; (java.base@17.0.15)
1689:             1             96  [Lsun.util.locale.BaseLocale; (java.base@17.0.15)
1690:             1             96  [[Ljava.lang.Byte; (java.base@17.0.15)
1691:             4             96  com.electronwill.nightconfig.core.io.IndentStyle (com.electronwill.nightconfig.core@3.6.4)
1692:             3             96  com.electronwill.nightconfig.core.io.ParsingMode (com.electronwill.nightconfig.core@3.6.4)
1693:             4             96  com.google.common.cache.LocalCache$AccessQueue$1 (com.google.common@31.1-jre)
1694:             4             96  com.google.common.collect.AbstractIterator$State (com.google.common@31.1-jre)
1695:             2             96  com.google.common.collect.HashMultimap (com.google.common@31.1-jre)
1696:             4             96  com.google.gson.ReflectionAccessFilter$FilterResult (com.google.gson@2.10)
1697:             4             96  com.google.gson.ReflectionAccessFilter$FilterResult
1698:             4             96  com.google.gson.internal.ConstructorConstructor (com.google.gson@2.10)
1699:             4             96  com.google.gson.internal.bind.MapTypeAdapterFactory (com.google.gson@2.10)
1700:             4             96  com.mojang.serialization.Codec$1 (datafixerupper@6.0.8)
1701:             3             96  com.sun.jmx.mbeanserver.DefaultMXBeanMappingFactory$EnumMapping (java.management@17.0.15)
1702:             2             96  com.sun.jmx.mbeanserver.MBeanIntrospector$MBeanInfoMap (java.management@17.0.15)
1703:             2             96  com.sun.jmx.mbeanserver.MBeanIntrospector$PerInterfaceMap (java.management@17.0.15)
1704:             4             96  com.sun.jna.NativeMappedConverter (com.sun.jna@5.12.1)
1705:             2             96  com.sun.management.internal.GarbageCollectorExtImpl (jdk.management@17.0.15)
1706:             3             96  com.sun.org.apache.xerces.internal.utils.XMLSecurityManager$NameMap (java.xml@17.0.15)
1707:             3             96  com.sun.org.apache.xerces.internal.xni.QName (java.xml@17.0.15)
1708:             6             96  com.sun.proxy.jdk.proxy1.$Proxy26 (jdk.proxy1)
1709:             4             96  cpw.mods.jarhandling.SecureJar$Status (cpw.mods.securejarhandler)
1710:             4             96  cpw.mods.modlauncher.ModuleLayerHandler$LayerInfo (cpw.mods.modlauncher@10.0.9)
1711:             4             96  cpw.mods.modlauncher.TransformList (cpw.mods.modlauncher@10.0.9)
1712:             4             96  cpw.mods.modlauncher.TransformTargetLabel$LabelType (cpw.mods.modlauncher@10.0.9)
1713:             4             96  cpw.mods.modlauncher.api.IModuleLayerManager$Layer (cpw.mods.modlauncher@10.0.9)
1714:             4             96  cpw.mods.modlauncher.api.ITransformer$TargetType (cpw.mods.modlauncher@10.0.9)
1715:             4             96  cpw.mods.modlauncher.api.TransformerVoteResult (cpw.mods.modlauncher@10.0.9)
1716:             1             96  io.github.zekerzhayard.forgewrapper.installer.Installer$InstallV1Wrapper
1717:             4             96  io.netty.util.ResourceLeakDetector$Level (io.netty.common@4.1.82.Final)
1718:             3             96  java.io.FileInputStream (java.base@17.0.15)
1719:             4             96  java.io.InputStreamReader (java.base@17.0.15)
1720:             3             96  java.lang.ProcessImpl$Platform (java.base@17.0.15)
1721:             3             96  java.lang.Runtime$Version (java.base@17.0.15)
1722:             3             96  java.lang.constant.DynamicConstantDesc$AnonymousDynamicConstantDesc (java.base@17.0.15)
1723:             4             96  java.lang.module.ModuleDescriptor$Modifier (java.base@17.0.15)
1724:             4             96  java.lang.module.ModuleDescriptor$Requires$Modifier (java.base@17.0.15)
1725:             1             96  java.net.FactoryURLClassLoader (java.base@17.0.15)
1726:             4             96  java.text.Normalizer$Form (java.base@17.0.15)
1727:             4             96  java.time.format.DateTimeFormatterBuilder$SettingsParser (java.base@17.0.15)
1728:             2             96  java.time.zone.ZoneOffsetTransitionRule (java.base@17.0.15)
1729:             4             96  java.util.Base64$Encoder (java.base@17.0.15)
1730:             3             96  java.util.PropertyPermission (java.base@17.0.15)
1731:             4             96  java.util.ServiceLoader$2 (java.base@17.0.15)
1732:             6             96  java.util.concurrent.ConcurrentHashMap$EntrySetView (java.base@17.0.15)
1733:             4             96  java.util.concurrent.ConcurrentLinkedQueue (java.base@17.0.15)
1734:             4             96  java.util.concurrent.ConcurrentSkipListMap$Index (java.base@17.0.15)
1735:             4             96  java.util.concurrent.Executors$RunnableAdapter (java.base@17.0.15)
1736:             3             96  java.util.concurrent.Semaphore$NonfairSync (java.base@17.0.15)
1737:             4             96  java.util.concurrent.locks.ReentrantReadWriteLock$Sync$HoldCounter (java.base@17.0.15)
1738:             1             96  java.util.jar.JarVerifier (java.base@17.0.15)
1739:             3             96  java.util.regex.Pattern$Behind (java.base@17.0.15)
1740:             2             96  java.util.regex.Pattern$GroupCurly (java.base@17.0.15)
1741:             4             96  java.util.regex.Pattern$Qtype (java.base@17.0.15)
1742:             4             96  java.util.stream.StreamShape (java.base@17.0.15)
1743:             2             96  javax.management.openmbean.TabularType (java.management@17.0.15)
1744:             4             96  jdk.dynalink.LinkerServicesImpl (jdk.dynalink@17.0.15)
1745:             4             96  jdk.dynalink.beans.GuardedInvocationComponent$ValidationType (jdk.dynalink@17.0.15)
1746:             4             96  jdk.dynalink.linker.support.DefaultInternalObjectFilter (jdk.dynalink@17.0.15)
1747:             1             96  jdk.internal.jimage.ImageReader$SharedImageReader (java.base@17.0.15)
1748:             6             96  jdk.internal.loader.ClassLoaderValue (java.base@17.0.15)
1749:             4             96  jdk.internal.logger.BootstrapLogger$LoggingBackend (java.base@17.0.15)
1750:             4             96  jdk.internal.math.FormattedFloatingDecimal$Form (java.base@17.0.15)
1751:             3             96  joptsimple.NonOptionArgumentSpec (jopt.simple@5.0.4)
1752:             2             96  net.minecraft.DetectedVersion (minecraft@1.20.1)
1753:             3             96  net.minecraft.util.datafix.fixes.AdvancementsRenameFix (minecraft@1.20.1)
1754:             2             96  net.minecraft.util.datafix.fixes.EntityVariantFix (minecraft@1.20.1)
1755:             6             96  net.minecraft.util.datafix.fixes.SimplestEntityRenameFix$$Lambda$2235/0x0000000800893cf0 (minecraft@1.20.1)
1756:             3             96  net.minecraft.util.datafix.fixes.WriteAndReadFix (minecraft@1.20.1)
1757:             4             96  net.minecraft.util.datafix.schemas.V1451_6$$Lambda$1991/0x00000008008556b8 (minecraft@1.20.1)
1758:             6             96  net.minecraft.util.datafix.schemas.V702$$Lambda$1889/0x000000080083b288 (minecraft@1.20.1)
1759:             6             96  net.minecraft.util.datafix.schemas.V99$$Lambda$1816/0x0000000800820db0 (minecraft@1.20.1)
1760:             6             96  net.minecraft.util.valueproviders.IntProviderType$$Lambda$2918/0x0000000800a56b18 (minecraft@1.20.1)
1761:             2             96  net.minecraft.world.effect.AttackDamageMobEffect (minecraft@1.20.1)
1762:             6             96  net.minecraft.world.item.MobBucketItem$$Lambda$2594/0x00000008009dad38 (minecraft@1.20.1)
1763:             6             96  net.minecraft.world.item.MobBucketItem$$Lambda$2595/0x00000008009daf60 (minecraft@1.20.1)
1764:             6             96  net.minecraft.world.item.MobBucketItem$$Lambda$2596/0x00000008009db188 (minecraft@1.20.1)
1765:             4             96  net.minecraft.world.item.crafting.SimpleCookingSerializer (minecraft@1.20.1)
1766:             3             96  net.minecraft.world.item.enchantment.DamageEnchantment (minecraft@1.20.1)
1767:             4             96  net.minecraft.world.item.enchantment.Enchantment$Rarity (minecraft@1.20.1)
1768:             3             96  net.minecraft.world.item.enchantment.LootBonusEnchantment (minecraft@1.20.1)
1769:             4             96  net.minecraft.world.level.block.Blocks$$Lambda$1530/0x0000000800731d78 (minecraft@1.20.1)
1770:             1             96  net.minecraft.world.level.block.CarvedPumpkinBlock (minecraft@1.20.1)
1771:             1             96  net.minecraft.world.level.block.CaveVinesBlock (minecraft@1.20.1)
1772:             1             96  net.minecraft.world.level.block.EquipableCarvedPumpkinBlock (minecraft@1.20.1)
1773:             1             96  net.minecraft.world.level.block.FireBlock (minecraft@1.20.1)
1774:             1             96  net.minecraft.world.level.block.KelpBlock (minecraft@1.20.1)
1775:             1             96  net.minecraft.world.level.block.SculkVeinBlock (minecraft@1.20.1)
1776:             1             96  net.minecraft.world.level.block.TwistingVinesBlock (minecraft@1.20.1)
1777:             4             96  net.minecraft.world.level.block.WeatheringCopper$WeatherState (minecraft@1.20.1)
1778:             1             96  net.minecraft.world.level.block.WeepingVinesBlock (minecraft@1.20.1)
1779:             4             96  net.minecraft.world.level.block.state.properties.BellAttachType (minecraft@1.20.1)
1780:             6             96  net.minecraft.world.level.levelgen.heightproviders.HeightProviderType$$Lambda$2994/0x0000000800a68b40 (minecraft@1.20.1)
1781:             6             96  net.minecraft.world.level.levelgen.structure.templatesystem.RuleTestType$$Lambda$2740/0x0000000800a0baf8 (minecraft@1.20.1)
1782:             4             96  net.minecraftforge.accesstransformer.AccessTransformer$FinalState (accesstransformers@8.0.4)
1783:             4             96  net.minecraftforge.accesstransformer.AccessTransformer$Modifier (accesstransformers@8.0.4)
1784:             4             96  net.minecraftforge.fml.earlydisplay.ColourScheme$Colour (fmlearlydisplay@1.20.1-47.4.13)
1785:             3             96  net.minecraftforge.fml.earlydisplay.SimpleBufferBuilder$Element (fmlearlydisplay@1.20.1-47.4.13)
1786:             4             96  net.minecraftforge.fml.loading.progress.Message$MessageType (fmlloader@1.20.1-47.4.13)
1787:             4             96  net.minecraftforge.forgespi.locating.IModFile$Type (net.minecraftforge.forgespi@7.0.1)
1788:             3             96  net.minecraftforge.installer.HashFunction
1789:             3             96  net.minecraftforge.registries.RegistryManager (forge@47.4.13)
1790:             4             96  net.minecrell.terminalconsole.util.LoggerNamePatternSelector$LoggerNameSelector (terminalconsoleappender@1.2.0)
1791:             3             96  org.antlr.v4.runtime.VocabularyImpl (org.antlr.antlr4.runtime@4.9.1)
1792:             2             96  org.apache.logging.log4j.core.appender.rolling.RollingFileManager$EmptyQueue (org.apache.logging.log4j.core@2.19.0)
1793:             4             96  org.apache.logging.log4j.core.config.AppenderRef (org.apache.logging.log4j.core@2.19.0)
1794:             4             96  org.apache.logging.log4j.core.jmx.AppenderAdmin (org.apache.logging.log4j.core@2.19.0)
1795:             4             96  org.apache.logging.log4j.core.jmx.LoggerConfigAdmin (org.apache.logging.log4j.core@2.19.0)
1796:             2             96  org.apache.logging.log4j.core.lookup.RuntimeStrSubstitutor (org.apache.logging.log4j.core@2.19.0)
1797:             4             96  org.apache.logging.log4j.core.pattern.MarkerSimpleNamePatternConverter (org.apache.logging.log4j.core@2.19.0)
1798:             4             96  org.apache.logging.log4j.core.pattern.NameAbbreviator$MaxElementAbbreviator (org.apache.logging.log4j.core@2.19.0)
1799:             3             96  org.apache.logging.log4j.core.util.Log4jThreadFactory (org.apache.logging.log4j.core@2.19.0)
1800:             3             96  org.apache.logging.log4j.core.util.datetime.FastDatePrinter (org.apache.logging.log4j.core@2.19.0)
1801:             3             96  org.apache.logging.log4j.core.util.datetime.FixedDateFormat$FixedTimeZoneFormat (org.apache.logging.log4j.core@2.19.0)
1802:             4             96  org.lwjgl.system.Platform$Architecture (org.lwjgl@3.3.1+7)
1803:             3             96  org.objectweb.asm.tree.InnerClassNode (org.objectweb.asm.tree@9.8)
1804:             3             96  org.openjdk.nashorn.internal.ir.LiteralNode$BooleanLiteralNode (org.openjdk.nashorn)
1805:             3             96  org.openjdk.nashorn.internal.ir.LiteralNode$NullLiteralNode (org.openjdk.nashorn)
1806:             4             96  org.openjdk.nashorn.internal.runtime.GlobalConstants (org.openjdk.nashorn)
1807:             1             96  org.openjdk.nashorn.internal.runtime.StructureLoader (org.openjdk.nashorn)
1808:             4             96  org.openjdk.nashorn.internal.runtime.arrays.NonExtensibleArrayFilter (org.openjdk.nashorn)
1809:             4             96  org.spongepowered.asm.mixin.MixinEnvironment$Option$Inherit (org.spongepowered.mixin)
1810:             4             96  org.spongepowered.asm.mixin.MixinEnvironment$Phase (org.spongepowered.mixin)
1811:             4             96  org.spongepowered.asm.mixin.transformer.MixinCoprocessor$ProcessResult (org.spongepowered.mixin)
1812:             4             96  org.spongepowered.asm.service.modlauncher.LoggerAdapterLog4j2 (org.spongepowered.mixin)
1813:             3             96  sun.nio.fs.NativeBuffer (java.base@17.0.15)
1814:             3             96  sun.util.locale.provider.LocaleResources (java.base@17.0.15)
1815:             1             88  [Ljava.util.concurrent.ConcurrentMap; (java.base@17.0.15)
1816:             3             88  [Lnet.minecraft.world.level.block.MultifaceSpreader$SpreadType; (minecraft@1.20.1)
1817:             3             88  [Lorg.apache.logging.log4j.core.pattern.FormattingInfo; (org.apache.logging.log4j.core@2.19.0)
1818:             1             88  [Lorg.openjdk.nashorn.internal.ir.RuntimeNode$Request; (org.openjdk.nashorn)
1819:             1             88  com.google.gson.Gson
1820:             1             88  net.minecraft.world.level.block.CaveVinesPlantBlock (minecraft@1.20.1)
1821:             1             88  net.minecraft.world.level.block.GlowLichenBlock (minecraft@1.20.1)
1822:             1             88  net.minecraft.world.level.block.KelpPlantBlock (minecraft@1.20.1)
1823:             1             88  net.minecraft.world.level.block.LayeredCauldronBlock (minecraft@1.20.1)
1824:             1             88  net.minecraft.world.level.block.PowderSnowCauldronBlock (minecraft@1.20.1)
1825:             1             88  net.minecraft.world.level.block.TwistingVinesPlantBlock (minecraft@1.20.1)
1826:             1             88  net.minecraft.world.level.block.WeepingVinesPlantBlock (minecraft@1.20.1)
1827:             1             88  net.minecraft.world.level.block.WitherRoseBlock (minecraft@1.20.1)
1828:             1             88  org.objectweb.asm.Context (org.objectweb.asm@9.8)
1829:             1             88  org.openjdk.nashorn.internal.scripts.JO12 (org.openjdk.nashorn.structures)
1830:             2             80  [Ljava.lang.OutOfMemoryError; (java.base@17.0.15)
1831:             1             80  [Ljava.time.temporal.ChronoUnit; (java.base@17.0.15)
1832:             1             80  [Ljava.util.concurrent.RunnableScheduledFuture; (java.base@17.0.15)
1833:             2             80  [Ljava.util.stream.StreamOpFlag$Type; (java.base@17.0.15)
1834:             2             80  [Lnet.minecraft.client.telemetry.TelemetryProperty$GameMode; (minecraft@1.20.1)
1835:             2             80  [Lnet.minecraft.world.level.block.state.properties.DripstoneThickness; (minecraft@1.20.1)
1836:             2             80  [Lnet.minecraft.world.level.block.state.properties.StairsShape; (minecraft@1.20.1)
1837:             1             80  [Lnet.minecraft.world.phys.Vec3; (minecraft@1.20.1)
1838:             4             80  [Lorg.apache.logging.log4j.core.config.AppenderRef; (org.apache.logging.log4j.core@2.19.0)
1839:             2             80  [Lsun.security.jca.ProviderConfig; (java.base@17.0.15)
1840:             1             80  [[Lorg.antlr.v4.runtime.atn.ATNConfig; (org.antlr.antlr4.runtime@4.9.1)
1841:             5             80  com.google.common.base.CharMatcher$Is (com.google.common@31.1-jre)
1842:             5             80  com.google.common.base.Splitter$1 (com.google.common@31.1-jre)
1843:             2             80  com.google.common.base.Stopwatch (com.google.common@31.1-jre)
1844:             5             80  com.google.gson.internal.$Gson$Types$GenericArrayTypeImpl
1845:             2             80  com.sun.jmx.mbeanserver.DefaultMXBeanMappingFactory$TabularMapping (java.management@17.0.15)
1846:             2             80  java.io.PrintStream (java.base@17.0.15)
1847:             2             80  java.lang.invoke.BoundMethodHandle$Species_D (java.base@17.0.15)
1848:             2             80  java.lang.invoke.VarHandleLongs$FieldInstanceReadWrite (java.base@17.0.15)
1849:             2             80  java.time.format.DateTimeFormatterBuilder$FractionPrinterParser (java.base@17.0.15)
1850:             2             80  java.time.zone.ZoneRules (java.base@17.0.15)
1851:             2             80  java.util.Locale$Category (java.base@17.0.15)
1852:             1             80  jdk.internal.event.X509CertificateEvent (java.base@17.0.15)
1853:             1             80  jdk.internal.icu.impl.NormalizerImpl (java.base@17.0.15)
1854:             2             80  jdk.internal.loader.URLClassPath (java.base@17.0.15)
1855:             5             80  jdk.proxy1.$Proxy0 (jdk.proxy1)
1856:             5             80  jdk.proxy1.$Proxy8 (jdk.proxy1)
1857:             5             80  jdk.proxy1.$Proxy9 (jdk.proxy1)
1858:             5             80  jdk.proxy2.$Proxy16 (jdk.proxy2)
1859:             2             80  joptsimple.OptionalArgumentOptionSpec (jopt.simple@5.0.4)
1860:             2             80  net.minecraft.util.datafix.fixes.BlockEntitySignDoubleSidedEditableTextFix (minecraft@1.20.1)
1861:             2             80  net.minecraft.util.datafix.fixes.CriteriaRenameFix (minecraft@1.20.1)
1862:             2             80  net.minecraft.util.datafix.fixes.GossipUUIDFix (minecraft@1.20.1)
1863:             2             80  net.minecraft.util.datafix.fixes.VillagerDataFix (minecraft@1.20.1)
1864:             5             80  net.minecraft.util.datafix.schemas.V700$$Lambda$1885/0x000000080083a498 (minecraft@1.20.1)
1865:             1             80  net.minecraft.world.level.block.AmethystBlock (minecraft@1.20.1)
1866:             1             80  net.minecraft.world.level.block.BambooSaplingBlock (minecraft@1.20.1)
1867:             1             80  net.minecraft.world.level.block.BambooStalkBlock (minecraft@1.20.1)
1868:             1             80  net.minecraft.world.level.block.BarrelBlock (minecraft@1.20.1)
1869:             1             80  net.minecraft.world.level.block.BarrierBlock (minecraft@1.20.1)
1870:             1             80  net.minecraft.world.level.block.BeaconBlock (minecraft@1.20.1)
1871:             1             80  net.minecraft.world.level.block.BeetrootBlock (minecraft@1.20.1)
1872:             1             80  net.minecraft.world.level.block.BellBlock (minecraft@1.20.1)
1873:             1             80  net.minecraft.world.level.block.BigDripleafBlock (minecraft@1.20.1)
1874:             1             80  net.minecraft.world.level.block.BigDripleafStemBlock (minecraft@1.20.1)
1875:             1             80  net.minecraft.world.level.block.BlastFurnaceBlock (minecraft@1.20.1)
1876:             1             80  net.minecraft.world.level.block.BrewingStandBlock (minecraft@1.20.1)
1877:             1             80  net.minecraft.world.level.block.BubbleColumnBlock (minecraft@1.20.1)
1878:             1             80  net.minecraft.world.level.block.BuddingAmethystBlock (minecraft@1.20.1)
1879:             1             80  net.minecraft.world.level.block.CactusBlock (minecraft@1.20.1)
1880:             1             80  net.minecraft.world.level.block.CakeBlock (minecraft@1.20.1)
1881:             1             80  net.minecraft.world.level.block.CalibratedSculkSensorBlock (minecraft@1.20.1)
1882:             1             80  net.minecraft.world.level.block.CarpetBlock (minecraft@1.20.1)
1883:             1             80  net.minecraft.world.level.block.CarrotBlock (minecraft@1.20.1)
1884:             1             80  net.minecraft.world.level.block.CartographyTableBlock (minecraft@1.20.1)
1885:             1             80  net.minecraft.world.level.block.CauldronBlock (minecraft@1.20.1)
1886:             1             80  net.minecraft.world.level.block.ChainBlock (minecraft@1.20.1)
1887:             1             80  net.minecraft.world.level.block.CherryLeavesBlock (minecraft@1.20.1)
1888:             1             80  net.minecraft.world.level.block.ChestBlock (minecraft@1.20.1)
1889:             1             80  net.minecraft.world.level.block.ChiseledBookShelfBlock (minecraft@1.20.1)
1890:             1             80  net.minecraft.world.level.block.ChorusFlowerBlock (minecraft@1.20.1)
1891:             1             80  net.minecraft.world.level.block.ChorusPlantBlock (minecraft@1.20.1)
1892:             1             80  net.minecraft.world.level.block.CocoaBlock (minecraft@1.20.1)
1893:             1             80  net.minecraft.world.level.block.ComparatorBlock (minecraft@1.20.1)
1894:             1             80  net.minecraft.world.level.block.ComposterBlock (minecraft@1.20.1)
1895:             1             80  net.minecraft.world.level.block.ConduitBlock (minecraft@1.20.1)
1896:             1             80  net.minecraft.world.level.block.CraftingTableBlock (minecraft@1.20.1)
1897:             1             80  net.minecraft.world.level.block.CropBlock (minecraft@1.20.1)
1898:             1             80  net.minecraft.world.level.block.CryingObsidianBlock (minecraft@1.20.1)
1899:             1             80  net.minecraft.world.level.block.DaylightDetectorBlock (minecraft@1.20.1)
1900:             1             80  net.minecraft.world.level.block.DeadBushBlock (minecraft@1.20.1)
1901:             1             80  net.minecraft.world.level.block.DecoratedPotBlock (minecraft@1.20.1)
1902:             1             80  net.minecraft.world.level.block.DetectorRailBlock (minecraft@1.20.1)
1903:             1             80  net.minecraft.world.level.block.DirtPathBlock (minecraft@1.20.1)
1904:             1             80  net.minecraft.world.level.block.DispenserBlock (minecraft@1.20.1)
1905:             1             80  net.minecraft.world.level.block.DragonEggBlock (minecraft@1.20.1)
1906:             1             80  net.minecraft.world.level.block.DropperBlock (minecraft@1.20.1)
1907:             1             80  net.minecraft.world.level.block.EnchantmentTableBlock (minecraft@1.20.1)
1908:             1             80  net.minecraft.world.level.block.EndGatewayBlock (minecraft@1.20.1)
1909:             1             80  net.minecraft.world.level.block.EndPortalBlock (minecraft@1.20.1)
1910:             1             80  net.minecraft.world.level.block.EndPortalFrameBlock (minecraft@1.20.1)
1911:             1             80  net.minecraft.world.level.block.EndRodBlock (minecraft@1.20.1)
1912:             1             80  net.minecraft.world.level.block.EnderChestBlock (minecraft@1.20.1)
1913:             1             80  net.minecraft.world.level.block.FarmBlock (minecraft@1.20.1)
1914:             1             80  net.minecraft.world.level.block.FletchingTableBlock (minecraft@1.20.1)
1915:             1             80  net.minecraft.world.level.block.FrogspawnBlock (minecraft@1.20.1)
1916:             1             80  net.minecraft.world.level.block.FrostedIceBlock (minecraft@1.20.1)
1917:             1             80  net.minecraft.world.level.block.FurnaceBlock (minecraft@1.20.1)
1918:             1             80  net.minecraft.world.level.block.GlassBlock (minecraft@1.20.1)
1919:             1             80  net.minecraft.world.level.block.GrassBlock (minecraft@1.20.1)
1920:             1             80  net.minecraft.world.level.block.GravelBlock (minecraft@1.20.1)
1921:             1             80  net.minecraft.world.level.block.GrindstoneBlock (minecraft@1.20.1)
1922:             1             80  net.minecraft.world.level.block.HalfTransparentBlock (minecraft@1.20.1)
1923:             1             80  net.minecraft.world.level.block.HangingRootsBlock (minecraft@1.20.1)
1924:             1             80  net.minecraft.world.level.block.HayBlock (minecraft@1.20.1)
1925:             1             80  net.minecraft.world.level.block.HoneyBlock (minecraft@1.20.1)
1926:             1             80  net.minecraft.world.level.block.HopperBlock (minecraft@1.20.1)
1927:             1             80  net.minecraft.world.level.block.IceBlock (minecraft@1.20.1)
1928:             1             80  net.minecraft.world.level.block.InfestedRotatedPillarBlock (minecraft@1.20.1)
1929:             1             80  net.minecraft.world.level.block.JigsawBlock (minecraft@1.20.1)
1930:             1             80  net.minecraft.world.level.block.JukeboxBlock (minecraft@1.20.1)
1931:             1             80  net.minecraft.world.level.block.LadderBlock (minecraft@1.20.1)
1932:             1             80  net.minecraft.world.level.block.LavaCauldronBlock (minecraft@1.20.1)
1933:             1             80  net.minecraft.world.level.block.LecternBlock (minecraft@1.20.1)
1934:             1             80  net.minecraft.world.level.block.LeverBlock (minecraft@1.20.1)
1935:             1             80  net.minecraft.world.level.block.LightBlock (minecraft@1.20.1)
1936:             1             80  net.minecraft.world.level.block.LightningRodBlock (minecraft@1.20.1)
1937:             1             80  net.minecraft.world.level.block.LoomBlock (minecraft@1.20.1)
1938:             1             80  net.minecraft.world.level.block.MagmaBlock (minecraft@1.20.1)
1939:             1             80  net.minecraft.world.level.block.MangroveLeavesBlock (minecraft@1.20.1)
1940:             1             80  net.minecraft.world.level.block.MangrovePropaguleBlock (minecraft@1.20.1)
1941:             1             80  net.minecraft.world.level.block.MangroveRootsBlock (minecraft@1.20.1)
1942:             1             80  net.minecraft.world.level.block.MelonBlock (minecraft@1.20.1)
1943:             1             80  net.minecraft.world.level.block.MossBlock (minecraft@1.20.1)
1944:             1             80  net.minecraft.world.level.block.MudBlock (minecraft@1.20.1)
1945:             1             80  net.minecraft.world.level.block.MyceliumBlock (minecraft@1.20.1)
1946:             1             80  net.minecraft.world.level.block.NetherPortalBlock (minecraft@1.20.1)
1947:             1             80  net.minecraft.world.level.block.NetherSproutsBlock (minecraft@1.20.1)
1948:             1             80  net.minecraft.world.level.block.NetherWartBlock (minecraft@1.20.1)
1949:             1             80  net.minecraft.world.level.block.NetherrackBlock (minecraft@1.20.1)
1950:             1             80  net.minecraft.world.level.block.NoteBlock (minecraft@1.20.1)
1951:             1             80  net.minecraft.world.level.block.ObserverBlock (minecraft@1.20.1)
1952:             1             80  net.minecraft.world.level.block.PiglinWallSkullBlock (minecraft@1.20.1)
1953:             1             80  net.minecraft.world.level.block.PinkPetalsBlock (minecraft@1.20.1)
1954:             1             80  net.minecraft.world.level.block.PitcherCropBlock (minecraft@1.20.1)
1955:             1             80  net.minecraft.world.level.block.PlayerHeadBlock (minecraft@1.20.1)
1956:             1             80  net.minecraft.world.level.block.PlayerWallHeadBlock (minecraft@1.20.1)
1957:             1             80  net.minecraft.world.level.block.PointedDripstoneBlock (minecraft@1.20.1)
1958:             1             80  net.minecraft.world.level.block.PotatoBlock (minecraft@1.20.1)
1959:             1             80  net.minecraft.world.level.block.PowderSnowBlock (minecraft@1.20.1)
1960:             1             80  net.minecraft.world.level.block.PoweredBlock (minecraft@1.20.1)
1961:             1             80  net.minecraft.world.level.block.PumpkinBlock (minecraft@1.20.1)
1962:             1             80  net.minecraft.world.level.block.RailBlock (minecraft@1.20.1)
1963:             1             80  net.minecraft.world.level.block.RedStoneWireBlock (minecraft@1.20.1)
1964:             1             80  net.minecraft.world.level.block.RedstoneLampBlock (minecraft@1.20.1)
1965:             1             80  net.minecraft.world.level.block.RedstoneTorchBlock (minecraft@1.20.1)
1966:             1             80  net.minecraft.world.level.block.RedstoneWallTorchBlock (minecraft@1.20.1)
1967:             1             80  net.minecraft.world.level.block.RepeaterBlock (minecraft@1.20.1)
1968:             1             80  net.minecraft.world.level.block.RespawnAnchorBlock (minecraft@1.20.1)
1969:             1             80  net.minecraft.world.level.block.RootedDirtBlock (minecraft@1.20.1)
1970:             1             80  net.minecraft.world.level.block.ScaffoldingBlock (minecraft@1.20.1)
1971:             1             80  net.minecraft.world.level.block.SculkBlock (minecraft@1.20.1)
1972:             1             80  net.minecraft.world.level.block.SculkCatalystBlock (minecraft@1.20.1)
1973:             1             80  net.minecraft.world.level.block.SculkSensorBlock (minecraft@1.20.1)
1974:             1             80  net.minecraft.world.level.block.SculkShriekerBlock (minecraft@1.20.1)
1975:             1             80  net.minecraft.world.level.block.SeaPickleBlock (minecraft@1.20.1)
1976:             1             80  net.minecraft.world.level.block.SeagrassBlock (minecraft@1.20.1)
1977:             1             80  net.minecraft.world.level.block.SlimeBlock (minecraft@1.20.1)
1978:             1             80  net.minecraft.world.level.block.SmallDripleafBlock (minecraft@1.20.1)
1979:             1             80  net.minecraft.world.level.block.SmithingTableBlock (minecraft@1.20.1)
1980:             1             80  net.minecraft.world.level.block.SmokerBlock (minecraft@1.20.1)
1981:             1             80  net.minecraft.world.level.block.SnifferEggBlock (minecraft@1.20.1)
1982:             1             80  net.minecraft.world.level.block.SnowLayerBlock (minecraft@1.20.1)
1983:             1             80  net.minecraft.world.level.block.SnowyDirtBlock (minecraft@1.20.1)
1984:             1             80  net.minecraft.world.level.block.SoulFireBlock (minecraft@1.20.1)
1985:             1             80  net.minecraft.world.level.block.SoulSandBlock (minecraft@1.20.1)
1986:             1             80  net.minecraft.world.level.block.SpawnerBlock (minecraft@1.20.1)
1987:             1             80  net.minecraft.world.level.block.SpongeBlock (minecraft@1.20.1)
1988:             1             80  net.minecraft.world.level.block.SporeBlossomBlock (minecraft@1.20.1)
1989:             1             80  net.minecraft.world.level.block.StonecutterBlock (minecraft@1.20.1)
1990:             1             80  net.minecraft.world.level.block.StructureBlock (minecraft@1.20.1)
1991:             1             80  net.minecraft.world.level.block.StructureVoidBlock (minecraft@1.20.1)
1992:             1             80  net.minecraft.world.level.block.SugarCaneBlock (minecraft@1.20.1)
1993:             1             80  net.minecraft.world.level.block.SweetBerryBushBlock (minecraft@1.20.1)
1994:             1             80  net.minecraft.world.level.block.TallSeagrassBlock (minecraft@1.20.1)
1995:             1             80  net.minecraft.world.level.block.TargetBlock (minecraft@1.20.1)
1996:             1             80  net.minecraft.world.level.block.TintedGlassBlock (minecraft@1.20.1)
1997:             1             80  net.minecraft.world.level.block.TntBlock (minecraft@1.20.1)
1998:             1             80  net.minecraft.world.level.block.TorchflowerCropBlock (minecraft@1.20.1)
1999:             1             80  net.minecraft.world.level.block.TrappedChestBlock (minecraft@1.20.1)
2000:             1             80  net.minecraft.world.level.block.TripWireBlock (minecraft@1.20.1)
2001:             1             80  net.minecraft.world.level.block.TripWireHookBlock (minecraft@1.20.1)
2002:             1             80  net.minecraft.world.level.block.TurtleEggBlock (minecraft@1.20.1)
2003:             1             80  net.minecraft.world.level.block.VineBlock (minecraft@1.20.1)
2004:             1             80  net.minecraft.world.level.block.WaterlilyBlock (minecraft@1.20.1)
2005:             1             80  net.minecraft.world.level.block.WebBlock (minecraft@1.20.1)
2006:             1             80  net.minecraft.world.level.block.WetSpongeBlock (minecraft@1.20.1)
2007:             1             80  net.minecraft.world.level.block.WitherSkullBlock (minecraft@1.20.1)
2008:             1             80  net.minecraft.world.level.block.WitherWallSkullBlock (minecraft@1.20.1)
2009:             1             80  net.minecraft.world.level.block.piston.MovingPistonBlock (minecraft@1.20.1)
2010:             1             80  net.minecraft.world.level.block.piston.PistonHeadBlock (minecraft@1.20.1)
2011:             1             80  net.minecraftforge.eventbus.ClassLoaderFactory$ASMClassLoader (net.minecraftforge.eventbus)
2012:             1             80  net.minecraftforge.fml.loading.FMLServiceProvider (fmlloader@1.20.1-47.4.13)
2013:             5             80  org.apache.commons.lang3.text.StrMatcher$CharMatcher (org.apache.commons.lang3@3.12.0)
2014:             2             80  org.apache.logging.log4j.core.appender.rolling.DefaultRolloverStrategy (org.apache.logging.log4j.core@2.19.0)
2015:             5             80  org.apache.logging.log4j.core.config.AppenderControlArraySet (org.apache.logging.log4j.core@2.19.0)
2016:             5             80  org.apache.logging.log4j.core.lookup.StrMatcher$CharMatcher (org.apache.logging.log4j.core@2.19.0)
2017:             2             80  org.apache.logging.log4j.core.util.WatchManager (org.apache.logging.log4j.core@2.19.0)
2018:             2             80  org.lwjgl.system.MemoryStack (org.lwjgl@3.3.1+7)
2019:             1             80  org.openjdk.nashorn.internal.scripts.JO8P0 (org.openjdk.nashorn.structures)
2020:             1             80  org.openjdk.nashorn.internal.scripts.JO9P0 (org.openjdk.nashorn.structures)
2021:             2             80  org.spongepowered.asm.mixin.injection.selectors.TargetSelector$DynamicSelectorEntry (org.spongepowered.mixin)
2022:             2             80  org.spongepowered.asm.mixin.transformer.MixinConfig$InjectorOptions (org.spongepowered.mixin)
2023:             2             80  sun.management.MemoryManagerImpl (java.management@17.0.15)
2024:             2             80  sun.security.util.MemoryCache (java.base@17.0.15)
2025:             1             80  sun.util.cldr.CLDRLocaleProviderAdapter (java.base@17.0.15)
2026:             1             80  sun.util.locale.provider.JRELocaleProviderAdapter (java.base@17.0.15)
2027:             1             72  [Lcom.llamalad7.mixinextras.service.MixinExtrasVersion; (MixinExtras@0.5.3)
2028:             1             72  [Ljavax.management.openmbean.SimpleType; (java.management@17.0.15)
2029:             3             72  [Lnet.minecraft.world.effect.MobEffectInstance; (minecraft@1.20.1)
2030:             1             72  [Lnet.minecraft.world.item.enchantment.EnchantmentCategory; (minecraft@1.20.1)
2031:             1             72  [Lnet.minecraftforge.fml.loading.FMLConfig$ConfigValue; (fmlloader@1.20.1-47.4.13)
2032:             2             72  [Lorg.apache.logging.log4j.core.pattern.ArrayPatternConverter; (org.apache.logging.log4j.core@2.19.0)
2033:             1             72  [Lorg.spongepowered.asm.mixin.MixinEnvironment$CompatibilityLevel; (org.spongepowered.mixin)
2034:             1             72  [Loshi.PlatformEnum; (com.github.oshi@6.2.2)
2035:             3             72  com.electronwill.nightconfig.core.SimpleConfig (com.electronwill.nightconfig.core@3.6.4)
2036:             3             72  com.google.gson.internal.bind.ArrayTypeAdapter
2037:             3             72  com.llamalad7.mixinextras.service.Versioned (MixinExtras@0.5.3)
2038:             3             72  cpw.mods.modlauncher.api.INameMappingService$Domain (cpw.mods.modlauncher@10.0.9)
2039:             3             72  cpw.mods.modlauncher.api.ITransformerActivity$Type (cpw.mods.modlauncher@10.0.9)
2040:             3             72  java.lang.ProcessImpl$LaunchMechanism (java.base@17.0.15)
2041:             3             72  java.lang.StackStreamFactory$WalkerState (java.base@17.0.15)
2042:             3             72  java.lang.StackWalker$Option (java.base@17.0.15)
2043:             3             72  java.lang.WeakPairMap (java.base@17.0.15)
2044:             3             72  java.lang.annotation.RetentionPolicy (java.base@17.0.15)
2045:             3             72  java.lang.invoke.MethodHandleImpl$ArrayAccess (java.base@17.0.15)
2046:             3             72  java.lang.invoke.VarHandle$VarHandleDesc$Kind (java.base@17.0.15)
2047:             3             72  java.net.Proxy$Type (java.base@17.0.15)
2048:             3             72  java.nio.file.AccessMode (java.base@17.0.15)
2049:             3             72  java.nio.file.FileTreeWalker$EventType (java.base@17.0.15)
2050:             3             72  java.nio.file.StandardCopyOption (java.base@17.0.15)
2051:             3             72  java.security.SecurityPermission (java.base@17.0.15)
2052:             3             72  java.time.format.ResolverStyle (java.base@17.0.15)
2053:             3             72  java.time.zone.ZoneOffsetTransitionRule$TimeDefinition (java.base@17.0.15)
2054:             3             72  java.util.Collections$3 (java.base@17.0.15)
2055:             3             72  java.util.concurrent.ConcurrentLinkedDeque$Node (java.base@17.0.15)
2056:             3             72  java.util.concurrent.Executors$DefaultThreadFactory (java.base@17.0.15)
2057:             1             72  java.util.concurrent.ScheduledThreadPoolExecutor (java.base@17.0.15)
2058:             3             72  java.util.logging.Logger$LoggerBundle (java.logging@17.0.15)
2059:             3             72  java.util.regex.Pattern$CharPredicate$$Lambda$1170/0x00000008002f8438 (java.base@17.0.15)
2060:             3             72  java.util.regex.Pattern$Prolog (java.base@17.0.15)
2061:             3             72  java.util.stream.Collector$Characteristics (java.base@17.0.15)
2062:             3             72  java.util.stream.MatchOps$MatchKind (java.base@17.0.15)
2063:             3             72  jdk.dynalink.BiClassValue$RetentionDirection (jdk.dynalink@17.0.15)
2064:             3             72  jdk.dynalink.StandardNamespace (jdk.dynalink@17.0.15)
2065:             3             72  jdk.internal.icu.util.CodePointTrie$ValueWidth (java.base@17.0.15)
2066:             3             72  jdk.internal.math.FloatingDecimal$ExceptionalBinaryToASCIIBuffer (java.base@17.0.15)
2067:             3             72  jdk.internal.misc.Signal (java.base@17.0.15)
2068:             3             72  net.fabricmc.loader.api.metadata.ModOrigin$Kind (net.fabricmc.loader@2.6.0+0.15.0+1.20.1-full)
2069:             3             72  net.minecraft.client.User$Type (minecraft@1.20.1)
2070:             3             72  net.minecraft.client.telemetry.TelemetryProperty$ServerType (minecraft@1.20.1)
2071:             3             72  net.minecraft.resources.HolderSetCodec$$Lambda$3027/0x0000000800a70000 (minecraft@1.20.1)
2072:             3             72  net.minecraft.util.ByIdMap$OutOfBoundsStrategy (minecraft@1.20.1)
2073:             3             72  net.minecraft.util.ExtraCodecs$EitherCodec (minecraft@1.20.1)
2074:             3             72  net.minecraft.util.datafix.fixes.ItemStackTagFix$$Lambda$2298/0x00000008008ac8e8 (minecraft@1.20.1)
2075:             3             72  net.minecraft.util.valueproviders.IntProvider$$Lambda$1515/0x0000000800733220 (minecraft@1.20.1)
2076:             3             72  net.minecraft.world.effect.MobEffectCategory (minecraft@1.20.1)
2077:             3             72  net.minecraft.world.entity.ai.attributes.AttributeModifier$Operation (minecraft@1.20.1)
2078:             3             72  net.minecraft.world.flag.FeatureFlagSet (minecraft@1.20.1)
2079:             3             72  net.minecraft.world.level.block.state.BlockBehaviour$OffsetType (minecraft@1.20.1)
2080:             3             72  net.minecraft.world.level.block.state.properties.AttachFace (minecraft@1.20.1)
2081:             3             72  net.minecraft.world.level.block.state.properties.BambooLeaves (minecraft@1.20.1)
2082:             3             72  net.minecraft.world.level.block.state.properties.ChestType (minecraft@1.20.1)
2083:             3             72  net.minecraft.world.level.block.state.properties.NoteBlockInstrument$Type (minecraft@1.20.1)
2084:             3             72  net.minecraft.world.level.block.state.properties.RedstoneSide (minecraft@1.20.1)
2085:             3             72  net.minecraft.world.level.block.state.properties.SculkSensorPhase (minecraft@1.20.1)
2086:             3             72  net.minecraft.world.level.block.state.properties.SlabType (minecraft@1.20.1)
2087:             3             72  net.minecraft.world.level.block.state.properties.WallSide (minecraft@1.20.1)
2088:             3             72  net.minecraft.world.level.levelgen.Heightmap$Usage (minecraft@1.20.1)
2089:             3             72  net.minecraft.world.level.pathfinder.PathComputationType (minecraft@1.20.1)
2090:             3             72  net.minecraft.world.phys.shapes.OffsetDoubleList (minecraft@1.20.1)
2091:             3             72  net.minecraftforge.accesstransformer.TargetType (accesstransformers@8.0.4)
2092:             3             72  net.minecraftforge.fml.earlydisplay.ElementShader$RenderType (fmlearlydisplay@1.20.1-47.4.13)
2093:             3             72  net.minecraftforge.forgespi.language.IModInfo$DependencySide (net.minecraftforge.forgespi@7.0.1)
2094:             3             72  net.minecraftforge.forgespi.language.IModInfo$Ordering (net.minecraftforge.forgespi@7.0.1)
2095:             3             72  net.minecraftforge.installer.actions.ProgressCallback$MessagePriority
2096:             3             72  org.antlr.v4.runtime.CodePointBuffer$Type (org.antlr.antlr4.runtime@4.9.1)
2097:             3             72  org.antlr.v4.runtime.atn.PredictionMode (org.antlr.antlr4.runtime@4.9.1)
2098:             3             72  org.apache.commons.lang3.text.translate.JavaUnicodeEscaper (org.apache.commons.lang3@3.12.0)
2099:             3             72  org.apache.commons.lang3.text.translate.NumericEntityUnescaper$OPTION (org.apache.commons.lang3@3.12.0)
2100:             3             72  org.apache.logging.log4j.core.Filter$Result (org.apache.logging.log4j.core@2.19.0)
2101:             3             72  org.apache.logging.log4j.core.util.datetime.FastDateFormat (org.apache.logging.log4j.core@2.19.0)
2102:             3             72  org.apache.logging.log4j.core.util.datetime.FastDatePrinter$PaddedNumberField (org.apache.logging.log4j.core@2.19.0)
2103:             3             72  org.apache.logging.log4j.core.util.datetime.FormatCache$MultipartKey (org.apache.logging.log4j.core@2.19.0)
2104:             3             72  org.lwjgl.Version$BuildType (org.lwjgl@3.3.1+7)
2105:             3             72  org.lwjgl.system.libffi.FFICIF (org.lwjgl@3.3.1+7)
2106:             3             72  org.lwjgl.system.libffi.FFIClosure (org.lwjgl@3.3.1+7)
2107:             3             72  org.lwjgl.system.linux.LinuxLibrary (org.lwjgl@3.3.1+7)
2108:             3             72  org.openjdk.nashorn.internal.runtime.Context$FieldMode (org.openjdk.nashorn)
2109:             3             72  org.openjdk.nashorn.internal.runtime.ScriptEnvironment$AnonymousClasses (org.openjdk.nashorn)
2110:             3             72  org.openjdk.nashorn.internal.runtime.ScriptEnvironment$FunctionStatementBehavior (org.openjdk.nashorn)
2111:             1             72  org.openjdk.nashorn.internal.scripts.JO8 (org.openjdk.nashorn.structures)
2112:             3             72  org.prismlauncher.EntryPoint$PreLaunchAction
2113:             3             72  org.spongepowered.asm.launch.platform.IMixinPlatformAgent$AcceptResult (org.spongepowered.mixin)
2114:             1             72  org.spongepowered.asm.mixin.transformer.MixinProcessor (org.spongepowered.mixin)
2115:             3             72  org.spongepowered.asm.mixin.transformer.PluginHandle$CompatibilityMode (org.spongepowered.mixin)
2116:             3             72  sun.management.ManagementFactoryHelper$1 (java.management@17.0.15)
2117:             3             72  sun.nio.fs.NativeBuffer$Deallocator (java.base@17.0.15)
2118:             3             72  sun.security.provider.NativePRNG$Variant (java.base@17.0.15)
2119:             3             72  sun.security.x509.Extension (java.base@17.0.15)
2120:             2             64  [Lcpw.mods.modlauncher.TransformTargetLabel$LabelType; (cpw.mods.modlauncher@10.0.9)
2121:             2             64  [Lcpw.mods.modlauncher.api.ITransformer$TargetType; (cpw.mods.modlauncher@10.0.9)
2122:             2             64  [Ljava.lang.ProcessImpl$LaunchMechanism; (java.base@17.0.15)
2123:             2             64  [Ljava.lang.StackWalker$Option; (java.base@17.0.15)
2124:             2             64  [Ljava.lang.annotation.RetentionPolicy; (java.base@17.0.15)
2125:             1             64  [Ljava.lang.invoke.MethodHandleImpl$Intrinsic; (java.base@17.0.15)
2126:             2             64  [Ljava.lang.module.ModuleDescriptor$Requires$Modifier; (java.base@17.0.15)
2127:             2             64  [Ljava.nio.charset.CoderResult; (java.base@17.0.15)
2128:             2             64  [Ljava.util.stream.Collector$Characteristics; (java.base@17.0.15)
2129:             2             64  [Lnet.minecraft.client.telemetry.TelemetryProperty$ServerType; (minecraft@1.20.1)
2130:             1             64  [Lnet.minecraft.util.datafix.DataFixTypes; (minecraft@1.20.1)
2131:             2             64  [Lnet.minecraft.world.entity.ai.attributes.AttributeModifier$Operation; (minecraft@1.20.1)
2132:             2             64  [Lnet.minecraft.world.item.ArmorItem$Type; (minecraft@1.20.1)
2133:             2             64  [Lnet.minecraft.world.level.block.state.properties.AttachFace; (minecraft@1.20.1)
2134:             2             64  [Lnet.minecraft.world.level.block.state.properties.BambooLeaves; (minecraft@1.20.1)
2135:             2             64  [Lnet.minecraft.world.level.block.state.properties.BellAttachType; (minecraft@1.20.1)
2136:             2             64  [Lnet.minecraft.world.level.block.state.properties.ChestType; (minecraft@1.20.1)
2137:             2             64  [Lnet.minecraft.world.level.block.state.properties.RedstoneSide; (minecraft@1.20.1)
2138:             2             64  [Lnet.minecraft.world.level.block.state.properties.SculkSensorPhase; (minecraft@1.20.1)
2139:             2             64  [Lnet.minecraft.world.level.block.state.properties.SlabType; (minecraft@1.20.1)
2140:             2             64  [Lnet.minecraft.world.level.block.state.properties.StructureMode; (minecraft@1.20.1)
2141:             2             64  [Lnet.minecraft.world.level.block.state.properties.Tilt; (minecraft@1.20.1)
2142:             2             64  [Lnet.minecraft.world.level.block.state.properties.WallSide; (minecraft@1.20.1)
2143:             2             64  [Lnet.minecraftforge.fml.loading.progress.Message$MessageType; (fmlloader@1.20.1-47.4.13)
2144:             2             64  [Lnet.minecraftforge.forgespi.language.IModInfo$DependencySide; (net.minecraftforge.forgespi@7.0.1)
2145:             2             64  [Lnet.minecraftforge.forgespi.language.IModInfo$Ordering; (net.minecraftforge.forgespi@7.0.1)
2146:             2             64  [Lnet.minecraftforge.forgespi.locating.IModFile$Type; (net.minecraftforge.forgespi@7.0.1)
2147:             2             64  [Lorg.apache.commons.lang3.text.translate.NumericEntityUnescaper$OPTION; (org.apache.commons.lang3@3.12.0)
2148:             2             64  [Lorg.apache.logging.log4j.core.Filter$Result; (org.apache.logging.log4j.core@2.19.0)
2149:             3             64  [Lorg.apache.logging.log4j.core.pattern.NameAbbreviator$PatternAbbreviatorFragment; (org.apache.logging.log4j.core@2.19.0)
2150:             2             64  [Lsun.nio.fs.NativeBuffer; (java.base@17.0.15)
2151:             1             64  com.google.common.cache.CacheStats (com.google.common@31.1-jre)
2152:             4             64  com.google.common.cache.LocalCache$AccessQueue (com.google.common@31.1-jre)
2153:             2             64  com.google.common.collect.ImmutableEnumMap (com.google.common@31.1-jre)
2154:             4             64  com.google.gson.Gson$1 (com.google.gson@2.10)
2155:             4             64  com.google.gson.Gson$2 (com.google.gson@2.10)
2156:             4             64  com.google.gson.Gson$4 (com.google.gson@2.10)
2157:             4             64  com.google.gson.Gson$5 (com.google.gson@2.10)
2158:             4             64  com.google.gson.internal.ConstructorConstructor$18
2159:             4             64  com.google.gson.internal.bind.CollectionTypeAdapterFactory (com.google.gson@2.10)
2160:             4             64  com.google.gson.internal.bind.JsonAdapterAnnotationTypeAdapterFactory (com.google.gson@2.10)
2161:             1             64  com.llamalad7.mixinextras.service.MixinExtrasServiceImpl (MixinExtras@0.5.3)
2162:             2             64  com.llamalad7.mixinextras.utils.InternalMethod$$Lambda$989/0x0000000800534b40 (MixinExtras@0.5.3)
2163:             2             64  com.sun.org.apache.xerces.internal.utils.XMLSecurityPropertyManager$Property (java.xml@17.0.15)
2164:             2             64  io.github.zekerzhayard.forgewrapper.installer.util.ModuleUtil$TypeToAdd
2165:             1             64  it.unimi.dsi.fastutil.ints.Int2ObjectAVLTreeMap (it.unimi.dsi.fastutil@8.5.9)
2166:             1             64  it.unimi.dsi.fastutil.longs.Long2ObjectOpenHashMap (it.unimi.dsi.fastutil@8.5.9)
2167:             1             64  it.unimi.dsi.fastutil.objects.Object2FloatOpenHashMap (it.unimi.dsi.fastutil@8.5.9)
2168:             2             64  java.io.BufferedOutputStream (java.base@17.0.15)
2169:             2             64  java.io.FileOutputStream (java.base@17.0.15)
2170:             2             64  java.lang.ref.ReferenceQueue$Null (java.base@17.0.15)
2171:             2             64  java.nio.file.attribute.FileTime (java.base@17.0.15)
2172:             1             64  java.text.DateFormatSymbols (java.base@17.0.15)
2173:             2             64  java.time.format.DateTimeFormatterBuilder$TextPrinterParser (java.base@17.0.15)
2174:             2             64  java.time.temporal.IsoFields$Unit (java.base@17.0.15)
2175:             2             64  java.util.HexFormat (java.base@17.0.15)
2176:             2             64  java.util.concurrent.SynchronousQueue (java.base@17.0.15)
2177:             2             64  java.util.concurrent.locks.AbstractQueuedSynchronizer$SharedNode (java.base@17.0.15)
2178:             1             64  java.util.logging.LogManager$RootLogger (java.logging@17.0.15)
2179:             4             64  jdk.dynalink.TypeConverterFactory$$Lambda$835/0x0000000800405ce0 (jdk.dynalink@17.0.15)
2180:             4             64  jdk.dynalink.TypeConverterFactory$$Lambda$836/0x0000000800408250 (jdk.dynalink@17.0.15)
2181:             4             64  jdk.dynalink.TypeConverterFactory$$Lambda$837/0x0000000800408488 (jdk.dynalink@17.0.15)
2182:             4             64  jdk.dynalink.linker.support.CompositeGuardingDynamicLinker (jdk.dynalink@17.0.15)
2183:             4             64  jdk.dynalink.linker.support.CompositeTypeBasedGuardingDynamicLinker (jdk.dynalink@17.0.15)
2184:             4             64  jdk.proxy2.$Proxy10 (jdk.proxy2)
2185:             4             64  jdk.proxy2.$Proxy4 (jdk.proxy2)
2186:             2             64  joptsimple.OptionSet (jopt.simple@5.0.4)
2187:             2             64  joptsimple.internal.Rows (jopt.simple@5.0.4)
2188:             2             64  net.fabricmc.loader.impl.ModContainerImpl (net.fabricmc.loader@2.6.0+0.15.0+1.20.1-full)
2189:             2             64  net.fabricmc.loader.impl.metadata.ModOriginImpl (net.fabricmc.loader@2.6.0+0.15.0+1.20.1-full)
2190:             2             64  net.fabricmc.loader.impl.util.version.SemanticVersionImpl (net.fabricmc.loader@2.6.0+0.15.0+1.20.1-full)
2191:             2             64  net.minecraft.core.Direction$AxisDirection (minecraft@1.20.1)
2192:             2             64  net.minecraft.core.Direction$Plane (minecraft@1.20.1)
2193:             4             64  net.minecraft.network.FriendlyByteBuf$Reader$$Lambda$2469/0x000000080099bca0 (minecraft@1.20.1)
2194:             4             64  net.minecraft.network.FriendlyByteBuf$Writer$$Lambda$2468/0x000000080099ba40 (minecraft@1.20.1)
2195:             4             64  net.minecraft.network.syncher.EntityDataSerializer$$Lambda$2470/0x000000080099e270 (minecraft@1.20.1)
2196:             4             64  net.minecraft.network.syncher.EntityDataSerializer$$Lambda$2471/0x000000080099e4d0 (minecraft@1.20.1)
2197:             4             64  net.minecraft.tags.TagKey$$Lambda$2962/0x0000000800a62a00 (minecraft@1.20.1)
2198:             4             64  net.minecraft.util.datafix.fixes.AdvancementsRenameFix$$Lambda$2280/0x00000008008a8000 (minecraft@1.20.1)
2199:             2             64  net.minecraft.util.datafix.fixes.ItemStackSpawnEggFix (minecraft@1.20.1)
2200:             2             64  net.minecraft.util.datafix.fixes.ItemStackSpawnEggFix$$Lambda$2264/0x000000080089df98 (minecraft@1.20.1)
2201:             2             64  net.minecraft.util.datafix.fixes.StatsRenameFix (minecraft@1.20.1)
2202:             2             64  net.minecraft.util.datafix.fixes.StatsRenameFix$$Lambda$2283/0x00000008008a8938 (minecraft@1.20.1)
2203:             2             64  net.minecraft.util.datafix.fixes.StatsRenameFix$$Lambda$2285/0x00000008008a92d0 (minecraft@1.20.1)
2204:             4             64  net.minecraft.util.datafix.schemas.V1451_6$$Lambda$1990/0x0000000800855490 (minecraft@1.20.1)
2205:             4             64  net.minecraft.util.datafix.schemas.V1451_6$$Lambda$1997/0x0000000800856398 (minecraft@1.20.1)
2206:             4             64  net.minecraft.util.datafix.schemas.V2832$$Lambda$2144/0x00000008008734f0 (minecraft@1.20.1)
2207:             4             64  net.minecraft.util.datafix.schemas.V3448$$Lambda$2194/0x000000080087f438 (minecraft@1.20.1)
2208:             4             64  net.minecraft.util.valueproviders.FloatProviderType$$Lambda$2899/0x0000000800a539b0 (minecraft@1.20.1)
2209:             4             64  net.minecraft.world.entity.schedule.Schedule (minecraft@1.20.1)
2210:             1             64  net.minecraft.world.item.DyeableHorseArmorItem (minecraft@1.20.1)
2211:             4             64  net.minecraft.world.item.HoeItem$$Lambda$2588/0x00000008009d9d80 (minecraft@1.20.1)
2212:             1             64  net.minecraft.world.item.PlayerHeadItem (minecraft@1.20.1)
2213:             4             64  net.minecraft.world.item.Rarity$$Lambda$1789/0x00000008007ee438 (minecraft@1.20.1)
2214:             1             64  net.minecraft.world.item.SolidBucketItem (minecraft@1.20.1)
2215:             4             64  net.minecraft.world.level.block.Blocks$$Lambda$1747/0x00000008007a7578 (minecraft@1.20.1)
2216:             2             64  net.minecraft.world.level.levelgen.MarsagliaPolarGaussian (minecraft@1.20.1)
2217:             4             64  net.minecraft.world.level.levelgen.structure.templatesystem.rule.blockentity.RuleBlockEntityModifierType$$Lambda$2757/0x0000000800a11838 (minecraft@1.20.1)
2218:             4             64  net.minecraft.world.level.storage.loot.providers.number.LootNumberProviderType (minecraft@1.20.1)
2219:             2             64  net.minecraftforge.fml.earlydisplay.ColourScheme (fmlearlydisplay@1.20.1-47.4.13)
2220:             2             64  net.minecraftforge.fml.loading.progress.Message (fmlloader@1.20.1-47.4.13)
2221:             2             64  net.minecraftforge.forgespi.language.ModFileScanData (net.minecraftforge.forgespi@7.0.1)
2222:             2             64  org.apache.logging.log4j.core.config.ConfigurationScheduler (org.apache.logging.log4j.core@2.19.0)
2223:             4             64  org.apache.logging.log4j.core.lookup.StrMatcher$StringMatcher (org.apache.logging.log4j.core@2.19.0)
2224:             2             64  org.apache.logging.log4j.util.PropertiesUtil$Environment (org.apache.logging.log4j@2.19.0)
2225:             2             64  org.apache.logging.log4j.util.SortedArrayStringMap (org.apache.logging.log4j@2.19.0)
2226:             4             64  org.openjdk.nashorn.api.scripting.NashornScriptEngineFactory (org.openjdk.nashorn)
2227:             2             64  org.spongepowered.asm.mixin.transformer.PluginHandle (org.spongepowered.mixin)
2228:             1             64  org.spongepowered.asm.service.modlauncher.MixinServiceModLauncher (org.spongepowered.mixin)
2229:             2             64  org.spongepowered.asm.util.perf.Profiler (org.spongepowered.mixin)
2230:             2             64  org.spongepowered.asm.util.perf.Profiler$DisabledSection (org.spongepowered.mixin)
2231:             2             64  sun.security.provider.FileInputStreamPool$StreamRef (java.base@17.0.15)
2232:             2             64  sun.security.rsa.RSAUtil$KeyType (java.base@17.0.15)
2233:             2             64  sun.security.util.DisabledAlgorithmConstraints$KeySizeConstraint (java.base@17.0.15)
2234:             2             64  sun.security.x509.NetscapeCertTypeExtension (java.base@17.0.15)
2235:             2             64  sun.security.x509.SubjectAlternativeNameExtension (java.base@17.0.15)
2236:             2             64  sun.util.locale.UnicodeLocaleExtension (java.base@17.0.15)
2237:             1             56  [Lcom.google.gson.stream.JsonToken; (com.google.gson@2.10)
2238:             1             56  [Lcom.google.gson.stream.JsonToken;
2239:             1             56  [Lcom.sun.org.apache.xerces.internal.impl.XMLScanner$NameType; (java.xml@17.0.15)
2240:             1             56  [Lcom.sun.org.apache.xerces.internal.utils.XMLSecurityManager$Limit; (java.xml@17.0.15)
2241:             1             56  [Ljava.lang.Runnable; (java.base@17.0.15)
2242:             1             56  [Ljava.nio.file.StandardOpenOption; (java.base@17.0.15)
2243:             1             56  [Ljava.util.Map; (java.base@17.0.15)
2244:             1             56  [Ljdk.dynalink.Operation; (jdk.dynalink@17.0.15)
2245:             2             56  [Lnet.minecraft.world.level.block.Block; (minecraft@1.20.1)
2246:             2             56  [Lorg.apache.logging.log4j.Level; (org.apache.logging.log4j@2.19.0)
2247:             1             56  [Lorg.openjdk.nashorn.internal.parser.TokenKind; (org.openjdk.nashorn)
2248:             1             56  cpw.mods.modlauncher.Launcher (cpw.mods.modlauncher@10.0.9)
2249:             1             56  java.lang.invoke.BoundMethodHandle$Specializer (java.base@17.0.15)
2250:             1             56  java.net.SocketPermission (java.base@17.0.15)
2251:             1             56  java.util.logging.LogManager (java.logging@17.0.15)
2252:             1             56  jdk.internal.org.objectweb.asm.Label (java.base@17.0.15)
2253:             1             56  net.minecraft.world.item.AirItem (minecraft@1.20.1)
2254:             1             56  net.minecraft.world.item.ArmorStandItem (minecraft@1.20.1)
2255:             1             56  net.minecraft.world.item.ArrowItem (minecraft@1.20.1)
2256:             1             56  net.minecraft.world.item.BoneMealItem (minecraft@1.20.1)
2257:             1             56  net.minecraft.world.item.BookItem (minecraft@1.20.1)
2258:             1             56  net.minecraft.world.item.BottleItem (minecraft@1.20.1)
2259:             1             56  net.minecraft.world.item.BowItem (minecraft@1.20.1)
2260:             1             56  net.minecraft.world.item.BrushItem (minecraft@1.20.1)
2261:             1             56  net.minecraft.world.item.BundleItem (minecraft@1.20.1)
2262:             1             56  net.minecraft.world.item.ChorusFruitItem (minecraft@1.20.1)
2263:             1             56  net.minecraft.world.item.CompassItem (minecraft@1.20.1)
2264:             1             56  net.minecraft.world.item.CrossbowItem (minecraft@1.20.1)
2265:             1             56  net.minecraft.world.item.DebugStickItem (minecraft@1.20.1)
2266:             1             56  net.minecraft.world.item.DiscFragmentItem (minecraft@1.20.1)
2267:             1             56  net.minecraft.world.item.EggItem (minecraft@1.20.1)
2268:             1             56  net.minecraft.world.item.ElytraItem (minecraft@1.20.1)
2269:             1             56  net.minecraft.world.item.EmptyMapItem (minecraft@1.20.1)
2270:             1             56  net.minecraft.world.item.EnchantedBookItem (minecraft@1.20.1)
2271:             1             56  net.minecraft.world.item.EnchantedGoldenAppleItem (minecraft@1.20.1)
2272:             1             56  net.minecraft.world.item.EndCrystalItem (minecraft@1.20.1)
2273:             1             56  net.minecraft.world.item.EnderEyeItem (minecraft@1.20.1)
2274:             1             56  net.minecraft.world.item.EnderpearlItem (minecraft@1.20.1)
2275:             1             56  net.minecraft.world.item.ExperienceBottleItem (minecraft@1.20.1)
2276:             1             56  net.minecraft.world.item.FireChargeItem (minecraft@1.20.1)
2277:             1             56  net.minecraft.world.item.FireworkRocketItem (minecraft@1.20.1)
2278:             1             56  net.minecraft.world.item.FireworkStarItem (minecraft@1.20.1)
2279:             1             56  net.minecraft.world.item.FishingRodItem (minecraft@1.20.1)
2280:             1             56  net.minecraft.world.item.FlintAndSteelItem (minecraft@1.20.1)
2281:             1             56  net.minecraft.world.item.GlowInkSacItem (minecraft@1.20.1)
2282:             1             56  net.minecraft.world.item.HangingEntityItem (minecraft@1.20.1)
2283:             1             56  net.minecraft.world.item.HoneyBottleItem (minecraft@1.20.1)
2284:             1             56  net.minecraft.world.item.HoneycombItem (minecraft@1.20.1)
2285:             1             56  net.minecraft.world.item.InkSacItem (minecraft@1.20.1)
2286:             1             56  net.minecraft.world.item.InstrumentItem (minecraft@1.20.1)
2287:             1             56  net.minecraft.world.item.KnowledgeBookItem (minecraft@1.20.1)
2288:             1             56  net.minecraft.world.item.LeadItem (minecraft@1.20.1)
2289:             1             56  net.minecraft.world.item.LingeringPotionItem (minecraft@1.20.1)
2290:             1             56  net.minecraft.world.item.MapItem (minecraft@1.20.1)
2291:             1             56  net.minecraft.world.item.MilkBucketItem (minecraft@1.20.1)
2292:             1             56  net.minecraft.world.item.NameTagItem (minecraft@1.20.1)
2293:             1             56  net.minecraft.world.item.PotionItem (minecraft@1.20.1)
2294:             1             56  net.minecraft.world.item.SaddleItem (minecraft@1.20.1)
2295:             1             56  net.minecraft.world.item.ScaffoldingBlockItem (minecraft@1.20.1)
2296:             1             56  net.minecraft.world.item.ShearsItem (minecraft@1.20.1)
2297:             1             56  net.minecraft.world.item.ShieldItem (minecraft@1.20.1)
2298:             1             56  net.minecraft.world.item.SimpleFoiledItem (minecraft@1.20.1)
2299:             1             56  net.minecraft.world.item.SnowballItem (minecraft@1.20.1)
2300:             1             56  net.minecraft.world.item.SpectralArrowItem (minecraft@1.20.1)
2301:             1             56  net.minecraft.world.item.SplashPotionItem (minecraft@1.20.1)
2302:             1             56  net.minecraft.world.item.SpyglassItem (minecraft@1.20.1)
2303:             1             56  net.minecraft.world.item.SuspiciousStewItem (minecraft@1.20.1)
2304:             1             56  net.minecraft.world.item.TippedArrowItem (minecraft@1.20.1)
2305:             1             56  net.minecraft.world.item.TridentItem (minecraft@1.20.1)
2306:             1             56  net.minecraft.world.item.WritableBookItem (minecraft@1.20.1)
2307:             1             56  net.minecraft.world.item.WrittenBookItem (minecraft@1.20.1)
2308:             1             56  org.apache.logging.log4j.core.LoggerContext (org.apache.logging.log4j.core@2.19.0)
2309:             1             56  org.apache.logging.log4j.status.StatusLogger (org.apache.logging.log4j@2.19.0)
2310:             1             56  org.openjdk.nashorn.internal.ir.LiteralNode$ArrayLiteralNode (org.openjdk.nashorn)
2311:             1             56  org.openjdk.nashorn.internal.scripts.JO2P0 (org.openjdk.nashorn.structures)
2312:             1             56  sun.security.provider.MD5 (java.base@17.0.15)
2313:             1             56  sun.security.provider.SHA (java.base@17.0.15)
2314:             1             48  [Lcom.google.gson.FieldNamingPolicy; (com.google.gson@2.10)
2315:             1             48  [Lcom.google.gson.FieldNamingPolicy;
2316:             1             48  [Lcom.llamalad7.mixinextras.lib.semver.VersionParser$CharType; (MixinExtras@0.5.3)
2317:             2             48  [Lcpw.mods.modlauncher.serviceapi.ILaunchPluginService$Phase; (cpw.mods.modlauncher@10.0.9)
2318:             3             48  [Ljava.lang.StackTraceElement; (java.base@17.0.15)
2319:             3             48  [Ljava.lang.annotation.Annotation; (java.base@17.0.15)
2320:             1             48  [Ljava.lang.management.MemoryPoolMXBean; (java.management@17.0.15)
2321:             1             48  [Ljava.math.RoundingMode; (java.base@17.0.15)
2322:             1             48  [Ljava.util.concurrent.TimeUnit; (java.base@17.0.15)
2323:             1             48  [Ljdk.xml.internal.JdkProperty$State; (java.xml@17.0.15)
2324:             1             48  [Lnet.minecraft.world.entity.MobCategory; (minecraft@1.20.1)
2325:             1             48  [Lnet.minecraft.world.entity.vehicle.AbstractMinecart$Type; (minecraft@1.20.1)
2326:             1             48  [Lnet.minecraft.world.level.block.SkullBlock$Types; (minecraft@1.20.1)
2327:             2             48  [Lnet.minecraft.world.level.block.state.properties.BedPart; (minecraft@1.20.1)
2328:             2             48  [Lnet.minecraft.world.level.block.state.properties.ComparatorMode; (minecraft@1.20.1)
2329:             2             48  [Lnet.minecraft.world.level.block.state.properties.DoorHingeSide; (minecraft@1.20.1)
2330:             2             48  [Lnet.minecraft.world.level.block.state.properties.DoubleBlockHalf; (minecraft@1.20.1)
2331:             2             48  [Lnet.minecraft.world.level.block.state.properties.Half; (minecraft@1.20.1)
2332:             2             48  [Lnet.minecraft.world.level.block.state.properties.PistonType; (minecraft@1.20.1)
2333:             2             48  [Lnet.minecraft.world.scores.criteria.ObjectiveCriteria$RenderType; (minecraft@1.20.1)
2334:             1             48  [Lorg.antlr.v4.runtime.atn.LexerActionType; (org.antlr.antlr4.runtime@4.9.1)
2335:             1             48  [Lorg.apache.logging.log4j.core.appender.rolling.RolloverFrequency; (org.apache.logging.log4j.core@2.19.0)
2336:             2             48  [Lorg.apache.logging.log4j.core.appender.rolling.TriggeringPolicy; (org.apache.logging.log4j.core@2.19.0)
2337:             2             48  [Lorg.apache.logging.log4j.core.config.AppenderControl; (org.apache.logging.log4j.core@2.19.0)
2338:             3             48  [Lorg.apache.logging.log4j.core.config.Property; (org.apache.logging.log4j.core@2.19.0)
2339:             1             48  [Lorg.openjdk.nashorn.internal.ir.FunctionNode$Kind; (org.openjdk.nashorn)
2340:             1             48  [Lorg.openjdk.nashorn.internal.runtime.JSType; (org.openjdk.nashorn)
2341:             1             48  [Lsun.security.x509.NetscapeCertTypeExtension$MapEntry; (java.base@17.0.15)
2342:             1             48  com.electronwill.nightconfig.core.file.WriteSyncFileConfig (com.electronwill.nightconfig.core@3.6.4)
2343:             2             48  com.electronwill.nightconfig.core.io.NewlineStyle (com.electronwill.nightconfig.core@3.6.4)
2344:             2             48  com.electronwill.nightconfig.core.io.WritingMode (com.electronwill.nightconfig.core@3.6.4)
2345:             2             48  com.google.gson.internal.$Gson$Types$ParameterizedTypeImpl (com.google.gson@2.10)
2346:             2             48  com.google.gson.internal.bind.CollectionTypeAdapterFactory$Adapter
2347:             1             48  com.google.gson.internal.bind.TreeTypeAdapter
2348:             2             48  com.google.gson.internal.bind.TypeAdapters$34
2349:             2             48  com.google.gson.internal.bind.TypeAdapters$34 (com.google.gson@2.10)
2350:             3             48  com.mojang.authlib.properties.PropertyMap (authlib@4.0.43)
2351:             1             48  com.mojang.logging.plugins.QueueLogAppender (logging@1.1.1)
2352:             2             48  com.sun.jmx.mbeanserver.ClassLoaderRepositorySupport$LoaderEntry (java.management@17.0.15)
2353:             1             48  com.sun.jmx.mbeanserver.DefaultMXBeanMappingFactory$Mappings (java.management@17.0.15)
2354:             2             48  com.sun.jmx.mbeanserver.WeakIdentityHashMap (java.management@17.0.15)
2355:             1             48  com.sun.jna.NativeLibrary (com.sun.jna@5.12.1)
2356:             1             48  com.sun.jna.internal.Cleaner$CleanerRef (com.sun.jna@5.12.1)
2357:             3             48  com.sun.org.apache.xerces.internal.impl.dv.dtd.ListDatatypeValidator (java.xml@17.0.15)
2358:             1             48  cpw.mods.modlauncher.ArgumentHandler (cpw.mods.modlauncher@10.0.9)
2359:             2             48  cpw.mods.modlauncher.TransformationServiceDecorator (cpw.mods.modlauncher@10.0.9)
2360:             2             48  cpw.mods.modlauncher.api.ITransformationService$Resource (cpw.mods.modlauncher@10.0.9)
2361:             2             48  cpw.mods.modlauncher.api.TypesafeMap (cpw.mods.modlauncher@10.0.9)
2362:             2             48  cpw.mods.modlauncher.serviceapi.ILaunchPluginService$Phase (cpw.mods.modlauncher@10.0.9)
2363:             2             48  io.netty.util.internal.logging.LocationAwareSlf4JLogger (io.netty.common@4.1.82.Final)
2364:             2             48  it.unimi.dsi.fastutil.objects.ObjectArraySet (it.unimi.dsi.fastutil@8.5.9)
2365:             2             48  java.io.File$PathStatus (java.base@17.0.15)
2366:             2             48  java.io.FilePermissionCollection (java.base@17.0.15)
2367:             1             48  java.lang.NullPointerException (java.base@17.0.15)
2368:             1             48  java.lang.ProcessHandleImpl (java.base@17.0.15)
2369:             1             48  java.lang.StackTraceElement (java.base@17.0.15)
2370:             1             48  java.lang.invoke.BoundMethodHandle$Specializer$Factory (java.base@17.0.15)
2371:             2             48  java.lang.invoke.MethodHandles$Lookup$ClassOption (java.base@17.0.15)
2372:             2             48  java.lang.invoke.VarHandle$TypesAndInvokers (java.base@17.0.15)
2373:             2             48  java.lang.reflect.ReflectPermission (java.base@17.0.15)
2374:             3             48  java.nio.charset.CodingErrorAction (java.base@17.0.15)
2375:             3             48  java.text.AttributedCharacterIterator$Attribute (java.base@17.0.15)
2376:             2             48  java.time.ZoneRegion (java.base@17.0.15)
2377:             2             48  java.time.format.DateTimeFormatterBuilder$1 (java.base@17.0.15)
2378:             2             48  java.time.format.DateTimeFormatterBuilder$ZoneIdPrinterParser (java.base@17.0.15)
2379:             2             48  java.time.format.DateTimeTextProvider$LocaleStore (java.base@17.0.15)
2380:             3             48  java.util.Base64$Decoder (java.base@17.0.15)
2381:             3             48  java.util.Collections$UnmodifiableCollection (java.base@17.0.15)
2382:             2             48  java.util.OptionalLong (java.base@17.0.15)
2383:             3             48  java.util.ResourceBundle$NoFallbackControl (java.base@17.0.15)
2384:             3             48  java.util.concurrent.ConcurrentSkipListMap$KeySet (java.base@17.0.15)
2385:             3             48  java.util.concurrent.ConcurrentSkipListSet (java.base@17.0.15)
2386:             3             48  java.util.concurrent.Executors$FinalizableDelegatedExecutorService (java.base@17.0.15)
2387:             3             48  java.util.concurrent.Semaphore (java.base@17.0.15)
2388:             2             48  java.util.function.Predicate$$Lambda$2556/0x00000008005e5cc0 (java.base@17.0.15)
2389:             1             48  java.util.logging.ConsoleHandler (java.logging@17.0.15)
2390:             2             48  java.util.logging.LoggingPermission (java.logging@17.0.15)
2391:             2             48  java.util.regex.Pattern$BackRef (java.base@17.0.15)
2392:             2             48  java.util.regex.Pattern$Pos (java.base@17.0.15)
2393:             2             48  javax.management.NotificationBroadcasterSupport (java.management@17.0.15)
2394:             1             48  jdk.internal.icu.util.CodePointTrie$Fast16 (java.base@17.0.15)
2395:             2             48  jdk.internal.icu.util.CodePointTrie$Type (java.base@17.0.15)
2396:             1             48  jdk.internal.jimage.ImageHeader (java.base@17.0.15)
2397:             2             48  jdk.internal.misc.Signal$NativeHandler (java.base@17.0.15)
2398:             2             48  jdk.internal.module.ModuleHashes (java.base@17.0.15)
2399:             2             48  jdk.internal.module.SystemModuleFinders$SystemModuleFinder (java.base@17.0.15)
2400:             3             48  jdk.internal.util.Preconditions$1 (java.base@17.0.15)
2401:             1             48  jdk.management.jfr.FlightRecorderMXBeanImpl (jdk.management.jfr@17.0.15)
2402:             1             48  joptsimple.OptionParser (jopt.simple@5.0.4)
2403:             3             48  joptsimple.util.PathConverter (jopt.simple@5.0.4)
2404:             2             48  net.fabricmc.loader.impl.FMLModMetadata (net.fabricmc.loader@2.6.0+0.15.0+1.20.1-full)
2405:             1             48  net.fabricmc.loader.impl.FabricLoaderImpl (net.fabricmc.loader@2.6.0+0.15.0+1.20.1-full)
2406:             2             48  net.fabricmc.loader.impl.discovery.BuiltinMetadataWrapper (net.fabricmc.loader@2.6.0+0.15.0+1.20.1-full)
2407:             2             48  net.minecraft.core.Holder$Reference$Type (minecraft@1.20.1)
2408:             2             48  net.minecraft.core.HolderSet$Direct (minecraft@1.20.1)
2409:             3             48  net.minecraft.network.syncher.EntityDataSerializer$$Lambda$2479/0x000000080099d000 (minecraft@1.20.1)
2410:             2             48  net.minecraft.resources.RegistryFileCodec (minecraft@1.20.1)
2411:             3             48  net.minecraft.resources.RegistryFixedCodec (minecraft@1.20.1)
2412:             2             48  net.minecraft.util.ByIdMap$$Lambda$1497/0x0000000800734000 (minecraft@1.20.1)
2413:             2             48  net.minecraft.util.ExtraCodecs$$Lambda$1076/0x000000080056dd30 (minecraft@1.20.1)
2414:             3             48  net.minecraft.util.ExtraCodecs$$Lambda$3021/0x0000000800a6e870 (minecraft@1.20.1)
2415:             3             48  net.minecraft.util.ExtraCodecs$LazyInitializedCodec (minecraft@1.20.1)
2416:             3             48  net.minecraft.util.ExtraCodecs$LazyInitializedCodec$$Lambda$3025/0x0000000800a6f690 (minecraft@1.20.1)
2417:             2             48  net.minecraft.util.ExtraCodecs$XorCodec (minecraft@1.20.1)
2418:             3             48  net.minecraft.util.datafix.fixes.AddFlagIfNotPresentFix$$Lambda$2327/0x00000008008b2df8 (minecraft@1.20.1)
2419:             1             48  net.minecraft.util.datafix.fixes.ChunkProtoTickListFix$$Lambda$2334/0x00000008008ba428 (minecraft@1.20.1)
2420:             1             48  net.minecraft.util.datafix.fixes.FurnaceRecipeFix$$Lambda$2305/0x00000008008ae2b0 (minecraft@1.20.1)
2421:             2             48  net.minecraft.util.datafix.fixes.WorldGenSettingsDisallowOldCustomWorldsFix (minecraft@1.20.1)
2422:             3             48  net.minecraft.util.datafix.schemas.V99$$Lambda$1836/0x00000008008239c0 (minecraft@1.20.1)
2423:             3             48  net.minecraft.util.valueproviders.ConstantInt (minecraft@1.20.1)
2424:             2             48  net.minecraft.world.entity.EquipmentSlot$Type (minecraft@1.20.1)
2425:             2             48  net.minecraft.world.flag.FeatureFlag (minecraft@1.20.1)
2426:             3             48  net.minecraft.world.level.block.MultifaceSpreader (minecraft@1.20.1)
2427:             2             48  net.minecraft.world.level.block.PressurePlateBlock$Sensitivity (minecraft@1.20.1)
2428:             2             48  net.minecraft.world.level.block.SculkVeinBlock$SculkVeinSpreaderConfig (minecraft@1.20.1)
2429:             2             48  net.minecraft.world.level.block.state.properties.BedPart (minecraft@1.20.1)
2430:             2             48  net.minecraft.world.level.block.state.properties.ComparatorMode (minecraft@1.20.1)
2431:             2             48  net.minecraft.world.level.block.state.properties.DoorHingeSide (minecraft@1.20.1)
2432:             2             48  net.minecraft.world.level.block.state.properties.DoubleBlockHalf (minecraft@1.20.1)
2433:             2             48  net.minecraft.world.level.block.state.properties.Half (minecraft@1.20.1)
2434:             2             48  net.minecraft.world.level.block.state.properties.PistonType (minecraft@1.20.1)
2435:             2             48  net.minecraft.world.level.chunk.ChunkStatus$ChunkType (minecraft@1.20.1)
2436:             2             48  net.minecraft.world.level.levelgen.blockpredicates.MatchingBlocksPredicate (minecraft@1.20.1)
2437:             3             48  net.minecraft.world.level.levelgen.carver.WorldCarver$$Lambda$3090/0x0000000800a84210 (minecraft@1.20.1)
2438:             3             48  net.minecraft.world.level.levelgen.structure.templatesystem.PosRuleTestType$$Lambda$2767/0x0000000800a13968 (minecraft@1.20.1)
2439:             2             48  net.minecraft.world.level.storage.DataVersion (minecraft@1.20.1)
2440:             3             48  net.minecraft.world.level.storage.loot.entries.CompositeEntryBase$1 (minecraft@1.20.1)
2441:             2             48  net.minecraft.world.scores.criteria.ObjectiveCriteria$RenderType (minecraft@1.20.1)
2442:             2             48  net.minecraftforge.api.distmarker.Dist (mergetool@1.1.5)
2443:             2             48  net.minecraftforge.eventbus.LockHelper (net.minecraftforge.eventbus)
2444:             2             48  net.minecraftforge.fml.earlydisplay.RenderElement$$Lambda$607/0x00000008003850a8 (fmlearlydisplay@1.20.1-47.4.13)
2445:             2             48  net.minecraftforge.fml.earlydisplay.SimpleBufferBuilder$Mode (fmlearlydisplay@1.20.1-47.4.13)
2446:             3             48  net.minecraftforge.registries.RegistryBuilder$$Lambda$1338/0x00000008006122e8 (forge@47.4.13)
2447:             3             48  net.minecraftforge.registries.RegistryBuilder$$Lambda$1339/0x0000000800612510 (forge@47.4.13)
2448:             2             48  net.minecrell.terminalconsole.util.LoggerNamePatternSelector (terminalconsoleappender@1.2.0)
2449:             2             48  org.antlr.v4.runtime.atn.ATNDeserializer$UnicodeDeserializingMode (org.antlr.antlr4.runtime@4.9.1)
2450:             2             48  org.antlr.v4.runtime.atn.ATNType (org.antlr.antlr4.runtime@4.9.1)
2451:             3             48  org.antlr.v4.runtime.atn.LexerPushModeAction (org.antlr.antlr4.runtime@4.9.1)
2452:             3             48  org.antlr.v4.runtime.atn.LexerTypeAction (org.antlr.antlr4.runtime@4.9.1)
2453:             2             48  org.antlr.v4.runtime.atn.NotSetTransition (org.antlr.antlr4.runtime@4.9.1)
2454:             1             48  org.antlr.v4.runtime.atn.Transition$1 (org.antlr.antlr4.runtime@4.9.1)
2455:             3             48  org.apache.commons.lang3.text.StrMatcher$StringMatcher (org.apache.commons.lang3@3.12.0)
2456:             3             48  org.apache.commons.lang3.text.translate.NumericEntityUnescaper (org.apache.commons.lang3@3.12.0)
2457:             2             48  org.apache.logging.log4j.core.appender.rolling.CompositeTriggeringPolicy (org.apache.logging.log4j.core@2.19.0)
2458:             2             48  org.apache.logging.log4j.core.appender.rolling.OnStartupTriggeringPolicy (org.apache.logging.log4j.core@2.19.0)
2459:             1             48  org.apache.logging.log4j.core.appender.rolling.TimeBasedTriggeringPolicy (org.apache.logging.log4j.core@2.19.0)
2460:             2             48  org.apache.logging.log4j.core.config.plugins.util.PluginManager (org.apache.logging.log4j.core@2.19.0)
2461:             2             48  org.apache.logging.log4j.core.config.status.StatusConfiguration$Verbosity (org.apache.logging.log4j.core@2.19.0)
2462:             1             48  org.apache.logging.log4j.core.impl.Log4jProvider (org.apache.logging.log4j.core@2.19.0)
2463:             2             48  org.apache.logging.log4j.core.layout.PatternLayout$PatternSelectorSerializer (org.apache.logging.log4j.core@2.19.0)
2464:             2             48  org.apache.logging.log4j.core.pattern.NameAbbreviator$PatternAbbreviatorFragment (org.apache.logging.log4j.core@2.19.0)
2465:             2             48  org.apache.logging.log4j.core.util.DummyNanoClock (org.apache.logging.log4j.core@2.19.0)
2466:             2             48  org.apache.logging.log4j.message.SimpleMessage (org.apache.logging.log4j@2.19.0)
2467:             1             48  org.apache.logging.log4j.simple.SimpleLogger (org.apache.logging.log4j@2.19.0)
2468:             2             48  org.apache.logging.log4j.util.PropertyFilePropertySource (org.apache.logging.log4j@2.19.0)
2469:             2             48  org.joml.Vector3f (org.joml@1.10.5)
2470:             1             48  org.objectweb.asm.ClassReader (org.objectweb.asm@9.8)
2471:             1             48  org.openjdk.nashorn.internal.runtime.Source$Cache (org.openjdk.nashorn)
2472:             2             48  org.openjdk.nashorn.internal.runtime.linker.JavaAdapterBytecodeGenerator$MethodInfo (org.openjdk.nashorn)
2473:             2             48  org.openjdk.nashorn.internal.runtime.linker.JavaAdapterClassLoader (org.openjdk.nashorn)
2474:             1             48  org.openjdk.nashorn.internal.scripts.JO1P0 (org.openjdk.nashorn.structures)
2475:             1             48  org.prismlauncher.launcher.impl.StandardLauncher
2476:             2             48  org.spongepowered.asm.mixin.transformer.Config (org.spongepowered.mixin)
2477:             1             48  org.spongepowered.asm.mixin.transformer.MixinTransformer (org.spongepowered.mixin)
2478:             2             48  sun.reflect.generics.tree.Wildcard (java.base@17.0.15)
2479:             2             48  sun.security.jca.ProviderList (java.base@17.0.15)
2480:             2             48  sun.security.jca.ProviderList$3 (java.base@17.0.15)
2481:             3             48  sun.security.provider.NativePRNG (java.base@17.0.15)
2482:             2             48  sun.security.util.DisabledAlgorithmConstraints$DisabledConstraint (java.base@17.0.15)
2483:             2             48  sun.util.locale.LocaleExtensions (java.base@17.0.15)
2484:             2             48  sun.util.locale.provider.LocaleServiceProviderPool (java.base@17.0.15)
2485:             2             40  [Lcom.sun.jmx.mbeanserver.ClassLoaderRepositorySupport$LoaderEntry; (java.management@17.0.15)
2486:             1             40  [Lcom.sun.org.apache.xerces.internal.util.Status; (java.xml@17.0.15)
2487:             1             40  [Lcom.sun.org.apache.xerces.internal.utils.XMLSecurityPropertyManager$State; (java.xml@17.0.15)
2488:             1             40  [Ljava.lang.ProcessBuilder$Redirect$Type; (java.base@17.0.15)
2489:             1             40  [Ljava.lang.Thread$State; (java.base@17.0.15)
2490:             1             40  [Ljava.lang.invoke.VarHandle$AccessType; (java.base@17.0.15)
2491:             1             40  [Ljava.security.Permission; (java.base@17.0.15)
2492:             1             40  [Ljava.time.format.SignStyle; (java.base@17.0.15)
2493:             1             40  [Ljava.time.format.TextStyle; (java.base@17.0.15)
2494:             2             40  [Ljava.time.zone.ZoneOffsetTransitionRule; (java.base@17.0.15)
2495:             1             40  [Ljava.util.stream.StreamOpFlag; (java.base@17.0.15)
2496:             1             40  [Ljavax.tools.Diagnostic$Kind; (java.compiler@17.0.15)
2497:             1             40  [Ljdk.dynalink.StandardOperation; (jdk.dynalink@17.0.15)
2498:             1             40  [Lnet.minecraft.world.item.Tiers; (minecraft@1.20.1)
2499:             1             40  [Lnet.minecraft.world.item.enchantment.ProtectionEnchantment$Type; (minecraft@1.20.1)
2500:             1             40  [Lnet.minecraft.world.level.material.PushReaction; (minecraft@1.20.1)
2501:             1             40  [Lnet.minecraftforge.fml.loading.moddiscovery.BackgroundScanHandler$ScanStatus; (fmlloader@1.20.1-47.4.13)
2502:             1             40  [Lorg.apache.logging.log4j.core.LifeCycle$State; (org.apache.logging.log4j.core@2.19.0)
2503:             1             40  [Lorg.apache.logging.log4j.core.appender.rolling.FileExtension; (org.apache.logging.log4j.core@2.19.0)
2504:             1             40  [Lorg.apache.logging.log4j.core.pattern.PatternParser$ParserState; (org.apache.logging.log4j.core@2.19.0)
2505:             1             40  [Lorg.openjdk.nashorn.internal.codegen.Condition; (org.openjdk.nashorn)
2506:             1             40  [Lorg.openjdk.nashorn.internal.codegen.LocalVariableTypesCalculator$LvarType; (org.openjdk.nashorn)
2507:             1             40  [Lorg.spongepowered.asm.logging.Level; (org.spongepowered.mixin)
2508:             1             40  [Lorg.spongepowered.asm.mixin.transformer.ext.IExtension; (org.spongepowered.mixin)
2509:             1             40  [Lsun.security.util.DisabledAlgorithmConstraints$Constraint$Operator; (java.base@17.0.15)
2510:             1             40  [Lsun.util.locale.provider.LocaleProviderAdapter$Type; (java.base@17.0.15)
2511:             1             40  [[Ljava.lang.invoke.LambdaForm$Name; (java.base@17.0.15)
2512:             1             40  com.google.common.util.concurrent.ThreadFactoryBuilder$1 (com.google.common@31.1-jre)
2513:             1             40  com.google.gson.internal.Excluder
2514:             1             40  com.google.gson.internal.Excluder (com.google.gson@2.10)
2515:             1             40  com.sun.jmx.interceptor.DefaultMBeanServerInterceptor (java.management@17.0.15)
2516:             1             40  com.sun.jmx.mbeanserver.JmxMBeanServer (java.management@17.0.15)
2517:             1             40  com.sun.jmx.mbeanserver.MBeanServerDelegateImpl (java.management@17.0.15)
2518:             1             40  com.sun.management.internal.DiagnosticCommandImpl (jdk.management@17.0.15)
2519:             1             40  com.sun.management.internal.OperatingSystemImpl$ProcessCpuTicks (jdk.management@17.0.15)
2520:             1             40  com.sun.management.internal.OperatingSystemImpl$SystemCpuTicks (jdk.management@17.0.15)
2521:             1             40  com.sun.org.apache.xerces.internal.impl.XMLEntityScanner$1 (java.xml@17.0.15)
2522:             1             40  com.sun.xml.internal.stream.util.BufferAllocator (java.xml@17.0.15)
2523:             1             40  it.unimi.dsi.fastutil.ints.Int2ObjectMaps$UnmodifiableMap (it.unimi.dsi.fastutil@8.5.9)
2524:             1             40  it.unimi.dsi.fastutil.ints.IntAVLTreeSet (it.unimi.dsi.fastutil@8.5.9)
2525:             1             40  it.unimi.dsi.fastutil.longs.Long2ObjectMaps$SynchronizedMap (it.unimi.dsi.fastutil@8.5.9)
2526:             1             40  it.unimi.dsi.fastutil.objects.Object2IntArrayMap (it.unimi.dsi.fastutil@8.5.9)
2527:             1             40  java.io.BufferedInputStream (java.base@17.0.15)
2528:             1             40  java.lang.ArithmeticException (java.base@17.0.15)
2529:             1             40  java.lang.ArrayIndexOutOfBoundsException (java.base@17.0.15)
2530:             1             40  java.lang.ClassCastException (java.base@17.0.15)
2531:             1             40  java.lang.NoSuchMethodError (java.base@17.0.15)
2532:             1             40  java.lang.NoSuchMethodException (java.base@17.0.15)
2533:             1             40  java.lang.VirtualMachineError (java.base@17.0.15)
2534:             1             40  java.lang.invoke.VarHandleInts$FieldStaticReadWrite (java.base@17.0.15)
2535:             1             40  java.lang.invoke.VarHandleReferences$Array (java.base@17.0.15)
2536:             1             40  java.lang.invoke.VarHandleReferences$FieldStaticReadWrite (java.base@17.0.15)
2537:             1             40  java.net.InetAddress$CachedAddresses (java.base@17.0.15)
2538:             1             40  java.time.format.DateTimeFormatterBuilder (java.base@17.0.15)
2539:             1             40  java.util.ResourceBundle$2 (java.base@17.0.15)
2540:             1             40  java.util.concurrent.LinkedBlockingDeque (java.base@17.0.15)
2541:             1             40  jdk.internal.event.SecurityProviderServiceEvent (java.base@17.0.15)
2542:             1             40  jdk.internal.logger.LazyLoggers$LazyLoggerAccessor (java.base@17.0.15)
2543:             1             40  jdk.internal.ref.CleanerImpl$CleanerCleanable (java.base@17.0.15)
2544:             1             40  net.minecraft.util.datafix.DataFixers$1 (minecraft@1.20.1)
2545:             1             40  net.minecraft.util.datafix.DataFixers$2 (minecraft@1.20.1)
2546:             1             40  net.minecraft.util.datafix.fixes.BlockEntityBannerColorFix (minecraft@1.20.1)
2547:             1             40  net.minecraft.util.datafix.fixes.BlockEntityBlockStateFix (minecraft@1.20.1)
2548:             1             40  net.minecraft.util.datafix.fixes.BlockEntityJukeboxFix (minecraft@1.20.1)
2549:             1             40  net.minecraft.util.datafix.fixes.BlockEntityKeepPacked (minecraft@1.20.1)
2550:             1             40  net.minecraft.util.datafix.fixes.BlockEntityShulkerBoxColorFix (minecraft@1.20.1)
2551:             1             40  net.minecraft.util.datafix.fixes.BlockEntitySignTextStrictJsonFix (minecraft@1.20.1)
2552:             1             40  net.minecraft.util.datafix.fixes.CatTypeFix (minecraft@1.20.1)
2553:             1             40  net.minecraft.util.datafix.fixes.ColorlessShulkerEntityFix (minecraft@1.20.1)
2554:             1             40  net.minecraft.util.datafix.fixes.EntityArmorStandSilentFix (minecraft@1.20.1)
2555:             1             40  net.minecraft.util.datafix.fixes.EntityBrushableBlockFieldsRenameFix (minecraft@1.20.1)
2556:             1             40  net.minecraft.util.datafix.fixes.EntityGoatMissingStateFix (minecraft@1.20.1)
2557:             1             40  net.minecraft.util.datafix.fixes.EntityHorseSaddleFix (minecraft@1.20.1)
2558:             1             40  net.minecraft.util.datafix.fixes.EntityItemFrameDirectionFix (minecraft@1.20.1)
2559:             1             40  net.minecraft.util.datafix.fixes.EntityPaintingFieldsRenameFix (minecraft@1.20.1)
2560:             1             40  net.minecraft.util.datafix.fixes.EntityPaintingMotiveFix (minecraft@1.20.1)
2561:             1             40  net.minecraft.util.datafix.fixes.EntityShulkerColorFix (minecraft@1.20.1)
2562:             1             40  net.minecraft.util.datafix.fixes.EntityShulkerRotationFix (minecraft@1.20.1)
2563:             1             40  net.minecraft.util.datafix.fixes.EntityWolfColorFix (minecraft@1.20.1)
2564:             1             40  net.minecraft.util.datafix.fixes.EntityZombieVillagerTypeFix (minecraft@1.20.1)
2565:             1             40  net.minecraft.util.datafix.fixes.FilteredSignsFix (minecraft@1.20.1)
2566:             1             40  net.minecraft.util.datafix.fixes.ItemSpawnEggFix$$Lambda$2223/0x000000080088b2c8 (minecraft@1.20.1)
2567:             1             40  net.minecraft.util.datafix.fixes.JigsawPropertiesFix (minecraft@1.20.1)
2568:             1             40  net.minecraft.util.datafix.fixes.MemoryExpiryDataFix (minecraft@1.20.1)
2569:             1             40  net.minecraft.util.datafix.fixes.OminousBannerBlockEntityRenameFix (minecraft@1.20.1)
2570:             1             40  net.minecraft.util.datafix.fixes.OptionsRenameFieldFix (minecraft@1.20.1)
2571:             1             40  net.minecraft.util.datafix.fixes.RemoveGolemGossipFix (minecraft@1.20.1)
2572:             1             40  net.minecraft.util.datafix.fixes.StriderGravityFix (minecraft@1.20.1)
2573:             1             40  net.minecraft.util.datafix.fixes.VariantRenameFix (minecraft@1.20.1)
2574:             1             40  net.minecraft.util.datafix.fixes.VillagerFollowRangeFix (minecraft@1.20.1)
2575:             1             40  net.minecraft.util.datafix.fixes.VillagerTradeFix (minecraft@1.20.1)
2576:             1             40  net.minecraft.util.datafix.fixes.WeaponSmithChestLootTableFix (minecraft@1.20.1)
2577:             1             40  net.minecraft.util.datafix.fixes.ZombieVillagerRebuildXpFix (minecraft@1.20.1)
2578:             1             40  net.minecraft.util.datafix.schemas.V100 (minecraft@1.20.1)
2579:             1             40  net.minecraft.util.datafix.schemas.V102 (minecraft@1.20.1)
2580:             1             40  net.minecraft.util.datafix.schemas.V1022 (minecraft@1.20.1)
2581:             1             40  net.minecraft.util.datafix.schemas.V106 (minecraft@1.20.1)
2582:             1             40  net.minecraft.util.datafix.schemas.V107 (minecraft@1.20.1)
2583:             1             40  net.minecraft.util.datafix.schemas.V1125 (minecraft@1.20.1)
2584:             1             40  net.minecraft.util.datafix.schemas.V135 (minecraft@1.20.1)
2585:             1             40  net.minecraft.util.datafix.schemas.V143 (minecraft@1.20.1)
2586:             1             40  net.minecraft.util.datafix.schemas.V1451 (minecraft@1.20.1)
2587:             1             40  net.minecraft.util.datafix.schemas.V1451_1 (minecraft@1.20.1)
2588:             1             40  net.minecraft.util.datafix.schemas.V1451_2 (minecraft@1.20.1)
2589:             1             40  net.minecraft.util.datafix.schemas.V1451_3 (minecraft@1.20.1)
2590:             1             40  net.minecraft.util.datafix.schemas.V1451_4 (minecraft@1.20.1)
2591:             1             40  net.minecraft.util.datafix.schemas.V1451_5 (minecraft@1.20.1)
2592:             1             40  net.minecraft.util.datafix.schemas.V1451_6 (minecraft@1.20.1)
2593:             1             40  net.minecraft.util.datafix.schemas.V1460 (minecraft@1.20.1)
2594:             1             40  net.minecraft.util.datafix.schemas.V1466 (minecraft@1.20.1)
2595:             1             40  net.minecraft.util.datafix.schemas.V1470 (minecraft@1.20.1)
2596:             1             40  net.minecraft.util.datafix.schemas.V1481 (minecraft@1.20.1)
2597:             1             40  net.minecraft.util.datafix.schemas.V1483 (minecraft@1.20.1)
2598:             1             40  net.minecraft.util.datafix.schemas.V1486 (minecraft@1.20.1)
2599:             1             40  net.minecraft.util.datafix.schemas.V1510 (minecraft@1.20.1)
2600:             1             40  net.minecraft.util.datafix.schemas.V1800 (minecraft@1.20.1)
2601:             1             40  net.minecraft.util.datafix.schemas.V1801 (minecraft@1.20.1)
2602:             1             40  net.minecraft.util.datafix.schemas.V1904 (minecraft@1.20.1)
2603:             1             40  net.minecraft.util.datafix.schemas.V1906 (minecraft@1.20.1)
2604:             1             40  net.minecraft.util.datafix.schemas.V1909 (minecraft@1.20.1)
2605:             1             40  net.minecraft.util.datafix.schemas.V1920 (minecraft@1.20.1)
2606:             1             40  net.minecraft.util.datafix.schemas.V1928 (minecraft@1.20.1)
2607:             1             40  net.minecraft.util.datafix.schemas.V1929 (minecraft@1.20.1)
2608:             1             40  net.minecraft.util.datafix.schemas.V1931 (minecraft@1.20.1)
2609:             1             40  net.minecraft.util.datafix.schemas.V2100 (minecraft@1.20.1)
2610:             1             40  net.minecraft.util.datafix.schemas.V2501 (minecraft@1.20.1)
2611:             1             40  net.minecraft.util.datafix.schemas.V2502 (minecraft@1.20.1)
2612:             1             40  net.minecraft.util.datafix.schemas.V2505 (minecraft@1.20.1)
2613:             1             40  net.minecraft.util.datafix.schemas.V2509 (minecraft@1.20.1)
2614:             1             40  net.minecraft.util.datafix.schemas.V2519 (minecraft@1.20.1)
2615:             1             40  net.minecraft.util.datafix.schemas.V2522 (minecraft@1.20.1)
2616:             1             40  net.minecraft.util.datafix.schemas.V2551 (minecraft@1.20.1)
2617:             1             40  net.minecraft.util.datafix.schemas.V2568 (minecraft@1.20.1)
2618:             1             40  net.minecraft.util.datafix.schemas.V2571 (minecraft@1.20.1)
2619:             1             40  net.minecraft.util.datafix.schemas.V2684 (minecraft@1.20.1)
2620:             1             40  net.minecraft.util.datafix.schemas.V2686 (minecraft@1.20.1)
2621:             1             40  net.minecraft.util.datafix.schemas.V2688 (minecraft@1.20.1)
2622:             1             40  net.minecraft.util.datafix.schemas.V2704 (minecraft@1.20.1)
2623:             1             40  net.minecraft.util.datafix.schemas.V2707 (minecraft@1.20.1)
2624:             1             40  net.minecraft.util.datafix.schemas.V2831 (minecraft@1.20.1)
2625:             1             40  net.minecraft.util.datafix.schemas.V2832 (minecraft@1.20.1)
2626:             1             40  net.minecraft.util.datafix.schemas.V2842 (minecraft@1.20.1)
2627:             1             40  net.minecraft.util.datafix.schemas.V3076 (minecraft@1.20.1)
2628:             1             40  net.minecraft.util.datafix.schemas.V3078 (minecraft@1.20.1)
2629:             1             40  net.minecraft.util.datafix.schemas.V3081 (minecraft@1.20.1)
2630:             1             40  net.minecraft.util.datafix.schemas.V3082 (minecraft@1.20.1)
2631:             1             40  net.minecraft.util.datafix.schemas.V3083 (minecraft@1.20.1)
2632:             1             40  net.minecraft.util.datafix.schemas.V3202 (minecraft@1.20.1)
2633:             1             40  net.minecraft.util.datafix.schemas.V3203 (minecraft@1.20.1)
2634:             1             40  net.minecraft.util.datafix.schemas.V3204 (minecraft@1.20.1)
2635:             1             40  net.minecraft.util.datafix.schemas.V3325 (minecraft@1.20.1)
2636:             1             40  net.minecraft.util.datafix.schemas.V3326 (minecraft@1.20.1)
2637:             1             40  net.minecraft.util.datafix.schemas.V3327 (minecraft@1.20.1)
2638:             1             40  net.minecraft.util.datafix.schemas.V3328 (minecraft@1.20.1)
2639:             1             40  net.minecraft.util.datafix.schemas.V3438 (minecraft@1.20.1)
2640:             1             40  net.minecraft.util.datafix.schemas.V3448 (minecraft@1.20.1)
2641:             1             40  net.minecraft.util.datafix.schemas.V501 (minecraft@1.20.1)
2642:             1             40  net.minecraft.util.datafix.schemas.V700 (minecraft@1.20.1)
2643:             1             40  net.minecraft.util.datafix.schemas.V701 (minecraft@1.20.1)
2644:             1             40  net.minecraft.util.datafix.schemas.V702 (minecraft@1.20.1)
2645:             1             40  net.minecraft.util.datafix.schemas.V703 (minecraft@1.20.1)
2646:             1             40  net.minecraft.util.datafix.schemas.V704 (minecraft@1.20.1)
2647:             1             40  net.minecraft.util.datafix.schemas.V705 (minecraft@1.20.1)
2648:             1             40  net.minecraft.util.datafix.schemas.V808 (minecraft@1.20.1)
2649:             1             40  net.minecraft.util.datafix.schemas.V99 (minecraft@1.20.1)
2650:             1             40  net.minecraft.world.effect.AbsoptionMobEffect (minecraft@1.20.1)
2651:             1             40  net.minecraft.world.effect.HealthBoostMobEffect (minecraft@1.20.1)
2652:             1             40  net.minecraft.world.effect.MobEffects$1 (minecraft@1.20.1)
2653:             1             40  net.minecraftforge.fml.earlydisplay.RenderElement$DisplayContext (fmlearlydisplay@1.20.1-47.4.13)
2654:             1             40  net.minecraftforge.fml.loading.EarlyLoadingException (fmlloader@1.20.1-47.4.13)
2655:             1             40  net.minecraftforge.fml.loading.moddiscovery.BackgroundScanHandler (fmlloader@1.20.1-47.4.13)
2656:             1             40  net.minecraftforge.fml.loading.moddiscovery.ModValidator (fmlloader@1.20.1-47.4.13)
2657:             1             40  net.minecrell.terminalconsole.TerminalConsoleAppender (terminalconsoleappender@1.2.0)
2658:             1             40  org.antlr.v4.runtime.ParserRuleContext (org.antlr.antlr4.runtime@4.9.1)
2659:             1             40  org.antlr.v4.runtime.atn.ATNConfigSet$ConfigHashSet (org.antlr.antlr4.runtime@4.9.1)
2660:             1             40  org.apache.logging.log4j.core.jmx.LoggerContextAdmin (org.apache.logging.log4j.core@2.19.0)
2661:             1             40  org.apache.logging.log4j.core.jmx.StatusLoggerAdmin (org.apache.logging.log4j.core@2.19.0)
2662:             1             40  org.apache.logging.log4j.status.StatusData (org.apache.logging.log4j@2.19.0)
2663:             1             40  org.lwjgl.PointerBuffer (org.lwjgl@3.3.1+7)
2664:             1             40  org.openjdk.nashorn.internal.codegen.ApplySpecialization$AppliesFoundException (org.openjdk.nashorn)
2665:             1             40  org.openjdk.nashorn.internal.codegen.Label$Stack (org.openjdk.nashorn)
2666:             1             40  org.openjdk.nashorn.internal.codegen.types.ArrayType (org.openjdk.nashorn)
2667:             1             40  org.openjdk.nashorn.internal.codegen.types.BooleanType (org.openjdk.nashorn)
2668:             1             40  org.openjdk.nashorn.internal.codegen.types.IntType (org.openjdk.nashorn)
2669:             1             40  org.openjdk.nashorn.internal.codegen.types.LongType (org.openjdk.nashorn)
2670:             1             40  org.openjdk.nashorn.internal.codegen.types.NumberType (org.openjdk.nashorn)
2671:             1             40  org.openjdk.nashorn.internal.codegen.types.Type$1 (org.openjdk.nashorn)
2672:             1             40  org.openjdk.nashorn.internal.codegen.types.Type$2 (org.openjdk.nashorn)
2673:             1             40  org.openjdk.nashorn.internal.codegen.types.Type$3 (org.openjdk.nashorn)
2674:             1             40  org.openjdk.nashorn.internal.codegen.types.Type$4 (org.openjdk.nashorn)
2675:             1             40  org.openjdk.nashorn.internal.codegen.types.Type$5 (org.openjdk.nashorn)
2676:             1             40  org.openjdk.nashorn.internal.codegen.types.Type$6 (org.openjdk.nashorn)
2677:             1             40  org.openjdk.nashorn.internal.codegen.types.Type$7 (org.openjdk.nashorn)
2678:             1             40  org.spongepowered.asm.mixin.MixinEnvironment$CompatibilityLevel (org.spongepowered.mixin)
2679:             1             40  org.spongepowered.asm.mixin.MixinEnvironment$CompatibilityLevel$1 (org.spongepowered.mixin)
2680:             1             40  org.spongepowered.asm.mixin.MixinEnvironment$CompatibilityLevel$10 (org.spongepowered.mixin)
2681:             1             40  org.spongepowered.asm.mixin.MixinEnvironment$CompatibilityLevel$11 (org.spongepowered.mixin)
2682:             1             40  org.spongepowered.asm.mixin.MixinEnvironment$CompatibilityLevel$12 (org.spongepowered.mixin)
2683:             1             40  org.spongepowered.asm.mixin.MixinEnvironment$CompatibilityLevel$2 (org.spongepowered.mixin)
2684:             1             40  org.spongepowered.asm.mixin.MixinEnvironment$CompatibilityLevel$3 (org.spongepowered.mixin)
2685:             1             40  org.spongepowered.asm.mixin.MixinEnvironment$CompatibilityLevel$4 (org.spongepowered.mixin)
2686:             1             40  org.spongepowered.asm.mixin.MixinEnvironment$CompatibilityLevel$5 (org.spongepowered.mixin)
2687:             1             40  org.spongepowered.asm.mixin.MixinEnvironment$CompatibilityLevel$6 (org.spongepowered.mixin)
2688:             1             40  org.spongepowered.asm.mixin.MixinEnvironment$CompatibilityLevel$7 (org.spongepowered.mixin)
2689:             1             40  org.spongepowered.asm.mixin.MixinEnvironment$CompatibilityLevel$8 (org.spongepowered.mixin)
2690:             1             40  org.spongepowered.asm.mixin.MixinEnvironment$CompatibilityLevel$9 (org.spongepowered.mixin)
2691:             1             40  org.spongepowered.asm.mixin.transformer.ext.Extensions (org.spongepowered.mixin)
2692:             1             40  oshi.util.Memoizer$1 (com.github.oshi@6.2.2)
2693:             1             40  sun.nio.cs.StandardCharsets$Aliases (java.base@17.0.15)
2694:             1             40  sun.nio.cs.StandardCharsets$Cache (java.base@17.0.15)
2695:             1             40  sun.text.resources.cldr.FormatData (java.base@17.0.15)
2696:             1             40  sun.text.resources.cldr.FormatData_en (java.base@17.0.15)
2697:             1             40  sun.util.locale.InternalLocaleBuilder (java.base@17.0.15)
2698:             1             40  sun.util.resources.Bundles$1 (java.base@17.0.15)
2699:             1             40  sun.util.resources.cldr.CalendarData (java.base@17.0.15)
2700:             1             32  [Lcom.electronwill.nightconfig.core.io.IndentStyle; (com.electronwill.nightconfig.core@3.6.4)
2701:             1             32  [Lcom.electronwill.nightconfig.core.io.ParsingMode; (com.electronwill.nightconfig.core@3.6.4)
2702:             1             32  [Lcom.google.common.cache.LocalCache$Segment; (com.google.common@31.1-jre)
2703:             1             32  [Lcom.google.common.cache.LocalCache$Strength; (com.google.common@31.1-jre)
2704:             1             32  [Lcom.google.common.collect.AbstractIterator$State; (com.google.common@31.1-jre)
2705:             1             32  [Lcom.google.gson.ReflectionAccessFilter$FilterResult; (com.google.gson@2.10)
2706:             1             32  [Lcom.google.gson.ReflectionAccessFilter$FilterResult;
2707:             1             32  [Lcom.google.gson.ToNumberPolicy; (com.google.gson@2.10)
2708:             1             32  [Lcom.google.gson.ToNumberPolicy;
2709:             1             32  [Lcom.llamalad7.mixinextras.transformer.MixinTransformer; (MixinExtras@0.5.3)
2710:             1             32  [Lcom.mojang.datafixers.functions.PointFreeRule$CompRewrite; (datafixerupper@6.0.8)
2711:             1             32  [Lcom.mojang.datafixers.functions.PointFreeRule; (datafixerupper@6.0.8)
2712:             1             32  [Lcom.sun.org.apache.xerces.internal.utils.XMLSecurityManager$NameMap; (java.xml@17.0.15)
2713:             1             32  [Lcpw.mods.jarhandling.SecureJar$Status; (cpw.mods.securejarhandler)
2714:             1             32  [Lcpw.mods.modlauncher.api.INameMappingService$Domain; (cpw.mods.modlauncher@10.0.9)
2715:             1             32  [Lcpw.mods.modlauncher.api.ITransformerActivity$Type; (cpw.mods.modlauncher@10.0.9)
2716:             1             32  [Lcpw.mods.modlauncher.api.TransformerVoteResult; (cpw.mods.modlauncher@10.0.9)
2717:             1             32  [Lio.netty.util.ResourceLeakDetector$Level; (io.netty.common@4.1.82.Final)
2718:             1             32  [Ljava.lang.ProcessImpl$Platform; (java.base@17.0.15)
2719:             1             32  [Ljava.lang.StackStreamFactory$WalkerState; (java.base@17.0.15)
2720:             1             32  [Ljava.lang.ThreadGroup; (java.base@17.0.15)
2721:             2             32  [Ljava.lang.Throwable; (java.base@17.0.15)
2722:             1             32  [Ljava.lang.invoke.MethodHandleImpl$ArrayAccess; (java.base@17.0.15)
2723:             1             32  [Ljava.lang.invoke.VarHandle$VarHandleDesc$Kind; (java.base@17.0.15)
2724:             1             32  [Ljava.lang.management.MemoryManagerMXBean; (java.management@17.0.15)
2725:             1             32  [Ljava.lang.module.ModuleDescriptor$Modifier; (java.base@17.0.15)
2726:             1             32  [Ljava.net.Proxy$Type; (java.base@17.0.15)
2727:             1             32  [Ljava.nio.file.AccessMode; (java.base@17.0.15)
2728:             1             32  [Ljava.nio.file.FileTreeWalker$EventType; (java.base@17.0.15)
2729:             1             32  [Ljava.nio.file.StandardCopyOption; (java.base@17.0.15)
2730:             1             32  [Ljava.text.Normalizer$Form; (java.base@17.0.15)
2731:             1             32  [Ljava.time.format.DateTimeFormatterBuilder$SettingsParser; (java.base@17.0.15)
2732:             1             32  [Ljava.time.format.ResolverStyle; (java.base@17.0.15)
2733:             1             32  [Ljava.time.temporal.IsoFields$Field; (java.base@17.0.15)
2734:             1             32  [Ljava.time.temporal.JulianFields$Field; (java.base@17.0.15)
2735:             1             32  [Ljava.time.zone.ZoneOffsetTransitionRule$TimeDefinition; (java.base@17.0.15)
2736:             1             32  [Ljava.util.regex.Pattern$Qtype; (java.base@17.0.15)
2737:             1             32  [Ljava.util.stream.MatchOps$MatchKind; (java.base@17.0.15)
2738:             1             32  [Ljava.util.stream.StreamShape; (java.base@17.0.15)
2739:             1             32  [Ljavax.xml.catalog.CatalogFeatures$Feature; (java.xml@17.0.15)
2740:             1             32  [Ljdk.dynalink.BiClassValue$RetentionDirection; (jdk.dynalink@17.0.15)
2741:             1             32  [Ljdk.dynalink.StandardNamespace; (jdk.dynalink@17.0.15)
2742:             1             32  [Ljdk.dynalink.beans.GuardedInvocationComponent$ValidationType; (jdk.dynalink@17.0.15)
2743:             1             32  [Ljdk.internal.icu.util.CodePointTrie$ValueWidth; (java.base@17.0.15)
2744:             1             32  [Ljdk.internal.logger.BootstrapLogger$LoggingBackend; (java.base@17.0.15)
2745:             1             32  [Ljdk.internal.math.FormattedFloatingDecimal$Form; (java.base@17.0.15)
2746:             1             32  [Ljdk.internal.module.ServicesCatalog; (java.base@17.0.15)
2747:             1             32  [Lnet.fabricmc.loader.api.metadata.ModOrigin$Kind; (net.fabricmc.loader@2.6.0+0.15.0+1.20.1-full)
2748:             1             32  [Lnet.minecraft.client.User$Type; (minecraft@1.20.1)
2749:             1             32  [Lnet.minecraft.util.ByIdMap$OutOfBoundsStrategy; (minecraft@1.20.1)
2750:             1             32  [Lnet.minecraft.world.effect.MobEffectCategory; (minecraft@1.20.1)
2751:             1             32  [Lnet.minecraft.world.item.Rarity; (minecraft@1.20.1)
2752:             1             32  [Lnet.minecraft.world.item.enchantment.Enchantment$Rarity; (minecraft@1.20.1)
2753:             1             32  [Lnet.minecraft.world.level.block.WeatheringCopper$WeatherState; (minecraft@1.20.1)
2754:             1             32  [Lnet.minecraft.world.level.block.state.BlockBehaviour$OffsetType; (minecraft@1.20.1)
2755:             1             32  [Lnet.minecraft.world.level.block.state.properties.BooleanProperty; (minecraft@1.20.1)
2756:             1             32  [Lnet.minecraft.world.level.block.state.properties.NoteBlockInstrument$Type; (minecraft@1.20.1)
2757:             1             32  [Lnet.minecraft.world.level.levelgen.Heightmap$Usage; (minecraft@1.20.1)
2758:             1             32  [Lnet.minecraft.world.level.pathfinder.PathComputationType; (minecraft@1.20.1)
2759:             1             32  [Lnet.minecraftforge.accesstransformer.AccessTransformer$FinalState; (accesstransformers@8.0.4)
2760:             1             32  [Lnet.minecraftforge.accesstransformer.TargetType; (accesstransformers@8.0.4)
2761:             1             32  [Lnet.minecraftforge.fml.earlydisplay.ElementShader$RenderType; (fmlearlydisplay@1.20.1-47.4.13)
2762:             1             32  [Lnet.minecraftforge.fml.earlydisplay.SimpleBufferBuilder$Format; (fmlearlydisplay@1.20.1-47.4.13)
2763:             1             32  [Lnet.minecraftforge.fml.loading.FMLPaths; (fmlloader@1.20.1-47.4.13)
2764:             1             32  [Lnet.minecraftforge.installer.HashFunction;
2765:             1             32  [Lnet.minecraftforge.installer.actions.ProgressCallback$MessagePriority;
2766:             1             32  [Lorg.antlr.v4.runtime.CodePointBuffer$Type; (org.antlr.antlr4.runtime@4.9.1)
2767:             1             32  [Lorg.antlr.v4.runtime.atn.PredictionMode; (org.antlr.antlr4.runtime@4.9.1)
2768:             2             32  [Lorg.apache.logging.log4j.core.appender.rolling.action.Action; (org.apache.logging.log4j.core@2.19.0)
2769:             1             32  [Lorg.apache.logging.log4j.core.config.LoggerConfig$LoggerConfigPredicate; (org.apache.logging.log4j.core@2.19.0)
2770:             1             32  [Lorg.apache.logging.log4j.core.util.datetime.FixedDateFormat$FixedTimeZoneFormat; (org.apache.logging.log4j.core@2.19.0)
2771:             1             32  [Lorg.lwjgl.Version$BuildType; (org.lwjgl@3.3.1+7)
2772:             1             32  [Lorg.lwjgl.system.Platform$Architecture; (org.lwjgl@3.3.1+7)
2773:             1             32  [Lorg.lwjgl.system.Platform; (org.lwjgl@3.3.1+7)
2774:             1             32  [Lorg.openjdk.nashorn.internal.runtime.Context$FieldMode; (org.openjdk.nashorn)
2775:             1             32  [Lorg.openjdk.nashorn.internal.runtime.ScriptEnvironment$AnonymousClasses; (org.openjdk.nashorn)
2776:             1             32  [Lorg.openjdk.nashorn.internal.runtime.ScriptEnvironment$FunctionStatementBehavior; (org.openjdk.nashorn)
2777:             1             32  [Lorg.prismlauncher.EntryPoint$PreLaunchAction;
2778:             1             32  [Lorg.spongepowered.asm.launch.platform.IMixinPlatformAgent$AcceptResult; (org.spongepowered.mixin)
2779:             1             32  [Lorg.spongepowered.asm.mixin.MixinEnvironment$Option$Inherit; (org.spongepowered.mixin)
2780:             1             32  [Lorg.spongepowered.asm.mixin.MixinEnvironment$Side; (org.spongepowered.mixin)
2781:             1             32  [Lorg.spongepowered.asm.mixin.transformer.MixinCoprocessor$ProcessResult; (org.spongepowered.mixin)
2782:             1             32  [Lorg.spongepowered.asm.mixin.transformer.PluginHandle$CompatibilityMode; (org.spongepowered.mixin)
2783:             1             32  [Lsun.security.provider.NativePRNG$Variant; (java.base@17.0.15)
2784:             2             32  com.electronwill.nightconfig.core.InMemoryCommentedFormat (com.electronwill.nightconfig.core@3.6.4)
2785:             2             32  com.electronwill.nightconfig.core.InMemoryFormat (com.electronwill.nightconfig.core@3.6.4)
2786:             2             32  com.google.common.collect.Interners$InternerImpl (com.google.common@31.1-jre)
2787:             1             32  com.google.common.collect.Iterators$ArrayItr (com.google.common@31.1-jre)
2788:             1             32  com.google.common.hash.MessageDigestHashFunction (com.google.common@31.1-jre)
2789:             2             32  com.google.gson.internal.ConstructorConstructor$13
2790:             1             32  com.google.gson.internal.bind.ReflectiveTypeAdapterFactory
2791:             1             32  com.google.gson.internal.bind.TreeTypeAdapter$SingleTypeFactory
2792:             1             32  com.google.gson.internal.reflect.ReflectionHelper$RecordSupportedHelper
2793:             1             32  com.google.gson.internal.reflect.ReflectionHelper$RecordSupportedHelper (com.google.gson@2.10)
2794:             1             32  com.mojang.datafixers.DataFixerUpper (datafixerupper@6.0.8)
2795:             1             32  com.mojang.serialization.Codec$3 (datafixerupper@6.0.8)
2796:             1             32  com.sun.jmx.mbeanserver.Repository (java.management@17.0.15)
2797:             1             32  com.sun.jna.Library$Handler (com.sun.jna@5.12.1)
2798:             1             32  com.sun.management.internal.OperatingSystemImpl (jdk.management@17.0.15)
2799:             2             32  com.sun.org.apache.xerces.internal.impl.dv.dtd.ENTITYDatatypeValidator (java.xml@17.0.15)
2800:             1             32  cpw.mods.modlauncher.ClassTransformer (cpw.mods.modlauncher@10.0.9)
2801:             2             32  io.netty.util.internal.logging.Slf4JLoggerFactory (io.netty.common@4.1.82.Final)
2802:             1             32  java.io.UnixFileSystem (java.base@17.0.15)
2803:             2             32  java.lang.Boolean (java.base@17.0.15)
2804:             1             32  java.lang.Module$ArchivedData (java.base@17.0.15)
2805:             2             32  java.lang.Shutdown$Lock (java.base@17.0.15)
2806:             1             32  java.net.InetAddress$CachedLocalHost (java.base@17.0.15)
2807:             1             32  java.net.InetAddress$InetAddressHolder (java.base@17.0.15)
2808:             2             32  java.nio.ByteOrder (java.base@17.0.15)
2809:             2             32  java.nio.file.attribute.PosixFilePermissions$1 (java.base@17.0.15)
2810:             1             32  java.text.DontCareFieldPosition (java.base@17.0.15)
2811:             2             32  java.time.format.DateTimeFormatterBuilder$StringLiteralPrinterParser (java.base@17.0.15)
2812:             1             32  java.util.ArrayList$Itr (java.base@17.0.15)
2813:             2             32  java.util.IdentityHashMap$Values (java.base@17.0.15)
2814:             1             32  java.util.LinkedHashMap$LinkedKeyIterator (java.base@17.0.15)
2815:             1             32  java.util.Random (java.base@17.0.15)
2816:             2             32  java.util.ResourceBundle$SingleFormatControl (java.base@17.0.15)
2817:             2             32  java.util.TreeMap$EntrySet (java.base@17.0.15)
2818:             2             32  java.util.TreeMap$KeySet (java.base@17.0.15)
2819:             2             32  java.util.TreeSet (java.base@17.0.15)
2820:             1             32  java.util.concurrent.FutureTask (java.base@17.0.15)
2821:             1             32  java.util.concurrent.ScheduledThreadPoolExecutor$DelayedWorkQueue (java.base@17.0.15)
2822:             2             32  java.util.concurrent.SynchronousQueue$TransferStack (java.base@17.0.15)
2823:             1             32  java.util.concurrent.SynchronousQueue$TransferStack$SNode (java.base@17.0.15)
2824:             1             32  java.util.concurrent.ThreadLocalRandom (java.base@17.0.15)
2825:             1             32  java.util.concurrent.locks.AbstractQueuedSynchronizer$ExclusiveNode (java.base@17.0.15)
2826:             1             32  java.util.logging.LogManager$SystemLoggerContext (java.logging@17.0.15)
2827:             2             32  java.util.regex.CharPredicates$$Lambda$1260/0x00000008002fb2d8 (java.base@17.0.15)
2828:             1             32  java.util.regex.Pattern$BnM (java.base@17.0.15)
2829:             1             32  java.util.regex.Pattern$NotBehind (java.base@17.0.15)
2830:             1             32  java.util.zip.ZipCoder$UTF8ZipCoder (java.base@17.0.15)
2831:             2             32  jdk.dynalink.linker.support.Lookup (jdk.dynalink@17.0.15)
2832:             1             32  jdk.internal.loader.ArchivedClassLoaders (java.base@17.0.15)
2833:             1             32  jdk.internal.module.ArchivedModuleGraph (java.base@17.0.15)
2834:             2             32  jdk.internal.module.ModuleResolution (java.base@17.0.15)
2835:             2             32  jdk.internal.module.ModuleTarget (java.base@17.0.15)
2836:             1             32  jdk.internal.org.objectweb.asm.ConstantDynamic (java.base@17.0.15)
2837:             1             32  jdk.internal.org.objectweb.asm.Handle (java.base@17.0.15)
2838:             1             32  jdk.internal.reflect.UnsafeQualifiedStaticLongFieldAccessorImpl (java.base@17.0.15)
2839:             2             32  jdk.proxy2.$Proxy15 (jdk.proxy2)
2840:             2             32  jdk.proxy2.$Proxy23 (jdk.proxy2)
2841:             2             32  net.minecraft.network.chat.FormattedText$2 (minecraft@1.20.1)
2842:             2             32  net.minecraft.tags.TagKey$$Lambda$2745/0x0000000800a0dd40 (minecraft@1.20.1)
2843:             1             32  net.minecraft.util.CrudeIncrementalIntIdentityHashBiMap (minecraft@1.20.1)
2844:             1             32  net.minecraft.util.SegmentedAnglePrecision (minecraft@1.20.1)
2845:             2             32  net.minecraft.util.datafix.fixes.AbstractPoiSectionFix$$Lambda$2302/0x00000008008ad6c8 (minecraft@1.20.1)
2846:             1             32  net.minecraft.util.datafix.fixes.AdvancementsFix (minecraft@1.20.1)
2847:             1             32  net.minecraft.util.datafix.fixes.BitStorageAlignFix$$Lambda$2319/0x00000008008b6c68 (minecraft@1.20.1)
2848:             1             32  net.minecraft.util.datafix.fixes.BlendingDataFix (minecraft@1.20.1)
2849:             1             32  net.minecraft.util.datafix.fixes.BlockEntityRenameFix (minecraft@1.20.1)
2850:             1             32  net.minecraft.util.datafix.fixes.BlockEntityUUIDFix (minecraft@1.20.1)
2851:             1             32  net.minecraft.util.datafix.fixes.ChunkHeightAndBiomeFix$$Lambda$2332/0x00000008008b3958 (minecraft@1.20.1)
2852:             2             32  net.minecraft.util.datafix.fixes.CriteriaRenameFix$$Lambda$2341/0x00000008008bb5f8 (minecraft@1.20.1)
2853:             1             32  net.minecraft.util.datafix.fixes.EntityBlockStateFix$$Lambda$2259/0x000000080089d1b8 (minecraft@1.20.1)
2854:             1             32  net.minecraft.util.datafix.fixes.EntityCatSplitFix (minecraft@1.20.1)
2855:             1             32  net.minecraft.util.datafix.fixes.EntityCodSalmonFix (minecraft@1.20.1)
2856:             1             32  net.minecraft.util.datafix.fixes.EntityElderGuardianSplitFix (minecraft@1.20.1)
2857:             1             32  net.minecraft.util.datafix.fixes.EntityHorseSplitFix (minecraft@1.20.1)
2858:             1             32  net.minecraft.util.datafix.fixes.EntityPufferfishRenameFix (minecraft@1.20.1)
2859:             1             32  net.minecraft.util.datafix.fixes.EntityRavagerRenameFix (minecraft@1.20.1)
2860:             1             32  net.minecraft.util.datafix.fixes.EntityRidingToPassengersFix$$Lambda$2232/0x0000000800893630 (minecraft@1.20.1)
2861:             1             32  net.minecraft.util.datafix.fixes.EntitySkeletonSplitFix (minecraft@1.20.1)
2862:             1             32  net.minecraft.util.datafix.fixes.EntityTheRenameningFix (minecraft@1.20.1)
2863:             1             32  net.minecraft.util.datafix.fixes.EntityTippedArrowFix (minecraft@1.20.1)
2864:             1             32  net.minecraft.util.datafix.fixes.EntityUUIDFix (minecraft@1.20.1)
2865:             1             32  net.minecraft.util.datafix.fixes.EntityZombieSplitFix (minecraft@1.20.1)
2866:             1             32  net.minecraft.util.datafix.fixes.EntityZombifiedPiglinRenameFix (minecraft@1.20.1)
2867:             1             32  net.minecraft.util.datafix.fixes.FeatureFlagRemoveFix (minecraft@1.20.1)
2868:             1             32  net.minecraft.util.datafix.fixes.FilteredBooksFix (minecraft@1.20.1)
2869:             1             32  net.minecraft.util.datafix.fixes.GoatHornIdFix (minecraft@1.20.1)
2870:             1             32  net.minecraft.util.datafix.fixes.ItemRemoveBlockEntityTagFix (minecraft@1.20.1)
2871:             1             32  net.minecraft.util.datafix.fixes.ItemRemoveBlockEntityTagFix$$Lambda$2263/0x000000080089dd50 (minecraft@1.20.1)
2872:             1             32  net.minecraft.util.datafix.fixes.ItemStackUUIDFix (minecraft@1.20.1)
2873:             1             32  net.minecraft.util.datafix.fixes.LeavesFix$$Lambda$2277/0x00000008008a1a60 (minecraft@1.20.1)
2874:             1             32  net.minecraft.util.datafix.fixes.LevelUUIDFix (minecraft@1.20.1)
2875:             1             32  net.minecraft.util.datafix.fixes.MissingDimensionFix$$Lambda$2322/0x00000008008b7808 (minecraft@1.20.1)
2876:             1             32  net.minecraft.util.datafix.fixes.NewVillageFix$$Lambda$2293/0x00000008008ab3b0 (minecraft@1.20.1)
2877:             1             32  net.minecraft.util.datafix.fixes.OminousBannerRenameFix (minecraft@1.20.1)
2878:             1             32  net.minecraft.util.datafix.fixes.PlayerUUIDFix (minecraft@1.20.1)
2879:             1             32  net.minecraft.util.datafix.fixes.PoiTypeRemoveFix (minecraft@1.20.1)
2880:             1             32  net.minecraft.util.datafix.fixes.PoiTypeRenameFix (minecraft@1.20.1)
2881:             1             32  net.minecraft.util.datafix.fixes.RemapChunkStatusFix (minecraft@1.20.1)
2882:             1             32  net.minecraft.util.datafix.fixes.SavedDataUUIDFix (minecraft@1.20.1)
2883:             1             32  net.minecraft.util.datafix.fixes.SpawnerDataFix$$Lambda$2330/0x00000008008b34c8 (minecraft@1.20.1)
2884:             1             32  net.minecraft.util.datafix.fixes.TrappedChestBlockEntityFix$$Lambda$2289/0x00000008008aa0b8 (minecraft@1.20.1)
2885:             1             32  net.minecraft.util.datafix.fixes.VillagerRebuildLevelAndXpFix$$Lambda$2299/0x00000008008acff0 (minecraft@1.20.1)
2886:             2             32  net.minecraft.util.datafix.fixes.WorldGenSettingsDisallowOldCustomWorldsFix$$Lambda$2333/0x00000008008b3ba0 (minecraft@1.20.1)
2887:             2             32  net.minecraft.util.datafix.schemas.V703$$Lambda$1891/0x000000080083b980 (minecraft@1.20.1)
2888:             2             32  net.minecraft.util.datafix.schemas.V703$$Lambda$1892/0x000000080083bba8 (minecraft@1.20.1)
2889:             2             32  net.minecraft.util.datafix.schemas.V703$$Lambda$1893/0x000000080083bdd0 (minecraft@1.20.1)
2890:             2             32  net.minecraft.util.datafix.schemas.V703$$Lambda$1894/0x000000080083bff8 (minecraft@1.20.1)
2891:             2             32  net.minecraft.util.datafix.schemas.V703$$Lambda$1895/0x000000080083c220 (minecraft@1.20.1)
2892:             1             32  net.minecraft.world.item.enchantment.ArrowDamageEnchantment (minecraft@1.20.1)
2893:             1             32  net.minecraft.world.item.enchantment.ArrowFireEnchantment (minecraft@1.20.1)
2894:             1             32  net.minecraft.world.item.enchantment.ArrowInfiniteEnchantment (minecraft@1.20.1)
2895:             1             32  net.minecraft.world.item.enchantment.ArrowKnockbackEnchantment (minecraft@1.20.1)
2896:             1             32  net.minecraft.world.item.enchantment.ArrowPiercingEnchantment (minecraft@1.20.1)
2897:             1             32  net.minecraft.world.item.enchantment.BindingCurseEnchantment (minecraft@1.20.1)
2898:             1             32  net.minecraft.world.item.enchantment.DigDurabilityEnchantment (minecraft@1.20.1)
2899:             1             32  net.minecraft.world.item.enchantment.DiggingEnchantment (minecraft@1.20.1)
2900:             1             32  net.minecraft.world.item.enchantment.FireAspectEnchantment (minecraft@1.20.1)
2901:             1             32  net.minecraft.world.item.enchantment.FishingSpeedEnchantment (minecraft@1.20.1)
2902:             1             32  net.minecraft.world.item.enchantment.FrostWalkerEnchantment (minecraft@1.20.1)
2903:             1             32  net.minecraft.world.item.enchantment.KnockbackEnchantment (minecraft@1.20.1)
2904:             1             32  net.minecraft.world.item.enchantment.MendingEnchantment (minecraft@1.20.1)
2905:             1             32  net.minecraft.world.item.enchantment.MultiShotEnchantment (minecraft@1.20.1)
2906:             1             32  net.minecraft.world.item.enchantment.OxygenEnchantment (minecraft@1.20.1)
2907:             1             32  net.minecraft.world.item.enchantment.QuickChargeEnchantment (minecraft@1.20.1)
2908:             1             32  net.minecraft.world.item.enchantment.SoulSpeedEnchantment (minecraft@1.20.1)
2909:             1             32  net.minecraft.world.item.enchantment.SweepingEdgeEnchantment (minecraft@1.20.1)
2910:             1             32  net.minecraft.world.item.enchantment.SwiftSneakEnchantment (minecraft@1.20.1)
2911:             1             32  net.minecraft.world.item.enchantment.ThornsEnchantment (minecraft@1.20.1)
2912:             1             32  net.minecraft.world.item.enchantment.TridentChannelingEnchantment (minecraft@1.20.1)
2913:             1             32  net.minecraft.world.item.enchantment.TridentImpalerEnchantment (minecraft@1.20.1)
2914:             1             32  net.minecraft.world.item.enchantment.TridentLoyaltyEnchantment (minecraft@1.20.1)
2915:             1             32  net.minecraft.world.item.enchantment.TridentRiptideEnchantment (minecraft@1.20.1)
2916:             1             32  net.minecraft.world.item.enchantment.UntouchingEnchantment (minecraft@1.20.1)
2917:             1             32  net.minecraft.world.item.enchantment.VanishingCurseEnchantment (minecraft@1.20.1)
2918:             1             32  net.minecraft.world.item.enchantment.WaterWalkerEnchantment (minecraft@1.20.1)
2919:             1             32  net.minecraft.world.item.enchantment.WaterWorkerEnchantment (minecraft@1.20.1)
2920:             2             32  net.minecraft.world.level.block.CaveVines$$Lambda$1776/0x00000008007b38c0 (minecraft@1.20.1)
2921:             2             32  net.minecraft.world.level.block.state.StateHolder$$Lambda$1476/0x0000000800716a88 (minecraft@1.20.1)
2922:             1             32  net.minecraft.world.level.levelgen.carver.CarverDebugSettings (minecraft@1.20.1)
2923:             1             32  net.minecraft.world.level.material.EmptyFluid (minecraft@1.20.1)
2924:             1             32  net.minecraft.world.level.material.LavaFluid$Flowing (minecraft@1.20.1)
2925:             1             32  net.minecraft.world.level.material.LavaFluid$Source (minecraft@1.20.1)
2926:             1             32  net.minecraft.world.level.material.WaterFluid$Flowing (minecraft@1.20.1)
2927:             1             32  net.minecraft.world.level.material.WaterFluid$Source (minecraft@1.20.1)
2928:             2             32  net.minecraft.world.level.storage.loot.providers.nbt.LootNbtProviderType (minecraft@1.20.1)
2929:             2             32  net.minecraft.world.level.storage.loot.providers.score.LootScoreProviderType (minecraft@1.20.1)
2930:             2             32  net.minecraftforge.coremod.CoreModTracker (net.minecraftforge.coremod)
2931:             1             32  net.minecraftforge.fml.earlydisplay.ElementShader (fmlearlydisplay@1.20.1-47.4.13)
2932:             1             32  net.minecraftforge.fml.earlydisplay.PerformanceInfo (fmlearlydisplay@1.20.1-47.4.13)
2933:             1             32  net.minecraftforge.fml.earlydisplay.SimpleFont (fmlearlydisplay@1.20.1-47.4.13)
2934:             1             32  net.minecraftforge.fml.loading.LanguageLoadingProvider (fmlloader@1.20.1-47.4.13)
2935:             1             32  net.minecraftforge.fml.loading.LoadingModList (fmlloader@1.20.1-47.4.13)
2936:             1             32  net.minecraftforge.fml.loading.VersionInfo (fmlloader@1.20.1-47.4.13)
2937:             1             32  net.minecraftforge.fml.loading.moddiscovery.ModDiscoverer (fmlloader@1.20.1-47.4.13)
2938:             1             32  net.minecraftforge.fml.loading.progress.ProgressMeter (fmlloader@1.20.1-47.4.13)
2939:             2             32  net.minecraftforge.jarjar.metadata.json.ArtifactVersionSerializer (JarJarMetadata@0.3.19)
2940:             1             32  net.minecraftforge.registries.GameData$BlockCallbacks$1 (forge@47.4.13)
2941:             1             32  org.antlr.v4.runtime.atn.EmptyPredictionContext (org.antlr.antlr4.runtime@4.9.1)
2942:             2             32  org.antlr.v4.runtime.atn.PredictionContextCache (org.antlr.antlr4.runtime@4.9.1)
2943:             2             32  org.apache.commons.lang3.text.StrMatcher$CharSetMatcher (org.apache.commons.lang3@3.12.0)
2944:             2             32  org.apache.commons.lang3.text.translate.UnicodeUnpairedSurrogateRemover (org.apache.commons.lang3@3.12.0)
2945:             1             32  org.apache.logging.log4j.core.appender.rolling.SizeBasedTriggeringPolicy (org.apache.logging.log4j.core@2.19.0)
2946:             2             32  org.apache.logging.log4j.core.config.DefaultAdvertiser (org.apache.logging.log4j.core@2.19.0)
2947:             1             32  org.apache.logging.log4j.core.filter.ThresholdFilter (org.apache.logging.log4j.core@2.19.0)
2948:             1             32  org.apache.logging.log4j.core.impl.ThrowableFormatOptions (org.apache.logging.log4j.core@2.19.0)
2949:             2             32  org.apache.logging.log4j.core.layout.PatternLayout$NoFormatPatternSerializer (org.apache.logging.log4j.core@2.19.0)
2950:             2             32  org.apache.logging.log4j.core.lookup.StrMatcher$CharSetMatcher (org.apache.logging.log4j.core@2.19.0)
2951:             2             32  org.apache.logging.log4j.core.pattern.NameAbbreviator$PatternAbbreviator (org.apache.logging.log4j.core@2.19.0)
2952:             1             32  org.apache.logging.log4j.core.util.DefaultShutdownCallbackRegistry (org.apache.logging.log4j.core@2.19.0)
2953:             2             32  org.apache.logging.log4j.core.util.SystemClock (org.apache.logging.log4j.core@2.19.0)
2954:             1             32  org.apache.logging.log4j.core.util.datetime.FastDateParser$CaseInsensitiveTextStrategy (org.apache.logging.log4j.core@2.19.0)
2955:             2             32  org.apache.logging.log4j.message.ReusableSimpleMessage (org.apache.logging.log4j@2.19.0)
2956:             1             32  org.apache.logging.log4j.status.StatusLogger$BoundedQueue (org.apache.logging.log4j@2.19.0)
2957:             2             32  org.apache.logging.log4j.util.EnvironmentPropertySource (org.apache.logging.log4j@2.19.0)
2958:             2             32  org.apache.logging.log4j.util.PropertiesUtil (org.apache.logging.log4j@2.19.0)
2959:             2             32  org.apache.logging.log4j.util.PropertySource$Comparator (org.apache.logging.log4j@2.19.0)
2960:             2             32  org.apache.logging.log4j.util.SystemPropertiesPropertySource (org.apache.logging.log4j@2.19.0)
2961:             2             32  org.jline.terminal.impl.NativeSignalHandler (jline.terminal@3.12.1)
2962:             1             32  org.lwjgl.system.Platform$1 (org.lwjgl@3.3.1+7)
2963:             1             32  org.lwjgl.system.Platform$2 (org.lwjgl@3.3.1+7)
2964:             1             32  org.lwjgl.system.Platform$3 (org.lwjgl@3.3.1+7)
2965:             1             32  org.openjdk.nashorn.internal.codegen.CompilationPhase$ApplySpecializationPhase (org.openjdk.nashorn)
2966:             1             32  org.openjdk.nashorn.internal.codegen.CompilationPhase$BytecodeGenerationPhase (org.openjdk.nashorn)
2967:             1             32  org.openjdk.nashorn.internal.codegen.CompilationPhase$CacheAstPhase (org.openjdk.nashorn)
2968:             1             32  org.openjdk.nashorn.internal.codegen.CompilationPhase$ConstantFoldingPhase (org.openjdk.nashorn)
2969:             1             32  org.openjdk.nashorn.internal.codegen.CompilationPhase$DeclareLocalSymbolsPhase (org.openjdk.nashorn)
2970:             1             32  org.openjdk.nashorn.internal.codegen.CompilationPhase$InstallPhase (org.openjdk.nashorn)
2971:             1             32  org.openjdk.nashorn.internal.codegen.CompilationPhase$LocalVariableTypeCalculationPhase (org.openjdk.nashorn)
2972:             1             32  org.openjdk.nashorn.internal.codegen.CompilationPhase$LoweringPhase (org.openjdk.nashorn)
2973:             1             32  org.openjdk.nashorn.internal.codegen.CompilationPhase$OptimisticTypeAssignmentPhase (org.openjdk.nashorn)
2974:             1             32  org.openjdk.nashorn.internal.codegen.CompilationPhase$ProgramPointPhase (org.openjdk.nashorn)
2975:             1             32  org.openjdk.nashorn.internal.codegen.CompilationPhase$ReinitializeCachedPhase (org.openjdk.nashorn)
2976:             1             32  org.openjdk.nashorn.internal.codegen.CompilationPhase$ReuseCompileUnitsPhase (org.openjdk.nashorn)
2977:             1             32  org.openjdk.nashorn.internal.codegen.CompilationPhase$ScopeDepthComputationPhase (org.openjdk.nashorn)
2978:             1             32  org.openjdk.nashorn.internal.codegen.CompilationPhase$SplittingPhase (org.openjdk.nashorn)
2979:             1             32  org.openjdk.nashorn.internal.codegen.CompilationPhase$SymbolAssignmentPhase (org.openjdk.nashorn)
2980:             1             32  org.openjdk.nashorn.internal.codegen.CompilerConstants$4 (org.openjdk.nashorn)
2981:             2             32  org.openjdk.nashorn.internal.runtime.Undefined (org.openjdk.nashorn)
2982:             1             32  org.openjdk.nashorn.internal.runtime.linker.JavaAdapterFactory$AdapterInfo (org.openjdk.nashorn)
2983:             2             32  org.slf4j.helpers.BasicMarkerFactory (org.slf4j@2.0.1)
2984:             1             32  org.spongepowered.asm.launch.MixinLaunchPlugin (org.spongepowered.mixin)
2985:             1             32  org.spongepowered.asm.launch.platform.MixinPlatformManager (org.spongepowered.mixin)
2986:             1             32  org.spongepowered.asm.mixin.injection.invoke.arg.ArgsClassGenerator (org.spongepowered.mixin)
2987:             1             32  org.spongepowered.asm.mixin.refmap.ReferenceMapper (org.spongepowered.mixin)
2988:             1             32  org.spongepowered.asm.mixin.transformer.InnerClassGenerator (org.spongepowered.mixin)
2989:             2             32  org.spongepowered.asm.mixin.transformer.MixinConfig$OverwriteOptions (org.spongepowered.mixin)
2990:             1             32  org.spongepowered.asm.mixin.transformer.MixinCoprocessors (org.spongepowered.mixin)
2991:             1             32  org.spongepowered.asm.mixin.transformer.ext.extensions.ExtensionCheckInterfaces (org.spongepowered.mixin)
2992:             2             32  org.spongepowered.asm.obfuscation.RemapperChain (org.spongepowered.mixin)
2993:             1             32  org.spongepowered.asm.service.MixinService (org.spongepowered.mixin)
2994:             2             32  sun.net.www.protocol.file.Handler (java.base@17.0.15)
2995:             1             32  sun.net.www.protocol.https.Handler (java.base@17.0.15)
2996:             2             32  sun.net.www.protocol.jar.Handler (java.base@17.0.15)
2997:             2             32  sun.net.www.protocol.jrt.Handler (java.base@17.0.15)
2998:             1             32  sun.nio.fs.LinuxFileSystem (java.base@17.0.15)
2999:             2             32  sun.reflect.generics.tree.ArrayTypeSignature (java.base@17.0.15)
3000:             2             32  sun.reflect.generics.tree.TypeVariableSignature (java.base@17.0.15)
3001:             2             32  sun.security.provider.FileInputStreamPool$UnclosableInputStream (java.base@17.0.15)
3002:             1             32  sun.security.provider.SecureRandom (java.base@17.0.15)
3003:             1             32  sun.security.util.DisabledAlgorithmConstraints (java.base@17.0.15)
3004:             1             32  sun.security.util.DisabledAlgorithmConstraints$DenyAfterConstraint (java.base@17.0.15)
3005:             1             32  sun.security.util.KnownOIDs$1 (java.base@17.0.15)
3006:             1             32  sun.security.util.KnownOIDs$10 (java.base@17.0.15)
3007:             1             32  sun.security.util.KnownOIDs$2 (java.base@17.0.15)
3008:             1             32  sun.security.util.KnownOIDs$3 (java.base@17.0.15)
3009:             1             32  sun.security.util.KnownOIDs$4 (java.base@17.0.15)
3010:             1             32  sun.security.util.KnownOIDs$5 (java.base@17.0.15)
3011:             1             32  sun.security.util.KnownOIDs$6 (java.base@17.0.15)
3012:             1             32  sun.security.util.KnownOIDs$7 (java.base@17.0.15)
3013:             1             32  sun.security.util.KnownOIDs$8 (java.base@17.0.15)
3014:             1             32  sun.security.util.KnownOIDs$9 (java.base@17.0.15)
3015:             1             24  [Lcom.electronwill.nightconfig.core.io.NewlineStyle; (com.electronwill.nightconfig.core@3.6.4)
3016:             1             24  [Lcom.electronwill.nightconfig.core.io.WritingMode; (com.electronwill.nightconfig.core@3.6.4)
3017:             1             24  [Lcom.google.common.cache.CacheBuilder$NullListener; (com.google.common@31.1-jre)
3018:             1             24  [Lcom.google.common.cache.CacheBuilder$OneWeigher; (com.google.common@31.1-jre)
3019:             1             24  [Lcom.google.common.collect.Iterators$EmptyModifiableIterator; (com.google.common@31.1-jre)
3020:             1             24  [Lcom.google.common.collect.MapMaker$Dummy; (com.google.common@31.1-jre)
3021:             1             24  [Lcom.google.common.collect.MapMakerInternalMap$Strength; (com.google.common@31.1-jre)
3022:             1             24  [Lcom.google.common.io.RecursiveDeleteOption; (com.google.common@31.1-jre)
3023:             1             24  [Lcom.google.gson.LongSerializationPolicy; (com.google.gson@2.10)
3024:             1             24  [Lcom.google.gson.LongSerializationPolicy;
3025:             1             24  [Lcom.llamalad7.mixinextras.service.Versioned; (MixinExtras@0.5.3)
3026:             1             24  [Lcom.mojang.datafixers.TypeRewriteRule$Nop; (datafixerupper@6.0.8)
3027:             1             24  [Lcom.mojang.datafixers.functions.PointFreeRule$AppNest; (datafixerupper@6.0.8)
3028:             1             24  [Lcom.mojang.datafixers.functions.PointFreeRule$CataFuseDifferent; (datafixerupper@6.0.8)
3029:             1             24  [Lcom.mojang.datafixers.functions.PointFreeRule$CataFuseSame; (datafixerupper@6.0.8)
3030:             1             24  [Lcom.mojang.datafixers.functions.PointFreeRule$LensComp; (datafixerupper@6.0.8)
3031:             1             24  [Lcom.mojang.datafixers.functions.PointFreeRule$SortInj; (datafixerupper@6.0.8)
3032:             1             24  [Lcom.mojang.datafixers.functions.PointFreeRule$SortProj; (datafixerupper@6.0.8)
3033:             1             24  [Lcom.mojang.datafixers.util.Unit; (datafixerupper@6.0.8)
3034:             1             24  [Lcom.sun.org.apache.xerces.internal.utils.XMLSecurityPropertyManager$Property; (java.xml@17.0.15)
3035:             1             24  [Lio.github.zekerzhayard.forgewrapper.installer.util.ModuleUtil$TypeToAdd;
3036:             1             24  [Ljava.io.File$PathStatus; (java.base@17.0.15)
3037:             1             24  [Ljava.lang.StackWalker$ExtendedOption; (java.base@17.0.15)
3038:             1             24  [Ljava.lang.invoke.MethodHandles$Lookup$ClassOption; (java.base@17.0.15)
3039:             1             24  [Ljava.net.InetAddress; (java.base@17.0.15)
3040:             1             24  [Ljava.nio.file.LinkOption; (java.base@17.0.15)
3041:             1             24  [Ljava.time.temporal.IsoFields$Unit; (java.base@17.0.15)
3042:             1             24  [Ljava.util.Comparators$NaturalOrderComparator; (java.base@17.0.15)
3043:             1             24  [Ljava.util.Locale$Category; (java.base@17.0.15)
3044:             1             24  [Ljdk.internal.icu.util.CodePointTrie$Type; (java.base@17.0.15)
3045:             1             24  [Lnet.minecraft.Util$IdentityStrategy; (minecraft@1.20.1)
3046:             1             24  [Lnet.minecraft.core.Direction$AxisDirection; (minecraft@1.20.1)
3047:             1             24  [Lnet.minecraft.core.Direction$Plane; (minecraft@1.20.1)
3048:             1             24  [Lnet.minecraft.core.Holder$Reference$Type; (minecraft@1.20.1)
3049:             1             24  [Lnet.minecraft.util.Unit; (minecraft@1.20.1)
3050:             1             24  [Lnet.minecraft.world.entity.EquipmentSlot$Type; (minecraft@1.20.1)
3051:             1             24  [Lnet.minecraft.world.level.block.PressurePlateBlock$Sensitivity; (minecraft@1.20.1)
3052:             1             24  [Lnet.minecraft.world.level.chunk.ChunkStatus$ChunkType; (minecraft@1.20.1)
3053:             1             24  [Lnet.minecraftforge.accesstransformer.AccessTransformerEngine; (accesstransformers@8.0.4)
3054:             1             24  [Lnet.minecraftforge.fml.earlydisplay.ColourScheme; (fmlearlydisplay@1.20.1-47.4.13)
3055:             1             24  [Lnet.minecraftforge.fml.earlydisplay.SimpleBufferBuilder$Mode; (fmlearlydisplay@1.20.1-47.4.13)
3056:             1             24  [Lorg.antlr.v4.runtime.atn.ATNDeserializer$UnicodeDeserializingMode; (org.antlr.antlr4.runtime@4.9.1)
3057:             1             24  [Lorg.antlr.v4.runtime.atn.ATNType; (org.antlr.antlr4.runtime@4.9.1)
3058:             1             24  [Lorg.apache.logging.log4j.core.appender.ConsoleAppender$Target; (org.apache.logging.log4j.core@2.19.0)
3059:             1             24  [Lorg.apache.logging.log4j.core.async.ThreadNameCachingStrategy; (org.apache.logging.log4j.core@2.19.0)
3060:             1             24  [Lorg.apache.logging.log4j.core.config.status.StatusConfiguration$Verbosity; (org.apache.logging.log4j.core@2.19.0)
3061:             1             24  [Lorg.apache.logging.log4j.core.pattern.NameAbbreviator$MaxElementAbbreviator$Strategy; (org.apache.logging.log4j.core@2.19.0)
3062:             1             24  [Lsun.security.rsa.RSAUtil$KeyType; (java.base@17.0.15)
3063:             1             24  com.electronwill.nightconfig.core.file.SimpleCommentedFileConfig (com.electronwill.nightconfig.core@3.6.4)
3064:             1             24  com.google.common.cache.CacheBuilder$NullListener (com.google.common@31.1-jre)
3065:             1             24  com.google.common.cache.CacheBuilder$OneWeigher (com.google.common@31.1-jre)
3066:             1             24  com.google.common.cache.LocalCache$EntryFactory$1 (com.google.common@31.1-jre)
3067:             1             24  com.google.common.cache.LocalCache$EntryFactory$2 (com.google.common@31.1-jre)
3068:             1             24  com.google.common.cache.LocalCache$EntryFactory$3 (com.google.common@31.1-jre)
3069:             1             24  com.google.common.cache.LocalCache$EntryFactory$4 (com.google.common@31.1-jre)
3070:             1             24  com.google.common.cache.LocalCache$EntryFactory$5 (com.google.common@31.1-jre)
3071:             1             24  com.google.common.cache.LocalCache$EntryFactory$6 (com.google.common@31.1-jre)
3072:             1             24  com.google.common.cache.LocalCache$EntryFactory$7 (com.google.common@31.1-jre)
3073:             1             24  com.google.common.cache.LocalCache$EntryFactory$8 (com.google.common@31.1-jre)
3074:             1             24  com.google.common.cache.LocalCache$Strength$1 (com.google.common@31.1-jre)
3075:             1             24  com.google.common.cache.LocalCache$Strength$2 (com.google.common@31.1-jre)
3076:             1             24  com.google.common.cache.LocalCache$Strength$3 (com.google.common@31.1-jre)
3077:             1             24  com.google.common.collect.ImmutableMap$IteratorBasedImmutableMap$1EntrySetImpl (com.google.common@31.1-jre)
3078:             1             24  com.google.common.collect.ImmutableSet$EmptySetBuilderImpl (com.google.common@31.1-jre)
3079:             1             24  com.google.common.collect.Iterators$EmptyModifiableIterator (com.google.common@31.1-jre)
3080:             1             24  com.google.common.collect.MapMaker$Dummy (com.google.common@31.1-jre)
3081:             1             24  com.google.common.collect.MapMakerInternalMap$Strength$1 (com.google.common@31.1-jre)
3082:             1             24  com.google.common.collect.MapMakerInternalMap$Strength$2 (com.google.common@31.1-jre)
3083:             1             24  com.google.common.collect.NaturalOrdering (com.google.common@31.1-jre)
3084:             1             24  com.google.common.io.RecursiveDeleteOption (com.google.common@31.1-jre)
3085:             1             24  com.google.gson.FieldNamingPolicy$1 (com.google.gson@2.10)
3086:             1             24  com.google.gson.FieldNamingPolicy$1
3087:             1             24  com.google.gson.FieldNamingPolicy$2 (com.google.gson@2.10)
3088:             1             24  com.google.gson.FieldNamingPolicy$2
3089:             1             24  com.google.gson.FieldNamingPolicy$3 (com.google.gson@2.10)
3090:             1             24  com.google.gson.FieldNamingPolicy$3
3091:             1             24  com.google.gson.FieldNamingPolicy$4 (com.google.gson@2.10)
3092:             1             24  com.google.gson.FieldNamingPolicy$4
3093:             1             24  com.google.gson.FieldNamingPolicy$5 (com.google.gson@2.10)
3094:             1             24  com.google.gson.FieldNamingPolicy$5
3095:             1             24  com.google.gson.FieldNamingPolicy$6 (com.google.gson@2.10)
3096:             1             24  com.google.gson.FieldNamingPolicy$6
3097:             1             24  com.google.gson.FieldNamingPolicy$7 (com.google.gson@2.10)
3098:             1             24  com.google.gson.FieldNamingPolicy$7
3099:             1             24  com.google.gson.LongSerializationPolicy$1
3100:             1             24  com.google.gson.LongSerializationPolicy$1 (com.google.gson@2.10)
3101:             1             24  com.google.gson.LongSerializationPolicy$2
3102:             1             24  com.google.gson.LongSerializationPolicy$2 (com.google.gson@2.10)
3103:             1             24  com.google.gson.ToNumberPolicy$1 (com.google.gson@2.10)
3104:             1             24  com.google.gson.ToNumberPolicy$1
3105:             1             24  com.google.gson.ToNumberPolicy$2 (com.google.gson@2.10)
3106:             1             24  com.google.gson.ToNumberPolicy$2
3107:             1             24  com.google.gson.ToNumberPolicy$3 (com.google.gson@2.10)
3108:             1             24  com.google.gson.ToNumberPolicy$3
3109:             1             24  com.google.gson.ToNumberPolicy$4 (com.google.gson@2.10)
3110:             1             24  com.google.gson.ToNumberPolicy$4
3111:             1             24  com.google.gson.internal.ConstructorConstructor
3112:             1             24  com.google.gson.internal.ConstructorConstructor$19
3113:             1             24  com.google.gson.internal.ConstructorConstructor$3
3114:             1             24  com.google.gson.internal.UnsafeAllocator$1
3115:             1             24  com.google.gson.internal.bind.CollectionTypeAdapterFactory$Adapter (com.google.gson@2.10)
3116:             1             24  com.google.gson.internal.bind.JsonTreeReader$1 (com.google.gson@2.10)
3117:             1             24  com.google.gson.internal.bind.MapTypeAdapterFactory
3118:             1             24  com.google.gson.internal.bind.TypeAdapterRuntimeTypeWrapper (com.google.gson@2.10)
3119:             1             24  com.google.gson.internal.bind.TypeAdapters$33
3120:             1             24  com.google.gson.internal.bind.TypeAdapters$33 (com.google.gson@2.10)
3121:             1             24  com.google.gson.internal.bind.TypeAdapters$34$1 (com.google.gson@2.10)
3122:             1             24  com.llamalad7.mixinextras.lib.semver.VersionParser$CharType$1 (MixinExtras@0.5.3)
3123:             1             24  com.llamalad7.mixinextras.lib.semver.VersionParser$CharType$2 (MixinExtras@0.5.3)
3124:             1             24  com.llamalad7.mixinextras.lib.semver.VersionParser$CharType$3 (MixinExtras@0.5.3)
3125:             1             24  com.llamalad7.mixinextras.lib.semver.VersionParser$CharType$4 (MixinExtras@0.5.3)
3126:             1             24  com.llamalad7.mixinextras.lib.semver.VersionParser$CharType$5 (MixinExtras@0.5.3)
3127:             1             24  com.llamalad7.mixinextras.lib.semver.VersionParser$CharType$6 (MixinExtras@0.5.3)
3128:             1             24  com.llamalad7.mixinextras.lib.semver.VersionParser$CharType$7 (MixinExtras@0.5.3)
3129:             1             24  com.llamalad7.mixinextras.service.ServiceInitializationExtension (MixinExtras@0.5.3)
3130:             1             24  com.llamalad7.mixinextras.transformer.MixinTransformerExtension (MixinExtras@0.5.3)
3131:             1             24  com.llamalad7.mixinextras.utils.InternalConstructor$$Lambda$990/0x0000000800534f68 (MixinExtras@0.5.3)
3132:             1             24  com.mojang.datafixers.TypeRewriteRule$Nop (datafixerupper@6.0.8)
3133:             1             24  com.mojang.datafixers.functions.PointFreeRule$AppNest (datafixerupper@6.0.8)
3134:             1             24  com.mojang.datafixers.functions.PointFreeRule$CataFuseDifferent (datafixerupper@6.0.8)
3135:             1             24  com.mojang.datafixers.functions.PointFreeRule$CataFuseSame (datafixerupper@6.0.8)
3136:             1             24  com.mojang.datafixers.functions.PointFreeRule$Everywhere (datafixerupper@6.0.8)
3137:             1             24  com.mojang.datafixers.functions.PointFreeRule$LensComp (datafixerupper@6.0.8)
3138:             1             24  com.mojang.datafixers.functions.PointFreeRule$SortInj (datafixerupper@6.0.8)
3139:             1             24  com.mojang.datafixers.functions.PointFreeRule$SortProj (datafixerupper@6.0.8)
3140:             1             24  com.mojang.datafixers.types.constant.EmptyPart (datafixerupper@6.0.8)
3141:             1             24  com.mojang.datafixers.types.constant.EmptyPartPassthrough (datafixerupper@6.0.8)
3142:             1             24  com.mojang.datafixers.util.Unit (datafixerupper@6.0.8)
3143:             1             24  com.mojang.serialization.MapDecoder$3 (datafixerupper@6.0.8)
3144:             1             24  com.mojang.serialization.MapEncoder$2 (datafixerupper@6.0.8)
3145:             1             24  com.mojang.serialization.codecs.UnboundedMapCodec (datafixerupper@6.0.8)
3146:             1             24  com.sun.jmx.mbeanserver.ClassLoaderRepositorySupport (java.management@17.0.15)
3147:             1             24  com.sun.jmx.mbeanserver.MXBeanLookup (java.management@17.0.15)
3148:             1             24  com.sun.jmx.remote.util.ClassLogger (java.management@17.0.15)
3149:             1             24  com.sun.jna.NativeLibrary$NativeLibraryDisposer (com.sun.jna@5.12.1)
3150:             1             24  com.sun.jna.Structure$3 (com.sun.jna@5.12.1)
3151:             1             24  com.sun.jna.WeakMemoryHolder (com.sun.jna@5.12.1)
3152:             1             24  com.sun.jna.internal.Cleaner (com.sun.jna@5.12.1)
3153:             1             24  com.sun.management.internal.HotSpotThreadImpl (jdk.management@17.0.15)
3154:             1             24  com.sun.management.internal.PlatformMBeanProviderImpl$1 (jdk.management@17.0.15)
3155:             1             24  com.sun.management.internal.PlatformMBeanProviderImpl$2 (jdk.management@17.0.15)
3156:             1             24  com.sun.management.internal.PlatformMBeanProviderImpl$3 (jdk.management@17.0.15)
3157:             1             24  com.sun.management.internal.PlatformMBeanProviderImpl$4 (jdk.management@17.0.15)
3158:             1             24  com.sun.management.internal.PlatformMBeanProviderImpl$5 (jdk.management@17.0.15)
3159:             1             24  com.sun.org.apache.xerces.internal.impl.Constants$ArrayEnumeration (java.xml@17.0.15)
3160:             1             24  com.sun.org.apache.xerces.internal.jaxp.SAXParserFactoryImpl (java.xml@17.0.15)
3161:             1             24  cpw.mods.modlauncher.ArgumentHandler$DiscoveryData (cpw.mods.modlauncher@10.0.9)
3162:             1             24  cpw.mods.modlauncher.Environment (cpw.mods.modlauncher@10.0.9)
3163:             1             24  cpw.mods.modlauncher.LaunchPluginHandler$$Lambda$945/0x000000080050f7c8 (cpw.mods.modlauncher@10.0.9)
3164:             1             24  cpw.mods.modlauncher.LaunchPluginHandler$$Lambda$955/0x0000000800514f20 (cpw.mods.modlauncher@10.0.9)
3165:             1             24  cpw.mods.modlauncher.ModuleLayerHandler (cpw.mods.modlauncher@10.0.9)
3166:             1             24  cpw.mods.modlauncher.NameMappingServiceHandler (cpw.mods.modlauncher@10.0.9)
3167:             1             24  cpw.mods.modlauncher.TransformStore (cpw.mods.modlauncher@10.0.9)
3168:             1             24  cpw.mods.modlauncher.TransformationServicesHandler (cpw.mods.modlauncher@10.0.9)
3169:             1             24  cpw.mods.modlauncher.TransformingClassLoaderBuilder (cpw.mods.modlauncher@10.0.9)
3170:             1             24  cpw.mods.niofs.union.UnionFileSystemProvider (cpw.mods.securejarhandler)
3171:             1             24  io.github.zekerzhayard.forgewrapper.installer.detector.MultiMCFileDetector
3172:             1             24  it.unimi.dsi.fastutil.doubles.DoubleLists$UnmodifiableRandomAccessList (it.unimi.dsi.fastutil@8.5.9)
3173:             1             24  it.unimi.dsi.fastutil.ints.IntArrayList (it.unimi.dsi.fastutil@8.5.9)
3174:             1             24  it.unimi.dsi.fastutil.ints.IntArrays$Segment (it.unimi.dsi.fastutil@8.5.9)
3175:             1             24  java.lang.ProcessEnvironment$StringEnvironment (java.base@17.0.15)
3176:             1             24  java.lang.ProcessHandleImpl$$Lambda$282/0x0000000800251968 (java.base@17.0.15)
3177:             1             24  java.lang.StackWalker$ExtendedOption (java.base@17.0.15)
3178:             1             24  java.lang.invoke.DirectMethodHandle$EnsureInitialized (java.base@17.0.15)
3179:             1             24  java.lang.invoke.MethodHandleImpl$ArrayAccessor$1 (java.base@17.0.15)
3180:             1             24  java.lang.invoke.MethodHandleImpl$BindCaller$1 (java.base@17.0.15)
3181:             1             24  java.lang.invoke.MethodHandleImpl$Makers$3 (java.base@17.0.15)
3182:             1             24  java.lang.invoke.MethodType$ConcurrentWeakInternSet (java.base@17.0.15)
3183:             1             24  java.lang.invoke.VarHandleByteArrayAsInts$ArrayHandle (java.base@17.0.15)
3184:             1             24  java.lang.invoke.VarHandleByteArrayAsLongs$ArrayHandle (java.base@17.0.15)
3185:             1             24  java.lang.management.DefaultPlatformMBeanProvider$1 (java.management@17.0.15)
3186:             1             24  java.lang.management.DefaultPlatformMBeanProvider$10 (java.management@17.0.15)
3187:             1             24  java.lang.management.DefaultPlatformMBeanProvider$11 (java.management@17.0.15)
3188:             1             24  java.lang.management.DefaultPlatformMBeanProvider$2 (java.management@17.0.15)
3189:             1             24  java.lang.management.DefaultPlatformMBeanProvider$3 (java.management@17.0.15)
3190:             1             24  java.lang.management.DefaultPlatformMBeanProvider$4 (java.management@17.0.15)
3191:             1             24  java.lang.management.DefaultPlatformMBeanProvider$5 (java.management@17.0.15)
3192:             1             24  java.lang.management.DefaultPlatformMBeanProvider$6 (java.management@17.0.15)
3193:             1             24  java.lang.management.DefaultPlatformMBeanProvider$7 (java.management@17.0.15)
3194:             1             24  java.lang.management.DefaultPlatformMBeanProvider$8 (java.management@17.0.15)
3195:             1             24  java.lang.management.DefaultPlatformMBeanProvider$9 (java.management@17.0.15)
3196:             1             24  java.lang.reflect.Proxy$1 (java.base@17.0.15)
3197:             1             24  java.math.MutableBigInteger (java.base@17.0.15)
3198:             1             24  java.net.Inet4Address (java.base@17.0.15)
3199:             1             24  java.net.Inet4AddressImpl (java.base@17.0.15)
3200:             1             24  java.net.Proxy (java.base@17.0.15)
3201:             1             24  java.nio.file.LinkOption (java.base@17.0.15)
3202:             1             24  java.security.Timestamp (java.base@17.0.15)
3203:             1             24  java.time.Period (java.base@17.0.15)
3204:             1             24  java.time.ZonedDateTime (java.base@17.0.15)
3205:             1             24  java.time.format.DecimalStyle (java.base@17.0.15)
3206:             1             24  java.time.temporal.IsoFields$Field$1 (java.base@17.0.15)
3207:             1             24  java.time.temporal.IsoFields$Field$2 (java.base@17.0.15)
3208:             1             24  java.time.temporal.IsoFields$Field$3 (java.base@17.0.15)
3209:             1             24  java.time.temporal.IsoFields$Field$4 (java.base@17.0.15)
3210:             1             24  java.time.zone.TzdbZoneRulesProvider (java.base@17.0.15)
3211:             1             24  java.util.Collections$EmptyMap (java.base@17.0.15)
3212:             1             24  java.util.Collections$SynchronizedCollection (java.base@17.0.15)
3213:             1             24  java.util.Collections$SynchronizedRandomAccessList (java.base@17.0.15)
3214:             1             24  java.util.Comparators$NaturalOrderComparator (java.base@17.0.15)
3215:             1             24  java.util.Locale$Cache (java.base@17.0.15)
3216:             1             24  java.util.OptionalInt (java.base@17.0.15)
3217:             1             24  java.util.PropertyPermissionCollection (java.base@17.0.15)
3218:             1             24  java.util.ResourceBundle$Control$CandidateListCache (java.base@17.0.15)
3219:             1             24  java.util.concurrent.ConcurrentLinkedDeque (java.base@17.0.15)
3220:             1             24  java.util.concurrent.CopyOnWriteArrayList$COWIterator (java.base@17.0.15)
3221:             1             24  java.util.concurrent.Executors$DelegatedScheduledExecutorService (java.base@17.0.15)
3222:             1             24  java.util.function.Predicate$$Lambda$2580/0x00000008005e5f18 (java.base@17.0.15)
3223:             1             24  java.util.logging.LogManager$LoggerContext (java.logging@17.0.15)
3224:             1             24  java.util.regex.Pattern$BmpCharPredicate$$Lambda$984/0x00000008002eec08 (java.base@17.0.15)
3225:             1             24  jdk.dynalink.beans.BeansLinker$1 (jdk.dynalink@17.0.15)
3226:             1             24  jdk.dynalink.beans.BeansLinker$NoSuchMemberHandlerBindingLinker (jdk.dynalink@17.0.15)
3227:             1             24  jdk.dynalink.beans.StaticClass$1 (jdk.dynalink@17.0.15)
3228:             1             24  jdk.dynalink.beans.StaticClassLinker$1 (jdk.dynalink@17.0.15)
3229:             1             24  jdk.internal.icu.impl.Norm2AllModes (java.base@17.0.15)
3230:             1             24  jdk.internal.icu.impl.Norm2AllModes$ComposeNormalizer2 (java.base@17.0.15)
3231:             1             24  jdk.internal.icu.impl.Norm2AllModes$Norm2AllModesSingleton (java.base@17.0.15)
3232:             1             24  jdk.internal.jimage.ImageReader (java.base@17.0.15)
3233:             1             24  jdk.internal.logger.BootstrapLogger$RedirectedLoggers (java.base@17.0.15)
3234:             1             24  jdk.internal.ref.CleanerImpl (java.base@17.0.15)
3235:             1             24  jdk.jfr.internal.management.StreamManager (jdk.jfr@17.0.15)
3236:             1             24  jdk.management.jfr.internal.FlightRecorderMXBeanProvider$SingleMBeanComponent (jdk.management.jfr@17.0.15)
3237:             1             24  jdk.nio.zipfs.ZipCoder$UTF8 (jdk.zipfs@17.0.15)
3238:             1             24  joptsimple.BuiltinHelpFormatter (jopt.simple@5.0.4)
3239:             1             24  joptsimple.util.PathProperties$1 (jopt.simple@5.0.4)
3240:             1             24  joptsimple.util.PathProperties$2 (jopt.simple@5.0.4)
3241:             1             24  joptsimple.util.PathProperties$3 (jopt.simple@5.0.4)
3242:             1             24  joptsimple.util.PathProperties$4 (jopt.simple@5.0.4)
3243:             1             24  joptsimple.util.PathProperties$5 (jopt.simple@5.0.4)
3244:             1             24  joptsimple.util.PathProperties$6 (jopt.simple@5.0.4)
3245:             1             24  net.fabricmc.loader.impl.ObjectShareImpl (net.fabricmc.loader@2.6.0+0.15.0+1.20.1-full)
3246:             1             24  net.fabricmc.loader.impl.entrypoint.EntrypointStorage (net.fabricmc.loader@2.6.0+0.15.0+1.20.1-full)
3247:             1             24  net.minecraft.Util$IdentityStrategy (minecraft@1.20.1)
3248:             1             24  net.minecraft.client.telemetry.events.GameLoadTimesEvent (minecraft@1.20.1)
3249:             1             24  net.minecraft.core.Direction$Axis$1 (minecraft@1.20.1)
3250:             1             24  net.minecraft.core.Direction$Axis$2 (minecraft@1.20.1)
3251:             1             24  net.minecraft.core.Direction$Axis$3 (minecraft@1.20.1)
3252:             1             24  net.minecraft.core.IdMapper (minecraft@1.20.1)
3253:             1             24  net.minecraft.core.dispenser.DispenseItemBehavior$24 (minecraft@1.20.1)
3254:             1             24  net.minecraft.core.particles.DustColorTransitionOptions (minecraft@1.20.1)
3255:             1             24  net.minecraft.core.particles.DustParticleOptions (minecraft@1.20.1)
3256:             1             24  net.minecraft.util.ExtraCodecs$$Lambda$1079/0x000000080056e3f8 (minecraft@1.20.1)
3257:             1             24  net.minecraft.util.Unit (minecraft@1.20.1)
3258:             1             24  net.minecraft.util.datafix.fixes.AbstractArrowPickupFix (minecraft@1.20.1)
3259:             1             24  net.minecraft.util.datafix.fixes.AttributesRename (minecraft@1.20.1)
3260:             1             24  net.minecraft.util.datafix.fixes.BedItemColorFix (minecraft@1.20.1)
3261:             1             24  net.minecraft.util.datafix.fixes.BitStorageAlignFix (minecraft@1.20.1)
3262:             1             24  net.minecraft.util.datafix.fixes.BlendingDataRemoveFromNetherEndFix (minecraft@1.20.1)
3263:             1             24  net.minecraft.util.datafix.fixes.BlockEntityCustomNameToComponentFix (minecraft@1.20.1)
3264:             1             24  net.minecraft.util.datafix.fixes.BlockEntityIdFix (minecraft@1.20.1)
3265:             1             24  net.minecraft.util.datafix.fixes.BlockNameFlatteningFix (minecraft@1.20.1)
3266:             1             24  net.minecraft.util.datafix.fixes.BlockStateStructureTemplateFix (minecraft@1.20.1)
3267:             1             24  net.minecraft.util.datafix.fixes.CauldronRenameFix (minecraft@1.20.1)
3268:             1             24  net.minecraft.util.datafix.fixes.ChunkBedBlockEntityInjecterFix (minecraft@1.20.1)
3269:             1             24  net.minecraft.util.datafix.fixes.ChunkBedBlockEntityInjecterFix$$Lambda$2250/0x000000080089bb48 (minecraft@1.20.1)
3270:             1             24  net.minecraft.util.datafix.fixes.ChunkBiomeFix (minecraft@1.20.1)
3271:             1             24  net.minecraft.util.datafix.fixes.ChunkDeleteIgnoredLightDataFix (minecraft@1.20.1)
3272:             1             24  net.minecraft.util.datafix.fixes.ChunkDeleteLightFix (minecraft@1.20.1)
3273:             1             24  net.minecraft.util.datafix.fixes.ChunkHeightAndBiomeFix (minecraft@1.20.1)
3274:             1             24  net.minecraft.util.datafix.fixes.ChunkLightRemoveFix (minecraft@1.20.1)
3275:             1             24  net.minecraft.util.datafix.fixes.ChunkPalettedStorageFix (minecraft@1.20.1)
3276:             1             24  net.minecraft.util.datafix.fixes.ChunkProtoTickListFix (minecraft@1.20.1)
3277:             1             24  net.minecraft.util.datafix.fixes.ChunkRenamesFix (minecraft@1.20.1)
3278:             1             24  net.minecraft.util.datafix.fixes.ChunkRenamesFix$$Lambda$2335/0x00000008008ba670 (minecraft@1.20.1)
3279:             1             24  net.minecraft.util.datafix.fixes.ChunkStatusFix (minecraft@1.20.1)
3280:             1             24  net.minecraft.util.datafix.fixes.ChunkStatusFix2 (minecraft@1.20.1)
3281:             1             24  net.minecraft.util.datafix.fixes.ChunkStructuresTemplateRenameFix (minecraft@1.20.1)
3282:             1             24  net.minecraft.util.datafix.fixes.ChunkToProtochunkFix (minecraft@1.20.1)
3283:             1             24  net.minecraft.util.datafix.fixes.DecoratedPotFieldRenameFix (minecraft@1.20.1)
3284:             1             24  net.minecraft.util.datafix.fixes.EffectDurationFix (minecraft@1.20.1)
3285:             1             24  net.minecraft.util.datafix.fixes.EffectDurationFix$$Lambda$2348/0x00000008008bdab8 (minecraft@1.20.1)
3286:             1             24  net.minecraft.util.datafix.fixes.EntityBlockStateFix (minecraft@1.20.1)
3287:             1             24  net.minecraft.util.datafix.fixes.EntityCustomNameToComponentFix (minecraft@1.20.1)
3288:             1             24  net.minecraft.util.datafix.fixes.EntityEquipmentToArmorAndHandFix (minecraft@1.20.1)
3289:             1             24  net.minecraft.util.datafix.fixes.EntityHealthFix (minecraft@1.20.1)
3290:             1             24  net.minecraft.util.datafix.fixes.EntityIdFix (minecraft@1.20.1)
3291:             1             24  net.minecraft.util.datafix.fixes.EntityMinecartIdentifiersFix (minecraft@1.20.1)
3292:             1             24  net.minecraft.util.datafix.fixes.EntityMinecartIdentifiersFix$$Lambda$2226/0x000000080088b978 (minecraft@1.20.1)
3293:             1             24  net.minecraft.util.datafix.fixes.EntityPaintingItemFrameDirectionFix (minecraft@1.20.1)
3294:             1             24  net.minecraft.util.datafix.fixes.EntityPaintingItemFrameDirectionFix$$Lambda$2229/0x0000000800892f60 (minecraft@1.20.1)
3295:             1             24  net.minecraft.util.datafix.fixes.EntityPaintingItemFrameDirectionFix$$Lambda$2230/0x00000008008931a8 (minecraft@1.20.1)
3296:             1             24  net.minecraft.util.datafix.fixes.EntityProjectileOwnerFix (minecraft@1.20.1)
3297:             1             24  net.minecraft.util.datafix.fixes.EntityRedundantChanceTagsFix (minecraft@1.20.1)
3298:             1             24  net.minecraft.util.datafix.fixes.EntityRidingToPassengersFix (minecraft@1.20.1)
3299:             1             24  net.minecraft.util.datafix.fixes.EntityStringUuidFix (minecraft@1.20.1)
3300:             1             24  net.minecraft.util.datafix.fixes.ForcePoiRebuild (minecraft@1.20.1)
3301:             1             24  net.minecraft.util.datafix.fixes.FurnaceRecipeFix (minecraft@1.20.1)
3302:             1             24  net.minecraft.util.datafix.fixes.HeightmapRenamingFix (minecraft@1.20.1)
3303:             1             24  net.minecraft.util.datafix.fixes.HeightmapRenamingFix$$Lambda$2273/0x00000008008a0a08 (minecraft@1.20.1)
3304:             1             24  net.minecraft.util.datafix.fixes.IglooMetadataRemovalFix (minecraft@1.20.1)
3305:             1             24  net.minecraft.util.datafix.fixes.ItemBannerColorFix (minecraft@1.20.1)
3306:             1             24  net.minecraft.util.datafix.fixes.ItemBannerColorFix$$Lambda$2245/0x0000000800898fe0 (minecraft@1.20.1)
3307:             1             24  net.minecraft.util.datafix.fixes.ItemCustomNameToComponentFix (minecraft@1.20.1)
3308:             1             24  net.minecraft.util.datafix.fixes.ItemCustomNameToComponentFix$$Lambda$2268/0x000000080089fab8 (minecraft@1.20.1)
3309:             1             24  net.minecraft.util.datafix.fixes.ItemIdFix (minecraft@1.20.1)
3310:             1             24  net.minecraft.util.datafix.fixes.ItemIdFix$$Lambda$2217/0x000000080087fac8 (minecraft@1.20.1)
3311:             1             24  net.minecraft.util.datafix.fixes.ItemLoreFix (minecraft@1.20.1)
3312:             1             24  net.minecraft.util.datafix.fixes.ItemPotionFix (minecraft@1.20.1)
3313:             1             24  net.minecraft.util.datafix.fixes.ItemPotionFix$$Lambda$2221/0x000000080087fd10 (minecraft@1.20.1)
3314:             1             24  net.minecraft.util.datafix.fixes.ItemShulkerBoxColorFix (minecraft@1.20.1)
3315:             1             24  net.minecraft.util.datafix.fixes.ItemShulkerBoxColorFix$$Lambda$2247/0x0000000800899670 (minecraft@1.20.1)
3316:             1             24  net.minecraft.util.datafix.fixes.ItemSpawnEggFix (minecraft@1.20.1)
3317:             1             24  net.minecraft.util.datafix.fixes.ItemStackEnchantmentNamesFix (minecraft@1.20.1)
3318:             1             24  net.minecraft.util.datafix.fixes.ItemStackEnchantmentNamesFix$$Lambda$2276/0x00000008008a1818 (minecraft@1.20.1)
3319:             1             24  net.minecraft.util.datafix.fixes.ItemStackMapIdFix (minecraft@1.20.1)
3320:             1             24  net.minecraft.util.datafix.fixes.ItemStackMapIdFix$$Lambda$2260/0x000000080089d680 (minecraft@1.20.1)
3321:             1             24  net.minecraft.util.datafix.fixes.ItemStackTheFlatteningFix (minecraft@1.20.1)
3322:             1             24  net.minecraft.util.datafix.fixes.ItemStackTheFlatteningFix$$Lambda$2262/0x000000080089db08 (minecraft@1.20.1)
3323:             1             24  net.minecraft.util.datafix.fixes.ItemStackUUIDFix$$Lambda$2314/0x00000008008b4488 (minecraft@1.20.1)
3324:             1             24  net.minecraft.util.datafix.fixes.ItemWaterPotionFix (minecraft@1.20.1)
3325:             1             24  net.minecraft.util.datafix.fixes.ItemWaterPotionFix$$Lambda$2246/0x0000000800899228 (minecraft@1.20.1)
3326:             1             24  net.minecraft.util.datafix.fixes.ItemWrittenBookPagesStrictJsonFix (minecraft@1.20.1)
3327:             1             24  net.minecraft.util.datafix.fixes.ItemWrittenBookPagesStrictJsonFix$$Lambda$2237/0x0000000800898000 (minecraft@1.20.1)
3328:             1             24  net.minecraft.util.datafix.fixes.JigsawRotationFix (minecraft@1.20.1)
3329:             1             24  net.minecraft.util.datafix.fixes.LeavesFix (minecraft@1.20.1)
3330:             1             24  net.minecraft.util.datafix.fixes.LegacyDragonFightFix (minecraft@1.20.1)
3331:             1             24  net.minecraft.util.datafix.fixes.LevelDataGeneratorOptionsFix (minecraft@1.20.1)
3332:             1             24  net.minecraft.util.datafix.fixes.LevelFlatGeneratorInfoFix (minecraft@1.20.1)
3333:             1             24  net.minecraft.util.datafix.fixes.MapIdFix (minecraft@1.20.1)
3334:             1             24  net.minecraft.util.datafix.fixes.MissingDimensionFix (minecraft@1.20.1)
3335:             1             24  net.minecraft.util.datafix.fixes.MobSpawnerEntityIdentifiersFix (minecraft@1.20.1)
3336:             1             24  net.minecraft.util.datafix.fixes.MobSpawnerEntityIdentifiersFix$$Lambda$2225/0x000000080088b730 (minecraft@1.20.1)
3337:             1             24  net.minecraft.util.datafix.fixes.NewVillageFix (minecraft@1.20.1)
3338:             1             24  net.minecraft.util.datafix.fixes.ObjectiveDisplayNameFix (minecraft@1.20.1)
3339:             1             24  net.minecraft.util.datafix.fixes.ObjectiveRenderTypeFix (minecraft@1.20.1)
3340:             1             24  net.minecraft.util.datafix.fixes.OptionsAccessibilityOnboardFix (minecraft@1.20.1)
3341:             1             24  net.minecraft.util.datafix.fixes.OptionsAddTextBackgroundFix (minecraft@1.20.1)
3342:             1             24  net.minecraft.util.datafix.fixes.OptionsAmbientOcclusionFix (minecraft@1.20.1)
3343:             1             24  net.minecraft.util.datafix.fixes.OptionsForceVBOFix (minecraft@1.20.1)
3344:             1             24  net.minecraft.util.datafix.fixes.OptionsKeyLwjgl3Fix (minecraft@1.20.1)
3345:             1             24  net.minecraft.util.datafix.fixes.OptionsKeyTranslationFix (minecraft@1.20.1)
3346:             1             24  net.minecraft.util.datafix.fixes.OptionsLowerCaseLanguageFix (minecraft@1.20.1)
3347:             1             24  net.minecraft.util.datafix.fixes.OptionsProgrammerArtFix (minecraft@1.20.1)
3348:             1             24  net.minecraft.util.datafix.fixes.OverreachingTickFix (minecraft@1.20.1)
3349:             1             24  net.minecraft.util.datafix.fixes.RedstoneWireConnectionsFix (minecraft@1.20.1)
3350:             1             24  net.minecraft.util.datafix.fixes.ReorganizePoi (minecraft@1.20.1)
3351:             1             24  net.minecraft.util.datafix.fixes.SavedDataFeaturePoolElementFix (minecraft@1.20.1)
3352:             1             24  net.minecraft.util.datafix.fixes.SpawnerDataFix (minecraft@1.20.1)
3353:             1             24  net.minecraft.util.datafix.fixes.StatsCounterFix (minecraft@1.20.1)
3354:             1             24  net.minecraft.util.datafix.fixes.StatsCounterFix$$Lambda$2266/0x000000080089e428 (minecraft@1.20.1)
3355:             1             24  net.minecraft.util.datafix.fixes.StructureReferenceCountFix (minecraft@1.20.1)
3356:             1             24  net.minecraft.util.datafix.fixes.StructureSettingsFlattenFix (minecraft@1.20.1)
3357:             1             24  net.minecraft.util.datafix.fixes.StructuresBecomeConfiguredFix (minecraft@1.20.1)
3358:             1             24  net.minecraft.util.datafix.fixes.TeamDisplayNameFix (minecraft@1.20.1)
3359:             1             24  net.minecraft.util.datafix.fixes.TrappedChestBlockEntityFix (minecraft@1.20.1)
3360:             1             24  net.minecraft.util.datafix.fixes.VillagerRebuildLevelAndXpFix (minecraft@1.20.1)
3361:             1             24  net.minecraft.util.datafix.fixes.WallPropertyFix (minecraft@1.20.1)
3362:             1             24  net.minecraft.util.datafix.fixes.WorldGenSettingsFix (minecraft@1.20.1)
3363:             1             24  net.minecraft.util.datafix.fixes.WorldGenSettingsHeightAndBiomeFix (minecraft@1.20.1)
3364:             1             24  net.minecraft.util.datafix.fixes.WorldGenSettingsHeightAndBiomeFix$$Lambda$2331/0x00000008008b3710 (minecraft@1.20.1)
3365:             1             24  net.minecraft.util.valueproviders.FloatProvider$$Lambda$3087/0x0000000800a7d900 (minecraft@1.20.1)
3366:             1             24  net.minecraft.world.flag.FeatureFlagRegistry (minecraft@1.20.1)
3367:             1             24  net.minecraft.world.item.HoeItem$$Lambda$2593/0x00000008009da8f8 (minecraft@1.20.1)
3368:             1             24  net.minecraft.world.item.enchantment.EnchantmentCategory$1 (minecraft@1.20.1)
3369:             1             24  net.minecraft.world.item.enchantment.EnchantmentCategory$10 (minecraft@1.20.1)
3370:             1             24  net.minecraft.world.item.enchantment.EnchantmentCategory$11 (minecraft@1.20.1)
3371:             1             24  net.minecraft.world.item.enchantment.EnchantmentCategory$12 (minecraft@1.20.1)
3372:             1             24  net.minecraft.world.item.enchantment.EnchantmentCategory$13 (minecraft@1.20.1)
3373:             1             24  net.minecraft.world.item.enchantment.EnchantmentCategory$14 (minecraft@1.20.1)
3374:             1             24  net.minecraft.world.item.enchantment.EnchantmentCategory$2 (minecraft@1.20.1)
3375:             1             24  net.minecraft.world.item.enchantment.EnchantmentCategory$3 (minecraft@1.20.1)
3376:             1             24  net.minecraft.world.item.enchantment.EnchantmentCategory$4 (minecraft@1.20.1)
3377:             1             24  net.minecraft.world.item.enchantment.EnchantmentCategory$5 (minecraft@1.20.1)
3378:             1             24  net.minecraft.world.item.enchantment.EnchantmentCategory$6 (minecraft@1.20.1)
3379:             1             24  net.minecraft.world.item.enchantment.EnchantmentCategory$7 (minecraft@1.20.1)
3380:             1             24  net.minecraft.world.item.enchantment.EnchantmentCategory$8 (minecraft@1.20.1)
3381:             1             24  net.minecraft.world.item.enchantment.EnchantmentCategory$9 (minecraft@1.20.1)
3382:             1             24  net.minecraft.world.level.block.MultifaceSpreader$SpreadType$1 (minecraft@1.20.1)
3383:             1             24  net.minecraft.world.level.block.MultifaceSpreader$SpreadType$2 (minecraft@1.20.1)
3384:             1             24  net.minecraft.world.level.block.MultifaceSpreader$SpreadType$3 (minecraft@1.20.1)
3385:             1             24  net.minecraft.world.level.levelgen.LegacyRandomSource (minecraft@1.20.1)
3386:             1             24  net.minecraft.world.level.levelgen.ThreadSafeLegacyRandomSource (minecraft@1.20.1)
3387:             1             24  net.minecraft.world.level.levelgen.carver.CanyonWorldCarver (minecraft@1.20.1)
3388:             1             24  net.minecraft.world.level.levelgen.carver.CaveWorldCarver (minecraft@1.20.1)
3389:             1             24  net.minecraft.world.level.levelgen.carver.NetherWorldCarver (minecraft@1.20.1)
3390:             1             24  net.minecraftforge.accesstransformer.AccessTransformerEngine (accesstransformers@8.0.4)
3391:             1             24  net.minecraftforge.accesstransformer.parser.AccessTransformerList (accesstransformers@8.0.4)
3392:             1             24  net.minecraftforge.accesstransformer.service.ServiceNameHandler (accesstransformers@8.0.4)
3393:             1             24  net.minecraftforge.common.IExtensibleEnum$$Lambda$1794/0x00000008007fa380 (forge@47.4.13)
3394:             1             24  net.minecraftforge.eventbus.EventBusEngine (net.minecraftforge.eventbus)
3395:             1             24  net.minecraftforge.fml.ModLoadingContext (fmlcore@1.20.1-47.4.13)
3396:             1             24  net.minecraftforge.fml.earlydisplay.EarlyFramebuffer (fmlearlydisplay@1.20.1-47.4.13)
3397:             1             24  net.minecraftforge.fml.earlydisplay.RenderElement$$Lambda$604/0x0000000800384818 (fmlearlydisplay@1.20.1-47.4.13)
3398:             1             24  net.minecraftforge.fml.earlydisplay.RenderElement$$Lambda$608/0x00000008003852e0 (fmlearlydisplay@1.20.1-47.4.13)
3399:             1             24  net.minecraftforge.fml.javafmlmod.FMLJavaModLanguageProvider$FMLModTarget (javafmllanguage@1.20.1-47.4.13)
3400:             1             24  net.minecraftforge.fml.loading.EarlyLoadingException$ExceptionData (fmlloader@1.20.1-47.4.13)
3401:             1             24  net.minecraftforge.fml.loading.MCPNamingService (fmlloader@1.20.1-47.4.13)
3402:             1             24  net.minecraftforge.fml.loading.moddiscovery.ClasspathLocator (fmlloader@1.20.1-47.4.13)
3403:             1             24  net.minecraftforge.fml.loading.moddiscovery.ExplodedDirectoryLocator (fmlloader@1.20.1-47.4.13)
3404:             1             24  net.minecraftforge.fml.loading.moddiscovery.ModsFolderLocator (fmlloader@1.20.1-47.4.13)
3405:             1             24  net.minecraftforge.fml.loading.targets.CommonClientLaunchHandler$$Lambda$1019/0x0000000800550db0 (fmlloader@1.20.1-47.4.13)
3406:             1             24  net.minecraftforge.forgespi.Environment (net.minecraftforge.forgespi@7.0.1)
3407:             1             24  net.minecraftforge.jarjar.metadata.json.MetadataSerializer$1 (JarJarMetadata@0.3.19)
3408:             1             24  org.antlr.v4.runtime.atn.SemanticContext$Predicate (org.antlr.antlr4.runtime@4.9.1)
3409:             1             24  org.antlr.v4.runtime.misc.Pair (org.antlr.antlr4.runtime@4.9.1)
3410:             1             24  org.apache.commons.lang3.tuple.ImmutablePair (org.apache.commons.lang3@3.12.0)
3411:             1             24  org.apache.logging.log4j.core.appender.ConsoleAppender$Target$1 (org.apache.logging.log4j.core@2.19.0)
3412:             1             24  org.apache.logging.log4j.core.appender.ConsoleAppender$Target$2 (org.apache.logging.log4j.core@2.19.0)
3413:             1             24  org.apache.logging.log4j.core.appender.rolling.FileExtension$1 (org.apache.logging.log4j.core@2.19.0)
3414:             1             24  org.apache.logging.log4j.core.appender.rolling.FileExtension$2 (org.apache.logging.log4j.core@2.19.0)
3415:             1             24  org.apache.logging.log4j.core.appender.rolling.FileExtension$3 (org.apache.logging.log4j.core@2.19.0)
3416:             1             24  org.apache.logging.log4j.core.appender.rolling.FileExtension$4 (org.apache.logging.log4j.core@2.19.0)
3417:             1             24  org.apache.logging.log4j.core.appender.rolling.FileExtension$5 (org.apache.logging.log4j.core@2.19.0)
3418:             1             24  org.apache.logging.log4j.core.appender.rolling.FileExtension$6 (org.apache.logging.log4j.core@2.19.0)
3419:             1             24  org.apache.logging.log4j.core.async.ThreadNameCachingStrategy$1 (org.apache.logging.log4j.core@2.19.0)
3420:             1             24  org.apache.logging.log4j.core.async.ThreadNameCachingStrategy$2 (org.apache.logging.log4j.core@2.19.0)
3421:             1             24  org.apache.logging.log4j.core.config.LoggerConfig$LoggerConfigPredicate$1 (org.apache.logging.log4j.core@2.19.0)
3422:             1             24  org.apache.logging.log4j.core.config.LoggerConfig$LoggerConfigPredicate$2 (org.apache.logging.log4j.core@2.19.0)
3423:             1             24  org.apache.logging.log4j.core.config.LoggerConfig$LoggerConfigPredicate$3 (org.apache.logging.log4j.core@2.19.0)
3424:             1             24  org.apache.logging.log4j.core.config.Loggers (org.apache.logging.log4j.core@2.19.0)
3425:             1             24  org.apache.logging.log4j.core.config.json.JsonConfigurationFactory (org.apache.logging.log4j.core@2.19.0)
3426:             1             24  org.apache.logging.log4j.core.config.plugins.util.PluginRegistry (org.apache.logging.log4j.core@2.19.0)
3427:             1             24  org.apache.logging.log4j.core.config.yaml.YamlConfigurationFactory (org.apache.logging.log4j.core@2.19.0)
3428:             1             24  org.apache.logging.log4j.core.filter.CompositeFilter (org.apache.logging.log4j.core@2.19.0)
3429:             1             24  org.apache.logging.log4j.core.impl.Log4jContextFactory (org.apache.logging.log4j.core@2.19.0)
3430:             1             24  org.apache.logging.log4j.core.jmx.ContextSelectorAdmin (org.apache.logging.log4j.core@2.19.0)
3431:             1             24  org.apache.logging.log4j.core.pattern.FormattingInfo (org.apache.logging.log4j.core@2.19.0)
3432:             1             24  org.apache.logging.log4j.core.pattern.IntegerPatternConverter (org.apache.logging.log4j.core@2.19.0)
3433:             1             24  org.apache.logging.log4j.core.pattern.LevelPatternConverter$SimpleLevelPatternConverter (org.apache.logging.log4j.core@2.19.0)
3434:             1             24  org.apache.logging.log4j.core.pattern.LineSeparatorPatternConverter (org.apache.logging.log4j.core@2.19.0)
3435:             1             24  org.apache.logging.log4j.core.pattern.MessagePatternConverter$SimpleMessagePatternConverter (org.apache.logging.log4j.core@2.19.0)
3436:             1             24  org.apache.logging.log4j.core.pattern.NameAbbreviator$MaxElementAbbreviator$Strategy$1 (org.apache.logging.log4j.core@2.19.0)
3437:             1             24  org.apache.logging.log4j.core.pattern.NameAbbreviator$MaxElementAbbreviator$Strategy$2 (org.apache.logging.log4j.core@2.19.0)
3438:             1             24  org.apache.logging.log4j.core.pattern.PatternParser (org.apache.logging.log4j.core@2.19.0)
3439:             1             24  org.apache.logging.log4j.core.pattern.SimpleLiteralPatternConverter$Space (org.apache.logging.log4j.core@2.19.0)
3440:             1             24  org.apache.logging.log4j.core.pattern.ThreadNamePatternConverter (org.apache.logging.log4j.core@2.19.0)
3441:             1             24  org.apache.logging.log4j.core.util.Source (org.apache.logging.log4j.core@2.19.0)
3442:             1             24  org.apache.logging.log4j.core.util.datetime.FastDatePrinter$TextField (org.apache.logging.log4j.core@2.19.0)
3443:             1             24  org.apache.logging.log4j.spi.LoggerRegistry (org.apache.logging.log4j@2.19.0)
3444:             1             24  org.apache.logging.log4j.status.StatusConsoleListener (org.apache.logging.log4j@2.19.0)
3445:             1             24  org.apache.logging.slf4j.Log4jLoggerFactory (org.apache.logging.log4j.slf4j@2.19.0)
3446:             1             24  org.apache.logging.slf4j.SLF4JServiceProvider (org.apache.logging.log4j.slf4j@2.19.0)
3447:             1             24  org.apache.maven.artifact.versioning.ComparableVersion$LongItem (maven.artifact@3.8.5)
3448:             1             24  org.lwjgl.opengl.GL$1 (org.lwjgl.opengl@3.3.1+7)
3449:             1             24  org.lwjgl.stb.STBTTPackRange (org.lwjgl.stb@3.3.1+7)
3450:             1             24  org.lwjgl.stb.STBTTPackedchar (org.lwjgl.stb@3.3.1+7)
3451:             1             24  org.openjdk.nashorn.internal.runtime.AccessorProperty$1 (org.openjdk.nashorn)
3452:             1             24  org.openjdk.nashorn.internal.runtime.arrays.ArrayData$UntouchedArrayData (org.openjdk.nashorn)
3453:             1             24  org.openjdk.nashorn.internal.runtime.linker.ClassAndLoader (org.openjdk.nashorn)
3454:             1             24  org.openjdk.nashorn.internal.runtime.linker.JavaAdapterFactory$1 (org.openjdk.nashorn)
3455:             1             24  org.openjdk.nashorn.internal.runtime.linker.JavaAdapterFactory$2 (org.openjdk.nashorn)
3456:             1             24  org.openjdk.nashorn.internal.runtime.linker.NashornBeansLinker$1 (org.openjdk.nashorn)
3457:             1             24  org.openjdk.nashorn.internal.runtime.linker.NashornCallSiteDescriptor$1 (org.openjdk.nashorn)
3458:             1             24  org.openjdk.nashorn.internal.runtime.linker.NashornLinker$1 (org.openjdk.nashorn)
3459:             1             24  org.openjdk.nashorn.internal.runtime.logging.DebugLogger (org.openjdk.nashorn)
3460:             1             24  org.slf4j.helpers.BasicMDCAdapter (org.slf4j@2.0.1)
3461:             1             24  org.slf4j.helpers.BasicMDCAdapter$1 (org.slf4j@2.0.1)
3462:             1             24  org.slf4j.helpers.FormattingTuple (org.slf4j@2.0.1)
3463:             1             24  org.slf4j.helpers.NOP_FallbackServiceProvider (org.slf4j@2.0.1)
3464:             1             24  org.slf4j.helpers.SubstituteLoggerFactory (org.slf4j@2.0.1)
3465:             1             24  org.slf4j.helpers.SubstituteServiceProvider (org.slf4j@2.0.1)
3466:             1             24  org.spongepowered.asm.launch.MixinTransformationService (org.spongepowered.mixin)
3467:             1             24  org.spongepowered.asm.launch.platform.MixinConnectorManager (org.spongepowered.mixin)
3468:             1             24  org.spongepowered.asm.launch.platform.MixinPlatformAgentMinecraftForge (org.spongepowered.mixin)
3469:             1             24  org.spongepowered.asm.launch.platform.container.ContainerHandleModLauncherEx (org.spongepowered.mixin)
3470:             1             24  org.spongepowered.asm.mixin.MixinEnvironment$Side$1 (org.spongepowered.mixin)
3471:             1             24  org.spongepowered.asm.mixin.MixinEnvironment$Side$2 (org.spongepowered.mixin)
3472:             1             24  org.spongepowered.asm.mixin.MixinEnvironment$Side$3 (org.spongepowered.mixin)
3473:             1             24  org.spongepowered.asm.mixin.transformer.MixinClassGenerator (org.spongepowered.mixin)
3474:             1             24  org.spongepowered.asm.mixin.transformer.MixinCoprocessorAccessor (org.spongepowered.mixin)
3475:             1             24  org.spongepowered.asm.mixin.transformer.ext.extensions.ExtensionClassExporter (org.spongepowered.mixin)
3476:             1             24  org.spongepowered.asm.service.MixinService$LogBuffer (org.spongepowered.mixin)
3477:             1             24  org.spongepowered.asm.service.modlauncher.Blackboard (org.spongepowered.mixin)
3478:             1             24  org.spongepowered.asm.service.modlauncher.MixinTransformationHandler (org.spongepowered.mixin)
3479:             1             24  org.spongepowered.asm.service.modlauncher.ModLauncherAuditTrail (org.spongepowered.mixin)
3480:             1             24  org.spongepowered.asm.service.modlauncher.ModLauncherClassTracker (org.spongepowered.mixin)
3481:             1             24  org.spongepowered.asm.util.ReEntranceLock (org.spongepowered.mixin)
3482:             1             24  org.spongepowered.asm.util.VersionNumber (org.spongepowered.mixin)
3483:             1             24  sun.management.CompilationImpl (java.management@17.0.15)
3484:             1             24  sun.management.ManagementFactoryHelper$LoggingMXBeanAccess (java.management@17.0.15)
3485:             1             24  sun.management.ManagementFactoryHelper$PlatformLoggingImpl (java.management@17.0.15)
3486:             1             24  sun.management.MemoryImpl (java.management@17.0.15)
3487:             1             24  sun.management.RuntimeImpl (java.management@17.0.15)
3488:             1             24  sun.management.VMManagementImpl (java.management@17.0.15)
3489:             1             24  sun.net.www.protocol.http.Handler (java.base@17.0.15)
3490:             1             24  sun.nio.cs.ISO_8859_1 (java.base@17.0.15)
3491:             1             24  sun.nio.cs.StandardCharsets (java.base@17.0.15)
3492:             1             24  sun.nio.cs.US_ASCII (java.base@17.0.15)
3493:             1             24  sun.nio.cs.UTF_16 (java.base@17.0.15)
3494:             1             24  sun.nio.cs.UTF_16BE (java.base@17.0.15)
3495:             1             24  sun.nio.cs.UTF_16LE (java.base@17.0.15)
3496:             1             24  sun.nio.cs.UTF_8 (java.base@17.0.15)
3497:             1             24  sun.reflect.generics.reflectiveObjects.WildcardTypeImpl (java.base@17.0.15)
3498:             1             24  sun.util.cldr.CLDRCalendarDataProviderImpl (java.base@17.0.15)
3499:             1             24  sun.util.cldr.CLDRCalendarNameProviderImpl (java.base@17.0.15)
3500:             1             24  sun.util.locale.BaseLocale$Cache (java.base@17.0.15)
3501:             1             24  sun.util.locale.provider.CalendarNameProviderImpl (java.base@17.0.15)
3502:             1             24  sun.util.locale.provider.CalendarProviderImpl (java.base@17.0.15)
3503:             1             24  sun.util.locale.provider.DateFormatSymbolsProviderImpl (java.base@17.0.15)
3504:             1             24  sun.util.locale.provider.DecimalFormatSymbolsProviderImpl (java.base@17.0.15)
3505:             1             24  sun.util.locale.provider.NumberFormatProviderImpl (java.base@17.0.15)
3506:             1             16  [Lcpw.mods.modlauncher.api.NamedPath; (cpw.mods.modlauncher@10.0.9)
3507:             1             16  [Lio.netty.util.AsciiString; (io.netty.common@4.1.82.Final)
3508:             1             16  [Ljava.lang.ClassLoader; (java.base@17.0.15)
3509:             1             16  [Ljava.lang.Double; (java.base@17.0.15)
3510:             1             16  [Ljava.lang.Float; (java.base@17.0.15)
3511:             1             16  [Ljava.lang.constant.Constable; (java.base@17.0.15)
3512:             1             16  [Ljava.nio.file.attribute.FileAttribute; (java.base@17.0.15)
3513:             1             16  [Ljava.security.Provider; (java.base@17.0.15)
3514:             1             16  [Ljava.security.cert.X509Certificate; (java.base@17.0.15)
3515:             1             16  [Ljava.text.FieldPosition; (java.base@17.0.15)
3516:             1             16  [Ljava.util.logging.Handler; (java.logging@17.0.15)
3517:             1             16  [Ljavax.security.cert.X509Certificate; (java.base@17.0.15)
3518:             1             16  [Lorg.apache.commons.lang3.tuple.ImmutablePair; (org.apache.commons.lang3@3.12.0)
3519:             1             16  [Lorg.apache.commons.lang3.tuple.ImmutableTriple; (org.apache.commons.lang3@3.12.0)
3520:             1             16  [Lorg.apache.commons.lang3.tuple.Pair$PairAdapter; (org.apache.commons.lang3@3.12.0)
3521:             1             16  [Lorg.apache.commons.lang3.tuple.Triple$TripleAdapter; (org.apache.commons.lang3@3.12.0)
3522:             1             16  [Lorg.apache.logging.log4j.core.Appender; (org.apache.logging.log4j.core@2.19.0)
3523:             1             16  [Lorg.apache.logging.log4j.core.impl.ExtendedStackTraceElement; (org.apache.logging.log4j.core@2.19.0)
3524:             1             16  [Lorg.apache.logging.log4j.core.impl.ThrowableProxy; (org.apache.logging.log4j.core@2.19.0)
3525:             1             16  [Lorg.apache.logging.log4j.spi.LoggerContext; (org.apache.logging.log4j@2.19.0)
3526:             1             16  [Lorg.objectweb.asm.Attribute; (org.objectweb.asm@9.8)
3527:             1             16  [Lorg.openjdk.nashorn.internal.ir.Expression; (org.openjdk.nashorn)
3528:             1             16  com.bawnorton.mixinsquared.MixinSquaredBootstrap$$Lambda$1002/0x000000080054a8d0 (MixinSquared.beta._1@0.3.6-beta.1)
3529:             1             16  com.bawnorton.mixinsquared.MixinSquaredBootstrap$$Lambda$998/0x0000000800549da8 (MixinSquared.beta._1@0.3.6-beta.1)
3530:             1             16  com.bawnorton.mixinsquared.adjuster.ExtensionAnnotationAdjust (MixinSquared.beta._1@0.3.6-beta.1)
3531:             1             16  com.bawnorton.mixinsquared.canceller.ExtensionCancelApplication (MixinSquared.beta._1@0.3.6-beta.1)
3532:             1             16  com.bawnorton.mixinsquared.platform.forge.MixinSquaredApiImplLoader$$Lambda$995/0x0000000800549088 (mixinsquared@0.3.6-beta.1)
3533:             1             16  com.bawnorton.mixinsquared.platform.forge.MixinSquaredApiImplLoader$$Lambda$997/0x0000000800549968 (mixinsquared@0.3.6-beta.1)
3534:             1             16  com.bawnorton.mixinsquared.platform.forge.MixinSquaredMixinConfigPlugin (mixinsquared@0.3.6-beta.1)
3535:             1             16  com.electronwill.nightconfig.core.AbstractCommentedConfig$$Lambda$405/0x0000000800314538 (com.electronwill.nightconfig.core@3.6.4)
3536:             1             16  com.electronwill.nightconfig.core.AbstractCommentedConfig$$Lambda$406/0x0000000800314778 (com.electronwill.nightconfig.core@3.6.4)
3537:             1             16  com.electronwill.nightconfig.core.Config$$Lambda$379/0x0000000800302aa8 (com.electronwill.nightconfig.core@3.6.4)
3538:             1             16  com.electronwill.nightconfig.core.ConfigSpec (com.electronwill.nightconfig.core@3.6.4)
3539:             1             16  com.electronwill.nightconfig.core.ConfigSpec$$Lambda$385/0x0000000800305ae8 (com.electronwill.nightconfig.core@3.6.4)
3540:             1             16  com.electronwill.nightconfig.core.InMemoryCommentedFormat$$Lambda$380/0x0000000800303d98 (com.electronwill.nightconfig.core@3.6.4)
3541:             1             16  com.electronwill.nightconfig.core.InMemoryFormat$$Lambda$377/0x0000000800302608 (com.electronwill.nightconfig.core@3.6.4)
3542:             1             16  com.electronwill.nightconfig.core.InMemoryFormat$$Lambda$378/0x0000000800302858 (com.electronwill.nightconfig.core@3.6.4)
3543:             1             16  com.electronwill.nightconfig.core.NullObject (com.electronwill.nightconfig.core@3.6.4)
3544:             1             16  com.electronwill.nightconfig.core.file.FileNotFoundAction$$Lambda$396/0x000000080030afb8 (com.electronwill.nightconfig.core@3.6.4)
3545:             1             16  com.electronwill.nightconfig.core.file.FileNotFoundAction$$Lambda$397/0x000000080030b1d8 (com.electronwill.nightconfig.core@3.6.4)
3546:             1             16  com.electronwill.nightconfig.core.file.FileNotFoundAction$$Lambda$398/0x000000080030b3f8 (com.electronwill.nightconfig.core@3.6.4)
3547:             1             16  com.electronwill.nightconfig.core.file.FileNotFoundAction$$Lambda$403/0x000000080030f568 (com.electronwill.nightconfig.core@3.6.4)
3548:             1             16  com.electronwill.nightconfig.core.file.FormatDetector$$Lambda$386/0x0000000800308400 (com.electronwill.nightconfig.core@3.6.4)
3549:             1             16  com.electronwill.nightconfig.core.io.ParsingMode$$Lambda$387/0x0000000800309440 (com.electronwill.nightconfig.core@3.6.4)
3550:             1             16  com.electronwill.nightconfig.core.io.ParsingMode$$Lambda$388/0x0000000800309870 (com.electronwill.nightconfig.core@3.6.4)
3551:             1             16  com.electronwill.nightconfig.core.io.ParsingMode$$Lambda$389/0x0000000800309ca0 (com.electronwill.nightconfig.core@3.6.4)
3552:             1             16  com.electronwill.nightconfig.core.io.ParsingMode$$Lambda$390/0x0000000800309ec0 (com.electronwill.nightconfig.core@3.6.4)
3553:             1             16  com.electronwill.nightconfig.core.io.ParsingMode$$Lambda$391/0x000000080030a0f0 (com.electronwill.nightconfig.core@3.6.4)
3554:             1             16  com.electronwill.nightconfig.core.io.ParsingMode$$Lambda$392/0x000000080030a320 (com.electronwill.nightconfig.core@3.6.4)
3555:             1             16  com.electronwill.nightconfig.core.io.ParsingMode$$Lambda$393/0x000000080030a540 (com.electronwill.nightconfig.core@3.6.4)
3556:             1             16  com.electronwill.nightconfig.core.io.ParsingMode$$Lambda$394/0x000000080030a770 (com.electronwill.nightconfig.core@3.6.4)
3557:             1             16  com.electronwill.nightconfig.core.io.ParsingMode$$Lambda$395/0x000000080030a9a0 (com.electronwill.nightconfig.core@3.6.4)
3558:             1             16  com.electronwill.nightconfig.toml.TomlFormat (com.electronwill.nightconfig.toml@3.6.4)
3559:             1             16  com.electronwill.nightconfig.toml.TomlWriter$$Lambda$399/0x000000080030e000 (com.electronwill.nightconfig.toml@3.6.4)
3560:             1             16  com.electronwill.nightconfig.toml.TomlWriter$$Lambda$400/0x000000080030e250 (com.electronwill.nightconfig.toml@3.6.4)
3561:             1             16  com.electronwill.nightconfig.toml.TomlWriter$$Lambda$401/0x000000080030e4a0 (com.electronwill.nightconfig.toml@3.6.4)
3562:             1             16  com.google.common.base.Absent (com.google.common@31.1-jre)
3563:             1             16  com.google.common.base.CharMatcher$None (com.google.common@31.1-jre)
3564:             1             16  com.google.common.base.Equivalence$Equals (com.google.common@31.1-jre)
3565:             1             16  com.google.common.base.Equivalence$Identity (com.google.common@31.1-jre)
3566:             1             16  com.google.common.base.Platform$JdkPatternCompiler (com.google.common@31.1-jre)
3567:             1             16  com.google.common.base.Suppliers$SupplierOfInstance (com.google.common@31.1-jre)
3568:             1             16  com.google.common.base.Ticker$1 (com.google.common@31.1-jre)
3569:             1             16  com.google.common.cache.CacheBuilder$1 (com.google.common@31.1-jre)
3570:             1             16  com.google.common.cache.CacheBuilder$2 (com.google.common@31.1-jre)
3571:             1             16  com.google.common.cache.CacheBuilder$3 (com.google.common@31.1-jre)
3572:             1             16  com.google.common.cache.LocalCache$1 (com.google.common@31.1-jre)
3573:             1             16  com.google.common.cache.LocalCache$2 (com.google.common@31.1-jre)
3574:             1             16  com.google.common.cache.LocalCache$LocalLoadingCache (com.google.common@31.1-jre)
3575:             1             16  com.google.common.collect.CollectCollectors$$Lambda$1173/0x000000080058b430 (com.google.common@31.1-jre)
3576:             1             16  com.google.common.collect.CollectCollectors$$Lambda$1175/0x000000080058b888 (com.google.common@31.1-jre)
3577:             1             16  com.google.common.collect.CollectCollectors$$Lambda$1176/0x000000080058bad0 (com.google.common@31.1-jre)
3578:             1             16  com.google.common.collect.CollectCollectors$$Lambda$704/0x00000008003baec0 (com.google.common@31.1-jre)
3579:             1             16  com.google.common.collect.CollectCollectors$$Lambda$705/0x00000008003bb0e0 (com.google.common@31.1-jre)
3580:             1             16  com.google.common.collect.CollectCollectors$$Lambda$706/0x00000008003bb310 (com.google.common@31.1-jre)
3581:             1             16  com.google.common.collect.CollectCollectors$$Lambda$707/0x00000008003bb558 (com.google.common@31.1-jre)
3582:             1             16  com.google.common.collect.CollectCollectors$$Lambda$708/0x00000008003bc748 (com.google.common@31.1-jre)
3583:             1             16  com.google.common.collect.CollectCollectors$$Lambda$709/0x00000008003bcb98 (com.google.common@31.1-jre)
3584:             1             16  com.google.common.collect.CollectCollectors$$Lambda$710/0x00000008003bcdc8 (com.google.common@31.1-jre)
3585:             1             16  com.google.common.collect.CollectCollectors$$Lambda$711/0x00000008003bd010 (com.google.common@31.1-jre)
3586:             1             16  com.google.common.collect.CollectCollectors$$Lambda$712/0x00000008003bfc48 (com.google.common@31.1-jre)
3587:             1             16  com.google.common.collect.CollectCollectors$$Lambda$713/0x00000008003c0db8 (com.google.common@31.1-jre)
3588:             1             16  com.google.common.collect.CollectCollectors$$Lambda$714/0x00000008003c0fe8 (com.google.common@31.1-jre)
3589:             1             16  com.google.common.collect.CollectCollectors$$Lambda$715/0x00000008003c1230 (com.google.common@31.1-jre)
3590:             1             16  com.google.common.collect.CollectCollectors$$Lambda$717/0x00000008003c16a8 (com.google.common@31.1-jre)
3591:             1             16  com.google.common.collect.ImmutableMapValues (com.google.common@31.1-jre)
3592:             1             16  com.google.common.collect.MapMakerInternalMap$1 (com.google.common@31.1-jre)
3593:             1             16  com.google.common.collect.MapMakerInternalMap$StrongKeyWeakValueEntry$Helper (com.google.common@31.1-jre)
3594:             1             16  com.google.common.collect.MapMakerInternalMap$WeakKeyDummyValueEntry$Helper (com.google.common@31.1-jre)
3595:             1             16  com.google.common.collect.RegularImmutableMap$Values (com.google.common@31.1-jre)
3596:             1             16  com.google.common.collect.Tables$1 (com.google.common@31.1-jre)
3597:             1             16  com.google.common.io.MoreFiles$1 (com.google.common@31.1-jre)
3598:             1             16  com.google.gson.Gson$1
3599:             1             16  com.google.gson.Gson$2
3600:             1             16  com.google.gson.Gson$4
3601:             1             16  com.google.gson.Gson$5
3602:             1             16  com.google.gson.JsonNull
3603:             1             16  com.google.gson.internal.ConstructorConstructor$13 (com.google.gson@2.10)
3604:             1             16  com.google.gson.internal.LinkedTreeMap$1 (com.google.gson@2.10)
3605:             1             16  com.google.gson.internal.LinkedTreeMap$1
3606:             1             16  com.google.gson.internal.LinkedTreeMap$EntrySet
3607:             1             16  com.google.gson.internal.LinkedTreeMap$KeySet
3608:             1             16  com.google.gson.internal.bind.ArrayTypeAdapter$1
3609:             1             16  com.google.gson.internal.bind.ArrayTypeAdapter$1 (com.google.gson@2.10)
3610:             1             16  com.google.gson.internal.bind.CollectionTypeAdapterFactory
3611:             1             16  com.google.gson.internal.bind.DateTypeAdapter$1
3612:             1             16  com.google.gson.internal.bind.DateTypeAdapter$1 (com.google.gson@2.10)
3613:             1             16  com.google.gson.internal.bind.DefaultDateTypeAdapter$DateType$1
3614:             1             16  com.google.gson.internal.bind.DefaultDateTypeAdapter$DateType$1 (com.google.gson@2.10)
3615:             1             16  com.google.gson.internal.bind.JsonAdapterAnnotationTypeAdapterFactory
3616:             1             16  com.google.gson.internal.bind.NumberTypeAdapter
3617:             1             16  com.google.gson.internal.bind.NumberTypeAdapter (com.google.gson@2.10)
3618:             1             16  com.google.gson.internal.bind.NumberTypeAdapter$1
3619:             1             16  com.google.gson.internal.bind.NumberTypeAdapter$1 (com.google.gson@2.10)
3620:             1             16  com.google.gson.internal.bind.ObjectTypeAdapter$1
3621:             1             16  com.google.gson.internal.bind.ObjectTypeAdapter$1 (com.google.gson@2.10)
3622:             1             16  com.google.gson.internal.bind.TreeTypeAdapter$GsonContextImpl
3623:             1             16  com.google.gson.internal.bind.TypeAdapters$1
3624:             1             16  com.google.gson.internal.bind.TypeAdapters$1 (com.google.gson@2.10)
3625:             1             16  com.google.gson.internal.bind.TypeAdapters$10
3626:             1             16  com.google.gson.internal.bind.TypeAdapters$10 (com.google.gson@2.10)
3627:             1             16  com.google.gson.internal.bind.TypeAdapters$11
3628:             1             16  com.google.gson.internal.bind.TypeAdapters$11 (com.google.gson@2.10)
3629:             1             16  com.google.gson.internal.bind.TypeAdapters$12
3630:             1             16  com.google.gson.internal.bind.TypeAdapters$12 (com.google.gson@2.10)
3631:             1             16  com.google.gson.internal.bind.TypeAdapters$13
3632:             1             16  com.google.gson.internal.bind.TypeAdapters$13 (com.google.gson@2.10)
3633:             1             16  com.google.gson.internal.bind.TypeAdapters$14
3634:             1             16  com.google.gson.internal.bind.TypeAdapters$14 (com.google.gson@2.10)
3635:             1             16  com.google.gson.internal.bind.TypeAdapters$15
3636:             1             16  com.google.gson.internal.bind.TypeAdapters$15 (com.google.gson@2.10)
3637:             1             16  com.google.gson.internal.bind.TypeAdapters$16
3638:             1             16  com.google.gson.internal.bind.TypeAdapters$16 (com.google.gson@2.10)
3639:             1             16  com.google.gson.internal.bind.TypeAdapters$17
3640:             1             16  com.google.gson.internal.bind.TypeAdapters$17 (com.google.gson@2.10)
3641:             1             16  com.google.gson.internal.bind.TypeAdapters$18
3642:             1             16  com.google.gson.internal.bind.TypeAdapters$18 (com.google.gson@2.10)
3643:             1             16  com.google.gson.internal.bind.TypeAdapters$19
3644:             1             16  com.google.gson.internal.bind.TypeAdapters$19 (com.google.gson@2.10)
3645:             1             16  com.google.gson.internal.bind.TypeAdapters$2
3646:             1             16  com.google.gson.internal.bind.TypeAdapters$2 (com.google.gson@2.10)
3647:             1             16  com.google.gson.internal.bind.TypeAdapters$20
3648:             1             16  com.google.gson.internal.bind.TypeAdapters$20 (com.google.gson@2.10)
3649:             1             16  com.google.gson.internal.bind.TypeAdapters$21
3650:             1             16  com.google.gson.internal.bind.TypeAdapters$21 (com.google.gson@2.10)
3651:             1             16  com.google.gson.internal.bind.TypeAdapters$22
3652:             1             16  com.google.gson.internal.bind.TypeAdapters$22 (com.google.gson@2.10)
3653:             1             16  com.google.gson.internal.bind.TypeAdapters$23
3654:             1             16  com.google.gson.internal.bind.TypeAdapters$23 (com.google.gson@2.10)
3655:             1             16  com.google.gson.internal.bind.TypeAdapters$24
3656:             1             16  com.google.gson.internal.bind.TypeAdapters$24 (com.google.gson@2.10)
3657:             1             16  com.google.gson.internal.bind.TypeAdapters$25
3658:             1             16  com.google.gson.internal.bind.TypeAdapters$25 (com.google.gson@2.10)
3659:             1             16  com.google.gson.internal.bind.TypeAdapters$26
3660:             1             16  com.google.gson.internal.bind.TypeAdapters$26 (com.google.gson@2.10)
3661:             1             16  com.google.gson.internal.bind.TypeAdapters$27
3662:             1             16  com.google.gson.internal.bind.TypeAdapters$27 (com.google.gson@2.10)
3663:             1             16  com.google.gson.internal.bind.TypeAdapters$28
3664:             1             16  com.google.gson.internal.bind.TypeAdapters$28 (com.google.gson@2.10)
3665:             1             16  com.google.gson.internal.bind.TypeAdapters$29
3666:             1             16  com.google.gson.internal.bind.TypeAdapters$29 (com.google.gson@2.10)
3667:             1             16  com.google.gson.internal.bind.TypeAdapters$3
3668:             1             16  com.google.gson.internal.bind.TypeAdapters$3 (com.google.gson@2.10)
3669:             1             16  com.google.gson.internal.bind.TypeAdapters$4
3670:             1             16  com.google.gson.internal.bind.TypeAdapters$4 (com.google.gson@2.10)
3671:             1             16  com.google.gson.internal.bind.TypeAdapters$5
3672:             1             16  com.google.gson.internal.bind.TypeAdapters$5 (com.google.gson@2.10)
3673:             1             16  com.google.gson.internal.bind.TypeAdapters$6
3674:             1             16  com.google.gson.internal.bind.TypeAdapters$6 (com.google.gson@2.10)
3675:             1             16  com.google.gson.internal.bind.TypeAdapters$7
3676:             1             16  com.google.gson.internal.bind.TypeAdapters$7 (com.google.gson@2.10)
3677:             1             16  com.google.gson.internal.bind.TypeAdapters$8
3678:             1             16  com.google.gson.internal.bind.TypeAdapters$8 (com.google.gson@2.10)
3679:             1             16  com.google.gson.internal.bind.TypeAdapters$9
3680:             1             16  com.google.gson.internal.bind.TypeAdapters$9 (com.google.gson@2.10)
3681:             1             16  com.google.gson.internal.sql.SqlDateTypeAdapter$1
3682:             1             16  com.google.gson.internal.sql.SqlDateTypeAdapter$1 (com.google.gson@2.10)
3683:             1             16  com.google.gson.internal.sql.SqlTimeTypeAdapter$1
3684:             1             16  com.google.gson.internal.sql.SqlTimeTypeAdapter$1 (com.google.gson@2.10)
3685:             1             16  com.google.gson.internal.sql.SqlTimestampTypeAdapter$1
3686:             1             16  com.google.gson.internal.sql.SqlTimestampTypeAdapter$1 (com.google.gson@2.10)
3687:             1             16  com.google.gson.internal.sql.SqlTypesSupport$1
3688:             1             16  com.google.gson.internal.sql.SqlTypesSupport$1 (com.google.gson@2.10)
3689:             1             16  com.google.gson.internal.sql.SqlTypesSupport$2
3690:             1             16  com.google.gson.internal.sql.SqlTypesSupport$2 (com.google.gson@2.10)
3691:             1             16  com.google.gson.stream.JsonReader$1
3692:             1             16  com.google.gson.stream.JsonReader$1 (com.google.gson@2.10)
3693:             1             16  com.llamalad7.mixinextras.expression.impl.point.ExpressionSliceMarkerTransformer (MixinExtras@0.5.3)
3694:             1             16  com.llamalad7.mixinextras.expression.impl.wrapper.ExpressionInjectorWrapperTransformer (MixinExtras@0.5.3)
3695:             1             16  com.llamalad7.mixinextras.injector.LateInjectionApplicatorExtension (MixinExtras@0.5.3)
3696:             1             16  com.llamalad7.mixinextras.injector.wrapmethod.WrapMethodApplicatorExtension (MixinExtras@0.5.3)
3697:             1             16  com.llamalad7.mixinextras.lib.semver.Version$$Lambda$986/0x0000000800529b08 (MixinExtras@0.5.3)
3698:             1             16  com.llamalad7.mixinextras.lib.semver.Version$$Lambda$987/0x000000080052a000 (MixinExtras@0.5.3)
3699:             1             16  com.llamalad7.mixinextras.platform.forge.MixinExtrasConfigPlugin (mixinextras@0.5.3)
3700:             1             16  com.llamalad7.mixinextras.service.MixinExtrasServiceImpl$$Lambda$988/0x00000008005340c8 (MixinExtras@0.5.3)
3701:             1             16  com.llamalad7.mixinextras.sugar.impl.SugarMixinTransformer (MixinExtras@0.5.3)
3702:             1             16  com.llamalad7.mixinextras.sugar.impl.SugarPostProcessingExtension (MixinExtras@0.5.3)
3703:             1             16  com.llamalad7.mixinextras.utils.MixinExtrasLogger$$Lambda$983/0x0000000800528d68 (MixinExtras@0.5.3)
3704:             1             16  com.llamalad7.mixinextras.utils.MixinInternals$$Lambda$991/0x0000000800535190 (MixinExtras@0.5.3)
3705:             1             16  com.llamalad7.mixinextras.wrapper.factory.FactoryRedirectWrapperMixinTransformer (MixinExtras@0.5.3)
3706:             1             16  com.mojang.authlib.properties.PropertyMap$Serializer (authlib@4.0.43)
3707:             1             16  com.mojang.brigadier.exceptions.BuiltInExceptions$$Lambda$1135/0x000000080058e7f0 (brigadier@1.1.8)
3708:             1             16  com.mojang.brigadier.exceptions.BuiltInExceptions$$Lambda$1136/0x000000080058ea10 (brigadier@1.1.8)
3709:             1             16  com.mojang.brigadier.exceptions.BuiltInExceptions$$Lambda$1137/0x000000080058ec30 (brigadier@1.1.8)
3710:             1             16  com.mojang.brigadier.exceptions.BuiltInExceptions$$Lambda$1138/0x000000080058ee50 (brigadier@1.1.8)
3711:             1             16  com.mojang.brigadier.exceptions.BuiltInExceptions$$Lambda$1139/0x000000080058f070 (brigadier@1.1.8)
3712:             1             16  com.mojang.brigadier.exceptions.BuiltInExceptions$$Lambda$1140/0x000000080058f290 (brigadier@1.1.8)
3713:             1             16  com.mojang.brigadier.exceptions.BuiltInExceptions$$Lambda$1141/0x000000080058f4b0 (brigadier@1.1.8)
3714:             1             16  com.mojang.brigadier.exceptions.BuiltInExceptions$$Lambda$1142/0x000000080058f6d0 (brigadier@1.1.8)
3715:             1             16  com.mojang.brigadier.exceptions.BuiltInExceptions$$Lambda$1143/0x000000080058fb10 (brigadier@1.1.8)
3716:             1             16  com.mojang.brigadier.exceptions.BuiltInExceptions$$Lambda$1144/0x000000080058a230 (brigadier@1.1.8)
3717:             1             16  com.mojang.brigadier.exceptions.BuiltInExceptions$$Lambda$1145/0x000000080058a470 (brigadier@1.1.8)
3718:             1             16  com.mojang.brigadier.exceptions.BuiltInExceptions$$Lambda$1146/0x000000080058a6b0 (brigadier@1.1.8)
3719:             1             16  com.mojang.brigadier.exceptions.BuiltInExceptions$$Lambda$1147/0x000000080058a8f0 (brigadier@1.1.8)
3720:             1             16  com.mojang.brigadier.exceptions.BuiltInExceptions$$Lambda$1148/0x000000080058ab30 (brigadier@1.1.8)
3721:             1             16  com.mojang.brigadier.exceptions.BuiltInExceptions$$Lambda$1149/0x000000080058ad70 (brigadier@1.1.8)
3722:             1             16  com.mojang.brigadier.exceptions.BuiltInExceptions$$Lambda$1150/0x000000080058afb0 (brigadier@1.1.8)
3723:             1             16  com.mojang.brigadier.exceptions.BuiltInExceptions$$Lambda$1151/0x000000080058b1f0 (brigadier@1.1.8)
3724:             1             16  com.mojang.datafixers.DSL$$Lambda$1850/0x0000000800828748 (datafixerupper@6.0.8)
3725:             1             16  com.mojang.datafixers.DSL$$Lambda$2001/0x000000080085b608 (datafixerupper@6.0.8)
3726:             1             16  com.mojang.datafixers.DataFix$$Lambda$2242/0x0000000800894d30 (datafixerupper@6.0.8)
3727:             1             16  com.mojang.datafixers.DataFixUtils$$Lambda$2206/0x000000080088c990 (datafixerupper@6.0.8)
3728:             1             16  com.mojang.datafixers.DataFixUtils$$Lambda$2207/0x000000080088cdf8 (datafixerupper@6.0.8)
3729:             1             16  com.mojang.datafixers.DataFixerBuilder$$Lambda$2196/0x0000000800886090 (datafixerupper@6.0.8)
3730:             1             16  com.mojang.datafixers.DataFixerBuilder$$Lambda$2198/0x00000008008864f8 (datafixerupper@6.0.8)
3731:             1             16  com.mojang.datafixers.DataFixerBuilder$$Lambda$2201/0x00000008008875a0 (datafixerupper@6.0.8)
3732:             1             16  com.mojang.datafixers.DataFixerUpper$$Lambda$1861/0x0000000800834400 (datafixerupper@6.0.8)
3733:             1             16  com.mojang.datafixers.View$$Lambda$2360/0x00000008008b16c0 (datafixerupper@6.0.8)
3734:             1             16  com.mojang.datafixers.functions.PointFreeRule$CompRewrite$$Lambda$1862/0x00000008008369a0 (datafixerupper@6.0.8)
3735:             1             16  com.mojang.datafixers.functions.PointFreeRule$CompRewrite$$Lambda$2364/0x00000008008cc000 (datafixerupper@6.0.8)
3736:             1             16  com.mojang.datafixers.functions.PointFreeRule$Seq (datafixerupper@6.0.8)
3737:             1             16  com.mojang.datafixers.kinds.Applicative$$Lambda$1192/0x0000000800597c78 (datafixerupper@6.0.8)
3738:             1             16  com.mojang.datafixers.kinds.Applicative$$Lambda$2781/0x0000000800a0f3f0 (datafixerupper@6.0.8)
3739:             1             16  com.mojang.datafixers.kinds.Applicative$$Lambda$2975/0x0000000800a2ba08 (datafixerupper@6.0.8)
3740:             1             16  com.mojang.datafixers.kinds.Applicative$$Lambda$2976/0x0000000800a2bc48 (datafixerupper@6.0.8)
3741:             1             16  com.mojang.datafixers.kinds.Applicative$$Lambda$3082/0x0000000800a7e410 (datafixerupper@6.0.8)
3742:             1             16  com.mojang.datafixers.schemas.Schema$$Lambda$1807/0x000000080081bd18 (datafixerupper@6.0.8)
3743:             1             16  com.mojang.datafixers.schemas.Schema$$Lambda$1855/0x000000080082bc38 (datafixerupper@6.0.8)
3744:             1             16  com.mojang.datafixers.schemas.Schema$$Lambda$2209/0x000000080088d038 (datafixerupper@6.0.8)
3745:             1             16  com.mojang.datafixers.schemas.Schema$$Lambda$2210/0x000000080088d498 (datafixerupper@6.0.8)
3746:             1             16  com.mojang.datafixers.types.Type$$Lambda$2357/0x0000000800897b68 (datafixerupper@6.0.8)
3747:             1             16  com.mojang.datafixers.types.templates.Hook$HookFunction$1 (datafixerupper@6.0.8)
3748:             1             16  com.mojang.datafixers.types.templates.TaggedChoice$$Lambda$1853/0x000000080082b340 (datafixerupper@6.0.8)
3749:             1             16  com.mojang.datafixers.util.Pair$$Lambda$1851/0x0000000800828988 (datafixerupper@6.0.8)
3750:             1             16  com.mojang.datafixers.util.Pair$$Lambda$1852/0x0000000800828bc8 (datafixerupper@6.0.8)
3751:             1             16  com.mojang.logging.LogQueues$$Lambda$287/0x000000080028aea8 (logging@1.1.1)
3752:             1             16  com.mojang.serialization.Codec$$Lambda$1477/0x000000080071d170 (datafixerupper@6.0.8)
3753:             1             16  com.mojang.serialization.Codec$$Lambda$1478/0x000000080071d3b0 (datafixerupper@6.0.8)
3754:             1             16  com.mojang.serialization.Codec$10 (datafixerupper@6.0.8)
3755:             1             16  com.mojang.serialization.Codec$11 (datafixerupper@6.0.8)
3756:             1             16  com.mojang.serialization.Codec$12 (datafixerupper@6.0.8)
3757:             1             16  com.mojang.serialization.Codec$13 (datafixerupper@6.0.8)
3758:             1             16  com.mojang.serialization.Codec$14 (datafixerupper@6.0.8)
3759:             1             16  com.mojang.serialization.Codec$15 (datafixerupper@6.0.8)
3760:             1             16  com.mojang.serialization.Codec$16 (datafixerupper@6.0.8)
3761:             1             16  com.mojang.serialization.Codec$17 (datafixerupper@6.0.8)
3762:             1             16  com.mojang.serialization.Codec$18 (datafixerupper@6.0.8)
3763:             1             16  com.mojang.serialization.Codec$19 (datafixerupper@6.0.8)
3764:             1             16  com.mojang.serialization.Codec$20 (datafixerupper@6.0.8)
3765:             1             16  com.mojang.serialization.Codec$9 (datafixerupper@6.0.8)
3766:             1             16  com.mojang.serialization.Lifecycle$1 (datafixerupper@6.0.8)
3767:             1             16  com.mojang.serialization.Lifecycle$2 (datafixerupper@6.0.8)
3768:             1             16  com.mojang.serialization.MapCodec$$Lambda$1111/0x00000008005799f8 (datafixerupper@6.0.8)
3769:             1             16  com.mojang.serialization.OptionalDynamic$$Lambda$1959/0x0000000800848900 (datafixerupper@6.0.8)
3770:             1             16  com.mojang.serialization.codecs.RecordCodecBuilder$$Lambda$1066/0x0000000800569658 (datafixerupper@6.0.8)
3771:             1             16  com.sun.jmx.interceptor.DefaultMBeanServerInterceptor$ResourceContext$1 (java.management@17.0.15)
3772:             1             16  com.sun.jmx.mbeanserver.DefaultMXBeanMappingFactory (java.management@17.0.15)
3773:             1             16  com.sun.jmx.mbeanserver.DescriptorCache (java.management@17.0.15)
3774:             1             16  com.sun.jmx.mbeanserver.MBeanAnalyzer$MethodOrder (java.management@17.0.15)
3775:             1             16  com.sun.jmx.mbeanserver.MBeanInstantiator (java.management@17.0.15)
3776:             1             16  com.sun.jmx.mbeanserver.MXBeanIntrospector (java.management@17.0.15)
3777:             1             16  com.sun.jmx.mbeanserver.SecureClassLoaderRepository (java.management@17.0.15)
3778:             1             16  com.sun.jmx.mbeanserver.StandardMBeanIntrospector (java.management@17.0.15)
3779:             1             16  com.sun.jna.JNIEnv (com.sun.jna@5.12.1)
3780:             1             16  com.sun.jna.Native$1 (com.sun.jna@5.12.1)
3781:             1             16  com.sun.jna.Native$2 (com.sun.jna@5.12.1)
3782:             1             16  com.sun.jna.Native$7 (com.sun.jna@5.12.1)
3783:             1             16  com.sun.jna.Structure$1 (com.sun.jna@5.12.1)
3784:             1             16  com.sun.jna.Structure$2 (com.sun.jna@5.12.1)
3785:             1             16  com.sun.jna.VarArgsChecker$RealVarArgsChecker (com.sun.jna@5.12.1)
3786:             1             16  com.sun.jna.platform.linux.Udev$UdevContext (com.sun.jna.platform@5.12.1)
3787:             1             16  com.sun.jna.platform.linux.Udev$UdevDevice (com.sun.jna.platform@5.12.1)
3788:             1             16  com.sun.jna.platform.linux.Udev$UdevEnumerate (com.sun.jna.platform@5.12.1)
3789:             1             16  com.sun.jna.platform.linux.Udev$UdevListEntry (com.sun.jna.platform@5.12.1)
3790:             1             16  com.sun.management.internal.HotSpotDiagnostic (jdk.management@17.0.15)
3791:             1             16  com.sun.management.internal.PlatformMBeanProviderImpl (jdk.management@17.0.15)
3792:             1             16  com.sun.management.internal.PlatformMBeanProviderImpl$$Lambda$253/0x0000000800194cc8 (jdk.management@17.0.15)
3793:             1             16  com.sun.org.apache.xerces.internal.dom.CharacterDataImpl$1 (java.xml@17.0.15)
3794:             1             16  com.sun.org.apache.xerces.internal.impl.dv.dtd.IDDatatypeValidator (java.xml@17.0.15)
3795:             1             16  com.sun.org.apache.xerces.internal.impl.dv.dtd.IDREFDatatypeValidator (java.xml@17.0.15)
3796:             1             16  com.sun.org.apache.xerces.internal.impl.dv.dtd.NMTOKENDatatypeValidator (java.xml@17.0.15)
3797:             1             16  com.sun.org.apache.xerces.internal.impl.dv.dtd.NOTATIONDatatypeValidator (java.xml@17.0.15)
3798:             1             16  com.sun.org.apache.xerces.internal.impl.dv.dtd.StringDatatypeValidator (java.xml@17.0.15)
3799:             1             16  com.sun.proxy.jdk.proxy1.$Proxy1 (jdk.proxy1)
3800:             1             16  cpw.mods.bootstraplauncher.BootstrapLauncher$$Lambda$160/0x0000000800123970 (cpw.mods.bootstraplauncher@1.1.2)
3801:             1             16  cpw.mods.bootstraplauncher.BootstrapLauncher$$Lambda$175/0x0000000800127870 (cpw.mods.bootstraplauncher@1.1.2)
3802:             1             16  cpw.mods.bootstraplauncher.BootstrapLauncher$$Lambda$178/0x00000008001c4418 (cpw.mods.bootstraplauncher@1.1.2)
3803:             1             16  cpw.mods.bootstraplauncher.BootstrapLauncher$$Lambda$179/0x00000008001c4638 (cpw.mods.bootstraplauncher@1.1.2)
3804:             1             16  cpw.mods.cl.JarModuleFinder (cpw.mods.securejarhandler)
3805:             1             16  cpw.mods.cl.JarModuleFinder$$Lambda$180/0x00000008001c4ee8 (cpw.mods.securejarhandler)
3806:             1             16  cpw.mods.cl.JarModuleFinder$$Lambda$181/0x00000008001c5128 (cpw.mods.securejarhandler)
3807:             1             16  cpw.mods.cl.JarModuleFinder$$Lambda$182/0x00000008001c5368 (cpw.mods.securejarhandler)
3808:             1             16  cpw.mods.cl.JarModuleFinder$$Lambda$183/0x00000008001c55a8 (cpw.mods.securejarhandler)
3809:             1             16  cpw.mods.cl.JarModuleFinder$JarModuleReader (cpw.mods.securejarhandler)
3810:             1             16  cpw.mods.cl.ModularURLHandler (cpw.mods.securejarhandler)
3811:             1             16  cpw.mods.cl.ModularURLHandler$$Lambda$190/0x00000008001c6318 (cpw.mods.securejarhandler)
3812:             1             16  cpw.mods.cl.ModularURLHandler$$Lambda$191/0x00000008001c6558 (cpw.mods.securejarhandler)
3813:             1             16  cpw.mods.cl.ModularURLHandler$FunctionURLStreamHandler (cpw.mods.securejarhandler)
3814:             1             16  cpw.mods.cl.ModuleClassLoader$$Lambda$1336/0x00000008005cc988 (cpw.mods.securejarhandler)
3815:             1             16  cpw.mods.cl.ModuleClassLoader$$Lambda$192/0x00000008001c69d0 (cpw.mods.securejarhandler)
3816:             1             16  cpw.mods.cl.ModuleClassLoader$$Lambda$194/0x00000008001c6e68 (cpw.mods.securejarhandler)
3817:             1             16  cpw.mods.cl.ModuleClassLoader$$Lambda$195/0x00000008001c70a8 (cpw.mods.securejarhandler)
3818:             1             16  cpw.mods.cl.ModuleClassLoader$$Lambda$201/0x00000008001c2000 (cpw.mods.securejarhandler)
3819:             1             16  cpw.mods.cl.ModuleClassLoader$$Lambda$209/0x00000008001c2b30 (cpw.mods.securejarhandler)
3820:             1             16  cpw.mods.cl.ModuleClassLoader$$Lambda$215/0x00000008001c1c00 (cpw.mods.securejarhandler)
3821:             1             16  cpw.mods.cl.ModuleClassLoader$$Lambda$216/0x00000008001c8000 (cpw.mods.securejarhandler)
3822:             1             16  cpw.mods.cl.ModuleClassLoader$$Lambda$217/0x00000008001c8420 (cpw.mods.securejarhandler)
3823:             1             16  cpw.mods.cl.ModuleClassLoader$$Lambda$223/0x00000008001c96f8 (cpw.mods.securejarhandler)
3824:             1             16  cpw.mods.cl.ModuleClassLoader$$Lambda$225/0x00000008001c9b80 (cpw.mods.securejarhandler)
3825:             1             16  cpw.mods.cl.ModuleClassLoader$$Lambda$226/0x00000008001c9dc0 (cpw.mods.securejarhandler)
3826:             1             16  cpw.mods.cl.UnionURLStreamHandler (cpw.mods.securejarhandler)
3827:             1             16  cpw.mods.cl.UnionURLStreamHandler$$Lambda$227/0x00000008001ca010 (cpw.mods.securejarhandler)
3828:             1             16  cpw.mods.jarhandling.SecureJar$$Lambda$177/0x00000008001c4000 (cpw.mods.securejarhandler)
3829:             1             16  cpw.mods.jarhandling.SecureJar$$Lambda$98/0x0000000800107d88 (cpw.mods.securejarhandler)
3830:             1             16  cpw.mods.jarhandling.SecureJar$Provider$$Lambda$163/0x0000000800126498 (cpw.mods.securejarhandler)
3831:             1             16  cpw.mods.jarhandling.SecureJar$Provider$$Lambda$164/0x00000008001266d8 (cpw.mods.securejarhandler)
3832:             1             16  cpw.mods.jarhandling.impl.Jar$$Lambda$100/0x000000080010b428 (cpw.mods.securejarhandler)
3833:             1             16  cpw.mods.jarhandling.impl.Jar$$Lambda$101/0x000000080010b678 (cpw.mods.securejarhandler)
3834:             1             16  cpw.mods.jarhandling.impl.Jar$$Lambda$102/0x000000080010bab0 (cpw.mods.securejarhandler)
3835:             1             16  cpw.mods.jarhandling.impl.Jar$$Lambda$103/0x000000080010bd00 (cpw.mods.securejarhandler)
3836:             1             16  cpw.mods.jarhandling.impl.Jar$$Lambda$129/0x000000080011f000 (cpw.mods.securejarhandler)
3837:             1             16  cpw.mods.jarhandling.impl.Jar$$Lambda$130/0x000000080011f250 (cpw.mods.securejarhandler)
3838:             1             16  cpw.mods.jarhandling.impl.Jar$$Lambda$131/0x000000080011f4a0 (cpw.mods.securejarhandler)
3839:             1             16  cpw.mods.jarhandling.impl.Jar$$Lambda$132/0x000000080011f6e0 (cpw.mods.securejarhandler)
3840:             1             16  cpw.mods.jarhandling.impl.Jar$$Lambda$133/0x000000080011f920 (cpw.mods.securejarhandler)
3841:             1             16  cpw.mods.jarhandling.impl.Jar$$Lambda$141/0x000000080011fb60 (cpw.mods.securejarhandler)
3842:             1             16  cpw.mods.jarhandling.impl.Jar$$Lambda$142/0x000000080011fda0 (cpw.mods.securejarhandler)
3843:             1             16  cpw.mods.jarhandling.impl.Jar$$Lambda$143/0x000000080011ec00 (cpw.mods.securejarhandler)
3844:             1             16  cpw.mods.jarhandling.impl.Jar$$Lambda$144/0x0000000800120000 (cpw.mods.securejarhandler)
3845:             1             16  cpw.mods.jarhandling.impl.Jar$$Lambda$145/0x0000000800120240 (cpw.mods.securejarhandler)
3846:             1             16  cpw.mods.jarhandling.impl.Jar$$Lambda$146/0x0000000800120488 (cpw.mods.securejarhandler)
3847:             1             16  cpw.mods.jarhandling.impl.Jar$$Lambda$147/0x00000008001206d8 (cpw.mods.securejarhandler)
3848:             1             16  cpw.mods.jarhandling.impl.Jar$$Lambda$148/0x0000000800120928 (cpw.mods.securejarhandler)
3849:             1             16  cpw.mods.jarhandling.impl.Jar$$Lambda$149/0x0000000800120b78 (cpw.mods.securejarhandler)
3850:             1             16  cpw.mods.jarhandling.impl.Jar$$Lambda$150/0x0000000800120dc8 (cpw.mods.securejarhandler)
3851:             1             16  cpw.mods.jarhandling.impl.Jar$$Lambda$151/0x0000000800121008 (cpw.mods.securejarhandler)
3852:             1             16  cpw.mods.jarhandling.impl.Jar$$Lambda$152/0x0000000800121248 (cpw.mods.securejarhandler)
3853:             1             16  cpw.mods.jarhandling.impl.Jar$$Lambda$153/0x0000000800121498 (cpw.mods.securejarhandler)
3854:             1             16  cpw.mods.jarhandling.impl.Jar$$Lambda$156/0x0000000800121b48 (cpw.mods.securejarhandler)
3855:             1             16  cpw.mods.jarhandling.impl.Jar$$Lambda$161/0x0000000800126000 (cpw.mods.securejarhandler)
3856:             1             16  cpw.mods.jarhandling.impl.Jar$JarModuleDataProvider$$Lambda$212/0x00000008001c3878 (cpw.mods.securejarhandler)
3857:             1             16  cpw.mods.jarhandling.impl.Jar$JarModuleDataProvider$$Lambda$213/0x00000008001c3ab8 (cpw.mods.securejarhandler)
3858:             1             16  cpw.mods.jarhandling.impl.ManifestVerifier$$Lambda$363/0x00000008001cbab0 (cpw.mods.securejarhandler)
3859:             1             16  cpw.mods.jarhandling.impl.ModuleJarMetadata$ModFileVisitor$$Lambda$166/0x0000000800126b80 (cpw.mods.securejarhandler)
3860:             1             16  cpw.mods.jarhandling.impl.SecureJarVerifier$UnsafeAccessor (cpw.mods.securejarhandler)
3861:             1             16  cpw.mods.jarhandling.impl.SimpleJarMetadata$$Lambda$186/0x00000008001c57f0 (cpw.mods.securejarhandler)
3862:             1             16  cpw.mods.modlauncher.ArgumentHandler$$Lambda$942/0x000000080050f118 (cpw.mods.modlauncher@10.0.9)
3863:             1             16  cpw.mods.modlauncher.BootstrapLaunchConsumer (cpw.mods.modlauncher@10.0.9)
3864:             1             16  cpw.mods.modlauncher.ClassTransformer$$Lambda$1345/0x000000080061b3f8 (cpw.mods.modlauncher@10.0.9)
3865:             1             16  cpw.mods.modlauncher.DefaultLaunchHandlerService (cpw.mods.modlauncher@10.0.9)
3866:             1             16  cpw.mods.modlauncher.LaunchPluginHandler (cpw.mods.modlauncher@10.0.9)
3867:             1             16  cpw.mods.modlauncher.LaunchPluginHandler$$Lambda$354/0x00000008002b3840 (cpw.mods.modlauncher@10.0.9)
3868:             1             16  cpw.mods.modlauncher.LaunchPluginHandler$$Lambda$355/0x00000008002b3c70 (cpw.mods.modlauncher@10.0.9)
3869:             1             16  cpw.mods.modlauncher.LaunchPluginHandler$$Lambda$364/0x00000008002b76a0 (cpw.mods.modlauncher@10.0.9)
3870:             1             16  cpw.mods.modlauncher.LaunchPluginHandler$$Lambda$370/0x00000008002b8478 (cpw.mods.modlauncher@10.0.9)
3871:             1             16  cpw.mods.modlauncher.LaunchPluginHandler$$Lambda$954/0x0000000800514ce0 (cpw.mods.modlauncher@10.0.9)
3872:             1             16  cpw.mods.modlauncher.LaunchServiceHandler (cpw.mods.modlauncher@10.0.9)
3873:             1             16  cpw.mods.modlauncher.LaunchServiceHandler$$Lambda$325/0x00000008002a2170 (cpw.mods.modlauncher@10.0.9)
3874:             1             16  cpw.mods.modlauncher.LaunchServiceHandler$$Lambda$329/0x00000008002a2e80 (cpw.mods.modlauncher@10.0.9)
3875:             1             16  cpw.mods.modlauncher.LaunchServiceHandler$$Lambda$330/0x00000008002a32d0 (cpw.mods.modlauncher@10.0.9)
3876:             1             16  cpw.mods.modlauncher.LaunchServiceHandler$$Lambda$507/0x000000080034eeb0 (cpw.mods.modlauncher@10.0.9)
3877:             1             16  cpw.mods.modlauncher.Launcher$$Lambda$318/0x00000008002a0810 (cpw.mods.modlauncher@10.0.9)
3878:             1             16  cpw.mods.modlauncher.Launcher$$Lambda$319/0x00000008002a0a30 (cpw.mods.modlauncher@10.0.9)
3879:             1             16  cpw.mods.modlauncher.Launcher$$Lambda$320/0x00000008002a0c50 (cpw.mods.modlauncher@10.0.9)
3880:             1             16  cpw.mods.modlauncher.Launcher$$Lambda$321/0x00000008002a0e70 (cpw.mods.modlauncher@10.0.9)
3881:             1             16  cpw.mods.modlauncher.Launcher$$Lambda$322/0x00000008002a1090 (cpw.mods.modlauncher@10.0.9)
3882:             1             16  cpw.mods.modlauncher.Launcher$$Lambda$323/0x00000008002a12b0 (cpw.mods.modlauncher@10.0.9)
3883:             1             16  cpw.mods.modlauncher.Launcher$$Lambda$341/0x00000008002af3c8 (cpw.mods.modlauncher@10.0.9)
3884:             1             16  cpw.mods.modlauncher.Launcher$$Lambda$342/0x00000008002af608 (cpw.mods.modlauncher@10.0.9)
3885:             1             16  cpw.mods.modlauncher.Launcher$$Lambda$343/0x00000008002af848 (cpw.mods.modlauncher@10.0.9)
3886:             1             16  cpw.mods.modlauncher.Launcher$$Lambda$344/0x00000008002afa88 (cpw.mods.modlauncher@10.0.9)
3887:             1             16  cpw.mods.modlauncher.Launcher$$Lambda$751/0x00000008003cf6a8 (cpw.mods.modlauncher@10.0.9)
3888:             1             16  cpw.mods.modlauncher.Launcher$$Lambda$752/0x00000008003cf8e8 (cpw.mods.modlauncher@10.0.9)
3889:             1             16  cpw.mods.modlauncher.Launcher$$Lambda$870/0x000000080047dae0 (cpw.mods.modlauncher@10.0.9)
3890:             1             16  cpw.mods.modlauncher.Launcher$$Lambda$871/0x000000080047dfb8 (cpw.mods.modlauncher@10.0.9)
3891:             1             16  cpw.mods.modlauncher.Launcher$$Lambda$872/0x000000080047e1f8 (cpw.mods.modlauncher@10.0.9)
3892:             1             16  cpw.mods.modlauncher.ModuleLayerHandler$$Lambda$326/0x00000008002a25a8 (cpw.mods.modlauncher@10.0.9)
3893:             1             16  cpw.mods.modlauncher.ModuleLayerHandler$$Lambda$420/0x00000008003172a0 (cpw.mods.modlauncher@10.0.9)
3894:             1             16  cpw.mods.modlauncher.ModuleLayerHandler$$Lambda$421/0x00000008003174e0 (cpw.mods.modlauncher@10.0.9)
3895:             1             16  cpw.mods.modlauncher.ModuleLayerHandler$$Lambda$422/0x0000000800317700 (cpw.mods.modlauncher@10.0.9)
3896:             1             16  cpw.mods.modlauncher.ModuleLayerHandler$$Lambda$424/0x0000000800317b88 (cpw.mods.modlauncher@10.0.9)
3897:             1             16  cpw.mods.modlauncher.ModuleLayerHandler$$Lambda$426/0x000000080031c248 (cpw.mods.modlauncher@10.0.9)
3898:             1             16  cpw.mods.modlauncher.ModuleLayerHandler$$Lambda$427/0x0000000800317dc8 (cpw.mods.modlauncher@10.0.9)
3899:             1             16  cpw.mods.modlauncher.ModuleLayerHandler$$Lambda$429/0x000000080031c6d0 (cpw.mods.modlauncher@10.0.9)
3900:             1             16  cpw.mods.modlauncher.ModuleLayerHandler$$Lambda$754/0x00000008003cfd50 (cpw.mods.modlauncher@10.0.9)
3901:             1             16  cpw.mods.modlauncher.NameMappingServiceDecorator (cpw.mods.modlauncher@10.0.9)
3902:             1             16  cpw.mods.modlauncher.NameMappingServiceHandler$$Lambda$349/0x00000008002b2480 (cpw.mods.modlauncher@10.0.9)
3903:             1             16  cpw.mods.modlauncher.NameMappingServiceHandler$$Lambda$350/0x00000008002b28b0 (cpw.mods.modlauncher@10.0.9)
3904:             1             16  cpw.mods.modlauncher.NameMappingServiceHandler$$Lambda$351/0x00000008002b2d18 (cpw.mods.modlauncher@10.0.9)
3905:             1             16  cpw.mods.modlauncher.NameMappingServiceHandler$$Lambda$516/0x0000000800352c98 (cpw.mods.modlauncher@10.0.9)
3906:             1             16  cpw.mods.modlauncher.NameMappingServiceHandler$$Lambda$851/0x0000000800479528 (cpw.mods.modlauncher@10.0.9)
3907:             1             16  cpw.mods.modlauncher.TestingLaunchHandlerService (cpw.mods.modlauncher@10.0.9)
3908:             1             16  cpw.mods.modlauncher.TransformList$$Lambda$1343/0x000000080061ab08 (cpw.mods.modlauncher@10.0.9)
3909:             1             16  cpw.mods.modlauncher.TransformList$$Lambda$929/0x0000000800507818 (cpw.mods.modlauncher@10.0.9)
3910:             1             16  cpw.mods.modlauncher.TransformTargetLabel$LabelType$$Lambda$345/0x00000008002b0ca8 (cpw.mods.modlauncher@10.0.9)
3911:             1             16  cpw.mods.modlauncher.TransformTargetLabel$LabelType$$Lambda$346/0x00000008002b0ee8 (cpw.mods.modlauncher@10.0.9)
3912:             1             16  cpw.mods.modlauncher.TransformTargetLabel$LabelType$$Lambda$347/0x00000008002b1128 (cpw.mods.modlauncher@10.0.9)
3913:             1             16  cpw.mods.modlauncher.TransformationServiceDecorator$$Lambda$878/0x000000080047ef48 (cpw.mods.modlauncher@10.0.9)
3914:             1             16  cpw.mods.modlauncher.TransformationServiceDecorator$$Lambda$922/0x0000000800506610 (cpw.mods.modlauncher@10.0.9)
3915:             1             16  cpw.mods.modlauncher.TransformationServiceDecorator$$Lambda$923/0x0000000800506850 (cpw.mods.modlauncher@10.0.9)
3916:             1             16  cpw.mods.modlauncher.TransformationServiceDecorator$$Lambda$925/0x0000000800506ce8 (cpw.mods.modlauncher@10.0.9)
3917:             1             16  cpw.mods.modlauncher.TransformationServicesHandler$$Lambda$373/0x00000008002bfd38 (cpw.mods.modlauncher@10.0.9)
3918:             1             16  cpw.mods.modlauncher.TransformationServicesHandler$$Lambda$376/0x0000000800300b20 (cpw.mods.modlauncher@10.0.9)
3919:             1             16  cpw.mods.modlauncher.TransformationServicesHandler$$Lambda$413/0x00000008003169e0 (cpw.mods.modlauncher@10.0.9)
3920:             1             16  cpw.mods.modlauncher.TransformationServicesHandler$$Lambda$464/0x0000000800332e50 (cpw.mods.modlauncher@10.0.9)
3921:             1             16  cpw.mods.modlauncher.TransformationServicesHandler$$Lambda$465/0x0000000800333280 (cpw.mods.modlauncher@10.0.9)
3922:             1             16  cpw.mods.modlauncher.TransformationServicesHandler$$Lambda$466/0x0000000800333710 (cpw.mods.modlauncher@10.0.9)
3923:             1             16  cpw.mods.modlauncher.TransformationServicesHandler$$Lambda$468/0x0000000800336a50 (cpw.mods.modlauncher@10.0.9)
3924:             1             16  cpw.mods.modlauncher.TransformationServicesHandler$$Lambda$479/0x0000000800334a20 (cpw.mods.modlauncher@10.0.9)
3925:             1             16  cpw.mods.modlauncher.TransformationServicesHandler$$Lambda$482/0x0000000800338000 (cpw.mods.modlauncher@10.0.9)
3926:             1             16  cpw.mods.modlauncher.TransformationServicesHandler$$Lambda$491/0x0000000800339450 (cpw.mods.modlauncher@10.0.9)
3927:             1             16  cpw.mods.modlauncher.TransformationServicesHandler$$Lambda$514/0x0000000800352800 (cpw.mods.modlauncher@10.0.9)
3928:             1             16  cpw.mods.modlauncher.TransformationServicesHandler$$Lambda$518/0x0000000800353120 (cpw.mods.modlauncher@10.0.9)
3929:             1             16  cpw.mods.modlauncher.TransformationServicesHandler$$Lambda$756/0x00000008003cea48 (cpw.mods.modlauncher@10.0.9)
3930:             1             16  cpw.mods.modlauncher.TransformationServicesHandler$$Lambda$933/0x000000080050cf68 (cpw.mods.modlauncher@10.0.9)
3931:             1             16  cpw.mods.modlauncher.TransformationServicesHandler$$Lambda$934/0x000000080050d1a8 (cpw.mods.modlauncher@10.0.9)
3932:             1             16  cpw.mods.modlauncher.TransformerAuditTrail (cpw.mods.modlauncher@10.0.9)
3933:             1             16  cpw.mods.modlauncher.TransformerAuditTrail$$Lambda$1314/0x00000008005c9368 (cpw.mods.modlauncher@10.0.9)
3934:             1             16  cpw.mods.modlauncher.TransformerAuditTrail$$Lambda$960/0x00000008005162a8 (cpw.mods.modlauncher@10.0.9)
3935:             1             16  cpw.mods.modlauncher.api.TypesafeMap$KeyBuilder$$Lambda$339/0x00000008002aeb10 (cpw.mods.modlauncher@10.0.9)
3936:             1             16  cpw.mods.modlauncher.log.ExtraDataTextRenderer$$Lambda$1311/0x00000008005c8660 (cpw.mods.modlauncher@10.0.9)
3937:             1             16  cpw.mods.modlauncher.log.ExtraDataTextRenderer$$Lambda$1312/0x00000008005c88a0 (cpw.mods.modlauncher@10.0.9)
3938:             1             16  cpw.mods.modlauncher.log.MLClassLoaderContextSelector (cpw.mods.modlauncher@10.0.9)
3939:             1             16  cpw.mods.modlauncher.util.ServiceLoaderUtils$$Lambda$328/0x00000008002a2c30 (cpw.mods.modlauncher@10.0.9)
3940:             1             16  cpw.mods.modlauncher.util.ServiceLoaderUtils$$Lambda$365/0x00000008002b78e0 (cpw.mods.modlauncher@10.0.9)
3941:             1             16  cpw.mods.modlauncher.util.ServiceLoaderUtils$$Lambda$366/0x00000008002b7b20 (cpw.mods.modlauncher@10.0.9)
3942:             1             16  cpw.mods.modlauncher.util.ServiceLoaderUtils$$Lambda$367/0x00000008002b7d60 (cpw.mods.modlauncher@10.0.9)
3943:             1             16  cpw.mods.modlauncher.util.ServiceLoaderUtils$$Lambda$368/0x00000008002b8000 (cpw.mods.modlauncher@10.0.9)
3944:             1             16  cpw.mods.niofs.union.UnionFileSystem$$Lambda$110/0x0000000800115690 (cpw.mods.securejarhandler)
3945:             1             16  cpw.mods.niofs.union.UnionFileSystem$$Lambda$112/0x00000008001158e0 (cpw.mods.securejarhandler)
3946:             1             16  cpw.mods.niofs.union.UnionFileSystem$$Lambda$113/0x0000000800115b30 (cpw.mods.securejarhandler)
3947:             1             16  cpw.mods.niofs.union.UnionFileSystem$$Lambda$114/0x0000000800115d70 (cpw.mods.securejarhandler)
3948:             1             16  cpw.mods.niofs.union.UnionFileSystem$$Lambda$115/0x00000008001161c0 (cpw.mods.securejarhandler)
3949:             1             16  cpw.mods.niofs.union.UnionFileSystem$$Lambda$118/0x0000000800116a70 (cpw.mods.securejarhandler)
3950:             1             16  cpw.mods.niofs.union.UnionFileSystem$$Lambda$124/0x00000008001175e0 (cpw.mods.securejarhandler)
3951:             1             16  cpw.mods.niofs.union.UnionFileSystem$$Lambda$125/0x0000000800117820 (cpw.mods.securejarhandler)
3952:             1             16  cpw.mods.niofs.union.UnionFileSystem$$Lambda$126/0x0000000800117a60 (cpw.mods.securejarhandler)
3953:             1             16  cpw.mods.niofs.union.UnionFileSystem$$Lambda$158/0x0000000800122748 (cpw.mods.securejarhandler)
3954:             1             16  cpw.mods.niofs.union.UnionFileSystemProvider$$Lambda$104/0x00000008001146c8 (cpw.mods.securejarhandler)
3955:             1             16  cpw.mods.niofs.union.UnionFileSystemProvider$$Lambda$105/0x0000000800114908 (cpw.mods.securejarhandler)
3956:             1             16  cpw.mods.niofs.union.UnionFileSystemProvider$$Lambda$106/0x0000000800114b48 (cpw.mods.securejarhandler)
3957:             1             16  cpw.mods.niofs.union.UnionPath$$Lambda$108/0x0000000800115248 (cpw.mods.securejarhandler)
3958:             1             16  io.github.zekerzhayard.forgewrapper.installer.util.ModuleUtil$$Lambda$14/0x0000000800002e98
3959:             1             16  io.github.zekerzhayard.forgewrapper.installer.util.ModuleUtil$$Lambda$15/0x00000008000030d8
3960:             1             16  io.github.zekerzhayard.forgewrapper.installer.util.ModuleUtil$$Lambda$16/0x0000000800003328
3961:             1             16  io.github.zekerzhayard.forgewrapper.installer.util.ModuleUtil$$Lambda$28/0x0000000800003548
3962:             1             16  io.github.zekerzhayard.forgewrapper.installer.util.ModuleUtil$$Lambda$76/0x0000000800003798
3963:             1             16  it.unimi.dsi.fastutil.doubles.DoubleLists$EmptyList (it.unimi.dsi.fastutil@8.5.9)
3964:             1             16  it.unimi.dsi.fastutil.ints.Int2ObjectAVLTreeMap$1$$Lambda$2195/0x0000000800881d80 (it.unimi.dsi.fastutil@8.5.9)
3965:             1             16  it.unimi.dsi.fastutil.ints.Int2ObjectMaps$EmptyMap (it.unimi.dsi.fastutil@8.5.9)
3966:             1             16  it.unimi.dsi.fastutil.ints.Int2ObjectOpenHashMap$MapEntrySet (it.unimi.dsi.fastutil@8.5.9)
3967:             1             16  it.unimi.dsi.fastutil.ints.IntArrays$ArrayHashStrategy (it.unimi.dsi.fastutil@8.5.9)
3968:             1             16  it.unimi.dsi.fastutil.ints.IntComparators$NaturalImplicitComparator (it.unimi.dsi.fastutil@8.5.9)
3969:             1             16  it.unimi.dsi.fastutil.ints.IntComparators$OppositeImplicitComparator (it.unimi.dsi.fastutil@8.5.9)
3970:             1             16  it.unimi.dsi.fastutil.longs.Long2ObjectMaps$EmptyMap (it.unimi.dsi.fastutil@8.5.9)
3971:             1             16  it.unimi.dsi.fastutil.objects.Object2ObjectMaps$EmptyMap (it.unimi.dsi.fastutil@8.5.9)
3972:             1             16  it.unimi.dsi.fastutil.objects.ObjectArrayList$$Lambda$1318/0x00000008005d2d88 (it.unimi.dsi.fastutil@8.5.9)
3973:             1             16  it.unimi.dsi.fastutil.objects.ObjectArrayList$$Lambda$1319/0x00000008005d2fa8 (it.unimi.dsi.fastutil@8.5.9)
3974:             1             16  it.unimi.dsi.fastutil.objects.ObjectArrayList$$Lambda$1320/0x00000008005d31d8 (it.unimi.dsi.fastutil@8.5.9)
3975:             1             16  it.unimi.dsi.fastutil.objects.ObjectArrays$ArrayHashStrategy (it.unimi.dsi.fastutil@8.5.9)
3976:             1             16  java.beans.Statement$1 (java.desktop@17.0.15)
3977:             1             16  java.io.DeleteOnExitHook$1 (java.base@17.0.15)
3978:             1             16  java.io.FileDescriptor$1 (java.base@17.0.15)
3979:             1             16  java.io.FilePermission$1 (java.base@17.0.15)
3980:             1             16  java.io.RandomAccessFile$2 (java.base@17.0.15)
3981:             1             16  java.lang.ApplicationShutdownHooks$1 (java.base@17.0.15)
3982:             1             16  java.lang.CharacterData00 (java.base@17.0.15)
3983:             1             16  java.lang.CharacterDataLatin1 (java.base@17.0.15)
3984:             1             16  java.lang.Class$$Lambda$311/0x00000008002c51c0 (java.base@17.0.15)
3985:             1             16  java.lang.Module$$Lambda$9/0x00000008000a6688 (java.base@17.0.15)
3986:             1             16  java.lang.ModuleLayer$$Lambda$205/0x00000008001859b8 (java.base@17.0.15)
3987:             1             16  java.lang.ModuleLayer$$Lambda$31/0x00000008000b7a38 (java.base@17.0.15)
3988:             1             16  java.lang.ModuleLayer$Controller (java.base@17.0.15)
3989:             1             16  java.lang.ProcessBuilder$NullInputStream (java.base@17.0.15)
3990:             1             16  java.lang.ProcessBuilder$NullOutputStream (java.base@17.0.15)
3991:             1             16  java.lang.ProcessBuilder$Redirect$1 (java.base@17.0.15)
3992:             1             16  java.lang.ProcessBuilder$Redirect$2 (java.base@17.0.15)
3993:             1             16  java.lang.ProcessBuilder$Redirect$3 (java.base@17.0.15)
3994:             1             16  java.lang.ProcessEnvironment$StringKeySet (java.base@17.0.15)
3995:             1             16  java.lang.ProcessHandleImpl$$Lambda$281/0x0000000800251748 (java.base@17.0.15)
3996:             1             16  java.lang.Runtime (java.base@17.0.15)
3997:             1             16  java.lang.SecurityManager$$Lambda$1298/0x00000008002fd838 (java.base@17.0.15)
3998:             1             16  java.lang.SecurityManager$$Lambda$1300/0x00000008002fdcd0 (java.base@17.0.15)
3999:             1             16  java.lang.SecurityManager$$Lambda$1301/0x00000008002fdf10 (java.base@17.0.15)
4000:             1             16  java.lang.SecurityManager$$Lambda$1302/0x00000008002fe150 (java.base@17.0.15)
4001:             1             16  java.lang.SecurityManager$$Lambda$1303/0x00000008002fe380 (java.base@17.0.15)
4002:             1             16  java.lang.SecurityManager$$Lambda$1304/0x00000008002fe5d0 (java.base@17.0.15)
4003:             1             16  java.lang.SecurityManager$$Lambda$1306/0x00000008002fea48 (java.base@17.0.15)
4004:             1             16  java.lang.SecurityManager$$Lambda$1307/0x00000008002fec98 (java.base@17.0.15)
4005:             1             16  java.lang.String$CaseInsensitiveComparator (java.base@17.0.15)
4006:             1             16  java.lang.System$2 (java.base@17.0.15)
4007:             1             16  java.lang.System$LoggerFinder$$Lambda$279/0x000000080024dd90 (java.base@17.0.15)
4008:             1             16  java.lang.Terminator$1 (java.base@17.0.15)
4009:             1             16  java.lang.invoke.ClassSpecializer$1 (java.base@17.0.15)
4010:             1             16  java.lang.invoke.MemberName$Factory (java.base@17.0.15)
4011:             1             16  java.lang.invoke.MethodHandleImpl$1 (java.base@17.0.15)
4012:             1             16  java.lang.invoke.MethodHandleImpl$Makers$1 (java.base@17.0.15)
4013:             1             16  java.lang.invoke.MethodHandleImpl$Makers$2 (java.base@17.0.15)
4014:             1             16  java.lang.invoke.StringConcatFactory$1 (java.base@17.0.15)
4015:             1             16  java.lang.invoke.StringConcatFactory$2 (java.base@17.0.15)
4016:             1             16  java.lang.invoke.StringConcatFactory$3 (java.base@17.0.15)
4017:             1             16  java.lang.invoke.VarHandle$1 (java.base@17.0.15)
4018:             1             16  java.lang.invoke.VarHandleByteArrayAsInts$ArrayHandle$$Lambda$95/0x00000008001534e0 (java.base@17.0.15)
4019:             1             16  java.lang.invoke.VarHandleByteArrayAsLongs$ArrayHandle$$Lambda$96/0x0000000800154250 (java.base@17.0.15)
4020:             1             16  java.lang.management.DefaultPlatformMBeanProvider (java.management@17.0.15)
4021:             1             16  java.lang.management.DefaultPlatformMBeanProvider$5$$Lambda$304/0x000000080027a910 (java.management@17.0.15)
4022:             1             16  java.lang.management.ManagementFactory$$Lambda$252/0x0000000800193648 (java.management@17.0.15)
4023:             1             16  java.lang.management.ManagementFactory$$Lambda$293/0x000000080026ab30 (java.management@17.0.15)
4024:             1             16  java.lang.management.ManagementFactory$$Lambda$294/0x000000080026ad80 (java.management@17.0.15)
4025:             1             16  java.lang.management.ManagementFactory$$Lambda$295/0x000000080026afc0 (java.management@17.0.15)
4026:             1             16  java.lang.module.Configuration$$Lambda$189/0x0000000800184c98 (java.base@17.0.15)
4027:             1             16  java.lang.module.Configuration$$Lambda$58/0x00000008000e4fd0 (java.base@17.0.15)
4028:             1             16  java.lang.module.Configuration$$Lambda$59/0x00000008000e5210 (java.base@17.0.15)
4029:             1             16  java.lang.module.ModuleDescriptor$1 (java.base@17.0.15)
4030:             1             16  java.lang.module.ModuleDescriptor$Builder$$Lambda$171/0x0000000800183050 (java.base@17.0.15)
4031:             1             16  java.lang.module.ModuleDescriptor$Builder$$Lambda$53/0x00000008000e25e0 (java.base@17.0.15)
4032:             1             16  java.lang.module.ModuleDescriptor$Builder$$Lambda$8/0x00000008000a5d30 (java.base@17.0.15)
4033:             1             16  java.lang.module.Resolver$$Lambda$56/0x00000008000e48b0 (java.base@17.0.15)
4034:             1             16  java.lang.module.Resolver$$Lambda$57/0x00000008000e4af0 (java.base@17.0.15)
4035:             1             16  java.lang.module.Resolver$$Lambda$60/0x00000008000e5450 (java.base@17.0.15)
4036:             1             16  java.lang.module.Resolver$$Lambda$61/0x00000008000e5690 (java.base@17.0.15)
4037:             1             16  java.lang.module.Resolver$$Lambda$62/0x00000008000e58d0 (java.base@17.0.15)
4038:             1             16  java.lang.module.Resolver$$Lambda$63/0x00000008000e5b10 (java.base@17.0.15)
4039:             1             16  java.lang.module.Resolver$$Lambda$64/0x00000008000e5d30 (java.base@17.0.15)
4040:             1             16  java.lang.module.Resolver$$Lambda$69/0x00000008000e7138 (java.base@17.0.15)
4041:             1             16  java.lang.module.Resolver$$Lambda$73/0x00000008000e7a60 (java.base@17.0.15)
4042:             1             16  java.lang.module.Resolver$$Lambda$74/0x00000008000e7ca0 (java.base@17.0.15)
4043:             1             16  java.lang.ref.Cleaner (java.base@17.0.15)
4044:             1             16  java.lang.ref.Cleaner$1 (java.base@17.0.15)
4045:             1             16  java.lang.ref.Reference$1 (java.base@17.0.15)
4046:             1             16  java.lang.reflect.Proxy$$Lambda$6/0x00000008000a4028 (java.base@17.0.15)
4047:             1             16  java.lang.reflect.Proxy$ProxyBuilder$$Lambda$7/0x00000008000a4ea0 (java.base@17.0.15)
4048:             1             16  java.lang.reflect.ProxyGenerator$$Lambda$12/0x00000008000a76c0 (java.base@17.0.15)
4049:             1             16  java.lang.reflect.ProxyGenerator$$Lambda$13/0x00000008000a7900 (java.base@17.0.15)
4050:             1             16  java.lang.reflect.ReflectAccess (java.base@17.0.15)
4051:             1             16  java.net.InetAddress$1 (java.base@17.0.15)
4052:             1             16  java.net.InetAddress$PlatformNameService (java.base@17.0.15)
4053:             1             16  java.net.URI$1 (java.base@17.0.15)
4054:             1             16  java.net.URL$3 (java.base@17.0.15)
4055:             1             16  java.net.URL$DefaultFactory (java.base@17.0.15)
4056:             1             16  java.nio.Bits$1 (java.base@17.0.15)
4057:             1             16  java.nio.Buffer$1 (java.base@17.0.15)
4058:             1             16  java.nio.file.Files$$Lambda$128/0x0000000800170798 (java.base@17.0.15)
4059:             1             16  java.nio.file.Files$$Lambda$882/0x00000008002eb100 (java.base@17.0.15)
4060:             1             16  java.nio.file.Files$AcceptAllFilter (java.base@17.0.15)
4061:             1             16  java.security.AllPermission (java.base@17.0.15)
4062:             1             16  java.security.ProtectionDomain$JavaSecurityAccessImpl (java.base@17.0.15)
4063:             1             16  java.security.Security$2 (java.base@17.0.15)
4064:             1             16  java.security.Signature$1 (java.base@17.0.15)
4065:             1             16  java.security.spec.EncodedKeySpec$1 (java.base@17.0.15)
4066:             1             16  java.text.DecimalFormatSymbols$$Lambda$84/0x00000008000fbcd8 (java.base@17.0.15)
4067:             1             16  java.text.DontCareFieldPosition$1 (java.base@17.0.15)
4068:             1             16  java.time.Clock$SystemClock (java.base@17.0.15)
4069:             1             16  java.time.ZonedDateTime$$Lambda$1205/0x00000008002f88e8 (java.base@17.0.15)
4070:             1             16  java.time.chrono.IsoChronology (java.base@17.0.15)
4071:             1             16  java.time.format.DateTimeFormatter$$Lambda$1021/0x00000008002f56c0 (java.base@17.0.15)
4072:             1             16  java.time.format.DateTimeFormatter$$Lambda$1022/0x00000008002f58e0 (java.base@17.0.15)
4073:             1             16  java.time.format.DateTimeFormatterBuilder$$Lambda$1020/0x00000008002efce0 (java.base@17.0.15)
4074:             1             16  java.time.format.DateTimeFormatterBuilder$InstantPrinterParser (java.base@17.0.15)
4075:             1             16  java.time.format.DateTimeTextProvider (java.base@17.0.15)
4076:             1             16  java.time.format.DateTimeTextProvider$1 (java.base@17.0.15)
4077:             1             16  java.time.temporal.TemporalQueries$1 (java.base@17.0.15)
4078:             1             16  java.time.temporal.TemporalQueries$2 (java.base@17.0.15)
4079:             1             16  java.time.temporal.TemporalQueries$3 (java.base@17.0.15)
4080:             1             16  java.time.temporal.TemporalQueries$4 (java.base@17.0.15)
4081:             1             16  java.time.temporal.TemporalQueries$5 (java.base@17.0.15)
4082:             1             16  java.time.temporal.TemporalQueries$6 (java.base@17.0.15)
4083:             1             16  java.time.temporal.TemporalQueries$7 (java.base@17.0.15)
4084:             1             16  java.util.AbstractMap$2 (java.base@17.0.15)
4085:             1             16  java.util.Collections$EmptyEnumeration (java.base@17.0.15)
4086:             1             16  java.util.Collections$EmptyIterator (java.base@17.0.15)
4087:             1             16  java.util.Collections$EmptyList (java.base@17.0.15)
4088:             1             16  java.util.Collections$EmptySet (java.base@17.0.15)
4089:             1             16  java.util.Collections$ReverseComparator (java.base@17.0.15)
4090:             1             16  java.util.Collections$ReverseComparator2 (java.base@17.0.15)
4091:             1             16  java.util.Collections$UnmodifiableMap$UnmodifiableEntrySet (java.base@17.0.15)
4092:             1             16  java.util.Comparator$$Lambda$173/0x0000000800183480 (java.base@17.0.15)
4093:             1             16  java.util.Comparator$$Lambda$548/0x00000008002d4d80 (java.base@17.0.15)
4094:             1             16  java.util.EnumMap$1 (java.base@17.0.15)
4095:             1             16  java.util.EnumMap$EntrySet (java.base@17.0.15)
4096:             1             16  java.util.EnumMap$Values (java.base@17.0.15)
4097:             1             16  java.util.ImmutableCollections$Access$1 (java.base@17.0.15)
4098:             1             16  java.util.Locale$Builder (java.base@17.0.15)
4099:             1             16  java.util.Map$Entry$$Lambda$1268/0x00000008002fcf80 (java.base@17.0.15)
4100:             1             16  java.util.ResourceBundle$1 (java.base@17.0.15)
4101:             1             16  java.util.ResourceBundle$Control (java.base@17.0.15)
4102:             1             16  java.util.Spliterators$EmptySpliterator$OfDouble (java.base@17.0.15)
4103:             1             16  java.util.Spliterators$EmptySpliterator$OfInt (java.base@17.0.15)
4104:             1             16  java.util.Spliterators$EmptySpliterator$OfLong (java.base@17.0.15)
4105:             1             16  java.util.Spliterators$EmptySpliterator$OfRef (java.base@17.0.15)
4106:             1             16  java.util.concurrent.CompletableFuture$AltResult (java.base@17.0.15)
4107:             1             16  java.util.concurrent.ForkJoinPool$DefaultCommonPoolForkJoinWorkerThreadFactory (java.base@17.0.15)
4108:             1             16  java.util.concurrent.ForkJoinPool$DefaultForkJoinWorkerThreadFactory (java.base@17.0.15)
4109:             1             16  java.util.concurrent.ThreadPoolExecutor$AbortPolicy (java.base@17.0.15)
4110:             1             16  java.util.function.Function$$Lambda$116/0x00000008001641c8 (java.base@17.0.15)
4111:             1             16  java.util.function.Predicate$$Lambda$2176/0x00000008005e4238 (java.base@17.0.15)
4112:             1             16  java.util.jar.JavaUtilJarAccessImpl (java.base@17.0.15)
4113:             1             16  java.util.logging.ErrorManager (java.logging@17.0.15)
4114:             1             16  java.util.logging.Level$$Lambda$277/0x000000080024d590 (java.logging@17.0.15)
4115:             1             16  java.util.logging.Level$KnownLevel$$Lambda$274/0x000000080024a2b0 (java.logging@17.0.15)
4116:             1             16  java.util.logging.Level$KnownLevel$$Lambda$275/0x000000080024a4f0 (java.logging@17.0.15)
4117:             1             16  java.util.logging.Level$KnownLevel$$Lambda$278/0x000000080024d7d0 (java.logging@17.0.15)
4118:             1             16  java.util.logging.LogManager$LoggingProviderAccess (java.logging@17.0.15)
4119:             1             16  java.util.logging.LogManager$VisitedLoggers (java.logging@17.0.15)
4120:             1             16  java.util.logging.Logging (java.logging@17.0.15)
4121:             1             16  java.util.logging.SimpleFormatter$$Lambda$822/0x00000008002e2680 (java.logging@17.0.15)
4122:             1             16  java.util.regex.CharPredicates$$Lambda$169/0x000000080013cf10 (java.base@17.0.15)
4123:             1             16  java.util.regex.CharPredicates$$Lambda$38/0x00000008000bb8c8 (java.base@17.0.15)
4124:             1             16  java.util.regex.CharPredicates$$Lambda$441/0x00000008002ce190 (java.base@17.0.15)
4125:             1             16  java.util.regex.CharPredicates$$Lambda$559/0x00000008002d7828 (java.base@17.0.15)
4126:             1             16  java.util.regex.Pattern$$Lambda$168/0x000000080013a1d8 (java.base@17.0.15)
4127:             1             16  java.util.regex.Pattern$$Lambda$448/0x00000008002cead8 (java.base@17.0.15)
4128:             1             16  java.util.regex.Pattern$LastNode (java.base@17.0.15)
4129:             1             16  java.util.regex.Pattern$LookBehindEndNode (java.base@17.0.15)
4130:             1             16  java.util.regex.Pattern$Node (java.base@17.0.15)
4131:             1             16  java.util.stream.Collectors$$Lambda$1/0x000000080000e980 (java.base@17.0.15)
4132:             1             16  java.util.stream.Collectors$$Lambda$1258/0x00000008002fabe8 (java.base@17.0.15)
4133:             1             16  java.util.stream.Collectors$$Lambda$1259/0x00000008002fae18 (java.base@17.0.15)
4134:             1             16  java.util.stream.Collectors$$Lambda$134/0x00000008001709d8 (java.base@17.0.15)
4135:             1             16  java.util.stream.Collectors$$Lambda$135/0x0000000800170bf8 (java.base@17.0.15)
4136:             1             16  java.util.stream.Collectors$$Lambda$136/0x0000000800170e28 (java.base@17.0.15)
4137:             1             16  java.util.stream.Collectors$$Lambda$137/0x0000000800171070 (java.base@17.0.15)
4138:             1             16  java.util.stream.Collectors$$Lambda$138/0x00000008001712b0 (java.base@17.0.15)
4139:             1             16  java.util.stream.Collectors$$Lambda$184/0x00000008001843a8 (java.base@17.0.15)
4140:             1             16  java.util.stream.Collectors$$Lambda$2/0x0000000800080808 (java.base@17.0.15)
4141:             1             16  java.util.stream.Collectors$$Lambda$23/0x00000008000b2a80 (java.base@17.0.15)
4142:             1             16  java.util.stream.Collectors$$Lambda$24/0x00000008000b2ca0 (java.base@17.0.15)
4143:             1             16  java.util.stream.Collectors$$Lambda$25/0x00000008000b2ed0 (java.base@17.0.15)
4144:             1             16  java.util.stream.Collectors$$Lambda$3/0x0000000800080e38 (java.base@17.0.15)
4145:             1             16  java.util.stream.Collectors$$Lambda$313/0x00000008002c5628 (java.base@17.0.15)
4146:             1             16  java.util.stream.Collectors$$Lambda$314/0x00000008002c5858 (java.base@17.0.15)
4147:             1             16  java.util.stream.Collectors$$Lambda$315/0x00000008002c5aa0 (java.base@17.0.15)
4148:             1             16  java.util.stream.Collectors$$Lambda$358/0x00000008002c8c10 (java.base@17.0.15)
4149:             1             16  java.util.stream.Collectors$$Lambda$359/0x00000008002c8e30 (java.base@17.0.15)
4150:             1             16  java.util.stream.Collectors$$Lambda$360/0x00000008002c9060 (java.base@17.0.15)
4151:             1             16  java.util.stream.Collectors$$Lambda$361/0x00000008002c92a8 (java.base@17.0.15)
4152:             1             16  java.util.stream.Collectors$$Lambda$4/0x0000000800081080 (java.base@17.0.15)
4153:             1             16  java.util.stream.Collectors$$Lambda$414/0x00000008002ca640 (java.base@17.0.15)
4154:             1             16  java.util.stream.Collectors$$Lambda$415/0x00000008002ca860 (java.base@17.0.15)
4155:             1             16  java.util.stream.Collectors$$Lambda$416/0x00000008002caa90 (java.base@17.0.15)
4156:             1             16  java.util.stream.Collectors$$Lambda$417/0x00000008002cacd8 (java.base@17.0.15)
4157:             1             16  java.util.stream.Collectors$$Lambda$92/0x0000000800140440 (java.base@17.0.15)
4158:             1             16  java.util.stream.Collectors$$Lambda$94/0x0000000800140898 (java.base@17.0.15)
4159:             1             16  java.util.stream.FindOps$FindSink$OfInt$$Lambda$85/0x00000008000fd280 (java.base@17.0.15)
4160:             1             16  java.util.stream.FindOps$FindSink$OfInt$$Lambda$86/0x00000008000fd4d0 (java.base@17.0.15)
4161:             1             16  java.util.stream.FindOps$FindSink$OfInt$$Lambda$87/0x00000008000fd6f0 (java.base@17.0.15)
4162:             1             16  java.util.stream.FindOps$FindSink$OfInt$$Lambda$88/0x00000008000fd940 (java.base@17.0.15)
4163:             1             16  java.util.stream.FindOps$FindSink$OfRef$$Lambda$32/0x00000008000b86c0 (java.base@17.0.15)
4164:             1             16  java.util.stream.FindOps$FindSink$OfRef$$Lambda$33/0x00000008000b8910 (java.base@17.0.15)
4165:             1             16  java.util.stream.FindOps$FindSink$OfRef$$Lambda$34/0x00000008000b8b30 (java.base@17.0.15)
4166:             1             16  java.util.stream.FindOps$FindSink$OfRef$$Lambda$35/0x00000008000b8d80 (java.base@17.0.15)
4167:             1             16  java.util.stream.IntPipeline$$Lambda$1854/0x00000008005e33b8 (java.base@17.0.15)
4168:             1             16  java.util.stream.IntPipeline$$Lambda$603/0x00000008002d9700 (java.base@17.0.15)
4169:             1             16  java.util.stream.Nodes$EmptyNode$OfDouble (java.base@17.0.15)
4170:             1             16  java.util.stream.Nodes$EmptyNode$OfInt (java.base@17.0.15)
4171:             1             16  java.util.stream.Nodes$EmptyNode$OfLong (java.base@17.0.15)
4172:             1             16  java.util.stream.Nodes$EmptyNode$OfRef (java.base@17.0.15)
4173:             1             16  java.util.stream.ReferencePipeline$$Lambda$111/0x0000000800163a20 (java.base@17.0.15)
4174:             1             16  java.util.zip.ZipFile$1 (java.base@17.0.15)
4175:             1             16  javax.management.JMX (java.management@17.0.15)
4176:             1             16  javax.management.MBeanServerBuilder (java.management@17.0.15)
4177:             1             16  javax.management.NotificationBroadcasterSupport$1 (java.management@17.0.15)
4178:             1             16  jdk.dynalink.CallSiteDescriptor$$Lambda$903/0x00000008004e6ad8 (jdk.dynalink@17.0.15)
4179:             1             16  jdk.dynalink.CallSiteDescriptor$$Lambda$904/0x00000008004e6cf8 (jdk.dynalink@17.0.15)
4180:             1             16  jdk.dynalink.DynamicLinkerFactory$$Lambda$829/0x00000008003fbc18 (jdk.dynalink@17.0.15)
4181:             1             16  jdk.dynalink.beans.ApplicableOverloadedMethods$1 (jdk.dynalink@17.0.15)
4182:             1             16  jdk.dynalink.beans.ApplicableOverloadedMethods$2 (jdk.dynalink@17.0.15)
4183:             1             16  jdk.dynalink.beans.ApplicableOverloadedMethods$3 (jdk.dynalink@17.0.15)
4184:             1             16  jdk.dynalink.beans.BeansLinker (jdk.dynalink@17.0.15)
4185:             1             16  jdk.dynalink.beans.DynamicMethodLinker (jdk.dynalink@17.0.15)
4186:             1             16  jdk.dynalink.beans.MaximallySpecific$$Lambda$1350/0x00000008004f1e58 (jdk.dynalink@17.0.15)
4187:             1             16  jdk.dynalink.beans.StaticClassLinker (jdk.dynalink@17.0.15)
4188:             1             16  jdk.dynalink.internal.AccessControlContextFactory$$Lambda$827/0x00000008003fb7b8 (jdk.dynalink@17.0.15)
4189:             1             16  jdk.dynalink.internal.AccessControlContextFactory$$Lambda$828/0x00000008003fb9f8 (jdk.dynalink@17.0.15)
4190:             1             16  jdk.internal.icu.impl.Norm2AllModes$DecomposeNormalizer2 (java.base@17.0.15)
4191:             1             16  jdk.internal.icu.impl.Norm2AllModes$NoopNormalizer2 (java.base@17.0.15)
4192:             1             16  jdk.internal.icu.impl.NormalizerImpl$IsAcceptable (java.base@17.0.15)
4193:             1             16  jdk.internal.icu.text.NormalizerBase$ModeImpl (java.base@17.0.15)
4194:             1             16  jdk.internal.icu.text.NormalizerBase$NFCMode (java.base@17.0.15)
4195:             1             16  jdk.internal.icu.text.NormalizerBase$NFDMode (java.base@17.0.15)
4196:             1             16  jdk.internal.icu.text.NormalizerBase$NFKCMode (java.base@17.0.15)
4197:             1             16  jdk.internal.icu.text.NormalizerBase$NFKDMode (java.base@17.0.15)
4198:             1             16  jdk.internal.icu.text.NormalizerBase$NONEMode (java.base@17.0.15)
4199:             1             16  jdk.internal.icu.util.CodePointTrie$Data16 (java.base@17.0.15)
4200:             1             16  jdk.internal.icu.util.VersionInfo (java.base@17.0.15)
4201:             1             16  jdk.internal.jimage.ImageBufferCache$1 (java.base@17.0.15)
4202:             1             16  jdk.internal.jimage.ImageBufferCache$2 (java.base@17.0.15)
4203:             1             16  jdk.internal.jimage.ImageReaderFactory$1 (java.base@17.0.15)
4204:             1             16  jdk.internal.jimage.ImageStringsReader (java.base@17.0.15)
4205:             1             16  jdk.internal.jimage.decompressor.Decompressor (java.base@17.0.15)
4206:             1             16  jdk.internal.jimage.decompressor.StringSharingDecompressorFactory (java.base@17.0.15)
4207:             1             16  jdk.internal.jimage.decompressor.ZipDecompressor (java.base@17.0.15)
4208:             1             16  jdk.internal.jimage.decompressor.ZipDecompressorFactory (java.base@17.0.15)
4209:             1             16  jdk.internal.jrtfs.JrtFileSystemProvider (java.base@17.0.15)
4210:             1             16  jdk.internal.logger.LazyLoggers$1 (java.base@17.0.15)
4211:             1             16  jdk.internal.logger.LazyLoggers$JdkLazyLogger (java.base@17.0.15)
4212:             1             16  jdk.internal.logger.LazyLoggers$LazyLoggerFactories (java.base@17.0.15)
4213:             1             16  jdk.internal.math.FloatingDecimal$1 (java.base@17.0.15)
4214:             1             16  jdk.internal.math.FormattedFloatingDecimal$1 (java.base@17.0.15)
4215:             1             16  jdk.internal.misc.ScopedMemoryAccess (java.base@17.0.15)
4216:             1             16  jdk.internal.misc.TerminatingThreadLocal$1 (java.base@17.0.15)
4217:             1             16  jdk.internal.misc.ThreadTracker (java.base@17.0.15)
4218:             1             16  jdk.internal.misc.Unsafe (java.base@17.0.15)
4219:             1             16  jdk.internal.module.ArchivedBootLayer (java.base@17.0.15)
4220:             1             16  jdk.internal.module.ModuleLoaderMap$Mapper (java.base@17.0.15)
4221:             1             16  jdk.internal.module.ModulePatcher (java.base@17.0.15)
4222:             1             16  jdk.internal.module.ModulePath$$Lambda$19/0x00000008000b1c70 (java.base@17.0.15)
4223:             1             16  jdk.internal.module.ModulePath$$Lambda$20/0x00000008000b1ec0 (java.base@17.0.15)
4224:             1             16  jdk.internal.module.ModulePath$$Lambda$22/0x00000008000b2348 (java.base@17.0.15)
4225:             1             16  jdk.internal.module.ModulePath$$Lambda$42/0x00000008000bf698 (java.base@17.0.15)
4226:             1             16  jdk.internal.module.ModulePath$$Lambda$43/0x00000008000bf8e8 (java.base@17.0.15)
4227:             1             16  jdk.internal.module.ModulePath$$Lambda$44/0x00000008000bfb28 (java.base@17.0.15)
4228:             1             16  jdk.internal.module.ModulePath$$Lambda$45/0x00000008000bfd78 (java.base@17.0.15)
4229:             1             16  jdk.internal.module.ModulePath$$Lambda$50/0x00000008000e1308 (java.base@17.0.15)
4230:             1             16  jdk.internal.module.ModulePath$$Lambda$52/0x00000008000e2168 (java.base@17.0.15)
4231:             1             16  jdk.internal.perf.Perf (java.base@17.0.15)
4232:             1             16  jdk.internal.platform.CgroupMetrics (java.base@17.0.15)
4233:             1             16  jdk.internal.platform.CgroupSubsystemFactory$$Lambda$302/0x0000000800278000 (java.base@17.0.15)
4234:             1             16  jdk.internal.platform.cgroupv2.CgroupV2Subsystem (java.base@17.0.15)
4235:             1             16  jdk.internal.platform.cgroupv2.CgroupV2SubsystemController (java.base@17.0.15)
4236:             1             16  jdk.internal.reflect.GeneratedConstructorAccessor1
4237:             1             16  jdk.internal.reflect.GeneratedConstructorAccessor10
4238:             1             16  jdk.internal.reflect.GeneratedConstructorAccessor11
4239:             1             16  jdk.internal.reflect.GeneratedConstructorAccessor12
4240:             1             16  jdk.internal.reflect.GeneratedConstructorAccessor13
4241:             1             16  jdk.internal.reflect.GeneratedConstructorAccessor14 (java.base@17.0.15)
4242:             1             16  jdk.internal.reflect.GeneratedConstructorAccessor15 (java.base@17.0.15)
4243:             1             16  jdk.internal.reflect.GeneratedConstructorAccessor16 (java.base@17.0.15)
4244:             1             16  jdk.internal.reflect.GeneratedConstructorAccessor17 (java.base@17.0.15)
4245:             1             16  jdk.internal.reflect.GeneratedConstructorAccessor18 (java.base@17.0.15)
4246:             1             16  jdk.internal.reflect.GeneratedConstructorAccessor19
4247:             1             16  jdk.internal.reflect.GeneratedConstructorAccessor2
4248:             1             16  jdk.internal.reflect.GeneratedConstructorAccessor20
4249:             1             16  jdk.internal.reflect.GeneratedConstructorAccessor21
4250:             1             16  jdk.internal.reflect.GeneratedConstructorAccessor22
4251:             1             16  jdk.internal.reflect.GeneratedConstructorAccessor23
4252:             1             16  jdk.internal.reflect.GeneratedConstructorAccessor3
4253:             1             16  jdk.internal.reflect.GeneratedConstructorAccessor4 (java.base@17.0.15)
4254:             1             16  jdk.internal.reflect.GeneratedConstructorAccessor5
4255:             1             16  jdk.internal.reflect.GeneratedConstructorAccessor6
4256:             1             16  jdk.internal.reflect.GeneratedConstructorAccessor7
4257:             1             16  jdk.internal.reflect.GeneratedConstructorAccessor8
4258:             1             16  jdk.internal.reflect.GeneratedConstructorAccessor9 (java.base@17.0.15)
4259:             1             16  jdk.internal.reflect.GeneratedMethodAccessor1 (java.base@17.0.15)
4260:             1             16  jdk.internal.reflect.ReflectionFactory (java.base@17.0.15)
4261:             1             16  jdk.jfr.internal.dcmd.DCmdCheck$$Lambda$308/0x00000008002c0660 (jdk.jfr@17.0.15)
4262:             1             16  jdk.jfr.internal.dcmd.DCmdDump$$Lambda$307/0x00000008002c0440 (jdk.jfr@17.0.15)
4263:             1             16  jdk.jfr.internal.dcmd.DCmdStart$$Lambda$306/0x00000008002c0220 (jdk.jfr@17.0.15)
4264:             1             16  jdk.jfr.internal.dcmd.DCmdStop$$Lambda$305/0x00000008002c0000 (jdk.jfr@17.0.15)
4265:             1             16  jdk.management.jfr.SettingDescriptorInfo$1 (jdk.management.jfr@17.0.15)
4266:             1             16  jdk.nio.zipfs.ZipFileSystem$$Lambda$107/0x0000000800119720 (jdk.zipfs@17.0.15)
4267:             1             16  jdk.nio.zipfs.ZipFileSystemProvider (jdk.zipfs@17.0.15)
4268:             1             16  jdk.proxy2.$Proxy17 (jdk.proxy2)
4269:             1             16  jdk.proxy2.$Proxy24 (jdk.proxy2)
4270:             1             16  jdk.proxy2.$Proxy25 (jdk.proxy2)
4271:             1             16  jdk.proxy2.$Proxy5 (jdk.proxy2)
4272:             1             16  jdk.proxy3.$Proxy20 (jdk.proxy3)
4273:             1             16  jdk.xml.internal.SecuritySupport$$Lambda$269/0x000000080019fad0 (java.xml@17.0.15)
4274:             1             16  joptsimple.OptionParserState$2 (jopt.simple@5.0.4)
4275:             1             16  net.fabricmc.loader.impl.FMLModMetadata$$Lambda$948/0x00000008005187d0 (net.fabricmc.loader@2.6.0+0.15.0+1.20.1-full)
4276:             1             16  net.fabricmc.loader.impl.FMLModMetadata$$Lambda$949/0x0000000800518e50 (net.fabricmc.loader@2.6.0+0.15.0+1.20.1-full)
4277:             1             16  net.fabricmc.loader.impl.FMLModMetadata$$Lambda$952/0x0000000800519ba8 (net.fabricmc.loader@2.6.0+0.15.0+1.20.1-full)
4278:             1             16  net.fabricmc.loader.impl.ModContainerImpl$$Lambda$951/0x0000000800519968 (net.fabricmc.loader@2.6.0+0.15.0+1.20.1-full)
4279:             1             16  net.fabricmc.loader.impl.bootstrap.FabricLoaderBootstrap (net.fabricmc.loader@2.6.0+0.15.0+1.20.1-full)
4280:             1             16  net.fabricmc.loader.impl.bootstrap.FabricLoaderHackyInjector (net.fabricmc.loader@2.6.0+0.15.0+1.20.1-full)
4281:             1             16  net.minecraft.ChatFormatting$$Lambda$1164/0x0000000800588c60 (minecraft@1.20.1)
4282:             1             16  net.minecraft.ChatFormatting$$Lambda$1168/0x0000000800590488 (minecraft@1.20.1)
4283:             1             16  net.minecraft.ChatFormatting$$Lambda$1169/0x00000008005906c8 (minecraft@1.20.1)
4284:             1             16  net.minecraft.SystemReport$$Lambda$1244/0x00000008005a8b48 (minecraft@1.20.1)
4285:             1             16  net.minecraft.SystemReport$$Lambda$1245/0x00000008005a8d68 (minecraft@1.20.1)
4286:             1             16  net.minecraft.SystemReport$$Lambda$1296/0x00000008005c4228 (minecraft@1.20.1)
4287:             1             16  net.minecraft.Util$$Lambda$1236/0x00000008005a6220 (minecraft@1.20.1)
4288:             1             16  net.minecraft.Util$$Lambda$1237/0x00000008005a6448 (minecraft@1.20.1)
4289:             1             16  net.minecraft.Util$$Lambda$1238/0x00000008005a6668 (minecraft@1.20.1)
4290:             1             16  net.minecraft.Util$$Lambda$1239/0x00000008005a6c88 (minecraft@1.20.1)
4291:             1             16  net.minecraft.Util$$Lambda$1240/0x00000008005a6ee8 (minecraft@1.20.1)
4292:             1             16  net.minecraft.Util$$Lambda$1241/0x00000008005a7138 (minecraft@1.20.1)
4293:             1             16  net.minecraft.Util$$Lambda$1242/0x00000008005a7358 (minecraft@1.20.1)
4294:             1             16  net.minecraft.Util$$Lambda$1297/0x00000008005c4448 (minecraft@1.20.1)
4295:             1             16  net.minecraft.Util$$Lambda$1449/0x000000080067a2b8 (minecraft@1.20.1)
4296:             1             16  net.minecraft.Util$$Lambda$1450/0x000000080067a4f8 (minecraft@1.20.1)
4297:             1             16  net.minecraft.Util$1 (minecraft@1.20.1)
4298:             1             16  net.minecraft.Util$3 (minecraft@1.20.1)
4299:             1             16  net.minecraft.Util$4 (minecraft@1.20.1)
4300:             1             16  net.minecraft.client.User$Type$$Lambda$1243/0x00000008005a8268 (minecraft@1.20.1)
4301:             1             16  net.minecraft.client.main.Main$$Lambda$1316/0x00000008005c5858 (minecraft@1.20.1)
4302:             1             16  net.minecraft.client.telemetry.TelemetryProperty$$Lambda$1031/0x000000080054f250 (minecraft@1.20.1)
4303:             1             16  net.minecraft.client.telemetry.TelemetryProperty$$Lambda$1040/0x0000000800560900 (minecraft@1.20.1)
4304:             1             16  net.minecraft.client.telemetry.TelemetryProperty$$Lambda$1041/0x0000000800560b20 (minecraft@1.20.1)
4305:             1             16  net.minecraft.client.telemetry.TelemetryProperty$$Lambda$1123/0x000000080057f220 (minecraft@1.20.1)
4306:             1             16  net.minecraft.client.telemetry.TelemetryProperty$$Lambda$1124/0x000000080057f440 (minecraft@1.20.1)
4307:             1             16  net.minecraft.client.telemetry.TelemetryProperty$$Lambda$1126/0x000000080057fce0 (minecraft@1.20.1)
4308:             1             16  net.minecraft.client.telemetry.TelemetryProperty$$Lambda$1127/0x0000000800580000 (minecraft@1.20.1)
4309:             1             16  net.minecraft.client.telemetry.TelemetryProperty$$Lambda$1128/0x0000000800580220 (minecraft@1.20.1)
4310:             1             16  net.minecraft.client.telemetry.TelemetryProperty$$Lambda$1129/0x0000000800580460 (minecraft@1.20.1)
4311:             1             16  net.minecraft.client.telemetry.TelemetryProperty$$Lambda$1132/0x0000000800580d08 (minecraft@1.20.1)
4312:             1             16  net.minecraft.client.telemetry.TelemetryProperty$$Lambda$1133/0x0000000800580f28 (minecraft@1.20.1)
4313:             1             16  net.minecraft.client.telemetry.TelemetryProperty$GameMode$$Lambda$1125/0x000000080057fac0 (minecraft@1.20.1)
4314:             1             16  net.minecraft.client.telemetry.TelemetryProperty$ServerType$$Lambda$1042/0x0000000800561590 (minecraft@1.20.1)
4315:             1             16  net.minecraft.client.telemetry.events.GameLoadTimesEvent$Measurement$$Lambda$1130/0x0000000800580888 (minecraft@1.20.1)
4316:             1             16  net.minecraft.client.telemetry.events.GameLoadTimesEvent$Measurement$$Lambda$1131/0x0000000800580ac8 (minecraft@1.20.1)
4317:             1             16  net.minecraft.commands.BrigadierExceptions (minecraft@1.20.1)
4318:             1             16  net.minecraft.commands.BrigadierExceptions$$Lambda$1152/0x0000000800581960 (minecraft@1.20.1)
4319:             1             16  net.minecraft.commands.BrigadierExceptions$$Lambda$1153/0x0000000800581b80 (minecraft@1.20.1)
4320:             1             16  net.minecraft.commands.BrigadierExceptions$$Lambda$1154/0x0000000800581da0 (minecraft@1.20.1)
4321:             1             16  net.minecraft.commands.BrigadierExceptions$$Lambda$1155/0x0000000800581fc0 (minecraft@1.20.1)
4322:             1             16  net.minecraft.commands.BrigadierExceptions$$Lambda$1156/0x00000008005821e0 (minecraft@1.20.1)
4323:             1             16  net.minecraft.commands.BrigadierExceptions$$Lambda$1157/0x0000000800582400 (minecraft@1.20.1)
4324:             1             16  net.minecraft.commands.BrigadierExceptions$$Lambda$1158/0x0000000800582620 (minecraft@1.20.1)
4325:             1             16  net.minecraft.commands.BrigadierExceptions$$Lambda$1159/0x0000000800582840 (minecraft@1.20.1)
4326:             1             16  net.minecraft.commands.BrigadierExceptions$$Lambda$1160/0x0000000800582a60 (minecraft@1.20.1)
4327:             1             16  net.minecraft.commands.BrigadierExceptions$$Lambda$1197/0x0000000800593400 (minecraft@1.20.1)
4328:             1             16  net.minecraft.commands.BrigadierExceptions$$Lambda$1198/0x0000000800593640 (minecraft@1.20.1)
4329:             1             16  net.minecraft.commands.BrigadierExceptions$$Lambda$1199/0x0000000800593880 (minecraft@1.20.1)
4330:             1             16  net.minecraft.commands.BrigadierExceptions$$Lambda$1200/0x0000000800593ac0 (minecraft@1.20.1)
4331:             1             16  net.minecraft.commands.BrigadierExceptions$$Lambda$1201/0x0000000800593d00 (minecraft@1.20.1)
4332:             1             16  net.minecraft.commands.BrigadierExceptions$$Lambda$1202/0x000000080059c000 (minecraft@1.20.1)
4333:             1             16  net.minecraft.commands.BrigadierExceptions$$Lambda$1203/0x000000080059c240 (minecraft@1.20.1)
4334:             1             16  net.minecraft.commands.BrigadierExceptions$$Lambda$1204/0x000000080059c480 (minecraft@1.20.1)
4335:             1             16  net.minecraft.commands.CommandSource$1 (minecraft@1.20.1)
4336:             1             16  net.minecraft.commands.arguments.EntityArgument$Info (minecraft@1.20.1)
4337:             1             16  net.minecraft.commands.arguments.ResourceArgument$Info (minecraft@1.20.1)
4338:             1             16  net.minecraft.commands.arguments.ResourceKeyArgument$Info (minecraft@1.20.1)
4339:             1             16  net.minecraft.commands.arguments.ResourceOrTagArgument$Info (minecraft@1.20.1)
4340:             1             16  net.minecraft.commands.arguments.ResourceOrTagKeyArgument$Info (minecraft@1.20.1)
4341:             1             16  net.minecraft.commands.arguments.ScoreHolderArgument$Info (minecraft@1.20.1)
4342:             1             16  net.minecraft.commands.arguments.TimeArgument$Info (minecraft@1.20.1)
4343:             1             16  net.minecraft.commands.arguments.selector.options.EntitySelectorOptions$$Lambda$2611/0x00000008009e68b0 (minecraft@1.20.1)
4344:             1             16  net.minecraft.commands.arguments.selector.options.EntitySelectorOptions$$Lambda$2612/0x00000008009e6af0 (minecraft@1.20.1)
4345:             1             16  net.minecraft.commands.arguments.selector.options.EntitySelectorOptions$$Lambda$2613/0x00000008009e6d30 (minecraft@1.20.1)
4346:             1             16  net.minecraft.commands.arguments.selector.options.EntitySelectorOptions$$Lambda$2614/0x00000008009e6f70 (minecraft@1.20.1)
4347:             1             16  net.minecraft.commands.arguments.selector.options.EntitySelectorOptions$$Lambda$2615/0x00000008009e71b0 (minecraft@1.20.1)
4348:             1             16  net.minecraft.commands.arguments.selector.options.EntitySelectorOptions$$Lambda$2616/0x00000008009e79f0 (minecraft@1.20.1)
4349:             1             16  net.minecraft.commands.arguments.selector.options.EntitySelectorOptions$$Lambda$2617/0x00000008009e7c10 (minecraft@1.20.1)
4350:             1             16  net.minecraft.commands.arguments.selector.options.EntitySelectorOptions$$Lambda$2618/0x00000008009e5210 (minecraft@1.20.1)
4351:             1             16  net.minecraft.commands.arguments.selector.options.EntitySelectorOptions$$Lambda$2619/0x00000008009e5430 (minecraft@1.20.1)
4352:             1             16  net.minecraft.commands.arguments.selector.options.EntitySelectorOptions$$Lambda$2620/0x00000008009e5680 (minecraft@1.20.1)
4353:             1             16  net.minecraft.commands.arguments.selector.options.EntitySelectorOptions$$Lambda$2621/0x00000008009e58a0 (minecraft@1.20.1)
4354:             1             16  net.minecraft.commands.arguments.selector.options.EntitySelectorOptions$$Lambda$2622/0x00000008009e5af0 (minecraft@1.20.1)
4355:             1             16  net.minecraft.commands.arguments.selector.options.EntitySelectorOptions$$Lambda$2623/0x00000008009e5d10 (minecraft@1.20.1)
4356:             1             16  net.minecraft.commands.arguments.selector.options.EntitySelectorOptions$$Lambda$2624/0x00000008009e4800 (minecraft@1.20.1)
4357:             1             16  net.minecraft.commands.arguments.selector.options.EntitySelectorOptions$$Lambda$2625/0x00000008009e4a20 (minecraft@1.20.1)
4358:             1             16  net.minecraft.commands.arguments.selector.options.EntitySelectorOptions$$Lambda$2626/0x00000008009e4c70 (minecraft@1.20.1)
4359:             1             16  net.minecraft.commands.arguments.selector.options.EntitySelectorOptions$$Lambda$2627/0x00000008009e4400 (minecraft@1.20.1)
4360:             1             16  net.minecraft.commands.arguments.selector.options.EntitySelectorOptions$$Lambda$2628/0x00000008009e8000 (minecraft@1.20.1)
4361:             1             16  net.minecraft.commands.arguments.selector.options.EntitySelectorOptions$$Lambda$2629/0x00000008009e8220 (minecraft@1.20.1)
4362:             1             16  net.minecraft.commands.arguments.selector.options.EntitySelectorOptions$$Lambda$2630/0x00000008009e8470 (minecraft@1.20.1)
4363:             1             16  net.minecraft.commands.arguments.selector.options.EntitySelectorOptions$$Lambda$2631/0x00000008009e8690 (minecraft@1.20.1)
4364:             1             16  net.minecraft.commands.arguments.selector.options.EntitySelectorOptions$$Lambda$2632/0x00000008009e88e0 (minecraft@1.20.1)
4365:             1             16  net.minecraft.commands.arguments.selector.options.EntitySelectorOptions$$Lambda$2633/0x00000008009e8b00 (minecraft@1.20.1)
4366:             1             16  net.minecraft.commands.arguments.selector.options.EntitySelectorOptions$$Lambda$2634/0x00000008009e8d50 (minecraft@1.20.1)
4367:             1             16  net.minecraft.commands.arguments.selector.options.EntitySelectorOptions$$Lambda$2635/0x00000008009e8f70 (minecraft@1.20.1)
4368:             1             16  net.minecraft.commands.arguments.selector.options.EntitySelectorOptions$$Lambda$2636/0x00000008009e91c0 (minecraft@1.20.1)
4369:             1             16  net.minecraft.commands.arguments.selector.options.EntitySelectorOptions$$Lambda$2637/0x00000008009e93e0 (minecraft@1.20.1)
4370:             1             16  net.minecraft.commands.arguments.selector.options.EntitySelectorOptions$$Lambda$2638/0x00000008009e9630 (minecraft@1.20.1)
4371:             1             16  net.minecraft.commands.arguments.selector.options.EntitySelectorOptions$$Lambda$2639/0x00000008009e9850 (minecraft@1.20.1)
4372:             1             16  net.minecraft.commands.arguments.selector.options.EntitySelectorOptions$$Lambda$2640/0x00000008009e9aa0 (minecraft@1.20.1)
4373:             1             16  net.minecraft.commands.arguments.selector.options.EntitySelectorOptions$$Lambda$2641/0x00000008009e9cc0 (minecraft@1.20.1)
4374:             1             16  net.minecraft.commands.arguments.selector.options.EntitySelectorOptions$$Lambda$2642/0x00000008009e9f10 (minecraft@1.20.1)
4375:             1             16  net.minecraft.commands.arguments.selector.options.EntitySelectorOptions$$Lambda$2643/0x00000008009ea130 (minecraft@1.20.1)
4376:             1             16  net.minecraft.commands.arguments.selector.options.EntitySelectorOptions$$Lambda$2644/0x00000008009ea380 (minecraft@1.20.1)
4377:             1             16  net.minecraft.commands.arguments.selector.options.EntitySelectorOptions$$Lambda$2645/0x00000008009ea5a0 (minecraft@1.20.1)
4378:             1             16  net.minecraft.commands.arguments.selector.options.EntitySelectorOptions$$Lambda$2646/0x00000008009ea7f0 (minecraft@1.20.1)
4379:             1             16  net.minecraft.commands.arguments.selector.options.EntitySelectorOptions$$Lambda$2647/0x00000008009eaa10 (minecraft@1.20.1)
4380:             1             16  net.minecraft.commands.arguments.selector.options.EntitySelectorOptions$$Lambda$2648/0x00000008009eac60 (minecraft@1.20.1)
4381:             1             16  net.minecraft.commands.arguments.selector.options.EntitySelectorOptions$$Lambda$2649/0x00000008009eae80 (minecraft@1.20.1)
4382:             1             16  net.minecraft.commands.arguments.selector.options.EntitySelectorOptions$$Lambda$2650/0x00000008009eb0d0 (minecraft@1.20.1)
4383:             1             16  net.minecraft.commands.arguments.selector.options.EntitySelectorOptions$$Lambda$2651/0x00000008009eb2f0 (minecraft@1.20.1)
4384:             1             16  net.minecraft.commands.arguments.selector.options.EntitySelectorOptions$$Lambda$2652/0x00000008009eb540 (minecraft@1.20.1)
4385:             1             16  net.minecraft.commands.arguments.selector.options.EntitySelectorOptions$$Lambda$2653/0x00000008009eb760 (minecraft@1.20.1)
4386:             1             16  net.minecraft.commands.arguments.selector.options.EntitySelectorOptions$$Lambda$2654/0x00000008009eb9b0 (minecraft@1.20.1)
4387:             1             16  net.minecraft.commands.arguments.selector.options.EntitySelectorOptions$$Lambda$2655/0x00000008009ebbd0 (minecraft@1.20.1)
4388:             1             16  net.minecraft.commands.arguments.selector.options.EntitySelectorOptions$$Lambda$2656/0x00000008009ebe20 (minecraft@1.20.1)
4389:             1             16  net.minecraft.commands.arguments.selector.options.EntitySelectorOptions$$Lambda$2657/0x00000008009ec040 (minecraft@1.20.1)
4390:             1             16  net.minecraft.commands.synchronization.ArgumentTypeInfos$$Lambda$2825/0x0000000800a2d958 (minecraft@1.20.1)
4391:             1             16  net.minecraft.commands.synchronization.ArgumentTypeInfos$$Lambda$2827/0x0000000800a2fbe0 (minecraft@1.20.1)
4392:             1             16  net.minecraft.commands.synchronization.ArgumentTypeInfos$$Lambda$2828/0x0000000800a29250 (minecraft@1.20.1)
4393:             1             16  net.minecraft.commands.synchronization.ArgumentTypeInfos$$Lambda$2829/0x0000000800a296c0 (minecraft@1.20.1)
4394:             1             16  net.minecraft.commands.synchronization.ArgumentTypeInfos$$Lambda$2830/0x0000000800a29b30 (minecraft@1.20.1)
4395:             1             16  net.minecraft.commands.synchronization.ArgumentTypeInfos$$Lambda$2831/0x0000000800a28800 (minecraft@1.20.1)
4396:             1             16  net.minecraft.commands.synchronization.ArgumentTypeInfos$$Lambda$2832/0x0000000800a28c78 (minecraft@1.20.1)
4397:             1             16  net.minecraft.commands.synchronization.ArgumentTypeInfos$$Lambda$2833/0x0000000800a30200 (minecraft@1.20.1)
4398:             1             16  net.minecraft.commands.synchronization.ArgumentTypeInfos$$Lambda$2834/0x0000000800a30698 (minecraft@1.20.1)
4399:             1             16  net.minecraft.commands.synchronization.ArgumentTypeInfos$$Lambda$2835/0x0000000800a30b30 (minecraft@1.20.1)
4400:             1             16  net.minecraft.commands.synchronization.ArgumentTypeInfos$$Lambda$2836/0x0000000800a30fc0 (minecraft@1.20.1)
4401:             1             16  net.minecraft.commands.synchronization.ArgumentTypeInfos$$Lambda$2837/0x0000000800a31430 (minecraft@1.20.1)
4402:             1             16  net.minecraft.commands.synchronization.ArgumentTypeInfos$$Lambda$2838/0x0000000800a31ab8 (minecraft@1.20.1)
4403:             1             16  net.minecraft.commands.synchronization.ArgumentTypeInfos$$Lambda$2839/0x0000000800a31f28 (minecraft@1.20.1)
4404:             1             16  net.minecraft.commands.synchronization.ArgumentTypeInfos$$Lambda$2840/0x0000000800a32398 (minecraft@1.20.1)
4405:             1             16  net.minecraft.commands.synchronization.ArgumentTypeInfos$$Lambda$2841/0x0000000800a32a08 (minecraft@1.20.1)
4406:             1             16  net.minecraft.commands.synchronization.ArgumentTypeInfos$$Lambda$2842/0x0000000800a32e78 (minecraft@1.20.1)
4407:             1             16  net.minecraft.commands.synchronization.ArgumentTypeInfos$$Lambda$2843/0x0000000800a332f0 (minecraft@1.20.1)
4408:             1             16  net.minecraft.commands.synchronization.ArgumentTypeInfos$$Lambda$2844/0x0000000800a33960 (minecraft@1.20.1)
4409:             1             16  net.minecraft.commands.synchronization.ArgumentTypeInfos$$Lambda$2845/0x0000000800a33dd8 (minecraft@1.20.1)
4410:             1             16  net.minecraft.commands.synchronization.ArgumentTypeInfos$$Lambda$2846/0x0000000800a34268 (minecraft@1.20.1)
4411:             1             16  net.minecraft.commands.synchronization.ArgumentTypeInfos$$Lambda$2847/0x0000000800a346d8 (minecraft@1.20.1)
4412:             1             16  net.minecraft.commands.synchronization.ArgumentTypeInfos$$Lambda$2848/0x0000000800a34b48 (minecraft@1.20.1)
4413:             1             16  net.minecraft.commands.synchronization.ArgumentTypeInfos$$Lambda$2849/0x0000000800a35480 (minecraft@1.20.1)
4414:             1             16  net.minecraft.commands.synchronization.ArgumentTypeInfos$$Lambda$2850/0x0000000800a358f0 (minecraft@1.20.1)
4415:             1             16  net.minecraft.commands.synchronization.ArgumentTypeInfos$$Lambda$2851/0x0000000800a35d60 (minecraft@1.20.1)
4416:             1             16  net.minecraft.commands.synchronization.ArgumentTypeInfos$$Lambda$2852/0x0000000800a361d0 (minecraft@1.20.1)
4417:             1             16  net.minecraft.commands.synchronization.ArgumentTypeInfos$$Lambda$2853/0x0000000800a36840 (minecraft@1.20.1)
4418:             1             16  net.minecraft.commands.synchronization.ArgumentTypeInfos$$Lambda$2854/0x0000000800a36cb0 (minecraft@1.20.1)
4419:             1             16  net.minecraft.commands.synchronization.ArgumentTypeInfos$$Lambda$2855/0x0000000800a37338 (minecraft@1.20.1)
4420:             1             16  net.minecraft.commands.synchronization.ArgumentTypeInfos$$Lambda$2856/0x0000000800a377c0 (minecraft@1.20.1)
4421:             1             16  net.minecraft.commands.synchronization.ArgumentTypeInfos$$Lambda$2857/0x0000000800a37c30 (minecraft@1.20.1)
4422:             1             16  net.minecraft.commands.synchronization.ArgumentTypeInfos$$Lambda$2858/0x0000000800a38250 (minecraft@1.20.1)
4423:             1             16  net.minecraft.commands.synchronization.ArgumentTypeInfos$$Lambda$2859/0x0000000800a3a138 (minecraft@1.20.1)
4424:             1             16  net.minecraft.commands.synchronization.ArgumentTypeInfos$$Lambda$2860/0x0000000800a3a5b8 (minecraft@1.20.1)
4425:             1             16  net.minecraft.commands.synchronization.ArgumentTypeInfos$$Lambda$2861/0x0000000800a3aa38 (minecraft@1.20.1)
4426:             1             16  net.minecraft.commands.synchronization.ArgumentTypeInfos$$Lambda$2862/0x0000000800a3aea8 (minecraft@1.20.1)
4427:             1             16  net.minecraft.commands.synchronization.ArgumentTypeInfos$$Lambda$2863/0x0000000800a3b318 (minecraft@1.20.1)
4428:             1             16  net.minecraft.commands.synchronization.ArgumentTypeInfos$$Lambda$2864/0x0000000800a3b788 (minecraft@1.20.1)
4429:             1             16  net.minecraft.commands.synchronization.brigadier.DoubleArgumentInfo (minecraft@1.20.1)
4430:             1             16  net.minecraft.commands.synchronization.brigadier.FloatArgumentInfo (minecraft@1.20.1)
4431:             1             16  net.minecraft.commands.synchronization.brigadier.IntegerArgumentInfo (minecraft@1.20.1)
4432:             1             16  net.minecraft.commands.synchronization.brigadier.LongArgumentInfo (minecraft@1.20.1)
4433:             1             16  net.minecraft.commands.synchronization.brigadier.StringArgumentSerializer (minecraft@1.20.1)
4434:             1             16  net.minecraft.core.BlockPos$$Lambda$1686/0x0000000800788000 (minecraft@1.20.1)
4435:             1             16  net.minecraft.core.BlockPos$$Lambda$1687/0x0000000800788240 (minecraft@1.20.1)
4436:             1             16  net.minecraft.core.Direction$$Lambda$1420/0x000000080065d428 (minecraft@1.20.1)
4437:             1             16  net.minecraft.core.Direction$$Lambda$1421/0x000000080065d648 (minecraft@1.20.1)
4438:             1             16  net.minecraft.core.Direction$$Lambda$1422/0x000000080065d888 (minecraft@1.20.1)
4439:             1             16  net.minecraft.core.Direction$$Lambda$1423/0x000000080065daa8 (minecraft@1.20.1)
4440:             1             16  net.minecraft.core.Direction$$Lambda$1424/0x000000080065dcc8 (minecraft@1.20.1)
4441:             1             16  net.minecraft.core.Direction$$Lambda$1425/0x000000080065df18 (minecraft@1.20.1)
4442:             1             16  net.minecraft.core.Direction$$Lambda$1426/0x000000080065e138 (minecraft@1.20.1)
4443:             1             16  net.minecraft.core.Direction$Axis$$Lambda$1417/0x000000080065cd88 (minecraft@1.20.1)
4444:             1             16  net.minecraft.core.FrontAndTop$$Lambda$1435/0x00000008006698a0 (minecraft@1.20.1)
4445:             1             16  net.minecraft.core.GlobalPos$$Lambda$2513/0x00000008009abd58 (minecraft@1.20.1)
4446:             1             16  net.minecraft.core.GlobalPos$$Lambda$2516/0x00000008009adea8 (minecraft@1.20.1)
4447:             1             16  net.minecraft.core.GlobalPos$$Lambda$2517/0x00000008009ae0e8 (minecraft@1.20.1)
4448:             1             16  net.minecraft.core.GlobalPos$$Lambda$2518/0x00000008009ae328 (minecraft@1.20.1)
4449:             1             16  net.minecraft.core.MappedRegistry$$Lambda$1321/0x00000008005d81f8 (minecraft@1.20.1)
4450:             1             16  net.minecraft.core.Registry$1 (minecraft@1.20.1)
4451:             1             16  net.minecraft.core.UUIDUtil$$Lambda$1032/0x000000080054f678 (minecraft@1.20.1)
4452:             1             16  net.minecraft.core.UUIDUtil$$Lambda$1033/0x000000080054f8b8 (minecraft@1.20.1)
4453:             1             16  net.minecraft.core.UUIDUtil$$Lambda$1034/0x000000080054faf8 (minecraft@1.20.1)
4454:             1             16  net.minecraft.core.UUIDUtil$$Lambda$1035/0x000000080054fd38 (minecraft@1.20.1)
4455:             1             16  net.minecraft.core.UUIDUtil$$Lambda$1036/0x0000000800560000 (minecraft@1.20.1)
4456:             1             16  net.minecraft.core.UUIDUtil$$Lambda$1037/0x0000000800560240 (minecraft@1.20.1)
4457:             1             16  net.minecraft.core.UUIDUtil$$Lambda$1038/0x0000000800560480 (minecraft@1.20.1)
4458:             1             16  net.minecraft.core.UUIDUtil$$Lambda$1039/0x00000008005606c0 (minecraft@1.20.1)
4459:             1             16  net.minecraft.core.Vec3i$$Lambda$1418/0x000000080065cfa8 (minecraft@1.20.1)
4460:             1             16  net.minecraft.core.Vec3i$$Lambda$1419/0x000000080065d1e8 (minecraft@1.20.1)
4461:             1             16  net.minecraft.core.cauldron.CauldronInteraction$$Lambda$1693/0x0000000800789cc0 (minecraft@1.20.1)
4462:             1             16  net.minecraft.core.cauldron.CauldronInteraction$$Lambda$1694/0x000000080078ab38 (minecraft@1.20.1)
4463:             1             16  net.minecraft.core.cauldron.CauldronInteraction$$Lambda$1695/0x000000080078ad58 (minecraft@1.20.1)
4464:             1             16  net.minecraft.core.cauldron.CauldronInteraction$$Lambda$1696/0x000000080078af78 (minecraft@1.20.1)
4465:             1             16  net.minecraft.core.cauldron.CauldronInteraction$$Lambda$1697/0x000000080078b198 (minecraft@1.20.1)
4466:             1             16  net.minecraft.core.cauldron.CauldronInteraction$$Lambda$1698/0x000000080078b3b8 (minecraft@1.20.1)
4467:             1             16  net.minecraft.core.cauldron.CauldronInteraction$$Lambda$1699/0x000000080078b5d8 (minecraft@1.20.1)
4468:             1             16  net.minecraft.core.cauldron.CauldronInteraction$$Lambda$1700/0x000000080078b7f8 (minecraft@1.20.1)
4469:             1             16  net.minecraft.core.cauldron.CauldronInteraction$$Lambda$2659/0x00000008009f0918 (minecraft@1.20.1)
4470:             1             16  net.minecraft.core.cauldron.CauldronInteraction$$Lambda$2660/0x00000008009f0b38 (minecraft@1.20.1)
4471:             1             16  net.minecraft.core.cauldron.CauldronInteraction$$Lambda$2661/0x00000008009f0d58 (minecraft@1.20.1)
4472:             1             16  net.minecraft.core.cauldron.CauldronInteraction$$Lambda$2662/0x00000008009f0f78 (minecraft@1.20.1)
4473:             1             16  net.minecraft.core.cauldron.CauldronInteraction$$Lambda$2663/0x00000008009f1198 (minecraft@1.20.1)
4474:             1             16  net.minecraft.core.cauldron.CauldronInteraction$$Lambda$2664/0x00000008009f13b8 (minecraft@1.20.1)
4475:             1             16  net.minecraft.core.dispenser.DispenseItemBehavior$$Lambda$2658/0x00000008009ec290 (minecraft@1.20.1)
4476:             1             16  net.minecraft.core.dispenser.DispenseItemBehavior$1 (minecraft@1.20.1)
4477:             1             16  net.minecraft.core.dispenser.DispenseItemBehavior$10 (minecraft@1.20.1)
4478:             1             16  net.minecraft.core.dispenser.DispenseItemBehavior$11 (minecraft@1.20.1)
4479:             1             16  net.minecraft.core.dispenser.DispenseItemBehavior$12 (minecraft@1.20.1)
4480:             1             16  net.minecraft.core.dispenser.DispenseItemBehavior$13 (minecraft@1.20.1)
4481:             1             16  net.minecraft.core.dispenser.DispenseItemBehavior$14 (minecraft@1.20.1)
4482:             1             16  net.minecraft.core.dispenser.DispenseItemBehavior$15 (minecraft@1.20.1)
4483:             1             16  net.minecraft.core.dispenser.DispenseItemBehavior$16 (minecraft@1.20.1)
4484:             1             16  net.minecraft.core.dispenser.DispenseItemBehavior$17 (minecraft@1.20.1)
4485:             1             16  net.minecraft.core.dispenser.DispenseItemBehavior$18 (minecraft@1.20.1)
4486:             1             16  net.minecraft.core.dispenser.DispenseItemBehavior$19 (minecraft@1.20.1)
4487:             1             16  net.minecraft.core.dispenser.DispenseItemBehavior$2 (minecraft@1.20.1)
4488:             1             16  net.minecraft.core.dispenser.DispenseItemBehavior$20 (minecraft@1.20.1)
4489:             1             16  net.minecraft.core.dispenser.DispenseItemBehavior$21 (minecraft@1.20.1)
4490:             1             16  net.minecraft.core.dispenser.DispenseItemBehavior$22 (minecraft@1.20.1)
4491:             1             16  net.minecraft.core.dispenser.DispenseItemBehavior$23 (minecraft@1.20.1)
4492:             1             16  net.minecraft.core.dispenser.DispenseItemBehavior$25 (minecraft@1.20.1)
4493:             1             16  net.minecraft.core.dispenser.DispenseItemBehavior$26 (minecraft@1.20.1)
4494:             1             16  net.minecraft.core.dispenser.DispenseItemBehavior$27 (minecraft@1.20.1)
4495:             1             16  net.minecraft.core.dispenser.DispenseItemBehavior$3 (minecraft@1.20.1)
4496:             1             16  net.minecraft.core.dispenser.DispenseItemBehavior$4 (minecraft@1.20.1)
4497:             1             16  net.minecraft.core.dispenser.DispenseItemBehavior$5 (minecraft@1.20.1)
4498:             1             16  net.minecraft.core.dispenser.DispenseItemBehavior$6 (minecraft@1.20.1)
4499:             1             16  net.minecraft.core.dispenser.DispenseItemBehavior$7 (minecraft@1.20.1)
4500:             1             16  net.minecraft.core.dispenser.DispenseItemBehavior$8 (minecraft@1.20.1)
4501:             1             16  net.minecraft.core.dispenser.DispenseItemBehavior$9 (minecraft@1.20.1)
4502:             1             16  net.minecraft.core.dispenser.ShearsDispenseItemBehavior (minecraft@1.20.1)
4503:             1             16  net.minecraft.core.particles.BlockParticleOption$1 (minecraft@1.20.1)
4504:             1             16  net.minecraft.core.particles.DustColorTransitionOptions$$Lambda$1601/0x000000080075cfd0 (minecraft@1.20.1)
4505:             1             16  net.minecraft.core.particles.DustColorTransitionOptions$$Lambda$1602/0x000000080075d210 (minecraft@1.20.1)
4506:             1             16  net.minecraft.core.particles.DustColorTransitionOptions$$Lambda$1603/0x000000080075d450 (minecraft@1.20.1)
4507:             1             16  net.minecraft.core.particles.DustColorTransitionOptions$$Lambda$1604/0x000000080075d690 (minecraft@1.20.1)
4508:             1             16  net.minecraft.core.particles.DustColorTransitionOptions$$Lambda$1605/0x000000080075d8d0 (minecraft@1.20.1)
4509:             1             16  net.minecraft.core.particles.DustColorTransitionOptions$1 (minecraft@1.20.1)
4510:             1             16  net.minecraft.core.particles.DustParticleOptions$$Lambda$1596/0x000000080075bfe8 (minecraft@1.20.1)
4511:             1             16  net.minecraft.core.particles.DustParticleOptions$$Lambda$1597/0x000000080075c228 (minecraft@1.20.1)
4512:             1             16  net.minecraft.core.particles.DustParticleOptions$$Lambda$1598/0x000000080075c468 (minecraft@1.20.1)
4513:             1             16  net.minecraft.core.particles.DustParticleOptions$$Lambda$1599/0x000000080075c6a8 (minecraft@1.20.1)
4514:             1             16  net.minecraft.core.particles.DustParticleOptions$1 (minecraft@1.20.1)
4515:             1             16  net.minecraft.core.particles.ItemParticleOption$1 (minecraft@1.20.1)
4516:             1             16  net.minecraft.core.particles.ParticleTypes$$Lambda$1592/0x000000080075b000 (minecraft@1.20.1)
4517:             1             16  net.minecraft.core.particles.ParticleTypes$$Lambda$1593/0x000000080075b468 (minecraft@1.20.1)
4518:             1             16  net.minecraft.core.particles.ParticleTypes$$Lambda$1600/0x000000080075cb20 (minecraft@1.20.1)
4519:             1             16  net.minecraft.core.particles.ParticleTypes$$Lambda$1606/0x000000080075dd58 (minecraft@1.20.1)
4520:             1             16  net.minecraft.core.particles.ParticleTypes$$Lambda$1607/0x000000080075df98 (minecraft@1.20.1)
4521:             1             16  net.minecraft.core.particles.ParticleTypes$$Lambda$1611/0x000000080075ed10 (minecraft@1.20.1)
4522:             1             16  net.minecraft.core.particles.ParticleTypes$$Lambda$1612/0x000000080075f3f0 (minecraft@1.20.1)
4523:             1             16  net.minecraft.core.particles.ParticleTypes$$Lambda$1619/0x0000000800764b38 (minecraft@1.20.1)
4524:             1             16  net.minecraft.core.particles.ParticleTypes$$Lambda$1623/0x00000008007658d0 (minecraft@1.20.1)
4525:             1             16  net.minecraft.core.particles.ParticleTypes$$Lambda$1624/0x0000000800765b10 (minecraft@1.20.1)
4526:             1             16  net.minecraft.core.particles.ParticleTypes$$Lambda$1625/0x0000000800765d50 (minecraft@1.20.1)
4527:             1             16  net.minecraft.core.particles.SculkChargeParticleOptions$$Lambda$1608/0x000000080075e408 (minecraft@1.20.1)
4528:             1             16  net.minecraft.core.particles.SculkChargeParticleOptions$$Lambda$1609/0x000000080075e648 (minecraft@1.20.1)
4529:             1             16  net.minecraft.core.particles.SculkChargeParticleOptions$$Lambda$1610/0x000000080075e888 (minecraft@1.20.1)
4530:             1             16  net.minecraft.core.particles.SculkChargeParticleOptions$1 (minecraft@1.20.1)
4531:             1             16  net.minecraft.core.particles.ShriekParticleOption$$Lambda$1620/0x0000000800764fc8 (minecraft@1.20.1)
4532:             1             16  net.minecraft.core.particles.ShriekParticleOption$$Lambda$1621/0x0000000800765208 (minecraft@1.20.1)
4533:             1             16  net.minecraft.core.particles.ShriekParticleOption$$Lambda$1622/0x0000000800765448 (minecraft@1.20.1)
4534:             1             16  net.minecraft.core.particles.ShriekParticleOption$1 (minecraft@1.20.1)
4535:             1             16  net.minecraft.core.particles.SimpleParticleType$1 (minecraft@1.20.1)
4536:             1             16  net.minecraft.core.particles.VibrationParticleOption$$Lambda$1613/0x000000080075f890 (minecraft@1.20.1)
4537:             1             16  net.minecraft.core.particles.VibrationParticleOption$$Lambda$1616/0x0000000800764240 (minecraft@1.20.1)
4538:             1             16  net.minecraft.core.particles.VibrationParticleOption$$Lambda$1617/0x0000000800764480 (minecraft@1.20.1)
4539:             1             16  net.minecraft.core.particles.VibrationParticleOption$$Lambda$1618/0x00000008007646c0 (minecraft@1.20.1)
4540:             1             16  net.minecraft.core.particles.VibrationParticleOption$1 (minecraft@1.20.1)
4541:             1             16  net.minecraft.core.registries.BuiltInRegistries$$Lambda$1323/0x00000008005d8fd8 (minecraft@1.20.1)
4542:             1             16  net.minecraft.core.registries.BuiltInRegistries$$Lambda$1329/0x00000008005daa08 (minecraft@1.20.1)
4543:             1             16  net.minecraft.core.registries.BuiltInRegistries$$Lambda$1353/0x0000000800648270 (minecraft@1.20.1)
4544:             1             16  net.minecraft.core.registries.BuiltInRegistries$$Lambda$1354/0x0000000800648968 (minecraft@1.20.1)
4545:             1             16  net.minecraft.core.registries.BuiltInRegistries$$Lambda$1355/0x0000000800648b88 (minecraft@1.20.1)
4546:             1             16  net.minecraft.core.registries.BuiltInRegistries$$Lambda$1356/0x0000000800649290 (minecraft@1.20.1)
4547:             1             16  net.minecraft.core.registries.BuiltInRegistries$$Lambda$1357/0x00000008006494b0 (minecraft@1.20.1)
4548:             1             16  net.minecraft.core.registries.BuiltInRegistries$$Lambda$1358/0x00000008006496d0 (minecraft@1.20.1)
4549:             1             16  net.minecraft.core.registries.BuiltInRegistries$$Lambda$1359/0x0000000800649d38 (minecraft@1.20.1)
4550:             1             16  net.minecraft.core.registries.BuiltInRegistries$$Lambda$1360/0x000000080064a180 (minecraft@1.20.1)
4551:             1             16  net.minecraft.core.registries.BuiltInRegistries$$Lambda$1361/0x000000080064a5c8 (minecraft@1.20.1)
4552:             1             16  net.minecraft.core.registries.BuiltInRegistries$$Lambda$1362/0x000000080064ac08 (minecraft@1.20.1)
4553:             1             16  net.minecraft.core.registries.BuiltInRegistries$$Lambda$1363/0x000000080064ae28 (minecraft@1.20.1)
4554:             1             16  net.minecraft.core.registries.BuiltInRegistries$$Lambda$1364/0x000000080064b2a0 (minecraft@1.20.1)
4555:             1             16  net.minecraft.core.registries.BuiltInRegistries$$Lambda$1365/0x000000080064b6c0 (minecraft@1.20.1)
4556:             1             16  net.minecraft.core.registries.BuiltInRegistries$$Lambda$1366/0x000000080064bae0 (minecraft@1.20.1)
4557:             1             16  net.minecraft.core.registries.BuiltInRegistries$$Lambda$1367/0x000000080064bf00 (minecraft@1.20.1)
4558:             1             16  net.minecraft.core.registries.BuiltInRegistries$$Lambda$1368/0x000000080064c590 (minecraft@1.20.1)
4559:             1             16  net.minecraft.core.registries.BuiltInRegistries$$Lambda$1369/0x000000080064c9b0 (minecraft@1.20.1)
4560:             1             16  net.minecraft.core.registries.BuiltInRegistries$$Lambda$1370/0x000000080064cfd0 (minecraft@1.20.1)
4561:             1             16  net.minecraft.core.registries.BuiltInRegistries$$Lambda$1371/0x000000080064d428 (minecraft@1.20.1)
4562:             1             16  net.minecraft.core.registries.BuiltInRegistries$$Lambda$1372/0x000000080064d848 (minecraft@1.20.1)
4563:             1             16  net.minecraft.core.registries.BuiltInRegistries$$Lambda$1373/0x000000080064de70 (minecraft@1.20.1)
4564:             1             16  net.minecraft.core.registries.BuiltInRegistries$$Lambda$1374/0x000000080064e310 (minecraft@1.20.1)
4565:             1             16  net.minecraft.core.registries.BuiltInRegistries$$Lambda$1375/0x000000080064e740 (minecraft@1.20.1)
4566:             1             16  net.minecraft.core.registries.BuiltInRegistries$$Lambda$1376/0x000000080064eb70 (minecraft@1.20.1)
4567:             1             16  net.minecraft.core.registries.BuiltInRegistries$$Lambda$1377/0x000000080064f1a8 (minecraft@1.20.1)
4568:             1             16  net.minecraft.core.registries.BuiltInRegistries$$Lambda$1378/0x000000080064f5e0 (minecraft@1.20.1)
4569:             1             16  net.minecraft.core.registries.BuiltInRegistries$$Lambda$1379/0x000000080064fa18 (minecraft@1.20.1)
4570:             1             16  net.minecraft.core.registries.BuiltInRegistries$$Lambda$1380/0x0000000800650000 (minecraft@1.20.1)
4571:             1             16  net.minecraft.core.registries.BuiltInRegistries$$Lambda$1381/0x0000000800650438 (minecraft@1.20.1)
4572:             1             16  net.minecraft.core.registries.BuiltInRegistries$$Lambda$1382/0x0000000800650a88 (minecraft@1.20.1)
4573:             1             16  net.minecraft.core.registries.BuiltInRegistries$$Lambda$1383/0x0000000800650ec0 (minecraft@1.20.1)
4574:             1             16  net.minecraft.core.registries.BuiltInRegistries$$Lambda$1384/0x00000008006512f8 (minecraft@1.20.1)
4575:             1             16  net.minecraft.core.registries.BuiltInRegistries$$Lambda$1385/0x0000000800651730 (minecraft@1.20.1)
4576:             1             16  net.minecraft.core.registries.BuiltInRegistries$$Lambda$1386/0x0000000800651b68 (minecraft@1.20.1)
4577:             1             16  net.minecraft.core.registries.BuiltInRegistries$$Lambda$1387/0x0000000800651fa0 (minecraft@1.20.1)
4578:             1             16  net.minecraft.core.registries.BuiltInRegistries$$Lambda$1388/0x00000008006523c0 (minecraft@1.20.1)
4579:             1             16  net.minecraft.core.registries.BuiltInRegistries$$Lambda$1389/0x00000008006527e0 (minecraft@1.20.1)
4580:             1             16  net.minecraft.core.registries.BuiltInRegistries$$Lambda$1390/0x0000000800652c00 (minecraft@1.20.1)
4581:             1             16  net.minecraft.core.registries.BuiltInRegistries$$Lambda$1391/0x0000000800653020 (minecraft@1.20.1)
4582:             1             16  net.minecraft.core.registries.BuiltInRegistries$$Lambda$1392/0x0000000800653490 (minecraft@1.20.1)
4583:             1             16  net.minecraft.core.registries.BuiltInRegistries$$Lambda$1393/0x00000008006538f0 (minecraft@1.20.1)
4584:             1             16  net.minecraft.core.registries.BuiltInRegistries$$Lambda$1394/0x0000000800653d10 (minecraft@1.20.1)
4585:             1             16  net.minecraft.core.registries.BuiltInRegistries$$Lambda$1395/0x0000000800654130 (minecraft@1.20.1)
4586:             1             16  net.minecraft.core.registries.BuiltInRegistries$$Lambda$1396/0x0000000800654550 (minecraft@1.20.1)
4587:             1             16  net.minecraft.core.registries.BuiltInRegistries$$Lambda$1397/0x0000000800654970 (minecraft@1.20.1)
4588:             1             16  net.minecraft.core.registries.BuiltInRegistries$$Lambda$1398/0x0000000800654da8 (minecraft@1.20.1)
4589:             1             16  net.minecraft.core.registries.BuiltInRegistries$$Lambda$1399/0x00000008006551e0 (minecraft@1.20.1)
4590:             1             16  net.minecraft.core.registries.BuiltInRegistries$$Lambda$1400/0x0000000800655618 (minecraft@1.20.1)
4591:             1             16  net.minecraft.core.registries.BuiltInRegistries$$Lambda$1401/0x0000000800655a50 (minecraft@1.20.1)
4592:             1             16  net.minecraft.core.registries.BuiltInRegistries$$Lambda$1402/0x0000000800655e88 (minecraft@1.20.1)
4593:             1             16  net.minecraft.core.registries.BuiltInRegistries$$Lambda$1403/0x00000008006562c0 (minecraft@1.20.1)
4594:             1             16  net.minecraft.core.registries.BuiltInRegistries$$Lambda$1404/0x00000008006566e8 (minecraft@1.20.1)
4595:             1             16  net.minecraft.core.registries.BuiltInRegistries$$Lambda$1405/0x0000000800656b10 (minecraft@1.20.1)
4596:             1             16  net.minecraft.core.registries.BuiltInRegistries$$Lambda$1406/0x0000000800656f30 (minecraft@1.20.1)
4597:             1             16  net.minecraft.core.registries.BuiltInRegistries$$Lambda$1407/0x0000000800657350 (minecraft@1.20.1)
4598:             1             16  net.minecraft.core.registries.BuiltInRegistries$$Lambda$1408/0x0000000800657978 (minecraft@1.20.1)
4599:             1             16  net.minecraft.core.registries.BuiltInRegistries$$Lambda$1409/0x0000000800657d98 (minecraft@1.20.1)
4600:             1             16  net.minecraft.core.registries.BuiltInRegistries$$Lambda$1410/0x0000000800658200 (minecraft@1.20.1)
4601:             1             16  net.minecraft.core.registries.BuiltInRegistries$$Lambda$1411/0x0000000800658630 (minecraft@1.20.1)
4602:             1             16  net.minecraft.core.registries.BuiltInRegistries$$Lambda$1412/0x0000000800658a60 (minecraft@1.20.1)
4603:             1             16  net.minecraft.core.registries.BuiltInRegistries$$Lambda$1413/0x00000008006590a0 (minecraft@1.20.1)
4604:             1             16  net.minecraft.core.registries.BuiltInRegistries$$Lambda$1414/0x00000008006596d0 (minecraft@1.20.1)
4605:             1             16  net.minecraft.core.registries.BuiltInRegistries$$Lambda$1415/0x0000000800659af8 (minecraft@1.20.1)
4606:             1             16  net.minecraft.core.registries.BuiltInRegistries$$Lambda$1416/0x000000080065a1e8 (minecraft@1.20.1)
4607:             1             16  net.minecraft.core.registries.BuiltInRegistries$$Lambda$2665/0x00000008009f15d8 (minecraft@1.20.1)
4608:             1             16  net.minecraft.nbt.CompoundTag$$Lambda$1954/0x0000000800846d40 (minecraft@1.20.1)
4609:             1             16  net.minecraft.nbt.CompoundTag$$Lambda$1955/0x0000000800846f80 (minecraft@1.20.1)
4610:             1             16  net.minecraft.nbt.CompoundTag$1 (minecraft@1.20.1)
4611:             1             16  net.minecraft.nbt.IntTag$1 (minecraft@1.20.1)
4612:             1             16  net.minecraft.nbt.NbtOps (minecraft@1.20.1)
4613:             1             16  net.minecraft.nbt.StringTag$1 (minecraft@1.20.1)
4614:             1             16  net.minecraft.nbt.TagParser$$Lambda$1951/0x00000008008460b8 (minecraft@1.20.1)
4615:             1             16  net.minecraft.nbt.TagParser$$Lambda$1952/0x00000008008462d8 (minecraft@1.20.1)
4616:             1             16  net.minecraft.nbt.TagParser$$Lambda$1953/0x00000008008464f8 (minecraft@1.20.1)
4617:             1             16  net.minecraft.network.chat.ComponentContents$1 (minecraft@1.20.1)
4618:             1             16  net.minecraft.network.chat.FormattedText$1 (minecraft@1.20.1)
4619:             1             16  net.minecraft.network.chat.Style$$Lambda$1161/0x0000000800589650 (minecraft@1.20.1)
4620:             1             16  net.minecraft.network.chat.Style$$Lambda$1180/0x0000000800590fd8 (minecraft@1.20.1)
4621:             1             16  net.minecraft.network.chat.Style$$Lambda$1181/0x0000000800591218 (minecraft@1.20.1)
4622:             1             16  net.minecraft.network.chat.Style$$Lambda$1182/0x0000000800591458 (minecraft@1.20.1)
4623:             1             16  net.minecraft.network.chat.Style$$Lambda$1183/0x0000000800591698 (minecraft@1.20.1)
4624:             1             16  net.minecraft.network.chat.Style$$Lambda$1184/0x00000008005918d8 (minecraft@1.20.1)
4625:             1             16  net.minecraft.network.chat.Style$$Lambda$1185/0x0000000800591b18 (minecraft@1.20.1)
4626:             1             16  net.minecraft.network.chat.Style$$Lambda$1186/0x0000000800591d58 (minecraft@1.20.1)
4627:             1             16  net.minecraft.network.chat.Style$$Lambda$1190/0x0000000800592f30 (minecraft@1.20.1)
4628:             1             16  net.minecraft.network.chat.Style$$Lambda$1191/0x0000000800593170 (minecraft@1.20.1)
4629:             1             16  net.minecraft.network.chat.TextColor$$Lambda$1162/0x0000000800589aa0 (minecraft@1.20.1)
4630:             1             16  net.minecraft.network.chat.TextColor$$Lambda$1163/0x0000000800589ce0 (minecraft@1.20.1)
4631:             1             16  net.minecraft.network.chat.TextColor$$Lambda$1171/0x0000000800590908 (minecraft@1.20.1)
4632:             1             16  net.minecraft.network.chat.TextColor$$Lambda$1172/0x0000000800590b58 (minecraft@1.20.1)
4633:             1             16  net.minecraft.network.chat.TextColor$$Lambda$1178/0x0000000800590d98 (minecraft@1.20.1)
4634:             1             16  net.minecraft.network.syncher.EntityDataSerializer$$Lambda$2478/0x000000080099fd30 (minecraft@1.20.1)
4635:             1             16  net.minecraft.network.syncher.EntityDataSerializers$$Lambda$2454/0x0000000800999018 (minecraft@1.20.1)
4636:             1             16  net.minecraft.network.syncher.EntityDataSerializers$$Lambda$2455/0x00000008009996d0 (minecraft@1.20.1)
4637:             1             16  net.minecraft.network.syncher.EntityDataSerializers$$Lambda$2456/0x0000000800999dc0 (minecraft@1.20.1)
4638:             1             16  net.minecraft.network.syncher.EntityDataSerializers$$Lambda$2457/0x000000080099a018 (minecraft@1.20.1)
4639:             1             16  net.minecraft.network.syncher.EntityDataSerializers$$Lambda$2458/0x000000080099a280 (minecraft@1.20.1)
4640:             1             16  net.minecraft.network.syncher.EntityDataSerializers$$Lambda$2459/0x000000080099a4d8 (minecraft@1.20.1)
4641:             1             16  net.minecraft.network.syncher.EntityDataSerializers$$Lambda$2460/0x000000080099a740 (minecraft@1.20.1)
4642:             1             16  net.minecraft.network.syncher.EntityDataSerializers$$Lambda$2461/0x000000080099a998 (minecraft@1.20.1)
4643:             1             16  net.minecraft.network.syncher.EntityDataSerializers$$Lambda$2462/0x000000080099ac00 (minecraft@1.20.1)
4644:             1             16  net.minecraft.network.syncher.EntityDataSerializers$$Lambda$2463/0x000000080099ae58 (minecraft@1.20.1)
4645:             1             16  net.minecraft.network.syncher.EntityDataSerializers$$Lambda$2464/0x000000080099b0c0 (minecraft@1.20.1)
4646:             1             16  net.minecraft.network.syncher.EntityDataSerializers$$Lambda$2465/0x000000080099b318 (minecraft@1.20.1)
4647:             1             16  net.minecraft.network.syncher.EntityDataSerializers$$Lambda$2466/0x000000080099b580 (minecraft@1.20.1)
4648:             1             16  net.minecraft.network.syncher.EntityDataSerializers$$Lambda$2467/0x000000080099b7d8 (minecraft@1.20.1)
4649:             1             16  net.minecraft.network.syncher.EntityDataSerializers$$Lambda$2472/0x000000080099e9d0 (minecraft@1.20.1)
4650:             1             16  net.minecraft.network.syncher.EntityDataSerializers$$Lambda$2473/0x000000080099ec28 (minecraft@1.20.1)
4651:             1             16  net.minecraft.network.syncher.EntityDataSerializers$$Lambda$2474/0x000000080099f3b0 (minecraft@1.20.1)
4652:             1             16  net.minecraft.network.syncher.EntityDataSerializers$$Lambda$2475/0x000000080099f608 (minecraft@1.20.1)
4653:             1             16  net.minecraft.network.syncher.EntityDataSerializers$$Lambda$2476/0x000000080099f870 (minecraft@1.20.1)
4654:             1             16  net.minecraft.network.syncher.EntityDataSerializers$$Lambda$2477/0x000000080099fac8 (minecraft@1.20.1)
4655:             1             16  net.minecraft.network.syncher.EntityDataSerializers$$Lambda$2480/0x000000080099d270 (minecraft@1.20.1)
4656:             1             16  net.minecraft.network.syncher.EntityDataSerializers$$Lambda$2481/0x000000080099d4c8 (minecraft@1.20.1)
4657:             1             16  net.minecraft.network.syncher.EntityDataSerializers$$Lambda$2482/0x000000080099d940 (minecraft@1.20.1)
4658:             1             16  net.minecraft.network.syncher.EntityDataSerializers$$Lambda$2483/0x000000080099db98 (minecraft@1.20.1)
4659:             1             16  net.minecraft.network.syncher.EntityDataSerializers$$Lambda$2484/0x00000008009a0ed8 (minecraft@1.20.1)
4660:             1             16  net.minecraft.network.syncher.EntityDataSerializers$$Lambda$2485/0x00000008009a1130 (minecraft@1.20.1)
4661:             1             16  net.minecraft.network.syncher.EntityDataSerializers$$Lambda$2486/0x00000008009a1398 (minecraft@1.20.1)
4662:             1             16  net.minecraft.network.syncher.EntityDataSerializers$$Lambda$2487/0x00000008009a15f0 (minecraft@1.20.1)
4663:             1             16  net.minecraft.network.syncher.EntityDataSerializers$1 (minecraft@1.20.1)
4664:             1             16  net.minecraft.network.syncher.EntityDataSerializers$2 (minecraft@1.20.1)
4665:             1             16  net.minecraft.network.syncher.EntityDataSerializers$3 (minecraft@1.20.1)
4666:             1             16  net.minecraft.network.syncher.EntityDataSerializers$4 (minecraft@1.20.1)
4667:             1             16  net.minecraft.network.syncher.EntityDataSerializers$5 (minecraft@1.20.1)
4668:             1             16  net.minecraft.network.syncher.EntityDataSerializers$6 (minecraft@1.20.1)
4669:             1             16  net.minecraft.network.syncher.EntityDataSerializers$7 (minecraft@1.20.1)
4670:             1             16  net.minecraft.resources.HolderSetCodec$$Lambda$3020/0x0000000800a6e630 (minecraft@1.20.1)
4671:             1             16  net.minecraft.resources.HolderSetCodec$$Lambda$3022/0x0000000800a6eab8 (minecraft@1.20.1)
4672:             1             16  net.minecraft.resources.HolderSetCodec$$Lambda$3023/0x0000000800a6ecf8 (minecraft@1.20.1)
4673:             1             16  net.minecraft.resources.HolderSetCodec$$Lambda$3024/0x0000000800a6ef38 (minecraft@1.20.1)
4674:             1             16  net.minecraft.resources.HolderSetCodec$$Lambda$3026/0x0000000800a6fcd0 (minecraft@1.20.1)
4675:             1             16  net.minecraft.resources.ResourceKey$$Lambda$1317/0x00000008005c7998 (minecraft@1.20.1)
4676:             1             16  net.minecraft.resources.ResourceKey$$Lambda$2514/0x00000008009ada20 (minecraft@1.20.1)
4677:             1             16  net.minecraft.resources.ResourceKey$$Lambda$2515/0x00000008009adc68 (minecraft@1.20.1)
4678:             1             16  net.minecraft.resources.ResourceLocation$$Lambda$1187/0x0000000800592490 (minecraft@1.20.1)
4679:             1             16  net.minecraft.resources.ResourceLocation$$Lambda$1188/0x00000008005926d0 (minecraft@1.20.1)
4680:             1             16  net.minecraft.sounds.SoundEvent$$Lambda$1439/0x00000008006717c0 (minecraft@1.20.1)
4681:             1             16  net.minecraft.sounds.SoundEvent$$Lambda$1440/0x0000000800671a00 (minecraft@1.20.1)
4682:             1             16  net.minecraft.sounds.SoundEvent$$Lambda$1441/0x0000000800671c40 (minecraft@1.20.1)
4683:             1             16  net.minecraft.sounds.SoundEvent$$Lambda$1442/0x0000000800671e80 (minecraft@1.20.1)
4684:             1             16  net.minecraft.sounds.SoundEvents$$Lambda$1446/0x0000000800672c88 (minecraft@1.20.1)
4685:             1             16  net.minecraft.stats.StatFormatter$$Lambda$2707/0x0000000800a03cc8 (minecraft@1.20.1)
4686:             1             16  net.minecraft.stats.StatFormatter$$Lambda$2708/0x0000000800a03ef8 (minecraft@1.20.1)
4687:             1             16  net.minecraft.stats.StatFormatter$$Lambda$2709/0x0000000800a04120 (minecraft@1.20.1)
4688:             1             16  net.minecraft.stats.StatFormatter$$Lambda$2710/0x0000000800a04340 (minecraft@1.20.1)
4689:             1             16  net.minecraft.stats.StatFormatter$$Lambda$2711/0x0000000800a04560 (minecraft@1.20.1)
4690:             1             16  net.minecraft.tags.TagKey$$Lambda$2746/0x0000000800a0c800 (minecraft@1.20.1)
4691:             1             16  net.minecraft.tags.TagKey$$Lambda$2963/0x0000000800a62c48 (minecraft@1.20.1)
4692:             1             16  net.minecraft.util.ExtraCodecs$$Lambda$1049/0x00000008005629c0 (minecraft@1.20.1)
4693:             1             16  net.minecraft.util.ExtraCodecs$$Lambda$1050/0x0000000800562c00 (minecraft@1.20.1)
4694:             1             16  net.minecraft.util.ExtraCodecs$$Lambda$1051/0x0000000800562e40 (minecraft@1.20.1)
4695:             1             16  net.minecraft.util.ExtraCodecs$$Lambda$1052/0x0000000800563480 (minecraft@1.20.1)
4696:             1             16  net.minecraft.util.ExtraCodecs$$Lambda$1053/0x00000008005636c0 (minecraft@1.20.1)
4697:             1             16  net.minecraft.util.ExtraCodecs$$Lambda$1054/0x0000000800563900 (minecraft@1.20.1)
4698:             1             16  net.minecraft.util.ExtraCodecs$$Lambda$1055/0x0000000800563b40 (minecraft@1.20.1)
4699:             1             16  net.minecraft.util.ExtraCodecs$$Lambda$1056/0x0000000800563d80 (minecraft@1.20.1)
4700:             1             16  net.minecraft.util.ExtraCodecs$$Lambda$1057/0x000000080056c000 (minecraft@1.20.1)
4701:             1             16  net.minecraft.util.ExtraCodecs$$Lambda$1058/0x000000080056c240 (minecraft@1.20.1)
4702:             1             16  net.minecraft.util.ExtraCodecs$$Lambda$1059/0x000000080056c480 (minecraft@1.20.1)
4703:             1             16  net.minecraft.util.ExtraCodecs$$Lambda$1061/0x000000080056c6c0 (minecraft@1.20.1)
4704:             1             16  net.minecraft.util.ExtraCodecs$$Lambda$1063/0x000000080056c900 (minecraft@1.20.1)
4705:             1             16  net.minecraft.util.ExtraCodecs$$Lambda$1064/0x000000080056cb40 (minecraft@1.20.1)
4706:             1             16  net.minecraft.util.ExtraCodecs$$Lambda$1069/0x000000080056cd70 (minecraft@1.20.1)
4707:             1             16  net.minecraft.util.ExtraCodecs$$Lambda$1070/0x000000080056cfb0 (minecraft@1.20.1)
4708:             1             16  net.minecraft.util.ExtraCodecs$$Lambda$1071/0x000000080056d1f0 (minecraft@1.20.1)
4709:             1             16  net.minecraft.util.ExtraCodecs$$Lambda$1072/0x000000080056d430 (minecraft@1.20.1)
4710:             1             16  net.minecraft.util.ExtraCodecs$$Lambda$1073/0x000000080056d670 (minecraft@1.20.1)
4711:             1             16  net.minecraft.util.ExtraCodecs$$Lambda$1074/0x000000080056d8b0 (minecraft@1.20.1)
4712:             1             16  net.minecraft.util.ExtraCodecs$$Lambda$1075/0x000000080056daf0 (minecraft@1.20.1)
4713:             1             16  net.minecraft.util.ExtraCodecs$$Lambda$1077/0x000000080056df78 (minecraft@1.20.1)
4714:             1             16  net.minecraft.util.ExtraCodecs$$Lambda$1078/0x000000080056e1b8 (minecraft@1.20.1)
4715:             1             16  net.minecraft.util.ExtraCodecs$$Lambda$1080/0x000000080056e640 (minecraft@1.20.1)
4716:             1             16  net.minecraft.util.ExtraCodecs$$Lambda$1081/0x000000080056e880 (minecraft@1.20.1)
4717:             1             16  net.minecraft.util.ExtraCodecs$$Lambda$1082/0x000000080056eac0 (minecraft@1.20.1)
4718:             1             16  net.minecraft.util.ExtraCodecs$$Lambda$1083/0x000000080056ed08 (minecraft@1.20.1)
4719:             1             16  net.minecraft.util.ExtraCodecs$$Lambda$1084/0x000000080056ef50 (minecraft@1.20.1)
4720:             1             16  net.minecraft.util.ExtraCodecs$$Lambda$1085/0x000000080056f190 (minecraft@1.20.1)
4721:             1             16  net.minecraft.util.ExtraCodecs$$Lambda$1086/0x000000080056f3d0 (minecraft@1.20.1)
4722:             1             16  net.minecraft.util.ExtraCodecs$$Lambda$1087/0x000000080056f820 (minecraft@1.20.1)
4723:             1             16  net.minecraft.util.ExtraCodecs$$Lambda$1088/0x000000080056fa60 (minecraft@1.20.1)
4724:             1             16  net.minecraft.util.ExtraCodecs$$Lambda$1089/0x000000080056fca0 (minecraft@1.20.1)
4725:             1             16  net.minecraft.util.ExtraCodecs$$Lambda$1090/0x0000000800577000 (minecraft@1.20.1)
4726:             1             16  net.minecraft.util.ExtraCodecs$$Lambda$1091/0x0000000800577240 (minecraft@1.20.1)
4727:             1             16  net.minecraft.util.ExtraCodecs$$Lambda$1092/0x0000000800577480 (minecraft@1.20.1)
4728:             1             16  net.minecraft.util.ExtraCodecs$$Lambda$1093/0x00000008005776c0 (minecraft@1.20.1)
4729:             1             16  net.minecraft.util.ExtraCodecs$$Lambda$1094/0x0000000800577900 (minecraft@1.20.1)
4730:             1             16  net.minecraft.util.ExtraCodecs$$Lambda$1095/0x0000000800577b40 (minecraft@1.20.1)
4731:             1             16  net.minecraft.util.ExtraCodecs$$Lambda$1096/0x0000000800577d80 (minecraft@1.20.1)
4732:             1             16  net.minecraft.util.ExtraCodecs$$Lambda$1099/0x000000080057c000 (minecraft@1.20.1)
4733:             1             16  net.minecraft.util.ExtraCodecs$$Lambda$1100/0x000000080057c240 (minecraft@1.20.1)
4734:             1             16  net.minecraft.util.ExtraCodecs$$Lambda$1101/0x000000080057c480 (minecraft@1.20.1)
4735:             1             16  net.minecraft.util.ExtraCodecs$$Lambda$1102/0x000000080057c6c0 (minecraft@1.20.1)
4736:             1             16  net.minecraft.util.ExtraCodecs$$Lambda$1103/0x000000080057c900 (minecraft@1.20.1)
4737:             1             16  net.minecraft.util.ExtraCodecs$$Lambda$1107/0x000000080057cb40 (minecraft@1.20.1)
4738:             1             16  net.minecraft.util.ExtraCodecs$$Lambda$1108/0x000000080057cd80 (minecraft@1.20.1)
4739:             1             16  net.minecraft.util.ExtraCodecs$$Lambda$1109/0x000000080057cfc0 (minecraft@1.20.1)
4740:             1             16  net.minecraft.util.ExtraCodecs$$Lambda$1110/0x000000080057d200 (minecraft@1.20.1)
4741:             1             16  net.minecraft.util.ExtraCodecs$$Lambda$1112/0x000000080057d440 (minecraft@1.20.1)
4742:             1             16  net.minecraft.util.ExtraCodecs$$Lambda$1113/0x000000080057d680 (minecraft@1.20.1)
4743:             1             16  net.minecraft.util.ExtraCodecs$$Lambda$1114/0x000000080057d8b0 (minecraft@1.20.1)
4744:             1             16  net.minecraft.util.ExtraCodecs$$Lambda$1115/0x000000080057daf0 (minecraft@1.20.1)
4745:             1             16  net.minecraft.util.ExtraCodecs$$Lambda$1116/0x000000080057dd30 (minecraft@1.20.1)
4746:             1             16  net.minecraft.util.ExtraCodecs$$Lambda$2937/0x0000000800a5e598 (minecraft@1.20.1)
4747:             1             16  net.minecraft.util.ExtraCodecs$4 (minecraft@1.20.1)
4748:             1             16  net.minecraft.util.FormattedCharSequence$$Lambda$1189/0x0000000800592d10 (minecraft@1.20.1)
4749:             1             16  net.minecraft.util.Mth$$Lambda$1234/0x0000000800599000 (minecraft@1.20.1)
4750:             1             16  net.minecraft.util.StringRepresentable$$Lambda$1043/0x00000008005617b0 (minecraft@1.20.1)
4751:             1             16  net.minecraft.util.StringRepresentable$$Lambda$1166/0x0000000800590000 (minecraft@1.20.1)
4752:             1             16  net.minecraft.util.StringRepresentable$$Lambda$1167/0x0000000800590240 (minecraft@1.20.1)
4753:             1             16  net.minecraft.util.StringRepresentable$EnumCodec$$Lambda$1045/0x0000000800562198 (minecraft@1.20.1)
4754:             1             16  net.minecraft.util.StringRepresentable$EnumCodec$$Lambda$1119/0x000000080057e400 (minecraft@1.20.1)
4755:             1             16  net.minecraft.util.datafix.DataFixers$$Lambda$1801/0x0000000800816988 (minecraft@1.20.1)
4756:             1             16  net.minecraft.util.datafix.DataFixers$$Lambda$1802/0x0000000800816e58 (minecraft@1.20.1)
4757:             1             16  net.minecraft.util.datafix.DataFixers$$Lambda$1803/0x0000000800817328 (minecraft@1.20.1)
4758:             1             16  net.minecraft.util.datafix.DataFixers$$Lambda$1860/0x0000000800825da0 (minecraft@1.20.1)
4759:             1             16  net.minecraft.util.datafix.DataFixers$$Lambda$1869/0x00000008008271e8 (minecraft@1.20.1)
4760:             1             16  net.minecraft.util.datafix.DataFixers$$Lambda$1874/0x0000000800831800 (minecraft@1.20.1)
4761:             1             16  net.minecraft.util.datafix.DataFixers$$Lambda$1876/0x0000000800831400 (minecraft@1.20.1)
4762:             1             16  net.minecraft.util.datafix.DataFixers$$Lambda$1877/0x00000008008382a0 (minecraft@1.20.1)
4763:             1             16  net.minecraft.util.datafix.DataFixers$$Lambda$1880/0x0000000800838bc0 (minecraft@1.20.1)
4764:             1             16  net.minecraft.util.datafix.DataFixers$$Lambda$1881/0x0000000800839090 (minecraft@1.20.1)
4765:             1             16  net.minecraft.util.datafix.DataFixers$$Lambda$1883/0x00000008008394e8 (minecraft@1.20.1)
4766:             1             16  net.minecraft.util.datafix.DataFixers$$Lambda$1884/0x000000080083a268 (minecraft@1.20.1)
4767:             1             16  net.minecraft.util.datafix.DataFixers$$Lambda$1886/0x000000080083a960 (minecraft@1.20.1)
4768:             1             16  net.minecraft.util.datafix.DataFixers$$Lambda$1888/0x000000080083b058 (minecraft@1.20.1)
4769:             1             16  net.minecraft.util.datafix.DataFixers$$Lambda$1890/0x000000080083b750 (minecraft@1.20.1)
4770:             1             16  net.minecraft.util.datafix.DataFixers$$Lambda$1896/0x000000080083c6e8 (minecraft@1.20.1)
4771:             1             16  net.minecraft.util.datafix.DataFixers$$Lambda$1905/0x000000080083df80 (minecraft@1.20.1)
4772:             1             16  net.minecraft.util.datafix.DataFixers$$Lambda$1933/0x0000000800842480 (minecraft@1.20.1)
4773:             1             16  net.minecraft.util.datafix.DataFixers$$Lambda$1936/0x0000000800842dd8 (minecraft@1.20.1)
4774:             1             16  net.minecraft.util.datafix.DataFixers$$Lambda$1940/0x0000000800843918 (minecraft@1.20.1)
4775:             1             16  net.minecraft.util.datafix.DataFixers$$Lambda$1945/0x0000000800844680 (minecraft@1.20.1)
4776:             1             16  net.minecraft.util.datafix.DataFixers$$Lambda$1947/0x0000000800844d78 (minecraft@1.20.1)
4777:             1             16  net.minecraft.util.datafix.DataFixers$$Lambda$1967/0x000000080084d1f0 (minecraft@1.20.1)
4778:             1             16  net.minecraft.util.datafix.DataFixers$$Lambda$1969/0x000000080084d908 (minecraft@1.20.1)
4779:             1             16  net.minecraft.util.datafix.DataFixers$$Lambda$1983/0x000000080084fa08 (minecraft@1.20.1)
4780:             1             16  net.minecraft.util.datafix.DataFixers$$Lambda$1987/0x0000000800854710 (minecraft@1.20.1)
4781:             1             16  net.minecraft.util.datafix.DataFixers$$Lambda$1989/0x0000000800854e10 (minecraft@1.20.1)
4782:             1             16  net.minecraft.util.datafix.DataFixers$$Lambda$2002/0x0000000800856860 (minecraft@1.20.1)
4783:             1             16  net.minecraft.util.datafix.DataFixers$$Lambda$2058/0x0000000800862930 (minecraft@1.20.1)
4784:             1             16  net.minecraft.util.datafix.DataFixers$$Lambda$2061/0x0000000800863248 (minecraft@1.20.1)
4785:             1             16  net.minecraft.util.datafix.DataFixers$$Lambda$2064/0x00000008008638e8 (minecraft@1.20.1)
4786:             1             16  net.minecraft.util.datafix.DataFixers$$Lambda$2065/0x0000000800864058 (minecraft@1.20.1)
4787:             1             16  net.minecraft.util.datafix.DataFixers$$Lambda$2067/0x00000008008649a0 (minecraft@1.20.1)
4788:             1             16  net.minecraft.util.datafix.DataFixers$$Lambda$2068/0x0000000800864e70 (minecraft@1.20.1)
4789:             1             16  net.minecraft.util.datafix.DataFixers$$Lambda$2069/0x0000000800865340 (minecraft@1.20.1)
4790:             1             16  net.minecraft.util.datafix.DataFixers$$Lambda$2074/0x00000008008662e8 (minecraft@1.20.1)
4791:             1             16  net.minecraft.util.datafix.DataFixers$$Lambda$2075/0x0000000800866bc8 (minecraft@1.20.1)
4792:             1             16  net.minecraft.util.datafix.DataFixers$$Lambda$2078/0x0000000800867710 (minecraft@1.20.1)
4793:             1             16  net.minecraft.util.datafix.DataFixers$$Lambda$2080/0x0000000800868000 (minecraft@1.20.1)
4794:             1             16  net.minecraft.util.datafix.DataFixers$$Lambda$2082/0x00000008008686f8 (minecraft@1.20.1)
4795:             1             16  net.minecraft.util.datafix.DataFixers$$Lambda$2085/0x0000000800869038 (minecraft@1.20.1)
4796:             1             16  net.minecraft.util.datafix.DataFixers$$Lambda$2086/0x0000000800869508 (minecraft@1.20.1)
4797:             1             16  net.minecraft.util.datafix.DataFixers$$Lambda$2088/0x0000000800869c00 (minecraft@1.20.1)
4798:             1             16  net.minecraft.util.datafix.DataFixers$$Lambda$2090/0x000000080086a2f8 (minecraft@1.20.1)
4799:             1             16  net.minecraft.util.datafix.DataFixers$$Lambda$2093/0x000000080086ac58 (minecraft@1.20.1)
4800:             1             16  net.minecraft.util.datafix.DataFixers$$Lambda$2096/0x000000080086b5a0 (minecraft@1.20.1)
4801:             1             16  net.minecraft.util.datafix.DataFixers$$Lambda$2099/0x000000080086bec0 (minecraft@1.20.1)
4802:             1             16  net.minecraft.util.datafix.DataFixers$$Lambda$2101/0x000000080086c5b8 (minecraft@1.20.1)
4803:             1             16  net.minecraft.util.datafix.DataFixers$$Lambda$2103/0x000000080086ccb0 (minecraft@1.20.1)
4804:             1             16  net.minecraft.util.datafix.DataFixers$$Lambda$2105/0x000000080086d3a8 (minecraft@1.20.1)
4805:             1             16  net.minecraft.util.datafix.DataFixers$$Lambda$2107/0x000000080086daa0 (minecraft@1.20.1)
4806:             1             16  net.minecraft.util.datafix.DataFixers$$Lambda$2109/0x000000080086e198 (minecraft@1.20.1)
4807:             1             16  net.minecraft.util.datafix.DataFixers$$Lambda$2116/0x000000080086f5d8 (minecraft@1.20.1)
4808:             1             16  net.minecraft.util.datafix.DataFixers$$Lambda$2126/0x0000000800875188 (minecraft@1.20.1)
4809:             1             16  net.minecraft.util.datafix.DataFixers$$Lambda$2128/0x0000000800875880 (minecraft@1.20.1)
4810:             1             16  net.minecraft.util.datafix.DataFixers$$Lambda$2130/0x00000008008764a8 (minecraft@1.20.1)
4811:             1             16  net.minecraft.util.datafix.DataFixers$$Lambda$2133/0x0000000800876dc0 (minecraft@1.20.1)
4812:             1             16  net.minecraft.util.datafix.DataFixers$$Lambda$2135/0x00000008008774b8 (minecraft@1.20.1)
4813:             1             16  net.minecraft.util.datafix.DataFixers$$Lambda$2138/0x0000000800872000 (minecraft@1.20.1)
4814:             1             16  net.minecraft.util.datafix.DataFixers$$Lambda$2140/0x00000008008726f8 (minecraft@1.20.1)
4815:             1             16  net.minecraft.util.datafix.DataFixers$$Lambda$2141/0x0000000800872bc8 (minecraft@1.20.1)
4816:             1             16  net.minecraft.util.datafix.DataFixers$$Lambda$2143/0x00000008008732c0 (minecraft@1.20.1)
4817:             1             16  net.minecraft.util.datafix.DataFixers$$Lambda$2154/0x0000000800871d60 (minecraft@1.20.1)
4818:             1             16  net.minecraft.util.datafix.DataFixers$$Lambda$2157/0x0000000800878000 (minecraft@1.20.1)
4819:             1             16  net.minecraft.util.datafix.DataFixers$$Lambda$2158/0x00000008008784d0 (minecraft@1.20.1)
4820:             1             16  net.minecraft.util.datafix.DataFixers$$Lambda$2161/0x0000000800878df0 (minecraft@1.20.1)
4821:             1             16  net.minecraft.util.datafix.DataFixers$$Lambda$2163/0x00000008008794e8 (minecraft@1.20.1)
4822:             1             16  net.minecraft.util.datafix.DataFixers$$Lambda$2165/0x0000000800879c00 (minecraft@1.20.1)
4823:             1             16  net.minecraft.util.datafix.DataFixers$$Lambda$2167/0x000000080087a058 (minecraft@1.20.1)
4824:             1             16  net.minecraft.util.datafix.DataFixers$$Lambda$2168/0x000000080087a288 (minecraft@1.20.1)
4825:             1             16  net.minecraft.util.datafix.DataFixers$$Lambda$2169/0x000000080087a4b0 (minecraft@1.20.1)
4826:             1             16  net.minecraft.util.datafix.DataFixers$$Lambda$2170/0x000000080087a710 (minecraft@1.20.1)
4827:             1             16  net.minecraft.util.datafix.DataFixers$$Lambda$2171/0x000000080087a940 (minecraft@1.20.1)
4828:             1             16  net.minecraft.util.datafix.DataFixers$$Lambda$2174/0x000000080087b008 (minecraft@1.20.1)
4829:             1             16  net.minecraft.util.datafix.DataFixers$$Lambda$2175/0x000000080087b268 (minecraft@1.20.1)
4830:             1             16  net.minecraft.util.datafix.DataFixers$$Lambda$2177/0x000000080087b760 (minecraft@1.20.1)
4831:             1             16  net.minecraft.util.datafix.DataFixers$$Lambda$2178/0x000000080087bc30 (minecraft@1.20.1)
4832:             1             16  net.minecraft.util.datafix.DataFixers$$Lambda$2180/0x000000080087c328 (minecraft@1.20.1)
4833:             1             16  net.minecraft.util.datafix.DataFixers$$Lambda$2182/0x000000080087ca20 (minecraft@1.20.1)
4834:             1             16  net.minecraft.util.datafix.DataFixers$$Lambda$2185/0x000000080087d380 (minecraft@1.20.1)
4835:             1             16  net.minecraft.util.datafix.DataFixers$$Lambda$2187/0x000000080087da78 (minecraft@1.20.1)
4836:             1             16  net.minecraft.util.datafix.DataFixers$$Lambda$2190/0x000000080087e398 (minecraft@1.20.1)
4837:             1             16  net.minecraft.util.datafix.DataFixers$$Lambda$2191/0x000000080087e868 (minecraft@1.20.1)
4838:             1             16  net.minecraft.util.datafix.DataFixers$$Lambda$2192/0x000000080087ed28 (minecraft@1.20.1)
4839:             1             16  net.minecraft.util.datafix.DataFixers$$Lambda$2193/0x000000080087f208 (minecraft@1.20.1)
4840:             1             16  net.minecraft.util.datafix.fixes.AbstractArrowPickupFix$$Lambda$2329/0x00000008008b3280 (minecraft@1.20.1)
4841:             1             16  net.minecraft.util.datafix.fixes.AdvancementsFix$$Lambda$2072/0x00000008008659d0 (minecraft@1.20.1)
4842:             1             16  net.minecraft.util.datafix.fixes.AttributesRename$$Lambda$2316/0x00000008008b65a0 (minecraft@1.20.1)
4843:             1             16  net.minecraft.util.datafix.fixes.AttributesRename$$Lambda$2317/0x00000008008b67e8 (minecraft@1.20.1)
4844:             1             16  net.minecraft.util.datafix.fixes.AttributesRename$$Lambda$2318/0x00000008008b6a28 (minecraft@1.20.1)
4845:             1             16  net.minecraft.util.datafix.fixes.BedItemColorFix$$Lambda$2251/0x000000080089bf90 (minecraft@1.20.1)
4846:             1             16  net.minecraft.util.datafix.fixes.BlendingDataFix$$Lambda$2352/0x00000008008be3b0 (minecraft@1.20.1)
4847:             1             16  net.minecraft.util.datafix.fixes.BlendingDataRemoveFromNetherEndFix$$Lambda$2342/0x00000008008bb840 (minecraft@1.20.1)
4848:             1             16  net.minecraft.util.datafix.fixes.BlockEntityCustomNameToComponentFix$$Lambda$2269/0x000000080089fd00 (minecraft@1.20.1)
4849:             1             16  net.minecraft.util.datafix.fixes.BlockEntityIdFix$$Lambda$1904/0x000000080083dab0 (minecraft@1.20.1)
4850:             1             16  net.minecraft.util.datafix.fixes.BlockEntityIdFix$$Lambda$2243/0x0000000800898b60 (minecraft@1.20.1)
4851:             1             16  net.minecraft.util.datafix.fixes.BlockEntityRenameFix$$Lambda$2350/0x00000008008bdf20 (minecraft@1.20.1)
4852:             1             16  net.minecraft.util.datafix.fixes.BlockEntitySignTextStrictJsonFix$1 (minecraft@1.20.1)
4853:             1             16  net.minecraft.util.datafix.fixes.BlockEntityUUIDFix$$Lambda$2309/0x00000008008af950 (minecraft@1.20.1)
4854:             1             16  net.minecraft.util.datafix.fixes.BlockNameFlatteningFix$$Lambda$2261/0x000000080089d8c8 (minecraft@1.20.1)
4855:             1             16  net.minecraft.util.datafix.fixes.BlockStateData$$Lambda$1949/0x00000008008453d8 (minecraft@1.20.1)
4856:             1             16  net.minecraft.util.datafix.fixes.BlockStateData$$Lambda$1950/0x0000000800845608 (minecraft@1.20.1)
4857:             1             16  net.minecraft.util.datafix.fixes.BlockStateStructureTemplateFix$$Lambda$2254/0x000000080089c658 (minecraft@1.20.1)
4858:             1             16  net.minecraft.util.datafix.fixes.CauldronRenameFix$$Lambda$2324/0x00000008008b2280 (minecraft@1.20.1)
4859:             1             16  net.minecraft.util.datafix.fixes.ChunkBedBlockEntityInjecterFix$$Lambda$2249/0x000000080089b908 (minecraft@1.20.1)
4860:             1             16  net.minecraft.util.datafix.fixes.ChunkBiomeFix$$Lambda$2301/0x00000008008ad480 (minecraft@1.20.1)
4861:             1             16  net.minecraft.util.datafix.fixes.ChunkDeleteIgnoredLightDataFix$$Lambda$2340/0x00000008008bb3b0 (minecraft@1.20.1)
4862:             1             16  net.minecraft.util.datafix.fixes.ChunkDeleteLightFix$$Lambda$2354/0x00000008008be838 (minecraft@1.20.1)
4863:             1             16  net.minecraft.util.datafix.fixes.ChunkLightRemoveFix$$Lambda$2300/0x00000008008ad238 (minecraft@1.20.1)
4864:             1             16  net.minecraft.util.datafix.fixes.ChunkPalettedStorageFix$$Lambda$1960/0x000000080084c000 (minecraft@1.20.1)
4865:             1             16  net.minecraft.util.datafix.fixes.ChunkPalettedStorageFix$$Lambda$1961/0x000000080084c230 (minecraft@1.20.1)
4866:             1             16  net.minecraft.util.datafix.fixes.ChunkPalettedStorageFix$$Lambda$1962/0x000000080084c460 (minecraft@1.20.1)
4867:             1             16  net.minecraft.util.datafix.fixes.ChunkPalettedStorageFix$$Lambda$1963/0x000000080084c690 (minecraft@1.20.1)
4868:             1             16  net.minecraft.util.datafix.fixes.ChunkPalettedStorageFix$$Lambda$1964/0x000000080084c8c0 (minecraft@1.20.1)
4869:             1             16  net.minecraft.util.datafix.fixes.ChunkPalettedStorageFix$$Lambda$1965/0x000000080084caf0 (minecraft@1.20.1)
4870:             1             16  net.minecraft.util.datafix.fixes.ChunkPalettedStorageFix$$Lambda$1966/0x000000080084cd20 (minecraft@1.20.1)
4871:             1             16  net.minecraft.util.datafix.fixes.ChunkPalettedStorageFix$$Lambda$2255/0x000000080089c898 (minecraft@1.20.1)
4872:             1             16  net.minecraft.util.datafix.fixes.ChunkStatusFix$$Lambda$2291/0x00000008008aaa30 (minecraft@1.20.1)
4873:             1             16  net.minecraft.util.datafix.fixes.ChunkStatusFix2$$Lambda$2292/0x00000008008aaf00 (minecraft@1.20.1)
4874:             1             16  net.minecraft.util.datafix.fixes.ChunkStructuresTemplateRenameFix$$Lambda$2275/0x00000008008a1348 (minecraft@1.20.1)
4875:             1             16  net.minecraft.util.datafix.fixes.ChunkToProtochunkFix$$Lambda$2270/0x00000008008a0000 (minecraft@1.20.1)
4876:             1             16  net.minecraft.util.datafix.fixes.EffectDurationFix$$Lambda$2346/0x00000008008bd628 (minecraft@1.20.1)
4877:             1             16  net.minecraft.util.datafix.fixes.EffectDurationFix$$Lambda$2347/0x00000008008bd870 (minecraft@1.20.1)
4878:             1             16  net.minecraft.util.datafix.fixes.EntityBlockStateFix$$Lambda$1982/0x000000080084f538 (minecraft@1.20.1)
4879:             1             16  net.minecraft.util.datafix.fixes.EntityBlockStateFix$$Lambda$2256/0x000000080089cae0 (minecraft@1.20.1)
4880:             1             16  net.minecraft.util.datafix.fixes.EntityBlockStateFix$$Lambda$2257/0x000000080089cd28 (minecraft@1.20.1)
4881:             1             16  net.minecraft.util.datafix.fixes.EntityBlockStateFix$$Lambda$2258/0x000000080089cf70 (minecraft@1.20.1)
4882:             1             16  net.minecraft.util.datafix.fixes.EntityCustomNameToComponentFix$$Lambda$2267/0x000000080089f870 (minecraft@1.20.1)
4883:             1             16  net.minecraft.util.datafix.fixes.EntityHealthFix$$Lambda$2228/0x00000008008919f8 (minecraft@1.20.1)
4884:             1             16  net.minecraft.util.datafix.fixes.EntityIdFix$$Lambda$1932/0x0000000800841fb0 (minecraft@1.20.1)
4885:             1             16  net.minecraft.util.datafix.fixes.EntityIdFix$$Lambda$2244/0x0000000800898da0 (minecraft@1.20.1)
4886:             1             16  net.minecraft.util.datafix.fixes.EntityPaintingMotiveFix$$Lambda$2057/0x0000000800862460 (minecraft@1.20.1)
4887:             1             16  net.minecraft.util.datafix.fixes.EntityProjectileOwnerFix$$Lambda$2307/0x00000008008af238 (minecraft@1.20.1)
4888:             1             16  net.minecraft.util.datafix.fixes.EntityRedundantChanceTagsFix$$Lambda$2231/0x00000008008933f0 (minecraft@1.20.1)
4889:             1             16  net.minecraft.util.datafix.fixes.EntityStringUuidFix$$Lambda$2227/0x000000080088bbc0 (minecraft@1.20.1)
4890:             1             16  net.minecraft.util.datafix.fixes.EntityUUIDFix$$Lambda$2308/0x00000008008af708 (minecraft@1.20.1)
4891:             1             16  net.minecraft.util.datafix.fixes.FeatureFlagRemoveFix$$Lambda$2351/0x00000008008be168 (minecraft@1.20.1)
4892:             1             16  net.minecraft.util.datafix.fixes.FilteredBooksFix$$Lambda$2173/0x000000080087adb8 (minecraft@1.20.1)
4893:             1             16  net.minecraft.util.datafix.fixes.ForcePoiRebuild$$Lambda$2304/0x00000008008adb50 (minecraft@1.20.1)
4894:             1             16  net.minecraft.util.datafix.fixes.GoatHornIdFix$$Lambda$2172/0x000000080087ab68 (minecraft@1.20.1)
4895:             1             16  net.minecraft.util.datafix.fixes.IglooMetadataRemovalFix$$Lambda$2274/0x00000008008a1108 (minecraft@1.20.1)
4896:             1             16  net.minecraft.util.datafix.fixes.ItemIdFix$$Lambda$1871/0x0000000800827640 (minecraft@1.20.1)
4897:             1             16  net.minecraft.util.datafix.fixes.ItemLoreFix$$Lambda$2290/0x00000008008aa570 (minecraft@1.20.1)
4898:             1             16  net.minecraft.util.datafix.fixes.ItemPotionFix$$Lambda$1872/0x0000000800827870 (minecraft@1.20.1)
4899:             1             16  net.minecraft.util.datafix.fixes.ItemSpawnEggFix$$Lambda$1873/0x0000000800827aa0 (minecraft@1.20.1)
4900:             1             16  net.minecraft.util.datafix.fixes.ItemStackEnchantmentNamesFix$$Lambda$2070/0x0000000800865570 (minecraft@1.20.1)
4901:             1             16  net.minecraft.util.datafix.fixes.ItemStackSpawnEggFix$$Lambda$1988/0x0000000800854940 (minecraft@1.20.1)
4902:             1             16  net.minecraft.util.datafix.fixes.ItemStackTheFlatteningFix$$Lambda$1985/0x0000000800854000 (minecraft@1.20.1)
4903:             1             16  net.minecraft.util.datafix.fixes.ItemStackTheFlatteningFix$$Lambda$1986/0x0000000800854230 (minecraft@1.20.1)
4904:             1             16  net.minecraft.util.datafix.fixes.JigsawRotationFix$$Lambda$2315/0x00000008008b46d0 (minecraft@1.20.1)
4905:             1             16  net.minecraft.util.datafix.fixes.LeavesFix$$Lambda$2071/0x00000008008657a0 (minecraft@1.20.1)
4906:             1             16  net.minecraft.util.datafix.fixes.LegacyDragonFightFix$$Lambda$2355/0x00000008008bea80 (minecraft@1.20.1)
4907:             1             16  net.minecraft.util.datafix.fixes.LevelDataGeneratorOptionsFix$$Lambda$2073/0x0000000800865e18 (minecraft@1.20.1)
4908:             1             16  net.minecraft.util.datafix.fixes.LevelDataGeneratorOptionsFix$$Lambda$2282/0x00000008008a86f0 (minecraft@1.20.1)
4909:             1             16  net.minecraft.util.datafix.fixes.LevelFlatGeneratorInfoFix$$Lambda$2265/0x000000080089e1e0 (minecraft@1.20.1)
4910:             1             16  net.minecraft.util.datafix.fixes.LevelUUIDFix$$Lambda$2312/0x00000008008b4000 (minecraft@1.20.1)
4911:             1             16  net.minecraft.util.datafix.fixes.MapIdFix$$Lambda$2295/0x00000008008abaa8 (minecraft@1.20.1)
4912:             1             16  net.minecraft.util.datafix.fixes.NewVillageFix$$Lambda$2294/0x00000008008ab5f8 (minecraft@1.20.1)
4913:             1             16  net.minecraft.util.datafix.fixes.ObjectiveDisplayNameFix$$Lambda$2286/0x00000008008a9518 (minecraft@1.20.1)
4914:             1             16  net.minecraft.util.datafix.fixes.ObjectiveRenderTypeFix$$Lambda$2288/0x00000008008a9e78 (minecraft@1.20.1)
4915:             1             16  net.minecraft.util.datafix.fixes.OminousBannerRenameFix$$Lambda$2095/0x000000080086b0b0 (minecraft@1.20.1)
4916:             1             16  net.minecraft.util.datafix.fixes.OptionsAccessibilityOnboardFix$$Lambda$2345/0x00000008008bc108 (minecraft@1.20.1)
4917:             1             16  net.minecraft.util.datafix.fixes.OptionsAddTextBackgroundFix$$Lambda$2296/0x00000008008ac1f0 (minecraft@1.20.1)
4918:             1             16  net.minecraft.util.datafix.fixes.OptionsAmbientOcclusionFix$$Lambda$2344/0x00000008008bbec8 (minecraft@1.20.1)
4919:             1             16  net.minecraft.util.datafix.fixes.OptionsForceVBOFix$$Lambda$2240/0x00000008008986d8 (minecraft@1.20.1)
4920:             1             16  net.minecraft.util.datafix.fixes.OptionsKeyLwjgl3Fix$$Lambda$1944/0x00000008008441b0 (minecraft@1.20.1)
4921:             1             16  net.minecraft.util.datafix.fixes.OptionsKeyLwjgl3Fix$$Lambda$2252/0x000000080089c1d8 (minecraft@1.20.1)
4922:             1             16  net.minecraft.util.datafix.fixes.OptionsKeyTranslationFix$$Lambda$2253/0x000000080089c418 (minecraft@1.20.1)
4923:             1             16  net.minecraft.util.datafix.fixes.OptionsLowerCaseLanguageFix$$Lambda$2248/0x000000080089b6c8 (minecraft@1.20.1)
4924:             1             16  net.minecraft.util.datafix.fixes.OptionsProgrammerArtFix$$Lambda$2343/0x00000008008bba80 (minecraft@1.20.1)
4925:             1             16  net.minecraft.util.datafix.fixes.OptionsRenameFieldFix$$Lambda$2323/0x00000008008b7a50 (minecraft@1.20.1)
4926:             1             16  net.minecraft.util.datafix.fixes.OverreachingTickFix$$Lambda$2336/0x00000008008baab8 (minecraft@1.20.1)
4927:             1             16  net.minecraft.util.datafix.fixes.PlayerUUIDFix$$Lambda$2310/0x00000008008afb98 (minecraft@1.20.1)
4928:             1             16  net.minecraft.util.datafix.fixes.RedstoneWireConnectionsFix$$Lambda$2320/0x00000008008b6eb0 (minecraft@1.20.1)
4929:             1             16  net.minecraft.util.datafix.fixes.References$$Lambda$1206/0x000000080059d3d8 (minecraft@1.20.1)
4930:             1             16  net.minecraft.util.datafix.fixes.References$$Lambda$1207/0x000000080059d608 (minecraft@1.20.1)
4931:             1             16  net.minecraft.util.datafix.fixes.References$$Lambda$1208/0x000000080059d838 (minecraft@1.20.1)
4932:             1             16  net.minecraft.util.datafix.fixes.References$$Lambda$1209/0x000000080059da68 (minecraft@1.20.1)
4933:             1             16  net.minecraft.util.datafix.fixes.References$$Lambda$1210/0x000000080059dc98 (minecraft@1.20.1)
4934:             1             16  net.minecraft.util.datafix.fixes.References$$Lambda$1211/0x000000080059dec8 (minecraft@1.20.1)
4935:             1             16  net.minecraft.util.datafix.fixes.References$$Lambda$1212/0x000000080059e0f8 (minecraft@1.20.1)
4936:             1             16  net.minecraft.util.datafix.fixes.References$$Lambda$1213/0x000000080059e328 (minecraft@1.20.1)
4937:             1             16  net.minecraft.util.datafix.fixes.References$$Lambda$1214/0x000000080059e558 (minecraft@1.20.1)
4938:             1             16  net.minecraft.util.datafix.fixes.References$$Lambda$1215/0x000000080059e788 (minecraft@1.20.1)
4939:             1             16  net.minecraft.util.datafix.fixes.References$$Lambda$1216/0x000000080059e9b8 (minecraft@1.20.1)
4940:             1             16  net.minecraft.util.datafix.fixes.References$$Lambda$1217/0x000000080059ebe8 (minecraft@1.20.1)
4941:             1             16  net.minecraft.util.datafix.fixes.References$$Lambda$1218/0x000000080059ee18 (minecraft@1.20.1)
4942:             1             16  net.minecraft.util.datafix.fixes.References$$Lambda$1219/0x000000080059f048 (minecraft@1.20.1)
4943:             1             16  net.minecraft.util.datafix.fixes.References$$Lambda$1220/0x000000080059f278 (minecraft@1.20.1)
4944:             1             16  net.minecraft.util.datafix.fixes.References$$Lambda$1221/0x000000080059f4a8 (minecraft@1.20.1)
4945:             1             16  net.minecraft.util.datafix.fixes.References$$Lambda$1222/0x000000080059f6d8 (minecraft@1.20.1)
4946:             1             16  net.minecraft.util.datafix.fixes.References$$Lambda$1223/0x000000080059f908 (minecraft@1.20.1)
4947:             1             16  net.minecraft.util.datafix.fixes.References$$Lambda$1224/0x000000080059fb38 (minecraft@1.20.1)
4948:             1             16  net.minecraft.util.datafix.fixes.References$$Lambda$1225/0x000000080059fd68 (minecraft@1.20.1)
4949:             1             16  net.minecraft.util.datafix.fixes.References$$Lambda$1226/0x000000080059a000 (minecraft@1.20.1)
4950:             1             16  net.minecraft.util.datafix.fixes.References$$Lambda$1227/0x000000080059a230 (minecraft@1.20.1)
4951:             1             16  net.minecraft.util.datafix.fixes.References$$Lambda$1228/0x000000080059a460 (minecraft@1.20.1)
4952:             1             16  net.minecraft.util.datafix.fixes.References$$Lambda$1229/0x000000080059a690 (minecraft@1.20.1)
4953:             1             16  net.minecraft.util.datafix.fixes.References$$Lambda$1230/0x000000080059a8c0 (minecraft@1.20.1)
4954:             1             16  net.minecraft.util.datafix.fixes.References$$Lambda$1231/0x000000080059aaf0 (minecraft@1.20.1)
4955:             1             16  net.minecraft.util.datafix.fixes.References$$Lambda$1232/0x000000080059ad20 (minecraft@1.20.1)
4956:             1             16  net.minecraft.util.datafix.fixes.References$$Lambda$1233/0x000000080059af50 (minecraft@1.20.1)
4957:             1             16  net.minecraft.util.datafix.fixes.RemapChunkStatusFix$$Lambda$2353/0x00000008008be5f0 (minecraft@1.20.1)
4958:             1             16  net.minecraft.util.datafix.fixes.ReorganizePoi$$Lambda$2297/0x00000008008ac438 (minecraft@1.20.1)
4959:             1             16  net.minecraft.util.datafix.fixes.SavedDataFeaturePoolElementFix$$Lambda$2328/0x00000008008b3040 (minecraft@1.20.1)
4960:             1             16  net.minecraft.util.datafix.fixes.SavedDataUUIDFix$$Lambda$2313/0x00000008008b4248 (minecraft@1.20.1)
4961:             1             16  net.minecraft.util.datafix.fixes.StatsRenameFix$$Lambda$2284/0x00000008008a90b0 (minecraft@1.20.1)
4962:             1             16  net.minecraft.util.datafix.fixes.StructureReferenceCountFix$$Lambda$2303/0x00000008008ad910 (minecraft@1.20.1)
4963:             1             16  net.minecraft.util.datafix.fixes.StructureSettingsFlattenFix$$Lambda$2337/0x00000008008bad00 (minecraft@1.20.1)
4964:             1             16  net.minecraft.util.datafix.fixes.StructuresBecomeConfiguredFix$$Lambda$2338/0x00000008008baf48 (minecraft@1.20.1)
4965:             1             16  net.minecraft.util.datafix.fixes.TeamDisplayNameFix$$Lambda$2287/0x00000008008a9758 (minecraft@1.20.1)
4966:             1             16  net.minecraft.util.datafix.fixes.WallPropertyFix$$Lambda$2306/0x00000008008aeca0 (minecraft@1.20.1)
4967:             1             16  net.minecraft.util.datafix.fixes.WorldGenSettingsFix$$Lambda$2321/0x00000008008b7360 (minecraft@1.20.1)
4968:             1             16  net.minecraft.util.datafix.fixes.WorldGenSettingsFix$StructureFeatureConfiguration$$Lambda$2111/0x000000080086e7f8 (minecraft@1.20.1)
4969:             1             16  net.minecraft.util.datafix.fixes.WorldGenSettingsFix$StructureFeatureConfiguration$$Lambda$2112/0x000000080086ea38 (minecraft@1.20.1)
4970:             1             16  net.minecraft.util.datafix.fixes.WorldGenSettingsFix$StructureFeatureConfiguration$$Lambda$2113/0x000000080086ec78 (minecraft@1.20.1)
4971:             1             16  net.minecraft.util.datafix.fixes.WorldGenSettingsFix$StructureFeatureConfiguration$$Lambda$2114/0x000000080086eeb8 (minecraft@1.20.1)
4972:             1             16  net.minecraft.util.datafix.fixes.WorldGenSettingsFix$StructureFeatureConfiguration$$Lambda$2115/0x000000080086f0f8 (minecraft@1.20.1)
4973:             1             16  net.minecraft.util.datafix.schemas.NamespacedSchema$1 (minecraft@1.20.1)
4974:             1             16  net.minecraft.util.datafix.schemas.V100$$Lambda$1868/0x0000000800826af8 (minecraft@1.20.1)
4975:             1             16  net.minecraft.util.datafix.schemas.V1022$$Lambda$1937/0x0000000800843008 (minecraft@1.20.1)
4976:             1             16  net.minecraft.util.datafix.schemas.V1125$$Lambda$1942/0x0000000800843d70 (minecraft@1.20.1)
4977:             1             16  net.minecraft.util.datafix.schemas.V1125$$Lambda$1943/0x0000000800843f90 (minecraft@1.20.1)
4978:             1             16  net.minecraft.util.datafix.schemas.V1451_4$$Lambda$1984/0x000000080084fc38 (minecraft@1.20.1)
4979:             1             16  net.minecraft.util.datafix.schemas.V1451_6$$Lambda$1995/0x0000000800855f58 (minecraft@1.20.1)
4980:             1             16  net.minecraft.util.datafix.schemas.V1451_6$$Lambda$1996/0x0000000800856178 (minecraft@1.20.1)
4981:             1             16  net.minecraft.util.datafix.schemas.V1451_6$1 (minecraft@1.20.1)
4982:             1             16  net.minecraft.util.datafix.schemas.V1451_6$2 (minecraft@1.20.1)
4983:             1             16  net.minecraft.util.datafix.schemas.V1460$$Lambda$2030/0x000000080085e8f0 (minecraft@1.20.1)
4984:             1             16  net.minecraft.util.datafix.schemas.V1460$$Lambda$2031/0x000000080085eb10 (minecraft@1.20.1)
4985:             1             16  net.minecraft.util.datafix.schemas.V1460$$Lambda$2033/0x000000080085ef58 (minecraft@1.20.1)
4986:             1             16  net.minecraft.util.datafix.schemas.V1460$$Lambda$2039/0x000000080085fc48 (minecraft@1.20.1)
4987:             1             16  net.minecraft.util.datafix.schemas.V1460$$Lambda$2041/0x0000000800860228 (minecraft@1.20.1)
4988:             1             16  net.minecraft.util.datafix.schemas.V1460$$Lambda$2042/0x0000000800860448 (minecraft@1.20.1)
4989:             1             16  net.minecraft.util.datafix.schemas.V1460$$Lambda$2043/0x0000000800860668 (minecraft@1.20.1)
4990:             1             16  net.minecraft.util.datafix.schemas.V1460$$Lambda$2047/0x0000000800860f00 (minecraft@1.20.1)
4991:             1             16  net.minecraft.util.datafix.schemas.V1460$$Lambda$2049/0x0000000800861348 (minecraft@1.20.1)
4992:             1             16  net.minecraft.util.datafix.schemas.V1460$$Lambda$2052/0x00000008008619b8 (minecraft@1.20.1)
4993:             1             16  net.minecraft.util.datafix.schemas.V1460$$Lambda$2053/0x0000000800861bd8 (minecraft@1.20.1)
4994:             1             16  net.minecraft.util.datafix.schemas.V1460$$Lambda$2054/0x0000000800861df8 (minecraft@1.20.1)
4995:             1             16  net.minecraft.util.datafix.schemas.V1460$$Lambda$2055/0x0000000800862018 (minecraft@1.20.1)
4996:             1             16  net.minecraft.util.datafix.schemas.V1466$$Lambda$2059/0x0000000800862b60 (minecraft@1.20.1)
4997:             1             16  net.minecraft.util.datafix.schemas.V2551$$Lambda$2118/0x000000080086fa30 (minecraft@1.20.1)
4998:             1             16  net.minecraft.util.datafix.schemas.V2551$$Lambda$2124/0x00000008008748a0 (minecraft@1.20.1)
4999:             1             16  net.minecraft.util.datafix.schemas.V2551$$Lambda$2125/0x0000000800874ac0 (minecraft@1.20.1)
5000:             1             16  net.minecraft.util.datafix.schemas.V2684$$Lambda$2132/0x0000000800876900 (minecraft@1.20.1)
5001:             1             16  net.minecraft.util.datafix.schemas.V2832$$Lambda$2145/0x0000000800873718 (minecraft@1.20.1)
5002:             1             16  net.minecraft.util.datafix.schemas.V2832$$Lambda$2147/0x0000000800873b60 (minecraft@1.20.1)
5003:             1             16  net.minecraft.util.datafix.schemas.V2832$$Lambda$2153/0x00000008008718a0 (minecraft@1.20.1)
5004:             1             16  net.minecraft.util.datafix.schemas.V704$$Lambda$1897/0x000000080083c918 (minecraft@1.20.1)
5005:             1             16  net.minecraft.util.datafix.schemas.V704$$Lambda$1903/0x000000080083d888 (minecraft@1.20.1)
5006:             1             16  net.minecraft.util.datafix.schemas.V704$1 (minecraft@1.20.1)
5007:             1             16  net.minecraft.util.datafix.schemas.V705$1 (minecraft@1.20.1)
5008:             1             16  net.minecraft.util.datafix.schemas.V99$$Lambda$1804/0x0000000800817558 (minecraft@1.20.1)
5009:             1             16  net.minecraft.util.datafix.schemas.V99$$Lambda$1822/0x0000000800821ae0 (minecraft@1.20.1)
5010:             1             16  net.minecraft.util.datafix.schemas.V99$$Lambda$1823/0x0000000800821d28 (minecraft@1.20.1)
5011:             1             16  net.minecraft.util.datafix.schemas.V99$$Lambda$1824/0x0000000800821f70 (minecraft@1.20.1)
5012:             1             16  net.minecraft.util.datafix.schemas.V99$$Lambda$1829/0x0000000800822ab8 (minecraft@1.20.1)
5013:             1             16  net.minecraft.util.datafix.schemas.V99$$Lambda$1834/0x0000000800823578 (minecraft@1.20.1)
5014:             1             16  net.minecraft.util.datafix.schemas.V99$$Lambda$1837/0x0000000800823be8 (minecraft@1.20.1)
5015:             1             16  net.minecraft.util.datafix.schemas.V99$$Lambda$1838/0x0000000800823e08 (minecraft@1.20.1)
5016:             1             16  net.minecraft.util.datafix.schemas.V99$$Lambda$1839/0x0000000800824028 (minecraft@1.20.1)
5017:             1             16  net.minecraft.util.datafix.schemas.V99$$Lambda$1840/0x0000000800824248 (minecraft@1.20.1)
5018:             1             16  net.minecraft.util.datafix.schemas.V99$$Lambda$1842/0x0000000800824690 (minecraft@1.20.1)
5019:             1             16  net.minecraft.util.datafix.schemas.V99$$Lambda$1843/0x00000008008248b0 (minecraft@1.20.1)
5020:             1             16  net.minecraft.util.datafix.schemas.V99$$Lambda$1844/0x0000000800824ad0 (minecraft@1.20.1)
5021:             1             16  net.minecraft.util.datafix.schemas.V99$$Lambda$1845/0x0000000800824cf0 (minecraft@1.20.1)
5022:             1             16  net.minecraft.util.datafix.schemas.V99$$Lambda$1846/0x0000000800824f10 (minecraft@1.20.1)
5023:             1             16  net.minecraft.util.datafix.schemas.V99$$Lambda$1847/0x0000000800825130 (minecraft@1.20.1)
5024:             1             16  net.minecraft.util.datafix.schemas.V99$1 (minecraft@1.20.1)
5025:             1             16  net.minecraft.util.random.SimpleWeightedRandomList$$Lambda$2938/0x0000000800a5e7d8 (minecraft@1.20.1)
5026:             1             16  net.minecraft.util.random.SimpleWeightedRandomList$$Lambda$2939/0x0000000800a5ea18 (minecraft@1.20.1)
5027:             1             16  net.minecraft.util.random.Weight (minecraft@1.20.1)
5028:             1             16  net.minecraft.util.random.Weight$$Lambda$2933/0x0000000800a5dca8 (minecraft@1.20.1)
5029:             1             16  net.minecraft.util.random.Weight$$Lambda$2934/0x0000000800a5dee8 (minecraft@1.20.1)
5030:             1             16  net.minecraft.util.random.WeightedEntry$Wrapper$$Lambda$2932/0x0000000800a5d858 (minecraft@1.20.1)
5031:             1             16  net.minecraft.util.random.WeightedEntry$Wrapper$$Lambda$2935/0x0000000800a5e128 (minecraft@1.20.1)
5032:             1             16  net.minecraft.util.random.WeightedEntry$Wrapper$$Lambda$2936/0x0000000800a5e368 (minecraft@1.20.1)
5033:             1             16  net.minecraft.util.valueproviders.BiasedToBottomInt$$Lambda$2919/0x0000000800a56f68 (minecraft@1.20.1)
5034:             1             16  net.minecraft.util.valueproviders.BiasedToBottomInt$$Lambda$2920/0x0000000800a571a8 (minecraft@1.20.1)
5035:             1             16  net.minecraft.util.valueproviders.BiasedToBottomInt$$Lambda$2921/0x0000000800a573e8 (minecraft@1.20.1)
5036:             1             16  net.minecraft.util.valueproviders.BiasedToBottomInt$$Lambda$2922/0x0000000800a57628 (minecraft@1.20.1)
5037:             1             16  net.minecraft.util.valueproviders.BiasedToBottomInt$$Lambda$2923/0x0000000800a57858 (minecraft@1.20.1)
5038:             1             16  net.minecraft.util.valueproviders.ClampedInt$$Lambda$2924/0x0000000800a57cc8 (minecraft@1.20.1)
5039:             1             16  net.minecraft.util.valueproviders.ClampedInt$$Lambda$2925/0x0000000800a5c000 (minecraft@1.20.1)
5040:             1             16  net.minecraft.util.valueproviders.ClampedInt$$Lambda$2926/0x0000000800a5c240 (minecraft@1.20.1)
5041:             1             16  net.minecraft.util.valueproviders.ClampedInt$$Lambda$2927/0x0000000800a5c480 (minecraft@1.20.1)
5042:             1             16  net.minecraft.util.valueproviders.ClampedInt$$Lambda$2928/0x0000000800a5c6c0 (minecraft@1.20.1)
5043:             1             16  net.minecraft.util.valueproviders.ClampedInt$$Lambda$2929/0x0000000800a5c900 (minecraft@1.20.1)
5044:             1             16  net.minecraft.util.valueproviders.ClampedNormalFloat$$Lambda$2905/0x0000000800a54b88 (minecraft@1.20.1)
5045:             1             16  net.minecraft.util.valueproviders.ClampedNormalFloat$$Lambda$2906/0x0000000800a54dc8 (minecraft@1.20.1)
5046:             1             16  net.minecraft.util.valueproviders.ClampedNormalFloat$$Lambda$2907/0x0000000800a55008 (minecraft@1.20.1)
5047:             1             16  net.minecraft.util.valueproviders.ClampedNormalFloat$$Lambda$2908/0x0000000800a55248 (minecraft@1.20.1)
5048:             1             16  net.minecraft.util.valueproviders.ClampedNormalFloat$$Lambda$2909/0x0000000800a55488 (minecraft@1.20.1)
5049:             1             16  net.minecraft.util.valueproviders.ClampedNormalFloat$$Lambda$2910/0x0000000800a556c8 (minecraft@1.20.1)
5050:             1             16  net.minecraft.util.valueproviders.ClampedNormalFloat$$Lambda$2911/0x0000000800a55918 (minecraft@1.20.1)
5051:             1             16  net.minecraft.util.valueproviders.ClampedNormalInt$$Lambda$2942/0x0000000800a5f300 (minecraft@1.20.1)
5052:             1             16  net.minecraft.util.valueproviders.ClampedNormalInt$$Lambda$2943/0x0000000800a5f540 (minecraft@1.20.1)
5053:             1             16  net.minecraft.util.valueproviders.ClampedNormalInt$$Lambda$2944/0x0000000800a5f780 (minecraft@1.20.1)
5054:             1             16  net.minecraft.util.valueproviders.ClampedNormalInt$$Lambda$2945/0x0000000800a5f9c0 (minecraft@1.20.1)
5055:             1             16  net.minecraft.util.valueproviders.ClampedNormalInt$$Lambda$2946/0x0000000800a5fc00 (minecraft@1.20.1)
5056:             1             16  net.minecraft.util.valueproviders.ClampedNormalInt$$Lambda$2947/0x0000000800a60000 (minecraft@1.20.1)
5057:             1             16  net.minecraft.util.valueproviders.ClampedNormalInt$$Lambda$2948/0x0000000800a60250 (minecraft@1.20.1)
5058:             1             16  net.minecraft.util.valueproviders.ConstantFloat (minecraft@1.20.1)
5059:             1             16  net.minecraft.util.valueproviders.ConstantFloat$$Lambda$2894/0x0000000800a52e70 (minecraft@1.20.1)
5060:             1             16  net.minecraft.util.valueproviders.ConstantFloat$$Lambda$2895/0x0000000800a530b0 (minecraft@1.20.1)
5061:             1             16  net.minecraft.util.valueproviders.ConstantFloat$$Lambda$2896/0x0000000800a532f0 (minecraft@1.20.1)
5062:             1             16  net.minecraft.util.valueproviders.ConstantFloat$$Lambda$2897/0x0000000800a53530 (minecraft@1.20.1)
5063:             1             16  net.minecraft.util.valueproviders.ConstantFloat$$Lambda$2898/0x0000000800a53770 (minecraft@1.20.1)
5064:             1             16  net.minecraft.util.valueproviders.ConstantInt$$Lambda$1516/0x0000000800733460 (minecraft@1.20.1)
5065:             1             16  net.minecraft.util.valueproviders.ConstantInt$$Lambda$1517/0x00000008007336a0 (minecraft@1.20.1)
5066:             1             16  net.minecraft.util.valueproviders.ConstantInt$$Lambda$1518/0x00000008007338e0 (minecraft@1.20.1)
5067:             1             16  net.minecraft.util.valueproviders.ConstantInt$$Lambda$1522/0x0000000800733b20 (minecraft@1.20.1)
5068:             1             16  net.minecraft.util.valueproviders.ConstantInt$$Lambda$1523/0x0000000800733d60 (minecraft@1.20.1)
5069:             1             16  net.minecraft.util.valueproviders.FloatProvider$$Lambda$2890/0x0000000800a52570 (minecraft@1.20.1)
5070:             1             16  net.minecraft.util.valueproviders.FloatProvider$$Lambda$2891/0x0000000800a527b0 (minecraft@1.20.1)
5071:             1             16  net.minecraft.util.valueproviders.FloatProvider$$Lambda$2892/0x0000000800a529f0 (minecraft@1.20.1)
5072:             1             16  net.minecraft.util.valueproviders.FloatProvider$$Lambda$2893/0x0000000800a52c30 (minecraft@1.20.1)
5073:             1             16  net.minecraft.util.valueproviders.IntProvider$$Lambda$1511/0x00000008007375f0 (minecraft@1.20.1)
5074:             1             16  net.minecraft.util.valueproviders.IntProvider$$Lambda$1512/0x0000000800737830 (minecraft@1.20.1)
5075:             1             16  net.minecraft.util.valueproviders.IntProvider$$Lambda$1513/0x0000000800737a70 (minecraft@1.20.1)
5076:             1             16  net.minecraft.util.valueproviders.IntProvider$$Lambda$1514/0x0000000800737cb0 (minecraft@1.20.1)
5077:             1             16  net.minecraft.util.valueproviders.TrapezoidFloat$$Lambda$2912/0x0000000800a55d98 (minecraft@1.20.1)
5078:             1             16  net.minecraft.util.valueproviders.TrapezoidFloat$$Lambda$2913/0x0000000800a55fd8 (minecraft@1.20.1)
5079:             1             16  net.minecraft.util.valueproviders.TrapezoidFloat$$Lambda$2914/0x0000000800a56218 (minecraft@1.20.1)
5080:             1             16  net.minecraft.util.valueproviders.TrapezoidFloat$$Lambda$2915/0x0000000800a56458 (minecraft@1.20.1)
5081:             1             16  net.minecraft.util.valueproviders.TrapezoidFloat$$Lambda$2916/0x0000000800a56698 (minecraft@1.20.1)
5082:             1             16  net.minecraft.util.valueproviders.TrapezoidFloat$$Lambda$2917/0x0000000800a568d8 (minecraft@1.20.1)
5083:             1             16  net.minecraft.util.valueproviders.UniformFloat$$Lambda$2900/0x0000000800a53e18 (minecraft@1.20.1)
5084:             1             16  net.minecraft.util.valueproviders.UniformFloat$$Lambda$2901/0x0000000800a54058 (minecraft@1.20.1)
5085:             1             16  net.minecraft.util.valueproviders.UniformFloat$$Lambda$2902/0x0000000800a54298 (minecraft@1.20.1)
5086:             1             16  net.minecraft.util.valueproviders.UniformFloat$$Lambda$2903/0x0000000800a544d8 (minecraft@1.20.1)
5087:             1             16  net.minecraft.util.valueproviders.UniformFloat$$Lambda$2904/0x0000000800a54708 (minecraft@1.20.1)
5088:             1             16  net.minecraft.util.valueproviders.UniformInt$$Lambda$1524/0x0000000800731000 (minecraft@1.20.1)
5089:             1             16  net.minecraft.util.valueproviders.UniformInt$$Lambda$1525/0x0000000800731240 (minecraft@1.20.1)
5090:             1             16  net.minecraft.util.valueproviders.UniformInt$$Lambda$1526/0x0000000800731480 (minecraft@1.20.1)
5091:             1             16  net.minecraft.util.valueproviders.UniformInt$$Lambda$1527/0x00000008007316c0 (minecraft@1.20.1)
5092:             1             16  net.minecraft.util.valueproviders.UniformInt$$Lambda$1528/0x00000008007318f0 (minecraft@1.20.1)
5093:             1             16  net.minecraft.util.valueproviders.WeightedListInt$$Lambda$2930/0x0000000800a5cb40 (minecraft@1.20.1)
5094:             1             16  net.minecraft.util.valueproviders.WeightedListInt$$Lambda$2940/0x0000000800a5ec58 (minecraft@1.20.1)
5095:             1             16  net.minecraft.util.valueproviders.WeightedListInt$$Lambda$2941/0x0000000800a5ee98 (minecraft@1.20.1)
5096:             1             16  net.minecraft.world.effect.MobEffect$$Lambda$1581/0x000000080074de10 (minecraft@1.20.1)
5097:             1             16  net.minecraft.world.effect.MobEffects$$Lambda$1584/0x000000080074f710 (minecraft@1.20.1)
5098:             1             16  net.minecraft.world.entity.EntitySelector$$Lambda$2549/0x00000008009d2180 (minecraft@1.20.1)
5099:             1             16  net.minecraft.world.entity.EntitySelector$$Lambda$2550/0x00000008009d23d0 (minecraft@1.20.1)
5100:             1             16  net.minecraft.world.entity.EntitySelector$$Lambda$2551/0x00000008009d2620 (minecraft@1.20.1)
5101:             1             16  net.minecraft.world.entity.EntitySelector$$Lambda$2552/0x00000008009d2870 (minecraft@1.20.1)
5102:             1             16  net.minecraft.world.entity.EntitySelector$$Lambda$2553/0x00000008009d2ac0 (minecraft@1.20.1)
5103:             1             16  net.minecraft.world.entity.EntitySelector$$Lambda$2554/0x00000008009d2d10 (minecraft@1.20.1)
5104:             1             16  net.minecraft.world.entity.EntitySelector$$Lambda$2555/0x00000008009d2f60 (minecraft@1.20.1)
5105:             1             16  net.minecraft.world.entity.EntityType$$Lambda$1791/0x00000008007f9888 (minecraft@1.20.1)
5106:             1             16  net.minecraft.world.entity.EntityType$$Lambda$2215/0x000000080087f8a8 (minecraft@1.20.1)
5107:             1             16  net.minecraft.world.entity.EntityType$$Lambda$2224/0x000000080088b510 (minecraft@1.20.1)
5108:             1             16  net.minecraft.world.entity.EntityType$$Lambda$2236/0x0000000800889400 (minecraft@1.20.1)
5109:             1             16  net.minecraft.world.entity.EntityType$$Lambda$2278/0x00000008008a21c0 (minecraft@1.20.1)
5110:             1             16  net.minecraft.world.entity.EntityType$$Lambda$2279/0x00000008008a5c80 (minecraft@1.20.1)
5111:             1             16  net.minecraft.world.entity.EntityType$$Lambda$2311/0x00000008008afdd8 (minecraft@1.20.1)
5112:             1             16  net.minecraft.world.entity.EntityType$$Lambda$2326/0x00000008008b2bd8 (minecraft@1.20.1)
5113:             1             16  net.minecraft.world.entity.EntityType$$Lambda$2339/0x00000008008bb190 (minecraft@1.20.1)
5114:             1             16  net.minecraft.world.entity.EntityType$$Lambda$2349/0x00000008008bdd00 (minecraft@1.20.1)
5115:             1             16  net.minecraft.world.entity.EntityType$$Lambda$2363/0x00000008008c4b50 (minecraft@1.20.1)
5116:             1             16  net.minecraft.world.entity.EntityType$$Lambda$2365/0x00000008008ca878 (minecraft@1.20.1)
5117:             1             16  net.minecraft.world.entity.EntityType$$Lambda$2366/0x00000008008cb340 (minecraft@1.20.1)
5118:             1             16  net.minecraft.world.entity.EntityType$$Lambda$2367/0x00000008008cb760 (minecraft@1.20.1)
5119:             1             16  net.minecraft.world.entity.EntityType$$Lambda$2368/0x00000008008cb980 (minecraft@1.20.1)
5120:             1             16  net.minecraft.world.entity.EntityType$$Lambda$2369/0x00000008008cbba0 (minecraft@1.20.1)
5121:             1             16  net.minecraft.world.entity.EntityType$$Lambda$2370/0x00000008008cbdc0 (minecraft@1.20.1)
5122:             1             16  net.minecraft.world.entity.EntityType$$Lambda$2371/0x00000008008e7728 (minecraft@1.20.1)
5123:             1             16  net.minecraft.world.entity.EntityType$$Lambda$2372/0x00000008008e7948 (minecraft@1.20.1)
5124:             1             16  net.minecraft.world.entity.EntityType$$Lambda$2373/0x00000008008e7dc8 (minecraft@1.20.1)
5125:             1             16  net.minecraft.world.entity.EntityType$$Lambda$2374/0x00000008008df650 (minecraft@1.20.1)
5126:             1             16  net.minecraft.world.entity.EntityType$$Lambda$2375/0x00000008008df870 (minecraft@1.20.1)
5127:             1             16  net.minecraft.world.entity.EntityType$$Lambda$2376/0x00000008008dfa90 (minecraft@1.20.1)
5128:             1             16  net.minecraft.world.entity.EntityType$$Lambda$2377/0x0000000800900ed8 (minecraft@1.20.1)
5129:             1             16  net.minecraft.world.entity.EntityType$$Lambda$2378/0x0000000800904a88 (minecraft@1.20.1)
5130:             1             16  net.minecraft.world.entity.EntityType$$Lambda$2379/0x0000000800907098 (minecraft@1.20.1)
5131:             1             16  net.minecraft.world.entity.EntityType$$Lambda$2380/0x00000008009072b8 (minecraft@1.20.1)
5132:             1             16  net.minecraft.world.entity.EntityType$$Lambda$2381/0x00000008009074d8 (minecraft@1.20.1)
5133:             1             16  net.minecraft.world.entity.EntityType$$Lambda$2382/0x00000008009076f8 (minecraft@1.20.1)
5134:             1             16  net.minecraft.world.entity.EntityType$$Lambda$2383/0x0000000800907dd8 (minecraft@1.20.1)
5135:             1             16  net.minecraft.world.entity.EntityType$$Lambda$2384/0x000000080090f700 (minecraft@1.20.1)
5136:             1             16  net.minecraft.world.entity.EntityType$$Lambda$2385/0x0000000800917db0 (minecraft@1.20.1)
5137:             1             16  net.minecraft.world.entity.EntityType$$Lambda$2386/0x000000080091f860 (minecraft@1.20.1)
5138:             1             16  net.minecraft.world.entity.EntityType$$Lambda$2387/0x000000080091fa80 (minecraft@1.20.1)
5139:             1             16  net.minecraft.world.entity.EntityType$$Lambda$2388/0x00000008009229a8 (minecraft@1.20.1)
5140:             1             16  net.minecraft.world.entity.EntityType$$Lambda$2389/0x0000000800923de0 (minecraft@1.20.1)
5141:             1             16  net.minecraft.world.entity.EntityType$$Lambda$2390/0x0000000800924798 (minecraft@1.20.1)
5142:             1             16  net.minecraft.world.entity.EntityType$$Lambda$2391/0x0000000800925c40 (minecraft@1.20.1)
5143:             1             16  net.minecraft.world.entity.EntityType$$Lambda$2392/0x000000080092b150 (minecraft@1.20.1)
5144:             1             16  net.minecraft.world.entity.EntityType$$Lambda$2393/0x000000080092d6a0 (minecraft@1.20.1)
5145:             1             16  net.minecraft.world.entity.EntityType$$Lambda$2394/0x000000080092d8c0 (minecraft@1.20.1)
5146:             1             16  net.minecraft.world.entity.EntityType$$Lambda$2395/0x0000000800931ec0 (minecraft@1.20.1)
5147:             1             16  net.minecraft.world.entity.EntityType$$Lambda$2396/0x0000000800933d68 (minecraft@1.20.1)
5148:             1             16  net.minecraft.world.entity.EntityType$$Lambda$2397/0x00000008009364c8 (minecraft@1.20.1)
5149:             1             16  net.minecraft.world.entity.EntityType$$Lambda$2398/0x0000000800936bb0 (minecraft@1.20.1)
5150:             1             16  net.minecraft.world.entity.EntityType$$Lambda$2399/0x0000000800936dd0 (minecraft@1.20.1)
5151:             1             16  net.minecraft.world.entity.EntityType$$Lambda$2400/0x0000000800936ff0 (minecraft@1.20.1)
5152:             1             16  net.minecraft.world.entity.EntityType$$Lambda$2401/0x000000080093f418 (minecraft@1.20.1)
5153:             1             16  net.minecraft.world.entity.EntityType$$Lambda$2402/0x000000080093f978 (minecraft@1.20.1)
5154:             1             16  net.minecraft.world.entity.EntityType$$Lambda$2403/0x000000080093fb98 (minecraft@1.20.1)
5155:             1             16  net.minecraft.world.entity.EntityType$$Lambda$2404/0x000000080093fdb8 (minecraft@1.20.1)
5156:             1             16  net.minecraft.world.entity.EntityType$$Lambda$2405/0x0000000800937488 (minecraft@1.20.1)
5157:             1             16  net.minecraft.world.entity.EntityType$$Lambda$2406/0x00000008009376a8 (minecraft@1.20.1)
5158:             1             16  net.minecraft.world.entity.EntityType$$Lambda$2407/0x0000000800937db0 (minecraft@1.20.1)
5159:             1             16  net.minecraft.world.entity.EntityType$$Lambda$2408/0x000000080094b748 (minecraft@1.20.1)
5160:             1             16  net.minecraft.world.entity.EntityType$$Lambda$2409/0x000000080094cb90 (minecraft@1.20.1)
5161:             1             16  net.minecraft.world.entity.EntityType$$Lambda$2410/0x000000080094cdb0 (minecraft@1.20.1)
5162:             1             16  net.minecraft.world.entity.EntityType$$Lambda$2411/0x000000080094f510 (minecraft@1.20.1)
5163:             1             16  net.minecraft.world.entity.EntityType$$Lambda$2412/0x000000080094f730 (minecraft@1.20.1)
5164:             1             16  net.minecraft.world.entity.EntityType$$Lambda$2413/0x000000080094f950 (minecraft@1.20.1)
5165:             1             16  net.minecraft.world.entity.EntityType$$Lambda$2414/0x000000080094fdd8 (minecraft@1.20.1)
5166:             1             16  net.minecraft.world.entity.EntityType$$Lambda$2415/0x0000000800953858 (minecraft@1.20.1)
5167:             1             16  net.minecraft.world.entity.EntityType$$Lambda$2416/0x0000000800958000 (minecraft@1.20.1)
5168:             1             16  net.minecraft.world.entity.EntityType$$Lambda$2417/0x0000000800959408 (minecraft@1.20.1)
5169:             1             16  net.minecraft.world.entity.EntityType$$Lambda$2418/0x0000000800959628 (minecraft@1.20.1)
5170:             1             16  net.minecraft.world.entity.EntityType$$Lambda$2419/0x000000080095b5e8 (minecraft@1.20.1)
5171:             1             16  net.minecraft.world.entity.EntityType$$Lambda$2420/0x000000080095b808 (minecraft@1.20.1)
5172:             1             16  net.minecraft.world.entity.EntityType$$Lambda$2421/0x000000080095dc38 (minecraft@1.20.1)
5173:             1             16  net.minecraft.world.entity.EntityType$$Lambda$2422/0x000000080095f0c8 (minecraft@1.20.1)
5174:             1             16  net.minecraft.world.entity.EntityType$$Lambda$2423/0x0000000800962a10 (minecraft@1.20.1)
5175:             1             16  net.minecraft.world.entity.EntityType$$Lambda$2424/0x0000000800967200 (minecraft@1.20.1)
5176:             1             16  net.minecraft.world.entity.EntityType$$Lambda$2425/0x000000080096a3b0 (minecraft@1.20.1)
5177:             1             16  net.minecraft.world.entity.EntityType$$Lambda$2426/0x000000080096e380 (minecraft@1.20.1)
5178:             1             16  net.minecraft.world.entity.EntityType$$Lambda$2427/0x000000080096e7a0 (minecraft@1.20.1)
5179:             1             16  net.minecraft.world.entity.EntityType$$Lambda$2428/0x000000080096e9c0 (minecraft@1.20.1)
5180:             1             16  net.minecraft.world.entity.EntityType$$Lambda$2429/0x000000080096f0b0 (minecraft@1.20.1)
5181:             1             16  net.minecraft.world.entity.EntityType$$Lambda$2430/0x0000000800977da0 (minecraft@1.20.1)
5182:             1             16  net.minecraft.world.entity.EntityType$$Lambda$2431/0x000000080096f570 (minecraft@1.20.1)
5183:             1             16  net.minecraft.world.entity.EntityType$$Lambda$2432/0x000000080096f9f0 (minecraft@1.20.1)
5184:             1             16  net.minecraft.world.entity.EntityType$$Lambda$2433/0x000000080097f9d8 (minecraft@1.20.1)
5185:             1             16  net.minecraft.world.entity.EntityType$$Lambda$2434/0x0000000800981d68 (minecraft@1.20.1)
5186:             1             16  net.minecraft.world.entity.EntityType$$Lambda$2435/0x0000000800983cd8 (minecraft@1.20.1)
5187:             1             16  net.minecraft.world.entity.EntityType$$Lambda$2436/0x0000000800986460 (minecraft@1.20.1)
5188:             1             16  net.minecraft.world.entity.EntityType$$Lambda$2437/0x0000000800987530 (minecraft@1.20.1)
5189:             1             16  net.minecraft.world.entity.EntityType$$Lambda$2438/0x0000000800987750 (minecraft@1.20.1)
5190:             1             16  net.minecraft.world.entity.EntityType$$Lambda$2439/0x000000080098af60 (minecraft@1.20.1)
5191:             1             16  net.minecraft.world.entity.EntityType$$Lambda$2440/0x000000080098b678 (minecraft@1.20.1)
5192:             1             16  net.minecraft.world.entity.EntityType$$Lambda$2441/0x000000080098daf8 (minecraft@1.20.1)
5193:             1             16  net.minecraft.world.entity.EntityType$$Lambda$2442/0x000000080098dd18 (minecraft@1.20.1)
5194:             1             16  net.minecraft.world.entity.EntityType$$Lambda$2443/0x000000080098f1d8 (minecraft@1.20.1)
5195:             1             16  net.minecraft.world.entity.EntityType$$Lambda$2444/0x000000080098f3f8 (minecraft@1.20.1)
5196:             1             16  net.minecraft.world.entity.EntityType$$Lambda$2445/0x000000080098f618 (minecraft@1.20.1)
5197:             1             16  net.minecraft.world.entity.EntityType$$Lambda$2446/0x000000080098f838 (minecraft@1.20.1)
5198:             1             16  net.minecraft.world.entity.EntityType$$Lambda$2447/0x0000000800991298 (minecraft@1.20.1)
5199:             1             16  net.minecraft.world.entity.EntityType$$Lambda$2448/0x00000008009927c0 (minecraft@1.20.1)
5200:             1             16  net.minecraft.world.entity.EntityType$$Lambda$2449/0x00000008009929e0 (minecraft@1.20.1)
5201:             1             16  net.minecraft.world.entity.EntityType$$Lambda$2450/0x0000000800992c00 (minecraft@1.20.1)
5202:             1             16  net.minecraft.world.entity.EntityType$$Lambda$2451/0x0000000800994ae8 (minecraft@1.20.1)
5203:             1             16  net.minecraft.world.entity.EntityType$$Lambda$2452/0x00000008009970c0 (minecraft@1.20.1)
5204:             1             16  net.minecraft.world.entity.EntityType$$Lambda$2453/0x00000008009972e0 (minecraft@1.20.1)
5205:             1             16  net.minecraft.world.entity.EntityType$$Lambda$2524/0x00000008009af050 (minecraft@1.20.1)
5206:             1             16  net.minecraft.world.entity.EntityType$$Lambda$2525/0x00000008009af270 (minecraft@1.20.1)
5207:             1             16  net.minecraft.world.entity.EntityType$$Lambda$2526/0x00000008009af490 (minecraft@1.20.1)
5208:             1             16  net.minecraft.world.entity.EntityType$$Lambda$2527/0x00000008009af938 (minecraft@1.20.1)
5209:             1             16  net.minecraft.world.entity.EntityType$$Lambda$2528/0x00000008009afb58 (minecraft@1.20.1)
5210:             1             16  net.minecraft.world.entity.EntityType$$Lambda$2529/0x00000008009afd78 (minecraft@1.20.1)
5211:             1             16  net.minecraft.world.entity.EntityType$$Lambda$2530/0x00000008009b67b0 (minecraft@1.20.1)
5212:             1             16  net.minecraft.world.entity.EntityType$$Lambda$2531/0x00000008009b7368 (minecraft@1.20.1)
5213:             1             16  net.minecraft.world.entity.EntityType$$Lambda$2532/0x00000008009bfaa0 (minecraft@1.20.1)
5214:             1             16  net.minecraft.world.entity.EntityType$$Lambda$2533/0x00000008009c2788 (minecraft@1.20.1)
5215:             1             16  net.minecraft.world.entity.EntityType$$Lambda$2534/0x00000008009c53f0 (minecraft@1.20.1)
5216:             1             16  net.minecraft.world.entity.EntityType$$Lambda$2535/0x00000008009c5980 (minecraft@1.20.1)
5217:             1             16  net.minecraft.world.entity.EntityType$$Lambda$2536/0x00000008009c60f8 (minecraft@1.20.1)
5218:             1             16  net.minecraft.world.entity.EntityType$$Lambda$2537/0x00000008009c77f8 (minecraft@1.20.1)
5219:             1             16  net.minecraft.world.entity.EntityType$$Lambda$2538/0x00000008009c7a18 (minecraft@1.20.1)
5220:             1             16  net.minecraft.world.entity.EntityType$$Lambda$2539/0x00000008009c7c38 (minecraft@1.20.1)
5221:             1             16  net.minecraft.world.entity.EntityType$$Lambda$2540/0x00000008009cc860 (minecraft@1.20.1)
5222:             1             16  net.minecraft.world.entity.EntityType$$Lambda$2541/0x00000008009cca80 (minecraft@1.20.1)
5223:             1             16  net.minecraft.world.entity.EntityType$$Lambda$2542/0x00000008009ccca0 (minecraft@1.20.1)
5224:             1             16  net.minecraft.world.entity.EntityType$$Lambda$2543/0x00000008009ceea8 (minecraft@1.20.1)
5225:             1             16  net.minecraft.world.entity.EntityType$$Lambda$2544/0x00000008009cf0c8 (minecraft@1.20.1)
5226:             1             16  net.minecraft.world.entity.EntityType$$Lambda$2545/0x00000008009cf2e8 (minecraft@1.20.1)
5227:             1             16  net.minecraft.world.entity.EntityType$$Lambda$2547/0x00000008009cf9c0 (minecraft@1.20.1)
5228:             1             16  net.minecraft.world.entity.EntityType$Builder$$Lambda$1798/0x00000008007fb130 (minecraft@1.20.1)
5229:             1             16  net.minecraft.world.entity.EntityType$Builder$$Lambda$1799/0x00000008007fb380 (minecraft@1.20.1)
5230:             1             16  net.minecraft.world.entity.EntityType$Builder$$Lambda$1800/0x00000008007fb5a0 (minecraft@1.20.1)
5231:             1             16  net.minecraft.world.entity.EntityType$Builder$$Lambda$2546/0x00000008009cf508 (minecraft@1.20.1)
5232:             1             16  net.minecraft.world.entity.MobCategory$$Lambda$1792/0x00000008007f9f20 (minecraft@1.20.1)
5233:             1             16  net.minecraft.world.entity.MobCategory$$Lambda$1793/0x00000008007fa140 (minecraft@1.20.1)
5234:             1             16  net.minecraft.world.entity.MobCategory$$Lambda$1796/0x00000008007fa808 (minecraft@1.20.1)
5235:             1             16  net.minecraft.world.entity.MobCategory$$Lambda$1797/0x00000008007faa48 (minecraft@1.20.1)
5236:             1             16  net.minecraft.world.entity.ai.memory.ExpirableValue$$Lambda$2520/0x00000008009ae7a0 (minecraft@1.20.1)
5237:             1             16  net.minecraft.world.entity.ai.memory.ExpirableValue$$Lambda$2521/0x00000008009ae9e0 (minecraft@1.20.1)
5238:             1             16  net.minecraft.world.entity.ai.memory.ExpirableValue$$Lambda$2522/0x00000008009aec20 (minecraft@1.20.1)
5239:             1             16  net.minecraft.world.entity.ai.memory.MemoryModuleType$$Lambda$2512/0x00000008009abb18 (minecraft@1.20.1)
5240:             1             16  net.minecraft.world.entity.ai.sensing.SensorType$$Lambda$2489/0x00000008009a2330 (minecraft@1.20.1)
5241:             1             16  net.minecraft.world.entity.ai.sensing.SensorType$$Lambda$2490/0x00000008009a2770 (minecraft@1.20.1)
5242:             1             16  net.minecraft.world.entity.ai.sensing.SensorType$$Lambda$2491/0x00000008009a2bb8 (minecraft@1.20.1)
5243:             1             16  net.minecraft.world.entity.ai.sensing.SensorType$$Lambda$2492/0x00000008009a4f10 (minecraft@1.20.1)
5244:             1             16  net.minecraft.world.entity.ai.sensing.SensorType$$Lambda$2493/0x00000008009a5358 (minecraft@1.20.1)
5245:             1             16  net.minecraft.world.entity.ai.sensing.SensorType$$Lambda$2494/0x00000008009a5790 (minecraft@1.20.1)
5246:             1             16  net.minecraft.world.entity.ai.sensing.SensorType$$Lambda$2495/0x00000008009a5e10 (minecraft@1.20.1)
5247:             1             16  net.minecraft.world.entity.ai.sensing.SensorType$$Lambda$2496/0x00000008009a6248 (minecraft@1.20.1)
5248:             1             16  net.minecraft.world.entity.ai.sensing.SensorType$$Lambda$2497/0x00000008009a6688 (minecraft@1.20.1)
5249:             1             16  net.minecraft.world.entity.ai.sensing.SensorType$$Lambda$2498/0x00000008009a6ac0 (minecraft@1.20.1)
5250:             1             16  net.minecraft.world.entity.ai.sensing.SensorType$$Lambda$2499/0x00000008009a6ef8 (minecraft@1.20.1)
5251:             1             16  net.minecraft.world.entity.ai.sensing.SensorType$$Lambda$2500/0x00000008009a7330 (minecraft@1.20.1)
5252:             1             16  net.minecraft.world.entity.ai.sensing.SensorType$$Lambda$2501/0x00000008009a7770 (minecraft@1.20.1)
5253:             1             16  net.minecraft.world.entity.ai.sensing.SensorType$$Lambda$2502/0x00000008009a7bb0 (minecraft@1.20.1)
5254:             1             16  net.minecraft.world.entity.ai.sensing.SensorType$$Lambda$2503/0x00000008009a8000 (minecraft@1.20.1)
5255:             1             16  net.minecraft.world.entity.ai.sensing.SensorType$$Lambda$2504/0x00000008009a8448 (minecraft@1.20.1)
5256:             1             16  net.minecraft.world.entity.ai.sensing.SensorType$$Lambda$2505/0x00000008009a8668 (minecraft@1.20.1)
5257:             1             16  net.minecraft.world.entity.ai.sensing.SensorType$$Lambda$2506/0x00000008009a8888 (minecraft@1.20.1)
5258:             1             16  net.minecraft.world.entity.ai.sensing.SensorType$$Lambda$2507/0x00000008009a8aa8 (minecraft@1.20.1)
5259:             1             16  net.minecraft.world.entity.ai.sensing.SensorType$$Lambda$2508/0x00000008009a8ef8 (minecraft@1.20.1)
5260:             1             16  net.minecraft.world.entity.ai.sensing.SensorType$$Lambda$2509/0x00000008009a9330 (minecraft@1.20.1)
5261:             1             16  net.minecraft.world.entity.ai.sensing.SensorType$$Lambda$2510/0x00000008009ab4a0 (minecraft@1.20.1)
5262:             1             16  net.minecraft.world.entity.ai.sensing.SensorType$$Lambda$2511/0x00000008009ab6c0 (minecraft@1.20.1)
5263:             1             16  net.minecraft.world.entity.ai.village.poi.PoiType$$Lambda$2867/0x0000000800a3c030 (minecraft@1.20.1)
5264:             1             16  net.minecraft.world.entity.ai.village.poi.PoiTypes$$Lambda$2868/0x0000000800a3c280 (minecraft@1.20.1)
5265:             1             16  net.minecraft.world.entity.ai.village.poi.PoiTypes$$Lambda$2869/0x0000000800a3c4c0 (minecraft@1.20.1)
5266:             1             16  net.minecraft.world.entity.ai.village.poi.PoiTypes$$Lambda$2870/0x0000000800a3c710 (minecraft@1.20.1)
5267:             1             16  net.minecraft.world.entity.npc.VillagerProfession$$Lambda$2866/0x0000000800a3bde0 (minecraft@1.20.1)
5268:             1             16  net.minecraft.world.entity.npc.VillagerProfession$$Lambda$2873/0x0000000800a3ce00 (minecraft@1.20.1)
5269:             1             16  net.minecraft.world.entity.npc.VillagerProfession$$Lambda$2874/0x0000000800a3d058 (minecraft@1.20.1)
5270:             1             16  net.minecraft.world.entity.npc.VillagerType$$Lambda$2865/0x0000000800a3b9a8 (minecraft@1.20.1)
5271:             1             16  net.minecraft.world.entity.schedule.Schedule$$Lambda$2881/0x0000000800a3e688 (minecraft@1.20.1)
5272:             1             16  net.minecraft.world.entity.schedule.ScheduleBuilder$$Lambda$2877/0x0000000800a3db50 (minecraft@1.20.1)
5273:             1             16  net.minecraft.world.entity.vehicle.Boat$Type$$Lambda$2558/0x00000008009d3858 (minecraft@1.20.1)
5274:             1             16  net.minecraft.world.entity.vehicle.Boat$Type$$Lambda$2559/0x00000008009d3a78 (minecraft@1.20.1)
5275:             1             16  net.minecraft.world.flag.FeatureFlagRegistry$$Lambda$1458/0x00000008006e7da0 (minecraft@1.20.1)
5276:             1             16  net.minecraft.world.flag.FeatureFlagRegistry$$Lambda$1459/0x00000008006af948 (minecraft@1.20.1)
5277:             1             16  net.minecraft.world.flag.FeatureFlagUniverse (minecraft@1.20.1)
5278:             1             16  net.minecraft.world.inventory.MenuType$$Lambda$2782/0x0000000800a163b0 (minecraft@1.20.1)
5279:             1             16  net.minecraft.world.inventory.MenuType$$Lambda$2783/0x0000000800a165d0 (minecraft@1.20.1)
5280:             1             16  net.minecraft.world.inventory.MenuType$$Lambda$2784/0x0000000800a167f0 (minecraft@1.20.1)
5281:             1             16  net.minecraft.world.inventory.MenuType$$Lambda$2785/0x0000000800a16a10 (minecraft@1.20.1)
5282:             1             16  net.minecraft.world.inventory.MenuType$$Lambda$2786/0x0000000800a16c30 (minecraft@1.20.1)
5283:             1             16  net.minecraft.world.inventory.MenuType$$Lambda$2787/0x0000000800a16e50 (minecraft@1.20.1)
5284:             1             16  net.minecraft.world.inventory.MenuType$$Lambda$2788/0x0000000800a17070 (minecraft@1.20.1)
5285:             1             16  net.minecraft.world.inventory.MenuType$$Lambda$2789/0x0000000800a1c2e8 (minecraft@1.20.1)
5286:             1             16  net.minecraft.world.inventory.MenuType$$Lambda$2790/0x0000000800a1c7f0 (minecraft@1.20.1)
5287:             1             16  net.minecraft.world.inventory.MenuType$$Lambda$2791/0x0000000800a1cfe8 (minecraft@1.20.1)
5288:             1             16  net.minecraft.world.inventory.MenuType$$Lambda$2792/0x0000000800a1dac0 (minecraft@1.20.1)
5289:             1             16  net.minecraft.world.inventory.MenuType$$Lambda$2793/0x0000000800a1e1d0 (minecraft@1.20.1)
5290:             1             16  net.minecraft.world.inventory.MenuType$$Lambda$2794/0x0000000800a1e9c0 (minecraft@1.20.1)
5291:             1             16  net.minecraft.world.inventory.MenuType$$Lambda$2795/0x0000000800a1ebe0 (minecraft@1.20.1)
5292:             1             16  net.minecraft.world.inventory.MenuType$$Lambda$2796/0x0000000800a1f6b8 (minecraft@1.20.1)
5293:             1             16  net.minecraft.world.inventory.MenuType$$Lambda$2797/0x0000000800a1f8d8 (minecraft@1.20.1)
5294:             1             16  net.minecraft.world.inventory.MenuType$$Lambda$2798/0x0000000800a1faf8 (minecraft@1.20.1)
5295:             1             16  net.minecraft.world.inventory.MenuType$$Lambda$2799/0x0000000800a1a8b8 (minecraft@1.20.1)
5296:             1             16  net.minecraft.world.inventory.MenuType$$Lambda$2800/0x0000000800a1adc8 (minecraft@1.20.1)
5297:             1             16  net.minecraft.world.inventory.MenuType$$Lambda$2801/0x0000000800a1b2d0 (minecraft@1.20.1)
5298:             1             16  net.minecraft.world.inventory.MenuType$$Lambda$2802/0x0000000800a1b4f0 (minecraft@1.20.1)
5299:             1             16  net.minecraft.world.inventory.MenuType$$Lambda$2803/0x0000000800a1b710 (minecraft@1.20.1)
5300:             1             16  net.minecraft.world.inventory.MenuType$$Lambda$2804/0x0000000800a19968 (minecraft@1.20.1)
5301:             1             16  net.minecraft.world.inventory.MenuType$$Lambda$2805/0x0000000800a18800 (minecraft@1.20.1)
5302:             1             16  net.minecraft.world.item.ArmorItem$$Lambda$2548/0x00000008009d1b10 (minecraft@1.20.1)
5303:             1             16  net.minecraft.world.item.ArmorItem$1 (minecraft@1.20.1)
5304:             1             16  net.minecraft.world.item.ArmorMaterials$$Lambda$2560/0x00000008009d6000 (minecraft@1.20.1)
5305:             1             16  net.minecraft.world.item.ArmorMaterials$$Lambda$2561/0x00000008009d64d0 (minecraft@1.20.1)
5306:             1             16  net.minecraft.world.item.ArmorMaterials$$Lambda$2563/0x00000008009d6b48 (minecraft@1.20.1)
5307:             1             16  net.minecraft.world.item.ArmorMaterials$$Lambda$2564/0x00000008009d6d78 (minecraft@1.20.1)
5308:             1             16  net.minecraft.world.item.ArmorMaterials$$Lambda$2565/0x00000008009d6f98 (minecraft@1.20.1)
5309:             1             16  net.minecraft.world.item.ArmorMaterials$$Lambda$2566/0x00000008009d71c8 (minecraft@1.20.1)
5310:             1             16  net.minecraft.world.item.ArmorMaterials$$Lambda$2567/0x00000008009d73e8 (minecraft@1.20.1)
5311:             1             16  net.minecraft.world.item.ArmorMaterials$$Lambda$2568/0x00000008009d7618 (minecraft@1.20.1)
5312:             1             16  net.minecraft.world.item.ArmorMaterials$$Lambda$2569/0x00000008009d7838 (minecraft@1.20.1)
5313:             1             16  net.minecraft.world.item.ArmorMaterials$$Lambda$2570/0x00000008009d7a68 (minecraft@1.20.1)
5314:             1             16  net.minecraft.world.item.ArmorMaterials$$Lambda$2571/0x00000008009d7c88 (minecraft@1.20.1)
5315:             1             16  net.minecraft.world.item.ArmorMaterials$$Lambda$2572/0x00000008009d5000 (minecraft@1.20.1)
5316:             1             16  net.minecraft.world.item.ArmorMaterials$$Lambda$2573/0x00000008009d5220 (minecraft@1.20.1)
5317:             1             16  net.minecraft.world.item.ArmorMaterials$$Lambda$2574/0x00000008009d5450 (minecraft@1.20.1)
5318:             1             16  net.minecraft.world.item.ArmorMaterials$$Lambda$2575/0x00000008009d5a60 (minecraft@1.20.1)
5319:             1             16  net.minecraft.world.item.ArmorMaterials$$Lambda$2576/0x00000008009d5c80 (minecraft@1.20.1)
5320:             1             16  net.minecraft.world.item.BoatItem$$Lambda$2557/0x00000008009d31b0 (minecraft@1.20.1)
5321:             1             16  net.minecraft.world.item.DyeColor$$Lambda$1496/0x000000080072f548 (minecraft@1.20.1)
5322:             1             16  net.minecraft.world.item.DyeColor$$Lambda$1498/0x0000000800734228 (minecraft@1.20.1)
5323:             1             16  net.minecraft.world.item.DyeColor$$Lambda$1499/0x0000000800734468 (minecraft@1.20.1)
5324:             1             16  net.minecraft.world.item.DyeColor$$Lambda$1500/0x00000008007346a8 (minecraft@1.20.1)
5325:             1             16  net.minecraft.world.item.HoeItem$$Lambda$2587/0x00000008009d9b30 (minecraft@1.20.1)
5326:             1             16  net.minecraft.world.item.HoeItem$$Lambda$2589/0x00000008009d9fb8 (minecraft@1.20.1)
5327:             1             16  net.minecraft.world.item.HoeItem$$Lambda$2590/0x00000008009da208 (minecraft@1.20.1)
5328:             1             16  net.minecraft.world.item.HoeItem$$Lambda$2591/0x00000008009da458 (minecraft@1.20.1)
5329:             1             16  net.minecraft.world.item.HoeItem$$Lambda$2592/0x00000008009da6a8 (minecraft@1.20.1)
5330:             1             16  net.minecraft.world.item.HoneycombItem$$Lambda$2597/0x00000008009dd8e0 (minecraft@1.20.1)
5331:             1             16  net.minecraft.world.item.HoneycombItem$$Lambda$2598/0x00000008009ddb18 (minecraft@1.20.1)
5332:             1             16  net.minecraft.world.item.ItemStack$$Lambda$2604/0x00000008009e1580 (minecraft@1.20.1)
5333:             1             16  net.minecraft.world.item.ItemStack$$Lambda$2605/0x00000008009e17c0 (minecraft@1.20.1)
5334:             1             16  net.minecraft.world.item.ItemStack$$Lambda$2606/0x00000008009e1a00 (minecraft@1.20.1)
5335:             1             16  net.minecraft.world.item.ItemStack$$Lambda$2607/0x00000008009e1c40 (minecraft@1.20.1)
5336:             1             16  net.minecraft.world.item.ItemStack$$Lambda$2608/0x00000008009e1e80 (minecraft@1.20.1)
5337:             1             16  net.minecraft.world.item.ItemStack$$Lambda$2609/0x00000008009e20c0 (minecraft@1.20.1)
5338:             1             16  net.minecraft.world.item.MinecartItem$1 (minecraft@1.20.1)
5339:             1             16  net.minecraft.world.item.ProjectileWeaponItem$$Lambda$2578/0x00000008009d8540 (minecraft@1.20.1)
5340:             1             16  net.minecraft.world.item.ProjectileWeaponItem$$Lambda$2579/0x00000008009d8790 (minecraft@1.20.1)
5341:             1             16  net.minecraft.world.item.Tiers$$Lambda$2581/0x00000008009d8c78 (minecraft@1.20.1)
5342:             1             16  net.minecraft.world.item.Tiers$$Lambda$2582/0x00000008009d8e98 (minecraft@1.20.1)
5343:             1             16  net.minecraft.world.item.Tiers$$Lambda$2583/0x00000008009d90b8 (minecraft@1.20.1)
5344:             1             16  net.minecraft.world.item.Tiers$$Lambda$2584/0x00000008009d92d8 (minecraft@1.20.1)
5345:             1             16  net.minecraft.world.item.Tiers$$Lambda$2585/0x00000008009d94f8 (minecraft@1.20.1)
5346:             1             16  net.minecraft.world.item.Tiers$$Lambda$2586/0x00000008009d9718 (minecraft@1.20.1)
5347:             1             16  net.minecraft.world.item.alchemy.PotionBrewing$$Lambda$2599/0x00000008009e0208 (minecraft@1.20.1)
5348:             1             16  net.minecraft.world.item.crafting.Ingredient$$Lambda$2600/0x00000008009e0a50 (minecraft@1.20.1)
5349:             1             16  net.minecraft.world.item.crafting.Ingredient$$Lambda$2601/0x00000008009e0c70 (minecraft@1.20.1)
5350:             1             16  net.minecraft.world.item.crafting.Ingredient$$Lambda$2602/0x00000008009e0eb0 (minecraft@1.20.1)
5351:             1             16  net.minecraft.world.item.crafting.Ingredient$$Lambda$2603/0x00000008009e1340 (minecraft@1.20.1)
5352:             1             16  net.minecraft.world.item.crafting.RecipeSerializer$$Lambda$2806/0x0000000800a21228 (minecraft@1.20.1)
5353:             1             16  net.minecraft.world.item.crafting.RecipeSerializer$$Lambda$2807/0x0000000800a217b8 (minecraft@1.20.1)
5354:             1             16  net.minecraft.world.item.crafting.RecipeSerializer$$Lambda$2808/0x0000000800a21d40 (minecraft@1.20.1)
5355:             1             16  net.minecraft.world.item.crafting.RecipeSerializer$$Lambda$2809/0x0000000800a22920 (minecraft@1.20.1)
5356:             1             16  net.minecraft.world.item.crafting.RecipeSerializer$$Lambda$2810/0x0000000800a22ea8 (minecraft@1.20.1)
5357:             1             16  net.minecraft.world.item.crafting.RecipeSerializer$$Lambda$2811/0x0000000800a23430 (minecraft@1.20.1)
5358:             1             16  net.minecraft.world.item.crafting.RecipeSerializer$$Lambda$2812/0x0000000800a239b8 (minecraft@1.20.1)
5359:             1             16  net.minecraft.world.item.crafting.RecipeSerializer$$Lambda$2813/0x0000000800a23f40 (minecraft@1.20.1)
5360:             1             16  net.minecraft.world.item.crafting.RecipeSerializer$$Lambda$2814/0x0000000800a244d0 (minecraft@1.20.1)
5361:             1             16  net.minecraft.world.item.crafting.RecipeSerializer$$Lambda$2815/0x0000000800a24a58 (minecraft@1.20.1)
5362:             1             16  net.minecraft.world.item.crafting.RecipeSerializer$$Lambda$2816/0x0000000800a24fe0 (minecraft@1.20.1)
5363:             1             16  net.minecraft.world.item.crafting.RecipeSerializer$$Lambda$2817/0x0000000800a25568 (minecraft@1.20.1)
5364:             1             16  net.minecraft.world.item.crafting.RecipeSerializer$$Lambda$2818/0x0000000800a25af0 (minecraft@1.20.1)
5365:             1             16  net.minecraft.world.item.crafting.RecipeSerializer$$Lambda$2819/0x0000000800a26a28 (minecraft@1.20.1)
5366:             1             16  net.minecraft.world.item.crafting.RecipeSerializer$$Lambda$2820/0x0000000800a26f60 (minecraft@1.20.1)
5367:             1             16  net.minecraft.world.item.crafting.RecipeSerializer$$Lambda$2821/0x0000000800a27498 (minecraft@1.20.1)
5368:             1             16  net.minecraft.world.item.crafting.RecipeSerializer$$Lambda$2822/0x0000000800a279d0 (minecraft@1.20.1)
5369:             1             16  net.minecraft.world.item.crafting.RecipeSerializer$$Lambda$2823/0x0000000800a2c800 (minecraft@1.20.1)
5370:             1             16  net.minecraft.world.item.crafting.RecipeSerializer$$Lambda$2824/0x0000000800a2d288 (minecraft@1.20.1)
5371:             1             16  net.minecraft.world.item.crafting.ShapedRecipe$Serializer (minecraft@1.20.1)
5372:             1             16  net.minecraft.world.item.crafting.ShapelessRecipe$Serializer (minecraft@1.20.1)
5373:             1             16  net.minecraft.world.item.crafting.SingleItemRecipe$Serializer (minecraft@1.20.1)
5374:             1             16  net.minecraft.world.item.crafting.SmithingTransformRecipe$Serializer (minecraft@1.20.1)
5375:             1             16  net.minecraft.world.item.crafting.SmithingTrimRecipe$Serializer (minecraft@1.20.1)
5376:             1             16  net.minecraft.world.level.block.BigDripleafBlock$$Lambda$1777/0x00000008007b3cf8 (minecraft@1.20.1)
5377:             1             16  net.minecraft.world.level.block.BigDripleafBlock$$Lambda$1778/0x00000008007b8000 (minecraft@1.20.1)
5378:             1             16  net.minecraft.world.level.block.Block$$Lambda$1427/0x000000080065e358 (minecraft@1.20.1)
5379:             1             16  net.minecraft.world.level.block.Block$$Lambda$1462/0x0000000800714290 (minecraft@1.20.1)
5380:             1             16  net.minecraft.world.level.block.Block$$Lambda$1463/0x00000008007146d0 (minecraft@1.20.1)
5381:             1             16  net.minecraft.world.level.block.Block$1 (minecraft@1.20.1)
5382:             1             16  net.minecraft.world.level.block.Blocks$$Lambda$1495/0x000000080072de80 (minecraft@1.20.1)
5383:             1             16  net.minecraft.world.level.block.Blocks$$Lambda$1510/0x00000008007366b0 (minecraft@1.20.1)
5384:             1             16  net.minecraft.world.level.block.Blocks$$Lambda$1531/0x0000000800730c00 (minecraft@1.20.1)
5385:             1             16  net.minecraft.world.level.block.Blocks$$Lambda$1532/0x0000000800738000 (minecraft@1.20.1)
5386:             1             16  net.minecraft.world.level.block.Blocks$$Lambda$1533/0x0000000800738220 (minecraft@1.20.1)
5387:             1             16  net.minecraft.world.level.block.Blocks$$Lambda$1534/0x0000000800738440 (minecraft@1.20.1)
5388:             1             16  net.minecraft.world.level.block.Blocks$$Lambda$1535/0x0000000800738660 (minecraft@1.20.1)
5389:             1             16  net.minecraft.world.level.block.Blocks$$Lambda$1536/0x0000000800738880 (minecraft@1.20.1)
5390:             1             16  net.minecraft.world.level.block.Blocks$$Lambda$1537/0x0000000800738aa0 (minecraft@1.20.1)
5391:             1             16  net.minecraft.world.level.block.Blocks$$Lambda$1538/0x0000000800738cc0 (minecraft@1.20.1)
5392:             1             16  net.minecraft.world.level.block.Blocks$$Lambda$1539/0x0000000800738ee0 (minecraft@1.20.1)
5393:             1             16  net.minecraft.world.level.block.Blocks$$Lambda$1540/0x0000000800739100 (minecraft@1.20.1)
5394:             1             16  net.minecraft.world.level.block.Blocks$$Lambda$1541/0x0000000800739320 (minecraft@1.20.1)
5395:             1             16  net.minecraft.world.level.block.Blocks$$Lambda$1542/0x0000000800739540 (minecraft@1.20.1)
5396:             1             16  net.minecraft.world.level.block.Blocks$$Lambda$1543/0x0000000800739760 (minecraft@1.20.1)
5397:             1             16  net.minecraft.world.level.block.Blocks$$Lambda$1544/0x0000000800739980 (minecraft@1.20.1)
5398:             1             16  net.minecraft.world.level.block.Blocks$$Lambda$1545/0x0000000800739ba0 (minecraft@1.20.1)
5399:             1             16  net.minecraft.world.level.block.Blocks$$Lambda$1546/0x0000000800739dc0 (minecraft@1.20.1)
5400:             1             16  net.minecraft.world.level.block.Blocks$$Lambda$1547/0x0000000800739fe0 (minecraft@1.20.1)
5401:             1             16  net.minecraft.world.level.block.Blocks$$Lambda$1548/0x000000080073a200 (minecraft@1.20.1)
5402:             1             16  net.minecraft.world.level.block.Blocks$$Lambda$1573/0x00000008007434f0 (minecraft@1.20.1)
5403:             1             16  net.minecraft.world.level.block.Blocks$$Lambda$1574/0x0000000800743710 (minecraft@1.20.1)
5404:             1             16  net.minecraft.world.level.block.Blocks$$Lambda$1578/0x000000080074c6c8 (minecraft@1.20.1)
5405:             1             16  net.minecraft.world.level.block.Blocks$$Lambda$1579/0x000000080074c8e8 (minecraft@1.20.1)
5406:             1             16  net.minecraft.world.level.block.Blocks$$Lambda$1580/0x000000080074cb08 (minecraft@1.20.1)
5407:             1             16  net.minecraft.world.level.block.Blocks$$Lambda$1585/0x000000080074f930 (minecraft@1.20.1)
5408:             1             16  net.minecraft.world.level.block.Blocks$$Lambda$1586/0x000000080074fb50 (minecraft@1.20.1)
5409:             1             16  net.minecraft.world.level.block.Blocks$$Lambda$1587/0x0000000800758000 (minecraft@1.20.1)
5410:             1             16  net.minecraft.world.level.block.Blocks$$Lambda$1588/0x0000000800759448 (minecraft@1.20.1)
5411:             1             16  net.minecraft.world.level.block.Blocks$$Lambda$1590/0x0000000800759e48 (minecraft@1.20.1)
5412:             1             16  net.minecraft.world.level.block.Blocks$$Lambda$1626/0x0000000800765f90 (minecraft@1.20.1)
5413:             1             16  net.minecraft.world.level.block.Blocks$$Lambda$1628/0x00000008007663d8 (minecraft@1.20.1)
5414:             1             16  net.minecraft.world.level.block.Blocks$$Lambda$1632/0x0000000800766cb0 (minecraft@1.20.1)
5415:             1             16  net.minecraft.world.level.block.Blocks$$Lambda$1636/0x0000000800767db0 (minecraft@1.20.1)
5416:             1             16  net.minecraft.world.level.block.Blocks$$Lambda$1638/0x00000008007639f8 (minecraft@1.20.1)
5417:             1             16  net.minecraft.world.level.block.Blocks$$Lambda$1639/0x0000000800763c18 (minecraft@1.20.1)
5418:             1             16  net.minecraft.world.level.block.Blocks$$Lambda$1641/0x000000080076b680 (minecraft@1.20.1)
5419:             1             16  net.minecraft.world.level.block.Blocks$$Lambda$1642/0x000000080076b8a0 (minecraft@1.20.1)
5420:             1             16  net.minecraft.world.level.block.Blocks$$Lambda$1643/0x000000080076bac0 (minecraft@1.20.1)
5421:             1             16  net.minecraft.world.level.block.Blocks$$Lambda$1646/0x0000000800775db0 (minecraft@1.20.1)
5422:             1             16  net.minecraft.world.level.block.Blocks$$Lambda$1647/0x0000000800775fd0 (minecraft@1.20.1)
5423:             1             16  net.minecraft.world.level.block.Blocks$$Lambda$1648/0x00000008007761f0 (minecraft@1.20.1)
5424:             1             16  net.minecraft.world.level.block.Blocks$$Lambda$1649/0x0000000800776410 (minecraft@1.20.1)
5425:             1             16  net.minecraft.world.level.block.Blocks$$Lambda$1650/0x0000000800776630 (minecraft@1.20.1)
5426:             1             16  net.minecraft.world.level.block.Blocks$$Lambda$1651/0x0000000800776850 (minecraft@1.20.1)
5427:             1             16  net.minecraft.world.level.block.Blocks$$Lambda$1652/0x0000000800776a70 (minecraft@1.20.1)
5428:             1             16  net.minecraft.world.level.block.Blocks$$Lambda$1653/0x0000000800776c90 (minecraft@1.20.1)
5429:             1             16  net.minecraft.world.level.block.Blocks$$Lambda$1654/0x0000000800776eb0 (minecraft@1.20.1)
5430:             1             16  net.minecraft.world.level.block.Blocks$$Lambda$1656/0x0000000800777920 (minecraft@1.20.1)
5431:             1             16  net.minecraft.world.level.block.Blocks$$Lambda$1657/0x0000000800777b40 (minecraft@1.20.1)
5432:             1             16  net.minecraft.world.level.block.Blocks$$Lambda$1658/0x0000000800777d60 (minecraft@1.20.1)
5433:             1             16  net.minecraft.world.level.block.Blocks$$Lambda$1660/0x000000080077f610 (minecraft@1.20.1)
5434:             1             16  net.minecraft.world.level.block.Blocks$$Lambda$1661/0x000000080077f830 (minecraft@1.20.1)
5435:             1             16  net.minecraft.world.level.block.Blocks$$Lambda$1662/0x000000080077fa50 (minecraft@1.20.1)
5436:             1             16  net.minecraft.world.level.block.Blocks$$Lambda$1663/0x000000080077fc70 (minecraft@1.20.1)
5437:             1             16  net.minecraft.world.level.block.Blocks$$Lambda$1664/0x0000000800771800 (minecraft@1.20.1)
5438:             1             16  net.minecraft.world.level.block.Blocks$$Lambda$1665/0x0000000800771a20 (minecraft@1.20.1)
5439:             1             16  net.minecraft.world.level.block.Blocks$$Lambda$1666/0x0000000800771c40 (minecraft@1.20.1)
5440:             1             16  net.minecraft.world.level.block.Blocks$$Lambda$1667/0x0000000800780000 (minecraft@1.20.1)
5441:             1             16  net.minecraft.world.level.block.Blocks$$Lambda$1668/0x0000000800780220 (minecraft@1.20.1)
5442:             1             16  net.minecraft.world.level.block.Blocks$$Lambda$1669/0x0000000800780440 (minecraft@1.20.1)
5443:             1             16  net.minecraft.world.level.block.Blocks$$Lambda$1670/0x0000000800780660 (minecraft@1.20.1)
5444:             1             16  net.minecraft.world.level.block.Blocks$$Lambda$1671/0x0000000800780880 (minecraft@1.20.1)
5445:             1             16  net.minecraft.world.level.block.Blocks$$Lambda$1672/0x0000000800780aa0 (minecraft@1.20.1)
5446:             1             16  net.minecraft.world.level.block.Blocks$$Lambda$1673/0x00000008007847d0 (minecraft@1.20.1)
5447:             1             16  net.minecraft.world.level.block.Blocks$$Lambda$1674/0x00000008007849f0 (minecraft@1.20.1)
5448:             1             16  net.minecraft.world.level.block.Blocks$$Lambda$1675/0x0000000800784c10 (minecraft@1.20.1)
5449:             1             16  net.minecraft.world.level.block.Blocks$$Lambda$1676/0x0000000800784e30 (minecraft@1.20.1)
5450:             1             16  net.minecraft.world.level.block.Blocks$$Lambda$1691/0x0000000800788dc0 (minecraft@1.20.1)
5451:             1             16  net.minecraft.world.level.block.Blocks$$Lambda$1692/0x00000008007898a0 (minecraft@1.20.1)
5452:             1             16  net.minecraft.world.level.block.Blocks$$Lambda$1703/0x000000080078e250 (minecraft@1.20.1)
5453:             1             16  net.minecraft.world.level.block.Blocks$$Lambda$1704/0x000000080078e8d0 (minecraft@1.20.1)
5454:             1             16  net.minecraft.world.level.block.Blocks$$Lambda$1705/0x000000080078eaf0 (minecraft@1.20.1)
5455:             1             16  net.minecraft.world.level.block.Blocks$$Lambda$1706/0x000000080078ed10 (minecraft@1.20.1)
5456:             1             16  net.minecraft.world.level.block.Blocks$$Lambda$1707/0x000000080078ef30 (minecraft@1.20.1)
5457:             1             16  net.minecraft.world.level.block.Blocks$$Lambda$1708/0x000000080078f940 (minecraft@1.20.1)
5458:             1             16  net.minecraft.world.level.block.Blocks$$Lambda$1710/0x000000080078fd80 (minecraft@1.20.1)
5459:             1             16  net.minecraft.world.level.block.Blocks$$Lambda$1711/0x00000008007909b0 (minecraft@1.20.1)
5460:             1             16  net.minecraft.world.level.block.Blocks$$Lambda$1718/0x0000000800795b30 (minecraft@1.20.1)
5461:             1             16  net.minecraft.world.level.block.Blocks$$Lambda$1719/0x0000000800796cf8 (minecraft@1.20.1)
5462:             1             16  net.minecraft.world.level.block.Blocks$$Lambda$1721/0x0000000800797338 (minecraft@1.20.1)
5463:             1             16  net.minecraft.world.level.block.Blocks$$Lambda$1722/0x0000000800797558 (minecraft@1.20.1)
5464:             1             16  net.minecraft.world.level.block.Blocks$$Lambda$1723/0x0000000800797778 (minecraft@1.20.1)
5465:             1             16  net.minecraft.world.level.block.Blocks$$Lambda$1724/0x0000000800798000 (minecraft@1.20.1)
5466:             1             16  net.minecraft.world.level.block.Blocks$$Lambda$1725/0x0000000800798220 (minecraft@1.20.1)
5467:             1             16  net.minecraft.world.level.block.Blocks$$Lambda$1726/0x0000000800798440 (minecraft@1.20.1)
5468:             1             16  net.minecraft.world.level.block.Blocks$$Lambda$1727/0x0000000800798660 (minecraft@1.20.1)
5469:             1             16  net.minecraft.world.level.block.Blocks$$Lambda$1728/0x0000000800798880 (minecraft@1.20.1)
5470:             1             16  net.minecraft.world.level.block.Blocks$$Lambda$1729/0x0000000800798f40 (minecraft@1.20.1)
5471:             1             16  net.minecraft.world.level.block.Blocks$$Lambda$1730/0x0000000800799160 (minecraft@1.20.1)
5472:             1             16  net.minecraft.world.level.block.Blocks$$Lambda$1731/0x0000000800799380 (minecraft@1.20.1)
5473:             1             16  net.minecraft.world.level.block.Blocks$$Lambda$1732/0x00000008007995a0 (minecraft@1.20.1)
5474:             1             16  net.minecraft.world.level.block.Blocks$$Lambda$1733/0x00000008007997c0 (minecraft@1.20.1)
5475:             1             16  net.minecraft.world.level.block.Blocks$$Lambda$1734/0x00000008007999e0 (minecraft@1.20.1)
5476:             1             16  net.minecraft.world.level.block.Blocks$$Lambda$1735/0x0000000800799c00 (minecraft@1.20.1)
5477:             1             16  net.minecraft.world.level.block.Blocks$$Lambda$1736/0x0000000800799e20 (minecraft@1.20.1)
5478:             1             16  net.minecraft.world.level.block.Blocks$$Lambda$1737/0x000000080079a040 (minecraft@1.20.1)
5479:             1             16  net.minecraft.world.level.block.Blocks$$Lambda$1739/0x000000080079abc0 (minecraft@1.20.1)
5480:             1             16  net.minecraft.world.level.block.Blocks$$Lambda$1740/0x000000080079e7a8 (minecraft@1.20.1)
5481:             1             16  net.minecraft.world.level.block.Blocks$$Lambda$1741/0x000000080079ee48 (minecraft@1.20.1)
5482:             1             16  net.minecraft.world.level.block.Blocks$$Lambda$1742/0x000000080079f068 (minecraft@1.20.1)
5483:             1             16  net.minecraft.world.level.block.Blocks$$Lambda$1743/0x000000080079fde0 (minecraft@1.20.1)
5484:             1             16  net.minecraft.world.level.block.Blocks$$Lambda$1744/0x00000008007a3ad8 (minecraft@1.20.1)
5485:             1             16  net.minecraft.world.level.block.Blocks$$Lambda$1745/0x00000008007a6c98 (minecraft@1.20.1)
5486:             1             16  net.minecraft.world.level.block.Blocks$$Lambda$1746/0x00000008007a6eb8 (minecraft@1.20.1)
5487:             1             16  net.minecraft.world.level.block.Blocks$$Lambda$1748/0x00000008007a77c0 (minecraft@1.20.1)
5488:             1             16  net.minecraft.world.level.block.Blocks$$Lambda$1749/0x00000008007a79e0 (minecraft@1.20.1)
5489:             1             16  net.minecraft.world.level.block.Blocks$$Lambda$1750/0x00000008007a7c00 (minecraft@1.20.1)
5490:             1             16  net.minecraft.world.level.block.Blocks$$Lambda$1752/0x00000008007a9130 (minecraft@1.20.1)
5491:             1             16  net.minecraft.world.level.block.Blocks$$Lambda$1757/0x00000008007a9c08 (minecraft@1.20.1)
5492:             1             16  net.minecraft.world.level.block.Blocks$$Lambda$1760/0x00000008007aa268 (minecraft@1.20.1)
5493:             1             16  net.minecraft.world.level.block.Blocks$$Lambda$1761/0x00000008007aa488 (minecraft@1.20.1)
5494:             1             16  net.minecraft.world.level.block.Blocks$$Lambda$1762/0x00000008007aa6a8 (minecraft@1.20.1)
5495:             1             16  net.minecraft.world.level.block.Blocks$$Lambda$1763/0x00000008007aa8c8 (minecraft@1.20.1)
5496:             1             16  net.minecraft.world.level.block.Blocks$$Lambda$1764/0x00000008007aaae8 (minecraft@1.20.1)
5497:             1             16  net.minecraft.world.level.block.Blocks$$Lambda$1765/0x00000008007aad08 (minecraft@1.20.1)
5498:             1             16  net.minecraft.world.level.block.Blocks$$Lambda$1766/0x00000008007aaf28 (minecraft@1.20.1)
5499:             1             16  net.minecraft.world.level.block.Blocks$$Lambda$1767/0x00000008007ab148 (minecraft@1.20.1)
5500:             1             16  net.minecraft.world.level.block.Blocks$$Lambda$1768/0x00000008007ab368 (minecraft@1.20.1)
5501:             1             16  net.minecraft.world.level.block.Blocks$$Lambda$1770/0x00000008007b0230 (minecraft@1.20.1)
5502:             1             16  net.minecraft.world.level.block.Blocks$$Lambda$1771/0x00000008007b0450 (minecraft@1.20.1)
5503:             1             16  net.minecraft.world.level.block.Blocks$$Lambda$1772/0x00000008007b14e0 (minecraft@1.20.1)
5504:             1             16  net.minecraft.world.level.block.Blocks$$Lambda$1775/0x00000008007b36a0 (minecraft@1.20.1)
5505:             1             16  net.minecraft.world.level.block.Blocks$$Lambda$1779/0x00000008007b8240 (minecraft@1.20.1)
5506:             1             16  net.minecraft.world.level.block.Blocks$$Lambda$1780/0x00000008007b8460 (minecraft@1.20.1)
5507:             1             16  net.minecraft.world.level.block.Blocks$$Lambda$1781/0x00000008007b8680 (minecraft@1.20.1)
5508:             1             16  net.minecraft.world.level.block.Blocks$$Lambda$1782/0x00000008007b88a0 (minecraft@1.20.1)
5509:             1             16  net.minecraft.world.level.block.Blocks$$Lambda$1783/0x00000008007b8ac0 (minecraft@1.20.1)
5510:             1             16  net.minecraft.world.level.block.Blocks$$Lambda$1784/0x00000008007b8ce0 (minecraft@1.20.1)
5511:             1             16  net.minecraft.world.level.block.Blocks$$Lambda$1785/0x00000008007b8f00 (minecraft@1.20.1)
5512:             1             16  net.minecraft.world.level.block.CandleBlock$$Lambda$1758/0x00000008007a9e28 (minecraft@1.20.1)
5513:             1             16  net.minecraft.world.level.block.CandleBlock$$Lambda$1759/0x00000008007aa048 (minecraft@1.20.1)
5514:             1             16  net.minecraft.world.level.block.CarvedPumpkinBlock$$Lambda$1655/0x00000008007776d0 (minecraft@1.20.1)
5515:             1             16  net.minecraft.world.level.block.ChestBlock$1 (minecraft@1.20.1)
5516:             1             16  net.minecraft.world.level.block.ChestBlock$2 (minecraft@1.20.1)
5517:             1             16  net.minecraft.world.level.block.ComposterBlock$$Lambda$1751/0x00000008007a8a58 (minecraft@1.20.1)
5518:             1             16  net.minecraft.world.level.block.CrossCollisionBlock$$Lambda$1644/0x0000000800775940 (minecraft@1.20.1)
5519:             1             16  net.minecraft.world.level.block.CrossCollisionBlock$$Lambda$1645/0x0000000800775b90 (minecraft@1.20.1)
5520:             1             16  net.minecraft.world.level.block.DispenserBlock$$Lambda$1549/0x000000080073c148 (minecraft@1.20.1)
5521:             1             16  net.minecraft.world.level.block.EnchantmentTableBlock$$Lambda$1689/0x0000000800788930 (minecraft@1.20.1)
5522:             1             16  net.minecraft.world.level.block.EnchantmentTableBlock$$Lambda$1690/0x0000000800788b80 (minecraft@1.20.1)
5523:             1             16  net.minecraft.world.level.block.EnderChestBlock$$Lambda$1709/0x000000080078fb60 (minecraft@1.20.1)
5524:             1             16  net.minecraft.world.level.block.FireBlock$$Lambda$1448/0x000000080067a068 (minecraft@1.20.1)
5525:             1             16  net.minecraft.world.level.block.FireBlock$$Lambda$1629/0x00000008007665f8 (minecraft@1.20.1)
5526:             1             16  net.minecraft.world.level.block.FireBlock$$Lambda$1630/0x0000000800766848 (minecraft@1.20.1)
5527:             1             16  net.minecraft.world.level.block.FlowerPotBlock$$Lambda$1713/0x0000000800790ff0 (minecraft@1.20.1)
5528:             1             16  net.minecraft.world.level.block.GlowLichenBlock$$Lambda$1680/0x0000000800785710 (minecraft@1.20.1)
5529:             1             16  net.minecraft.world.level.block.LayeredCauldronBlock$$Lambda$1701/0x000000080078bc60 (minecraft@1.20.1)
5530:             1             16  net.minecraft.world.level.block.LayeredCauldronBlock$$Lambda$1702/0x000000080078e000 (minecraft@1.20.1)
5531:             1             16  net.minecraft.world.level.block.LightBlock$$Lambda$1720/0x0000000800797118 (minecraft@1.20.1)
5532:             1             16  net.minecraft.world.level.block.MultifaceBlock$$Lambda$1679/0x00000008007854e0 (minecraft@1.20.1)
5533:             1             16  net.minecraft.world.level.block.MultifaceBlock$$Lambda$1682/0x0000000800785b88 (minecraft@1.20.1)
5534:             1             16  net.minecraft.world.level.block.MultifaceSpreader$DefaultSpreaderConfig (minecraft@1.20.1)
5535:             1             16  net.minecraft.world.level.block.PipeBlock$$Lambda$1447/0x0000000800679e38 (minecraft@1.20.1)
5536:             1             16  net.minecraft.world.level.block.RedStoneWireBlock$$Lambda$1637/0x0000000800762d58 (minecraft@1.20.1)
5537:             1             16  net.minecraft.world.level.block.RespawnAnchorBlock$$Lambda$1753/0x00000008007a9788 (minecraft@1.20.1)
5538:             1             16  net.minecraft.world.level.block.RespawnAnchorBlock$$Lambda$1756/0x00000008007a99c8 (minecraft@1.20.1)
5539:             1             16  net.minecraft.world.level.block.SculkBehaviour$1 (minecraft@1.20.1)
5540:             1             16  net.minecraft.world.level.block.SculkSensorBlock$$Lambda$1769/0x00000008007b0000 (minecraft@1.20.1)
5541:             1             16  net.minecraft.world.level.block.ShulkerBoxBlock$$Lambda$1738/0x000000080079a990 (minecraft@1.20.1)
5542:             1             16  net.minecraft.world.level.block.StairBlock$$Lambda$1634/0x0000000800767568 (minecraft@1.20.1)
5543:             1             16  net.minecraft.world.level.block.TrappedChestBlock$$Lambda$1717/0x0000000800795050 (minecraft@1.20.1)
5544:             1             16  net.minecraft.world.level.block.VineBlock$$Lambda$1677/0x0000000800785050 (minecraft@1.20.1)
5545:             1             16  net.minecraft.world.level.block.VineBlock$$Lambda$1678/0x00000008007852a0 (minecraft@1.20.1)
5546:             1             16  net.minecraft.world.level.block.WeatheringCopper$$Lambda$1773/0x00000008007b1e10 (minecraft@1.20.1)
5547:             1             16  net.minecraft.world.level.block.WeatheringCopper$$Lambda$1774/0x00000008007b2048 (minecraft@1.20.1)
5548:             1             16  net.minecraft.world.level.block.entity.BlockEntityType$$Lambda$2666/0x00000008009fb198 (minecraft@1.20.1)
5549:             1             16  net.minecraft.world.level.block.entity.BlockEntityType$$Lambda$2667/0x00000008009fbc60 (minecraft@1.20.1)
5550:             1             16  net.minecraft.world.level.block.entity.BlockEntityType$$Lambda$2668/0x00000008009fbe80 (minecraft@1.20.1)
5551:             1             16  net.minecraft.world.level.block.entity.BlockEntityType$$Lambda$2669/0x00000008009fc2f0 (minecraft@1.20.1)
5552:             1             16  net.minecraft.world.level.block.entity.BlockEntityType$$Lambda$2670/0x00000008009fc510 (minecraft@1.20.1)
5553:             1             16  net.minecraft.world.level.block.entity.BlockEntityType$$Lambda$2671/0x00000008009fca70 (minecraft@1.20.1)
5554:             1             16  net.minecraft.world.level.block.entity.BlockEntityType$$Lambda$2672/0x00000008009fcc90 (minecraft@1.20.1)
5555:             1             16  net.minecraft.world.level.block.entity.BlockEntityType$$Lambda$2673/0x00000008009fceb0 (minecraft@1.20.1)
5556:             1             16  net.minecraft.world.level.block.entity.BlockEntityType$$Lambda$2674/0x00000008009fd0d0 (minecraft@1.20.1)
5557:             1             16  net.minecraft.world.level.block.entity.BlockEntityType$$Lambda$2675/0x00000008009fd568 (minecraft@1.20.1)
5558:             1             16  net.minecraft.world.level.block.entity.BlockEntityType$$Lambda$2676/0x00000008009fd788 (minecraft@1.20.1)
5559:             1             16  net.minecraft.world.level.block.entity.BlockEntityType$$Lambda$2677/0x00000008009fdcf8 (minecraft@1.20.1)
5560:             1             16  net.minecraft.world.level.block.entity.BlockEntityType$$Lambda$2678/0x00000008009fdf18 (minecraft@1.20.1)
5561:             1             16  net.minecraft.world.level.block.entity.BlockEntityType$$Lambda$2679/0x00000008009fe138 (minecraft@1.20.1)
5562:             1             16  net.minecraft.world.level.block.entity.BlockEntityType$$Lambda$2680/0x00000008009fe6c0 (minecraft@1.20.1)
5563:             1             16  net.minecraft.world.level.block.entity.BlockEntityType$$Lambda$2681/0x00000008009fe8e0 (minecraft@1.20.1)
5564:             1             16  net.minecraft.world.level.block.entity.BlockEntityType$$Lambda$2682/0x00000008009feb00 (minecraft@1.20.1)
5565:             1             16  net.minecraft.world.level.block.entity.BlockEntityType$$Lambda$2683/0x00000008009fed20 (minecraft@1.20.1)
5566:             1             16  net.minecraft.world.level.block.entity.BlockEntityType$$Lambda$2684/0x00000008009fef40 (minecraft@1.20.1)
5567:             1             16  net.minecraft.world.level.block.entity.BlockEntityType$$Lambda$2685/0x00000008009ff160 (minecraft@1.20.1)
5568:             1             16  net.minecraft.world.level.block.entity.BlockEntityType$$Lambda$2686/0x00000008009ff7e8 (minecraft@1.20.1)
5569:             1             16  net.minecraft.world.level.block.entity.BlockEntityType$$Lambda$2687/0x00000008009ffa08 (minecraft@1.20.1)
5570:             1             16  net.minecraft.world.level.block.entity.BlockEntityType$$Lambda$2688/0x0000000800a00000 (minecraft@1.20.1)
5571:             1             16  net.minecraft.world.level.block.entity.BlockEntityType$$Lambda$2689/0x0000000800a00560 (minecraft@1.20.1)
5572:             1             16  net.minecraft.world.level.block.entity.BlockEntityType$$Lambda$2690/0x0000000800a00780 (minecraft@1.20.1)
5573:             1             16  net.minecraft.world.level.block.entity.BlockEntityType$$Lambda$2691/0x0000000800a009a0 (minecraft@1.20.1)
5574:             1             16  net.minecraft.world.level.block.entity.BlockEntityType$$Lambda$2692/0x0000000800a00e10 (minecraft@1.20.1)
5575:             1             16  net.minecraft.world.level.block.entity.BlockEntityType$$Lambda$2693/0x0000000800a013f0 (minecraft@1.20.1)
5576:             1             16  net.minecraft.world.level.block.entity.BlockEntityType$$Lambda$2694/0x0000000800a019d0 (minecraft@1.20.1)
5577:             1             16  net.minecraft.world.level.block.entity.BlockEntityType$$Lambda$2695/0x0000000800a01f40 (minecraft@1.20.1)
5578:             1             16  net.minecraft.world.level.block.entity.BlockEntityType$$Lambda$2696/0x0000000800a02160 (minecraft@1.20.1)
5579:             1             16  net.minecraft.world.level.block.entity.BlockEntityType$$Lambda$2697/0x0000000800a02380 (minecraft@1.20.1)
5580:             1             16  net.minecraft.world.level.block.entity.BlockEntityType$$Lambda$2698/0x0000000800a025a0 (minecraft@1.20.1)
5581:             1             16  net.minecraft.world.level.block.entity.BlockEntityType$$Lambda$2699/0x0000000800a027c0 (minecraft@1.20.1)
5582:             1             16  net.minecraft.world.level.block.entity.BlockEntityType$$Lambda$2700/0x0000000800a029e0 (minecraft@1.20.1)
5583:             1             16  net.minecraft.world.level.block.entity.BlockEntityType$$Lambda$2701/0x0000000800a02c00 (minecraft@1.20.1)
5584:             1             16  net.minecraft.world.level.block.entity.BlockEntityType$$Lambda$2702/0x0000000800a02e20 (minecraft@1.20.1)
5585:             1             16  net.minecraft.world.level.block.entity.BlockEntityType$$Lambda$2703/0x0000000800a03040 (minecraft@1.20.1)
5586:             1             16  net.minecraft.world.level.block.entity.BlockEntityType$$Lambda$2704/0x0000000800a03260 (minecraft@1.20.1)
5587:             1             16  net.minecraft.world.level.block.entity.BlockEntityType$$Lambda$2705/0x0000000800a03480 (minecraft@1.20.1)
5588:             1             16  net.minecraft.world.level.block.entity.BlockEntityType$$Lambda$2706/0x0000000800a036a0 (minecraft@1.20.1)
5589:             1             16  net.minecraft.world.level.block.grower.AcaciaTreeGrower (minecraft@1.20.1)
5590:             1             16  net.minecraft.world.level.block.grower.AzaleaTreeGrower (minecraft@1.20.1)
5591:             1             16  net.minecraft.world.level.block.grower.BirchTreeGrower (minecraft@1.20.1)
5592:             1             16  net.minecraft.world.level.block.grower.CherryTreeGrower (minecraft@1.20.1)
5593:             1             16  net.minecraft.world.level.block.grower.DarkOakTreeGrower (minecraft@1.20.1)
5594:             1             16  net.minecraft.world.level.block.grower.JungleTreeGrower (minecraft@1.20.1)
5595:             1             16  net.minecraft.world.level.block.grower.MangroveTreeGrower (minecraft@1.20.1)
5596:             1             16  net.minecraft.world.level.block.grower.OakTreeGrower (minecraft@1.20.1)
5597:             1             16  net.minecraft.world.level.block.grower.SpruceTreeGrower (minecraft@1.20.1)
5598:             1             16  net.minecraft.world.level.block.piston.PistonHeadBlock$$Lambda$1577/0x0000000800743d90 (minecraft@1.20.1)
5599:             1             16  net.minecraft.world.level.block.state.BlockBehaviour$Properties$$Lambda$1451/0x00000008006ff9e8 (minecraft@1.20.1)
5600:             1             16  net.minecraft.world.level.block.state.BlockBehaviour$Properties$$Lambda$1452/0x00000008006f79e0 (minecraft@1.20.1)
5601:             1             16  net.minecraft.world.level.block.state.BlockBehaviour$Properties$$Lambda$1453/0x00000008006b7dd8 (minecraft@1.20.1)
5602:             1             16  net.minecraft.world.level.block.state.BlockBehaviour$Properties$$Lambda$1454/0x00000008006bfba8 (minecraft@1.20.1)
5603:             1             16  net.minecraft.world.level.block.state.BlockBehaviour$Properties$$Lambda$1455/0x00000008006bfdc8 (minecraft@1.20.1)
5604:             1             16  net.minecraft.world.level.block.state.BlockBehaviour$Properties$$Lambda$1456/0x00000008006df9a0 (minecraft@1.20.1)
5605:             1             16  net.minecraft.world.level.block.state.BlockBehaviour$Properties$$Lambda$1457/0x00000008006dfbc0 (minecraft@1.20.1)
5606:             1             16  net.minecraft.world.level.block.state.BlockBehaviour$Properties$$Lambda$1494/0x000000080072dc60 (minecraft@1.20.1)
5607:             1             16  net.minecraft.world.level.block.state.BlockBehaviour$Properties$$Lambda$1575/0x0000000800743930 (minecraft@1.20.1)
5608:             1             16  net.minecraft.world.level.block.state.BlockState$$Lambda$1474/0x0000000800716608 (minecraft@1.20.1)
5609:             1             16  net.minecraft.world.level.block.state.StateDefinition$$Lambda$1466/0x0000000800714f88 (minecraft@1.20.1)
5610:             1             16  net.minecraft.world.level.block.state.StateDefinition$$Lambda$1467/0x00000008007151c8 (minecraft@1.20.1)
5611:             1             16  net.minecraft.world.level.block.state.StateDefinition$$Lambda$1484/0x0000000800726aa0 (minecraft@1.20.1)
5612:             1             16  net.minecraft.world.level.block.state.StateHolder$$Lambda$1475/0x0000000800716848 (minecraft@1.20.1)
5613:             1             16  net.minecraft.world.level.block.state.StateHolder$1 (minecraft@1.20.1)
5614:             1             16  net.minecraft.world.level.block.state.properties.BlockStateProperties$$Lambda$1434/0x0000000800668df8 (minecraft@1.20.1)
5615:             1             16  net.minecraft.world.level.block.state.properties.BlockStateProperties$$Lambda$1436/0x000000080066b938 (minecraft@1.20.1)
5616:             1             16  net.minecraft.world.level.block.state.properties.EnumProperty$$Lambda$1433/0x00000008006688e0 (minecraft@1.20.1)
5617:             1             16  net.minecraft.world.level.block.state.properties.Property$$Lambda$1432/0x00000008006686a0 (minecraft@1.20.1)
5618:             1             16  net.minecraft.world.level.chunk.ChunkStatus$$Lambda$2719/0x0000000800a07d28 (minecraft@1.20.1)
5619:             1             16  net.minecraft.world.level.chunk.ChunkStatus$$Lambda$2720/0x0000000800a08910 (minecraft@1.20.1)
5620:             1             16  net.minecraft.world.level.chunk.ChunkStatus$$Lambda$2721/0x0000000800a08b58 (minecraft@1.20.1)
5621:             1             16  net.minecraft.world.level.chunk.ChunkStatus$$Lambda$2722/0x0000000800a08d78 (minecraft@1.20.1)
5622:             1             16  net.minecraft.world.level.chunk.ChunkStatus$$Lambda$2723/0x0000000800a08f98 (minecraft@1.20.1)
5623:             1             16  net.minecraft.world.level.chunk.ChunkStatus$$Lambda$2724/0x0000000800a091e0 (minecraft@1.20.1)
5624:             1             16  net.minecraft.world.level.chunk.ChunkStatus$$Lambda$2725/0x0000000800a09400 (minecraft@1.20.1)
5625:             1             16  net.minecraft.world.level.chunk.ChunkStatus$$Lambda$2726/0x0000000800a09620 (minecraft@1.20.1)
5626:             1             16  net.minecraft.world.level.chunk.ChunkStatus$$Lambda$2727/0x0000000800a09868 (minecraft@1.20.1)
5627:             1             16  net.minecraft.world.level.chunk.ChunkStatus$$Lambda$2728/0x0000000800a09ab0 (minecraft@1.20.1)
5628:             1             16  net.minecraft.world.level.chunk.ChunkStatus$$Lambda$2729/0x0000000800a09cf8 (minecraft@1.20.1)
5629:             1             16  net.minecraft.world.level.chunk.ChunkStatus$$Lambda$2730/0x0000000800a09f18 (minecraft@1.20.1)
5630:             1             16  net.minecraft.world.level.chunk.ChunkStatus$$Lambda$2731/0x0000000800a0a138 (minecraft@1.20.1)
5631:             1             16  net.minecraft.world.level.chunk.ChunkStatus$$Lambda$2732/0x0000000800a0a358 (minecraft@1.20.1)
5632:             1             16  net.minecraft.world.level.chunk.ChunkStatus$$Lambda$2733/0x0000000800a0a578 (minecraft@1.20.1)
5633:             1             16  net.minecraft.world.level.chunk.ChunkStatus$$Lambda$2734/0x0000000800a0a7c0 (minecraft@1.20.1)
5634:             1             16  net.minecraft.world.level.chunk.ChunkStatus$$Lambda$2735/0x0000000800a0a9e0 (minecraft@1.20.1)
5635:             1             16  net.minecraft.world.level.chunk.ChunkStatus$$Lambda$2736/0x0000000800a0adf8 (minecraft@1.20.1)
5636:             1             16  net.minecraft.world.level.dimension.DimensionType$$Lambda$2949/0x0000000800a60f00 (minecraft@1.20.1)
5637:             1             16  net.minecraft.world.level.dimension.DimensionType$$Lambda$2950/0x0000000800a61140 (minecraft@1.20.1)
5638:             1             16  net.minecraft.world.level.dimension.DimensionType$$Lambda$2951/0x0000000800a61380 (minecraft@1.20.1)
5639:             1             16  net.minecraft.world.level.dimension.DimensionType$$Lambda$2952/0x0000000800a615c0 (minecraft@1.20.1)
5640:             1             16  net.minecraft.world.level.dimension.DimensionType$$Lambda$2953/0x0000000800a61800 (minecraft@1.20.1)
5641:             1             16  net.minecraft.world.level.dimension.DimensionType$$Lambda$2954/0x0000000800a61a40 (minecraft@1.20.1)
5642:             1             16  net.minecraft.world.level.dimension.DimensionType$$Lambda$2956/0x0000000800a61c80 (minecraft@1.20.1)
5643:             1             16  net.minecraft.world.level.dimension.DimensionType$$Lambda$2957/0x0000000800a61ec0 (minecraft@1.20.1)
5644:             1             16  net.minecraft.world.level.dimension.DimensionType$$Lambda$2958/0x0000000800a62100 (minecraft@1.20.1)
5645:             1             16  net.minecraft.world.level.dimension.DimensionType$$Lambda$2959/0x0000000800a62340 (minecraft@1.20.1)
5646:             1             16  net.minecraft.world.level.dimension.DimensionType$$Lambda$2960/0x0000000800a62580 (minecraft@1.20.1)
5647:             1             16  net.minecraft.world.level.dimension.DimensionType$$Lambda$2961/0x0000000800a627c0 (minecraft@1.20.1)
5648:             1             16  net.minecraft.world.level.dimension.DimensionType$$Lambda$2964/0x0000000800a62e88 (minecraft@1.20.1)
5649:             1             16  net.minecraft.world.level.dimension.DimensionType$$Lambda$2965/0x0000000800a632d0 (minecraft@1.20.1)
5650:             1             16  net.minecraft.world.level.dimension.DimensionType$$Lambda$2966/0x0000000800a63510 (minecraft@1.20.1)
5651:             1             16  net.minecraft.world.level.dimension.DimensionType$$Lambda$2973/0x0000000800a66910 (minecraft@1.20.1)
5652:             1             16  net.minecraft.world.level.dimension.DimensionType$$Lambda$2974/0x0000000800a66b50 (minecraft@1.20.1)
5653:             1             16  net.minecraft.world.level.dimension.DimensionType$MonsterSettings$$Lambda$2967/0x0000000800a63960 (minecraft@1.20.1)
5654:             1             16  net.minecraft.world.level.dimension.DimensionType$MonsterSettings$$Lambda$2968/0x0000000800a63ba0 (minecraft@1.20.1)
5655:             1             16  net.minecraft.world.level.dimension.DimensionType$MonsterSettings$$Lambda$2969/0x0000000800a66000 (minecraft@1.20.1)
5656:             1             16  net.minecraft.world.level.dimension.DimensionType$MonsterSettings$$Lambda$2970/0x0000000800a66240 (minecraft@1.20.1)
5657:             1             16  net.minecraft.world.level.dimension.DimensionType$MonsterSettings$$Lambda$2971/0x0000000800a66480 (minecraft@1.20.1)
5658:             1             16  net.minecraft.world.level.dimension.DimensionType$MonsterSettings$$Lambda$2972/0x0000000800a666c0 (minecraft@1.20.1)
5659:             1             16  net.minecraft.world.level.gameevent.BlockPositionSource$Type (minecraft@1.20.1)
5660:             1             16  net.minecraft.world.level.gameevent.EntityPositionSource$Type (minecraft@1.20.1)
5661:             1             16  net.minecraft.world.level.gameevent.PositionSource$$Lambda$1614/0x000000080075fcd0 (minecraft@1.20.1)
5662:             1             16  net.minecraft.world.level.gameevent.PositionSource$$Lambda$1615/0x0000000800764000 (minecraft@1.20.1)
5663:             1             16  net.minecraft.world.level.levelgen.Heightmap$$Lambda$2714/0x0000000800a06b80 (minecraft@1.20.1)
5664:             1             16  net.minecraft.world.level.levelgen.Heightmap$$Lambda$2715/0x0000000800a06dd0 (minecraft@1.20.1)
5665:             1             16  net.minecraft.world.level.levelgen.Heightmap$Types$$Lambda$2716/0x0000000800a07020 (minecraft@1.20.1)
5666:             1             16  net.minecraft.world.level.levelgen.Heightmap$Types$$Lambda$2717/0x0000000800a07270 (minecraft@1.20.1)
5667:             1             16  net.minecraft.world.level.levelgen.Heightmap$Types$$Lambda$2718/0x0000000800a076b8 (minecraft@1.20.1)
5668:             1             16  net.minecraft.world.level.levelgen.RandomSupport$$Lambda$1235/0x0000000800599da8 (minecraft@1.20.1)
5669:             1             16  net.minecraft.world.level.levelgen.VerticalAnchor$$Lambda$2983/0x0000000800a65778 (minecraft@1.20.1)
5670:             1             16  net.minecraft.world.level.levelgen.VerticalAnchor$$Lambda$2984/0x0000000800a659b8 (minecraft@1.20.1)
5671:             1             16  net.minecraft.world.level.levelgen.VerticalAnchor$AboveBottom (minecraft@1.20.1)
5672:             1             16  net.minecraft.world.level.levelgen.VerticalAnchor$AboveBottom$$Lambda$2979/0x0000000800a675b0 (minecraft@1.20.1)
5673:             1             16  net.minecraft.world.level.levelgen.VerticalAnchor$AboveBottom$$Lambda$2980/0x0000000800a677f0 (minecraft@1.20.1)
5674:             1             16  net.minecraft.world.level.levelgen.VerticalAnchor$Absolute (minecraft@1.20.1)
5675:             1             16  net.minecraft.world.level.levelgen.VerticalAnchor$Absolute$$Lambda$2977/0x0000000800a67130 (minecraft@1.20.1)
5676:             1             16  net.minecraft.world.level.levelgen.VerticalAnchor$Absolute$$Lambda$2978/0x0000000800a67370 (minecraft@1.20.1)
5677:             1             16  net.minecraft.world.level.levelgen.VerticalAnchor$BelowTop (minecraft@1.20.1)
5678:             1             16  net.minecraft.world.level.levelgen.VerticalAnchor$BelowTop$$Lambda$2981/0x0000000800a67c50 (minecraft@1.20.1)
5679:             1             16  net.minecraft.world.level.levelgen.VerticalAnchor$BelowTop$$Lambda$2982/0x0000000800a65000 (minecraft@1.20.1)
5680:             1             16  net.minecraft.world.level.levelgen.blockpredicates.AllOfPredicate$$Lambda$3058/0x0000000800a76a70 (minecraft@1.20.1)
5681:             1             16  net.minecraft.world.level.levelgen.blockpredicates.AnyOfPredicate$$Lambda$3052/0x0000000800a75420 (minecraft@1.20.1)
5682:             1             16  net.minecraft.world.level.levelgen.blockpredicates.BlockPredicate$$Lambda$3054/0x0000000800a758a8 (minecraft@1.20.1)
5683:             1             16  net.minecraft.world.level.levelgen.blockpredicates.BlockPredicate$$Lambda$3055/0x0000000800a75ae8 (minecraft@1.20.1)
5684:             1             16  net.minecraft.world.level.levelgen.blockpredicates.BlockPredicate$$Lambda$3056/0x0000000800a75d28 (minecraft@1.20.1)
5685:             1             16  net.minecraft.world.level.levelgen.blockpredicates.CombiningPredicate$$Lambda$3057/0x0000000800a765a0 (minecraft@1.20.1)
5686:             1             16  net.minecraft.world.level.levelgen.blockpredicates.HasSturdyFacePredicate$$Lambda$3037/0x0000000800a72328 (minecraft@1.20.1)
5687:             1             16  net.minecraft.world.level.levelgen.blockpredicates.HasSturdyFacePredicate$$Lambda$3038/0x0000000800a72568 (minecraft@1.20.1)
5688:             1             16  net.minecraft.world.level.levelgen.blockpredicates.HasSturdyFacePredicate$$Lambda$3039/0x0000000800a727a8 (minecraft@1.20.1)
5689:             1             16  net.minecraft.world.level.levelgen.blockpredicates.HasSturdyFacePredicate$$Lambda$3040/0x0000000800a729e8 (minecraft@1.20.1)
5690:             1             16  net.minecraft.world.level.levelgen.blockpredicates.InsideWorldBoundsPredicate$$Lambda$3049/0x0000000800a74848 (minecraft@1.20.1)
5691:             1             16  net.minecraft.world.level.levelgen.blockpredicates.InsideWorldBoundsPredicate$$Lambda$3050/0x0000000800a74a88 (minecraft@1.20.1)
5692:             1             16  net.minecraft.world.level.levelgen.blockpredicates.InsideWorldBoundsPredicate$$Lambda$3051/0x0000000800a74cc8 (minecraft@1.20.1)
5693:             1             16  net.minecraft.world.level.levelgen.blockpredicates.MatchingBlockTagPredicate$$Lambda$3031/0x0000000800a710a8 (minecraft@1.20.1)
5694:             1             16  net.minecraft.world.level.levelgen.blockpredicates.MatchingBlockTagPredicate$$Lambda$3032/0x0000000800a712e8 (minecraft@1.20.1)
5695:             1             16  net.minecraft.world.level.levelgen.blockpredicates.MatchingBlockTagPredicate$$Lambda$3033/0x0000000800a71528 (minecraft@1.20.1)
5696:             1             16  net.minecraft.world.level.levelgen.blockpredicates.MatchingBlocksPredicate$$Lambda$3017/0x0000000800a6d098 (minecraft@1.20.1)
5697:             1             16  net.minecraft.world.level.levelgen.blockpredicates.MatchingBlocksPredicate$$Lambda$3028/0x0000000800a70780 (minecraft@1.20.1)
5698:             1             16  net.minecraft.world.level.levelgen.blockpredicates.MatchingBlocksPredicate$$Lambda$3029/0x0000000800a709c0 (minecraft@1.20.1)
5699:             1             16  net.minecraft.world.level.levelgen.blockpredicates.MatchingFluidsPredicate$$Lambda$3034/0x0000000800a719e8 (minecraft@1.20.1)
5700:             1             16  net.minecraft.world.level.levelgen.blockpredicates.MatchingFluidsPredicate$$Lambda$3035/0x0000000800a71c28 (minecraft@1.20.1)
5701:             1             16  net.minecraft.world.level.levelgen.blockpredicates.MatchingFluidsPredicate$$Lambda$3036/0x0000000800a71e68 (minecraft@1.20.1)
5702:             1             16  net.minecraft.world.level.levelgen.blockpredicates.NotPredicate$$Lambda$3059/0x0000000800a76f40 (minecraft@1.20.1)
5703:             1             16  net.minecraft.world.level.levelgen.blockpredicates.NotPredicate$$Lambda$3060/0x0000000800a77180 (minecraft@1.20.1)
5704:             1             16  net.minecraft.world.level.levelgen.blockpredicates.NotPredicate$$Lambda$3061/0x0000000800a773c0 (minecraft@1.20.1)
5705:             1             16  net.minecraft.world.level.levelgen.blockpredicates.ReplaceablePredicate$$Lambda$3043/0x0000000800a735b8 (minecraft@1.20.1)
5706:             1             16  net.minecraft.world.level.levelgen.blockpredicates.ReplaceablePredicate$$Lambda$3044/0x0000000800a737f8 (minecraft@1.20.1)
5707:             1             16  net.minecraft.world.level.levelgen.blockpredicates.SolidPredicate$$Lambda$3041/0x0000000800a72ea8 (minecraft@1.20.1)
5708:             1             16  net.minecraft.world.level.levelgen.blockpredicates.SolidPredicate$$Lambda$3042/0x0000000800a730e8 (minecraft@1.20.1)
5709:             1             16  net.minecraft.world.level.levelgen.blockpredicates.StateTestingPredicate$$Lambda$3019/0x0000000800a6d518 (minecraft@1.20.1)
5710:             1             16  net.minecraft.world.level.levelgen.blockpredicates.TrueBlockPredicate (minecraft@1.20.1)
5711:             1             16  net.minecraft.world.level.levelgen.blockpredicates.TrueBlockPredicate$$Lambda$3062/0x0000000800a77888 (minecraft@1.20.1)
5712:             1             16  net.minecraft.world.level.levelgen.blockpredicates.WouldSurvivePredicate$$Lambda$3045/0x0000000800a73cc8 (minecraft@1.20.1)
5713:             1             16  net.minecraft.world.level.levelgen.blockpredicates.WouldSurvivePredicate$$Lambda$3046/0x0000000800a73f08 (minecraft@1.20.1)
5714:             1             16  net.minecraft.world.level.levelgen.blockpredicates.WouldSurvivePredicate$$Lambda$3047/0x0000000800a74148 (minecraft@1.20.1)
5715:             1             16  net.minecraft.world.level.levelgen.blockpredicates.WouldSurvivePredicate$$Lambda$3048/0x0000000800a74388 (minecraft@1.20.1)
5716:             1             16  net.minecraft.world.level.levelgen.carver.CanyonCarverConfiguration$$Lambda$3092/0x0000000800a848c8 (minecraft@1.20.1)
5717:             1             16  net.minecraft.world.level.levelgen.carver.CanyonCarverConfiguration$$Lambda$3093/0x0000000800a84b08 (minecraft@1.20.1)
5718:             1             16  net.minecraft.world.level.levelgen.carver.CanyonCarverConfiguration$$Lambda$3094/0x0000000800a84d48 (minecraft@1.20.1)
5719:             1             16  net.minecraft.world.level.levelgen.carver.CanyonCarverConfiguration$$Lambda$3103/0x0000000800a863c8 (minecraft@1.20.1)
5720:             1             16  net.minecraft.world.level.levelgen.carver.CanyonCarverConfiguration$$Lambda$3104/0x0000000800a86608 (minecraft@1.20.1)
5721:             1             16  net.minecraft.world.level.levelgen.carver.CanyonCarverConfiguration$CanyonShapeConfiguration$$Lambda$3095/0x0000000800a85198 (minecraft@1.20.1)
5722:             1             16  net.minecraft.world.level.levelgen.carver.CanyonCarverConfiguration$CanyonShapeConfiguration$$Lambda$3096/0x0000000800a853d8 (minecraft@1.20.1)
5723:             1             16  net.minecraft.world.level.levelgen.carver.CanyonCarverConfiguration$CanyonShapeConfiguration$$Lambda$3097/0x0000000800a85618 (minecraft@1.20.1)
5724:             1             16  net.minecraft.world.level.levelgen.carver.CanyonCarverConfiguration$CanyonShapeConfiguration$$Lambda$3098/0x0000000800a85858 (minecraft@1.20.1)
5725:             1             16  net.minecraft.world.level.levelgen.carver.CanyonCarverConfiguration$CanyonShapeConfiguration$$Lambda$3099/0x0000000800a85a98 (minecraft@1.20.1)
5726:             1             16  net.minecraft.world.level.levelgen.carver.CanyonCarverConfiguration$CanyonShapeConfiguration$$Lambda$3100/0x0000000800a85cd8 (minecraft@1.20.1)
5727:             1             16  net.minecraft.world.level.levelgen.carver.CanyonCarverConfiguration$CanyonShapeConfiguration$$Lambda$3101/0x0000000800a85f18 (minecraft@1.20.1)
5728:             1             16  net.minecraft.world.level.levelgen.carver.CanyonCarverConfiguration$CanyonShapeConfiguration$$Lambda$3102/0x0000000800a86158 (minecraft@1.20.1)
5729:             1             16  net.minecraft.world.level.levelgen.carver.CarverConfiguration$$Lambda$3067/0x0000000800a79b08 (minecraft@1.20.1)
5730:             1             16  net.minecraft.world.level.levelgen.carver.CarverConfiguration$$Lambda$3068/0x0000000800a79d48 (minecraft@1.20.1)
5731:             1             16  net.minecraft.world.level.levelgen.carver.CarverConfiguration$$Lambda$3069/0x0000000800a79f88 (minecraft@1.20.1)
5732:             1             16  net.minecraft.world.level.levelgen.carver.CarverConfiguration$$Lambda$3070/0x0000000800a7a1c8 (minecraft@1.20.1)
5733:             1             16  net.minecraft.world.level.levelgen.carver.CarverConfiguration$$Lambda$3071/0x0000000800a7a408 (minecraft@1.20.1)
5734:             1             16  net.minecraft.world.level.levelgen.carver.CarverConfiguration$$Lambda$3079/0x0000000800a7b860 (minecraft@1.20.1)
5735:             1             16  net.minecraft.world.level.levelgen.carver.CarverConfiguration$$Lambda$3080/0x0000000800a7baa0 (minecraft@1.20.1)
5736:             1             16  net.minecraft.world.level.levelgen.carver.CarverConfiguration$$Lambda$3081/0x0000000800a7bce0 (minecraft@1.20.1)
5737:             1             16  net.minecraft.world.level.levelgen.carver.CarverDebugSettings$$Lambda$3072/0x0000000800a7a880 (minecraft@1.20.1)
5738:             1             16  net.minecraft.world.level.levelgen.carver.CarverDebugSettings$$Lambda$3073/0x0000000800a7aac0 (minecraft@1.20.1)
5739:             1             16  net.minecraft.world.level.levelgen.carver.CarverDebugSettings$$Lambda$3074/0x0000000800a7ad00 (minecraft@1.20.1)
5740:             1             16  net.minecraft.world.level.levelgen.carver.CarverDebugSettings$$Lambda$3075/0x0000000800a7af40 (minecraft@1.20.1)
5741:             1             16  net.minecraft.world.level.levelgen.carver.CarverDebugSettings$$Lambda$3076/0x0000000800a7b180 (minecraft@1.20.1)
5742:             1             16  net.minecraft.world.level.levelgen.carver.CarverDebugSettings$$Lambda$3077/0x0000000800a7b3c0 (minecraft@1.20.1)
5743:             1             16  net.minecraft.world.level.levelgen.carver.CarverDebugSettings$$Lambda$3078/0x0000000800a7b600 (minecraft@1.20.1)
5744:             1             16  net.minecraft.world.level.levelgen.carver.CaveCarverConfiguration$$Lambda$3083/0x0000000800a7d000 (minecraft@1.20.1)
5745:             1             16  net.minecraft.world.level.levelgen.carver.CaveCarverConfiguration$$Lambda$3084/0x0000000800a7d240 (minecraft@1.20.1)
5746:             1             16  net.minecraft.world.level.levelgen.carver.CaveCarverConfiguration$$Lambda$3085/0x0000000800a7d480 (minecraft@1.20.1)
5747:             1             16  net.minecraft.world.level.levelgen.carver.CaveCarverConfiguration$$Lambda$3086/0x0000000800a7d6c0 (minecraft@1.20.1)
5748:             1             16  net.minecraft.world.level.levelgen.carver.CaveCarverConfiguration$$Lambda$3088/0x0000000800a7db40 (minecraft@1.20.1)
5749:             1             16  net.minecraft.world.level.levelgen.carver.CaveCarverConfiguration$$Lambda$3089/0x0000000800a7dd80 (minecraft@1.20.1)
5750:             1             16  net.minecraft.world.level.levelgen.carver.WorldCarver$$Lambda$3091/0x0000000800a84458 (minecraft@1.20.1)
5751:             1             16  net.minecraft.world.level.levelgen.feature.configurations.NoneFeatureConfiguration (minecraft@1.20.1)
5752:             1             16  net.minecraft.world.level.levelgen.feature.configurations.NoneFeatureConfiguration$$Lambda$3063/0x0000000800a79228 (minecraft@1.20.1)
5753:             1             16  net.minecraft.world.level.levelgen.feature.configurations.ProbabilityFeatureConfiguration$$Lambda$3064/0x0000000800a79448 (minecraft@1.20.1)
5754:             1             16  net.minecraft.world.level.levelgen.feature.configurations.ProbabilityFeatureConfiguration$$Lambda$3065/0x0000000800a79688 (minecraft@1.20.1)
5755:             1             16  net.minecraft.world.level.levelgen.feature.configurations.ProbabilityFeatureConfiguration$$Lambda$3066/0x0000000800a798c8 (minecraft@1.20.1)
5756:             1             16  net.minecraft.world.level.levelgen.heightproviders.BiasedToBottomHeight$$Lambda$2999/0x0000000800a69a98 (minecraft@1.20.1)
5757:             1             16  net.minecraft.world.level.levelgen.heightproviders.BiasedToBottomHeight$$Lambda$3000/0x0000000800a69cd8 (minecraft@1.20.1)
5758:             1             16  net.minecraft.world.level.levelgen.heightproviders.BiasedToBottomHeight$$Lambda$3001/0x0000000800a69f18 (minecraft@1.20.1)
5759:             1             16  net.minecraft.world.level.levelgen.heightproviders.BiasedToBottomHeight$$Lambda$3002/0x0000000800a6a158 (minecraft@1.20.1)
5760:             1             16  net.minecraft.world.level.levelgen.heightproviders.BiasedToBottomHeight$$Lambda$3003/0x0000000800a6a398 (minecraft@1.20.1)
5761:             1             16  net.minecraft.world.level.levelgen.heightproviders.ConstantHeight (minecraft@1.20.1)
5762:             1             16  net.minecraft.world.level.levelgen.heightproviders.ConstantHeight$$Lambda$2989/0x0000000800a68000 (minecraft@1.20.1)
5763:             1             16  net.minecraft.world.level.levelgen.heightproviders.ConstantHeight$$Lambda$2990/0x0000000800a68240 (minecraft@1.20.1)
5764:             1             16  net.minecraft.world.level.levelgen.heightproviders.ConstantHeight$$Lambda$2991/0x0000000800a68480 (minecraft@1.20.1)
5765:             1             16  net.minecraft.world.level.levelgen.heightproviders.ConstantHeight$$Lambda$2992/0x0000000800a686c0 (minecraft@1.20.1)
5766:             1             16  net.minecraft.world.level.levelgen.heightproviders.ConstantHeight$$Lambda$2993/0x0000000800a68900 (minecraft@1.20.1)
5767:             1             16  net.minecraft.world.level.levelgen.heightproviders.HeightProvider$$Lambda$2985/0x0000000800a65bf8 (minecraft@1.20.1)
5768:             1             16  net.minecraft.world.level.levelgen.heightproviders.HeightProvider$$Lambda$2986/0x0000000800a64800 (minecraft@1.20.1)
5769:             1             16  net.minecraft.world.level.levelgen.heightproviders.HeightProvider$$Lambda$2987/0x0000000800a64a40 (minecraft@1.20.1)
5770:             1             16  net.minecraft.world.level.levelgen.heightproviders.HeightProvider$$Lambda$2988/0x0000000800a64c80 (minecraft@1.20.1)
5771:             1             16  net.minecraft.world.level.levelgen.heightproviders.TrapezoidHeight$$Lambda$3009/0x0000000800a6b558 (minecraft@1.20.1)
5772:             1             16  net.minecraft.world.level.levelgen.heightproviders.TrapezoidHeight$$Lambda$3010/0x0000000800a6b798 (minecraft@1.20.1)
5773:             1             16  net.minecraft.world.level.levelgen.heightproviders.TrapezoidHeight$$Lambda$3011/0x0000000800a6b9d8 (minecraft@1.20.1)
5774:             1             16  net.minecraft.world.level.levelgen.heightproviders.TrapezoidHeight$$Lambda$3012/0x0000000800a6bc18 (minecraft@1.20.1)
5775:             1             16  net.minecraft.world.level.levelgen.heightproviders.TrapezoidHeight$$Lambda$3013/0x0000000800a6be58 (minecraft@1.20.1)
5776:             1             16  net.minecraft.world.level.levelgen.heightproviders.UniformHeight$$Lambda$2995/0x0000000800a68f88 (minecraft@1.20.1)
5777:             1             16  net.minecraft.world.level.levelgen.heightproviders.UniformHeight$$Lambda$2996/0x0000000800a691c8 (minecraft@1.20.1)
5778:             1             16  net.minecraft.world.level.levelgen.heightproviders.UniformHeight$$Lambda$2997/0x0000000800a69408 (minecraft@1.20.1)
5779:             1             16  net.minecraft.world.level.levelgen.heightproviders.UniformHeight$$Lambda$2998/0x0000000800a69648 (minecraft@1.20.1)
5780:             1             16  net.minecraft.world.level.levelgen.heightproviders.VeryBiasedToBottomHeight$$Lambda$3004/0x0000000800a6a7f8 (minecraft@1.20.1)
5781:             1             16  net.minecraft.world.level.levelgen.heightproviders.VeryBiasedToBottomHeight$$Lambda$3005/0x0000000800a6aa38 (minecraft@1.20.1)
5782:             1             16  net.minecraft.world.level.levelgen.heightproviders.VeryBiasedToBottomHeight$$Lambda$3006/0x0000000800a6ac78 (minecraft@1.20.1)
5783:             1             16  net.minecraft.world.level.levelgen.heightproviders.VeryBiasedToBottomHeight$$Lambda$3007/0x0000000800a6aeb8 (minecraft@1.20.1)
5784:             1             16  net.minecraft.world.level.levelgen.heightproviders.VeryBiasedToBottomHeight$$Lambda$3008/0x0000000800a6b0f8 (minecraft@1.20.1)
5785:             1             16  net.minecraft.world.level.levelgen.heightproviders.WeightedListHeight$$Lambda$3014/0x0000000800a6c2b8 (minecraft@1.20.1)
5786:             1             16  net.minecraft.world.level.levelgen.heightproviders.WeightedListHeight$$Lambda$3015/0x0000000800a6c4f8 (minecraft@1.20.1)
5787:             1             16  net.minecraft.world.level.levelgen.heightproviders.WeightedListHeight$$Lambda$3016/0x0000000800a6c738 (minecraft@1.20.1)
5788:             1             16  net.minecraft.world.level.levelgen.structure.templatesystem.AlwaysTrueTest (minecraft@1.20.1)
5789:             1             16  net.minecraft.world.level.levelgen.structure.templatesystem.AlwaysTrueTest$$Lambda$2739/0x0000000800a0b8d8 (minecraft@1.20.1)
5790:             1             16  net.minecraft.world.level.levelgen.structure.templatesystem.AxisAlignedLinearPosTest$$Lambda$2774/0x0000000800a14d58 (minecraft@1.20.1)
5791:             1             16  net.minecraft.world.level.levelgen.structure.templatesystem.AxisAlignedLinearPosTest$$Lambda$2775/0x0000000800a14f98 (minecraft@1.20.1)
5792:             1             16  net.minecraft.world.level.levelgen.structure.templatesystem.AxisAlignedLinearPosTest$$Lambda$2776/0x0000000800a151d8 (minecraft@1.20.1)
5793:             1             16  net.minecraft.world.level.levelgen.structure.templatesystem.AxisAlignedLinearPosTest$$Lambda$2777/0x0000000800a15418 (minecraft@1.20.1)
5794:             1             16  net.minecraft.world.level.levelgen.structure.templatesystem.AxisAlignedLinearPosTest$$Lambda$2778/0x0000000800a15658 (minecraft@1.20.1)
5795:             1             16  net.minecraft.world.level.levelgen.structure.templatesystem.AxisAlignedLinearPosTest$$Lambda$2779/0x0000000800a15898 (minecraft@1.20.1)
5796:             1             16  net.minecraft.world.level.levelgen.structure.templatesystem.AxisAlignedLinearPosTest$$Lambda$2780/0x0000000800a15ad8 (minecraft@1.20.1)
5797:             1             16  net.minecraft.world.level.levelgen.structure.templatesystem.BlockMatchTest$$Lambda$2741/0x0000000800a0d000 (minecraft@1.20.1)
5798:             1             16  net.minecraft.world.level.levelgen.structure.templatesystem.BlockMatchTest$$Lambda$2742/0x0000000800a0d240 (minecraft@1.20.1)
5799:             1             16  net.minecraft.world.level.levelgen.structure.templatesystem.BlockStateMatchTest$$Lambda$2743/0x0000000800a0d6a0 (minecraft@1.20.1)
5800:             1             16  net.minecraft.world.level.levelgen.structure.templatesystem.BlockStateMatchTest$$Lambda$2744/0x0000000800a0d8e0 (minecraft@1.20.1)
5801:             1             16  net.minecraft.world.level.levelgen.structure.templatesystem.LinearPosTest$$Lambda$2768/0x0000000800a13da8 (minecraft@1.20.1)
5802:             1             16  net.minecraft.world.level.levelgen.structure.templatesystem.LinearPosTest$$Lambda$2769/0x0000000800a13fe8 (minecraft@1.20.1)
5803:             1             16  net.minecraft.world.level.levelgen.structure.templatesystem.LinearPosTest$$Lambda$2770/0x0000000800a14228 (minecraft@1.20.1)
5804:             1             16  net.minecraft.world.level.levelgen.structure.templatesystem.LinearPosTest$$Lambda$2771/0x0000000800a14468 (minecraft@1.20.1)
5805:             1             16  net.minecraft.world.level.levelgen.structure.templatesystem.LinearPosTest$$Lambda$2772/0x0000000800a146a8 (minecraft@1.20.1)
5806:             1             16  net.minecraft.world.level.levelgen.structure.templatesystem.LinearPosTest$$Lambda$2773/0x0000000800a148e8 (minecraft@1.20.1)
5807:             1             16  net.minecraft.world.level.levelgen.structure.templatesystem.PosAlwaysTrueTest (minecraft@1.20.1)
5808:             1             16  net.minecraft.world.level.levelgen.structure.templatesystem.PosAlwaysTrueTest$$Lambda$2766/0x0000000800a13748 (minecraft@1.20.1)
5809:             1             16  net.minecraft.world.level.levelgen.structure.templatesystem.PosRuleTest$$Lambda$2764/0x0000000800a132c8 (minecraft@1.20.1)
5810:             1             16  net.minecraft.world.level.levelgen.structure.templatesystem.PosRuleTest$$Lambda$2765/0x0000000800a13508 (minecraft@1.20.1)
5811:             1             16  net.minecraft.world.level.levelgen.structure.templatesystem.RandomBlockMatchTest$$Lambda$2749/0x0000000800a10000 (minecraft@1.20.1)
5812:             1             16  net.minecraft.world.level.levelgen.structure.templatesystem.RandomBlockMatchTest$$Lambda$2750/0x0000000800a10240 (minecraft@1.20.1)
5813:             1             16  net.minecraft.world.level.levelgen.structure.templatesystem.RandomBlockMatchTest$$Lambda$2751/0x0000000800a10480 (minecraft@1.20.1)
5814:             1             16  net.minecraft.world.level.levelgen.structure.templatesystem.RandomBlockMatchTest$$Lambda$2752/0x0000000800a106c0 (minecraft@1.20.1)
5815:             1             16  net.minecraft.world.level.levelgen.structure.templatesystem.RandomBlockStateMatchTest$$Lambda$2753/0x0000000800a10b10 (minecraft@1.20.1)
5816:             1             16  net.minecraft.world.level.levelgen.structure.templatesystem.RandomBlockStateMatchTest$$Lambda$2754/0x0000000800a10d50 (minecraft@1.20.1)
5817:             1             16  net.minecraft.world.level.levelgen.structure.templatesystem.RandomBlockStateMatchTest$$Lambda$2755/0x0000000800a10f90 (minecraft@1.20.1)
5818:             1             16  net.minecraft.world.level.levelgen.structure.templatesystem.RandomBlockStateMatchTest$$Lambda$2756/0x0000000800a111d0 (minecraft@1.20.1)
5819:             1             16  net.minecraft.world.level.levelgen.structure.templatesystem.RuleTest$$Lambda$2737/0x0000000800a0b458 (minecraft@1.20.1)
5820:             1             16  net.minecraft.world.level.levelgen.structure.templatesystem.RuleTest$$Lambda$2738/0x0000000800a0b698 (minecraft@1.20.1)
5821:             1             16  net.minecraft.world.level.levelgen.structure.templatesystem.TagMatchTest$$Lambda$2747/0x0000000800a0ca40 (minecraft@1.20.1)
5822:             1             16  net.minecraft.world.level.levelgen.structure.templatesystem.TagMatchTest$$Lambda$2748/0x0000000800a0cc80 (minecraft@1.20.1)
5823:             1             16  net.minecraft.world.level.levelgen.structure.templatesystem.rule.blockentity.AppendLoot$$Lambda$2761/0x0000000800a127d8 (minecraft@1.20.1)
5824:             1             16  net.minecraft.world.level.levelgen.structure.templatesystem.rule.blockentity.AppendLoot$$Lambda$2762/0x0000000800a12a18 (minecraft@1.20.1)
5825:             1             16  net.minecraft.world.level.levelgen.structure.templatesystem.rule.blockentity.AppendLoot$$Lambda$2763/0x0000000800a12c58 (minecraft@1.20.1)
5826:             1             16  net.minecraft.world.level.levelgen.structure.templatesystem.rule.blockentity.AppendStatic$$Lambda$2758/0x0000000800a11ed8 (minecraft@1.20.1)
5827:             1             16  net.minecraft.world.level.levelgen.structure.templatesystem.rule.blockentity.AppendStatic$$Lambda$2759/0x0000000800a12118 (minecraft@1.20.1)
5828:             1             16  net.minecraft.world.level.levelgen.structure.templatesystem.rule.blockentity.AppendStatic$$Lambda$2760/0x0000000800a12358 (minecraft@1.20.1)
5829:             1             16  net.minecraft.world.level.levelgen.structure.templatesystem.rule.blockentity.Clear (minecraft@1.20.1)
5830:             1             16  net.minecraft.world.level.levelgen.structure.templatesystem.rule.blockentity.Passthrough (minecraft@1.20.1)
5831:             1             16  net.minecraft.world.level.material.FlowingFluid$$Lambda$1483/0x0000000800726688 (minecraft@1.20.1)
5832:             1             16  net.minecraft.world.level.material.Fluid$$Lambda$1480/0x00000008007254e8 (minecraft@1.20.1)
5833:             1             16  net.minecraft.world.level.material.Fluid$$Lambda$1481/0x0000000800725728 (minecraft@1.20.1)
5834:             1             16  net.minecraft.world.level.material.FluidState$$Lambda$1482/0x0000000800725948 (minecraft@1.20.1)
5835:             1             16  net.minecraft.world.level.storage.loot.entries.ComposableEntryContainer$$Lambda$2885/0x0000000800a431f0 (minecraft@1.20.1)
5836:             1             16  net.minecraft.world.level.storage.loot.entries.ComposableEntryContainer$$Lambda$2886/0x0000000800a43430 (minecraft@1.20.1)
5837:             1             16  net.minecraft.world.level.storage.loot.entries.DynamicLoot$Serializer (minecraft@1.20.1)
5838:             1             16  net.minecraft.world.level.storage.loot.entries.EmptyLootItem$Serializer (minecraft@1.20.1)
5839:             1             16  net.minecraft.world.level.storage.loot.entries.LootItem$Serializer (minecraft@1.20.1)
5840:             1             16  net.minecraft.world.level.storage.loot.entries.LootPoolEntries$$Lambda$2884/0x0000000800a42d50 (minecraft@1.20.1)
5841:             1             16  net.minecraft.world.level.storage.loot.entries.LootPoolEntries$$Lambda$2887/0x0000000800a438d8 (minecraft@1.20.1)
5842:             1             16  net.minecraft.world.level.storage.loot.entries.LootPoolEntries$$Lambda$2888/0x0000000800a43d60 (minecraft@1.20.1)
5843:             1             16  net.minecraft.world.level.storage.loot.entries.LootTableReference$Serializer (minecraft@1.20.1)
5844:             1             16  net.minecraft.world.level.storage.loot.entries.TagEntry$Serializer (minecraft@1.20.1)
5845:             1             16  net.minecraft.world.level.storage.loot.functions.ApplyBonusCount$Serializer (minecraft@1.20.1)
5846:             1             16  net.minecraft.world.level.storage.loot.functions.ApplyExplosionDecay$Serializer (minecraft@1.20.1)
5847:             1             16  net.minecraft.world.level.storage.loot.functions.CopyBlockState$Serializer (minecraft@1.20.1)
5848:             1             16  net.minecraft.world.level.storage.loot.functions.CopyNameFunction$Serializer (minecraft@1.20.1)
5849:             1             16  net.minecraft.world.level.storage.loot.functions.CopyNbtFunction$Serializer (minecraft@1.20.1)
5850:             1             16  net.minecraft.world.level.storage.loot.functions.EnchantRandomlyFunction$Serializer (minecraft@1.20.1)
5851:             1             16  net.minecraft.world.level.storage.loot.functions.EnchantWithLevelsFunction$Serializer (minecraft@1.20.1)
5852:             1             16  net.minecraft.world.level.storage.loot.functions.ExplorationMapFunction$Serializer (minecraft@1.20.1)
5853:             1             16  net.minecraft.world.level.storage.loot.functions.FillPlayerHead$Serializer (minecraft@1.20.1)
5854:             1             16  net.minecraft.world.level.storage.loot.functions.FunctionReference$Serializer (minecraft@1.20.1)
5855:             1             16  net.minecraft.world.level.storage.loot.functions.LimitCount$Serializer (minecraft@1.20.1)
5856:             1             16  net.minecraft.world.level.storage.loot.functions.LootItemFunctions$$Lambda$2889/0x0000000800a44188 (minecraft@1.20.1)
5857:             1             16  net.minecraft.world.level.storage.loot.functions.LootingEnchantFunction$Serializer (minecraft@1.20.1)
5858:             1             16  net.minecraft.world.level.storage.loot.functions.SetAttributesFunction$Serializer (minecraft@1.20.1)
5859:             1             16  net.minecraft.world.level.storage.loot.functions.SetBannerPatternFunction$Serializer (minecraft@1.20.1)
5860:             1             16  net.minecraft.world.level.storage.loot.functions.SetContainerContents$Serializer (minecraft@1.20.1)
5861:             1             16  net.minecraft.world.level.storage.loot.functions.SetContainerLootTable$Serializer (minecraft@1.20.1)
5862:             1             16  net.minecraft.world.level.storage.loot.functions.SetEnchantmentsFunction$Serializer (minecraft@1.20.1)
5863:             1             16  net.minecraft.world.level.storage.loot.functions.SetInstrumentFunction$Serializer (minecraft@1.20.1)
5864:             1             16  net.minecraft.world.level.storage.loot.functions.SetItemCountFunction$Serializer (minecraft@1.20.1)
5865:             1             16  net.minecraft.world.level.storage.loot.functions.SetItemDamageFunction$Serializer (minecraft@1.20.1)
5866:             1             16  net.minecraft.world.level.storage.loot.functions.SetLoreFunction$Serializer (minecraft@1.20.1)
5867:             1             16  net.minecraft.world.level.storage.loot.functions.SetNameFunction$Serializer (minecraft@1.20.1)
5868:             1             16  net.minecraft.world.level.storage.loot.functions.SetNbtFunction$Serializer (minecraft@1.20.1)
5869:             1             16  net.minecraft.world.level.storage.loot.functions.SetPotionFunction$Serializer (minecraft@1.20.1)
5870:             1             16  net.minecraft.world.level.storage.loot.functions.SetStewEffectFunction$Serializer (minecraft@1.20.1)
5871:             1             16  net.minecraft.world.level.storage.loot.functions.SmeltItemFunction$Serializer (minecraft@1.20.1)
5872:             1             16  net.minecraft.world.level.storage.loot.predicates.AllOfCondition$Serializer (minecraft@1.20.1)
5873:             1             16  net.minecraft.world.level.storage.loot.predicates.AnyOfCondition$Serializer (minecraft@1.20.1)
5874:             1             16  net.minecraft.world.level.storage.loot.predicates.BonusLevelTableCondition$Serializer (minecraft@1.20.1)
5875:             1             16  net.minecraft.world.level.storage.loot.predicates.ConditionReference$Serializer (minecraft@1.20.1)
5876:             1             16  net.minecraft.world.level.storage.loot.predicates.DamageSourceCondition$Serializer (minecraft@1.20.1)
5877:             1             16  net.minecraft.world.level.storage.loot.predicates.EntityHasScoreCondition$Serializer (minecraft@1.20.1)
5878:             1             16  net.minecraft.world.level.storage.loot.predicates.ExplosionCondition$Serializer (minecraft@1.20.1)
5879:             1             16  net.minecraft.world.level.storage.loot.predicates.InvertedLootItemCondition$Serializer (minecraft@1.20.1)
5880:             1             16  net.minecraft.world.level.storage.loot.predicates.LocationCheck$Serializer (minecraft@1.20.1)
5881:             1             16  net.minecraft.world.level.storage.loot.predicates.LootItemBlockStatePropertyCondition$Serializer (minecraft@1.20.1)
5882:             1             16  net.minecraft.world.level.storage.loot.predicates.LootItemEntityPropertyCondition$Serializer (minecraft@1.20.1)
5883:             1             16  net.minecraft.world.level.storage.loot.predicates.LootItemKilledByPlayerCondition$Serializer (minecraft@1.20.1)
5884:             1             16  net.minecraft.world.level.storage.loot.predicates.LootItemRandomChanceCondition$Serializer (minecraft@1.20.1)
5885:             1             16  net.minecraft.world.level.storage.loot.predicates.LootItemRandomChanceWithLootingCondition$Serializer (minecraft@1.20.1)
5886:             1             16  net.minecraft.world.level.storage.loot.predicates.MatchTool$Serializer (minecraft@1.20.1)
5887:             1             16  net.minecraft.world.level.storage.loot.predicates.TimeCheck$Serializer (minecraft@1.20.1)
5888:             1             16  net.minecraft.world.level.storage.loot.predicates.ValueCheckCondition$Serializer (minecraft@1.20.1)
5889:             1             16  net.minecraft.world.level.storage.loot.predicates.WeatherCheck$Serializer (minecraft@1.20.1)
5890:             1             16  net.minecraft.world.level.storage.loot.providers.nbt.ContextNbtProvider$Serializer (minecraft@1.20.1)
5891:             1             16  net.minecraft.world.level.storage.loot.providers.nbt.StorageNbtProvider$Serializer (minecraft@1.20.1)
5892:             1             16  net.minecraft.world.level.storage.loot.providers.number.BinomialDistributionGenerator$Serializer (minecraft@1.20.1)
5893:             1             16  net.minecraft.world.level.storage.loot.providers.number.ConstantValue$Serializer (minecraft@1.20.1)
5894:             1             16  net.minecraft.world.level.storage.loot.providers.number.ScoreboardValue$Serializer (minecraft@1.20.1)
5895:             1             16  net.minecraft.world.level.storage.loot.providers.number.UniformGenerator$Serializer (minecraft@1.20.1)
5896:             1             16  net.minecraft.world.level.storage.loot.providers.score.ContextScoreboardNameProvider$Serializer (minecraft@1.20.1)
5897:             1             16  net.minecraft.world.level.storage.loot.providers.score.FixedScoreboardNameProvider$Serializer (minecraft@1.20.1)
5898:             1             16  net.minecraft.world.phys.Vec3$$Lambda$1594/0x000000080075bb68 (minecraft@1.20.1)
5899:             1             16  net.minecraft.world.phys.Vec3$$Lambda$1595/0x000000080075bda8 (minecraft@1.20.1)
5900:             1             16  net.minecraft.world.phys.shapes.BooleanOp$$Lambda$1551/0x000000080073ded8 (minecraft@1.20.1)
5901:             1             16  net.minecraft.world.phys.shapes.BooleanOp$$Lambda$1552/0x000000080073e0f8 (minecraft@1.20.1)
5902:             1             16  net.minecraft.world.phys.shapes.BooleanOp$$Lambda$1553/0x000000080073e318 (minecraft@1.20.1)
5903:             1             16  net.minecraft.world.phys.shapes.BooleanOp$$Lambda$1554/0x000000080073e538 (minecraft@1.20.1)
5904:             1             16  net.minecraft.world.phys.shapes.BooleanOp$$Lambda$1555/0x000000080073e758 (minecraft@1.20.1)
5905:             1             16  net.minecraft.world.phys.shapes.BooleanOp$$Lambda$1556/0x000000080073e978 (minecraft@1.20.1)
5906:             1             16  net.minecraft.world.phys.shapes.BooleanOp$$Lambda$1557/0x000000080073eb98 (minecraft@1.20.1)
5907:             1             16  net.minecraft.world.phys.shapes.BooleanOp$$Lambda$1558/0x000000080073edb8 (minecraft@1.20.1)
5908:             1             16  net.minecraft.world.phys.shapes.BooleanOp$$Lambda$1559/0x000000080073efd8 (minecraft@1.20.1)
5909:             1             16  net.minecraft.world.phys.shapes.BooleanOp$$Lambda$1560/0x000000080073f1f8 (minecraft@1.20.1)
5910:             1             16  net.minecraft.world.phys.shapes.BooleanOp$$Lambda$1561/0x000000080073f418 (minecraft@1.20.1)
5911:             1             16  net.minecraft.world.phys.shapes.BooleanOp$$Lambda$1562/0x000000080073f638 (minecraft@1.20.1)
5912:             1             16  net.minecraft.world.phys.shapes.BooleanOp$$Lambda$1563/0x000000080073f858 (minecraft@1.20.1)
5913:             1             16  net.minecraft.world.phys.shapes.BooleanOp$$Lambda$1564/0x000000080073fa78 (minecraft@1.20.1)
5914:             1             16  net.minecraft.world.phys.shapes.BooleanOp$$Lambda$1565/0x000000080073fc98 (minecraft@1.20.1)
5915:             1             16  net.minecraft.world.phys.shapes.BooleanOp$$Lambda$1566/0x0000000800740000 (minecraft@1.20.1)
5916:             1             16  net.minecraft.world.phys.shapes.Shapes$$Lambda$1428/0x000000080065f948 (minecraft@1.20.1)
5917:             1             16  net.minecraft.world.phys.shapes.Shapes$$Lambda$1550/0x000000080073da90 (minecraft@1.20.1)
5918:             1             16  net.minecraft.world.scores.criteria.ObjectiveCriteria$RenderType$$Lambda$2713/0x0000000800a05288 (minecraft@1.20.1)
5919:             1             16  net.minecraftforge.accesstransformer.AccessTransformer$FinalState$$Lambda$857/0x000000080047ad68 (accesstransformers@8.0.4)
5920:             1             16  net.minecraftforge.accesstransformer.AccessTransformer$FinalState$$Lambda$858/0x000000080047af88 (accesstransformers@8.0.4)
5921:             1             16  net.minecraftforge.accesstransformer.AccessTransformer$FinalState$$Lambda$859/0x000000080047b1a8 (accesstransformers@8.0.4)
5922:             1             16  net.minecraftforge.accesstransformer.AccessTransformer$FinalState$$Lambda$860/0x000000080047b3c8 (accesstransformers@8.0.4)
5923:             1             16  net.minecraftforge.accesstransformer.AccessTransformer$Modifier$$Lambda$856/0x000000080047a8f0 (accesstransformers@8.0.4)
5924:             1             16  net.minecraftforge.accesstransformer.AccessTransformerEngine$$Lambda$1014/0x0000000800550470 (accesstransformers@8.0.4)
5925:             1             16  net.minecraftforge.accesstransformer.AccessTransformerEngine$$Lambda$1017/0x0000000800547dd0 (accesstransformers@8.0.4)
5926:             1             16  net.minecraftforge.accesstransformer.MethodTarget$$Lambda$854/0x0000000800479bf0 (accesstransformers@8.0.4)
5927:             1             16  net.minecraftforge.accesstransformer.MethodTarget$$Lambda$855/0x0000000800479e30 (accesstransformers@8.0.4)
5928:             1             16  net.minecraftforge.accesstransformer.parser.AccessTransformVisitor$$Lambda$853/0x00000008004799b0 (accesstransformers@8.0.4)
5929:             1             16  net.minecraftforge.accesstransformer.parser.AccessTransformerList$$Lambda$1005/0x0000000800546e08 (accesstransformers@8.0.4)
5930:             1             16  net.minecraftforge.accesstransformer.parser.AccessTransformerList$$Lambda$1006/0x0000000800547048 (accesstransformers@8.0.4)
5931:             1             16  net.minecraftforge.accesstransformer.parser.AccessTransformerList$$Lambda$1007/0x0000000800547288 (accesstransformers@8.0.4)
5932:             1             16  net.minecraftforge.accesstransformer.parser.AccessTransformerList$$Lambda$1008/0x00000008005474a8 (accesstransformers@8.0.4)
5933:             1             16  net.minecraftforge.accesstransformer.parser.AccessTransformerList$$Lambda$863/0x000000080047c090 (accesstransformers@8.0.4)
5934:             1             16  net.minecraftforge.accesstransformer.service.AccessTransformerService (accesstransformers@8.0.4)
5935:             1             16  net.minecraftforge.common.IExtensibleEnum$$Lambda$1795/0x00000008007fa5c8 (forge@47.4.13)
5936:             1             16  net.minecraftforge.coremod.CoreMod$$Lambda$920/0x0000000800506190 (net.minecraftforge.coremod)
5937:             1             16  net.minecraftforge.coremod.CoreMod$$Lambda$921/0x00000008005063d0 (net.minecraftforge.coremod)
5938:             1             16  net.minecraftforge.coremod.CoreModEngine (net.minecraftforge.coremod)
5939:             1             16  net.minecraftforge.coremod.CoreModEngine$$Lambda$913/0x0000000800504460 (net.minecraftforge.coremod)
5940:             1             16  net.minecraftforge.coremod.CoreModEngine$$Lambda$914/0x00000008005046a0 (net.minecraftforge.coremod)
5941:             1             16  net.minecraftforge.coremod.CoreModProvider (net.minecraftforge.coremod)
5942:             1             16  net.minecraftforge.coremod.CoreModTracker$$Lambda$899/0x00000008004c7210 (net.minecraftforge.coremod)
5943:             1             16  net.minecraftforge.coremod.NashornFactory$$Lambda$808/0x00000008003da3b8 (net.minecraftforge.coremod)
5944:             1             16  net.minecraftforge.coremod.api.ASMAPI$$Lambda$909/0x00000008004d25d8 (net.minecraftforge.coremod)
5945:             1             16  net.minecraftforge.coremod.api.ASMAPI$$Lambda$910/0x00000008004d2818 (net.minecraftforge.coremod)
5946:             1             16  net.minecraftforge.eventbus.EventAccessTransformer (net.minecraftforge.eventbus)
5947:             1             16  net.minecraftforge.eventbus.EventAccessTransformer$$Lambda$961/0x00000008005245f8 (net.minecraftforge.eventbus)
5948:             1             16  net.minecraftforge.eventbus.EventAccessTransformer$$Lambda$963/0x0000000800524a80 (net.minecraftforge.eventbus)
5949:             1             16  net.minecraftforge.eventbus.EventAccessTransformer$$Lambda$967/0x0000000800525378 (net.minecraftforge.eventbus)
5950:             1             16  net.minecraftforge.eventbus.EventSubclassTransformer (net.minecraftforge.eventbus)
5951:             1             16  net.minecraftforge.eventbus.service.ModLauncherService (net.minecraftforge.eventbus)
5952:             1             16  net.minecraftforge.eventbus.service.ModLauncherService$$Lambda$956/0x0000000800515158 (net.minecraftforge.eventbus)
5953:             1             16  net.minecraftforge.fml.ModLoadingContext$$Lambda$1443/0x0000000800674270 (fmlcore@1.20.1-47.4.13)
5954:             1             16  net.minecraftforge.fml.common.asm.CapabilityTokenSubclass (fmlloader@1.20.1-47.4.13)
5955:             1             16  net.minecraftforge.fml.common.asm.ObjectHolderDefinalize (fmlloader@1.20.1-47.4.13)
5956:             1             16  net.minecraftforge.fml.common.asm.ObjectHolderDefinalize$$Lambda$1437/0x000000080066e0b8 (fmlloader@1.20.1-47.4.13)
5957:             1             16  net.minecraftforge.fml.common.asm.ObjectHolderDefinalize$$Lambda$356/0x00000008002b5620 (fmlloader@1.20.1-47.4.13)
5958:             1             16  net.minecraftforge.fml.common.asm.ObjectHolderDefinalize$$Lambda$357/0x00000008002b5860 (fmlloader@1.20.1-47.4.13)
5959:             1             16  net.minecraftforge.fml.common.asm.ObjectHolderDefinalize$$Lambda$985/0x0000000800527d48 (fmlloader@1.20.1-47.4.13)
5960:             1             16  net.minecraftforge.fml.common.asm.RuntimeEnumExtender (fmlloader@1.20.1-47.4.13)
5961:             1             16  net.minecraftforge.fml.common.asm.RuntimeEnumExtender$$Lambda$1787/0x00000008007b5478 (fmlloader@1.20.1-47.4.13)
5962:             1             16  net.minecraftforge.fml.earlydisplay.DisplayWindow$$Lambda$1018/0x0000000800550b60 (fmlearlydisplay@1.20.1-47.4.13)
5963:             1             16  net.minecraftforge.fml.earlydisplay.DisplayWindow$$Lambda$433/0x000000080031dd10 (fmlearlydisplay@1.20.1-47.4.13)
5964:             1             16  net.minecraftforge.fml.earlydisplay.DisplayWindow$$Lambda$437/0x000000080031f9d0 (fmlearlydisplay@1.20.1-47.4.13)
5965:             1             16  net.minecraftforge.fml.earlydisplay.DisplayWindow$$Lambda$455/0x000000080032cc48 (fmlearlydisplay@1.20.1-47.4.13)
5966:             1             16  net.minecraftforge.fml.earlydisplay.DisplayWindow$$Lambda$458/0x000000080032e200 (fmlearlydisplay@1.20.1-47.4.13)
5967:             1             16  net.minecraftforge.fml.earlydisplay.DisplayWindow$$Lambda$459/0x0000000800330eb0 (fmlearlydisplay@1.20.1-47.4.13)
5968:             1             16  net.minecraftforge.fml.earlydisplay.DisplayWindow$$Lambda$460/0x0000000800331908 (fmlearlydisplay@1.20.1-47.4.13)
5969:             1             16  net.minecraftforge.fml.earlydisplay.DisplayWindow$$Lambda$462/0x0000000800332388 (fmlearlydisplay@1.20.1-47.4.13)
5970:             1             16  net.minecraftforge.fml.earlydisplay.DisplayWindow$$Lambda$613/0x0000000800385de8 (fmlearlydisplay@1.20.1-47.4.13)
5971:             1             16  net.minecraftforge.fml.earlydisplay.DisplayWindow$$Lambda$614/0x0000000800386010 (fmlearlydisplay@1.20.1-47.4.13)
5972:             1             16  net.minecraftforge.fml.earlydisplay.DisplayWindow$$Lambda$615/0x0000000800386238 (fmlearlydisplay@1.20.1-47.4.13)
5973:             1             16  net.minecraftforge.fml.earlydisplay.DisplayWindow$$Lambda$953/0x0000000800514898 (fmlearlydisplay@1.20.1-47.4.13)
5974:             1             16  net.minecraftforge.fml.earlydisplay.RenderElement$$Lambda$600/0x000000080037d290 (fmlearlydisplay@1.20.1-47.4.13)
5975:             1             16  net.minecraftforge.fml.earlydisplay.RenderElement$$Lambda$605/0x0000000800384c50 (fmlearlydisplay@1.20.1-47.4.13)
5976:             1             16  net.minecraftforge.fml.earlydisplay.RenderElement$$Lambda$610/0x0000000800385740 (fmlearlydisplay@1.20.1-47.4.13)
5977:             1             16  net.minecraftforge.fml.earlydisplay.RenderElement$$Lambda$612/0x0000000800385bb0 (fmlearlydisplay@1.20.1-47.4.13)
5978:             1             16  net.minecraftforge.fml.earlydisplay.RenderElement$$Lambda$625/0x0000000800382ef8 (fmlearlydisplay@1.20.1-47.4.13)
5979:             1             16  net.minecraftforge.fml.earlydisplay.SimpleBufferBuilder$Format$$Lambda$602/0x00000008003841f8 (fmlearlydisplay@1.20.1-47.4.13)
5980:             1             16  net.minecraftforge.fml.javafmlmod.FMLJavaModLanguageProvider (javafmllanguage@1.20.1-47.4.13)
5981:             1             16  net.minecraftforge.fml.javafmlmod.FMLJavaModLanguageProvider$$Lambda$1023/0x000000080051a220 (javafmllanguage@1.20.1-47.4.13)
5982:             1             16  net.minecraftforge.fml.javafmlmod.FMLJavaModLanguageProvider$$Lambda$1024/0x000000080051a450 (javafmllanguage@1.20.1-47.4.13)
5983:             1             16  net.minecraftforge.fml.javafmlmod.FMLJavaModLanguageProvider$$Lambda$1025/0x000000080051a6a0 (javafmllanguage@1.20.1-47.4.13)
5984:             1             16  net.minecraftforge.fml.javafmlmod.FMLJavaModLanguageProvider$$Lambda$1026/0x000000080051ab08 (javafmllanguage@1.20.1-47.4.13)
5985:             1             16  net.minecraftforge.fml.javafmlmod.FMLJavaModLanguageProvider$$Lambda$1027/0x000000080051afd0 (javafmllanguage@1.20.1-47.4.13)
5986:             1             16  net.minecraftforge.fml.javafmlmod.FMLJavaModLanguageProvider$$Lambda$1028/0x000000080051b210 (javafmllanguage@1.20.1-47.4.13)
5987:             1             16  net.minecraftforge.fml.loading.ClasspathTransformerDiscoverer$$Lambda$374/0x0000000800300698 (fmlloader@1.20.1-47.4.13)
5988:             1             16  net.minecraftforge.fml.loading.FMLConfig (fmlloader@1.20.1-47.4.13)
5989:             1             16  net.minecraftforge.fml.loading.FMLConfig$ConfigValue$$Lambda$382/0x0000000800307a28 (fmlloader@1.20.1-47.4.13)
5990:             1             16  net.minecraftforge.fml.loading.FMLConfig$ConfigValue$$Lambda$384/0x0000000800305898 (fmlloader@1.20.1-47.4.13)
5991:             1             16  net.minecraftforge.fml.loading.FMLEnvironment$$Lambda$510/0x0000000800351f40 (fmlloader@1.20.1-47.4.13)
5992:             1             16  net.minecraftforge.fml.loading.FMLEnvironment$$Lambda$511/0x0000000800352180 (fmlloader@1.20.1-47.4.13)
5993:             1             16  net.minecraftforge.fml.loading.FMLLoader$$Lambda$474/0x0000000800337b88 (fmlloader@1.20.1-47.4.13)
5994:             1             16  net.minecraftforge.fml.loading.FMLLoader$$Lambda$475/0x0000000800337dc8 (fmlloader@1.20.1-47.4.13)
5995:             1             16  net.minecraftforge.fml.loading.FMLLoader$$Lambda$476/0x0000000800335000 (fmlloader@1.20.1-47.4.13)
5996:             1             16  net.minecraftforge.fml.loading.FMLLoader$$Lambda$477/0x0000000800335220 (fmlloader@1.20.1-47.4.13)
5997:             1             16  net.minecraftforge.fml.loading.FMLLoader$$Lambda$478/0x0000000800335640 (fmlloader@1.20.1-47.4.13)
5998:             1             16  net.minecraftforge.fml.loading.FMLPaths$$Lambda$504/0x000000080034d4b0 (fmlloader@1.20.1-47.4.13)
5999:             1             16  net.minecraftforge.fml.loading.FMLServiceProvider$$Lambda$467/0x0000000800333c10 (fmlloader@1.20.1-47.4.13)
6000:             1             16  net.minecraftforge.fml.loading.FMLServiceProvider$$Lambda$505/0x000000080034df20 (fmlloader@1.20.1-47.4.13)
6001:             1             16  net.minecraftforge.fml.loading.FMLServiceProvider$$Lambda$506/0x000000080034ec90 (fmlloader@1.20.1-47.4.13)
6002:             1             16  net.minecraftforge.fml.loading.ImmediateWindowHandler$$Lambda$432/0x000000080031d198 (fmlloader@1.20.1-47.4.13)
6003:             1             16  net.minecraftforge.fml.loading.ImmediateWindowHandler$Wrapper (fmlloader@1.20.1-47.4.13)
6004:             1             16  net.minecraftforge.fml.loading.LanguageLoadingProvider$$Lambda$757/0x00000008003ce400 (fmlloader@1.20.1-47.4.13)
6005:             1             16  net.minecraftforge.fml.loading.LanguageLoadingProvider$$Lambda$759/0x00000008003d0428 (fmlloader@1.20.1-47.4.13)
6006:             1             16  net.minecraftforge.fml.loading.LoadingModList$$Lambda$795/0x00000008003d8000 (fmlloader@1.20.1-47.4.13)
6007:             1             16  net.minecraftforge.fml.loading.LoadingModList$$Lambda$798/0x00000008003d86d0 (fmlloader@1.20.1-47.4.13)
6008:             1             16  net.minecraftforge.fml.loading.LoadingModList$$Lambda$799/0x00000008003d8910 (fmlloader@1.20.1-47.4.13)
6009:             1             16  net.minecraftforge.fml.loading.LoadingModList$$Lambda$801/0x00000008003d8d98 (fmlloader@1.20.1-47.4.13)
6010:             1             16  net.minecraftforge.fml.loading.LoadingModList$$Lambda$802/0x00000008003d8fd8 (fmlloader@1.20.1-47.4.13)
6011:             1             16  net.minecraftforge.fml.loading.LoadingModList$$Lambda$803/0x00000008003d9218 (fmlloader@1.20.1-47.4.13)
6012:             1             16  net.minecraftforge.fml.loading.LoadingModList$$Lambda$804/0x00000008003d9458 (fmlloader@1.20.1-47.4.13)
6013:             1             16  net.minecraftforge.fml.loading.LoadingModList$$Lambda$805/0x00000008003d9698 (fmlloader@1.20.1-47.4.13)
6014:             1             16  net.minecraftforge.fml.loading.LoadingModList$$Lambda$848/0x000000080043fd08 (fmlloader@1.20.1-47.4.13)
6015:             1             16  net.minecraftforge.fml.loading.LoadingModList$$Lambda$849/0x000000080045c000 (fmlloader@1.20.1-47.4.13)
6016:             1             16  net.minecraftforge.fml.loading.LoadingModList$$Lambda$865/0x000000080047cb78 (fmlloader@1.20.1-47.4.13)
6017:             1             16  net.minecraftforge.fml.loading.ModDirTransformerDiscoverer$$Lambda$407/0x0000000800315888 (fmlloader@1.20.1-47.4.13)
6018:             1             16  net.minecraftforge.fml.loading.ModDirTransformerDiscoverer$$Lambda$409/0x00000008003160e8 (fmlloader@1.20.1-47.4.13)
6019:             1             16  net.minecraftforge.fml.loading.ModDirTransformerDiscoverer$$Lambda$544/0x0000000800360970 (fmlloader@1.20.1-47.4.13)
6020:             1             16  net.minecraftforge.fml.loading.ModSorter$$Lambda$765/0x00000008003d2240 (fmlloader@1.20.1-47.4.13)
6021:             1             16  net.minecraftforge.fml.loading.ModSorter$$Lambda$766/0x00000008003d2490 (fmlloader@1.20.1-47.4.13)
6022:             1             16  net.minecraftforge.fml.loading.ModSorter$$Lambda$767/0x00000008003d26d0 (fmlloader@1.20.1-47.4.13)
6023:             1             16  net.minecraftforge.fml.loading.ModSorter$$Lambda$768/0x00000008003d2910 (fmlloader@1.20.1-47.4.13)
6024:             1             16  net.minecraftforge.fml.loading.ModSorter$$Lambda$769/0x00000008003d2b50 (fmlloader@1.20.1-47.4.13)
6025:             1             16  net.minecraftforge.fml.loading.ModSorter$$Lambda$770/0x00000008003d2d90 (fmlloader@1.20.1-47.4.13)
6026:             1             16  net.minecraftforge.fml.loading.ModSorter$$Lambda$771/0x00000008003d2fd0 (fmlloader@1.20.1-47.4.13)
6027:             1             16  net.minecraftforge.fml.loading.ModSorter$$Lambda$773/0x00000008003d3458 (fmlloader@1.20.1-47.4.13)
6028:             1             16  net.minecraftforge.fml.loading.ModSorter$$Lambda$774/0x00000008003d36a8 (fmlloader@1.20.1-47.4.13)
6029:             1             16  net.minecraftforge.fml.loading.ModSorter$$Lambda$775/0x00000008003d38e8 (fmlloader@1.20.1-47.4.13)
6030:             1             16  net.minecraftforge.fml.loading.ModSorter$$Lambda$776/0x00000008003d3b28 (fmlloader@1.20.1-47.4.13)
6031:             1             16  net.minecraftforge.fml.loading.ModSorter$$Lambda$777/0x00000008003d3d68 (fmlloader@1.20.1-47.4.13)
6032:             1             16  net.minecraftforge.fml.loading.ModSorter$$Lambda$778/0x00000008003d6000 (fmlloader@1.20.1-47.4.13)
6033:             1             16  net.minecraftforge.fml.loading.ModSorter$$Lambda$779/0x00000008003d6240 (fmlloader@1.20.1-47.4.13)
6034:             1             16  net.minecraftforge.fml.loading.ModSorter$$Lambda$780/0x00000008003d6480 (fmlloader@1.20.1-47.4.13)
6035:             1             16  net.minecraftforge.fml.loading.ModSorter$$Lambda$781/0x00000008003d66c0 (fmlloader@1.20.1-47.4.13)
6036:             1             16  net.minecraftforge.fml.loading.ModSorter$$Lambda$782/0x00000008003d68f0 (fmlloader@1.20.1-47.4.13)
6037:             1             16  net.minecraftforge.fml.loading.ModSorter$$Lambda$785/0x00000008003d6b30 (fmlloader@1.20.1-47.4.13)
6038:             1             16  net.minecraftforge.fml.loading.ModSorter$$Lambda$786/0x00000008003d6d60 (fmlloader@1.20.1-47.4.13)
6039:             1             16  net.minecraftforge.fml.loading.ModSorter$$Lambda$787/0x00000008003d6fb0 (fmlloader@1.20.1-47.4.13)
6040:             1             16  net.minecraftforge.fml.loading.ModSorter$$Lambda$790/0x00000008003d76b0 (fmlloader@1.20.1-47.4.13)
6041:             1             16  net.minecraftforge.fml.loading.ModSorter$$Lambda$791/0x00000008003d7900 (fmlloader@1.20.1-47.4.13)
6042:             1             16  net.minecraftforge.fml.loading.ModSorter$$Lambda$794/0x00000008003d5a48 (fmlloader@1.20.1-47.4.13)
6043:             1             16  net.minecraftforge.fml.loading.RuntimeDistCleaner (fmlloader@1.20.1-47.4.13)
6044:             1             16  net.minecraftforge.fml.loading.RuntimeDistCleaner$$Lambda$509/0x0000000800351b08 (fmlloader@1.20.1-47.4.13)
6045:             1             16  net.minecraftforge.fml.loading.RuntimeDistCleaner$$Lambda$970/0x0000000800525a58 (fmlloader@1.20.1-47.4.13)
6046:             1             16  net.minecraftforge.fml.loading.RuntimeDistCleaner$$Lambda$971/0x0000000800525ca8 (fmlloader@1.20.1-47.4.13)
6047:             1             16  net.minecraftforge.fml.loading.RuntimeDistCleaner$$Lambda$973/0x0000000800526150 (fmlloader@1.20.1-47.4.13)
6048:             1             16  net.minecraftforge.fml.loading.RuntimeDistCleaner$$Lambda$974/0x00000008005263a0 (fmlloader@1.20.1-47.4.13)
6049:             1             16  net.minecraftforge.fml.loading.RuntimeDistCleaner$$Lambda$975/0x00000008005265f0 (fmlloader@1.20.1-47.4.13)
6050:             1             16  net.minecraftforge.fml.loading.RuntimeDistCleaner$$Lambda$976/0x0000000800526840 (fmlloader@1.20.1-47.4.13)
6051:             1             16  net.minecraftforge.fml.loading.RuntimeDistCleaner$$Lambda$978/0x00000008005271e0 (fmlloader@1.20.1-47.4.13)
6052:             1             16  net.minecraftforge.fml.loading.RuntimeDistCleaner$$Lambda$979/0x0000000800527430 (fmlloader@1.20.1-47.4.13)
6053:             1             16  net.minecraftforge.fml.loading.RuntimeDistCleaner$$Lambda$980/0x0000000800527680 (fmlloader@1.20.1-47.4.13)
6054:             1             16  net.minecraftforge.fml.loading.RuntimeDistCleaner$$Lambda$981/0x00000008005278c0 (fmlloader@1.20.1-47.4.13)
6055:             1             16  net.minecraftforge.fml.loading.UniqueModListBuilder$$Lambda$663/0x0000000800396510 (fmlloader@1.20.1-47.4.13)
6056:             1             16  net.minecraftforge.fml.loading.UniqueModListBuilder$$Lambda$664/0x0000000800396760 (fmlloader@1.20.1-47.4.13)
6057:             1             16  net.minecraftforge.fml.loading.UniqueModListBuilder$$Lambda$665/0x00000008003969a0 (fmlloader@1.20.1-47.4.13)
6058:             1             16  net.minecraftforge.fml.loading.UniqueModListBuilder$$Lambda$666/0x0000000800396bf0 (fmlloader@1.20.1-47.4.13)
6059:             1             16  net.minecraftforge.fml.loading.UniqueModListBuilder$$Lambda$669/0x00000008003972c0 (fmlloader@1.20.1-47.4.13)
6060:             1             16  net.minecraftforge.fml.loading.UniqueModListBuilder$$Lambda$670/0x0000000800397510 (fmlloader@1.20.1-47.4.13)
6061:             1             16  net.minecraftforge.fml.loading.UniqueModListBuilder$$Lambda$671/0x0000000800397750 (fmlloader@1.20.1-47.4.13)
6062:             1             16  net.minecraftforge.fml.loading.UniqueModListBuilder$$Lambda$672/0x0000000800397990 (fmlloader@1.20.1-47.4.13)
6063:             1             16  net.minecraftforge.fml.loading.UniqueModListBuilder$$Lambda$673/0x0000000800397bd0 (fmlloader@1.20.1-47.4.13)
6064:             1             16  net.minecraftforge.fml.loading.UniqueModListBuilder$$Lambda$675/0x0000000800393248 (fmlloader@1.20.1-47.4.13)
6065:             1             16  net.minecraftforge.fml.loading.UniqueModListBuilder$$Lambda$676/0x0000000800393498 (fmlloader@1.20.1-47.4.13)
6066:             1             16  net.minecraftforge.fml.loading.UniqueModListBuilder$$Lambda$677/0x00000008003936d8 (fmlloader@1.20.1-47.4.13)
6067:             1             16  net.minecraftforge.fml.loading.UniqueModListBuilder$$Lambda$678/0x0000000800393928 (fmlloader@1.20.1-47.4.13)
6068:             1             16  net.minecraftforge.fml.loading.UniqueModListBuilder$$Lambda$679/0x0000000800393b68 (fmlloader@1.20.1-47.4.13)
6069:             1             16  net.minecraftforge.fml.loading.VersionSupportMatrix$$Lambda$764/0x00000008003d1390 (fmlloader@1.20.1-47.4.13)
6070:             1             16  net.minecraftforge.fml.loading.log4j.ForgeHighlight$$Lambda$285/0x0000000800285b98 (fmlloader@1.20.1-47.4.13)
6071:             1             16  net.minecraftforge.fml.loading.log4j.SLF4JFixerLaunchPluginService (fmlloader@1.20.1-47.4.13)
6072:             1             16  net.minecraftforge.fml.loading.moddiscovery.AbstractModProvider$$Lambda$551/0x0000000800361b08 (fmlloader@1.20.1-47.4.13)
6073:             1             16  net.minecraftforge.fml.loading.moddiscovery.AbstractModProvider$$Lambda$553/0x0000000800361f70 (fmlloader@1.20.1-47.4.13)
6074:             1             16  net.minecraftforge.fml.loading.moddiscovery.AbstractModProvider$$Lambda$554/0x00000008003623c8 (fmlloader@1.20.1-47.4.13)
6075:             1             16  net.minecraftforge.fml.loading.moddiscovery.BackgroundScanHandler$$Lambda$864/0x000000080047c518 (fmlloader@1.20.1-47.4.13)
6076:             1             16  net.minecraftforge.fml.loading.moddiscovery.ClasspathLocator$$Lambda$528/0x000000080035ee50 (fmlloader@1.20.1-47.4.13)
6077:             1             16  net.minecraftforge.fml.loading.moddiscovery.ExplodedDirectoryLocator$$Lambda$645/0x000000080038e5c8 (fmlloader@1.20.1-47.4.13)
6078:             1             16  net.minecraftforge.fml.loading.moddiscovery.JarInJarDependencyLocator (fmlloader@1.20.1-47.4.13)
6079:             1             16  net.minecraftforge.fml.loading.moddiscovery.JarInJarDependencyLocator$$Lambda$738/0x00000008003c9498 (fmlloader@1.20.1-47.4.13)
6080:             1             16  net.minecraftforge.fml.loading.moddiscovery.MavenDirectoryLocator (fmlloader@1.20.1-47.4.13)
6081:             1             16  net.minecraftforge.fml.loading.moddiscovery.MavenDirectoryLocator$$Lambda$530/0x000000080035f2c8 (fmlloader@1.20.1-47.4.13)
6082:             1             16  net.minecraftforge.fml.loading.moddiscovery.MavenDirectoryLocator$$Lambda$537/0x000000080035b6d8 (fmlloader@1.20.1-47.4.13)
6083:             1             16  net.minecraftforge.fml.loading.moddiscovery.MinecraftLocator (fmlloader@1.20.1-47.4.13)
6084:             1             16  net.minecraftforge.fml.loading.moddiscovery.MinecraftLocator$$Lambda$648/0x000000080038f0b8 (fmlloader@1.20.1-47.4.13)
6085:             1             16  net.minecraftforge.fml.loading.moddiscovery.MinecraftLocator$$Lambda$649/0x000000080038f308 (fmlloader@1.20.1-47.4.13)
6086:             1             16  net.minecraftforge.fml.loading.moddiscovery.MinecraftLocator$$Lambda$652/0x000000080038f990 (fmlloader@1.20.1-47.4.13)
6087:             1             16  net.minecraftforge.fml.loading.moddiscovery.MinecraftLocator$$Lambda$654/0x0000000800394000 (fmlloader@1.20.1-47.4.13)
6088:             1             16  net.minecraftforge.fml.loading.moddiscovery.MinecraftLocator$$Lambda$656/0x0000000800394488 (fmlloader@1.20.1-47.4.13)
6089:             1             16  net.minecraftforge.fml.loading.moddiscovery.MinecraftLocator$$Lambda$658/0x00000008003948f0 (fmlloader@1.20.1-47.4.13)
6090:             1             16  net.minecraftforge.fml.loading.moddiscovery.MinecraftLocator$$Lambda$659/0x0000000800394b40 (fmlloader@1.20.1-47.4.13)
6091:             1             16  net.minecraftforge.fml.loading.moddiscovery.MinecraftLocator$$Lambda$662/0x0000000800394d80 (fmlloader@1.20.1-47.4.13)
6092:             1             16  net.minecraftforge.fml.loading.moddiscovery.MinecraftLocator$$Lambda$875/0x000000080047e898 (fmlloader@1.20.1-47.4.13)
6093:             1             16  net.minecraftforge.fml.loading.moddiscovery.ModClassVisitor$$Lambda$884/0x00000008004848a8 (fmlloader@1.20.1-47.4.13)
6094:             1             16  net.minecraftforge.fml.loading.moddiscovery.ModClassVisitor$$Lambda$885/0x0000000800485928 (fmlloader@1.20.1-47.4.13)
6095:             1             16  net.minecraftforge.fml.loading.moddiscovery.ModDiscoverer$$Lambda$521/0x000000080035c268 (fmlloader@1.20.1-47.4.13)
6096:             1             16  net.minecraftforge.fml.loading.moddiscovery.ModDiscoverer$$Lambda$522/0x000000080035d4e0 (fmlloader@1.20.1-47.4.13)
6097:             1             16  net.minecraftforge.fml.loading.moddiscovery.ModDiscoverer$$Lambda$523/0x000000080035d700 (fmlloader@1.20.1-47.4.13)
6098:             1             16  net.minecraftforge.fml.loading.moddiscovery.ModDiscoverer$$Lambda$525/0x000000080035db70 (fmlloader@1.20.1-47.4.13)
6099:             1             16  net.minecraftforge.fml.loading.moddiscovery.ModDiscoverer$$Lambda$527/0x000000080035e1b8 (fmlloader@1.20.1-47.4.13)
6100:             1             16  net.minecraftforge.fml.loading.moddiscovery.ModDiscoverer$$Lambda$540/0x000000080035bd88 (fmlloader@1.20.1-47.4.13)
6101:             1             16  net.minecraftforge.fml.loading.moddiscovery.ModDiscoverer$$Lambda$542/0x00000008003604f0 (fmlloader@1.20.1-47.4.13)
6102:             1             16  net.minecraftforge.fml.loading.moddiscovery.ModDiscoverer$$Lambda$543/0x0000000800360730 (fmlloader@1.20.1-47.4.13)
6103:             1             16  net.minecraftforge.fml.loading.moddiscovery.ModDiscoverer$$Lambda$637/0x000000080038d170 (fmlloader@1.20.1-47.4.13)
6104:             1             16  net.minecraftforge.fml.loading.moddiscovery.ModDiscoverer$$Lambda$638/0x000000080038d3b0 (fmlloader@1.20.1-47.4.13)
6105:             1             16  net.minecraftforge.fml.loading.moddiscovery.ModDiscoverer$$Lambda$639/0x000000080038d600 (fmlloader@1.20.1-47.4.13)
6106:             1             16  net.minecraftforge.fml.loading.moddiscovery.ModDiscoverer$$Lambda$640/0x000000080038d840 (fmlloader@1.20.1-47.4.13)
6107:             1             16  net.minecraftforge.fml.loading.moddiscovery.ModDiscoverer$$Lambda$641/0x000000080038da90 (fmlloader@1.20.1-47.4.13)
6108:             1             16  net.minecraftforge.fml.loading.moddiscovery.ModDiscoverer$$Lambda$680/0x0000000800398000 (fmlloader@1.20.1-47.4.13)
6109:             1             16  net.minecraftforge.fml.loading.moddiscovery.ModDiscoverer$$Lambda$743/0x00000008003c9fe8 (fmlloader@1.20.1-47.4.13)
6110:             1             16  net.minecraftforge.fml.loading.moddiscovery.ModDiscoverer$$Lambda$745/0x00000008003ca480 (fmlloader@1.20.1-47.4.13)
6111:             1             16  net.minecraftforge.fml.loading.moddiscovery.ModFile$$Lambda$747/0x00000008003cad90 (fmlloader@1.20.1-47.4.13)
6112:             1             16  net.minecraftforge.fml.loading.moddiscovery.ModFileInfo$$Lambda$558/0x0000000800364bd8 (fmlloader@1.20.1-47.4.13)
6113:             1             16  net.minecraftforge.fml.loading.moddiscovery.ModFileInfo$$Lambda$561/0x0000000800366f40 (fmlloader@1.20.1-47.4.13)
6114:             1             16  net.minecraftforge.fml.loading.moddiscovery.ModFileInfo$$Lambda$589/0x0000000800375098 (fmlloader@1.20.1-47.4.13)
6115:             1             16  net.minecraftforge.fml.loading.moddiscovery.ModFileInfo$$Lambda$590/0x00000008003752d8 (fmlloader@1.20.1-47.4.13)
6116:             1             16  net.minecraftforge.fml.loading.moddiscovery.ModFileInfo$$Lambda$591/0x0000000800375518 (fmlloader@1.20.1-47.4.13)
6117:             1             16  net.minecraftforge.fml.loading.moddiscovery.ModFileParser$$Lambda$748/0x00000008003cb820 (fmlloader@1.20.1-47.4.13)
6118:             1             16  net.minecraftforge.fml.loading.moddiscovery.ModInfo$$Lambda$568/0x000000080036c248 (fmlloader@1.20.1-47.4.13)
6119:             1             16  net.minecraftforge.fml.loading.moddiscovery.ModInfo$$Lambda$569/0x0000000800371490 (fmlloader@1.20.1-47.4.13)
6120:             1             16  net.minecraftforge.fml.loading.moddiscovery.ModInfo$$Lambda$572/0x00000008003718f8 (fmlloader@1.20.1-47.4.13)
6121:             1             16  net.minecraftforge.fml.loading.moddiscovery.ModInfo$$Lambda$574/0x0000000800371d60 (fmlloader@1.20.1-47.4.13)
6122:             1             16  net.minecraftforge.fml.loading.moddiscovery.ModInfo$$Lambda$575/0x0000000800371fa0 (fmlloader@1.20.1-47.4.13)
6123:             1             16  net.minecraftforge.fml.loading.moddiscovery.ModInfo$$Lambda$576/0x00000008003721e0 (fmlloader@1.20.1-47.4.13)
6124:             1             16  net.minecraftforge.fml.loading.moddiscovery.ModInfo$$Lambda$586/0x00000008003747b8 (fmlloader@1.20.1-47.4.13)
6125:             1             16  net.minecraftforge.fml.loading.moddiscovery.ModInfo$ModVersion$$Lambda$581/0x00000008003731a0 (fmlloader@1.20.1-47.4.13)
6126:             1             16  net.minecraftforge.fml.loading.moddiscovery.ModInfo$ModVersion$$Lambda$582/0x0000000800373628 (fmlloader@1.20.1-47.4.13)
6127:             1             16  net.minecraftforge.fml.loading.moddiscovery.ModInfo$ModVersion$$Lambda$583/0x0000000800373ca8 (fmlloader@1.20.1-47.4.13)
6128:             1             16  net.minecraftforge.fml.loading.moddiscovery.ModInfo$ModVersion$$Lambda$584/0x00000008003740e0 (fmlloader@1.20.1-47.4.13)
6129:             1             16  net.minecraftforge.fml.loading.moddiscovery.ModJarMetadata$$Lambda$650/0x000000080038f528 (fmlloader@1.20.1-47.4.13)
6130:             1             16  net.minecraftforge.fml.loading.moddiscovery.ModJarMetadata$$Lambda$937/0x000000080050da98 (fmlloader@1.20.1-47.4.13)
6131:             1             16  net.minecraftforge.fml.loading.moddiscovery.ModListHandler$$Lambda$531/0x000000080035f710 (fmlloader@1.20.1-47.4.13)
6132:             1             16  net.minecraftforge.fml.loading.moddiscovery.ModListHandler$$Lambda$532/0x000000080035f950 (fmlloader@1.20.1-47.4.13)
6133:             1             16  net.minecraftforge.fml.loading.moddiscovery.ModListHandler$$Lambda$533/0x000000080035fb90 (fmlloader@1.20.1-47.4.13)
6134:             1             16  net.minecraftforge.fml.loading.moddiscovery.ModListHandler$$Lambda$535/0x000000080035b248 (fmlloader@1.20.1-47.4.13)
6135:             1             16  net.minecraftforge.fml.loading.moddiscovery.ModListHandler$$Lambda$536/0x000000080035b498 (fmlloader@1.20.1-47.4.13)
6136:             1             16  net.minecraftforge.fml.loading.moddiscovery.ModValidator$$Lambda$746/0x00000008003ca8f0 (fmlloader@1.20.1-47.4.13)
6137:             1             16  net.minecraftforge.fml.loading.moddiscovery.ModValidator$$Lambda$750/0x00000008003cf468 (fmlloader@1.20.1-47.4.13)
6138:             1             16  net.minecraftforge.fml.loading.moddiscovery.ModsFolderLocator$$Lambda$547/0x0000000800361030 (fmlloader@1.20.1-47.4.13)
6139:             1             16  net.minecraftforge.fml.loading.moddiscovery.NightConfigWrapper$$Lambda$562/0x0000000800367180 (fmlloader@1.20.1-47.4.13)
6140:             1             16  net.minecraftforge.fml.loading.moddiscovery.NightConfigWrapper$$Lambda$563/0x00000008003673a0 (fmlloader@1.20.1-47.4.13)
6141:             1             16  net.minecraftforge.fml.loading.progress.StartupNotificationManager$$Lambda$434/0x000000080031eed0 (fmlloader@1.20.1-47.4.13)
6142:             1             16  net.minecraftforge.fml.loading.progress.StartupNotificationManager$$Lambda$524/0x000000080035d940 (fmlloader@1.20.1-47.4.13)
6143:             1             16  net.minecraftforge.fml.loading.progress.StartupNotificationManager$$Lambda$619/0x0000000800382000 (fmlloader@1.20.1-47.4.13)
6144:             1             16  net.minecraftforge.fml.loading.progress.StartupNotificationManager$$Lambda$620/0x0000000800382240 (fmlloader@1.20.1-47.4.13)
6145:             1             16  net.minecraftforge.fml.loading.progress.StartupNotificationManager$$Lambda$622/0x0000000800382460 (fmlloader@1.20.1-47.4.13)
6146:             1             16  net.minecraftforge.fml.loading.targets.CommonClientLaunchHandler$$Lambda$646/0x000000080038ec20 (fmlloader@1.20.1-47.4.13)
6147:             1             16  net.minecraftforge.fml.loading.targets.FMLClientDevLaunchHandler (fmlloader@1.20.1-47.4.13)
6148:             1             16  net.minecraftforge.fml.loading.targets.FMLClientLaunchHandler (fmlloader@1.20.1-47.4.13)
6149:             1             16  net.minecraftforge.fml.loading.targets.FMLClientUserdevLaunchHandler (fmlloader@1.20.1-47.4.13)
6150:             1             16  net.minecraftforge.fml.loading.targets.FMLDataUserdevLaunchHandler (fmlloader@1.20.1-47.4.13)
6151:             1             16  net.minecraftforge.fml.loading.targets.FMLServerDevLaunchHandler (fmlloader@1.20.1-47.4.13)
6152:             1             16  net.minecraftforge.fml.loading.targets.FMLServerLaunchHandler (fmlloader@1.20.1-47.4.13)
6153:             1             16  net.minecraftforge.fml.loading.targets.FMLServerUserdevLaunchHandler (fmlloader@1.20.1-47.4.13)
6154:             1             16  net.minecraftforge.fml.loading.targets.ForgeClientDevLaunchHandler (fmlloader@1.20.1-47.4.13)
6155:             1             16  net.minecraftforge.fml.loading.targets.ForgeClientLaunchHandler (fmlloader@1.20.1-47.4.13)
6156:             1             16  net.minecraftforge.fml.loading.targets.ForgeClientUserdevLaunchHandler (fmlloader@1.20.1-47.4.13)
6157:             1             16  net.minecraftforge.fml.loading.targets.ForgeDataDevLaunchHandler (fmlloader@1.20.1-47.4.13)
6158:             1             16  net.minecraftforge.fml.loading.targets.ForgeDataUserdevLaunchHandler (fmlloader@1.20.1-47.4.13)
6159:             1             16  net.minecraftforge.fml.loading.targets.ForgeGametestDevLaunchHandler (fmlloader@1.20.1-47.4.13)
6160:             1             16  net.minecraftforge.fml.loading.targets.ForgeGametestUserdevLaunchHandler (fmlloader@1.20.1-47.4.13)
6161:             1             16  net.minecraftforge.fml.loading.targets.ForgeServerDevLaunchHandler (fmlloader@1.20.1-47.4.13)
6162:             1             16  net.minecraftforge.fml.loading.targets.ForgeServerLaunchHandler (fmlloader@1.20.1-47.4.13)
6163:             1             16  net.minecraftforge.fml.loading.targets.ForgeServerUserdevLaunchHandler (fmlloader@1.20.1-47.4.13)
6164:             1             16  net.minecraftforge.fml.lowcodemod.LowCodeModLanguageProvider (lowcodelanguage@1.20.1-47.4.13)
6165:             1             16  net.minecraftforge.fml.mclanguageprovider.MinecraftModLanguageProvider (mclanguage@1.20.1-47.4.13)
6166:             1             16  net.minecraftforge.fml.mclanguageprovider.MinecraftModLanguageProvider$$Lambda$996/0x0000000800519dc8 (mclanguage@1.20.1-47.4.13)
6167:             1             16  net.minecraftforge.fml.mclanguageprovider.MinecraftModLanguageProvider$MinecraftModTarget (mclanguage@1.20.1-47.4.13)
6168:             1             16  net.minecraftforge.forgespi.Environment$$Lambda$512/0x00000008003523c0 (net.minecraftforge.forgespi@7.0.1)
6169:             1             16  net.minecraftforge.forgespi.Environment$$Lambda$513/0x00000008003525e0 (net.minecraftforge.forgespi@7.0.1)
6170:             1             16  net.minecraftforge.forgespi.language.ModFileScanData$$Lambda$887/0x0000000800483640 (net.minecraftforge.forgespi@7.0.1)
6171:             1             16  net.minecraftforge.installer.actions.ProgressCallback$1
6172:             1             16  net.minecraftforge.installer.json.Artifact$Adapter
6173:             1             16  net.minecraftforge.installer.json.Install$$Lambda$90/0x000000080010d130
6174:             1             16  net.minecraftforge.jarjar.metadata.json.ContainedJarIdentifierSerializer (JarJarMetadata@0.3.19)
6175:             1             16  net.minecraftforge.jarjar.metadata.json.ContainedJarMetadataSerializer (JarJarMetadata@0.3.19)
6176:             1             16  net.minecraftforge.jarjar.metadata.json.ContainedVersionSerializer (JarJarMetadata@0.3.19)
6177:             1             16  net.minecraftforge.jarjar.metadata.json.MetadataSerializer (JarJarMetadata@0.3.19)
6178:             1             16  net.minecraftforge.jarjar.metadata.json.VersionRangeSerializer (JarJarMetadata@0.3.19)
6179:             1             16  net.minecraftforge.jarjar.nio.layzip.LayeredZipFileSystemProvider (JarJarFileSystems@0.3.19)
6180:             1             16  net.minecraftforge.jarjar.nio.pathfs.PathFileSystemProvider (JarJarFileSystems@0.3.19)
6181:             1             16  net.minecraftforge.jarjar.selection.JarSelector$$Lambda$687/0x0000000800399ae8 (JarJarSelector@0.3.19)
6182:             1             16  net.minecraftforge.jarjar.selection.JarSelector$$Lambda$688/0x0000000800399f48 (JarJarSelector@0.3.19)
6183:             1             16  net.minecraftforge.jarjar.selection.JarSelector$$Lambda$689/0x000000080039a188 (JarJarSelector@0.3.19)
6184:             1             16  net.minecraftforge.jarjar.selection.JarSelector$$Lambda$690/0x000000080039a3d8 (JarJarSelector@0.3.19)
6185:             1             16  net.minecraftforge.jarjar.selection.JarSelector$$Lambda$691/0x000000080039a828 (JarJarSelector@0.3.19)
6186:             1             16  net.minecraftforge.jarjar.selection.JarSelector$$Lambda$701/0x00000008003b8480 (JarJarSelector@0.3.19)
6187:             1             16  net.minecraftforge.jarjar.selection.JarSelector$$Lambda$702/0x00000008003b86c0 (JarJarSelector@0.3.19)
6188:             1             16  net.minecraftforge.jarjar.selection.JarSelector$$Lambda$703/0x00000008003ba490 (JarJarSelector@0.3.19)
6189:             1             16  net.minecraftforge.jarjar.selection.JarSelector$$Lambda$718/0x00000008003c18f0 (JarJarSelector@0.3.19)
6190:             1             16  net.minecraftforge.jarjar.selection.JarSelector$$Lambda$719/0x00000008003c1b30 (JarJarSelector@0.3.19)
6191:             1             16  net.minecraftforge.jarjar.selection.JarSelector$$Lambda$720/0x00000008003c1d70 (JarJarSelector@0.3.19)
6192:             1             16  net.minecraftforge.jarjar.selection.JarSelector$$Lambda$721/0x00000008003c2bc8 (JarJarSelector@0.3.19)
6193:             1             16  net.minecraftforge.jarjar.selection.JarSelector$$Lambda$722/0x00000008003c61e8 (JarJarSelector@0.3.19)
6194:             1             16  net.minecraftforge.jarjar.selection.JarSelector$$Lambda$723/0x00000008003c6428 (JarJarSelector@0.3.19)
6195:             1             16  net.minecraftforge.jarjar.selection.JarSelector$$Lambda$725/0x00000008003c7500 (JarJarSelector@0.3.19)
6196:             1             16  net.minecraftforge.jarjar.selection.JarSelector$$Lambda$726/0x00000008003c7740 (JarJarSelector@0.3.19)
6197:             1             16  net.minecraftforge.jarjar.selection.JarSelector$$Lambda$727/0x00000008003c7980 (JarJarSelector@0.3.19)
6198:             1             16  net.minecraftforge.jarjar.selection.JarSelector$$Lambda$729/0x00000008003c8000 (JarJarSelector@0.3.19)
6199:             1             16  net.minecraftforge.jarjar.selection.JarSelector$$Lambda$730/0x00000008003c8250 (JarJarSelector@0.3.19)
6200:             1             16  net.minecraftforge.jarjar.selection.JarSelector$$Lambda$731/0x00000008003c8490 (JarJarSelector@0.3.19)
6201:             1             16  net.minecraftforge.jarjar.selection.JarSelector$$Lambda$732/0x00000008003c86e0 (JarJarSelector@0.3.19)
6202:             1             16  net.minecraftforge.jarjar.selection.JarSelector$$Lambda$735/0x00000008003c8dc0 (JarJarSelector@0.3.19)
6203:             1             16  net.minecraftforge.jarjar.selection.JarSelector$$Lambda$736/0x00000008003c9010 (JarJarSelector@0.3.19)
6204:             1             16  net.minecraftforge.jarjar.selection.JarSelector$$Lambda$737/0x00000008003c9250 (JarJarSelector@0.3.19)
6205:             1             16  net.minecraftforge.jarjar.selection.JarSelector$$Lambda$739/0x00000008003c96d8 (JarJarSelector@0.3.19)
6206:             1             16  net.minecraftforge.registries.ForgeRegistries$$Lambda$1501/0x0000000800735148 (forge@47.4.13)
6207:             1             16  net.minecraftforge.registries.ForgeRegistries$$Lambda$1503/0x00000008007357c8 (forge@47.4.13)
6208:             1             16  net.minecraftforge.registries.ForgeRegistries$$Lambda$1504/0x00000008007359e8 (forge@47.4.13)
6209:             1             16  net.minecraftforge.registries.ForgeRegistries$$Lambda$1505/0x0000000800735c08 (forge@47.4.13)
6210:             1             16  net.minecraftforge.registries.ForgeRegistries$$Lambda$1506/0x0000000800735e28 (forge@47.4.13)
6211:             1             16  net.minecraftforge.registries.ForgeRegistries$$Lambda$1507/0x0000000800736048 (forge@47.4.13)
6212:             1             16  net.minecraftforge.registries.ForgeRegistries$$Lambda$1508/0x0000000800736268 (forge@47.4.13)
6213:             1             16  net.minecraftforge.registries.ForgeRegistry$$Lambda$1714/0x0000000800791210 (forge@47.4.13)
6214:             1             16  net.minecraftforge.registries.ForgeRegistry$$Lambda$1715/0x0000000800791450 (forge@47.4.13)
6215:             1             16  net.minecraftforge.registries.GameData$$Lambda$1332/0x00000008005de920 (forge@47.4.13)
6216:             1             16  net.minecraftforge.registries.GameData$$Lambda$1333/0x0000000800610f98 (forge@47.4.13)
6217:             1             16  net.minecraftforge.registries.GameData$$Lambda$1341/0x000000080061f2c8 (forge@47.4.13)
6218:             1             16  net.minecraftforge.registries.GameData$$Lambda$1342/0x000000080061f978 (forge@47.4.13)
6219:             1             16  net.minecraftforge.registries.GameData$$Lambda$1352/0x000000080061daf0 (forge@47.4.13)
6220:             1             16  net.minecraftforge.registries.GameData$AttributeCallbacks (forge@47.4.13)
6221:             1             16  net.minecraftforge.registries.GameData$BlockCallbacks (forge@47.4.13)
6222:             1             16  net.minecraftforge.registries.GameData$ItemCallbacks (forge@47.4.13)
6223:             1             16  net.minecraftforge.registries.GameData$PointOfInterestTypeCallbacks (forge@47.4.13)
6224:             1             16  net.minecraftforge.registries.NamespacedWrapper$$Lambda$1340/0x0000000800613a78 (forge@47.4.13)
6225:             1             16  org.antlr.v4.runtime.CommonTokenFactory (org.antlr.antlr4.runtime@4.9.1)
6226:             1             16  org.antlr.v4.runtime.ConsoleErrorListener (org.antlr.antlr4.runtime@4.9.1)
6227:             1             16  org.antlr.v4.runtime.atn.ATNConfigSet$ConfigEqualityComparator (org.antlr.antlr4.runtime@4.9.1)
6228:             1             16  org.antlr.v4.runtime.atn.ATNDeserializationOptions (org.antlr.antlr4.runtime@4.9.1)
6229:             1             16  org.antlr.v4.runtime.atn.LexerPopModeAction (org.antlr.antlr4.runtime@4.9.1)
6230:             1             16  org.antlr.v4.runtime.atn.PredictionMode$AltAndContextConfigEqualityComparator (org.antlr.antlr4.runtime@4.9.1)
6231:             1             16  org.antlr.v4.runtime.misc.ObjectEqualityComparator (org.antlr.antlr4.runtime@4.9.1)
6232:             1             16  org.apache.commons.lang3.StringEscapeUtils$CsvEscaper (org.apache.commons.lang3@3.12.0)
6233:             1             16  org.apache.commons.lang3.StringEscapeUtils$CsvUnescaper (org.apache.commons.lang3@3.12.0)
6234:             1             16  org.apache.commons.lang3.text.StrLookup$MapStrLookup (org.apache.commons.lang3@3.12.0)
6235:             1             16  org.apache.commons.lang3.text.StrLookup$SystemPropertiesStrLookup (org.apache.commons.lang3@3.12.0)
6236:             1             16  org.apache.commons.lang3.text.StrMatcher$NoMatcher (org.apache.commons.lang3@3.12.0)
6237:             1             16  org.apache.commons.lang3.text.StrMatcher$TrimMatcher (org.apache.commons.lang3@3.12.0)
6238:             1             16  org.apache.commons.lang3.text.translate.OctalUnescaper (org.apache.commons.lang3@3.12.0)
6239:             1             16  org.apache.commons.lang3.text.translate.UnicodeUnescaper (org.apache.commons.lang3@3.12.0)
6240:             1             16  org.apache.logging.log4j.ThreadContext$EmptyIterator (org.apache.logging.log4j@2.19.0)
6241:             1             16  org.apache.logging.log4j.ThreadContext$EmptyThreadContextStack (org.apache.logging.log4j@2.19.0)
6242:             1             16  org.apache.logging.log4j.core.LoggerContext$$Lambda$272/0x0000000800237948 (org.apache.logging.log4j.core@2.19.0)
6243:             1             16  org.apache.logging.log4j.core.appender.ConsoleAppender$ConsoleManagerFactory (org.apache.logging.log4j.core@2.19.0)
6244:             1             16  org.apache.logging.log4j.core.appender.FileManager$FileManagerFactory (org.apache.logging.log4j.core@2.19.0)
6245:             1             16  org.apache.logging.log4j.core.appender.rolling.RollingFileManager$RollingFileManagerFactory (org.apache.logging.log4j.core@2.19.0)
6246:             1             16  org.apache.logging.log4j.core.appender.rolling.RollingRandomAccessFileManager$RollingRandomAccessFileManagerFactory (org.apache.logging.log4j.core@2.19.0)
6247:             1             16  org.apache.logging.log4j.core.config.ConfigurationFactory$Factory (org.apache.logging.log4j.core@2.19.0)
6248:             1             16  org.apache.logging.log4j.core.config.DefaultReliabilityStrategy (org.apache.logging.log4j.core@2.19.0)
6249:             1             16  org.apache.logging.log4j.core.config.OrderComparator (org.apache.logging.log4j.core@2.19.0)
6250:             1             16  org.apache.logging.log4j.core.config.plugins.convert.EnumConverter (org.apache.logging.log4j.core@2.19.0)
6251:             1             16  org.apache.logging.log4j.core.config.plugins.convert.TypeConverterRegistry (org.apache.logging.log4j.core@2.19.0)
6252:             1             16  org.apache.logging.log4j.core.config.plugins.convert.TypeConverters$BigDecimalConverter (org.apache.logging.log4j.core@2.19.0)
6253:             1             16  org.apache.logging.log4j.core.config.plugins.convert.TypeConverters$BigIntegerConverter (org.apache.logging.log4j.core@2.19.0)
6254:             1             16  org.apache.logging.log4j.core.config.plugins.convert.TypeConverters$BooleanConverter (org.apache.logging.log4j.core@2.19.0)
6255:             1             16  org.apache.logging.log4j.core.config.plugins.convert.TypeConverters$ByteArrayConverter (org.apache.logging.log4j.core@2.19.0)
6256:             1             16  org.apache.logging.log4j.core.config.plugins.convert.TypeConverters$ByteConverter (org.apache.logging.log4j.core@2.19.0)
6257:             1             16  org.apache.logging.log4j.core.config.plugins.convert.TypeConverters$CharArrayConverter (org.apache.logging.log4j.core@2.19.0)
6258:             1             16  org.apache.logging.log4j.core.config.plugins.convert.TypeConverters$CharacterConverter (org.apache.logging.log4j.core@2.19.0)
6259:             1             16  org.apache.logging.log4j.core.config.plugins.convert.TypeConverters$CharsetConverter (org.apache.logging.log4j.core@2.19.0)
6260:             1             16  org.apache.logging.log4j.core.config.plugins.convert.TypeConverters$ClassConverter (org.apache.logging.log4j.core@2.19.0)
6261:             1             16  org.apache.logging.log4j.core.config.plugins.convert.TypeConverters$CronExpressionConverter (org.apache.logging.log4j.core@2.19.0)
6262:             1             16  org.apache.logging.log4j.core.config.plugins.convert.TypeConverters$DoubleConverter (org.apache.logging.log4j.core@2.19.0)
6263:             1             16  org.apache.logging.log4j.core.config.plugins.convert.TypeConverters$DurationConverter (org.apache.logging.log4j.core@2.19.0)
6264:             1             16  org.apache.logging.log4j.core.config.plugins.convert.TypeConverters$FileConverter (org.apache.logging.log4j.core@2.19.0)
6265:             1             16  org.apache.logging.log4j.core.config.plugins.convert.TypeConverters$FloatConverter (org.apache.logging.log4j.core@2.19.0)
6266:             1             16  org.apache.logging.log4j.core.config.plugins.convert.TypeConverters$InetAddressConverter (org.apache.logging.log4j.core@2.19.0)
6267:             1             16  org.apache.logging.log4j.core.config.plugins.convert.TypeConverters$IntegerConverter (org.apache.logging.log4j.core@2.19.0)
6268:             1             16  org.apache.logging.log4j.core.config.plugins.convert.TypeConverters$LevelConverter (org.apache.logging.log4j.core@2.19.0)
6269:             1             16  org.apache.logging.log4j.core.config.plugins.convert.TypeConverters$LongConverter (org.apache.logging.log4j.core@2.19.0)
6270:             1             16  org.apache.logging.log4j.core.config.plugins.convert.TypeConverters$PathConverter (org.apache.logging.log4j.core@2.19.0)
6271:             1             16  org.apache.logging.log4j.core.config.plugins.convert.TypeConverters$PatternConverter (org.apache.logging.log4j.core@2.19.0)
6272:             1             16  org.apache.logging.log4j.core.config.plugins.convert.TypeConverters$SecurityProviderConverter (org.apache.logging.log4j.core@2.19.0)
6273:             1             16  org.apache.logging.log4j.core.config.plugins.convert.TypeConverters$ShortConverter (org.apache.logging.log4j.core@2.19.0)
6274:             1             16  org.apache.logging.log4j.core.config.plugins.convert.TypeConverters$StringConverter (org.apache.logging.log4j.core@2.19.0)
6275:             1             16  org.apache.logging.log4j.core.config.plugins.convert.TypeConverters$UriConverter (org.apache.logging.log4j.core@2.19.0)
6276:             1             16  org.apache.logging.log4j.core.config.plugins.convert.TypeConverters$UrlConverter (org.apache.logging.log4j.core@2.19.0)
6277:             1             16  org.apache.logging.log4j.core.config.plugins.convert.TypeConverters$UuidConverter (org.apache.logging.log4j.core@2.19.0)
6278:             1             16  org.apache.logging.log4j.core.config.plugins.processor.PluginCache$$Lambda$246/0x00000008001ea718 (org.apache.logging.log4j.core@2.19.0)
6279:             1             16  org.apache.logging.log4j.core.config.properties.PropertiesConfigurationFactory (org.apache.logging.log4j.core@2.19.0)
6280:             1             16  org.apache.logging.log4j.core.config.xml.XmlConfigurationFactory (org.apache.logging.log4j.core@2.19.0)
6281:             1             16  org.apache.logging.log4j.core.impl.ReusableLogEventFactory (org.apache.logging.log4j.core@2.19.0)
6282:             1             16  org.apache.logging.log4j.core.impl.ThreadContextDataProvider (org.apache.logging.log4j.core@2.19.0)
6283:             1             16  org.apache.logging.log4j.core.lookup.StrMatcher$NoMatcher (org.apache.logging.log4j.core@2.19.0)
6284:             1             16  org.apache.logging.log4j.core.lookup.StrMatcher$TrimMatcher (org.apache.logging.log4j.core@2.19.0)
6285:             1             16  org.apache.logging.log4j.core.net.JndiManager$JndiManagerFactory (org.apache.logging.log4j.core@2.19.0)
6286:             1             16  org.apache.logging.log4j.core.pattern.NameAbbreviator$NOPAbbreviator (org.apache.logging.log4j.core@2.19.0)
6287:             1             16  org.apache.logging.log4j.core.pattern.NotANumber (org.apache.logging.log4j.core@2.19.0)
6288:             1             16  org.apache.logging.log4j.core.pattern.PlainTextRenderer (org.apache.logging.log4j.core@2.19.0)
6289:             1             16  org.apache.logging.log4j.core.util.BasicAuthorizationProvider (org.apache.logging.log4j.core@2.19.0)
6290:             1             16  org.apache.logging.log4j.core.util.NullOutputStream (org.apache.logging.log4j.core@2.19.0)
6291:             1             16  org.apache.logging.log4j.core.util.datetime.FastDateFormat$1 (org.apache.logging.log4j.core@2.19.0)
6292:             1             16  org.apache.logging.log4j.core.util.datetime.FastDateParser$$Lambda$286/0x000000080028f870 (org.apache.logging.log4j.core@2.19.0)
6293:             1             16  org.apache.logging.log4j.core.util.datetime.FastDateParser$1 (org.apache.logging.log4j.core@2.19.0)
6294:             1             16  org.apache.logging.log4j.core.util.datetime.FastDateParser$2 (org.apache.logging.log4j.core@2.19.0)
6295:             1             16  org.apache.logging.log4j.core.util.datetime.FastDateParser$3 (org.apache.logging.log4j.core@2.19.0)
6296:             1             16  org.apache.logging.log4j.core.util.datetime.FastDateParser$4 (org.apache.logging.log4j.core@2.19.0)
6297:             1             16  org.apache.logging.log4j.core.util.datetime.FastDateParser$5 (org.apache.logging.log4j.core@2.19.0)
6298:             1             16  org.apache.logging.log4j.core.util.datetime.FastDatePrinter$TwoDigitMonthField (org.apache.logging.log4j.core@2.19.0)
6299:             1             16  org.apache.logging.log4j.message.ParameterFormatter$$Lambda$317/0x000000080029f5c8 (org.apache.logging.log4j@2.19.0)
6300:             1             16  org.apache.logging.log4j.message.ParameterizedNoReferenceMessageFactory (org.apache.logging.log4j@2.19.0)
6301:             1             16  org.apache.logging.log4j.spi.CopyOnWriteSortedArrayThreadContextMap (org.apache.logging.log4j@2.19.0)
6302:             1             16  org.apache.logging.log4j.spi.DefaultThreadContextStack (org.apache.logging.log4j@2.19.0)
6303:             1             16  org.apache.logging.log4j.spi.LoggerRegistry$ConcurrentMapFactory (org.apache.logging.log4j@2.19.0)
6304:             1             16  org.apache.logging.log4j.util.LoaderUtil$ThreadContextClassLoaderGetter (org.apache.logging.log4j@2.19.0)
6305:             1             16  org.apache.logging.log4j.util.PrivateSecurityManagerStackTraceUtil$PrivateSecurityManager (org.apache.logging.log4j@2.19.0)
6306:             1             16  org.apache.logging.log4j.util.PropertiesUtil$Environment$$Lambda$228/0x00000008001ce8e0 (org.apache.logging.log4j@2.19.0)
6307:             1             16  org.apache.logging.log4j.util.PropertiesUtil$Environment$$Lambda$234/0x00000008001cfd48 (org.apache.logging.log4j@2.19.0)
6308:             1             16  org.apache.logging.log4j.util.PropertiesUtil$Environment$$Lambda$235/0x00000008001dc000 (org.apache.logging.log4j@2.19.0)
6309:             1             16  org.apache.logging.log4j.util.PropertiesUtil$Environment$$Lambda$236/0x00000008001dc248 (org.apache.logging.log4j@2.19.0)
6310:             1             16  org.apache.logging.log4j.util.ProviderUtil (org.apache.logging.log4j@2.19.0)
6311:             1             16  org.apache.logging.log4j.util.ProviderUtil$$Lambda$242/0x00000008001df210 (org.apache.logging.log4j@2.19.0)
6312:             1             16  org.apache.logging.log4j.util.ServiceLoaderUtil$$Lambda$231/0x00000008001cf178 (org.apache.logging.log4j@2.19.0)
6313:             1             16  org.apache.logging.log4j.util.SortedArrayStringMap$$Lambda$249/0x000000080021ddc0 (org.apache.logging.log4j@2.19.0)
6314:             1             16  org.apache.logging.log4j.util.StackLocator (org.apache.logging.log4j@2.19.0)
6315:             1             16  org.apache.logging.log4j.util.StackLocator$$Lambda$245/0x00000008001e50f8 (org.apache.logging.log4j@2.19.0)
6316:             1             16  org.apache.logging.log4j.util.StackLocator$$Lambda$334/0x00000008002a8500 (org.apache.logging.log4j@2.19.0)
6317:             1             16  org.apache.logging.log4j.util.StackLocator$$Lambda$500/0x000000080033e860 (org.apache.logging.log4j@2.19.0)
6318:             1             16  org.apache.logging.log4j.util.Strings$$Lambda$240/0x00000008001de118 (org.apache.logging.log4j@2.19.0)
6319:             1             16  org.apache.logging.slf4j.Log4jLoggerFactory$$Lambda$331/0x00000008002a75a0 (org.apache.logging.log4j.slf4j@2.19.0)
6320:             1             16  org.apache.logging.slf4j.Log4jMDCAdapter (org.apache.logging.log4j.slf4j@2.19.0)
6321:             1             16  org.apache.logging.slf4j.Log4jMDCAdapter$ThreadLocalMapOfStacks (org.apache.logging.log4j.slf4j@2.19.0)
6322:             1             16  org.apache.logging.slf4j.Log4jMDCAdapter$ThreadLocalMapOfStacks$$Lambda$332/0x00000008002a7ce8 (org.apache.logging.log4j.slf4j@2.19.0)
6323:             1             16  org.apache.logging.slf4j.Log4jMarkerFactory (org.apache.logging.log4j.slf4j@2.19.0)
6324:             1             16  org.lwjgl.opengl.GL$$Lambda$593/0x0000000800376ad8 (org.lwjgl.opengl@3.3.1+7)
6325:             1             16  org.lwjgl.opengl.GL$$Lambda$594/0x0000000800376d08 (org.lwjgl.opengl@3.3.1+7)
6326:             1             16  org.lwjgl.opengl.GL$$Lambda$595/0x0000000800378210 (org.lwjgl.opengl@3.3.1+7)
6327:             1             16  org.lwjgl.opengl.GL$ICDStatic (org.lwjgl.opengl@3.3.1+7)
6328:             1             16  org.lwjgl.opengl.GL20C$$Lambda$596/0x0000000800379cc8 (org.lwjgl.opengl@3.3.1+7)
6329:             1             16  org.lwjgl.stb.LibSTB$$Lambda$597/0x000000080037b130 (org.lwjgl.stb@3.3.1+7)
6330:             1             16  org.lwjgl.stb.LibSTB$$Lambda$598/0x000000080037b360 (org.lwjgl.stb@3.3.1+7)
6331:             1             16  org.lwjgl.stb.STBTruetype$$Lambda$599/0x000000080037f268 (org.lwjgl.stb@3.3.1+7)
6332:             1             16  org.lwjgl.system.Callback$2 (org.lwjgl@3.3.1+7)
6333:             1             16  org.lwjgl.system.Configuration$StateInit$$Lambda$438/0x0000000800320000 (org.lwjgl@3.3.1+7)
6334:             1             16  org.lwjgl.system.Configuration$StateInit$$Lambda$439/0x0000000800320258 (org.lwjgl@3.3.1+7)
6335:             1             16  org.lwjgl.system.Configuration$StateInit$$Lambda$440/0x00000008003204b0 (org.lwjgl@3.3.1+7)
6336:             1             16  org.lwjgl.system.Library$$Lambda$446/0x0000000800321d78 (org.lwjgl@3.3.1+7)
6337:             1             16  org.lwjgl.system.Library$$Lambda$447/0x0000000800321fa8 (org.lwjgl@3.3.1+7)
6338:             1             16  org.lwjgl.system.MemoryStack$$Lambda$454/0x000000080032c000 (org.lwjgl@3.3.1+7)
6339:             1             16  org.lwjgl.system.MemoryUtil$$Lambda$449/0x0000000800326200 (org.lwjgl@3.3.1+7)
6340:             1             16  org.lwjgl.system.MemoryUtil$$Lambda$450/0x0000000800326420 (org.lwjgl@3.3.1+7)
6341:             1             16  org.lwjgl.system.MemoryUtil$2 (org.lwjgl@3.3.1+7)
6342:             1             16  org.lwjgl.system.Platform$$Lambda$442/0x0000000800321068 (org.lwjgl@3.3.1+7)
6343:             1             16  org.lwjgl.system.Platform$$Lambda$443/0x00000008003212a8 (org.lwjgl@3.3.1+7)
6344:             1             16  org.lwjgl.system.Platform$$Lambda$444/0x00000008003214e8 (org.lwjgl@3.3.1+7)
6345:             1             16  org.lwjgl.system.Platform$$Lambda$445/0x0000000800321728 (org.lwjgl@3.3.1+7)
6346:             1             16  org.lwjgl.system.jemalloc.JEmallocAllocator (org.lwjgl.jemalloc@3.3.1+7)
6347:             1             16  org.openjdk.nashorn.internal.codegen.FindScopeDepths$$Lambda$893/0x00000008004b1c00 (org.openjdk.nashorn)
6348:             1             16  org.openjdk.nashorn.internal.codegen.FindScopeDepths$$Lambda$894/0x00000008004b1e40 (org.openjdk.nashorn)
6349:             1             16  org.openjdk.nashorn.internal.codegen.types.Type$$Lambda$889/0x0000000800497db8 (org.openjdk.nashorn)
6350:             1             16  org.openjdk.nashorn.internal.codegen.types.Type$$Lambda$896/0x00000008004b86f0 (org.openjdk.nashorn)
6351:             1             16  org.openjdk.nashorn.internal.ir.Block$$Lambda$888/0x0000000800497380 (org.openjdk.nashorn)
6352:             1             16  org.openjdk.nashorn.internal.lookup.MethodHandleFactory$StandardMethodHandleFunctionality (org.openjdk.nashorn)
6353:             1             16  org.openjdk.nashorn.internal.objects.annotations.SpecializedFunction$LinkLogic$Empty (org.openjdk.nashorn)
6354:             1             16  org.openjdk.nashorn.internal.runtime.AccessControlContextFactory$$Lambda$825/0x00000008003f1db8 (org.openjdk.nashorn)
6355:             1             16  org.openjdk.nashorn.internal.runtime.AccessControlContextFactory$$Lambda$826/0x00000008003f1ff8 (org.openjdk.nashorn)
6356:             1             16  org.openjdk.nashorn.internal.runtime.Context$$Lambda$890/0x000000080049c000 (org.openjdk.nashorn)
6357:             1             16  org.openjdk.nashorn.internal.runtime.Context$$Lambda$897/0x00000008004b8b50 (org.openjdk.nashorn)
6358:             1             16  org.openjdk.nashorn.internal.runtime.Context$AnonymousContextCodeInstaller$$Lambda$906/0x00000008004d0998 (org.openjdk.nashorn)
6359:             1             16  org.openjdk.nashorn.internal.runtime.NashornLoader$$Lambda$816/0x00000008003e3fe8 (org.openjdk.nashorn)
6360:             1             16  org.openjdk.nashorn.internal.runtime.PropertySwitchPoints (org.openjdk.nashorn)
6361:             1             16  org.openjdk.nashorn.internal.runtime.PropertySwitchPoints$WeakSwitchPointSet (org.openjdk.nashorn)
6362:             1             16  org.openjdk.nashorn.internal.runtime.RecompilableScriptFunctionData$$Lambda$895/0x00000008004b29d8 (org.openjdk.nashorn)
6363:             1             16  org.openjdk.nashorn.internal.runtime.Symbol (org.openjdk.nashorn)
6364:             1             16  org.openjdk.nashorn.internal.runtime.UserAccessorProperty$$Lambda$842/0x0000000800437ac0 (org.openjdk.nashorn)
6365:             1             16  org.openjdk.nashorn.internal.runtime.linker.Bootstrap$$Lambda$823/0x00000008003f1048 (org.openjdk.nashorn)
6366:             1             16  org.openjdk.nashorn.internal.runtime.linker.Bootstrap$$Lambda$830/0x00000008003fed60 (org.openjdk.nashorn)
6367:             1             16  org.openjdk.nashorn.internal.runtime.linker.Bootstrap$$Lambda$831/0x00000008003fef80 (org.openjdk.nashorn)
6368:             1             16  org.openjdk.nashorn.internal.runtime.linker.BoundCallableLinker (org.openjdk.nashorn)
6369:             1             16  org.openjdk.nashorn.internal.runtime.linker.BrowserJSObjectLinker (org.openjdk.nashorn)
6370:             1             16  org.openjdk.nashorn.internal.runtime.linker.JSObjectLinker (org.openjdk.nashorn)
6371:             1             16  org.openjdk.nashorn.internal.runtime.linker.JavaAdapterBytecodeGenerator$$Lambda$1348/0x0000000800636400 (org.openjdk.nashorn)
6372:             1             16  org.openjdk.nashorn.internal.runtime.linker.JavaSuperAdapterLinker (org.openjdk.nashorn)
6373:             1             16  org.openjdk.nashorn.internal.runtime.linker.LinkerCallSite$$Lambda$839/0x000000080041fb60 (org.openjdk.nashorn)
6374:             1             16  org.openjdk.nashorn.internal.runtime.linker.NashornBeansLinker (org.openjdk.nashorn)
6375:             1             16  org.openjdk.nashorn.internal.runtime.linker.NashornBottomLinker (org.openjdk.nashorn)
6376:             1             16  org.openjdk.nashorn.internal.runtime.linker.NashornCallSiteDescriptor$$Lambda$840/0x000000080041b000 (org.openjdk.nashorn)
6377:             1             16  org.openjdk.nashorn.internal.runtime.linker.NashornCallSiteDescriptor$$Lambda$841/0x000000080041b220 (org.openjdk.nashorn)
6378:             1             16  org.openjdk.nashorn.internal.runtime.linker.NashornLinker (org.openjdk.nashorn)
6379:             1             16  org.openjdk.nashorn.internal.runtime.linker.NashornPrimitiveLinker (org.openjdk.nashorn)
6380:             1             16  org.openjdk.nashorn.internal.runtime.linker.NashornStaticClassLinker (org.openjdk.nashorn)
6381:             1             16  org.openjdk.nashorn.internal.runtime.linker.ReflectionCheckLinker (org.openjdk.nashorn)
6382:             1             16  org.openjdk.nashorn.internal.runtime.logging.DebugLogger$1 (org.openjdk.nashorn)
6383:             1             16  org.prismlauncher.utils.Parameters
6384:             1             16  org.slf4j.helpers.NOPLoggerFactory (org.slf4j@2.0.1)
6385:             1             16  org.slf4j.helpers.NOPMDCAdapter (org.slf4j@2.0.1)
6386:             1             16  org.slf4j.helpers.ThreadLocalMapOfStacks (org.slf4j@2.0.1)
6387:             1             16  org.spongepowered.asm.mixin.MixinEnvironment$PhaseConsumer (org.spongepowered.mixin)
6388:             1             16  org.spongepowered.asm.mixin.transformer.DefaultExtensions$1 (org.spongepowered.mixin)
6389:             1             16  org.spongepowered.asm.mixin.transformer.MixinCoprocessorNestHost (org.spongepowered.mixin)
6390:             1             16  org.spongepowered.asm.mixin.transformer.MixinCoprocessorPassthrough (org.spongepowered.mixin)
6391:             1             16  org.spongepowered.asm.mixin.transformer.MixinCoprocessorSyntheticInner (org.spongepowered.mixin)
6392:             1             16  org.spongepowered.asm.mixin.transformer.MixinTransformer$Factory (org.spongepowered.mixin)
6393:             1             16  org.spongepowered.asm.mixin.transformer.SyntheticClassRegistry (org.spongepowered.mixin)
6394:             1             16  org.spongepowered.asm.mixin.transformer.ext.extensions.ExtensionCheckClass (org.spongepowered.mixin)
6395:             1             16  org.spongepowered.asm.service.modlauncher.MixinServiceModLauncherBootstrap (org.spongepowered.mixin)
6396:             1             16  org.spongepowered.asm.service.modlauncher.ModLauncherClassProvider (org.spongepowered.mixin)
6397:             1             16  org.spongepowered.asm.util.logging.MessageRouter$LoggingMessager (org.spongepowered.mixin)
6398:             1             16  oshi.SystemInfo$$Lambda$1247/0x00000008005a12c0 (com.github.oshi@6.2.2)
6399:             1             16  oshi.SystemInfo$$Lambda$1249/0x00000008005a1b40 (com.github.oshi@6.2.2)
6400:             1             16  oshi.hardware.platform.linux.LinuxCentralProcessor$$Lambda$1267/0x00000008005c0698 (com.github.oshi@6.2.2)
6401:             1             16  oshi.hardware.platform.linux.LinuxGlobalMemory$$Lambda$1286/0x00000008005c2138 (com.github.oshi@6.2.2)
6402:             1             16  oshi.hardware.platform.linux.LinuxVirtualMemory$$Lambda$1290/0x00000008005c2a78 (com.github.oshi@6.2.2)
6403:             1             16  oshi.hardware.platform.linux.LinuxVirtualMemory$$Lambda$1291/0x00000008005c2c98 (com.github.oshi@6.2.2)
6404:             1             16  oshi.util.FileUtil$$Lambda$1257/0x00000008005b4860 (com.github.oshi@6.2.2)
6405:             1             16  oshi.util.Memoizer$$Lambda$1248/0x00000008005a16e8 (com.github.oshi@6.2.2)
6406:             1             16  sun.management.ClassLoadingImpl (java.management@17.0.15)
6407:             1             16  sun.management.ManagementFactoryHelper$$Lambda$309/0x00000008002c2170 (java.management@17.0.15)
6408:             1             16  sun.misc.Unsafe (jdk.unsupported@17.0.15)
6409:             1             16  sun.net.www.protocol.jar.JarFileFactory (java.base@17.0.15)
6410:             1             16  sun.net.www.protocol.jrt.JavaRuntimeURLConnection$$Lambda$99/0x000000080015f2a0 (java.base@17.0.15)
6411:             1             16  sun.nio.ch.FileChannelImpl$1 (java.base@17.0.15)
6412:             1             16  sun.nio.ch.FileChannelImpl$2 (java.base@17.0.15)
6413:             1             16  sun.nio.ch.Util$1 (java.base@17.0.15)
6414:             1             16  sun.nio.fs.LinuxFileSystemProvider (java.base@17.0.15)
6415:             1             16  sun.nio.fs.NativeBuffers$1 (java.base@17.0.15)
6416:             1             16  sun.reflect.generics.tree.BottomSignature (java.base@17.0.15)
6417:             1             16  sun.reflect.generics.tree.ByteSignature (java.base@17.0.15)
6418:             1             16  sun.reflect.generics.tree.CharSignature (java.base@17.0.15)
6419:             1             16  sun.reflect.generics.tree.LongSignature (java.base@17.0.15)
6420:             1             16  sun.reflect.generics.tree.VoidDescriptor (java.base@17.0.15)
6421:             1             16  sun.security.util.AlgorithmDecomposer (java.base@17.0.15)
6422:             1             16  sun.security.util.ByteArrayLexOrder (java.base@17.0.15)
6423:             1             16  sun.security.util.ByteArrayTagOrder (java.base@17.0.15)
6424:             1             16  sun.security.util.DisabledAlgorithmConstraints$Constraints (java.base@17.0.15)
6425:             1             16  sun.security.util.ManifestDigester$$Lambda$167/0x0000000800173960 (java.base@17.0.15)
6426:             1             16  sun.security.x509.RFC822Name (java.base@17.0.15)
6427:             1             16  sun.util.calendar.Gregorian (java.base@17.0.15)
6428:             1             16  sun.util.cldr.CLDRBaseLocaleDataMetaInfo (java.base@17.0.15)
6429:             1             16  sun.util.cldr.CLDRLocaleProviderAdapter$$Lambda$77/0x00000008000f16a8 (java.base@17.0.15)
6430:             1             16  sun.util.locale.InternalLocaleBuilder$CaseInsensitiveChar (java.base@17.0.15)
6431:             1             16  sun.util.locale.provider.CalendarDataUtility$CalendarFieldValueNamesMapGetter (java.base@17.0.15)
6432:             1             16  sun.util.locale.provider.CalendarDataUtility$CalendarWeekParameterGetter (java.base@17.0.15)
6433:             1             16  sun.util.locale.provider.CalendarNameProviderImpl$LengthBasedComparator (java.base@17.0.15)
6434:             1             16  sun.util.logging.internal.LoggingProviderImpl (java.logging@17.0.15)
6435:             1             16  sun.util.resources.LocaleData (java.base@17.0.15)
6436:             1             16  sun.util.resources.LocaleData$LocaleDataStrategy (java.base@17.0.15)
6437:             1             16  sun.util.resources.cldr.provider.CLDRLocaleDataMetaInfo (jdk.localedata@17.0.15)
6438:             1             16  thedarkcolour.kotlinforforge.KotlinLanguageProvider (thedarkcolour.kotlinforforge.kfflang@4.12.0)
6439:             1             16  thedarkcolour.kotlinforforge.KotlinLanguageProvider$Companion (thedarkcolour.kotlinforforge.kfflang@4.12.0)
Total       5330206      519127344
