316411:
 num     #instances         #bytes  class name (module)
-------------------------------------------------------
   1:       1059861      276419336  [B (java.base@17.0.15)
   2:        536235       21449400  java.util.LinkedHashMap$Entry (java.base@17.0.15)
   3:        310379       20760032  [Ljava.lang.Object; (java.base@17.0.15)
   4:        473772       18950880  jdk.nio.zipfs.ZipFileSystem$IndexNode (jdk.zipfs@17.0.15)
   5:         93077       16170432  [I (java.base@17.0.15)
   6:        563313       13519512  java.lang.String (java.base@17.0.15)
   7:        359269       11496608  java.util.HashMap$Node (java.base@17.0.15)
   8:         74663        9591584  [Ljava.util.HashMap$Node; (java.base@17.0.15)
   9:        325781        7818744  com.google.common.collect.ImmutableMapEntry (com.google.common@31.1-jre)
  10:        101645        4879256  [S (java.base@17.0.15)
  11:        169088        4058112  net.minecraft.client.renderer.block.model.multipart.KeyValueCondition$$Lambda$5574/0x0000000800e130f0 (minecraft@1.20.1)
  12:         85538        4057200  [Lcom.google.common.collect.ImmutableMapEntry; (com.google.common@31.1-jre)
  13:        134509        3228216  java.util.ArrayList (java.base@17.0.15)
  14:        133619        3206856  com.google.common.collect.ImmutableMapEntry$NonTerminalImmutableMapEntry (com.google.common@31.1-jre)
  15:         68744        2749760  com.google.common.collect.RegularImmutableMap (com.google.common@31.1-jre)
  16:         85728        2743296  net.minecraft.client.renderer.block.model.BakedQuad (minecraft@1.20.1)
  17:        170534        2728544  java.util.Optional (java.base@17.0.15)
  18:        112990        2711760  net.minecraft.client.gui.font.providers.UnihexProvider$Glyph (minecraft@1.20.1)
  19:         46590        2609040  java.util.LinkedHashMap (java.base@17.0.15)
  20:        106247        2549928  org.apache.commons.lang3.tuple.ImmutablePair (org.apache.commons.lang3@3.12.0)
  21:         20801        2495040  java.lang.Class (java.base@17.0.15)
  22:         50105        2405040  java.util.HashMap (java.base@17.0.15)
  23:         52044        2377360  [Ljava.util.Map$Entry; (java.base@17.0.15)
  24:         24137        2317152  net.minecraft.world.level.block.state.BlockState (minecraft@1.20.1)
  25:         36497        1751856  com.google.common.collect.HashBiMap$BiEntry (com.google.common@31.1-jre)
  26:        101594        1625504  net.minecraft.client.gui.font.providers.UnihexProvider$ShortContents (minecraft@1.20.1)
  27:         31134        1494432  com.google.gson.internal.LinkedTreeMap$Node (com.google.gson@2.10)
  28:         44133        1412256  java.util.Hashtable$Entry (java.base@17.0.15)
  29:         26579        1384616  [D (java.base@17.0.15)
  30:         39914        1277248  java.util.concurrent.ConcurrentHashMap$Node (java.base@17.0.15)
  31:         52432        1258368  net.minecraft.client.model.geom.ModelPart$Vertex (minecraft@1.20.1)
  32:         50796        1219104  net.minecraft.client.resources.model.ModelResourceLocation (minecraft@1.20.1)
  33:         74994        1199904  com.google.common.collect.RegularImmutableList (com.google.common@31.1-jre)
  34:         23812        1142976  com.google.common.collect.ArrayTable (com.google.common@31.1-jre)
  35:         40741         977784  net.minecraft.resources.ResourceLocation (minecraft@1.20.1)
  36:         28047         897504  org.objectweb.asm.Type (org.objectweb.asm@9.8)
  37:         22220         888800  it.unimi.dsi.fastutil.objects.Object2ObjectArrayMap (it.unimi.dsi.fastutil@8.5.9)
  38:         35454         850896  org.joml.Vector3f (org.joml@1.10.5)
  39:         23813         843456  [[Ljava.lang.Object; (java.base@17.0.15)
  40:         10742         773424  it.unimi.dsi.fastutil.objects.Object2ObjectOpenCustomHashMap (it.unimi.dsi.fastutil@8.5.9)
  41:         24077         770464  com.mojang.datafixers.types.templates.Product$ProductType (datafixerupper@6.0.8)
  42:           357         757824  [C (java.base@17.0.15)
  43:         44543         712688  java.util.jar.Attributes (java.base@17.0.15)
  44:         22252         712064  com.mojang.datafixers.types.templates.Sum$SumType (datafixerupper@6.0.8)
  45:         29614         710736  net.minecraft.client.resources.model.ModelBakery$BakedCacheKey (minecraft@1.20.1)
  46:         14364         689472  java.lang.invoke.MemberName (java.base@17.0.15)
  47:         21500         688000  com.mojang.datafixers.types.templates.Tag$TagType (datafixerupper@6.0.8)
  48:           617         641680  [Lnet.minecraft.client.gui.font.providers.UnihexProvider$Glyph; (minecraft@1.20.1)
  49:         26569         637656  it.unimi.dsi.fastutil.doubles.DoubleArrayList (it.unimi.dsi.fastutil@8.5.9)
  50:         35613         569808  net.minecraft.nbt.StringTag (minecraft@1.20.1)
  51:         11416         547968  com.mojang.blaze3d.platform.NativeImage (minecraft@1.20.1)
  52:         22484         539616  com.google.common.collect.ImmutableMapEntrySet$RegularEntrySet (com.google.common@31.1-jre)
  53:          9318         521808  com.google.gson.internal.LinkedTreeMap (com.google.gson@2.10)
  54:           779         462912  [Ljava.util.Hashtable$Entry; (java.base@17.0.15)
  55:         14243         455776  net.minecraft.core.Holder$Reference (minecraft@1.20.1)
  56:          7945         444920  net.minecraft.world.phys.shapes.BitSetDiscreteVoxelShape (minecraft@1.20.1)
  57:          4896         430848  java.lang.reflect.Method (java.base@17.0.15)
  58:         10742         429680  net.minecraft.client.resources.model.MultiPartBakedModel (minecraft@1.20.1)
  59:         13108         419456  [Lnet.minecraft.client.model.geom.ModelPart$Vertex; (minecraft@1.20.1)
  60:           488         409984  [Lcom.google.common.collect.HashBiMap$BiEntry; (com.google.common@31.1-jre)
  61:          3928         398264  [F (java.base@17.0.15)
  62:         23440         375040  net.minecraft.client.renderer.block.model.multipart.AndCondition$$Lambda$5576/0x0000000800e13590 (minecraft@1.20.1)
  63:          5033         362376  java.lang.reflect.Constructor (java.base@17.0.15)
  64:          8964         358560  java.lang.invoke.MethodType (java.base@17.0.15)
  65:          6392         357952  net.minecraft.client.resources.model.SimpleBakedModel (minecraft@1.20.1)
  66:         22333         357328  com.mojang.datafixers.types.templates.Const (datafixerupper@6.0.8)
  67:          5364         343296  java.lang.Class$ReflectionData (java.base@17.0.15)
  68:           602         331968  [Ljava.util.concurrent.ConcurrentHashMap$Node; (java.base@17.0.15)
  69:          9979         319328  com.mojang.datafixers.types.templates.Named$NamedType (datafixerupper@6.0.8)
  70:         13150         315600  net.minecraft.util.random.WeightedEntry$Wrapper (minecraft@1.20.1)
  71:         13108         314592  net.minecraft.client.model.geom.ModelPart$Polygon (minecraft@1.20.1)
  72:          6514         312672  net.minecraft.client.renderer.block.model.ItemTransforms (minecraft@1.20.1)
  73:         12620         302880  com.mojang.datafixers.types.templates.Sum (datafixerupper@6.0.8)
  74:          9650         302384  [J (java.base@17.0.15)
  75:         12496         299904  com.mojang.datafixers.types.templates.List$ListType (datafixerupper@6.0.8)
  76:          7449         297960  java.util.EnumMap (java.base@17.0.15)
  77:         18567         297072  java.util.HashMap$EntrySet (java.base@17.0.15)
  78:          7381         295240  java.lang.ref.SoftReference (java.base@17.0.15)
  79:         10318         292384  [Ljava.lang.Class; (java.base@17.0.15)
  80:         12124         290976  com.mojang.datafixers.types.templates.Product (datafixerupper@6.0.8)
  81:         12043         289032  com.mojang.datafixers.types.templates.Tag (datafixerupper@6.0.8)
  82:          8982         287424  java.lang.invoke.MethodType$ConcurrentWeakInternSet$WeakEntry (java.base@17.0.15)
  83:          8904         284928  net.minecraft.world.phys.shapes.ArrayVoxelShape (minecraft@1.20.1)
  84:         16144         258304  net.minecraft.nbt.CompoundTag (minecraft@1.20.1)
  85:         10252         253568  [Ljava.lang.String; (java.base@17.0.15)
  86:         15744         251904  net.minecraft.client.renderer.block.model.multipart.KeyValueCondition$$Lambda$5587/0x0000000800e17200 (minecraft@1.20.1)
  87:         10343         248232  java.lang.invoke.ResolvedMethodName (java.base@17.0.15)
  88:          6102         244080  net.minecraft.client.resources.sounds.Sound (minecraft@1.20.1)
  89:         14336         229376  com.google.gson.JsonPrimitive (com.google.gson@2.10)
  90:         13791         220656  java.lang.Object (java.base@17.0.15)
  91:          9108         218592  net.minecraftforge.registries.ForgeRegistry$OverrideOwner (forge@47.4.13)
  92:          8943         214632  java.util.BitSet (java.base@17.0.15)
  93:          6587         210784  java.lang.invoke.DirectMethodHandle (java.base@17.0.15)
  94:          3694         206864  net.minecraft.client.renderer.block.model.BlockModel (minecraft@1.20.1)
  95:          8612         206688  net.minecraftforge.forgespi.language.ModFileScanData$ClassData (net.minecraftforge.forgespi@7.0.1)
  96:          8227         197448  com.mojang.serialization.Dynamic (datafixerupper@6.0.8)
  97:          6081         194592  net.minecraft.client.renderer.block.model.Variant (minecraft@1.20.1)
  98:          4756         190240  java.util.TreeMap$Entry (java.base@17.0.15)
  99:          5880         188160  java.lang.invoke.LambdaForm$Name (java.base@17.0.15)
 100:          5708         182656  net.minecraftforge.forgespi.language.ModFileScanData$AnnotationData (net.minecraftforge.forgespi@7.0.1)
 101:         11409         182544  java.util.HashSet (java.base@17.0.15)
 102:         11396         182336  net.minecraft.client.gui.font.providers.UnihexProvider$ByteContents (minecraft@1.20.1)
 103:          5327         170464  com.google.common.collect.MapMakerInternalMap$StrongKeyWeakValueEntry (com.google.common@31.1-jre)
 104:          5327         170464  com.google.common.collect.MapMakerInternalMap$WeakValueReferenceImpl (com.google.common@31.1-jre)
 105:          5251         168032  com.mojang.serialization.MapCodec$1 (datafixerupper@6.0.8)
 106:         10452         167232  com.mojang.datafixers.types.templates.RecursivePoint (datafixerupper@6.0.8)
 107:          4962         158784  java.lang.invoke.BoundMethodHandle$Species_L (java.base@17.0.15)
 108:          3889         155560  net.minecraft.server.packs.linkfs.LinkFSPath (minecraft@1.20.1)
 109:          3786         151440  net.minecraft.client.renderer.block.model.BlockElementFace (minecraft@1.20.1)
 110:          9416         150656  java.util.HashMap$KeySet (java.base@17.0.15)
 111:          4701         150432  jdk.internal.reflect.NativeConstructorAccessorImpl (java.base@17.0.15)
 112:          9318         149088  com.google.gson.JsonObject (com.google.gson@2.10)
 113:          3694         147760  net.minecraftforge.client.model.geometry.BlockGeometryBakingContext (forge@47.4.13)
 114:          9063         145008  com.mojang.datafixers.types.templates.List (datafixerupper@6.0.8)
 115:          2922         140256  com.google.common.collect.SingletonImmutableBiMap (com.google.common@31.1-jre)
 116:             8         139392  [[Lnet.minecraft.client.gui.font.FontSet$GlyphInfoFilter; (minecraft@1.20.1)
 117:             8         139392  [[Lnet.minecraft.client.gui.font.glyphs.BakedGlyph; (minecraft@1.20.1)
 118:          4220         135040  sun.nio.fs.UnixPath (java.base@17.0.15)
 119:          2087         133568  net.minecraft.client.model.geom.ModelPart (minecraft@1.20.1)
 120:          1738         132088  [Ljava.lang.ref.SoftReference; (java.base@17.0.15)
 121:          5391         129384  cpw.mods.modlauncher.TransformerAuditTrail$TransformerActivity (cpw.mods.modlauncher@10.0.9)
 122:          5327         127848  net.minecraft.resources.ResourceKey (minecraft@1.20.1)
 123:          5327         127848  net.minecraft.resources.ResourceKey$InternKey (minecraft@1.20.1)
 124:           981         125568  jdk.nio.zipfs.ZipFileSystem (jdk.zipfs@17.0.15)
 125:          3115         124600  java.lang.invoke.BoundMethodHandle$Species_LL (java.base@17.0.15)
 126:          7751         124016  java.lang.Integer (java.base@17.0.15)
 127:          5114         122736  com.mojang.datafixers.schemas.Schema$$Lambda$1806/0x000000080081ee38 (datafixerupper@6.0.8)
 128:          2532         121536  net.minecraft.client.gui.font.providers.BitmapProvider$Glyph (minecraft@1.20.1)
 129:          4969         119256  net.minecraft.client.resources.model.Material (minecraft@1.20.1)
 130:          2467         118416  net.minecraft.client.renderer.texture.TextureAtlasSprite (minecraft@1.20.1)
 131:          4813         115608  [Ljava.lang.reflect.Constructor; (java.base@17.0.15)
 132:          3416         109312  net.minecraft.server.packs.resources.Resource (minecraft@1.20.1)
 133:          1003         104312  net.minecraft.world.level.block.state.BlockBehaviour$Properties (minecraft@1.20.1)
 134:          4136          99264  cpw.mods.jarhandling.impl.Jar$StatusData (cpw.mods.securejarhandler)
 135:          2467          98680  net.minecraft.client.renderer.texture.SpriteContents (minecraft@1.20.1)
 136:          2402          96080  java.lang.invoke.DirectMethodHandle$Constructor (java.base@17.0.15)
 137:          2490          95424  [Lcom.mojang.blaze3d.platform.NativeImage; (minecraft@1.20.1)
 138:          5848          93568  net.minecraft.client.renderer.block.model.MultiVariant (minecraft@1.20.1)
 139:          3786          90864  net.minecraft.client.renderer.block.model.BlockFaceUV (minecraft@1.20.1)
 140:          5665          90640  com.google.common.collect.SingletonImmutableList (com.google.common@31.1-jre)
 141:          2830          90560  cpw.mods.niofs.union.UnionPath (cpw.mods.securejarhandler)
 142:          5596          89536  net.minecraft.util.datafix.schemas.V1460$$Lambda$2003/0x000000080085c6f8 (minecraft@1.20.1)
 143:          1217          87624  java.lang.reflect.Field (java.base@17.0.15)
 144:          2188          87520  net.minecraft.client.model.geom.ModelPart$Cube (minecraft@1.20.1)
 145:          2188          87456  [Lnet.minecraft.client.model.geom.ModelPart$Polygon; (minecraft@1.20.1)
 146:             5          87120  [[Lnet.minecraft.client.gui.font.providers.BitmapProvider$Glyph; (minecraft@1.20.1)
 147:          3541          84984  net.minecraft.client.resources.model.WeightedBakedModel (minecraft@1.20.1)
 148:          2578          82496  com.mojang.datafixers.types.templates.CompoundList$CompoundListType (datafixerupper@6.0.8)
 149:          1708          81984  jdk.internal.ref.CleanerImpl$PhantomCleanableRef (java.base@17.0.15)
 150:          5041          80656  com.google.gson.internal.LazilyParsedNumber (com.google.gson@2.10)
 151:          1988          79520  sun.util.locale.LocaleObjectCache$CacheEntry (java.base@17.0.15)
 152:          4784          76544  com.mojang.datafixers.util.Either$Left (datafixerupper@6.0.8)
 153:          4735          75760  jdk.internal.reflect.DelegatingConstructorAccessorImpl (java.base@17.0.15)
 154:          4622          73952  net.minecraft.util.valueproviders.ConstantFloat (minecraft@1.20.1)
 155:          1352          71376  [Ljava.lang.invoke.LambdaForm$Name; (java.base@17.0.15)
 156:            67          69680  [Lnet.minecraft.client.gui.font.providers.BitmapProvider$Glyph; (minecraft@1.20.1)
 157:          1404          67392  java.util.concurrent.locks.ReentrantReadWriteLock$NonfairSync (java.base@17.0.15)
 158:          1347          64656  java.lang.invoke.LambdaForm (java.base@17.0.15)
 159:          1002          64128  java.util.concurrent.ConcurrentHashMap (java.base@17.0.15)
 160:          1987          63584  sun.security.util.ObjectIdentifier (java.base@17.0.15)
 161:          3694          59104  net.minecraftforge.client.model.geometry.BlockGeometryBakingContext$VisibilityData (forge@47.4.13)
 162:          2399          57576  com.mojang.serialization.Codec$$Lambda$1060/0x0000000800569e50 (datafixerupper@6.0.8)
 163:          2399          57576  com.mojang.serialization.codecs.FieldDecoder (datafixerupper@6.0.8)
 164:          2399          57576  com.mojang.serialization.codecs.FieldEncoder (datafixerupper@6.0.8)
 165:          3594          57504  net.minecraft.server.packs.linkfs.PathContents$FileContents (minecraft@1.20.1)
 166:          1795          57440  com.electronwill.nightconfig.core.SimpleCommentedConfig (com.electronwill.nightconfig.core@3.6.4)
 167:          3416          54656  net.minecraft.server.packs.resources.IoSupplier$$Lambda$4586/0x0000000800c2ea40 (minecraft@1.20.1)
 168:           572          54328  [Ljava.lang.invoke.MethodHandle; (java.base@17.0.15)
 169:          3344          53504  net.minecraft.client.renderer.block.model.multipart.OrCondition$$Lambda$5581/0x0000000800e16478 (minecraft@1.20.1)
 170:            14          53472  [Ljava.nio.ByteBuffer; (java.base@17.0.15)
 171:          2159          51816  java.util.jar.Attributes$Name (java.base@17.0.15)
 172:          1594          51008  net.minecraft.network.chat.MutableComponent (minecraft@1.20.1)
 173:          1244          49760  sun.security.util.DerInputStream (java.base@17.0.15)
 174:          1552          49664  net.minecraft.network.chat.contents.TranslatableContents (minecraft@1.20.1)
 175:          1965          47160  java.util.Collections$SynchronizedSet (java.base@17.0.15)
 176:          1953          46872  java.util.ImmutableCollections$Set12 (java.base@17.0.15)
 177:          1900          45600  java.util.ImmutableCollections$ListN (java.base@17.0.15)
 178:           695          44480  it.unimi.dsi.fastutil.objects.Object2ObjectOpenHashMap (it.unimi.dsi.fastutil@8.5.9)
 179:           685          43840  java.util.zip.Inflater (java.base@17.0.15)
 180:           913          43824  net.minecraft.client.model.geom.builders.CubeDefinition (minecraft@1.20.1)
 181:          1826          43824  net.minecraft.client.model.geom.builders.UVPair (minecraft@1.20.1)
 182:           899          43152  net.minecraftforge.fml.loading.moddiscovery.ModInfo$ModVersion (fmlloader@1.20.1-47.4.13)
 183:          1784          42816  com.mojang.serialization.MapDecoder$4 (datafixerupper@6.0.8)
 184:           750          42000  net.minecraft.world.item.BlockItem (minecraft@1.20.1)
 185:          1719          41256  com.mojang.serialization.MapEncoder$1 (datafixerupper@6.0.8)
 186:           568          40896  sun.nio.ch.FileChannelImpl (java.base@17.0.15)
 187:          1012          40480  net.minecraft.client.renderer.block.model.BlockElement (minecraft@1.20.1)
 188:          1676          40224  java.util.LinkedList$Node (java.base@17.0.15)
 189:          1244          39808  sun.security.util.DerValue (java.base@17.0.15)
 190:           988          39520  java.lang.ref.Finalizer (java.base@17.0.15)
 191:           981          39240  jdk.nio.zipfs.ZipFileSystem$END (jdk.zipfs@17.0.15)
 192:            12          39104  [Ljava.util.concurrent.ForkJoinTask; (java.base@17.0.15)
 193:          1624          38976  com.mojang.datafixers.types.templates.Named (datafixerupper@6.0.8)
 194:          1624          38976  com.mojang.serialization.MapCodec$3 (datafixerupper@6.0.8)
 195:           964          38560  org.openjdk.nashorn.internal.runtime.CompiledFunction (org.openjdk.nashorn)
 196:          1584          38016  com.mojang.serialization.codecs.RecordCodecBuilder (datafixerupper@6.0.8)
 197:           945          37800  com.mojang.datafixers.types.templates.RecursivePoint$RecursivePointType (datafixerupper@6.0.8)
 198:           943          37720  java.math.BigInteger (java.base@17.0.15)
 199:           779          37392  java.util.Hashtable (java.base@17.0.15)
 200:          1557          37368  com.mojang.serialization.codecs.PairMapCodec (datafixerupper@6.0.8)
 201:           778          37344  java.lang.invoke.MethodHandleImpl$CountingWrapper (java.base@17.0.15)
 202:          1555          37320  com.mojang.serialization.MapCodec$5 (datafixerupper@6.0.8)
 203:          1555          37320  net.minecraft.world.level.block.state.StateDefinition$$Lambda$1485/0x0000000800721230 (minecraft@1.20.1)
 204:             2          36480  org.lwjgl.opengl.GLCapabilities (org.lwjgl.opengl@3.3.1+7)
 205:           905          36200  com.mojang.datafixers.types.templates.Check$CheckType (datafixerupper@6.0.8)
 206:          1126          36032  org.openjdk.nashorn.internal.runtime.PropertyHashMap$Element (org.openjdk.nashorn)
 207:          1474          35376  net.minecraft.sounds.SoundEvent (minecraft@1.20.1)
 208:          1472          35328  net.minecraft.client.sounds.WeighedSoundEvents (minecraft@1.20.1)
 209:          1099          35168  com.mojang.datafixers.types.Func (datafixerupper@6.0.8)
 210:          1099          35168  cpw.mods.modlauncher.TransformTargetLabel (cpw.mods.modlauncher@10.0.9)
 211:          1461          35064  java.lang.invoke.LambdaForm$NamedFunction (java.base@17.0.15)
 212:          1440          34560  java.util.ImmutableCollections$List12 (java.base@17.0.15)
 213:           617          34552  org.openjdk.nashorn.internal.runtime.ScriptFunction (org.openjdk.nashorn)
 214:          1416          33984  com.mojang.serialization.Decoder$5 (datafixerupper@6.0.8)
 215:          1411          33864  java.util.concurrent.locks.ReentrantReadWriteLock (java.base@17.0.15)
 216:          1043          33376  java.lang.invoke.MethodTypeForm (java.base@17.0.15)
 217:           823          32920  cpw.mods.niofs.union.UnionFileSystem (cpw.mods.securejarhandler)
 218:           814          32560  java.util.WeakHashMap$Entry (java.base@17.0.15)
 219:          1014          32448  java.util.Locale (java.base@17.0.15)
 220:          1012          32384  sun.util.locale.BaseLocale (java.base@17.0.15)
 221:           483          32264  [Ljava.lang.reflect.Method; (java.base@17.0.15)
 222:          1008          32256  java.util.LinkedList (java.base@17.0.15)
 223:          1330          31920  com.google.common.collect.ImmutableEntry (com.google.common@31.1-jre)
 224:           993          31776  sun.util.locale.BaseLocale$Key (java.base@17.0.15)
 225:           981          31392  jdk.nio.zipfs.ZipPath (jdk.zipfs@17.0.15)
 226:          1953          31248  org.apache.maven.artifact.versioning.ComparableVersion$IntItem (maven.artifact@3.8.5)
 227:           781          31240  net.minecraft.client.model.geom.PartPose (minecraft@1.20.1)
 228:          1301          31224  org.antlr.v4.runtime.misc.Interval (org.antlr.antlr4.runtime@4.9.1)
 229:          1244          29856  [Lsun.security.x509.AVA; (java.base@17.0.15)
 230:          1244          29856  sun.security.x509.AVA (java.base@17.0.15)
 231:          1244          29856  sun.security.x509.RDN (java.base@17.0.15)
 232:           930          29760  com.mojang.datafixers.TypeRewriteRule$Everywhere (datafixerupper@6.0.8)
 233:            69          29136  [Lorg.antlr.v4.runtime.dfa.DFAState; (org.antlr.antlr4.runtime@4.9.1)
 234:          1719          27504  com.mojang.serialization.MapCodec$$Lambda$1106/0x000000080057c7f8 (datafixerupper@6.0.8)
 235:           681          27240  com.google.common.collect.MapMakerInternalMap$WeakKeyDummyValueEntry (com.google.common@31.1-jre)
 236:          1133          27192  com.mojang.serialization.MapCodec$$Lambda$1030/0x000000080055f390 (datafixerupper@6.0.8)
 237:           423          27072  java.net.URL (java.base@17.0.15)
 238:          1110          26640  com.mojang.datafixers.RewriteResult (datafixerupper@6.0.8)
 239:           251          26488  [Z (java.base@17.0.15)
 240:           661          26440  java.io.FileDescriptor (java.base@17.0.15)
 241:          1621          25936  com.google.gson.internal.LinkedTreeMap$EntrySet (com.google.gson@2.10)
 242:           648          25920  com.google.common.collect.ImmutableSortedMap (com.google.common@31.1-jre)
 243:           320          25600  java.net.URI (java.base@17.0.15)
 244:           636          25440  org.openjdk.nashorn.internal.runtime.FinalScriptFunctionData (org.openjdk.nashorn)
 245:          1052          25248  org.apache.maven.artifact.versioning.ComparableVersion$ListItem (maven.artifact@3.8.5)
 246:           270          25056  [Ljava.util.WeakHashMap$Entry; (java.base@17.0.15)
 247:          1039          24936  net.minecraft.client.model.geom.builders.PartDefinition (minecraft@1.20.1)
 248:          1555          24880  com.mojang.datafixers.DataFixUtils$$Lambda$1486/0x0000000800725c10 (datafixerupper@6.0.8)
 249:          1555          24880  net.minecraft.world.level.block.state.StateDefinition$$Lambda$1487/0x0000000800721458 (minecraft@1.20.1)
 250:          1555          24880  net.minecraft.world.level.block.state.StateDefinition$$Lambda$1488/0x00000008007216a0 (minecraft@1.20.1)
 251:           617          24680  java.lang.WeakPairMap$Pair$Weak (java.base@17.0.15)
 252:           385          24640  cpw.mods.jarhandling.impl.Jar (cpw.mods.securejarhandler)
 253:           612          24480  java.util.IdentityHashMap (java.base@17.0.15)
 254:           607          24280  org.apache.maven.artifact.versioning.DefaultArtifactVersion (maven.artifact@3.8.5)
 255:          1011          24264  jdk.dynalink.beans.SimpleDynamicMethod (jdk.dynalink@17.0.15)
 256:          1009          24216  net.minecraft.world.level.block.state.StateDefinition (minecraft@1.20.1)
 257:          1009          24216  net.minecraft.world.level.block.state.StateDefinition$$Lambda$1464/0x000000080071c000 (minecraft@1.20.1)
 258:          1005          24120  net.minecraft.client.resources.model.ModelBakery$LoadedJson (minecraft@1.20.1)
 259:           481          23088  java.lang.invoke.LambdaFormEditor$Transform (java.base@17.0.15)
 260:           945          22680  com.mojang.datafixers.types.families.RecursiveTypeFamily$$Lambda$1857/0x0000000800834000 (datafixerupper@6.0.8)
 261:          1411          22576  java.util.concurrent.locks.ReentrantReadWriteLock$ReadLock (java.base@17.0.15)
 262:          1411          22576  java.util.concurrent.locks.ReentrantReadWriteLock$Sync$ThreadLocalHoldCounter (java.base@17.0.15)
 263:          1411          22576  java.util.concurrent.locks.ReentrantReadWriteLock$WriteLock (java.base@17.0.15)
 264:           470          22560  java.util.TreeMap (java.base@17.0.15)
 265:           312          22464  net.minecraftforge.fml.loading.moddiscovery.ModFile (fmlloader@1.20.1-47.4.13)
 266:           936          22464  org.apache.commons.lang3.tuple.ImmutableTriple (org.apache.commons.lang3@3.12.0)
 267:           467          22416  java.lang.invoke.BoundMethodHandle$Species_LLLL (java.base@17.0.15)
 268:          1375          22000  com.google.common.collect.SingletonImmutableSet (com.google.common@31.1-jre)
 269:           535          21400  java.lang.invoke.DirectMethodHandle$Accessor (java.base@17.0.15)
 270:           648          20736  com.google.common.collect.RegularImmutableSortedSet (com.google.common@31.1-jre)
 271:           286          20592  net.minecraftforge.fml.loading.moddiscovery.ModInfo (fmlloader@1.20.1-47.4.13)
 272:           856          20544  java.lang.module.ModuleDescriptor$Exports (java.base@17.0.15)
 273:           284          20448  com.electronwill.nightconfig.core.file.WriteAsyncFileConfig (com.electronwill.nightconfig.core@3.6.4)
 274:           364          20384  org.openjdk.nashorn.internal.runtime.AccessorProperty (org.openjdk.nashorn)
 275:           363          20328  java.nio.DirectFloatBufferU (java.base@17.0.15)
 276:           843          20232  com.mojang.datafixers.TypeRewriteRule$Seq (datafixerupper@6.0.8)
 277:           833          19992  com.mojang.serialization.Codec$2 (datafixerupper@6.0.8)
 278:           620          19840  java.lang.Package (java.base@17.0.15)
 279:           825          19800  cpw.mods.niofs.union.UnionFileSystem$EmbeddedFileSystemMetadata (cpw.mods.securejarhandler)
 280:           617          19744  java.lang.WeakPairMap$Pair$Weak$1 (java.base@17.0.15)
 281:           301          19264  java.security.Provider$Service (java.base@17.0.15)
 282:           400          19200  com.mojang.blaze3d.shaders.Uniform (minecraft@1.20.1)
 283:           796          19104  java.security.Provider$ServiceKey (java.base@17.0.15)
 284:           338          18928  sun.security.ssl.CipherSuite (java.base@17.0.15)
 285:          1153          18448  net.minecraft.nbt.IntTag (minecraft@1.20.1)
 286:           768          18432  net.minecraft.client.renderer.block.model.multipart.KeyValueCondition (minecraft@1.20.1)
 287:          1133          18128  com.mojang.serialization.Encoder$4 (datafixerupper@6.0.8)
 288:          1120          17920  net.minecraft.util.datafix.schemas.V1470$$Lambda$2062/0x0000000800869018 (minecraft@1.20.1)
 289:          1110          17760  com.mojang.datafixers.View (datafixerupper@6.0.8)
 290:             2          17440  [Lcom.mojang.serialization.Dynamic; (datafixerupper@6.0.8)
 291:             1          17424  [[Lnet.minecraft.client.gui.font.providers.UnihexProvider$Glyph; (minecraft@1.20.1)
 292:           528          16896  java.lang.module.ModuleDescriptor$Requires (java.base@17.0.15)
 293:          1049          16784  java.util.LinkedHashMap$LinkedValues (java.base@17.0.15)
 294:          1047          16752  net.minecraft.util.datafix.schemas.V1460$$Lambda$2026/0x000000080085fb50 (minecraft@1.20.1)
 295:           685          16440  java.util.zip.Inflater$InflaterZStreamRef (java.base@17.0.15)
 296:           339          16272  sun.security.x509.X500Name (java.base@17.0.15)
 297:          1014          16224  java.util.EnumMap$EntrySet (java.base@17.0.15)
 298:          1014          16224  java.util.EnumMap$Values (java.base@17.0.15)
 299:           253          16192  java.lang.module.ModuleDescriptor (java.base@17.0.15)
 300:          1012          16192  java.util.EnumMap$KeySet (java.base@17.0.15)
 301:           500          16000  net.minecraftforge.accesstransformer.AccessTransformer (accesstransformers@8.0.4)
 302:           659          15816  net.minecraft.client.renderer.texture.SpriteContents$FrameInfo (minecraft@1.20.1)
 303:           647          15528  com.google.common.collect.ImmutableSortedMap$1EntrySet (com.google.common@31.1-jre)
 304:           473          15136  com.mojang.datafixers.types.templates.Hook$HookType (datafixerupper@6.0.8)
 305:           620          14880  com.mojang.datafixers.TypeRewriteRule$All (datafixerupper@6.0.8)
 306:           620          14880  com.mojang.datafixers.TypeRewriteRule$OrElse (datafixerupper@6.0.8)
 307:           617          14808  net.minecraft.tags.TagKey (minecraft@1.20.1)
 308:           925          14800  net.minecraft.world.level.block.state.BlockBehaviour$$Lambda$1493/0x000000080072c878 (minecraft@1.20.1)
 309:           616          14784  com.mojang.datafixers.functions.Id (datafixerupper@6.0.8)
 310:           920          14720  net.minecraft.util.datafix.schemas.V705$$Lambda$1906/0x00000008008421b8 (minecraft@1.20.1)
 311:           611          14664  net.minecraft.client.renderer.block.model.multipart.Selector (minecraft@1.20.1)
 312:           608          14592  com.mojang.serialization.Decoder$1 (datafixerupper@6.0.8)
 313:           607          14568  org.apache.maven.artifact.versioning.ComparableVersion (maven.artifact@3.8.5)
 314:           227          14528  it.unimi.dsi.fastutil.objects.Object2IntOpenHashMap (it.unimi.dsi.fastutil@8.5.9)
 315:           362          14480  com.google.common.collect.HashBasedTable (com.google.common@31.1-jre)
 316:           358          14320  java.lang.invoke.BoundMethodHandle$Species_LLL (java.base@17.0.15)
 317:           888          14208  com.mojang.serialization.codecs.RecordCodecBuilder$$Lambda$1062/0x000000080056a380 (datafixerupper@6.0.8)
 318:           216          13824  it.unimi.dsi.fastutil.ints.Int2ObjectOpenHashMap (it.unimi.dsi.fastutil@8.5.9)
 319:           863          13808  java.util.concurrent.atomic.AtomicBoolean (java.base@17.0.15)
 320:           571          13704  net.minecraftforge.fml.loading.moddiscovery.NightConfigWrapper (fmlloader@1.20.1-47.4.13)
 321:           342          13680  net.minecraftforge.eventbus.ListenerList$ListenerListInst (net.minecraftforge.eventbus)
 322:           285          13680  net.minecraftforge.fml.loading.moddiscovery.ModFileInfo (fmlloader@1.20.1-47.4.13)
 323:           244          13664  com.google.common.collect.HashBiMap (com.google.common@31.1-jre)
 324:           568          13632  sun.nio.ch.NativeThreadSet (java.base@17.0.15)
 325:            95          13560  [Ljava.lang.ClassValue$Entry; (java.base@17.0.15)
 326:           166          13280  sun.security.x509.X509CertImpl (java.base@17.0.15)
 327:           237          13272  java.lang.Module (java.base@17.0.15)
 328:           413          13216  jdk.nio.zipfs.ByteArrayChannel (jdk.zipfs@17.0.15)
 329:           327          13080  java.lang.invoke.BoundMethodHandle$Species_LJ (java.base@17.0.15)
 330:           159          12720  net.minecraft.world.level.block.Block (minecraft@1.20.1)
 331:           393          12576  java.lang.ref.WeakReference (java.base@17.0.15)
 332:           518          12432  java.util.Arrays$ArrayList (java.base@17.0.15)
 333:            47          12400  [Lorg.openjdk.nashorn.internal.runtime.PropertyHashMap$Element; (org.openjdk.nashorn)
 334:           503          12072  sun.security.x509.AlgorithmId (java.base@17.0.15)
 335:           186          11904  org.openjdk.nashorn.internal.runtime.PropertyMap (org.openjdk.nashorn)
 336:           247          11856  java.lang.invoke.DirectMethodHandle$StaticAccessor (java.base@17.0.15)
 337:            85          11560  sun.nio.fs.UnixFileAttributes (java.base@17.0.15)
 338:           339          11416  [Lsun.security.x509.RDN; (java.base@17.0.15)
 339:           713          11408  net.minecraft.util.datafix.schemas.V100$$Lambda$1863/0x0000000800829b68 (minecraft@1.20.1)
 340:           285          11400  com.electronwill.nightconfig.toml.TomlWriter (com.electronwill.nightconfig.toml@3.6.4)
 341:           466          11184  java.util.ImmutableCollections$SetN (java.base@17.0.15)
 342:           342          10944  java.util.concurrent.Semaphore$FairSync (java.base@17.0.15)
 343:           341          10912  jdk.internal.math.FDBigInteger (java.base@17.0.15)
 344:           340          10880  java.lang.invoke.MethodHandleNatives$CallSiteContext (java.base@17.0.15)
 345:           447          10728  jdk.dynalink.beans.AbstractJavaLinker$AnnotatedDynamicMethod (jdk.dynalink@17.0.15)
 346:           191          10696  org.openjdk.nashorn.internal.ir.IdentNode (org.openjdk.nashorn)
 347:            50          10400  [Lcom.mojang.math.OctahedralGroup; (minecraft@1.20.1)
 348:           190          10400  [Ljava.lang.reflect.Field; (java.base@17.0.15)
 349:           325          10400  java.lang.ref.ReferenceQueue (java.base@17.0.15)
 350:           433          10392  com.mojang.serialization.Encoder$2 (datafixerupper@6.0.8)
 351:           647          10352  com.google.common.collect.ImmutableSortedMap$1EntrySet$1 (com.google.common@31.1-jre)
 352:           636          10176  net.minecraft.world.level.block.state.BlockBehaviour$Properties$$Lambda$1492/0x000000080072c630 (minecraft@1.20.1)
 353:           211          10128  java.lang.invoke.BoundMethodHandle$Species_LLLLL (java.base@17.0.15)
 354:            97          10088  java.util.jar.JarFile$JarFileEntry (java.base@17.0.15)
 355:           252          10080  java.lang.invoke.MethodHandleImpl$AsVarargsCollector (java.base@17.0.15)
 356:           419          10056  net.minecraft.client.renderer.block.model.ItemOverride$Predicate (minecraft@1.20.1)
 357:           419          10056  net.minecraft.client.renderer.block.model.ItemOverrides$PropertyMatcher (minecraft@1.20.1)
 358:           251          10040  net.minecraftforge.accesstransformer.MethodTarget (accesstransformers@8.0.4)
 359:           209          10032  java.lang.invoke.BoundMethodHandle$Species_LLLIL (java.base@17.0.15)
 360:           312           9984  net.minecraftforge.jarjar.nio.util.Lazy (JarJarFileSystems@0.3.19)
 361:           414           9936  [Lnet.minecraft.client.renderer.block.model.ItemOverrides$PropertyMatcher; (minecraft@1.20.1)
 362:           414           9936  net.minecraft.client.renderer.block.model.ItemOverride (minecraft@1.20.1)
 363:           414           9936  net.minecraft.client.renderer.block.model.ItemOverrides$BakedOverride (minecraft@1.20.1)
 364:           310           9920  com.mojang.datafixers.functions.FunctionWrapper (datafixerupper@6.0.8)
 365:           124           9920  net.minecraft.world.entity.EntityType (minecraft@1.20.1)
 366:           413           9912  net.minecraftforge.jarjar.nio.pathfs.PathPath (JarJarFileSystems@0.3.19)
 367:           243           9720  org.apache.logging.log4j.core.Logger (org.apache.logging.log4j.core@2.19.0)
 368:           243           9720  org.apache.logging.log4j.core.Logger$PrivateConfig (org.apache.logging.log4j.core@2.19.0)
 369:           395           9480  com.mojang.serialization.Encoder$1 (datafixerupper@6.0.8)
 370:           394           9456  java.util.jar.Manifest (java.base@17.0.15)
 371:           294           9376  [Ljava.security.cert.Certificate; (java.base@17.0.15)
 372:             9           9360  [Lnet.minecraft.client.gui.font.FontSet$GlyphInfoFilter; (minecraft@1.20.1)
 373:             9           9360  [Lnet.minecraft.client.gui.font.glyphs.BakedGlyph; (minecraft@1.20.1)
 374:           166           9296  sun.security.x509.X509CertInfo (java.base@17.0.15)
 375:           385           9240  com.google.common.collect.ImmutableSortedAsList (com.google.common@31.1-jre)
 376:           382           9168  net.minecraftforge.fml.loading.moddiscovery.ModAnnotation$EnumHolder (fmlloader@1.20.1-47.4.13)
 377:           285           9120  com.electronwill.nightconfig.toml.TomlParser (com.electronwill.nightconfig.toml@3.6.4)
 378:           379           9096  net.minecraft.world.phys.shapes.CubeVoxelShape (minecraft@1.20.1)
 379:           284           9088  [Ljava.nio.file.OpenOption; (java.base@17.0.15)
 380:           568           9088  java.nio.channels.spi.AbstractInterruptibleChannel$1 (java.base@17.0.15)
 381:           568           9088  sun.nio.ch.FileChannelImpl$Closer (java.base@17.0.15)
 382:           568           9088  sun.nio.ch.FileDispatcherImpl (java.base@17.0.15)
 383:           567           9072  com.mojang.serialization.MapCodec$MapCodecCodec (datafixerupper@6.0.8)
 384:           262           8384  sun.security.util.KnownOIDs (java.base@17.0.15)
 385:           261           8352  joptsimple.internal.AbbreviationMap (jopt.simple@5.0.4)
 386:           170           8160  java.util.WeakHashMap (java.base@17.0.15)
 387:            60           8160  net.minecraft.client.renderer.ShaderInstance (minecraft@1.20.1)
 388:           170           8160  sun.security.util.MemoryCache$SoftCacheEntry (java.base@17.0.15)
 389:           113           8136  net.minecraft.client.renderer.RenderType$CompositeState (minecraft@1.20.1)
 390:           337           8088  java.util.Date (java.base@17.0.15)
 391:            91           8008  java.util.regex.Pattern (java.base@17.0.15)
 392:           140           7840  jdk.internal.module.ModuleReferenceImpl (java.base@17.0.15)
 393:           245           7840  net.minecraft.client.renderer.block.model.BlockElementRotation (minecraft@1.20.1)
 394:           323           7752  sun.reflect.annotation.AnnotationInvocationHandler (java.base@17.0.15)
 395:           193           7720  java.lang.Package$VersionInfo (java.base@17.0.15)
 396:           320           7680  com.mojang.datafixers.types.templates.Check (datafixerupper@6.0.8)
 397:            60           7680  net.minecraftforge.registries.ForgeRegistry (forge@47.4.13)
 398:           476           7616  java.lang.Character (java.base@17.0.15)
 399:           189           7560  it.unimi.dsi.fastutil.ints.Int2ObjectMaps$SynchronizedMap (it.unimi.dsi.fastutil@8.5.9)
 400:           233           7456  org.apache.logging.log4j.core.config.plugins.processor.PluginEntry (org.apache.logging.log4j.core@2.19.0)
 401:           310           7440  com.mojang.datafixers.DataFix$NamedFunctionWrapper (datafixerupper@6.0.8)
 402:           310           7440  com.mojang.datafixers.TypeRewriteRule$IfSame (datafixerupper@6.0.8)
 403:           307           7368  java.security.Provider$UString (java.base@17.0.15)
 404:           101           7272  it.unimi.dsi.fastutil.objects.Object2IntOpenCustomHashMap (it.unimi.dsi.fastutil@8.5.9)
 405:           180           7200  java.security.ProtectionDomain (java.base@17.0.15)
 406:           224           7168  jdk.dynalink.linker.GuardedInvocation (jdk.dynalink@17.0.15)
 407:           223           7136  org.openjdk.nashorn.internal.runtime.linker.LinkerCallSite (org.openjdk.nashorn)
 408:           178           7120  java.lang.invoke.DirectMethodHandle$Interface (java.base@17.0.15)
 409:           295           7080  com.mojang.datafixers.util.Pair (datafixerupper@6.0.8)
 410:            94           6944  [Lnet.minecraft.world.phys.shapes.VoxelShape; (minecraft@1.20.1)
 411:           288           6912  org.apache.maven.artifact.versioning.VersionRange (maven.artifact@3.8.5)
 412:           285           6840  net.minecraftforge.fml.loading.moddiscovery.ModJarMetadata (fmlloader@1.20.1-47.4.13)
 413:           285           6840  net.minecraftforge.forgespi.language.IModFileInfo$LanguageSpec (net.minecraftforge.forgespi@7.0.1)
 414:            85           6800  java.util.zip.ZipFile$Source (java.base@17.0.15)
 415:           283           6792  com.mojang.serialization.codecs.RecordCodecBuilder$2 (datafixerupper@6.0.8)
 416:           282           6768  java.lang.Long (java.base@17.0.15)
 417:           169           6760  java.lang.invoke.BoundMethodHandle$Species_LI (java.base@17.0.15)
 418:           417           6672  java.util.HashMap$Values (java.base@17.0.15)
 419:           278           6672  org.apache.maven.artifact.versioning.Restriction (maven.artifact@3.8.5)
 420:           411           6576  it.unimi.dsi.fastutil.objects.Object2ObjectOpenHashMap$1 (it.unimi.dsi.fastutil@8.5.9)
 421:           268           6432  jdk.internal.module.ServicesCatalog$ServiceProvider (java.base@17.0.15)
 422:           265           6360  javax.management.ImmutableDescriptor (java.management@17.0.15)
 423:           264           6336  org.openjdk.nashorn.internal.runtime.Specialization (org.openjdk.nashorn)
 424:           113           6328  net.minecraft.client.renderer.RenderType$CompositeRenderType (minecraft@1.20.1)
 425:           158           6320  org.antlr.v4.runtime.atn.BasicState (org.antlr.antlr4.runtime@4.9.1)
 426:            17           6256  java.lang.Thread (java.base@17.0.15)
 427:           390           6240  net.minecraft.util.random.Weight (minecraft@1.20.1)
 428:           156           6240  net.minecraftforge.jarjar.nio.pathfs.PathFileSystem (JarJarFileSystems@0.3.19)
 429:           194           6208  java.util.Collections$SynchronizedMap (java.base@17.0.15)
 430:           385           6160  cpw.mods.jarhandling.impl.Jar$JarModuleDataProvider (cpw.mods.securejarhandler)
 431:           385           6160  cpw.mods.jarhandling.impl.ManifestVerifier (cpw.mods.securejarhandler)
 432:           127           6096  sun.security.rsa.RSAPublicKeyImpl (java.base@17.0.15)
 433:           190           6080  java.lang.ClassValue$Entry (java.base@17.0.15)
 434:           189           6048  com.mojang.datafixers.types.families.RecursiveTypeFamily (datafixerupper@6.0.8)
 435:           189           6048  it.unimi.dsi.fastutil.ints.Int2ObjectAVLTreeMap$Entry (it.unimi.dsi.fastutil@8.5.9)
 436:           188           6016  it.unimi.dsi.fastutil.ints.IntAVLTreeSet$Entry (it.unimi.dsi.fastutil@8.5.9)
 437:            94           6016  java.lang.ClassValue$ClassValueMap (java.base@17.0.15)
 438:           150           6000  java.security.cert.TrustAnchor (java.base@17.0.15)
 439:            83           5976  net.minecraft.world.item.ItemStack (minecraft@1.20.1)
 440:           147           5880  java.security.CodeSource (java.base@17.0.15)
 441:           245           5880  org.apache.logging.log4j.message.DefaultFlowMessageFactory (org.apache.logging.log4j@2.19.0)
 442:           245           5880  org.apache.logging.log4j.spi.AbstractLogger$LocalLogBuilder (org.apache.logging.log4j@2.19.0)
 443:           364           5824  java.util.concurrent.atomic.AtomicReference (java.base@17.0.15)
 444:           362           5792  com.google.common.collect.HashBasedTable$Factory (com.google.common@31.1-jre)
 445:           102           5712  net.minecraft.world.item.Item (minecraft@1.20.1)
 446:           176           5632  org.openjdk.nashorn.internal.runtime.linker.NashornCallSiteDescriptor (org.openjdk.nashorn)
 447:           140           5600  net.minecraft.client.gui.font.FontTexture$Node (minecraft@1.20.1)
 448:           175           5600  net.minecraft.client.renderer.block.model.ItemTransform (minecraft@1.20.1)
 449:           140           5600  org.openjdk.nashorn.internal.runtime.PropertyHashMap (org.openjdk.nashorn)
 450:           233           5592  org.apache.logging.log4j.core.config.plugins.util.PluginType (org.apache.logging.log4j.core@2.19.0)
 451:            11           5544  net.minecraft.Util$2 (minecraft@1.20.1)
 452:           173           5536  com.mojang.datafixers.functions.Comp (datafixerupper@6.0.8)
 453:           345           5520  java.util.concurrent.Semaphore (java.base@17.0.15)
 454:           225           5400  java.time.LocalDateTime (java.base@17.0.15)
 455:           222           5328  org.antlr.v4.runtime.atn.EpsilonTransition (org.antlr.antlr4.runtime@4.9.1)
 456:           221           5304  com.mojang.serialization.Decoder$2 (datafixerupper@6.0.8)
 457:            94           5264  java.util.jar.JarFile (java.base@17.0.15)
 458:           131           5240  com.mojang.datafixers.types.templates.TaggedChoice$TaggedChoiceType (datafixerupper@6.0.8)
 459:           327           5232  java.lang.ref.ReferenceQueue$Lock (java.base@17.0.15)
 460:           109           5232  net.minecraftforge.installer.json.Artifact
 461:           173           5224  [Lcom.mojang.datafixers.functions.PointFree; (datafixerupper@6.0.8)
 462:           163           5216  sun.security.x509.SubjectKeyIdentifierExtension (java.base@17.0.15)
 463:            81           5184  java.nio.DirectByteBuffer (java.base@17.0.15)
 464:           161           5152  java.lang.module.ModuleDescriptor$Version (java.base@17.0.15)
 465:           161           5152  sun.security.pkcs11.SunPKCS11$Descriptor (jdk.crypto.cryptoki@17.0.15)
 466:           214           5136  java.util.regex.Pattern$BmpCharProperty (java.base@17.0.15)
 467:           160           5120  java.lang.invoke.MethodHandles$Lookup (java.base@17.0.15)
 468:           160           5120  sun.security.x509.BasicConstraintsExtension (java.base@17.0.15)
 469:           158           5056  com.sun.jmx.mbeanserver.ConvertingMethod (java.management@17.0.15)
 470:           158           5056  java.lang.ThreadLocal$ThreadLocalMap$Entry (java.base@17.0.15)
 471:           157           5024  sun.security.x509.KeyUsageExtension (java.base@17.0.15)
 472:           125           5000  org.openjdk.nashorn.internal.parser.TokenType (org.openjdk.nashorn)
 473:            89           4984  java.io.FileCleanable (java.base@17.0.15)
 474:           309           4944  java.lang.Character$UnicodeBlock (java.base@17.0.15)
 475:            77           4928  net.minecraft.world.item.SpawnEggItem (minecraft@1.20.1)
 476:           204           4896  net.minecraft.client.model.geom.ModelLayerLocation (minecraft@1.20.1)
 477:           198           4752  sun.reflect.generics.tree.SimpleClassTypeSignature (java.base@17.0.15)
 478:           295           4720  net.minecraft.server.packs.linkfs.PathContents$DirectoryContents (minecraft@1.20.1)
 479:             1           4632  [Lnet.minecraft.nbt.IntTag; (minecraft@1.20.1)
 480:           192           4608  org.apache.logging.slf4j.Log4jLogger (org.apache.logging.log4j.slf4j@2.19.0)
 481:           190           4560  java.lang.Class$AnnotationData (java.base@17.0.15)
 482:           284           4544  com.electronwill.nightconfig.core.file.WriteAsyncFileConfig$WriteCompletedHandler (com.electronwill.nightconfig.core@3.6.4)
 483:           284           4544  com.mojang.serialization.Decoder$$Lambda$1029/0x000000080055d828 (datafixerupper@6.0.8)
 484:           189           4536  com.mojang.serialization.Codec$$Lambda$2953/0x0000000800a1a560 (datafixerupper@6.0.8)
 485:           283           4528  com.mojang.serialization.codecs.RecordCodecBuilder$Instance (datafixerupper@6.0.8)
 486:           283           4528  java.util.LinkedHashMap$LinkedEntrySet (java.base@17.0.15)
 487:            40           4480  net.minecraftforge.registries.NamespacedWrapper (forge@47.4.13)
 488:           279           4464  com.mojang.serialization.codecs.RecordCodecBuilder$$Lambda$1065/0x000000080056a9d8 (datafixerupper@6.0.8)
 489:           138           4416  org.openjdk.nashorn.internal.ir.Symbol (org.openjdk.nashorn)
 490:           110           4400  com.mojang.serialization.codecs.RecordCodecBuilder$Instance$5 (datafixerupper@6.0.8)
 491:           104           4392  [Lorg.openjdk.nashorn.internal.runtime.Property; (org.openjdk.nashorn)
 492:           137           4384  com.mojang.serialization.codecs.RecordCodecBuilder$Instance$$Lambda$1068/0x000000080056b0a8 (datafixerupper@6.0.8)
 493:           137           4384  com.mojang.serialization.codecs.RecordCodecBuilder$Instance$3 (datafixerupper@6.0.8)
 494:           109           4360  org.openjdk.nashorn.internal.codegen.Label (org.openjdk.nashorn)
 495:           180           4320  java.lang.module.ResolvedModule (java.base@17.0.15)
 496:            49           4312  net.minecraft.world.level.block.StairBlock (minecraft@1.20.1)
 497:            67           4288  sun.security.ssl.SSLExtension (java.base@17.0.15)
 498:           267           4272  net.minecraft.util.datafix.schemas.V2501$$Lambda$2100/0x0000000800871bc8 (minecraft@1.20.1)
 499:           265           4240  java.util.TreeMap$Values (java.base@17.0.15)
 500:           106           4240  net.minecraft.util.datafix.schemas.NamespacedSchema (minecraft@1.20.1)
 501:            53           4240  net.minecraft.world.level.block.SlabBlock (minecraft@1.20.1)
 502:           130           4160  com.google.common.collect.RegularImmutableSet (com.google.common@31.1-jre)
 503:            52           4160  net.minecraft.world.level.block.RotatedPillarBlock (minecraft@1.20.1)
 504:           173           4152  com.mojang.datafixers.DataFix$$Lambda$2212/0x000000080088d400 (datafixerupper@6.0.8)
 505:            74           4144  java.lang.invoke.BoundMethodHandle$Species_LLLLLLL (java.base@17.0.15)
 506:           129           4128  com.mojang.blaze3d.platform.InputConstants$Key (minecraft@1.20.1)
 507:            86           4128  jdk.internal.loader.URLClassPath$JarLoader (java.base@17.0.15)
 508:           103           4120  net.minecraft.world.level.block.SoundType (minecraft@1.20.1)
 509:             1           4112  [Lnet.minecraft.client.multiplayer.chat.LoggedChatEvent; (minecraft@1.20.1)
 510:           257           4112  it.unimi.dsi.fastutil.objects.Object2ObjectOpenHashMap$MapEntrySet (it.unimi.dsi.fastutil@8.5.9)
 511:           128           4096  com.mojang.datafixers.types.templates.TaggedChoice (datafixerupper@6.0.8)
 512:           256           4096  java.lang.Byte (java.base@17.0.15)
 513:           256           4096  java.lang.Short (java.base@17.0.15)
 514:           170           4080  sun.security.util.BitArray (java.base@17.0.15)
 515:           127           4064  net.minecraft.world.entity.ai.attributes.AttributeModifier (minecraft@1.20.1)
 516:           169           4056  com.google.common.base.Suppliers$NonSerializableMemoizingSupplier (com.google.common@31.1-jre)
 517:           169           4056  java.lang.module.ModuleDescriptor$Provides (java.base@17.0.15)
 518:             1           4024  [Lorg.antlr.v4.runtime.misc.Interval; (org.antlr.antlr4.runtime@4.9.1)
 519:           166           3984  sun.security.util.Cache$EqualByteArray (java.base@17.0.15)
 520:           166           3984  sun.security.x509.CertificateValidity (java.base@17.0.15)
 521:            99           3960  org.antlr.v4.runtime.atn.LexerATNConfig (org.antlr.antlr4.runtime@4.9.1)
 522:           165           3960  sun.security.x509.CertificateExtensions (java.base@17.0.15)
 523:           164           3936  java.util.regex.Pattern$GroupTail (java.base@17.0.15)
 524:           122           3904  jdk.internal.reflect.NativeMethodAccessorImpl (java.base@17.0.15)
 525:           244           3904  org.apache.logging.log4j.message.ReusableMessageFactory (org.apache.logging.log4j@2.19.0)
 526:           162           3888  java.util.regex.Pattern$GroupHead (java.base@17.0.15)
 527:           161           3864  net.minecraftforge.accesstransformer.FieldTarget (accesstransformers@8.0.4)
 528:            80           3840  java.lang.invoke.BoundMethodHandle$Species_LILL (java.base@17.0.15)
 529:           159           3816  it.unimi.dsi.fastutil.objects.ObjectArrayList (it.unimi.dsi.fastutil@8.5.9)
 530:            95           3800  java.io.ObjectStreamField (java.base@17.0.15)
 531:           157           3768  java.lang.Double (java.base@17.0.15)
 532:           157           3768  java.util.function.Function$$Lambda$1193/0x00000008002f84a8 (java.base@17.0.15)
 533:           156           3744  net.minecraftforge.jarjar.nio.pathfs.PathFileSystem$$Lambda$694/0x00000008003b4830 (JarJarFileSystems@0.3.19)
 534:           156           3744  net.minecraftforge.jarjar.nio.util.Lazy$$Lambda$696/0x00000008003b4ed0 (JarJarFileSystems@0.3.19)
 535:           198           3720  [Lsun.reflect.generics.tree.TypeArgument; (java.base@17.0.15)
 536:           155           3720  java.util.concurrent.CopyOnWriteArrayList (java.base@17.0.15)
 537:            77           3696  net.minecraft.client.OptionInstance (minecraft@1.20.1)
 538:            12           3648  java.util.concurrent.ForkJoinPool$WorkQueue (java.base@17.0.15)
 539:           227           3632  org.apache.maven.artifact.versioning.ComparableVersion$StringItem (maven.artifact@3.8.5)
 540:           112           3584  java.io.File (java.base@17.0.15)
 541:           110           3520  com.mojang.serialization.codecs.RecordCodecBuilder$Instance$$Lambda$1097/0x00000008005765b8 (datafixerupper@6.0.8)
 542:           110           3520  com.mojang.serialization.codecs.RecordCodecBuilder$Instance$$Lambda$1098/0x0000000800576800 (datafixerupper@6.0.8)
 543:           145           3480  java.util.regex.Pattern$Slice (java.base@17.0.15)
 544:            67           3432  [Ljavax.management.MBeanAttributeInfo; (java.management@17.0.15)
 545:           142           3408  net.minecraft.util.datafix.schemas.V1460$$Lambda$2045/0x00000008008664b8 (minecraft@1.20.1)
 546:           141           3384  net.minecraft.client.model.geom.builders.CubeDeformation (minecraft@1.20.1)
 547:           169           3368  [Lcom.sun.jmx.mbeanserver.MXBeanMapping; (java.management@17.0.15)
 548:           140           3360  net.minecraft.client.resources.language.LanguageInfo (minecraft@1.20.1)
 549:            35           3360  net.minecraft.world.level.block.FlowerPotBlock (minecraft@1.20.1)
 550:           206           3296  sun.security.x509.KeyIdentifier (java.base@17.0.15)
 551:           137           3288  com.mojang.serialization.codecs.RecordCodecBuilder$Instance$$Lambda$1067/0x000000080056ae60 (datafixerupper@6.0.8)
 552:            82           3280  com.sun.management.internal.DiagnosticCommandArgumentInfo (jdk.management@17.0.15)
 553:           203           3248  com.mojang.datafixers.util.Either$Right (datafixerupper@6.0.8)
 554:            29           3248  org.openjdk.nashorn.internal.ir.FunctionNode (org.openjdk.nashorn)
 555:            50           3200  org.openjdk.nashorn.internal.runtime.options.OptionTemplate (org.openjdk.nashorn)
 556:           132           3168  java.time.LocalDate (java.base@17.0.15)
 557:            66           3168  javax.management.MBeanInfo (java.management@17.0.15)
 558:           132           3168  jdk.internal.module.SystemModuleFinders$2 (java.base@17.0.15)
 559:            49           3136  javax.management.openmbean.OpenMBeanAttributeInfoSupport (java.management@17.0.15)
 560:           196           3136  sun.reflect.generics.tree.ClassTypeSignature (java.base@17.0.15)
 561:           195           3120  com.google.gson.JsonArray (com.google.gson@2.10)
 562:            97           3104  java.util.concurrent.locks.ReentrantLock$NonfairSync (java.base@17.0.15)
 563:            97           3104  java.util.zip.ZipFile$CleanableResource (java.base@17.0.15)
 564:           129           3096  com.mojang.blaze3d.platform.InputConstants$Key$$Lambda$4477/0x0000000800c07ab0 (minecraft@1.20.1)
 565:            77           3080  org.antlr.v4.runtime.dfa.DFAState (org.antlr.antlr4.runtime@4.9.1)
 566:           128           3072  java.lang.invoke.Invokers (java.base@17.0.15)
 567:           128           3072  java.security.Permissions (java.base@17.0.15)
 568:            96           3072  org.antlr.v4.runtime.atn.ATNConfig (org.antlr.antlr4.runtime@4.9.1)
 569:            96           3072  org.openjdk.nashorn.internal.ir.LiteralNode$StringLiteralNode (org.openjdk.nashorn)
 570:           127           3048  com.mojang.serialization.codecs.OptionalFieldCodec (datafixerupper@6.0.8)
 571:            95           3040  net.minecraftforge.fml.earlydisplay.SimpleFont$Glyph (fmlearlydisplay@1.20.1-47.4.13)
 572:            54           3024  com.google.gson.internal.bind.ReflectiveTypeAdapterFactory$1
 573:           189           3024  it.unimi.dsi.fastutil.objects.Object2IntOpenHashMap$MapEntrySet (it.unimi.dsi.fastutil@8.5.9)
 574:            94           3008  javax.management.MBeanAttributeInfo (java.management@17.0.15)
 575:           188           3008  net.minecraft.util.datafix.schemas.V2100$$Lambda$2097/0x00000008008712a8 (minecraft@1.20.1)
 576:            75           3000  net.minecraft.stats.Stat (minecraft@1.20.1)
 577:           125           3000  net.minecraft.world.entity.EntityDimensions (minecraft@1.20.1)
 578:            89           2960  [Ljava.util.regex.Pattern$Node; (java.base@17.0.15)
 579:            61           2928  java.util.logging.LogManager$LoggerWeakRef (java.logging@17.0.15)
 580:           183           2928  javax.security.auth.x500.X500Principal (java.base@17.0.15)
 581:           122           2928  net.minecraft.client.model.geom.builders.LayerDefinition (minecraft@1.20.1)
 582:           122           2928  net.minecraft.client.model.geom.builders.MaterialDefinition (minecraft@1.20.1)
 583:           180           2880  [Ljava.security.Principal; (java.base@17.0.15)
 584:            60           2880  com.google.common.collect.ArrayListMultimap (com.google.common@31.1-jre)
 585:            60           2880  com.google.common.collect.Multimaps$CustomSetMultimap (com.google.common@31.1-jre)
 586:            60           2880  it.unimi.dsi.fastutil.ints.IntOpenHashSet (it.unimi.dsi.fastutil@8.5.9)
 587:           180           2880  java.security.ProtectionDomain$Key (java.base@17.0.15)
 588:           123           2856  [Ljava.lang.reflect.Type; (java.base@17.0.15)
 589:            89           2848  java.util.regex.Pattern$Branch (java.base@17.0.15)
 590:           118           2832  com.mojang.blaze3d.shaders.Program (minecraft@1.20.1)
 591:            35           2800  jdk.internal.reflect.DelegatingClassLoader (java.base@17.0.15)
 592:            87           2784  java.io.RandomAccessFile (java.base@17.0.15)
 593:            29           2784  org.openjdk.nashorn.internal.runtime.RecompilableScriptFunctionData (org.openjdk.nashorn)
 594:           115           2760  java.util.Collections$SetFromMap (java.base@17.0.15)
 595:           115           2760  net.minecraftforge.fml.loading.moddiscovery.CoreModFile (fmlloader@1.20.1-47.4.13)
 596:           171           2736  sun.security.x509.SerialNumber (java.base@17.0.15)
 597:            34           2720  com.mojang.blaze3d.vertex.BufferBuilder (minecraft@1.20.1)
 598:            56           2688  com.google.common.collect.ImmutableListMultimap (com.google.common@31.1-jre)
 599:           112           2688  java.util.AbstractMap$SimpleImmutableEntry (java.base@17.0.15)
 600:           112           2688  java.util.ArrayDeque (java.base@17.0.15)
 601:            56           2688  net.minecraft.client.gui.font.glyphs.BakedGlyph (minecraft@1.20.1)
 602:           168           2688  net.minecraft.util.datafix.schemas.V99$$Lambda$1808/0x0000000800819790 (minecraft@1.20.1)
 603:            56           2688  org.joml.Matrix3f (org.joml@1.10.5)
 604:           111           2664  java.util.concurrent.LinkedBlockingQueue$Node (java.base@17.0.15)
 605:            83           2656  jdk.internal.reflect.UnsafeObjectFieldAccessorImpl (java.base@17.0.15)
 606:           166           2656  sun.security.x509.CertificateAlgorithmId (java.base@17.0.15)
 607:           166           2656  sun.security.x509.CertificateSerialNumber (java.base@17.0.15)
 608:           166           2656  sun.security.x509.CertificateVersion (java.base@17.0.15)
 609:           166           2656  sun.security.x509.CertificateX509Key (java.base@17.0.15)
 610:           110           2640  com.mojang.datafixers.FieldFinder (datafixerupper@6.0.8)
 611:            33           2640  org.joml.Matrix4f (org.joml@1.10.5)
 612:            47           2632  org.openjdk.nashorn.internal.ir.Block (org.openjdk.nashorn)
 613:           164           2624  net.minecraft.world.phys.shapes.CubePointRange (minecraft@1.20.1)
 614:            65           2600  com.mojang.blaze3d.shaders.BlendMode (minecraft@1.20.1)
 615:            36           2592  net.minecraft.core.MappedRegistry (minecraft@1.20.1)
 616:           160           2560  org.openjdk.nashorn.internal.runtime.options.Option (org.openjdk.nashorn)
 617:           106           2544  net.minecraft.client.model.SkullModel (minecraft@1.20.1)
 618:           158           2528  net.minecraft.util.datafix.schemas.V1906$$Lambda$2083/0x000000080086e2d0 (minecraft@1.20.1)
 619:           105           2520  java.lang.invoke.MutableCallSite (java.base@17.0.15)
 620:            45           2520  java.nio.HeapByteBuffer (java.base@17.0.15)
 621:           156           2496  net.minecraftforge.jarjar.nio.pathfs.PathFileSystem$$Lambda$695/0x00000008003b4c88 (JarJarFileSystems@0.3.19)
 622:           103           2472  [[C (java.base@17.0.15)
 623:           103           2472  com.google.gson.internal.bind.TypeAdapters$31 (com.google.gson@2.10)
 624:           103           2472  cpw.mods.cl.JarModuleFinder$JarModuleReference (cpw.mods.securejarhandler)
 625:           102           2448  java.util.Collections$UnmodifiableRandomAccessList (java.base@17.0.15)
 626:            51           2448  org.openjdk.nashorn.internal.ir.AccessNode (org.openjdk.nashorn)
 627:            61           2440  com.mojang.serialization.codecs.RecordCodecBuilder$Instance$$Lambda$1196/0x0000000800595000 (datafixerupper@6.0.8)
 628:            61           2440  com.mojang.serialization.codecs.RecordCodecBuilder$Instance$7 (datafixerupper@6.0.8)
 629:            76           2432  cpw.mods.jarhandling.impl.SimpleJarMetadata (cpw.mods.securejarhandler)
 630:            76           2432  java.lang.invoke.SimpleMethodHandle (java.base@17.0.15)
 631:            76           2432  java.security.AlgorithmParameters (java.base@17.0.15)
 632:            60           2400  com.mojang.blaze3d.platform.VideoMode (minecraft@1.20.1)
 633:            20           2400  net.minecraftforge.registries.NamespacedDefaultedWrapper (forge@47.4.13)
 634:            50           2400  org.openjdk.nashorn.internal.ir.PropertyNode (org.openjdk.nashorn)
 635:            12           2392  [[Ljava.lang.String; (java.base@17.0.15)
 636:            99           2376  java.lang.ProcessEnvironment$Value (java.base@17.0.15)
 637:            99           2376  java.lang.ProcessEnvironment$Variable (java.base@17.0.15)
 638:           146           2336  net.minecraft.util.datafix.schemas.V1451_6$$Lambda$1992/0x0000000800853470 (minecraft@1.20.1)
 639:           146           2336  net.minecraft.util.datafix.schemas.V1451_6$$Lambda$1993/0x0000000800853698 (minecraft@1.20.1)
 640:           146           2336  net.minecraft.util.datafix.schemas.V1451_6$$Lambda$1994/0x00000008008538c0 (minecraft@1.20.1)
 641:            39           2328  [Lnet.minecraft.client.renderer.block.model.ItemOverrides$BakedOverride; (minecraft@1.20.1)
 642:            97           2328  java.security.spec.ECPoint (java.base@17.0.15)
 643:            48           2304  com.mojang.serialization.codecs.KeyDispatchCodec (datafixerupper@6.0.8)
 644:            72           2304  java.util.logging.LogManager$LogNode (java.logging@17.0.15)
 645:           144           2304  net.minecraft.util.datafix.schemas.V704$$Lambda$1898/0x0000000800840b40 (minecraft@1.20.1)
 646:            57           2280  [Lnet.minecraftforge.eventbus.ListenerList$ListenerListInst; (net.minecraftforge.eventbus)
 647:           142           2272  net.minecraft.util.LazyLoadedValue (minecraft@1.20.1)
 648:           142           2272  net.minecraft.util.LazyLoadedValue$$Lambda$2560/0x00000008009dc000 (minecraft@1.20.1)
 649:           142           2272  net.minecraft.util.datafix.schemas.V1460$$Lambda$2004/0x000000080085c920 (minecraft@1.20.1)
 650:           142           2272  net.minecraft.util.datafix.schemas.V1460$$Lambda$2005/0x000000080085cb68 (minecraft@1.20.1)
 651:           142           2272  net.minecraft.util.datafix.schemas.V1460$$Lambda$2006/0x000000080085cdb0 (minecraft@1.20.1)
 652:           142           2272  net.minecraft.util.datafix.schemas.V1460$$Lambda$2007/0x000000080085cff8 (minecraft@1.20.1)
 653:           142           2272  net.minecraft.util.datafix.schemas.V1460$$Lambda$2008/0x000000080085d240 (minecraft@1.20.1)
 654:           142           2272  net.minecraft.util.datafix.schemas.V1460$$Lambda$2009/0x000000080085d488 (minecraft@1.20.1)
 655:           142           2272  net.minecraft.util.datafix.schemas.V1460$$Lambda$2010/0x000000080085d6d0 (minecraft@1.20.1)
 656:           142           2272  net.minecraft.util.datafix.schemas.V1460$$Lambda$2011/0x000000080085d918 (minecraft@1.20.1)
 657:           142           2272  net.minecraft.util.datafix.schemas.V1460$$Lambda$2012/0x000000080085db60 (minecraft@1.20.1)
 658:           142           2272  net.minecraft.util.datafix.schemas.V1460$$Lambda$2013/0x000000080085dda8 (minecraft@1.20.1)
 659:           142           2272  net.minecraft.util.datafix.schemas.V1460$$Lambda$2014/0x000000080085dff0 (minecraft@1.20.1)
 660:           142           2272  net.minecraft.util.datafix.schemas.V1460$$Lambda$2015/0x000000080085e238 (minecraft@1.20.1)
 661:           142           2272  net.minecraft.util.datafix.schemas.V1460$$Lambda$2016/0x000000080085e480 (minecraft@1.20.1)
 662:           142           2272  net.minecraft.util.datafix.schemas.V1460$$Lambda$2017/0x000000080085e6c8 (minecraft@1.20.1)
 663:           142           2272  net.minecraft.util.datafix.schemas.V1460$$Lambda$2018/0x000000080085e910 (minecraft@1.20.1)
 664:           142           2272  net.minecraft.util.datafix.schemas.V1460$$Lambda$2019/0x000000080085eb58 (minecraft@1.20.1)
 665:           142           2272  net.minecraft.util.datafix.schemas.V1460$$Lambda$2020/0x000000080085eda0 (minecraft@1.20.1)
 666:           142           2272  net.minecraft.util.datafix.schemas.V1460$$Lambda$2021/0x000000080085efe8 (minecraft@1.20.1)
 667:           142           2272  net.minecraft.util.datafix.schemas.V1460$$Lambda$2022/0x000000080085f230 (minecraft@1.20.1)
 668:           142           2272  net.minecraft.util.datafix.schemas.V1460$$Lambda$2023/0x000000080085f478 (minecraft@1.20.1)
 669:           142           2272  net.minecraft.util.datafix.schemas.V1460$$Lambda$2024/0x000000080085f6c0 (minecraft@1.20.1)
 670:           142           2272  net.minecraft.util.datafix.schemas.V1460$$Lambda$2025/0x000000080085f908 (minecraft@1.20.1)
 671:           142           2272  net.minecraft.util.datafix.schemas.V1460$$Lambda$2027/0x000000080085fd78 (minecraft@1.20.1)
 672:           142           2272  net.minecraft.util.datafix.schemas.V1460$$Lambda$2028/0x0000000800864000 (minecraft@1.20.1)
 673:           142           2272  net.minecraft.util.datafix.schemas.V1460$$Lambda$2029/0x0000000800864248 (minecraft@1.20.1)
 674:           142           2272  net.minecraft.util.datafix.schemas.V1460$$Lambda$2032/0x00000008008648d0 (minecraft@1.20.1)
 675:           142           2272  net.minecraft.util.datafix.schemas.V1460$$Lambda$2034/0x0000000800864d20 (minecraft@1.20.1)
 676:           142           2272  net.minecraft.util.datafix.schemas.V1460$$Lambda$2035/0x0000000800864f48 (minecraft@1.20.1)
 677:           142           2272  net.minecraft.util.datafix.schemas.V1460$$Lambda$2036/0x0000000800865170 (minecraft@1.20.1)
 678:           142           2272  net.minecraft.util.datafix.schemas.V1460$$Lambda$2037/0x0000000800865398 (minecraft@1.20.1)
 679:           142           2272  net.minecraft.util.datafix.schemas.V1460$$Lambda$2038/0x00000008008655c0 (minecraft@1.20.1)
 680:           142           2272  net.minecraft.util.datafix.schemas.V1460$$Lambda$2040/0x0000000800865a08 (minecraft@1.20.1)
 681:           142           2272  net.minecraft.util.datafix.schemas.V1460$$Lambda$2044/0x0000000800866290 (minecraft@1.20.1)
 682:           142           2272  net.minecraft.util.datafix.schemas.V1460$$Lambda$2046/0x00000008008666e0 (minecraft@1.20.1)
 683:           142           2272  net.minecraft.util.datafix.schemas.V1460$$Lambda$2048/0x0000000800866b28 (minecraft@1.20.1)
 684:           142           2272  net.minecraft.util.datafix.schemas.V1460$$Lambda$2051/0x0000000800867198 (minecraft@1.20.1)
 685:           142           2272  net.minecraft.util.datafix.schemas.V1460$$Lambda$2056/0x0000000800867c40 (minecraft@1.20.1)
 686:            47           2256  java.lang.StackTraceElement (java.base@17.0.15)
 687:           140           2240  net.minecraft.util.datafix.schemas.V1470$$Lambda$2063/0x0000000800869240 (minecraft@1.20.1)
 688:            93           2232  com.google.common.collect.HashBiMap$Inverse (com.google.common@31.1-jre)
 689:            93           2232  java.util.regex.Pattern$BmpCharPropertyGreedy (java.base@17.0.15)
 690:            69           2208  jdk.internal.loader.BuiltinClassLoader$LoadedModule (java.base@17.0.15)
 691:           138           2208  net.minecraft.util.datafix.schemas.V99$$Lambda$1825/0x000000080081bdb8 (minecraft@1.20.1)
 692:            68           2176  java.lang.invoke.LambdaForm$Kind (java.base@17.0.15)
 693:             4           2176  org.openjdk.nashorn.internal.objects.Global (org.openjdk.nashorn)
 694:            54           2160  net.minecraft.world.effect.MobEffectInstance (minecraft@1.20.1)
 695:            30           2160  net.minecraftforge.registries.RegistryBuilder (forge@47.4.13)
 696:            14           2144  [Ljava.lang.ThreadLocal$ThreadLocalMap$Entry; (java.base@17.0.15)
 697:            38           2128  org.openjdk.nashorn.internal.ir.CallNode (org.openjdk.nashorn)
 698:            53           2120  org.antlr.v4.runtime.atn.OrderedATNConfigSet (org.antlr.antlr4.runtime@4.9.1)
 699:            53           2120  sun.security.util.NamedCurve (java.base@17.0.15)
 700:            44           2112  com.sun.management.internal.DiagnosticCommandInfo (jdk.management@17.0.15)
 701:            87           2088  org.apache.logging.log4j.core.pattern.PatternFormatter (org.apache.logging.log4j.core@2.19.0)
 702:            52           2080  java.lang.invoke.VarHandle$AccessDescriptor (java.base@17.0.15)
 703:            65           2080  net.minecraft.client.resources.model.BuiltInModel (minecraft@1.20.1)
 704:            37           2072  java.nio.DirectIntBufferU (java.base@17.0.15)
 705:            81           2064  [Ljavax.management.ObjectName$Property; (java.management@17.0.15)
 706:             1           2064  [Lorg.openjdk.nashorn.internal.runtime.SpillProperty$Accessors; (org.openjdk.nashorn)
 707:            86           2064  java.util.regex.Pattern$$Lambda$39/0x00000008000bd9c8 (java.base@17.0.15)
 708:            86           2064  net.minecraft.core.particles.SimpleParticleType (minecraft@1.20.1)
 709:            85           2040  java.util.zip.ZipFile$Source$Key (java.base@17.0.15)
 710:           126           2016  jdk.internal.module.SystemModuleFinders$3 (java.base@17.0.15)
 711:            62           1984  net.minecraft.client.renderer.RenderStateShard$TextureStateShard (minecraft@1.20.1)
 712:           123           1968  jdk.internal.reflect.DelegatingMethodAccessorImpl (java.base@17.0.15)
 713:            49           1960  java.security.AccessControlContext (java.base@17.0.15)
 714:            61           1952  com.mojang.serialization.codecs.RecordCodecBuilder$Instance$$Lambda$1195/0x0000000800597c58 (datafixerupper@6.0.8)
 715:           122           1952  net.minecraft.client.model.geom.builders.MeshDefinition (minecraft@1.20.1)
 716:            61           1952  net.minecraft.world.item.crafting.Ingredient (minecraft@1.20.1)
 717:            81           1944  com.mojang.datafixers.types.templates.CompoundList (datafixerupper@6.0.8)
 718:            81           1936  [Ljava.lang.invoke.SwitchPoint; (java.base@17.0.15)
 719:            13           1936  [[B (java.base@17.0.15)
 720:            22           1936  net.minecraft.world.level.block.WallBlock (minecraft@1.20.1)
 721:            48           1920  com.mojang.math.OctahedralGroup (minecraft@1.20.1)
 722:            80           1920  java.util.Currency$OtherCurrencyEntry (java.base@17.0.15)
 723:           119           1904  java.util.regex.Pattern$$Lambda$37/0x00000008000badb0 (java.base@17.0.15)
 724:            34           1904  sun.security.ssl.NamedGroup (java.base@17.0.15)
 725:           118           1888  net.minecraft.util.datafix.schemas.V1800$$Lambda$2076/0x000000080086c998 (minecraft@1.20.1)
 726:           118           1888  net.minecraft.util.datafix.schemas.V1800$$Lambda$2077/0x000000080086cbc0 (minecraft@1.20.1)
 727:           118           1888  net.minecraft.world.entity.ai.attributes.AttributeModifier$$Lambda$2486/0x00000008009a2480 (minecraft@1.20.1)
 728:            47           1880  net.minecraft.world.level.block.state.properties.BooleanProperty (minecraft@1.20.1)
 729:            13           1872  [Ljava.lang.invoke.MemberName; (java.base@17.0.15)
 730:            78           1872  com.mojang.serialization.codecs.EitherCodec (datafixerupper@6.0.8)
 731:            77           1848  net.minecraft.client.OptionInstance$$Lambda$4372/0x0000000800bf0ab0 (minecraft@1.20.1)
 732:            33           1848  net.minecraft.network.chat.Style (minecraft@1.20.1)
 733:           115           1840  java.lang.Float (java.base@17.0.15)
 734:            76           1824  javax.management.ObjectName$Property (java.management@17.0.15)
 735:            57           1824  net.minecraft.client.renderer.RenderStateShard$ShaderStateShard (minecraft@1.20.1)
 736:           114           1824  net.minecraft.util.datafix.schemas.V1904$$Lambda$2081/0x000000080086dbd8 (minecraft@1.20.1)
 737:           113           1808  net.minecraft.client.renderer.RenderType$CompositeRenderType$$Lambda$4852/0x0000000800d08470 (minecraft@1.20.1)
 738:           113           1808  net.minecraft.client.renderer.RenderType$CompositeRenderType$$Lambda$4853/0x0000000800d08698 (minecraft@1.20.1)
 739:            28           1792  it.unimi.dsi.fastutil.objects.ObjectLinkedOpenCustomHashSet (it.unimi.dsi.fastutil@8.5.9)
 740:           112           1792  net.minecraft.util.datafix.schemas.V1906$$Lambda$2084/0x000000080086e4f8 (minecraft@1.20.1)
 741:           112           1792  net.minecraft.util.datafix.schemas.V705$$Lambda$1911/0x0000000800842d00 (minecraft@1.20.1)
 742:            74           1776  java.util.Collections$SynchronizedRandomAccessList (java.base@17.0.15)
 743:           111           1776  net.minecraft.world.level.block.state.properties.Property$$Lambda$1429/0x0000000800662728 (minecraft@1.20.1)
 744:           111           1776  net.minecraft.world.level.block.state.properties.Property$$Lambda$1430/0x0000000800662970 (minecraft@1.20.1)
 745:           111           1776  net.minecraft.world.level.block.state.properties.Property$$Lambda$1431/0x0000000800662dc8 (minecraft@1.20.1)
 746:            17           1768  net.minecraft.world.level.block.entity.ShulkerBoxBlockEntity (minecraft@1.20.1)
 747:            55           1760  javax.management.MBeanParameterInfo (java.management@17.0.15)
 748:            73           1752  [Ljava.nio.file.Path; (java.base@17.0.15)
 749:            73           1752  com.google.gson.reflect.TypeToken (com.google.gson@2.10)
 750:            73           1752  cpw.mods.bootstraplauncher.BootstrapLauncher$PackageTracker (cpw.mods.bootstraplauncher@1.1.2)
 751:            36           1728  sun.nio.cs.UTF_8$Encoder (java.base@17.0.15)
 752:            43           1720  sun.security.ec.ECPublicKeyImpl (jdk.crypto.ec@17.0.15)
 753:            43           1720  sun.security.x509.AuthorityKeyIdentifierExtension (java.base@17.0.15)
 754:            71           1704  jdk.dynalink.NamedOperation (jdk.dynalink@17.0.15)
 755:            53           1696  java.security.spec.EllipticCurve (java.base@17.0.15)
 756:           106           1696  net.minecraft.util.datafix.schemas.V1920$$Lambda$2087/0x000000080086f0e0 (minecraft@1.20.1)
 757:            53           1696  sun.security.x509.URIName (java.base@17.0.15)
 758:            70           1680  it.unimi.dsi.fastutil.ints.IntArrayList (it.unimi.dsi.fastutil@8.5.9)
 759:            21           1680  net.minecraft.world.item.ArmorItem (minecraft@1.20.1)
 760:            52           1664  jdk.internal.loader.NativeLibraries (java.base@17.0.15)
 761:            52           1664  net.minecraft.client.renderer.texture.SpriteContents$AnimatedTexture (minecraft@1.20.1)
 762:            52           1664  net.minecraft.client.renderer.texture.SpriteContents$Ticker (minecraft@1.20.1)
 763:           104           1664  net.minecraft.util.datafix.schemas.V1928$$Lambda$2089/0x000000080086f7d8 (minecraft@1.20.1)
 764:            46           1648  [Ljava.lang.invoke.LambdaFormEditor$Transform; (java.base@17.0.15)
 765:           103           1648  net.minecraft.util.datafix.schemas.V1929$$Lambda$2091/0x0000000800870000 (minecraft@1.20.1)
 766:           103           1648  net.minecraft.util.datafix.schemas.V1929$$Lambda$2092/0x0000000800870248 (minecraft@1.20.1)
 767:            68           1632  com.mojang.serialization.MapCodec$6 (datafixerupper@6.0.8)
 768:           102           1632  net.minecraft.util.datafix.schemas.V1931$$Lambda$2094/0x0000000800870960 (minecraft@1.20.1)
 769:            68           1632  sun.reflect.generics.factory.CoreReflectionFactory (java.base@17.0.15)
 770:            67           1608  net.minecraft.client.renderer.block.model.multipart.MultiPart (minecraft@1.20.1)
 771:            67           1608  org.antlr.v4.runtime.atn.AtomTransition (org.antlr.antlr4.runtime@4.9.1)
 772:            40           1600  javax.management.MBeanOperationInfo (java.management@17.0.15)
 773:            50           1600  jdk.internal.reflect.UnsafeStaticObjectFieldAccessorImpl (java.base@17.0.15)
 774:            18           1584  com.google.gson.Gson (com.google.gson@2.10)
 775:            66           1584  java.lang.RuntimePermission (java.base@17.0.15)
 776:            33           1584  java.time.temporal.ValueRange (java.base@17.0.15)
 777:            99           1584  java.util.WeakHashMap$KeySet (java.base@17.0.15)
 778:            66           1584  net.minecraft.core.registries.BuiltInRegistries$$Lambda$1324/0x00000008005cf380 (minecraft@1.20.1)
 779:            98           1568  net.minecraft.core.MappedRegistry$1 (minecraft@1.20.1)
 780:            49           1568  org.openjdk.nashorn.internal.codegen.CompilerConstants$2 (org.openjdk.nashorn)
 781:            65           1560  com.mojang.serialization.codecs.RecordCodecBuilder$Instance$$Lambda$1194/0x0000000800597a10 (datafixerupper@6.0.8)
 782:            65           1560  java.util.regex.Pattern$BmpCharPredicate$$Lambda$40/0x00000008000bdc50 (java.base@17.0.15)
 783:            39           1560  joptsimple.RequiredArgumentOptionSpec (jopt.simple@5.0.4)
 784:            65           1560  net.minecraft.util.ExtraCodecs$$Lambda$1122/0x000000080057a610 (minecraft@1.20.1)
 785:            65           1560  net.minecraft.util.ExtraCodecs$2 (minecraft@1.20.1)
 786:            97           1552  net.minecraft.world.entity.ai.memory.MemoryModuleType (minecraft@1.20.1)
 787:            64           1536  com.mojang.datafixers.types.templates.Hook (datafixerupper@6.0.8)
 788:            32           1536  net.minecraft.client.KeyMapping (minecraft@1.20.1)
 789:            96           1536  net.minecraft.client.renderer.block.model.multipart.AndCondition (minecraft@1.20.1)
 790:            96           1536  net.minecraft.util.datafix.schemas.V1460$$Lambda$2050/0x0000000800866f70 (minecraft@1.20.1)
 791:            96           1536  net.minecraft.util.datafix.schemas.V1466$$Lambda$2060/0x0000000800868920 (minecraft@1.20.1)
 792:            96           1536  net.minecraft.util.datafix.schemas.V99$$Lambda$1817/0x000000080081abd8 (minecraft@1.20.1)
 793:            16           1536  net.minecraft.world.level.block.StainedGlassPaneBlock (minecraft@1.20.1)
 794:            64           1536  sun.reflect.generics.reflectiveObjects.ParameterizedTypeImpl (java.base@17.0.15)
 795:            47           1504  java.util.RegularEnumSet (java.base@17.0.15)
 796:            94           1504  net.minecraft.util.datafix.schemas.V2100$$Lambda$2098/0x00000008008714d0 (minecraft@1.20.1)
 797:            62           1488  com.google.gson.reflect.TypeToken
 798:            62           1488  jdk.internal.module.SystemModuleFinders$SystemModuleReader (java.base@17.0.15)
 799:            62           1488  net.minecraft.client.renderer.RenderStateShard$TextureStateShard$$Lambda$4793/0x0000000800cbb288 (minecraft@1.20.1)
 800:            62           1488  net.minecraft.world.level.material.MapColor (minecraft@1.20.1)
 801:            62           1488  org.lwjgl.system.Configuration (org.lwjgl@3.3.1+7)
 802:            52           1472  [Ljavax.management.MBeanOperationInfo; (java.management@17.0.15)
 803:            23           1472  java.lang.invoke.BoundMethodHandle$Species_LLLLLLLLL (java.base@17.0.15)
 804:            17           1464  [Ljava.lang.Byte; (java.base@17.0.15)
 805:             1           1464  [Ljava.lang.Character$UnicodeBlock; (java.base@17.0.15)
 806:            61           1464  java.lang.invoke.SwitchPoint (java.base@17.0.15)
 807:            61           1464  java.util.Collections$SingletonList (java.base@17.0.15)
 808:            61           1464  org.apache.logging.log4j.core.pattern.AnsiEscape (org.apache.logging.log4j.core@2.19.0)
 809:            61           1456  [Lnet.minecraft.world.item.crafting.Ingredient$Value; (minecraft@1.20.1)
 810:             3           1440  [Lorg.openjdk.nashorn.internal.parser.TokenType; (org.openjdk.nashorn)
 811:            30           1440  net.minecraft.world.level.block.state.properties.IntegerProperty (minecraft@1.20.1)
 812:            60           1440  net.minecraft.world.level.gameevent.GameEvent (minecraft@1.20.1)
 813:            60           1440  net.minecraftforge.registries.ForgeRegistryTagManager (forge@47.4.13)
 814:            45           1440  org.joml.Quaternionf (org.joml@1.10.5)
 815:            30           1440  org.spongepowered.asm.mixin.MixinEnvironment$Option (org.spongepowered.mixin)
 816:            89           1424  java.util.regex.Pattern$BranchConn (java.base@17.0.15)
 817:            59           1416  com.google.gson.internal.bind.TypeAdapters$32 (com.google.gson@2.10)
 818:            44           1408  com.sun.management.internal.DiagnosticCommandImpl$Wrapper (jdk.management@17.0.15)
 819:            44           1408  java.util.ImmutableCollections$MapN (java.base@17.0.15)
 820:            88           1408  net.minecraft.client.particle.ParticleEngine$MutableSpriteSet (minecraft@1.20.1)
 821:            44           1408  net.minecraft.util.datafix.fixes.AddNewChoices (minecraft@1.20.1)
 822:            88           1408  net.minecraft.util.datafix.schemas.V2502$$Lambda$2102/0x00000008008722c0 (minecraft@1.20.1)
 823:            44           1408  org.openjdk.nashorn.internal.codegen.CompilerConstants (org.openjdk.nashorn)
 824:            22           1408  sun.security.ec.SunEC$ProviderServiceA (jdk.crypto.ec@17.0.15)
 825:            22           1408  sun.security.ssl.SignatureScheme (java.base@17.0.15)
 826:            35           1400  org.antlr.v4.runtime.atn.RuleStartState (org.antlr.antlr4.runtime@4.9.1)
 827:            35           1400  org.antlr.v4.runtime.atn.RuleStopState (org.antlr.antlr4.runtime@4.9.1)
 828:            58           1392  jdk.internal.loader.AbstractClassLoaderValue$Sub (java.base@17.0.15)
 829:             1           1376  [Ljdk.internal.math.FDBigInteger; (java.base@17.0.15)
 830:            43           1376  java.time.format.DateTimeFormatterBuilder$NumberPrinterParser (java.base@17.0.15)
 831:            86           1376  net.minecraft.core.particles.SimpleParticleType$$Lambda$1591/0x000000080075c438 (minecraft@1.20.1)
 832:            86           1376  net.minecraft.util.datafix.schemas.V2505$$Lambda$2104/0x00000008008729b8 (minecraft@1.20.1)
 833:            43           1376  sun.reflect.generics.repository.ClassRepository (java.base@17.0.15)
 834:             1           1368  [Lsun.security.ssl.CipherSuite; (java.base@17.0.15)
 835:            57           1368  java.util.regex.Pattern$CharPropertyGreedy (java.base@17.0.15)
 836:            57           1368  net.minecraft.world.item.alchemy.PotionBrewing$Mix (minecraft@1.20.1)
 837:            57           1368  net.minecraftforge.eventbus.ListenerList (net.minecraftforge.eventbus)
 838:            34           1360  java.lang.invoke.MethodHandleImpl$IntrinsicMethodHandle (java.base@17.0.15)
 839:            17           1360  net.minecraft.world.item.SmithingTemplateItem (minecraft@1.20.1)
 840:            17           1360  net.minecraft.world.level.block.CandleBlock (minecraft@1.20.1)
 841:            17           1360  net.minecraft.world.level.block.CandleCakeBlock (minecraft@1.20.1)
 842:            17           1360  net.minecraft.world.level.block.ShulkerBoxBlock (minecraft@1.20.1)
 843:            85           1360  sun.nio.fs.UnixFileAttributes$UnixAsBasicFileAttributes (java.base@17.0.15)
 844:            84           1344  net.minecraft.util.datafix.schemas.V2509$$Lambda$2106/0x00000008008730b0 (minecraft@1.20.1)
 845:            24           1344  org.openjdk.nashorn.internal.scripts.JO4 (org.openjdk.nashorn.structures)
 846:            28           1344  sun.nio.cs.StreamEncoder (java.base@17.0.15)
 847:            33           1320  java.lang.invoke.MethodHandleImpl$WrappedMember (java.base@17.0.15)
 848:            55           1320  java.util.regex.Pattern$Start (java.base@17.0.15)
 849:            33           1320  jdk.internal.ref.Cleaner (java.base@17.0.15)
 850:            41           1312  javax.management.ObjectName (java.management@17.0.15)
 851:            82           1312  net.minecraft.world.item.ItemStack$$Lambda$2608/0x00000008009e63e8 (minecraft@1.20.1)
 852:            41           1312  org.openjdk.nashorn.internal.codegen.CompilerConstants$7 (org.openjdk.nashorn)
 853:            81           1296  com.mojang.serialization.codecs.ListCodec (datafixerupper@6.0.8)
 854:            27           1296  java.lang.invoke.BoundMethodHandle$SpeciesData (java.base@17.0.15)
 855:            54           1296  net.minecraft.util.valueproviders.IntProvider$$Lambda$1515/0x00000008007376a0 (minecraft@1.20.1)
 856:            23           1288  java.util.logging.Logger (java.logging@17.0.15)
 857:            40           1280  [Ljava.math.BigInteger; (java.base@17.0.15)
 858:            44           1280  [Lnet.minecraft.resources.ResourceLocation; (minecraft@1.20.1)
 859:            16           1280  com.google.common.cache.LocalCache$Segment (com.google.common@31.1-jre)
 860:            40           1280  com.mojang.serialization.codecs.RecordCodecBuilder$Instance$1 (datafixerupper@6.0.8)
 861:            80           1280  java.util.regex.Pattern$BitClass (java.base@17.0.15)
 862:            40           1280  net.minecraft.world.food.FoodProperties (minecraft@1.20.1)
 863:            16           1280  net.minecraft.world.level.block.BannerBlock (minecraft@1.20.1)
 864:            16           1280  net.minecraft.world.level.block.BedBlock (minecraft@1.20.1)
 865:            16           1280  net.minecraft.world.level.block.ConcretePowderBlock (minecraft@1.20.1)
 866:            16           1280  net.minecraft.world.level.block.DropExperienceBlock (minecraft@1.20.1)
 867:            16           1280  net.minecraft.world.level.block.GlazedTerracottaBlock (minecraft@1.20.1)
 868:            16           1280  net.minecraft.world.level.block.StainedGlassBlock (minecraft@1.20.1)
 869:            16           1280  net.minecraft.world.level.block.WallBannerBlock (minecraft@1.20.1)
 870:            16           1280  net.minecraft.world.level.block.WoolCarpetBlock (minecraft@1.20.1)
 871:            20           1280  sun.security.ec.SunEC$ProviderService (jdk.crypto.ec@17.0.15)
 872:            53           1272  com.mojang.datafixers.NamedChoiceFinder (datafixerupper@6.0.8)
 873:            79           1264  net.minecraft.util.datafix.schemas.V2519$$Lambda$2108/0x00000008008737a8 (minecraft@1.20.1)
 874:            52           1248  net.minecraft.client.renderer.texture.TextureAtlasSprite$1 (minecraft@1.20.1)
 875:            78           1248  net.minecraft.util.datafix.schemas.V2522$$Lambda$2110/0x0000000800873ea0 (minecraft@1.20.1)
 876:            31           1240  java.lang.invoke.DirectMethodHandle$Special (java.base@17.0.15)
 877:            77           1232  java.util.concurrent.atomic.AtomicInteger (java.base@17.0.15)
 878:            77           1232  net.minecraft.client.color.item.ItemColors$$Lambda$4952/0x0000000800d28ed0 (minecraft@1.20.1)
 879:            14           1232  net.minecraft.world.item.CreativeModeTab (minecraft@1.20.1)
 880:            22           1232  org.openjdk.nashorn.internal.runtime.UserAccessorProperty (org.openjdk.nashorn)
 881:            76           1216  it.unimi.dsi.fastutil.objects.Object2ObjectArrayMap$ValuesCollection (it.unimi.dsi.fastutil@8.5.9)
 882:            76           1216  java.lang.ThreadLocal (java.base@17.0.15)
 883:            19           1216  net.minecraft.world.item.StandingAndWallBlockItem (minecraft@1.20.1)
 884:            30           1200  java.lang.invoke.VarHandleReferences$FieldInstanceReadWrite (java.base@17.0.15)
 885:            30           1200  java.time.temporal.ChronoField (java.base@17.0.15)
 886:            30           1200  net.minecraft.world.level.block.state.properties.EnumProperty (minecraft@1.20.1)
 887:            30           1200  net.minecraft.world.phys.Vec3 (minecraft@1.20.1)
 888:            50           1200  sun.reflect.generics.scope.ClassScope (java.base@17.0.15)
 889:            74           1184  jdk.proxy2.$Proxy2 (jdk.proxy2)
 890:            37           1184  net.minecraft.world.level.material.FluidState (minecraft@1.20.1)
 891:            49           1176  org.apache.logging.log4j.core.pattern.SimpleLiteralPatternConverter$StringValue (org.apache.logging.log4j.core@2.19.0)
 892:            21           1176  org.apache.logging.log4j.core.util.datetime.FixedDateFormat$FixedFormat (org.apache.logging.log4j.core@2.19.0)
 893:            36           1152  com.google.gson.internal.bind.TreeTypeAdapter$SingleTypeFactory (com.google.gson@2.10)
 894:            48           1152  com.mojang.serialization.codecs.KeyDispatchCodec$$Lambda$1479/0x0000000800724788 (datafixerupper@6.0.8)
 895:            48           1152  java.security.BasicPermissionCollection (java.base@17.0.15)
 896:            16           1152  net.minecraft.world.item.RecordItem (minecraft@1.20.1)
 897:            12           1152  net.minecraft.world.level.block.FenceBlock (minecraft@1.20.1)
 898:            36           1152  net.minecraftforge.installer.json.Version$LibraryDownload
 899:            36           1152  org.antlr.v4.runtime.atn.SingletonPredictionContext (org.antlr.antlr4.runtime@4.9.1)
 900:            13           1144  net.minecraft.world.level.block.ButtonBlock (minecraft@1.20.1)
 901:            13           1144  net.minecraft.world.level.block.FlowerBlock (minecraft@1.20.1)
 902:            13           1144  net.minecraft.world.level.block.PressurePlateBlock (minecraft@1.20.1)
 903:             2           1136  [Lsun.security.util.KnownOIDs; (java.base@17.0.15)
 904:            31           1120  [Ljava.time.format.DateTimeFormatterBuilder$DateTimePrinterParser; (java.base@17.0.15)
 905:            28           1120  org.openjdk.nashorn.internal.runtime.NativeJavaPackage (org.openjdk.nashorn)
 906:            69           1104  java.util.concurrent.locks.ReentrantLock (java.base@17.0.15)
 907:            68           1088  sun.security.util.ECParameters (java.base@17.0.15)
 908:            44           1080  [Lcom.sun.management.internal.DiagnosticCommandArgumentInfo; (jdk.management@17.0.15)
 909:            27           1080  [Ljava.lang.invoke.BoundMethodHandle$SpeciesData; (java.base@17.0.15)
 910:            27           1080  com.mojang.math.Transformation (minecraft@1.20.1)
 911:            27           1080  java.io.BufferedWriter (java.base@17.0.15)
 912:            45           1080  jdk.dynalink.beans.OverloadedDynamicMethod (jdk.dynalink@17.0.15)
 913:            45           1080  net.minecraftforge.accesstransformer.ClassTarget (accesstransformers@8.0.4)
 914:            15           1080  sun.security.ssl.SSLCipher (java.base@17.0.15)
 915:            44           1072  [Ljavax.management.MBeanParameterInfo; (java.management@17.0.15)
 916:            19           1064  net.minecraft.world.item.DoubleHighBlockItem (minecraft@1.20.1)
 917:             2           1056  [Ljava.lang.Integer; (java.base@17.0.15)
 918:             2           1056  [Ljava.lang.Long; (java.base@17.0.15)
 919:             2           1056  [Ljava.lang.Short; (java.base@17.0.15)
 920:            44           1056  java.lang.NamedPackage (java.base@17.0.15)
 921:            33           1056  java.nio.DirectByteBuffer$Deallocator (java.base@17.0.15)
 922:            44           1056  net.minecraft.util.datafix.fixes.AddNewChoices$$Lambda$2236/0x0000000800897cc8 (minecraft@1.20.1)
 923:            66           1056  net.minecraft.util.datafix.schemas.V3078$$Lambda$2159/0x000000080087b928 (minecraft@1.20.1)
 924:            44           1056  org.openjdk.nashorn.internal.runtime.Context$BuiltinSwitchPoint (org.openjdk.nashorn)
 925:            66           1056  sun.security.x509.GeneralName (java.base@17.0.15)
 926:            61           1048  [Lsun.reflect.generics.tree.FormalTypeParameter; (java.base@17.0.15)
 927:            13           1040  com.sun.jna.Structure$FFIType (com.sun.jna@5.12.1)
 928:            65           1040  net.minecraft.util.ExtraCodecs$$Lambda$1121/0x000000080057a3c8 (minecraft@1.20.1)
 929:            65           1040  net.minecraft.util.datafix.schemas.V2568$$Lambda$2127/0x0000000800876d08 (minecraft@1.20.1)
 930:             1           1040  org.lwjgl.openal.ALCapabilities (org.lwjgl.openal@3.3.1+7)
 931:            43           1032  com.sun.jmx.mbeanserver.PerInterface$MethodAndSig (java.management@17.0.15)
 932:            43           1032  java.util.regex.Pattern$$Lambda$291/0x0000000800260b58 (java.base@17.0.15)
 933:            43           1032  net.minecraft.client.sounds.SoundManager$Preparations$1 (minecraft@1.20.1)
 934:            43           1032  net.minecraft.world.item.alchemy.Potion (minecraft@1.20.1)
 935:            43           1032  net.minecraft.world.scores.criteria.ObjectiveCriteria (minecraft@1.20.1)
 936:            43           1032  net.minecraftforge.accesstransformer.InnerClassTarget (accesstransformers@8.0.4)
 937:            43           1032  sun.reflect.generics.tree.ClassSignature (java.base@17.0.15)
 938:            32           1024  java.lang.invoke.BoundMethodHandle$Species_I (java.base@17.0.15)
 939:            32           1024  joptsimple.OptionSpecBuilder (jopt.simple@5.0.4)
 940:            16           1024  net.minecraft.world.item.BannerItem (minecraft@1.20.1)
 941:            64           1024  net.minecraft.world.level.block.state.BlockBehaviour$Properties$$Lambda$1659/0x000000080077f240 (minecraft@1.20.1)
 942:            34           1008  [Ljava.security.ProtectionDomain; (java.base@17.0.15)
 943:            21           1008  com.google.gson.internal.bind.TreeTypeAdapter (com.google.gson@2.10)
 944:             3           1008  java.util.concurrent.ForkJoinPool (java.base@17.0.15)
 945:            42           1008  java.util.concurrent.atomic.AtomicLong (java.base@17.0.15)
 946:            42           1008  java.util.concurrent.locks.AbstractQueuedSynchronizer$ConditionObject (java.base@17.0.15)
 947:            42           1008  net.minecraft.client.gui.font.FontSet$GlyphInfoFilter (minecraft@1.20.1)
 948:            18           1008  net.minecraft.world.item.BoatItem (minecraft@1.20.1)
 949:            26           1000  [Lnet.minecraft.client.model.geom.ModelPart; (minecraft@1.20.1)
 950:            25           1000  net.minecraft.world.effect.MobEffect (minecraft@1.20.1)
 951:            31            992  cpw.mods.modlauncher.api.ITransformer$Target (cpw.mods.modlauncher@10.0.9)
 952:            31            992  java.lang.invoke.VarHandle$AccessMode (java.base@17.0.15)
 953:            62            992  java.security.AllPermissionCollection (java.base@17.0.15)
 954:            31            992  net.minecraft.client.telemetry.TelemetryProperty (minecraft@1.20.1)
 955:            41            984  java.lang.StringBuilder (java.base@17.0.15)
 956:            41            984  net.minecraft.world.level.block.entity.BlockEntityType (minecraft@1.20.1)
 957:            41            984  org.openjdk.nashorn.internal.parser.Parser$ParserState (org.openjdk.nashorn)
 958:            61            976  net.minecraft.util.datafix.schemas.V2684$$Lambda$2131/0x000000080087c230 (minecraft@1.20.1)
 959:            61            976  net.minecraft.world.level.levelgen.feature.Feature$$Lambda$3103/0x0000000800a8ca58 (minecraft@1.20.1)
 960:            42            968  [Lsun.security.ssl.ProtocolVersion; (java.base@17.0.15)
 961:            11            968  net.minecraft.world.level.block.FenceGateBlock (minecraft@1.20.1)
 962:            43            960  [Lsun.reflect.generics.tree.ClassTypeSignature; (java.base@17.0.15)
 963:            20            960  com.google.gson.internal.LinkedTreeMap$Node
 964:            40            960  com.mojang.serialization.codecs.RecordCodecBuilder$Instance$$Lambda$1520/0x000000080072bd40 (datafixerupper@6.0.8)
 965:            40            960  com.mojang.serialization.codecs.RecordCodecBuilder$Instance$$Lambda$1521/0x0000000800735000 (datafixerupper@6.0.8)
 966:            24            960  com.sun.jmx.mbeanserver.MXBeanSupport (java.management@17.0.15)
 967:            24            960  java.io.PrintWriter (java.base@17.0.15)
 968:            24            960  java.util.logging.Logger$ConfigurationData (java.logging@17.0.15)
 969:            40            960  net.minecraft.util.datafix.fixes.NamedEntityFix$$Lambda$2211/0x00000008008851b0 (minecraft@1.20.1)
 970:            60            960  net.minecraft.util.datafix.schemas.V2686$$Lambda$2134/0x000000080087cb48 (minecraft@1.20.1)
 971:            40            960  net.minecraft.world.entity.schedule.Keyframe (minecraft@1.20.1)
 972:            60            960  net.minecraft.world.item.crafting.Ingredient$ItemValue (minecraft@1.20.1)
 973:            12            960  net.minecraft.world.level.block.DoorBlock (minecraft@1.20.1)
 974:            12            960  net.minecraft.world.level.block.TrapDoorBlock (minecraft@1.20.1)
 975:            30            960  net.minecraftforge.client.ForgeRenderTypes$CustomizableTextureState (forge@47.4.13)
 976:            30            960  net.minecraftforge.client.ForgeRenderTypes$CustomizableTextureState$$Lambda$4911/0x0000000800d12eb8 (forge@47.4.13)
 977:            60            960  net.minecraftforge.registries.ForgeRegistry$RegistryCodec (forge@47.4.13)
 978:            24            960  org.antlr.v4.runtime.atn.ATNConfigSet (org.antlr.antlr4.runtime@4.9.1)
 979:            24            960  org.antlr.v4.runtime.atn.BlockEndState (org.antlr.antlr4.runtime@4.9.1)
 980:            30            960  org.apache.logging.log4j.core.pattern.DatePatternConverter$PatternFormatter (org.apache.logging.log4j.core@2.19.0)
 981:            24            960  org.openjdk.nashorn.internal.ir.ObjectNode (org.openjdk.nashorn)
 982:            30            960  org.openjdk.nashorn.internal.runtime.GlobalConstants$Access (org.openjdk.nashorn)
 983:            59            944  net.minecraft.util.datafix.schemas.V2688$$Lambda$2136/0x000000080087d240 (minecraft@1.20.1)
 984:            59            944  net.minecraft.util.datafix.schemas.V2688$$Lambda$2137/0x000000080087d468 (minecraft@1.20.1)
 985:            39            936  java.lang.management.ManagementPermission (java.management@17.0.15)
 986:            39            936  net.minecraft.client.renderer.block.model.ItemOverrides (minecraft@1.20.1)
 987:            39            936  net.minecraft.commands.synchronization.SingletonArgumentInfo$Template (minecraft@1.20.1)
 988:            29            928  java.util.regex.Pattern$Curly (java.base@17.0.15)
 989:            58            928  net.minecraft.world.level.block.state.BlockBehaviour$Properties$$Lambda$1627/0x0000000800767cb8 (minecraft@1.20.1)
 990:            29            928  org.openjdk.nashorn.internal.runtime.AllocationStrategy (org.openjdk.nashorn)
 991:            29            928  sun.security.x509.DistributionPoint (java.base@17.0.15)
 992:            19            912  javax.management.openmbean.ArrayType (java.management@17.0.15)
 993:            19            912  jdk.dynalink.beans.BeanLinker (jdk.dynalink@17.0.15)
 994:            56            896  net.minecraft.client.renderer.RenderStateShard$ShaderStateShard$$Lambda$4737/0x0000000800cb2c60 (minecraft@1.20.1)
 995:            16            896  net.minecraft.world.item.BedItem (minecraft@1.20.1)
 996:            16            896  net.minecraft.world.item.DyeItem (minecraft@1.20.1)
 997:            28            896  org.antlr.v4.runtime.dfa.DFA (org.antlr.antlr4.runtime@4.9.1)
 998:            28            896  org.apache.commons.lang3.text.translate.LookupTranslator (org.apache.commons.lang3@3.12.0)
 999:            37            888  com.sun.jmx.mbeanserver.NamedObject (java.management@17.0.15)
1000:            22            880  java.util.Collections$SingletonMap (java.base@17.0.15)
1001:            22            880  net.minecraft.ChatFormatting (minecraft@1.20.1)
1002:            10            880  net.minecraft.client.model.HumanoidArmorModel (minecraft@1.20.1)
1003:            10            880  net.minecraft.client.model.SkeletonModel (minecraft@1.20.1)
1004:            11            880  net.minecraft.world.level.block.CeilingHangingSignBlock (minecraft@1.20.1)
1005:            11            880  net.minecraft.world.level.block.StandingSignBlock (minecraft@1.20.1)
1006:            11            880  net.minecraft.world.level.block.WallHangingSignBlock (minecraft@1.20.1)
1007:            11            880  net.minecraft.world.level.block.WallSignBlock (minecraft@1.20.1)
1008:            22            880  org.openjdk.nashorn.internal.codegen.types.ObjectType (org.openjdk.nashorn)
1009:            55            880  sun.security.x509.DNSName (java.base@17.0.15)
1010:            27            872  [Ljava.io.ObjectStreamField; (java.base@17.0.15)
1011:            36            864  com.mojang.serialization.Codec$4 (datafixerupper@6.0.8)
1012:            27            864  java.util.UUID (java.base@17.0.15)
1013:            36            864  net.minecraft.util.ExtraCodecs$3 (minecraft@1.20.1)
1014:            36            864  net.minecraftforge.installer.json.Version$Downloads
1015:            36            864  net.minecraftforge.installer.json.Version$Library
1016:            36            864  org.apache.logging.log4j.MarkerManager$Log4jMarker (org.apache.logging.log4j@2.19.0)
1017:            27            864  sun.reflect.annotation.AnnotationType (java.base@17.0.15)
1018:            53            848  net.minecraft.world.level.block.StairBlock$$Lambda$1635/0x00000008007633b0 (minecraft@1.20.1)
1019:            15            840  net.minecraft.world.level.block.state.properties.BlockSetType (minecraft@1.20.1)
1020:            21            840  sun.security.ssl.SSLHandshake (java.base@17.0.15)
1021:            32            832  [Lnet.minecraft.world.entity.EquipmentSlot; (minecraft@1.20.1)
1022:            52            832  com.mojang.serialization.Codec$$Lambda$1104/0x0000000800577d88 (datafixerupper@6.0.8)
1023:            52            832  com.mojang.serialization.Codec$$Lambda$1105/0x000000080057c000 (datafixerupper@6.0.8)
1024:            26            832  net.minecraftforge.client.gui.overlay.VanillaGuiOverlay (forge@47.4.13)
1025:            13            832  org.jcp.xml.dsig.internal.dom.XMLDSigRI$ProviderService (java.xml.crypto@17.0.15)
1026:             2            816  [Ljava.time.LocalDateTime; (java.base@17.0.15)
1027:            51            816  jdk.proxy2.$Proxy3 (jdk.proxy2)
1028:            34            816  net.minecraft.core.BlockPos (minecraft@1.20.1)
1029:            51            816  net.minecraft.util.datafix.schemas.V2704$$Lambda$2139/0x000000080087db80 (minecraft@1.20.1)
1030:            17            816  org.openjdk.nashorn.internal.ir.BinaryNode (org.openjdk.nashorn)
1031:            21            800  [Lnet.minecraft.core.Direction; (minecraft@1.20.1)
1032:            25            800  com.sun.jmx.mbeanserver.WeakIdentityHashMap$IdentityWeakReference (java.management@17.0.15)
1033:            20            800  java.time.format.DateTimeFormatter (java.base@17.0.15)
1034:            25            800  net.minecraft.util.datafix.fixes.ItemRenameFix$1 (minecraft@1.20.1)
1035:            20            800  org.openjdk.nashorn.internal.ir.JoinPredecessorExpression (org.openjdk.nashorn)
1036:            20            800  org.openjdk.nashorn.internal.ir.ReturnNode (org.openjdk.nashorn)
1037:            33            792  java.util.regex.Pattern$CharProperty (java.base@17.0.15)
1038:            33            792  net.minecraft.Util$10 (minecraft@1.20.1)
1039:            33            792  net.minecraft.core.Vec3i (minecraft@1.20.1)
1040:            14            784  javax.management.openmbean.OpenMBeanParameterInfoSupport (java.management@17.0.15)
1041:            14            784  net.minecraft.world.item.ItemNameBlockItem (minecraft@1.20.1)
1042:            32            768  com.sun.jmx.mbeanserver.DefaultMXBeanMappingFactory$IdentityMapping (java.management@17.0.15)
1043:            24            768  java.time.zone.ZoneOffsetTransition (java.base@17.0.15)
1044:            16            768  net.minecraft.world.item.DyeColor (minecraft@1.20.1)
1045:            24            768  org.antlr.v4.runtime.atn.RuleTransition (org.antlr.antlr4.runtime@4.9.1)
1046:            16            768  org.openjdk.nashorn.internal.ir.VarNode (org.openjdk.nashorn)
1047:            24            768  sun.security.x509.OIDMap$OIDInfo (java.base@17.0.15)
1048:            19            760  net.minecraft.client.renderer.entity.layers.CustomHeadLayer (minecraft@1.20.1)
1049:             2            752  jdk.internal.misc.InnocuousThread (java.base@17.0.15)
1050:            47            752  net.minecraft.util.KeyDispatchDataCodec (minecraft@1.20.1)
1051:            47            752  net.minecraft.util.datafix.schemas.V99$$Lambda$1841/0x0000000800828000 (minecraft@1.20.1)
1052:            47            752  net.minecraft.util.datafix.schemas.V99$$Lambda$1848/0x0000000800828ee8 (minecraft@1.20.1)
1053:            31            744  cpw.mods.jarhandling.SecureJar$Provider (cpw.mods.securejarhandler)
1054:            31            744  cpw.mods.modlauncher.TransformerHolder (cpw.mods.modlauncher@10.0.9)
1055:            31            744  java.security.Provider$EngineDescription (java.base@17.0.15)
1056:            31            744  java.time.format.DateTimeFormatterBuilder$CompositePrinterParser (java.base@17.0.15)
1057:            46            736  net.minecraft.util.datafix.schemas.V100$$Lambda$1867/0x000000080082a468 (minecraft@1.20.1)
1058:            46            736  net.minecraft.util.datafix.schemas.V2831$$Lambda$2142/0x000000080087e748 (minecraft@1.20.1)
1059:            23            736  net.minecraft.world.level.block.state.properties.NoteBlockInstrument (minecraft@1.20.1)
1060:            23            736  sun.security.x509.CRLDistributionPointsExtension (java.base@17.0.15)
1061:            13            728  java.util.Properties (java.base@17.0.15)
1062:            13            728  javax.management.openmbean.CompositeType (java.management@17.0.15)
1063:            13            728  net.minecraft.client.model.ElytraModel (minecraft@1.20.1)
1064:            18            720  com.sun.jmx.mbeanserver.PerInterface (java.management@17.0.15)
1065:            30            720  cpw.mods.modlauncher.ModuleLayerHandler$PathOrJar (cpw.mods.modlauncher@10.0.9)
1066:            30            720  java.lang.ClassValue$Version (java.base@17.0.15)
1067:             5            720  java.text.DecimalFormat (java.base@17.0.15)
1068:            15            720  java.util.Currency$SpecialCaseEntry (java.base@17.0.15)
1069:            10            720  java.util.concurrent.ThreadPoolExecutor (java.base@17.0.15)
1070:            45            720  net.minecraft.util.datafix.schemas.V2832$$Lambda$2146/0x000000080087f288 (minecraft@1.20.1)
1071:            30            720  net.minecraft.world.entity.decoration.PaintingVariant (minecraft@1.20.1)
1072:            18            720  org.openjdk.nashorn.internal.codegen.CompileUnit (org.openjdk.nashorn)
1073:            18            720  org.openjdk.nashorn.internal.ir.RuntimeNode$Request (org.openjdk.nashorn)
1074:            18            720  sun.reflect.generics.repository.MethodRepository (java.base@17.0.15)
1075:            17            712  [Ljava.lang.invoke.MethodType; (java.base@17.0.15)
1076:            22            704  cpw.mods.modlauncher.api.TypesafeMap$Key (cpw.mods.modlauncher@10.0.9)
1077:            22            704  java.util.ImmutableCollections$Map1 (java.base@17.0.15)
1078:            11            704  net.minecraft.world.item.HangingSignItem (minecraft@1.20.1)
1079:            11            704  net.minecraft.world.item.SignItem (minecraft@1.20.1)
1080:            29            696  net.minecraft.util.StringRepresentable$EnumCodec (minecraft@1.20.1)
1081:            43            688  com.google.gson.TypeAdapter$1 (com.google.gson@2.10)
1082:            17            680  net.minecraft.resources.HolderSetCodec (minecraft@1.20.1)
1083:            17            680  net.minecraftforge.fml.ModLoadingState (fmlcore@1.20.1-47.4.13)
1084:            28            672  java.io.OutputStreamWriter (java.base@17.0.15)
1085:            42            672  java.util.LinkedHashSet (java.base@17.0.15)
1086:            21            672  net.minecraft.client.model.PiglinHeadModel (minecraft@1.20.1)
1087:            12            672  net.minecraft.client.renderer.texture.TextureAtlas (minecraft@1.20.1)
1088:            28            672  net.minecraft.core.NonNullList (minecraft@1.20.1)
1089:            28            672  net.minecraft.util.StringRepresentable$$Lambda$1044/0x0000000800566000 (minecraft@1.20.1)
1090:            42            672  net.minecraft.util.datafix.schemas.V106$$Lambda$1875/0x000000080082bd38 (minecraft@1.20.1)
1091:            28            672  org.openjdk.nashorn.internal.runtime.UserAccessorProperty$Accessors (org.openjdk.nashorn)
1092:            12            672  sun.util.calendar.ZoneInfo (java.base@17.0.15)
1093:            41            656  net.minecraft.util.datafix.DataFixers$$Lambda$2066/0x0000000800869e38 (minecraft@1.20.1)
1094:            41            656  net.minecraft.util.datafix.schemas.V2842$$Lambda$2155/0x000000080087a918 (minecraft@1.20.1)
1095:            41            656  net.minecraft.world.level.block.entity.BannerPattern (minecraft@1.20.1)
1096:            27            648  java.util.regex.Pattern$Ques (java.base@17.0.15)
1097:            33            640  [Lsun.reflect.generics.tree.FieldTypeSignature; (java.base@17.0.15)
1098:            20            640  java.util.Collections$UnmodifiableMap (java.base@17.0.15)
1099:            40            640  jdk.proxy2.$Proxy14 (jdk.proxy2)
1100:            40            640  net.minecraft.network.chat.contents.LiteralContents (minecraft@1.20.1)
1101:             8            640  net.minecraft.world.level.block.LeavesBlock (minecraft@1.20.1)
1102:             8            640  net.minecraft.world.level.block.WeatheringCopperFullBlock (minecraft@1.20.1)
1103:            16            640  net.minecraftforge.common.ForgeConfigSpec$ValueSpec (forge@47.4.13)
1104:            20            640  net.minecraftforge.common.util.LazyOptional (forge@47.4.13)
1105:            40            640  sun.security.x509.GeneralNames (java.base@17.0.15)
1106:             3            624  [Ljava.lang.invoke.LambdaForm; (java.base@17.0.15)
1107:            13            624  com.llamalad7.mixinextras.lib.semver.Version (MixinExtras@0.5.3)
1108:            26            624  java.security.spec.ECFieldF2m (java.base@17.0.15)
1109:            26            624  java.time.LocalTime (java.base@17.0.15)
1110:            26            624  java.util.regex.Pattern$SliceU (java.base@17.0.15)
1111:            39            624  net.minecraft.commands.synchronization.SingletonArgumentInfo (minecraft@1.20.1)
1112:            13            624  net.minecraft.world.entity.ai.attributes.RangedAttribute (minecraft@1.20.1)
1113:            26            624  net.minecraft.world.entity.schedule.Activity (minecraft@1.20.1)
1114:            26            624  net.minecraftforge.client.gui.overlay.NamedGuiOverlay (forge@47.4.13)
1115:            13            624  org.antlr.v4.runtime.atn.BasicBlockStartState (org.antlr.antlr4.runtime@4.9.1)
1116:            26            624  sun.security.util.LazyCodeSourcePermissionCollection (java.base@17.0.15)
1117:            11            616  org.objectweb.asm.Label (org.objectweb.asm@9.8)
1118:            38            608  java.lang.constant.ReferenceClassDescImpl (java.base@17.0.15)
1119:            38            608  net.minecraft.util.datafix.schemas.V99$$Lambda$1831/0x0000000800822b20 (minecraft@1.20.1)
1120:            15            600  [[I (java.base@17.0.15)
1121:            15            600  com.sun.jna.Function (com.sun.jna@5.12.1)
1122:            15            600  java.util.regex.Pattern$Loop (java.base@17.0.15)
1123:            15            600  net.minecraft.world.entity.npc.VillagerProfession (minecraft@1.20.1)
1124:            15            600  org.openjdk.nashorn.internal.ir.ExpressionStatement (org.openjdk.nashorn)
1125:            18            576  com.google.gson.internal.bind.ReflectiveTypeAdapterFactory (com.google.gson@2.10)
1126:            24            576  jdk.internal.util.jar.JarIndex (java.base@17.0.15)
1127:            24            576  net.minecraft.client.renderer.FaceInfo$VertexInfo (minecraft@1.20.1)
1128:            36            576  net.minecraft.core.Registry$$Lambda$1468/0x000000080071cb30 (minecraft@1.20.1)
1129:            36            576  net.minecraft.core.Registry$$Lambda$1469/0x000000080071cd78 (minecraft@1.20.1)
1130:            36            576  net.minecraft.core.Registry$$Lambda$1470/0x000000080071cfc0 (minecraft@1.20.1)
1131:            36            576  net.minecraft.core.Registry$$Lambda$1471/0x000000080071d1e8 (minecraft@1.20.1)
1132:            36            576  net.minecraft.core.Registry$$Lambda$1472/0x000000080071d410 (minecraft@1.20.1)
1133:            36            576  net.minecraft.core.Registry$$Lambda$1473/0x000000080071d658 (minecraft@1.20.1)
1134:            24            576  net.minecraft.world.inventory.MenuType (minecraft@1.20.1)
1135:            12            576  net.minecraft.world.level.chunk.ChunkStatus (minecraft@1.20.1)
1136:             4            576  org.openjdk.nashorn.internal.objects.NativeArray$Prototype (org.openjdk.nashorn)
1137:             6            576  org.openjdk.nashorn.internal.runtime.ScriptLoader (org.openjdk.nashorn)
1138:            24            576  org.spongepowered.asm.launch.platform.MixinContainer (org.spongepowered.mixin)
1139:            24            576  org.spongepowered.asm.launch.platform.MixinPlatformAgentDefault (org.spongepowered.mixin)
1140:            18            576  sun.reflect.generics.tree.MethodTypeSignature (java.base@17.0.15)
1141:             7            560  java.util.concurrent.TimeUnit (java.base@17.0.15)
1142:            14            560  javax.management.openmbean.SimpleType (java.management@17.0.15)
1143:            35            560  net.minecraft.util.datafix.schemas.V135$$Lambda$1879/0x000000080083cbc8 (minecraft@1.20.1)
1144:            35            560  net.minecraft.world.level.block.FlowerPotBlock$$Lambda$1712/0x0000000800792dc8 (minecraft@1.20.1)
1145:             7            560  net.minecraft.world.level.block.SaplingBlock (minecraft@1.20.1)
1146:            14            560  net.minecraftforge.fml.loading.FMLConfig$ConfigValue (fmlloader@1.20.1-47.4.13)
1147:             2            560  org.lwjgl.openal.ALCCapabilities (org.lwjgl.openal@3.3.1+7)
1148:            10            560  sun.invoke.util.Wrapper (java.base@17.0.15)
1149:            14            560  sun.util.locale.provider.LocaleResources$ResourceReference (java.base@17.0.15)
1150:            23            552  net.minecraft.client.renderer.texture.SpriteContents$InterpolationData (minecraft@1.20.1)
1151:            23            552  net.minecraftforge.fml.loading.moddiscovery.AbstractModProvider$DefaultModFileInfo (fmlloader@1.20.1-47.4.13)
1152:            23            552  org.spongepowered.asm.launch.platform.container.ContainerHandleModLauncherEx$SecureJarResource (org.spongepowered.mixin)
1153:             2            544  [Ljava.lang.Character; (java.base@17.0.15)
1154:            34            544  java.security.SecureClassLoader$CodeSourceKey (java.base@17.0.15)
1155:            34            544  jdk.internal.reflect.BootstrapConstructorAccessorImpl (java.base@17.0.15)
1156:            34            544  net.minecraft.commands.synchronization.SingletonArgumentInfo$$Lambda$2824/0x0000000800a2cc00 (minecraft@1.20.1)
1157:            34            544  net.minecraft.world.level.block.FlowerPotBlock$$Lambda$1716/0x0000000800793690 (minecraft@1.20.1)
1158:            17            544  org.antlr.v4.runtime.atn.ActionTransition (org.antlr.antlr4.runtime@4.9.1)
1159:             4            544  org.openjdk.nashorn.internal.objects.NativeString$Prototype (org.openjdk.nashorn)
1160:            17            544  sun.security.ssl.CipherSuite$KeyExchange (java.base@17.0.15)
1161:            17            544  sun.security.x509.CertificatePoliciesExtension (java.base@17.0.15)
1162:            24            536  [Ljavax.management.MBeanNotificationInfo; (java.management@17.0.15)
1163:             2            528  [Lorg.apache.logging.log4j.core.pattern.AnsiEscape; (org.apache.logging.log4j.core@2.19.0)
1164:            11            528  com.sun.jmx.mbeanserver.DefaultMXBeanMappingFactory$CompositeMapping (java.management@17.0.15)
1165:            33            528  java.time.format.DateTimeFormatterBuilder$CharLiteralPrinterParser (java.base@17.0.15)
1166:            33            528  java.util.Collections$UnmodifiableSet (java.base@17.0.15)
1167:            22            528  net.minecraft.client.gui.font.CodepointMap (minecraft@1.20.1)
1168:             6            528  net.minecraft.client.model.ZombieModel (minecraft@1.20.1)
1169:            22            528  net.minecraft.client.renderer.blockentity.SignRenderer$SignModel (minecraft@1.20.1)
1170:            33            528  net.minecraft.util.datafix.schemas.V3078$$Lambda$2160/0x000000080087bb50 (minecraft@1.20.1)
1171:            22            528  org.antlr.v4.runtime.misc.IntervalSet (org.antlr.antlr4.runtime@4.9.1)
1172:            22            528  org.openjdk.nashorn.internal.codegen.Namespace (org.openjdk.nashorn)
1173:            22            528  sun.security.x509.AccessDescription (java.base@17.0.15)
1174:            13            520  java.lang.ModuleLayer (java.base@17.0.15)
1175:            13            520  java.lang.module.Configuration (java.base@17.0.15)
1176:            13            520  org.lwjgl.system.MemoryStack (org.lwjgl@3.3.1+7)
1177:             5            512  [Ljava.time.ZoneOffset; (java.base@17.0.15)
1178:             4            512  com.google.common.cache.LocalCache (com.google.common@31.1-jre)
1179:             8            512  com.sun.security.sasl.Provider$ProviderService (java.security.sasl@17.0.15)
1180:            16            512  cpw.mods.modlauncher.api.TypesafeMap$KeyBuilder (cpw.mods.modlauncher@10.0.9)
1181:            16            512  java.security.cert.PolicyQualifierInfo (java.base@17.0.15)
1182:            16            512  java.time.temporal.ChronoUnit (java.base@17.0.15)
1183:            16            512  net.minecraft.client.resources.model.BlockModelRotation (minecraft@1.20.1)
1184:            32            512  net.minecraft.util.datafix.schemas.V3081$$Lambda$2162/0x00000008008792a0 (minecraft@1.20.1)
1185:            16            512  net.minecraftforge.common.ForgeConfigSpec$ConfigValue (forge@47.4.13)
1186:             4            512  org.openjdk.nashorn.internal.runtime.ScriptEnvironment (org.openjdk.nashorn)
1187:            21            504  java.time.Duration (java.base@17.0.15)
1188:             9            504  java.util.ServiceLoader (java.base@17.0.15)
1189:            21            504  java.util.concurrent.ConcurrentLinkedQueue$Node (java.base@17.0.15)
1190:            21            504  java.util.regex.Pattern$StartS (java.base@17.0.15)
1191:            21            504  net.minecraft.client.model.dragon.DragonHeadModel (minecraft@1.20.1)
1192:            21            504  net.minecraft.commands.arguments.selector.options.EntitySelectorOptions$Option (minecraft@1.20.1)
1193:            21            504  net.minecraft.network.syncher.EntityDataSerializer$1 (minecraft@1.20.1)
1194:            21            504  net.minecraft.util.ExtraCodecs$EitherCodec (minecraft@1.20.1)
1195:            21            504  org.apache.logging.log4j.core.util.datetime.FastDateParser$StrategyAndWidth (org.apache.logging.log4j.core@2.19.0)
1196:            21            504  org.lwjgl.system.libffi.FFIType (org.lwjgl@3.3.1+7)
1197:             7            504  org.openjdk.nashorn.internal.ir.ForNode (org.openjdk.nashorn)
1198:            21            504  sun.security.x509.AVAKeyword (java.base@17.0.15)
1199:             7            496  [Lsun.invoke.util.Wrapper; (java.base@17.0.15)
1200:            31            496  net.minecraft.util.datafix.schemas.V3082$$Lambda$2164/0x0000000800879998 (minecraft@1.20.1)
1201:            31            496  net.minecraft.util.datafix.schemas.V99$$Lambda$1821/0x000000080081b4b8 (minecraft@1.20.1)
1202:            19            488  [Lsun.security.ssl.NamedGroup$NamedGroupSpec; (java.base@17.0.15)
1203:            24            480  [Ljavax.management.MBeanConstructorInfo; (java.management@17.0.15)
1204:            12            480  com.sun.jna.Library$Handler$FunctionInfo (com.sun.jna@5.12.1)
1205:            30            480  java.lang.ClassValue$Identity (java.base@17.0.15)
1206:            12            480  java.lang.OutOfMemoryError (java.base@17.0.15)
1207:            20            480  java.util.regex.Pattern$Dollar (java.base@17.0.15)
1208:            20            480  java.util.regex.Pattern$SliceI (java.base@17.0.15)
1209:            12            480  jdk.internal.loader.NativeLibraries$NativeLibraryImpl (java.base@17.0.15)
1210:            20            480  net.minecraft.resources.RegistryFileCodec (minecraft@1.20.1)
1211:            30            480  net.minecraft.util.datafix.schemas.V3083$$Lambda$2166/0x0000000800878a30 (minecraft@1.20.1)
1212:            20            480  net.minecraft.world.entity.ai.village.poi.PoiType (minecraft@1.20.1)
1213:             6            480  net.minecraft.world.level.block.InfestedBlock (minecraft@1.20.1)
1214:            20            480  net.minecraft.world.phys.shapes.NonOverlappingMerger (minecraft@1.20.1)
1215:            15            480  org.apache.logging.log4j.core.filter.MarkerFilter (org.apache.logging.log4j.core@2.19.0)
1216:             4            480  org.openjdk.nashorn.internal.objects.NativeObject$Constructor (org.openjdk.nashorn)
1217:            20            480  org.openjdk.nashorn.internal.runtime.ScriptFunctionData$GenericInvokers (org.openjdk.nashorn)
1218:            20            480  sun.security.x509.Extension (java.base@17.0.15)
1219:             1            464  net.minecraft.client.Minecraft (minecraft@1.20.1)
1220:             1            464  net.minecraft.client.Options (minecraft@1.20.1)
1221:            29            464  net.minecraft.util.ExtraCodecs$$Lambda$1117/0x0000000800579af0 (minecraft@1.20.1)
1222:            29            464  net.minecraft.util.ExtraCodecs$$Lambda$1118/0x0000000800579d38 (minecraft@1.20.1)
1223:            29            464  net.minecraft.util.StringRepresentable$EnumCodec$$Lambda$1120/0x000000080057a1a0 (minecraft@1.20.1)
1224:             3            456  sun.security.ssl.SSLSessionImpl (java.base@17.0.15)
1225:            14            448  com.mojang.blaze3d.vertex.VertexFormat (minecraft@1.20.1)
1226:            14            448  com.sun.jna.Structure$FFIType$size_t (com.sun.jna@5.12.1)
1227:             8            448  java.nio.DirectLongBufferU (java.base@17.0.15)
1228:             8            448  java.nio.HeapCharBuffer (java.base@17.0.15)
1229:            28            448  java.util.concurrent.atomic.AtomicReferenceArray (java.base@17.0.15)
1230:            14            448  net.minecraft.client.renderer.entity.layers.HumanoidArmorLayer (minecraft@1.20.1)
1231:            14            448  net.minecraft.util.datafix.fixes.BlockRenameFix$1 (minecraft@1.20.1)
1232:             4            448  org.openjdk.nashorn.internal.objects.NativeMath$Constructor (org.openjdk.nashorn)
1233:             8            448  org.openjdk.nashorn.internal.runtime.SpillProperty (org.openjdk.nashorn)
1234:             8            448  sun.management.MemoryPoolImpl (java.management@17.0.15)
1235:            10            440  [Lnet.minecraftforge.installer.json.Artifact;
1236:            11            440  com.mojang.datafixers.schemas.Schema (datafixerupper@6.0.8)
1237:             5            440  java.text.DecimalFormatSymbols (java.base@17.0.15)
1238:            11            440  net.minecraft.world.level.block.state.properties.WoodType (minecraft@1.20.1)
1239:            11            440  org.antlr.v4.runtime.atn.LoopEndState (org.antlr.antlr4.runtime@4.9.1)
1240:             3            432  [Ljava.util.concurrent.ForkJoinPool$WorkQueue; (java.base@17.0.15)
1241:             1            432  [[[C (java.base@17.0.15)
1242:            18            432  com.google.gson.internal.ConstructorConstructor (com.google.gson@2.10)
1243:            18            432  com.google.gson.internal.bind.MapTypeAdapterFactory (com.google.gson@2.10)
1244:            18            432  com.google.gson.internal.bind.TypeAdapters$31
1245:            27            432  com.mojang.brigadier.exceptions.SimpleCommandExceptionType (brigadier@1.1.8)
1246:            27            432  java.security.spec.ECFieldFp (java.base@17.0.15)
1247:            18            432  java.text.DateFormat$Field (java.base@17.0.15)
1248:            27            432  java.util.Collections$SingletonSet (java.base@17.0.15)
1249:             6            432  java.util.ResourceBundle$CacheKey (java.base@17.0.15)
1250:            18            432  java.util.regex.Pattern$$Lambda$292/0x0000000800260db8 (java.base@17.0.15)
1251:            18            432  javax.management.StandardMBean (java.management@17.0.15)
1252:            18            432  jdk.dynalink.BiClassValue$BiClassValues (jdk.dynalink@17.0.15)
1253:            18            432  net.minecraft.client.RecipeBookCategories (minecraft@1.20.1)
1254:             3            432  net.minecraft.client.model.PiglinModel (minecraft@1.20.1)
1255:            18            432  net.minecraft.client.resources.DefaultPlayerSkin$SkinType (minecraft@1.20.1)
1256:            18            432  net.minecraft.core.dispenser.BoatDispenseItemBehavior (minecraft@1.20.1)
1257:            18            432  net.minecraft.util.datafix.fixes.StructuresBecomeConfiguredFix$Conversion (minecraft@1.20.1)
1258:             6            432  net.minecraft.world.item.AxeItem (minecraft@1.20.1)
1259:             6            432  net.minecraft.world.item.HoeItem (minecraft@1.20.1)
1260:             6            432  net.minecraft.world.item.MobBucketItem (minecraft@1.20.1)
1261:             6            432  net.minecraft.world.item.PickaxeItem (minecraft@1.20.1)
1262:             6            432  net.minecraft.world.item.ShovelItem (minecraft@1.20.1)
1263:             9            432  net.minecraftforge.network.simple.IndexedMessageCodec$MessageHandler (forge@47.4.13)
1264:            18            432  org.openjdk.nashorn.api.scripting.ScriptObjectMirror (org.openjdk.nashorn)
1265:            18            432  sun.reflect.generics.scope.MethodScope (java.base@17.0.15)
1266:            18            432  sun.security.x509.PolicyInformation (java.base@17.0.15)
1267:            13            416  com.google.common.base.Splitter (com.google.common@31.1-jre)
1268:            13            416  com.llamalad7.mixinextras.service.MixinExtrasVersion (MixinExtras@0.5.3)
1269:            13            416  java.lang.invoke.VarForm (java.base@17.0.15)
1270:            26            416  jdk.proxy2.$Proxy19 (jdk.proxy2)
1271:             4            416  net.minecraft.world.level.block.AmethystClusterBlock (minecraft@1.20.1)
1272:            13            416  net.minecraft.world.level.levelgen.MarsagliaPolarGaussian (minecraft@1.20.1)
1273:            26            416  net.minecraft.world.level.storage.loot.functions.LootItemFunctionType (minecraft@1.20.1)
1274:            13            416  net.minecraftforge.common.ForgeConfigSpec$BooleanValue (forge@47.4.13)
1275:             4            416  org.apache.logging.log4j.core.impl.MutableLogEvent (org.apache.logging.log4j.core@2.19.0)
1276:            13            416  org.openjdk.nashorn.internal.codegen.CompilerConstants$3 (org.openjdk.nashorn)
1277:            13            416  org.spongepowered.asm.mixin.injection.struct.InjectionInfo$InjectorEntry (org.spongepowered.mixin)
1278:            13            408  [Lorg.apache.commons.lang3.text.translate.CharSequenceTranslator; (org.apache.commons.lang3@3.12.0)
1279:            17            408  net.minecraft.client.particle.ParticleEngine$$Lambda$5018/0x0000000800d62d20 (minecraft@1.20.1)
1280:            17            408  net.minecraft.network.syncher.EntityDataAccessor (minecraft@1.20.1)
1281:            17            408  net.minecraft.resources.HolderSetCodec$$Lambda$3025/0x0000000800a72c38 (minecraft@1.20.1)
1282:            17            408  sun.nio.ch.OptionKey (java.base@17.0.15)
1283:            17            408  sun.nio.ch.SocketOptionRegistry$RegistryKey (java.base@17.0.15)
1284:            17            408  sun.security.util.DisabledAlgorithmConstraints$DisabledConstraint (java.base@17.0.15)
1285:            12            400  [Ljava.lang.constant.ClassDesc; (java.base@17.0.15)
1286:             1            400  [Lnet.minecraftforge.fml.earlydisplay.SimpleFont$Glyph; (fmlearlydisplay@1.20.1-47.4.13)
1287:            25            400  java.util.regex.Pattern$CharPredicate$$Lambda$41/0x00000008000bdee0 (java.base@17.0.15)
1288:            25            400  net.minecraft.core.dispenser.DefaultDispenseItemBehavior (minecraft@1.20.1)
1289:            25            400  net.minecraft.util.datafix.fixes.ItemRenameFix$$Lambda$2237/0x0000000800898000 (minecraft@1.20.1)
1290:             5            400  net.minecraft.world.level.block.BaseCoralFanBlock (minecraft@1.20.1)
1291:             5            400  net.minecraft.world.level.block.BaseCoralPlantBlock (minecraft@1.20.1)
1292:             5            400  net.minecraft.world.level.block.BaseCoralWallFanBlock (minecraft@1.20.1)
1293:             5            400  net.minecraft.world.level.block.CoralBlock (minecraft@1.20.1)
1294:             5            400  net.minecraft.world.level.block.CoralFanBlock (minecraft@1.20.1)
1295:             5            400  net.minecraft.world.level.block.CoralPlantBlock (minecraft@1.20.1)
1296:             5            400  net.minecraft.world.level.block.CoralWallFanBlock (minecraft@1.20.1)
1297:             5            400  net.minecraft.world.level.block.SkullBlock (minecraft@1.20.1)
1298:             7            392  java.lang.invoke.BoundMethodHandle$Species_LLLILL (java.base@17.0.15)
1299:             7            392  net.minecraft.world.item.ArmorMaterials (minecraft@1.20.1)
1300:             8            384  com.google.common.collect.MapMakerInternalMap$WeakKeyDummyValueSegment (com.google.common@31.1-jre)
1301:            24            384  com.mojang.brigadier.exceptions.DynamicCommandExceptionType (brigadier@1.1.8)
1302:            24            384  cpw.mods.jarhandling.impl.ModuleJarMetadata (cpw.mods.securejarhandler)
1303:             6            384  java.security.SecureRandom (java.base@17.0.15)
1304:            12            384  java.util.ResourceBundle$KeyElementReference (java.base@17.0.15)
1305:            12            384  java.util.ServiceLoader$ProviderImpl (java.base@17.0.15)
1306:            12            384  java.util.Vector (java.base@17.0.15)
1307:             8            384  java.util.concurrent.LinkedBlockingQueue (java.base@17.0.15)
1308:            12            384  jdk.internal.reflect.UnsafeQualifiedStaticObjectFieldAccessorImpl (java.base@17.0.15)
1309:             8            384  net.minecraft.client.gui.font.FontSet (minecraft@1.20.1)
1310:             4            384  net.minecraft.client.model.HorseModel (minecraft@1.20.1)
1311:            12            384  net.minecraft.core.FrontAndTop (minecraft@1.20.1)
1312:            16            384  net.minecraft.network.chat.TextColor (minecraft@1.20.1)
1313:            24            384  net.minecraft.util.datafix.schemas.V2551$$Lambda$2117/0x00000008008752e0 (minecraft@1.20.1)
1314:            24            384  net.minecraft.util.datafix.schemas.V704$$Lambda$1899/0x0000000800840d68 (minecraft@1.20.1)
1315:            24            384  net.minecraft.util.datafix.schemas.V704$$Lambda$1900/0x0000000800840fb0 (minecraft@1.20.1)
1316:            24            384  net.minecraft.util.datafix.schemas.V704$$Lambda$1902/0x0000000800841440 (minecraft@1.20.1)
1317:            24            384  net.minecraft.util.datafix.schemas.V99$$Lambda$1805/0x0000000800819548 (minecraft@1.20.1)
1318:            24            384  net.minecraft.util.datafix.schemas.V99$$Lambda$1809/0x00000008008199b8 (minecraft@1.20.1)
1319:            24            384  net.minecraft.util.datafix.schemas.V99$$Lambda$1811/0x0000000800819e48 (minecraft@1.20.1)
1320:            24            384  net.minecraft.util.datafix.schemas.V99$$Lambda$1812/0x000000080081a090 (minecraft@1.20.1)
1321:            24            384  net.minecraft.util.datafix.schemas.V99$$Lambda$1813/0x000000080081a2d8 (minecraft@1.20.1)
1322:            24            384  net.minecraft.util.datafix.schemas.V99$$Lambda$1814/0x000000080081a520 (minecraft@1.20.1)
1323:            24            384  net.minecraft.util.datafix.schemas.V99$$Lambda$1815/0x000000080081a768 (minecraft@1.20.1)
1324:            24            384  net.minecraft.util.datafix.schemas.V99$$Lambda$1818/0x000000080081ae00 (minecraft@1.20.1)
1325:            24            384  net.minecraft.util.datafix.schemas.V99$$Lambda$1819/0x000000080081b048 (minecraft@1.20.1)
1326:            24            384  net.minecraft.util.datafix.schemas.V99$$Lambda$1820/0x000000080081b270 (minecraft@1.20.1)
1327:            24            384  net.minecraft.util.datafix.schemas.V99$$Lambda$1835/0x00000008008233b8 (minecraft@1.20.1)
1328:             6            384  net.minecraft.world.item.SwordItem (minecraft@1.20.1)
1329:             4            384  net.minecraft.world.level.block.WeatheringCopperStairBlock (minecraft@1.20.1)
1330:             8            384  org.antlr.v4.runtime.atn.StarBlockStartState (org.antlr.antlr4.runtime@4.9.1)
1331:             8            384  org.antlr.v4.runtime.atn.StarLoopEntryState (org.antlr.antlr4.runtime@4.9.1)
1332:            16            384  org.lwjgl.system.libffi.FFIClosure (org.lwjgl@3.3.1+7)
1333:             4            384  org.openjdk.nashorn.internal.objects.NativeJava$Constructor (org.openjdk.nashorn)
1334:            12            384  sun.nio.fs.NativeBuffer (java.base@17.0.15)
1335:            12            384  sun.nio.fs.UnixFileKey (java.base@17.0.15)
1336:            12            384  sun.security.jca.ProviderConfig (java.base@17.0.15)
1337:             1            376  com.sun.jna.internal.Cleaner$1 (com.sun.jna@5.12.1)
1338:             1            376  java.lang.ref.Finalizer$FinalizerThread (java.base@17.0.15)
1339:             1            376  java.util.logging.LogManager$Cleaner (java.logging@17.0.15)
1340:             1            368  java.lang.ref.Reference$ReferenceHandler (java.base@17.0.15)
1341:             1            368  net.minecraft.Util$9 (minecraft@1.20.1)
1342:             1            368  net.minecraft.client.main.Main$2 (minecraft@1.20.1)
1343:            23            368  net.minecraft.tags.TagKey$$Lambda$2960/0x0000000800a65898 (minecraft@1.20.1)
1344:            23            368  net.minecraft.util.datafix.schemas.V100$$Lambda$1864/0x0000000800829d90 (minecraft@1.20.1)
1345:            23            368  net.minecraft.util.datafix.schemas.V100$$Lambda$1866/0x000000080082a220 (minecraft@1.20.1)
1346:            23            368  net.minecraft.util.datafix.schemas.V705$$Lambda$1910/0x0000000800842ab8 (minecraft@1.20.1)
1347:            23            368  net.minecraft.util.datafix.schemas.V705$$Lambda$1914/0x00000008008433b8 (minecraft@1.20.1)
1348:            23            368  net.minecraft.util.datafix.schemas.V705$$Lambda$1917/0x0000000800843a90 (minecraft@1.20.1)
1349:            23            368  net.minecraft.util.datafix.schemas.V705$$Lambda$1918/0x0000000800843cd8 (minecraft@1.20.1)
1350:            23            368  net.minecraft.util.datafix.schemas.V705$$Lambda$1919/0x0000000800843f20 (minecraft@1.20.1)
1351:            23            368  net.minecraft.util.datafix.schemas.V705$$Lambda$1921/0x00000008008443b0 (minecraft@1.20.1)
1352:            23            368  net.minecraft.util.datafix.schemas.V705$$Lambda$1923/0x0000000800844840 (minecraft@1.20.1)
1353:            23            368  net.minecraft.util.datafix.schemas.V705$$Lambda$1927/0x0000000800845160 (minecraft@1.20.1)
1354:            23            368  net.minecraft.util.datafix.schemas.V705$$Lambda$1928/0x00000008008453a8 (minecraft@1.20.1)
1355:            23            368  net.minecraft.util.datafix.schemas.V705$$Lambda$1929/0x00000008008455f0 (minecraft@1.20.1)
1356:            23            368  net.minecraft.util.datafix.schemas.V705$$Lambda$1930/0x0000000800845838 (minecraft@1.20.1)
1357:            23            368  net.minecraft.util.datafix.schemas.V705$$Lambda$1931/0x0000000800845a60 (minecraft@1.20.1)
1358:            23            368  net.minecraft.util.datafix.schemas.V99$$Lambda$1826/0x0000000800822000 (minecraft@1.20.1)
1359:            23            368  net.minecraft.util.datafix.schemas.V99$$Lambda$1827/0x0000000800822248 (minecraft@1.20.1)
1360:            23            368  net.minecraft.util.datafix.schemas.V99$$Lambda$1828/0x0000000800822490 (minecraft@1.20.1)
1361:            23            368  net.minecraft.util.datafix.schemas.V99$$Lambda$1832/0x0000000800822d48 (minecraft@1.20.1)
1362:            23            368  net.minecraft.world.entity.ai.sensing.SensorType (minecraft@1.20.1)
1363:            23            368  net.minecraftforge.fml.loading.moddiscovery.AbstractModProvider$$Lambda$616/0x0000000800386460 (fmlloader@1.20.1-47.4.13)
1364:            23            368  net.minecraftforge.fml.loading.moddiscovery.AbstractModProvider$1 (fmlloader@1.20.1-47.4.13)
1365:            23            368  org.spongepowered.asm.launch.platform.MainAttributes (org.spongepowered.mixin)
1366:            15            360  com.google.common.collect.RegularImmutableMap$KeySet (com.google.common@31.1-jre)
1367:            15            360  com.mojang.blaze3d.platform.GlStateManager$SourceFactor (minecraft@1.20.1)
1368:             9            360  com.sun.org.apache.xerces.internal.utils.XMLSecurityManager$Limit (java.xml@17.0.15)
1369:            15            360  java.lang.ThreadLocal$SuppliedThreadLocal (java.base@17.0.15)
1370:             5            360  java.lang.invoke.BoundMethodHandle$Species_LLLLLLLLLLL (java.base@17.0.15)
1371:             9            360  java.lang.invoke.VarHandleInts$FieldInstanceReadWrite (java.base@17.0.15)
1372:            15            360  java.util.concurrent.ConcurrentLinkedQueue (java.base@17.0.15)
1373:            15            360  java.util.regex.Pattern$Prolog (java.base@17.0.15)
1374:            15            360  net.minecraft.client.renderer.entity.layers.ItemInHandLayer (minecraft@1.20.1)
1375:             9            360  net.minecraft.util.datafix.fixes.NamespacedTypeRenameFix (minecraft@1.20.1)
1376:            15            360  net.minecraft.world.level.block.Blocks$$Lambda$1529/0x0000000800738d70 (minecraft@1.20.1)
1377:             5            360  org.apache.logging.log4j.core.config.LoggerConfig (org.apache.logging.log4j.core@2.19.0)
1378:             9            360  org.apache.logging.log4j.core.pattern.DatePatternConverter (org.apache.logging.log4j.core@2.19.0)
1379:            11            352  [Lsun.nio.fs.NativeBuffer; (java.base@17.0.15)
1380:            11            352  java.lang.constant.DirectMethodHandleDesc$Kind (java.base@17.0.15)
1381:            22            352  java.util.regex.Pattern$Begin (java.base@17.0.15)
1382:            11            352  javax.management.MBeanNotificationInfo (java.management@17.0.15)
1383:            11            352  jdk.internal.reflect.UnsafeBooleanFieldAccessorImpl (java.base@17.0.15)
1384:             4            352  net.minecraft.client.model.DrownedModel (minecraft@1.20.1)
1385:            11            352  net.minecraft.client.renderer.blockentity.HangingSignRenderer$HangingSignModel (minecraft@1.20.1)
1386:            11            352  sun.security.x509.AuthorityInfoAccessExtension (java.base@17.0.15)
1387:            15            344  [Ljava.security.CodeSigner; (java.base@17.0.15)
1388:            13            344  [Ljdk.dynalink.Namespace; (jdk.dynalink@17.0.15)
1389:            14            336  com.electronwill.nightconfig.core.ConfigSpec$ValueSpec (com.electronwill.nightconfig.core@3.6.4)
1390:             6            336  com.google.gson.internal.bind.ReflectiveTypeAdapterFactory$1 (com.google.gson@2.10)
1391:            21            336  com.google.gson.internal.bind.TreeTypeAdapter$GsonContextImpl (com.google.gson@2.10)
1392:            14            336  com.mojang.blaze3d.platform.GlStateManager$DestFactor (minecraft@1.20.1)
1393:             7            336  com.mojang.blaze3d.vertex.VertexBuffer (minecraft@1.20.1)
1394:             6            336  com.mojang.realmsclient.gui.task.DataFetcher$Task (minecraft@1.20.1)
1395:            14            336  com.sun.jna.Pointer (com.sun.jna@5.12.1)
1396:            14            336  java.lang.ThreadLocal$ThreadLocalMap (java.base@17.0.15)
1397:             6            336  java.lang.invoke.BoundMethodHandle$Species_LLLLLL (java.base@17.0.15)
1398:             7            336  java.util.concurrent.locks.ReentrantReadWriteLock$FairSync (java.base@17.0.15)
1399:            21            336  net.minecraft.util.datafix.schemas.V100$$Lambda$1865/0x0000000800829fd8 (minecraft@1.20.1)
1400:             6            336  net.minecraft.world.item.BannerPatternItem (minecraft@1.20.1)
1401:             6            336  net.minecraft.world.item.MinecartItem (minecraft@1.20.1)
1402:             7            336  org.apache.logging.log4j.core.lookup.ConfigurationStrSubstitutor (org.apache.logging.log4j.core@2.19.0)
1403:            14            336  org.lwjgl.system.libffi.FFICIF (org.lwjgl@3.3.1+7)
1404:            18            328  [Lsun.reflect.generics.tree.TypeSignature; (java.base@17.0.15)
1405:             4            320  [Lnet.minecraft.world.item.DyeColor; (minecraft@1.20.1)
1406:             8            320  com.mojang.blaze3d.vertex.VertexFormat$Mode (minecraft@1.20.1)
1407:            10            320  com.sun.org.apache.xerces.internal.impl.XMLEntityManager$EncodingInfo (java.xml@17.0.15)
1408:            10            320  java.lang.constant.DirectMethodHandleDescImpl (java.base@17.0.15)
1409:            10            320  java.util.ImmutableCollections$ListItr (java.base@17.0.15)
1410:             8            320  jdk.internal.module.ModuleReferences$JarModuleReader (java.base@17.0.15)
1411:             8            320  net.minecraft.client.model.BoatModel (minecraft@1.20.1)
1412:             8            320  net.minecraft.client.model.ChestBoatModel (minecraft@1.20.1)
1413:            10            320  net.minecraft.client.model.HumanoidModel$ArmPose (minecraft@1.20.1)
1414:             8            320  net.minecraft.client.renderer.entity.ThrownItemRenderer (minecraft@1.20.1)
1415:            10            320  net.minecraft.client.renderer.texture.PreloadedTexture (minecraft@1.20.1)
1416:            20            320  net.minecraft.util.ExtraCodecs$LazyInitializedCodec (minecraft@1.20.1)
1417:            20            320  net.minecraft.util.ExtraCodecs$LazyInitializedCodec$$Lambda$3023/0x0000000800a723b8 (minecraft@1.20.1)
1418:            20            320  net.minecraft.util.datafix.schemas.V102$$Lambda$1870/0x000000080082afb0 (minecraft@1.20.1)
1419:            20            320  net.minecraft.util.datafix.schemas.V135$$Lambda$1878/0x000000080083c9a0 (minecraft@1.20.1)
1420:            20            320  net.minecraft.util.datafix.schemas.V808$$Lambda$1934/0x0000000800846388 (minecraft@1.20.1)
1421:             8            320  net.minecraft.world.entity.MobCategory (minecraft@1.20.1)
1422:             4            320  net.minecraft.world.item.DyeableArmorItem (minecraft@1.20.1)
1423:             4            320  net.minecraft.world.level.block.TallFlowerBlock (minecraft@1.20.1)
1424:             4            320  net.minecraft.world.level.block.WallSkullBlock (minecraft@1.20.1)
1425:             4            320  net.minecraft.world.level.block.WeatheringCopperSlabBlock (minecraft@1.20.1)
1426:            20            320  net.minecraft.world.level.block.state.BlockBehaviour$$Lambda$1460/0x00000008006afa20 (minecraft@1.20.1)
1427:            10            320  net.minecraftforge.coremod.transformer.CoreModClassTransformer (net.minecraftforge.coremod)
1428:            10            320  net.minecraftforge.installer.json.Install$Processor
1429:            20            320  net.minecraftforge.registries.NamespacedWrapper$Factory (forge@47.4.13)
1430:             8            320  org.antlr.v4.runtime.atn.StarLoopbackState (org.antlr.antlr4.runtime@4.9.1)
1431:             8            320  sun.management.MemoryPoolImpl$CollectionSensor (java.management@17.0.15)
1432:             8            320  sun.management.MemoryPoolImpl$PoolSensor (java.management@17.0.15)
1433:            10            320  sun.reflect.generics.reflectiveObjects.TypeVariableImpl (java.base@17.0.15)
1434:            10            320  sun.security.util.DisabledAlgorithmConstraints$KeySizeConstraint (java.base@17.0.15)
1435:            10            320  sun.security.x509.ExtendedKeyUsageExtension (java.base@17.0.15)
1436:             1            312  [Lcpw.mods.jarhandling.SecureJar; (cpw.mods.securejarhandler)
1437:            12            312  [Lorg.antlr.v4.runtime.atn.LexerAction; (org.antlr.antlr4.runtime@4.9.1)
1438:            13            312  com.electronwill.nightconfig.core.SimpleConfig (com.electronwill.nightconfig.core@3.6.4)
1439:            13            312  com.google.gson.internal.bind.TypeAdapterRuntimeTypeWrapper
1440:             3            312  cpw.mods.cl.ModuleClassLoader (cpw.mods.securejarhandler)
1441:            13            312  java.util.concurrent.ConcurrentLinkedDeque$Node (java.base@17.0.15)
1442:            13            312  jdk.dynalink.NamespaceOperation (jdk.dynalink@17.0.15)
1443:            13            312  net.minecraft.client.renderer.entity.layers.ElytraLayer (minecraft@1.20.1)
1444:            13            312  net.minecraft.util.datafix.DataFixers$$Lambda$1935/0x00000008008465b0 (minecraft@1.20.1)
1445:            13            312  net.minecraft.util.valueproviders.UniformInt (minecraft@1.20.1)
1446:            13            312  net.minecraftforge.installer.json.Install$DataFile
1447:            13            312  oshi.PlatformEnum (com.github.oshi@6.2.2)
1448:            13            312  sun.nio.ch.Util$BufferCache (java.base@17.0.15)
1449:             9            304  [[S (java.base@17.0.15)
1450:            19            304  cpw.mods.modlauncher.LaunchServiceHandlerDecorator (cpw.mods.modlauncher@10.0.9)
1451:            19            304  java.util.IdentityHashMap$EntrySet (java.base@17.0.15)
1452:             1            304  net.minecraft.client.renderer.LevelRenderer (minecraft@1.20.1)
1453:            19            304  net.minecraft.util.datafix.fixes.BlockRenameFix$$Lambda$2271/0x00000008008a4cf8 (minecraft@1.20.1)
1454:            19            304  net.minecraft.util.datafix.fixes.BlockRenameFix$$Lambda$2272/0x00000008008a4f40 (minecraft@1.20.1)
1455:            19            304  net.minecraft.util.datafix.schemas.V3203$$Lambda$2179/0x00000008008819b0 (minecraft@1.20.1)
1456:            19            304  net.minecraft.util.datafix.schemas.V704$$Lambda$1901/0x00000008008411f8 (minecraft@1.20.1)
1457:            19            304  net.minecraft.world.level.block.entity.BaseContainerBlockEntity$$Lambda$4982/0x0000000800d45898 (minecraft@1.20.1)
1458:             2            304  org.spongepowered.asm.mixin.transformer.MixinConfig (org.spongepowered.mixin)
1459:             1            288  [Ljava.lang.invoke.LambdaForm$Kind; (java.base@17.0.15)
1460:            12            288  [Ljava.time.zone.ZoneOffsetTransition; (java.base@17.0.15)
1461:             7            288  [Lorg.apache.logging.log4j.core.pattern.PatternFormatter; (org.apache.logging.log4j.core@2.19.0)
1462:             1            288  [Lsun.security.ssl.SSLExtension; (java.base@17.0.15)
1463:            18            288  com.google.gson.Gson$1 (com.google.gson@2.10)
1464:            18            288  com.google.gson.Gson$2 (com.google.gson@2.10)
1465:            18            288  com.google.gson.Gson$4 (com.google.gson@2.10)
1466:            18            288  com.google.gson.Gson$5 (com.google.gson@2.10)
1467:            18            288  com.google.gson.internal.bind.CollectionTypeAdapterFactory (com.google.gson@2.10)
1468:            18            288  com.google.gson.internal.bind.JsonAdapterAnnotationTypeAdapterFactory (com.google.gson@2.10)
1469:            12            288  com.google.gson.internal.bind.ReflectiveTypeAdapterFactory$FieldReflectionAdapter
1470:            18            288  com.mojang.brigadier.exceptions.Dynamic2CommandExceptionType (brigadier@1.1.8)
1471:            12            288  java.lang.annotation.ElementType (java.base@17.0.15)
1472:             9            288  java.lang.constant.PrimitiveClassDescImpl (java.base@17.0.15)
1473:            12            288  java.net.StandardSocketOptions$StdSocketOption (java.base@17.0.15)
1474:            12            288  java.time.Month (java.base@17.0.15)
1475:            18            288  java.util.IdentityHashMap$KeySet (java.base@17.0.15)
1476:             9            288  java.util.logging.Level (java.logging@17.0.15)
1477:             9            288  java.util.logging.Level$KnownLevel (java.logging@17.0.15)
1478:            12            288  jdk.dynalink.BiClassValue (jdk.dynalink@17.0.15)
1479:            12            288  jdk.dynalink.BiClassValue$BiClassValuesRoot (jdk.dynalink@17.0.15)
1480:             9            288  jdk.internal.org.objectweb.asm.Type (java.base@17.0.15)
1481:             4            288  net.minecraft.client.renderer.EffectInstance (minecraft@1.20.1)
1482:             6            288  net.minecraft.core.Direction (minecraft@1.20.1)
1483:             6            288  net.minecraft.server.packs.repository.Pack (minecraft@1.20.1)
1484:            12            288  net.minecraft.util.datafix.DataFixTypes (minecraft@1.20.1)
1485:            18            288  net.minecraft.util.datafix.schemas.V3204$$Lambda$2181/0x00000008008820a8 (minecraft@1.20.1)
1486:             9            288  net.minecraft.world.entity.vehicle.Boat$Type (minecraft@1.20.1)
1487:             9            288  net.minecraft.world.item.ItemDisplayContext (minecraft@1.20.1)
1488:             6            288  net.minecraft.world.item.Tiers (minecraft@1.20.1)
1489:            12            288  net.minecraft.world.level.levelgen.LegacyRandomSource (minecraft@1.20.1)
1490:            18            288  net.minecraft.world.level.storage.loot.predicates.LootItemConditionType (minecraft@1.20.1)
1491:             6            288  net.minecraftforge.fml.earlydisplay.SimpleBufferBuilder (fmlearlydisplay@1.20.1-47.4.13)
1492:             9            288  org.apache.logging.log4j.core.pattern.DatePatternConverter$CachedTime (org.apache.logging.log4j.core@2.19.0)
1493:             6            288  org.objectweb.asm.Frame (org.objectweb.asm@9.8)
1494:             4            288  org.openjdk.nashorn.internal.runtime.Context (org.openjdk.nashorn)
1495:             4            288  org.openjdk.nashorn.internal.runtime.Context$ClassCache (org.openjdk.nashorn)
1496:            12            288  sun.nio.fs.NativeBuffer$Deallocator (java.base@17.0.15)
1497:            12            288  sun.security.provider.certpath.X509CertPath (java.base@17.0.15)
1498:             9            288  sun.security.ssl.ProtocolVersion (java.base@17.0.15)
1499:             9            288  sun.security.util.math.intpoly.IntegerPolynomial$ImmutableElement (java.base@17.0.15)
1500:            18            288  sun.security.x509.CertificatePolicyId (java.base@17.0.15)
1501:             7            280  [Lcom.mojang.math.SymmetricGroup3; (minecraft@1.20.1)
1502:             7            280  net.minecraft.world.entity.player.PlayerModelPart (minecraft@1.20.1)
1503:             5            280  net.minecraft.world.item.GameMasterBlockItem (minecraft@1.20.1)
1504:             7            280  net.minecraftforge.registries.DeferredRegister (forge@47.4.13)
1505:             7            280  org.openjdk.nashorn.internal.ir.BlockStatement (org.openjdk.nashorn)
1506:             7            280  org.openjdk.nashorn.internal.ir.LiteralNode$NumberLiteralNode (org.openjdk.nashorn)
1507:             7            280  org.openjdk.nashorn.internal.ir.UnaryNode (org.openjdk.nashorn)
1508:             7            280  org.openjdk.nashorn.internal.objects.NativeArray (org.openjdk.nashorn)
1509:             9            272  [Ljava.lang.Boolean; (java.base@17.0.15)
1510:             1            272  [Lnet.minecraft.world.level.material.MapColor; (minecraft@1.20.1)
1511:            17            272  net.minecraft.core.dispenser.ShulkerBoxDispenseBehavior (minecraft@1.20.1)
1512:            17            272  net.minecraft.util.ExtraCodecs$$Lambda$3019/0x0000000800a71598 (minecraft@1.20.1)
1513:            17            272  sun.invoke.util.ValueConversions$WrapperCache (java.base@17.0.15)
1514:            11            264  com.llamalad7.mixinextras.utils.InternalField$1 (MixinExtras@0.5.3)
1515:            11            264  com.sun.jmx.mbeanserver.StandardMBeanSupport (java.management@17.0.15)
1516:            11            264  java.lang.invoke.MethodHandleImpl$Intrinsic (java.base@17.0.15)
1517:            11            264  java.security.CodeSigner (java.base@17.0.15)
1518:            11            264  java.security.cert.CRLReason (java.base@17.0.15)
1519:            11            264  java.util.concurrent.ConcurrentLinkedDeque (java.base@17.0.15)
1520:            11            264  java.util.concurrent.ConcurrentSkipListMap$Node (java.base@17.0.15)
1521:             3            264  net.minecraft.client.model.GiantZombieModel (minecraft@1.20.1)
1522:             3            264  net.minecraft.client.model.ZombieVillagerModel (minecraft@1.20.1)
1523:            11            264  net.minecraft.world.level.levelgen.GenerationStep$Decoration (minecraft@1.20.1)
1524:            11            264  org.antlr.v4.runtime.atn.LexerActionExecutor (org.antlr.antlr4.runtime@4.9.1)
1525:            11            264  org.antlr.v4.runtime.atn.SetTransition (org.antlr.antlr4.runtime@4.9.1)
1526:            11            264  org.openjdk.nashorn.internal.codegen.Compiler$CompilationPhases (org.openjdk.nashorn)
1527:            11            264  org.spongepowered.asm.launch.GlobalProperties$Keys (org.spongepowered.mixin)
1528:            11            264  sun.security.ssl.SSLSecretDerivation$SecretSchedule (java.base@17.0.15)
1529:             8            256  com.mojang.datafixers.DataFix$$Lambda$2232/0x0000000800892d98 (datafixerupper@6.0.8)
1530:            16            256  com.mojang.serialization.Codec$$Lambda$2521/0x0000000800999108 (datafixerupper@6.0.8)
1531:             8            256  java.lang.reflect.ProxyGenerator$PrimitiveTypeInfo (java.base@17.0.15)
1532:             8            256  javax.management.MBeanConstructorInfo (java.management@17.0.15)
1533:             8            256  net.minecraft.client.gui.font.FontTexture (minecraft@1.20.1)
1534:            16            256  net.minecraft.util.datafix.schemas.V705$$Lambda$1907/0x00000008008423e0 (minecraft@1.20.1)
1535:            16            256  net.minecraft.util.datafix.schemas.V705$$Lambda$1908/0x0000000800842628 (minecraft@1.20.1)
1536:            16            256  net.minecraft.util.datafix.schemas.V705$$Lambda$1909/0x0000000800842870 (minecraft@1.20.1)
1537:            16            256  net.minecraft.util.datafix.schemas.V705$$Lambda$1912/0x0000000800842f28 (minecraft@1.20.1)
1538:            16            256  net.minecraft.util.datafix.schemas.V705$$Lambda$1913/0x0000000800843170 (minecraft@1.20.1)
1539:            16            256  net.minecraft.util.datafix.schemas.V705$$Lambda$1915/0x0000000800843600 (minecraft@1.20.1)
1540:            16            256  net.minecraft.util.datafix.schemas.V705$$Lambda$1916/0x0000000800843848 (minecraft@1.20.1)
1541:            16            256  net.minecraft.util.datafix.schemas.V705$$Lambda$1920/0x0000000800844168 (minecraft@1.20.1)
1542:            16            256  net.minecraft.util.datafix.schemas.V705$$Lambda$1922/0x00000008008445f8 (minecraft@1.20.1)
1543:            16            256  net.minecraft.util.datafix.schemas.V705$$Lambda$1924/0x0000000800844a88 (minecraft@1.20.1)
1544:            16            256  net.minecraft.util.datafix.schemas.V705$$Lambda$1925/0x0000000800844cd0 (minecraft@1.20.1)
1545:            16            256  net.minecraft.util.datafix.schemas.V705$$Lambda$1926/0x0000000800844f18 (minecraft@1.20.1)
1546:            16            256  net.minecraft.world.level.block.Blocks$$Lambda$1572/0x0000000800743a38 (minecraft@1.20.1)
1547:            16            256  net.minecraft.world.level.levelgen.structure.StructureType$$Lambda$3567/0x0000000800af6000 (minecraft@1.20.1)
1548:            16            256  net.minecraftforge.client.model.QuadTransformers$$Lambda$5632/0x0000000800e24000 (forge@47.4.13)
1549:             8            256  net.minecrell.terminalconsole.MinecraftFormattingConverter (terminalconsoleappender@1.2.0)
1550:             4            256  org.apache.logging.log4j.core.layout.PatternLayout (org.apache.logging.log4j.core@2.19.0)
1551:             8            256  org.apache.logging.log4j.core.lookup.Interpolator (org.apache.logging.log4j.core@2.19.0)
1552:            16            256  org.apache.logging.log4j.core.lookup.SystemPropertiesLookup (org.apache.logging.log4j.core@2.19.0)
1553:             4            256  org.openjdk.nashorn.internal.objects.NativeError$Constructor (org.openjdk.nashorn)
1554:             4            256  org.openjdk.nashorn.internal.objects.NativeError$Prototype (org.openjdk.nashorn)
1555:             4            256  org.openjdk.nashorn.internal.objects.NativeFunction$Prototype (org.openjdk.nashorn)
1556:             4            256  org.openjdk.nashorn.internal.objects.NativeNumber$Prototype (org.openjdk.nashorn)
1557:             4            256  org.openjdk.nashorn.internal.objects.NativeObject$Prototype (org.openjdk.nashorn)
1558:             8            256  org.openjdk.nashorn.internal.runtime.AccessorProperty$Accessors (org.openjdk.nashorn)
1559:             4            248  [Ljava.lang.StackTraceElement; (java.base@17.0.15)
1560:             7            248  [Ljava.lang.annotation.ElementType; (java.base@17.0.15)
1561:             5            240  [Ljava.lang.invoke.LambdaForm$NamedFunction; (java.base@17.0.15)
1562:            15            240  com.google.common.collect.RegularImmutableMap$Values (com.google.common@31.1-jre)
1563:            10            240  com.google.gson.stream.JsonToken
1564:            10            240  com.google.gson.stream.JsonToken (com.google.gson@2.10)
1565:            10            240  com.sun.org.apache.xerces.internal.impl.XMLScanner$NameType (java.xml@17.0.15)
1566:             5            240  it.unimi.dsi.fastutil.longs.LongOpenHashSet (it.unimi.dsi.fastutil@8.5.9)
1567:            10            240  java.lang.constant.MethodTypeDescImpl (java.base@17.0.15)
1568:             5            240  java.lang.invoke.BoundMethodHandle$Species_LLIL (java.base@17.0.15)
1569:            10            240  java.nio.charset.CoderResult (java.base@17.0.15)
1570:            10            240  java.nio.file.StandardOpenOption (java.base@17.0.15)
1571:            10            240  java.security.CryptoPrimitive (java.base@17.0.15)
1572:            15            240  java.util.LinkedHashMap$LinkedKeySet (java.base@17.0.15)
1573:             6            240  java.util.ResourceBundle$BundleReference (java.base@17.0.15)
1574:            10            240  java.util.regex.Pattern$CharPredicate$$Lambda$1170/0x00000008002f8240 (java.base@17.0.15)
1575:             6            240  java.util.stream.StreamOpFlag (java.base@17.0.15)
1576:            15            240  jdk.proxy2.$Proxy18 (jdk.proxy2)
1577:            10            240  net.minecraft.client.OptionInstance$IntRange (minecraft@1.20.1)
1578:             2            240  net.minecraft.client.model.PlayerModel (minecraft@1.20.1)
1579:             6            240  net.minecraft.client.renderer.entity.MinecartRenderer (minecraft@1.20.1)
1580:            10            240  net.minecraft.sounds.SoundSource (minecraft@1.20.1)
1581:            10            240  net.minecraft.util.ExtraCodecs$1ContextRetrievalCodec (minecraft@1.20.1)
1582:            15            240  net.minecraft.util.datafix.schemas.V1022$$Lambda$1938/0x0000000800846f00 (minecraft@1.20.1)
1583:            15            240  net.minecraft.util.datafix.schemas.V1022$$Lambda$1939/0x0000000800847128 (minecraft@1.20.1)
1584:            10            240  net.minecraft.util.random.WeightedRandomList (minecraft@1.20.1)
1585:             6            240  net.minecraft.world.entity.EquipmentSlot (minecraft@1.20.1)
1586:            10            240  net.minecraft.world.entity.schedule.Timeline (minecraft@1.20.1)
1587:             3            240  net.minecraft.world.level.block.AirBlock (minecraft@1.20.1)
1588:             3            240  net.minecraft.world.level.block.AnvilBlock (minecraft@1.20.1)
1589:             3            240  net.minecraft.world.level.block.CommandBlock (minecraft@1.20.1)
1590:             3            240  net.minecraft.world.level.block.DoublePlantBlock (minecraft@1.20.1)
1591:             3            240  net.minecraft.world.level.block.HugeMushroomBlock (minecraft@1.20.1)
1592:            10            240  net.minecraft.world.level.block.state.properties.RailShape (minecraft@1.20.1)
1593:            15            240  net.minecraft.world.level.levelgen.placement.PlacementModifierType$$Lambda$3629/0x0000000800b06958 (minecraft@1.20.1)
1594:             6            240  net.minecraft.world.level.levelgen.synth.SimplexNoise (minecraft@1.20.1)
1595:             3            240  net.minecraftforge.client.gui.widget.ExtendedButton (forge@47.4.13)
1596:             6            240  net.minecraftforge.eventbus.EventBus (net.minecraftforge.eventbus)
1597:             2            240  org.apache.logging.log4j.core.appender.rolling.RollingRandomAccessFileManager (org.apache.logging.log4j.core@2.19.0)
1598:             5            240  org.openjdk.nashorn.internal.ir.IndexNode (org.openjdk.nashorn)
1599:             6            240  org.openjdk.nashorn.internal.runtime.Context$ClassReference (org.openjdk.nashorn)
1600:             6            240  org.openjdk.nashorn.internal.runtime.Source (org.openjdk.nashorn)
1601:            10            240  sun.reflect.generics.tree.FormalTypeParameter (java.base@17.0.15)
1602:             6            240  sun.security.util.MemoryCache (java.base@17.0.15)
1603:            10            232  [Ljava.lang.reflect.TypeVariable; (java.base@17.0.15)
1604:             3            224  [Ljava.lang.Thread; (java.base@17.0.15)
1605:            13            224  [Ljava.lang.constant.ConstantDesc; (java.base@17.0.15)
1606:             2            224  [Lnet.minecraft.world.level.block.state.properties.NoteBlockInstrument; (minecraft@1.20.1)
1607:            14            224  com.electronwill.nightconfig.core.ConfigSpec$DumbSupplier (com.electronwill.nightconfig.core@3.6.4)
1608:             4            224  com.mojang.blaze3d.platform.NativeImage$Format (minecraft@1.20.1)
1609:             7            224  com.mojang.blaze3d.vertex.VertexFormatElement (minecraft@1.20.1)
1610:             7            224  com.mojang.blaze3d.vertex.VertexFormatElement$Type (minecraft@1.20.1)
1611:            14            224  java.security.spec.MGF1ParameterSpec (java.base@17.0.15)
1612:            14            224  jdk.proxy2.$Proxy12 (jdk.proxy2)
1613:            14            224  net.minecraft.client.OptionInstance$$Lambda$4370/0x0000000800bf0658 (minecraft@1.20.1)
1614:             4            224  net.minecraft.client.model.IllagerModel (minecraft@1.20.1)
1615:             4            224  net.minecraft.client.model.LlamaModel (minecraft@1.20.1)
1616:             7            224  net.minecraft.client.model.MinecartModel (minecraft@1.20.1)
1617:             7            224  net.minecraft.sounds.Music (minecraft@1.20.1)
1618:            14            224  net.minecraft.util.datafix.schemas.V1125$$Lambda$1941/0x0000000800847820 (minecraft@1.20.1)
1619:             7            224  net.minecraft.world.entity.animal.Panda$Gene (minecraft@1.20.1)
1620:             7            224  net.minecraft.world.entity.animal.horse.Variant (minecraft@1.20.1)
1621:            14            224  net.minecraft.world.item.crafting.SimpleCraftingRecipeSerializer (minecraft@1.20.1)
1622:             7            224  net.minecraftforge.eventbus.EventBus$$Lambda$4256/0x0000000800ba6438 (net.minecraftforge.eventbus)
1623:             4            224  org.openjdk.nashorn.internal.objects.NativeArray$Constructor (org.openjdk.nashorn)
1624:             4            224  org.openjdk.nashorn.internal.objects.NativeBoolean$Constructor (org.openjdk.nashorn)
1625:             4            224  org.openjdk.nashorn.internal.objects.NativeFunction$Constructor (org.openjdk.nashorn)
1626:             4            224  org.openjdk.nashorn.internal.objects.NativeNumber$Constructor (org.openjdk.nashorn)
1627:             4            224  org.openjdk.nashorn.internal.objects.NativeReferenceError$Constructor (org.openjdk.nashorn)
1628:             4            224  org.openjdk.nashorn.internal.objects.NativeString$Constructor (org.openjdk.nashorn)
1629:             4            224  org.openjdk.nashorn.internal.objects.NativeSyntaxError$Constructor (org.openjdk.nashorn)
1630:             4            224  org.openjdk.nashorn.internal.objects.NativeTypeError$Constructor (org.openjdk.nashorn)
1631:             9            216  [Lorg.apache.logging.log4j.Marker; (org.apache.logging.log4j@2.19.0)
1632:             9            216  com.mojang.datafixers.types.templates.Const$PrimitiveType (datafixerupper@6.0.8)
1633:             9            216  java.nio.file.attribute.PosixFilePermission (java.base@17.0.15)
1634:             3            216  java.util.concurrent.ScheduledThreadPoolExecutor$ScheduledFutureTask (java.base@17.0.15)
1635:             9            216  net.minecraft.client.gui.font.GlyphRenderTypes (minecraft@1.20.1)
1636:             9            216  net.minecraft.client.resources.model.AtlasSet$AtlasEntry (minecraft@1.20.1)
1637:             9            216  net.minecraft.core.particles.ParticleTypes$1 (minecraft@1.20.1)
1638:             9            216  net.minecraft.resources.RegistryOps$$Lambda$3968/0x0000000800b4e800 (minecraft@1.20.1)
1639:             9            216  net.minecraft.stats.StatType (minecraft@1.20.1)
1640:             9            216  net.minecraft.util.datafix.fixes.WorldGenSettingsFix$StructureFeatureConfiguration (minecraft@1.20.1)
1641:             9            216  net.minecraftforge.fml.DeferredWorkQueue (fmlcore@1.20.1-47.4.13)
1642:             9            216  net.minecraftforge.fml.ModLoadingStage (fmlcore@1.20.1-47.4.13)
1643:             9            216  org.openjdk.nashorn.internal.codegen.ClassEmitter$Flag (org.openjdk.nashorn)
1644:             9            216  org.openjdk.nashorn.internal.parser.TokenKind (org.openjdk.nashorn)
1645:             3            216  org.spongepowered.asm.util.perf.Profiler$LiveSection (org.spongepowered.mixin)
1646:             3            216  sun.net.www.protocol.jar.URLJarFile (java.base@17.0.15)
1647:             3            216  sun.security.provider.NativePRNG$RandomIO (java.base@17.0.15)
1648:             9            216  sun.security.util.SafeDHParameterSpec (java.base@17.0.15)
1649:             9            216  sun.util.logging.PlatformLogger$Level (java.base@17.0.15)
1650:             6            208  [Ljdk.dynalink.linker.GuardingDynamicLinker; (jdk.dynalink@17.0.15)
1651:             2            208  [Lnet.minecraft.ChatFormatting; (minecraft@1.20.1)
1652:             2            208  [Lnet.minecraft.client.KeyMapping; (minecraft@1.20.1)
1653:             7            208  [Lnet.minecraft.core.Direction$Axis; (minecraft@1.20.1)
1654:             2            208  [Lsun.security.ssl.NamedGroup; (java.base@17.0.15)
1655:             1            208  [[Lcom.mojang.math.OctahedralGroup; (minecraft@1.20.1)
1656:            13            208  com.electronwill.nightconfig.core.ConfigSpec$$Lambda$383/0x0000000800305208 (com.electronwill.nightconfig.core@3.6.4)
1657:            13            208  com.google.common.base.CharMatcher$Is (com.google.common@31.1-jre)
1658:            13            208  com.google.common.base.Splitter$1 (com.google.common@31.1-jre)
1659:            13            208  com.google.common.collect.IndexedImmutableSet$1 (com.google.common@31.1-jre)
1660:            13            208  java.text.NumberFormat$Field (java.base@17.0.15)
1661:            13            208  jdk.proxy2.$Proxy21 (jdk.proxy2)
1662:             2            208  net.minecraft.client.model.ChestedHorseModel (minecraft@1.20.1)
1663:            13            208  net.minecraft.util.datafix.schemas.V1801$$Lambda$2079/0x000000080086d4e0 (minecraft@1.20.1)
1664:            13            208  net.minecraft.util.datafix.schemas.V2571$$Lambda$2129/0x0000000800877400 (minecraft@1.20.1)
1665:            13            208  net.minecraft.util.datafix.schemas.V3325$$Lambda$2183/0x00000008008827a0 (minecraft@1.20.1)
1666:            13            208  net.minecraft.util.datafix.schemas.V3325$$Lambda$2184/0x00000008008829e8 (minecraft@1.20.1)
1667:            13            208  net.minecraft.util.datafix.schemas.V99$$Lambda$1810/0x0000000800819c00 (minecraft@1.20.1)
1668:            13            208  net.minecraft.world.food.FoodProperties$Builder$$Lambda$2575/0x00000008009df010 (minecraft@1.20.1)
1669:            13            208  net.minecraftforge.common.ForgeConfigSpec$Builder$$Lambda$5637/0x0000000800e26e70 (forge@47.4.13)
1670:            13            208  org.apache.commons.lang3.text.translate.AggregateTranslator (org.apache.commons.lang3@3.12.0)
1671:             2            208  sun.security.provider.Sun (java.base@17.0.15)
1672:             2            200  [Ljava.text.DateFormat$Field; (java.base@17.0.15)
1673:             5            200  java.lang.invoke.BoundMethodHandle$Species_LLI (java.base@17.0.15)
1674:             5            200  java.text.DigitList (java.base@17.0.15)
1675:             5            200  java.util.ServiceLoader$LayerLookupIterator (java.base@17.0.15)
1676:             5            200  java.util.ServiceLoader$LazyClassPathLookupIterator (java.base@17.0.15)
1677:             5            200  net.minecraft.util.datafix.fixes.BlockRenameFixWithJigsaw$1 (minecraft@1.20.1)
1678:             5            200  org.apache.logging.log4j.core.config.Node (org.apache.logging.log4j.core@2.19.0)
1679:             5            200  org.apache.logging.log4j.core.pattern.ExtendedThrowablePatternConverter (org.apache.logging.log4j.core@2.19.0)
1680:             5            200  org.lwjgl.PointerBuffer (org.lwjgl@3.3.1+7)
1681:             5            200  sun.security.ssl.CipherSuite$MacAlg (java.base@17.0.15)
1682:             4            192  [Ljava.util.List; (java.base@17.0.15)
1683:             4            192  [Ljdk.dynalink.linker.TypeBasedGuardingDynamicLinker; (jdk.dynalink@17.0.15)
1684:             6            192  [Lnet.minecraft.client.renderer.FaceInfo$VertexInfo; (minecraft@1.20.1)
1685:             4            192  [Lnet.minecraft.world.entity.animal.Panda$Gene; (minecraft@1.20.1)
1686:             4            192  [Lnet.minecraft.world.entity.animal.horse.Variant; (minecraft@1.20.1)
1687:             1            192  [Lorg.openjdk.nashorn.internal.codegen.CompilerConstants; (org.openjdk.nashorn)
1688:             8            192  [[[B (java.base@17.0.15)
1689:             8            192  com.google.common.cache.LocalCache$AccessQueue$1 (com.google.common@31.1-jre)
1690:             8            192  com.google.common.cache.LocalCache$WriteQueue$1 (com.google.common@31.1-jre)
1691:             4            192  com.google.common.collect.MapMakerInternalMap$StrongKeyWeakValueSegment (com.google.common@31.1-jre)
1692:             8            192  com.google.gson.internal.bind.TypeAdapters$32
1693:             8            192  com.ibm.icu.text.Bidi$ImpTabPair (com.ibm.icu@71.1)
1694:            12            192  com.mojang.blaze3d.platform.GlStateManager$TextureState (minecraft@1.20.1)
1695:             6            192  com.mojang.blaze3d.vertex.VertexFormatElement$Usage (minecraft@1.20.1)
1696:             6            192  com.mojang.math.SymmetricGroup3 (minecraft@1.20.1)
1697:             6            192  com.sun.jmx.mbeanserver.DefaultMXBeanMappingFactory$CollectionMapping (java.management@17.0.15)
1698:             4            192  com.sun.jna.Structure$StructField (com.sun.jna@5.12.1)
1699:             3            192  it.unimi.dsi.fastutil.longs.Long2ObjectOpenHashMap (it.unimi.dsi.fastutil@8.5.9)
1700:             6            192  java.lang.invoke.LambdaForm$BasicType (java.base@17.0.15)
1701:             8            192  java.lang.module.ModuleDescriptor$Opens (java.base@17.0.15)
1702:             8            192  java.math.RoundingMode (java.base@17.0.15)
1703:             6            192  java.net.InetAddress$InetAddressHolder (java.base@17.0.15)
1704:             8            192  java.net.NetPermission (java.base@17.0.15)
1705:             3            192  java.nio.DirectByteBufferR (java.base@17.0.15)
1706:             6            192  java.time.format.TextStyle (java.base@17.0.15)
1707:             8            192  jdk.internal.module.ModuleReferences$$Lambda$26/0x00000008000b4180 (java.base@17.0.15)
1708:             8            192  jdk.internal.perf.PerfCounter (java.base@17.0.15)
1709:             6            192  jdk.internal.reflect.UnsafeIntegerFieldAccessorImpl (java.base@17.0.15)
1710:             6            192  jdk.internal.reflect.UnsafeQualifiedObjectFieldAccessorImpl (java.base@17.0.15)
1711:            12            192  jdk.proxy1.$Proxy11 (jdk.proxy1)
1712:            12            192  jdk.proxy2.$Proxy22 (jdk.proxy2)
1713:            12            192  jdk.proxy2.$Proxy6 (jdk.proxy2)
1714:            12            192  joptsimple.internal.ConstructorInvokingValueConverter (jopt.simple@5.0.4)
1715:             8            192  net.minecraft.client.OptionInstance$Enum (minecraft@1.20.1)
1716:             2            192  net.minecraft.client.model.CatModel (minecraft@1.20.1)
1717:             3            192  net.minecraft.client.model.ParrotModel (minecraft@1.20.1)
1718:             4            192  net.minecraft.client.renderer.PostPass (minecraft@1.20.1)
1719:             6            192  net.minecraft.client.telemetry.TelemetryEventType (minecraft@1.20.1)
1720:             6            192  net.minecraft.client.tutorial.TutorialSteps (minecraft@1.20.1)
1721:            12            192  net.minecraft.resources.RegistryFixedCodec (minecraft@1.20.1)
1722:             8            192  net.minecraft.util.ByIdMap$$Lambda$4393/0x0000000800bf6920 (minecraft@1.20.1)
1723:            12            192  net.minecraft.util.datafix.schemas.V3326$$Lambda$2186/0x0000000800883100 (minecraft@1.20.1)
1724:            12            192  net.minecraft.util.datafix.schemas.V99$$Lambda$1830/0x00000008008228f8 (minecraft@1.20.1)
1725:            12            192  net.minecraft.util.datafix.schemas.V99$$Lambda$1833/0x0000000800822f70 (minecraft@1.20.1)
1726:            12            192  net.minecraft.world.entity.npc.VillagerProfession$$Lambda$2869/0x0000000800a3fa38 (minecraft@1.20.1)
1727:            12            192  net.minecraft.world.entity.npc.VillagerProfession$$Lambda$2870/0x0000000800a3fc90 (minecraft@1.20.1)
1728:             3            192  net.minecraft.world.item.BucketItem (minecraft@1.20.1)
1729:             3            192  net.minecraft.world.item.HorseArmorItem (minecraft@1.20.1)
1730:             8            192  net.minecraft.world.item.Instrument (minecraft@1.20.1)
1731:             6            192  net.minecraft.world.level.levelgen.DensityFunctions$Mapped$Type (minecraft@1.20.1)
1732:             6            192  net.minecraft.world.level.levelgen.Heightmap$Types (minecraft@1.20.1)
1733:             6            192  net.minecraft.world.level.levelgen.SurfaceRules$StoneDepthCheck (minecraft@1.20.1)
1734:            12            192  net.minecraft.world.level.levelgen.blockpredicates.BlockPredicateType$$Lambda$3028/0x0000000800a73828 (minecraft@1.20.1)
1735:             3            192  net.minecraft.world.phys.AABB (minecraft@1.20.1)
1736:             8            192  net.minecraftforge.client.ForgeRenderTypes (forge@47.4.13)
1737:             8            192  net.minecraftforge.common.util.Lazy$Fast (forge@47.4.13)
1738:             8            192  org.antlr.v4.runtime.atn.LexerActionType (org.antlr.antlr4.runtime@4.9.1)
1739:             8            192  org.apache.logging.log4j.Level (org.apache.logging.log4j@2.19.0)
1740:             8            192  org.apache.logging.log4j.core.appender.rolling.RolloverFrequency (org.apache.logging.log4j.core@2.19.0)
1741:             4            192  org.apache.logging.log4j.core.config.AppenderControl (org.apache.logging.log4j.core@2.19.0)
1742:             8            192  org.apache.logging.log4j.core.lookup.PropertiesLookup (org.apache.logging.log4j.core@2.19.0)
1743:             8            192  org.apache.logging.log4j.core.pattern.MessagePatternConverter$FormattedMessagePatternConverter (org.apache.logging.log4j.core@2.19.0)
1744:             8            192  org.apache.logging.log4j.spi.StandardLevel (org.apache.logging.log4j@2.19.0)
1745:             8            192  org.apache.logging.slf4j.Log4jMarker (org.apache.logging.log4j.slf4j@2.19.0)
1746:             4            192  org.openjdk.nashorn.internal.ir.IfNode (org.openjdk.nashorn)
1747:             4            192  org.openjdk.nashorn.internal.objects.NativeBoolean$Prototype (org.openjdk.nashorn)
1748:             4            192  org.openjdk.nashorn.internal.objects.NativeReferenceError$Prototype (org.openjdk.nashorn)
1749:             4            192  org.openjdk.nashorn.internal.objects.NativeSyntaxError$Prototype (org.openjdk.nashorn)
1750:             4            192  org.openjdk.nashorn.internal.objects.NativeTypeError$Prototype (org.openjdk.nashorn)
1751:             6            192  org.openjdk.nashorn.internal.runtime.Context$NamedContextCodeInstaller (org.openjdk.nashorn)
1752:             8            192  org.openjdk.nashorn.internal.runtime.JSType (org.openjdk.nashorn)
1753:             8            192  org.openjdk.nashorn.internal.runtime.linker.InvokeByName (org.openjdk.nashorn)
1754:             4            192  sun.nio.cs.StreamDecoder (java.base@17.0.15)
1755:             8            192  sun.reflect.generics.repository.FieldRepository (java.base@17.0.15)
1756:             6            192  sun.security.ssl.SSLKeyExchange$T12KeyAgreement (java.base@17.0.15)
1757:             6            192  sun.security.x509.SubjectAlternativeNameExtension (java.base@17.0.15)
1758:             2            176  [Lorg.antlr.v4.runtime.atn.RuleStartState; (org.antlr.antlr4.runtime@4.9.1)
1759:             2            176  [Lorg.antlr.v4.runtime.atn.RuleStopState; (org.antlr.antlr4.runtime@4.9.1)
1760:            11            176  java.util.Comparator$$Lambda$548/0x00000008002d4b88 (java.base@17.0.15)
1761:            11            176  java.util.concurrent.ConcurrentHashMap$ValuesView (java.base@17.0.15)
1762:            11            176  jdk.dynalink.beans.StaticClass (jdk.dynalink@17.0.15)
1763:             2            176  net.minecraft.client.model.ArmorStandArmorModel (minecraft@1.20.1)
1764:            11            176  net.minecraft.util.datafix.schemas.V3327$$Lambda$2189/0x0000000800883a20 (minecraft@1.20.1)
1765:            11            176  net.minecraft.world.entity.animal.CatVariant (minecraft@1.20.1)
1766:             2            176  net.minecraft.world.level.block.AttachedStemBlock (minecraft@1.20.1)
1767:             2            176  net.minecraft.world.level.block.BrushableBlock (minecraft@1.20.1)
1768:             2            176  net.minecraft.world.level.block.FungusBlock (minecraft@1.20.1)
1769:             2            176  net.minecraft.world.level.block.IronBarsBlock (minecraft@1.20.1)
1770:             2            176  net.minecraft.world.level.block.LiquidBlock (minecraft@1.20.1)
1771:             2            176  net.minecraft.world.level.block.StemBlock (minecraft@1.20.1)
1772:             2            176  net.minecraft.world.level.block.WeightedPressurePlateBlock (minecraft@1.20.1)
1773:            11            176  net.minecraft.world.level.levelgen.feature.foliageplacers.FoliagePlacerType (minecraft@1.20.1)
1774:            11            176  net.minecraft.world.level.levelgen.structure.templatesystem.StructureProcessorType$$Lambda$3174/0x0000000800a9a190 (minecraft@1.20.1)
1775:            11            176  org.apache.logging.log4j.core.util.datetime.FastDateParser$NumberStrategy (org.apache.logging.log4j.core@2.19.0)
1776:            11            176  sun.util.logging.internal.LoggingProviderImpl$JULWrapper (java.logging@17.0.15)
1777:             3            168  [Lnet.minecraft.world.entity.vehicle.Boat$Type; (minecraft@1.20.1)
1778:             1            168  [[Ljava.math.BigInteger; (java.base@17.0.15)
1779:             3            168  com.google.common.collect.MapMakerInternalMap (com.google.common@31.1-jre)
1780:             3            168  com.google.gson.internal.LinkedTreeMap
1781:             7            168  com.mojang.blaze3d.platform.GlStateManager$BooleanState (minecraft@1.20.1)
1782:             7            168  com.sun.org.apache.xerces.internal.util.FeatureState (java.xml@17.0.15)
1783:             7            168  java.lang.System$Logger$Level (java.base@17.0.15)
1784:             7            168  java.time.DayOfWeek (java.base@17.0.15)
1785:             7            168  java.time.Instant (java.base@17.0.15)
1786:             7            168  java.time.ZoneOffset (java.base@17.0.15)
1787:             7            168  java.util.Comparator$$Lambda$623/0x00000008002db730 (java.base@17.0.15)
1788:             7            168  javax.crypto.spec.SecretKeySpec (java.base@17.0.15)
1789:             3            168  javax.management.openmbean.OpenMBeanOperationInfoSupport (java.management@17.0.15)
1790:             3            168  jdk.dynalink.beans.StaticClassLinker$SingleClassStaticsLinker (jdk.dynalink@17.0.15)
1791:             7            168  jdk.xml.internal.JdkProperty$State (java.xml@17.0.15)
1792:             7            168  net.minecraft.Util$11 (minecraft@1.20.1)
1793:             7            168  net.minecraft.client.renderer.RenderStateShard$OutputStateShard (minecraft@1.20.1)
1794:             3            168  net.minecraft.client.renderer.blockentity.ChestRenderer (minecraft@1.20.1)
1795:             7            168  net.minecraft.resources.FileToIdConverter (minecraft@1.20.1)
1796:             7            168  net.minecraft.util.valueproviders.FloatProvider$$Lambda$3085/0x0000000800a7f398 (minecraft@1.20.1)
1797:             7            168  net.minecraft.world.entity.vehicle.AbstractMinecart$Type (minecraft@1.20.1)
1798:             3            168  net.minecraft.world.item.BowlFoodItem (minecraft@1.20.1)
1799:             7            168  net.minecraft.world.level.block.SkullBlock$Types (minecraft@1.20.1)
1800:             7            168  net.minecraftforge.client.RenderTypeGroup (forge@47.4.13)
1801:             7            168  net.minecraftforge.eventbus.Names$Method (net.minecraftforge.eventbus)
1802:             3            168  net.minecraftforge.fml.ModLoadingException (fmlcore@1.20.1-47.4.13)
1803:             7            168  net.minecraftforge.registries.DeferredRegister$$Lambda$1502/0x0000000800731778 (forge@47.4.13)
1804:             7            168  net.minecraftforge.registries.DeferredRegister$RegistryHolder (forge@47.4.13)
1805:             7            168  org.apache.logging.log4j.core.pattern.LoggerPatternConverter (org.apache.logging.log4j.core@2.19.0)
1806:             7            168  org.openjdk.nashorn.internal.ir.FunctionNode$Kind (org.openjdk.nashorn)
1807:             7            168  org.openjdk.nashorn.internal.runtime.Context$1 (org.openjdk.nashorn)
1808:             7            168  org.openjdk.nashorn.internal.runtime.arrays.ObjectArrayData (org.openjdk.nashorn)
1809:             7            168  sun.security.provider.certpath.OCSPResponse$ResponseStatus (java.base@17.0.15)
1810:             7            168  sun.security.x509.NetscapeCertTypeExtension$MapEntry (java.base@17.0.15)
1811:             2            160  [Ljava.lang.constant.DirectMethodHandleDesc$Kind; (java.base@17.0.15)
1812:             2            160  [Ljava.util.concurrent.RunnableScheduledFuture; (java.base@17.0.15)
1813:             3            160  [Ljava.util.logging.Level; (java.logging@17.0.15)
1814:             2            160  [Lnet.minecraft.world.scores.criteria.ObjectiveCriteria; (minecraft@1.20.1)
1815:             1            160  [Lnet.minecraftforge.installer.json.Version$Library;
1816:             4            160  [Lorg.apache.logging.log4j.core.util.datetime.FastDatePrinter$Rule; (org.apache.logging.log4j.core@2.19.0)
1817:             3            160  [[J (java.base@17.0.15)
1818:            10            160  com.google.gson.internal.ConstructorConstructor$9
1819:             5            160  com.mojang.blaze3d.shaders.EffectProgram (minecraft@1.20.1)
1820:            10            160  com.mojang.brigadier.LiteralMessage (brigadier@1.1.8)
1821:             5            160  com.mojang.serialization.Codec$3 (datafixerupper@6.0.8)
1822:             5            160  io.netty.util.AttributeKey (io.netty.common@4.1.82.Final)
1823:             2            160  it.unimi.dsi.fastutil.objects.Object2ObjectLinkedOpenHashMap (it.unimi.dsi.fastutil@8.5.9)
1824:             4            160  java.lang.invoke.BoundMethodHandle$Species_LIL (java.base@17.0.15)
1825:             2            160  java.lang.invoke.BoundMethodHandle$Species_LLLLLLLLLLLLL (java.base@17.0.15)
1826:             5            160  java.lang.invoke.VarHandle$AccessType (java.base@17.0.15)
1827:             4            160  java.time.zone.ZoneRules (java.base@17.0.15)
1828:            10            160  java.util.Formatter$Flags (java.base@17.0.15)
1829:             5            160  java.util.ServiceLoader$ModuleServicesLookupIterator (java.base@17.0.15)
1830:             5            160  java.util.concurrent.atomic.LongAdder (java.base@17.0.15)
1831:             5            160  javax.management.StandardEmitterMBean (java.management@17.0.15)
1832:             4            160  javax.xml.catalog.CatalogFeatures$Feature (java.xml@17.0.15)
1833:             4            160  jdk.internal.math.FloatingDecimal$BinaryToASCIIBuffer (java.base@17.0.15)
1834:            10            160  net.fabricmc.loader.impl.metadata.SimplePerson (net.fabricmc.loader@2.6.0+0.15.0+1.20.1-full)
1835:            10            160  net.minecraft.client.Options$$Lambda$4463/0x0000000800c043e0 (minecraft@1.20.1)
1836:             5            160  net.minecraft.client.gui.font.providers.GlyphProviderType (minecraft@1.20.1)
1837:             2            160  net.minecraft.client.model.HoglinModel (minecraft@1.20.1)
1838:             5            160  net.minecraft.client.renderer.entity.layers.WardenEmissiveLayer (minecraft@1.20.1)
1839:             5            160  net.minecraft.client.telemetry.TelemetryProperty$GameMode (minecraft@1.20.1)
1840:             2            160  net.minecraft.core.DefaultedMappedRegistry (minecraft@1.20.1)
1841:            10            160  net.minecraft.core.Vec3i$$Lambda$3016/0x0000000800a70000 (minecraft@1.20.1)
1842:            10            160  net.minecraft.util.datafix.schemas.V1451$$Lambda$1946/0x0000000800848700 (minecraft@1.20.1)
1843:             5            160  net.minecraft.world.entity.animal.axolotl.Axolotl$Variant (minecraft@1.20.1)
1844:             5            160  net.minecraft.world.item.enchantment.ProtectionEnchantment (minecraft@1.20.1)
1845:             5            160  net.minecraft.world.item.enchantment.ProtectionEnchantment$Type (minecraft@1.20.1)
1846:             5            160  net.minecraft.world.level.biome.MobSpawnSettings$SpawnerData (minecraft@1.20.1)
1847:             2            160  net.minecraft.world.level.block.AzaleaBlock (minecraft@1.20.1)
1848:             2            160  net.minecraft.world.level.block.BeehiveBlock (minecraft@1.20.1)
1849:            10            160  net.minecraft.world.level.block.Blocks$$Lambda$1640/0x000000080076a970 (minecraft@1.20.1)
1850:             2            160  net.minecraft.world.level.block.CampfireBlock (minecraft@1.20.1)
1851:             2            160  net.minecraft.world.level.block.LanternBlock (minecraft@1.20.1)
1852:             2            160  net.minecraft.world.level.block.MushroomBlock (minecraft@1.20.1)
1853:             2            160  net.minecraft.world.level.block.NyliumBlock (minecraft@1.20.1)
1854:             2            160  net.minecraft.world.level.block.PoweredRailBlock (minecraft@1.20.1)
1855:             2            160  net.minecraft.world.level.block.RedStoneOreBlock (minecraft@1.20.1)
1856:             2            160  net.minecraft.world.level.block.RootsBlock (minecraft@1.20.1)
1857:             2            160  net.minecraft.world.level.block.SandBlock (minecraft@1.20.1)
1858:             2            160  net.minecraft.world.level.block.TallGrassBlock (minecraft@1.20.1)
1859:             2            160  net.minecraft.world.level.block.TorchBlock (minecraft@1.20.1)
1860:             2            160  net.minecraft.world.level.block.WallTorchBlock (minecraft@1.20.1)
1861:             2            160  net.minecraft.world.level.block.piston.PistonBaseBlock (minecraft@1.20.1)
1862:             4            160  net.minecraft.world.level.block.state.properties.DirectionProperty (minecraft@1.20.1)
1863:             5            160  net.minecraft.world.level.levelgen.DensityFunctions$Marker$Type (minecraft@1.20.1)
1864:             5            160  net.minecraft.world.level.levelgen.NoiseSettings (minecraft@1.20.1)
1865:             1            160  net.minecraftforge.client.gui.overlay.ForgeGui (forge@47.4.13)
1866:             4            160  net.minecraftforge.coremod.CoreMod (net.minecraftforge.coremod)
1867:            10            160  net.minecraftforge.coremod.NashornFactory$$Lambda$917/0x0000000800500af0 (net.minecraftforge.coremod)
1868:             4            160  net.minecraftforge.network.NetworkDirection (forge@47.4.13)
1869:             5            160  net.minecraftforge.network.NetworkInstance (forge@47.4.13)
1870:            10            160  net.minecraftforge.registries.NamespacedDefaultedWrapper$Factory (forge@47.4.13)
1871:             4            160  org.antlr.v4.runtime.atn.TokensStartState (org.antlr.antlr4.runtime@4.9.1)
1872:            10            160  org.apache.logging.log4j.core.impl.ThreadContextDataInjector$ForCopyOnWriteThreadContextMap (org.apache.logging.log4j.core@2.19.0)
1873:             5            160  org.objectweb.asm.Handle (org.objectweb.asm@9.8)
1874:             5            160  org.openjdk.nashorn.internal.codegen.LocalVariableTypesCalculator$LvarType (org.openjdk.nashorn)
1875:             5            160  org.openjdk.nashorn.internal.codegen.LocalVariableTypesCalculator$TypeHolderExpression (org.openjdk.nashorn)
1876:             4            160  org.openjdk.nashorn.internal.objects.Global$LexicalScope (org.openjdk.nashorn)
1877:             4            160  org.openjdk.nashorn.internal.runtime.SpillProperty$Accessors (org.openjdk.nashorn)
1878:             4            160  sun.nio.cs.UTF_8$Decoder (java.base@17.0.15)
1879:             5            160  sun.security.ssl.ContentType (java.base@17.0.15)
1880:             5            160  sun.security.ssl.NamedGroup$NamedGroupSpec (java.base@17.0.15)
1881:            10            160  sun.security.ssl.SSLKeyExchange$T13KeyAgreement (java.base@17.0.15)
1882:             5            160  sun.util.locale.provider.LocaleProviderAdapter$Type (java.base@17.0.15)
1883:             4            160  sun.util.resources.Bundles$BundleReference (java.base@17.0.15)
1884:             6            152  [Lcpw.mods.modlauncher.api.IModuleLayerManager$Layer; (cpw.mods.modlauncher@10.0.9)
1885:             1            152  org.apache.logging.log4j.core.config.xml.XmlConfiguration (org.apache.logging.log4j.core@2.19.0)
1886:             1            144  [Ljava.lang.invoke.VarHandle$AccessMode; (java.base@17.0.15)
1887:             3            144  [Lnet.minecraft.world.entity.MobCategory; (minecraft@1.20.1)
1888:             2            144  [Lorg.antlr.v4.runtime.dfa.DFA; (org.antlr.antlr4.runtime@4.9.1)
1889:             2            144  [Lorg.apache.logging.log4j.core.pattern.LogEventPatternConverter; (org.apache.logging.log4j.core@2.19.0)
1890:             3            144  com.google.common.collect.HashMultimap (com.google.common@31.1-jre)
1891:             3            144  com.google.common.collect.LinkedHashMultimap (com.google.common@31.1-jre)
1892:             3            144  com.google.common.collect.LinkedHashMultimap$ValueEntry (com.google.common@31.1-jre)
1893:             6            144  com.google.gson.internal.$Gson$Types$ParameterizedTypeImpl (com.google.gson@2.10)
1894:             6            144  com.google.gson.internal.$Gson$Types$ParameterizedTypeImpl
1895:             6            144  com.mojang.authlib.minecraft.UserApiService$UserFlag (authlib@4.0.43)
1896:             9            144  com.mojang.serialization.MapCodec$$Lambda$4070/0x0000000800b423e8 (datafixerupper@6.0.8)
1897:             3            144  com.sun.jna.NativeLibrary (com.sun.jna@5.12.1)
1898:             3            144  com.sun.jna.internal.Cleaner$CleanerRef (com.sun.jna@5.12.1)
1899:             6            144  com.sun.org.apache.xerces.internal.util.Status (java.xml@17.0.15)
1900:             6            144  java.lang.Thread$State (java.base@17.0.15)
1901:             3            144  java.lang.ThreadGroup (java.base@17.0.15)
1902:             3            144  java.time.temporal.JulianFields$Field (java.base@17.0.15)
1903:             6            144  java.util.concurrent.ConcurrentHashMap$KeySetView (java.base@17.0.15)
1904:             3            144  java.util.concurrent.ConcurrentSkipListMap (java.base@17.0.15)
1905:             2            144  java.util.concurrent.ScheduledThreadPoolExecutor (java.base@17.0.15)
1906:             3            144  java.util.concurrent.ThreadPoolExecutor$Worker (java.base@17.0.15)
1907:             6            144  java.util.concurrent.locks.ReentrantReadWriteLock$Sync$HoldCounter (java.base@17.0.15)
1908:             6            144  javax.net.ssl.SSLEngineResult$HandshakeStatus (java.base@17.0.15)
1909:             9            144  jdk.internal.module.ServicesCatalog (java.base@17.0.15)
1910:             6            144  jdk.net.ExtendedSocketOptions$ExtSocketOption (jdk.net@17.0.15)
1911:             2            144  net.minecraft.client.model.CowModel (minecraft@1.20.1)
1912:             2            144  net.minecraft.client.model.PigModel (minecraft@1.20.1)
1913:             9            144  net.minecraft.client.player.inventory.Hotbar (minecraft@1.20.1)
1914:             6            144  net.minecraft.client.renderer.FaceInfo (minecraft@1.20.1)
1915:             1            144  net.minecraft.client.renderer.GameRenderer (minecraft@1.20.1)
1916:             6            144  net.minecraft.client.renderer.RenderStateShard$TransparencyStateShard (minecraft@1.20.1)
1917:             6            144  net.minecraft.client.telemetry.TelemetryPropertyMap$1 (minecraft@1.20.1)
1918:             9            144  net.minecraft.util.datafix.fixes.NamespacedTypeRenameFix$$Lambda$2279/0x00000008008ab9d8 (minecraft@1.20.1)
1919:             6            144  net.minecraft.util.datafix.fixes.SimplestEntityRenameFix$$Lambda$2233/0x00000008008975f0 (minecraft@1.20.1)
1920:             9            144  net.minecraft.util.datafix.schemas.V1451_1$$Lambda$1948/0x0000000800848df8 (minecraft@1.20.1)
1921:             9            144  net.minecraft.world.effect.MobEffect$$Lambda$1583/0x0000000800754438 (minecraft@1.20.1)
1922:             9            144  net.minecraft.world.level.levelgen.feature.trunkplacers.TrunkPlacerType (minecraft@1.20.1)
1923:             6            144  net.minecraft.world.level.levelgen.structure.structures.RuinedPortalPiece$VerticalPlacement (minecraft@1.20.1)
1924:             6            144  net.minecraftforge.fml.CrashReportCallables$1 (fmlcore@1.20.1-47.4.13)
1925:             6            144  net.minecraftforge.fml.common.asm.ObjectHolderDefinalize$VanillaObjectHolderData (fmlloader@1.20.1-47.4.13)
1926:             6            144  net.minecraftforge.fml.core.ParallelTransition (forge@47.4.13)
1927:             6            144  net.minecraftforge.fml.earlydisplay.RenderElement (fmlearlydisplay@1.20.1-47.4.13)
1928:             6            144  net.minecraftforge.fml.loading.moddiscovery.BackgroundScanHandler$ScanStatus (fmlloader@1.20.1-47.4.13)
1929:             9            144  net.minecraftforge.network.HandshakeHandler$$Lambda$4282/0x0000000800bab120 (forge@47.4.13)
1930:             3            144  org.antlr.v4.runtime.atn.PlusBlockStartState (org.antlr.antlr4.runtime@4.9.1)
1931:             6            144  org.apache.commons.lang3.text.translate.NumericEntityEscaper (org.apache.commons.lang3@3.12.0)
1932:             6            144  org.apache.logging.log4j.core.LifeCycle$State (org.apache.logging.log4j.core@2.19.0)
1933:             9            144  org.apache.logging.log4j.core.lookup.JmxRuntimeInputArgumentsLookup (org.apache.logging.log4j.core@2.19.0)
1934:             9            144  org.apache.logging.log4j.core.lookup.MapLookup (org.apache.logging.log4j.core@2.19.0)
1935:             3            144  org.apache.logging.log4j.message.ReusableParameterizedMessage (org.apache.logging.log4j@2.19.0)
1936:             6            144  org.openjdk.nashorn.internal.codegen.Condition (org.openjdk.nashorn)
1937:             6            144  org.openjdk.nashorn.internal.runtime.Source$RawData (org.openjdk.nashorn)
1938:             6            144  org.spongepowered.asm.logging.Level (org.spongepowered.mixin)
1939:             6            144  org.spongepowered.asm.service.modlauncher.Blackboard$Key (org.spongepowered.mixin)
1940:             1            144  sun.security.pkcs11.SunPKCS11 (jdk.crypto.cryptoki@17.0.15)
1941:             6            144  sun.security.util.DisabledAlgorithmConstraints$Constraint$Operator (java.base@17.0.15)
1942:             4            136  [Ljava.lang.CharSequence; (java.base@17.0.15)
1943:             1            136  [Ljava.time.temporal.ChronoField; (java.base@17.0.15)
1944:             5            136  [Lnet.minecraftforge.fml.earlydisplay.SimpleBufferBuilder$Element; (fmlearlydisplay@1.20.1-47.4.13)
1945:             1            136  [Lorg.spongepowered.asm.mixin.MixinEnvironment$Option; (org.spongepowered.mixin)
1946:             4            136  [Lsun.invoke.util.ValueConversions$WrapperCache; (java.base@17.0.15)
1947:             1            136  org.apache.logging.log4j.core.config.NullConfiguration (org.apache.logging.log4j.core@2.19.0)
1948:             4            128  [Lcom.google.common.cache.LocalCache$Segment; (com.google.common@31.1-jre)
1949:             2            128  [Ljava.security.cert.CRLReason; (java.base@17.0.15)
1950:             2            128  [Ljava.time.Month; (java.base@17.0.15)
1951:             4            128  [Ljdk.dynalink.linker.GuardingTypeConverterFactory; (jdk.dynalink@17.0.15)
1952:             2            128  [Lnet.minecraft.core.FrontAndTop; (minecraft@1.20.1)
1953:             2            128  [Lnet.minecraft.world.level.levelgen.GenerationStep$Decoration; (minecraft@1.20.1)
1954:             4            128  [Lnet.minecraftforge.client.settings.KeyModifier; (forge@47.4.13)
1955:             2            128  [Lsun.security.ssl.SSLSecretDerivation$SecretSchedule; (java.base@17.0.15)
1956:             8            128  com.google.common.cache.LocalCache$AccessQueue (com.google.common@31.1-jre)
1957:             8            128  com.google.common.cache.LocalCache$WriteQueue (com.google.common@31.1-jre)
1958:             8            128  com.google.gson.TypeAdapter$1
1959:             4            128  com.google.gson.internal.bind.MapTypeAdapterFactory$Adapter
1960:             4            128  com.mojang.serialization.codecs.SimpleMapCodec (datafixerupper@6.0.8)
1961:             4            128  com.sun.jmx.mbeanserver.DefaultMXBeanMappingFactory$ArrayMapping (java.management@17.0.15)
1962:             2            128  com.sun.security.sasl.gsskerb.JdkSASL$ProviderService (jdk.security.jgss@17.0.15)
1963:             4            128  java.io.ByteArrayInputStream (java.base@17.0.15)
1964:             4            128  java.lang.StackWalker (java.base@17.0.15)
1965:             4            128  java.security.MessageDigest$Delegate$CloneableDelegate (java.base@17.0.15)
1966:             4            128  java.security.spec.PSSParameterSpec (java.base@17.0.15)
1967:             4            128  java.util.concurrent.atomic.AtomicReferenceFieldUpdater$AtomicReferenceFieldUpdaterImpl (java.base@17.0.15)
1968:             4            128  java.util.stream.Collectors$CollectorImpl (java.base@17.0.15)
1969:             4            128  java.util.stream.FindOps$FindOp (java.base@17.0.15)
1970:             2            128  javax.crypto.Cipher (java.base@17.0.15)
1971:             4            128  javax.script.SimpleScriptContext (java.scripting@17.0.15)
1972:             4            128  jdk.dynalink.DynamicLinker (jdk.dynalink@17.0.15)
1973:             4            128  jdk.dynalink.TypeConverterFactory (jdk.dynalink@17.0.15)
1974:             4            128  jdk.dynalink.linker.support.CompositeTypeBasedGuardingDynamicLinker$ClassToLinker (jdk.dynalink@17.0.15)
1975:             2            128  jdk.internal.icu.impl.Trie2_16 (java.base@17.0.15)
1976:             4            128  jdk.internal.loader.NativeLibraries$Unloader (java.base@17.0.15)
1977:             8            128  jdk.internal.module.ModuleReferences$$Lambda$27/0x00000008000b43a8 (java.base@17.0.15)
1978:             4            128  net.minecraft.client.NarratorStatus (minecraft@1.20.1)
1979:             2            128  net.minecraft.client.model.SpiderModel (minecraft@1.20.1)
1980:             2            128  net.minecraft.client.model.StriderModel (minecraft@1.20.1)
1981:             4            128  net.minecraft.client.renderer.RenderStateShard$DepthTestStateShard (minecraft@1.20.1)
1982:             4            128  net.minecraft.client.renderer.block.model.ItemModelGenerator$SpanFacing (minecraft@1.20.1)
1983:             8            128  net.minecraft.util.datafix.schemas.V1451_2$$Lambda$1968/0x000000080084d110 (minecraft@1.20.1)
1984:             8            128  net.minecraft.util.datafix.schemas.V501$$Lambda$1882/0x000000080083d790 (minecraft@1.20.1)
1985:             8            128  net.minecraft.util.datafix.schemas.V701$$Lambda$1887/0x000000080083f060 (minecraft@1.20.1)
1986:             4            128  net.minecraft.world.item.ArmorItem$Type (minecraft@1.20.1)
1987:             2            128  net.minecraft.world.item.FoodOnAStickItem (minecraft@1.20.1)
1988:             2            128  net.minecraft.world.item.Items$1 (minecraft@1.20.1)
1989:             4            128  net.minecraft.world.item.Rarity (minecraft@1.20.1)
1990:             4            128  net.minecraft.world.level.block.state.properties.StructureMode (minecraft@1.20.1)
1991:             4            128  net.minecraft.world.level.block.state.properties.Tilt (minecraft@1.20.1)
1992:             4            128  net.minecraft.world.level.levelgen.DensityFunctions$TwoArgumentSimpleFunction$Type (minecraft@1.20.1)
1993:             4            128  net.minecraft.world.level.levelgen.structure.placement.StructurePlacement$FrequencyReductionMethod (minecraft@1.20.1)
1994:             8            128  net.minecraft.world.level.storage.loot.entries.LootPoolEntryType (minecraft@1.20.1)
1995:             1            128  net.minecraftforge.client.gui.LoadingErrorScreen (forge@47.4.13)
1996:             8            128  net.minecraftforge.common.util.NonNullLazy$$Lambda$4885/0x0000000800d0ecd8 (forge@47.4.13)
1997:             8            128  net.minecraftforge.fml.ModLoadingState$$Lambda$4630/0x0000000800c85c88 (fmlcore@1.20.1-47.4.13)
1998:             1            128  net.minecraftforge.fml.earlydisplay.DisplayWindow (fmlearlydisplay@1.20.1-47.4.13)
1999:             4            128  net.minecraftforge.fml.earlydisplay.SimpleBufferBuilder$Format (fmlearlydisplay@1.20.1-47.4.13)
2000:             4            128  net.minecraftforge.fml.loading.FMLPaths (fmlloader@1.20.1-47.4.13)
2001:             4            128  org.apache.logging.log4j.core.appender.DefaultErrorHandler (org.apache.logging.log4j.core@2.19.0)
2002:             2            128  org.apache.logging.log4j.core.appender.RollingRandomAccessFileAppender (org.apache.logging.log4j.core@2.19.0)
2003:             2            128  org.apache.logging.log4j.core.appender.rolling.PatternProcessor (org.apache.logging.log4j.core@2.19.0)
2004:             4            128  org.apache.logging.log4j.core.config.AwaitCompletionReliabilityStrategy (org.apache.logging.log4j.core@2.19.0)
2005:             4            128  org.apache.logging.log4j.core.layout.StringBuilderEncoder (org.apache.logging.log4j.core@2.19.0)
2006:             8            128  org.apache.logging.log4j.core.lookup.ContextMapLookup (org.apache.logging.log4j.core@2.19.0)
2007:             8            128  org.apache.logging.log4j.core.lookup.DateLookup (org.apache.logging.log4j.core@2.19.0)
2008:             8            128  org.apache.logging.log4j.core.lookup.EnvironmentLookup (org.apache.logging.log4j.core@2.19.0)
2009:             8            128  org.apache.logging.log4j.core.lookup.EventLookup (org.apache.logging.log4j.core@2.19.0)
2010:             8            128  org.apache.logging.log4j.core.lookup.JavaLookup (org.apache.logging.log4j.core@2.19.0)
2011:             8            128  org.apache.logging.log4j.core.lookup.Log4jLookup (org.apache.logging.log4j.core@2.19.0)
2012:             8            128  org.apache.logging.log4j.core.lookup.LowerLookup (org.apache.logging.log4j.core@2.19.0)
2013:             8            128  org.apache.logging.log4j.core.lookup.MainMapLookup (org.apache.logging.log4j.core@2.19.0)
2014:             8            128  org.apache.logging.log4j.core.lookup.MarkerLookup (org.apache.logging.log4j.core@2.19.0)
2015:             8            128  org.apache.logging.log4j.core.lookup.ResourceBundleLookup (org.apache.logging.log4j.core@2.19.0)
2016:             8            128  org.apache.logging.log4j.core.lookup.StructuredDataLookup (org.apache.logging.log4j.core@2.19.0)
2017:             8            128  org.apache.logging.log4j.core.lookup.UpperLookup (org.apache.logging.log4j.core@2.19.0)
2018:             8            128  org.apache.logging.log4j.core.util.datetime.FastDateParser$CopyQuotedStrategy (org.apache.logging.log4j.core@2.19.0)
2019:             8            128  org.apache.logging.log4j.core.util.datetime.FastDatePrinter$CharacterLiteral (org.apache.logging.log4j.core@2.19.0)
2020:             8            128  org.apache.logging.log4j.core.util.datetime.FastDatePrinter$TwoDigitNumberField (org.apache.logging.log4j.core@2.19.0)
2021:             4            128  org.openjdk.nashorn.api.scripting.NashornScriptEngine (org.openjdk.nashorn)
2022:             4            128  org.openjdk.nashorn.internal.codegen.CompilerConstants$8 (org.openjdk.nashorn)
2023:             4            128  org.openjdk.nashorn.internal.runtime.Context$ThrowErrorManager (org.openjdk.nashorn)
2024:             4            128  org.openjdk.nashorn.internal.runtime.Timing (org.openjdk.nashorn)
2025:             4            128  org.openjdk.nashorn.internal.runtime.options.Options (org.openjdk.nashorn)
2026:             2            128  org.openjdk.nashorn.internal.scripts.JO5P0 (org.openjdk.nashorn.structures)
2027:             2            128  sun.security.jgss.SunProvider$ProviderService (java.security.jgss@17.0.15)
2028:             2            128  sun.security.provider.SHA2$SHA256 (java.base@17.0.15)
2029:             4            128  sun.security.ssl.Finished$VerifyDataScheme (java.base@17.0.15)
2030:             4            128  sun.security.ssl.SSLTrafficKeyDerivation (java.base@17.0.15)
2031:             4            128  sun.security.util.DisabledAlgorithmConstraints (java.base@17.0.15)
2032:             4            128  sun.util.resources.Bundles$CacheKey (java.base@17.0.15)
2033:             3            120  [Ljava.lang.invoke.LambdaForm$BasicType; (java.base@17.0.15)
2034:             3            120  [Lnet.minecraft.world.entity.animal.axolotl.Axolotl$Variant; (minecraft@1.20.1)
2035:             3            120  [Lnet.minecraft.world.entity.animal.horse.Markings; (minecraft@1.20.1)
2036:             3            120  [Lnet.minecraft.world.level.levelgen.Heightmap$Types; (minecraft@1.20.1)
2037:             1            120  [Lnet.minecraftforge.client.gui.overlay.VanillaGuiOverlay; (forge@47.4.13)
2038:             2            120  [Lsun.security.util.ObjectIdentifier; (java.base@17.0.15)
2039:             3            120  com.google.common.base.Stopwatch (com.google.common@31.1-jre)
2040:             5            120  com.google.gson.internal.bind.TypeAdapterRuntimeTypeWrapper (com.google.gson@2.10)
2041:             5            120  com.google.gson.internal.bind.TypeAdapters$34$1 (com.google.gson@2.10)
2042:             3            120  com.mojang.blaze3d.platform.Monitor (minecraft@1.20.1)
2043:             3            120  com.mojang.blaze3d.systems.RenderSystem$AutoStorageIndexBuffer (minecraft@1.20.1)
2044:             5            120  com.mojang.serialization.Codec$1 (datafixerupper@6.0.8)
2045:             5            120  com.mojang.serialization.MapDecoder$3 (datafixerupper@6.0.8)
2046:             5            120  com.mojang.serialization.MapEncoder$2 (datafixerupper@6.0.8)
2047:             5            120  com.mojang.serialization.codecs.UnboundedMapCodec (datafixerupper@6.0.8)
2048:             5            120  com.sun.crypto.provider.DHParameters (java.base@17.0.15)
2049:             5            120  com.sun.jna.NativeMappedConverter (com.sun.jna@5.12.1)
2050:             5            120  com.sun.org.apache.xerces.internal.util.PropertyState (java.xml@17.0.15)
2051:             5            120  com.sun.org.apache.xerces.internal.utils.XMLSecurityPropertyManager$State (java.xml@17.0.15)
2052:             3            120  cpw.mods.modlauncher.log.TransformingThrowablePatternConverter (cpw.mods.modlauncher@10.0.9)
2053:             5            120  io.netty.util.internal.logging.LocationAwareSlf4JLogger (io.netty.common@4.1.82.Final)
2054:             3            120  java.io.FilePermission (java.base@17.0.15)
2055:             3            120  java.io.PrintStream (java.base@17.0.15)
2056:             5            120  java.lang.ProcessBuilder$Redirect$Type (java.base@17.0.15)
2057:             5            120  java.lang.invoke.VarHandleByteArrayAsLongs$ArrayHandle (java.base@17.0.15)
2058:             3            120  java.lang.reflect.ProxyGenerator$ProxyMethod (java.base@17.0.15)
2059:             5            120  java.time.format.DateTimeFormatterBuilder$OffsetIdPrinterParser (java.base@17.0.15)
2060:             5            120  java.time.format.SignStyle (java.base@17.0.15)
2061:             5            120  java.util.Collections$SynchronizedCollection (java.base@17.0.15)
2062:             3            120  java.util.PropertyResourceBundle (java.base@17.0.15)
2063:             5            120  java.util.ServiceLoader$2 (java.base@17.0.15)
2064:             5            120  java.util.concurrent.CompletableFuture (java.base@17.0.15)
2065:             5            120  java.util.stream.StreamOpFlag$Type (java.base@17.0.15)
2066:             5            120  javax.tools.Diagnostic$Kind (java.compiler@17.0.15)
2067:             5            120  jdk.dynalink.StandardOperation (jdk.dynalink@17.0.15)
2068:             5            120  jdk.internal.math.FloatingDecimal$PreparedASCIIToBinaryBuffer (java.base@17.0.15)
2069:             5            120  joptsimple.internal.MethodInvokingValueConverter (jopt.simple@5.0.4)
2070:             5            120  net.minecraft.client.OptionInstance$IntRangeBase$1 (minecraft@1.20.1)
2071:             5            120  net.minecraft.client.gui.font.providers.BitmapProvider (minecraft@1.20.1)
2072:             3            120  net.minecraft.client.renderer.entity.PiglinRenderer (minecraft@1.20.1)
2073:             5            120  net.minecraft.server.packs.repository.FolderRepositorySource$$Lambda$4687/0x0000000800c94bb0 (minecraft@1.20.1)
2074:             5            120  net.minecraft.server.packs.repository.PackSource$1 (minecraft@1.20.1)
2075:             5            120  net.minecraft.util.ByIdMap$$Lambda$1497/0x0000000800730410 (minecraft@1.20.1)
2076:             3            120  net.minecraft.util.datafix.fixes.AddFlagIfNotPresentFix (minecraft@1.20.1)
2077:             5            120  net.minecraft.util.datafix.fixes.BlockRenameFixWithJigsaw$$Lambda$2326/0x00000008008befc0 (minecraft@1.20.1)
2078:             5            120  net.minecraft.util.datafix.fixes.EntityRenameFix$$Lambda$2239/0x0000000800898688 (minecraft@1.20.1)
2079:             3            120  net.minecraft.world.effect.InstantenousMobEffect (minecraft@1.20.1)
2080:             5            120  net.minecraft.world.entity.animal.horse.Markings (minecraft@1.20.1)
2081:             5            120  net.minecraft.world.level.block.state.properties.DripstoneThickness (minecraft@1.20.1)
2082:             5            120  net.minecraft.world.level.block.state.properties.StairsShape (minecraft@1.20.1)
2083:             5            120  net.minecraft.world.level.levelgen.heightproviders.UniformHeight (minecraft@1.20.1)
2084:             5            120  net.minecraft.world.level.material.PushReaction (minecraft@1.20.1)
2085:             3            120  net.minecraftforge.common.ForgeConfigSpec (forge@47.4.13)
2086:             5            120  net.minecraftforge.event.TickEvent$Type (forge@47.4.13)
2087:             5            120  net.minecraftforge.eventbus.LockHelper (net.minecraftforge.eventbus)
2088:             5            120  net.minecraftforge.eventbus.api.EventPriority (net.minecraftforge.eventbus)
2089:             5            120  net.minecraftforge.fml.ModLoadingPhase (fmlcore@1.20.1-47.4.13)
2090:             5            120  net.minecraftforge.fml.loading.LanguageLoadingProvider$ModLanguageWrapper (fmlloader@1.20.1-47.4.13)
2091:             3            120  org.antlr.v4.runtime.atn.PlusLoopbackState (org.antlr.antlr4.runtime@4.9.1)
2092:             3            120  org.apache.logging.log4j.core.config.ConfigurationSource (org.apache.logging.log4j.core@2.19.0)
2093:             3            120  org.apache.logging.log4j.core.pattern.HighlightConverter (org.apache.logging.log4j.core@2.19.0)
2094:             5            120  org.apache.logging.log4j.core.pattern.PatternParser$ParserState (org.apache.logging.log4j.core@2.19.0)
2095:             5            120  org.apache.logging.log4j.core.time.MutableInstant (org.apache.logging.log4j.core@2.19.0)
2096:             3            120  org.apache.logging.log4j.core.util.datetime.FastDateParser (org.apache.logging.log4j.core@2.19.0)
2097:             5            120  org.objectweb.asm.Edge (org.objectweb.asm@9.8)
2098:             5            120  org.openjdk.nashorn.internal.WeakValueCache (org.openjdk.nashorn)
2099:             5            120  org.openjdk.nashorn.internal.codegen.CodeGenerator$TypeBounds (org.openjdk.nashorn)
2100:             5            120  sun.security.jca.ServiceId (java.base@17.0.15)
2101:             2            112  [Ljava.nio.file.StandardOpenOption; (java.base@17.0.15)
2102:             2            112  [Ljava.nio.file.attribute.PosixFilePermission; (java.base@17.0.15)
2103:             2            112  [Ljava.security.CryptoPrimitive; (java.base@17.0.15)
2104:             1            112  [Ljava.time.LocalTime; (java.base@17.0.15)
2105:             4            112  [Ljoptsimple.util.PathProperties; (jopt.simple@5.0.4)
2106:             2            112  [Lnet.minecraft.sounds.SoundSource; (minecraft@1.20.1)
2107:             2            112  [Lnet.minecraft.world.level.block.state.properties.RailShape; (minecraft@1.20.1)
2108:             2            112  [Lorg.openjdk.nashorn.internal.codegen.ClassEmitter$Flag; (org.openjdk.nashorn)
2109:             2            112  com.mojang.blaze3d.pipeline.TextureTarget (minecraft@1.20.1)
2110:             7            112  com.sun.proxy.jdk.proxy1.$Proxy26 (jdk.proxy1)
2111:             2            112  java.lang.invoke.BoundMethodHandle$Species_LLILLL (java.base@17.0.15)
2112:             2            112  java.nio.DirectIntBufferRU (java.base@17.0.15)
2113:             7            112  jdk.proxy2.$Proxy13 (jdk.proxy2)
2114:             2            112  net.minecraft.client.ToggleKeyMapping (minecraft@1.20.1)
2115:             2            112  net.minecraft.client.model.VillagerModel (minecraft@1.20.1)
2116:             1            112  net.minecraft.client.renderer.entity.EnderDragonRenderer$DragonModel (minecraft@1.20.1)
2117:             7            112  net.minecraft.util.datafix.schemas.V1451_3$$Lambda$1970/0x000000080084d828 (minecraft@1.20.1)
2118:             7            112  net.minecraft.util.datafix.schemas.V1451_3$$Lambda$1971/0x000000080084da70 (minecraft@1.20.1)
2119:             7            112  net.minecraft.util.datafix.schemas.V1451_3$$Lambda$1972/0x000000080084dc98 (minecraft@1.20.1)
2120:             7            112  net.minecraft.util.datafix.schemas.V1451_3$$Lambda$1973/0x000000080084dec0 (minecraft@1.20.1)
2121:             7            112  net.minecraft.util.datafix.schemas.V1451_3$$Lambda$1974/0x000000080084e0e8 (minecraft@1.20.1)
2122:             7            112  net.minecraft.util.datafix.schemas.V1451_3$$Lambda$1975/0x000000080084e310 (minecraft@1.20.1)
2123:             7            112  net.minecraft.util.datafix.schemas.V1451_3$$Lambda$1976/0x000000080084e538 (minecraft@1.20.1)
2124:             7            112  net.minecraft.util.datafix.schemas.V1451_3$$Lambda$1977/0x000000080084e760 (minecraft@1.20.1)
2125:             7            112  net.minecraft.util.datafix.schemas.V1451_3$$Lambda$1978/0x000000080084e988 (minecraft@1.20.1)
2126:             7            112  net.minecraft.util.datafix.schemas.V1451_3$$Lambda$1979/0x000000080084ebb0 (minecraft@1.20.1)
2127:             7            112  net.minecraft.util.datafix.schemas.V1451_3$$Lambda$1980/0x000000080084edd8 (minecraft@1.20.1)
2128:             7            112  net.minecraft.util.datafix.schemas.V1451_3$$Lambda$1981/0x000000080084f000 (minecraft@1.20.1)
2129:             7            112  net.minecraft.util.datafix.schemas.V3327$$Lambda$2188/0x00000008008837f8 (minecraft@1.20.1)
2130:             7            112  net.minecraft.world.entity.npc.VillagerType (minecraft@1.20.1)
2131:             2            112  net.minecraft.world.item.ItemFrameItem (minecraft@1.20.1)
2132:             2            112  net.minecraft.world.item.PlaceOnWaterBlockItem (minecraft@1.20.1)
2133:             7            112  net.minecraft.world.item.crafting.RecipeType$1 (minecraft@1.20.1)
2134:             7            112  net.minecraft.world.level.levelgen.feature.stateproviders.BlockStateProviderType (minecraft@1.20.1)
2135:             7            112  net.minecraftforge.eventbus.EventBus$$Lambda$4255/0x0000000800ba61e8 (net.minecraftforge.eventbus)
2136:             2            112  net.minecraftforge.network.simple.SimpleChannel$MessageBuilder (forge@47.4.13)
2137:             2            112  org.antlr.v4.runtime.atn.ATN (org.antlr.antlr4.runtime@4.9.1)
2138:             2            112  org.spongepowered.asm.mixin.MixinEnvironment (org.spongepowered.mixin)
2139:             2            112  sun.security.ec.ed.EdDSAParameters (jdk.crypto.ec@17.0.15)
2140:             1            104  [Lorg.apache.logging.log4j.core.util.datetime.FixedDateFormat$FixedFormat; (org.apache.logging.log4j.core@2.19.0)
2141:             3            104  [Lorg.openjdk.nashorn.internal.codegen.CompilationPhase; (org.openjdk.nashorn)
2142:             1            104  [Lsun.security.ssl.SSLHandshake; (java.base@17.0.15)
2143:             1            104  [Lsun.security.ssl.SignatureScheme; (java.base@17.0.15)
2144:             2            104  [Lsun.util.logging.PlatformLogger$Level; (java.base@17.0.15)
2145:             1            104  com.mojang.blaze3d.platform.Window (minecraft@1.20.1)
2146:             1            104  com.sun.crypto.provider.SunJCE (java.base@17.0.15)
2147:             1            104  com.sun.security.sasl.Provider (java.security.sasl@17.0.15)
2148:             1            104  com.sun.security.sasl.gsskerb.JdkSASL (jdk.security.jgss@17.0.15)
2149:             1            104  cpw.mods.modlauncher.TransformingClassLoader (cpw.mods.modlauncher@10.0.9)
2150:             1            104  jdk.internal.loader.ClassLoaders$AppClassLoader (java.base@17.0.15)
2151:             1            104  jdk.internal.loader.ClassLoaders$BootClassLoader (java.base@17.0.15)
2152:             1            104  jdk.internal.loader.ClassLoaders$PlatformClassLoader (java.base@17.0.15)
2153:             1            104  net.minecraft.client.MouseHandler (minecraft@1.20.1)
2154:             1            104  net.minecraft.client.model.ArmorStandModel (minecraft@1.20.1)
2155:             1            104  org.jcp.xml.dsig.internal.dom.XMLDSigRI (java.xml.crypto@17.0.15)
2156:             1            104  sun.net.www.protocol.https.HttpsClient (java.base@17.0.15)
2157:             1            104  sun.security.ec.SunEC (jdk.crypto.ec@17.0.15)
2158:             1            104  sun.security.jca.ProviderList$1 (java.base@17.0.15)
2159:             1            104  sun.security.jgss.SunProvider (java.security.jgss@17.0.15)
2160:             1            104  sun.security.provider.certpath.ldap.JdkLDAP (java.naming@17.0.15)
2161:             1            104  sun.security.rsa.SunRsaSign (java.base@17.0.15)
2162:             1            104  sun.security.smartcardio.SunPCSC (java.smartcardio@17.0.15)
2163:             1            104  sun.security.ssl.SunJSSE (java.base@17.0.15)
2164:             2             96  [Lcom.google.common.cache.LocalCache$EntryFactory; (com.google.common@31.1-jre)
2165:             3             96  [Lcom.google.common.collect.MapMakerInternalMap$Segment; (com.google.common@31.1-jre)
2166:             2             96  [Ljava.lang.System$Logger$Level; (java.base@17.0.15)
2167:             2             96  [Ljava.time.DayOfWeek; (java.base@17.0.15)
2168:             4             96  [Ljdk.dynalink.linker.ConversionComparator; (jdk.dynalink@17.0.15)
2169:             2             96  [Ljdk.dynalink.linker.GuardedInvocation; (jdk.dynalink@17.0.15)
2170:             3             96  [Lnet.minecraft.client.AttackIndicatorStatus; (minecraft@1.20.1)
2171:             3             96  [Lnet.minecraft.client.GraphicsStatus; (minecraft@1.20.1)
2172:             3             96  [Lnet.minecraft.client.NarratorStatus; (minecraft@1.20.1)
2173:             3             96  [Lnet.minecraft.client.ParticleStatus; (minecraft@1.20.1)
2174:             3             96  [Lnet.minecraft.client.PrioritizeChunkUpdates; (minecraft@1.20.1)
2175:             3             96  [Lnet.minecraft.world.entity.player.ChatVisiblity; (minecraft@1.20.1)
2176:             2             96  [Lnet.minecraft.world.entity.player.PlayerModelPart; (minecraft@1.20.1)
2177:             2             96  [Lnet.minecraft.world.item.ArmorMaterials; (minecraft@1.20.1)
2178:             4             96  [Lnet.minecraft.world.item.ItemStack; (minecraft@1.20.1)
2179:             3             96  [Lnet.minecraftforge.accesstransformer.AccessTransformer$Modifier; (accesstransformers@8.0.4)
2180:             4             96  [Lnet.minecraftforge.api.distmarker.Dist; (mergetool@1.1.5)
2181:             2             96  [Lorg.apache.logging.log4j.core.Filter; (org.apache.logging.log4j.core@2.19.0)
2182:             2             96  [Lorg.apache.logging.log4j.spi.StandardLevel; (org.apache.logging.log4j@2.19.0)
2183:             3             96  [Lorg.openjdk.nashorn.internal.codegen.types.Type; (org.openjdk.nashorn)
2184:             2             96  [Lsun.security.provider.certpath.OCSPResponse$ResponseStatus; (java.base@17.0.15)
2185:             1             96  [Lsun.util.locale.BaseLocale; (java.base@17.0.15)
2186:             1             96  [[Ljava.lang.Byte; (java.base@17.0.15)
2187:             4             96  com.electronwill.nightconfig.core.io.IndentStyle (com.electronwill.nightconfig.core@3.6.4)
2188:             3             96  com.electronwill.nightconfig.core.io.ParsingMode (com.electronwill.nightconfig.core@3.6.4)
2189:             4             96  com.google.common.base.AbstractIterator$State (com.google.common@31.1-jre)
2190:             4             96  com.google.common.collect.AbstractIterator$State (com.google.common@31.1-jre)
2191:             4             96  com.google.gson.ReflectionAccessFilter$FilterResult (com.google.gson@2.10)
2192:             4             96  com.google.gson.ReflectionAccessFilter$FilterResult
2193:             4             96  com.google.gson.internal.bind.TypeAdapters$30 (com.google.gson@2.10)
2194:             4             96  com.mojang.blaze3d.pipeline.MainTarget$AttachmentState (minecraft@1.20.1)
2195:             3             96  com.mojang.blaze3d.platform.InputConstants$Type (minecraft@1.20.1)
2196:             4             96  com.mojang.blaze3d.platform.NativeImage$InternalGlFormat (minecraft@1.20.1)
2197:             3             96  com.mojang.realmsclient.client.RealmsClient$Environment (minecraft@1.20.1)
2198:             4             96  com.mojang.serialization.MapDecoder$6 (datafixerupper@6.0.8)
2199:             4             96  com.mojang.text2speech.OperatingSystem (text2speech@1.17.9)
2200:             2             96  com.sun.crypto.provider.GaloisCounterMode$AESGCM (java.base@17.0.15)
2201:             3             96  com.sun.jmx.mbeanserver.DefaultMXBeanMappingFactory$EnumMapping (java.management@17.0.15)
2202:             2             96  com.sun.jmx.mbeanserver.MBeanIntrospector$MBeanInfoMap (java.management@17.0.15)
2203:             2             96  com.sun.jmx.mbeanserver.MBeanIntrospector$PerInterfaceMap (java.management@17.0.15)
2204:             2             96  com.sun.management.internal.GarbageCollectorExtImpl (jdk.management@17.0.15)
2205:             3             96  com.sun.org.apache.xerces.internal.utils.XMLSecurityManager$NameMap (java.xml@17.0.15)
2206:             3             96  com.sun.org.apache.xerces.internal.xni.QName (java.xml@17.0.15)
2207:             4             96  cpw.mods.jarhandling.SecureJar$Status (cpw.mods.securejarhandler)
2208:             4             96  cpw.mods.modlauncher.ModuleLayerHandler$LayerInfo (cpw.mods.modlauncher@10.0.9)
2209:             4             96  cpw.mods.modlauncher.TransformList (cpw.mods.modlauncher@10.0.9)
2210:             4             96  cpw.mods.modlauncher.TransformTargetLabel$LabelType (cpw.mods.modlauncher@10.0.9)
2211:             4             96  cpw.mods.modlauncher.api.IModuleLayerManager$Layer (cpw.mods.modlauncher@10.0.9)
2212:             4             96  cpw.mods.modlauncher.api.ITransformer$TargetType (cpw.mods.modlauncher@10.0.9)
2213:             4             96  cpw.mods.modlauncher.api.TransformerVoteResult (cpw.mods.modlauncher@10.0.9)
2214:             1             96  io.github.zekerzhayard.forgewrapper.installer.Installer$InstallV1Wrapper
2215:             4             96  io.netty.util.ResourceLeakDetector$Level (io.netty.common@4.1.82.Final)
2216:             3             96  java.io.BufferedOutputStream (java.base@17.0.15)
2217:             3             96  java.io.FileInputStream (java.base@17.0.15)
2218:             4             96  java.io.InputStreamReader (java.base@17.0.15)
2219:             3             96  java.lang.ProcessImpl$Platform (java.base@17.0.15)
2220:             3             96  java.lang.Runtime$Version (java.base@17.0.15)
2221:             3             96  java.lang.constant.DynamicConstantDesc$AnonymousDynamicConstantDesc (java.base@17.0.15)
2222:             4             96  java.lang.module.ModuleDescriptor$Modifier (java.base@17.0.15)
2223:             4             96  java.lang.module.ModuleDescriptor$Requires$Modifier (java.base@17.0.15)
2224:             1             96  java.net.FactoryURLClassLoader (java.base@17.0.15)
2225:             4             96  java.net.Inet4Address (java.base@17.0.15)
2226:             3             96  java.nio.file.attribute.FileTime (java.base@17.0.15)
2227:             4             96  java.text.Normalizer$Form (java.base@17.0.15)
2228:             4             96  java.time.ZoneRegion (java.base@17.0.15)
2229:             4             96  java.time.format.DateTimeFormatterBuilder$SettingsParser (java.base@17.0.15)
2230:             2             96  java.time.zone.ZoneOffsetTransitionRule (java.base@17.0.15)
2231:             4             96  java.util.Base64$Encoder (java.base@17.0.15)
2232:             6             96  java.util.Collections$UnmodifiableCollection (java.base@17.0.15)
2233:             3             96  java.util.HexFormat (java.base@17.0.15)
2234:             6             96  java.util.IdentityHashMap$Values (java.base@17.0.15)
2235:             3             96  java.util.PropertyPermission (java.base@17.0.15)
2236:             6             96  java.util.concurrent.ConcurrentHashMap$EntrySetView (java.base@17.0.15)
2237:             4             96  java.util.concurrent.ConcurrentSkipListMap$Index (java.base@17.0.15)
2238:             4             96  java.util.concurrent.Executors$DefaultThreadFactory (java.base@17.0.15)
2239:             3             96  java.util.concurrent.Semaphore$NonfairSync (java.base@17.0.15)
2240:             3             96  java.util.concurrent.locks.AbstractQueuedSynchronizer$ExclusiveNode (java.base@17.0.15)
2241:             3             96  java.util.concurrent.locks.AbstractQueuedSynchronizer$SharedNode (java.base@17.0.15)
2242:             1             96  java.util.jar.JarVerifier (java.base@17.0.15)
2243:             3             96  java.util.regex.Pattern$Behind (java.base@17.0.15)
2244:             2             96  java.util.regex.Pattern$GroupCurly (java.base@17.0.15)
2245:             4             96  java.util.regex.Pattern$Qtype (java.base@17.0.15)
2246:             4             96  java.util.stream.StreamShape (java.base@17.0.15)
2247:             2             96  javax.management.openmbean.TabularType (java.management@17.0.15)
2248:             4             96  jdk.dynalink.LinkerServicesImpl (jdk.dynalink@17.0.15)
2249:             4             96  jdk.dynalink.beans.GuardedInvocationComponent$ValidationType (jdk.dynalink@17.0.15)
2250:             4             96  jdk.dynalink.linker.support.DefaultInternalObjectFilter (jdk.dynalink@17.0.15)
2251:             1             96  jdk.internal.jimage.ImageReader$SharedImageReader (java.base@17.0.15)
2252:             6             96  jdk.internal.loader.ClassLoaderValue (java.base@17.0.15)
2253:             4             96  jdk.internal.logger.BootstrapLogger$LoggingBackend (java.base@17.0.15)
2254:             4             96  jdk.internal.math.FormattedFloatingDecimal$Form (java.base@17.0.15)
2255:             3             96  joptsimple.NonOptionArgumentSpec (jopt.simple@5.0.4)
2256:             2             96  net.minecraft.DetectedVersion (minecraft@1.20.1)
2257:             3             96  net.minecraft.client.AttackIndicatorStatus (minecraft@1.20.1)
2258:             3             96  net.minecraft.client.CloudStatus (minecraft@1.20.1)
2259:             3             96  net.minecraft.client.GraphicsStatus (minecraft@1.20.1)
2260:             4             96  net.minecraft.client.InputType (minecraft@1.20.1)
2261:             3             96  net.minecraft.client.ParticleStatus (minecraft@1.20.1)
2262:             3             96  net.minecraft.client.PrioritizeChunkUpdates (minecraft@1.20.1)
2263:             2             96  net.minecraft.client.gui.components.DebugScreenOverlay$AllocationRateCalculator (minecraft@1.20.1)
2264:             4             96  net.minecraft.client.gui.narration.NarratedElementType (minecraft@1.20.1)
2265:             2             96  net.minecraft.client.model.BookModel (minecraft@1.20.1)
2266:             2             96  net.minecraft.client.model.CreeperModel (minecraft@1.20.1)
2267:             2             96  net.minecraft.client.model.GuardianModel (minecraft@1.20.1)
2268:             2             96  net.minecraft.client.model.TropicalFishModelA (minecraft@1.20.1)
2269:             2             96  net.minecraft.client.model.TropicalFishModelB (minecraft@1.20.1)
2270:             2             96  net.minecraft.client.model.WitherBossModel (minecraft@1.20.1)
2271:             1             96  net.minecraft.client.model.WolfModel (minecraft@1.20.1)
2272:             3             96  net.minecraft.client.renderer.MultiBufferSource$BufferSource (minecraft@1.20.1)
2273:             3             96  net.minecraft.client.renderer.RenderStateShard$LineStateShard (minecraft@1.20.1)
2274:             3             96  net.minecraft.client.renderer.RenderStateShard$WriteMaskStateShard (minecraft@1.20.1)
2275:             1             96  net.minecraft.client.renderer.debug.DebugRenderer (minecraft@1.20.1)
2276:             3             96  net.minecraft.client.renderer.entity.NoopRenderer (minecraft@1.20.1)
2277:             1             96  net.minecraft.client.sounds.SoundEngine (minecraft@1.20.1)
2278:             6             96  net.minecraft.client.telemetry.TelemetryEventType$$Lambda$5985/0x0000000800e99a08 (minecraft@1.20.1)
2279:             3             96  net.minecraft.network.chat.ChatTypeDecoration$Parameter (minecraft@1.20.1)
2280:             3             96  net.minecraft.server.packs.repository.PackCompatibility (minecraft@1.20.1)
2281:             3             96  net.minecraft.util.ModCheck$Confidence (minecraft@1.20.1)
2282:             3             96  net.minecraft.util.datafix.fixes.AdvancementsRenameFix (minecraft@1.20.1)
2283:             2             96  net.minecraft.util.datafix.fixes.EntityVariantFix (minecraft@1.20.1)
2284:             6             96  net.minecraft.util.datafix.fixes.SimplestEntityRenameFix$$Lambda$2234/0x0000000800897838 (minecraft@1.20.1)
2285:             3             96  net.minecraft.util.datafix.fixes.WriteAndReadFix (minecraft@1.20.1)
2286:             4             96  net.minecraft.util.datafix.schemas.V1451_6$$Lambda$1991/0x0000000800853248 (minecraft@1.20.1)
2287:             6             96  net.minecraft.util.datafix.schemas.V702$$Lambda$1889/0x000000080083f758 (minecraft@1.20.1)
2288:             6             96  net.minecraft.util.datafix.schemas.V99$$Lambda$1816/0x000000080081a9b0 (minecraft@1.20.1)
2289:             6             96  net.minecraft.util.valueproviders.IntProviderType$$Lambda$2916/0x0000000800a5db10 (minecraft@1.20.1)
2290:             2             96  net.minecraft.world.effect.AttackDamageMobEffect (minecraft@1.20.1)
2291:             4             96  net.minecraft.world.entity.animal.IronGolem$Crackiness (minecraft@1.20.1)
2292:             3             96  net.minecraft.world.entity.player.ChatVisiblity (minecraft@1.20.1)
2293:             4             96  net.minecraft.world.item.CreativeModeTab$Type (minecraft@1.20.1)
2294:             6             96  net.minecraft.world.item.MobBucketItem$$Lambda$2592/0x00000008009dbc58 (minecraft@1.20.1)
2295:             6             96  net.minecraft.world.item.MobBucketItem$$Lambda$2593/0x00000008009d9000 (minecraft@1.20.1)
2296:             6             96  net.minecraft.world.item.MobBucketItem$$Lambda$2594/0x00000008009d9228 (minecraft@1.20.1)
2297:             4             96  net.minecraft.world.item.crafting.SimpleCookingSerializer (minecraft@1.20.1)
2298:             3             96  net.minecraft.world.item.enchantment.DamageEnchantment (minecraft@1.20.1)
2299:             4             96  net.minecraft.world.item.enchantment.Enchantment$Rarity (minecraft@1.20.1)
2300:             3             96  net.minecraft.world.item.enchantment.LootBonusEnchantment (minecraft@1.20.1)
2301:             4             96  net.minecraft.world.level.block.Blocks$$Lambda$1530/0x0000000800738fb8 (minecraft@1.20.1)
2302:             1             96  net.minecraft.world.level.block.CarvedPumpkinBlock (minecraft@1.20.1)
2303:             1             96  net.minecraft.world.level.block.CaveVinesBlock (minecraft@1.20.1)
2304:             1             96  net.minecraft.world.level.block.EquipableCarvedPumpkinBlock (minecraft@1.20.1)
2305:             1             96  net.minecraft.world.level.block.FireBlock (minecraft@1.20.1)
2306:             1             96  net.minecraft.world.level.block.KelpBlock (minecraft@1.20.1)
2307:             1             96  net.minecraft.world.level.block.SculkVeinBlock (minecraft@1.20.1)
2308:             1             96  net.minecraft.world.level.block.TwistingVinesBlock (minecraft@1.20.1)
2309:             4             96  net.minecraft.world.level.block.WeatheringCopper$WeatherState (minecraft@1.20.1)
2310:             1             96  net.minecraft.world.level.block.WeepingVinesBlock (minecraft@1.20.1)
2311:             1             96  net.minecraft.world.level.block.entity.ChestBlockEntity (minecraft@1.20.1)
2312:             4             96  net.minecraft.world.level.block.entity.ShulkerBoxBlockEntity$AnimationStatus (minecraft@1.20.1)
2313:             1             96  net.minecraft.world.level.block.entity.TrappedChestBlockEntity (minecraft@1.20.1)
2314:             4             96  net.minecraft.world.level.block.state.properties.BellAttachType (minecraft@1.20.1)
2315:             6             96  net.minecraft.world.level.levelgen.DensityFunctions$Mapped$Type$$Lambda$4133/0x0000000800b70a08 (minecraft@1.20.1)
2316:             6             96  net.minecraft.world.level.levelgen.feature.treedecorators.TreeDecoratorType (minecraft@1.20.1)
2317:             6             96  net.minecraft.world.level.levelgen.heightproviders.HeightProviderType$$Lambda$2992/0x0000000800a6ed78 (minecraft@1.20.1)
2318:             4             96  net.minecraft.world.level.levelgen.structure.TerrainAdjustment (minecraft@1.20.1)
2319:             6             96  net.minecraft.world.level.levelgen.structure.templatesystem.RuleTestType$$Lambda$2738/0x0000000800a0c800 (minecraft@1.20.1)
2320:             3             96  net.minecraft.world.level.levelgen.synth.PerlinSimplexNoise (minecraft@1.20.1)
2321:             4             96  net.minecraftforge.accesstransformer.AccessTransformer$FinalState (accesstransformers@8.0.4)
2322:             4             96  net.minecraftforge.accesstransformer.AccessTransformer$Modifier (accesstransformers@8.0.4)
2323:             3             96  net.minecraftforge.client.gui.LoadingErrorScreen$LoadingEntryList$LoadingMessageEntry (forge@47.4.13)
2324:             6             96  net.minecraftforge.eventbus.ModLauncherFactory (net.minecraftforge.eventbus)
2325:             4             96  net.minecraftforge.fml.earlydisplay.ColourScheme$Colour (fmlearlydisplay@1.20.1-47.4.13)
2326:             3             96  net.minecraftforge.fml.earlydisplay.SimpleBufferBuilder$Element (fmlearlydisplay@1.20.1-47.4.13)
2327:             3             96  net.minecraftforge.fml.loading.progress.Message (fmlloader@1.20.1-47.4.13)
2328:             4             96  net.minecraftforge.fml.loading.progress.Message$MessageType (fmlloader@1.20.1-47.4.13)
2329:             4             96  net.minecraftforge.forgespi.locating.IModFile$Type (net.minecraftforge.forgespi@7.0.1)
2330:             3             96  net.minecraftforge.installer.HashFunction
2331:             6             96  net.minecraftforge.registries.RegistryBuilder$$Lambda$1338/0x0000000800615c10 (forge@47.4.13)
2332:             6             96  net.minecraftforge.registries.RegistryBuilder$$Lambda$1339/0x0000000800615e38 (forge@47.4.13)
2333:             3             96  net.minecraftforge.registries.RegistryManager (forge@47.4.13)
2334:             4             96  net.minecrell.terminalconsole.util.LoggerNamePatternSelector$LoggerNameSelector (terminalconsoleappender@1.2.0)
2335:             3             96  org.antlr.v4.runtime.VocabularyImpl (org.antlr.antlr4.runtime@4.9.1)
2336:             2             96  org.apache.logging.log4j.core.appender.rolling.RollingFileManager$EmptyQueue (org.apache.logging.log4j.core@2.19.0)
2337:             4             96  org.apache.logging.log4j.core.config.AppenderRef (org.apache.logging.log4j.core@2.19.0)
2338:             4             96  org.apache.logging.log4j.core.jmx.AppenderAdmin (org.apache.logging.log4j.core@2.19.0)
2339:             4             96  org.apache.logging.log4j.core.jmx.LoggerConfigAdmin (org.apache.logging.log4j.core@2.19.0)
2340:             2             96  org.apache.logging.log4j.core.lookup.RuntimeStrSubstitutor (org.apache.logging.log4j.core@2.19.0)
2341:             4             96  org.apache.logging.log4j.core.pattern.MarkerSimpleNamePatternConverter (org.apache.logging.log4j.core@2.19.0)
2342:             4             96  org.apache.logging.log4j.core.pattern.NameAbbreviator$MaxElementAbbreviator (org.apache.logging.log4j.core@2.19.0)
2343:             3             96  org.apache.logging.log4j.core.util.Log4jThreadFactory (org.apache.logging.log4j.core@2.19.0)
2344:             3             96  org.apache.logging.log4j.core.util.datetime.FastDatePrinter (org.apache.logging.log4j.core@2.19.0)
2345:             3             96  org.apache.logging.log4j.core.util.datetime.FixedDateFormat$FixedTimeZoneFormat (org.apache.logging.log4j.core@2.19.0)
2346:             4             96  org.lwjgl.system.Platform$Architecture (org.lwjgl@3.3.1+7)
2347:             4             96  org.lwjgl.system.linux.LinuxLibrary (org.lwjgl@3.3.1+7)
2348:             3             96  org.openjdk.nashorn.internal.ir.LiteralNode$BooleanLiteralNode (org.openjdk.nashorn)
2349:             3             96  org.openjdk.nashorn.internal.ir.LiteralNode$NullLiteralNode (org.openjdk.nashorn)
2350:             4             96  org.openjdk.nashorn.internal.runtime.GlobalConstants (org.openjdk.nashorn)
2351:             1             96  org.openjdk.nashorn.internal.runtime.StructureLoader (org.openjdk.nashorn)
2352:             4             96  org.openjdk.nashorn.internal.runtime.arrays.NonExtensibleArrayFilter (org.openjdk.nashorn)
2353:             4             96  org.spongepowered.asm.mixin.MixinEnvironment$Option$Inherit (org.spongepowered.mixin)
2354:             4             96  org.spongepowered.asm.mixin.MixinEnvironment$Phase (org.spongepowered.mixin)
2355:             4             96  org.spongepowered.asm.mixin.transformer.MixinCoprocessor$ProcessResult (org.spongepowered.mixin)
2356:             4             96  org.spongepowered.asm.service.modlauncher.LoggerAdapterLog4j2 (org.spongepowered.mixin)
2357:             3             96  sun.net.spi.DefaultProxySelector$NonProxyInfo (java.base@17.0.15)
2358:             6             96  sun.security.provider.NativePRNG (java.base@17.0.15)
2359:             3             96  sun.security.ssl.CipherSuite$HashAlg (java.base@17.0.15)
2360:             4             96  sun.security.ssl.CipherType (java.base@17.0.15)
2361:             3             96  sun.security.ssl.ECPointFormatsExtension$ECPointFormat (java.base@17.0.15)
2362:             3             96  sun.security.ssl.SSLTrafficKeyDerivation$KeySchedule (java.base@17.0.15)
2363:             3             96  sun.security.ssl.SignatureScheme$SigAlgParamSpec (java.base@17.0.15)
2364:             3             96  sun.security.util.DisabledAlgorithmConstraints$DenyAfterConstraint (java.base@17.0.15)
2365:             4             96  sun.security.util.DisabledAlgorithmConstraints$UsageConstraint (java.base@17.0.15)
2366:             3             96  sun.security.x509.NetscapeCertTypeExtension (java.base@17.0.15)
2367:             3             96  sun.util.locale.provider.LocaleResources (java.base@17.0.15)
2368:             1             88  [Ljava.util.concurrent.ConcurrentMap; (java.base@17.0.15)
2369:             1             88  [Lnet.minecraft.client.RecipeBookCategories; (minecraft@1.20.1)
2370:             1             88  [Lnet.minecraft.client.resources.DefaultPlayerSkin$SkinType; (minecraft@1.20.1)
2371:             3             88  [Lnet.minecraft.world.level.block.Block; (minecraft@1.20.1)
2372:             3             88  [Lnet.minecraft.world.level.block.MultifaceSpreader$SpreadType; (minecraft@1.20.1)
2373:             3             88  [Lorg.apache.logging.log4j.core.pattern.FormattingInfo; (org.apache.logging.log4j.core@2.19.0)
2374:             1             88  [Lorg.openjdk.nashorn.internal.ir.RuntimeNode$Request; (org.openjdk.nashorn)
2375:             1             88  [Lsun.security.ssl.CipherSuite$KeyExchange; (java.base@17.0.15)
2376:             1             88  com.google.gson.Gson
2377:             1             88  net.minecraft.client.model.AxolotlModel (minecraft@1.20.1)
2378:             1             88  net.minecraft.client.model.BeeModel (minecraft@1.20.1)
2379:             1             88  net.minecraft.client.model.EndermanModel (minecraft@1.20.1)
2380:             1             88  net.minecraft.client.model.WardenModel (minecraft@1.20.1)
2381:             1             88  net.minecraft.world.level.block.CaveVinesPlantBlock (minecraft@1.20.1)
2382:             1             88  net.minecraft.world.level.block.GlowLichenBlock (minecraft@1.20.1)
2383:             1             88  net.minecraft.world.level.block.KelpPlantBlock (minecraft@1.20.1)
2384:             1             88  net.minecraft.world.level.block.LayeredCauldronBlock (minecraft@1.20.1)
2385:             1             88  net.minecraft.world.level.block.PowderSnowCauldronBlock (minecraft@1.20.1)
2386:             1             88  net.minecraft.world.level.block.TwistingVinesPlantBlock (minecraft@1.20.1)
2387:             1             88  net.minecraft.world.level.block.WeepingVinesPlantBlock (minecraft@1.20.1)
2388:             1             88  net.minecraft.world.level.block.WitherRoseBlock (minecraft@1.20.1)
2389:             1             88  net.minecraft.world.level.block.entity.ConduitBlockEntity (minecraft@1.20.1)
2390:             1             88  org.openjdk.nashorn.internal.scripts.JO12 (org.openjdk.nashorn.structures)
2391:             1             88  sun.security.ssl.TransportContext (java.base@17.0.15)
2392:             1             80  [Lcom.mojang.blaze3d.platform.GlStateManager$SourceFactor; (minecraft@1.20.1)
2393:             2             80  [Ljava.lang.OutOfMemoryError; (java.base@17.0.15)
2394:             1             80  [Ljava.time.temporal.ChronoUnit; (java.base@17.0.15)
2395:             2             80  [Ljava.util.stream.StreamOpFlag$Type; (java.base@17.0.15)
2396:             2             80  [Lnet.minecraft.client.gui.font.providers.GlyphProviderType; (minecraft@1.20.1)
2397:             2             80  [Lnet.minecraft.client.renderer.FaceInfo; (minecraft@1.20.1)
2398:             1             80  [Lnet.minecraft.client.resources.model.BlockModelRotation; (minecraft@1.20.1)
2399:             1             80  [Lnet.minecraft.client.resources.model.Material; (minecraft@1.20.1)
2400:             2             80  [Lnet.minecraft.client.telemetry.TelemetryProperty$GameMode; (minecraft@1.20.1)
2401:             1             80  [Lnet.minecraft.world.level.block.entity.ShulkerBoxBlockEntity; (minecraft@1.20.1)
2402:             2             80  [Lnet.minecraft.world.level.block.state.properties.DripstoneThickness; (minecraft@1.20.1)
2403:             2             80  [Lnet.minecraft.world.level.block.state.properties.StairsShape; (minecraft@1.20.1)
2404:             2             80  [Lnet.minecraft.world.level.levelgen.structure.structures.RuinedPortalPiece$VerticalPlacement; (minecraft@1.20.1)
2405:             3             80  [Lnet.minecraft.world.level.levelgen.synth.SimplexNoise; (minecraft@1.20.1)
2406:             1             80  [Lnet.minecraft.world.phys.Vec3; (minecraft@1.20.1)
2407:             1             80  [Lnet.minecraftforge.client.model.IQuadTransformer; (forge@47.4.13)
2408:             2             80  [Lnet.minecraftforge.fml.ModLoadingPhase; (fmlcore@1.20.1-47.4.13)
2409:             4             80  [Lorg.apache.logging.log4j.core.config.AppenderRef; (org.apache.logging.log4j.core@2.19.0)
2410:             2             80  [Lsun.security.jca.ProviderConfig; (java.base@17.0.15)
2411:             1             80  [Lsun.security.ssl.SSLCipher; (java.base@17.0.15)
2412:             1             80  [[Lorg.antlr.v4.runtime.atn.ATNConfig; (org.antlr.antlr4.runtime@4.9.1)
2413:             5             80  com.electronwill.nightconfig.core.InMemoryFormat (com.electronwill.nightconfig.core@3.6.4)
2414:             5             80  com.google.gson.internal.$Gson$Types$GenericArrayTypeImpl
2415:             2             80  com.mojang.blaze3d.shaders.Program$Type (minecraft@1.20.1)
2416:             5             80  com.mojang.serialization.MapCodec$$Lambda$1111/0x000000080057d440 (datafixerupper@6.0.8)
2417:             2             80  com.sun.jmx.mbeanserver.DefaultMXBeanMappingFactory$TabularMapping (java.management@17.0.15)
2418:             2             80  it.unimi.dsi.fastutil.shorts.Short2ObjectArrayMap (it.unimi.dsi.fastutil@8.5.9)
2419:             2             80  java.lang.invoke.BoundMethodHandle$Species_D (java.base@17.0.15)
2420:             2             80  java.lang.invoke.VarHandleLongs$FieldInstanceReadWrite (java.base@17.0.15)
2421:             2             80  java.lang.invoke.VarHandleReferences$Array (java.base@17.0.15)
2422:             2             80  java.lang.invoke.VarHandleReferences$FieldStaticReadWrite (java.base@17.0.15)
2423:             2             80  java.net.InetAddress$CachedAddresses (java.base@17.0.15)
2424:             2             80  java.time.format.DateTimeFormatterBuilder$FractionPrinterParser (java.base@17.0.15)
2425:             2             80  java.util.Locale$Category (java.base@17.0.15)
2426:             5             80  java.util.TreeMap$KeySet (java.base@17.0.15)
2427:             5             80  java.util.TreeSet (java.base@17.0.15)
2428:             1             80  jdk.internal.event.X509CertificateEvent (java.base@17.0.15)
2429:             1             80  jdk.internal.icu.impl.NormalizerImpl (java.base@17.0.15)
2430:             2             80  jdk.internal.icu.impl.Trie2$UTrie2Header (java.base@17.0.15)
2431:             2             80  jdk.internal.loader.URLClassPath (java.base@17.0.15)
2432:             5             80  jdk.proxy1.$Proxy0 (jdk.proxy1)
2433:             5             80  jdk.proxy1.$Proxy8 (jdk.proxy1)
2434:             5             80  jdk.proxy1.$Proxy9 (jdk.proxy1)
2435:             5             80  jdk.proxy2.$Proxy16 (jdk.proxy2)
2436:             2             80  joptsimple.OptionalArgumentOptionSpec (jopt.simple@5.0.4)
2437:             1             80  net.minecraft.client.model.ChickenModel (minecraft@1.20.1)
2438:             1             80  net.minecraft.client.model.FoxModel (minecraft@1.20.1)
2439:             1             80  net.minecraft.client.model.OcelotModel (minecraft@1.20.1)
2440:             1             80  net.minecraft.client.model.PandaModel (minecraft@1.20.1)
2441:             1             80  net.minecraft.client.model.RabbitModel (minecraft@1.20.1)
2442:             2             80  net.minecraft.client.model.ShulkerModel (minecraft@1.20.1)
2443:             5             80  net.minecraft.client.renderer.block.model.multipart.OrCondition (minecraft@1.20.1)
2444:             2             80  net.minecraft.client.renderer.entity.ChestedHorseRenderer (minecraft@1.20.1)
2445:             2             80  net.minecraft.client.renderer.entity.ItemFrameRenderer (minecraft@1.20.1)
2446:             2             80  net.minecraft.client.renderer.entity.LlamaRenderer (minecraft@1.20.1)
2447:             2             80  net.minecraft.client.renderer.entity.UndeadHorseRenderer (minecraft@1.20.1)
2448:             2             80  net.minecraft.client.renderer.entity.player.PlayerRenderer (minecraft@1.20.1)
2449:             5             80  net.minecraft.client.renderer.texture.atlas.SpriteSourceType (minecraft@1.20.1)
2450:             2             80  net.minecraft.util.SmoothDouble (minecraft@1.20.1)
2451:             2             80  net.minecraft.util.datafix.fixes.BlockEntitySignDoubleSidedEditableTextFix (minecraft@1.20.1)
2452:             2             80  net.minecraft.util.datafix.fixes.CriteriaRenameFix (minecraft@1.20.1)
2453:             2             80  net.minecraft.util.datafix.fixes.GossipUUIDFix (minecraft@1.20.1)
2454:             2             80  net.minecraft.util.datafix.fixes.VillagerDataFix (minecraft@1.20.1)
2455:             5             80  net.minecraft.util.datafix.schemas.V700$$Lambda$1885/0x000000080083e968 (minecraft@1.20.1)
2456:             1             80  net.minecraft.world.level.block.AmethystBlock (minecraft@1.20.1)
2457:             1             80  net.minecraft.world.level.block.BambooSaplingBlock (minecraft@1.20.1)
2458:             1             80  net.minecraft.world.level.block.BambooStalkBlock (minecraft@1.20.1)
2459:             1             80  net.minecraft.world.level.block.BarrelBlock (minecraft@1.20.1)
2460:             1             80  net.minecraft.world.level.block.BarrierBlock (minecraft@1.20.1)
2461:             1             80  net.minecraft.world.level.block.BeaconBlock (minecraft@1.20.1)
2462:             1             80  net.minecraft.world.level.block.BeetrootBlock (minecraft@1.20.1)
2463:             1             80  net.minecraft.world.level.block.BellBlock (minecraft@1.20.1)
2464:             1             80  net.minecraft.world.level.block.BigDripleafBlock (minecraft@1.20.1)
2465:             1             80  net.minecraft.world.level.block.BigDripleafStemBlock (minecraft@1.20.1)
2466:             1             80  net.minecraft.world.level.block.BlastFurnaceBlock (minecraft@1.20.1)
2467:             1             80  net.minecraft.world.level.block.BrewingStandBlock (minecraft@1.20.1)
2468:             1             80  net.minecraft.world.level.block.BubbleColumnBlock (minecraft@1.20.1)
2469:             1             80  net.minecraft.world.level.block.BuddingAmethystBlock (minecraft@1.20.1)
2470:             1             80  net.minecraft.world.level.block.CactusBlock (minecraft@1.20.1)
2471:             1             80  net.minecraft.world.level.block.CakeBlock (minecraft@1.20.1)
2472:             1             80  net.minecraft.world.level.block.CalibratedSculkSensorBlock (minecraft@1.20.1)
2473:             1             80  net.minecraft.world.level.block.CarpetBlock (minecraft@1.20.1)
2474:             1             80  net.minecraft.world.level.block.CarrotBlock (minecraft@1.20.1)
2475:             1             80  net.minecraft.world.level.block.CartographyTableBlock (minecraft@1.20.1)
2476:             1             80  net.minecraft.world.level.block.CauldronBlock (minecraft@1.20.1)
2477:             1             80  net.minecraft.world.level.block.ChainBlock (minecraft@1.20.1)
2478:             1             80  net.minecraft.world.level.block.CherryLeavesBlock (minecraft@1.20.1)
2479:             1             80  net.minecraft.world.level.block.ChestBlock (minecraft@1.20.1)
2480:             1             80  net.minecraft.world.level.block.ChiseledBookShelfBlock (minecraft@1.20.1)
2481:             1             80  net.minecraft.world.level.block.ChorusFlowerBlock (minecraft@1.20.1)
2482:             1             80  net.minecraft.world.level.block.ChorusPlantBlock (minecraft@1.20.1)
2483:             1             80  net.minecraft.world.level.block.CocoaBlock (minecraft@1.20.1)
2484:             1             80  net.minecraft.world.level.block.ComparatorBlock (minecraft@1.20.1)
2485:             1             80  net.minecraft.world.level.block.ComposterBlock (minecraft@1.20.1)
2486:             1             80  net.minecraft.world.level.block.ConduitBlock (minecraft@1.20.1)
2487:             1             80  net.minecraft.world.level.block.CraftingTableBlock (minecraft@1.20.1)
2488:             1             80  net.minecraft.world.level.block.CropBlock (minecraft@1.20.1)
2489:             1             80  net.minecraft.world.level.block.CryingObsidianBlock (minecraft@1.20.1)
2490:             1             80  net.minecraft.world.level.block.DaylightDetectorBlock (minecraft@1.20.1)
2491:             1             80  net.minecraft.world.level.block.DeadBushBlock (minecraft@1.20.1)
2492:             1             80  net.minecraft.world.level.block.DecoratedPotBlock (minecraft@1.20.1)
2493:             1             80  net.minecraft.world.level.block.DetectorRailBlock (minecraft@1.20.1)
2494:             1             80  net.minecraft.world.level.block.DirtPathBlock (minecraft@1.20.1)
2495:             1             80  net.minecraft.world.level.block.DispenserBlock (minecraft@1.20.1)
2496:             1             80  net.minecraft.world.level.block.DragonEggBlock (minecraft@1.20.1)
2497:             1             80  net.minecraft.world.level.block.DropperBlock (minecraft@1.20.1)
2498:             1             80  net.minecraft.world.level.block.EnchantmentTableBlock (minecraft@1.20.1)
2499:             1             80  net.minecraft.world.level.block.EndGatewayBlock (minecraft@1.20.1)
2500:             1             80  net.minecraft.world.level.block.EndPortalBlock (minecraft@1.20.1)
2501:             1             80  net.minecraft.world.level.block.EndPortalFrameBlock (minecraft@1.20.1)
2502:             1             80  net.minecraft.world.level.block.EndRodBlock (minecraft@1.20.1)
2503:             1             80  net.minecraft.world.level.block.EnderChestBlock (minecraft@1.20.1)
2504:             1             80  net.minecraft.world.level.block.FarmBlock (minecraft@1.20.1)
2505:             1             80  net.minecraft.world.level.block.FletchingTableBlock (minecraft@1.20.1)
2506:             1             80  net.minecraft.world.level.block.FrogspawnBlock (minecraft@1.20.1)
2507:             1             80  net.minecraft.world.level.block.FrostedIceBlock (minecraft@1.20.1)
2508:             1             80  net.minecraft.world.level.block.FurnaceBlock (minecraft@1.20.1)
2509:             1             80  net.minecraft.world.level.block.GlassBlock (minecraft@1.20.1)
2510:             1             80  net.minecraft.world.level.block.GrassBlock (minecraft@1.20.1)
2511:             1             80  net.minecraft.world.level.block.GravelBlock (minecraft@1.20.1)
2512:             1             80  net.minecraft.world.level.block.GrindstoneBlock (minecraft@1.20.1)
2513:             1             80  net.minecraft.world.level.block.HalfTransparentBlock (minecraft@1.20.1)
2514:             1             80  net.minecraft.world.level.block.HangingRootsBlock (minecraft@1.20.1)
2515:             1             80  net.minecraft.world.level.block.HayBlock (minecraft@1.20.1)
2516:             1             80  net.minecraft.world.level.block.HoneyBlock (minecraft@1.20.1)
2517:             1             80  net.minecraft.world.level.block.HopperBlock (minecraft@1.20.1)
2518:             1             80  net.minecraft.world.level.block.IceBlock (minecraft@1.20.1)
2519:             1             80  net.minecraft.world.level.block.InfestedRotatedPillarBlock (minecraft@1.20.1)
2520:             1             80  net.minecraft.world.level.block.JigsawBlock (minecraft@1.20.1)
2521:             1             80  net.minecraft.world.level.block.JukeboxBlock (minecraft@1.20.1)
2522:             1             80  net.minecraft.world.level.block.LadderBlock (minecraft@1.20.1)
2523:             1             80  net.minecraft.world.level.block.LavaCauldronBlock (minecraft@1.20.1)
2524:             1             80  net.minecraft.world.level.block.LecternBlock (minecraft@1.20.1)
2525:             1             80  net.minecraft.world.level.block.LeverBlock (minecraft@1.20.1)
2526:             1             80  net.minecraft.world.level.block.LightBlock (minecraft@1.20.1)
2527:             1             80  net.minecraft.world.level.block.LightningRodBlock (minecraft@1.20.1)
2528:             1             80  net.minecraft.world.level.block.LoomBlock (minecraft@1.20.1)
2529:             1             80  net.minecraft.world.level.block.MagmaBlock (minecraft@1.20.1)
2530:             1             80  net.minecraft.world.level.block.MangroveLeavesBlock (minecraft@1.20.1)
2531:             1             80  net.minecraft.world.level.block.MangrovePropaguleBlock (minecraft@1.20.1)
2532:             1             80  net.minecraft.world.level.block.MangroveRootsBlock (minecraft@1.20.1)
2533:             1             80  net.minecraft.world.level.block.MelonBlock (minecraft@1.20.1)
2534:             1             80  net.minecraft.world.level.block.MossBlock (minecraft@1.20.1)
2535:             1             80  net.minecraft.world.level.block.MudBlock (minecraft@1.20.1)
2536:             1             80  net.minecraft.world.level.block.MyceliumBlock (minecraft@1.20.1)
2537:             1             80  net.minecraft.world.level.block.NetherPortalBlock (minecraft@1.20.1)
2538:             1             80  net.minecraft.world.level.block.NetherSproutsBlock (minecraft@1.20.1)
2539:             1             80  net.minecraft.world.level.block.NetherWartBlock (minecraft@1.20.1)
2540:             1             80  net.minecraft.world.level.block.NetherrackBlock (minecraft@1.20.1)
2541:             1             80  net.minecraft.world.level.block.NoteBlock (minecraft@1.20.1)
2542:             1             80  net.minecraft.world.level.block.ObserverBlock (minecraft@1.20.1)
2543:             1             80  net.minecraft.world.level.block.PiglinWallSkullBlock (minecraft@1.20.1)
2544:             1             80  net.minecraft.world.level.block.PinkPetalsBlock (minecraft@1.20.1)
2545:             1             80  net.minecraft.world.level.block.PitcherCropBlock (minecraft@1.20.1)
2546:             1             80  net.minecraft.world.level.block.PlayerHeadBlock (minecraft@1.20.1)
2547:             1             80  net.minecraft.world.level.block.PlayerWallHeadBlock (minecraft@1.20.1)
2548:             1             80  net.minecraft.world.level.block.PointedDripstoneBlock (minecraft@1.20.1)
2549:             1             80  net.minecraft.world.level.block.PotatoBlock (minecraft@1.20.1)
2550:             1             80  net.minecraft.world.level.block.PowderSnowBlock (minecraft@1.20.1)
2551:             1             80  net.minecraft.world.level.block.PoweredBlock (minecraft@1.20.1)
2552:             1             80  net.minecraft.world.level.block.PumpkinBlock (minecraft@1.20.1)
2553:             1             80  net.minecraft.world.level.block.RailBlock (minecraft@1.20.1)
2554:             1             80  net.minecraft.world.level.block.RedStoneWireBlock (minecraft@1.20.1)
2555:             1             80  net.minecraft.world.level.block.RedstoneLampBlock (minecraft@1.20.1)
2556:             1             80  net.minecraft.world.level.block.RedstoneTorchBlock (minecraft@1.20.1)
2557:             1             80  net.minecraft.world.level.block.RedstoneWallTorchBlock (minecraft@1.20.1)
2558:             1             80  net.minecraft.world.level.block.RepeaterBlock (minecraft@1.20.1)
2559:             1             80  net.minecraft.world.level.block.RespawnAnchorBlock (minecraft@1.20.1)
2560:             1             80  net.minecraft.world.level.block.RootedDirtBlock (minecraft@1.20.1)
2561:             1             80  net.minecraft.world.level.block.ScaffoldingBlock (minecraft@1.20.1)
2562:             1             80  net.minecraft.world.level.block.SculkBlock (minecraft@1.20.1)
2563:             1             80  net.minecraft.world.level.block.SculkCatalystBlock (minecraft@1.20.1)
2564:             1             80  net.minecraft.world.level.block.SculkSensorBlock (minecraft@1.20.1)
2565:             1             80  net.minecraft.world.level.block.SculkShriekerBlock (minecraft@1.20.1)
2566:             1             80  net.minecraft.world.level.block.SeaPickleBlock (minecraft@1.20.1)
2567:             1             80  net.minecraft.world.level.block.SeagrassBlock (minecraft@1.20.1)
2568:             1             80  net.minecraft.world.level.block.SlimeBlock (minecraft@1.20.1)
2569:             1             80  net.minecraft.world.level.block.SmallDripleafBlock (minecraft@1.20.1)
2570:             1             80  net.minecraft.world.level.block.SmithingTableBlock (minecraft@1.20.1)
2571:             1             80  net.minecraft.world.level.block.SmokerBlock (minecraft@1.20.1)
2572:             1             80  net.minecraft.world.level.block.SnifferEggBlock (minecraft@1.20.1)
2573:             1             80  net.minecraft.world.level.block.SnowLayerBlock (minecraft@1.20.1)
2574:             1             80  net.minecraft.world.level.block.SnowyDirtBlock (minecraft@1.20.1)
2575:             1             80  net.minecraft.world.level.block.SoulFireBlock (minecraft@1.20.1)
2576:             1             80  net.minecraft.world.level.block.SoulSandBlock (minecraft@1.20.1)
2577:             1             80  net.minecraft.world.level.block.SpawnerBlock (minecraft@1.20.1)
2578:             1             80  net.minecraft.world.level.block.SpongeBlock (minecraft@1.20.1)
2579:             1             80  net.minecraft.world.level.block.SporeBlossomBlock (minecraft@1.20.1)
2580:             1             80  net.minecraft.world.level.block.StonecutterBlock (minecraft@1.20.1)
2581:             1             80  net.minecraft.world.level.block.StructureBlock (minecraft@1.20.1)
2582:             1             80  net.minecraft.world.level.block.StructureVoidBlock (minecraft@1.20.1)
2583:             1             80  net.minecraft.world.level.block.SugarCaneBlock (minecraft@1.20.1)
2584:             1             80  net.minecraft.world.level.block.SweetBerryBushBlock (minecraft@1.20.1)
2585:             1             80  net.minecraft.world.level.block.TallSeagrassBlock (minecraft@1.20.1)
2586:             1             80  net.minecraft.world.level.block.TargetBlock (minecraft@1.20.1)
2587:             1             80  net.minecraft.world.level.block.TintedGlassBlock (minecraft@1.20.1)
2588:             1             80  net.minecraft.world.level.block.TntBlock (minecraft@1.20.1)
2589:             1             80  net.minecraft.world.level.block.TorchflowerCropBlock (minecraft@1.20.1)
2590:             1             80  net.minecraft.world.level.block.TrappedChestBlock (minecraft@1.20.1)
2591:             1             80  net.minecraft.world.level.block.TripWireBlock (minecraft@1.20.1)
2592:             1             80  net.minecraft.world.level.block.TripWireHookBlock (minecraft@1.20.1)
2593:             1             80  net.minecraft.world.level.block.TurtleEggBlock (minecraft@1.20.1)
2594:             1             80  net.minecraft.world.level.block.VineBlock (minecraft@1.20.1)
2595:             1             80  net.minecraft.world.level.block.WaterlilyBlock (minecraft@1.20.1)
2596:             1             80  net.minecraft.world.level.block.WebBlock (minecraft@1.20.1)
2597:             1             80  net.minecraft.world.level.block.WetSpongeBlock (minecraft@1.20.1)
2598:             1             80  net.minecraft.world.level.block.WitherSkullBlock (minecraft@1.20.1)
2599:             1             80  net.minecraft.world.level.block.WitherWallSkullBlock (minecraft@1.20.1)
2600:             1             80  net.minecraft.world.level.block.piston.MovingPistonBlock (minecraft@1.20.1)
2601:             1             80  net.minecraft.world.level.block.piston.PistonHeadBlock (minecraft@1.20.1)
2602:             5             80  net.minecraft.world.level.levelgen.DensityFunctions$Marker$Type$$Lambda$4088/0x0000000800b65100 (minecraft@1.20.1)
2603:             2             80  net.minecraft.world.level.levelgen.DensityFunctions$WeirdScaledSampler$RarityValueMapper (minecraft@1.20.1)
2604:             5             80  net.minecraft.world.level.levelgen.placement.HeightRangePlacement (minecraft@1.20.1)
2605:             5             80  net.minecraft.world.level.levelgen.structure.pools.StructurePoolElementType$$Lambda$4172/0x0000000800b7a228 (minecraft@1.20.1)
2606:             2             80  net.minecraft.world.level.levelgen.structure.structures.MineshaftStructure$Type (minecraft@1.20.1)
2607:             1             80  net.minecraftforge.client.gui.LoadingErrorScreen$LoadingEntryList (forge@47.4.13)
2608:             2             80  net.minecraftforge.common.ForgeConfigSpec$Builder (forge@47.4.13)
2609:             1             80  net.minecraftforge.eventbus.ClassLoaderFactory$ASMClassLoader (net.minecraftforge.eventbus)
2610:             1             80  net.minecraftforge.fml.loading.FMLServiceProvider (fmlloader@1.20.1-47.4.13)
2611:             5             80  net.minecraftforge.network.NetworkInstance$$Lambda$4252/0x0000000800b8ed30 (forge@47.4.13)
2612:             5             80  org.apache.commons.lang3.text.StrMatcher$CharMatcher (org.apache.commons.lang3@3.12.0)
2613:             2             80  org.apache.logging.log4j.core.appender.rolling.DefaultRolloverStrategy (org.apache.logging.log4j.core@2.19.0)
2614:             5             80  org.apache.logging.log4j.core.config.AppenderControlArraySet (org.apache.logging.log4j.core@2.19.0)
2615:             5             80  org.apache.logging.log4j.core.lookup.StrMatcher$CharMatcher (org.apache.logging.log4j.core@2.19.0)
2616:             2             80  org.apache.logging.log4j.core.util.WatchManager (org.apache.logging.log4j.core@2.19.0)
2617:             1             80  org.openjdk.nashorn.internal.scripts.JO8P0 (org.openjdk.nashorn.structures)
2618:             1             80  org.openjdk.nashorn.internal.scripts.JO9P0 (org.openjdk.nashorn.structures)
2619:             2             80  org.spongepowered.asm.mixin.injection.selectors.TargetSelector$DynamicSelectorEntry (org.spongepowered.mixin)
2620:             2             80  org.spongepowered.asm.mixin.transformer.MixinConfig$InjectorOptions (org.spongepowered.mixin)
2621:             2             80  sun.management.MemoryManagerImpl (java.management@17.0.15)
2622:             1             80  sun.nio.ch.NioSocketImpl (java.base@17.0.15)
2623:             2             80  sun.security.ec.XECParameters (jdk.crypto.ec@17.0.15)
2624:             5             80  sun.security.ssl.SSLCipher$T10BlockReadCipherGenerator (java.base@17.0.15)
2625:             5             80  sun.security.ssl.SSLCipher$T10BlockWriteCipherGenerator (java.base@17.0.15)
2626:             1             80  sun.security.ssl.SSLConfiguration (java.base@17.0.15)
2627:             2             80  sun.security.ssl.SSLSessionContextImpl (java.base@17.0.15)
2628:             1             80  sun.security.ssl.SSLSocketImpl (java.base@17.0.15)
2629:             1             80  sun.util.cldr.CLDRLocaleProviderAdapter (java.base@17.0.15)
2630:             1             80  sun.util.locale.provider.JRELocaleProviderAdapter (java.base@17.0.15)
2631:             1             72  [Lcom.llamalad7.mixinextras.service.MixinExtrasVersion; (MixinExtras@0.5.3)
2632:             1             72  [Lcom.mojang.blaze3d.platform.GlStateManager$DestFactor; (minecraft@1.20.1)
2633:             1             72  [Ljavax.management.openmbean.SimpleType; (java.management@17.0.15)
2634:             3             72  [Lnet.minecraft.world.effect.MobEffectInstance; (minecraft@1.20.1)
2635:             1             72  [Lnet.minecraft.world.item.enchantment.EnchantmentCategory; (minecraft@1.20.1)
2636:             3             72  [Lnet.minecraft.world.level.levelgen.GenerationStep$Carving; (minecraft@1.20.1)
2637:             3             72  [Lnet.minecraft.world.level.levelgen.structure.structures.MineshaftStructure$Type; (minecraft@1.20.1)
2638:             1             72  [Lnet.minecraftforge.fml.loading.FMLConfig$ConfigValue; (fmlloader@1.20.1-47.4.13)
2639:             2             72  [Lorg.apache.logging.log4j.core.pattern.ArrayPatternConverter; (org.apache.logging.log4j.core@2.19.0)
2640:             1             72  [Lorg.spongepowered.asm.mixin.MixinEnvironment$CompatibilityLevel; (org.spongepowered.mixin)
2641:             1             72  [Loshi.PlatformEnum; (com.github.oshi@6.2.2)
2642:             3             72  com.google.gson.internal.bind.ArrayTypeAdapter
2643:             3             72  com.google.gson.internal.bind.CollectionTypeAdapterFactory$Adapter (com.google.gson@2.10)
2644:             3             72  com.google.gson.internal.bind.TypeAdapters$34 (com.google.gson@2.10)
2645:             3             72  com.llamalad7.mixinextras.service.Versioned (MixinExtras@0.5.3)
2646:             3             72  com.mojang.serialization.Decoder$3 (datafixerupper@6.0.8)
2647:             3             72  com.sun.jna.NativeLibrary$NativeLibraryDisposer (com.sun.jna@5.12.1)
2648:             3             72  cpw.mods.modlauncher.api.INameMappingService$Domain (cpw.mods.modlauncher@10.0.9)
2649:             3             72  cpw.mods.modlauncher.api.ITransformerActivity$Type (cpw.mods.modlauncher@10.0.9)
2650:             3             72  java.lang.ProcessImpl$LaunchMechanism (java.base@17.0.15)
2651:             3             72  java.lang.StackStreamFactory$WalkerState (java.base@17.0.15)
2652:             3             72  java.lang.StackWalker$Option (java.base@17.0.15)
2653:             3             72  java.lang.WeakPairMap (java.base@17.0.15)
2654:             3             72  java.lang.annotation.RetentionPolicy (java.base@17.0.15)
2655:             3             72  java.lang.invoke.MethodHandleImpl$ArrayAccess (java.base@17.0.15)
2656:             3             72  java.lang.invoke.VarHandle$VarHandleDesc$Kind (java.base@17.0.15)
2657:             3             72  java.net.Proxy$Type (java.base@17.0.15)
2658:             3             72  java.net.StandardProtocolFamily (java.base@17.0.15)
2659:             3             72  java.nio.file.AccessMode (java.base@17.0.15)
2660:             3             72  java.nio.file.FileTreeWalker$EventType (java.base@17.0.15)
2661:             3             72  java.nio.file.StandardCopyOption (java.base@17.0.15)
2662:             3             72  java.security.SecurityPermission (java.base@17.0.15)
2663:             3             72  java.time.ZonedDateTime (java.base@17.0.15)
2664:             3             72  java.time.format.ResolverStyle (java.base@17.0.15)
2665:             3             72  java.time.zone.ZoneOffsetTransitionRule$TimeDefinition (java.base@17.0.15)
2666:             3             72  java.util.Collections$3 (java.base@17.0.15)
2667:             3             72  java.util.logging.Logger$LoggerBundle (java.logging@17.0.15)
2668:             3             72  java.util.regex.Pattern$Pos (java.base@17.0.15)
2669:             3             72  java.util.stream.Collector$Characteristics (java.base@17.0.15)
2670:             3             72  java.util.stream.MatchOps$MatchKind (java.base@17.0.15)
2671:             3             72  jdk.dynalink.BiClassValue$RetentionDirection (jdk.dynalink@17.0.15)
2672:             3             72  jdk.dynalink.StandardNamespace (jdk.dynalink@17.0.15)
2673:             3             72  jdk.internal.icu.util.CodePointTrie$ValueWidth (java.base@17.0.15)
2674:             3             72  jdk.internal.math.FloatingDecimal$ExceptionalBinaryToASCIIBuffer (java.base@17.0.15)
2675:             3             72  jdk.internal.misc.Signal (java.base@17.0.15)
2676:             3             72  net.fabricmc.loader.api.metadata.ModOrigin$Kind (net.fabricmc.loader@2.6.0+0.15.0+1.20.1-full)
2677:             3             72  net.minecraft.Util$$Lambda$3904/0x0000000800b37cd8 (minecraft@1.20.1)
2678:             3             72  net.minecraft.Util$OS (minecraft@1.20.1)
2679:             3             72  net.minecraft.client.CameraType (minecraft@1.20.1)
2680:             3             72  net.minecraft.client.ResourceLoadStateTracker$ReloadReason (minecraft@1.20.1)
2681:             3             72  net.minecraft.client.User$Type (minecraft@1.20.1)
2682:             3             72  net.minecraft.client.gui.Font$DisplayMode (minecraft@1.20.1)
2683:             3             72  net.minecraft.client.gui.narration.NarratableEntry$NarrationPriority (minecraft@1.20.1)
2684:             3             72  net.minecraft.client.gui.narration.NarrationThunk (minecraft@1.20.1)
2685:             1             72  net.minecraft.client.model.GoatModel (minecraft@1.20.1)
2686:             1             72  net.minecraft.client.model.PolarBearModel (minecraft@1.20.1)
2687:             1             72  net.minecraft.client.model.SheepFurModel (minecraft@1.20.1)
2688:             1             72  net.minecraft.client.model.SheepModel (minecraft@1.20.1)
2689:             1             72  net.minecraft.client.model.TurtleModel (minecraft@1.20.1)
2690:             3             72  net.minecraft.client.renderer.DimensionSpecialEffects$SkyType (minecraft@1.20.1)
2691:             3             72  net.minecraft.client.renderer.RenderStateShard$LayeringStateShard (minecraft@1.20.1)
2692:             3             72  net.minecraft.client.renderer.RenderStateShard$TexturingStateShard (minecraft@1.20.1)
2693:             3             72  net.minecraft.client.renderer.RenderType$OutlineProperty (minecraft@1.20.1)
2694:             1             72  net.minecraft.client.renderer.entity.EntityRenderDispatcher (minecraft@1.20.1)
2695:             3             72  net.minecraft.client.renderer.texture.DynamicTexture (minecraft@1.20.1)
2696:             3             72  net.minecraft.client.sounds.SoundEngine$DeviceCheckState (minecraft@1.20.1)
2697:             3             72  net.minecraft.client.telemetry.TelemetryProperty$ServerType (minecraft@1.20.1)
2698:             3             72  net.minecraft.server.packs.metadata.MetadataSectionType$1 (minecraft@1.20.1)
2699:             3             72  net.minecraft.util.ByIdMap$OutOfBoundsStrategy (minecraft@1.20.1)
2700:             3             72  net.minecraft.util.ExtraCodecs$$Lambda$3701/0x0000000800b151e0 (minecraft@1.20.1)
2701:             3             72  net.minecraft.util.ExtraCodecs$$Lambda$3707/0x0000000800b15f68 (minecraft@1.20.1)
2702:             3             72  net.minecraft.util.ExtraCodecs$$Lambda$3711/0x0000000800b16878 (minecraft@1.20.1)
2703:             3             72  net.minecraft.util.datafix.fixes.ItemStackTagFix$$Lambda$2298/0x00000008008b5158 (minecraft@1.20.1)
2704:             3             72  net.minecraft.world.effect.MobEffectCategory (minecraft@1.20.1)
2705:             3             72  net.minecraft.world.entity.ai.attributes.AttributeModifier$Operation (minecraft@1.20.1)
2706:             3             72  net.minecraft.world.flag.FeatureFlagSet (minecraft@1.20.1)
2707:             3             72  net.minecraft.world.level.block.RenderShape (minecraft@1.20.1)
2708:             1             72  net.minecraft.world.level.block.entity.BannerBlockEntity (minecraft@1.20.1)
2709:             3             72  net.minecraft.world.level.block.entity.ChestLidController (minecraft@1.20.1)
2710:             3             72  net.minecraft.world.level.block.state.BlockBehaviour$OffsetType (minecraft@1.20.1)
2711:             3             72  net.minecraft.world.level.block.state.properties.AttachFace (minecraft@1.20.1)
2712:             3             72  net.minecraft.world.level.block.state.properties.BambooLeaves (minecraft@1.20.1)
2713:             3             72  net.minecraft.world.level.block.state.properties.ChestType (minecraft@1.20.1)
2714:             3             72  net.minecraft.world.level.block.state.properties.NoteBlockInstrument$Type (minecraft@1.20.1)
2715:             3             72  net.minecraft.world.level.block.state.properties.RedstoneSide (minecraft@1.20.1)
2716:             3             72  net.minecraft.world.level.block.state.properties.SculkSensorPhase (minecraft@1.20.1)
2717:             3             72  net.minecraft.world.level.block.state.properties.SlabType (minecraft@1.20.1)
2718:             3             72  net.minecraft.world.level.block.state.properties.WallSide (minecraft@1.20.1)
2719:             3             72  net.minecraft.world.level.levelgen.Heightmap$Usage (minecraft@1.20.1)
2720:             3             72  net.minecraft.world.level.pathfinder.PathComputationType (minecraft@1.20.1)
2721:             3             72  net.minecraft.world.phys.shapes.OffsetDoubleList (minecraft@1.20.1)
2722:             3             72  net.minecraftforge.accesstransformer.TargetType (accesstransformers@8.0.4)
2723:             3             72  net.minecraftforge.eventbus.api.Event$Result (net.minecraftforge.eventbus)
2724:             3             72  net.minecraftforge.fml.config.ModConfig$Type (fmlcore@1.20.1-47.4.13)
2725:             3             72  net.minecraftforge.fml.earlydisplay.ElementShader$RenderType (fmlearlydisplay@1.20.1-47.4.13)
2726:             3             72  net.minecraftforge.fml.loading.EarlyLoadingException$ExceptionData (fmlloader@1.20.1-47.4.13)
2727:             3             72  net.minecraftforge.forgespi.language.IModInfo$DependencySide (net.minecraftforge.forgespi@7.0.1)
2728:             3             72  net.minecraftforge.forgespi.language.IModInfo$Ordering (net.minecraftforge.forgespi@7.0.1)
2729:             3             72  net.minecraftforge.installer.actions.ProgressCallback$MessagePriority
2730:             3             72  org.antlr.v4.runtime.CodePointBuffer$Type (org.antlr.antlr4.runtime@4.9.1)
2731:             3             72  org.antlr.v4.runtime.atn.PredictionMode (org.antlr.antlr4.runtime@4.9.1)
2732:             3             72  org.apache.commons.io.StandardLineSeparator (org.apache.commons.io@2.11.0)
2733:             3             72  org.apache.commons.lang3.text.translate.JavaUnicodeEscaper (org.apache.commons.lang3@3.12.0)
2734:             3             72  org.apache.commons.lang3.text.translate.NumericEntityUnescaper$OPTION (org.apache.commons.lang3@3.12.0)
2735:             3             72  org.apache.logging.log4j.core.Filter$Result (org.apache.logging.log4j.core@2.19.0)
2736:             3             72  org.apache.logging.log4j.core.util.datetime.FastDateFormat (org.apache.logging.log4j.core@2.19.0)
2737:             3             72  org.apache.logging.log4j.core.util.datetime.FastDatePrinter$PaddedNumberField (org.apache.logging.log4j.core@2.19.0)
2738:             3             72  org.apache.logging.log4j.core.util.datetime.FormatCache$MultipartKey (org.apache.logging.log4j.core@2.19.0)
2739:             3             72  org.lwjgl.Version$BuildType (org.lwjgl@3.3.1+7)
2740:             3             72  org.openjdk.nashorn.internal.runtime.Context$FieldMode (org.openjdk.nashorn)
2741:             3             72  org.openjdk.nashorn.internal.runtime.ScriptEnvironment$AnonymousClasses (org.openjdk.nashorn)
2742:             3             72  org.openjdk.nashorn.internal.runtime.ScriptEnvironment$FunctionStatementBehavior (org.openjdk.nashorn)
2743:             1             72  org.openjdk.nashorn.internal.scripts.JO8 (org.openjdk.nashorn.structures)
2744:             3             72  org.prismlauncher.EntryPoint$PreLaunchAction
2745:             3             72  org.spongepowered.asm.launch.platform.IMixinPlatformAgent$AcceptResult (org.spongepowered.mixin)
2746:             1             72  org.spongepowered.asm.mixin.transformer.MixinProcessor (org.spongepowered.mixin)
2747:             3             72  org.spongepowered.asm.mixin.transformer.PluginHandle$CompatibilityMode (org.spongepowered.mixin)
2748:             3             72  sun.management.ManagementFactoryHelper$1 (java.management@17.0.15)
2749:             3             72  sun.net.www.protocol.http.HttpURLConnection$TunnelState (java.base@17.0.15)
2750:             3             72  sun.security.provider.NativePRNG$Variant (java.base@17.0.15)
2751:             3             72  sun.security.provider.certpath.OCSP$RevocationStatus$CertStatus (java.base@17.0.15)
2752:             3             72  sun.security.ssl.ClientAuthType (java.base@17.0.15)
2753:             2             64  [Lcom.mojang.blaze3d.pipeline.MainTarget$AttachmentState; (minecraft@1.20.1)
2754:             1             64  [Lcom.mojang.blaze3d.platform.GlStateManager$TextureState; (minecraft@1.20.1)
2755:             2             64  [Lcpw.mods.modlauncher.TransformTargetLabel$LabelType; (cpw.mods.modlauncher@10.0.9)
2756:             2             64  [Lcpw.mods.modlauncher.api.ITransformer$TargetType; (cpw.mods.modlauncher@10.0.9)
2757:             2             64  [Ljava.lang.ProcessImpl$LaunchMechanism; (java.base@17.0.15)
2758:             2             64  [Ljava.lang.StackWalker$Option; (java.base@17.0.15)
2759:             2             64  [Ljava.lang.annotation.RetentionPolicy; (java.base@17.0.15)
2760:             1             64  [Ljava.lang.invoke.MethodHandleImpl$Intrinsic; (java.base@17.0.15)
2761:             2             64  [Ljava.lang.module.ModuleDescriptor$Requires$Modifier; (java.base@17.0.15)
2762:             2             64  [Ljava.nio.charset.CoderResult; (java.base@17.0.15)
2763:             3             64  [Ljava.security.cert.X509Certificate; (java.base@17.0.15)
2764:             2             64  [Ljava.util.stream.Collector$Characteristics; (java.base@17.0.15)
2765:             2             64  [Lnet.minecraft.client.CameraType; (minecraft@1.20.1)
2766:             2             64  [Lnet.minecraft.client.CloudStatus; (minecraft@1.20.1)
2767:             2             64  [Lnet.minecraft.client.telemetry.TelemetryProperty$ServerType; (minecraft@1.20.1)
2768:             2             64  [Lnet.minecraft.network.chat.ChatTypeDecoration$Parameter; (minecraft@1.20.1)
2769:             1             64  [Lnet.minecraft.util.datafix.DataFixTypes; (minecraft@1.20.1)
2770:             2             64  [Lnet.minecraft.world.entity.ai.attributes.AttributeModifier$Operation; (minecraft@1.20.1)
2771:             2             64  [Lnet.minecraft.world.item.ArmorItem$Type; (minecraft@1.20.1)
2772:             2             64  [Lnet.minecraft.world.level.block.state.properties.AttachFace; (minecraft@1.20.1)
2773:             2             64  [Lnet.minecraft.world.level.block.state.properties.BambooLeaves; (minecraft@1.20.1)
2774:             2             64  [Lnet.minecraft.world.level.block.state.properties.BellAttachType; (minecraft@1.20.1)
2775:             2             64  [Lnet.minecraft.world.level.block.state.properties.ChestType; (minecraft@1.20.1)
2776:             2             64  [Lnet.minecraft.world.level.block.state.properties.RedstoneSide; (minecraft@1.20.1)
2777:             2             64  [Lnet.minecraft.world.level.block.state.properties.SculkSensorPhase; (minecraft@1.20.1)
2778:             2             64  [Lnet.minecraft.world.level.block.state.properties.SlabType; (minecraft@1.20.1)
2779:             2             64  [Lnet.minecraft.world.level.block.state.properties.StructureMode; (minecraft@1.20.1)
2780:             2             64  [Lnet.minecraft.world.level.block.state.properties.Tilt; (minecraft@1.20.1)
2781:             2             64  [Lnet.minecraft.world.level.block.state.properties.WallSide; (minecraft@1.20.1)
2782:             2             64  [Lnet.minecraft.world.level.levelgen.structure.TerrainAdjustment; (minecraft@1.20.1)
2783:             2             64  [Lnet.minecraft.world.level.levelgen.structure.placement.StructurePlacement$FrequencyReductionMethod; (minecraft@1.20.1)
2784:             2             64  [Lnet.minecraftforge.fml.config.ModConfig$Type; (fmlcore@1.20.1-47.4.13)
2785:             2             64  [Lnet.minecraftforge.fml.loading.progress.Message$MessageType; (fmlloader@1.20.1-47.4.13)
2786:             2             64  [Lnet.minecraftforge.forgespi.language.IModInfo$DependencySide; (net.minecraftforge.forgespi@7.0.1)
2787:             2             64  [Lnet.minecraftforge.forgespi.language.IModInfo$Ordering; (net.minecraftforge.forgespi@7.0.1)
2788:             2             64  [Lnet.minecraftforge.forgespi.locating.IModFile$Type; (net.minecraftforge.forgespi@7.0.1)
2789:             2             64  [Lorg.apache.commons.lang3.text.translate.NumericEntityUnescaper$OPTION; (org.apache.commons.lang3@3.12.0)
2790:             2             64  [Lorg.apache.logging.log4j.core.Filter$Result; (org.apache.logging.log4j.core@2.19.0)
2791:             3             64  [Lorg.apache.logging.log4j.core.pattern.NameAbbreviator$PatternAbbreviatorFragment; (org.apache.logging.log4j.core@2.19.0)
2792:             2             64  [Lsun.security.ssl.SSLTrafficKeyDerivation$KeySchedule; (java.base@17.0.15)
2793:             2             64  [Lsun.security.validator.CADistrustPolicy; (java.base@17.0.15)
2794:             1             64  com.google.common.cache.CacheStats (com.google.common@31.1-jre)
2795:             4             64  com.google.common.cache.LocalCache$LocalLoadingCache (com.google.common@31.1-jre)
2796:             2             64  com.google.common.collect.ImmutableEnumMap (com.google.common@31.1-jre)
2797:             4             64  com.google.gson.internal.ConstructorConstructor$18
2798:             1             64  com.ibm.icu.impl.Trie2_16 (com.ibm.icu@71.1)
2799:             1             64  com.llamalad7.mixinextras.service.MixinExtrasServiceImpl (MixinExtras@0.5.3)
2800:             2             64  com.llamalad7.mixinextras.utils.InternalMethod$$Lambda$989/0x0000000800536af8 (MixinExtras@0.5.3)
2801:             2             64  com.mojang.authlib.Environment$1 (authlib@4.0.43)
2802:             4             64  com.mojang.authlib.yggdrasil.YggdrasilServicesKeyInfo (authlib@4.0.43)
2803:             2             64  com.mojang.blaze3d.vertex.VertexFormat$IndexType (minecraft@1.20.1)
2804:             4             64  com.mojang.serialization.codecs.RecordCodecBuilder$$Lambda$3971/0x0000000800b40be0 (datafixerupper@6.0.8)
2805:             4             64  com.mojang.serialization.codecs.RecordCodecBuilder$$Lambda$3972/0x0000000800b40e28 (datafixerupper@6.0.8)
2806:             2             64  com.sun.crypto.provider.AESCrypt (java.base@17.0.15)
2807:             2             64  com.sun.org.apache.xerces.internal.utils.XMLSecurityPropertyManager$Property (java.xml@17.0.15)
2808:             2             64  io.github.zekerzhayard.forgewrapper.installer.util.ModuleUtil$TypeToAdd
2809:             1             64  it.unimi.dsi.fastutil.ints.Int2ObjectAVLTreeMap (it.unimi.dsi.fastutil@8.5.9)
2810:             1             64  it.unimi.dsi.fastutil.objects.Object2FloatOpenHashMap (it.unimi.dsi.fastutil@8.5.9)
2811:             1             64  it.unimi.dsi.fastutil.objects.Reference2ObjectOpenHashMap (it.unimi.dsi.fastutil@8.5.9)
2812:             2             64  java.io.FileOutputStream (java.base@17.0.15)
2813:             2             64  java.lang.ref.ReferenceQueue$Null (java.base@17.0.15)
2814:             2             64  java.net.Inet6Address$Inet6AddressHolder (java.base@17.0.15)
2815:             1             64  java.net.SocksSocketImpl (java.base@17.0.15)
2816:             4             64  java.security.spec.NamedParameterSpec (java.base@17.0.15)
2817:             1             64  java.text.DateFormatSymbols (java.base@17.0.15)
2818:             2             64  java.time.format.DateTimeFormatterBuilder$TextPrinterParser (java.base@17.0.15)
2819:             2             64  java.time.temporal.IsoFields$Unit (java.base@17.0.15)
2820:             4             64  java.util.Comparator$$Lambda$173/0x0000000800183480 (java.base@17.0.15)
2821:             4             64  java.util.concurrent.Executors$FinalizableDelegatedExecutorService (java.base@17.0.15)
2822:             2             64  java.util.concurrent.ScheduledThreadPoolExecutor$DelayedWorkQueue (java.base@17.0.15)
2823:             2             64  java.util.concurrent.SynchronousQueue (java.base@17.0.15)
2824:             2             64  java.util.concurrent.SynchronousQueue$TransferStack$SNode (java.base@17.0.15)
2825:             1             64  java.util.logging.LogManager$RootLogger (java.logging@17.0.15)
2826:             2             64  javax.crypto.JceSecurity$WeakIdentityWrapper (java.base@17.0.15)
2827:             4             64  jdk.dynalink.TypeConverterFactory$$Lambda$835/0x0000000800405ce0 (jdk.dynalink@17.0.15)
2828:             4             64  jdk.dynalink.TypeConverterFactory$$Lambda$836/0x0000000800408250 (jdk.dynalink@17.0.15)
2829:             4             64  jdk.dynalink.TypeConverterFactory$$Lambda$837/0x0000000800408488 (jdk.dynalink@17.0.15)
2830:             4             64  jdk.dynalink.linker.support.CompositeGuardingDynamicLinker (jdk.dynalink@17.0.15)
2831:             4             64  jdk.dynalink.linker.support.CompositeTypeBasedGuardingDynamicLinker (jdk.dynalink@17.0.15)
2832:             2             64  jdk.internal.reflect.UnsafeShortFieldAccessorImpl (java.base@17.0.15)
2833:             4             64  jdk.internal.util.Preconditions$1 (java.base@17.0.15)
2834:             4             64  jdk.proxy2.$Proxy10 (jdk.proxy2)
2835:             4             64  jdk.proxy2.$Proxy4 (jdk.proxy2)
2836:             2             64  joptsimple.OptionSet (jopt.simple@5.0.4)
2837:             2             64  joptsimple.internal.Rows (jopt.simple@5.0.4)
2838:             2             64  net.fabricmc.loader.impl.ModContainerImpl (net.fabricmc.loader@2.6.0+0.15.0+1.20.1-full)
2839:             2             64  net.fabricmc.loader.impl.metadata.ModOriginImpl (net.fabricmc.loader@2.6.0+0.15.0+1.20.1-full)
2840:             2             64  net.fabricmc.loader.impl.util.version.SemanticVersionImpl (net.fabricmc.loader@2.6.0+0.15.0+1.20.1-full)
2841:             1             64  net.minecraft.client.Camera (minecraft@1.20.1)
2842:             2             64  net.minecraft.client.gui.Font (minecraft@1.20.1)
2843:             1             64  net.minecraft.client.model.FrogModel (minecraft@1.20.1)
2844:             2             64  net.minecraft.client.model.SlimeModel (minecraft@1.20.1)
2845:             2             64  net.minecraft.client.model.SquidModel (minecraft@1.20.1)
2846:             1             64  net.minecraft.client.renderer.BlockEntityWithoutLevelRenderer (minecraft@1.20.1)
2847:             2             64  net.minecraft.client.renderer.DimensionSpecialEffects$EndEffects (minecraft@1.20.1)
2848:             2             64  net.minecraft.client.renderer.DimensionSpecialEffects$NetherEffects (minecraft@1.20.1)
2849:             2             64  net.minecraft.client.renderer.DimensionSpecialEffects$OverworldEffects (minecraft@1.20.1)
2850:             2             64  net.minecraft.client.renderer.RenderStateShard$CullStateShard (minecraft@1.20.1)
2851:             4             64  net.minecraft.client.renderer.RenderStateShard$DepthTestStateShard$$Lambda$4809/0x0000000800cbdf30 (minecraft@1.20.1)
2852:             4             64  net.minecraft.client.renderer.RenderStateShard$DepthTestStateShard$$Lambda$4810/0x0000000800cbe150 (minecraft@1.20.1)
2853:             2             64  net.minecraft.client.renderer.RenderStateShard$LightmapStateShard (minecraft@1.20.1)
2854:             2             64  net.minecraft.client.renderer.RenderStateShard$MultiTextureStateShard (minecraft@1.20.1)
2855:             2             64  net.minecraft.client.renderer.RenderStateShard$OverlayStateShard (minecraft@1.20.1)
2856:             2             64  net.minecraft.client.renderer.entity.BoatRenderer (minecraft@1.20.1)
2857:             2             64  net.minecraft.client.renderer.entity.layers.VillagerProfessionLayer (minecraft@1.20.1)
2858:             2             64  net.minecraft.core.Direction$AxisDirection (minecraft@1.20.1)
2859:             2             64  net.minecraft.core.Direction$Plane (minecraft@1.20.1)
2860:             4             64  net.minecraft.network.FriendlyByteBuf$Reader$$Lambda$2467/0x000000080099f648 (minecraft@1.20.1)
2861:             4             64  net.minecraft.network.FriendlyByteBuf$Writer$$Lambda$2466/0x000000080099f3e8 (minecraft@1.20.1)
2862:             4             64  net.minecraft.network.syncher.EntityDataSerializer$$Lambda$2468/0x000000080099fb28 (minecraft@1.20.1)
2863:             4             64  net.minecraft.network.syncher.EntityDataSerializer$$Lambda$2469/0x000000080099fd88 (minecraft@1.20.1)
2864:             4             64  net.minecraft.server.packs.repository.PackSource$$Lambda$4359/0x0000000800be36d8 (minecraft@1.20.1)
2865:             4             64  net.minecraft.util.datafix.fixes.AdvancementsRenameFix$$Lambda$2278/0x00000008008ab508 (minecraft@1.20.1)
2866:             2             64  net.minecraft.util.datafix.fixes.ItemStackSpawnEggFix (minecraft@1.20.1)
2867:             2             64  net.minecraft.util.datafix.fixes.ItemStackSpawnEggFix$$Lambda$2263/0x00000008008a0248 (minecraft@1.20.1)
2868:             2             64  net.minecraft.util.datafix.fixes.StatsRenameFix (minecraft@1.20.1)
2869:             2             64  net.minecraft.util.datafix.fixes.StatsRenameFix$$Lambda$2282/0x00000008008b0220 (minecraft@1.20.1)
2870:             2             64  net.minecraft.util.datafix.fixes.StatsRenameFix$$Lambda$2284/0x00000008008b0688 (minecraft@1.20.1)
2871:             4             64  net.minecraft.util.datafix.schemas.V1451_6$$Lambda$1990/0x0000000800853020 (minecraft@1.20.1)
2872:             4             64  net.minecraft.util.datafix.schemas.V1451_6$$Lambda$1997/0x000000080085c000 (minecraft@1.20.1)
2873:             4             64  net.minecraft.util.datafix.schemas.V2832$$Lambda$2144/0x000000080087ee40 (minecraft@1.20.1)
2874:             4             64  net.minecraft.util.datafix.schemas.V3448$$Lambda$2194/0x0000000800884f88 (minecraft@1.20.1)
2875:             4             64  net.minecraft.util.valueproviders.FloatProviderType$$Lambda$2897/0x0000000800a568c8 (minecraft@1.20.1)
2876:             2             64  net.minecraft.world.entity.HumanoidArm (minecraft@1.20.1)
2877:             2             64  net.minecraft.world.entity.animal.MushroomCow$MushroomType (minecraft@1.20.1)
2878:             4             64  net.minecraft.world.entity.schedule.Schedule (minecraft@1.20.1)
2879:             1             64  net.minecraft.world.item.DyeableHorseArmorItem (minecraft@1.20.1)
2880:             4             64  net.minecraft.world.item.HoeItem$$Lambda$2586/0x00000008009daca0 (minecraft@1.20.1)
2881:             1             64  net.minecraft.world.item.PlayerHeadItem (minecraft@1.20.1)
2882:             4             64  net.minecraft.world.item.Rarity$$Lambda$1789/0x00000008007efb80 (minecraft@1.20.1)
2883:             1             64  net.minecraft.world.item.SolidBucketItem (minecraft@1.20.1)
2884:             4             64  net.minecraft.world.level.block.Blocks$$Lambda$1747/0x00000008007ad2f8 (minecraft@1.20.1)
2885:             1             64  net.minecraft.world.level.block.entity.EnderChestBlockEntity (minecraft@1.20.1)
2886:             4             64  net.minecraft.world.level.levelgen.DensityFunctions$TwoArgumentSimpleFunction$Type$$Lambda$4135/0x0000000800b714e8 (minecraft@1.20.1)
2887:             4             64  net.minecraft.world.level.levelgen.VerticalAnchor$AboveBottom (minecraft@1.20.1)
2888:             4             64  net.minecraft.world.level.levelgen.VerticalAnchor$BelowTop (minecraft@1.20.1)
2889:             2             64  net.minecraft.world.level.levelgen.placement.CaveSurface (minecraft@1.20.1)
2890:             4             64  net.minecraft.world.level.levelgen.placement.HeightmapPlacement (minecraft@1.20.1)
2891:             2             64  net.minecraft.world.level.levelgen.structure.pools.StructureTemplatePool$Projection (minecraft@1.20.1)
2892:             4             64  net.minecraft.world.level.levelgen.structure.templatesystem.rule.blockentity.RuleBlockEntityModifierType$$Lambda$2755/0x0000000800a12c20 (minecraft@1.20.1)
2893:             4             64  net.minecraft.world.level.storage.loot.providers.number.LootNumberProviderType (minecraft@1.20.1)
2894:             2             64  net.minecraftforge.common.ForgeConfigSpec$BuilderContext (forge@47.4.13)
2895:             2             64  net.minecraftforge.common.ForgeConfigSpec$DoubleValue (forge@47.4.13)
2896:             4             64  net.minecraftforge.common.util.NonNullLazy$$Lambda$4884/0x0000000800d0e878 (forge@47.4.13)
2897:             4             64  net.minecraftforge.fml.ModLoadingState$$Lambda$4632/0x0000000800c860f0 (fmlcore@1.20.1-47.4.13)
2898:             2             64  net.minecraftforge.fml.earlydisplay.ColourScheme (fmlearlydisplay@1.20.1-47.4.13)
2899:             2             64  net.minecraftforge.forgespi.language.ModFileScanData (net.minecraftforge.forgespi@7.0.1)
2900:             2             64  net.minecraftforge.network.simple.SimpleChannel (forge@47.4.13)
2901:             2             64  net.minecraftforge.registries.GameData$BlockCallbacks$1 (forge@47.4.13)
2902:             2             64  org.apache.logging.log4j.core.config.ConfigurationScheduler (org.apache.logging.log4j.core@2.19.0)
2903:             4             64  org.apache.logging.log4j.core.lookup.StrMatcher$StringMatcher (org.apache.logging.log4j.core@2.19.0)
2904:             2             64  org.apache.logging.log4j.util.PropertiesUtil$Environment (org.apache.logging.log4j@2.19.0)
2905:             2             64  org.apache.logging.log4j.util.SortedArrayStringMap (org.apache.logging.log4j@2.19.0)
2906:             2             64  org.joml.Vector4f (org.joml@1.10.5)
2907:             4             64  org.openjdk.nashorn.api.scripting.NashornScriptEngineFactory (org.openjdk.nashorn)
2908:             2             64  org.spongepowered.asm.mixin.transformer.PluginHandle (org.spongepowered.mixin)
2909:             1             64  org.spongepowered.asm.service.modlauncher.MixinServiceModLauncher (org.spongepowered.mixin)
2910:             2             64  org.spongepowered.asm.util.perf.Profiler (org.spongepowered.mixin)
2911:             2             64  org.spongepowered.asm.util.perf.Profiler$DisabledSection (org.spongepowered.mixin)
2912:             1             64  sun.net.www.http.KeepAliveStream (java.base@17.0.15)
2913:             2             64  sun.security.provider.FileInputStreamPool$StreamRef (java.base@17.0.15)
2914:             2             64  sun.security.provider.certpath.ResponderId$Type (java.base@17.0.15)
2915:             1             64  sun.security.provider.certpath.ldap.JdkLDAP$ProviderService (java.naming@17.0.15)
2916:             2             64  sun.security.rsa.RSAUtil$KeyType (java.base@17.0.15)
2917:             1             64  sun.security.smartcardio.SunPCSC$ProviderService (java.smartcardio@17.0.15)
2918:             2             64  sun.security.ssl.CertStatusExtension$CertStatusRequestType (java.base@17.0.15)
2919:             2             64  sun.security.ssl.CertStatusExtension$OCSPStatusRequest (java.base@17.0.15)
2920:             2             64  sun.security.ssl.EphemeralKeyManager$EphemeralKeyPair (java.base@17.0.15)
2921:             2             64  sun.security.ssl.PskKeyExchangeModesExtension$PskKeyExchangeMode (java.base@17.0.15)
2922:             4             64  sun.security.ssl.SSLCipher$T11BlockReadCipherGenerator (java.base@17.0.15)
2923:             4             64  sun.security.ssl.SSLCipher$T11BlockWriteCipherGenerator (java.base@17.0.15)
2924:             1             64  sun.security.ssl.SSLSocketInputRecord (java.base@17.0.15)
2925:             1             64  sun.security.ssl.SSLSocketOutputRecord (java.base@17.0.15)
2926:             4             64  sun.security.util.DisabledAlgorithmConstraints$Constraints (java.base@17.0.15)
2927:             4             64  sun.security.x509.RFC822Name (java.base@17.0.15)
2928:             2             64  sun.util.locale.UnicodeLocaleExtension (java.base@17.0.15)
2929:             1             56  [Lcom.google.gson.stream.JsonToken;
2930:             1             56  [Lcom.google.gson.stream.JsonToken; (com.google.gson@2.10)
2931:             1             56  [Lcom.sun.org.apache.xerces.internal.impl.XMLScanner$NameType; (java.xml@17.0.15)
2932:             1             56  [Lcom.sun.org.apache.xerces.internal.utils.XMLSecurityManager$Limit; (java.xml@17.0.15)
2933:             1             56  [Ljava.lang.Runnable; (java.base@17.0.15)
2934:             1             56  [Ljava.util.Map; (java.base@17.0.15)
2935:             1             56  [Ljdk.dynalink.Operation; (jdk.dynalink@17.0.15)
2936:             1             56  [Lnet.minecraft.client.model.HumanoidModel$ArmPose; (minecraft@1.20.1)
2937:             1             56  [Lnet.minecraft.client.player.inventory.Hotbar; (minecraft@1.20.1)
2938:             1             56  [Lnet.minecraft.world.item.ItemDisplayContext; (minecraft@1.20.1)
2939:             1             56  [Lnet.minecraftforge.fml.ModLoadingStage; (fmlcore@1.20.1-47.4.13)
2940:             2             56  [Lorg.apache.logging.log4j.Level; (org.apache.logging.log4j@2.19.0)
2941:             1             56  [Lorg.openjdk.nashorn.internal.parser.TokenKind; (org.openjdk.nashorn)
2942:             1             56  com.mojang.blaze3d.pipeline.MainTarget (minecraft@1.20.1)
2943:             1             56  cpw.mods.modlauncher.Launcher (cpw.mods.modlauncher@10.0.9)
2944:             1             56  java.lang.invoke.BoundMethodHandle$Specializer (java.base@17.0.15)
2945:             1             56  java.net.SocketPermission (java.base@17.0.15)
2946:             1             56  java.security.cert.PKIXBuilderParameters (java.base@17.0.15)
2947:             1             56  java.util.logging.LogManager (java.logging@17.0.15)
2948:             1             56  jdk.internal.org.objectweb.asm.Label (java.base@17.0.15)
2949:             1             56  net.minecraft.client.model.AllayModel (minecraft@1.20.1)
2950:             1             56  net.minecraft.client.model.BatModel (minecraft@1.20.1)
2951:             1             56  net.minecraft.client.model.PhantomModel (minecraft@1.20.1)
2952:             1             56  net.minecraft.client.model.RavagerModel (minecraft@1.20.1)
2953:             1             56  net.minecraft.client.model.TadpoleModel (minecraft@1.20.1)
2954:             1             56  net.minecraft.client.model.VexModel (minecraft@1.20.1)
2955:             1             56  net.minecraft.client.model.WitchModel (minecraft@1.20.1)
2956:             1             56  net.minecraft.client.particle.ParticleEngine (minecraft@1.20.1)
2957:             1             56  net.minecraft.client.renderer.PostChain (minecraft@1.20.1)
2958:             1             56  net.minecraft.client.renderer.entity.PufferfishRenderer (minecraft@1.20.1)
2959:             1             56  net.minecraft.client.resources.model.ModelBakery (minecraft@1.20.1)
2960:             1             56  net.minecraft.world.item.AirItem (minecraft@1.20.1)
2961:             1             56  net.minecraft.world.item.ArmorStandItem (minecraft@1.20.1)
2962:             1             56  net.minecraft.world.item.ArrowItem (minecraft@1.20.1)
2963:             1             56  net.minecraft.world.item.BoneMealItem (minecraft@1.20.1)
2964:             1             56  net.minecraft.world.item.BookItem (minecraft@1.20.1)
2965:             1             56  net.minecraft.world.item.BottleItem (minecraft@1.20.1)
2966:             1             56  net.minecraft.world.item.BowItem (minecraft@1.20.1)
2967:             1             56  net.minecraft.world.item.BrushItem (minecraft@1.20.1)
2968:             1             56  net.minecraft.world.item.BundleItem (minecraft@1.20.1)
2969:             1             56  net.minecraft.world.item.ChorusFruitItem (minecraft@1.20.1)
2970:             1             56  net.minecraft.world.item.CompassItem (minecraft@1.20.1)
2971:             1             56  net.minecraft.world.item.CrossbowItem (minecraft@1.20.1)
2972:             1             56  net.minecraft.world.item.DebugStickItem (minecraft@1.20.1)
2973:             1             56  net.minecraft.world.item.DiscFragmentItem (minecraft@1.20.1)
2974:             1             56  net.minecraft.world.item.EggItem (minecraft@1.20.1)
2975:             1             56  net.minecraft.world.item.ElytraItem (minecraft@1.20.1)
2976:             1             56  net.minecraft.world.item.EmptyMapItem (minecraft@1.20.1)
2977:             1             56  net.minecraft.world.item.EnchantedBookItem (minecraft@1.20.1)
2978:             1             56  net.minecraft.world.item.EnchantedGoldenAppleItem (minecraft@1.20.1)
2979:             1             56  net.minecraft.world.item.EndCrystalItem (minecraft@1.20.1)
2980:             1             56  net.minecraft.world.item.EnderEyeItem (minecraft@1.20.1)
2981:             1             56  net.minecraft.world.item.EnderpearlItem (minecraft@1.20.1)
2982:             1             56  net.minecraft.world.item.ExperienceBottleItem (minecraft@1.20.1)
2983:             1             56  net.minecraft.world.item.FireChargeItem (minecraft@1.20.1)
2984:             1             56  net.minecraft.world.item.FireworkRocketItem (minecraft@1.20.1)
2985:             1             56  net.minecraft.world.item.FireworkStarItem (minecraft@1.20.1)
2986:             1             56  net.minecraft.world.item.FishingRodItem (minecraft@1.20.1)
2987:             1             56  net.minecraft.world.item.FlintAndSteelItem (minecraft@1.20.1)
2988:             1             56  net.minecraft.world.item.GlowInkSacItem (minecraft@1.20.1)
2989:             1             56  net.minecraft.world.item.HangingEntityItem (minecraft@1.20.1)
2990:             1             56  net.minecraft.world.item.HoneyBottleItem (minecraft@1.20.1)
2991:             1             56  net.minecraft.world.item.HoneycombItem (minecraft@1.20.1)
2992:             1             56  net.minecraft.world.item.InkSacItem (minecraft@1.20.1)
2993:             1             56  net.minecraft.world.item.InstrumentItem (minecraft@1.20.1)
2994:             1             56  net.minecraft.world.item.KnowledgeBookItem (minecraft@1.20.1)
2995:             1             56  net.minecraft.world.item.LeadItem (minecraft@1.20.1)
2996:             1             56  net.minecraft.world.item.LingeringPotionItem (minecraft@1.20.1)
2997:             1             56  net.minecraft.world.item.MapItem (minecraft@1.20.1)
2998:             1             56  net.minecraft.world.item.MilkBucketItem (minecraft@1.20.1)
2999:             1             56  net.minecraft.world.item.NameTagItem (minecraft@1.20.1)
3000:             1             56  net.minecraft.world.item.PotionItem (minecraft@1.20.1)
3001:             1             56  net.minecraft.world.item.SaddleItem (minecraft@1.20.1)
3002:             1             56  net.minecraft.world.item.ScaffoldingBlockItem (minecraft@1.20.1)
3003:             1             56  net.minecraft.world.item.ShearsItem (minecraft@1.20.1)
3004:             1             56  net.minecraft.world.item.ShieldItem (minecraft@1.20.1)
3005:             1             56  net.minecraft.world.item.SimpleFoiledItem (minecraft@1.20.1)
3006:             1             56  net.minecraft.world.item.SnowballItem (minecraft@1.20.1)
3007:             1             56  net.minecraft.world.item.SpectralArrowItem (minecraft@1.20.1)
3008:             1             56  net.minecraft.world.item.SplashPotionItem (minecraft@1.20.1)
3009:             1             56  net.minecraft.world.item.SpyglassItem (minecraft@1.20.1)
3010:             1             56  net.minecraft.world.item.SuspiciousStewItem (minecraft@1.20.1)
3011:             1             56  net.minecraft.world.item.TippedArrowItem (minecraft@1.20.1)
3012:             1             56  net.minecraft.world.item.TridentItem (minecraft@1.20.1)
3013:             1             56  net.minecraft.world.item.WritableBookItem (minecraft@1.20.1)
3014:             1             56  net.minecraft.world.item.WrittenBookItem (minecraft@1.20.1)
3015:             1             56  net.minecraft.world.level.block.entity.BedBlockEntity (minecraft@1.20.1)
3016:             1             56  net.minecraft.world.level.block.entity.DecoratedPotBlockEntity (minecraft@1.20.1)
3017:             1             56  org.apache.logging.log4j.core.LoggerContext (org.apache.logging.log4j.core@2.19.0)
3018:             1             56  org.apache.logging.log4j.status.StatusLogger (org.apache.logging.log4j@2.19.0)
3019:             1             56  org.openjdk.nashorn.internal.ir.LiteralNode$ArrayLiteralNode (org.openjdk.nashorn)
3020:             1             56  org.openjdk.nashorn.internal.scripts.JO2P0 (org.openjdk.nashorn.structures)
3021:             1             56  sun.net.www.http.KeepAliveCache (java.base@17.0.15)
3022:             1             56  sun.security.provider.MD5 (java.base@17.0.15)
3023:             1             56  sun.security.provider.SHA (java.base@17.0.15)
3024:             1             56  sun.security.ssl.SSLCipher$T13GcmReadCipherGenerator$GcmReadCipher (java.base@17.0.15)
3025:             1             56  sun.security.ssl.SSLCipher$T13GcmWriteCipherGenerator$GcmWriteCipher (java.base@17.0.15)
3026:             1             56  sun.security.ssl.SSLContextImpl$DefaultSSLContext (java.base@17.0.15)
3027:             1             56  sun.security.validator.PKIXValidator (java.base@17.0.15)
3028:             1             48  [Lcom.google.gson.FieldNamingPolicy; (com.google.gson@2.10)
3029:             1             48  [Lcom.google.gson.FieldNamingPolicy;
3030:             1             48  [Lcom.llamalad7.mixinextras.lib.semver.VersionParser$CharType; (MixinExtras@0.5.3)
3031:             1             48  [Lcom.mojang.blaze3d.vertex.VertexFormat$Mode; (minecraft@1.20.1)
3032:             1             48  [Lcom.mojang.blaze3d.vertex.VertexFormatElement$Type; (minecraft@1.20.1)
3033:             2             48  [Lcpw.mods.modlauncher.serviceapi.ILaunchPluginService$Phase; (cpw.mods.modlauncher@10.0.9)
3034:             3             48  [Ljava.lang.annotation.Annotation; (java.base@17.0.15)
3035:             1             48  [Ljava.lang.management.MemoryPoolMXBean; (java.management@17.0.15)
3036:             1             48  [Ljava.math.RoundingMode; (java.base@17.0.15)
3037:             2             48  [Ljava.net.InetAddress; (java.base@17.0.15)
3038:             1             48  [Ljava.util.concurrent.TimeUnit; (java.base@17.0.15)
3039:             1             48  [Ljdk.xml.internal.JdkProperty$State; (java.xml@17.0.15)
3040:             2             48  [Lnet.minecraft.client.renderer.texture.TextureAtlasSprite; (minecraft@1.20.1)
3041:             2             48  [Lnet.minecraft.server.packs.PackType; (minecraft@1.20.1)
3042:             2             48  [Lnet.minecraft.world.entity.HumanoidArm; (minecraft@1.20.1)
3043:             2             48  [Lnet.minecraft.world.entity.animal.MushroomCow$MushroomType; (minecraft@1.20.1)
3044:             1             48  [Lnet.minecraft.world.entity.vehicle.AbstractMinecart$Type; (minecraft@1.20.1)
3045:             2             48  [Lnet.minecraft.world.level.biome.Biome$TemperatureModifier; (minecraft@1.20.1)
3046:             1             48  [Lnet.minecraft.world.level.block.SkullBlock$Types; (minecraft@1.20.1)
3047:             2             48  [Lnet.minecraft.world.level.block.state.properties.BedPart; (minecraft@1.20.1)
3048:             2             48  [Lnet.minecraft.world.level.block.state.properties.ComparatorMode; (minecraft@1.20.1)
3049:             2             48  [Lnet.minecraft.world.level.block.state.properties.DoorHingeSide; (minecraft@1.20.1)
3050:             2             48  [Lnet.minecraft.world.level.block.state.properties.DoubleBlockHalf; (minecraft@1.20.1)
3051:             2             48  [Lnet.minecraft.world.level.block.state.properties.Half; (minecraft@1.20.1)
3052:             2             48  [Lnet.minecraft.world.level.block.state.properties.PistonType; (minecraft@1.20.1)
3053:             2             48  [Lnet.minecraft.world.level.levelgen.DensityFunctions$WeirdScaledSampler$RarityValueMapper; (minecraft@1.20.1)
3054:             2             48  [Lnet.minecraft.world.level.levelgen.placement.CaveSurface; (minecraft@1.20.1)
3055:             2             48  [Lnet.minecraft.world.level.levelgen.structure.StructureSpawnOverride$BoundingBoxType; (minecraft@1.20.1)
3056:             2             48  [Lnet.minecraft.world.level.levelgen.structure.placement.RandomSpreadType; (minecraft@1.20.1)
3057:             2             48  [Lnet.minecraft.world.level.levelgen.structure.pools.StructureTemplatePool$Projection; (minecraft@1.20.1)
3058:             2             48  [Lnet.minecraft.world.level.levelgen.structure.structures.OceanRuinStructure$Type; (minecraft@1.20.1)
3059:             2             48  [Lnet.minecraft.world.scores.criteria.ObjectiveCriteria$RenderType; (minecraft@1.20.1)
3060:             1             48  [Lnet.minecraftforge.client.ForgeRenderTypes; (forge@47.4.13)
3061:             1             48  [Lorg.antlr.v4.runtime.atn.LexerActionType; (org.antlr.antlr4.runtime@4.9.1)
3062:             1             48  [Lorg.apache.logging.log4j.core.appender.rolling.RolloverFrequency; (org.apache.logging.log4j.core@2.19.0)
3063:             2             48  [Lorg.apache.logging.log4j.core.appender.rolling.TriggeringPolicy; (org.apache.logging.log4j.core@2.19.0)
3064:             2             48  [Lorg.apache.logging.log4j.core.config.AppenderControl; (org.apache.logging.log4j.core@2.19.0)
3065:             3             48  [Lorg.apache.logging.log4j.core.config.Property; (org.apache.logging.log4j.core@2.19.0)
3066:             1             48  [Lorg.joml.Vector4f; (org.joml@1.10.5)
3067:             1             48  [Lorg.openjdk.nashorn.internal.ir.FunctionNode$Kind; (org.openjdk.nashorn)
3068:             1             48  [Lorg.openjdk.nashorn.internal.runtime.JSType; (org.openjdk.nashorn)
3069:             1             48  [Lsun.security.x509.NetscapeCertTypeExtension$MapEntry; (java.base@17.0.15)
3070:             1             48  com.electronwill.nightconfig.core.file.WriteSyncFileConfig (com.electronwill.nightconfig.core@3.6.4)
3071:             2             48  com.electronwill.nightconfig.core.io.NewlineStyle (com.electronwill.nightconfig.core@3.6.4)
3072:             2             48  com.electronwill.nightconfig.core.io.WritingMode (com.electronwill.nightconfig.core@3.6.4)
3073:             3             48  com.google.common.base.Joiner (com.google.common@31.1-jre)
3074:             3             48  com.google.gson.internal.ConstructorConstructor$13 (com.google.gson@2.10)
3075:             2             48  com.google.gson.internal.bind.CollectionTypeAdapterFactory$Adapter
3076:             1             48  com.google.gson.internal.bind.TreeTypeAdapter
3077:             2             48  com.google.gson.internal.bind.TypeAdapters$34
3078:             2             48  com.ibm.icu.impl.Trie2$ValueWidth (com.ibm.icu@71.1)
3079:             3             48  com.mojang.authlib.properties.PropertyMap (authlib@4.0.43)
3080:             2             48  com.mojang.authlib.yggdrasil.YggdrasilEnvironment (authlib@4.0.43)
3081:             1             48  com.mojang.blaze3d.audio.Library (minecraft@1.20.1)
3082:             2             48  com.mojang.blaze3d.audio.Library$CountingChannelPool (minecraft@1.20.1)
3083:             2             48  com.mojang.blaze3d.platform.IconSet (minecraft@1.20.1)
3084:             2             48  com.mojang.blaze3d.shaders.FogShape (minecraft@1.20.1)
3085:             2             48  com.mojang.blaze3d.vertex.VertexBuffer$Usage (minecraft@1.20.1)
3086:             1             48  com.mojang.logging.plugins.QueueLogAppender (logging@1.1.1)
3087:             1             48  com.mojang.realmsclient.gui.RealmsDataFetcher (minecraft@1.20.1)
3088:             2             48  com.mojang.realmsclient.gui.task.RepeatedDelayStrategy$2 (minecraft@1.20.1)
3089:             2             48  com.mojang.serialization.MapCodec$2 (datafixerupper@6.0.8)
3090:             3             48  com.mojang.util.UUIDTypeAdapter (authlib@4.0.43)
3091:             2             48  com.sun.jmx.mbeanserver.ClassLoaderRepositorySupport$LoaderEntry (java.management@17.0.15)
3092:             1             48  com.sun.jmx.mbeanserver.DefaultMXBeanMappingFactory$Mappings (java.management@17.0.15)
3093:             2             48  com.sun.jmx.mbeanserver.WeakIdentityHashMap (java.management@17.0.15)
3094:             3             48  com.sun.org.apache.xerces.internal.impl.dv.dtd.ListDatatypeValidator (java.xml@17.0.15)
3095:             1             48  cpw.mods.modlauncher.ArgumentHandler (cpw.mods.modlauncher@10.0.9)
3096:             2             48  cpw.mods.modlauncher.TransformationServiceDecorator (cpw.mods.modlauncher@10.0.9)
3097:             2             48  cpw.mods.modlauncher.api.ITransformationService$Resource (cpw.mods.modlauncher@10.0.9)
3098:             2             48  cpw.mods.modlauncher.api.TypesafeMap (cpw.mods.modlauncher@10.0.9)
3099:             2             48  cpw.mods.modlauncher.serviceapi.ILaunchPluginService$Phase (cpw.mods.modlauncher@10.0.9)
3100:             2             48  it.unimi.dsi.fastutil.objects.ObjectArraySet (it.unimi.dsi.fastutil@8.5.9)
3101:             2             48  java.io.File$PathStatus (java.base@17.0.15)
3102:             2             48  java.io.FilePermissionCollection (java.base@17.0.15)
3103:             1             48  java.lang.NullPointerException (java.base@17.0.15)
3104:             1             48  java.lang.ProcessHandleImpl (java.base@17.0.15)
3105:             1             48  java.lang.invoke.BoundMethodHandle$Specializer$Factory (java.base@17.0.15)
3106:             2             48  java.lang.invoke.MethodHandles$Lookup$ClassOption (java.base@17.0.15)
3107:             2             48  java.lang.invoke.VarHandle$TypesAndInvokers (java.base@17.0.15)
3108:             2             48  java.lang.invoke.VarHandleByteArrayAsInts$ArrayHandle (java.base@17.0.15)
3109:             2             48  java.lang.reflect.ReflectPermission (java.base@17.0.15)
3110:             2             48  java.net.Inet6Address (java.base@17.0.15)
3111:             3             48  java.nio.charset.CodingErrorAction (java.base@17.0.15)
3112:             3             48  java.text.AttributedCharacterIterator$Attribute (java.base@17.0.15)
3113:             2             48  java.time.format.DateTimeFormatterBuilder$1 (java.base@17.0.15)
3114:             2             48  java.time.format.DateTimeFormatterBuilder$ZoneIdPrinterParser (java.base@17.0.15)
3115:             2             48  java.time.format.DateTimeTextProvider$LocaleStore (java.base@17.0.15)
3116:             3             48  java.util.Base64$Decoder (java.base@17.0.15)
3117:             2             48  java.util.Comparator$$Lambda$4190/0x00000008005e6820 (java.base@17.0.15)
3118:             2             48  java.util.OptionalDouble (java.base@17.0.15)
3119:             2             48  java.util.OptionalLong (java.base@17.0.15)
3120:             3             48  java.util.ResourceBundle$NoFallbackControl (java.base@17.0.15)
3121:             3             48  java.util.TreeMap$EntrySet (java.base@17.0.15)
3122:             3             48  java.util.concurrent.ConcurrentSkipListMap$KeySet (java.base@17.0.15)
3123:             3             48  java.util.concurrent.ConcurrentSkipListSet (java.base@17.0.15)
3124:             2             48  java.util.concurrent.CopyOnWriteArrayList$COWIterator (java.base@17.0.15)
3125:             2             48  java.util.function.BiConsumer$$Lambda$4283/0x00000008005e9658 (java.base@17.0.15)
3126:             2             48  java.util.function.Predicate$$Lambda$2554/0x00000008005e5ab0 (java.base@17.0.15)
3127:             1             48  java.util.logging.ConsoleHandler (java.logging@17.0.15)
3128:             2             48  java.util.logging.LoggingPermission (java.logging@17.0.15)
3129:             2             48  java.util.regex.Pattern$BackRef (java.base@17.0.15)
3130:             2             48  javax.crypto.CryptoPermissions (java.base@17.0.15)
3131:             2             48  javax.management.NotificationBroadcasterSupport (java.management@17.0.15)
3132:             1             48  jdk.internal.icu.impl.UCharacterProperty (java.base@17.0.15)
3133:             1             48  jdk.internal.icu.util.CodePointTrie$Fast16 (java.base@17.0.15)
3134:             2             48  jdk.internal.icu.util.CodePointTrie$Type (java.base@17.0.15)
3135:             3             48  jdk.internal.icu.util.VersionInfo (java.base@17.0.15)
3136:             1             48  jdk.internal.jimage.ImageHeader (java.base@17.0.15)
3137:             2             48  jdk.internal.misc.Signal$NativeHandler (java.base@17.0.15)
3138:             2             48  jdk.internal.module.ModuleHashes (java.base@17.0.15)
3139:             2             48  jdk.internal.module.SystemModuleFinders$SystemModuleFinder (java.base@17.0.15)
3140:             1             48  jdk.management.jfr.FlightRecorderMXBeanImpl (jdk.management.jfr@17.0.15)
3141:             1             48  joptsimple.OptionParser (jopt.simple@5.0.4)
3142:             3             48  joptsimple.util.PathConverter (jopt.simple@5.0.4)
3143:             2             48  net.fabricmc.loader.impl.FMLModMetadata (net.fabricmc.loader@2.6.0+0.15.0+1.20.1-full)
3144:             1             48  net.fabricmc.loader.impl.FabricLoaderImpl (net.fabricmc.loader@2.6.0+0.15.0+1.20.1-full)
3145:             2             48  net.fabricmc.loader.impl.discovery.BuiltinMetadataWrapper (net.fabricmc.loader@2.6.0+0.15.0+1.20.1-full)
3146:             1             48  net.minecraft.client.KeyboardHandler (minecraft@1.20.1)
3147:             2             48  net.minecraft.client.OptionInstance$UnitDouble$1 (minecraft@1.20.1)
3148:             1             48  net.minecraft.client.gui.components.DebugScreenOverlay (minecraft@1.20.1)
3149:             1             48  net.minecraft.client.gui.font.glyphs.EmptyGlyph (minecraft@1.20.1)
3150:             2             48  net.minecraft.client.gui.font.glyphs.SpecialGlyphs (minecraft@1.20.1)
3151:             2             48  net.minecraft.client.gui.narration.ScreenNarrationCollector$EntryKey (minecraft@1.20.1)
3152:             2             48  net.minecraft.client.gui.narration.ScreenNarrationCollector$NarrationEntry (minecraft@1.20.1)
3153:             1             48  net.minecraft.client.model.IronGolemModel (minecraft@1.20.1)
3154:             1             48  net.minecraft.client.model.SnowGolemModel (minecraft@1.20.1)
3155:             2             48  net.minecraft.client.model.TridentModel (minecraft@1.20.1)
3156:             1             48  net.minecraft.client.renderer.ItemInHandRenderer (minecraft@1.20.1)
3157:             2             48  net.minecraft.client.renderer.RenderStateShard$ColorLogicStateShard (minecraft@1.20.1)
3158:             3             48  net.minecraft.client.renderer.RenderStateShard$LineStateShard$$Lambda$4833/0x0000000800d05ba0 (minecraft@1.20.1)
3159:             3             48  net.minecraft.client.renderer.RenderStateShard$LineStateShard$$Lambda$4834/0x0000000800d05dc8 (minecraft@1.20.1)
3160:             3             48  net.minecraft.client.renderer.RenderStateShard$WriteMaskStateShard$$Lambda$4811/0x0000000800cbe590 (minecraft@1.20.1)
3161:             3             48  net.minecraft.client.renderer.RenderStateShard$WriteMaskStateShard$$Lambda$4812/0x0000000800cbe7b0 (minecraft@1.20.1)
3162:             2             48  net.minecraft.client.renderer.block.model.BlockModel$GuiLight (minecraft@1.20.1)
3163:             1             48  net.minecraft.client.renderer.blockentity.BlockEntityRenderDispatcher (minecraft@1.20.1)
3164:             1             48  net.minecraft.client.renderer.blockentity.DecoratedPotRenderer (minecraft@1.20.1)
3165:             1             48  net.minecraft.client.renderer.entity.TropicalFishRenderer (minecraft@1.20.1)
3166:             2             48  net.minecraft.client.renderer.entity.layers.ArrowLayer (minecraft@1.20.1)
3167:             2             48  net.minecraft.client.renderer.entity.layers.CrossedArmsItemLayer (minecraft@1.20.1)
3168:             2             48  net.minecraft.client.renderer.entity.layers.LlamaDecorLayer (minecraft@1.20.1)
3169:             2             48  net.minecraft.client.renderer.entity.layers.ParrotOnShoulderLayer (minecraft@1.20.1)
3170:             2             48  net.minecraft.client.renderer.entity.layers.PlayerItemInHandLayer (minecraft@1.20.1)
3171:             2             48  net.minecraft.client.renderer.entity.layers.SaddleLayer (minecraft@1.20.1)
3172:             2             48  net.minecraft.client.renderer.entity.layers.SpinAttackEffectLayer (minecraft@1.20.1)
3173:             2             48  net.minecraft.client.resources.DefaultPlayerSkin$ModelType (minecraft@1.20.1)
3174:             1             48  net.minecraft.client.resources.model.ModelManager (minecraft@1.20.1)
3175:             2             48  net.minecraft.client.resources.sounds.Sound$Type (minecraft@1.20.1)
3176:             2             48  net.minecraft.client.resources.sounds.SoundInstance$Attenuation (minecraft@1.20.1)
3177:             3             48  net.minecraft.client.searchtree.SearchRegistry$Key (minecraft@1.20.1)
3178:             2             48  net.minecraft.core.Holder$Reference$Type (minecraft@1.20.1)
3179:             2             48  net.minecraft.core.HolderSet$Direct (minecraft@1.20.1)
3180:             2             48  net.minecraft.network.chat.ChatTypeDecoration (minecraft@1.20.1)
3181:             3             48  net.minecraft.network.chat.FormattedText$2 (minecraft@1.20.1)
3182:             3             48  net.minecraft.network.syncher.EntityDataSerializer$$Lambda$2477/0x00000008009a5848 (minecraft@1.20.1)
3183:             3             48  net.minecraft.resources.ResourceKey$$Lambda$2512/0x00000008009b1688 (minecraft@1.20.1)
3184:             2             48  net.minecraft.server.packs.PackType (minecraft@1.20.1)
3185:             2             48  net.minecraft.server.packs.repository.Pack$Position (minecraft@1.20.1)
3186:             2             48  net.minecraft.server.packs.resources.FallbackResourceManager (minecraft@1.20.1)
3187:             2             48  net.minecraft.server.packs.resources.FallbackResourceManager$PackEntry (minecraft@1.20.1)
3188:             2             48  net.minecraft.util.ExtraCodecs$$Lambda$1076/0x000000080056d8b0 (minecraft@1.20.1)
3189:             3             48  net.minecraft.util.ExtraCodecs$$Lambda$3700/0x0000000800b14f98 (minecraft@1.20.1)
3190:             3             48  net.minecraft.util.ExtraCodecs$$Lambda$3706/0x0000000800b15d20 (minecraft@1.20.1)
3191:             3             48  net.minecraft.util.ExtraCodecs$$Lambda$3710/0x0000000800b16630 (minecraft@1.20.1)
3192:             2             48  net.minecraft.util.ExtraCodecs$XorCodec (minecraft@1.20.1)
3193:             3             48  net.minecraft.util.StringRepresentable$1 (minecraft@1.20.1)
3194:             3             48  net.minecraft.util.datafix.fixes.AddFlagIfNotPresentFix$$Lambda$2327/0x00000008008bfa08 (minecraft@1.20.1)
3195:             1             48  net.minecraft.util.datafix.fixes.ChunkProtoTickListFix$$Lambda$2334/0x00000008008bdb68 (minecraft@1.20.1)
3196:             1             48  net.minecraft.util.datafix.fixes.FurnaceRecipeFix$$Lambda$2305/0x00000008008b88c8 (minecraft@1.20.1)
3197:             2             48  net.minecraft.util.datafix.fixes.WorldGenSettingsDisallowOldCustomWorldsFix (minecraft@1.20.1)
3198:             3             48  net.minecraft.util.datafix.schemas.V99$$Lambda$1836/0x00000008008235e0 (minecraft@1.20.1)
3199:             3             48  net.minecraft.util.valueproviders.ConstantInt (minecraft@1.20.1)
3200:             2             48  net.minecraft.world.entity.EquipmentSlot$Type (minecraft@1.20.1)
3201:             3             48  net.minecraft.world.entity.animal.FrogVariant (minecraft@1.20.1)
3202:             2             48  net.minecraft.world.flag.FeatureFlag (minecraft@1.20.1)
3203:             2             48  net.minecraft.world.item.CreativeModeTab$Row (minecraft@1.20.1)
3204:             2             48  net.minecraft.world.level.ChunkPos (minecraft@1.20.1)
3205:             2             48  net.minecraft.world.level.LightLayer (minecraft@1.20.1)
3206:             2             48  net.minecraft.world.level.biome.MultiNoiseBiomeSourceParameterList$Preset (minecraft@1.20.1)
3207:             3             48  net.minecraft.world.level.block.MultifaceSpreader (minecraft@1.20.1)
3208:             2             48  net.minecraft.world.level.block.PressurePlateBlock$Sensitivity (minecraft@1.20.1)
3209:             2             48  net.minecraft.world.level.block.SculkVeinBlock$SculkVeinSpreaderConfig (minecraft@1.20.1)
3210:             2             48  net.minecraft.world.level.block.entity.ChestBlockEntity$1 (minecraft@1.20.1)
3211:             2             48  net.minecraft.world.level.block.state.properties.BedPart (minecraft@1.20.1)
3212:             2             48  net.minecraft.world.level.block.state.properties.ComparatorMode (minecraft@1.20.1)
3213:             2             48  net.minecraft.world.level.block.state.properties.DoorHingeSide (minecraft@1.20.1)
3214:             2             48  net.minecraft.world.level.block.state.properties.DoubleBlockHalf (minecraft@1.20.1)
3215:             2             48  net.minecraft.world.level.block.state.properties.Half (minecraft@1.20.1)
3216:             2             48  net.minecraft.world.level.block.state.properties.PistonType (minecraft@1.20.1)
3217:             2             48  net.minecraft.world.level.chunk.ChunkStatus$ChunkType (minecraft@1.20.1)
3218:             2             48  net.minecraft.world.level.levelgen.GenerationStep$Carving (minecraft@1.20.1)
3219:             2             48  net.minecraft.world.level.levelgen.blockpredicates.MatchingBlocksPredicate (minecraft@1.20.1)
3220:             3             48  net.minecraft.world.level.levelgen.carver.WorldCarver$$Lambda$3088/0x0000000800a7fc78 (minecraft@1.20.1)
3221:             3             48  net.minecraft.world.level.levelgen.feature.RandomPatchFeature (minecraft@1.20.1)
3222:             2             48  net.minecraft.world.level.levelgen.structure.StructureSpawnOverride$BoundingBoxType (minecraft@1.20.1)
3223:             2             48  net.minecraft.world.level.levelgen.structure.placement.RandomSpreadType (minecraft@1.20.1)
3224:             2             48  net.minecraft.world.level.levelgen.structure.structures.OceanRuinStructure$Type (minecraft@1.20.1)
3225:             3             48  net.minecraft.world.level.levelgen.structure.templatesystem.BlockIgnoreProcessor (minecraft@1.20.1)
3226:             3             48  net.minecraft.world.level.levelgen.structure.templatesystem.PosRuleTestType$$Lambda$2765/0x0000000800a14d50 (minecraft@1.20.1)
3227:             2             48  net.minecraft.world.level.storage.DataVersion (minecraft@1.20.1)
3228:             3             48  net.minecraft.world.level.storage.loot.entries.CompositeEntryBase$1 (minecraft@1.20.1)
3229:             2             48  net.minecraft.world.scores.criteria.ObjectiveCriteria$RenderType (minecraft@1.20.1)
3230:             2             48  net.minecraftforge.api.distmarker.Dist (mergetool@1.1.5)
3231:             1             48  net.minecraftforge.client.gui.overlay.ForgeGui$ForgeDebugScreenOverlay (forge@47.4.13)
3232:             1             48  net.minecraftforge.common.ForgeConfig$Client (forge@47.4.13)
3233:             1             48  net.minecraftforge.common.ForgeConfig$Server (forge@47.4.13)
3234:             3             48  net.minecraftforge.common.ForgeConfigSpec$Builder$$Lambda$5640/0x0000000800e277b0 (forge@47.4.13)
3235:             2             48  net.minecraftforge.common.ForgeConfigSpec$Builder$$Lambda$5645/0x0000000800e22898 (forge@47.4.13)
3236:             2             48  net.minecraftforge.common.ForgeConfigSpec$Range (forge@47.4.13)
3237:             2             48  net.minecraftforge.common.IExtensibleEnum$$Lambda$1794/0x00000008007fbd60 (forge@47.4.13)
3238:             2             48  net.minecraftforge.common.util.LogicalSidedProvider (forge@47.4.13)
3239:             2             48  net.minecraftforge.event.TickEvent$Phase (forge@47.4.13)
3240:             2             48  net.minecraftforge.fml.LogicalSide (fmlcore@1.20.1-47.4.13)
3241:             1             48  net.minecraftforge.fml.ModLoader (fmlcore@1.20.1-47.4.13)
3242:             2             48  net.minecraftforge.fml.earlydisplay.RenderElement$$Lambda$607/0x00000008003850a8 (fmlearlydisplay@1.20.1-47.4.13)
3243:             2             48  net.minecraftforge.fml.earlydisplay.SimpleBufferBuilder$Mode (fmlearlydisplay@1.20.1-47.4.13)
3244:             2             48  net.minecraftforge.forgespi.locating.ForgeFeature$VersionFeatureTest (net.minecraftforge.forgespi@7.0.1)
3245:             3             48  net.minecraftforge.network.event.EventNetworkChannel (forge@47.4.13)
3246:             2             48  net.minecraftforge.network.simple.IndexedMessageCodec (forge@47.4.13)
3247:             2             48  net.minecrell.terminalconsole.util.LoggerNamePatternSelector (terminalconsoleappender@1.2.0)
3248:             2             48  org.antlr.v4.runtime.atn.ATNDeserializer$UnicodeDeserializingMode (org.antlr.antlr4.runtime@4.9.1)
3249:             2             48  org.antlr.v4.runtime.atn.ATNType (org.antlr.antlr4.runtime@4.9.1)
3250:             3             48  org.antlr.v4.runtime.atn.LexerPushModeAction (org.antlr.antlr4.runtime@4.9.1)
3251:             3             48  org.antlr.v4.runtime.atn.LexerTypeAction (org.antlr.antlr4.runtime@4.9.1)
3252:             2             48  org.antlr.v4.runtime.atn.NotSetTransition (org.antlr.antlr4.runtime@4.9.1)
3253:             1             48  org.antlr.v4.runtime.atn.Transition$1 (org.antlr.antlr4.runtime@4.9.1)
3254:             3             48  org.apache.commons.lang3.text.StrMatcher$StringMatcher (org.apache.commons.lang3@3.12.0)
3255:             3             48  org.apache.commons.lang3.text.translate.NumericEntityUnescaper (org.apache.commons.lang3@3.12.0)
3256:             2             48  org.apache.logging.log4j.core.appender.rolling.CompositeTriggeringPolicy (org.apache.logging.log4j.core@2.19.0)
3257:             2             48  org.apache.logging.log4j.core.appender.rolling.OnStartupTriggeringPolicy (org.apache.logging.log4j.core@2.19.0)
3258:             1             48  org.apache.logging.log4j.core.appender.rolling.TimeBasedTriggeringPolicy (org.apache.logging.log4j.core@2.19.0)
3259:             2             48  org.apache.logging.log4j.core.config.plugins.util.PluginManager (org.apache.logging.log4j.core@2.19.0)
3260:             2             48  org.apache.logging.log4j.core.config.status.StatusConfiguration$Verbosity (org.apache.logging.log4j.core@2.19.0)
3261:             1             48  org.apache.logging.log4j.core.impl.Log4jProvider (org.apache.logging.log4j.core@2.19.0)
3262:             2             48  org.apache.logging.log4j.core.layout.PatternLayout$PatternSelectorSerializer (org.apache.logging.log4j.core@2.19.0)
3263:             2             48  org.apache.logging.log4j.core.pattern.NameAbbreviator$PatternAbbreviatorFragment (org.apache.logging.log4j.core@2.19.0)
3264:             2             48  org.apache.logging.log4j.core.util.DummyNanoClock (org.apache.logging.log4j.core@2.19.0)
3265:             2             48  org.apache.logging.log4j.message.SimpleMessage (org.apache.logging.log4j@2.19.0)
3266:             1             48  org.apache.logging.log4j.simple.SimpleLogger (org.apache.logging.log4j@2.19.0)
3267:             2             48  org.apache.logging.log4j.util.PropertyFilePropertySource (org.apache.logging.log4j@2.19.0)
3268:             1             48  org.openjdk.nashorn.internal.runtime.Source$Cache (org.openjdk.nashorn)
3269:             2             48  org.openjdk.nashorn.internal.runtime.linker.JavaAdapterBytecodeGenerator$MethodInfo (org.openjdk.nashorn)
3270:             2             48  org.openjdk.nashorn.internal.runtime.linker.JavaAdapterClassLoader (org.openjdk.nashorn)
3271:             1             48  org.openjdk.nashorn.internal.scripts.JO1P0 (org.openjdk.nashorn.structures)
3272:             1             48  org.prismlauncher.launcher.impl.StandardLauncher
3273:             2             48  org.spongepowered.asm.mixin.transformer.Config (org.spongepowered.mixin)
3274:             1             48  org.spongepowered.asm.mixin.transformer.MixinTransformer (org.spongepowered.mixin)
3275:             2             48  sun.reflect.generics.tree.Wildcard (java.base@17.0.15)
3276:             2             48  sun.security.ec.ParametersMap (jdk.crypto.ec@17.0.15)
3277:             2             48  sun.security.jca.ProviderList (java.base@17.0.15)
3278:             2             48  sun.security.jca.ProviderList$3 (java.base@17.0.15)
3279:             3             48  sun.security.rsa.PSSParameters (java.base@17.0.15)
3280:             2             48  sun.security.ssl.SSLAlgorithmConstraints (java.base@17.0.15)
3281:             3             48  sun.security.ssl.SSLCipher$StreamReadCipherGenerator (java.base@17.0.15)
3282:             3             48  sun.security.ssl.SSLCipher$StreamWriteCipherGenerator (java.base@17.0.15)
3283:             3             48  sun.security.ssl.SessionId (java.base@17.0.15)
3284:             2             48  sun.security.util.DisabledAlgorithmConstraints$jdkCAConstraint (java.base@17.0.15)
3285:             2             48  sun.util.locale.LocaleExtensions (java.base@17.0.15)
3286:             2             48  sun.util.locale.provider.LocaleServiceProviderPool (java.base@17.0.15)
3287:             1             40  [Lcom.mojang.authlib.minecraft.UserApiService$UserFlag; (authlib@4.0.43)
3288:             1             40  [Lcom.mojang.blaze3d.vertex.VertexFormatElement$Usage; (minecraft@1.20.1)
3289:             2             40  [Lcom.sun.jmx.mbeanserver.ClassLoaderRepositorySupport$LoaderEntry; (java.management@17.0.15)
3290:             1             40  [Lcom.sun.org.apache.xerces.internal.util.Status; (java.xml@17.0.15)
3291:             1             40  [Lcom.sun.org.apache.xerces.internal.utils.XMLSecurityPropertyManager$State; (java.xml@17.0.15)
3292:             1             40  [Ljava.lang.ProcessBuilder$Redirect$Type; (java.base@17.0.15)
3293:             1             40  [Ljava.lang.Thread$State; (java.base@17.0.15)
3294:             1             40  [Ljava.lang.invoke.VarHandle$AccessType; (java.base@17.0.15)
3295:             1             40  [Ljava.nio.charset.Charset; (java.base@17.0.15)
3296:             1             40  [Ljava.security.Permission; (java.base@17.0.15)
3297:             1             40  [Ljava.time.format.SignStyle; (java.base@17.0.15)
3298:             1             40  [Ljava.time.format.TextStyle; (java.base@17.0.15)
3299:             2             40  [Ljava.time.zone.ZoneOffsetTransitionRule; (java.base@17.0.15)
3300:             1             40  [Ljava.util.stream.StreamOpFlag; (java.base@17.0.15)
3301:             1             40  [Ljavax.net.ssl.SSLEngineResult$HandshakeStatus; (java.base@17.0.15)
3302:             1             40  [Ljavax.tools.Diagnostic$Kind; (java.compiler@17.0.15)
3303:             1             40  [Ljdk.dynalink.StandardOperation; (jdk.dynalink@17.0.15)
3304:             1             40  [Lnet.minecraft.Util$OS; (minecraft@1.20.1)
3305:             1             40  [Lnet.minecraft.client.renderer.RenderType; (minecraft@1.20.1)
3306:             1             40  [Lnet.minecraft.client.tutorial.TutorialSteps; (minecraft@1.20.1)
3307:             1             40  [Lnet.minecraft.world.item.Tiers; (minecraft@1.20.1)
3308:             1             40  [Lnet.minecraft.world.item.enchantment.ProtectionEnchantment$Type; (minecraft@1.20.1)
3309:             1             40  [Lnet.minecraft.world.level.biome.MobSpawnSettings$SpawnerData; (minecraft@1.20.1)
3310:             1             40  [Lnet.minecraft.world.level.levelgen.DensityFunctions$Mapped$Type; (minecraft@1.20.1)
3311:             1             40  [Lnet.minecraft.world.level.levelgen.DensityFunctions$Marker$Type; (minecraft@1.20.1)
3312:             1             40  [Lnet.minecraft.world.level.material.PushReaction; (minecraft@1.20.1)
3313:             1             40  [Lnet.minecraftforge.event.TickEvent$Type; (forge@47.4.13)
3314:             1             40  [Lnet.minecraftforge.eventbus.api.EventPriority; (net.minecraftforge.eventbus)
3315:             1             40  [Lnet.minecraftforge.fml.loading.moddiscovery.BackgroundScanHandler$ScanStatus; (fmlloader@1.20.1-47.4.13)
3316:             1             40  [Lorg.apache.logging.log4j.core.LifeCycle$State; (org.apache.logging.log4j.core@2.19.0)
3317:             1             40  [Lorg.apache.logging.log4j.core.appender.rolling.FileExtension; (org.apache.logging.log4j.core@2.19.0)
3318:             1             40  [Lorg.apache.logging.log4j.core.pattern.PatternParser$ParserState; (org.apache.logging.log4j.core@2.19.0)
3319:             1             40  [Lorg.openjdk.nashorn.internal.codegen.Condition; (org.openjdk.nashorn)
3320:             1             40  [Lorg.openjdk.nashorn.internal.codegen.LocalVariableTypesCalculator$LvarType; (org.openjdk.nashorn)
3321:             1             40  [Lorg.spongepowered.asm.logging.Level; (org.spongepowered.mixin)
3322:             1             40  [Lorg.spongepowered.asm.mixin.transformer.ext.IExtension; (org.spongepowered.mixin)
3323:             1             40  [Lsun.security.ssl.CipherSuite$MacAlg; (java.base@17.0.15)
3324:             1             40  [Lsun.security.ssl.ContentType; (java.base@17.0.15)
3325:             1             40  [Lsun.security.ssl.SSLKeyExchange$T12KeyAgreement; (java.base@17.0.15)
3326:             1             40  [Lsun.security.util.DisabledAlgorithmConstraints$Constraint$Operator; (java.base@17.0.15)
3327:             1             40  [Lsun.util.locale.provider.LocaleProviderAdapter$Type; (java.base@17.0.15)
3328:             1             40  [[Lcom.mojang.math.SymmetricGroup3; (minecraft@1.20.1)
3329:             1             40  [[Ljava.lang.invoke.LambdaForm$Name; (java.base@17.0.15)
3330:             1             40  com.google.common.util.concurrent.ThreadFactoryBuilder$1 (com.google.common@31.1-jre)
3331:             1             40  com.google.gson.internal.Excluder
3332:             1             40  com.google.gson.internal.Excluder (com.google.gson@2.10)
3333:             1             40  com.ibm.icu.impl.Trie2$UTrie2Header (com.ibm.icu@71.1)
3334:             1             40  com.mojang.authlib.yggdrasil.YggdrasilMinecraftSessionService (authlib@4.0.43)
3335:             1             40  com.mojang.blaze3d.platform.GlStateManager$Viewport (minecraft@1.20.1)
3336:             1             40  com.sun.jmx.interceptor.DefaultMBeanServerInterceptor (java.management@17.0.15)
3337:             1             40  com.sun.jmx.mbeanserver.JmxMBeanServer (java.management@17.0.15)
3338:             1             40  com.sun.jmx.mbeanserver.MBeanServerDelegateImpl (java.management@17.0.15)
3339:             1             40  com.sun.jna.Structure$LayoutInfo (com.sun.jna@5.12.1)
3340:             1             40  com.sun.management.internal.DiagnosticCommandImpl (jdk.management@17.0.15)
3341:             1             40  com.sun.management.internal.OperatingSystemImpl$ProcessCpuTicks (jdk.management@17.0.15)
3342:             1             40  com.sun.management.internal.OperatingSystemImpl$SystemCpuTicks (jdk.management@17.0.15)
3343:             1             40  com.sun.org.apache.xerces.internal.impl.XMLEntityScanner$1 (java.xml@17.0.15)
3344:             1             40  com.sun.xml.internal.stream.util.BufferAllocator (java.xml@17.0.15)
3345:             1             40  it.unimi.dsi.fastutil.ints.Int2ObjectMaps$UnmodifiableMap (it.unimi.dsi.fastutil@8.5.9)
3346:             1             40  it.unimi.dsi.fastutil.ints.IntAVLTreeSet (it.unimi.dsi.fastutil@8.5.9)
3347:             1             40  it.unimi.dsi.fastutil.longs.Long2ObjectMaps$SynchronizedMap (it.unimi.dsi.fastutil@8.5.9)
3348:             1             40  it.unimi.dsi.fastutil.objects.Object2IntArrayMap (it.unimi.dsi.fastutil@8.5.9)
3349:             1             40  it.unimi.dsi.fastutil.objects.Reference2ReferenceArrayMap (it.unimi.dsi.fastutil@8.5.9)
3350:             1             40  java.io.BufferedInputStream (java.base@17.0.15)
3351:             1             40  java.lang.ArithmeticException (java.base@17.0.15)
3352:             1             40  java.lang.ArrayIndexOutOfBoundsException (java.base@17.0.15)
3353:             1             40  java.lang.ClassCastException (java.base@17.0.15)
3354:             1             40  java.lang.NoSuchMethodError (java.base@17.0.15)
3355:             1             40  java.lang.NoSuchMethodException (java.base@17.0.15)
3356:             1             40  java.lang.VirtualMachineError (java.base@17.0.15)
3357:             1             40  java.lang.invoke.VarHandleInts$FieldStaticReadWrite (java.base@17.0.15)
3358:             1             40  java.time.format.DateTimeFormatterBuilder (java.base@17.0.15)
3359:             1             40  java.util.ResourceBundle$2 (java.base@17.0.15)
3360:             1             40  java.util.concurrent.LinkedBlockingDeque (java.base@17.0.15)
3361:             1             40  javax.crypto.CryptoAllPermission (java.base@17.0.15)
3362:             1             40  jdk.internal.event.SecurityProviderServiceEvent (java.base@17.0.15)
3363:             1             40  jdk.internal.icu.impl.CharTrie (java.base@17.0.15)
3364:             1             40  jdk.internal.icu.impl.UCharacterProperty$1 (java.base@17.0.15)
3365:             1             40  jdk.internal.icu.text.StringPrep (java.base@17.0.15)
3366:             1             40  jdk.internal.logger.LazyLoggers$LazyLoggerAccessor (java.base@17.0.15)
3367:             1             40  jdk.internal.ref.CleanerImpl$CleanerCleanable (java.base@17.0.15)
3368:             1             40  net.minecraft.client.User (minecraft@1.20.1)
3369:             1             40  net.minecraft.client.gui.components.ChatComponent (minecraft@1.20.1)
3370:             1             40  net.minecraft.client.gui.components.PlayerTabOverlay (minecraft@1.20.1)
3371:             1             40  net.minecraft.client.gui.screens.social.PlayerSocialManager (minecraft@1.20.1)
3372:             1             40  net.minecraft.client.model.BlazeModel (minecraft@1.20.1)
3373:             1             40  net.minecraft.client.model.CamelModel (minecraft@1.20.1)
3374:             1             40  net.minecraft.client.model.ChestRaftModel (minecraft@1.20.1)
3375:             1             40  net.minecraft.client.model.DolphinModel (minecraft@1.20.1)
3376:             1             40  net.minecraft.client.model.EvokerFangsModel (minecraft@1.20.1)
3377:             1             40  net.minecraft.client.model.PufferfishBigModel (minecraft@1.20.1)
3378:             1             40  net.minecraft.client.model.PufferfishMidModel (minecraft@1.20.1)
3379:             1             40  net.minecraft.client.model.PufferfishSmallModel (minecraft@1.20.1)
3380:             1             40  net.minecraft.client.model.RaftModel (minecraft@1.20.1)
3381:             1             40  net.minecraft.client.model.SilverfishModel (minecraft@1.20.1)
3382:             1             40  net.minecraft.client.model.SnifferModel (minecraft@1.20.1)
3383:             1             40  net.minecraft.client.multiplayer.chat.ChatListener (minecraft@1.20.1)
3384:             1             40  net.minecraft.client.renderer.LightTexture (minecraft@1.20.1)
3385:             1             40  net.minecraft.client.renderer.OutlineBufferSource (minecraft@1.20.1)
3386:             1             40  net.minecraft.client.renderer.block.BlockRenderDispatcher (minecraft@1.20.1)
3387:             1             40  net.minecraft.client.renderer.debug.WorldGenAttemptRenderer (minecraft@1.20.1)
3388:             1             40  net.minecraft.client.renderer.entity.AllayRenderer (minecraft@1.20.1)
3389:             1             40  net.minecraft.client.renderer.entity.ArmorStandRenderer (minecraft@1.20.1)
3390:             1             40  net.minecraft.client.renderer.entity.AxolotlRenderer (minecraft@1.20.1)
3391:             1             40  net.minecraft.client.renderer.entity.BatRenderer (minecraft@1.20.1)
3392:             1             40  net.minecraft.client.renderer.entity.BeeRenderer (minecraft@1.20.1)
3393:             1             40  net.minecraft.client.renderer.entity.BlazeRenderer (minecraft@1.20.1)
3394:             1             40  net.minecraft.client.renderer.entity.CamelRenderer (minecraft@1.20.1)
3395:             1             40  net.minecraft.client.renderer.entity.CatRenderer (minecraft@1.20.1)
3396:             1             40  net.minecraft.client.renderer.entity.CaveSpiderRenderer (minecraft@1.20.1)
3397:             1             40  net.minecraft.client.renderer.entity.ChickenRenderer (minecraft@1.20.1)
3398:             1             40  net.minecraft.client.renderer.entity.CodRenderer (minecraft@1.20.1)
3399:             1             40  net.minecraft.client.renderer.entity.CowRenderer (minecraft@1.20.1)
3400:             1             40  net.minecraft.client.renderer.entity.CreeperRenderer (minecraft@1.20.1)
3401:             1             40  net.minecraft.client.renderer.entity.DisplayRenderer$BlockDisplayRenderer (minecraft@1.20.1)
3402:             1             40  net.minecraft.client.renderer.entity.DisplayRenderer$ItemDisplayRenderer (minecraft@1.20.1)
3403:             1             40  net.minecraft.client.renderer.entity.DisplayRenderer$TextDisplayRenderer (minecraft@1.20.1)
3404:             1             40  net.minecraft.client.renderer.entity.DolphinRenderer (minecraft@1.20.1)
3405:             1             40  net.minecraft.client.renderer.entity.DrownedRenderer (minecraft@1.20.1)
3406:             1             40  net.minecraft.client.renderer.entity.ElderGuardianRenderer (minecraft@1.20.1)
3407:             1             40  net.minecraft.client.renderer.entity.EndCrystalRenderer (minecraft@1.20.1)
3408:             1             40  net.minecraft.client.renderer.entity.EndermanRenderer (minecraft@1.20.1)
3409:             1             40  net.minecraft.client.renderer.entity.EndermiteRenderer (minecraft@1.20.1)
3410:             1             40  net.minecraft.client.renderer.entity.EvokerRenderer (minecraft@1.20.1)
3411:             1             40  net.minecraft.client.renderer.entity.FoxRenderer (minecraft@1.20.1)
3412:             1             40  net.minecraft.client.renderer.entity.FrogRenderer (minecraft@1.20.1)
3413:             1             40  net.minecraft.client.renderer.entity.GhastRenderer (minecraft@1.20.1)
3414:             1             40  net.minecraft.client.renderer.entity.GiantMobRenderer (minecraft@1.20.1)
3415:             1             40  net.minecraft.client.renderer.entity.GlowSquidRenderer (minecraft@1.20.1)
3416:             1             40  net.minecraft.client.renderer.entity.GoatRenderer (minecraft@1.20.1)
3417:             1             40  net.minecraft.client.renderer.entity.GuardianRenderer (minecraft@1.20.1)
3418:             1             40  net.minecraft.client.renderer.entity.HoglinRenderer (minecraft@1.20.1)
3419:             1             40  net.minecraft.client.renderer.entity.HorseRenderer (minecraft@1.20.1)
3420:             1             40  net.minecraft.client.renderer.entity.HuskRenderer (minecraft@1.20.1)
3421:             1             40  net.minecraft.client.renderer.entity.IllusionerRenderer (minecraft@1.20.1)
3422:             1             40  net.minecraft.client.renderer.entity.IronGolemRenderer (minecraft@1.20.1)
3423:             1             40  net.minecraft.client.renderer.entity.ItemEntityRenderer (minecraft@1.20.1)
3424:             1             40  net.minecraft.client.renderer.entity.MagmaCubeRenderer (minecraft@1.20.1)
3425:             1             40  net.minecraft.client.renderer.entity.MushroomCowRenderer (minecraft@1.20.1)
3426:             1             40  net.minecraft.client.renderer.entity.OcelotRenderer (minecraft@1.20.1)
3427:             1             40  net.minecraft.client.renderer.entity.PandaRenderer (minecraft@1.20.1)
3428:             1             40  net.minecraft.client.renderer.entity.ParrotRenderer (minecraft@1.20.1)
3429:             1             40  net.minecraft.client.renderer.entity.PhantomRenderer (minecraft@1.20.1)
3430:             1             40  net.minecraft.client.renderer.entity.PigRenderer (minecraft@1.20.1)
3431:             1             40  net.minecraft.client.renderer.entity.PillagerRenderer (minecraft@1.20.1)
3432:             1             40  net.minecraft.client.renderer.entity.PolarBearRenderer (minecraft@1.20.1)
3433:             1             40  net.minecraft.client.renderer.entity.RabbitRenderer (minecraft@1.20.1)
3434:             1             40  net.minecraft.client.renderer.entity.RavagerRenderer (minecraft@1.20.1)
3435:             1             40  net.minecraft.client.renderer.entity.SalmonRenderer (minecraft@1.20.1)
3436:             1             40  net.minecraft.client.renderer.entity.SheepRenderer (minecraft@1.20.1)
3437:             1             40  net.minecraft.client.renderer.entity.ShulkerRenderer (minecraft@1.20.1)
3438:             1             40  net.minecraft.client.renderer.entity.SilverfishRenderer (minecraft@1.20.1)
3439:             1             40  net.minecraft.client.renderer.entity.SkeletonRenderer (minecraft@1.20.1)
3440:             1             40  net.minecraft.client.renderer.entity.SlimeRenderer (minecraft@1.20.1)
3441:             1             40  net.minecraft.client.renderer.entity.SnifferRenderer (minecraft@1.20.1)
3442:             1             40  net.minecraft.client.renderer.entity.SnowGolemRenderer (minecraft@1.20.1)
3443:             1             40  net.minecraft.client.renderer.entity.SpiderRenderer (minecraft@1.20.1)
3444:             1             40  net.minecraft.client.renderer.entity.SquidRenderer (minecraft@1.20.1)
3445:             1             40  net.minecraft.client.renderer.entity.StrayRenderer (minecraft@1.20.1)
3446:             1             40  net.minecraft.client.renderer.entity.StriderRenderer (minecraft@1.20.1)
3447:             1             40  net.minecraft.client.renderer.entity.TadpoleRenderer (minecraft@1.20.1)
3448:             1             40  net.minecraft.client.renderer.entity.TntMinecartRenderer (minecraft@1.20.1)
3449:             1             40  net.minecraft.client.renderer.entity.TurtleRenderer (minecraft@1.20.1)
3450:             1             40  net.minecraft.client.renderer.entity.VexRenderer (minecraft@1.20.1)
3451:             1             40  net.minecraft.client.renderer.entity.VillagerRenderer (minecraft@1.20.1)
3452:             1             40  net.minecraft.client.renderer.entity.VindicatorRenderer (minecraft@1.20.1)
3453:             1             40  net.minecraft.client.renderer.entity.WanderingTraderRenderer (minecraft@1.20.1)
3454:             1             40  net.minecraft.client.renderer.entity.WardenRenderer (minecraft@1.20.1)
3455:             1             40  net.minecraft.client.renderer.entity.WitchRenderer (minecraft@1.20.1)
3456:             1             40  net.minecraft.client.renderer.entity.WitherBossRenderer (minecraft@1.20.1)
3457:             1             40  net.minecraft.client.renderer.entity.WitherSkeletonRenderer (minecraft@1.20.1)
3458:             1             40  net.minecraft.client.renderer.entity.WolfRenderer (minecraft@1.20.1)
3459:             1             40  net.minecraft.client.renderer.entity.ZoglinRenderer (minecraft@1.20.1)
3460:             1             40  net.minecraft.client.renderer.entity.ZombieRenderer (minecraft@1.20.1)
3461:             1             40  net.minecraft.client.renderer.entity.ZombieVillagerRenderer (minecraft@1.20.1)
3462:             1             40  net.minecraft.util.datafix.DataFixers$1 (minecraft@1.20.1)
3463:             1             40  net.minecraft.util.datafix.DataFixers$2 (minecraft@1.20.1)
3464:             1             40  net.minecraft.util.datafix.fixes.BlockEntityBannerColorFix (minecraft@1.20.1)
3465:             1             40  net.minecraft.util.datafix.fixes.BlockEntityBlockStateFix (minecraft@1.20.1)
3466:             1             40  net.minecraft.util.datafix.fixes.BlockEntityJukeboxFix (minecraft@1.20.1)
3467:             1             40  net.minecraft.util.datafix.fixes.BlockEntityKeepPacked (minecraft@1.20.1)
3468:             1             40  net.minecraft.util.datafix.fixes.BlockEntityShulkerBoxColorFix (minecraft@1.20.1)
3469:             1             40  net.minecraft.util.datafix.fixes.BlockEntitySignTextStrictJsonFix (minecraft@1.20.1)
3470:             1             40  net.minecraft.util.datafix.fixes.CatTypeFix (minecraft@1.20.1)
3471:             1             40  net.minecraft.util.datafix.fixes.ColorlessShulkerEntityFix (minecraft@1.20.1)
3472:             1             40  net.minecraft.util.datafix.fixes.EntityArmorStandSilentFix (minecraft@1.20.1)
3473:             1             40  net.minecraft.util.datafix.fixes.EntityBrushableBlockFieldsRenameFix (minecraft@1.20.1)
3474:             1             40  net.minecraft.util.datafix.fixes.EntityGoatMissingStateFix (minecraft@1.20.1)
3475:             1             40  net.minecraft.util.datafix.fixes.EntityHorseSaddleFix (minecraft@1.20.1)
3476:             1             40  net.minecraft.util.datafix.fixes.EntityItemFrameDirectionFix (minecraft@1.20.1)
3477:             1             40  net.minecraft.util.datafix.fixes.EntityPaintingFieldsRenameFix (minecraft@1.20.1)
3478:             1             40  net.minecraft.util.datafix.fixes.EntityPaintingMotiveFix (minecraft@1.20.1)
3479:             1             40  net.minecraft.util.datafix.fixes.EntityShulkerColorFix (minecraft@1.20.1)
3480:             1             40  net.minecraft.util.datafix.fixes.EntityShulkerRotationFix (minecraft@1.20.1)
3481:             1             40  net.minecraft.util.datafix.fixes.EntityWolfColorFix (minecraft@1.20.1)
3482:             1             40  net.minecraft.util.datafix.fixes.EntityZombieVillagerTypeFix (minecraft@1.20.1)
3483:             1             40  net.minecraft.util.datafix.fixes.FilteredSignsFix (minecraft@1.20.1)
3484:             1             40  net.minecraft.util.datafix.fixes.ItemSpawnEggFix$$Lambda$2221/0x0000000800886d70 (minecraft@1.20.1)
3485:             1             40  net.minecraft.util.datafix.fixes.JigsawPropertiesFix (minecraft@1.20.1)
3486:             1             40  net.minecraft.util.datafix.fixes.MemoryExpiryDataFix (minecraft@1.20.1)
3487:             1             40  net.minecraft.util.datafix.fixes.OminousBannerBlockEntityRenameFix (minecraft@1.20.1)
3488:             1             40  net.minecraft.util.datafix.fixes.OptionsRenameFieldFix (minecraft@1.20.1)
3489:             1             40  net.minecraft.util.datafix.fixes.RemoveGolemGossipFix (minecraft@1.20.1)
3490:             1             40  net.minecraft.util.datafix.fixes.StriderGravityFix (minecraft@1.20.1)
3491:             1             40  net.minecraft.util.datafix.fixes.VariantRenameFix (minecraft@1.20.1)
3492:             1             40  net.minecraft.util.datafix.fixes.VillagerFollowRangeFix (minecraft@1.20.1)
3493:             1             40  net.minecraft.util.datafix.fixes.VillagerTradeFix (minecraft@1.20.1)
3494:             1             40  net.minecraft.util.datafix.fixes.WeaponSmithChestLootTableFix (minecraft@1.20.1)
3495:             1             40  net.minecraft.util.datafix.fixes.ZombieVillagerRebuildXpFix (minecraft@1.20.1)
3496:             1             40  net.minecraft.util.datafix.schemas.V100 (minecraft@1.20.1)
3497:             1             40  net.minecraft.util.datafix.schemas.V102 (minecraft@1.20.1)
3498:             1             40  net.minecraft.util.datafix.schemas.V1022 (minecraft@1.20.1)
3499:             1             40  net.minecraft.util.datafix.schemas.V106 (minecraft@1.20.1)
3500:             1             40  net.minecraft.util.datafix.schemas.V107 (minecraft@1.20.1)
3501:             1             40  net.minecraft.util.datafix.schemas.V1125 (minecraft@1.20.1)
3502:             1             40  net.minecraft.util.datafix.schemas.V135 (minecraft@1.20.1)
3503:             1             40  net.minecraft.util.datafix.schemas.V143 (minecraft@1.20.1)
3504:             1             40  net.minecraft.util.datafix.schemas.V1451 (minecraft@1.20.1)
3505:             1             40  net.minecraft.util.datafix.schemas.V1451_1 (minecraft@1.20.1)
3506:             1             40  net.minecraft.util.datafix.schemas.V1451_2 (minecraft@1.20.1)
3507:             1             40  net.minecraft.util.datafix.schemas.V1451_3 (minecraft@1.20.1)
3508:             1             40  net.minecraft.util.datafix.schemas.V1451_4 (minecraft@1.20.1)
3509:             1             40  net.minecraft.util.datafix.schemas.V1451_5 (minecraft@1.20.1)
3510:             1             40  net.minecraft.util.datafix.schemas.V1451_6 (minecraft@1.20.1)
3511:             1             40  net.minecraft.util.datafix.schemas.V1460 (minecraft@1.20.1)
3512:             1             40  net.minecraft.util.datafix.schemas.V1466 (minecraft@1.20.1)
3513:             1             40  net.minecraft.util.datafix.schemas.V1470 (minecraft@1.20.1)
3514:             1             40  net.minecraft.util.datafix.schemas.V1481 (minecraft@1.20.1)
3515:             1             40  net.minecraft.util.datafix.schemas.V1483 (minecraft@1.20.1)
3516:             1             40  net.minecraft.util.datafix.schemas.V1486 (minecraft@1.20.1)
3517:             1             40  net.minecraft.util.datafix.schemas.V1510 (minecraft@1.20.1)
3518:             1             40  net.minecraft.util.datafix.schemas.V1800 (minecraft@1.20.1)
3519:             1             40  net.minecraft.util.datafix.schemas.V1801 (minecraft@1.20.1)
3520:             1             40  net.minecraft.util.datafix.schemas.V1904 (minecraft@1.20.1)
3521:             1             40  net.minecraft.util.datafix.schemas.V1906 (minecraft@1.20.1)
3522:             1             40  net.minecraft.util.datafix.schemas.V1909 (minecraft@1.20.1)
3523:             1             40  net.minecraft.util.datafix.schemas.V1920 (minecraft@1.20.1)
3524:             1             40  net.minecraft.util.datafix.schemas.V1928 (minecraft@1.20.1)
3525:             1             40  net.minecraft.util.datafix.schemas.V1929 (minecraft@1.20.1)
3526:             1             40  net.minecraft.util.datafix.schemas.V1931 (minecraft@1.20.1)
3527:             1             40  net.minecraft.util.datafix.schemas.V2100 (minecraft@1.20.1)
3528:             1             40  net.minecraft.util.datafix.schemas.V2501 (minecraft@1.20.1)
3529:             1             40  net.minecraft.util.datafix.schemas.V2502 (minecraft@1.20.1)
3530:             1             40  net.minecraft.util.datafix.schemas.V2505 (minecraft@1.20.1)
3531:             1             40  net.minecraft.util.datafix.schemas.V2509 (minecraft@1.20.1)
3532:             1             40  net.minecraft.util.datafix.schemas.V2519 (minecraft@1.20.1)
3533:             1             40  net.minecraft.util.datafix.schemas.V2522 (minecraft@1.20.1)
3534:             1             40  net.minecraft.util.datafix.schemas.V2551 (minecraft@1.20.1)
3535:             1             40  net.minecraft.util.datafix.schemas.V2568 (minecraft@1.20.1)
3536:             1             40  net.minecraft.util.datafix.schemas.V2571 (minecraft@1.20.1)
3537:             1             40  net.minecraft.util.datafix.schemas.V2684 (minecraft@1.20.1)
3538:             1             40  net.minecraft.util.datafix.schemas.V2686 (minecraft@1.20.1)
3539:             1             40  net.minecraft.util.datafix.schemas.V2688 (minecraft@1.20.1)
3540:             1             40  net.minecraft.util.datafix.schemas.V2704 (minecraft@1.20.1)
3541:             1             40  net.minecraft.util.datafix.schemas.V2707 (minecraft@1.20.1)
3542:             1             40  net.minecraft.util.datafix.schemas.V2831 (minecraft@1.20.1)
3543:             1             40  net.minecraft.util.datafix.schemas.V2832 (minecraft@1.20.1)
3544:             1             40  net.minecraft.util.datafix.schemas.V2842 (minecraft@1.20.1)
3545:             1             40  net.minecraft.util.datafix.schemas.V3076 (minecraft@1.20.1)
3546:             1             40  net.minecraft.util.datafix.schemas.V3078 (minecraft@1.20.1)
3547:             1             40  net.minecraft.util.datafix.schemas.V3081 (minecraft@1.20.1)
3548:             1             40  net.minecraft.util.datafix.schemas.V3082 (minecraft@1.20.1)
3549:             1             40  net.minecraft.util.datafix.schemas.V3083 (minecraft@1.20.1)
3550:             1             40  net.minecraft.util.datafix.schemas.V3202 (minecraft@1.20.1)
3551:             1             40  net.minecraft.util.datafix.schemas.V3203 (minecraft@1.20.1)
3552:             1             40  net.minecraft.util.datafix.schemas.V3204 (minecraft@1.20.1)
3553:             1             40  net.minecraft.util.datafix.schemas.V3325 (minecraft@1.20.1)
3554:             1             40  net.minecraft.util.datafix.schemas.V3326 (minecraft@1.20.1)
3555:             1             40  net.minecraft.util.datafix.schemas.V3327 (minecraft@1.20.1)
3556:             1             40  net.minecraft.util.datafix.schemas.V3328 (minecraft@1.20.1)
3557:             1             40  net.minecraft.util.datafix.schemas.V3438 (minecraft@1.20.1)
3558:             1             40  net.minecraft.util.datafix.schemas.V3448 (minecraft@1.20.1)
3559:             1             40  net.minecraft.util.datafix.schemas.V501 (minecraft@1.20.1)
3560:             1             40  net.minecraft.util.datafix.schemas.V700 (minecraft@1.20.1)
3561:             1             40  net.minecraft.util.datafix.schemas.V701 (minecraft@1.20.1)
3562:             1             40  net.minecraft.util.datafix.schemas.V702 (minecraft@1.20.1)
3563:             1             40  net.minecraft.util.datafix.schemas.V703 (minecraft@1.20.1)
3564:             1             40  net.minecraft.util.datafix.schemas.V704 (minecraft@1.20.1)
3565:             1             40  net.minecraft.util.datafix.schemas.V705 (minecraft@1.20.1)
3566:             1             40  net.minecraft.util.datafix.schemas.V808 (minecraft@1.20.1)
3567:             1             40  net.minecraft.util.datafix.schemas.V99 (minecraft@1.20.1)
3568:             1             40  net.minecraft.world.effect.AbsoptionMobEffect (minecraft@1.20.1)
3569:             1             40  net.minecraft.world.effect.HealthBoostMobEffect (minecraft@1.20.1)
3570:             1             40  net.minecraft.world.effect.MobEffects$1 (minecraft@1.20.1)
3571:             1             40  net.minecraftforge.fml.LoadingFailedException (fmlcore@1.20.1-47.4.13)
3572:             1             40  net.minecraftforge.fml.ModList (fmlcore@1.20.1-47.4.13)
3573:             1             40  net.minecraftforge.fml.earlydisplay.RenderElement$DisplayContext (fmlearlydisplay@1.20.1-47.4.13)
3574:             1             40  net.minecraftforge.fml.loading.EarlyLoadingException (fmlloader@1.20.1-47.4.13)
3575:             1             40  net.minecraftforge.fml.loading.moddiscovery.BackgroundScanHandler (fmlloader@1.20.1-47.4.13)
3576:             1             40  net.minecraftforge.fml.loading.moddiscovery.ModValidator (fmlloader@1.20.1-47.4.13)
3577:             1             40  net.minecrell.terminalconsole.TerminalConsoleAppender (terminalconsoleappender@1.2.0)
3578:             1             40  org.antlr.v4.runtime.ParserRuleContext (org.antlr.antlr4.runtime@4.9.1)
3579:             1             40  org.antlr.v4.runtime.atn.ATNConfigSet$ConfigHashSet (org.antlr.antlr4.runtime@4.9.1)
3580:             1             40  org.apache.logging.log4j.core.jmx.LoggerContextAdmin (org.apache.logging.log4j.core@2.19.0)
3581:             1             40  org.apache.logging.log4j.core.jmx.StatusLoggerAdmin (org.apache.logging.log4j.core@2.19.0)
3582:             1             40  org.apache.logging.log4j.status.StatusData (org.apache.logging.log4j@2.19.0)
3583:             1             40  org.joml.Vector3d (org.joml@1.10.5)
3584:             1             40  org.openjdk.nashorn.internal.codegen.ApplySpecialization$AppliesFoundException (org.openjdk.nashorn)
3585:             1             40  org.openjdk.nashorn.internal.codegen.Label$Stack (org.openjdk.nashorn)
3586:             1             40  org.openjdk.nashorn.internal.codegen.types.ArrayType (org.openjdk.nashorn)
3587:             1             40  org.openjdk.nashorn.internal.codegen.types.BooleanType (org.openjdk.nashorn)
3588:             1             40  org.openjdk.nashorn.internal.codegen.types.IntType (org.openjdk.nashorn)
3589:             1             40  org.openjdk.nashorn.internal.codegen.types.LongType (org.openjdk.nashorn)
3590:             1             40  org.openjdk.nashorn.internal.codegen.types.NumberType (org.openjdk.nashorn)
3591:             1             40  org.openjdk.nashorn.internal.codegen.types.Type$1 (org.openjdk.nashorn)
3592:             1             40  org.openjdk.nashorn.internal.codegen.types.Type$2 (org.openjdk.nashorn)
3593:             1             40  org.openjdk.nashorn.internal.codegen.types.Type$3 (org.openjdk.nashorn)
3594:             1             40  org.openjdk.nashorn.internal.codegen.types.Type$4 (org.openjdk.nashorn)
3595:             1             40  org.openjdk.nashorn.internal.codegen.types.Type$5 (org.openjdk.nashorn)
3596:             1             40  org.openjdk.nashorn.internal.codegen.types.Type$6 (org.openjdk.nashorn)
3597:             1             40  org.openjdk.nashorn.internal.codegen.types.Type$7 (org.openjdk.nashorn)
3598:             1             40  org.spongepowered.asm.mixin.MixinEnvironment$CompatibilityLevel (org.spongepowered.mixin)
3599:             1             40  org.spongepowered.asm.mixin.MixinEnvironment$CompatibilityLevel$1 (org.spongepowered.mixin)
3600:             1             40  org.spongepowered.asm.mixin.MixinEnvironment$CompatibilityLevel$10 (org.spongepowered.mixin)
3601:             1             40  org.spongepowered.asm.mixin.MixinEnvironment$CompatibilityLevel$11 (org.spongepowered.mixin)
3602:             1             40  org.spongepowered.asm.mixin.MixinEnvironment$CompatibilityLevel$12 (org.spongepowered.mixin)
3603:             1             40  org.spongepowered.asm.mixin.MixinEnvironment$CompatibilityLevel$2 (org.spongepowered.mixin)
3604:             1             40  org.spongepowered.asm.mixin.MixinEnvironment$CompatibilityLevel$3 (org.spongepowered.mixin)
3605:             1             40  org.spongepowered.asm.mixin.MixinEnvironment$CompatibilityLevel$4 (org.spongepowered.mixin)
3606:             1             40  org.spongepowered.asm.mixin.MixinEnvironment$CompatibilityLevel$5 (org.spongepowered.mixin)
3607:             1             40  org.spongepowered.asm.mixin.MixinEnvironment$CompatibilityLevel$6 (org.spongepowered.mixin)
3608:             1             40  org.spongepowered.asm.mixin.MixinEnvironment$CompatibilityLevel$7 (org.spongepowered.mixin)
3609:             1             40  org.spongepowered.asm.mixin.MixinEnvironment$CompatibilityLevel$8 (org.spongepowered.mixin)
3610:             1             40  org.spongepowered.asm.mixin.MixinEnvironment$CompatibilityLevel$9 (org.spongepowered.mixin)
3611:             1             40  org.spongepowered.asm.mixin.transformer.ext.Extensions (org.spongepowered.mixin)
3612:             1             40  oshi.util.Memoizer$1 (com.github.oshi@6.2.2)
3613:             1             40  sun.net.www.MessageHeader (java.base@17.0.15)
3614:             1             40  sun.net.www.http.KeepAliveStreamCleaner (java.base@17.0.15)
3615:             1             40  sun.nio.cs.StandardCharsets$Aliases (java.base@17.0.15)
3616:             1             40  sun.nio.cs.StandardCharsets$Cache (java.base@17.0.15)
3617:             1             40  sun.security.ssl.Plaintext (java.base@17.0.15)
3618:             1             40  sun.security.ssl.TrustStoreManager$TrustStoreDescriptor (java.base@17.0.15)
3619:             1             40  sun.security.ssl.X509TrustManagerImpl (java.base@17.0.15)
3620:             1             40  sun.text.resources.cldr.FormatData (java.base@17.0.15)
3621:             1             40  sun.text.resources.cldr.FormatData_en (java.base@17.0.15)
3622:             1             40  sun.util.locale.InternalLocaleBuilder (java.base@17.0.15)
3623:             1             40  sun.util.resources.Bundles$1 (java.base@17.0.15)
3624:             1             40  sun.util.resources.cldr.CalendarData (java.base@17.0.15)
3625:             1             32  [Lcom.electronwill.nightconfig.core.io.IndentStyle; (com.electronwill.nightconfig.core@3.6.4)
3626:             1             32  [Lcom.electronwill.nightconfig.core.io.ParsingMode; (com.electronwill.nightconfig.core@3.6.4)
3627:             1             32  [Lcom.google.common.base.AbstractIterator$State; (com.google.common@31.1-jre)
3628:             1             32  [Lcom.google.common.cache.LocalCache$Strength; (com.google.common@31.1-jre)
3629:             1             32  [Lcom.google.common.collect.AbstractIterator$State; (com.google.common@31.1-jre)
3630:             1             32  [Lcom.google.gson.ReflectionAccessFilter$FilterResult; (com.google.gson@2.10)
3631:             1             32  [Lcom.google.gson.ReflectionAccessFilter$FilterResult;
3632:             1             32  [Lcom.google.gson.ToNumberPolicy; (com.google.gson@2.10)
3633:             1             32  [Lcom.google.gson.ToNumberPolicy;
3634:             1             32  [Lcom.llamalad7.mixinextras.transformer.MixinTransformer; (MixinExtras@0.5.3)
3635:             1             32  [Lcom.mojang.blaze3d.platform.InputConstants$Type; (minecraft@1.20.1)
3636:             1             32  [Lcom.mojang.blaze3d.platform.NativeImage$Format; (minecraft@1.20.1)
3637:             1             32  [Lcom.mojang.blaze3d.platform.NativeImage$InternalGlFormat; (minecraft@1.20.1)
3638:             1             32  [Lcom.mojang.datafixers.functions.PointFreeRule$CompRewrite; (datafixerupper@6.0.8)
3639:             1             32  [Lcom.mojang.datafixers.functions.PointFreeRule; (datafixerupper@6.0.8)
3640:             1             32  [Lcom.mojang.realmsclient.client.RealmsClient$Environment; (minecraft@1.20.1)
3641:             1             32  [Lcom.mojang.text2speech.OperatingSystem; (text2speech@1.17.9)
3642:             1             32  [Lcom.sun.org.apache.xerces.internal.utils.XMLSecurityManager$NameMap; (java.xml@17.0.15)
3643:             1             32  [Lcpw.mods.jarhandling.SecureJar$Status; (cpw.mods.securejarhandler)
3644:             1             32  [Lcpw.mods.modlauncher.api.INameMappingService$Domain; (cpw.mods.modlauncher@10.0.9)
3645:             1             32  [Lcpw.mods.modlauncher.api.ITransformerActivity$Type; (cpw.mods.modlauncher@10.0.9)
3646:             1             32  [Lcpw.mods.modlauncher.api.TransformerVoteResult; (cpw.mods.modlauncher@10.0.9)
3647:             1             32  [Lio.netty.util.ResourceLeakDetector$Level; (io.netty.common@4.1.82.Final)
3648:             1             32  [Ljava.lang.ProcessImpl$Platform; (java.base@17.0.15)
3649:             1             32  [Ljava.lang.StackStreamFactory$WalkerState; (java.base@17.0.15)
3650:             1             32  [Ljava.lang.ThreadGroup; (java.base@17.0.15)
3651:             2             32  [Ljava.lang.Throwable; (java.base@17.0.15)
3652:             1             32  [Ljava.lang.invoke.MethodHandleImpl$ArrayAccess; (java.base@17.0.15)
3653:             1             32  [Ljava.lang.invoke.VarHandle$VarHandleDesc$Kind; (java.base@17.0.15)
3654:             1             32  [Ljava.lang.management.MemoryManagerMXBean; (java.management@17.0.15)
3655:             1             32  [Ljava.lang.module.ModuleDescriptor$Modifier; (java.base@17.0.15)
3656:             1             32  [Ljava.net.Proxy$Type; (java.base@17.0.15)
3657:             1             32  [Ljava.net.StandardProtocolFamily; (java.base@17.0.15)
3658:             1             32  [Ljava.nio.file.AccessMode; (java.base@17.0.15)
3659:             1             32  [Ljava.nio.file.FileTreeWalker$EventType; (java.base@17.0.15)
3660:             1             32  [Ljava.nio.file.StandardCopyOption; (java.base@17.0.15)
3661:             1             32  [Ljava.text.Normalizer$Form; (java.base@17.0.15)
3662:             1             32  [Ljava.time.format.DateTimeFormatterBuilder$SettingsParser; (java.base@17.0.15)
3663:             1             32  [Ljava.time.format.ResolverStyle; (java.base@17.0.15)
3664:             1             32  [Ljava.time.temporal.IsoFields$Field; (java.base@17.0.15)
3665:             1             32  [Ljava.time.temporal.JulianFields$Field; (java.base@17.0.15)
3666:             1             32  [Ljava.time.zone.ZoneOffsetTransitionRule$TimeDefinition; (java.base@17.0.15)
3667:             1             32  [Ljava.util.regex.Pattern$Qtype; (java.base@17.0.15)
3668:             1             32  [Ljava.util.stream.MatchOps$MatchKind; (java.base@17.0.15)
3669:             1             32  [Ljava.util.stream.StreamShape; (java.base@17.0.15)
3670:             1             32  [Ljavax.xml.catalog.CatalogFeatures$Feature; (java.xml@17.0.15)
3671:             1             32  [Ljdk.dynalink.BiClassValue$RetentionDirection; (jdk.dynalink@17.0.15)
3672:             1             32  [Ljdk.dynalink.StandardNamespace; (jdk.dynalink@17.0.15)
3673:             1             32  [Ljdk.dynalink.beans.GuardedInvocationComponent$ValidationType; (jdk.dynalink@17.0.15)
3674:             1             32  [Ljdk.internal.icu.util.CodePointTrie$ValueWidth; (java.base@17.0.15)
3675:             1             32  [Ljdk.internal.logger.BootstrapLogger$LoggingBackend; (java.base@17.0.15)
3676:             1             32  [Ljdk.internal.math.FormattedFloatingDecimal$Form; (java.base@17.0.15)
3677:             1             32  [Ljdk.internal.module.ServicesCatalog; (java.base@17.0.15)
3678:             1             32  [Lnet.fabricmc.loader.api.metadata.ModOrigin$Kind; (net.fabricmc.loader@2.6.0+0.15.0+1.20.1-full)
3679:             1             32  [Lnet.minecraft.client.InputType; (minecraft@1.20.1)
3680:             1             32  [Lnet.minecraft.client.ResourceLoadStateTracker$ReloadReason; (minecraft@1.20.1)
3681:             1             32  [Lnet.minecraft.client.User$Type; (minecraft@1.20.1)
3682:             1             32  [Lnet.minecraft.client.gui.Font$DisplayMode; (minecraft@1.20.1)
3683:             1             32  [Lnet.minecraft.client.gui.narration.NarratableEntry$NarrationPriority; (minecraft@1.20.1)
3684:             1             32  [Lnet.minecraft.client.gui.narration.NarratedElementType; (minecraft@1.20.1)
3685:             1             32  [Lnet.minecraft.client.renderer.DimensionSpecialEffects$SkyType; (minecraft@1.20.1)
3686:             1             32  [Lnet.minecraft.client.renderer.RenderType$OutlineProperty; (minecraft@1.20.1)
3687:             1             32  [Lnet.minecraft.client.renderer.block.model.ItemModelGenerator$SpanFacing; (minecraft@1.20.1)
3688:             1             32  [Lnet.minecraft.client.sounds.SoundEngine$DeviceCheckState; (minecraft@1.20.1)
3689:             1             32  [Lnet.minecraft.server.packs.repository.PackCompatibility; (minecraft@1.20.1)
3690:             1             32  [Lnet.minecraft.util.ByIdMap$OutOfBoundsStrategy; (minecraft@1.20.1)
3691:             1             32  [Lnet.minecraft.util.ModCheck$Confidence; (minecraft@1.20.1)
3692:             1             32  [Lnet.minecraft.world.effect.MobEffectCategory; (minecraft@1.20.1)
3693:             1             32  [Lnet.minecraft.world.entity.EntityType; (minecraft@1.20.1)
3694:             1             32  [Lnet.minecraft.world.entity.animal.IronGolem$Crackiness; (minecraft@1.20.1)
3695:             1             32  [Lnet.minecraft.world.item.CreativeModeTab$Type; (minecraft@1.20.1)
3696:             1             32  [Lnet.minecraft.world.item.Rarity; (minecraft@1.20.1)
3697:             1             32  [Lnet.minecraft.world.item.enchantment.Enchantment$Rarity; (minecraft@1.20.1)
3698:             1             32  [Lnet.minecraft.world.level.biome.BiomeSpecialEffects$GrassColorModifier; (minecraft@1.20.1)
3699:             1             32  [Lnet.minecraft.world.level.block.RenderShape; (minecraft@1.20.1)
3700:             1             32  [Lnet.minecraft.world.level.block.WeatheringCopper$WeatherState; (minecraft@1.20.1)
3701:             1             32  [Lnet.minecraft.world.level.block.entity.ShulkerBoxBlockEntity$AnimationStatus; (minecraft@1.20.1)
3702:             1             32  [Lnet.minecraft.world.level.block.state.BlockBehaviour$OffsetType; (minecraft@1.20.1)
3703:             1             32  [Lnet.minecraft.world.level.block.state.properties.BooleanProperty; (minecraft@1.20.1)
3704:             1             32  [Lnet.minecraft.world.level.block.state.properties.NoteBlockInstrument$Type; (minecraft@1.20.1)
3705:             1             32  [Lnet.minecraft.world.level.levelgen.DensityFunctions$TwoArgumentSimpleFunction$Type; (minecraft@1.20.1)
3706:             1             32  [Lnet.minecraft.world.level.levelgen.Heightmap$Usage; (minecraft@1.20.1)
3707:             1             32  [Lnet.minecraft.world.level.pathfinder.PathComputationType; (minecraft@1.20.1)
3708:             1             32  [Lnet.minecraftforge.accesstransformer.AccessTransformer$FinalState; (accesstransformers@8.0.4)
3709:             1             32  [Lnet.minecraftforge.accesstransformer.TargetType; (accesstransformers@8.0.4)
3710:             1             32  [Lnet.minecraftforge.client.settings.KeyConflictContext; (forge@47.4.13)
3711:             1             32  [Lnet.minecraftforge.eventbus.api.Event$Result; (net.minecraftforge.eventbus)
3712:             1             32  [Lnet.minecraftforge.fml.earlydisplay.ElementShader$RenderType; (fmlearlydisplay@1.20.1-47.4.13)
3713:             1             32  [Lnet.minecraftforge.fml.earlydisplay.SimpleBufferBuilder$Format; (fmlearlydisplay@1.20.1-47.4.13)
3714:             1             32  [Lnet.minecraftforge.fml.loading.FMLPaths; (fmlloader@1.20.1-47.4.13)
3715:             1             32  [Lnet.minecraftforge.installer.HashFunction;
3716:             1             32  [Lnet.minecraftforge.installer.actions.ProgressCallback$MessagePriority;
3717:             1             32  [Lnet.minecraftforge.network.NetworkDirection; (forge@47.4.13)
3718:             1             32  [Lorg.antlr.v4.runtime.CodePointBuffer$Type; (org.antlr.antlr4.runtime@4.9.1)
3719:             1             32  [Lorg.antlr.v4.runtime.atn.PredictionMode; (org.antlr.antlr4.runtime@4.9.1)
3720:             1             32  [Lorg.apache.commons.io.StandardLineSeparator; (org.apache.commons.io@2.11.0)
3721:             2             32  [Lorg.apache.logging.log4j.core.appender.rolling.action.Action; (org.apache.logging.log4j.core@2.19.0)
3722:             1             32  [Lorg.apache.logging.log4j.core.config.LoggerConfig$LoggerConfigPredicate; (org.apache.logging.log4j.core@2.19.0)
3723:             1             32  [Lorg.apache.logging.log4j.core.util.datetime.FixedDateFormat$FixedTimeZoneFormat; (org.apache.logging.log4j.core@2.19.0)
3724:             1             32  [Lorg.lwjgl.Version$BuildType; (org.lwjgl@3.3.1+7)
3725:             1             32  [Lorg.lwjgl.system.Platform$Architecture; (org.lwjgl@3.3.1+7)
3726:             1             32  [Lorg.lwjgl.system.Platform; (org.lwjgl@3.3.1+7)
3727:             1             32  [Lorg.openjdk.nashorn.internal.runtime.Context$FieldMode; (org.openjdk.nashorn)
3728:             1             32  [Lorg.openjdk.nashorn.internal.runtime.ScriptEnvironment$AnonymousClasses; (org.openjdk.nashorn)
3729:             1             32  [Lorg.openjdk.nashorn.internal.runtime.ScriptEnvironment$FunctionStatementBehavior; (org.openjdk.nashorn)
3730:             1             32  [Lorg.prismlauncher.EntryPoint$PreLaunchAction;
3731:             1             32  [Lorg.spongepowered.asm.launch.platform.IMixinPlatformAgent$AcceptResult; (org.spongepowered.mixin)
3732:             1             32  [Lorg.spongepowered.asm.mixin.MixinEnvironment$Option$Inherit; (org.spongepowered.mixin)
3733:             1             32  [Lorg.spongepowered.asm.mixin.MixinEnvironment$Side; (org.spongepowered.mixin)
3734:             1             32  [Lorg.spongepowered.asm.mixin.transformer.MixinCoprocessor$ProcessResult; (org.spongepowered.mixin)
3735:             1             32  [Lorg.spongepowered.asm.mixin.transformer.PluginHandle$CompatibilityMode; (org.spongepowered.mixin)
3736:             1             32  [Lsun.net.www.protocol.http.HttpURLConnection$TunnelState; (java.base@17.0.15)
3737:             1             32  [Lsun.security.provider.NativePRNG$Variant; (java.base@17.0.15)
3738:             1             32  [Lsun.security.provider.certpath.OCSP$RevocationStatus$CertStatus; (java.base@17.0.15)
3739:             1             32  [Lsun.security.ssl.CipherSuite$HashAlg; (java.base@17.0.15)
3740:             1             32  [Lsun.security.ssl.CipherType; (java.base@17.0.15)
3741:             1             32  [Lsun.security.ssl.ClientAuthType; (java.base@17.0.15)
3742:             1             32  [Lsun.security.ssl.ECPointFormatsExtension$ECPointFormat; (java.base@17.0.15)
3743:             1             32  [Lsun.security.ssl.Finished$VerifyDataScheme; (java.base@17.0.15)
3744:             1             32  [Lsun.security.ssl.SSLTrafficKeyDerivation; (java.base@17.0.15)
3745:             1             32  [Lsun.security.ssl.SignatureScheme$SigAlgParamSpec; (java.base@17.0.15)
3746:             1             32  [[[I (java.base@17.0.15)
3747:             2             32  com.electronwill.nightconfig.core.InMemoryCommentedFormat (com.electronwill.nightconfig.core@3.6.4)
3748:             2             32  com.google.common.collect.Interners$InternerImpl (com.google.common@31.1-jre)
3749:             1             32  com.google.common.collect.Iterators$ArrayItr (com.google.common@31.1-jre)
3750:             1             32  com.google.common.hash.MessageDigestHashFunction (com.google.common@31.1-jre)
3751:             2             32  com.google.gson.internal.ConstructorConstructor$13
3752:             1             32  com.google.gson.internal.bind.MapTypeAdapterFactory$Adapter (com.google.gson@2.10)
3753:             1             32  com.google.gson.internal.bind.ReflectiveTypeAdapterFactory
3754:             1             32  com.google.gson.internal.bind.ReflectiveTypeAdapterFactory$RecordAdapter (com.google.gson@2.10)
3755:             1             32  com.google.gson.internal.bind.TreeTypeAdapter$SingleTypeFactory
3756:             1             32  com.google.gson.internal.reflect.ReflectionHelper$RecordSupportedHelper
3757:             1             32  com.google.gson.internal.reflect.ReflectionHelper$RecordSupportedHelper (com.google.gson@2.10)
3758:             1             32  com.ibm.icu.impl.UBiDiProps (com.ibm.icu@71.1)
3759:             2             32  com.mojang.authlib.properties.PropertyMap$Serializer (authlib@4.0.43)
3760:             1             32  com.mojang.authlib.yggdrasil.YggdrasilAuthenticationService (authlib@4.0.43)
3761:             1             32  com.mojang.authlib.yggdrasil.YggdrasilServicesKeyInfo$$Lambda$4363/0x0000000800be93d8 (authlib@4.0.43)
3762:             2             32  com.mojang.blaze3d.font.SpaceProvider$$Lambda$5424/0x0000000800def168 (minecraft@1.20.1)
3763:             1             32  com.mojang.blaze3d.platform.DisplayData (minecraft@1.20.1)
3764:             1             32  com.mojang.blaze3d.platform.GlStateManager$BlendState (minecraft@1.20.1)
3765:             1             32  com.mojang.blaze3d.platform.GlStateManager$PolygonOffsetState (minecraft@1.20.1)
3766:             1             32  com.mojang.blaze3d.platform.GlStateManager$StencilState (minecraft@1.20.1)
3767:             2             32  com.mojang.blaze3d.shaders.AbstractUniform (minecraft@1.20.1)
3768:             2             32  com.mojang.blaze3d.vertex.Tesselator (minecraft@1.20.1)
3769:             2             32  com.mojang.blaze3d.vertex.VertexSorting$$Lambda$4339/0x0000000800bbbcb8 (minecraft@1.20.1)
3770:             1             32  com.mojang.datafixers.DataFixerUpper (datafixerupper@6.0.8)
3771:             2             32  com.mojang.realmsclient.dto.GuardedSerializer (minecraft@1.20.1)
3772:             2             32  com.mojang.serialization.Codec$$Lambda$3847/0x0000000800aae288 (datafixerupper@6.0.8)
3773:             2             32  com.mojang.serialization.Codec$$Lambda$3848/0x0000000800aae4d0 (datafixerupper@6.0.8)
3774:             2             32  com.mojang.serialization.JsonOps (datafixerupper@6.0.8)
3775:             1             32  com.sun.jmx.mbeanserver.Repository (java.management@17.0.15)
3776:             1             32  com.sun.jna.Library$Handler (com.sun.jna@5.12.1)
3777:             1             32  com.sun.management.internal.OperatingSystemImpl (jdk.management@17.0.15)
3778:             2             32  com.sun.org.apache.xerces.internal.impl.dv.dtd.ENTITYDatatypeValidator (java.xml@17.0.15)
3779:             2             32  com.sun.proxy.jdk.proxy1.$Proxy1 (jdk.proxy1)
3780:             2             32  com.sun.proxy.jdk.proxy1.$Proxy27 (jdk.proxy1)
3781:             1             32  cpw.mods.modlauncher.ClassTransformer (cpw.mods.modlauncher@10.0.9)
3782:             2             32  io.netty.util.internal.logging.Slf4JLoggerFactory (io.netty.common@4.1.82.Final)
3783:             1             32  java.io.UnixFileSystem (java.base@17.0.15)
3784:             2             32  java.lang.Boolean (java.base@17.0.15)
3785:             1             32  java.lang.Module$ArchivedData (java.base@17.0.15)
3786:             2             32  java.lang.Shutdown$Lock (java.base@17.0.15)
3787:             1             32  java.net.InetAddress$CachedLocalHost (java.base@17.0.15)
3788:             2             32  java.nio.ByteOrder (java.base@17.0.15)
3789:             2             32  java.nio.file.attribute.PosixFilePermissions$1 (java.base@17.0.15)
3790:             1             32  java.text.DontCareFieldPosition (java.base@17.0.15)
3791:             2             32  java.time.format.DateTimeFormatterBuilder$StringLiteralPrinterParser (java.base@17.0.15)
3792:             1             32  java.util.ArrayList$Itr (java.base@17.0.15)
3793:             1             32  java.util.Collections$UnmodifiableSortedMap (java.base@17.0.15)
3794:             1             32  java.util.LinkedHashMap$LinkedKeyIterator (java.base@17.0.15)
3795:             1             32  java.util.Random (java.base@17.0.15)
3796:             2             32  java.util.ResourceBundle$SingleFormatControl (java.base@17.0.15)
3797:             1             32  java.util.Stack (java.base@17.0.15)
3798:             2             32  java.util.concurrent.SynchronousQueue$TransferStack (java.base@17.0.15)
3799:             1             32  java.util.concurrent.ThreadLocalRandom (java.base@17.0.15)
3800:             1             32  java.util.concurrent.locks.AbstractQueuedSynchronizer$ConditionNode (java.base@17.0.15)
3801:             1             32  java.util.logging.LogManager$SystemLoggerContext (java.logging@17.0.15)
3802:             2             32  java.util.regex.CharPredicates$$Lambda$1260/0x00000008002fb0e0 (java.base@17.0.15)
3803:             1             32  java.util.regex.Pattern$BnM (java.base@17.0.15)
3804:             1             32  java.util.regex.Pattern$NotBehind (java.base@17.0.15)
3805:             1             32  java.util.zip.ZipCoder$UTF8ZipCoder (java.base@17.0.15)
3806:             2             32  jdk.dynalink.linker.support.Lookup (jdk.dynalink@17.0.15)
3807:             1             32  jdk.internal.loader.ArchivedClassLoaders (java.base@17.0.15)
3808:             1             32  jdk.internal.module.ArchivedModuleGraph (java.base@17.0.15)
3809:             2             32  jdk.internal.module.ModuleResolution (java.base@17.0.15)
3810:             2             32  jdk.internal.module.ModuleTarget (java.base@17.0.15)
3811:             1             32  jdk.internal.org.objectweb.asm.ConstantDynamic (java.base@17.0.15)
3812:             1             32  jdk.internal.org.objectweb.asm.Handle (java.base@17.0.15)
3813:             1             32  jdk.internal.reflect.UnsafeQualifiedStaticLongFieldAccessorImpl (java.base@17.0.15)
3814:             1             32  jdk.net.ExtendedSocketOptions$1 (jdk.net@17.0.15)
3815:             2             32  jdk.proxy2.$Proxy15 (jdk.proxy2)
3816:             2             32  jdk.proxy2.$Proxy23 (jdk.proxy2)
3817:             2             32  net.minecraft.DefaultUncaughtExceptionHandler (minecraft@1.20.1)
3818:             1             32  net.minecraft.client.HotbarManager (minecraft@1.20.1)
3819:             1             32  net.minecraft.client.OptionInstance$AltEnum (minecraft@1.20.1)
3820:             1             32  net.minecraft.client.PeriodicNotificationManager (minecraft@1.20.1)
3821:             1             32  net.minecraft.client.ResourceLoadStateTracker$ReloadState (minecraft@1.20.1)
3822:             2             32  net.minecraft.client.StringSplitter (minecraft@1.20.1)
3823:             1             32  net.minecraft.client.Timer (minecraft@1.20.1)
3824:             2             32  net.minecraft.client.gui.Font$$Lambda$4921/0x0000000800d15710 (minecraft@1.20.1)
3825:             1             32  net.minecraft.client.gui.components.spectator.SpectatorGui (minecraft@1.20.1)
3826:             1             32  net.minecraft.client.gui.components.toasts.ToastComponent (minecraft@1.20.1)
3827:             1             32  net.minecraft.client.gui.font.FontManager (minecraft@1.20.1)
3828:             1             32  net.minecraft.client.main.GameConfig (minecraft@1.20.1)
3829:             1             32  net.minecraft.client.main.GameConfig$FolderData (minecraft@1.20.1)
3830:             1             32  net.minecraft.client.main.GameConfig$QuickPlayData (minecraft@1.20.1)
3831:             1             32  net.minecraft.client.main.GameConfig$UserData (minecraft@1.20.1)
3832:             1             32  net.minecraft.client.model.CodModel (minecraft@1.20.1)
3833:             1             32  net.minecraft.client.model.EndermiteModel (minecraft@1.20.1)
3834:             1             32  net.minecraft.client.model.GhastModel (minecraft@1.20.1)
3835:             1             32  net.minecraft.client.model.LavaSlimeModel (minecraft@1.20.1)
3836:             1             32  net.minecraft.client.model.LeashKnotModel (minecraft@1.20.1)
3837:             1             32  net.minecraft.client.model.LlamaSpitModel (minecraft@1.20.1)
3838:             1             32  net.minecraft.client.model.SalmonModel (minecraft@1.20.1)
3839:             1             32  net.minecraft.client.model.ShieldModel (minecraft@1.20.1)
3840:             1             32  net.minecraft.client.model.ShulkerBulletModel (minecraft@1.20.1)
3841:             1             32  net.minecraft.client.multiplayer.AccountProfileKeyPairManager (minecraft@1.20.1)
3842:             1             32  net.minecraft.client.multiplayer.chat.report.ReportingContext (minecraft@1.20.1)
3843:             2             32  net.minecraft.client.particle.FlameParticle$Provider (minecraft@1.20.1)
3844:             1             32  net.minecraft.client.renderer.RenderBuffers (minecraft@1.20.1)
3845:             2             32  net.minecraft.client.renderer.RenderStateShard$CullStateShard$$Lambda$4807/0x0000000800cbd8d0 (minecraft@1.20.1)
3846:             2             32  net.minecraft.client.renderer.RenderStateShard$CullStateShard$$Lambda$4808/0x0000000800cbdaf0 (minecraft@1.20.1)
3847:             2             32  net.minecraft.client.renderer.RenderStateShard$LightmapStateShard$$Lambda$4803/0x0000000800cbcc10 (minecraft@1.20.1)
3848:             2             32  net.minecraft.client.renderer.RenderStateShard$LightmapStateShard$$Lambda$4804/0x0000000800cbce30 (minecraft@1.20.1)
3849:             2             32  net.minecraft.client.renderer.RenderStateShard$MultiTextureStateShard$$Lambda$4879/0x0000000800d0d748 (minecraft@1.20.1)
3850:             2             32  net.minecraft.client.renderer.RenderStateShard$OverlayStateShard$$Lambda$4805/0x0000000800cbd270 (minecraft@1.20.1)
3851:             2             32  net.minecraft.client.renderer.RenderStateShard$OverlayStateShard$$Lambda$4806/0x0000000800cbd490 (minecraft@1.20.1)
3852:             2             32  net.minecraft.client.renderer.block.model.BlockElement$Deserializer (minecraft@1.20.1)
3853:             2             32  net.minecraft.client.renderer.block.model.BlockElementFace$Deserializer (minecraft@1.20.1)
3854:             2             32  net.minecraft.client.renderer.block.model.BlockFaceUV$Deserializer (minecraft@1.20.1)
3855:             2             32  net.minecraft.client.renderer.block.model.FaceBakery (minecraft@1.20.1)
3856:             2             32  net.minecraft.client.renderer.block.model.ItemModelGenerator (minecraft@1.20.1)
3857:             2             32  net.minecraft.client.renderer.block.model.ItemOverride$Deserializer (minecraft@1.20.1)
3858:             2             32  net.minecraft.client.renderer.block.model.ItemTransform$Deserializer (minecraft@1.20.1)
3859:             2             32  net.minecraft.client.renderer.block.model.ItemTransforms$Deserializer (minecraft@1.20.1)
3860:             1             32  net.minecraft.client.renderer.blockentity.ConduitRenderer (minecraft@1.20.1)
3861:             1             32  net.minecraft.client.renderer.debug.BeeDebugRenderer (minecraft@1.20.1)
3862:             1             32  net.minecraft.client.renderer.debug.BrainDebugRenderer (minecraft@1.20.1)
3863:             1             32  net.minecraft.client.renderer.debug.ChunkDebugRenderer (minecraft@1.20.1)
3864:             1             32  net.minecraft.client.renderer.debug.CollisionBoxRenderer (minecraft@1.20.1)
3865:             1             32  net.minecraft.client.renderer.debug.LightSectionDebugRenderer (minecraft@1.20.1)
3866:             1             32  net.minecraft.client.renderer.debug.StructureRenderer (minecraft@1.20.1)
3867:             1             32  net.minecraft.client.renderer.debug.SupportBlockRenderer (minecraft@1.20.1)
3868:             1             32  net.minecraft.client.renderer.entity.DragonFireballRenderer (minecraft@1.20.1)
3869:             1             32  net.minecraft.client.renderer.entity.EnderDragonRenderer (minecraft@1.20.1)
3870:             1             32  net.minecraft.client.renderer.entity.EvokerFangsRenderer (minecraft@1.20.1)
3871:             1             32  net.minecraft.client.renderer.entity.ExperienceOrbRenderer (minecraft@1.20.1)
3872:             1             32  net.minecraft.client.renderer.entity.FallingBlockRenderer (minecraft@1.20.1)
3873:             1             32  net.minecraft.client.renderer.entity.FireworkEntityRenderer (minecraft@1.20.1)
3874:             1             32  net.minecraft.client.renderer.entity.FishingHookRenderer (minecraft@1.20.1)
3875:             1             32  net.minecraft.client.renderer.entity.ItemRenderer (minecraft@1.20.1)
3876:             1             32  net.minecraft.client.renderer.entity.LeashKnotRenderer (minecraft@1.20.1)
3877:             1             32  net.minecraft.client.renderer.entity.LightningBoltRenderer (minecraft@1.20.1)
3878:             1             32  net.minecraft.client.renderer.entity.LlamaSpitRenderer (minecraft@1.20.1)
3879:             1             32  net.minecraft.client.renderer.entity.PaintingRenderer (minecraft@1.20.1)
3880:             1             32  net.minecraft.client.renderer.entity.ShulkerBulletRenderer (minecraft@1.20.1)
3881:             1             32  net.minecraft.client.renderer.entity.SpectralArrowRenderer (minecraft@1.20.1)
3882:             1             32  net.minecraft.client.renderer.entity.ThrownTridentRenderer (minecraft@1.20.1)
3883:             1             32  net.minecraft.client.renderer.entity.TippableArrowRenderer (minecraft@1.20.1)
3884:             1             32  net.minecraft.client.renderer.entity.TntRenderer (minecraft@1.20.1)
3885:             1             32  net.minecraft.client.renderer.entity.WitherSkullRenderer (minecraft@1.20.1)
3886:             2             32  net.minecraft.client.renderer.entity.layers.BeeStingerLayer (minecraft@1.20.1)
3887:             2             32  net.minecraft.client.renderer.entity.layers.CapeLayer (minecraft@1.20.1)
3888:             2             32  net.minecraft.client.renderer.entity.layers.Deadmau5EarsLayer (minecraft@1.20.1)
3889:             2             32  net.minecraft.client.renderer.entity.layers.SpiderEyesLayer (minecraft@1.20.1)
3890:             1             32  net.minecraft.client.renderer.texture.TextureManager (minecraft@1.20.1)
3891:             1             32  net.minecraft.client.resources.ClientPackSource (minecraft@1.20.1)
3892:             1             32  net.minecraft.client.resources.DownloadedPackSource (minecraft@1.20.1)
3893:             1             32  net.minecraft.client.resources.SkinManager (minecraft@1.20.1)
3894:             1             32  net.minecraft.client.resources.metadata.animation.AnimationMetadataSection (minecraft@1.20.1)
3895:             1             32  net.minecraft.client.resources.metadata.animation.AnimationMetadataSection$1 (minecraft@1.20.1)
3896:             1             32  net.minecraft.client.sounds.MusicManager (minecraft@1.20.1)
3897:             1             32  net.minecraft.client.sounds.SoundEngineExecutor (minecraft@1.20.1)
3898:             1             32  net.minecraft.client.telemetry.ClientTelemetryManager (minecraft@1.20.1)
3899:             1             32  net.minecraft.client.tutorial.Tutorial (minecraft@1.20.1)
3900:             2             32  net.minecraft.network.chat.Component$Serializer (minecraft@1.20.1)
3901:             2             32  net.minecraft.server.packs.BuiltInMetadata (minecraft@1.20.1)
3902:             1             32  net.minecraft.server.packs.VanillaPackResources (minecraft@1.20.1)
3903:             2             32  net.minecraft.tags.TagKey$$Lambda$2743/0x0000000800a108c0 (minecraft@1.20.1)
3904:             1             32  net.minecraft.util.CrudeIncrementalIntIdentityHashBiMap (minecraft@1.20.1)
3905:             1             32  net.minecraft.util.FrameTimer (minecraft@1.20.1)
3906:             1             32  net.minecraft.util.SegmentedAnglePrecision (minecraft@1.20.1)
3907:             2             32  net.minecraft.util.datafix.fixes.AbstractPoiSectionFix$$Lambda$2302/0x00000008008b8000 (minecraft@1.20.1)
3908:             1             32  net.minecraft.util.datafix.fixes.AdvancementsFix (minecraft@1.20.1)
3909:             1             32  net.minecraft.util.datafix.fixes.BitStorageAlignFix$$Lambda$2319/0x00000008008be000 (minecraft@1.20.1)
3910:             1             32  net.minecraft.util.datafix.fixes.BlendingDataFix (minecraft@1.20.1)
3911:             1             32  net.minecraft.util.datafix.fixes.BlockEntityRenameFix (minecraft@1.20.1)
3912:             1             32  net.minecraft.util.datafix.fixes.BlockEntityUUIDFix (minecraft@1.20.1)
3913:             1             32  net.minecraft.util.datafix.fixes.ChunkHeightAndBiomeFix$$Lambda$2332/0x00000008008bd6d8 (minecraft@1.20.1)
3914:             2             32  net.minecraft.util.datafix.fixes.CriteriaRenameFix$$Lambda$2340/0x00000008008c4fc8 (minecraft@1.20.1)
3915:             1             32  net.minecraft.util.datafix.fixes.EntityBlockStateFix$$Lambda$2257/0x000000080089eb98 (minecraft@1.20.1)
3916:             1             32  net.minecraft.util.datafix.fixes.EntityCatSplitFix (minecraft@1.20.1)
3917:             1             32  net.minecraft.util.datafix.fixes.EntityCodSalmonFix (minecraft@1.20.1)
3918:             1             32  net.minecraft.util.datafix.fixes.EntityElderGuardianSplitFix (minecraft@1.20.1)
3919:             1             32  net.minecraft.util.datafix.fixes.EntityHorseSplitFix (minecraft@1.20.1)
3920:             1             32  net.minecraft.util.datafix.fixes.EntityPufferfishRenameFix (minecraft@1.20.1)
3921:             1             32  net.minecraft.util.datafix.fixes.EntityRavagerRenameFix (minecraft@1.20.1)
3922:             1             32  net.minecraft.util.datafix.fixes.EntityRidingToPassengersFix$$Lambda$2231/0x00000008008973a8 (minecraft@1.20.1)
3923:             1             32  net.minecraft.util.datafix.fixes.EntitySkeletonSplitFix (minecraft@1.20.1)
3924:             1             32  net.minecraft.util.datafix.fixes.EntityTheRenameningFix (minecraft@1.20.1)
3925:             1             32  net.minecraft.util.datafix.fixes.EntityTippedArrowFix (minecraft@1.20.1)
3926:             1             32  net.minecraft.util.datafix.fixes.EntityUUIDFix (minecraft@1.20.1)
3927:             1             32  net.minecraft.util.datafix.fixes.EntityZombieSplitFix (minecraft@1.20.1)
3928:             1             32  net.minecraft.util.datafix.fixes.EntityZombifiedPiglinRenameFix (minecraft@1.20.1)
3929:             1             32  net.minecraft.util.datafix.fixes.FeatureFlagRemoveFix (minecraft@1.20.1)
3930:             1             32  net.minecraft.util.datafix.fixes.FilteredBooksFix (minecraft@1.20.1)
3931:             1             32  net.minecraft.util.datafix.fixes.GoatHornIdFix (minecraft@1.20.1)
3932:             1             32  net.minecraft.util.datafix.fixes.ItemRemoveBlockEntityTagFix (minecraft@1.20.1)
3933:             1             32  net.minecraft.util.datafix.fixes.ItemRemoveBlockEntityTagFix$$Lambda$2262/0x00000008008a0000 (minecraft@1.20.1)
3934:             1             32  net.minecraft.util.datafix.fixes.ItemStackUUIDFix (minecraft@1.20.1)
3935:             1             32  net.minecraft.util.datafix.fixes.LeavesFix$$Lambda$2277/0x00000008008a7bc0 (minecraft@1.20.1)
3936:             1             32  net.minecraft.util.datafix.fixes.LevelUUIDFix (minecraft@1.20.1)
3937:             1             32  net.minecraft.util.datafix.fixes.MissingDimensionFix$$Lambda$2323/0x00000008008be8f0 (minecraft@1.20.1)
3938:             1             32  net.minecraft.util.datafix.fixes.NewVillageFix$$Lambda$2292/0x00000008008b4178 (minecraft@1.20.1)
3939:             1             32  net.minecraft.util.datafix.fixes.OminousBannerRenameFix (minecraft@1.20.1)
3940:             1             32  net.minecraft.util.datafix.fixes.PlayerUUIDFix (minecraft@1.20.1)
3941:             1             32  net.minecraft.util.datafix.fixes.PoiTypeRemoveFix (minecraft@1.20.1)
3942:             1             32  net.minecraft.util.datafix.fixes.PoiTypeRenameFix (minecraft@1.20.1)
3943:             1             32  net.minecraft.util.datafix.fixes.RemapChunkStatusFix (minecraft@1.20.1)
3944:             1             32  net.minecraft.util.datafix.fixes.SavedDataUUIDFix (minecraft@1.20.1)
3945:             1             32  net.minecraft.util.datafix.fixes.SpawnerDataFix$$Lambda$2330/0x00000008008bd248 (minecraft@1.20.1)
3946:             1             32  net.minecraft.util.datafix.fixes.TrappedChestBlockEntityFix$$Lambda$2288/0x00000008008b2c20 (minecraft@1.20.1)
3947:             1             32  net.minecraft.util.datafix.fixes.VillagerRebuildLevelAndXpFix$$Lambda$2299/0x00000008008b53a0 (minecraft@1.20.1)
3948:             2             32  net.minecraft.util.datafix.fixes.WorldGenSettingsDisallowOldCustomWorldsFix$$Lambda$2333/0x00000008008bd920 (minecraft@1.20.1)
3949:             2             32  net.minecraft.util.datafix.schemas.V703$$Lambda$1891/0x0000000800831800 (minecraft@1.20.1)
3950:             2             32  net.minecraft.util.datafix.schemas.V703$$Lambda$1892/0x0000000800831a28 (minecraft@1.20.1)
3951:             2             32  net.minecraft.util.datafix.schemas.V703$$Lambda$1893/0x0000000800831c50 (minecraft@1.20.1)
3952:             2             32  net.minecraft.util.datafix.schemas.V703$$Lambda$1894/0x0000000800831400 (minecraft@1.20.1)
3953:             2             32  net.minecraft.util.datafix.schemas.V703$$Lambda$1895/0x0000000800840000 (minecraft@1.20.1)
3954:             1             32  net.minecraft.world.item.enchantment.ArrowDamageEnchantment (minecraft@1.20.1)
3955:             1             32  net.minecraft.world.item.enchantment.ArrowFireEnchantment (minecraft@1.20.1)
3956:             1             32  net.minecraft.world.item.enchantment.ArrowInfiniteEnchantment (minecraft@1.20.1)
3957:             1             32  net.minecraft.world.item.enchantment.ArrowKnockbackEnchantment (minecraft@1.20.1)
3958:             1             32  net.minecraft.world.item.enchantment.ArrowPiercingEnchantment (minecraft@1.20.1)
3959:             1             32  net.minecraft.world.item.enchantment.BindingCurseEnchantment (minecraft@1.20.1)
3960:             1             32  net.minecraft.world.item.enchantment.DigDurabilityEnchantment (minecraft@1.20.1)
3961:             1             32  net.minecraft.world.item.enchantment.DiggingEnchantment (minecraft@1.20.1)
3962:             1             32  net.minecraft.world.item.enchantment.FireAspectEnchantment (minecraft@1.20.1)
3963:             1             32  net.minecraft.world.item.enchantment.FishingSpeedEnchantment (minecraft@1.20.1)
3964:             1             32  net.minecraft.world.item.enchantment.FrostWalkerEnchantment (minecraft@1.20.1)
3965:             1             32  net.minecraft.world.item.enchantment.KnockbackEnchantment (minecraft@1.20.1)
3966:             1             32  net.minecraft.world.item.enchantment.MendingEnchantment (minecraft@1.20.1)
3967:             1             32  net.minecraft.world.item.enchantment.MultiShotEnchantment (minecraft@1.20.1)
3968:             1             32  net.minecraft.world.item.enchantment.OxygenEnchantment (minecraft@1.20.1)
3969:             1             32  net.minecraft.world.item.enchantment.QuickChargeEnchantment (minecraft@1.20.1)
3970:             1             32  net.minecraft.world.item.enchantment.SoulSpeedEnchantment (minecraft@1.20.1)
3971:             1             32  net.minecraft.world.item.enchantment.SweepingEdgeEnchantment (minecraft@1.20.1)
3972:             1             32  net.minecraft.world.item.enchantment.SwiftSneakEnchantment (minecraft@1.20.1)
3973:             1             32  net.minecraft.world.item.enchantment.ThornsEnchantment (minecraft@1.20.1)
3974:             1             32  net.minecraft.world.item.enchantment.TridentChannelingEnchantment (minecraft@1.20.1)
3975:             1             32  net.minecraft.world.item.enchantment.TridentImpalerEnchantment (minecraft@1.20.1)
3976:             1             32  net.minecraft.world.item.enchantment.TridentLoyaltyEnchantment (minecraft@1.20.1)
3977:             1             32  net.minecraft.world.item.enchantment.TridentRiptideEnchantment (minecraft@1.20.1)
3978:             1             32  net.minecraft.world.item.enchantment.UntouchingEnchantment (minecraft@1.20.1)
3979:             1             32  net.minecraft.world.item.enchantment.VanishingCurseEnchantment (minecraft@1.20.1)
3980:             1             32  net.minecraft.world.item.enchantment.WaterWalkerEnchantment (minecraft@1.20.1)
3981:             1             32  net.minecraft.world.item.enchantment.WaterWorkerEnchantment (minecraft@1.20.1)
3982:             1             32  net.minecraft.world.level.biome.AmbientMoodSettings (minecraft@1.20.1)
3983:             1             32  net.minecraft.world.level.biome.BiomeGenerationSettings (minecraft@1.20.1)
3984:             1             32  net.minecraft.world.level.biome.BiomeSpecialEffects$GrassColorModifier$1 (minecraft@1.20.1)
3985:             1             32  net.minecraft.world.level.biome.BiomeSpecialEffects$GrassColorModifier$2 (minecraft@1.20.1)
3986:             1             32  net.minecraft.world.level.biome.BiomeSpecialEffects$GrassColorModifier$3 (minecraft@1.20.1)
3987:             1             32  net.minecraft.world.level.biome.MobSpawnSettings (minecraft@1.20.1)
3988:             2             32  net.minecraft.world.level.block.CaveVines$$Lambda$1776/0x00000008007b50b8 (minecraft@1.20.1)
3989:             1             32  net.minecraft.world.level.block.entity.DecoratedPotBlockEntity$Decorations (minecraft@1.20.1)
3990:             2             32  net.minecraft.world.level.block.state.StateHolder$$Lambda$1476/0x000000080071df60 (minecraft@1.20.1)
3991:             2             32  net.minecraft.world.level.levelgen.VerticalAnchor$Absolute (minecraft@1.20.1)
3992:             1             32  net.minecraft.world.level.levelgen.carver.CarverDebugSettings (minecraft@1.20.1)
3993:             1             32  net.minecraft.world.level.levelgen.feature.DesertWellFeature (minecraft@1.20.1)
3994:             2             32  net.minecraft.world.level.levelgen.feature.featuresize.FeatureSizeType (minecraft@1.20.1)
3995:             2             32  net.minecraft.world.level.levelgen.structure.placement.StructurePlacementType$$Lambda$3479/0x0000000800ad5240 (minecraft@1.20.1)
3996:             1             32  net.minecraft.world.level.material.EmptyFluid (minecraft@1.20.1)
3997:             1             32  net.minecraft.world.level.material.LavaFluid$Flowing (minecraft@1.20.1)
3998:             1             32  net.minecraft.world.level.material.LavaFluid$Source (minecraft@1.20.1)
3999:             1             32  net.minecraft.world.level.material.WaterFluid$Flowing (minecraft@1.20.1)
4000:             1             32  net.minecraft.world.level.material.WaterFluid$Source (minecraft@1.20.1)
4001:             1             32  net.minecraft.world.level.storage.LevelStorageSource (minecraft@1.20.1)
4002:             2             32  net.minecraft.world.level.storage.loot.providers.nbt.LootNbtProviderType (minecraft@1.20.1)
4003:             2             32  net.minecraft.world.level.storage.loot.providers.score.LootScoreProviderType (minecraft@1.20.1)
4004:             1             32  net.minecraftforge.client.model.ForgeFaceData (forge@47.4.13)
4005:             1             32  net.minecraftforge.client.model.ForgeItemModelShaper (forge@47.4.13)
4006:             1             32  net.minecraftforge.fml.earlydisplay.ElementShader (fmlearlydisplay@1.20.1-47.4.13)
4007:             1             32  net.minecraftforge.fml.earlydisplay.PerformanceInfo (fmlearlydisplay@1.20.1-47.4.13)
4008:             1             32  net.minecraftforge.fml.earlydisplay.SimpleFont (fmlearlydisplay@1.20.1-47.4.13)
4009:             1             32  net.minecraftforge.fml.loading.LanguageLoadingProvider (fmlloader@1.20.1-47.4.13)
4010:             1             32  net.minecraftforge.fml.loading.LoadingModList (fmlloader@1.20.1-47.4.13)
4011:             1             32  net.minecraftforge.fml.loading.VersionInfo (fmlloader@1.20.1-47.4.13)
4012:             1             32  net.minecraftforge.fml.loading.moddiscovery.ModDiscoverer (fmlloader@1.20.1-47.4.13)
4013:             1             32  net.minecraftforge.fml.loading.progress.ProgressMeter (fmlloader@1.20.1-47.4.13)
4014:             2             32  net.minecraftforge.jarjar.metadata.json.ArtifactVersionSerializer (JarJarMetadata@0.3.19)
4015:             2             32  net.minecraftforge.network.simple.SimpleChannel$$Lambda$4254/0x0000000800b8f190 (forge@47.4.13)
4016:             2             32  net.minecraftforge.network.simple.SimpleChannel$$Lambda$4260/0x0000000800b8f3c8 (forge@47.4.13)
4017:             2             32  net.minecraftforge.network.simple.SimpleChannel$MessageBuilder$$Lambda$4288/0x0000000800bb4230 (forge@47.4.13)
4018:             1             32  org.antlr.v4.runtime.atn.EmptyPredictionContext (org.antlr.antlr4.runtime@4.9.1)
4019:             2             32  org.antlr.v4.runtime.atn.PredictionContextCache (org.antlr.antlr4.runtime@4.9.1)
4020:             2             32  org.apache.commons.lang3.mutable.MutableObject (org.apache.commons.lang3@3.12.0)
4021:             2             32  org.apache.commons.lang3.text.StrMatcher$CharSetMatcher (org.apache.commons.lang3@3.12.0)
4022:             2             32  org.apache.commons.lang3.text.translate.UnicodeUnpairedSurrogateRemover (org.apache.commons.lang3@3.12.0)
4023:             1             32  org.apache.logging.log4j.core.appender.rolling.SizeBasedTriggeringPolicy (org.apache.logging.log4j.core@2.19.0)
4024:             2             32  org.apache.logging.log4j.core.config.DefaultAdvertiser (org.apache.logging.log4j.core@2.19.0)
4025:             1             32  org.apache.logging.log4j.core.filter.ThresholdFilter (org.apache.logging.log4j.core@2.19.0)
4026:             1             32  org.apache.logging.log4j.core.impl.ThrowableFormatOptions (org.apache.logging.log4j.core@2.19.0)
4027:             2             32  org.apache.logging.log4j.core.layout.PatternLayout$NoFormatPatternSerializer (org.apache.logging.log4j.core@2.19.0)
4028:             2             32  org.apache.logging.log4j.core.lookup.StrMatcher$CharSetMatcher (org.apache.logging.log4j.core@2.19.0)
4029:             2             32  org.apache.logging.log4j.core.pattern.NameAbbreviator$PatternAbbreviator (org.apache.logging.log4j.core@2.19.0)
4030:             1             32  org.apache.logging.log4j.core.util.DefaultShutdownCallbackRegistry (org.apache.logging.log4j.core@2.19.0)
4031:             2             32  org.apache.logging.log4j.core.util.SystemClock (org.apache.logging.log4j.core@2.19.0)
4032:             1             32  org.apache.logging.log4j.core.util.datetime.FastDateParser$CaseInsensitiveTextStrategy (org.apache.logging.log4j.core@2.19.0)
4033:             2             32  org.apache.logging.log4j.message.ReusableSimpleMessage (org.apache.logging.log4j@2.19.0)
4034:             1             32  org.apache.logging.log4j.status.StatusLogger$BoundedQueue (org.apache.logging.log4j@2.19.0)
4035:             2             32  org.apache.logging.log4j.util.EnvironmentPropertySource (org.apache.logging.log4j@2.19.0)
4036:             2             32  org.apache.logging.log4j.util.PropertiesUtil (org.apache.logging.log4j@2.19.0)
4037:             2             32  org.apache.logging.log4j.util.PropertySource$Comparator (org.apache.logging.log4j@2.19.0)
4038:             2             32  org.apache.logging.log4j.util.SystemPropertiesPropertySource (org.apache.logging.log4j@2.19.0)
4039:             2             32  org.jline.terminal.impl.NativeSignalHandler (jline.terminal@3.12.1)
4040:             1             32  org.lwjgl.system.Platform$1 (org.lwjgl@3.3.1+7)
4041:             1             32  org.lwjgl.system.Platform$2 (org.lwjgl@3.3.1+7)
4042:             1             32  org.lwjgl.system.Platform$3 (org.lwjgl@3.3.1+7)
4043:             1             32  org.openjdk.nashorn.internal.codegen.CompilationPhase$ApplySpecializationPhase (org.openjdk.nashorn)
4044:             1             32  org.openjdk.nashorn.internal.codegen.CompilationPhase$BytecodeGenerationPhase (org.openjdk.nashorn)
4045:             1             32  org.openjdk.nashorn.internal.codegen.CompilationPhase$CacheAstPhase (org.openjdk.nashorn)
4046:             1             32  org.openjdk.nashorn.internal.codegen.CompilationPhase$ConstantFoldingPhase (org.openjdk.nashorn)
4047:             1             32  org.openjdk.nashorn.internal.codegen.CompilationPhase$DeclareLocalSymbolsPhase (org.openjdk.nashorn)
4048:             1             32  org.openjdk.nashorn.internal.codegen.CompilationPhase$InstallPhase (org.openjdk.nashorn)
4049:             1             32  org.openjdk.nashorn.internal.codegen.CompilationPhase$LocalVariableTypeCalculationPhase (org.openjdk.nashorn)
4050:             1             32  org.openjdk.nashorn.internal.codegen.CompilationPhase$LoweringPhase (org.openjdk.nashorn)
4051:             1             32  org.openjdk.nashorn.internal.codegen.CompilationPhase$OptimisticTypeAssignmentPhase (org.openjdk.nashorn)
4052:             1             32  org.openjdk.nashorn.internal.codegen.CompilationPhase$ProgramPointPhase (org.openjdk.nashorn)
4053:             1             32  org.openjdk.nashorn.internal.codegen.CompilationPhase$ReinitializeCachedPhase (org.openjdk.nashorn)
4054:             1             32  org.openjdk.nashorn.internal.codegen.CompilationPhase$ReuseCompileUnitsPhase (org.openjdk.nashorn)
4055:             1             32  org.openjdk.nashorn.internal.codegen.CompilationPhase$ScopeDepthComputationPhase (org.openjdk.nashorn)
4056:             1             32  org.openjdk.nashorn.internal.codegen.CompilationPhase$SplittingPhase (org.openjdk.nashorn)
4057:             1             32  org.openjdk.nashorn.internal.codegen.CompilationPhase$SymbolAssignmentPhase (org.openjdk.nashorn)
4058:             1             32  org.openjdk.nashorn.internal.codegen.CompilerConstants$4 (org.openjdk.nashorn)
4059:             2             32  org.openjdk.nashorn.internal.runtime.Undefined (org.openjdk.nashorn)
4060:             1             32  org.openjdk.nashorn.internal.runtime.linker.JavaAdapterFactory$AdapterInfo (org.openjdk.nashorn)
4061:             2             32  org.slf4j.helpers.BasicMarkerFactory (org.slf4j@2.0.1)
4062:             1             32  org.spongepowered.asm.launch.MixinLaunchPlugin (org.spongepowered.mixin)
4063:             1             32  org.spongepowered.asm.launch.platform.MixinPlatformManager (org.spongepowered.mixin)
4064:             1             32  org.spongepowered.asm.mixin.injection.invoke.arg.ArgsClassGenerator (org.spongepowered.mixin)
4065:             1             32  org.spongepowered.asm.mixin.refmap.ReferenceMapper (org.spongepowered.mixin)
4066:             1             32  org.spongepowered.asm.mixin.transformer.InnerClassGenerator (org.spongepowered.mixin)
4067:             2             32  org.spongepowered.asm.mixin.transformer.MixinConfig$OverwriteOptions (org.spongepowered.mixin)
4068:             1             32  org.spongepowered.asm.mixin.transformer.MixinCoprocessors (org.spongepowered.mixin)
4069:             1             32  org.spongepowered.asm.mixin.transformer.ext.extensions.ExtensionCheckInterfaces (org.spongepowered.mixin)
4070:             2             32  org.spongepowered.asm.obfuscation.RemapperChain (org.spongepowered.mixin)
4071:             1             32  org.spongepowered.asm.service.MixinService (org.spongepowered.mixin)
4072:             1             32  sun.net.www.http.ClientVector (java.base@17.0.15)
4073:             1             32  sun.net.www.http.KeepAliveKey (java.base@17.0.15)
4074:             2             32  sun.net.www.protocol.file.Handler (java.base@17.0.15)
4075:             1             32  sun.net.www.protocol.https.Handler (java.base@17.0.15)
4076:             2             32  sun.net.www.protocol.jar.Handler (java.base@17.0.15)
4077:             2             32  sun.net.www.protocol.jrt.Handler (java.base@17.0.15)
4078:             1             32  sun.nio.fs.LinuxFileSystem (java.base@17.0.15)
4079:             2             32  sun.reflect.generics.tree.ArrayTypeSignature (java.base@17.0.15)
4080:             2             32  sun.reflect.generics.tree.TypeVariableSignature (java.base@17.0.15)
4081:             1             32  sun.security.ec.ed.Ed25519Operations (jdk.crypto.ec@17.0.15)
4082:             1             32  sun.security.ec.ed.Ed448Operations (jdk.crypto.ec@17.0.15)
4083:             1             32  sun.security.ec.point.ExtendedHomogeneousPoint$Immutable (jdk.crypto.ec@17.0.15)
4084:             2             32  sun.security.provider.FileInputStreamPool$UnclosableInputStream (java.base@17.0.15)
4085:             1             32  sun.security.provider.SecureRandom (java.base@17.0.15)
4086:             2             32  sun.security.ssl.AlpnExtension$SHAlpnAbsence (java.base@17.0.15)
4087:             2             32  sun.security.ssl.AlpnExtension$SHAlpnConsumer (java.base@17.0.15)
4088:             2             32  sun.security.ssl.AlpnExtension$SHAlpnProducer (java.base@17.0.15)
4089:             2             32  sun.security.ssl.Authenticator$TLS13Authenticator (java.base@17.0.15)
4090:             2             32  sun.security.ssl.DHKeyExchange$DHEKAGenerator (java.base@17.0.15)
4091:             2             32  sun.security.ssl.DHKeyExchange$DHEPossessionGenerator (java.base@17.0.15)
4092:             2             32  sun.security.ssl.SSLAlgorithmDecomposer (java.base@17.0.15)
4093:             2             32  sun.security.ssl.SSLCipher$NullReadCipherGenerator (java.base@17.0.15)
4094:             2             32  sun.security.ssl.SSLCipher$NullWriteCipherGenerator (java.base@17.0.15)
4095:             2             32  sun.security.ssl.SSLCipher$T12GcmReadCipherGenerator (java.base@17.0.15)
4096:             2             32  sun.security.ssl.SSLCipher$T12GcmWriteCipherGenerator (java.base@17.0.15)
4097:             2             32  sun.security.ssl.SSLCipher$T13GcmReadCipherGenerator (java.base@17.0.15)
4098:             2             32  sun.security.ssl.SSLCipher$T13GcmWriteCipherGenerator (java.base@17.0.15)
4099:             1             32  sun.security.ssl.SSLSocketImpl$AppInputStream (java.base@17.0.15)
4100:             2             32  sun.security.ssl.ServerHello$T12ServerHelloConsumer (java.base@17.0.15)
4101:             2             32  sun.security.ssl.ServerHello$T13HelloRetryRequestConsumer (java.base@17.0.15)
4102:             2             32  sun.security.ssl.ServerHello$T13ServerHelloConsumer (java.base@17.0.15)
4103:             2             32  sun.security.ssl.SupportedVersionsExtension$SHSupportedVersionsStringizer (java.base@17.0.15)
4104:             1             32  sun.security.ssl.TrustStoreManager$TrustAnchorManager (java.base@17.0.15)
4105:             2             32  sun.security.util.AlgorithmDecomposer (java.base@17.0.15)
4106:             2             32  sun.security.util.HostnameChecker (java.base@17.0.15)
4107:             1             32  sun.security.util.KnownOIDs$1 (java.base@17.0.15)
4108:             1             32  sun.security.util.KnownOIDs$10 (java.base@17.0.15)
4109:             1             32  sun.security.util.KnownOIDs$2 (java.base@17.0.15)
4110:             1             32  sun.security.util.KnownOIDs$3 (java.base@17.0.15)
4111:             1             32  sun.security.util.KnownOIDs$4 (java.base@17.0.15)
4112:             1             32  sun.security.util.KnownOIDs$5 (java.base@17.0.15)
4113:             1             32  sun.security.util.KnownOIDs$6 (java.base@17.0.15)
4114:             1             32  sun.security.util.KnownOIDs$7 (java.base@17.0.15)
4115:             1             32  sun.security.util.KnownOIDs$8 (java.base@17.0.15)
4116:             1             32  sun.security.util.KnownOIDs$9 (java.base@17.0.15)
4117:             1             32  sun.security.util.math.intpoly.Curve25519OrderField (java.base@17.0.15)
4118:             1             32  sun.security.util.math.intpoly.Curve448OrderField (java.base@17.0.15)
4119:             2             32  sun.security.util.math.intpoly.IntegerPolynomial$Limb (java.base@17.0.15)
4120:             1             32  sun.security.util.math.intpoly.IntegerPolynomial25519 (java.base@17.0.15)
4121:             1             32  sun.security.util.math.intpoly.IntegerPolynomial448 (java.base@17.0.15)
4122:             1             32  sun.security.util.math.intpoly.IntegerPolynomialP256 (java.base@17.0.15)
4123:             1             32  sun.security.util.math.intpoly.IntegerPolynomialP384 (java.base@17.0.15)
4124:             1             32  sun.security.util.math.intpoly.IntegerPolynomialP521 (java.base@17.0.15)
4125:             1             32  sun.security.util.math.intpoly.P256OrderField (java.base@17.0.15)
4126:             1             32  sun.security.util.math.intpoly.P384OrderField (java.base@17.0.15)
4127:             1             32  sun.security.util.math.intpoly.P521OrderField (java.base@17.0.15)
4128:             1             32  sun.security.x509.PrivateKeyUsageExtension (java.base@17.0.15)
4129:             1             24  [Lcom.electronwill.nightconfig.core.io.NewlineStyle; (com.electronwill.nightconfig.core@3.6.4)
4130:             1             24  [Lcom.electronwill.nightconfig.core.io.WritingMode; (com.electronwill.nightconfig.core@3.6.4)
4131:             1             24  [Lcom.google.common.base.Functions$IdentityFunction; (com.google.common@31.1-jre)
4132:             1             24  [Lcom.google.common.cache.CacheBuilder$NullListener; (com.google.common@31.1-jre)
4133:             1             24  [Lcom.google.common.cache.CacheBuilder$OneWeigher; (com.google.common@31.1-jre)
4134:             1             24  [Lcom.google.common.collect.Iterators$EmptyModifiableIterator; (com.google.common@31.1-jre)
4135:             1             24  [Lcom.google.common.collect.MapMaker$Dummy; (com.google.common@31.1-jre)
4136:             1             24  [Lcom.google.common.collect.MapMakerInternalMap$Strength; (com.google.common@31.1-jre)
4137:             1             24  [Lcom.google.common.io.RecursiveDeleteOption; (com.google.common@31.1-jre)
4138:             1             24  [Lcom.google.gson.LongSerializationPolicy; (com.google.gson@2.10)
4139:             1             24  [Lcom.google.gson.LongSerializationPolicy;
4140:             1             24  [Lcom.ibm.icu.impl.Trie2$ValueWidth; (com.ibm.icu@71.1)
4141:             1             24  [Lcom.llamalad7.mixinextras.service.Versioned; (MixinExtras@0.5.3)
4142:             1             24  [Lcom.mojang.authlib.yggdrasil.YggdrasilEnvironment; (authlib@4.0.43)
4143:             1             24  [Lcom.mojang.blaze3d.platform.GlStateManager$Viewport; (minecraft@1.20.1)
4144:             1             24  [Lcom.mojang.blaze3d.platform.IconSet; (minecraft@1.20.1)
4145:             1             24  [Lcom.mojang.blaze3d.shaders.FogShape; (minecraft@1.20.1)
4146:             1             24  [Lcom.mojang.blaze3d.shaders.Program$Type; (minecraft@1.20.1)
4147:             1             24  [Lcom.mojang.blaze3d.vertex.VertexBuffer$Usage; (minecraft@1.20.1)
4148:             1             24  [Lcom.mojang.blaze3d.vertex.VertexFormat$IndexType; (minecraft@1.20.1)
4149:             1             24  [Lcom.mojang.datafixers.TypeRewriteRule$Nop; (datafixerupper@6.0.8)
4150:             1             24  [Lcom.mojang.datafixers.functions.PointFreeRule$AppNest; (datafixerupper@6.0.8)
4151:             1             24  [Lcom.mojang.datafixers.functions.PointFreeRule$CataFuseDifferent; (datafixerupper@6.0.8)
4152:             1             24  [Lcom.mojang.datafixers.functions.PointFreeRule$CataFuseSame; (datafixerupper@6.0.8)
4153:             1             24  [Lcom.mojang.datafixers.functions.PointFreeRule$LensComp; (datafixerupper@6.0.8)
4154:             1             24  [Lcom.mojang.datafixers.functions.PointFreeRule$SortInj; (datafixerupper@6.0.8)
4155:             1             24  [Lcom.mojang.datafixers.functions.PointFreeRule$SortProj; (datafixerupper@6.0.8)
4156:             1             24  [Lcom.mojang.datafixers.util.Unit; (datafixerupper@6.0.8)
4157:             1             24  [Lcom.mojang.serialization.DataResult$Instance; (datafixerupper@6.0.8)
4158:             1             24  [Lcom.sun.jna.Structure; (com.sun.jna@5.12.1)
4159:             1             24  [Lcom.sun.org.apache.xerces.internal.utils.XMLSecurityPropertyManager$Property; (java.xml@17.0.15)
4160:             1             24  [Lio.github.zekerzhayard.forgewrapper.installer.util.ModuleUtil$TypeToAdd;
4161:             1             24  [Ljava.io.File$PathStatus; (java.base@17.0.15)
4162:             1             24  [Ljava.lang.StackWalker$ExtendedOption; (java.base@17.0.15)
4163:             1             24  [Ljava.lang.invoke.MethodHandles$Lookup$ClassOption; (java.base@17.0.15)
4164:             1             24  [Ljava.nio.file.LinkOption; (java.base@17.0.15)
4165:             1             24  [Ljava.time.temporal.IsoFields$Unit; (java.base@17.0.15)
4166:             1             24  [Ljava.util.Comparators$NaturalOrderComparator; (java.base@17.0.15)
4167:             1             24  [Ljava.util.Locale$Category; (java.base@17.0.15)
4168:             1             24  [Ljavax.net.ssl.KeyManager; (java.base@17.0.15)
4169:             1             24  [Ljavax.net.ssl.TrustManager; (java.base@17.0.15)
4170:             1             24  [Ljdk.internal.icu.util.CodePointTrie$Type; (java.base@17.0.15)
4171:             1             24  [Lnet.minecraft.Util$IdentityStrategy; (minecraft@1.20.1)
4172:             1             24  [Lnet.minecraft.client.OptionInstance$UnitDouble; (minecraft@1.20.1)
4173:             1             24  [Lnet.minecraft.client.gui.font.glyphs.SpecialGlyphs; (minecraft@1.20.1)
4174:             1             24  [Lnet.minecraft.client.renderer.block.model.BlockModel$GuiLight; (minecraft@1.20.1)
4175:             1             24  [Lnet.minecraft.client.resources.DefaultPlayerSkin$ModelType; (minecraft@1.20.1)
4176:             1             24  [Lnet.minecraft.client.resources.sounds.Sound$Type; (minecraft@1.20.1)
4177:             1             24  [Lnet.minecraft.client.resources.sounds.SoundInstance$Attenuation; (minecraft@1.20.1)
4178:             1             24  [Lnet.minecraft.core.Direction$AxisDirection; (minecraft@1.20.1)
4179:             1             24  [Lnet.minecraft.core.Direction$Plane; (minecraft@1.20.1)
4180:             1             24  [Lnet.minecraft.core.Holder$Reference$Type; (minecraft@1.20.1)
4181:             1             24  [Lnet.minecraft.server.packs.repository.Pack$Position; (minecraft@1.20.1)
4182:             1             24  [Lnet.minecraft.util.Unit; (minecraft@1.20.1)
4183:             1             24  [Lnet.minecraft.world.entity.EquipmentSlot$Type; (minecraft@1.20.1)
4184:             1             24  [Lnet.minecraft.world.item.CreativeModeTab$Row; (minecraft@1.20.1)
4185:             1             24  [Lnet.minecraft.world.level.LightLayer; (minecraft@1.20.1)
4186:             1             24  [Lnet.minecraft.world.level.block.PressurePlateBlock$Sensitivity; (minecraft@1.20.1)
4187:             1             24  [Lnet.minecraft.world.level.block.state.BlockState; (minecraft@1.20.1)
4188:             1             24  [Lnet.minecraft.world.level.chunk.ChunkStatus$ChunkType; (minecraft@1.20.1)
4189:             1             24  [Lnet.minecraft.world.level.levelgen.DensityFunctions$BeardifierMarker; (minecraft@1.20.1)
4190:             1             24  [Lnet.minecraft.world.level.levelgen.DensityFunctions$BlendAlpha; (minecraft@1.20.1)
4191:             1             24  [Lnet.minecraft.world.level.levelgen.DensityFunctions$BlendOffset; (minecraft@1.20.1)
4192:             1             24  [Lnet.minecraft.world.level.levelgen.SurfaceRules$AbovePreliminarySurface; (minecraft@1.20.1)
4193:             1             24  [Lnet.minecraft.world.level.levelgen.SurfaceRules$Bandlands; (minecraft@1.20.1)
4194:             1             24  [Lnet.minecraft.world.level.levelgen.SurfaceRules$Hole; (minecraft@1.20.1)
4195:             1             24  [Lnet.minecraft.world.level.levelgen.SurfaceRules$Steep; (minecraft@1.20.1)
4196:             1             24  [Lnet.minecraft.world.level.levelgen.SurfaceRules$Temperature; (minecraft@1.20.1)
4197:             1             24  [Lnet.minecraftforge.accesstransformer.AccessTransformerEngine; (accesstransformers@8.0.4)
4198:             1             24  [Lnet.minecraftforge.event.TickEvent$Phase; (forge@47.4.13)
4199:             1             24  [Lnet.minecraftforge.fml.LogicalSide; (fmlcore@1.20.1-47.4.13)
4200:             1             24  [Lnet.minecraftforge.fml.earlydisplay.ColourScheme; (fmlearlydisplay@1.20.1-47.4.13)
4201:             1             24  [Lnet.minecraftforge.fml.earlydisplay.SimpleBufferBuilder$Mode; (fmlearlydisplay@1.20.1-47.4.13)
4202:             1             24  [Lnet.minecraftforge.network.event.EventNetworkChannel; (forge@47.4.13)
4203:             1             24  [Lorg.antlr.v4.runtime.atn.ATNDeserializer$UnicodeDeserializingMode; (org.antlr.antlr4.runtime@4.9.1)
4204:             1             24  [Lorg.antlr.v4.runtime.atn.ATNType; (org.antlr.antlr4.runtime@4.9.1)
4205:             1             24  [Lorg.apache.logging.log4j.core.appender.ConsoleAppender$Target; (org.apache.logging.log4j.core@2.19.0)
4206:             1             24  [Lorg.apache.logging.log4j.core.async.ThreadNameCachingStrategy; (org.apache.logging.log4j.core@2.19.0)
4207:             1             24  [Lorg.apache.logging.log4j.core.config.status.StatusConfiguration$Verbosity; (org.apache.logging.log4j.core@2.19.0)
4208:             1             24  [Lorg.apache.logging.log4j.core.pattern.NameAbbreviator$MaxElementAbbreviator$Strategy; (org.apache.logging.log4j.core@2.19.0)
4209:             1             24  [Lorg.joml.Vector3f; (org.joml@1.10.5)
4210:             1             24  [Lsun.security.provider.certpath.ResponderId$Type; (java.base@17.0.15)
4211:             1             24  [Lsun.security.rsa.RSAUtil$KeyType; (java.base@17.0.15)
4212:             1             24  [Lsun.security.ssl.CertStatusExtension$CertStatusRequest; (java.base@17.0.15)
4213:             1             24  [Lsun.security.ssl.CertStatusExtension$CertStatusRequestType; (java.base@17.0.15)
4214:             1             24  [Lsun.security.ssl.EphemeralKeyManager$EphemeralKeyPair; (java.base@17.0.15)
4215:             1             24  [Lsun.security.ssl.PskKeyExchangeModesExtension$PskKeyExchangeMode; (java.base@17.0.15)
4216:             1             24  com.electronwill.nightconfig.core.file.SimpleCommentedFileConfig (com.electronwill.nightconfig.core@3.6.4)
4217:             1             24  com.google.common.base.Functions$IdentityFunction (com.google.common@31.1-jre)
4218:             1             24  com.google.common.cache.CacheBuilder$NullListener (com.google.common@31.1-jre)
4219:             1             24  com.google.common.cache.CacheBuilder$OneWeigher (com.google.common@31.1-jre)
4220:             1             24  com.google.common.cache.LocalCache$EntryFactory$1 (com.google.common@31.1-jre)
4221:             1             24  com.google.common.cache.LocalCache$EntryFactory$2 (com.google.common@31.1-jre)
4222:             1             24  com.google.common.cache.LocalCache$EntryFactory$3 (com.google.common@31.1-jre)
4223:             1             24  com.google.common.cache.LocalCache$EntryFactory$4 (com.google.common@31.1-jre)
4224:             1             24  com.google.common.cache.LocalCache$EntryFactory$5 (com.google.common@31.1-jre)
4225:             1             24  com.google.common.cache.LocalCache$EntryFactory$6 (com.google.common@31.1-jre)
4226:             1             24  com.google.common.cache.LocalCache$EntryFactory$7 (com.google.common@31.1-jre)
4227:             1             24  com.google.common.cache.LocalCache$EntryFactory$8 (com.google.common@31.1-jre)
4228:             1             24  com.google.common.cache.LocalCache$Strength$1 (com.google.common@31.1-jre)
4229:             1             24  com.google.common.cache.LocalCache$Strength$2 (com.google.common@31.1-jre)
4230:             1             24  com.google.common.cache.LocalCache$Strength$3 (com.google.common@31.1-jre)
4231:             1             24  com.google.common.collect.EvictingQueue (com.google.common@31.1-jre)
4232:             1             24  com.google.common.collect.ImmutableMap$IteratorBasedImmutableMap$1EntrySetImpl (com.google.common@31.1-jre)
4233:             1             24  com.google.common.collect.ImmutableSet$EmptySetBuilderImpl (com.google.common@31.1-jre)
4234:             1             24  com.google.common.collect.Iterators$EmptyModifiableIterator (com.google.common@31.1-jre)
4235:             1             24  com.google.common.collect.MapMaker$Dummy (com.google.common@31.1-jre)
4236:             1             24  com.google.common.collect.MapMakerInternalMap$Strength$1 (com.google.common@31.1-jre)
4237:             1             24  com.google.common.collect.MapMakerInternalMap$Strength$2 (com.google.common@31.1-jre)
4238:             1             24  com.google.common.collect.NaturalOrdering (com.google.common@31.1-jre)
4239:             1             24  com.google.common.io.RecursiveDeleteOption (com.google.common@31.1-jre)
4240:             1             24  com.google.gson.FieldNamingPolicy$1 (com.google.gson@2.10)
4241:             1             24  com.google.gson.FieldNamingPolicy$1
4242:             1             24  com.google.gson.FieldNamingPolicy$2 (com.google.gson@2.10)
4243:             1             24  com.google.gson.FieldNamingPolicy$2
4244:             1             24  com.google.gson.FieldNamingPolicy$3 (com.google.gson@2.10)
4245:             1             24  com.google.gson.FieldNamingPolicy$3
4246:             1             24  com.google.gson.FieldNamingPolicy$4 (com.google.gson@2.10)
4247:             1             24  com.google.gson.FieldNamingPolicy$4
4248:             1             24  com.google.gson.FieldNamingPolicy$5 (com.google.gson@2.10)
4249:             1             24  com.google.gson.FieldNamingPolicy$5
4250:             1             24  com.google.gson.FieldNamingPolicy$6 (com.google.gson@2.10)
4251:             1             24  com.google.gson.FieldNamingPolicy$6
4252:             1             24  com.google.gson.FieldNamingPolicy$7 (com.google.gson@2.10)
4253:             1             24  com.google.gson.FieldNamingPolicy$7
4254:             1             24  com.google.gson.LongSerializationPolicy$1
4255:             1             24  com.google.gson.LongSerializationPolicy$1 (com.google.gson@2.10)
4256:             1             24  com.google.gson.LongSerializationPolicy$2
4257:             1             24  com.google.gson.LongSerializationPolicy$2 (com.google.gson@2.10)
4258:             1             24  com.google.gson.ToNumberPolicy$1 (com.google.gson@2.10)
4259:             1             24  com.google.gson.ToNumberPolicy$1
4260:             1             24  com.google.gson.ToNumberPolicy$2 (com.google.gson@2.10)
4261:             1             24  com.google.gson.ToNumberPolicy$2
4262:             1             24  com.google.gson.ToNumberPolicy$3 (com.google.gson@2.10)
4263:             1             24  com.google.gson.ToNumberPolicy$3
4264:             1             24  com.google.gson.ToNumberPolicy$4 (com.google.gson@2.10)
4265:             1             24  com.google.gson.ToNumberPolicy$4
4266:             1             24  com.google.gson.internal.ConstructorConstructor
4267:             1             24  com.google.gson.internal.ConstructorConstructor$19 (com.google.gson@2.10)
4268:             1             24  com.google.gson.internal.ConstructorConstructor$19
4269:             1             24  com.google.gson.internal.ConstructorConstructor$3
4270:             1             24  com.google.gson.internal.UnsafeAllocator$1 (com.google.gson@2.10)
4271:             1             24  com.google.gson.internal.UnsafeAllocator$1
4272:             1             24  com.google.gson.internal.bind.JsonTreeReader$1 (com.google.gson@2.10)
4273:             1             24  com.google.gson.internal.bind.MapTypeAdapterFactory
4274:             1             24  com.google.gson.internal.bind.ReflectiveTypeAdapterFactory$FieldReflectionAdapter (com.google.gson@2.10)
4275:             1             24  com.google.gson.internal.bind.TypeAdapters$33
4276:             1             24  com.google.gson.internal.bind.TypeAdapters$33 (com.google.gson@2.10)
4277:             1             24  com.llamalad7.mixinextras.lib.semver.VersionParser$CharType$1 (MixinExtras@0.5.3)
4278:             1             24  com.llamalad7.mixinextras.lib.semver.VersionParser$CharType$2 (MixinExtras@0.5.3)
4279:             1             24  com.llamalad7.mixinextras.lib.semver.VersionParser$CharType$3 (MixinExtras@0.5.3)
4280:             1             24  com.llamalad7.mixinextras.lib.semver.VersionParser$CharType$4 (MixinExtras@0.5.3)
4281:             1             24  com.llamalad7.mixinextras.lib.semver.VersionParser$CharType$5 (MixinExtras@0.5.3)
4282:             1             24  com.llamalad7.mixinextras.lib.semver.VersionParser$CharType$6 (MixinExtras@0.5.3)
4283:             1             24  com.llamalad7.mixinextras.lib.semver.VersionParser$CharType$7 (MixinExtras@0.5.3)
4284:             1             24  com.llamalad7.mixinextras.service.ServiceInitializationExtension (MixinExtras@0.5.3)
4285:             1             24  com.llamalad7.mixinextras.transformer.MixinTransformerExtension (MixinExtras@0.5.3)
4286:             1             24  com.llamalad7.mixinextras.utils.InternalConstructor$$Lambda$990/0x0000000800536f20 (MixinExtras@0.5.3)
4287:             1             24  com.mojang.authlib.minecraft.UserApiService$UserProperties (authlib@4.0.43)
4288:             1             24  com.mojang.authlib.yggdrasil.YggdrasilServicesKeyInfo$$Lambda$4364/0x0000000800be9600 (authlib@4.0.43)
4289:             1             24  com.mojang.authlib.yggdrasil.YggdrasilServicesKeyInfo$$Lambda$4966/0x0000000800d2cf60 (authlib@4.0.43)
4290:             1             24  com.mojang.blaze3d.audio.Listener (minecraft@1.20.1)
4291:             1             24  com.mojang.blaze3d.pipeline.MainTarget$Dimension (minecraft@1.20.1)
4292:             1             24  com.mojang.blaze3d.platform.GlStateManager$ColorLogicState (minecraft@1.20.1)
4293:             1             24  com.mojang.blaze3d.platform.GlStateManager$CullState (minecraft@1.20.1)
4294:             1             24  com.mojang.blaze3d.platform.GlStateManager$DepthState (minecraft@1.20.1)
4295:             1             24  com.mojang.blaze3d.platform.GlStateManager$StencilFunc (minecraft@1.20.1)
4296:             1             24  com.mojang.blaze3d.platform.ScreenManager (minecraft@1.20.1)
4297:             1             24  com.mojang.blaze3d.vertex.PoseStack$Pose (minecraft@1.20.1)
4298:             1             24  com.mojang.datafixers.TypeRewriteRule$Nop (datafixerupper@6.0.8)
4299:             1             24  com.mojang.datafixers.functions.PointFreeRule$AppNest (datafixerupper@6.0.8)
4300:             1             24  com.mojang.datafixers.functions.PointFreeRule$CataFuseDifferent (datafixerupper@6.0.8)
4301:             1             24  com.mojang.datafixers.functions.PointFreeRule$CataFuseSame (datafixerupper@6.0.8)
4302:             1             24  com.mojang.datafixers.functions.PointFreeRule$Everywhere (datafixerupper@6.0.8)
4303:             1             24  com.mojang.datafixers.functions.PointFreeRule$LensComp (datafixerupper@6.0.8)
4304:             1             24  com.mojang.datafixers.functions.PointFreeRule$SortInj (datafixerupper@6.0.8)
4305:             1             24  com.mojang.datafixers.functions.PointFreeRule$SortProj (datafixerupper@6.0.8)
4306:             1             24  com.mojang.datafixers.types.constant.EmptyPart (datafixerupper@6.0.8)
4307:             1             24  com.mojang.datafixers.types.constant.EmptyPartPassthrough (datafixerupper@6.0.8)
4308:             1             24  com.mojang.datafixers.util.Unit (datafixerupper@6.0.8)
4309:             1             24  com.mojang.realmsclient.client.RealmsClient (minecraft@1.20.1)
4310:             1             24  com.mojang.realmsclient.gui.RealmsNewsManager (minecraft@1.20.1)
4311:             1             24  com.mojang.realmsclient.gui.task.DataFetcher (minecraft@1.20.1)
4312:             1             24  com.mojang.serialization.DataResult$Instance (datafixerupper@6.0.8)
4313:             1             24  com.mojang.serialization.MapCodec$7 (datafixerupper@6.0.8)
4314:             1             24  com.mojang.serialization.codecs.EitherMapCodec (datafixerupper@6.0.8)
4315:             1             24  com.mojang.text2speech.NarratorLinux (text2speech@1.17.9)
4316:             1             24  com.sun.jmx.mbeanserver.ClassLoaderRepositorySupport (java.management@17.0.15)
4317:             1             24  com.sun.jmx.mbeanserver.MXBeanLookup (java.management@17.0.15)
4318:             1             24  com.sun.jmx.remote.util.ClassLogger (java.management@17.0.15)
4319:             1             24  com.sun.jna.Structure$3 (com.sun.jna@5.12.1)
4320:             1             24  com.sun.jna.Structure$StructureSet (com.sun.jna@5.12.1)
4321:             1             24  com.sun.jna.StructureReadContext (com.sun.jna@5.12.1)
4322:             1             24  com.sun.jna.WeakMemoryHolder (com.sun.jna@5.12.1)
4323:             1             24  com.sun.jna.internal.Cleaner (com.sun.jna@5.12.1)
4324:             1             24  com.sun.management.internal.HotSpotThreadImpl (jdk.management@17.0.15)
4325:             1             24  com.sun.management.internal.PlatformMBeanProviderImpl$1 (jdk.management@17.0.15)
4326:             1             24  com.sun.management.internal.PlatformMBeanProviderImpl$2 (jdk.management@17.0.15)
4327:             1             24  com.sun.management.internal.PlatformMBeanProviderImpl$3 (jdk.management@17.0.15)
4328:             1             24  com.sun.management.internal.PlatformMBeanProviderImpl$4 (jdk.management@17.0.15)
4329:             1             24  com.sun.management.internal.PlatformMBeanProviderImpl$5 (jdk.management@17.0.15)
4330:             1             24  com.sun.org.apache.xerces.internal.impl.Constants$ArrayEnumeration (java.xml@17.0.15)
4331:             1             24  com.sun.org.apache.xerces.internal.jaxp.SAXParserFactoryImpl (java.xml@17.0.15)
4332:             1             24  cpw.mods.modlauncher.ArgumentHandler$DiscoveryData (cpw.mods.modlauncher@10.0.9)
4333:             1             24  cpw.mods.modlauncher.Environment (cpw.mods.modlauncher@10.0.9)
4334:             1             24  cpw.mods.modlauncher.LaunchPluginHandler$$Lambda$945/0x0000000800505b48 (cpw.mods.modlauncher@10.0.9)
4335:             1             24  cpw.mods.modlauncher.LaunchPluginHandler$$Lambda$955/0x0000000800514000 (cpw.mods.modlauncher@10.0.9)
4336:             1             24  cpw.mods.modlauncher.ModuleLayerHandler (cpw.mods.modlauncher@10.0.9)
4337:             1             24  cpw.mods.modlauncher.NameMappingServiceHandler (cpw.mods.modlauncher@10.0.9)
4338:             1             24  cpw.mods.modlauncher.TransformStore (cpw.mods.modlauncher@10.0.9)
4339:             1             24  cpw.mods.modlauncher.TransformationServicesHandler (cpw.mods.modlauncher@10.0.9)
4340:             1             24  cpw.mods.modlauncher.TransformingClassLoaderBuilder (cpw.mods.modlauncher@10.0.9)
4341:             1             24  cpw.mods.niofs.union.UnionFileSystemProvider (cpw.mods.securejarhandler)
4342:             1             24  io.github.zekerzhayard.forgewrapper.installer.detector.MultiMCFileDetector
4343:             1             24  io.netty.util.AttributeKey$1 (io.netty.common@4.1.82.Final)
4344:             1             24  it.unimi.dsi.fastutil.doubles.DoubleLists$UnmodifiableRandomAccessList (it.unimi.dsi.fastutil@8.5.9)
4345:             1             24  it.unimi.dsi.fastutil.ints.IntArraySet (it.unimi.dsi.fastutil@8.5.9)
4346:             1             24  it.unimi.dsi.fastutil.ints.IntArrays$Segment (it.unimi.dsi.fastutil@8.5.9)
4347:             1             24  it.unimi.dsi.fastutil.shorts.ShortArrays$Segment (it.unimi.dsi.fastutil@8.5.9)
4348:             1             24  java.io.ByteArrayOutputStream (java.base@17.0.15)
4349:             1             24  java.lang.ProcessEnvironment$StringEnvironment (java.base@17.0.15)
4350:             1             24  java.lang.ProcessHandleImpl$$Lambda$282/0x0000000800251768 (java.base@17.0.15)
4351:             1             24  java.lang.StackWalker$ExtendedOption (java.base@17.0.15)
4352:             1             24  java.lang.invoke.DirectMethodHandle$EnsureInitialized (java.base@17.0.15)
4353:             1             24  java.lang.invoke.MethodHandleImpl$ArrayAccessor$1 (java.base@17.0.15)
4354:             1             24  java.lang.invoke.MethodHandleImpl$BindCaller$1 (java.base@17.0.15)
4355:             1             24  java.lang.invoke.MethodHandleImpl$Makers$3 (java.base@17.0.15)
4356:             1             24  java.lang.invoke.MethodType$ConcurrentWeakInternSet (java.base@17.0.15)
4357:             1             24  java.lang.management.DefaultPlatformMBeanProvider$1 (java.management@17.0.15)
4358:             1             24  java.lang.management.DefaultPlatformMBeanProvider$10 (java.management@17.0.15)
4359:             1             24  java.lang.management.DefaultPlatformMBeanProvider$11 (java.management@17.0.15)
4360:             1             24  java.lang.management.DefaultPlatformMBeanProvider$2 (java.management@17.0.15)
4361:             1             24  java.lang.management.DefaultPlatformMBeanProvider$3 (java.management@17.0.15)
4362:             1             24  java.lang.management.DefaultPlatformMBeanProvider$4 (java.management@17.0.15)
4363:             1             24  java.lang.management.DefaultPlatformMBeanProvider$5 (java.management@17.0.15)
4364:             1             24  java.lang.management.DefaultPlatformMBeanProvider$6 (java.management@17.0.15)
4365:             1             24  java.lang.management.DefaultPlatformMBeanProvider$7 (java.management@17.0.15)
4366:             1             24  java.lang.management.DefaultPlatformMBeanProvider$8 (java.management@17.0.15)
4367:             1             24  java.lang.management.DefaultPlatformMBeanProvider$9 (java.management@17.0.15)
4368:             1             24  java.lang.reflect.Proxy$1 (java.base@17.0.15)
4369:             1             24  java.math.MutableBigInteger (java.base@17.0.15)
4370:             1             24  java.net.Inet4AddressImpl (java.base@17.0.15)
4371:             1             24  java.net.Proxy (java.base@17.0.15)
4372:             1             24  java.net.Socket$SocketInputStream (java.base@17.0.15)
4373:             1             24  java.net.Socket$SocketOutputStream (java.base@17.0.15)
4374:             1             24  java.nio.file.LinkOption (java.base@17.0.15)
4375:             1             24  java.security.Timestamp (java.base@17.0.15)
4376:             1             24  java.security.cert.CertificateFactory (java.base@17.0.15)
4377:             1             24  java.time.Period (java.base@17.0.15)
4378:             1             24  java.time.format.DecimalStyle (java.base@17.0.15)
4379:             1             24  java.time.temporal.IsoFields$Field$1 (java.base@17.0.15)
4380:             1             24  java.time.temporal.IsoFields$Field$2 (java.base@17.0.15)
4381:             1             24  java.time.temporal.IsoFields$Field$3 (java.base@17.0.15)
4382:             1             24  java.time.temporal.IsoFields$Field$4 (java.base@17.0.15)
4383:             1             24  java.time.zone.TzdbZoneRulesProvider (java.base@17.0.15)
4384:             1             24  java.util.Collections$EmptyMap (java.base@17.0.15)
4385:             1             24  java.util.Collections$UnmodifiableList (java.base@17.0.15)
4386:             1             24  java.util.Comparators$NaturalOrderComparator (java.base@17.0.15)
4387:             1             24  java.util.Currency (java.base@17.0.15)
4388:             1             24  java.util.Locale$Cache (java.base@17.0.15)
4389:             1             24  java.util.OptionalInt (java.base@17.0.15)
4390:             1             24  java.util.PropertyPermissionCollection (java.base@17.0.15)
4391:             1             24  java.util.ResourceBundle$Control$CandidateListCache (java.base@17.0.15)
4392:             1             24  java.util.concurrent.Executors$DelegatedScheduledExecutorService (java.base@17.0.15)
4393:             1             24  java.util.concurrent.Executors$RunnableAdapter (java.base@17.0.15)
4394:             1             24  java.util.function.Predicate$$Lambda$2578/0x00000008005e5d08 (java.base@17.0.15)
4395:             1             24  java.util.logging.LogManager$LoggerContext (java.logging@17.0.15)
4396:             1             24  java.util.regex.Pattern$BmpCharPredicate$$Lambda$984/0x00000008002eea10 (java.base@17.0.15)
4397:             1             24  java.util.regex.Pattern$Bound (java.base@17.0.15)
4398:             1             24  javax.net.ssl.SNIHostName (java.base@17.0.15)
4399:             1             24  javax.net.ssl.SSLContext (java.base@17.0.15)
4400:             1             24  jdk.dynalink.beans.BeansLinker$1 (jdk.dynalink@17.0.15)
4401:             1             24  jdk.dynalink.beans.BeansLinker$NoSuchMemberHandlerBindingLinker (jdk.dynalink@17.0.15)
4402:             1             24  jdk.dynalink.beans.StaticClass$1 (jdk.dynalink@17.0.15)
4403:             1             24  jdk.dynalink.beans.StaticClassLinker$1 (jdk.dynalink@17.0.15)
4404:             1             24  jdk.internal.icu.impl.Norm2AllModes (java.base@17.0.15)
4405:             1             24  jdk.internal.icu.impl.Norm2AllModes$ComposeNormalizer2 (java.base@17.0.15)
4406:             1             24  jdk.internal.icu.impl.Norm2AllModes$Norm2AllModesSingleton (java.base@17.0.15)
4407:             1             24  jdk.internal.jimage.ImageReader (java.base@17.0.15)
4408:             1             24  jdk.internal.logger.BootstrapLogger$RedirectedLoggers (java.base@17.0.15)
4409:             1             24  jdk.internal.ref.CleanerImpl (java.base@17.0.15)
4410:             1             24  jdk.jfr.internal.management.StreamManager (jdk.jfr@17.0.15)
4411:             1             24  jdk.management.jfr.internal.FlightRecorderMXBeanProvider$SingleMBeanComponent (jdk.management.jfr@17.0.15)
4412:             1             24  jdk.nio.zipfs.ZipCoder$UTF8 (jdk.zipfs@17.0.15)
4413:             1             24  joptsimple.BuiltinHelpFormatter (jopt.simple@5.0.4)
4414:             1             24  joptsimple.util.PathProperties$1 (jopt.simple@5.0.4)
4415:             1             24  joptsimple.util.PathProperties$2 (jopt.simple@5.0.4)
4416:             1             24  joptsimple.util.PathProperties$3 (jopt.simple@5.0.4)
4417:             1             24  joptsimple.util.PathProperties$4 (jopt.simple@5.0.4)
4418:             1             24  joptsimple.util.PathProperties$5 (jopt.simple@5.0.4)
4419:             1             24  joptsimple.util.PathProperties$6 (jopt.simple@5.0.4)
4420:             1             24  net.fabricmc.loader.impl.ObjectShareImpl (net.fabricmc.loader@2.6.0+0.15.0+1.20.1-full)
4421:             1             24  net.fabricmc.loader.impl.entrypoint.EntrypointStorage (net.fabricmc.loader@2.6.0+0.15.0+1.20.1-full)
4422:             1             24  net.minecraft.Util$IdentityStrategy (minecraft@1.20.1)
4423:             1             24  net.minecraft.Util$OS$1 (minecraft@1.20.1)
4424:             1             24  net.minecraft.Util$OS$2 (minecraft@1.20.1)
4425:             1             24  net.minecraft.client.GameNarrator (minecraft@1.20.1)
4426:             1             24  net.minecraft.client.OptionInstance$ClampingLazyMaxIntRange (minecraft@1.20.1)
4427:             1             24  net.minecraft.client.OptionInstance$LazyEnum (minecraft@1.20.1)
4428:             1             24  net.minecraft.client.OptionInstance$UnitDouble (minecraft@1.20.1)
4429:             1             24  net.minecraft.client.Options$1 (minecraft@1.20.1)
4430:             1             24  net.minecraft.client.Realms32BitWarningStatus (minecraft@1.20.1)
4431:             1             24  net.minecraft.client.ResourceLoadStateTracker (minecraft@1.20.1)
4432:             1             24  net.minecraft.client.color.block.BlockColors (minecraft@1.20.1)
4433:             1             24  net.minecraft.client.gui.MapRenderer (minecraft@1.20.1)
4434:             1             24  net.minecraft.client.gui.components.AbstractSelectionList$TrackedList (minecraft@1.20.1)
4435:             1             24  net.minecraft.client.gui.components.BossHealthOverlay (minecraft@1.20.1)
4436:             1             24  net.minecraft.client.gui.components.SubtitleOverlay (minecraft@1.20.1)
4437:             1             24  net.minecraft.client.gui.font.providers.TrueTypeGlyphProviderDefinition$Shift (minecraft@1.20.1)
4438:             1             24  net.minecraft.client.gui.narration.ScreenNarrationCollector (minecraft@1.20.1)
4439:             1             24  net.minecraft.client.gui.navigation.ScreenPosition (minecraft@1.20.1)
4440:             1             24  net.minecraft.client.gui.navigation.ScreenRectangle (minecraft@1.20.1)
4441:             1             24  net.minecraft.client.gui.screens.LoadingOverlay$LogoTexture (minecraft@1.20.1)
4442:             1             24  net.minecraft.client.main.GameConfig$GameData (minecraft@1.20.1)
4443:             1             24  net.minecraft.client.multiplayer.chat.ChatLog (minecraft@1.20.1)
4444:             1             24  net.minecraft.client.multiplayer.chat.report.AbuseReportSender$Services (minecraft@1.20.1)
4445:             1             24  net.minecraft.client.multiplayer.chat.report.ReportEnvironment (minecraft@1.20.1)
4446:             1             24  net.minecraft.client.particle.GlowParticle$ElectricSparkProvider (minecraft@1.20.1)
4447:             1             24  net.minecraft.client.particle.GlowParticle$ScrapeProvider (minecraft@1.20.1)
4448:             1             24  net.minecraft.client.particle.GlowParticle$WaxOffProvider (minecraft@1.20.1)
4449:             1             24  net.minecraft.client.particle.GlowParticle$WaxOnProvider (minecraft@1.20.1)
4450:             1             24  net.minecraft.client.quickplay.QuickPlayLog$1 (minecraft@1.20.1)
4451:             1             24  net.minecraft.client.renderer.GpuWarnlistManager (minecraft@1.20.1)
4452:             1             24  net.minecraft.client.renderer.RenderStateShard$EmptyTextureStateShard (minecraft@1.20.1)
4453:             1             24  net.minecraft.client.renderer.RunningTrimmedMean (minecraft@1.20.1)
4454:             1             24  net.minecraft.client.renderer.VirtualScreen (minecraft@1.20.1)
4455:             1             24  net.minecraft.client.renderer.block.BlockModelShaper (minecraft@1.20.1)
4456:             1             24  net.minecraft.client.renderer.block.LiquidBlockRenderer (minecraft@1.20.1)
4457:             1             24  net.minecraft.client.renderer.block.model.BlockModelDefinition$Context (minecraft@1.20.1)
4458:             1             24  net.minecraft.client.renderer.blockentity.BannerRenderer (minecraft@1.20.1)
4459:             1             24  net.minecraft.client.renderer.blockentity.BedRenderer (minecraft@1.20.1)
4460:             1             24  net.minecraft.client.renderer.blockentity.HangingSignRenderer (minecraft@1.20.1)
4461:             1             24  net.minecraft.client.renderer.blockentity.SignRenderer (minecraft@1.20.1)
4462:             1             24  net.minecraft.client.renderer.debug.GameEventListenerRenderer (minecraft@1.20.1)
4463:             1             24  net.minecraft.client.renderer.debug.GoalSelectorDebugRenderer (minecraft@1.20.1)
4464:             1             24  net.minecraft.client.renderer.debug.NeighborsUpdateRenderer (minecraft@1.20.1)
4465:             1             24  net.minecraft.client.renderer.debug.PathfindingRenderer (minecraft@1.20.1)
4466:             1             24  net.minecraft.client.renderer.debug.RaidDebugRenderer (minecraft@1.20.1)
4467:             1             24  net.minecraft.client.renderer.entity.EvokerRenderer$1 (minecraft@1.20.1)
4468:             1             24  net.minecraft.client.renderer.entity.IllusionerRenderer$1 (minecraft@1.20.1)
4469:             1             24  net.minecraft.client.renderer.entity.VindicatorRenderer$1 (minecraft@1.20.1)
4470:             1             24  net.minecraft.client.renderer.entity.layers.CarriedBlockLayer (minecraft@1.20.1)
4471:             1             24  net.minecraft.client.renderer.entity.layers.CatCollarLayer (minecraft@1.20.1)
4472:             1             24  net.minecraft.client.renderer.entity.layers.CreeperPowerLayer (minecraft@1.20.1)
4473:             1             24  net.minecraft.client.renderer.entity.layers.DolphinCarryingItemLayer (minecraft@1.20.1)
4474:             1             24  net.minecraft.client.renderer.entity.layers.DrownedOuterLayer (minecraft@1.20.1)
4475:             1             24  net.minecraft.client.renderer.entity.layers.FoxHeldItemLayer (minecraft@1.20.1)
4476:             1             24  net.minecraft.client.renderer.entity.layers.HorseArmorLayer (minecraft@1.20.1)
4477:             1             24  net.minecraft.client.renderer.entity.layers.IronGolemFlowerLayer (minecraft@1.20.1)
4478:             1             24  net.minecraft.client.renderer.entity.layers.MushroomCowMushroomLayer (minecraft@1.20.1)
4479:             1             24  net.minecraft.client.renderer.entity.layers.PandaHoldsItemLayer (minecraft@1.20.1)
4480:             1             24  net.minecraft.client.renderer.entity.layers.SheepFurLayer (minecraft@1.20.1)
4481:             1             24  net.minecraft.client.renderer.entity.layers.SlimeOuterLayer (minecraft@1.20.1)
4482:             1             24  net.minecraft.client.renderer.entity.layers.SnowGolemHeadLayer (minecraft@1.20.1)
4483:             1             24  net.minecraft.client.renderer.entity.layers.StrayClothingLayer (minecraft@1.20.1)
4484:             1             24  net.minecraft.client.renderer.entity.layers.TropicalFishPatternLayer (minecraft@1.20.1)
4485:             1             24  net.minecraft.client.renderer.entity.layers.WitchItemLayer (minecraft@1.20.1)
4486:             1             24  net.minecraft.client.renderer.entity.layers.WitherArmorLayer (minecraft@1.20.1)
4487:             1             24  net.minecraft.client.renderer.texture.SimpleTexture (minecraft@1.20.1)
4488:             1             24  net.minecraft.client.resources.MobEffectTextureManager (minecraft@1.20.1)
4489:             1             24  net.minecraft.client.resources.PaintingTextureManager (minecraft@1.20.1)
4490:             1             24  net.minecraft.client.resources.SkinManager$1 (minecraft@1.20.1)
4491:             1             24  net.minecraft.client.resources.SplashManager (minecraft@1.20.1)
4492:             1             24  net.minecraft.client.resources.language.ClientLanguage (minecraft@1.20.1)
4493:             1             24  net.minecraft.client.resources.language.LanguageManager (minecraft@1.20.1)
4494:             1             24  net.minecraft.client.resources.metadata.animation.AnimationFrame (minecraft@1.20.1)
4495:             1             24  net.minecraft.client.sounds.ChannelAccess (minecraft@1.20.1)
4496:             1             24  net.minecraft.client.sounds.SoundBufferLibrary (minecraft@1.20.1)
4497:             1             24  net.minecraft.client.sounds.SoundManager (minecraft@1.20.1)
4498:             1             24  net.minecraft.client.sounds.SoundManager$1 (minecraft@1.20.1)
4499:             1             24  net.minecraft.client.sounds.SoundManager$Preparations (minecraft@1.20.1)
4500:             1             24  net.minecraft.client.telemetry.TelemetryLogManager (minecraft@1.20.1)
4501:             1             24  net.minecraft.client.telemetry.events.GameLoadTimesEvent (minecraft@1.20.1)
4502:             1             24  net.minecraft.client.tutorial.BundleTutorial (minecraft@1.20.1)
4503:             1             24  net.minecraft.core.BlockPos$MutableBlockPos (minecraft@1.20.1)
4504:             1             24  net.minecraft.core.Direction$Axis$1 (minecraft@1.20.1)
4505:             1             24  net.minecraft.core.Direction$Axis$2 (minecraft@1.20.1)
4506:             1             24  net.minecraft.core.Direction$Axis$3 (minecraft@1.20.1)
4507:             1             24  net.minecraft.core.IdMapper (minecraft@1.20.1)
4508:             1             24  net.minecraft.core.dispenser.DispenseItemBehavior$24 (minecraft@1.20.1)
4509:             1             24  net.minecraft.core.particles.DustColorTransitionOptions (minecraft@1.20.1)
4510:             1             24  net.minecraft.core.particles.DustParticleOptions (minecraft@1.20.1)
4511:             1             24  net.minecraft.network.chat.ChatType (minecraft@1.20.1)
4512:             1             24  net.minecraft.network.chat.ChatType$Bound (minecraft@1.20.1)
4513:             1             24  net.minecraft.server.packs.linkfs.LinkFileSystem (minecraft@1.20.1)
4514:             1             24  net.minecraft.server.packs.metadata.pack.PackMetadataSection (minecraft@1.20.1)
4515:             1             24  net.minecraft.server.packs.repository.FolderRepositorySource (minecraft@1.20.1)
4516:             1             24  net.minecraft.server.packs.repository.PackRepository (minecraft@1.20.1)
4517:             1             24  net.minecraft.server.packs.resources.MultiPackResourceManager (minecraft@1.20.1)
4518:             1             24  net.minecraft.server.packs.resources.ReloadableResourceManager (minecraft@1.20.1)
4519:             1             24  net.minecraft.util.ExtraCodecs$$Lambda$1079/0x000000080056df78 (minecraft@1.20.1)
4520:             1             24  net.minecraft.util.ExtraCodecs$$Lambda$5668/0x0000000800e2f9d8 (minecraft@1.20.1)
4521:             1             24  net.minecraft.util.InclusiveRange$$Lambda$3712/0x0000000800b16ac0 (minecraft@1.20.1)
4522:             1             24  net.minecraft.util.Unit (minecraft@1.20.1)
4523:             1             24  net.minecraft.util.datafix.fixes.AbstractArrowPickupFix (minecraft@1.20.1)
4524:             1             24  net.minecraft.util.datafix.fixes.AttributesRename (minecraft@1.20.1)
4525:             1             24  net.minecraft.util.datafix.fixes.BedItemColorFix (minecraft@1.20.1)
4526:             1             24  net.minecraft.util.datafix.fixes.BitStorageAlignFix (minecraft@1.20.1)
4527:             1             24  net.minecraft.util.datafix.fixes.BlendingDataRemoveFromNetherEndFix (minecraft@1.20.1)
4528:             1             24  net.minecraft.util.datafix.fixes.BlockEntityCustomNameToComponentFix (minecraft@1.20.1)
4529:             1             24  net.minecraft.util.datafix.fixes.BlockEntityIdFix (minecraft@1.20.1)
4530:             1             24  net.minecraft.util.datafix.fixes.BlockNameFlatteningFix (minecraft@1.20.1)
4531:             1             24  net.minecraft.util.datafix.fixes.BlockStateStructureTemplateFix (minecraft@1.20.1)
4532:             1             24  net.minecraft.util.datafix.fixes.CauldronRenameFix (minecraft@1.20.1)
4533:             1             24  net.minecraft.util.datafix.fixes.ChunkBedBlockEntityInjecterFix (minecraft@1.20.1)
4534:             1             24  net.minecraft.util.datafix.fixes.ChunkBedBlockEntityInjecterFix$$Lambda$2248/0x000000080089cf38 (minecraft@1.20.1)
4535:             1             24  net.minecraft.util.datafix.fixes.ChunkBiomeFix (minecraft@1.20.1)
4536:             1             24  net.minecraft.util.datafix.fixes.ChunkDeleteIgnoredLightDataFix (minecraft@1.20.1)
4537:             1             24  net.minecraft.util.datafix.fixes.ChunkDeleteLightFix (minecraft@1.20.1)
4538:             1             24  net.minecraft.util.datafix.fixes.ChunkHeightAndBiomeFix (minecraft@1.20.1)
4539:             1             24  net.minecraft.util.datafix.fixes.ChunkLightRemoveFix (minecraft@1.20.1)
4540:             1             24  net.minecraft.util.datafix.fixes.ChunkPalettedStorageFix (minecraft@1.20.1)
4541:             1             24  net.minecraft.util.datafix.fixes.ChunkProtoTickListFix (minecraft@1.20.1)
4542:             1             24  net.minecraft.util.datafix.fixes.ChunkRenamesFix (minecraft@1.20.1)
4543:             1             24  net.minecraft.util.datafix.fixes.ChunkRenamesFix$$Lambda$2335/0x00000008008c0200 (minecraft@1.20.1)
4544:             1             24  net.minecraft.util.datafix.fixes.ChunkStatusFix (minecraft@1.20.1)
4545:             1             24  net.minecraft.util.datafix.fixes.ChunkStatusFix2 (minecraft@1.20.1)
4546:             1             24  net.minecraft.util.datafix.fixes.ChunkStructuresTemplateRenameFix (minecraft@1.20.1)
4547:             1             24  net.minecraft.util.datafix.fixes.ChunkToProtochunkFix (minecraft@1.20.1)
4548:             1             24  net.minecraft.util.datafix.fixes.DecoratedPotFieldRenameFix (minecraft@1.20.1)
4549:             1             24  net.minecraft.util.datafix.fixes.EffectDurationFix (minecraft@1.20.1)
4550:             1             24  net.minecraft.util.datafix.fixes.EffectDurationFix$$Lambda$2347/0x00000008008c6900 (minecraft@1.20.1)
4551:             1             24  net.minecraft.util.datafix.fixes.EntityBlockStateFix (minecraft@1.20.1)
4552:             1             24  net.minecraft.util.datafix.fixes.EntityCustomNameToComponentFix (minecraft@1.20.1)
4553:             1             24  net.minecraft.util.datafix.fixes.EntityEquipmentToArmorAndHandFix (minecraft@1.20.1)
4554:             1             24  net.minecraft.util.datafix.fixes.EntityHealthFix (minecraft@1.20.1)
4555:             1             24  net.minecraft.util.datafix.fixes.EntityIdFix (minecraft@1.20.1)
4556:             1             24  net.minecraft.util.datafix.fixes.EntityMinecartIdentifiersFix (minecraft@1.20.1)
4557:             1             24  net.minecraft.util.datafix.fixes.EntityMinecartIdentifiersFix$$Lambda$2224/0x0000000800887420 (minecraft@1.20.1)
4558:             1             24  net.minecraft.util.datafix.fixes.EntityPaintingItemFrameDirectionFix (minecraft@1.20.1)
4559:             1             24  net.minecraft.util.datafix.fixes.EntityPaintingItemFrameDirectionFix$$Lambda$2227/0x0000000800887af0 (minecraft@1.20.1)
4560:             1             24  net.minecraft.util.datafix.fixes.EntityPaintingItemFrameDirectionFix$$Lambda$2228/0x0000000800887d38 (minecraft@1.20.1)
4561:             1             24  net.minecraft.util.datafix.fixes.EntityProjectileOwnerFix (minecraft@1.20.1)
4562:             1             24  net.minecraft.util.datafix.fixes.EntityRedundantChanceTagsFix (minecraft@1.20.1)
4563:             1             24  net.minecraft.util.datafix.fixes.EntityRidingToPassengersFix (minecraft@1.20.1)
4564:             1             24  net.minecraft.util.datafix.fixes.EntityStringUuidFix (minecraft@1.20.1)
4565:             1             24  net.minecraft.util.datafix.fixes.ForcePoiRebuild (minecraft@1.20.1)
4566:             1             24  net.minecraft.util.datafix.fixes.FurnaceRecipeFix (minecraft@1.20.1)
4567:             1             24  net.minecraft.util.datafix.fixes.HeightmapRenamingFix (minecraft@1.20.1)
4568:             1             24  net.minecraft.util.datafix.fixes.HeightmapRenamingFix$$Lambda$2273/0x00000008008a5188 (minecraft@1.20.1)
4569:             1             24  net.minecraft.util.datafix.fixes.IglooMetadataRemovalFix (minecraft@1.20.1)
4570:             1             24  net.minecraft.util.datafix.fixes.ItemBannerColorFix (minecraft@1.20.1)
4571:             1             24  net.minecraft.util.datafix.fixes.ItemBannerColorFix$$Lambda$2243/0x000000080089b1e0 (minecraft@1.20.1)
4572:             1             24  net.minecraft.util.datafix.fixes.ItemCustomNameToComponentFix (minecraft@1.20.1)
4573:             1             24  net.minecraft.util.datafix.fixes.ItemCustomNameToComponentFix$$Lambda$2267/0x00000008008a4408 (minecraft@1.20.1)
4574:             1             24  net.minecraft.util.datafix.fixes.ItemIdFix (minecraft@1.20.1)
4575:             1             24  net.minecraft.util.datafix.fixes.ItemIdFix$$Lambda$2215/0x00000008008868e0 (minecraft@1.20.1)
4576:             1             24  net.minecraft.util.datafix.fixes.ItemLoreFix (minecraft@1.20.1)
4577:             1             24  net.minecraft.util.datafix.fixes.ItemPotionFix (minecraft@1.20.1)
4578:             1             24  net.minecraft.util.datafix.fixes.ItemPotionFix$$Lambda$2219/0x0000000800886b28 (minecraft@1.20.1)
4579:             1             24  net.minecraft.util.datafix.fixes.ItemShulkerBoxColorFix (minecraft@1.20.1)
4580:             1             24  net.minecraft.util.datafix.fixes.ItemShulkerBoxColorFix$$Lambda$2245/0x000000080089b670 (minecraft@1.20.1)
4581:             1             24  net.minecraft.util.datafix.fixes.ItemSpawnEggFix (minecraft@1.20.1)
4582:             1             24  net.minecraft.util.datafix.fixes.ItemStackEnchantmentNamesFix (minecraft@1.20.1)
4583:             1             24  net.minecraft.util.datafix.fixes.ItemStackEnchantmentNamesFix$$Lambda$2276/0x00000008008a7978 (minecraft@1.20.1)
4584:             1             24  net.minecraft.util.datafix.fixes.ItemStackMapIdFix (minecraft@1.20.1)
4585:             1             24  net.minecraft.util.datafix.fixes.ItemStackMapIdFix$$Lambda$2258/0x000000080089f068 (minecraft@1.20.1)
4586:             1             24  net.minecraft.util.datafix.fixes.ItemStackTheFlatteningFix (minecraft@1.20.1)
4587:             1             24  net.minecraft.util.datafix.fixes.ItemStackTheFlatteningFix$$Lambda$2260/0x000000080089fa08 (minecraft@1.20.1)
4588:             1             24  net.minecraft.util.datafix.fixes.ItemStackUUIDFix$$Lambda$2314/0x00000008008b9f10 (minecraft@1.20.1)
4589:             1             24  net.minecraft.util.datafix.fixes.ItemWaterPotionFix (minecraft@1.20.1)
4590:             1             24  net.minecraft.util.datafix.fixes.ItemWaterPotionFix$$Lambda$2244/0x000000080089b428 (minecraft@1.20.1)
4591:             1             24  net.minecraft.util.datafix.fixes.ItemWrittenBookPagesStrictJsonFix (minecraft@1.20.1)
4592:             1             24  net.minecraft.util.datafix.fixes.ItemWrittenBookPagesStrictJsonFix$$Lambda$2235/0x0000000800897a80 (minecraft@1.20.1)
4593:             1             24  net.minecraft.util.datafix.fixes.JigsawRotationFix (minecraft@1.20.1)
4594:             1             24  net.minecraft.util.datafix.fixes.LeavesFix (minecraft@1.20.1)
4595:             1             24  net.minecraft.util.datafix.fixes.LegacyDragonFightFix (minecraft@1.20.1)
4596:             1             24  net.minecraft.util.datafix.fixes.LevelDataGeneratorOptionsFix (minecraft@1.20.1)
4597:             1             24  net.minecraft.util.datafix.fixes.LevelFlatGeneratorInfoFix (minecraft@1.20.1)
4598:             1             24  net.minecraft.util.datafix.fixes.MapIdFix (minecraft@1.20.1)
4599:             1             24  net.minecraft.util.datafix.fixes.MissingDimensionFix (minecraft@1.20.1)
4600:             1             24  net.minecraft.util.datafix.fixes.MobSpawnerEntityIdentifiersFix (minecraft@1.20.1)
4601:             1             24  net.minecraft.util.datafix.fixes.MobSpawnerEntityIdentifiersFix$$Lambda$2223/0x00000008008871d8 (minecraft@1.20.1)
4602:             1             24  net.minecraft.util.datafix.fixes.NewVillageFix (minecraft@1.20.1)
4603:             1             24  net.minecraft.util.datafix.fixes.ObjectiveDisplayNameFix (minecraft@1.20.1)
4604:             1             24  net.minecraft.util.datafix.fixes.ObjectiveRenderTypeFix (minecraft@1.20.1)
4605:             1             24  net.minecraft.util.datafix.fixes.OptionsAccessibilityOnboardFix (minecraft@1.20.1)
4606:             1             24  net.minecraft.util.datafix.fixes.OptionsAddTextBackgroundFix (minecraft@1.20.1)
4607:             1             24  net.minecraft.util.datafix.fixes.OptionsAmbientOcclusionFix (minecraft@1.20.1)
4608:             1             24  net.minecraft.util.datafix.fixes.OptionsForceVBOFix (minecraft@1.20.1)
4609:             1             24  net.minecraft.util.datafix.fixes.OptionsKeyLwjgl3Fix (minecraft@1.20.1)
4610:             1             24  net.minecraft.util.datafix.fixes.OptionsKeyTranslationFix (minecraft@1.20.1)
4611:             1             24  net.minecraft.util.datafix.fixes.OptionsLowerCaseLanguageFix (minecraft@1.20.1)
4612:             1             24  net.minecraft.util.datafix.fixes.OptionsProgrammerArtFix (minecraft@1.20.1)
4613:             1             24  net.minecraft.util.datafix.fixes.OverreachingTickFix (minecraft@1.20.1)
4614:             1             24  net.minecraft.util.datafix.fixes.RedstoneWireConnectionsFix (minecraft@1.20.1)
4615:             1             24  net.minecraft.util.datafix.fixes.ReorganizePoi (minecraft@1.20.1)
4616:             1             24  net.minecraft.util.datafix.fixes.SavedDataFeaturePoolElementFix (minecraft@1.20.1)
4617:             1             24  net.minecraft.util.datafix.fixes.SpawnerDataFix (minecraft@1.20.1)
4618:             1             24  net.minecraft.util.datafix.fixes.StatsCounterFix (minecraft@1.20.1)
4619:             1             24  net.minecraft.util.datafix.fixes.StatsCounterFix$$Lambda$2265/0x00000008008a2320 (minecraft@1.20.1)
4620:             1             24  net.minecraft.util.datafix.fixes.StructureReferenceCountFix (minecraft@1.20.1)
4621:             1             24  net.minecraft.util.datafix.fixes.StructureSettingsFlattenFix (minecraft@1.20.1)
4622:             1             24  net.minecraft.util.datafix.fixes.StructuresBecomeConfiguredFix (minecraft@1.20.1)
4623:             1             24  net.minecraft.util.datafix.fixes.TeamDisplayNameFix (minecraft@1.20.1)
4624:             1             24  net.minecraft.util.datafix.fixes.TrappedChestBlockEntityFix (minecraft@1.20.1)
4625:             1             24  net.minecraft.util.datafix.fixes.VillagerRebuildLevelAndXpFix (minecraft@1.20.1)
4626:             1             24  net.minecraft.util.datafix.fixes.WallPropertyFix (minecraft@1.20.1)
4627:             1             24  net.minecraft.util.datafix.fixes.WorldGenSettingsFix (minecraft@1.20.1)
4628:             1             24  net.minecraft.util.datafix.fixes.WorldGenSettingsHeightAndBiomeFix (minecraft@1.20.1)
4629:             1             24  net.minecraft.util.datafix.fixes.WorldGenSettingsHeightAndBiomeFix$$Lambda$2331/0x00000008008bd490 (minecraft@1.20.1)
4630:             1             24  net.minecraft.util.eventlog.EventLogDirectory (minecraft@1.20.1)
4631:             1             24  net.minecraft.util.profiling.ContinuousProfiler (minecraft@1.20.1)
4632:             1             24  net.minecraft.world.flag.FeatureFlagRegistry (minecraft@1.20.1)
4633:             1             24  net.minecraft.world.item.HoeItem$$Lambda$2591/0x00000008009db818 (minecraft@1.20.1)
4634:             1             24  net.minecraft.world.item.enchantment.EnchantmentCategory$1 (minecraft@1.20.1)
4635:             1             24  net.minecraft.world.item.enchantment.EnchantmentCategory$10 (minecraft@1.20.1)
4636:             1             24  net.minecraft.world.item.enchantment.EnchantmentCategory$11 (minecraft@1.20.1)
4637:             1             24  net.minecraft.world.item.enchantment.EnchantmentCategory$12 (minecraft@1.20.1)
4638:             1             24  net.minecraft.world.item.enchantment.EnchantmentCategory$13 (minecraft@1.20.1)
4639:             1             24  net.minecraft.world.item.enchantment.EnchantmentCategory$14 (minecraft@1.20.1)
4640:             1             24  net.minecraft.world.item.enchantment.EnchantmentCategory$2 (minecraft@1.20.1)
4641:             1             24  net.minecraft.world.item.enchantment.EnchantmentCategory$3 (minecraft@1.20.1)
4642:             1             24  net.minecraft.world.item.enchantment.EnchantmentCategory$4 (minecraft@1.20.1)
4643:             1             24  net.minecraft.world.item.enchantment.EnchantmentCategory$5 (minecraft@1.20.1)
4644:             1             24  net.minecraft.world.item.enchantment.EnchantmentCategory$6 (minecraft@1.20.1)
4645:             1             24  net.minecraft.world.item.enchantment.EnchantmentCategory$7 (minecraft@1.20.1)
4646:             1             24  net.minecraft.world.item.enchantment.EnchantmentCategory$8 (minecraft@1.20.1)
4647:             1             24  net.minecraft.world.item.enchantment.EnchantmentCategory$9 (minecraft@1.20.1)
4648:             1             24  net.minecraft.world.level.biome.Biome$TemperatureModifier$1 (minecraft@1.20.1)
4649:             1             24  net.minecraft.world.level.biome.Biome$TemperatureModifier$2 (minecraft@1.20.1)
4650:             1             24  net.minecraft.world.level.block.MultifaceSpreader$SpreadType$1 (minecraft@1.20.1)
4651:             1             24  net.minecraft.world.level.block.MultifaceSpreader$SpreadType$2 (minecraft@1.20.1)
4652:             1             24  net.minecraft.world.level.block.MultifaceSpreader$SpreadType$3 (minecraft@1.20.1)
4653:             1             24  net.minecraft.world.level.block.entity.EnderChestBlockEntity$1 (minecraft@1.20.1)
4654:             1             24  net.minecraft.world.level.block.state.predicate.BlockStatePredicate (minecraft@1.20.1)
4655:             1             24  net.minecraft.world.level.levelgen.DensityFunctions$BeardifierMarker (minecraft@1.20.1)
4656:             1             24  net.minecraft.world.level.levelgen.DensityFunctions$BlendAlpha (minecraft@1.20.1)
4657:             1             24  net.minecraft.world.level.levelgen.DensityFunctions$BlendOffset (minecraft@1.20.1)
4658:             1             24  net.minecraft.world.level.levelgen.DensityFunctions$Constant (minecraft@1.20.1)
4659:             1             24  net.minecraft.world.level.levelgen.SurfaceRules$AbovePreliminarySurface (minecraft@1.20.1)
4660:             1             24  net.minecraft.world.level.levelgen.SurfaceRules$Bandlands (minecraft@1.20.1)
4661:             1             24  net.minecraft.world.level.levelgen.SurfaceRules$Hole (minecraft@1.20.1)
4662:             1             24  net.minecraft.world.level.levelgen.SurfaceRules$Steep (minecraft@1.20.1)
4663:             1             24  net.minecraft.world.level.levelgen.SurfaceRules$Temperature (minecraft@1.20.1)
4664:             1             24  net.minecraft.world.level.levelgen.ThreadSafeLegacyRandomSource (minecraft@1.20.1)
4665:             1             24  net.minecraft.world.level.levelgen.carver.CanyonWorldCarver (minecraft@1.20.1)
4666:             1             24  net.minecraft.world.level.levelgen.carver.CaveWorldCarver (minecraft@1.20.1)
4667:             1             24  net.minecraft.world.level.levelgen.carver.NetherWorldCarver (minecraft@1.20.1)
4668:             1             24  net.minecraft.world.level.levelgen.structure.templatesystem.GravityProcessor (minecraft@1.20.1)
4669:             1             24  net.minecraft.world.level.validation.PathAllowList (minecraft@1.20.1)
4670:             1             24  net.minecraftforge.accesstransformer.AccessTransformerEngine (accesstransformers@8.0.4)
4671:             1             24  net.minecraftforge.accesstransformer.parser.AccessTransformerList (accesstransformers@8.0.4)
4672:             1             24  net.minecraftforge.accesstransformer.service.ServiceNameHandler (accesstransformers@8.0.4)
4673:             1             24  net.minecraftforge.client.ForgeHooksClient$$Lambda$5001/0x0000000800d5a130 (forge@47.4.13)
4674:             1             24  net.minecraftforge.client.model.lighting.ForgeModelBlockRenderer (forge@47.4.13)
4675:             1             24  net.minecraftforge.client.settings.KeyConflictContext$1 (forge@47.4.13)
4676:             1             24  net.minecraftforge.client.settings.KeyConflictContext$2 (forge@47.4.13)
4677:             1             24  net.minecraftforge.client.settings.KeyConflictContext$3 (forge@47.4.13)
4678:             1             24  net.minecraftforge.client.settings.KeyModifier$1 (forge@47.4.13)
4679:             1             24  net.minecraftforge.client.settings.KeyModifier$2 (forge@47.4.13)
4680:             1             24  net.minecraftforge.client.settings.KeyModifier$3 (forge@47.4.13)
4681:             1             24  net.minecraftforge.client.settings.KeyModifier$4 (forge@47.4.13)
4682:             1             24  net.minecraftforge.common.util.Lazy$Concurrent (forge@47.4.13)
4683:             1             24  net.minecraftforge.eventbus.EventBusEngine (net.minecraftforge.eventbus)
4684:             1             24  net.minecraftforge.fml.config.ConfigTracker (fmlcore@1.20.1-47.4.13)
4685:             1             24  net.minecraftforge.fml.earlydisplay.EarlyFramebuffer (fmlearlydisplay@1.20.1-47.4.13)
4686:             1             24  net.minecraftforge.fml.earlydisplay.RenderElement$$Lambda$5269/0x0000000800daee18 (fmlearlydisplay@1.20.1-47.4.13)
4687:             1             24  net.minecraftforge.fml.earlydisplay.RenderElement$$Lambda$604/0x0000000800384818 (fmlearlydisplay@1.20.1-47.4.13)
4688:             1             24  net.minecraftforge.fml.earlydisplay.RenderElement$$Lambda$608/0x00000008003852e0 (fmlearlydisplay@1.20.1-47.4.13)
4689:             1             24  net.minecraftforge.fml.javafmlmod.FMLJavaModLanguageProvider$FMLModTarget (javafmllanguage@1.20.1-47.4.13)
4690:             1             24  net.minecraftforge.fml.loading.MCPNamingService (fmlloader@1.20.1-47.4.13)
4691:             1             24  net.minecraftforge.fml.loading.moddiscovery.ClasspathLocator (fmlloader@1.20.1-47.4.13)
4692:             1             24  net.minecraftforge.fml.loading.moddiscovery.ExplodedDirectoryLocator (fmlloader@1.20.1-47.4.13)
4693:             1             24  net.minecraftforge.fml.loading.moddiscovery.ModsFolderLocator (fmlloader@1.20.1-47.4.13)
4694:             1             24  net.minecraftforge.fml.loading.targets.CommonClientLaunchHandler$$Lambda$1019/0x000000080054e490 (fmlloader@1.20.1-47.4.13)
4695:             1             24  net.minecraftforge.forgespi.Environment (net.minecraftforge.forgespi@7.0.1)
4696:             1             24  net.minecraftforge.jarjar.metadata.json.MetadataSerializer$1 (JarJarMetadata@0.3.19)
4697:             1             24  net.minecraftforge.network.ServerStatusPing$ChannelData (forge@47.4.13)
4698:             1             24  org.antlr.v4.runtime.atn.SemanticContext$Predicate (org.antlr.antlr4.runtime@4.9.1)
4699:             1             24  org.antlr.v4.runtime.misc.Pair (org.antlr.antlr4.runtime@4.9.1)
4700:             1             24  org.apache.logging.log4j.core.appender.ConsoleAppender$Target$1 (org.apache.logging.log4j.core@2.19.0)
4701:             1             24  org.apache.logging.log4j.core.appender.ConsoleAppender$Target$2 (org.apache.logging.log4j.core@2.19.0)
4702:             1             24  org.apache.logging.log4j.core.appender.rolling.FileExtension$1 (org.apache.logging.log4j.core@2.19.0)
4703:             1             24  org.apache.logging.log4j.core.appender.rolling.FileExtension$2 (org.apache.logging.log4j.core@2.19.0)
4704:             1             24  org.apache.logging.log4j.core.appender.rolling.FileExtension$3 (org.apache.logging.log4j.core@2.19.0)
4705:             1             24  org.apache.logging.log4j.core.appender.rolling.FileExtension$4 (org.apache.logging.log4j.core@2.19.0)
4706:             1             24  org.apache.logging.log4j.core.appender.rolling.FileExtension$5 (org.apache.logging.log4j.core@2.19.0)
4707:             1             24  org.apache.logging.log4j.core.appender.rolling.FileExtension$6 (org.apache.logging.log4j.core@2.19.0)
4708:             1             24  org.apache.logging.log4j.core.async.ThreadNameCachingStrategy$1 (org.apache.logging.log4j.core@2.19.0)
4709:             1             24  org.apache.logging.log4j.core.async.ThreadNameCachingStrategy$2 (org.apache.logging.log4j.core@2.19.0)
4710:             1             24  org.apache.logging.log4j.core.config.LoggerConfig$LoggerConfigPredicate$1 (org.apache.logging.log4j.core@2.19.0)
4711:             1             24  org.apache.logging.log4j.core.config.LoggerConfig$LoggerConfigPredicate$2 (org.apache.logging.log4j.core@2.19.0)
4712:             1             24  org.apache.logging.log4j.core.config.LoggerConfig$LoggerConfigPredicate$3 (org.apache.logging.log4j.core@2.19.0)
4713:             1             24  org.apache.logging.log4j.core.config.Loggers (org.apache.logging.log4j.core@2.19.0)
4714:             1             24  org.apache.logging.log4j.core.config.json.JsonConfigurationFactory (org.apache.logging.log4j.core@2.19.0)
4715:             1             24  org.apache.logging.log4j.core.config.plugins.util.PluginRegistry (org.apache.logging.log4j.core@2.19.0)
4716:             1             24  org.apache.logging.log4j.core.config.yaml.YamlConfigurationFactory (org.apache.logging.log4j.core@2.19.0)
4717:             1             24  org.apache.logging.log4j.core.filter.CompositeFilter (org.apache.logging.log4j.core@2.19.0)
4718:             1             24  org.apache.logging.log4j.core.impl.Log4jContextFactory (org.apache.logging.log4j.core@2.19.0)
4719:             1             24  org.apache.logging.log4j.core.jmx.ContextSelectorAdmin (org.apache.logging.log4j.core@2.19.0)
4720:             1             24  org.apache.logging.log4j.core.pattern.FormattingInfo (org.apache.logging.log4j.core@2.19.0)
4721:             1             24  org.apache.logging.log4j.core.pattern.IntegerPatternConverter (org.apache.logging.log4j.core@2.19.0)
4722:             1             24  org.apache.logging.log4j.core.pattern.LevelPatternConverter$SimpleLevelPatternConverter (org.apache.logging.log4j.core@2.19.0)
4723:             1             24  org.apache.logging.log4j.core.pattern.LineSeparatorPatternConverter (org.apache.logging.log4j.core@2.19.0)
4724:             1             24  org.apache.logging.log4j.core.pattern.MessagePatternConverter$SimpleMessagePatternConverter (org.apache.logging.log4j.core@2.19.0)
4725:             1             24  org.apache.logging.log4j.core.pattern.NameAbbreviator$MaxElementAbbreviator$Strategy$1 (org.apache.logging.log4j.core@2.19.0)
4726:             1             24  org.apache.logging.log4j.core.pattern.NameAbbreviator$MaxElementAbbreviator$Strategy$2 (org.apache.logging.log4j.core@2.19.0)
4727:             1             24  org.apache.logging.log4j.core.pattern.PatternParser (org.apache.logging.log4j.core@2.19.0)
4728:             1             24  org.apache.logging.log4j.core.pattern.SimpleLiteralPatternConverter$Space (org.apache.logging.log4j.core@2.19.0)
4729:             1             24  org.apache.logging.log4j.core.pattern.ThreadNamePatternConverter (org.apache.logging.log4j.core@2.19.0)
4730:             1             24  org.apache.logging.log4j.core.util.Source (org.apache.logging.log4j.core@2.19.0)
4731:             1             24  org.apache.logging.log4j.core.util.datetime.FastDatePrinter$TextField (org.apache.logging.log4j.core@2.19.0)
4732:             1             24  org.apache.logging.log4j.spi.LoggerRegistry (org.apache.logging.log4j@2.19.0)
4733:             1             24  org.apache.logging.log4j.status.StatusConsoleListener (org.apache.logging.log4j@2.19.0)
4734:             1             24  org.apache.logging.slf4j.Log4jLoggerFactory (org.apache.logging.log4j.slf4j@2.19.0)
4735:             1             24  org.apache.logging.slf4j.SLF4JServiceProvider (org.apache.logging.log4j.slf4j@2.19.0)
4736:             1             24  org.apache.maven.artifact.versioning.ComparableVersion$LongItem (maven.artifact@3.8.5)
4737:             1             24  org.lwjgl.glfw.GLFWErrorCallback$Container (org.lwjgl.glfw@3.3.1+7)
4738:             1             24  org.lwjgl.glfw.GLFWImage (org.lwjgl.glfw@3.3.1+7)
4739:             1             24  org.lwjgl.glfw.GLFWVidMode (org.lwjgl.glfw@3.3.1+7)
4740:             1             24  org.lwjgl.openal.ALC$SharedLibraryAL (org.lwjgl.openal@3.3.1+7)
4741:             1             24  org.lwjgl.opengl.GL$1 (org.lwjgl.opengl@3.3.1+7)
4742:             1             24  org.lwjgl.stb.STBTTPackRange (org.lwjgl.stb@3.3.1+7)
4743:             1             24  org.lwjgl.stb.STBTTPackedchar (org.lwjgl.stb@3.3.1+7)
4744:             1             24  org.openjdk.nashorn.internal.runtime.AccessorProperty$1 (org.openjdk.nashorn)
4745:             1             24  org.openjdk.nashorn.internal.runtime.arrays.ArrayData$UntouchedArrayData (org.openjdk.nashorn)
4746:             1             24  org.openjdk.nashorn.internal.runtime.linker.ClassAndLoader (org.openjdk.nashorn)
4747:             1             24  org.openjdk.nashorn.internal.runtime.linker.JavaAdapterFactory$1 (org.openjdk.nashorn)
4748:             1             24  org.openjdk.nashorn.internal.runtime.linker.JavaAdapterFactory$2 (org.openjdk.nashorn)
4749:             1             24  org.openjdk.nashorn.internal.runtime.linker.NashornBeansLinker$1 (org.openjdk.nashorn)
4750:             1             24  org.openjdk.nashorn.internal.runtime.linker.NashornCallSiteDescriptor$1 (org.openjdk.nashorn)
4751:             1             24  org.openjdk.nashorn.internal.runtime.linker.NashornLinker$1 (org.openjdk.nashorn)
4752:             1             24  org.openjdk.nashorn.internal.runtime.logging.DebugLogger (org.openjdk.nashorn)
4753:             1             24  org.slf4j.helpers.BasicMDCAdapter (org.slf4j@2.0.1)
4754:             1             24  org.slf4j.helpers.BasicMDCAdapter$1 (org.slf4j@2.0.1)
4755:             1             24  org.slf4j.helpers.FormattingTuple (org.slf4j@2.0.1)
4756:             1             24  org.slf4j.helpers.NOP_FallbackServiceProvider (org.slf4j@2.0.1)
4757:             1             24  org.slf4j.helpers.SubstituteLoggerFactory (org.slf4j@2.0.1)
4758:             1             24  org.slf4j.helpers.SubstituteServiceProvider (org.slf4j@2.0.1)
4759:             1             24  org.spongepowered.asm.launch.MixinTransformationService (org.spongepowered.mixin)
4760:             1             24  org.spongepowered.asm.launch.platform.MixinConnectorManager (org.spongepowered.mixin)
4761:             1             24  org.spongepowered.asm.launch.platform.MixinPlatformAgentMinecraftForge (org.spongepowered.mixin)
4762:             1             24  org.spongepowered.asm.launch.platform.container.ContainerHandleModLauncherEx (org.spongepowered.mixin)
4763:             1             24  org.spongepowered.asm.mixin.MixinEnvironment$Side$1 (org.spongepowered.mixin)
4764:             1             24  org.spongepowered.asm.mixin.MixinEnvironment$Side$2 (org.spongepowered.mixin)
4765:             1             24  org.spongepowered.asm.mixin.MixinEnvironment$Side$3 (org.spongepowered.mixin)
4766:             1             24  org.spongepowered.asm.mixin.transformer.MixinClassGenerator (org.spongepowered.mixin)
4767:             1             24  org.spongepowered.asm.mixin.transformer.MixinCoprocessorAccessor (org.spongepowered.mixin)
4768:             1             24  org.spongepowered.asm.mixin.transformer.ext.extensions.ExtensionClassExporter (org.spongepowered.mixin)
4769:             1             24  org.spongepowered.asm.service.MixinService$LogBuffer (org.spongepowered.mixin)
4770:             1             24  org.spongepowered.asm.service.modlauncher.Blackboard (org.spongepowered.mixin)
4771:             1             24  org.spongepowered.asm.service.modlauncher.MixinTransformationHandler (org.spongepowered.mixin)
4772:             1             24  org.spongepowered.asm.service.modlauncher.ModLauncherAuditTrail (org.spongepowered.mixin)
4773:             1             24  org.spongepowered.asm.service.modlauncher.ModLauncherClassTracker (org.spongepowered.mixin)
4774:             1             24  org.spongepowered.asm.util.ReEntranceLock (org.spongepowered.mixin)
4775:             1             24  org.spongepowered.asm.util.VersionNumber (org.spongepowered.mixin)
4776:             1             24  sun.management.CompilationImpl (java.management@17.0.15)
4777:             1             24  sun.management.ManagementFactoryHelper$LoggingMXBeanAccess (java.management@17.0.15)
4778:             1             24  sun.management.ManagementFactoryHelper$PlatformLoggingImpl (java.management@17.0.15)
4779:             1             24  sun.management.MemoryImpl (java.management@17.0.15)
4780:             1             24  sun.management.RuntimeImpl (java.management@17.0.15)
4781:             1             24  sun.management.VMManagementImpl (java.management@17.0.15)
4782:             1             24  sun.net.ProgressMonitor (java.base@17.0.15)
4783:             1             24  sun.net.sdp.SdpProvider (java.base@17.0.15)
4784:             1             24  sun.net.www.http.KeepAliveEntry (java.base@17.0.15)
4785:             1             24  sun.net.www.protocol.http.Handler (java.base@17.0.15)
4786:             1             24  sun.nio.cs.ISO_8859_1 (java.base@17.0.15)
4787:             1             24  sun.nio.cs.StandardCharsets (java.base@17.0.15)
4788:             1             24  sun.nio.cs.US_ASCII (java.base@17.0.15)
4789:             1             24  sun.nio.cs.UTF_16 (java.base@17.0.15)
4790:             1             24  sun.nio.cs.UTF_16BE (java.base@17.0.15)
4791:             1             24  sun.nio.cs.UTF_16LE (java.base@17.0.15)
4792:             1             24  sun.nio.cs.UTF_8 (java.base@17.0.15)
4793:             1             24  sun.reflect.generics.reflectiveObjects.WildcardTypeImpl (java.base@17.0.15)
4794:             1             24  sun.security.ec.point.ProjectivePoint$Immutable (jdk.crypto.ec@17.0.15)
4795:             1             24  sun.security.ssl.EphemeralKeyManager (java.base@17.0.15)
4796:             1             24  sun.security.ssl.HandshakeHash (java.base@17.0.15)
4797:             1             24  sun.security.ssl.SSLSocketImpl$AppOutputStream (java.base@17.0.15)
4798:             1             24  sun.security.ssl.SunX509KeyManagerImpl (java.base@17.0.15)
4799:             1             24  sun.security.validator.CADistrustPolicy$1 (java.base@17.0.15)
4800:             1             24  sun.security.validator.CADistrustPolicy$2 (java.base@17.0.15)
4801:             1             24  sun.security.validator.CADistrustPolicy$3 (java.base@17.0.15)
4802:             1             24  sun.security.validator.EndEntityChecker (java.base@17.0.15)
4803:             1             24  sun.util.cldr.CLDRCalendarDataProviderImpl (java.base@17.0.15)
4804:             1             24  sun.util.cldr.CLDRCalendarNameProviderImpl (java.base@17.0.15)
4805:             1             24  sun.util.locale.BaseLocale$Cache (java.base@17.0.15)
4806:             1             24  sun.util.locale.provider.CalendarNameProviderImpl (java.base@17.0.15)
4807:             1             24  sun.util.locale.provider.CalendarProviderImpl (java.base@17.0.15)
4808:             1             24  sun.util.locale.provider.DateFormatSymbolsProviderImpl (java.base@17.0.15)
4809:             1             24  sun.util.locale.provider.DecimalFormatSymbolsProviderImpl (java.base@17.0.15)
4810:             1             24  sun.util.locale.provider.NumberFormatProviderImpl (java.base@17.0.15)
4811:             1             16  [Lcpw.mods.modlauncher.api.NamedPath; (cpw.mods.modlauncher@10.0.9)
4812:             1             16  [Lio.netty.util.AsciiString; (io.netty.common@4.1.82.Final)
4813:             1             16  [Ljava.lang.ClassLoader; (java.base@17.0.15)
4814:             1             16  [Ljava.lang.Double; (java.base@17.0.15)
4815:             1             16  [Ljava.lang.Float; (java.base@17.0.15)
4816:             1             16  [Ljava.lang.constant.Constable; (java.base@17.0.15)
4817:             1             16  [Ljava.nio.file.attribute.FileAttribute; (java.base@17.0.15)
4818:             1             16  [Ljava.security.Provider; (java.base@17.0.15)
4819:             1             16  [Ljava.text.FieldPosition; (java.base@17.0.15)
4820:             1             16  [Ljava.util.logging.Handler; (java.logging@17.0.15)
4821:             1             16  [Ljavax.security.cert.X509Certificate; (java.base@17.0.15)
4822:             1             16  [Lorg.apache.commons.lang3.tuple.ImmutablePair; (org.apache.commons.lang3@3.12.0)
4823:             1             16  [Lorg.apache.commons.lang3.tuple.ImmutableTriple; (org.apache.commons.lang3@3.12.0)
4824:             1             16  [Lorg.apache.commons.lang3.tuple.Pair$PairAdapter; (org.apache.commons.lang3@3.12.0)
4825:             1             16  [Lorg.apache.commons.lang3.tuple.Triple$TripleAdapter; (org.apache.commons.lang3@3.12.0)
4826:             1             16  [Lorg.apache.logging.log4j.core.Appender; (org.apache.logging.log4j.core@2.19.0)
4827:             1             16  [Lorg.apache.logging.log4j.core.impl.ExtendedStackTraceElement; (org.apache.logging.log4j.core@2.19.0)
4828:             1             16  [Lorg.apache.logging.log4j.core.impl.ThrowableProxy; (org.apache.logging.log4j.core@2.19.0)
4829:             1             16  [Lorg.apache.logging.log4j.spi.LoggerContext; (org.apache.logging.log4j@2.19.0)
4830:             1             16  [Lorg.openjdk.nashorn.internal.ir.Expression; (org.openjdk.nashorn)
4831:             1             16  com.bawnorton.mixinsquared.MixinSquaredBootstrap$$Lambda$1002/0x00000008005488f8 (MixinSquared.beta._1@0.3.6-beta.1)
4832:             1             16  com.bawnorton.mixinsquared.MixinSquaredBootstrap$$Lambda$998/0x0000000800547d68 (MixinSquared.beta._1@0.3.6-beta.1)
4833:             1             16  com.bawnorton.mixinsquared.adjuster.ExtensionAnnotationAdjust (MixinSquared.beta._1@0.3.6-beta.1)
4834:             1             16  com.bawnorton.mixinsquared.canceller.ExtensionCancelApplication (MixinSquared.beta._1@0.3.6-beta.1)
4835:             1             16  com.bawnorton.mixinsquared.platform.forge.MixinSquaredApiImplLoader$$Lambda$996/0x0000000800547048 (mixinsquared@0.3.6-beta.1)
4836:             1             16  com.bawnorton.mixinsquared.platform.forge.MixinSquaredApiImplLoader$$Lambda$997/0x0000000800547928 (mixinsquared@0.3.6-beta.1)
4837:             1             16  com.bawnorton.mixinsquared.platform.forge.MixinSquaredMixinConfigPlugin (mixinsquared@0.3.6-beta.1)
4838:             1             16  com.electronwill.nightconfig.core.AbstractCommentedConfig$$Lambda$405/0x0000000800314538 (com.electronwill.nightconfig.core@3.6.4)
4839:             1             16  com.electronwill.nightconfig.core.AbstractCommentedConfig$$Lambda$406/0x0000000800314778 (com.electronwill.nightconfig.core@3.6.4)
4840:             1             16  com.electronwill.nightconfig.core.Config$$Lambda$379/0x0000000800302aa8 (com.electronwill.nightconfig.core@3.6.4)
4841:             1             16  com.electronwill.nightconfig.core.Config$$Lambda$5639/0x0000000800e0f798 (com.electronwill.nightconfig.core@3.6.4)
4842:             1             16  com.electronwill.nightconfig.core.ConfigSpec (com.electronwill.nightconfig.core@3.6.4)
4843:             1             16  com.electronwill.nightconfig.core.ConfigSpec$$Lambda$385/0x0000000800305ae8 (com.electronwill.nightconfig.core@3.6.4)
4844:             1             16  com.electronwill.nightconfig.core.InMemoryCommentedFormat$$Lambda$380/0x0000000800303d98 (com.electronwill.nightconfig.core@3.6.4)
4845:             1             16  com.electronwill.nightconfig.core.InMemoryFormat$$Lambda$377/0x0000000800302608 (com.electronwill.nightconfig.core@3.6.4)
4846:             1             16  com.electronwill.nightconfig.core.InMemoryFormat$$Lambda$378/0x0000000800302858 (com.electronwill.nightconfig.core@3.6.4)
4847:             1             16  com.electronwill.nightconfig.core.NullObject (com.electronwill.nightconfig.core@3.6.4)
4848:             1             16  com.electronwill.nightconfig.core.file.FileNotFoundAction$$Lambda$396/0x000000080030afb8 (com.electronwill.nightconfig.core@3.6.4)
4849:             1             16  com.electronwill.nightconfig.core.file.FileNotFoundAction$$Lambda$397/0x000000080030b1d8 (com.electronwill.nightconfig.core@3.6.4)
4850:             1             16  com.electronwill.nightconfig.core.file.FileNotFoundAction$$Lambda$398/0x000000080030b3f8 (com.electronwill.nightconfig.core@3.6.4)
4851:             1             16  com.electronwill.nightconfig.core.file.FileNotFoundAction$$Lambda$403/0x000000080030f568 (com.electronwill.nightconfig.core@3.6.4)
4852:             1             16  com.electronwill.nightconfig.core.file.FormatDetector$$Lambda$386/0x0000000800308400 (com.electronwill.nightconfig.core@3.6.4)
4853:             1             16  com.electronwill.nightconfig.core.io.ParsingMode$$Lambda$387/0x0000000800309440 (com.electronwill.nightconfig.core@3.6.4)
4854:             1             16  com.electronwill.nightconfig.core.io.ParsingMode$$Lambda$388/0x0000000800309870 (com.electronwill.nightconfig.core@3.6.4)
4855:             1             16  com.electronwill.nightconfig.core.io.ParsingMode$$Lambda$389/0x0000000800309ca0 (com.electronwill.nightconfig.core@3.6.4)
4856:             1             16  com.electronwill.nightconfig.core.io.ParsingMode$$Lambda$390/0x0000000800309ec0 (com.electronwill.nightconfig.core@3.6.4)
4857:             1             16  com.electronwill.nightconfig.core.io.ParsingMode$$Lambda$391/0x000000080030a0f0 (com.electronwill.nightconfig.core@3.6.4)
4858:             1             16  com.electronwill.nightconfig.core.io.ParsingMode$$Lambda$392/0x000000080030a320 (com.electronwill.nightconfig.core@3.6.4)
4859:             1             16  com.electronwill.nightconfig.core.io.ParsingMode$$Lambda$393/0x000000080030a540 (com.electronwill.nightconfig.core@3.6.4)
4860:             1             16  com.electronwill.nightconfig.core.io.ParsingMode$$Lambda$394/0x000000080030a770 (com.electronwill.nightconfig.core@3.6.4)
4861:             1             16  com.electronwill.nightconfig.core.io.ParsingMode$$Lambda$395/0x000000080030a9a0 (com.electronwill.nightconfig.core@3.6.4)
4862:             1             16  com.electronwill.nightconfig.toml.TomlFormat (com.electronwill.nightconfig.toml@3.6.4)
4863:             1             16  com.electronwill.nightconfig.toml.TomlWriter$$Lambda$399/0x000000080030e000 (com.electronwill.nightconfig.toml@3.6.4)
4864:             1             16  com.electronwill.nightconfig.toml.TomlWriter$$Lambda$400/0x000000080030e250 (com.electronwill.nightconfig.toml@3.6.4)
4865:             1             16  com.electronwill.nightconfig.toml.TomlWriter$$Lambda$401/0x000000080030e4a0 (com.electronwill.nightconfig.toml@3.6.4)
4866:             1             16  com.google.common.base.Absent (com.google.common@31.1-jre)
4867:             1             16  com.google.common.base.CharMatcher$AnyOf (com.google.common@31.1-jre)
4868:             1             16  com.google.common.base.CharMatcher$Negated (com.google.common@31.1-jre)
4869:             1             16  com.google.common.base.CharMatcher$None (com.google.common@31.1-jre)
4870:             1             16  com.google.common.base.Equivalence$Equals (com.google.common@31.1-jre)
4871:             1             16  com.google.common.base.Equivalence$Identity (com.google.common@31.1-jre)
4872:             1             16  com.google.common.base.Platform$JdkPatternCompiler (com.google.common@31.1-jre)
4873:             1             16  com.google.common.base.Suppliers$SupplierOfInstance (com.google.common@31.1-jre)
4874:             1             16  com.google.common.base.Ticker$1 (com.google.common@31.1-jre)
4875:             1             16  com.google.common.cache.CacheBuilder$1 (com.google.common@31.1-jre)
4876:             1             16  com.google.common.cache.CacheBuilder$2 (com.google.common@31.1-jre)
4877:             1             16  com.google.common.cache.CacheBuilder$3 (com.google.common@31.1-jre)
4878:             1             16  com.google.common.cache.LocalCache$1 (com.google.common@31.1-jre)
4879:             1             16  com.google.common.cache.LocalCache$2 (com.google.common@31.1-jre)
4880:             1             16  com.google.common.collect.CollectCollectors$$Lambda$1173/0x000000080058afc0 (com.google.common@31.1-jre)
4881:             1             16  com.google.common.collect.CollectCollectors$$Lambda$1175/0x000000080058b418 (com.google.common@31.1-jre)
4882:             1             16  com.google.common.collect.CollectCollectors$$Lambda$1176/0x000000080058b660 (com.google.common@31.1-jre)
4883:             1             16  com.google.common.collect.CollectCollectors$$Lambda$704/0x00000008003bacc0 (com.google.common@31.1-jre)
4884:             1             16  com.google.common.collect.CollectCollectors$$Lambda$705/0x00000008003baee0 (com.google.common@31.1-jre)
4885:             1             16  com.google.common.collect.CollectCollectors$$Lambda$706/0x00000008003bb110 (com.google.common@31.1-jre)
4886:             1             16  com.google.common.collect.CollectCollectors$$Lambda$707/0x00000008003bb358 (com.google.common@31.1-jre)
4887:             1             16  com.google.common.collect.CollectCollectors$$Lambda$708/0x00000008003bc548 (com.google.common@31.1-jre)
4888:             1             16  com.google.common.collect.CollectCollectors$$Lambda$709/0x00000008003bc998 (com.google.common@31.1-jre)
4889:             1             16  com.google.common.collect.CollectCollectors$$Lambda$710/0x00000008003bcbc8 (com.google.common@31.1-jre)
4890:             1             16  com.google.common.collect.CollectCollectors$$Lambda$711/0x00000008003bce10 (com.google.common@31.1-jre)
4891:             1             16  com.google.common.collect.CollectCollectors$$Lambda$712/0x00000008003c0238 (com.google.common@31.1-jre)
4892:             1             16  com.google.common.collect.CollectCollectors$$Lambda$713/0x00000008003c0ae8 (com.google.common@31.1-jre)
4893:             1             16  com.google.common.collect.CollectCollectors$$Lambda$714/0x00000008003c0d18 (com.google.common@31.1-jre)
4894:             1             16  com.google.common.collect.CollectCollectors$$Lambda$715/0x00000008003c0f60 (com.google.common@31.1-jre)
4895:             1             16  com.google.common.collect.CollectCollectors$$Lambda$717/0x00000008003c13d8 (com.google.common@31.1-jre)
4896:             1             16  com.google.common.collect.CollectSpliterators$FlatMapSpliteratorOfObject$$Lambda$4665/0x0000000800c3e2a0 (com.google.common@31.1-jre)
4897:             1             16  com.google.common.collect.ImmutableMapValues (com.google.common@31.1-jre)
4898:             1             16  com.google.common.collect.MapMakerInternalMap$1 (com.google.common@31.1-jre)
4899:             1             16  com.google.common.collect.MapMakerInternalMap$StrongKeyWeakValueEntry$Helper (com.google.common@31.1-jre)
4900:             1             16  com.google.common.collect.MapMakerInternalMap$WeakKeyDummyValueEntry$Helper (com.google.common@31.1-jre)
4901:             1             16  com.google.common.collect.ReverseNaturalOrdering (com.google.common@31.1-jre)
4902:             1             16  com.google.common.collect.Streams$$Lambda$4664/0x0000000800c3d970 (com.google.common@31.1-jre)
4903:             1             16  com.google.common.collect.Tables$1 (com.google.common@31.1-jre)
4904:             1             16  com.google.common.io.Files$2 (com.google.common@31.1-jre)
4905:             1             16  com.google.common.io.MoreFiles$1 (com.google.common@31.1-jre)
4906:             1             16  com.google.gson.Gson$1
4907:             1             16  com.google.gson.Gson$2
4908:             1             16  com.google.gson.Gson$4
4909:             1             16  com.google.gson.Gson$5
4910:             1             16  com.google.gson.JsonNull (com.google.gson@2.10)
4911:             1             16  com.google.gson.JsonNull
4912:             1             16  com.google.gson.internal.ConstructorConstructor$18 (com.google.gson@2.10)
4913:             1             16  com.google.gson.internal.LinkedTreeMap$1 (com.google.gson@2.10)
4914:             1             16  com.google.gson.internal.LinkedTreeMap$1
4915:             1             16  com.google.gson.internal.LinkedTreeMap$EntrySet
4916:             1             16  com.google.gson.internal.LinkedTreeMap$KeySet
4917:             1             16  com.google.gson.internal.bind.ArrayTypeAdapter$1
4918:             1             16  com.google.gson.internal.bind.ArrayTypeAdapter$1 (com.google.gson@2.10)
4919:             1             16  com.google.gson.internal.bind.CollectionTypeAdapterFactory
4920:             1             16  com.google.gson.internal.bind.DateTypeAdapter$1
4921:             1             16  com.google.gson.internal.bind.DateTypeAdapter$1 (com.google.gson@2.10)
4922:             1             16  com.google.gson.internal.bind.DefaultDateTypeAdapter$DateType$1
4923:             1             16  com.google.gson.internal.bind.DefaultDateTypeAdapter$DateType$1 (com.google.gson@2.10)
4924:             1             16  com.google.gson.internal.bind.JsonAdapterAnnotationTypeAdapterFactory
4925:             1             16  com.google.gson.internal.bind.NumberTypeAdapter
4926:             1             16  com.google.gson.internal.bind.NumberTypeAdapter (com.google.gson@2.10)
4927:             1             16  com.google.gson.internal.bind.NumberTypeAdapter$1
4928:             1             16  com.google.gson.internal.bind.NumberTypeAdapter$1 (com.google.gson@2.10)
4929:             1             16  com.google.gson.internal.bind.ObjectTypeAdapter$1
4930:             1             16  com.google.gson.internal.bind.ObjectTypeAdapter$1 (com.google.gson@2.10)
4931:             1             16  com.google.gson.internal.bind.TreeTypeAdapter$GsonContextImpl
4932:             1             16  com.google.gson.internal.bind.TypeAdapters$1
4933:             1             16  com.google.gson.internal.bind.TypeAdapters$1 (com.google.gson@2.10)
4934:             1             16  com.google.gson.internal.bind.TypeAdapters$10
4935:             1             16  com.google.gson.internal.bind.TypeAdapters$10 (com.google.gson@2.10)
4936:             1             16  com.google.gson.internal.bind.TypeAdapters$11
4937:             1             16  com.google.gson.internal.bind.TypeAdapters$11 (com.google.gson@2.10)
4938:             1             16  com.google.gson.internal.bind.TypeAdapters$12
4939:             1             16  com.google.gson.internal.bind.TypeAdapters$12 (com.google.gson@2.10)
4940:             1             16  com.google.gson.internal.bind.TypeAdapters$13
4941:             1             16  com.google.gson.internal.bind.TypeAdapters$13 (com.google.gson@2.10)
4942:             1             16  com.google.gson.internal.bind.TypeAdapters$14
4943:             1             16  com.google.gson.internal.bind.TypeAdapters$14 (com.google.gson@2.10)
4944:             1             16  com.google.gson.internal.bind.TypeAdapters$15
4945:             1             16  com.google.gson.internal.bind.TypeAdapters$15 (com.google.gson@2.10)
4946:             1             16  com.google.gson.internal.bind.TypeAdapters$16
4947:             1             16  com.google.gson.internal.bind.TypeAdapters$16 (com.google.gson@2.10)
4948:             1             16  com.google.gson.internal.bind.TypeAdapters$17
4949:             1             16  com.google.gson.internal.bind.TypeAdapters$17 (com.google.gson@2.10)
4950:             1             16  com.google.gson.internal.bind.TypeAdapters$18
4951:             1             16  com.google.gson.internal.bind.TypeAdapters$18 (com.google.gson@2.10)
4952:             1             16  com.google.gson.internal.bind.TypeAdapters$19
4953:             1             16  com.google.gson.internal.bind.TypeAdapters$19 (com.google.gson@2.10)
4954:             1             16  com.google.gson.internal.bind.TypeAdapters$2
4955:             1             16  com.google.gson.internal.bind.TypeAdapters$2 (com.google.gson@2.10)
4956:             1             16  com.google.gson.internal.bind.TypeAdapters$20
4957:             1             16  com.google.gson.internal.bind.TypeAdapters$20 (com.google.gson@2.10)
4958:             1             16  com.google.gson.internal.bind.TypeAdapters$21
4959:             1             16  com.google.gson.internal.bind.TypeAdapters$21 (com.google.gson@2.10)
4960:             1             16  com.google.gson.internal.bind.TypeAdapters$22
4961:             1             16  com.google.gson.internal.bind.TypeAdapters$22 (com.google.gson@2.10)
4962:             1             16  com.google.gson.internal.bind.TypeAdapters$23
4963:             1             16  com.google.gson.internal.bind.TypeAdapters$23 (com.google.gson@2.10)
4964:             1             16  com.google.gson.internal.bind.TypeAdapters$24
4965:             1             16  com.google.gson.internal.bind.TypeAdapters$24 (com.google.gson@2.10)
4966:             1             16  com.google.gson.internal.bind.TypeAdapters$25
4967:             1             16  com.google.gson.internal.bind.TypeAdapters$25 (com.google.gson@2.10)
4968:             1             16  com.google.gson.internal.bind.TypeAdapters$26
4969:             1             16  com.google.gson.internal.bind.TypeAdapters$26 (com.google.gson@2.10)
4970:             1             16  com.google.gson.internal.bind.TypeAdapters$27
4971:             1             16  com.google.gson.internal.bind.TypeAdapters$27 (com.google.gson@2.10)
4972:             1             16  com.google.gson.internal.bind.TypeAdapters$28
4973:             1             16  com.google.gson.internal.bind.TypeAdapters$28 (com.google.gson@2.10)
4974:             1             16  com.google.gson.internal.bind.TypeAdapters$29
4975:             1             16  com.google.gson.internal.bind.TypeAdapters$29 (com.google.gson@2.10)
4976:             1             16  com.google.gson.internal.bind.TypeAdapters$3
4977:             1             16  com.google.gson.internal.bind.TypeAdapters$3 (com.google.gson@2.10)
4978:             1             16  com.google.gson.internal.bind.TypeAdapters$4
4979:             1             16  com.google.gson.internal.bind.TypeAdapters$4 (com.google.gson@2.10)
4980:             1             16  com.google.gson.internal.bind.TypeAdapters$5
4981:             1             16  com.google.gson.internal.bind.TypeAdapters$5 (com.google.gson@2.10)
4982:             1             16  com.google.gson.internal.bind.TypeAdapters$6
4983:             1             16  com.google.gson.internal.bind.TypeAdapters$6 (com.google.gson@2.10)
4984:             1             16  com.google.gson.internal.bind.TypeAdapters$7
4985:             1             16  com.google.gson.internal.bind.TypeAdapters$7 (com.google.gson@2.10)
4986:             1             16  com.google.gson.internal.bind.TypeAdapters$8
4987:             1             16  com.google.gson.internal.bind.TypeAdapters$8 (com.google.gson@2.10)
4988:             1             16  com.google.gson.internal.bind.TypeAdapters$9
4989:             1             16  com.google.gson.internal.bind.TypeAdapters$9 (com.google.gson@2.10)
4990:             1             16  com.google.gson.internal.sql.SqlDateTypeAdapter$1
4991:             1             16  com.google.gson.internal.sql.SqlDateTypeAdapter$1 (com.google.gson@2.10)
4992:             1             16  com.google.gson.internal.sql.SqlTimeTypeAdapter$1
4993:             1             16  com.google.gson.internal.sql.SqlTimeTypeAdapter$1 (com.google.gson@2.10)
4994:             1             16  com.google.gson.internal.sql.SqlTimestampTypeAdapter$1
4995:             1             16  com.google.gson.internal.sql.SqlTimestampTypeAdapter$1 (com.google.gson@2.10)
4996:             1             16  com.google.gson.internal.sql.SqlTypesSupport$1
4997:             1             16  com.google.gson.internal.sql.SqlTypesSupport$1 (com.google.gson@2.10)
4998:             1             16  com.google.gson.internal.sql.SqlTypesSupport$2
4999:             1             16  com.google.gson.internal.sql.SqlTypesSupport$2 (com.google.gson@2.10)
5000:             1             16  com.google.gson.stream.JsonReader$1
5001:             1             16  com.google.gson.stream.JsonReader$1 (com.google.gson@2.10)
5002:             1             16  com.ibm.icu.impl.Trie2$1 (com.ibm.icu@71.1)
5003:             1             16  com.llamalad7.mixinextras.expression.impl.point.ExpressionSliceMarkerTransformer (MixinExtras@0.5.3)
5004:             1             16  com.llamalad7.mixinextras.expression.impl.wrapper.ExpressionInjectorWrapperTransformer (MixinExtras@0.5.3)
5005:             1             16  com.llamalad7.mixinextras.injector.LateInjectionApplicatorExtension (MixinExtras@0.5.3)
5006:             1             16  com.llamalad7.mixinextras.injector.wrapmethod.WrapMethodApplicatorExtension (MixinExtras@0.5.3)
5007:             1             16  com.llamalad7.mixinextras.lib.semver.Version$$Lambda$986/0x0000000800529b08 (MixinExtras@0.5.3)
5008:             1             16  com.llamalad7.mixinextras.lib.semver.Version$$Lambda$987/0x000000080052a000 (MixinExtras@0.5.3)
5009:             1             16  com.llamalad7.mixinextras.platform.forge.MixinExtrasConfigPlugin (mixinextras@0.5.3)
5010:             1             16  com.llamalad7.mixinextras.service.MixinExtrasServiceImpl$$Lambda$988/0x0000000800536080 (MixinExtras@0.5.3)
5011:             1             16  com.llamalad7.mixinextras.sugar.impl.SugarMixinTransformer (MixinExtras@0.5.3)
5012:             1             16  com.llamalad7.mixinextras.sugar.impl.SugarPostProcessingExtension (MixinExtras@0.5.3)
5013:             1             16  com.llamalad7.mixinextras.utils.MixinExtrasLogger$$Lambda$983/0x0000000800528d68 (MixinExtras@0.5.3)
5014:             1             16  com.llamalad7.mixinextras.utils.MixinInternals$$Lambda$991/0x0000000800537148 (MixinExtras@0.5.3)
5015:             1             16  com.llamalad7.mixinextras.wrapper.factory.FactoryRedirectWrapperMixinTransformer (MixinExtras@0.5.3)
5016:             1             16  com.mojang.authlib.GameProfile$Serializer (authlib@4.0.43)
5017:             1             16  com.mojang.authlib.minecraft.TelemetrySession$1 (authlib@4.0.43)
5018:             1             16  com.mojang.authlib.minecraft.UserApiService$1 (authlib@4.0.43)
5019:             1             16  com.mojang.authlib.minecraft.client.ObjectMapper (authlib@4.0.43)
5020:             1             16  com.mojang.authlib.yggdrasil.ServicesKeySet$$Lambda$4362/0x0000000800be91b8 (authlib@4.0.43)
5021:             1             16  com.mojang.authlib.yggdrasil.ServicesKeySet$$Lambda$4365/0x0000000800be9828 (authlib@4.0.43)
5022:             1             16  com.mojang.authlib.yggdrasil.YggdrasilEnvironment$$Lambda$4361/0x0000000800be7518 (authlib@4.0.43)
5023:             1             16  com.mojang.authlib.yggdrasil.YggdrasilMinecraftSessionService$1 (authlib@4.0.43)
5024:             1             16  com.mojang.authlib.yggdrasil.YggdrasilServicesKeyInfo$$Lambda$4963/0x0000000800d2cd20 (authlib@4.0.43)
5025:             1             16  com.mojang.authlib.yggdrasil.response.ProfileSearchResultsResponse$Serializer (authlib@4.0.43)
5026:             1             16  com.mojang.blaze3d.audio.Library$1 (minecraft@1.20.1)
5027:             1             16  com.mojang.blaze3d.font.SpaceProvider (minecraft@1.20.1)
5028:             1             16  com.mojang.blaze3d.font.SpaceProvider$Definition$$Lambda$5290/0x0000000800dcd268 (minecraft@1.20.1)
5029:             1             16  com.mojang.blaze3d.font.SpaceProvider$Definition$$Lambda$5291/0x0000000800dcd4a8 (minecraft@1.20.1)
5030:             1             16  com.mojang.blaze3d.font.SpaceProvider$Definition$$Lambda$5292/0x0000000800dcd6e8 (minecraft@1.20.1)
5031:             1             16  com.mojang.blaze3d.pipeline.RenderTarget$$Lambda$4600/0x0000000800c39278 (minecraft@1.20.1)
5032:             1             16  com.mojang.blaze3d.platform.ClipboardManager (minecraft@1.20.1)
5033:             1             16  com.mojang.blaze3d.platform.DebugMemoryUntracker$$Lambda$4597/0x0000000800c35000 (minecraft@1.20.1)
5034:             1             16  com.mojang.blaze3d.platform.GLX$$Lambda$4561/0x0000000800c20e78 (minecraft@1.20.1)
5035:             1             16  com.mojang.blaze3d.platform.GLX$$Lambda$4563/0x0000000800c217c0 (minecraft@1.20.1)
5036:             1             16  com.mojang.blaze3d.platform.GlDebug$$Lambda$4595/0x0000000800c29760 (minecraft@1.20.1)
5037:             1             16  com.mojang.blaze3d.platform.GlDebug$$Lambda$4596/0x0000000800c29bf0 (minecraft@1.20.1)
5038:             1             16  com.mojang.blaze3d.platform.GlStateManager$$Lambda$4598/0x0000000800c38830 (minecraft@1.20.1)
5039:             1             16  com.mojang.blaze3d.platform.GlStateManager$$Lambda$4599/0x0000000800c38c48 (minecraft@1.20.1)
5040:             1             16  com.mojang.blaze3d.platform.GlStateManager$ColorMask (minecraft@1.20.1)
5041:             1             16  com.mojang.blaze3d.platform.GlStateManager$ScissorState (minecraft@1.20.1)
5042:             1             16  com.mojang.blaze3d.platform.InputConstants$Type$$Lambda$4474/0x0000000800c07228 (minecraft@1.20.1)
5043:             1             16  com.mojang.blaze3d.platform.InputConstants$Type$$Lambda$4475/0x0000000800c07458 (minecraft@1.20.1)
5044:             1             16  com.mojang.blaze3d.platform.InputConstants$Type$$Lambda$4476/0x0000000800c07688 (minecraft@1.20.1)
5045:             1             16  com.mojang.blaze3d.platform.ScreenManager$$Lambda$4566/0x0000000800c226c8 (minecraft@1.20.1)
5046:             1             16  com.mojang.blaze3d.platform.Window$$Lambda$4569/0x0000000800c237e8 (minecraft@1.20.1)
5047:             1             16  com.mojang.blaze3d.platform.Window$$Lambda$4570/0x0000000800c23a78 (minecraft@1.20.1)
5048:             1             16  com.mojang.blaze3d.platform.Window$$Lambda$4581/0x0000000800c2cf58 (minecraft@1.20.1)
5049:             1             16  com.mojang.blaze3d.platform.Window$$Lambda$4582/0x0000000800c2d1e8 (minecraft@1.20.1)
5050:             1             16  com.mojang.blaze3d.platform.Window$$Lambda$4583/0x0000000800c2d478 (minecraft@1.20.1)
5051:             1             16  com.mojang.blaze3d.platform.Window$$Lambda$4584/0x0000000800c2d708 (minecraft@1.20.1)
5052:             1             16  com.mojang.blaze3d.platform.Window$$Lambda$4585/0x0000000800c2d998 (minecraft@1.20.1)
5053:             1             16  com.mojang.blaze3d.platform.Window$$Lambda$4591/0x0000000800c2f4d8 (minecraft@1.20.1)
5054:             1             16  com.mojang.blaze3d.shaders.EffectProgram$1 (minecraft@1.20.1)
5055:             1             16  com.mojang.blaze3d.systems.RenderSystem$$Lambda$4335/0x0000000800bbabf0 (minecraft@1.20.1)
5056:             1             16  com.mojang.blaze3d.systems.RenderSystem$$Lambda$4336/0x0000000800bbb250 (minecraft@1.20.1)
5057:             1             16  com.mojang.blaze3d.systems.RenderSystem$$Lambda$4337/0x0000000800bbb470 (minecraft@1.20.1)
5058:             1             16  com.mojang.blaze3d.systems.RenderSystem$$Lambda$4564/0x0000000800c219e0 (minecraft@1.20.1)
5059:             1             16  com.mojang.blaze3d.vertex.PoseStack (minecraft@1.20.1)
5060:             1             16  com.mojang.blaze3d.vertex.PoseStack$$Lambda$4341/0x0000000800bbd400 (minecraft@1.20.1)
5061:             1             16  com.mojang.blaze3d.vertex.VertexFormatElement$Usage$$Lambda$4839/0x0000000800d07750 (minecraft@1.20.1)
5062:             1             16  com.mojang.blaze3d.vertex.VertexFormatElement$Usage$$Lambda$4840/0x0000000800d07b70 (minecraft@1.20.1)
5063:             1             16  com.mojang.blaze3d.vertex.VertexFormatElement$Usage$$Lambda$4841/0x0000000800d07d90 (minecraft@1.20.1)
5064:             1             16  com.mojang.blaze3d.vertex.VertexFormatElement$Usage$$Lambda$4842/0x0000000800d02000 (minecraft@1.20.1)
5065:             1             16  com.mojang.blaze3d.vertex.VertexFormatElement$Usage$$Lambda$4843/0x0000000800d02220 (minecraft@1.20.1)
5066:             1             16  com.mojang.blaze3d.vertex.VertexFormatElement$Usage$$Lambda$4844/0x0000000800d02440 (minecraft@1.20.1)
5067:             1             16  com.mojang.blaze3d.vertex.VertexFormatElement$Usage$$Lambda$4845/0x0000000800d02660 (minecraft@1.20.1)
5068:             1             16  com.mojang.blaze3d.vertex.VertexFormatElement$Usage$$Lambda$4846/0x0000000800d02880 (minecraft@1.20.1)
5069:             1             16  com.mojang.blaze3d.vertex.VertexFormatElement$Usage$$Lambda$4847/0x0000000800d02aa0 (minecraft@1.20.1)
5070:             1             16  com.mojang.blaze3d.vertex.VertexFormatElement$Usage$$Lambda$4848/0x0000000800d02cc0 (minecraft@1.20.1)
5071:             1             16  com.mojang.blaze3d.vertex.VertexFormatElement$Usage$$Lambda$4849/0x0000000800d02ee0 (minecraft@1.20.1)
5072:             1             16  com.mojang.blaze3d.vertex.VertexFormatElement$Usage$$Lambda$4850/0x0000000800d03100 (minecraft@1.20.1)
5073:             1             16  com.mojang.blaze3d.vertex.VertexSorting$$Lambda$4338/0x0000000800bbba90 (minecraft@1.20.1)
5074:             1             16  com.mojang.blaze3d.vertex.VertexSorting$$Lambda$4340/0x0000000800bbd800 (minecraft@1.20.1)
5075:             1             16  com.mojang.brigadier.exceptions.BuiltInExceptions$$Lambda$1135/0x000000080058e3f0 (brigadier@1.1.8)
5076:             1             16  com.mojang.brigadier.exceptions.BuiltInExceptions$$Lambda$1136/0x000000080058e610 (brigadier@1.1.8)
5077:             1             16  com.mojang.brigadier.exceptions.BuiltInExceptions$$Lambda$1137/0x000000080058e830 (brigadier@1.1.8)
5078:             1             16  com.mojang.brigadier.exceptions.BuiltInExceptions$$Lambda$1138/0x000000080058ea50 (brigadier@1.1.8)
5079:             1             16  com.mojang.brigadier.exceptions.BuiltInExceptions$$Lambda$1139/0x000000080058ec70 (brigadier@1.1.8)
5080:             1             16  com.mojang.brigadier.exceptions.BuiltInExceptions$$Lambda$1140/0x000000080058ee90 (brigadier@1.1.8)
5081:             1             16  com.mojang.brigadier.exceptions.BuiltInExceptions$$Lambda$1141/0x000000080058f0b0 (brigadier@1.1.8)
5082:             1             16  com.mojang.brigadier.exceptions.BuiltInExceptions$$Lambda$1142/0x000000080058f2d0 (brigadier@1.1.8)
5083:             1             16  com.mojang.brigadier.exceptions.BuiltInExceptions$$Lambda$1143/0x000000080058f710 (brigadier@1.1.8)
5084:             1             16  com.mojang.brigadier.exceptions.BuiltInExceptions$$Lambda$1144/0x000000080058fda0 (brigadier@1.1.8)
5085:             1             16  com.mojang.brigadier.exceptions.BuiltInExceptions$$Lambda$1145/0x000000080058a000 (brigadier@1.1.8)
5086:             1             16  com.mojang.brigadier.exceptions.BuiltInExceptions$$Lambda$1146/0x000000080058a240 (brigadier@1.1.8)
5087:             1             16  com.mojang.brigadier.exceptions.BuiltInExceptions$$Lambda$1147/0x000000080058a480 (brigadier@1.1.8)
5088:             1             16  com.mojang.brigadier.exceptions.BuiltInExceptions$$Lambda$1148/0x000000080058a6c0 (brigadier@1.1.8)
5089:             1             16  com.mojang.brigadier.exceptions.BuiltInExceptions$$Lambda$1149/0x000000080058a900 (brigadier@1.1.8)
5090:             1             16  com.mojang.brigadier.exceptions.BuiltInExceptions$$Lambda$1150/0x000000080058ab40 (brigadier@1.1.8)
5091:             1             16  com.mojang.brigadier.exceptions.BuiltInExceptions$$Lambda$1151/0x000000080058ad80 (brigadier@1.1.8)
5092:             1             16  com.mojang.datafixers.DSL$$Lambda$1850/0x0000000800826da0 (datafixerupper@6.0.8)
5093:             1             16  com.mojang.datafixers.DSL$$Lambda$2001/0x0000000800860000 (datafixerupper@6.0.8)
5094:             1             16  com.mojang.datafixers.DataFix$$Lambda$2240/0x0000000800892fe0 (datafixerupper@6.0.8)
5095:             1             16  com.mojang.datafixers.DataFixUtils$$Lambda$2204/0x000000080088f050 (datafixerupper@6.0.8)
5096:             1             16  com.mojang.datafixers.DataFixUtils$$Lambda$2205/0x000000080088f290 (datafixerupper@6.0.8)
5097:             1             16  com.mojang.datafixers.DataFixerBuilder$$Lambda$2196/0x000000080088a958 (datafixerupper@6.0.8)
5098:             1             16  com.mojang.datafixers.DataFixerBuilder$$Lambda$2198/0x000000080088adc0 (datafixerupper@6.0.8)
5099:             1             16  com.mojang.datafixers.DataFixerBuilder$$Lambda$2202/0x000000080088e908 (datafixerupper@6.0.8)
5100:             1             16  com.mojang.datafixers.DataFixerUpper$$Lambda$1861/0x0000000800836b90 (datafixerupper@6.0.8)
5101:             1             16  com.mojang.datafixers.View$$Lambda$2359/0x00000008008aea98 (datafixerupper@6.0.8)
5102:             1             16  com.mojang.datafixers.functions.PointFreeRule$CompRewrite$$Lambda$1862/0x00000008008331e8 (datafixerupper@6.0.8)
5103:             1             16  com.mojang.datafixers.functions.PointFreeRule$CompRewrite$$Lambda$2363/0x00000008008af340 (datafixerupper@6.0.8)
5104:             1             16  com.mojang.datafixers.functions.PointFreeRule$Seq (datafixerupper@6.0.8)
5105:             1             16  com.mojang.datafixers.kinds.Applicative$$Lambda$1192/0x00000008005977d0 (datafixerupper@6.0.8)
5106:             1             16  com.mojang.datafixers.kinds.Applicative$$Lambda$2779/0x0000000800a18860 (datafixerupper@6.0.8)
5107:             1             16  com.mojang.datafixers.kinds.Applicative$$Lambda$2973/0x0000000800a1adb8 (datafixerupper@6.0.8)
5108:             1             16  com.mojang.datafixers.kinds.Applicative$$Lambda$2974/0x0000000800a1aff8 (datafixerupper@6.0.8)
5109:             1             16  com.mojang.datafixers.kinds.Applicative$$Lambda$3080/0x0000000800a1b648 (datafixerupper@6.0.8)
5110:             1             16  com.mojang.datafixers.kinds.Applicative$$Lambda$3129/0x0000000800a1bc98 (datafixerupper@6.0.8)
5111:             1             16  com.mojang.datafixers.kinds.Applicative$$Lambda$3254/0x0000000800aac410 (datafixerupper@6.0.8)
5112:             1             16  com.mojang.datafixers.kinds.Applicative$$Lambda$3418/0x0000000800aad3e8 (datafixerupper@6.0.8)
5113:             1             16  com.mojang.datafixers.kinds.Applicative$$Lambda$3430/0x0000000800aada38 (datafixerupper@6.0.8)
5114:             1             16  com.mojang.datafixers.kinds.Applicative$$Lambda$3896/0x0000000800b2f748 (datafixerupper@6.0.8)
5115:             1             16  com.mojang.datafixers.kinds.Applicative$$Lambda$5378/0x0000000800ddcc70 (datafixerupper@6.0.8)
5116:             1             16  com.mojang.datafixers.schemas.Schema$$Lambda$1807/0x00000008008247f0 (datafixerupper@6.0.8)
5117:             1             16  com.mojang.datafixers.schemas.Schema$$Lambda$1855/0x000000080082e2d8 (datafixerupper@6.0.8)
5118:             1             16  com.mojang.datafixers.schemas.Schema$$Lambda$2206/0x000000080088f4d0 (datafixerupper@6.0.8)
5119:             1             16  com.mojang.datafixers.schemas.Schema$$Lambda$2207/0x000000080088f6f0 (datafixerupper@6.0.8)
5120:             1             16  com.mojang.datafixers.types.Type$$Lambda$2356/0x00000008008adf90 (datafixerupper@6.0.8)
5121:             1             16  com.mojang.datafixers.types.templates.Hook$HookFunction$1 (datafixerupper@6.0.8)
5122:             1             16  com.mojang.datafixers.types.templates.TaggedChoice$$Lambda$1853/0x000000080082d9e0 (datafixerupper@6.0.8)
5123:             1             16  com.mojang.datafixers.util.Either$$Lambda$5368/0x0000000800ddd248 (datafixerupper@6.0.8)
5124:             1             16  com.mojang.datafixers.util.Pair$$Lambda$1851/0x0000000800826fe0 (datafixerupper@6.0.8)
5125:             1             16  com.mojang.datafixers.util.Pair$$Lambda$1852/0x0000000800827220 (datafixerupper@6.0.8)
5126:             1             16  com.mojang.logging.LogQueues$$Lambda$287/0x000000080028aea8 (logging@1.1.1)
5127:             1             16  com.mojang.math.OctahedralGroup$$Lambda$5538/0x0000000800e09310 (minecraft@1.20.1)
5128:             1             16  com.mojang.math.OctahedralGroup$$Lambda$5539/0x0000000800e09540 (minecraft@1.20.1)
5129:             1             16  com.mojang.math.OctahedralGroup$$Lambda$5540/0x0000000800e09780 (minecraft@1.20.1)
5130:             1             16  com.mojang.math.OctahedralGroup$$Lambda$5541/0x0000000800e099c0 (minecraft@1.20.1)
5131:             1             16  com.mojang.math.OctahedralGroup$$Lambda$5542/0x0000000800e09c00 (minecraft@1.20.1)
5132:             1             16  com.mojang.math.SymmetricGroup3$$Lambda$5536/0x0000000800e088a0 (minecraft@1.20.1)
5133:             1             16  com.mojang.math.Transformation$$Lambda$5544/0x0000000800e0a078 (minecraft@1.20.1)
5134:             1             16  com.mojang.math.Transformation$$Lambda$5545/0x0000000800e0a2b8 (minecraft@1.20.1)
5135:             1             16  com.mojang.math.Transformation$$Lambda$5546/0x0000000800e0a4f8 (minecraft@1.20.1)
5136:             1             16  com.mojang.math.Transformation$$Lambda$5547/0x0000000800e0a738 (minecraft@1.20.1)
5137:             1             16  com.mojang.math.Transformation$$Lambda$5548/0x0000000800e0a978 (minecraft@1.20.1)
5138:             1             16  com.mojang.math.Transformation$$Lambda$5549/0x0000000800e0abb8 (minecraft@1.20.1)
5139:             1             16  com.mojang.math.Transformation$$Lambda$5550/0x0000000800e0ae08 (minecraft@1.20.1)
5140:             1             16  com.mojang.math.Transformation$$Lambda$5551/0x0000000800e0b048 (minecraft@1.20.1)
5141:             1             16  com.mojang.math.Transformation$$Lambda$5552/0x0000000800e0b288 (minecraft@1.20.1)
5142:             1             16  com.mojang.math.Transformation$$Lambda$5553/0x0000000800e0b4c8 (minecraft@1.20.1)
5143:             1             16  com.mojang.math.Transformation$$Lambda$5554/0x0000000800e0b708 (minecraft@1.20.1)
5144:             1             16  com.mojang.realmsclient.RealmsMainScreen$$Lambda$5675/0x0000000800e33c18 (minecraft@1.20.1)
5145:             1             16  com.mojang.realmsclient.RealmsMainScreen$$Lambda$5676/0x0000000800e33e68 (minecraft@1.20.1)
5146:             1             16  com.mojang.realmsclient.client.RealmsClient$$Lambda$5106/0x0000000800d89420 (minecraft@1.20.1)
5147:             1             16  com.mojang.realmsclient.client.RealmsClient$$Lambda$5107/0x0000000800d89640 (minecraft@1.20.1)
5148:             1             16  com.mojang.realmsclient.client.RealmsClient$$Lambda$5108/0x0000000800d89880 (minecraft@1.20.1)
5149:             1             16  com.mojang.realmsclient.gui.RealmsDataFetcher$$Lambda$5109/0x0000000800d90650 (minecraft@1.20.1)
5150:             1             16  com.mojang.realmsclient.gui.RealmsDataFetcher$$Lambda$5110/0x0000000800d912f0 (minecraft@1.20.1)
5151:             1             16  com.mojang.realmsclient.gui.RealmsDataFetcher$$Lambda$5111/0x0000000800d91518 (minecraft@1.20.1)
5152:             1             16  com.mojang.realmsclient.gui.RealmsDataFetcher$$Lambda$5112/0x0000000800d91978 (minecraft@1.20.1)
5153:             1             16  com.mojang.realmsclient.gui.RealmsDataFetcher$$Lambda$5113/0x0000000800d91db0 (minecraft@1.20.1)
5154:             1             16  com.mojang.realmsclient.gui.RealmsDataFetcher$$Lambda$5114/0x0000000800d91fd8 (minecraft@1.20.1)
5155:             1             16  com.mojang.realmsclient.gui.task.RepeatedDelayStrategy$1 (minecraft@1.20.1)
5156:             1             16  com.mojang.realmsclient.util.RealmsPersistence (minecraft@1.20.1)
5157:             1             16  com.mojang.serialization.Codec$$Lambda$1477/0x000000080071bba0 (datafixerupper@6.0.8)
5158:             1             16  com.mojang.serialization.Codec$$Lambda$1478/0x0000000800724548 (datafixerupper@6.0.8)
5159:             1             16  com.mojang.serialization.Codec$10 (datafixerupper@6.0.8)
5160:             1             16  com.mojang.serialization.Codec$11 (datafixerupper@6.0.8)
5161:             1             16  com.mojang.serialization.Codec$12 (datafixerupper@6.0.8)
5162:             1             16  com.mojang.serialization.Codec$12$$Lambda$4547/0x0000000800c1e350 (datafixerupper@6.0.8)
5163:             1             16  com.mojang.serialization.Codec$13 (datafixerupper@6.0.8)
5164:             1             16  com.mojang.serialization.Codec$13$$Lambda$5522/0x0000000800df30d8 (datafixerupper@6.0.8)
5165:             1             16  com.mojang.serialization.Codec$14 (datafixerupper@6.0.8)
5166:             1             16  com.mojang.serialization.Codec$14$$Lambda$5356/0x0000000800ddba98 (datafixerupper@6.0.8)
5167:             1             16  com.mojang.serialization.Codec$15 (datafixerupper@6.0.8)
5168:             1             16  com.mojang.serialization.Codec$15$$Lambda$4538/0x0000000800c1d5b8 (datafixerupper@6.0.8)
5169:             1             16  com.mojang.serialization.Codec$16 (datafixerupper@6.0.8)
5170:             1             16  com.mojang.serialization.Codec$17 (datafixerupper@6.0.8)
5171:             1             16  com.mojang.serialization.Codec$18 (datafixerupper@6.0.8)
5172:             1             16  com.mojang.serialization.Codec$19 (datafixerupper@6.0.8)
5173:             1             16  com.mojang.serialization.Codec$20 (datafixerupper@6.0.8)
5174:             1             16  com.mojang.serialization.Codec$9 (datafixerupper@6.0.8)
5175:             1             16  com.mojang.serialization.DataResult$$Lambda$5456/0x0000000800df0de8 (datafixerupper@6.0.8)
5176:             1             16  com.mojang.serialization.Decoder$$Lambda$4534/0x0000000800c1d378 (datafixerupper@6.0.8)
5177:             1             16  com.mojang.serialization.Decoder$$Lambda$5453/0x0000000800df0ba8 (datafixerupper@6.0.8)
5178:             1             16  com.mojang.serialization.JsonOps$1$$Lambda$5353/0x0000000800ddb3d8 (datafixerupper@6.0.8)
5179:             1             16  com.mojang.serialization.Lifecycle$1 (datafixerupper@6.0.8)
5180:             1             16  com.mojang.serialization.Lifecycle$2 (datafixerupper@6.0.8)
5181:             1             16  com.mojang.serialization.OptionalDynamic$$Lambda$1959/0x000000080083aff8 (datafixerupper@6.0.8)
5182:             1             16  com.mojang.serialization.codecs.BaseMapCodec$$Lambda$5355/0x0000000800ddb850 (datafixerupper@6.0.8)
5183:             1             16  com.mojang.serialization.codecs.BaseMapCodec$$Lambda$5357/0x0000000800dd5dd0 (datafixerupper@6.0.8)
5184:             1             16  com.mojang.serialization.codecs.EitherCodec$$Lambda$4541/0x0000000800c1dc88 (datafixerupper@6.0.8)
5185:             1             16  com.mojang.serialization.codecs.EitherCodec$$Lambda$4542/0x0000000800c1dec8 (datafixerupper@6.0.8)
5186:             1             16  com.mojang.serialization.codecs.EitherCodec$$Lambda$4550/0x0000000800c1e7b8 (datafixerupper@6.0.8)
5187:             1             16  com.mojang.serialization.codecs.EitherCodec$$Lambda$4551/0x0000000800c1e9f8 (datafixerupper@6.0.8)
5188:             1             16  com.mojang.serialization.codecs.OptionalFieldCodec$$Lambda$5422/0x0000000800de27c8 (datafixerupper@6.0.8)
5189:             1             16  com.mojang.serialization.codecs.RecordCodecBuilder$$Lambda$1066/0x000000080056ac20 (datafixerupper@6.0.8)
5190:             1             16  com.mojang.text2speech.Narrator$1 (text2speech@1.17.9)
5191:             1             16  com.mojang.util.ByteBufferTypeAdapter (authlib@4.0.43)
5192:             1             16  com.mojang.util.InstantTypeAdapter (authlib@4.0.43)
5193:             1             16  com.sun.jmx.interceptor.DefaultMBeanServerInterceptor$ResourceContext$1 (java.management@17.0.15)
5194:             1             16  com.sun.jmx.mbeanserver.DefaultMXBeanMappingFactory (java.management@17.0.15)
5195:             1             16  com.sun.jmx.mbeanserver.DescriptorCache (java.management@17.0.15)
5196:             1             16  com.sun.jmx.mbeanserver.MBeanAnalyzer$MethodOrder (java.management@17.0.15)
5197:             1             16  com.sun.jmx.mbeanserver.MBeanInstantiator (java.management@17.0.15)
5198:             1             16  com.sun.jmx.mbeanserver.MXBeanIntrospector (java.management@17.0.15)
5199:             1             16  com.sun.jmx.mbeanserver.SecureClassLoaderRepository (java.management@17.0.15)
5200:             1             16  com.sun.jmx.mbeanserver.StandardMBeanIntrospector (java.management@17.0.15)
5201:             1             16  com.sun.jna.JNIEnv (com.sun.jna@5.12.1)
5202:             1             16  com.sun.jna.Native$1 (com.sun.jna@5.12.1)
5203:             1             16  com.sun.jna.Native$2 (com.sun.jna@5.12.1)
5204:             1             16  com.sun.jna.Native$7 (com.sun.jna@5.12.1)
5205:             1             16  com.sun.jna.Structure$1 (com.sun.jna@5.12.1)
5206:             1             16  com.sun.jna.Structure$2 (com.sun.jna@5.12.1)
5207:             1             16  com.sun.jna.VarArgsChecker$RealVarArgsChecker (com.sun.jna@5.12.1)
5208:             1             16  com.sun.jna.platform.linux.Udev$UdevContext (com.sun.jna.platform@5.12.1)
5209:             1             16  com.sun.jna.platform.linux.Udev$UdevDevice (com.sun.jna.platform@5.12.1)
5210:             1             16  com.sun.jna.platform.linux.Udev$UdevEnumerate (com.sun.jna.platform@5.12.1)
5211:             1             16  com.sun.jna.platform.linux.Udev$UdevListEntry (com.sun.jna.platform@5.12.1)
5212:             1             16  com.sun.management.internal.HotSpotDiagnostic (jdk.management@17.0.15)
5213:             1             16  com.sun.management.internal.PlatformMBeanProviderImpl (jdk.management@17.0.15)
5214:             1             16  com.sun.management.internal.PlatformMBeanProviderImpl$$Lambda$253/0x00000008001946c0 (jdk.management@17.0.15)
5215:             1             16  com.sun.org.apache.xerces.internal.dom.CharacterDataImpl$1 (java.xml@17.0.15)
5216:             1             16  com.sun.org.apache.xerces.internal.impl.dv.dtd.IDDatatypeValidator (java.xml@17.0.15)
5217:             1             16  com.sun.org.apache.xerces.internal.impl.dv.dtd.IDREFDatatypeValidator (java.xml@17.0.15)
5218:             1             16  com.sun.org.apache.xerces.internal.impl.dv.dtd.NMTOKENDatatypeValidator (java.xml@17.0.15)
5219:             1             16  com.sun.org.apache.xerces.internal.impl.dv.dtd.NOTATIONDatatypeValidator (java.xml@17.0.15)
5220:             1             16  com.sun.org.apache.xerces.internal.impl.dv.dtd.StringDatatypeValidator (java.xml@17.0.15)
5221:             1             16  cpw.mods.bootstraplauncher.BootstrapLauncher$$Lambda$160/0x0000000800123970 (cpw.mods.bootstraplauncher@1.1.2)
5222:             1             16  cpw.mods.bootstraplauncher.BootstrapLauncher$$Lambda$175/0x0000000800127870 (cpw.mods.bootstraplauncher@1.1.2)
5223:             1             16  cpw.mods.bootstraplauncher.BootstrapLauncher$$Lambda$178/0x00000008001c4418 (cpw.mods.bootstraplauncher@1.1.2)
5224:             1             16  cpw.mods.bootstraplauncher.BootstrapLauncher$$Lambda$179/0x00000008001c4638 (cpw.mods.bootstraplauncher@1.1.2)
5225:             1             16  cpw.mods.cl.JarModuleFinder (cpw.mods.securejarhandler)
5226:             1             16  cpw.mods.cl.JarModuleFinder$$Lambda$180/0x00000008001c4ee8 (cpw.mods.securejarhandler)
5227:             1             16  cpw.mods.cl.JarModuleFinder$$Lambda$181/0x00000008001c5128 (cpw.mods.securejarhandler)
5228:             1             16  cpw.mods.cl.JarModuleFinder$$Lambda$182/0x00000008001c5368 (cpw.mods.securejarhandler)
5229:             1             16  cpw.mods.cl.JarModuleFinder$$Lambda$183/0x00000008001c55a8 (cpw.mods.securejarhandler)
5230:             1             16  cpw.mods.cl.ModularURLHandler (cpw.mods.securejarhandler)
5231:             1             16  cpw.mods.cl.ModularURLHandler$$Lambda$190/0x00000008001c6318 (cpw.mods.securejarhandler)
5232:             1             16  cpw.mods.cl.ModularURLHandler$$Lambda$191/0x00000008001c6558 (cpw.mods.securejarhandler)
5233:             1             16  cpw.mods.cl.ModularURLHandler$FunctionURLStreamHandler (cpw.mods.securejarhandler)
5234:             1             16  cpw.mods.cl.ModuleClassLoader$$Lambda$1336/0x000000080051b6a8 (cpw.mods.securejarhandler)
5235:             1             16  cpw.mods.cl.ModuleClassLoader$$Lambda$192/0x00000008001c69d0 (cpw.mods.securejarhandler)
5236:             1             16  cpw.mods.cl.ModuleClassLoader$$Lambda$194/0x00000008001c6e68 (cpw.mods.securejarhandler)
5237:             1             16  cpw.mods.cl.ModuleClassLoader$$Lambda$195/0x00000008001c70a8 (cpw.mods.securejarhandler)
5238:             1             16  cpw.mods.cl.ModuleClassLoader$$Lambda$199/0x00000008001c79a0 (cpw.mods.securejarhandler)
5239:             1             16  cpw.mods.cl.ModuleClassLoader$$Lambda$209/0x00000008001c2b58 (cpw.mods.securejarhandler)
5240:             1             16  cpw.mods.cl.ModuleClassLoader$$Lambda$215/0x00000008001c1c00 (cpw.mods.securejarhandler)
5241:             1             16  cpw.mods.cl.ModuleClassLoader$$Lambda$216/0x00000008001c8000 (cpw.mods.securejarhandler)
5242:             1             16  cpw.mods.cl.ModuleClassLoader$$Lambda$217/0x00000008001c8420 (cpw.mods.securejarhandler)
5243:             1             16  cpw.mods.cl.ModuleClassLoader$$Lambda$223/0x00000008001c96f8 (cpw.mods.securejarhandler)
5244:             1             16  cpw.mods.cl.ModuleClassLoader$$Lambda$225/0x00000008001c9b80 (cpw.mods.securejarhandler)
5245:             1             16  cpw.mods.cl.ModuleClassLoader$$Lambda$226/0x00000008001c9dc0 (cpw.mods.securejarhandler)
5246:             1             16  cpw.mods.cl.UnionURLStreamHandler (cpw.mods.securejarhandler)
5247:             1             16  cpw.mods.cl.UnionURLStreamHandler$$Lambda$227/0x00000008001ca010 (cpw.mods.securejarhandler)
5248:             1             16  cpw.mods.jarhandling.SecureJar$$Lambda$177/0x00000008001c4000 (cpw.mods.securejarhandler)
5249:             1             16  cpw.mods.jarhandling.SecureJar$$Lambda$98/0x0000000800107d88 (cpw.mods.securejarhandler)
5250:             1             16  cpw.mods.jarhandling.SecureJar$Provider$$Lambda$163/0x0000000800126498 (cpw.mods.securejarhandler)
5251:             1             16  cpw.mods.jarhandling.SecureJar$Provider$$Lambda$164/0x00000008001266d8 (cpw.mods.securejarhandler)
5252:             1             16  cpw.mods.jarhandling.impl.Jar$$Lambda$100/0x000000080010b428 (cpw.mods.securejarhandler)
5253:             1             16  cpw.mods.jarhandling.impl.Jar$$Lambda$101/0x000000080010b678 (cpw.mods.securejarhandler)
5254:             1             16  cpw.mods.jarhandling.impl.Jar$$Lambda$102/0x000000080010bab0 (cpw.mods.securejarhandler)
5255:             1             16  cpw.mods.jarhandling.impl.Jar$$Lambda$103/0x000000080010bd00 (cpw.mods.securejarhandler)
5256:             1             16  cpw.mods.jarhandling.impl.Jar$$Lambda$129/0x000000080011f000 (cpw.mods.securejarhandler)
5257:             1             16  cpw.mods.jarhandling.impl.Jar$$Lambda$130/0x000000080011f250 (cpw.mods.securejarhandler)
5258:             1             16  cpw.mods.jarhandling.impl.Jar$$Lambda$131/0x000000080011f4a0 (cpw.mods.securejarhandler)
5259:             1             16  cpw.mods.jarhandling.impl.Jar$$Lambda$132/0x000000080011f6e0 (cpw.mods.securejarhandler)
5260:             1             16  cpw.mods.jarhandling.impl.Jar$$Lambda$133/0x000000080011f920 (cpw.mods.securejarhandler)
5261:             1             16  cpw.mods.jarhandling.impl.Jar$$Lambda$141/0x000000080011fb60 (cpw.mods.securejarhandler)
5262:             1             16  cpw.mods.jarhandling.impl.Jar$$Lambda$142/0x000000080011fda0 (cpw.mods.securejarhandler)
5263:             1             16  cpw.mods.jarhandling.impl.Jar$$Lambda$143/0x000000080011ec00 (cpw.mods.securejarhandler)
5264:             1             16  cpw.mods.jarhandling.impl.Jar$$Lambda$144/0x0000000800120000 (cpw.mods.securejarhandler)
5265:             1             16  cpw.mods.jarhandling.impl.Jar$$Lambda$145/0x0000000800120240 (cpw.mods.securejarhandler)
5266:             1             16  cpw.mods.jarhandling.impl.Jar$$Lambda$146/0x0000000800120488 (cpw.mods.securejarhandler)
5267:             1             16  cpw.mods.jarhandling.impl.Jar$$Lambda$147/0x00000008001206d8 (cpw.mods.securejarhandler)
5268:             1             16  cpw.mods.jarhandling.impl.Jar$$Lambda$148/0x0000000800120928 (cpw.mods.securejarhandler)
5269:             1             16  cpw.mods.jarhandling.impl.Jar$$Lambda$149/0x0000000800120b78 (cpw.mods.securejarhandler)
5270:             1             16  cpw.mods.jarhandling.impl.Jar$$Lambda$150/0x0000000800120dc8 (cpw.mods.securejarhandler)
5271:             1             16  cpw.mods.jarhandling.impl.Jar$$Lambda$151/0x0000000800121008 (cpw.mods.securejarhandler)
5272:             1             16  cpw.mods.jarhandling.impl.Jar$$Lambda$152/0x0000000800121248 (cpw.mods.securejarhandler)
5273:             1             16  cpw.mods.jarhandling.impl.Jar$$Lambda$153/0x0000000800121498 (cpw.mods.securejarhandler)
5274:             1             16  cpw.mods.jarhandling.impl.Jar$$Lambda$156/0x0000000800121b48 (cpw.mods.securejarhandler)
5275:             1             16  cpw.mods.jarhandling.impl.Jar$$Lambda$161/0x0000000800126000 (cpw.mods.securejarhandler)
5276:             1             16  cpw.mods.jarhandling.impl.Jar$$Lambda$6009/0x0000000800635db8 (cpw.mods.securejarhandler)
5277:             1             16  cpw.mods.jarhandling.impl.Jar$JarModuleDataProvider$$Lambda$212/0x00000008001c38a0 (cpw.mods.securejarhandler)
5278:             1             16  cpw.mods.jarhandling.impl.Jar$JarModuleDataProvider$$Lambda$213/0x00000008001c3ae0 (cpw.mods.securejarhandler)
5279:             1             16  cpw.mods.jarhandling.impl.ManifestVerifier$$Lambda$363/0x00000008001cbab0 (cpw.mods.securejarhandler)
5280:             1             16  cpw.mods.jarhandling.impl.ModuleJarMetadata$ModFileVisitor$$Lambda$166/0x0000000800126b80 (cpw.mods.securejarhandler)
5281:             1             16  cpw.mods.jarhandling.impl.SecureJarVerifier$UnsafeAccessor (cpw.mods.securejarhandler)
5282:             1             16  cpw.mods.jarhandling.impl.SimpleJarMetadata$$Lambda$186/0x00000008001c57f0 (cpw.mods.securejarhandler)
5283:             1             16  cpw.mods.modlauncher.ArgumentHandler$$Lambda$942/0x0000000800505498 (cpw.mods.modlauncher@10.0.9)
5284:             1             16  cpw.mods.modlauncher.BootstrapLaunchConsumer (cpw.mods.modlauncher@10.0.9)
5285:             1             16  cpw.mods.modlauncher.ClassTransformer$$Lambda$1345/0x000000080061adf0 (cpw.mods.modlauncher@10.0.9)
5286:             1             16  cpw.mods.modlauncher.DefaultLaunchHandlerService (cpw.mods.modlauncher@10.0.9)
5287:             1             16  cpw.mods.modlauncher.LaunchPluginHandler (cpw.mods.modlauncher@10.0.9)
5288:             1             16  cpw.mods.modlauncher.LaunchPluginHandler$$Lambda$354/0x00000008002b3840 (cpw.mods.modlauncher@10.0.9)
5289:             1             16  cpw.mods.modlauncher.LaunchPluginHandler$$Lambda$355/0x00000008002b3c70 (cpw.mods.modlauncher@10.0.9)
5290:             1             16  cpw.mods.modlauncher.LaunchPluginHandler$$Lambda$364/0x00000008002b76a0 (cpw.mods.modlauncher@10.0.9)
5291:             1             16  cpw.mods.modlauncher.LaunchPluginHandler$$Lambda$370/0x00000008002b8478 (cpw.mods.modlauncher@10.0.9)
5292:             1             16  cpw.mods.modlauncher.LaunchPluginHandler$$Lambda$954/0x000000080050fc18 (cpw.mods.modlauncher@10.0.9)
5293:             1             16  cpw.mods.modlauncher.LaunchServiceHandler (cpw.mods.modlauncher@10.0.9)
5294:             1             16  cpw.mods.modlauncher.LaunchServiceHandler$$Lambda$325/0x00000008002a2170 (cpw.mods.modlauncher@10.0.9)
5295:             1             16  cpw.mods.modlauncher.LaunchServiceHandler$$Lambda$329/0x00000008002a2e80 (cpw.mods.modlauncher@10.0.9)
5296:             1             16  cpw.mods.modlauncher.LaunchServiceHandler$$Lambda$330/0x00000008002a32d0 (cpw.mods.modlauncher@10.0.9)
5297:             1             16  cpw.mods.modlauncher.LaunchServiceHandler$$Lambda$507/0x000000080034eeb0 (cpw.mods.modlauncher@10.0.9)
5298:             1             16  cpw.mods.modlauncher.Launcher$$Lambda$318/0x00000008002a0810 (cpw.mods.modlauncher@10.0.9)
5299:             1             16  cpw.mods.modlauncher.Launcher$$Lambda$319/0x00000008002a0a30 (cpw.mods.modlauncher@10.0.9)
5300:             1             16  cpw.mods.modlauncher.Launcher$$Lambda$320/0x00000008002a0c50 (cpw.mods.modlauncher@10.0.9)
5301:             1             16  cpw.mods.modlauncher.Launcher$$Lambda$321/0x00000008002a0e70 (cpw.mods.modlauncher@10.0.9)
5302:             1             16  cpw.mods.modlauncher.Launcher$$Lambda$322/0x00000008002a1090 (cpw.mods.modlauncher@10.0.9)
5303:             1             16  cpw.mods.modlauncher.Launcher$$Lambda$323/0x00000008002a12b0 (cpw.mods.modlauncher@10.0.9)
5304:             1             16  cpw.mods.modlauncher.Launcher$$Lambda$341/0x00000008002af3c8 (cpw.mods.modlauncher@10.0.9)
5305:             1             16  cpw.mods.modlauncher.Launcher$$Lambda$342/0x00000008002af608 (cpw.mods.modlauncher@10.0.9)
5306:             1             16  cpw.mods.modlauncher.Launcher$$Lambda$343/0x00000008002af848 (cpw.mods.modlauncher@10.0.9)
5307:             1             16  cpw.mods.modlauncher.Launcher$$Lambda$344/0x00000008002afa88 (cpw.mods.modlauncher@10.0.9)
5308:             1             16  cpw.mods.modlauncher.Launcher$$Lambda$751/0x00000008003cf240 (cpw.mods.modlauncher@10.0.9)
5309:             1             16  cpw.mods.modlauncher.Launcher$$Lambda$752/0x00000008003cf480 (cpw.mods.modlauncher@10.0.9)
5310:             1             16  cpw.mods.modlauncher.Launcher$$Lambda$870/0x000000080047dae0 (cpw.mods.modlauncher@10.0.9)
5311:             1             16  cpw.mods.modlauncher.Launcher$$Lambda$871/0x000000080047dfb8 (cpw.mods.modlauncher@10.0.9)
5312:             1             16  cpw.mods.modlauncher.Launcher$$Lambda$872/0x000000080047e1f8 (cpw.mods.modlauncher@10.0.9)
5313:             1             16  cpw.mods.modlauncher.ModuleLayerHandler$$Lambda$326/0x00000008002a25a8 (cpw.mods.modlauncher@10.0.9)
5314:             1             16  cpw.mods.modlauncher.ModuleLayerHandler$$Lambda$420/0x00000008003172a0 (cpw.mods.modlauncher@10.0.9)
5315:             1             16  cpw.mods.modlauncher.ModuleLayerHandler$$Lambda$421/0x00000008003174e0 (cpw.mods.modlauncher@10.0.9)
5316:             1             16  cpw.mods.modlauncher.ModuleLayerHandler$$Lambda$422/0x0000000800317700 (cpw.mods.modlauncher@10.0.9)
5317:             1             16  cpw.mods.modlauncher.ModuleLayerHandler$$Lambda$424/0x0000000800317b88 (cpw.mods.modlauncher@10.0.9)
5318:             1             16  cpw.mods.modlauncher.ModuleLayerHandler$$Lambda$426/0x000000080031c248 (cpw.mods.modlauncher@10.0.9)
5319:             1             16  cpw.mods.modlauncher.ModuleLayerHandler$$Lambda$427/0x0000000800317dc8 (cpw.mods.modlauncher@10.0.9)
5320:             1             16  cpw.mods.modlauncher.ModuleLayerHandler$$Lambda$429/0x000000080031c6d0 (cpw.mods.modlauncher@10.0.9)
5321:             1             16  cpw.mods.modlauncher.ModuleLayerHandler$$Lambda$754/0x00000008003cf8e8 (cpw.mods.modlauncher@10.0.9)
5322:             1             16  cpw.mods.modlauncher.NameMappingServiceDecorator (cpw.mods.modlauncher@10.0.9)
5323:             1             16  cpw.mods.modlauncher.NameMappingServiceHandler$$Lambda$349/0x00000008002b2480 (cpw.mods.modlauncher@10.0.9)
5324:             1             16  cpw.mods.modlauncher.NameMappingServiceHandler$$Lambda$350/0x00000008002b28b0 (cpw.mods.modlauncher@10.0.9)
5325:             1             16  cpw.mods.modlauncher.NameMappingServiceHandler$$Lambda$351/0x00000008002b2d18 (cpw.mods.modlauncher@10.0.9)
5326:             1             16  cpw.mods.modlauncher.NameMappingServiceHandler$$Lambda$516/0x0000000800352c98 (cpw.mods.modlauncher@10.0.9)
5327:             1             16  cpw.mods.modlauncher.NameMappingServiceHandler$$Lambda$851/0x0000000800479528 (cpw.mods.modlauncher@10.0.9)
5328:             1             16  cpw.mods.modlauncher.TestingLaunchHandlerService (cpw.mods.modlauncher@10.0.9)
5329:             1             16  cpw.mods.modlauncher.TransformList$$Lambda$1343/0x000000080061a500 (cpw.mods.modlauncher@10.0.9)
5330:             1             16  cpw.mods.modlauncher.TransformList$$Lambda$929/0x0000000800502a78 (cpw.mods.modlauncher@10.0.9)
5331:             1             16  cpw.mods.modlauncher.TransformTargetLabel$LabelType$$Lambda$345/0x00000008002b0ca8 (cpw.mods.modlauncher@10.0.9)
5332:             1             16  cpw.mods.modlauncher.TransformTargetLabel$LabelType$$Lambda$346/0x00000008002b0ee8 (cpw.mods.modlauncher@10.0.9)
5333:             1             16  cpw.mods.modlauncher.TransformTargetLabel$LabelType$$Lambda$347/0x00000008002b1128 (cpw.mods.modlauncher@10.0.9)
5334:             1             16  cpw.mods.modlauncher.TransformationServiceDecorator$$Lambda$878/0x000000080047ef48 (cpw.mods.modlauncher@10.0.9)
5335:             1             16  cpw.mods.modlauncher.TransformationServiceDecorator$$Lambda$922/0x0000000800501870 (cpw.mods.modlauncher@10.0.9)
5336:             1             16  cpw.mods.modlauncher.TransformationServiceDecorator$$Lambda$923/0x0000000800501ab0 (cpw.mods.modlauncher@10.0.9)
5337:             1             16  cpw.mods.modlauncher.TransformationServiceDecorator$$Lambda$925/0x0000000800501f48 (cpw.mods.modlauncher@10.0.9)
5338:             1             16  cpw.mods.modlauncher.TransformationServicesHandler$$Lambda$373/0x00000008002bfd38 (cpw.mods.modlauncher@10.0.9)
5339:             1             16  cpw.mods.modlauncher.TransformationServicesHandler$$Lambda$376/0x0000000800300b20 (cpw.mods.modlauncher@10.0.9)
5340:             1             16  cpw.mods.modlauncher.TransformationServicesHandler$$Lambda$413/0x00000008003169e0 (cpw.mods.modlauncher@10.0.9)
5341:             1             16  cpw.mods.modlauncher.TransformationServicesHandler$$Lambda$464/0x0000000800332e50 (cpw.mods.modlauncher@10.0.9)
5342:             1             16  cpw.mods.modlauncher.TransformationServicesHandler$$Lambda$465/0x0000000800333280 (cpw.mods.modlauncher@10.0.9)
5343:             1             16  cpw.mods.modlauncher.TransformationServicesHandler$$Lambda$466/0x0000000800333710 (cpw.mods.modlauncher@10.0.9)
5344:             1             16  cpw.mods.modlauncher.TransformationServicesHandler$$Lambda$468/0x0000000800336a50 (cpw.mods.modlauncher@10.0.9)
5345:             1             16  cpw.mods.modlauncher.TransformationServicesHandler$$Lambda$479/0x0000000800334a20 (cpw.mods.modlauncher@10.0.9)
5346:             1             16  cpw.mods.modlauncher.TransformationServicesHandler$$Lambda$482/0x0000000800338000 (cpw.mods.modlauncher@10.0.9)
5347:             1             16  cpw.mods.modlauncher.TransformationServicesHandler$$Lambda$491/0x0000000800339450 (cpw.mods.modlauncher@10.0.9)
5348:             1             16  cpw.mods.modlauncher.TransformationServicesHandler$$Lambda$514/0x0000000800352800 (cpw.mods.modlauncher@10.0.9)
5349:             1             16  cpw.mods.modlauncher.TransformationServicesHandler$$Lambda$518/0x0000000800353120 (cpw.mods.modlauncher@10.0.9)
5350:             1             16  cpw.mods.modlauncher.TransformationServicesHandler$$Lambda$756/0x00000008003cfd70 (cpw.mods.modlauncher@10.0.9)
5351:             1             16  cpw.mods.modlauncher.TransformationServicesHandler$$Lambda$933/0x0000000800506238 (cpw.mods.modlauncher@10.0.9)
5352:             1             16  cpw.mods.modlauncher.TransformationServicesHandler$$Lambda$934/0x0000000800506478 (cpw.mods.modlauncher@10.0.9)
5353:             1             16  cpw.mods.modlauncher.TransformerAuditTrail (cpw.mods.modlauncher@10.0.9)
5354:             1             16  cpw.mods.modlauncher.TransformerAuditTrail$$Lambda$1314/0x00000008005c6c80 (cpw.mods.modlauncher@10.0.9)
5355:             1             16  cpw.mods.modlauncher.TransformerAuditTrail$$Lambda$960/0x0000000800515388 (cpw.mods.modlauncher@10.0.9)
5356:             1             16  cpw.mods.modlauncher.api.TypesafeMap$KeyBuilder$$Lambda$339/0x00000008002aeb10 (cpw.mods.modlauncher@10.0.9)
5357:             1             16  cpw.mods.modlauncher.log.ExtraDataTextRenderer$$Lambda$1311/0x00000008005c5f78 (cpw.mods.modlauncher@10.0.9)
5358:             1             16  cpw.mods.modlauncher.log.ExtraDataTextRenderer$$Lambda$1312/0x00000008005c61b8 (cpw.mods.modlauncher@10.0.9)
5359:             1             16  cpw.mods.modlauncher.log.MLClassLoaderContextSelector (cpw.mods.modlauncher@10.0.9)
5360:             1             16  cpw.mods.modlauncher.util.ServiceLoaderUtils$$Lambda$328/0x00000008002a2c30 (cpw.mods.modlauncher@10.0.9)
5361:             1             16  cpw.mods.modlauncher.util.ServiceLoaderUtils$$Lambda$365/0x00000008002b78e0 (cpw.mods.modlauncher@10.0.9)
5362:             1             16  cpw.mods.modlauncher.util.ServiceLoaderUtils$$Lambda$366/0x00000008002b7b20 (cpw.mods.modlauncher@10.0.9)
5363:             1             16  cpw.mods.modlauncher.util.ServiceLoaderUtils$$Lambda$367/0x00000008002b7d60 (cpw.mods.modlauncher@10.0.9)
5364:             1             16  cpw.mods.modlauncher.util.ServiceLoaderUtils$$Lambda$368/0x00000008002b8000 (cpw.mods.modlauncher@10.0.9)
5365:             1             16  cpw.mods.niofs.union.UnionFileSystem$$Lambda$110/0x0000000800115690 (cpw.mods.securejarhandler)
5366:             1             16  cpw.mods.niofs.union.UnionFileSystem$$Lambda$112/0x00000008001158e0 (cpw.mods.securejarhandler)
5367:             1             16  cpw.mods.niofs.union.UnionFileSystem$$Lambda$113/0x0000000800115b30 (cpw.mods.securejarhandler)
5368:             1             16  cpw.mods.niofs.union.UnionFileSystem$$Lambda$114/0x0000000800115d70 (cpw.mods.securejarhandler)
5369:             1             16  cpw.mods.niofs.union.UnionFileSystem$$Lambda$115/0x00000008001161c0 (cpw.mods.securejarhandler)
5370:             1             16  cpw.mods.niofs.union.UnionFileSystem$$Lambda$118/0x0000000800116a70 (cpw.mods.securejarhandler)
5371:             1             16  cpw.mods.niofs.union.UnionFileSystem$$Lambda$124/0x00000008001175e0 (cpw.mods.securejarhandler)
5372:             1             16  cpw.mods.niofs.union.UnionFileSystem$$Lambda$125/0x0000000800117820 (cpw.mods.securejarhandler)
5373:             1             16  cpw.mods.niofs.union.UnionFileSystem$$Lambda$126/0x0000000800117a60 (cpw.mods.securejarhandler)
5374:             1             16  cpw.mods.niofs.union.UnionFileSystem$$Lambda$158/0x0000000800122748 (cpw.mods.securejarhandler)
5375:             1             16  cpw.mods.niofs.union.UnionFileSystemProvider$$Lambda$104/0x00000008001146c8 (cpw.mods.securejarhandler)
5376:             1             16  cpw.mods.niofs.union.UnionFileSystemProvider$$Lambda$105/0x0000000800114908 (cpw.mods.securejarhandler)
5377:             1             16  cpw.mods.niofs.union.UnionFileSystemProvider$$Lambda$106/0x0000000800114b48 (cpw.mods.securejarhandler)
5378:             1             16  cpw.mods.niofs.union.UnionPath$$Lambda$108/0x0000000800115248 (cpw.mods.securejarhandler)
5379:             1             16  io.github.zekerzhayard.forgewrapper.installer.util.ModuleUtil$$Lambda$14/0x0000000800002e98
5380:             1             16  io.github.zekerzhayard.forgewrapper.installer.util.ModuleUtil$$Lambda$15/0x00000008000030d8
5381:             1             16  io.github.zekerzhayard.forgewrapper.installer.util.ModuleUtil$$Lambda$16/0x0000000800003328
5382:             1             16  io.github.zekerzhayard.forgewrapper.installer.util.ModuleUtil$$Lambda$28/0x0000000800003548
5383:             1             16  io.github.zekerzhayard.forgewrapper.installer.util.ModuleUtil$$Lambda$76/0x0000000800003798
5384:             1             16  io.netty.util.internal.CleanerJava9 (io.netty.common@4.1.82.Final)
5385:             1             16  io.netty.util.internal.PlatformDependent$1 (io.netty.common@4.1.82.Final)
5386:             1             16  io.netty.util.internal.PlatformDependent$2 (io.netty.common@4.1.82.Final)
5387:             1             16  it.unimi.dsi.fastutil.doubles.DoubleLists$EmptyList (it.unimi.dsi.fastutil@8.5.9)
5388:             1             16  it.unimi.dsi.fastutil.ints.Int2ObjectAVLTreeMap$1$$Lambda$2195/0x00000008008625f0 (it.unimi.dsi.fastutil@8.5.9)
5389:             1             16  it.unimi.dsi.fastutil.ints.Int2ObjectMaps$EmptyMap (it.unimi.dsi.fastutil@8.5.9)
5390:             1             16  it.unimi.dsi.fastutil.ints.Int2ObjectOpenHashMap$KeySet (it.unimi.dsi.fastutil@8.5.9)
5391:             1             16  it.unimi.dsi.fastutil.ints.Int2ObjectOpenHashMap$MapEntrySet (it.unimi.dsi.fastutil@8.5.9)
5392:             1             16  it.unimi.dsi.fastutil.ints.IntArrays$ArrayHashStrategy (it.unimi.dsi.fastutil@8.5.9)
5393:             1             16  it.unimi.dsi.fastutil.ints.IntComparators$NaturalImplicitComparator (it.unimi.dsi.fastutil@8.5.9)
5394:             1             16  it.unimi.dsi.fastutil.ints.IntComparators$OppositeImplicitComparator (it.unimi.dsi.fastutil@8.5.9)
5395:             1             16  it.unimi.dsi.fastutil.ints.IntIterators$EmptyIterator (it.unimi.dsi.fastutil@8.5.9)
5396:             1             16  it.unimi.dsi.fastutil.ints.IntSets$EmptySet (it.unimi.dsi.fastutil@8.5.9)
5397:             1             16  it.unimi.dsi.fastutil.ints.IntSets$UnmodifiableSet (it.unimi.dsi.fastutil@8.5.9)
5398:             1             16  it.unimi.dsi.fastutil.longs.Long2ObjectMaps$EmptyMap (it.unimi.dsi.fastutil@8.5.9)
5399:             1             16  it.unimi.dsi.fastutil.objects.Object2ObjectLinkedOpenHashMap$KeySet (it.unimi.dsi.fastutil@8.5.9)
5400:             1             16  it.unimi.dsi.fastutil.objects.Object2ObjectMaps$EmptyMap (it.unimi.dsi.fastutil@8.5.9)
5401:             1             16  it.unimi.dsi.fastutil.objects.ObjectArrayList$$Lambda$1318/0x00000008005d45f8 (it.unimi.dsi.fastutil@8.5.9)
5402:             1             16  it.unimi.dsi.fastutil.objects.ObjectArrayList$$Lambda$1319/0x00000008005d4818 (it.unimi.dsi.fastutil@8.5.9)
5403:             1             16  it.unimi.dsi.fastutil.objects.ObjectArrayList$$Lambda$1320/0x00000008005d4a48 (it.unimi.dsi.fastutil@8.5.9)
5404:             1             16  it.unimi.dsi.fastutil.objects.ObjectArrays$ArrayHashStrategy (it.unimi.dsi.fastutil@8.5.9)
5405:             1             16  it.unimi.dsi.fastutil.shorts.ShortArrays$ArrayHashStrategy (it.unimi.dsi.fastutil@8.5.9)
5406:             1             16  java.beans.Statement$1 (java.desktop@17.0.15)
5407:             1             16  java.io.DeleteOnExitHook$1 (java.base@17.0.15)
5408:             1             16  java.io.FileDescriptor$1 (java.base@17.0.15)
5409:             1             16  java.io.FilePermission$1 (java.base@17.0.15)
5410:             1             16  java.io.RandomAccessFile$2 (java.base@17.0.15)
5411:             1             16  java.lang.ApplicationShutdownHooks$1 (java.base@17.0.15)
5412:             1             16  java.lang.CharacterData00 (java.base@17.0.15)
5413:             1             16  java.lang.CharacterDataLatin1 (java.base@17.0.15)
5414:             1             16  java.lang.Class$$Lambda$311/0x00000008002c4d80 (java.base@17.0.15)
5415:             1             16  java.lang.Module$$Lambda$9/0x00000008000a6688 (java.base@17.0.15)
5416:             1             16  java.lang.ModuleLayer$$Lambda$205/0x00000008001859b8 (java.base@17.0.15)
5417:             1             16  java.lang.ModuleLayer$$Lambda$31/0x00000008000b7a38 (java.base@17.0.15)
5418:             1             16  java.lang.ModuleLayer$Controller (java.base@17.0.15)
5419:             1             16  java.lang.ProcessBuilder$NullInputStream (java.base@17.0.15)
5420:             1             16  java.lang.ProcessBuilder$NullOutputStream (java.base@17.0.15)
5421:             1             16  java.lang.ProcessBuilder$Redirect$1 (java.base@17.0.15)
5422:             1             16  java.lang.ProcessBuilder$Redirect$2 (java.base@17.0.15)
5423:             1             16  java.lang.ProcessBuilder$Redirect$3 (java.base@17.0.15)
5424:             1             16  java.lang.ProcessEnvironment$StringKeySet (java.base@17.0.15)
5425:             1             16  java.lang.ProcessHandleImpl$$Lambda$281/0x0000000800251548 (java.base@17.0.15)
5426:             1             16  java.lang.Runtime (java.base@17.0.15)
5427:             1             16  java.lang.SecurityManager$$Lambda$1298/0x00000008002fd640 (java.base@17.0.15)
5428:             1             16  java.lang.SecurityManager$$Lambda$1300/0x00000008002fdad8 (java.base@17.0.15)
5429:             1             16  java.lang.SecurityManager$$Lambda$1301/0x00000008002fdd18 (java.base@17.0.15)
5430:             1             16  java.lang.SecurityManager$$Lambda$1302/0x00000008002fdf58 (java.base@17.0.15)
5431:             1             16  java.lang.SecurityManager$$Lambda$1303/0x00000008002fe188 (java.base@17.0.15)
5432:             1             16  java.lang.SecurityManager$$Lambda$1304/0x00000008002fe3d8 (java.base@17.0.15)
5433:             1             16  java.lang.SecurityManager$$Lambda$1306/0x00000008002fe850 (java.base@17.0.15)
5434:             1             16  java.lang.SecurityManager$$Lambda$1307/0x00000008002feaa0 (java.base@17.0.15)
5435:             1             16  java.lang.String$CaseInsensitiveComparator (java.base@17.0.15)
5436:             1             16  java.lang.System$2 (java.base@17.0.15)
5437:             1             16  java.lang.System$LoggerFinder$$Lambda$279/0x000000080024db90 (java.base@17.0.15)
5438:             1             16  java.lang.Terminator$1 (java.base@17.0.15)
5439:             1             16  java.lang.invoke.ClassSpecializer$1 (java.base@17.0.15)
5440:             1             16  java.lang.invoke.MemberName$Factory (java.base@17.0.15)
5441:             1             16  java.lang.invoke.MethodHandleImpl$1 (java.base@17.0.15)
5442:             1             16  java.lang.invoke.MethodHandleImpl$Makers$1 (java.base@17.0.15)
5443:             1             16  java.lang.invoke.MethodHandleImpl$Makers$2 (java.base@17.0.15)
5444:             1             16  java.lang.invoke.StringConcatFactory$1 (java.base@17.0.15)
5445:             1             16  java.lang.invoke.StringConcatFactory$2 (java.base@17.0.15)
5446:             1             16  java.lang.invoke.StringConcatFactory$3 (java.base@17.0.15)
5447:             1             16  java.lang.invoke.VarHandle$1 (java.base@17.0.15)
5448:             1             16  java.lang.invoke.VarHandleByteArrayAsInts$ArrayHandle$$Lambda$95/0x00000008001534e0 (java.base@17.0.15)
5449:             1             16  java.lang.invoke.VarHandleByteArrayAsLongs$ArrayHandle$$Lambda$96/0x0000000800154250 (java.base@17.0.15)
5450:             1             16  java.lang.management.DefaultPlatformMBeanProvider (java.management@17.0.15)
5451:             1             16  java.lang.management.DefaultPlatformMBeanProvider$5$$Lambda$304/0x000000080027a4c8 (java.management@17.0.15)
5452:             1             16  java.lang.management.ManagementFactory$$Lambda$252/0x0000000800193450 (java.management@17.0.15)
5453:             1             16  java.lang.management.ManagementFactory$$Lambda$293/0x000000080026a930 (java.management@17.0.15)
5454:             1             16  java.lang.management.ManagementFactory$$Lambda$294/0x000000080026ab80 (java.management@17.0.15)
5455:             1             16  java.lang.management.ManagementFactory$$Lambda$295/0x000000080026adc0 (java.management@17.0.15)
5456:             1             16  java.lang.module.Configuration$$Lambda$189/0x0000000800184c98 (java.base@17.0.15)
5457:             1             16  java.lang.module.Configuration$$Lambda$58/0x00000008000e4fd0 (java.base@17.0.15)
5458:             1             16  java.lang.module.Configuration$$Lambda$59/0x00000008000e5210 (java.base@17.0.15)
5459:             1             16  java.lang.module.ModuleDescriptor$1 (java.base@17.0.15)
5460:             1             16  java.lang.module.ModuleDescriptor$Builder$$Lambda$171/0x0000000800183050 (java.base@17.0.15)
5461:             1             16  java.lang.module.ModuleDescriptor$Builder$$Lambda$53/0x00000008000e25e0 (java.base@17.0.15)
5462:             1             16  java.lang.module.ModuleDescriptor$Builder$$Lambda$8/0x00000008000a5d30 (java.base@17.0.15)
5463:             1             16  java.lang.module.Resolver$$Lambda$56/0x00000008000e48b0 (java.base@17.0.15)
5464:             1             16  java.lang.module.Resolver$$Lambda$57/0x00000008000e4af0 (java.base@17.0.15)
5465:             1             16  java.lang.module.Resolver$$Lambda$60/0x00000008000e5450 (java.base@17.0.15)
5466:             1             16  java.lang.module.Resolver$$Lambda$61/0x00000008000e5690 (java.base@17.0.15)
5467:             1             16  java.lang.module.Resolver$$Lambda$62/0x00000008000e58d0 (java.base@17.0.15)
5468:             1             16  java.lang.module.Resolver$$Lambda$63/0x00000008000e5b10 (java.base@17.0.15)
5469:             1             16  java.lang.module.Resolver$$Lambda$64/0x00000008000e5d30 (java.base@17.0.15)
5470:             1             16  java.lang.module.Resolver$$Lambda$69/0x00000008000e7138 (java.base@17.0.15)
5471:             1             16  java.lang.module.Resolver$$Lambda$73/0x00000008000e7a60 (java.base@17.0.15)
5472:             1             16  java.lang.module.Resolver$$Lambda$74/0x00000008000e7ca0 (java.base@17.0.15)
5473:             1             16  java.lang.ref.Cleaner (java.base@17.0.15)
5474:             1             16  java.lang.ref.Cleaner$1 (java.base@17.0.15)
5475:             1             16  java.lang.ref.Reference$1 (java.base@17.0.15)
5476:             1             16  java.lang.reflect.Proxy$$Lambda$6/0x00000008000a4028 (java.base@17.0.15)
5477:             1             16  java.lang.reflect.Proxy$ProxyBuilder$$Lambda$7/0x00000008000a4ea0 (java.base@17.0.15)
5478:             1             16  java.lang.reflect.ProxyGenerator$$Lambda$12/0x00000008000a76c0 (java.base@17.0.15)
5479:             1             16  java.lang.reflect.ProxyGenerator$$Lambda$13/0x00000008000a7900 (java.base@17.0.15)
5480:             1             16  java.lang.reflect.ReflectAccess (java.base@17.0.15)
5481:             1             16  java.net.InetAddress$1 (java.base@17.0.15)
5482:             1             16  java.net.InetAddress$PlatformNameService (java.base@17.0.15)
5483:             1             16  java.net.SocketImpl$$Lambda$4580/0x0000000800c49d98 (java.base@17.0.15)
5484:             1             16  java.net.URI$1 (java.base@17.0.15)
5485:             1             16  java.net.URL$3 (java.base@17.0.15)
5486:             1             16  java.net.URL$DefaultFactory (java.base@17.0.15)
5487:             1             16  java.nio.Bits$1 (java.base@17.0.15)
5488:             1             16  java.nio.Buffer$1 (java.base@17.0.15)
5489:             1             16  java.nio.file.Files$$Lambda$128/0x00000008001703a8 (java.base@17.0.15)
5490:             1             16  java.nio.file.Files$$Lambda$883/0x00000008002eaf08 (java.base@17.0.15)
5491:             1             16  java.nio.file.Files$AcceptAllFilter (java.base@17.0.15)
5492:             1             16  java.security.AllPermission (java.base@17.0.15)
5493:             1             16  java.security.ProtectionDomain$JavaSecurityAccessImpl (java.base@17.0.15)
5494:             1             16  java.security.Security$2 (java.base@17.0.15)
5495:             1             16  java.security.Signature$1 (java.base@17.0.15)
5496:             1             16  java.security.cert.CertPathHelperImpl (java.base@17.0.15)
5497:             1             16  java.security.spec.EncodedKeySpec$1 (java.base@17.0.15)
5498:             1             16  java.text.DecimalFormatSymbols$$Lambda$84/0x00000008000fbcd8 (java.base@17.0.15)
5499:             1             16  java.text.DontCareFieldPosition$1 (java.base@17.0.15)
5500:             1             16  java.text.MessageFormat$Field (java.base@17.0.15)
5501:             1             16  java.time.Clock$SystemClock (java.base@17.0.15)
5502:             1             16  java.time.ZonedDateTime$$Lambda$1205/0x00000008002f86f0 (java.base@17.0.15)
5503:             1             16  java.time.chrono.IsoChronology (java.base@17.0.15)
5504:             1             16  java.time.format.DateTimeFormatter$$Lambda$1027/0x00000008002f5778 (java.base@17.0.15)
5505:             1             16  java.time.format.DateTimeFormatter$$Lambda$1028/0x00000008002f5998 (java.base@17.0.15)
5506:             1             16  java.time.format.DateTimeFormatterBuilder$$Lambda$1020/0x00000008002efae8 (java.base@17.0.15)
5507:             1             16  java.time.format.DateTimeFormatterBuilder$InstantPrinterParser (java.base@17.0.15)
5508:             1             16  java.time.format.DateTimeTextProvider (java.base@17.0.15)
5509:             1             16  java.time.format.DateTimeTextProvider$1 (java.base@17.0.15)
5510:             1             16  java.time.temporal.TemporalQueries$1 (java.base@17.0.15)
5511:             1             16  java.time.temporal.TemporalQueries$2 (java.base@17.0.15)
5512:             1             16  java.time.temporal.TemporalQueries$3 (java.base@17.0.15)
5513:             1             16  java.time.temporal.TemporalQueries$4 (java.base@17.0.15)
5514:             1             16  java.time.temporal.TemporalQueries$5 (java.base@17.0.15)
5515:             1             16  java.time.temporal.TemporalQueries$6 (java.base@17.0.15)
5516:             1             16  java.time.temporal.TemporalQueries$7 (java.base@17.0.15)
5517:             1             16  java.util.AbstractMap$2 (java.base@17.0.15)
5518:             1             16  java.util.Collections$EmptyEnumeration (java.base@17.0.15)
5519:             1             16  java.util.Collections$EmptyIterator (java.base@17.0.15)
5520:             1             16  java.util.Collections$EmptyList (java.base@17.0.15)
5521:             1             16  java.util.Collections$EmptySet (java.base@17.0.15)
5522:             1             16  java.util.Collections$ReverseComparator (java.base@17.0.15)
5523:             1             16  java.util.Collections$ReverseComparator2 (java.base@17.0.15)
5524:             1             16  java.util.Collections$UnmodifiableMap$UnmodifiableEntrySet (java.base@17.0.15)
5525:             1             16  java.util.EnumMap$1 (java.base@17.0.15)
5526:             1             16  java.util.ImmutableCollections$Access$1 (java.base@17.0.15)
5527:             1             16  java.util.Locale$Builder (java.base@17.0.15)
5528:             1             16  java.util.Map$Entry$$Lambda$1268/0x00000008002fcd88 (java.base@17.0.15)
5529:             1             16  java.util.ResourceBundle$1 (java.base@17.0.15)
5530:             1             16  java.util.ResourceBundle$Control (java.base@17.0.15)
5531:             1             16  java.util.Spliterators$EmptySpliterator$OfDouble (java.base@17.0.15)
5532:             1             16  java.util.Spliterators$EmptySpliterator$OfInt (java.base@17.0.15)
5533:             1             16  java.util.Spliterators$EmptySpliterator$OfLong (java.base@17.0.15)
5534:             1             16  java.util.Spliterators$EmptySpliterator$OfRef (java.base@17.0.15)
5535:             1             16  java.util.concurrent.CompletableFuture$AltResult (java.base@17.0.15)
5536:             1             16  java.util.concurrent.ForkJoinPool$DefaultCommonPoolForkJoinWorkerThreadFactory (java.base@17.0.15)
5537:             1             16  java.util.concurrent.ForkJoinPool$DefaultForkJoinWorkerThreadFactory (java.base@17.0.15)
5538:             1             16  java.util.concurrent.ThreadPoolExecutor$AbortPolicy (java.base@17.0.15)
5539:             1             16  java.util.function.Function$$Lambda$116/0x00000008001641c8 (java.base@17.0.15)
5540:             1             16  java.util.function.Predicate$$Lambda$2176/0x00000008005e4028 (java.base@17.0.15)
5541:             1             16  java.util.function.UnaryOperator$$Lambda$4358/0x00000008005e9a88 (java.base@17.0.15)
5542:             1             16  java.util.jar.JavaUtilJarAccessImpl (java.base@17.0.15)
5543:             1             16  java.util.logging.ErrorManager (java.logging@17.0.15)
5544:             1             16  java.util.logging.Level$$Lambda$277/0x000000080024d390 (java.logging@17.0.15)
5545:             1             16  java.util.logging.Level$KnownLevel$$Lambda$274/0x000000080024a0b0 (java.logging@17.0.15)
5546:             1             16  java.util.logging.Level$KnownLevel$$Lambda$275/0x000000080024a2f0 (java.logging@17.0.15)
5547:             1             16  java.util.logging.Level$KnownLevel$$Lambda$278/0x000000080024d5d0 (java.logging@17.0.15)
5548:             1             16  java.util.logging.LogManager$LoggingProviderAccess (java.logging@17.0.15)
5549:             1             16  java.util.logging.LogManager$VisitedLoggers (java.logging@17.0.15)
5550:             1             16  java.util.logging.Logging (java.logging@17.0.15)
5551:             1             16  java.util.logging.SimpleFormatter$$Lambda$822/0x00000008002e2488 (java.logging@17.0.15)
5552:             1             16  java.util.regex.CharPredicates$$Lambda$169/0x000000080013d008 (java.base@17.0.15)
5553:             1             16  java.util.regex.CharPredicates$$Lambda$38/0x00000008000bb8c8 (java.base@17.0.15)
5554:             1             16  java.util.regex.CharPredicates$$Lambda$441/0x00000008002cdf98 (java.base@17.0.15)
5555:             1             16  java.util.regex.CharPredicates$$Lambda$559/0x00000008002d7630 (java.base@17.0.15)
5556:             1             16  java.util.regex.Pattern$$Lambda$168/0x0000000800139ee0 (java.base@17.0.15)
5557:             1             16  java.util.regex.Pattern$$Lambda$448/0x00000008002ce8e0 (java.base@17.0.15)
5558:             1             16  java.util.regex.Pattern$$Lambda$5158/0x0000000800ce5c68 (java.base@17.0.15)
5559:             1             16  java.util.regex.Pattern$$Lambda$5159/0x0000000800ce6110 (java.base@17.0.15)
5560:             1             16  java.util.regex.Pattern$End (java.base@17.0.15)
5561:             1             16  java.util.regex.Pattern$LastNode (java.base@17.0.15)
5562:             1             16  java.util.regex.Pattern$LookBehindEndNode (java.base@17.0.15)
5563:             1             16  java.util.regex.Pattern$Node (java.base@17.0.15)
5564:             1             16  java.util.stream.Collectors$$Lambda$1/0x000000080000e980 (java.base@17.0.15)
5565:             1             16  java.util.stream.Collectors$$Lambda$1258/0x00000008002fa9f0 (java.base@17.0.15)
5566:             1             16  java.util.stream.Collectors$$Lambda$1259/0x00000008002fac20 (java.base@17.0.15)
5567:             1             16  java.util.stream.Collectors$$Lambda$134/0x00000008001707e0 (java.base@17.0.15)
5568:             1             16  java.util.stream.Collectors$$Lambda$135/0x0000000800170a00 (java.base@17.0.15)
5569:             1             16  java.util.stream.Collectors$$Lambda$136/0x0000000800170c30 (java.base@17.0.15)
5570:             1             16  java.util.stream.Collectors$$Lambda$137/0x0000000800170e78 (java.base@17.0.15)
5571:             1             16  java.util.stream.Collectors$$Lambda$138/0x00000008001710b8 (java.base@17.0.15)
5572:             1             16  java.util.stream.Collectors$$Lambda$184/0x00000008001843a8 (java.base@17.0.15)
5573:             1             16  java.util.stream.Collectors$$Lambda$2/0x0000000800080808 (java.base@17.0.15)
5574:             1             16  java.util.stream.Collectors$$Lambda$23/0x00000008000b2a80 (java.base@17.0.15)
5575:             1             16  java.util.stream.Collectors$$Lambda$24/0x00000008000b2ca0 (java.base@17.0.15)
5576:             1             16  java.util.stream.Collectors$$Lambda$25/0x00000008000b2ed0 (java.base@17.0.15)
5577:             1             16  java.util.stream.Collectors$$Lambda$3/0x0000000800080e38 (java.base@17.0.15)
5578:             1             16  java.util.stream.Collectors$$Lambda$313/0x00000008002c51e8 (java.base@17.0.15)
5579:             1             16  java.util.stream.Collectors$$Lambda$314/0x00000008002c5418 (java.base@17.0.15)
5580:             1             16  java.util.stream.Collectors$$Lambda$315/0x00000008002c5660 (java.base@17.0.15)
5581:             1             16  java.util.stream.Collectors$$Lambda$358/0x00000008002c87d0 (java.base@17.0.15)
5582:             1             16  java.util.stream.Collectors$$Lambda$359/0x00000008002c89f0 (java.base@17.0.15)
5583:             1             16  java.util.stream.Collectors$$Lambda$360/0x00000008002c8c20 (java.base@17.0.15)
5584:             1             16  java.util.stream.Collectors$$Lambda$361/0x00000008002c8e68 (java.base@17.0.15)
5585:             1             16  java.util.stream.Collectors$$Lambda$4/0x0000000800081080 (java.base@17.0.15)
5586:             1             16  java.util.stream.Collectors$$Lambda$414/0x00000008002ca448 (java.base@17.0.15)
5587:             1             16  java.util.stream.Collectors$$Lambda$415/0x00000008002ca668 (java.base@17.0.15)
5588:             1             16  java.util.stream.Collectors$$Lambda$416/0x00000008002ca898 (java.base@17.0.15)
5589:             1             16  java.util.stream.Collectors$$Lambda$417/0x00000008002caae0 (java.base@17.0.15)
5590:             1             16  java.util.stream.Collectors$$Lambda$5509/0x0000000800ce9338 (java.base@17.0.15)
5591:             1             16  java.util.stream.Collectors$$Lambda$92/0x0000000800140440 (java.base@17.0.15)
5592:             1             16  java.util.stream.Collectors$$Lambda$94/0x0000000800140898 (java.base@17.0.15)
5593:             1             16  java.util.stream.FindOps$FindSink$OfInt$$Lambda$85/0x00000008000fd280 (java.base@17.0.15)
5594:             1             16  java.util.stream.FindOps$FindSink$OfInt$$Lambda$86/0x00000008000fd4d0 (java.base@17.0.15)
5595:             1             16  java.util.stream.FindOps$FindSink$OfInt$$Lambda$87/0x00000008000fd6f0 (java.base@17.0.15)
5596:             1             16  java.util.stream.FindOps$FindSink$OfInt$$Lambda$88/0x00000008000fd940 (java.base@17.0.15)
5597:             1             16  java.util.stream.FindOps$FindSink$OfRef$$Lambda$32/0x00000008000b86c0 (java.base@17.0.15)
5598:             1             16  java.util.stream.FindOps$FindSink$OfRef$$Lambda$33/0x00000008000b8910 (java.base@17.0.15)
5599:             1             16  java.util.stream.FindOps$FindSink$OfRef$$Lambda$34/0x00000008000b8b30 (java.base@17.0.15)
5600:             1             16  java.util.stream.FindOps$FindSink$OfRef$$Lambda$35/0x00000008000b8d80 (java.base@17.0.15)
5601:             1             16  java.util.stream.IntPipeline$$Lambda$1854/0x00000008005e31a8 (java.base@17.0.15)
5602:             1             16  java.util.stream.IntPipeline$$Lambda$4979/0x0000000800ce4838 (java.base@17.0.15)
5603:             1             16  java.util.stream.IntPipeline$$Lambda$5659/0x0000000800ce9f98 (java.base@17.0.15)
5604:             1             16  java.util.stream.IntPipeline$$Lambda$5660/0x0000000800cea1b8 (java.base@17.0.15)
5605:             1             16  java.util.stream.IntPipeline$$Lambda$603/0x00000008002d9508 (java.base@17.0.15)
5606:             1             16  java.util.stream.Nodes$EmptyNode$OfDouble (java.base@17.0.15)
5607:             1             16  java.util.stream.Nodes$EmptyNode$OfInt (java.base@17.0.15)
5608:             1             16  java.util.stream.Nodes$EmptyNode$OfLong (java.base@17.0.15)
5609:             1             16  java.util.stream.Nodes$EmptyNode$OfRef (java.base@17.0.15)
5610:             1             16  java.util.stream.ReferencePipeline$$Lambda$111/0x0000000800163a20 (java.base@17.0.15)
5611:             1             16  java.util.zip.ZipFile$1 (java.base@17.0.15)
5612:             1             16  javax.crypto.CryptoAllPermissionCollection (java.base@17.0.15)
5613:             1             16  javax.crypto.JceSecurityManager (java.base@17.0.15)
5614:             1             16  javax.crypto.spec.SecretKeySpec$1 (java.base@17.0.15)
5615:             1             16  javax.management.JMX (java.management@17.0.15)
5616:             1             16  javax.management.MBeanServerBuilder (java.management@17.0.15)
5617:             1             16  javax.management.NotificationBroadcasterSupport$1 (java.management@17.0.15)
5618:             1             16  javax.net.ssl.HttpsURLConnection$DefaultHostnameVerifier (java.base@17.0.15)
5619:             1             16  jdk.dynalink.CallSiteDescriptor$$Lambda$903/0x00000008004e4ad8 (jdk.dynalink@17.0.15)
5620:             1             16  jdk.dynalink.CallSiteDescriptor$$Lambda$904/0x00000008004e4cf8 (jdk.dynalink@17.0.15)
5621:             1             16  jdk.dynalink.DynamicLinkerFactory$$Lambda$829/0x00000008003fbc18 (jdk.dynalink@17.0.15)
5622:             1             16  jdk.dynalink.beans.ApplicableOverloadedMethods$1 (jdk.dynalink@17.0.15)
5623:             1             16  jdk.dynalink.beans.ApplicableOverloadedMethods$2 (jdk.dynalink@17.0.15)
5624:             1             16  jdk.dynalink.beans.ApplicableOverloadedMethods$3 (jdk.dynalink@17.0.15)
5625:             1             16  jdk.dynalink.beans.BeansLinker (jdk.dynalink@17.0.15)
5626:             1             16  jdk.dynalink.beans.DynamicMethodLinker (jdk.dynalink@17.0.15)
5627:             1             16  jdk.dynalink.beans.MaximallySpecific$$Lambda$1350/0x0000000800644000 (jdk.dynalink@17.0.15)
5628:             1             16  jdk.dynalink.beans.StaticClassLinker (jdk.dynalink@17.0.15)
5629:             1             16  jdk.dynalink.internal.AccessControlContextFactory$$Lambda$827/0x00000008003fb7b8 (jdk.dynalink@17.0.15)
5630:             1             16  jdk.dynalink.internal.AccessControlContextFactory$$Lambda$828/0x00000008003fb9f8 (jdk.dynalink@17.0.15)
5631:             1             16  jdk.internal.icu.impl.Norm2AllModes$DecomposeNormalizer2 (java.base@17.0.15)
5632:             1             16  jdk.internal.icu.impl.Norm2AllModes$NoopNormalizer2 (java.base@17.0.15)
5633:             1             16  jdk.internal.icu.impl.NormalizerImpl$IsAcceptable (java.base@17.0.15)
5634:             1             16  jdk.internal.icu.impl.Trie2$1 (java.base@17.0.15)
5635:             1             16  jdk.internal.icu.text.NormalizerBase$ModeImpl (java.base@17.0.15)
5636:             1             16  jdk.internal.icu.text.NormalizerBase$NFCMode (java.base@17.0.15)
5637:             1             16  jdk.internal.icu.text.NormalizerBase$NFDMode (java.base@17.0.15)
5638:             1             16  jdk.internal.icu.text.NormalizerBase$NFKCMode (java.base@17.0.15)
5639:             1             16  jdk.internal.icu.text.NormalizerBase$NFKDMode (java.base@17.0.15)
5640:             1             16  jdk.internal.icu.text.NormalizerBase$NONEMode (java.base@17.0.15)
5641:             1             16  jdk.internal.icu.text.StringPrep$StringPrepTrieImpl (java.base@17.0.15)
5642:             1             16  jdk.internal.icu.util.CodePointTrie$Data16 (java.base@17.0.15)
5643:             1             16  jdk.internal.jimage.ImageBufferCache$1 (java.base@17.0.15)
5644:             1             16  jdk.internal.jimage.ImageBufferCache$2 (java.base@17.0.15)
5645:             1             16  jdk.internal.jimage.ImageReaderFactory$1 (java.base@17.0.15)
5646:             1             16  jdk.internal.jimage.ImageStringsReader (java.base@17.0.15)
5647:             1             16  jdk.internal.jimage.decompressor.Decompressor (java.base@17.0.15)
5648:             1             16  jdk.internal.jimage.decompressor.StringSharingDecompressorFactory (java.base@17.0.15)
5649:             1             16  jdk.internal.jimage.decompressor.ZipDecompressor (java.base@17.0.15)
5650:             1             16  jdk.internal.jimage.decompressor.ZipDecompressorFactory (java.base@17.0.15)
5651:             1             16  jdk.internal.jrtfs.JrtFileSystemProvider (java.base@17.0.15)
5652:             1             16  jdk.internal.logger.LazyLoggers$1 (java.base@17.0.15)
5653:             1             16  jdk.internal.logger.LazyLoggers$JdkLazyLogger (java.base@17.0.15)
5654:             1             16  jdk.internal.logger.LazyLoggers$LazyLoggerFactories (java.base@17.0.15)
5655:             1             16  jdk.internal.math.FloatingDecimal$1 (java.base@17.0.15)
5656:             1             16  jdk.internal.math.FormattedFloatingDecimal$1 (java.base@17.0.15)
5657:             1             16  jdk.internal.misc.ScopedMemoryAccess (java.base@17.0.15)
5658:             1             16  jdk.internal.misc.TerminatingThreadLocal$1 (java.base@17.0.15)
5659:             1             16  jdk.internal.misc.ThreadTracker (java.base@17.0.15)
5660:             1             16  jdk.internal.misc.Unsafe (java.base@17.0.15)
5661:             1             16  jdk.internal.module.ArchivedBootLayer (java.base@17.0.15)
5662:             1             16  jdk.internal.module.ModuleLoaderMap$Mapper (java.base@17.0.15)
5663:             1             16  jdk.internal.module.ModulePatcher (java.base@17.0.15)
5664:             1             16  jdk.internal.module.ModulePath$$Lambda$19/0x00000008000b1c70 (java.base@17.0.15)
5665:             1             16  jdk.internal.module.ModulePath$$Lambda$20/0x00000008000b1ec0 (java.base@17.0.15)
5666:             1             16  jdk.internal.module.ModulePath$$Lambda$22/0x00000008000b2348 (java.base@17.0.15)
5667:             1             16  jdk.internal.module.ModulePath$$Lambda$42/0x00000008000bf698 (java.base@17.0.15)
5668:             1             16  jdk.internal.module.ModulePath$$Lambda$43/0x00000008000bf8e8 (java.base@17.0.15)
5669:             1             16  jdk.internal.module.ModulePath$$Lambda$44/0x00000008000bfb28 (java.base@17.0.15)
5670:             1             16  jdk.internal.module.ModulePath$$Lambda$45/0x00000008000bfd78 (java.base@17.0.15)
5671:             1             16  jdk.internal.module.ModulePath$$Lambda$50/0x00000008000e1308 (java.base@17.0.15)
5672:             1             16  jdk.internal.module.ModulePath$$Lambda$52/0x00000008000e2168 (java.base@17.0.15)
5673:             1             16  jdk.internal.perf.Perf (java.base@17.0.15)
5674:             1             16  jdk.internal.platform.CgroupMetrics (java.base@17.0.15)
5675:             1             16  jdk.internal.platform.CgroupSubsystemFactory$$Lambda$302/0x0000000800277bb8 (java.base@17.0.15)
5676:             1             16  jdk.internal.platform.cgroupv2.CgroupV2Subsystem (java.base@17.0.15)
5677:             1             16  jdk.internal.platform.cgroupv2.CgroupV2SubsystemController (java.base@17.0.15)
5678:             1             16  jdk.internal.reflect.GeneratedConstructorAccessor1
5679:             1             16  jdk.internal.reflect.GeneratedConstructorAccessor10
5680:             1             16  jdk.internal.reflect.GeneratedConstructorAccessor11
5681:             1             16  jdk.internal.reflect.GeneratedConstructorAccessor12
5682:             1             16  jdk.internal.reflect.GeneratedConstructorAccessor13
5683:             1             16  jdk.internal.reflect.GeneratedConstructorAccessor14 (java.base@17.0.15)
5684:             1             16  jdk.internal.reflect.GeneratedConstructorAccessor15 (java.base@17.0.15)
5685:             1             16  jdk.internal.reflect.GeneratedConstructorAccessor16 (java.base@17.0.15)
5686:             1             16  jdk.internal.reflect.GeneratedConstructorAccessor17 (java.base@17.0.15)
5687:             1             16  jdk.internal.reflect.GeneratedConstructorAccessor18 (java.base@17.0.15)
5688:             1             16  jdk.internal.reflect.GeneratedConstructorAccessor19
5689:             1             16  jdk.internal.reflect.GeneratedConstructorAccessor2
5690:             1             16  jdk.internal.reflect.GeneratedConstructorAccessor20
5691:             1             16  jdk.internal.reflect.GeneratedConstructorAccessor21
5692:             1             16  jdk.internal.reflect.GeneratedConstructorAccessor22
5693:             1             16  jdk.internal.reflect.GeneratedConstructorAccessor23
5694:             1             16  jdk.internal.reflect.GeneratedConstructorAccessor24 (java.base@17.0.15)
5695:             1             16  jdk.internal.reflect.GeneratedConstructorAccessor25 (java.base@17.0.15)
5696:             1             16  jdk.internal.reflect.GeneratedConstructorAccessor26 (java.base@17.0.15)
5697:             1             16  jdk.internal.reflect.GeneratedConstructorAccessor27 (java.base@17.0.15)
5698:             1             16  jdk.internal.reflect.GeneratedConstructorAccessor28 (java.base@17.0.15)
5699:             1             16  jdk.internal.reflect.GeneratedConstructorAccessor29 (java.base@17.0.15)
5700:             1             16  jdk.internal.reflect.GeneratedConstructorAccessor3
5701:             1             16  jdk.internal.reflect.GeneratedConstructorAccessor30
5702:             1             16  jdk.internal.reflect.GeneratedConstructorAccessor31
5703:             1             16  jdk.internal.reflect.GeneratedConstructorAccessor32 (java.base@17.0.15)
5704:             1             16  jdk.internal.reflect.GeneratedConstructorAccessor33 (java.base@17.0.15)
5705:             1             16  jdk.internal.reflect.GeneratedConstructorAccessor34
5706:             1             16  jdk.internal.reflect.GeneratedConstructorAccessor4 (java.base@17.0.15)
5707:             1             16  jdk.internal.reflect.GeneratedConstructorAccessor5
5708:             1             16  jdk.internal.reflect.GeneratedConstructorAccessor6
5709:             1             16  jdk.internal.reflect.GeneratedConstructorAccessor7
5710:             1             16  jdk.internal.reflect.GeneratedConstructorAccessor8
5711:             1             16  jdk.internal.reflect.GeneratedConstructorAccessor9 (java.base@17.0.15)
5712:             1             16  jdk.internal.reflect.GeneratedMethodAccessor1 (java.base@17.0.15)
5713:             1             16  jdk.internal.reflect.ReflectionFactory (java.base@17.0.15)
5714:             1             16  jdk.jfr.internal.dcmd.DCmdCheck$$Lambda$308/0x00000008002c0220 (jdk.jfr@17.0.15)
5715:             1             16  jdk.jfr.internal.dcmd.DCmdDump$$Lambda$307/0x00000008002c0000 (jdk.jfr@17.0.15)
5716:             1             16  jdk.jfr.internal.dcmd.DCmdStart$$Lambda$306/0x000000080027fce8 (jdk.jfr@17.0.15)
5717:             1             16  jdk.jfr.internal.dcmd.DCmdStop$$Lambda$305/0x000000080027fac8 (jdk.jfr@17.0.15)
5718:             1             16  jdk.management.jfr.SettingDescriptorInfo$1 (jdk.management.jfr@17.0.15)
5719:             1             16  jdk.net.LinuxSocketOptions (jdk.net@17.0.15)
5720:             1             16  jdk.nio.zipfs.ZipFileSystem$$Lambda$107/0x0000000800119610 (jdk.zipfs@17.0.15)
5721:             1             16  jdk.nio.zipfs.ZipFileSystemProvider (jdk.zipfs@17.0.15)
5722:             1             16  jdk.proxy2.$Proxy17 (jdk.proxy2)
5723:             1             16  jdk.proxy2.$Proxy24 (jdk.proxy2)
5724:             1             16  jdk.proxy2.$Proxy25 (jdk.proxy2)
5725:             1             16  jdk.proxy2.$Proxy28 (jdk.proxy2)
5726:             1             16  jdk.proxy2.$Proxy5 (jdk.proxy2)
5727:             1             16  jdk.proxy3.$Proxy20 (jdk.proxy3)
5728:             1             16  jdk.xml.internal.SecuritySupport$$Lambda$269/0x000000080019f8d8 (java.xml@17.0.15)
5729:             1             16  joptsimple.OptionParserState$2 (jopt.simple@5.0.4)
5730:             1             16  net.fabricmc.loader.impl.FMLModMetadata$$Lambda$948/0x0000000800510e98 (net.fabricmc.loader@2.6.0+0.15.0+1.20.1-full)
5731:             1             16  net.fabricmc.loader.impl.FMLModMetadata$$Lambda$949/0x0000000800511518 (net.fabricmc.loader@2.6.0+0.15.0+1.20.1-full)
5732:             1             16  net.fabricmc.loader.impl.FMLModMetadata$$Lambda$952/0x0000000800512270 (net.fabricmc.loader@2.6.0+0.15.0+1.20.1-full)
5733:             1             16  net.fabricmc.loader.impl.ModContainerImpl$$Lambda$951/0x0000000800512030 (net.fabricmc.loader@2.6.0+0.15.0+1.20.1-full)
5734:             1             16  net.fabricmc.loader.impl.bootstrap.FabricLoaderBootstrap (net.fabricmc.loader@2.6.0+0.15.0+1.20.1-full)
5735:             1             16  net.fabricmc.loader.impl.bootstrap.FabricLoaderHackyInjector (net.fabricmc.loader@2.6.0+0.15.0+1.20.1-full)
5736:             1             16  net.minecraft.ChatFormatting$$Lambda$1164/0x0000000800589dd8 (minecraft@1.20.1)
5737:             1             16  net.minecraft.ChatFormatting$$Lambda$1168/0x0000000800588400 (minecraft@1.20.1)
5738:             1             16  net.minecraft.ChatFormatting$$Lambda$1169/0x0000000800590000 (minecraft@1.20.1)
5739:             1             16  net.minecraft.SystemReport$$Lambda$1244/0x00000008005a6318 (minecraft@1.20.1)
5740:             1             16  net.minecraft.SystemReport$$Lambda$1245/0x00000008005a6538 (minecraft@1.20.1)
5741:             1             16  net.minecraft.SystemReport$$Lambda$1296/0x00000008005c19e0 (minecraft@1.20.1)
5742:             1             16  net.minecraft.Util$$Lambda$1236/0x0000000800599bd8 (minecraft@1.20.1)
5743:             1             16  net.minecraft.Util$$Lambda$1237/0x00000008005a4000 (minecraft@1.20.1)
5744:             1             16  net.minecraft.Util$$Lambda$1238/0x00000008005a4220 (minecraft@1.20.1)
5745:             1             16  net.minecraft.Util$$Lambda$1239/0x00000008005a4640 (minecraft@1.20.1)
5746:             1             16  net.minecraft.Util$$Lambda$1240/0x00000008005a48a0 (minecraft@1.20.1)
5747:             1             16  net.minecraft.Util$$Lambda$1241/0x00000008005a4af0 (minecraft@1.20.1)
5748:             1             16  net.minecraft.Util$$Lambda$1242/0x00000008005a4d10 (minecraft@1.20.1)
5749:             1             16  net.minecraft.Util$$Lambda$1297/0x00000008005c1c00 (minecraft@1.20.1)
5750:             1             16  net.minecraft.Util$$Lambda$1449/0x000000080067ccf0 (minecraft@1.20.1)
5751:             1             16  net.minecraft.Util$$Lambda$1450/0x000000080067cf30 (minecraft@1.20.1)
5752:             1             16  net.minecraft.Util$$Lambda$5160/0x0000000800da1308 (minecraft@1.20.1)
5753:             1             16  net.minecraft.Util$$Lambda$5273/0x0000000800dc9da8 (minecraft@1.20.1)
5754:             1             16  net.minecraft.Util$$Lambda$5427/0x0000000800defca0 (minecraft@1.20.1)
5755:             1             16  net.minecraft.Util$1 (minecraft@1.20.1)
5756:             1             16  net.minecraft.Util$3 (minecraft@1.20.1)
5757:             1             16  net.minecraft.Util$4 (minecraft@1.20.1)
5758:             1             16  net.minecraft.client.AttackIndicatorStatus$$Lambda$4440/0x0000000800bf9d18 (minecraft@1.20.1)
5759:             1             16  net.minecraft.client.GraphicsStatus$$Lambda$4392/0x0000000800bf6700 (minecraft@1.20.1)
5760:             1             16  net.minecraft.client.KeyMapping$$Lambda$4473/0x0000000800c06ba8 (minecraft@1.20.1)
5761:             1             16  net.minecraft.client.KeyboardHandler$$Lambda$5104/0x0000000800d85338 (minecraft@1.20.1)
5762:             1             16  net.minecraft.client.KeyboardHandler$$Lambda$5105/0x0000000800d855c8 (minecraft@1.20.1)
5763:             1             16  net.minecraft.client.Minecraft$$Lambda$4348/0x0000000800bde000 (minecraft@1.20.1)
5764:             1             16  net.minecraft.client.Minecraft$$Lambda$4349/0x0000000800bdecb8 (minecraft@1.20.1)
5765:             1             16  net.minecraft.client.Minecraft$$Lambda$4366/0x0000000800bec558 (minecraft@1.20.1)
5766:             1             16  net.minecraft.client.Minecraft$$Lambda$4568/0x0000000800c22d68 (minecraft@1.20.1)
5767:             1             16  net.minecraft.client.Minecraft$$Lambda$4973/0x0000000800d30e68 (minecraft@1.20.1)
5768:             1             16  net.minecraft.client.Minecraft$$Lambda$4974/0x0000000800d31090 (minecraft@1.20.1)
5769:             1             16  net.minecraft.client.Minecraft$$Lambda$4975/0x0000000800d31598 (minecraft@1.20.1)
5770:             1             16  net.minecraft.client.Minecraft$$Lambda$5271/0x0000000800dc9530 (minecraft@1.20.1)
5771:             1             16  net.minecraft.client.MouseHandler$$Lambda$5100/0x0000000800d848f8 (minecraft@1.20.1)
5772:             1             16  net.minecraft.client.MouseHandler$$Lambda$5101/0x0000000800d84b88 (minecraft@1.20.1)
5773:             1             16  net.minecraft.client.MouseHandler$$Lambda$5102/0x0000000800d84e18 (minecraft@1.20.1)
5774:             1             16  net.minecraft.client.MouseHandler$$Lambda$5103/0x0000000800d850a8 (minecraft@1.20.1)
5775:             1             16  net.minecraft.client.NarratorStatus$$Lambda$4518/0x0000000800c168a0 (minecraft@1.20.1)
5776:             1             16  net.minecraft.client.OptionInstance$$Lambda$4369/0x0000000800bf0000 (minecraft@1.20.1)
5777:             1             16  net.minecraft.client.OptionInstance$$Lambda$4371/0x0000000800bf0880 (minecraft@1.20.1)
5778:             1             16  net.minecraft.client.OptionInstance$$Lambda$4373/0x0000000800bf0cf8 (minecraft@1.20.1)
5779:             1             16  net.minecraft.client.OptionInstance$$Lambda$4386/0x0000000800bf4c90 (minecraft@1.20.1)
5780:             1             16  net.minecraft.client.OptionInstance$$Lambda$4457/0x0000000800c034c8 (minecraft@1.20.1)
5781:             1             16  net.minecraft.client.OptionInstance$ClampingLazyMaxIntRange$$Lambda$4511/0x0000000800c13138 (minecraft@1.20.1)
5782:             1             16  net.minecraft.client.OptionInstance$UnitDouble$$Lambda$4376/0x0000000800bf2d68 (minecraft@1.20.1)
5783:             1             16  net.minecraft.client.OptionInstance$UnitDouble$$Lambda$4377/0x0000000800bf2fa8 (minecraft@1.20.1)
5784:             1             16  net.minecraft.client.OptionInstance$UnitDouble$$Lambda$4544/0x0000000800c1a460 (minecraft@1.20.1)
5785:             1             16  net.minecraft.client.OptionInstance$UnitDouble$$Lambda$4545/0x0000000800c1a6a0 (minecraft@1.20.1)
5786:             1             16  net.minecraft.client.OptionInstance$UnitDouble$1$$Lambda$4498/0x0000000800c10f78 (minecraft@1.20.1)
5787:             1             16  net.minecraft.client.OptionInstance$UnitDouble$1$$Lambda$4499/0x0000000800c111c0 (minecraft@1.20.1)
5788:             1             16  net.minecraft.client.Options$$Lambda$4374/0x0000000800bf0f18 (minecraft@1.20.1)
5789:             1             16  net.minecraft.client.Options$$Lambda$4375/0x0000000800bf2b38 (minecraft@1.20.1)
5790:             1             16  net.minecraft.client.Options$$Lambda$4378/0x0000000800bf31e8 (minecraft@1.20.1)
5791:             1             16  net.minecraft.client.Options$$Lambda$4379/0x0000000800bf38f8 (minecraft@1.20.1)
5792:             1             16  net.minecraft.client.Options$$Lambda$4380/0x0000000800bf3b18 (minecraft@1.20.1)
5793:             1             16  net.minecraft.client.Options$$Lambda$4381/0x0000000800bf3fd0 (minecraft@1.20.1)
5794:             1             16  net.minecraft.client.Options$$Lambda$4382/0x0000000800bf4200 (minecraft@1.20.1)
5795:             1             16  net.minecraft.client.Options$$Lambda$4383/0x0000000800bf4420 (minecraft@1.20.1)
5796:             1             16  net.minecraft.client.Options$$Lambda$4384/0x0000000800bf4640 (minecraft@1.20.1)
5797:             1             16  net.minecraft.client.Options$$Lambda$4385/0x0000000800bf4860 (minecraft@1.20.1)
5798:             1             16  net.minecraft.client.Options$$Lambda$4387/0x0000000800bf5520 (minecraft@1.20.1)
5799:             1             16  net.minecraft.client.Options$$Lambda$4388/0x0000000800bf5760 (minecraft@1.20.1)
5800:             1             16  net.minecraft.client.Options$$Lambda$4389/0x0000000800bf59a0 (minecraft@1.20.1)
5801:             1             16  net.minecraft.client.Options$$Lambda$4390/0x0000000800bf5e50 (minecraft@1.20.1)
5802:             1             16  net.minecraft.client.Options$$Lambda$4391/0x0000000800bf6070 (minecraft@1.20.1)
5803:             1             16  net.minecraft.client.Options$$Lambda$4394/0x0000000800bf6b48 (minecraft@1.20.1)
5804:             1             16  net.minecraft.client.Options$$Lambda$4395/0x0000000800bf6d98 (minecraft@1.20.1)
5805:             1             16  net.minecraft.client.Options$$Lambda$4396/0x0000000800bf71b8 (minecraft@1.20.1)
5806:             1             16  net.minecraft.client.Options$$Lambda$4397/0x0000000800bf73d8 (minecraft@1.20.1)
5807:             1             16  net.minecraft.client.Options$$Lambda$4398/0x0000000800bf7618 (minecraft@1.20.1)
5808:             1             16  net.minecraft.client.Options$$Lambda$4399/0x0000000800bf7858 (minecraft@1.20.1)
5809:             1             16  net.minecraft.client.Options$$Lambda$4400/0x0000000800bf7a88 (minecraft@1.20.1)
5810:             1             16  net.minecraft.client.Options$$Lambda$4401/0x0000000800bfc000 (minecraft@1.20.1)
5811:             1             16  net.minecraft.client.Options$$Lambda$4403/0x0000000800bfc638 (minecraft@1.20.1)
5812:             1             16  net.minecraft.client.Options$$Lambda$4404/0x0000000800bfc878 (minecraft@1.20.1)
5813:             1             16  net.minecraft.client.Options$$Lambda$4405/0x0000000800bfcab8 (minecraft@1.20.1)
5814:             1             16  net.minecraft.client.Options$$Lambda$4407/0x0000000800bfd380 (minecraft@1.20.1)
5815:             1             16  net.minecraft.client.Options$$Lambda$4408/0x0000000800bfd5c0 (minecraft@1.20.1)
5816:             1             16  net.minecraft.client.Options$$Lambda$4409/0x0000000800bfd800 (minecraft@1.20.1)
5817:             1             16  net.minecraft.client.Options$$Lambda$4410/0x0000000800bfda30 (minecraft@1.20.1)
5818:             1             16  net.minecraft.client.Options$$Lambda$4411/0x0000000800bfdc50 (minecraft@1.20.1)
5819:             1             16  net.minecraft.client.Options$$Lambda$4412/0x0000000800bfde80 (minecraft@1.20.1)
5820:             1             16  net.minecraft.client.Options$$Lambda$4413/0x0000000800bfe0a0 (minecraft@1.20.1)
5821:             1             16  net.minecraft.client.Options$$Lambda$4414/0x0000000800bfe2d0 (minecraft@1.20.1)
5822:             1             16  net.minecraft.client.Options$$Lambda$4415/0x0000000800bfe4f0 (minecraft@1.20.1)
5823:             1             16  net.minecraft.client.Options$$Lambda$4416/0x0000000800bfe720 (minecraft@1.20.1)
5824:             1             16  net.minecraft.client.Options$$Lambda$4417/0x0000000800bfe940 (minecraft@1.20.1)
5825:             1             16  net.minecraft.client.Options$$Lambda$4418/0x0000000800bfeb70 (minecraft@1.20.1)
5826:             1             16  net.minecraft.client.Options$$Lambda$4419/0x0000000800bff668 (minecraft@1.20.1)
5827:             1             16  net.minecraft.client.Options$$Lambda$4420/0x0000000800bff8a8 (minecraft@1.20.1)
5828:             1             16  net.minecraft.client.Options$$Lambda$4421/0x0000000800bffae8 (minecraft@1.20.1)
5829:             1             16  net.minecraft.client.Options$$Lambda$4422/0x0000000800bffd20 (minecraft@1.20.1)
5830:             1             16  net.minecraft.client.Options$$Lambda$4423/0x0000000800bfa000 (minecraft@1.20.1)
5831:             1             16  net.minecraft.client.Options$$Lambda$4424/0x0000000800bfa230 (minecraft@1.20.1)
5832:             1             16  net.minecraft.client.Options$$Lambda$4425/0x0000000800bfa450 (minecraft@1.20.1)
5833:             1             16  net.minecraft.client.Options$$Lambda$4426/0x0000000800bfa680 (minecraft@1.20.1)
5834:             1             16  net.minecraft.client.Options$$Lambda$4427/0x0000000800bfab40 (minecraft@1.20.1)
5835:             1             16  net.minecraft.client.Options$$Lambda$4428/0x0000000800bfad70 (minecraft@1.20.1)
5836:             1             16  net.minecraft.client.Options$$Lambda$4429/0x0000000800bfaf90 (minecraft@1.20.1)
5837:             1             16  net.minecraft.client.Options$$Lambda$4430/0x0000000800bfb1c0 (minecraft@1.20.1)
5838:             1             16  net.minecraft.client.Options$$Lambda$4431/0x0000000800bfb3e0 (minecraft@1.20.1)
5839:             1             16  net.minecraft.client.Options$$Lambda$4432/0x0000000800bfb600 (minecraft@1.20.1)
5840:             1             16  net.minecraft.client.Options$$Lambda$4433/0x0000000800bfb820 (minecraft@1.20.1)
5841:             1             16  net.minecraft.client.Options$$Lambda$4434/0x0000000800bfba50 (minecraft@1.20.1)
5842:             1             16  net.minecraft.client.Options$$Lambda$4435/0x0000000800bfbc70 (minecraft@1.20.1)
5843:             1             16  net.minecraft.client.Options$$Lambda$4436/0x0000000800bf9000 (minecraft@1.20.1)
5844:             1             16  net.minecraft.client.Options$$Lambda$4437/0x0000000800bf9220 (minecraft@1.20.1)
5845:             1             16  net.minecraft.client.Options$$Lambda$4438/0x0000000800bf9450 (minecraft@1.20.1)
5846:             1             16  net.minecraft.client.Options$$Lambda$4439/0x0000000800bf9670 (minecraft@1.20.1)
5847:             1             16  net.minecraft.client.Options$$Lambda$4441/0x0000000800bf8800 (minecraft@1.20.1)
5848:             1             16  net.minecraft.client.Options$$Lambda$4442/0x0000000800bf8a40 (minecraft@1.20.1)
5849:             1             16  net.minecraft.client.Options$$Lambda$4443/0x0000000800bf8c80 (minecraft@1.20.1)
5850:             1             16  net.minecraft.client.Options$$Lambda$4450/0x0000000800c025b8 (minecraft@1.20.1)
5851:             1             16  net.minecraft.client.Options$$Lambda$4451/0x0000000800c027d8 (minecraft@1.20.1)
5852:             1             16  net.minecraft.client.Options$$Lambda$4452/0x0000000800c02a08 (minecraft@1.20.1)
5853:             1             16  net.minecraft.client.Options$$Lambda$4453/0x0000000800c02c28 (minecraft@1.20.1)
5854:             1             16  net.minecraft.client.Options$$Lambda$4454/0x0000000800c02e48 (minecraft@1.20.1)
5855:             1             16  net.minecraft.client.Options$$Lambda$4455/0x0000000800c03068 (minecraft@1.20.1)
5856:             1             16  net.minecraft.client.Options$$Lambda$4456/0x0000000800c03298 (minecraft@1.20.1)
5857:             1             16  net.minecraft.client.Options$$Lambda$4458/0x0000000800c036f8 (minecraft@1.20.1)
5858:             1             16  net.minecraft.client.Options$$Lambda$4459/0x0000000800c03928 (minecraft@1.20.1)
5859:             1             16  net.minecraft.client.Options$$Lambda$4460/0x0000000800c03b58 (minecraft@1.20.1)
5860:             1             16  net.minecraft.client.Options$$Lambda$4462/0x0000000800c041c0 (minecraft@1.20.1)
5861:             1             16  net.minecraft.client.Options$$Lambda$4464/0x0000000800c04618 (minecraft@1.20.1)
5862:             1             16  net.minecraft.client.Options$$Lambda$4465/0x0000000800c04838 (minecraft@1.20.1)
5863:             1             16  net.minecraft.client.Options$$Lambda$4466/0x0000000800c04a68 (minecraft@1.20.1)
5864:             1             16  net.minecraft.client.Options$$Lambda$4467/0x0000000800c04c88 (minecraft@1.20.1)
5865:             1             16  net.minecraft.client.Options$$Lambda$4468/0x0000000800c04eb8 (minecraft@1.20.1)
5866:             1             16  net.minecraft.client.Options$$Lambda$4469/0x0000000800c050f0 (minecraft@1.20.1)
5867:             1             16  net.minecraft.client.Options$$Lambda$4470/0x0000000800c05310 (minecraft@1.20.1)
5868:             1             16  net.minecraft.client.Options$$Lambda$4471/0x0000000800c05540 (minecraft@1.20.1)
5869:             1             16  net.minecraft.client.Options$$Lambda$4472/0x0000000800c05760 (minecraft@1.20.1)
5870:             1             16  net.minecraft.client.Options$$Lambda$4480/0x0000000800c0f270 (minecraft@1.20.1)
5871:             1             16  net.minecraft.client.Options$$Lambda$4481/0x0000000800c0f498 (minecraft@1.20.1)
5872:             1             16  net.minecraft.client.Options$$Lambda$4482/0x0000000800c0d000 (minecraft@1.20.1)
5873:             1             16  net.minecraft.client.Options$$Lambda$4483/0x0000000800c0d220 (minecraft@1.20.1)
5874:             1             16  net.minecraft.client.Options$$Lambda$4484/0x0000000800c0d460 (minecraft@1.20.1)
5875:             1             16  net.minecraft.client.Options$$Lambda$4485/0x0000000800c0d6a0 (minecraft@1.20.1)
5876:             1             16  net.minecraft.client.Options$$Lambda$4486/0x0000000800c0d8d0 (minecraft@1.20.1)
5877:             1             16  net.minecraft.client.Options$$Lambda$4487/0x0000000800c0daf0 (minecraft@1.20.1)
5878:             1             16  net.minecraft.client.Options$$Lambda$4488/0x0000000800c0dd20 (minecraft@1.20.1)
5879:             1             16  net.minecraft.client.Options$$Lambda$4489/0x0000000800c0c800 (minecraft@1.20.1)
5880:             1             16  net.minecraft.client.Options$$Lambda$4490/0x0000000800c0ca30 (minecraft@1.20.1)
5881:             1             16  net.minecraft.client.Options$$Lambda$4491/0x0000000800c0cc50 (minecraft@1.20.1)
5882:             1             16  net.minecraft.client.Options$$Lambda$4492/0x0000000800c10000 (minecraft@1.20.1)
5883:             1             16  net.minecraft.client.Options$$Lambda$4493/0x0000000800c104b8 (minecraft@1.20.1)
5884:             1             16  net.minecraft.client.Options$$Lambda$4494/0x0000000800c106e8 (minecraft@1.20.1)
5885:             1             16  net.minecraft.client.Options$$Lambda$4495/0x0000000800c10908 (minecraft@1.20.1)
5886:             1             16  net.minecraft.client.Options$$Lambda$4496/0x0000000800c10b28 (minecraft@1.20.1)
5887:             1             16  net.minecraft.client.Options$$Lambda$4497/0x0000000800c10d48 (minecraft@1.20.1)
5888:             1             16  net.minecraft.client.Options$$Lambda$4500/0x0000000800c11408 (minecraft@1.20.1)
5889:             1             16  net.minecraft.client.Options$$Lambda$4501/0x0000000800c11628 (minecraft@1.20.1)
5890:             1             16  net.minecraft.client.Options$$Lambda$4502/0x0000000800c11858 (minecraft@1.20.1)
5891:             1             16  net.minecraft.client.Options$$Lambda$4503/0x0000000800c11a78 (minecraft@1.20.1)
5892:             1             16  net.minecraft.client.Options$$Lambda$4504/0x0000000800c11ca8 (minecraft@1.20.1)
5893:             1             16  net.minecraft.client.Options$$Lambda$4505/0x0000000800c11ec8 (minecraft@1.20.1)
5894:             1             16  net.minecraft.client.Options$$Lambda$4506/0x0000000800c120f8 (minecraft@1.20.1)
5895:             1             16  net.minecraft.client.Options$$Lambda$4507/0x0000000800c12318 (minecraft@1.20.1)
5896:             1             16  net.minecraft.client.Options$$Lambda$4508/0x0000000800c12548 (minecraft@1.20.1)
5897:             1             16  net.minecraft.client.Options$$Lambda$4509/0x0000000800c12ce8 (minecraft@1.20.1)
5898:             1             16  net.minecraft.client.Options$$Lambda$4510/0x0000000800c12f08 (minecraft@1.20.1)
5899:             1             16  net.minecraft.client.Options$$Lambda$4513/0x0000000800c13a18 (minecraft@1.20.1)
5900:             1             16  net.minecraft.client.Options$$Lambda$4514/0x0000000800c13c58 (minecraft@1.20.1)
5901:             1             16  net.minecraft.client.Options$$Lambda$4516/0x0000000800c16000 (minecraft@1.20.1)
5902:             1             16  net.minecraft.client.Options$$Lambda$4517/0x0000000800c16480 (minecraft@1.20.1)
5903:             1             16  net.minecraft.client.Options$$Lambda$4519/0x0000000800c16ac0 (minecraft@1.20.1)
5904:             1             16  net.minecraft.client.Options$$Lambda$4520/0x0000000800c16d00 (minecraft@1.20.1)
5905:             1             16  net.minecraft.client.Options$$Lambda$4521/0x0000000800c16f40 (minecraft@1.20.1)
5906:             1             16  net.minecraft.client.Options$$Lambda$4522/0x0000000800c17178 (minecraft@1.20.1)
5907:             1             16  net.minecraft.client.Options$$Lambda$4523/0x0000000800c17618 (minecraft@1.20.1)
5908:             1             16  net.minecraft.client.Options$$Lambda$4524/0x0000000800c17838 (minecraft@1.20.1)
5909:             1             16  net.minecraft.client.Options$$Lambda$4525/0x0000000800c17a78 (minecraft@1.20.1)
5910:             1             16  net.minecraft.client.Options$$Lambda$4526/0x0000000800c17ca8 (minecraft@1.20.1)
5911:             1             16  net.minecraft.client.Options$$Lambda$4527/0x0000000800c15000 (minecraft@1.20.1)
5912:             1             16  net.minecraft.client.Options$$Lambda$4528/0x0000000800c15230 (minecraft@1.20.1)
5913:             1             16  net.minecraft.client.Options$$Lambda$4529/0x0000000800c15450 (minecraft@1.20.1)
5914:             1             16  net.minecraft.client.Options$$Lambda$4552/0x0000000800c1ad70 (minecraft@1.20.1)
5915:             1             16  net.minecraft.client.Options$$Lambda$4553/0x0000000800c1afb0 (minecraft@1.20.1)
5916:             1             16  net.minecraft.client.Options$$Lambda$4554/0x0000000800c1b1f0 (minecraft@1.20.1)
5917:             1             16  net.minecraft.client.Options$$Lambda$4556/0x0000000800c1b678 (minecraft@1.20.1)
5918:             1             16  net.minecraft.client.Options$$Lambda$4558/0x0000000800c1bb00 (minecraft@1.20.1)
5919:             1             16  net.minecraft.client.Options$$Lambda$4559/0x0000000800c1bd40 (minecraft@1.20.1)
5920:             1             16  net.minecraft.client.ParticleStatus$$Lambda$4512/0x0000000800c137f8 (minecraft@1.20.1)
5921:             1             16  net.minecraft.client.PeriodicNotificationManager$$Lambda$4342/0x0000000800bdad40 (minecraft@1.20.1)
5922:             1             16  net.minecraft.client.PeriodicNotificationManager$$Lambda$4343/0x0000000800bdb198 (minecraft@1.20.1)
5923:             1             16  net.minecraft.client.PeriodicNotificationManager$$Lambda$4344/0x0000000800bdb3d8 (minecraft@1.20.1)
5924:             1             16  net.minecraft.client.PeriodicNotificationManager$$Lambda$4345/0x0000000800bdb618 (minecraft@1.20.1)
5925:             1             16  net.minecraft.client.PeriodicNotificationManager$$Lambda$4346/0x0000000800bdb858 (minecraft@1.20.1)
5926:             1             16  net.minecraft.client.PeriodicNotificationManager$$Lambda$4347/0x0000000800bdba98 (minecraft@1.20.1)
5927:             1             16  net.minecraft.client.PeriodicNotificationManager$$Lambda$5978/0x0000000800e98000 (minecraft@1.20.1)
5928:             1             16  net.minecraft.client.PeriodicNotificationManager$$Lambda$5979/0x0000000800e98240 (minecraft@1.20.1)
5929:             1             16  net.minecraft.client.PrioritizeChunkUpdates$$Lambda$4402/0x0000000800bfc418 (minecraft@1.20.1)
5930:             1             16  net.minecraft.client.ResourceLoadStateTracker$$Lambda$5177/0x0000000800dabb50 (minecraft@1.20.1)
5931:             1             16  net.minecraft.client.StringSplitter$FlatComponents$$Lambda$6031/0x0000000800ea8228 (minecraft@1.20.1)
5932:             1             16  net.minecraft.client.User$Type$$Lambda$1243/0x00000008005a5a38 (minecraft@1.20.1)
5933:             1             16  net.minecraft.client.color.block.BlockColors$$Lambda$4923/0x0000000800d16450 (minecraft@1.20.1)
5934:             1             16  net.minecraft.client.color.block.BlockColors$$Lambda$4924/0x0000000800d16670 (minecraft@1.20.1)
5935:             1             16  net.minecraft.client.color.block.BlockColors$$Lambda$4925/0x0000000800d16890 (minecraft@1.20.1)
5936:             1             16  net.minecraft.client.color.block.BlockColors$$Lambda$4926/0x0000000800d16ab0 (minecraft@1.20.1)
5937:             1             16  net.minecraft.client.color.block.BlockColors$$Lambda$4927/0x0000000800d16cd0 (minecraft@1.20.1)
5938:             1             16  net.minecraft.client.color.block.BlockColors$$Lambda$4928/0x0000000800d16ef0 (minecraft@1.20.1)
5939:             1             16  net.minecraft.client.color.block.BlockColors$$Lambda$4929/0x0000000800d17110 (minecraft@1.20.1)
5940:             1             16  net.minecraft.client.color.block.BlockColors$$Lambda$4930/0x0000000800d17330 (minecraft@1.20.1)
5941:             1             16  net.minecraft.client.color.block.BlockColors$$Lambda$4931/0x0000000800d17550 (minecraft@1.20.1)
5942:             1             16  net.minecraft.client.color.block.BlockColors$$Lambda$4932/0x0000000800d17770 (minecraft@1.20.1)
5943:             1             16  net.minecraft.client.color.block.BlockColors$$Lambda$4933/0x0000000800d17990 (minecraft@1.20.1)
5944:             1             16  net.minecraft.client.color.block.BlockColors$$Lambda$4934/0x0000000800d17bb0 (minecraft@1.20.1)
5945:             1             16  net.minecraft.client.color.item.ItemColors (minecraft@1.20.1)
5946:             1             16  net.minecraft.client.color.item.ItemColors$$Lambda$4948/0x0000000800d28650 (minecraft@1.20.1)
5947:             1             16  net.minecraft.client.color.item.ItemColors$$Lambda$4949/0x0000000800d28870 (minecraft@1.20.1)
5948:             1             16  net.minecraft.client.color.item.ItemColors$$Lambda$4950/0x0000000800d28a90 (minecraft@1.20.1)
5949:             1             16  net.minecraft.client.color.item.ItemColors$$Lambda$4951/0x0000000800d28cb0 (minecraft@1.20.1)
5950:             1             16  net.minecraft.client.color.item.ItemColors$$Lambda$4953/0x0000000800d290f8 (minecraft@1.20.1)
5951:             1             16  net.minecraft.client.color.item.ItemColors$$Lambda$4954/0x0000000800d29320 (minecraft@1.20.1)
5952:             1             16  net.minecraft.client.color.item.ItemColors$$Lambda$4955/0x0000000800d29540 (minecraft@1.20.1)
5953:             1             16  net.minecraft.client.color.item.ItemColors$$Lambda$4956/0x0000000800d29760 (minecraft@1.20.1)
5954:             1             16  net.minecraft.client.gui.GuiGraphics$$Lambda$6058/0x0000000800eb0f40 (minecraft@1.20.1)
5955:             1             16  net.minecraft.client.gui.components.Button$$Lambda$6023/0x0000000800ea4d70 (minecraft@1.20.1)
5956:             1             16  net.minecraft.client.gui.components.Button$Builder$$Lambda$6024/0x0000000800ea51e0 (minecraft@1.20.1)
5957:             1             16  net.minecraft.client.gui.components.DebugScreenOverlay$$Lambda$5093/0x0000000800d82248 (minecraft@1.20.1)
5958:             1             16  net.minecraft.client.gui.components.PlayerTabOverlay$$Lambda$5096/0x0000000800d82ff0 (minecraft@1.20.1)
5959:             1             16  net.minecraft.client.gui.components.PlayerTabOverlay$$Lambda$5097/0x0000000800d83210 (minecraft@1.20.1)
5960:             1             16  net.minecraft.client.gui.components.PlayerTabOverlay$$Lambda$5098/0x0000000800d83450 (minecraft@1.20.1)
5961:             1             16  net.minecraft.client.gui.components.PlayerTabOverlay$$Lambda$5099/0x0000000800d83690 (minecraft@1.20.1)
5962:             1             16  net.minecraft.client.gui.font.AllMissingGlyphProvider (minecraft@1.20.1)
5963:             1             16  net.minecraft.client.gui.font.FontManager$$Lambda$4715/0x0000000800cae220 (minecraft@1.20.1)
5964:             1             16  net.minecraft.client.gui.font.FontManager$$Lambda$4920/0x0000000800d14e30 (minecraft@1.20.1)
5965:             1             16  net.minecraft.client.gui.font.FontManager$$Lambda$4922/0x0000000800d15938 (minecraft@1.20.1)
5966:             1             16  net.minecraft.client.gui.font.FontManager$$Lambda$5374/0x0000000800dd73a0 (minecraft@1.20.1)
5967:             1             16  net.minecraft.client.gui.font.FontManager$$Lambda$5428/0x0000000800dea000 (minecraft@1.20.1)
5968:             1             16  net.minecraft.client.gui.font.FontManager$$Lambda$5429/0x0000000800dea240 (minecraft@1.20.1)
5969:             1             16  net.minecraft.client.gui.font.FontManager$$Lambda$5607/0x0000000800e198c8 (minecraft@1.20.1)
5970:             1             16  net.minecraft.client.gui.font.FontManager$$Lambda$5617/0x0000000800e1af10 (minecraft@1.20.1)
5971:             1             16  net.minecraft.client.gui.font.FontManager$$Lambda$5688/0x0000000800e358b0 (minecraft@1.20.1)
5972:             1             16  net.minecraft.client.gui.font.FontManager$$Lambda$5689/0x0000000800e35ae0 (minecraft@1.20.1)
5973:             1             16  net.minecraft.client.gui.font.FontManager$BuilderResult$$Lambda$5602/0x0000000800e18d80 (minecraft@1.20.1)
5974:             1             16  net.minecraft.client.gui.font.FontManager$BuilderResult$$Lambda$5604/0x0000000800e19208 (minecraft@1.20.1)
5975:             1             16  net.minecraft.client.gui.font.FontManager$FontDefinitionFile$$Lambda$5222/0x0000000800dbe6c0 (minecraft@1.20.1)
5976:             1             16  net.minecraft.client.gui.font.FontManager$FontDefinitionFile$$Lambda$5321/0x0000000800dd66a0 (minecraft@1.20.1)
5977:             1             16  net.minecraft.client.gui.font.FontManager$FontDefinitionFile$$Lambda$5322/0x0000000800dd68e0 (minecraft@1.20.1)
5978:             1             16  net.minecraft.client.gui.font.FontManager$UnresolvedBuilderBundle$$Lambda$5430/0x0000000800dea460 (minecraft@1.20.1)
5979:             1             16  net.minecraft.client.gui.font.FontSet$$Lambda$4711/0x0000000800ca7148 (minecraft@1.20.1)
5980:             1             16  net.minecraft.client.gui.font.FontSet$$Lambda$4712/0x0000000800ca7560 (minecraft@1.20.1)
5981:             1             16  net.minecraft.client.gui.font.FontSet$$Lambda$4713/0x0000000800ca7b88 (minecraft@1.20.1)
5982:             1             16  net.minecraft.client.gui.font.FontSet$$Lambda$4714/0x0000000800cae000 (minecraft@1.20.1)
5983:             1             16  net.minecraft.client.gui.font.FontSet$$Lambda$5691/0x0000000800e35f48 (minecraft@1.20.1)
5984:             1             16  net.minecraft.client.gui.font.glyphs.SpecialGlyphs$$Lambda$4716/0x0000000800caeb40 (minecraft@1.20.1)
5985:             1             16  net.minecraft.client.gui.font.glyphs.SpecialGlyphs$$Lambda$4717/0x0000000800caef60 (minecraft@1.20.1)
5986:             1             16  net.minecraft.client.gui.font.glyphs.SpecialGlyphs$$Lambda$4718/0x0000000800caf180 (minecraft@1.20.1)
5987:             1             16  net.minecraft.client.gui.font.glyphs.SpecialGlyphs$$Lambda$4719/0x0000000800caf3a0 (minecraft@1.20.1)
5988:             1             16  net.minecraft.client.gui.font.providers.BitmapProvider$Definition$$Lambda$5239/0x0000000800dc6e88 (minecraft@1.20.1)
5989:             1             16  net.minecraft.client.gui.font.providers.BitmapProvider$Definition$$Lambda$5243/0x0000000800dc7310 (minecraft@1.20.1)
5990:             1             16  net.minecraft.client.gui.font.providers.BitmapProvider$Definition$$Lambda$5245/0x0000000800dc7788 (minecraft@1.20.1)
5991:             1             16  net.minecraft.client.gui.font.providers.BitmapProvider$Definition$$Lambda$5246/0x0000000800dc79c8 (minecraft@1.20.1)
5992:             1             16  net.minecraft.client.gui.font.providers.BitmapProvider$Definition$$Lambda$5248/0x0000000800dc2000 (minecraft@1.20.1)
5993:             1             16  net.minecraft.client.gui.font.providers.BitmapProvider$Definition$$Lambda$5250/0x0000000800dc2488 (minecraft@1.20.1)
5994:             1             16  net.minecraft.client.gui.font.providers.BitmapProvider$Definition$$Lambda$5251/0x0000000800dc26c8 (minecraft@1.20.1)
5995:             1             16  net.minecraft.client.gui.font.providers.BitmapProvider$Definition$$Lambda$5253/0x0000000800dc2b48 (minecraft@1.20.1)
5996:             1             16  net.minecraft.client.gui.font.providers.BitmapProvider$Definition$$Lambda$5277/0x0000000800dcaa80 (minecraft@1.20.1)
5997:             1             16  net.minecraft.client.gui.font.providers.BitmapProvider$Definition$$Lambda$5278/0x0000000800dcacd0 (minecraft@1.20.1)
5998:             1             16  net.minecraft.client.gui.font.providers.BitmapProvider$Definition$$Lambda$5395/0x0000000800de5bf0 (minecraft@1.20.1)
5999:             1             16  net.minecraft.client.gui.font.providers.BitmapProvider$Definition$$Lambda$5397/0x0000000800de6860 (minecraft@1.20.1)
6000:             1             16  net.minecraft.client.gui.font.providers.GlyphProviderDefinition$$Lambda$5319/0x0000000800dd6220 (minecraft@1.20.1)
6001:             1             16  net.minecraft.client.gui.font.providers.GlyphProviderDefinition$$Lambda$5320/0x0000000800dd6460 (minecraft@1.20.1)
6002:             1             16  net.minecraft.client.gui.font.providers.GlyphProviderType$$Lambda$5318/0x0000000800dd6000 (minecraft@1.20.1)
6003:             1             16  net.minecraft.client.gui.font.providers.ProviderReferenceDefinition$$Lambda$5315/0x0000000800dd36f8 (minecraft@1.20.1)
6004:             1             16  net.minecraft.client.gui.font.providers.ProviderReferenceDefinition$$Lambda$5316/0x0000000800dd3938 (minecraft@1.20.1)
6005:             1             16  net.minecraft.client.gui.font.providers.ProviderReferenceDefinition$$Lambda$5317/0x0000000800dd3b78 (minecraft@1.20.1)
6006:             1             16  net.minecraft.client.gui.font.providers.TrueTypeGlyphProviderDefinition$$Lambda$5279/0x0000000800dcb998 (minecraft@1.20.1)
6007:             1             16  net.minecraft.client.gui.font.providers.TrueTypeGlyphProviderDefinition$$Lambda$5280/0x0000000800dcbbd8 (minecraft@1.20.1)
6008:             1             16  net.minecraft.client.gui.font.providers.TrueTypeGlyphProviderDefinition$$Lambda$5281/0x0000000800dce000 (minecraft@1.20.1)
6009:             1             16  net.minecraft.client.gui.font.providers.TrueTypeGlyphProviderDefinition$$Lambda$5282/0x0000000800dce498 (minecraft@1.20.1)
6010:             1             16  net.minecraft.client.gui.font.providers.TrueTypeGlyphProviderDefinition$$Lambda$5283/0x0000000800dce6d8 (minecraft@1.20.1)
6011:             1             16  net.minecraft.client.gui.font.providers.TrueTypeGlyphProviderDefinition$$Lambda$5284/0x0000000800dce918 (minecraft@1.20.1)
6012:             1             16  net.minecraft.client.gui.font.providers.TrueTypeGlyphProviderDefinition$$Lambda$5287/0x0000000800dcf3e8 (minecraft@1.20.1)
6013:             1             16  net.minecraft.client.gui.font.providers.TrueTypeGlyphProviderDefinition$$Lambda$5288/0x0000000800dcf628 (minecraft@1.20.1)
6014:             1             16  net.minecraft.client.gui.font.providers.TrueTypeGlyphProviderDefinition$$Lambda$5289/0x0000000800dcf868 (minecraft@1.20.1)
6015:             1             16  net.minecraft.client.gui.font.providers.TrueTypeGlyphProviderDefinition$Shift$$Lambda$5285/0x0000000800dcef68 (minecraft@1.20.1)
6016:             1             16  net.minecraft.client.gui.font.providers.TrueTypeGlyphProviderDefinition$Shift$$Lambda$5286/0x0000000800dcf1a8 (minecraft@1.20.1)
6017:             1             16  net.minecraft.client.gui.font.providers.UnihexProvider (minecraft@1.20.1)
6018:             1             16  net.minecraft.client.gui.font.providers.UnihexProvider$Definition$$Lambda$5294/0x0000000800dd0000 (minecraft@1.20.1)
6019:             1             16  net.minecraft.client.gui.font.providers.UnihexProvider$Definition$$Lambda$5299/0x0000000800dd0240 (minecraft@1.20.1)
6020:             1             16  net.minecraft.client.gui.font.providers.UnihexProvider$Definition$$Lambda$5311/0x0000000800dd29a8 (minecraft@1.20.1)
6021:             1             16  net.minecraft.client.gui.font.providers.UnihexProvider$Definition$$Lambda$5312/0x0000000800dd2e08 (minecraft@1.20.1)
6022:             1             16  net.minecraft.client.gui.font.providers.UnihexProvider$Definition$$Lambda$5419/0x0000000800dede88 (minecraft@1.20.1)
6023:             1             16  net.minecraft.client.gui.font.providers.UnihexProvider$Definition$$Lambda$5420/0x0000000800dee2a0 (minecraft@1.20.1)
6024:             1             16  net.minecraft.client.gui.font.providers.UnihexProvider$Definition$$Lambda$5589/0x0000000800e17af8 (minecraft@1.20.1)
6025:             1             16  net.minecraft.client.gui.font.providers.UnihexProvider$Definition$$Lambda$5590/0x0000000800e15000 (minecraft@1.20.1)
6026:             1             16  net.minecraft.client.gui.font.providers.UnihexProvider$Dimensions$$Lambda$5304/0x0000000800dd15b8 (minecraft@1.20.1)
6027:             1             16  net.minecraft.client.gui.font.providers.UnihexProvider$Dimensions$$Lambda$5305/0x0000000800dd17f8 (minecraft@1.20.1)
6028:             1             16  net.minecraft.client.gui.font.providers.UnihexProvider$Dimensions$$Lambda$5306/0x0000000800dd1a38 (minecraft@1.20.1)
6029:             1             16  net.minecraft.client.gui.font.providers.UnihexProvider$Dimensions$$Lambda$5307/0x0000000800dd1c78 (minecraft@1.20.1)
6030:             1             16  net.minecraft.client.gui.font.providers.UnihexProvider$OverrideRange$$Lambda$5301/0x0000000800dd08b0 (minecraft@1.20.1)
6031:             1             16  net.minecraft.client.gui.font.providers.UnihexProvider$OverrideRange$$Lambda$5302/0x0000000800dd0af0 (minecraft@1.20.1)
6032:             1             16  net.minecraft.client.gui.font.providers.UnihexProvider$OverrideRange$$Lambda$5303/0x0000000800dd0d30 (minecraft@1.20.1)
6033:             1             16  net.minecraft.client.gui.font.providers.UnihexProvider$OverrideRange$$Lambda$5308/0x0000000800dd20f0 (minecraft@1.20.1)
6034:             1             16  net.minecraft.client.gui.font.providers.UnihexProvider$OverrideRange$$Lambda$5309/0x0000000800dd2528 (minecraft@1.20.1)
6035:             1             16  net.minecraft.client.gui.font.providers.UnihexProvider$OverrideRange$$Lambda$5310/0x0000000800dd2768 (minecraft@1.20.1)
6036:             1             16  net.minecraft.client.gui.narration.NarrationThunk$$Lambda$6047/0x0000000800ead410 (minecraft@1.20.1)
6037:             1             16  net.minecraft.client.gui.narration.NarrationThunk$$Lambda$6048/0x0000000800ead640 (minecraft@1.20.1)
6038:             1             16  net.minecraft.client.gui.narration.ScreenNarrationCollector$$Lambda$6017/0x0000000800e9f640 (minecraft@1.20.1)
6039:             1             16  net.minecraft.client.gui.narration.ScreenNarrationCollector$$Lambda$6018/0x0000000800e9f880 (minecraft@1.20.1)
6040:             1             16  net.minecraft.client.gui.narration.ScreenNarrationCollector$Output$$Lambda$6049/0x0000000800eada88 (minecraft@1.20.1)
6041:             1             16  net.minecraft.client.gui.screens.LoadingOverlay$$Lambda$5175/0x0000000800daa9e0 (minecraft@1.20.1)
6042:             1             16  net.minecraft.client.gui.screens.Screen$$Lambda$6019/0x0000000800e9fac0 (minecraft@1.20.1)
6043:             1             16  net.minecraft.client.gui.screens.Screen$$Lambda$6050/0x0000000800eadcc8 (minecraft@1.20.1)
6044:             1             16  net.minecraft.client.gui.screens.Screen$$Lambda$6051/0x0000000800eac800 (minecraft@1.20.1)
6045:             1             16  net.minecraft.client.gui.screens.worldselection.PresetEditor$$Lambda$5148/0x0000000800d9b448 (minecraft@1.20.1)
6046:             1             16  net.minecraft.client.gui.screens.worldselection.PresetEditor$$Lambda$5149/0x0000000800d9b668 (minecraft@1.20.1)
6047:             1             16  net.minecraft.client.main.Main$$Lambda$1316/0x00000008005c3010 (minecraft@1.20.1)
6048:             1             16  net.minecraft.client.model.AgeableHierarchicalModel$$Lambda$5904/0x0000000800e8e540 (minecraft@1.20.1)
6049:             1             16  net.minecraft.client.model.AgeableListModel$$Lambda$5871/0x0000000800e84488 (minecraft@1.20.1)
6050:             1             16  net.minecraft.client.model.AllayModel$$Lambda$5909/0x0000000800e8f250 (minecraft@1.20.1)
6051:             1             16  net.minecraft.client.model.BookModel$$Lambda$5727/0x0000000800e55c98 (minecraft@1.20.1)
6052:             1             16  net.minecraft.client.model.EntityModel$$Lambda$5892/0x0000000800e8c498 (minecraft@1.20.1)
6053:             1             16  net.minecraft.client.model.HierarchicalModel$$Lambda$5866/0x0000000800e83550 (minecraft@1.20.1)
6054:             1             16  net.minecraft.client.model.HumanoidModel$$Lambda$5872/0x0000000800e846c8 (minecraft@1.20.1)
6055:             1             16  net.minecraft.client.model.ListModel$$Lambda$5897/0x0000000800e8d408 (minecraft@1.20.1)
6056:             1             16  net.minecraft.client.model.PlayerModel$$Lambda$5889/0x0000000800e879e8 (minecraft@1.20.1)
6057:             1             16  net.minecraft.client.model.PlayerModel$$Lambda$5891/0x0000000800e8c000 (minecraft@1.20.1)
6058:             1             16  net.minecraft.client.model.ShieldModel$$Lambda$5737/0x0000000800e57d68 (minecraft@1.20.1)
6059:             1             16  net.minecraft.client.model.ShulkerModel$$Lambda$5730/0x0000000800e56d98 (minecraft@1.20.1)
6060:             1             16  net.minecraft.client.model.SkullModelBase$$Lambda$5729/0x0000000800e56b58 (minecraft@1.20.1)
6061:             1             16  net.minecraft.client.model.TridentModel$$Lambda$5738/0x0000000800e58000 (minecraft@1.20.1)
6062:             1             16  net.minecraft.client.model.VexModel$$Lambda$5912/0x0000000800e8a000 (minecraft@1.20.1)
6063:             1             16  net.minecraft.client.model.WardenModel$$Lambda$5873/0x0000000800e84d70 (minecraft@1.20.1)
6064:             1             16  net.minecraft.client.model.geom.EntityModelSet (minecraft@1.20.1)
6065:             1             16  net.minecraft.client.model.geom.ModelPart$$Lambda$5890/0x0000000800e87c28 (minecraft@1.20.1)
6066:             1             16  net.minecraft.client.model.geom.builders.PartDefinition$$Lambda$5722/0x0000000800e54530 (minecraft@1.20.1)
6067:             1             16  net.minecraft.client.model.geom.builders.PartDefinition$$Lambda$5724/0x0000000800e54bc0 (minecraft@1.20.1)
6068:             1             16  net.minecraft.client.model.geom.builders.PartDefinition$$Lambda$5725/0x0000000800e54e08 (minecraft@1.20.1)
6069:             1             16  net.minecraft.client.multiplayer.AccountProfileKeyPairManager$$Lambda$5171/0x0000000800da7b68 (minecraft@1.20.1)
6070:             1             16  net.minecraft.client.multiplayer.ProfileKeyPairManager$1 (minecraft@1.20.1)
6071:             1             16  net.minecraft.client.particle.AshParticle$Provider (minecraft@1.20.1)
6072:             1             16  net.minecraft.client.particle.AttackSweepParticle$Provider (minecraft@1.20.1)
6073:             1             16  net.minecraft.client.particle.BlockMarker$Provider (minecraft@1.20.1)
6074:             1             16  net.minecraft.client.particle.BreakingItemParticle$Provider (minecraft@1.20.1)
6075:             1             16  net.minecraft.client.particle.BreakingItemParticle$SlimeProvider (minecraft@1.20.1)
6076:             1             16  net.minecraft.client.particle.BreakingItemParticle$SnowballProvider (minecraft@1.20.1)
6077:             1             16  net.minecraft.client.particle.BubbleColumnUpParticle$Provider (minecraft@1.20.1)
6078:             1             16  net.minecraft.client.particle.BubbleParticle$Provider (minecraft@1.20.1)
6079:             1             16  net.minecraft.client.particle.BubblePopParticle$Provider (minecraft@1.20.1)
6080:             1             16  net.minecraft.client.particle.CampfireSmokeParticle$CosyProvider (minecraft@1.20.1)
6081:             1             16  net.minecraft.client.particle.CampfireSmokeParticle$SignalProvider (minecraft@1.20.1)
6082:             1             16  net.minecraft.client.particle.CritParticle$DamageIndicatorProvider (minecraft@1.20.1)
6083:             1             16  net.minecraft.client.particle.CritParticle$MagicProvider (minecraft@1.20.1)
6084:             1             16  net.minecraft.client.particle.CritParticle$Provider (minecraft@1.20.1)
6085:             1             16  net.minecraft.client.particle.DragonBreathParticle$Provider (minecraft@1.20.1)
6086:             1             16  net.minecraft.client.particle.DustColorTransitionParticle$Provider (minecraft@1.20.1)
6087:             1             16  net.minecraft.client.particle.DustParticle$Provider (minecraft@1.20.1)
6088:             1             16  net.minecraft.client.particle.EnchantmentTableParticle$NautilusProvider (minecraft@1.20.1)
6089:             1             16  net.minecraft.client.particle.EnchantmentTableParticle$Provider (minecraft@1.20.1)
6090:             1             16  net.minecraft.client.particle.EndRodParticle$Provider (minecraft@1.20.1)
6091:             1             16  net.minecraft.client.particle.ExplodeParticle$Provider (minecraft@1.20.1)
6092:             1             16  net.minecraft.client.particle.FallingDustParticle$Provider (minecraft@1.20.1)
6093:             1             16  net.minecraft.client.particle.FireworkParticles$FlashProvider (minecraft@1.20.1)
6094:             1             16  net.minecraft.client.particle.FireworkParticles$SparkProvider (minecraft@1.20.1)
6095:             1             16  net.minecraft.client.particle.FlameParticle$SmallFlameProvider (minecraft@1.20.1)
6096:             1             16  net.minecraft.client.particle.GlowParticle$GlowSquidProvider (minecraft@1.20.1)
6097:             1             16  net.minecraft.client.particle.HeartParticle$AngryVillagerProvider (minecraft@1.20.1)
6098:             1             16  net.minecraft.client.particle.HeartParticle$Provider (minecraft@1.20.1)
6099:             1             16  net.minecraft.client.particle.HugeExplosionParticle$Provider (minecraft@1.20.1)
6100:             1             16  net.minecraft.client.particle.HugeExplosionSeedParticle$Provider (minecraft@1.20.1)
6101:             1             16  net.minecraft.client.particle.LargeSmokeParticle$Provider (minecraft@1.20.1)
6102:             1             16  net.minecraft.client.particle.LavaParticle$Provider (minecraft@1.20.1)
6103:             1             16  net.minecraft.client.particle.MobAppearanceParticle$Provider (minecraft@1.20.1)
6104:             1             16  net.minecraft.client.particle.NoteParticle$Provider (minecraft@1.20.1)
6105:             1             16  net.minecraft.client.particle.ParticleDescription$$Lambda$5519/0x0000000800e02c18 (minecraft@1.20.1)
6106:             1             16  net.minecraft.client.particle.ParticleDescription$$Lambda$5520/0x0000000800e02e58 (minecraft@1.20.1)
6107:             1             16  net.minecraft.client.particle.ParticleEngine$$Lambda$5002/0x0000000800d5ab10 (minecraft@1.20.1)
6108:             1             16  net.minecraft.client.particle.ParticleEngine$$Lambda$5003/0x0000000800d5b4b8 (minecraft@1.20.1)
6109:             1             16  net.minecraft.client.particle.ParticleEngine$$Lambda$5004/0x0000000800d5c380 (minecraft@1.20.1)
6110:             1             16  net.minecraft.client.particle.ParticleEngine$$Lambda$5005/0x0000000800d5cae0 (minecraft@1.20.1)
6111:             1             16  net.minecraft.client.particle.ParticleEngine$$Lambda$5006/0x0000000800d5d240 (minecraft@1.20.1)
6112:             1             16  net.minecraft.client.particle.ParticleEngine$$Lambda$5007/0x0000000800d5d9a0 (minecraft@1.20.1)
6113:             1             16  net.minecraft.client.particle.ParticleEngine$$Lambda$5008/0x0000000800d5ddf8 (minecraft@1.20.1)
6114:             1             16  net.minecraft.client.particle.ParticleEngine$$Lambda$5009/0x0000000800d5e558 (minecraft@1.20.1)
6115:             1             16  net.minecraft.client.particle.ParticleEngine$$Lambda$5010/0x0000000800d5ecb8 (minecraft@1.20.1)
6116:             1             16  net.minecraft.client.particle.ParticleEngine$$Lambda$5011/0x0000000800d5f418 (minecraft@1.20.1)
6117:             1             16  net.minecraft.client.particle.ParticleEngine$$Lambda$5012/0x0000000800d5fb78 (minecraft@1.20.1)
6118:             1             16  net.minecraft.client.particle.ParticleEngine$$Lambda$5013/0x0000000800d60000 (minecraft@1.20.1)
6119:             1             16  net.minecraft.client.particle.ParticleEngine$$Lambda$5014/0x0000000800d60760 (minecraft@1.20.1)
6120:             1             16  net.minecraft.client.particle.ParticleEngine$$Lambda$5015/0x0000000800d60bb8 (minecraft@1.20.1)
6121:             1             16  net.minecraft.client.particle.ParticleEngine$$Lambda$5016/0x0000000800d628d8 (minecraft@1.20.1)
6122:             1             16  net.minecraft.client.particle.ParticleEngine$$Lambda$5019/0x0000000800d62f48 (minecraft@1.20.1)
6123:             1             16  net.minecraft.client.particle.ParticleEngine$$Lambda$5020/0x0000000800d63168 (minecraft@1.20.1)
6124:             1             16  net.minecraft.client.particle.ParticleEngine$$Lambda$5021/0x0000000800d63388 (minecraft@1.20.1)
6125:             1             16  net.minecraft.client.particle.ParticleEngine$$Lambda$5022/0x0000000800d635a8 (minecraft@1.20.1)
6126:             1             16  net.minecraft.client.particle.ParticleEngine$$Lambda$5023/0x0000000800d63d10 (minecraft@1.20.1)
6127:             1             16  net.minecraft.client.particle.ParticleEngine$$Lambda$5024/0x0000000800d66858 (minecraft@1.20.1)
6128:             1             16  net.minecraft.client.particle.ParticleEngine$$Lambda$5025/0x0000000800d66cb0 (minecraft@1.20.1)
6129:             1             16  net.minecraft.client.particle.ParticleEngine$$Lambda$5026/0x0000000800d675f8 (minecraft@1.20.1)
6130:             1             16  net.minecraft.client.particle.ParticleEngine$$Lambda$5027/0x0000000800d67d58 (minecraft@1.20.1)
6131:             1             16  net.minecraft.client.particle.ParticleEngine$$Lambda$5028/0x0000000800d65878 (minecraft@1.20.1)
6132:             1             16  net.minecraft.client.particle.ParticleEngine$$Lambda$5029/0x0000000800d65cd0 (minecraft@1.20.1)
6133:             1             16  net.minecraft.client.particle.ParticleEngine$$Lambda$5030/0x0000000800d68ac0 (minecraft@1.20.1)
6134:             1             16  net.minecraft.client.particle.ParticleEngine$$Lambda$5031/0x0000000800d69220 (minecraft@1.20.1)
6135:             1             16  net.minecraft.client.particle.ParticleEngine$$Lambda$5032/0x0000000800d69988 (minecraft@1.20.1)
6136:             1             16  net.minecraft.client.particle.ParticleEngine$$Lambda$5033/0x0000000800d6a118 (minecraft@1.20.1)
6137:             1             16  net.minecraft.client.particle.ParticleEngine$$Lambda$5034/0x0000000800d6a878 (minecraft@1.20.1)
6138:             1             16  net.minecraft.client.particle.ParticleEngine$$Lambda$5035/0x0000000800d6b2e0 (minecraft@1.20.1)
6139:             1             16  net.minecraft.client.particle.ParticleEngine$$Lambda$5036/0x0000000800d6ba40 (minecraft@1.20.1)
6140:             1             16  net.minecraft.client.particle.ParticleEngine$$Lambda$5037/0x0000000800d6c190 (minecraft@1.20.1)
6141:             1             16  net.minecraft.client.particle.ParticleEngine$$Lambda$5038/0x0000000800d6c8e0 (minecraft@1.20.1)
6142:             1             16  net.minecraft.client.particle.ParticleEngine$$Lambda$5039/0x0000000800d6cd38 (minecraft@1.20.1)
6143:             1             16  net.minecraft.client.particle.ParticleEngine$$Lambda$5040/0x0000000800d6cf58 (minecraft@1.20.1)
6144:             1             16  net.minecraft.client.particle.ParticleEngine$$Lambda$5041/0x0000000800d6d6b8 (minecraft@1.20.1)
6145:             1             16  net.minecraft.client.particle.ParticleEngine$$Lambda$5042/0x0000000800d6db10 (minecraft@1.20.1)
6146:             1             16  net.minecraft.client.particle.ParticleEngine$$Lambda$5043/0x0000000800d6df68 (minecraft@1.20.1)
6147:             1             16  net.minecraft.client.particle.ParticleEngine$$Lambda$5044/0x0000000800d6e3c0 (minecraft@1.20.1)
6148:             1             16  net.minecraft.client.particle.ParticleEngine$$Lambda$5045/0x0000000800d6fac8 (minecraft@1.20.1)
6149:             1             16  net.minecraft.client.particle.ParticleEngine$$Lambda$5046/0x0000000800d70308 (minecraft@1.20.1)
6150:             1             16  net.minecraft.client.particle.ParticleEngine$$Lambda$5047/0x0000000800d70760 (minecraft@1.20.1)
6151:             1             16  net.minecraft.client.particle.ParticleEngine$$Lambda$5048/0x0000000800d70bb8 (minecraft@1.20.1)
6152:             1             16  net.minecraft.client.particle.ParticleEngine$$Lambda$5049/0x0000000800d71318 (minecraft@1.20.1)
6153:             1             16  net.minecraft.client.particle.ParticleEngine$$Lambda$5050/0x0000000800d71a78 (minecraft@1.20.1)
6154:             1             16  net.minecraft.client.particle.ParticleEngine$$Lambda$5051/0x0000000800d721d8 (minecraft@1.20.1)
6155:             1             16  net.minecraft.client.particle.ParticleEngine$$Lambda$5052/0x0000000800d72938 (minecraft@1.20.1)
6156:             1             16  net.minecraft.client.particle.ParticleEngine$$Lambda$5053/0x0000000800d72d90 (minecraft@1.20.1)
6157:             1             16  net.minecraft.client.particle.ParticleEngine$$Lambda$5054/0x0000000800d731e8 (minecraft@1.20.1)
6158:             1             16  net.minecraft.client.particle.ParticleEngine$$Lambda$5055/0x0000000800d73948 (minecraft@1.20.1)
6159:             1             16  net.minecraft.client.particle.ParticleEngine$$Lambda$5056/0x0000000800d740a8 (minecraft@1.20.1)
6160:             1             16  net.minecraft.client.particle.ParticleEngine$$Lambda$5057/0x0000000800d74808 (minecraft@1.20.1)
6161:             1             16  net.minecraft.client.particle.ParticleEngine$$Lambda$5058/0x0000000800d74f80 (minecraft@1.20.1)
6162:             1             16  net.minecraft.client.particle.ParticleEngine$$Lambda$5059/0x0000000800d756f8 (minecraft@1.20.1)
6163:             1             16  net.minecraft.client.particle.ParticleEngine$$Lambda$5060/0x0000000800d75e58 (minecraft@1.20.1)
6164:             1             16  net.minecraft.client.particle.ParticleEngine$$Lambda$5061/0x0000000800d765b8 (minecraft@1.20.1)
6165:             1             16  net.minecraft.client.particle.ParticleEngine$$Lambda$5062/0x0000000800d76a10 (minecraft@1.20.1)
6166:             1             16  net.minecraft.client.particle.ParticleEngine$$Lambda$5063/0x0000000800d76c30 (minecraft@1.20.1)
6167:             1             16  net.minecraft.client.particle.ParticleEngine$$Lambda$5064/0x0000000800d76e50 (minecraft@1.20.1)
6168:             1             16  net.minecraft.client.particle.ParticleEngine$$Lambda$5065/0x0000000800d77070 (minecraft@1.20.1)
6169:             1             16  net.minecraft.client.particle.ParticleEngine$$Lambda$5066/0x0000000800d77290 (minecraft@1.20.1)
6170:             1             16  net.minecraft.client.particle.ParticleEngine$$Lambda$5067/0x0000000800d774b0 (minecraft@1.20.1)
6171:             1             16  net.minecraft.client.particle.ParticleEngine$$Lambda$5068/0x0000000800d77c10 (minecraft@1.20.1)
6172:             1             16  net.minecraft.client.particle.ParticleEngine$$Lambda$5069/0x0000000800d78540 (minecraft@1.20.1)
6173:             1             16  net.minecraft.client.particle.ParticleEngine$$Lambda$5070/0x0000000800d78998 (minecraft@1.20.1)
6174:             1             16  net.minecraft.client.particle.ParticleEngine$$Lambda$5071/0x0000000800d78df0 (minecraft@1.20.1)
6175:             1             16  net.minecraft.client.particle.ParticleEngine$$Lambda$5072/0x0000000800d79010 (minecraft@1.20.1)
6176:             1             16  net.minecraft.client.particle.ParticleEngine$$Lambda$5073/0x0000000800d79230 (minecraft@1.20.1)
6177:             1             16  net.minecraft.client.particle.ParticleEngine$$Lambda$5074/0x0000000800d79450 (minecraft@1.20.1)
6178:             1             16  net.minecraft.client.particle.ParticleEngine$$Lambda$5075/0x0000000800d79bb0 (minecraft@1.20.1)
6179:             1             16  net.minecraft.client.particle.ParticleEngine$$Lambda$5076/0x0000000800d7a310 (minecraft@1.20.1)
6180:             1             16  net.minecraft.client.particle.ParticleEngine$$Lambda$5077/0x0000000800d7a768 (minecraft@1.20.1)
6181:             1             16  net.minecraft.client.particle.ParticleEngine$$Lambda$5078/0x0000000800d7a988 (minecraft@1.20.1)
6182:             1             16  net.minecraft.client.particle.ParticleEngine$$Lambda$5079/0x0000000800d7aba8 (minecraft@1.20.1)
6183:             1             16  net.minecraft.client.particle.ParticleEngine$$Lambda$5080/0x0000000800d7adc8 (minecraft@1.20.1)
6184:             1             16  net.minecraft.client.particle.ParticleEngine$$Lambda$5081/0x0000000800d7afe8 (minecraft@1.20.1)
6185:             1             16  net.minecraft.client.particle.ParticleEngine$$Lambda$5082/0x0000000800d7b210 (minecraft@1.20.1)
6186:             1             16  net.minecraft.client.particle.ParticleEngine$$Lambda$5083/0x0000000800d7b430 (minecraft@1.20.1)
6187:             1             16  net.minecraft.client.particle.ParticleEngine$$Lambda$5084/0x0000000800d7bb98 (minecraft@1.20.1)
6188:             1             16  net.minecraft.client.particle.ParticleEngine$$Lambda$5085/0x0000000800d7e000 (minecraft@1.20.1)
6189:             1             16  net.minecraft.client.particle.ParticleEngine$$Lambda$5086/0x0000000800d7e760 (minecraft@1.20.1)
6190:             1             16  net.minecraft.client.particle.ParticleEngine$$Lambda$5087/0x0000000800d7ebb8 (minecraft@1.20.1)
6191:             1             16  net.minecraft.client.particle.ParticleEngine$$Lambda$5088/0x0000000800d7f010 (minecraft@1.20.1)
6192:             1             16  net.minecraft.client.particle.ParticleEngine$$Lambda$5089/0x0000000800d7f468 (minecraft@1.20.1)
6193:             1             16  net.minecraft.client.particle.ParticleEngine$$Lambda$5090/0x0000000800d7f8c0 (minecraft@1.20.1)
6194:             1             16  net.minecraft.client.particle.ParticleEngine$$Lambda$5091/0x0000000800d7fd18 (minecraft@1.20.1)
6195:             1             16  net.minecraft.client.particle.ParticleEngine$$Lambda$5092/0x0000000800d7d540 (minecraft@1.20.1)
6196:             1             16  net.minecraft.client.particle.ParticleEngine$$Lambda$5252/0x0000000800dc2908 (minecraft@1.20.1)
6197:             1             16  net.minecraft.client.particle.ParticleRenderType$1 (minecraft@1.20.1)
6198:             1             16  net.minecraft.client.particle.ParticleRenderType$2 (minecraft@1.20.1)
6199:             1             16  net.minecraft.client.particle.ParticleRenderType$3 (minecraft@1.20.1)
6200:             1             16  net.minecraft.client.particle.ParticleRenderType$4 (minecraft@1.20.1)
6201:             1             16  net.minecraft.client.particle.ParticleRenderType$5 (minecraft@1.20.1)
6202:             1             16  net.minecraft.client.particle.ParticleRenderType$6 (minecraft@1.20.1)
6203:             1             16  net.minecraft.client.particle.PlayerCloudParticle$Provider (minecraft@1.20.1)
6204:             1             16  net.minecraft.client.particle.PlayerCloudParticle$SneezeProvider (minecraft@1.20.1)
6205:             1             16  net.minecraft.client.particle.PortalParticle$Provider (minecraft@1.20.1)
6206:             1             16  net.minecraft.client.particle.ReversePortalParticle$ReversePortalProvider (minecraft@1.20.1)
6207:             1             16  net.minecraft.client.particle.SculkChargeParticle$Provider (minecraft@1.20.1)
6208:             1             16  net.minecraft.client.particle.SculkChargePopParticle$Provider (minecraft@1.20.1)
6209:             1             16  net.minecraft.client.particle.ShriekParticle$Provider (minecraft@1.20.1)
6210:             1             16  net.minecraft.client.particle.SmokeParticle$Provider (minecraft@1.20.1)
6211:             1             16  net.minecraft.client.particle.SnowflakeParticle$Provider (minecraft@1.20.1)
6212:             1             16  net.minecraft.client.particle.SonicBoomParticle$Provider (minecraft@1.20.1)
6213:             1             16  net.minecraft.client.particle.SoulParticle$EmissiveProvider (minecraft@1.20.1)
6214:             1             16  net.minecraft.client.particle.SoulParticle$Provider (minecraft@1.20.1)
6215:             1             16  net.minecraft.client.particle.SpellParticle$AmbientMobProvider (minecraft@1.20.1)
6216:             1             16  net.minecraft.client.particle.SpellParticle$InstantProvider (minecraft@1.20.1)
6217:             1             16  net.minecraft.client.particle.SpellParticle$MobProvider (minecraft@1.20.1)
6218:             1             16  net.minecraft.client.particle.SpellParticle$Provider (minecraft@1.20.1)
6219:             1             16  net.minecraft.client.particle.SpellParticle$WitchProvider (minecraft@1.20.1)
6220:             1             16  net.minecraft.client.particle.SpitParticle$Provider (minecraft@1.20.1)
6221:             1             16  net.minecraft.client.particle.SplashParticle$Provider (minecraft@1.20.1)
6222:             1             16  net.minecraft.client.particle.SquidInkParticle$GlowInkProvider (minecraft@1.20.1)
6223:             1             16  net.minecraft.client.particle.SquidInkParticle$Provider (minecraft@1.20.1)
6224:             1             16  net.minecraft.client.particle.SuspendedParticle$CrimsonSporeProvider (minecraft@1.20.1)
6225:             1             16  net.minecraft.client.particle.SuspendedParticle$SporeBlossomAirProvider (minecraft@1.20.1)
6226:             1             16  net.minecraft.client.particle.SuspendedParticle$UnderwaterProvider (minecraft@1.20.1)
6227:             1             16  net.minecraft.client.particle.SuspendedParticle$WarpedSporeProvider (minecraft@1.20.1)
6228:             1             16  net.minecraft.client.particle.SuspendedTownParticle$ComposterFillProvider (minecraft@1.20.1)
6229:             1             16  net.minecraft.client.particle.SuspendedTownParticle$DolphinSpeedProvider (minecraft@1.20.1)
6230:             1             16  net.minecraft.client.particle.SuspendedTownParticle$EggCrackProvider (minecraft@1.20.1)
6231:             1             16  net.minecraft.client.particle.SuspendedTownParticle$HappyVillagerProvider (minecraft@1.20.1)
6232:             1             16  net.minecraft.client.particle.SuspendedTownParticle$Provider (minecraft@1.20.1)
6233:             1             16  net.minecraft.client.particle.TerrainParticle$Provider (minecraft@1.20.1)
6234:             1             16  net.minecraft.client.particle.TotemParticle$Provider (minecraft@1.20.1)
6235:             1             16  net.minecraft.client.particle.VibrationSignalParticle$Provider (minecraft@1.20.1)
6236:             1             16  net.minecraft.client.particle.WakeParticle$Provider (minecraft@1.20.1)
6237:             1             16  net.minecraft.client.particle.WaterCurrentDownParticle$Provider (minecraft@1.20.1)
6238:             1             16  net.minecraft.client.particle.WaterDropParticle$Provider (minecraft@1.20.1)
6239:             1             16  net.minecraft.client.particle.WhiteAshParticle$Provider (minecraft@1.20.1)
6240:             1             16  net.minecraft.client.renderer.BlockEntityWithoutLevelRenderer$$Lambda$4976/0x0000000800d31a30 (minecraft@1.20.1)
6241:             1             16  net.minecraft.client.renderer.BlockEntityWithoutLevelRenderer$$Lambda$4977/0x0000000800d31c50 (minecraft@1.20.1)
6242:             1             16  net.minecraft.client.renderer.BlockEntityWithoutLevelRenderer$$Lambda$4978/0x0000000800d33e10 (minecraft@1.20.1)
6243:             1             16  net.minecraft.client.renderer.ChunkBufferBuilderPack (minecraft@1.20.1)
6244:             1             16  net.minecraft.client.renderer.ChunkBufferBuilderPack$$Lambda$4983/0x0000000800d46a00 (minecraft@1.20.1)
6245:             1             16  net.minecraft.client.renderer.ChunkBufferBuilderPack$$Lambda$4984/0x0000000800d46c40 (minecraft@1.20.1)
6246:             1             16  net.minecraft.client.renderer.CubeMap (minecraft@1.20.1)
6247:             1             16  net.minecraft.client.renderer.DimensionSpecialEffects$$Lambda$5146/0x0000000800d9dab8 (minecraft@1.20.1)
6248:             1             16  net.minecraft.client.renderer.FaceInfo$$Lambda$5633/0x0000000800e24ca8 (minecraft@1.20.1)
6249:             1             16  net.minecraft.client.renderer.FogRenderer$BlindnessFogFunction (minecraft@1.20.1)
6250:             1             16  net.minecraft.client.renderer.FogRenderer$DarknessFogFunction (minecraft@1.20.1)
6251:             1             16  net.minecraft.client.renderer.GameRenderer$$Lambda$5914/0x0000000800e8b9a8 (minecraft@1.20.1)
6252:             1             16  net.minecraft.client.renderer.GameRenderer$$Lambda$5915/0x0000000800e8bbd8 (minecraft@1.20.1)
6253:             1             16  net.minecraft.client.renderer.GameRenderer$$Lambda$5916/0x0000000800e89000 (minecraft@1.20.1)
6254:             1             16  net.minecraft.client.renderer.GameRenderer$$Lambda$5917/0x0000000800e89230 (minecraft@1.20.1)
6255:             1             16  net.minecraft.client.renderer.GameRenderer$$Lambda$5918/0x0000000800e89460 (minecraft@1.20.1)
6256:             1             16  net.minecraft.client.renderer.GameRenderer$$Lambda$5919/0x0000000800e89690 (minecraft@1.20.1)
6257:             1             16  net.minecraft.client.renderer.GameRenderer$$Lambda$5920/0x0000000800e898c0 (minecraft@1.20.1)
6258:             1             16  net.minecraft.client.renderer.GameRenderer$$Lambda$5921/0x0000000800e89af0 (minecraft@1.20.1)
6259:             1             16  net.minecraft.client.renderer.GameRenderer$$Lambda$5922/0x0000000800e89d20 (minecraft@1.20.1)
6260:             1             16  net.minecraft.client.renderer.GameRenderer$$Lambda$5923/0x0000000800e88800 (minecraft@1.20.1)
6261:             1             16  net.minecraft.client.renderer.GameRenderer$$Lambda$5924/0x0000000800e88a30 (minecraft@1.20.1)
6262:             1             16  net.minecraft.client.renderer.GameRenderer$$Lambda$5925/0x0000000800e88c60 (minecraft@1.20.1)
6263:             1             16  net.minecraft.client.renderer.GameRenderer$$Lambda$5926/0x0000000800e88400 (minecraft@1.20.1)
6264:             1             16  net.minecraft.client.renderer.GameRenderer$$Lambda$5927/0x0000000800e90000 (minecraft@1.20.1)
6265:             1             16  net.minecraft.client.renderer.GameRenderer$$Lambda$5928/0x0000000800e90230 (minecraft@1.20.1)
6266:             1             16  net.minecraft.client.renderer.GameRenderer$$Lambda$5929/0x0000000800e90460 (minecraft@1.20.1)
6267:             1             16  net.minecraft.client.renderer.GameRenderer$$Lambda$5930/0x0000000800e90690 (minecraft@1.20.1)
6268:             1             16  net.minecraft.client.renderer.GameRenderer$$Lambda$5931/0x0000000800e908c0 (minecraft@1.20.1)
6269:             1             16  net.minecraft.client.renderer.GameRenderer$$Lambda$5932/0x0000000800e90af0 (minecraft@1.20.1)
6270:             1             16  net.minecraft.client.renderer.GameRenderer$$Lambda$5933/0x0000000800e90d20 (minecraft@1.20.1)
6271:             1             16  net.minecraft.client.renderer.GameRenderer$$Lambda$5934/0x0000000800e90f50 (minecraft@1.20.1)
6272:             1             16  net.minecraft.client.renderer.GameRenderer$$Lambda$5935/0x0000000800e91180 (minecraft@1.20.1)
6273:             1             16  net.minecraft.client.renderer.GameRenderer$$Lambda$5936/0x0000000800e913b0 (minecraft@1.20.1)
6274:             1             16  net.minecraft.client.renderer.GameRenderer$$Lambda$5937/0x0000000800e915e0 (minecraft@1.20.1)
6275:             1             16  net.minecraft.client.renderer.GameRenderer$$Lambda$5938/0x0000000800e91810 (minecraft@1.20.1)
6276:             1             16  net.minecraft.client.renderer.GameRenderer$$Lambda$5939/0x0000000800e91a40 (minecraft@1.20.1)
6277:             1             16  net.minecraft.client.renderer.GameRenderer$$Lambda$5940/0x0000000800e91c70 (minecraft@1.20.1)
6278:             1             16  net.minecraft.client.renderer.GameRenderer$$Lambda$5941/0x0000000800e91ea0 (minecraft@1.20.1)
6279:             1             16  net.minecraft.client.renderer.GameRenderer$$Lambda$5942/0x0000000800e920d0 (minecraft@1.20.1)
6280:             1             16  net.minecraft.client.renderer.GameRenderer$$Lambda$5943/0x0000000800e92300 (minecraft@1.20.1)
6281:             1             16  net.minecraft.client.renderer.GameRenderer$$Lambda$5944/0x0000000800e92530 (minecraft@1.20.1)
6282:             1             16  net.minecraft.client.renderer.GameRenderer$$Lambda$5945/0x0000000800e92760 (minecraft@1.20.1)
6283:             1             16  net.minecraft.client.renderer.GameRenderer$$Lambda$5946/0x0000000800e92990 (minecraft@1.20.1)
6284:             1             16  net.minecraft.client.renderer.GameRenderer$$Lambda$5947/0x0000000800e92bc0 (minecraft@1.20.1)
6285:             1             16  net.minecraft.client.renderer.GameRenderer$$Lambda$5948/0x0000000800e92df0 (minecraft@1.20.1)
6286:             1             16  net.minecraft.client.renderer.GameRenderer$$Lambda$5949/0x0000000800e93020 (minecraft@1.20.1)
6287:             1             16  net.minecraft.client.renderer.GameRenderer$$Lambda$5950/0x0000000800e93250 (minecraft@1.20.1)
6288:             1             16  net.minecraft.client.renderer.GameRenderer$$Lambda$5951/0x0000000800e93480 (minecraft@1.20.1)
6289:             1             16  net.minecraft.client.renderer.GameRenderer$$Lambda$5952/0x0000000800e936b0 (minecraft@1.20.1)
6290:             1             16  net.minecraft.client.renderer.GameRenderer$$Lambda$5953/0x0000000800e938e0 (minecraft@1.20.1)
6291:             1             16  net.minecraft.client.renderer.GameRenderer$$Lambda$5954/0x0000000800e93b10 (minecraft@1.20.1)
6292:             1             16  net.minecraft.client.renderer.GameRenderer$$Lambda$5955/0x0000000800e93d40 (minecraft@1.20.1)
6293:             1             16  net.minecraft.client.renderer.GameRenderer$$Lambda$5956/0x0000000800e93f70 (minecraft@1.20.1)
6294:             1             16  net.minecraft.client.renderer.GameRenderer$$Lambda$5957/0x0000000800e941a0 (minecraft@1.20.1)
6295:             1             16  net.minecraft.client.renderer.GameRenderer$$Lambda$5958/0x0000000800e943d0 (minecraft@1.20.1)
6296:             1             16  net.minecraft.client.renderer.GameRenderer$$Lambda$5959/0x0000000800e94600 (minecraft@1.20.1)
6297:             1             16  net.minecraft.client.renderer.GameRenderer$$Lambda$5960/0x0000000800e94830 (minecraft@1.20.1)
6298:             1             16  net.minecraft.client.renderer.GameRenderer$$Lambda$5961/0x0000000800e94a60 (minecraft@1.20.1)
6299:             1             16  net.minecraft.client.renderer.GameRenderer$$Lambda$5962/0x0000000800e94c90 (minecraft@1.20.1)
6300:             1             16  net.minecraft.client.renderer.GameRenderer$$Lambda$5963/0x0000000800e94ec0 (minecraft@1.20.1)
6301:             1             16  net.minecraft.client.renderer.GameRenderer$$Lambda$5964/0x0000000800e950f0 (minecraft@1.20.1)
6302:             1             16  net.minecraft.client.renderer.GameRenderer$$Lambda$5965/0x0000000800e95320 (minecraft@1.20.1)
6303:             1             16  net.minecraft.client.renderer.GameRenderer$$Lambda$5966/0x0000000800e95550 (minecraft@1.20.1)
6304:             1             16  net.minecraft.client.renderer.GameRenderer$$Lambda$5967/0x0000000800e95780 (minecraft@1.20.1)
6305:             1             16  net.minecraft.client.renderer.GameRenderer$$Lambda$5968/0x0000000800e959b0 (minecraft@1.20.1)
6306:             1             16  net.minecraft.client.renderer.GameRenderer$$Lambda$5969/0x0000000800e95be0 (minecraft@1.20.1)
6307:             1             16  net.minecraft.client.renderer.GameRenderer$$Lambda$5970/0x0000000800e95e10 (minecraft@1.20.1)
6308:             1             16  net.minecraft.client.renderer.GameRenderer$$Lambda$5971/0x0000000800e96040 (minecraft@1.20.1)
6309:             1             16  net.minecraft.client.renderer.GameRenderer$$Lambda$5972/0x0000000800e96270 (minecraft@1.20.1)
6310:             1             16  net.minecraft.client.renderer.GameRenderer$$Lambda$5973/0x0000000800e964a0 (minecraft@1.20.1)
6311:             1             16  net.minecraft.client.renderer.GameRenderer$$Lambda$5974/0x0000000800e966d0 (minecraft@1.20.1)
6312:             1             16  net.minecraft.client.renderer.GameRenderer$1 (minecraft@1.20.1)
6313:             1             16  net.minecraft.client.renderer.GameRenderer$1$$Lambda$5510/0x0000000800e011e0 (minecraft@1.20.1)
6314:             1             16  net.minecraft.client.renderer.LevelRenderer$$Lambda$4997/0x0000000800d56410 (minecraft@1.20.1)
6315:             1             16  net.minecraft.client.renderer.LevelRenderer$$Lambda$4999/0x0000000800d579f8 (minecraft@1.20.1)
6316:             1             16  net.minecraft.client.renderer.RenderStateShard$$Lambda$4722/0x0000000800cb0000 (minecraft@1.20.1)
6317:             1             16  net.minecraft.client.renderer.RenderStateShard$$Lambda$4723/0x0000000800cb0220 (minecraft@1.20.1)
6318:             1             16  net.minecraft.client.renderer.RenderStateShard$$Lambda$4724/0x0000000800cb0440 (minecraft@1.20.1)
6319:             1             16  net.minecraft.client.renderer.RenderStateShard$$Lambda$4725/0x0000000800cb0660 (minecraft@1.20.1)
6320:             1             16  net.minecraft.client.renderer.RenderStateShard$$Lambda$4726/0x0000000800cb0880 (minecraft@1.20.1)
6321:             1             16  net.minecraft.client.renderer.RenderStateShard$$Lambda$4727/0x0000000800cb0aa0 (minecraft@1.20.1)
6322:             1             16  net.minecraft.client.renderer.RenderStateShard$$Lambda$4728/0x0000000800cb0cc0 (minecraft@1.20.1)
6323:             1             16  net.minecraft.client.renderer.RenderStateShard$$Lambda$4729/0x0000000800cb0ee0 (minecraft@1.20.1)
6324:             1             16  net.minecraft.client.renderer.RenderStateShard$$Lambda$4730/0x0000000800cb1100 (minecraft@1.20.1)
6325:             1             16  net.minecraft.client.renderer.RenderStateShard$$Lambda$4731/0x0000000800cb1320 (minecraft@1.20.1)
6326:             1             16  net.minecraft.client.renderer.RenderStateShard$$Lambda$4732/0x0000000800cb1540 (minecraft@1.20.1)
6327:             1             16  net.minecraft.client.renderer.RenderStateShard$$Lambda$4733/0x0000000800cb1760 (minecraft@1.20.1)
6328:             1             16  net.minecraft.client.renderer.RenderStateShard$$Lambda$4736/0x0000000800cb2a40 (minecraft@1.20.1)
6329:             1             16  net.minecraft.client.renderer.RenderStateShard$$Lambda$4739/0x0000000800cb30a8 (minecraft@1.20.1)
6330:             1             16  net.minecraft.client.renderer.RenderStateShard$$Lambda$4740/0x0000000800cb32c8 (minecraft@1.20.1)
6331:             1             16  net.minecraft.client.renderer.RenderStateShard$$Lambda$4741/0x0000000800cb34e8 (minecraft@1.20.1)
6332:             1             16  net.minecraft.client.renderer.RenderStateShard$$Lambda$4742/0x0000000800cb3708 (minecraft@1.20.1)
6333:             1             16  net.minecraft.client.renderer.RenderStateShard$$Lambda$4743/0x0000000800cb3928 (minecraft@1.20.1)
6334:             1             16  net.minecraft.client.renderer.RenderStateShard$$Lambda$4744/0x0000000800cb3b48 (minecraft@1.20.1)
6335:             1             16  net.minecraft.client.renderer.RenderStateShard$$Lambda$4745/0x0000000800cb3d68 (minecraft@1.20.1)
6336:             1             16  net.minecraft.client.renderer.RenderStateShard$$Lambda$4746/0x0000000800cb3f88 (minecraft@1.20.1)
6337:             1             16  net.minecraft.client.renderer.RenderStateShard$$Lambda$4747/0x0000000800cb41a8 (minecraft@1.20.1)
6338:             1             16  net.minecraft.client.renderer.RenderStateShard$$Lambda$4748/0x0000000800cb43c8 (minecraft@1.20.1)
6339:             1             16  net.minecraft.client.renderer.RenderStateShard$$Lambda$4749/0x0000000800cb45e8 (minecraft@1.20.1)
6340:             1             16  net.minecraft.client.renderer.RenderStateShard$$Lambda$4750/0x0000000800cb4808 (minecraft@1.20.1)
6341:             1             16  net.minecraft.client.renderer.RenderStateShard$$Lambda$4751/0x0000000800cb4a28 (minecraft@1.20.1)
6342:             1             16  net.minecraft.client.renderer.RenderStateShard$$Lambda$4752/0x0000000800cb4c48 (minecraft@1.20.1)
6343:             1             16  net.minecraft.client.renderer.RenderStateShard$$Lambda$4753/0x0000000800cb4e68 (minecraft@1.20.1)
6344:             1             16  net.minecraft.client.renderer.RenderStateShard$$Lambda$4754/0x0000000800cb5088 (minecraft@1.20.1)
6345:             1             16  net.minecraft.client.renderer.RenderStateShard$$Lambda$4755/0x0000000800cb52a8 (minecraft@1.20.1)
6346:             1             16  net.minecraft.client.renderer.RenderStateShard$$Lambda$4756/0x0000000800cb54c8 (minecraft@1.20.1)
6347:             1             16  net.minecraft.client.renderer.RenderStateShard$$Lambda$4757/0x0000000800cb56e8 (minecraft@1.20.1)
6348:             1             16  net.minecraft.client.renderer.RenderStateShard$$Lambda$4758/0x0000000800cb5908 (minecraft@1.20.1)
6349:             1             16  net.minecraft.client.renderer.RenderStateShard$$Lambda$4759/0x0000000800cb5b28 (minecraft@1.20.1)
6350:             1             16  net.minecraft.client.renderer.RenderStateShard$$Lambda$4760/0x0000000800cb5d48 (minecraft@1.20.1)
6351:             1             16  net.minecraft.client.renderer.RenderStateShard$$Lambda$4761/0x0000000800cb5f68 (minecraft@1.20.1)
6352:             1             16  net.minecraft.client.renderer.RenderStateShard$$Lambda$4762/0x0000000800cb6188 (minecraft@1.20.1)
6353:             1             16  net.minecraft.client.renderer.RenderStateShard$$Lambda$4763/0x0000000800cb63a8 (minecraft@1.20.1)
6354:             1             16  net.minecraft.client.renderer.RenderStateShard$$Lambda$4764/0x0000000800cb65c8 (minecraft@1.20.1)
6355:             1             16  net.minecraft.client.renderer.RenderStateShard$$Lambda$4765/0x0000000800cb67e8 (minecraft@1.20.1)
6356:             1             16  net.minecraft.client.renderer.RenderStateShard$$Lambda$4766/0x0000000800cb6a08 (minecraft@1.20.1)
6357:             1             16  net.minecraft.client.renderer.RenderStateShard$$Lambda$4767/0x0000000800cb6c28 (minecraft@1.20.1)
6358:             1             16  net.minecraft.client.renderer.RenderStateShard$$Lambda$4768/0x0000000800cb6e48 (minecraft@1.20.1)
6359:             1             16  net.minecraft.client.renderer.RenderStateShard$$Lambda$4769/0x0000000800cb7068 (minecraft@1.20.1)
6360:             1             16  net.minecraft.client.renderer.RenderStateShard$$Lambda$4770/0x0000000800cb7288 (minecraft@1.20.1)
6361:             1             16  net.minecraft.client.renderer.RenderStateShard$$Lambda$4771/0x0000000800cb74a8 (minecraft@1.20.1)
6362:             1             16  net.minecraft.client.renderer.RenderStateShard$$Lambda$4772/0x0000000800cb76c8 (minecraft@1.20.1)
6363:             1             16  net.minecraft.client.renderer.RenderStateShard$$Lambda$4773/0x0000000800cb78e8 (minecraft@1.20.1)
6364:             1             16  net.minecraft.client.renderer.RenderStateShard$$Lambda$4774/0x0000000800cb7b08 (minecraft@1.20.1)
6365:             1             16  net.minecraft.client.renderer.RenderStateShard$$Lambda$4775/0x0000000800cb7d28 (minecraft@1.20.1)
6366:             1             16  net.minecraft.client.renderer.RenderStateShard$$Lambda$4776/0x0000000800cb8000 (minecraft@1.20.1)
6367:             1             16  net.minecraft.client.renderer.RenderStateShard$$Lambda$4777/0x0000000800cb8220 (minecraft@1.20.1)
6368:             1             16  net.minecraft.client.renderer.RenderStateShard$$Lambda$4778/0x0000000800cb8440 (minecraft@1.20.1)
6369:             1             16  net.minecraft.client.renderer.RenderStateShard$$Lambda$4779/0x0000000800cb8660 (minecraft@1.20.1)
6370:             1             16  net.minecraft.client.renderer.RenderStateShard$$Lambda$4780/0x0000000800cb8880 (minecraft@1.20.1)
6371:             1             16  net.minecraft.client.renderer.RenderStateShard$$Lambda$4781/0x0000000800cb8aa0 (minecraft@1.20.1)
6372:             1             16  net.minecraft.client.renderer.RenderStateShard$$Lambda$4782/0x0000000800cb8cc0 (minecraft@1.20.1)
6373:             1             16  net.minecraft.client.renderer.RenderStateShard$$Lambda$4783/0x0000000800cb8ee0 (minecraft@1.20.1)
6374:             1             16  net.minecraft.client.renderer.RenderStateShard$$Lambda$4784/0x0000000800cb9100 (minecraft@1.20.1)
6375:             1             16  net.minecraft.client.renderer.RenderStateShard$$Lambda$4785/0x0000000800cb9320 (minecraft@1.20.1)
6376:             1             16  net.minecraft.client.renderer.RenderStateShard$$Lambda$4786/0x0000000800cb9540 (minecraft@1.20.1)
6377:             1             16  net.minecraft.client.renderer.RenderStateShard$$Lambda$4787/0x0000000800cb9760 (minecraft@1.20.1)
6378:             1             16  net.minecraft.client.renderer.RenderStateShard$$Lambda$4788/0x0000000800cb9980 (minecraft@1.20.1)
6379:             1             16  net.minecraft.client.renderer.RenderStateShard$$Lambda$4789/0x0000000800cb9ba0 (minecraft@1.20.1)
6380:             1             16  net.minecraft.client.renderer.RenderStateShard$$Lambda$4790/0x0000000800cb9dc0 (minecraft@1.20.1)
6381:             1             16  net.minecraft.client.renderer.RenderStateShard$$Lambda$4791/0x0000000800cb9fe0 (minecraft@1.20.1)
6382:             1             16  net.minecraft.client.renderer.RenderStateShard$$Lambda$4792/0x0000000800cba200 (minecraft@1.20.1)
6383:             1             16  net.minecraft.client.renderer.RenderStateShard$$Lambda$4797/0x0000000800cbbb10 (minecraft@1.20.1)
6384:             1             16  net.minecraft.client.renderer.RenderStateShard$$Lambda$4798/0x0000000800cbbd30 (minecraft@1.20.1)
6385:             1             16  net.minecraft.client.renderer.RenderStateShard$$Lambda$4799/0x0000000800cbbf50 (minecraft@1.20.1)
6386:             1             16  net.minecraft.client.renderer.RenderStateShard$$Lambda$4800/0x0000000800cbc170 (minecraft@1.20.1)
6387:             1             16  net.minecraft.client.renderer.RenderStateShard$$Lambda$4801/0x0000000800cbc390 (minecraft@1.20.1)
6388:             1             16  net.minecraft.client.renderer.RenderStateShard$$Lambda$4802/0x0000000800cbc5b0 (minecraft@1.20.1)
6389:             1             16  net.minecraft.client.renderer.RenderStateShard$$Lambda$4813/0x0000000800cbebf0 (minecraft@1.20.1)
6390:             1             16  net.minecraft.client.renderer.RenderStateShard$$Lambda$4814/0x0000000800cbee10 (minecraft@1.20.1)
6391:             1             16  net.minecraft.client.renderer.RenderStateShard$$Lambda$4815/0x0000000800cbf030 (minecraft@1.20.1)
6392:             1             16  net.minecraft.client.renderer.RenderStateShard$$Lambda$4816/0x0000000800cbf250 (minecraft@1.20.1)
6393:             1             16  net.minecraft.client.renderer.RenderStateShard$$Lambda$4817/0x0000000800cbf470 (minecraft@1.20.1)
6394:             1             16  net.minecraft.client.renderer.RenderStateShard$$Lambda$4818/0x0000000800cbf690 (minecraft@1.20.1)
6395:             1             16  net.minecraft.client.renderer.RenderStateShard$$Lambda$4819/0x0000000800cbfad0 (minecraft@1.20.1)
6396:             1             16  net.minecraft.client.renderer.RenderStateShard$$Lambda$4820/0x0000000800cbfcf0 (minecraft@1.20.1)
6397:             1             16  net.minecraft.client.renderer.RenderStateShard$$Lambda$4821/0x0000000800d04000 (minecraft@1.20.1)
6398:             1             16  net.minecraft.client.renderer.RenderStateShard$$Lambda$4822/0x0000000800d04220 (minecraft@1.20.1)
6399:             1             16  net.minecraft.client.renderer.RenderStateShard$$Lambda$4823/0x0000000800d04440 (minecraft@1.20.1)
6400:             1             16  net.minecraft.client.renderer.RenderStateShard$$Lambda$4824/0x0000000800d04660 (minecraft@1.20.1)
6401:             1             16  net.minecraft.client.renderer.RenderStateShard$$Lambda$4825/0x0000000800d04880 (minecraft@1.20.1)
6402:             1             16  net.minecraft.client.renderer.RenderStateShard$$Lambda$4826/0x0000000800d04aa0 (minecraft@1.20.1)
6403:             1             16  net.minecraft.client.renderer.RenderStateShard$$Lambda$4827/0x0000000800d04cc0 (minecraft@1.20.1)
6404:             1             16  net.minecraft.client.renderer.RenderStateShard$$Lambda$4828/0x0000000800d04ee0 (minecraft@1.20.1)
6405:             1             16  net.minecraft.client.renderer.RenderStateShard$$Lambda$4829/0x0000000800d05100 (minecraft@1.20.1)
6406:             1             16  net.minecraft.client.renderer.RenderStateShard$$Lambda$4830/0x0000000800d05320 (minecraft@1.20.1)
6407:             1             16  net.minecraft.client.renderer.RenderStateShard$$Lambda$4831/0x0000000800d05540 (minecraft@1.20.1)
6408:             1             16  net.minecraft.client.renderer.RenderStateShard$$Lambda$4832/0x0000000800d05760 (minecraft@1.20.1)
6409:             1             16  net.minecraft.client.renderer.RenderStateShard$$Lambda$4835/0x0000000800d06210 (minecraft@1.20.1)
6410:             1             16  net.minecraft.client.renderer.RenderStateShard$$Lambda$4836/0x0000000800d06430 (minecraft@1.20.1)
6411:             1             16  net.minecraft.client.renderer.RenderStateShard$$Lambda$4837/0x0000000800d06650 (minecraft@1.20.1)
6412:             1             16  net.minecraft.client.renderer.RenderStateShard$$Lambda$4838/0x0000000800d06870 (minecraft@1.20.1)
6413:             1             16  net.minecraft.client.renderer.RenderStateShard$EmptyTextureStateShard$$Lambda$4795/0x0000000800cbb6d0 (minecraft@1.20.1)
6414:             1             16  net.minecraft.client.renderer.RenderStateShard$EmptyTextureStateShard$$Lambda$4796/0x0000000800cbb8f0 (minecraft@1.20.1)
6415:             1             16  net.minecraft.client.renderer.RenderStateShard$MultiTextureStateShard$$Lambda$4880/0x0000000800d0d970 (minecraft@1.20.1)
6416:             1             16  net.minecraft.client.renderer.RenderStateShard$MultiTextureStateShard$$Lambda$4881/0x0000000800d0db90 (minecraft@1.20.1)
6417:             1             16  net.minecraft.client.renderer.RenderStateShard$ShaderStateShard$$Lambda$4734/0x0000000800cb1ba0 (minecraft@1.20.1)
6418:             1             16  net.minecraft.client.renderer.RenderStateShard$ShaderStateShard$$Lambda$4735/0x0000000800cb1dc0 (minecraft@1.20.1)
6419:             1             16  net.minecraft.client.renderer.RenderStateShard$ShaderStateShard$$Lambda$4738/0x0000000800cb2e88 (minecraft@1.20.1)
6420:             1             16  net.minecraft.client.renderer.RenderStateShard$TextureStateShard$$Lambda$4794/0x0000000800cbb4b0 (minecraft@1.20.1)
6421:             1             16  net.minecraft.client.renderer.RenderType$$Lambda$4856/0x0000000800d08d50 (minecraft@1.20.1)
6422:             1             16  net.minecraft.client.renderer.RenderType$$Lambda$4857/0x0000000800d091e0 (minecraft@1.20.1)
6423:             1             16  net.minecraft.client.renderer.RenderType$$Lambda$4858/0x0000000800d09420 (minecraft@1.20.1)
6424:             1             16  net.minecraft.client.renderer.RenderType$$Lambda$4859/0x0000000800d09660 (minecraft@1.20.1)
6425:             1             16  net.minecraft.client.renderer.RenderType$$Lambda$4860/0x0000000800d09890 (minecraft@1.20.1)
6426:             1             16  net.minecraft.client.renderer.RenderType$$Lambda$4861/0x0000000800d09ac0 (minecraft@1.20.1)
6427:             1             16  net.minecraft.client.renderer.RenderType$$Lambda$4862/0x0000000800d09d00 (minecraft@1.20.1)
6428:             1             16  net.minecraft.client.renderer.RenderType$$Lambda$4863/0x0000000800d09f40 (minecraft@1.20.1)
6429:             1             16  net.minecraft.client.renderer.RenderType$$Lambda$4864/0x0000000800d0a170 (minecraft@1.20.1)
6430:             1             16  net.minecraft.client.renderer.RenderType$$Lambda$4865/0x0000000800d0a3a0 (minecraft@1.20.1)
6431:             1             16  net.minecraft.client.renderer.RenderType$$Lambda$4866/0x0000000800d0a5e0 (minecraft@1.20.1)
6432:             1             16  net.minecraft.client.renderer.RenderType$$Lambda$4867/0x0000000800d0a810 (minecraft@1.20.1)
6433:             1             16  net.minecraft.client.renderer.RenderType$$Lambda$4868/0x0000000800d0aa50 (minecraft@1.20.1)
6434:             1             16  net.minecraft.client.renderer.RenderType$$Lambda$4869/0x0000000800d0ac90 (minecraft@1.20.1)
6435:             1             16  net.minecraft.client.renderer.RenderType$$Lambda$4870/0x0000000800d0aed0 (minecraft@1.20.1)
6436:             1             16  net.minecraft.client.renderer.RenderType$$Lambda$4871/0x0000000800d0b110 (minecraft@1.20.1)
6437:             1             16  net.minecraft.client.renderer.RenderType$$Lambda$4872/0x0000000800d0c100 (minecraft@1.20.1)
6438:             1             16  net.minecraft.client.renderer.RenderType$$Lambda$4873/0x0000000800d0c340 (minecraft@1.20.1)
6439:             1             16  net.minecraft.client.renderer.RenderType$$Lambda$4874/0x0000000800d0c580 (minecraft@1.20.1)
6440:             1             16  net.minecraft.client.renderer.RenderType$$Lambda$4875/0x0000000800d0c7c0 (minecraft@1.20.1)
6441:             1             16  net.minecraft.client.renderer.RenderType$$Lambda$4876/0x0000000800d0ca00 (minecraft@1.20.1)
6442:             1             16  net.minecraft.client.renderer.RenderType$$Lambda$4877/0x0000000800d0cc40 (minecraft@1.20.1)
6443:             1             16  net.minecraft.client.renderer.RenderType$$Lambda$4878/0x0000000800d0ce80 (minecraft@1.20.1)
6444:             1             16  net.minecraft.client.renderer.RenderType$$Lambda$4882/0x0000000800d0ddd0 (minecraft@1.20.1)
6445:             1             16  net.minecraft.client.renderer.RenderType$CompositeRenderType$$Lambda$4851/0x0000000800d08000 (minecraft@1.20.1)
6446:             1             16  net.minecraft.client.renderer.RenderType$CompositeRenderType$$Lambda$6063/0x0000000800eb2d10 (minecraft@1.20.1)
6447:             1             16  net.minecraft.client.renderer.RenderType$CompositeRenderType$$Lambda$6064/0x0000000800eb2f40 (minecraft@1.20.1)
6448:             1             16  net.minecraft.client.renderer.Sheets$$Lambda$4959/0x0000000800d2a4e0 (minecraft@1.20.1)
6449:             1             16  net.minecraft.client.renderer.Sheets$$Lambda$4960/0x0000000800d2a720 (minecraft@1.20.1)
6450:             1             16  net.minecraft.client.renderer.Sheets$$Lambda$4961/0x0000000800d2a960 (minecraft@1.20.1)
6451:             1             16  net.minecraft.client.renderer.Sheets$$Lambda$4962/0x0000000800d2aba0 (minecraft@1.20.1)
6452:             1             16  net.minecraft.client.renderer.Sheets$$Lambda$4964/0x0000000800d2ade0 (minecraft@1.20.1)
6453:             1             16  net.minecraft.client.renderer.Sheets$$Lambda$4965/0x0000000800d2b020 (minecraft@1.20.1)
6454:             1             16  net.minecraft.client.renderer.Sheets$$Lambda$4967/0x0000000800d2b260 (minecraft@1.20.1)
6455:             1             16  net.minecraft.client.renderer.Sheets$$Lambda$4968/0x0000000800d2b480 (minecraft@1.20.1)
6456:             1             16  net.minecraft.client.renderer.Sheets$$Lambda$4970/0x0000000800d2b8b8 (minecraft@1.20.1)
6457:             1             16  net.minecraft.client.renderer.VirtualScreen$$Lambda$4565/0x0000000800c224a8 (minecraft@1.20.1)
6458:             1             16  net.minecraft.client.renderer.block.ModelBlockRenderer$$Lambda$4994/0x0000000800d4fd80 (minecraft@1.20.1)
6459:             1             16  net.minecraft.client.renderer.block.model.BlockModel$Deserializer (minecraft@1.20.1)
6460:             1             16  net.minecraft.client.renderer.block.model.BlockModelDefinition$Deserializer (minecraft@1.20.1)
6461:             1             16  net.minecraft.client.renderer.block.model.ItemOverride$Deserializer$$Lambda$5524/0x0000000800e03700 (minecraft@1.20.1)
6462:             1             16  net.minecraft.client.renderer.block.model.ItemOverrides$$Lambda$5653/0x0000000800e2d730 (minecraft@1.20.1)
6463:             1             16  net.minecraft.client.renderer.block.model.ItemOverrides$$Lambda$5654/0x0000000800e2d970 (minecraft@1.20.1)
6464:             1             16  net.minecraft.client.renderer.block.model.ItemOverrides$$Lambda$5655/0x0000000800e2dbb0 (minecraft@1.20.1)
6465:             1             16  net.minecraft.client.renderer.block.model.ItemOverrides$$Lambda$5657/0x0000000800e2e418 (minecraft@1.20.1)
6466:             1             16  net.minecraft.client.renderer.block.model.MultiVariant$$Lambda$5562/0x0000000800e10d68 (minecraft@1.20.1)
6467:             1             16  net.minecraft.client.renderer.block.model.MultiVariant$$Lambda$5621/0x0000000800e1ba08 (minecraft@1.20.1)
6468:             1             16  net.minecraft.client.renderer.block.model.MultiVariant$Deserializer (minecraft@1.20.1)
6469:             1             16  net.minecraft.client.renderer.block.model.Variant$Deserializer (minecraft@1.20.1)
6470:             1             16  net.minecraft.client.renderer.block.model.multipart.Condition$$Lambda$5583/0x0000000800e16928 (minecraft@1.20.1)
6471:             1             16  net.minecraft.client.renderer.block.model.multipart.Condition$$Lambda$5584/0x0000000800e16b48 (minecraft@1.20.1)
6472:             1             16  net.minecraft.client.renderer.block.model.multipart.Condition$$Lambda$5585/0x0000000800e16d68 (minecraft@1.20.1)
6473:             1             16  net.minecraft.client.renderer.block.model.multipart.MultiPart$$Lambda$5571/0x0000000800e12a18 (minecraft@1.20.1)
6474:             1             16  net.minecraft.client.renderer.block.model.multipart.MultiPart$Deserializer (minecraft@1.20.1)
6475:             1             16  net.minecraft.client.renderer.block.model.multipart.Selector$Deserializer (minecraft@1.20.1)
6476:             1             16  net.minecraft.client.renderer.block.model.multipart.Selector$Deserializer$$Lambda$5568/0x0000000800e12148 (minecraft@1.20.1)
6477:             1             16  net.minecraft.client.renderer.block.model.multipart.Selector$Deserializer$$Lambda$5578/0x0000000800e13a40 (minecraft@1.20.1)
6478:             1             16  net.minecraft.client.renderer.block.model.multipart.Selector$Deserializer$$Lambda$5579/0x0000000800e13c80 (minecraft@1.20.1)
6479:             1             16  net.minecraft.client.renderer.blockentity.BeaconRenderer (minecraft@1.20.1)
6480:             1             16  net.minecraft.client.renderer.blockentity.BellRenderer (minecraft@1.20.1)
6481:             1             16  net.minecraft.client.renderer.blockentity.BlockEntityRenderers$$Lambda$5699/0x0000000800e4f5d8 (minecraft@1.20.1)
6482:             1             16  net.minecraft.client.renderer.blockentity.BlockEntityRenderers$$Lambda$5700/0x0000000800e4f7f8 (minecraft@1.20.1)
6483:             1             16  net.minecraft.client.renderer.blockentity.BlockEntityRenderers$$Lambda$5701/0x0000000800e4fc80 (minecraft@1.20.1)
6484:             1             16  net.minecraft.client.renderer.blockentity.BlockEntityRenderers$$Lambda$5702/0x0000000800e50268 (minecraft@1.20.1)
6485:             1             16  net.minecraft.client.renderer.blockentity.BlockEntityRenderers$$Lambda$5703/0x0000000800e50488 (minecraft@1.20.1)
6486:             1             16  net.minecraft.client.renderer.blockentity.BlockEntityRenderers$$Lambda$5704/0x0000000800e506a8 (minecraft@1.20.1)
6487:             1             16  net.minecraft.client.renderer.blockentity.BlockEntityRenderers$$Lambda$5705/0x0000000800e508c8 (minecraft@1.20.1)
6488:             1             16  net.minecraft.client.renderer.blockentity.BlockEntityRenderers$$Lambda$5706/0x0000000800e50d50 (minecraft@1.20.1)
6489:             1             16  net.minecraft.client.renderer.blockentity.BlockEntityRenderers$$Lambda$5707/0x0000000800e511d8 (minecraft@1.20.1)
6490:             1             16  net.minecraft.client.renderer.blockentity.BlockEntityRenderers$$Lambda$5708/0x0000000800e513f8 (minecraft@1.20.1)
6491:             1             16  net.minecraft.client.renderer.blockentity.BlockEntityRenderers$$Lambda$5709/0x0000000800e51898 (minecraft@1.20.1)
6492:             1             16  net.minecraft.client.renderer.blockentity.BlockEntityRenderers$$Lambda$5710/0x0000000800e51d28 (minecraft@1.20.1)
6493:             1             16  net.minecraft.client.renderer.blockentity.BlockEntityRenderers$$Lambda$5711/0x0000000800e52418 (minecraft@1.20.1)
6494:             1             16  net.minecraft.client.renderer.blockentity.BlockEntityRenderers$$Lambda$5712/0x0000000800e52638 (minecraft@1.20.1)
6495:             1             16  net.minecraft.client.renderer.blockentity.BlockEntityRenderers$$Lambda$5713/0x0000000800e52ac0 (minecraft@1.20.1)
6496:             1             16  net.minecraft.client.renderer.blockentity.BlockEntityRenderers$$Lambda$5714/0x0000000800e52f48 (minecraft@1.20.1)
6497:             1             16  net.minecraft.client.renderer.blockentity.BlockEntityRenderers$$Lambda$5715/0x0000000800e53168 (minecraft@1.20.1)
6498:             1             16  net.minecraft.client.renderer.blockentity.BlockEntityRenderers$$Lambda$5716/0x0000000800e53388 (minecraft@1.20.1)
6499:             1             16  net.minecraft.client.renderer.blockentity.BlockEntityRenderers$$Lambda$5717/0x0000000800e535a8 (minecraft@1.20.1)
6500:             1             16  net.minecraft.client.renderer.blockentity.BlockEntityRenderers$$Lambda$5718/0x0000000800e53a30 (minecraft@1.20.1)
6501:             1             16  net.minecraft.client.renderer.blockentity.BlockEntityRenderers$$Lambda$5719/0x0000000800e53eb8 (minecraft@1.20.1)
6502:             1             16  net.minecraft.client.renderer.blockentity.BlockEntityRenderers$$Lambda$5720/0x0000000800e540d8 (minecraft@1.20.1)
6503:             1             16  net.minecraft.client.renderer.blockentity.BrushableBlockRenderer (minecraft@1.20.1)
6504:             1             16  net.minecraft.client.renderer.blockentity.CampfireRenderer (minecraft@1.20.1)
6505:             1             16  net.minecraft.client.renderer.blockentity.EnchantTableRenderer (minecraft@1.20.1)
6506:             1             16  net.minecraft.client.renderer.blockentity.HangingSignRenderer$$Lambda$5734/0x0000000800e576a0 (minecraft@1.20.1)
6507:             1             16  net.minecraft.client.renderer.blockentity.HangingSignRenderer$HangingSignModel$$Lambda$5736/0x0000000800e57b28 (minecraft@1.20.1)
6508:             1             16  net.minecraft.client.renderer.blockentity.LecternRenderer (minecraft@1.20.1)
6509:             1             16  net.minecraft.client.renderer.blockentity.PistonHeadRenderer (minecraft@1.20.1)
6510:             1             16  net.minecraft.client.renderer.blockentity.ShulkerBoxRenderer (minecraft@1.20.1)
6511:             1             16  net.minecraft.client.renderer.blockentity.SignRenderer$$Lambda$5731/0x0000000800e56fd8 (minecraft@1.20.1)
6512:             1             16  net.minecraft.client.renderer.blockentity.SignRenderer$SignModel$$Lambda$5733/0x0000000800e57460 (minecraft@1.20.1)
6513:             1             16  net.minecraft.client.renderer.blockentity.SkullBlockRenderer (minecraft@1.20.1)
6514:             1             16  net.minecraft.client.renderer.blockentity.SkullBlockRenderer$$Lambda$5728/0x0000000800e55ed8 (minecraft@1.20.1)
6515:             1             16  net.minecraft.client.renderer.blockentity.SpawnerRenderer (minecraft@1.20.1)
6516:             1             16  net.minecraft.client.renderer.blockentity.StructureBlockRenderer (minecraft@1.20.1)
6517:             1             16  net.minecraft.client.renderer.blockentity.TheEndGatewayRenderer (minecraft@1.20.1)
6518:             1             16  net.minecraft.client.renderer.blockentity.TheEndPortalRenderer (minecraft@1.20.1)
6519:             1             16  net.minecraft.client.renderer.debug.ChunkBorderRenderer (minecraft@1.20.1)
6520:             1             16  net.minecraft.client.renderer.debug.GameTestDebugRenderer (minecraft@1.20.1)
6521:             1             16  net.minecraft.client.renderer.debug.HeightMapRenderer (minecraft@1.20.1)
6522:             1             16  net.minecraft.client.renderer.debug.LightDebugRenderer (minecraft@1.20.1)
6523:             1             16  net.minecraft.client.renderer.debug.SolidFaceRenderer (minecraft@1.20.1)
6524:             1             16  net.minecraft.client.renderer.debug.VillageSectionsDebugRenderer (minecraft@1.20.1)
6525:             1             16  net.minecraft.client.renderer.debug.WaterDebugRenderer (minecraft@1.20.1)
6526:             1             16  net.minecraft.client.renderer.entity.AxolotlRenderer$$Lambda$5868/0x0000000800e839b8 (minecraft@1.20.1)
6527:             1             16  net.minecraft.client.renderer.entity.BoatRenderer$$Lambda$5895/0x0000000800e8cf80 (minecraft@1.20.1)
6528:             1             16  net.minecraft.client.renderer.entity.EntityRenderers$$Lambda$5740/0x0000000800e5bb00 (minecraft@1.20.1)
6529:             1             16  net.minecraft.client.renderer.entity.EntityRenderers$$Lambda$5741/0x0000000800e5bd20 (minecraft@1.20.1)
6530:             1             16  net.minecraft.client.renderer.entity.EntityRenderers$$Lambda$5742/0x0000000800e5cc28 (minecraft@1.20.1)
6531:             1             16  net.minecraft.client.renderer.entity.EntityRenderers$$Lambda$5743/0x0000000800e5d0a0 (minecraft@1.20.1)
6532:             1             16  net.minecraft.client.renderer.entity.EntityRenderers$$Lambda$5744/0x0000000800e5dc78 (minecraft@1.20.1)
6533:             1             16  net.minecraft.client.renderer.entity.EntityRenderers$$Lambda$5745/0x0000000800e5e370 (minecraft@1.20.1)
6534:             1             16  net.minecraft.client.renderer.entity.EntityRenderers$$Lambda$5746/0x0000000800e5e888 (minecraft@1.20.1)
6535:             1             16  net.minecraft.client.renderer.entity.EntityRenderers$$Lambda$5747/0x0000000800e5edb0 (minecraft@1.20.1)
6536:             1             16  net.minecraft.client.renderer.entity.EntityRenderers$$Lambda$5748/0x0000000800e5f2c8 (minecraft@1.20.1)
6537:             1             16  net.minecraft.client.renderer.entity.EntityRenderers$$Lambda$5749/0x0000000800e5f7e8 (minecraft@1.20.1)
6538:             1             16  net.minecraft.client.renderer.entity.EntityRenderers$$Lambda$5750/0x0000000800e60000 (minecraft@1.20.1)
6539:             1             16  net.minecraft.client.renderer.entity.EntityRenderers$$Lambda$5751/0x0000000800e60220 (minecraft@1.20.1)
6540:             1             16  net.minecraft.client.renderer.entity.EntityRenderers$$Lambda$5752/0x0000000800e60bd0 (minecraft@1.20.1)
6541:             1             16  net.minecraft.client.renderer.entity.EntityRenderers$$Lambda$5753/0x0000000800e60df0 (minecraft@1.20.1)
6542:             1             16  net.minecraft.client.renderer.entity.EntityRenderers$$Lambda$5754/0x0000000800e61a80 (minecraft@1.20.1)
6543:             1             16  net.minecraft.client.renderer.entity.EntityRenderers$$Lambda$5755/0x0000000800e61ca0 (minecraft@1.20.1)
6544:             1             16  net.minecraft.client.renderer.entity.EntityRenderers$$Lambda$5756/0x0000000800e61ec0 (minecraft@1.20.1)
6545:             1             16  net.minecraft.client.renderer.entity.EntityRenderers$$Lambda$5757/0x0000000800e623e0 (minecraft@1.20.1)
6546:             1             16  net.minecraft.client.renderer.entity.EntityRenderers$$Lambda$5758/0x0000000800e62900 (minecraft@1.20.1)
6547:             1             16  net.minecraft.client.renderer.entity.EntityRenderers$$Lambda$5759/0x0000000800e62b20 (minecraft@1.20.1)
6548:             1             16  net.minecraft.client.renderer.entity.EntityRenderers$$Lambda$5760/0x0000000800e63038 (minecraft@1.20.1)
6549:             1             16  net.minecraft.client.renderer.entity.EntityRenderers$$Lambda$5761/0x0000000800e639e0 (minecraft@1.20.1)
6550:             1             16  net.minecraft.client.renderer.entity.EntityRenderers$$Lambda$5762/0x0000000800e64128 (minecraft@1.20.1)
6551:             1             16  net.minecraft.client.renderer.entity.EntityRenderers$$Lambda$5763/0x0000000800e64348 (minecraft@1.20.1)
6552:             1             16  net.minecraft.client.renderer.entity.EntityRenderers$$Lambda$5764/0x0000000800e647d8 (minecraft@1.20.1)
6553:             1             16  net.minecraft.client.renderer.entity.EntityRenderers$$Lambda$5765/0x0000000800e65230 (minecraft@1.20.1)
6554:             1             16  net.minecraft.client.renderer.entity.EntityRenderers$$Lambda$5766/0x0000000800e65450 (minecraft@1.20.1)
6555:             1             16  net.minecraft.client.renderer.entity.EntityRenderers$$Lambda$5767/0x0000000800e65c88 (minecraft@1.20.1)
6556:             1             16  net.minecraft.client.renderer.entity.EntityRenderers$$Lambda$5768/0x0000000800e66610 (minecraft@1.20.1)
6557:             1             16  net.minecraft.client.renderer.entity.EntityRenderers$$Lambda$5769/0x0000000800e66b30 (minecraft@1.20.1)
6558:             1             16  net.minecraft.client.renderer.entity.EntityRenderers$$Lambda$5770/0x0000000800e66d50 (minecraft@1.20.1)
6559:             1             16  net.minecraft.client.renderer.entity.EntityRenderers$$Lambda$5771/0x0000000800e66f70 (minecraft@1.20.1)
6560:             1             16  net.minecraft.client.renderer.entity.EntityRenderers$$Lambda$5772/0x0000000800e67190 (minecraft@1.20.1)
6561:             1             16  net.minecraft.client.renderer.entity.EntityRenderers$$Lambda$5773/0x0000000800e67be8 (minecraft@1.20.1)
6562:             1             16  net.minecraft.client.renderer.entity.EntityRenderers$$Lambda$5774/0x0000000800e68268 (minecraft@1.20.1)
6563:             1             16  net.minecraft.client.renderer.entity.EntityRenderers$$Lambda$5775/0x0000000800e68488 (minecraft@1.20.1)
6564:             1             16  net.minecraft.client.renderer.entity.EntityRenderers$$Lambda$5776/0x0000000800e68918 (minecraft@1.20.1)
6565:             1             16  net.minecraft.client.renderer.entity.EntityRenderers$$Lambda$5777/0x0000000800e68b38 (minecraft@1.20.1)
6566:             1             16  net.minecraft.client.renderer.entity.EntityRenderers$$Lambda$5778/0x0000000800e68fc0 (minecraft@1.20.1)
6567:             1             16  net.minecraft.client.renderer.entity.EntityRenderers$$Lambda$5779/0x0000000800e691e0 (minecraft@1.20.1)
6568:             1             16  net.minecraft.client.renderer.entity.EntityRenderers$$Lambda$5780/0x0000000800e69668 (minecraft@1.20.1)
6569:             1             16  net.minecraft.client.renderer.entity.EntityRenderers$$Lambda$5781/0x0000000800e69af0 (minecraft@1.20.1)
6570:             1             16  net.minecraft.client.renderer.entity.EntityRenderers$$Lambda$5782/0x0000000800e6a240 (minecraft@1.20.1)
6571:             1             16  net.minecraft.client.renderer.entity.EntityRenderers$$Lambda$5783/0x0000000800e6a758 (minecraft@1.20.1)
6572:             1             16  net.minecraft.client.renderer.entity.EntityRenderers$$Lambda$5784/0x0000000800e6a978 (minecraft@1.20.1)
6573:             1             16  net.minecraft.client.renderer.entity.EntityRenderers$$Lambda$5785/0x0000000800e6ae98 (minecraft@1.20.1)
6574:             1             16  net.minecraft.client.renderer.entity.EntityRenderers$$Lambda$5786/0x0000000800e6b0b8 (minecraft@1.20.1)
6575:             1             16  net.minecraft.client.renderer.entity.EntityRenderers$$Lambda$5787/0x0000000800e6b7f0 (minecraft@1.20.1)
6576:             1             16  net.minecraft.client.renderer.entity.EntityRenderers$$Lambda$5788/0x0000000800e6ba10 (minecraft@1.20.1)
6577:             1             16  net.minecraft.client.renderer.entity.EntityRenderers$$Lambda$5789/0x0000000800e6bf28 (minecraft@1.20.1)
6578:             1             16  net.minecraft.client.renderer.entity.EntityRenderers$$Lambda$5790/0x0000000800e6c148 (minecraft@1.20.1)
6579:             1             16  net.minecraft.client.renderer.entity.EntityRenderers$$Lambda$5791/0x0000000800e6c668 (minecraft@1.20.1)
6580:             1             16  net.minecraft.client.renderer.entity.EntityRenderers$$Lambda$5792/0x0000000800e6c888 (minecraft@1.20.1)
6581:             1             16  net.minecraft.client.renderer.entity.EntityRenderers$$Lambda$5793/0x0000000800e6d468 (minecraft@1.20.1)
6582:             1             16  net.minecraft.client.renderer.entity.EntityRenderers$$Lambda$5794/0x0000000800e6dc90 (minecraft@1.20.1)
6583:             1             16  net.minecraft.client.renderer.entity.EntityRenderers$$Lambda$5795/0x0000000800e6e400 (minecraft@1.20.1)
6584:             1             16  net.minecraft.client.renderer.entity.EntityRenderers$$Lambda$5796/0x0000000800e6e620 (minecraft@1.20.1)
6585:             1             16  net.minecraft.client.renderer.entity.EntityRenderers$$Lambda$5797/0x0000000800e6efa0 (minecraft@1.20.1)
6586:             1             16  net.minecraft.client.renderer.entity.EntityRenderers$$Lambda$5798/0x0000000800e6f440 (minecraft@1.20.1)
6587:             1             16  net.minecraft.client.renderer.entity.EntityRenderers$$Lambda$5799/0x0000000800e6f8e8 (minecraft@1.20.1)
6588:             1             16  net.minecraft.client.renderer.entity.EntityRenderers$$Lambda$5800/0x0000000800e6fb08 (minecraft@1.20.1)
6589:             1             16  net.minecraft.client.renderer.entity.EntityRenderers$$Lambda$5801/0x0000000800e70000 (minecraft@1.20.1)
6590:             1             16  net.minecraft.client.renderer.entity.EntityRenderers$$Lambda$5802/0x0000000800e70488 (minecraft@1.20.1)
6591:             1             16  net.minecraft.client.renderer.entity.EntityRenderers$$Lambda$5803/0x0000000800e706a8 (minecraft@1.20.1)
6592:             1             16  net.minecraft.client.renderer.entity.EntityRenderers$$Lambda$5804/0x0000000800e70b30 (minecraft@1.20.1)
6593:             1             16  net.minecraft.client.renderer.entity.EntityRenderers$$Lambda$5805/0x0000000800e71060 (minecraft@1.20.1)
6594:             1             16  net.minecraft.client.renderer.entity.EntityRenderers$$Lambda$5806/0x0000000800e71280 (minecraft@1.20.1)
6595:             1             16  net.minecraft.client.renderer.entity.EntityRenderers$$Lambda$5807/0x0000000800e714a0 (minecraft@1.20.1)
6596:             1             16  net.minecraft.client.renderer.entity.EntityRenderers$$Lambda$5808/0x0000000800e71be8 (minecraft@1.20.1)
6597:             1             16  net.minecraft.client.renderer.entity.EntityRenderers$$Lambda$5809/0x0000000800e71e08 (minecraft@1.20.1)
6598:             1             16  net.minecraft.client.renderer.entity.EntityRenderers$$Lambda$5810/0x0000000800e72320 (minecraft@1.20.1)
6599:             1             16  net.minecraft.client.renderer.entity.EntityRenderers$$Lambda$5811/0x0000000800e727a8 (minecraft@1.20.1)
6600:             1             16  net.minecraft.client.renderer.entity.EntityRenderers$$Lambda$5812/0x0000000800e73160 (minecraft@1.20.1)
6601:             1             16  net.minecraft.client.renderer.entity.EntityRenderers$$Lambda$5813/0x0000000800e73680 (minecraft@1.20.1)
6602:             1             16  net.minecraft.client.renderer.entity.EntityRenderers$$Lambda$5814/0x0000000800e73dd8 (minecraft@1.20.1)
6603:             1             16  net.minecraft.client.renderer.entity.EntityRenderers$$Lambda$5815/0x0000000800e74518 (minecraft@1.20.1)
6604:             1             16  net.minecraft.client.renderer.entity.EntityRenderers$$Lambda$5816/0x0000000800e74738 (minecraft@1.20.1)
6605:             1             16  net.minecraft.client.renderer.entity.EntityRenderers$$Lambda$5817/0x0000000800e74958 (minecraft@1.20.1)
6606:             1             16  net.minecraft.client.renderer.entity.EntityRenderers$$Lambda$5818/0x0000000800e74e78 (minecraft@1.20.1)
6607:             1             16  net.minecraft.client.renderer.entity.EntityRenderers$$Lambda$5819/0x0000000800e75398 (minecraft@1.20.1)
6608:             1             16  net.minecraft.client.renderer.entity.EntityRenderers$$Lambda$5820/0x0000000800e755b8 (minecraft@1.20.1)
6609:             1             16  net.minecraft.client.renderer.entity.EntityRenderers$$Lambda$5821/0x0000000800e75ae8 (minecraft@1.20.1)
6610:             1             16  net.minecraft.client.renderer.entity.EntityRenderers$$Lambda$5822/0x0000000800e76000 (minecraft@1.20.1)
6611:             1             16  net.minecraft.client.renderer.entity.EntityRenderers$$Lambda$5823/0x0000000800e76518 (minecraft@1.20.1)
6612:             1             16  net.minecraft.client.renderer.entity.EntityRenderers$$Lambda$5824/0x0000000800e76a38 (minecraft@1.20.1)
6613:             1             16  net.minecraft.client.renderer.entity.EntityRenderers$$Lambda$5825/0x0000000800e77180 (minecraft@1.20.1)
6614:             1             16  net.minecraft.client.renderer.entity.EntityRenderers$$Lambda$5826/0x0000000800e778e0 (minecraft@1.20.1)
6615:             1             16  net.minecraft.client.renderer.entity.EntityRenderers$$Lambda$5827/0x0000000800e77d70 (minecraft@1.20.1)
6616:             1             16  net.minecraft.client.renderer.entity.EntityRenderers$$Lambda$5828/0x0000000800e78300 (minecraft@1.20.1)
6617:             1             16  net.minecraft.client.renderer.entity.EntityRenderers$$Lambda$5829/0x0000000800e78820 (minecraft@1.20.1)
6618:             1             16  net.minecraft.client.renderer.entity.EntityRenderers$$Lambda$5830/0x0000000800e78a40 (minecraft@1.20.1)
6619:             1             16  net.minecraft.client.renderer.entity.EntityRenderers$$Lambda$5831/0x0000000800e79198 (minecraft@1.20.1)
6620:             1             16  net.minecraft.client.renderer.entity.EntityRenderers$$Lambda$5832/0x0000000800e793b8 (minecraft@1.20.1)
6621:             1             16  net.minecraft.client.renderer.entity.EntityRenderers$$Lambda$5833/0x0000000800e798d0 (minecraft@1.20.1)
6622:             1             16  net.minecraft.client.renderer.entity.EntityRenderers$$Lambda$5834/0x0000000800e79af0 (minecraft@1.20.1)
6623:             1             16  net.minecraft.client.renderer.entity.EntityRenderers$$Lambda$5835/0x0000000800e7a238 (minecraft@1.20.1)
6624:             1             16  net.minecraft.client.renderer.entity.EntityRenderers$$Lambda$5836/0x0000000800e7a458 (minecraft@1.20.1)
6625:             1             16  net.minecraft.client.renderer.entity.EntityRenderers$$Lambda$5837/0x0000000800e7a8e8 (minecraft@1.20.1)
6626:             1             16  net.minecraft.client.renderer.entity.EntityRenderers$$Lambda$5838/0x0000000800e7ab08 (minecraft@1.20.1)
6627:             1             16  net.minecraft.client.renderer.entity.EntityRenderers$$Lambda$5839/0x0000000800e7ad28 (minecraft@1.20.1)
6628:             1             16  net.minecraft.client.renderer.entity.EntityRenderers$$Lambda$5840/0x0000000800e7b478 (minecraft@1.20.1)
6629:             1             16  net.minecraft.client.renderer.entity.EntityRenderers$$Lambda$5841/0x0000000800e7b9a0 (minecraft@1.20.1)
6630:             1             16  net.minecraft.client.renderer.entity.EntityRenderers$$Lambda$5842/0x0000000800e7beb8 (minecraft@1.20.1)
6631:             1             16  net.minecraft.client.renderer.entity.EntityRenderers$$Lambda$5843/0x0000000800e7c360 (minecraft@1.20.1)
6632:             1             16  net.minecraft.client.renderer.entity.EntityRenderers$$Lambda$5844/0x0000000800e7c7e8 (minecraft@1.20.1)
6633:             1             16  net.minecraft.client.renderer.entity.EntityRenderers$$Lambda$5845/0x0000000800e7cc80 (minecraft@1.20.1)
6634:             1             16  net.minecraft.client.renderer.entity.EntityRenderers$$Lambda$5846/0x0000000800e7cea0 (minecraft@1.20.1)
6635:             1             16  net.minecraft.client.renderer.entity.EntityRenderers$$Lambda$5847/0x0000000800e7d328 (minecraft@1.20.1)
6636:             1             16  net.minecraft.client.renderer.entity.EntityRenderers$$Lambda$5848/0x0000000800e7da80 (minecraft@1.20.1)
6637:             1             16  net.minecraft.client.renderer.entity.EntityRenderers$$Lambda$5849/0x0000000800e7dfa0 (minecraft@1.20.1)
6638:             1             16  net.minecraft.client.renderer.entity.EntityRenderers$$Lambda$5850/0x0000000800e7e4c0 (minecraft@1.20.1)
6639:             1             16  net.minecraft.client.renderer.entity.EntityRenderers$$Lambda$5851/0x0000000800e7ee48 (minecraft@1.20.1)
6640:             1             16  net.minecraft.client.renderer.entity.EntityRenderers$$Lambda$5852/0x0000000800e7f5a8 (minecraft@1.20.1)
6641:             1             16  net.minecraft.client.renderer.entity.EntityRenderers$$Lambda$5853/0x0000000800e7fcf0 (minecraft@1.20.1)
6642:             1             16  net.minecraft.client.renderer.entity.EntityRenderers$$Lambda$5854/0x0000000800e80300 (minecraft@1.20.1)
6643:             1             16  net.minecraft.client.renderer.entity.EntityRenderers$$Lambda$5855/0x0000000800e80a58 (minecraft@1.20.1)
6644:             1             16  net.minecraft.client.renderer.entity.EntityRenderers$$Lambda$5856/0x0000000800e811c0 (minecraft@1.20.1)
6645:             1             16  net.minecraft.client.renderer.entity.EntityRenderers$$Lambda$5857/0x0000000800e816e8 (minecraft@1.20.1)
6646:             1             16  net.minecraft.client.renderer.entity.EntityRenderers$$Lambda$5858/0x0000000800e81908 (minecraft@1.20.1)
6647:             1             16  net.minecraft.client.renderer.entity.EntityRenderers$$Lambda$5859/0x0000000800e82060 (minecraft@1.20.1)
6648:             1             16  net.minecraft.client.renderer.entity.EntityRenderers$$Lambda$5860/0x0000000800e82578 (minecraft@1.20.1)
6649:             1             16  net.minecraft.client.renderer.entity.EntityRenderers$$Lambda$5861/0x0000000800e82798 (minecraft@1.20.1)
6650:             1             16  net.minecraft.client.renderer.entity.EntityRenderers$$Lambda$5862/0x0000000800e829b8 (minecraft@1.20.1)
6651:             1             16  net.minecraft.client.renderer.entity.EntityRenderers$$Lambda$5863/0x0000000800e82ed8 (minecraft@1.20.1)
6652:             1             16  net.minecraft.client.renderer.entity.EntityRenderers$$Lambda$5864/0x0000000800e830f8 (minecraft@1.20.1)
6653:             1             16  net.minecraft.client.renderer.entity.HorseRenderer$$Lambda$5886/0x0000000800e86f28 (minecraft@1.20.1)
6654:             1             16  net.minecraft.client.renderer.entity.MushroomCowRenderer$$Lambda$5893/0x0000000800e8c6d8 (minecraft@1.20.1)
6655:             1             16  net.minecraft.client.renderer.entity.PandaRenderer$$Lambda$5901/0x0000000800e8deb0 (minecraft@1.20.1)
6656:             1             16  net.minecraft.client.renderer.entity.ShulkerRenderer$$Lambda$5902/0x0000000800e8e0e0 (minecraft@1.20.1)
6657:             1             16  net.minecraft.client.renderer.entity.ShulkerRenderer$$Lambda$5903/0x0000000800e8e320 (minecraft@1.20.1)
6658:             1             16  net.minecraft.client.renderer.entity.WardenRenderer$$Lambda$5874/0x0000000800e851b0 (minecraft@1.20.1)
6659:             1             16  net.minecraft.client.renderer.entity.WardenRenderer$$Lambda$5875/0x0000000800e855d0 (minecraft@1.20.1)
6660:             1             16  net.minecraft.client.renderer.entity.WardenRenderer$$Lambda$5876/0x0000000800e857f0 (minecraft@1.20.1)
6661:             1             16  net.minecraft.client.renderer.entity.WardenRenderer$$Lambda$5877/0x0000000800e85a10 (minecraft@1.20.1)
6662:             1             16  net.minecraft.client.renderer.entity.WardenRenderer$$Lambda$5878/0x0000000800e85c30 (minecraft@1.20.1)
6663:             1             16  net.minecraft.client.renderer.entity.WardenRenderer$$Lambda$5879/0x0000000800e85e50 (minecraft@1.20.1)
6664:             1             16  net.minecraft.client.renderer.entity.WardenRenderer$$Lambda$5880/0x0000000800e86070 (minecraft@1.20.1)
6665:             1             16  net.minecraft.client.renderer.entity.WardenRenderer$$Lambda$5881/0x0000000800e86290 (minecraft@1.20.1)
6666:             1             16  net.minecraft.client.renderer.entity.WardenRenderer$$Lambda$5882/0x0000000800e864b0 (minecraft@1.20.1)
6667:             1             16  net.minecraft.client.renderer.entity.WardenRenderer$$Lambda$5883/0x0000000800e866d0 (minecraft@1.20.1)
6668:             1             16  net.minecraft.client.renderer.entity.layers.EnderEyesLayer (minecraft@1.20.1)
6669:             1             16  net.minecraft.client.renderer.entity.layers.HorseMarkingLayer (minecraft@1.20.1)
6670:             1             16  net.minecraft.client.renderer.entity.layers.HorseMarkingLayer$$Lambda$5888/0x0000000800e877b8 (minecraft@1.20.1)
6671:             1             16  net.minecraft.client.renderer.entity.layers.IronGolemCrackinessLayer (minecraft@1.20.1)
6672:             1             16  net.minecraft.client.renderer.entity.layers.PhantomEyesLayer (minecraft@1.20.1)
6673:             1             16  net.minecraft.client.renderer.entity.layers.ShulkerHeadLayer (minecraft@1.20.1)
6674:             1             16  net.minecraft.client.renderer.entity.layers.VillagerProfessionLayer$$Lambda$5898/0x0000000800e8d648 (minecraft@1.20.1)
6675:             1             16  net.minecraft.client.renderer.entity.layers.WolfCollarLayer (minecraft@1.20.1)
6676:             1             16  net.minecraft.client.renderer.texture.MipmapGenerator$$Lambda$5494/0x0000000800dff360 (minecraft@1.20.1)
6677:             1             16  net.minecraft.client.renderer.texture.OverlayTexture (minecraft@1.20.1)
6678:             1             16  net.minecraft.client.renderer.texture.PreloadedTexture$$Lambda$5196/0x0000000800db9bc0 (minecraft@1.20.1)
6679:             1             16  net.minecraft.client.renderer.texture.SpriteContents$AnimatedTexture$$Lambda$5658/0x0000000800e2e638 (minecraft@1.20.1)
6680:             1             16  net.minecraft.client.renderer.texture.SpriteLoader$$Lambda$5474/0x0000000800df86b8 (minecraft@1.20.1)
6681:             1             16  net.minecraft.client.renderer.texture.SpriteLoader$$Lambda$5480/0x0000000800dfa2b8 (minecraft@1.20.1)
6682:             1             16  net.minecraft.client.renderer.texture.Stitcher$$Lambda$5481/0x0000000800dfaba8 (minecraft@1.20.1)
6683:             1             16  net.minecraft.client.renderer.texture.Stitcher$$Lambda$5482/0x0000000800dfb038 (minecraft@1.20.1)
6684:             1             16  net.minecraft.client.renderer.texture.Stitcher$$Lambda$5483/0x0000000800dfb278 (minecraft@1.20.1)
6685:             1             16  net.minecraft.client.renderer.texture.TextureAtlas$$Lambda$5693/0x0000000800e36a58 (minecraft@1.20.1)
6686:             1             16  net.minecraft.client.renderer.texture.TextureAtlas$$Lambda$5694/0x0000000800e36c88 (minecraft@1.20.1)
6687:             1             16  net.minecraft.client.renderer.texture.TextureManager$$Lambda$5199/0x0000000800dba250 (minecraft@1.20.1)
6688:             1             16  net.minecraft.client.renderer.texture.TextureManager$$Lambda$5202/0x0000000800dbaaf0 (minecraft@1.20.1)
6689:             1             16  net.minecraft.client.renderer.texture.atlas.SpriteResourceLoader$$Lambda$5472/0x0000000800df8250 (minecraft@1.20.1)
6690:             1             16  net.minecraft.client.renderer.texture.atlas.SpriteSources$$Lambda$5448/0x0000000800df56a0 (minecraft@1.20.1)
6691:             1             16  net.minecraft.client.renderer.texture.atlas.SpriteSources$$Lambda$5449/0x0000000800df58e0 (minecraft@1.20.1)
6692:             1             16  net.minecraft.client.renderer.texture.atlas.SpriteSources$$Lambda$5450/0x0000000800df5b20 (minecraft@1.20.1)
6693:             1             16  net.minecraft.client.renderer.texture.atlas.SpriteSources$$Lambda$5451/0x0000000800df5d60 (minecraft@1.20.1)
6694:             1             16  net.minecraft.client.renderer.texture.atlas.sources.DirectoryLister$$Lambda$5404/0x0000000800dec000 (minecraft@1.20.1)
6695:             1             16  net.minecraft.client.renderer.texture.atlas.sources.DirectoryLister$$Lambda$5405/0x0000000800dec240 (minecraft@1.20.1)
6696:             1             16  net.minecraft.client.renderer.texture.atlas.sources.DirectoryLister$$Lambda$5406/0x0000000800dec480 (minecraft@1.20.1)
6697:             1             16  net.minecraft.client.renderer.texture.atlas.sources.DirectoryLister$$Lambda$5407/0x0000000800dec6c0 (minecraft@1.20.1)
6698:             1             16  net.minecraft.client.renderer.texture.atlas.sources.PalettedPermutations$$Lambda$5443/0x0000000800df4b60 (minecraft@1.20.1)
6699:             1             16  net.minecraft.client.renderer.texture.atlas.sources.PalettedPermutations$$Lambda$5444/0x0000000800df4da0 (minecraft@1.20.1)
6700:             1             16  net.minecraft.client.renderer.texture.atlas.sources.PalettedPermutations$$Lambda$5445/0x0000000800df4fe0 (minecraft@1.20.1)
6701:             1             16  net.minecraft.client.renderer.texture.atlas.sources.PalettedPermutations$$Lambda$5446/0x0000000800df5220 (minecraft@1.20.1)
6702:             1             16  net.minecraft.client.renderer.texture.atlas.sources.PalettedPermutations$$Lambda$5447/0x0000000800df5460 (minecraft@1.20.1)
6703:             1             16  net.minecraft.client.renderer.texture.atlas.sources.SingleFile$$Lambda$5400/0x0000000800de6ec8 (minecraft@1.20.1)
6704:             1             16  net.minecraft.client.renderer.texture.atlas.sources.SingleFile$$Lambda$5401/0x0000000800de7108 (minecraft@1.20.1)
6705:             1             16  net.minecraft.client.renderer.texture.atlas.sources.SingleFile$$Lambda$5402/0x0000000800de7348 (minecraft@1.20.1)
6706:             1             16  net.minecraft.client.renderer.texture.atlas.sources.SingleFile$$Lambda$5403/0x0000000800de77c0 (minecraft@1.20.1)
6707:             1             16  net.minecraft.client.renderer.texture.atlas.sources.SourceFilter$$Lambda$5408/0x0000000800decb30 (minecraft@1.20.1)
6708:             1             16  net.minecraft.client.renderer.texture.atlas.sources.SourceFilter$$Lambda$5413/0x0000000800ded3e8 (minecraft@1.20.1)
6709:             1             16  net.minecraft.client.renderer.texture.atlas.sources.SourceFilter$$Lambda$5414/0x0000000800ded628 (minecraft@1.20.1)
6710:             1             16  net.minecraft.client.renderer.texture.atlas.sources.Unstitcher$$Lambda$5425/0x0000000800def3f0 (minecraft@1.20.1)
6711:             1             16  net.minecraft.client.renderer.texture.atlas.sources.Unstitcher$$Lambda$5426/0x0000000800def858 (minecraft@1.20.1)
6712:             1             16  net.minecraft.client.renderer.texture.atlas.sources.Unstitcher$$Lambda$5439/0x0000000800debd28 (minecraft@1.20.1)
6713:             1             16  net.minecraft.client.renderer.texture.atlas.sources.Unstitcher$$Lambda$5440/0x0000000800df4000 (minecraft@1.20.1)
6714:             1             16  net.minecraft.client.renderer.texture.atlas.sources.Unstitcher$$Lambda$5441/0x0000000800df4240 (minecraft@1.20.1)
6715:             1             16  net.minecraft.client.renderer.texture.atlas.sources.Unstitcher$$Lambda$5442/0x0000000800df46d0 (minecraft@1.20.1)
6716:             1             16  net.minecraft.client.renderer.texture.atlas.sources.Unstitcher$Region$$Lambda$5432/0x0000000800deaaf8 (minecraft@1.20.1)
6717:             1             16  net.minecraft.client.renderer.texture.atlas.sources.Unstitcher$Region$$Lambda$5433/0x0000000800dead38 (minecraft@1.20.1)
6718:             1             16  net.minecraft.client.renderer.texture.atlas.sources.Unstitcher$Region$$Lambda$5434/0x0000000800deaf78 (minecraft@1.20.1)
6719:             1             16  net.minecraft.client.renderer.texture.atlas.sources.Unstitcher$Region$$Lambda$5435/0x0000000800deb1b8 (minecraft@1.20.1)
6720:             1             16  net.minecraft.client.renderer.texture.atlas.sources.Unstitcher$Region$$Lambda$5436/0x0000000800deb3f8 (minecraft@1.20.1)
6721:             1             16  net.minecraft.client.renderer.texture.atlas.sources.Unstitcher$Region$$Lambda$5437/0x0000000800deb638 (minecraft@1.20.1)
6722:             1             16  net.minecraft.client.renderer.texture.atlas.sources.Unstitcher$Region$$Lambda$5438/0x0000000800deb878 (minecraft@1.20.1)
6723:             1             16  net.minecraft.client.resources.ClientPackSource$$Lambda$4677/0x0000000800c8a330 (minecraft@1.20.1)
6724:             1             16  net.minecraft.client.resources.FoliageColorReloadListener (minecraft@1.20.1)
6725:             1             16  net.minecraft.client.resources.GrassColorReloadListener (minecraft@1.20.1)
6726:             1             16  net.minecraft.client.resources.SplashManager$$Lambda$5220/0x0000000800dbe020 (minecraft@1.20.1)
6727:             1             16  net.minecraft.client.resources.SplashManager$$Lambda$5221/0x0000000800dbe260 (minecraft@1.20.1)
6728:             1             16  net.minecraft.client.resources.TextureAtlasHolder$$Lambda$5256/0x0000000800dc3410 (minecraft@1.20.1)
6729:             1             16  net.minecraft.client.resources.language.FormattedBidiReorder$$Lambda$6035/0x0000000800ea95e8 (minecraft@1.20.1)
6730:             1             16  net.minecraft.client.resources.language.FormattedBidiReorder$$Lambda$6036/0x0000000800ea9b10 (minecraft@1.20.1)
6731:             1             16  net.minecraft.client.resources.language.LanguageInfo$$Lambda$4702/0x0000000800c9e1f0 (minecraft@1.20.1)
6732:             1             16  net.minecraft.client.resources.language.LanguageInfo$$Lambda$4703/0x0000000800c9e430 (minecraft@1.20.1)
6733:             1             16  net.minecraft.client.resources.language.LanguageInfo$$Lambda$4704/0x0000000800c9e670 (minecraft@1.20.1)
6734:             1             16  net.minecraft.client.resources.language.LanguageInfo$$Lambda$4705/0x0000000800c9e8b0 (minecraft@1.20.1)
6735:             1             16  net.minecraft.client.resources.language.LanguageInfo$$Lambda$4706/0x0000000800c9eaf0 (minecraft@1.20.1)
6736:             1             16  net.minecraft.client.resources.metadata.animation.AnimationMetadataSectionSerializer (minecraft@1.20.1)
6737:             1             16  net.minecraft.client.resources.metadata.language.LanguageMetadataSection$$Lambda$5669/0x0000000800e2fc18 (minecraft@1.20.1)
6738:             1             16  net.minecraft.client.resources.metadata.language.LanguageMetadataSection$$Lambda$5670/0x0000000800e2a800 (minecraft@1.20.1)
6739:             1             16  net.minecraft.client.resources.metadata.texture.TextureMetadataSectionSerializer (minecraft@1.20.1)
6740:             1             16  net.minecraft.client.resources.model.AtlasSet (minecraft@1.20.1)
6741:             1             16  net.minecraft.client.resources.model.AtlasSet$$Lambda$4971/0x0000000800d30000 (minecraft@1.20.1)
6742:             1             16  net.minecraft.client.resources.model.AtlasSet$$Lambda$5232/0x0000000800dc4b18 (minecraft@1.20.1)
6743:             1             16  net.minecraft.client.resources.model.BlockModelRotation$$Lambda$5555/0x0000000800e0bd18 (minecraft@1.20.1)
6744:             1             16  net.minecraft.client.resources.model.BlockModelRotation$$Lambda$5556/0x0000000800e10000 (minecraft@1.20.1)
6745:             1             16  net.minecraft.client.resources.model.Material$$Lambda$4957/0x0000000800d2a060 (minecraft@1.20.1)
6746:             1             16  net.minecraft.client.resources.model.Material$$Lambda$4958/0x0000000800d2a2a0 (minecraft@1.20.1)
6747:             1             16  net.minecraft.client.resources.model.ModelBakery$$Lambda$4986/0x0000000800d47950 (minecraft@1.20.1)
6748:             1             16  net.minecraft.client.resources.model.ModelBakery$$Lambda$4987/0x0000000800d47b70 (minecraft@1.20.1)
6749:             1             16  net.minecraft.client.resources.model.ModelBakery$$Lambda$4988/0x0000000800d47db0 (minecraft@1.20.1)
6750:             1             16  net.minecraft.client.resources.model.ModelBakery$$Lambda$4989/0x0000000800d4c470 (minecraft@1.20.1)
6751:             1             16  net.minecraft.client.resources.model.ModelBakery$$Lambda$4990/0x0000000800d4c6a0 (minecraft@1.20.1)
6752:             1             16  net.minecraft.client.resources.model.ModelBakery$$Lambda$4991/0x0000000800d4c8d0 (minecraft@1.20.1)
6753:             1             16  net.minecraft.client.resources.model.ModelBakery$$Lambda$4992/0x0000000800d4cb10 (minecraft@1.20.1)
6754:             1             16  net.minecraft.client.resources.model.ModelBakery$$Lambda$5529/0x0000000800e05000 (minecraft@1.20.1)
6755:             1             16  net.minecraft.client.resources.model.ModelBakery$$Lambda$5564/0x0000000800e111f0 (minecraft@1.20.1)
6756:             1             16  net.minecraft.client.resources.model.ModelBakery$ModelGroupKey$$Lambda$5573/0x0000000800e12eb0 (minecraft@1.20.1)
6757:             1             16  net.minecraft.client.resources.model.ModelManager$$Lambda$5238/0x0000000800dc6368 (minecraft@1.20.1)
6758:             1             16  net.minecraft.client.resources.model.ModelManager$$Lambda$5241/0x0000000800dc6c48 (minecraft@1.20.1)
6759:             1             16  net.minecraft.client.resources.model.ModelManager$$Lambda$5409/0x0000000800decd70 (minecraft@1.20.1)
6760:             1             16  net.minecraft.client.resources.model.ModelManager$$Lambda$5485/0x0000000800dfbb30 (minecraft@1.20.1)
6761:             1             16  net.minecraft.client.resources.model.ModelManager$$Lambda$5506/0x0000000800e00b10 (minecraft@1.20.1)
6762:             1             16  net.minecraft.client.resources.model.ModelManager$$Lambda$5507/0x0000000800e00d60 (minecraft@1.20.1)
6763:             1             16  net.minecraft.client.resources.model.ModelManager$$Lambda$5508/0x0000000800e00fa0 (minecraft@1.20.1)
6764:             1             16  net.minecraft.client.resources.model.ModelManager$$Lambda$5526/0x0000000800e06000 (minecraft@1.20.1)
6765:             1             16  net.minecraft.client.resources.model.ModelManager$$Lambda$5527/0x0000000800e03dc0 (minecraft@1.20.1)
6766:             1             16  net.minecraft.client.resources.model.ModelManager$$Lambda$5528/0x0000000800e06250 (minecraft@1.20.1)
6767:             1             16  net.minecraft.client.resources.model.ModelManager$$Lambda$5624/0x0000000800e1c2b8 (minecraft@1.20.1)
6768:             1             16  net.minecraft.client.resources.model.ModelManager$$Lambda$5625/0x0000000800e1c4f8 (minecraft@1.20.1)
6769:             1             16  net.minecraft.client.resources.model.ModelManager$$Lambda$5661/0x0000000800e2e858 (minecraft@1.20.1)
6770:             1             16  net.minecraft.client.resources.model.ModelManager$$Lambda$5663/0x0000000800e2ecc0 (minecraft@1.20.1)
6771:             1             16  net.minecraft.client.resources.model.ModelManager$$Lambda$5664/0x0000000800e2ef00 (minecraft@1.20.1)
6772:             1             16  net.minecraft.client.resources.model.ModelManager$$Lambda$5692/0x0000000800e36828 (minecraft@1.20.1)
6773:             1             16  net.minecraft.client.resources.sounds.SoundEventRegistrationSerializer (minecraft@1.20.1)
6774:             1             16  net.minecraft.client.searchtree.SearchRegistry (minecraft@1.20.1)
6775:             1             16  net.minecraft.client.sounds.SoundBufferLibrary$$Lambda$5686/0x0000000800e35468 (minecraft@1.20.1)
6776:             1             16  net.minecraft.client.sounds.SoundEngine$$Lambda$5274/0x0000000800dca1c8 (minecraft@1.20.1)
6777:             1             16  net.minecraft.client.sounds.SoundEngineExecutor$$Lambda$4709/0x0000000800ca49f0 (minecraft@1.20.1)
6778:             1             16  net.minecraft.client.sounds.SoundEngineExecutor$$Lambda$4710/0x0000000800ca4c18 (minecraft@1.20.1)
6779:             1             16  net.minecraft.client.telemetry.ClientTelemetryManager$$Lambda$5162/0x0000000800da1bb0 (minecraft@1.20.1)
6780:             1             16  net.minecraft.client.telemetry.TelemetryEventSender$$Lambda$5982/0x0000000800e98b30 (minecraft@1.20.1)
6781:             1             16  net.minecraft.client.telemetry.TelemetryEventType$$Lambda$5983/0x0000000800e98d60 (minecraft@1.20.1)
6782:             1             16  net.minecraft.client.telemetry.TelemetryEventType$$Lambda$5984/0x0000000800e98fa0 (minecraft@1.20.1)
6783:             1             16  net.minecraft.client.telemetry.TelemetryEventType$$Lambda$5986/0x0000000800e99c50 (minecraft@1.20.1)
6784:             1             16  net.minecraft.client.telemetry.TelemetryProperty$$Lambda$1031/0x0000000800551308 (minecraft@1.20.1)
6785:             1             16  net.minecraft.client.telemetry.TelemetryProperty$$Lambda$1040/0x0000000800552930 (minecraft@1.20.1)
6786:             1             16  net.minecraft.client.telemetry.TelemetryProperty$$Lambda$1041/0x0000000800552b50 (minecraft@1.20.1)
6787:             1             16  net.minecraft.client.telemetry.TelemetryProperty$$Lambda$1123/0x000000080057ada0 (minecraft@1.20.1)
6788:             1             16  net.minecraft.client.telemetry.TelemetryProperty$$Lambda$1124/0x000000080057afc0 (minecraft@1.20.1)
6789:             1             16  net.minecraft.client.telemetry.TelemetryProperty$$Lambda$1126/0x000000080057b860 (minecraft@1.20.1)
6790:             1             16  net.minecraft.client.telemetry.TelemetryProperty$$Lambda$1127/0x000000080057ba80 (minecraft@1.20.1)
6791:             1             16  net.minecraft.client.telemetry.TelemetryProperty$$Lambda$1128/0x000000080057bca0 (minecraft@1.20.1)
6792:             1             16  net.minecraft.client.telemetry.TelemetryProperty$$Lambda$1129/0x0000000800584000 (minecraft@1.20.1)
6793:             1             16  net.minecraft.client.telemetry.TelemetryProperty$$Lambda$1132/0x00000008005848a8 (minecraft@1.20.1)
6794:             1             16  net.minecraft.client.telemetry.TelemetryProperty$$Lambda$1133/0x0000000800584ac8 (minecraft@1.20.1)
6795:             1             16  net.minecraft.client.telemetry.TelemetryProperty$GameMode$$Lambda$1125/0x000000080057b640 (minecraft@1.20.1)
6796:             1             16  net.minecraft.client.telemetry.TelemetryProperty$ServerType$$Lambda$1042/0x00000008005535c0 (minecraft@1.20.1)
6797:             1             16  net.minecraft.client.telemetry.TelemetryPropertyMap (minecraft@1.20.1)
6798:             1             16  net.minecraft.client.telemetry.events.GameLoadTimesEvent$Measurement$$Lambda$1130/0x0000000800584428 (minecraft@1.20.1)
6799:             1             16  net.minecraft.client.telemetry.events.GameLoadTimesEvent$Measurement$$Lambda$1131/0x0000000800584668 (minecraft@1.20.1)
6800:             1             16  net.minecraft.client.tutorial.TutorialSteps$$Lambda$4444/0x0000000800c00928 (minecraft@1.20.1)
6801:             1             16  net.minecraft.client.tutorial.TutorialSteps$$Lambda$4445/0x0000000800c00e08 (minecraft@1.20.1)
6802:             1             16  net.minecraft.client.tutorial.TutorialSteps$$Lambda$4446/0x0000000800c012e8 (minecraft@1.20.1)
6803:             1             16  net.minecraft.client.tutorial.TutorialSteps$$Lambda$4447/0x0000000800c017c8 (minecraft@1.20.1)
6804:             1             16  net.minecraft.client.tutorial.TutorialSteps$$Lambda$4448/0x0000000800c01ca8 (minecraft@1.20.1)
6805:             1             16  net.minecraft.client.tutorial.TutorialSteps$$Lambda$4449/0x0000000800c02180 (minecraft@1.20.1)
6806:             1             16  net.minecraft.commands.BrigadierExceptions (minecraft@1.20.1)
6807:             1             16  net.minecraft.commands.BrigadierExceptions$$Lambda$1152/0x0000000800585500 (minecraft@1.20.1)
6808:             1             16  net.minecraft.commands.BrigadierExceptions$$Lambda$1153/0x0000000800585720 (minecraft@1.20.1)
6809:             1             16  net.minecraft.commands.BrigadierExceptions$$Lambda$1154/0x0000000800585940 (minecraft@1.20.1)
6810:             1             16  net.minecraft.commands.BrigadierExceptions$$Lambda$1155/0x0000000800585b60 (minecraft@1.20.1)
6811:             1             16  net.minecraft.commands.BrigadierExceptions$$Lambda$1156/0x0000000800585d80 (minecraft@1.20.1)
6812:             1             16  net.minecraft.commands.BrigadierExceptions$$Lambda$1157/0x0000000800585fa0 (minecraft@1.20.1)
6813:             1             16  net.minecraft.commands.BrigadierExceptions$$Lambda$1158/0x00000008005861c0 (minecraft@1.20.1)
6814:             1             16  net.minecraft.commands.BrigadierExceptions$$Lambda$1159/0x00000008005863e0 (minecraft@1.20.1)
6815:             1             16  net.minecraft.commands.BrigadierExceptions$$Lambda$1160/0x0000000800586600 (minecraft@1.20.1)
6816:             1             16  net.minecraft.commands.BrigadierExceptions$$Lambda$1197/0x0000000800592d38 (minecraft@1.20.1)
6817:             1             16  net.minecraft.commands.BrigadierExceptions$$Lambda$1198/0x0000000800592f78 (minecraft@1.20.1)
6818:             1             16  net.minecraft.commands.BrigadierExceptions$$Lambda$1199/0x00000008005931b8 (minecraft@1.20.1)
6819:             1             16  net.minecraft.commands.BrigadierExceptions$$Lambda$1200/0x00000008005933f8 (minecraft@1.20.1)
6820:             1             16  net.minecraft.commands.BrigadierExceptions$$Lambda$1201/0x0000000800593638 (minecraft@1.20.1)
6821:             1             16  net.minecraft.commands.BrigadierExceptions$$Lambda$1202/0x0000000800593878 (minecraft@1.20.1)
6822:             1             16  net.minecraft.commands.BrigadierExceptions$$Lambda$1203/0x0000000800593ab8 (minecraft@1.20.1)
6823:             1             16  net.minecraft.commands.BrigadierExceptions$$Lambda$1204/0x0000000800593cf8 (minecraft@1.20.1)
6824:             1             16  net.minecraft.commands.CommandSource$1 (minecraft@1.20.1)
6825:             1             16  net.minecraft.commands.arguments.EntityArgument$Info (minecraft@1.20.1)
6826:             1             16  net.minecraft.commands.arguments.ResourceArgument$Info (minecraft@1.20.1)
6827:             1             16  net.minecraft.commands.arguments.ResourceKeyArgument$Info (minecraft@1.20.1)
6828:             1             16  net.minecraft.commands.arguments.ResourceOrTagArgument$Info (minecraft@1.20.1)
6829:             1             16  net.minecraft.commands.arguments.ResourceOrTagKeyArgument$Info (minecraft@1.20.1)
6830:             1             16  net.minecraft.commands.arguments.ScoreHolderArgument$Info (minecraft@1.20.1)
6831:             1             16  net.minecraft.commands.arguments.TimeArgument$Info (minecraft@1.20.1)
6832:             1             16  net.minecraft.commands.arguments.selector.options.EntitySelectorOptions$$Lambda$2609/0x00000008009e8378 (minecraft@1.20.1)
6833:             1             16  net.minecraft.commands.arguments.selector.options.EntitySelectorOptions$$Lambda$2610/0x00000008009e85b8 (minecraft@1.20.1)
6834:             1             16  net.minecraft.commands.arguments.selector.options.EntitySelectorOptions$$Lambda$2611/0x00000008009e87f8 (minecraft@1.20.1)
6835:             1             16  net.minecraft.commands.arguments.selector.options.EntitySelectorOptions$$Lambda$2612/0x00000008009e8a38 (minecraft@1.20.1)
6836:             1             16  net.minecraft.commands.arguments.selector.options.EntitySelectorOptions$$Lambda$2613/0x00000008009e8c78 (minecraft@1.20.1)
6837:             1             16  net.minecraft.commands.arguments.selector.options.EntitySelectorOptions$$Lambda$2614/0x00000008009e94b8 (minecraft@1.20.1)
6838:             1             16  net.minecraft.commands.arguments.selector.options.EntitySelectorOptions$$Lambda$2615/0x00000008009e96d8 (minecraft@1.20.1)
6839:             1             16  net.minecraft.commands.arguments.selector.options.EntitySelectorOptions$$Lambda$2616/0x00000008009e9b38 (minecraft@1.20.1)
6840:             1             16  net.minecraft.commands.arguments.selector.options.EntitySelectorOptions$$Lambda$2617/0x00000008009e9d58 (minecraft@1.20.1)
6841:             1             16  net.minecraft.commands.arguments.selector.options.EntitySelectorOptions$$Lambda$2618/0x00000008009e9fa8 (minecraft@1.20.1)
6842:             1             16  net.minecraft.commands.arguments.selector.options.EntitySelectorOptions$$Lambda$2619/0x00000008009ea1c8 (minecraft@1.20.1)
6843:             1             16  net.minecraft.commands.arguments.selector.options.EntitySelectorOptions$$Lambda$2620/0x00000008009ea418 (minecraft@1.20.1)
6844:             1             16  net.minecraft.commands.arguments.selector.options.EntitySelectorOptions$$Lambda$2621/0x00000008009ea638 (minecraft@1.20.1)
6845:             1             16  net.minecraft.commands.arguments.selector.options.EntitySelectorOptions$$Lambda$2622/0x00000008009ea888 (minecraft@1.20.1)
6846:             1             16  net.minecraft.commands.arguments.selector.options.EntitySelectorOptions$$Lambda$2623/0x00000008009eaaa8 (minecraft@1.20.1)
6847:             1             16  net.minecraft.commands.arguments.selector.options.EntitySelectorOptions$$Lambda$2624/0x00000008009eacf8 (minecraft@1.20.1)
6848:             1             16  net.minecraft.commands.arguments.selector.options.EntitySelectorOptions$$Lambda$2625/0x00000008009eaf18 (minecraft@1.20.1)
6849:             1             16  net.minecraft.commands.arguments.selector.options.EntitySelectorOptions$$Lambda$2626/0x00000008009eb168 (minecraft@1.20.1)
6850:             1             16  net.minecraft.commands.arguments.selector.options.EntitySelectorOptions$$Lambda$2627/0x00000008009eb388 (minecraft@1.20.1)
6851:             1             16  net.minecraft.commands.arguments.selector.options.EntitySelectorOptions$$Lambda$2628/0x00000008009eb5d8 (minecraft@1.20.1)
6852:             1             16  net.minecraft.commands.arguments.selector.options.EntitySelectorOptions$$Lambda$2629/0x00000008009eb7f8 (minecraft@1.20.1)
6853:             1             16  net.minecraft.commands.arguments.selector.options.EntitySelectorOptions$$Lambda$2630/0x00000008009eba48 (minecraft@1.20.1)
6854:             1             16  net.minecraft.commands.arguments.selector.options.EntitySelectorOptions$$Lambda$2631/0x00000008009ebc68 (minecraft@1.20.1)
6855:             1             16  net.minecraft.commands.arguments.selector.options.EntitySelectorOptions$$Lambda$2632/0x00000008009ebeb8 (minecraft@1.20.1)
6856:             1             16  net.minecraft.commands.arguments.selector.options.EntitySelectorOptions$$Lambda$2633/0x00000008009ec0d8 (minecraft@1.20.1)
6857:             1             16  net.minecraft.commands.arguments.selector.options.EntitySelectorOptions$$Lambda$2634/0x00000008009ec328 (minecraft@1.20.1)
6858:             1             16  net.minecraft.commands.arguments.selector.options.EntitySelectorOptions$$Lambda$2635/0x00000008009ec548 (minecraft@1.20.1)
6859:             1             16  net.minecraft.commands.arguments.selector.options.EntitySelectorOptions$$Lambda$2636/0x00000008009ec798 (minecraft@1.20.1)
6860:             1             16  net.minecraft.commands.arguments.selector.options.EntitySelectorOptions$$Lambda$2637/0x00000008009ec9b8 (minecraft@1.20.1)
6861:             1             16  net.minecraft.commands.arguments.selector.options.EntitySelectorOptions$$Lambda$2638/0x00000008009ecc08 (minecraft@1.20.1)
6862:             1             16  net.minecraft.commands.arguments.selector.options.EntitySelectorOptions$$Lambda$2639/0x00000008009ece28 (minecraft@1.20.1)
6863:             1             16  net.minecraft.commands.arguments.selector.options.EntitySelectorOptions$$Lambda$2640/0x00000008009ed078 (minecraft@1.20.1)
6864:             1             16  net.minecraft.commands.arguments.selector.options.EntitySelectorOptions$$Lambda$2641/0x00000008009ed298 (minecraft@1.20.1)
6865:             1             16  net.minecraft.commands.arguments.selector.options.EntitySelectorOptions$$Lambda$2642/0x00000008009ed4e8 (minecraft@1.20.1)
6866:             1             16  net.minecraft.commands.arguments.selector.options.EntitySelectorOptions$$Lambda$2643/0x00000008009ed708 (minecraft@1.20.1)
6867:             1             16  net.minecraft.commands.arguments.selector.options.EntitySelectorOptions$$Lambda$2644/0x00000008009ed958 (minecraft@1.20.1)
6868:             1             16  net.minecraft.commands.arguments.selector.options.EntitySelectorOptions$$Lambda$2645/0x00000008009edb78 (minecraft@1.20.1)
6869:             1             16  net.minecraft.commands.arguments.selector.options.EntitySelectorOptions$$Lambda$2646/0x00000008009eddc8 (minecraft@1.20.1)
6870:             1             16  net.minecraft.commands.arguments.selector.options.EntitySelectorOptions$$Lambda$2647/0x00000008009edfe8 (minecraft@1.20.1)
6871:             1             16  net.minecraft.commands.arguments.selector.options.EntitySelectorOptions$$Lambda$2648/0x00000008009ee238 (minecraft@1.20.1)
6872:             1             16  net.minecraft.commands.arguments.selector.options.EntitySelectorOptions$$Lambda$2649/0x00000008009ee458 (minecraft@1.20.1)
6873:             1             16  net.minecraft.commands.arguments.selector.options.EntitySelectorOptions$$Lambda$2650/0x00000008009ee6a8 (minecraft@1.20.1)
6874:             1             16  net.minecraft.commands.arguments.selector.options.EntitySelectorOptions$$Lambda$2651/0x00000008009ee8c8 (minecraft@1.20.1)
6875:             1             16  net.minecraft.commands.arguments.selector.options.EntitySelectorOptions$$Lambda$2652/0x00000008009eeb18 (minecraft@1.20.1)
6876:             1             16  net.minecraft.commands.arguments.selector.options.EntitySelectorOptions$$Lambda$2653/0x00000008009eed38 (minecraft@1.20.1)
6877:             1             16  net.minecraft.commands.arguments.selector.options.EntitySelectorOptions$$Lambda$2654/0x00000008009eef88 (minecraft@1.20.1)
6878:             1             16  net.minecraft.commands.arguments.selector.options.EntitySelectorOptions$$Lambda$2655/0x00000008009ef1a8 (minecraft@1.20.1)
6879:             1             16  net.minecraft.commands.synchronization.ArgumentTypeInfos$$Lambda$2823/0x0000000800a2da38 (minecraft@1.20.1)
6880:             1             16  net.minecraft.commands.synchronization.ArgumentTypeInfos$$Lambda$2825/0x0000000800a31570 (minecraft@1.20.1)
6881:             1             16  net.minecraft.commands.synchronization.ArgumentTypeInfos$$Lambda$2826/0x0000000800a31be0 (minecraft@1.20.1)
6882:             1             16  net.minecraft.commands.synchronization.ArgumentTypeInfos$$Lambda$2827/0x0000000800a32050 (minecraft@1.20.1)
6883:             1             16  net.minecraft.commands.synchronization.ArgumentTypeInfos$$Lambda$2828/0x0000000800a324c0 (minecraft@1.20.1)
6884:             1             16  net.minecraft.commands.synchronization.ArgumentTypeInfos$$Lambda$2829/0x0000000800a32930 (minecraft@1.20.1)
6885:             1             16  net.minecraft.commands.synchronization.ArgumentTypeInfos$$Lambda$2830/0x0000000800a32da8 (minecraft@1.20.1)
6886:             1             16  net.minecraft.commands.synchronization.ArgumentTypeInfos$$Lambda$2831/0x0000000800a33440 (minecraft@1.20.1)
6887:             1             16  net.minecraft.commands.synchronization.ArgumentTypeInfos$$Lambda$2832/0x0000000800a338d8 (minecraft@1.20.1)
6888:             1             16  net.minecraft.commands.synchronization.ArgumentTypeInfos$$Lambda$2833/0x0000000800a33d70 (minecraft@1.20.1)
6889:             1             16  net.minecraft.commands.synchronization.ArgumentTypeInfos$$Lambda$2834/0x0000000800a34200 (minecraft@1.20.1)
6890:             1             16  net.minecraft.commands.synchronization.ArgumentTypeInfos$$Lambda$2835/0x0000000800a34670 (minecraft@1.20.1)
6891:             1             16  net.minecraft.commands.synchronization.ArgumentTypeInfos$$Lambda$2836/0x0000000800a34cf8 (minecraft@1.20.1)
6892:             1             16  net.minecraft.commands.synchronization.ArgumentTypeInfos$$Lambda$2837/0x0000000800a35168 (minecraft@1.20.1)
6893:             1             16  net.minecraft.commands.synchronization.ArgumentTypeInfos$$Lambda$2838/0x0000000800a355d8 (minecraft@1.20.1)
6894:             1             16  net.minecraft.commands.synchronization.ArgumentTypeInfos$$Lambda$2839/0x0000000800a35c48 (minecraft@1.20.1)
6895:             1             16  net.minecraft.commands.synchronization.ArgumentTypeInfos$$Lambda$2840/0x0000000800a360b8 (minecraft@1.20.1)
6896:             1             16  net.minecraft.commands.synchronization.ArgumentTypeInfos$$Lambda$2841/0x0000000800a36530 (minecraft@1.20.1)
6897:             1             16  net.minecraft.commands.synchronization.ArgumentTypeInfos$$Lambda$2842/0x0000000800a36ba0 (minecraft@1.20.1)
6898:             1             16  net.minecraft.commands.synchronization.ArgumentTypeInfos$$Lambda$2843/0x0000000800a37018 (minecraft@1.20.1)
6899:             1             16  net.minecraft.commands.synchronization.ArgumentTypeInfos$$Lambda$2844/0x0000000800a374a8 (minecraft@1.20.1)
6900:             1             16  net.minecraft.commands.synchronization.ArgumentTypeInfos$$Lambda$2845/0x0000000800a37918 (minecraft@1.20.1)
6901:             1             16  net.minecraft.commands.synchronization.ArgumentTypeInfos$$Lambda$2846/0x0000000800a37d88 (minecraft@1.20.1)
6902:             1             16  net.minecraft.commands.synchronization.ArgumentTypeInfos$$Lambda$2847/0x0000000800a38718 (minecraft@1.20.1)
6903:             1             16  net.minecraft.commands.synchronization.ArgumentTypeInfos$$Lambda$2848/0x0000000800a38b88 (minecraft@1.20.1)
6904:             1             16  net.minecraft.commands.synchronization.ArgumentTypeInfos$$Lambda$2849/0x0000000800a38ff8 (minecraft@1.20.1)
6905:             1             16  net.minecraft.commands.synchronization.ArgumentTypeInfos$$Lambda$2850/0x0000000800a39468 (minecraft@1.20.1)
6906:             1             16  net.minecraft.commands.synchronization.ArgumentTypeInfos$$Lambda$2851/0x0000000800a39ad8 (minecraft@1.20.1)
6907:             1             16  net.minecraft.commands.synchronization.ArgumentTypeInfos$$Lambda$2852/0x0000000800a39f48 (minecraft@1.20.1)
6908:             1             16  net.minecraft.commands.synchronization.ArgumentTypeInfos$$Lambda$2853/0x0000000800a3a5d0 (minecraft@1.20.1)
6909:             1             16  net.minecraft.commands.synchronization.ArgumentTypeInfos$$Lambda$2854/0x0000000800a3aa58 (minecraft@1.20.1)
6910:             1             16  net.minecraft.commands.synchronization.ArgumentTypeInfos$$Lambda$2855/0x0000000800a3aec8 (minecraft@1.20.1)
6911:             1             16  net.minecraft.commands.synchronization.ArgumentTypeInfos$$Lambda$2856/0x0000000800a3b338 (minecraft@1.20.1)
6912:             1             16  net.minecraft.commands.synchronization.ArgumentTypeInfos$$Lambda$2857/0x0000000800a3d220 (minecraft@1.20.1)
6913:             1             16  net.minecraft.commands.synchronization.ArgumentTypeInfos$$Lambda$2858/0x0000000800a3d6a0 (minecraft@1.20.1)
6914:             1             16  net.minecraft.commands.synchronization.ArgumentTypeInfos$$Lambda$2859/0x0000000800a3db20 (minecraft@1.20.1)
6915:             1             16  net.minecraft.commands.synchronization.ArgumentTypeInfos$$Lambda$2860/0x0000000800a3df90 (minecraft@1.20.1)
6916:             1             16  net.minecraft.commands.synchronization.ArgumentTypeInfos$$Lambda$2861/0x0000000800a3e400 (minecraft@1.20.1)
6917:             1             16  net.minecraft.commands.synchronization.ArgumentTypeInfos$$Lambda$2862/0x0000000800a3e870 (minecraft@1.20.1)
6918:             1             16  net.minecraft.commands.synchronization.brigadier.DoubleArgumentInfo (minecraft@1.20.1)
6919:             1             16  net.minecraft.commands.synchronization.brigadier.FloatArgumentInfo (minecraft@1.20.1)
6920:             1             16  net.minecraft.commands.synchronization.brigadier.IntegerArgumentInfo (minecraft@1.20.1)
6921:             1             16  net.minecraft.commands.synchronization.brigadier.LongArgumentInfo (minecraft@1.20.1)
6922:             1             16  net.minecraft.commands.synchronization.brigadier.StringArgumentSerializer (minecraft@1.20.1)
6923:             1             16  net.minecraft.core.BlockMath$$Lambda$5650/0x0000000800e218c8 (minecraft@1.20.1)
6924:             1             16  net.minecraft.core.BlockMath$$Lambda$5651/0x0000000800e21af8 (minecraft@1.20.1)
6925:             1             16  net.minecraft.core.BlockPos$$Lambda$1686/0x000000080078e128 (minecraft@1.20.1)
6926:             1             16  net.minecraft.core.BlockPos$$Lambda$1687/0x000000080078e368 (minecraft@1.20.1)
6927:             1             16  net.minecraft.core.Direction$$Lambda$1420/0x000000080065fdc8 (minecraft@1.20.1)
6928:             1             16  net.minecraft.core.Direction$$Lambda$1421/0x0000000800660000 (minecraft@1.20.1)
6929:             1             16  net.minecraft.core.Direction$$Lambda$1422/0x0000000800660240 (minecraft@1.20.1)
6930:             1             16  net.minecraft.core.Direction$$Lambda$1423/0x0000000800660460 (minecraft@1.20.1)
6931:             1             16  net.minecraft.core.Direction$$Lambda$1424/0x0000000800660680 (minecraft@1.20.1)
6932:             1             16  net.minecraft.core.Direction$$Lambda$1425/0x00000008006608d0 (minecraft@1.20.1)
6933:             1             16  net.minecraft.core.Direction$$Lambda$1426/0x0000000800660af0 (minecraft@1.20.1)
6934:             1             16  net.minecraft.core.Direction$Axis$$Lambda$1417/0x000000080065f728 (minecraft@1.20.1)
6935:             1             16  net.minecraft.core.FrontAndTop$$Lambda$1435/0x0000000800670260 (minecraft@1.20.1)
6936:             1             16  net.minecraft.core.GlobalPos$$Lambda$2511/0x00000008009a18b8 (minecraft@1.20.1)
6937:             1             16  net.minecraft.core.GlobalPos$$Lambda$2514/0x00000008009b1b10 (minecraft@1.20.1)
6938:             1             16  net.minecraft.core.GlobalPos$$Lambda$2515/0x00000008009b1d50 (minecraft@1.20.1)
6939:             1             16  net.minecraft.core.GlobalPos$$Lambda$2516/0x00000008009b1f90 (minecraft@1.20.1)
6940:             1             16  net.minecraft.core.Holder$Direct (minecraft@1.20.1)
6941:             1             16  net.minecraft.core.MappedRegistry$$Lambda$1321/0x00000008005cd9b8 (minecraft@1.20.1)
6942:             1             16  net.minecraft.core.MappedRegistry$$Lambda$4220/0x0000000800b830e8 (minecraft@1.20.1)
6943:             1             16  net.minecraft.core.MappedRegistry$$Lambda$4221/0x0000000800b83338 (minecraft@1.20.1)
6944:             1             16  net.minecraft.core.MappedRegistry$$Lambda$4222/0x0000000800b83578 (minecraft@1.20.1)
6945:             1             16  net.minecraft.core.MappedRegistry$$Lambda$4223/0x0000000800b837c8 (minecraft@1.20.1)
6946:             1             16  net.minecraft.core.Registry$1 (minecraft@1.20.1)
6947:             1             16  net.minecraft.core.UUIDUtil$$Lambda$1032/0x0000000800551730 (minecraft@1.20.1)
6948:             1             16  net.minecraft.core.UUIDUtil$$Lambda$1033/0x0000000800551970 (minecraft@1.20.1)
6949:             1             16  net.minecraft.core.UUIDUtil$$Lambda$1034/0x0000000800551bb0 (minecraft@1.20.1)
6950:             1             16  net.minecraft.core.UUIDUtil$$Lambda$1035/0x0000000800551df0 (minecraft@1.20.1)
6951:             1             16  net.minecraft.core.UUIDUtil$$Lambda$1036/0x0000000800552030 (minecraft@1.20.1)
6952:             1             16  net.minecraft.core.UUIDUtil$$Lambda$1037/0x0000000800552270 (minecraft@1.20.1)
6953:             1             16  net.minecraft.core.UUIDUtil$$Lambda$1038/0x00000008005524b0 (minecraft@1.20.1)
6954:             1             16  net.minecraft.core.UUIDUtil$$Lambda$1039/0x00000008005526f0 (minecraft@1.20.1)
6955:             1             16  net.minecraft.core.Vec3i$$Lambda$1418/0x000000080065f948 (minecraft@1.20.1)
6956:             1             16  net.minecraft.core.Vec3i$$Lambda$1419/0x000000080065fb88 (minecraft@1.20.1)
6957:             1             16  net.minecraft.core.cauldron.CauldronInteraction$$Lambda$1693/0x0000000800794000 (minecraft@1.20.1)
6958:             1             16  net.minecraft.core.cauldron.CauldronInteraction$$Lambda$1694/0x0000000800794c78 (minecraft@1.20.1)
6959:             1             16  net.minecraft.core.cauldron.CauldronInteraction$$Lambda$1695/0x0000000800794e98 (minecraft@1.20.1)
6960:             1             16  net.minecraft.core.cauldron.CauldronInteraction$$Lambda$1696/0x00000008007950b8 (minecraft@1.20.1)
6961:             1             16  net.minecraft.core.cauldron.CauldronInteraction$$Lambda$1697/0x00000008007952d8 (minecraft@1.20.1)
6962:             1             16  net.minecraft.core.cauldron.CauldronInteraction$$Lambda$1698/0x00000008007954f8 (minecraft@1.20.1)
6963:             1             16  net.minecraft.core.cauldron.CauldronInteraction$$Lambda$1699/0x0000000800795718 (minecraft@1.20.1)
6964:             1             16  net.minecraft.core.cauldron.CauldronInteraction$$Lambda$1700/0x0000000800795938 (minecraft@1.20.1)
6965:             1             16  net.minecraft.core.cauldron.CauldronInteraction$$Lambda$2657/0x00000008009f3a90 (minecraft@1.20.1)
6966:             1             16  net.minecraft.core.cauldron.CauldronInteraction$$Lambda$2658/0x00000008009f3cb0 (minecraft@1.20.1)
6967:             1             16  net.minecraft.core.cauldron.CauldronInteraction$$Lambda$2659/0x00000008009f3ed0 (minecraft@1.20.1)
6968:             1             16  net.minecraft.core.cauldron.CauldronInteraction$$Lambda$2660/0x00000008009f40f0 (minecraft@1.20.1)
6969:             1             16  net.minecraft.core.cauldron.CauldronInteraction$$Lambda$2661/0x00000008009f4310 (minecraft@1.20.1)
6970:             1             16  net.minecraft.core.cauldron.CauldronInteraction$$Lambda$2662/0x00000008009f4530 (minecraft@1.20.1)
6971:             1             16  net.minecraft.core.dispenser.DispenseItemBehavior$$Lambda$2656/0x00000008009ef3f8 (minecraft@1.20.1)
6972:             1             16  net.minecraft.core.dispenser.DispenseItemBehavior$1 (minecraft@1.20.1)
6973:             1             16  net.minecraft.core.dispenser.DispenseItemBehavior$10 (minecraft@1.20.1)
6974:             1             16  net.minecraft.core.dispenser.DispenseItemBehavior$11 (minecraft@1.20.1)
6975:             1             16  net.minecraft.core.dispenser.DispenseItemBehavior$12 (minecraft@1.20.1)
6976:             1             16  net.minecraft.core.dispenser.DispenseItemBehavior$13 (minecraft@1.20.1)
6977:             1             16  net.minecraft.core.dispenser.DispenseItemBehavior$14 (minecraft@1.20.1)
6978:             1             16  net.minecraft.core.dispenser.DispenseItemBehavior$15 (minecraft@1.20.1)
6979:             1             16  net.minecraft.core.dispenser.DispenseItemBehavior$16 (minecraft@1.20.1)
6980:             1             16  net.minecraft.core.dispenser.DispenseItemBehavior$17 (minecraft@1.20.1)
6981:             1             16  net.minecraft.core.dispenser.DispenseItemBehavior$18 (minecraft@1.20.1)
6982:             1             16  net.minecraft.core.dispenser.DispenseItemBehavior$19 (minecraft@1.20.1)
6983:             1             16  net.minecraft.core.dispenser.DispenseItemBehavior$2 (minecraft@1.20.1)
6984:             1             16  net.minecraft.core.dispenser.DispenseItemBehavior$20 (minecraft@1.20.1)
6985:             1             16  net.minecraft.core.dispenser.DispenseItemBehavior$21 (minecraft@1.20.1)
6986:             1             16  net.minecraft.core.dispenser.DispenseItemBehavior$22 (minecraft@1.20.1)
6987:             1             16  net.minecraft.core.dispenser.DispenseItemBehavior$23 (minecraft@1.20.1)
6988:             1             16  net.minecraft.core.dispenser.DispenseItemBehavior$25 (minecraft@1.20.1)
6989:             1             16  net.minecraft.core.dispenser.DispenseItemBehavior$26 (minecraft@1.20.1)
6990:             1             16  net.minecraft.core.dispenser.DispenseItemBehavior$27 (minecraft@1.20.1)
6991:             1             16  net.minecraft.core.dispenser.DispenseItemBehavior$3 (minecraft@1.20.1)
6992:             1             16  net.minecraft.core.dispenser.DispenseItemBehavior$4 (minecraft@1.20.1)
6993:             1             16  net.minecraft.core.dispenser.DispenseItemBehavior$5 (minecraft@1.20.1)
6994:             1             16  net.minecraft.core.dispenser.DispenseItemBehavior$6 (minecraft@1.20.1)
6995:             1             16  net.minecraft.core.dispenser.DispenseItemBehavior$7 (minecraft@1.20.1)
6996:             1             16  net.minecraft.core.dispenser.DispenseItemBehavior$8 (minecraft@1.20.1)
6997:             1             16  net.minecraft.core.dispenser.DispenseItemBehavior$9 (minecraft@1.20.1)
6998:             1             16  net.minecraft.core.dispenser.ShearsDispenseItemBehavior (minecraft@1.20.1)
6999:             1             16  net.minecraft.core.particles.BlockParticleOption$1 (minecraft@1.20.1)
7000:             1             16  net.minecraft.core.particles.DustColorTransitionOptions$$Lambda$1601/0x000000080075eae0 (minecraft@1.20.1)
7001:             1             16  net.minecraft.core.particles.DustColorTransitionOptions$$Lambda$1602/0x000000080075ed20 (minecraft@1.20.1)
7002:             1             16  net.minecraft.core.particles.DustColorTransitionOptions$$Lambda$1603/0x000000080075ef60 (minecraft@1.20.1)
7003:             1             16  net.minecraft.core.particles.DustColorTransitionOptions$$Lambda$1604/0x000000080075f1a0 (minecraft@1.20.1)
7004:             1             16  net.minecraft.core.particles.DustColorTransitionOptions$$Lambda$1605/0x000000080075f3e0 (minecraft@1.20.1)
7005:             1             16  net.minecraft.core.particles.DustColorTransitionOptions$1 (minecraft@1.20.1)
7006:             1             16  net.minecraft.core.particles.DustParticleOptions$$Lambda$1596/0x000000080075daf8 (minecraft@1.20.1)
7007:             1             16  net.minecraft.core.particles.DustParticleOptions$$Lambda$1597/0x000000080075dd38 (minecraft@1.20.1)
7008:             1             16  net.minecraft.core.particles.DustParticleOptions$$Lambda$1598/0x000000080075df78 (minecraft@1.20.1)
7009:             1             16  net.minecraft.core.particles.DustParticleOptions$$Lambda$1599/0x000000080075e1b8 (minecraft@1.20.1)
7010:             1             16  net.minecraft.core.particles.DustParticleOptions$1 (minecraft@1.20.1)
7011:             1             16  net.minecraft.core.particles.ItemParticleOption$1 (minecraft@1.20.1)
7012:             1             16  net.minecraft.core.particles.ParticleTypes$$Lambda$1592/0x000000080075cb10 (minecraft@1.20.1)
7013:             1             16  net.minecraft.core.particles.ParticleTypes$$Lambda$1593/0x000000080075cf78 (minecraft@1.20.1)
7014:             1             16  net.minecraft.core.particles.ParticleTypes$$Lambda$1600/0x000000080075e630 (minecraft@1.20.1)
7015:             1             16  net.minecraft.core.particles.ParticleTypes$$Lambda$1606/0x000000080075f868 (minecraft@1.20.1)
7016:             1             16  net.minecraft.core.particles.ParticleTypes$$Lambda$1607/0x000000080075faa8 (minecraft@1.20.1)
7017:             1             16  net.minecraft.core.particles.ParticleTypes$$Lambda$1611/0x0000000800764908 (minecraft@1.20.1)
7018:             1             16  net.minecraft.core.particles.ParticleTypes$$Lambda$1612/0x0000000800764fe8 (minecraft@1.20.1)
7019:             1             16  net.minecraft.core.particles.ParticleTypes$$Lambda$1619/0x0000000800766640 (minecraft@1.20.1)
7020:             1             16  net.minecraft.core.particles.ParticleTypes$$Lambda$1623/0x00000008007673d8 (minecraft@1.20.1)
7021:             1             16  net.minecraft.core.particles.ParticleTypes$$Lambda$1624/0x0000000800767618 (minecraft@1.20.1)
7022:             1             16  net.minecraft.core.particles.ParticleTypes$$Lambda$1625/0x0000000800767858 (minecraft@1.20.1)
7023:             1             16  net.minecraft.core.particles.SculkChargeParticleOptions$$Lambda$1608/0x0000000800764000 (minecraft@1.20.1)
7024:             1             16  net.minecraft.core.particles.SculkChargeParticleOptions$$Lambda$1609/0x0000000800764240 (minecraft@1.20.1)
7025:             1             16  net.minecraft.core.particles.SculkChargeParticleOptions$$Lambda$1610/0x0000000800764480 (minecraft@1.20.1)
7026:             1             16  net.minecraft.core.particles.SculkChargeParticleOptions$1 (minecraft@1.20.1)
7027:             1             16  net.minecraft.core.particles.ShriekParticleOption$$Lambda$1620/0x0000000800766ad0 (minecraft@1.20.1)
7028:             1             16  net.minecraft.core.particles.ShriekParticleOption$$Lambda$1621/0x0000000800766d10 (minecraft@1.20.1)
7029:             1             16  net.minecraft.core.particles.ShriekParticleOption$$Lambda$1622/0x0000000800766f50 (minecraft@1.20.1)
7030:             1             16  net.minecraft.core.particles.ShriekParticleOption$1 (minecraft@1.20.1)
7031:             1             16  net.minecraft.core.particles.SimpleParticleType$1 (minecraft@1.20.1)
7032:             1             16  net.minecraft.core.particles.VibrationParticleOption$$Lambda$1613/0x0000000800765488 (minecraft@1.20.1)
7033:             1             16  net.minecraft.core.particles.VibrationParticleOption$$Lambda$1616/0x0000000800765d48 (minecraft@1.20.1)
7034:             1             16  net.minecraft.core.particles.VibrationParticleOption$$Lambda$1617/0x0000000800765f88 (minecraft@1.20.1)
7035:             1             16  net.minecraft.core.particles.VibrationParticleOption$$Lambda$1618/0x00000008007661c8 (minecraft@1.20.1)
7036:             1             16  net.minecraft.core.particles.VibrationParticleOption$1 (minecraft@1.20.1)
7037:             1             16  net.minecraft.core.registries.BuiltInRegistries$$Lambda$1323/0x00000008005ce798 (minecraft@1.20.1)
7038:             1             16  net.minecraft.core.registries.BuiltInRegistries$$Lambda$1329/0x00000008005dc228 (minecraft@1.20.1)
7039:             1             16  net.minecraft.core.registries.BuiltInRegistries$$Lambda$1353/0x000000080064cc28 (minecraft@1.20.1)
7040:             1             16  net.minecraft.core.registries.BuiltInRegistries$$Lambda$1354/0x000000080064d320 (minecraft@1.20.1)
7041:             1             16  net.minecraft.core.registries.BuiltInRegistries$$Lambda$1355/0x000000080064d540 (minecraft@1.20.1)
7042:             1             16  net.minecraft.core.registries.BuiltInRegistries$$Lambda$1356/0x000000080064dc48 (minecraft@1.20.1)
7043:             1             16  net.minecraft.core.registries.BuiltInRegistries$$Lambda$1357/0x000000080064de68 (minecraft@1.20.1)
7044:             1             16  net.minecraft.core.registries.BuiltInRegistries$$Lambda$1358/0x000000080064e088 (minecraft@1.20.1)
7045:             1             16  net.minecraft.core.registries.BuiltInRegistries$$Lambda$1359/0x000000080064e6f0 (minecraft@1.20.1)
7046:             1             16  net.minecraft.core.registries.BuiltInRegistries$$Lambda$1360/0x000000080064eb38 (minecraft@1.20.1)
7047:             1             16  net.minecraft.core.registries.BuiltInRegistries$$Lambda$1361/0x000000080064ef80 (minecraft@1.20.1)
7048:             1             16  net.minecraft.core.registries.BuiltInRegistries$$Lambda$1362/0x000000080064f5c0 (minecraft@1.20.1)
7049:             1             16  net.minecraft.core.registries.BuiltInRegistries$$Lambda$1363/0x000000080064f7e0 (minecraft@1.20.1)
7050:             1             16  net.minecraft.core.registries.BuiltInRegistries$$Lambda$1364/0x000000080064fc58 (minecraft@1.20.1)
7051:             1             16  net.minecraft.core.registries.BuiltInRegistries$$Lambda$1365/0x000000080064a200 (minecraft@1.20.1)
7052:             1             16  net.minecraft.core.registries.BuiltInRegistries$$Lambda$1366/0x000000080064a620 (minecraft@1.20.1)
7053:             1             16  net.minecraft.core.registries.BuiltInRegistries$$Lambda$1367/0x000000080064aa40 (minecraft@1.20.1)
7054:             1             16  net.minecraft.core.registries.BuiltInRegistries$$Lambda$1368/0x000000080064b0d0 (minecraft@1.20.1)
7055:             1             16  net.minecraft.core.registries.BuiltInRegistries$$Lambda$1369/0x000000080064b4f0 (minecraft@1.20.1)
7056:             1             16  net.minecraft.core.registries.BuiltInRegistries$$Lambda$1370/0x000000080064bb10 (minecraft@1.20.1)
7057:             1             16  net.minecraft.core.registries.BuiltInRegistries$$Lambda$1371/0x0000000800649c00 (minecraft@1.20.1)
7058:             1             16  net.minecraft.core.registries.BuiltInRegistries$$Lambda$1372/0x0000000800650200 (minecraft@1.20.1)
7059:             1             16  net.minecraft.core.registries.BuiltInRegistries$$Lambda$1373/0x0000000800650828 (minecraft@1.20.1)
7060:             1             16  net.minecraft.core.registries.BuiltInRegistries$$Lambda$1374/0x0000000800650cc8 (minecraft@1.20.1)
7061:             1             16  net.minecraft.core.registries.BuiltInRegistries$$Lambda$1375/0x00000008006510f8 (minecraft@1.20.1)
7062:             1             16  net.minecraft.core.registries.BuiltInRegistries$$Lambda$1376/0x0000000800651528 (minecraft@1.20.1)
7063:             1             16  net.minecraft.core.registries.BuiltInRegistries$$Lambda$1377/0x0000000800651b60 (minecraft@1.20.1)
7064:             1             16  net.minecraft.core.registries.BuiltInRegistries$$Lambda$1378/0x0000000800651f98 (minecraft@1.20.1)
7065:             1             16  net.minecraft.core.registries.BuiltInRegistries$$Lambda$1379/0x00000008006523d0 (minecraft@1.20.1)
7066:             1             16  net.minecraft.core.registries.BuiltInRegistries$$Lambda$1380/0x0000000800652820 (minecraft@1.20.1)
7067:             1             16  net.minecraft.core.registries.BuiltInRegistries$$Lambda$1381/0x0000000800652c58 (minecraft@1.20.1)
7068:             1             16  net.minecraft.core.registries.BuiltInRegistries$$Lambda$1382/0x00000008006532a8 (minecraft@1.20.1)
7069:             1             16  net.minecraft.core.registries.BuiltInRegistries$$Lambda$1383/0x00000008006536e0 (minecraft@1.20.1)
7070:             1             16  net.minecraft.core.registries.BuiltInRegistries$$Lambda$1384/0x0000000800653b18 (minecraft@1.20.1)
7071:             1             16  net.minecraft.core.registries.BuiltInRegistries$$Lambda$1385/0x0000000800653f50 (minecraft@1.20.1)
7072:             1             16  net.minecraft.core.registries.BuiltInRegistries$$Lambda$1386/0x0000000800654388 (minecraft@1.20.1)
7073:             1             16  net.minecraft.core.registries.BuiltInRegistries$$Lambda$1387/0x00000008006547c0 (minecraft@1.20.1)
7074:             1             16  net.minecraft.core.registries.BuiltInRegistries$$Lambda$1388/0x0000000800654be0 (minecraft@1.20.1)
7075:             1             16  net.minecraft.core.registries.BuiltInRegistries$$Lambda$1389/0x0000000800655000 (minecraft@1.20.1)
7076:             1             16  net.minecraft.core.registries.BuiltInRegistries$$Lambda$1390/0x0000000800655420 (minecraft@1.20.1)
7077:             1             16  net.minecraft.core.registries.BuiltInRegistries$$Lambda$1391/0x0000000800655840 (minecraft@1.20.1)
7078:             1             16  net.minecraft.core.registries.BuiltInRegistries$$Lambda$1392/0x0000000800655cb0 (minecraft@1.20.1)
7079:             1             16  net.minecraft.core.registries.BuiltInRegistries$$Lambda$1393/0x0000000800656110 (minecraft@1.20.1)
7080:             1             16  net.minecraft.core.registries.BuiltInRegistries$$Lambda$1394/0x0000000800656530 (minecraft@1.20.1)
7081:             1             16  net.minecraft.core.registries.BuiltInRegistries$$Lambda$1395/0x0000000800656950 (minecraft@1.20.1)
7082:             1             16  net.minecraft.core.registries.BuiltInRegistries$$Lambda$1396/0x0000000800656d70 (minecraft@1.20.1)
7083:             1             16  net.minecraft.core.registries.BuiltInRegistries$$Lambda$1397/0x0000000800657190 (minecraft@1.20.1)
7084:             1             16  net.minecraft.core.registries.BuiltInRegistries$$Lambda$1398/0x00000008006575c8 (minecraft@1.20.1)
7085:             1             16  net.minecraft.core.registries.BuiltInRegistries$$Lambda$1399/0x0000000800657a00 (minecraft@1.20.1)
7086:             1             16  net.minecraft.core.registries.BuiltInRegistries$$Lambda$1400/0x0000000800658000 (minecraft@1.20.1)
7087:             1             16  net.minecraft.core.registries.BuiltInRegistries$$Lambda$1401/0x0000000800658438 (minecraft@1.20.1)
7088:             1             16  net.minecraft.core.registries.BuiltInRegistries$$Lambda$1402/0x0000000800658870 (minecraft@1.20.1)
7089:             1             16  net.minecraft.core.registries.BuiltInRegistries$$Lambda$1403/0x0000000800658ca8 (minecraft@1.20.1)
7090:             1             16  net.minecraft.core.registries.BuiltInRegistries$$Lambda$1404/0x00000008006590d0 (minecraft@1.20.1)
7091:             1             16  net.minecraft.core.registries.BuiltInRegistries$$Lambda$1405/0x00000008006594f8 (minecraft@1.20.1)
7092:             1             16  net.minecraft.core.registries.BuiltInRegistries$$Lambda$1406/0x0000000800659918 (minecraft@1.20.1)
7093:             1             16  net.minecraft.core.registries.BuiltInRegistries$$Lambda$1407/0x0000000800659d38 (minecraft@1.20.1)
7094:             1             16  net.minecraft.core.registries.BuiltInRegistries$$Lambda$1408/0x000000080065a360 (minecraft@1.20.1)
7095:             1             16  net.minecraft.core.registries.BuiltInRegistries$$Lambda$1409/0x000000080065a780 (minecraft@1.20.1)
7096:             1             16  net.minecraft.core.registries.BuiltInRegistries$$Lambda$1410/0x000000080065aba0 (minecraft@1.20.1)
7097:             1             16  net.minecraft.core.registries.BuiltInRegistries$$Lambda$1411/0x000000080065afd0 (minecraft@1.20.1)
7098:             1             16  net.minecraft.core.registries.BuiltInRegistries$$Lambda$1412/0x000000080065b400 (minecraft@1.20.1)
7099:             1             16  net.minecraft.core.registries.BuiltInRegistries$$Lambda$1413/0x000000080065ba40 (minecraft@1.20.1)
7100:             1             16  net.minecraft.core.registries.BuiltInRegistries$$Lambda$1414/0x000000080065c070 (minecraft@1.20.1)
7101:             1             16  net.minecraft.core.registries.BuiltInRegistries$$Lambda$1415/0x000000080065c498 (minecraft@1.20.1)
7102:             1             16  net.minecraft.core.registries.BuiltInRegistries$$Lambda$1416/0x000000080065cb88 (minecraft@1.20.1)
7103:             1             16  net.minecraft.core.registries.BuiltInRegistries$$Lambda$2663/0x00000008009f4750 (minecraft@1.20.1)
7104:             1             16  net.minecraft.locale.Language$1 (minecraft@1.20.1)
7105:             1             16  net.minecraft.nbt.CompoundTag$$Lambda$1954/0x000000080084ab90 (minecraft@1.20.1)
7106:             1             16  net.minecraft.nbt.CompoundTag$$Lambda$1955/0x000000080084add0 (minecraft@1.20.1)
7107:             1             16  net.minecraft.nbt.CompoundTag$1 (minecraft@1.20.1)
7108:             1             16  net.minecraft.nbt.IntTag$1 (minecraft@1.20.1)
7109:             1             16  net.minecraft.nbt.NbtOps (minecraft@1.20.1)
7110:             1             16  net.minecraft.nbt.StringTag$1 (minecraft@1.20.1)
7111:             1             16  net.minecraft.nbt.TagParser$$Lambda$1951/0x0000000800849f08 (minecraft@1.20.1)
7112:             1             16  net.minecraft.nbt.TagParser$$Lambda$1952/0x000000080084a128 (minecraft@1.20.1)
7113:             1             16  net.minecraft.nbt.TagParser$$Lambda$1953/0x000000080084a348 (minecraft@1.20.1)
7114:             1             16  net.minecraft.network.chat.ChatType$$Lambda$4944/0x0000000800d277a8 (minecraft@1.20.1)
7115:             1             16  net.minecraft.network.chat.ChatType$$Lambda$4945/0x0000000800d279e8 (minecraft@1.20.1)
7116:             1             16  net.minecraft.network.chat.ChatType$$Lambda$4946/0x0000000800d27c28 (minecraft@1.20.1)
7117:             1             16  net.minecraft.network.chat.ChatType$$Lambda$4947/0x0000000800d28000 (minecraft@1.20.1)
7118:             1             16  net.minecraft.network.chat.ChatTypeDecoration$$Lambda$4935/0x0000000800d25970 (minecraft@1.20.1)
7119:             1             16  net.minecraft.network.chat.ChatTypeDecoration$$Lambda$4936/0x0000000800d25bb0 (minecraft@1.20.1)
7120:             1             16  net.minecraft.network.chat.ChatTypeDecoration$$Lambda$4941/0x0000000800d26ed8 (minecraft@1.20.1)
7121:             1             16  net.minecraft.network.chat.ChatTypeDecoration$$Lambda$4942/0x0000000800d27118 (minecraft@1.20.1)
7122:             1             16  net.minecraft.network.chat.ChatTypeDecoration$$Lambda$4943/0x0000000800d27358 (minecraft@1.20.1)
7123:             1             16  net.minecraft.network.chat.ChatTypeDecoration$Parameter$$Lambda$4937/0x0000000800d26460 (minecraft@1.20.1)
7124:             1             16  net.minecraft.network.chat.ChatTypeDecoration$Parameter$$Lambda$4938/0x0000000800d26680 (minecraft@1.20.1)
7125:             1             16  net.minecraft.network.chat.ChatTypeDecoration$Parameter$$Lambda$4939/0x0000000800d268a0 (minecraft@1.20.1)
7126:             1             16  net.minecraft.network.chat.ChatTypeDecoration$Parameter$$Lambda$4940/0x0000000800d26cb8 (minecraft@1.20.1)
7127:             1             16  net.minecraft.network.chat.Component$Serializer$$Lambda$4692/0x0000000800c96470 (minecraft@1.20.1)
7128:             1             16  net.minecraft.network.chat.Component$Serializer$$Lambda$4693/0x0000000800c96d38 (minecraft@1.20.1)
7129:             1             16  net.minecraft.network.chat.Component$Serializer$$Lambda$4694/0x0000000800c96f58 (minecraft@1.20.1)
7130:             1             16  net.minecraft.network.chat.ComponentContents$1 (minecraft@1.20.1)
7131:             1             16  net.minecraft.network.chat.FormattedText$1 (minecraft@1.20.1)
7132:             1             16  net.minecraft.network.chat.Style$$Lambda$1161/0x0000000800587d90 (minecraft@1.20.1)
7133:             1             16  net.minecraft.network.chat.Style$$Lambda$1180/0x0000000800590910 (minecraft@1.20.1)
7134:             1             16  net.minecraft.network.chat.Style$$Lambda$1181/0x0000000800590b50 (minecraft@1.20.1)
7135:             1             16  net.minecraft.network.chat.Style$$Lambda$1182/0x0000000800590d90 (minecraft@1.20.1)
7136:             1             16  net.minecraft.network.chat.Style$$Lambda$1183/0x0000000800590fd0 (minecraft@1.20.1)
7137:             1             16  net.minecraft.network.chat.Style$$Lambda$1184/0x0000000800591210 (minecraft@1.20.1)
7138:             1             16  net.minecraft.network.chat.Style$$Lambda$1185/0x0000000800591450 (minecraft@1.20.1)
7139:             1             16  net.minecraft.network.chat.Style$$Lambda$1186/0x0000000800591690 (minecraft@1.20.1)
7140:             1             16  net.minecraft.network.chat.Style$$Lambda$1190/0x0000000800592868 (minecraft@1.20.1)
7141:             1             16  net.minecraft.network.chat.Style$$Lambda$1191/0x0000000800592aa8 (minecraft@1.20.1)
7142:             1             16  net.minecraft.network.chat.Style$Serializer (minecraft@1.20.1)
7143:             1             16  net.minecraft.network.chat.TextColor$$Lambda$1162/0x00000008005894f8 (minecraft@1.20.1)
7144:             1             16  net.minecraft.network.chat.TextColor$$Lambda$1163/0x0000000800589738 (minecraft@1.20.1)
7145:             1             16  net.minecraft.network.chat.TextColor$$Lambda$1171/0x0000000800590240 (minecraft@1.20.1)
7146:             1             16  net.minecraft.network.chat.TextColor$$Lambda$1172/0x0000000800590490 (minecraft@1.20.1)
7147:             1             16  net.minecraft.network.chat.TextColor$$Lambda$1178/0x00000008005906d0 (minecraft@1.20.1)
7148:             1             16  net.minecraft.network.chat.contents.KeybindResolver$$Lambda$4367/0x0000000800bec9a0 (minecraft@1.20.1)
7149:             1             16  net.minecraft.network.syncher.EntityDataSerializer$$Lambda$2476/0x00000008009a55f0 (minecraft@1.20.1)
7150:             1             16  net.minecraft.network.syncher.EntityDataSerializers$$Lambda$2452/0x0000000800997be8 (minecraft@1.20.1)
7151:             1             16  net.minecraft.network.syncher.EntityDataSerializers$$Lambda$2453/0x000000080099d078 (minecraft@1.20.1)
7152:             1             16  net.minecraft.network.syncher.EntityDataSerializers$$Lambda$2454/0x000000080099d768 (minecraft@1.20.1)
7153:             1             16  net.minecraft.network.syncher.EntityDataSerializers$$Lambda$2455/0x000000080099d9c0 (minecraft@1.20.1)
7154:             1             16  net.minecraft.network.syncher.EntityDataSerializers$$Lambda$2456/0x000000080099dc28 (minecraft@1.20.1)
7155:             1             16  net.minecraft.network.syncher.EntityDataSerializers$$Lambda$2457/0x000000080099de80 (minecraft@1.20.1)
7156:             1             16  net.minecraft.network.syncher.EntityDataSerializers$$Lambda$2458/0x000000080099e0e8 (minecraft@1.20.1)
7157:             1             16  net.minecraft.network.syncher.EntityDataSerializers$$Lambda$2459/0x000000080099e340 (minecraft@1.20.1)
7158:             1             16  net.minecraft.network.syncher.EntityDataSerializers$$Lambda$2460/0x000000080099e5a8 (minecraft@1.20.1)
7159:             1             16  net.minecraft.network.syncher.EntityDataSerializers$$Lambda$2461/0x000000080099e800 (minecraft@1.20.1)
7160:             1             16  net.minecraft.network.syncher.EntityDataSerializers$$Lambda$2462/0x000000080099ea68 (minecraft@1.20.1)
7161:             1             16  net.minecraft.network.syncher.EntityDataSerializers$$Lambda$2463/0x000000080099ecc0 (minecraft@1.20.1)
7162:             1             16  net.minecraft.network.syncher.EntityDataSerializers$$Lambda$2464/0x000000080099ef28 (minecraft@1.20.1)
7163:             1             16  net.minecraft.network.syncher.EntityDataSerializers$$Lambda$2465/0x000000080099f180 (minecraft@1.20.1)
7164:             1             16  net.minecraft.network.syncher.EntityDataSerializers$$Lambda$2470/0x00000008009a4290 (minecraft@1.20.1)
7165:             1             16  net.minecraft.network.syncher.EntityDataSerializers$$Lambda$2471/0x00000008009a44e8 (minecraft@1.20.1)
7166:             1             16  net.minecraft.network.syncher.EntityDataSerializers$$Lambda$2472/0x00000008009a4c70 (minecraft@1.20.1)
7167:             1             16  net.minecraft.network.syncher.EntityDataSerializers$$Lambda$2473/0x00000008009a4ec8 (minecraft@1.20.1)
7168:             1             16  net.minecraft.network.syncher.EntityDataSerializers$$Lambda$2474/0x00000008009a5130 (minecraft@1.20.1)
7169:             1             16  net.minecraft.network.syncher.EntityDataSerializers$$Lambda$2475/0x00000008009a5388 (minecraft@1.20.1)
7170:             1             16  net.minecraft.network.syncher.EntityDataSerializers$$Lambda$2478/0x00000008009a5ab8 (minecraft@1.20.1)
7171:             1             16  net.minecraft.network.syncher.EntityDataSerializers$$Lambda$2479/0x00000008009a5d10 (minecraft@1.20.1)
7172:             1             16  net.minecraft.network.syncher.EntityDataSerializers$$Lambda$2480/0x00000008009a6188 (minecraft@1.20.1)
7173:             1             16  net.minecraft.network.syncher.EntityDataSerializers$$Lambda$2481/0x00000008009a63e0 (minecraft@1.20.1)
7174:             1             16  net.minecraft.network.syncher.EntityDataSerializers$$Lambda$2482/0x00000008009a7520 (minecraft@1.20.1)
7175:             1             16  net.minecraft.network.syncher.EntityDataSerializers$$Lambda$2483/0x00000008009a7778 (minecraft@1.20.1)
7176:             1             16  net.minecraft.network.syncher.EntityDataSerializers$$Lambda$2484/0x00000008009a79e0 (minecraft@1.20.1)
7177:             1             16  net.minecraft.network.syncher.EntityDataSerializers$$Lambda$2485/0x00000008009a7c38 (minecraft@1.20.1)
7178:             1             16  net.minecraft.network.syncher.EntityDataSerializers$1 (minecraft@1.20.1)
7179:             1             16  net.minecraft.network.syncher.EntityDataSerializers$2 (minecraft@1.20.1)
7180:             1             16  net.minecraft.network.syncher.EntityDataSerializers$3 (minecraft@1.20.1)
7181:             1             16  net.minecraft.network.syncher.EntityDataSerializers$4 (minecraft@1.20.1)
7182:             1             16  net.minecraft.network.syncher.EntityDataSerializers$5 (minecraft@1.20.1)
7183:             1             16  net.minecraft.network.syncher.EntityDataSerializers$6 (minecraft@1.20.1)
7184:             1             16  net.minecraft.network.syncher.EntityDataSerializers$7 (minecraft@1.20.1)
7185:             1             16  net.minecraft.resources.HolderSetCodec$$Lambda$3018/0x0000000800a71358 (minecraft@1.20.1)
7186:             1             16  net.minecraft.resources.HolderSetCodec$$Lambda$3020/0x0000000800a717e0 (minecraft@1.20.1)
7187:             1             16  net.minecraft.resources.HolderSetCodec$$Lambda$3021/0x0000000800a71a20 (minecraft@1.20.1)
7188:             1             16  net.minecraft.resources.HolderSetCodec$$Lambda$3022/0x0000000800a71c60 (minecraft@1.20.1)
7189:             1             16  net.minecraft.resources.HolderSetCodec$$Lambda$3024/0x0000000800a729f8 (minecraft@1.20.1)
7190:             1             16  net.minecraft.resources.RegistryOps$$Lambda$3958/0x0000000800b4ccb0 (minecraft@1.20.1)
7191:             1             16  net.minecraft.resources.RegistryOps$$Lambda$3959/0x0000000800b4cef8 (minecraft@1.20.1)
7192:             1             16  net.minecraft.resources.RegistryOps$$Lambda$3969/0x0000000800b4ea48 (minecraft@1.20.1)
7193:             1             16  net.minecraft.resources.ResourceKey$$Lambda$1317/0x00000008005cd318 (minecraft@1.20.1)
7194:             1             16  net.minecraft.resources.ResourceKey$$Lambda$2513/0x00000008009b18d0 (minecraft@1.20.1)
7195:             1             16  net.minecraft.resources.ResourceLocation$$Lambda$1187/0x0000000800591dc8 (minecraft@1.20.1)
7196:             1             16  net.minecraft.resources.ResourceLocation$$Lambda$1188/0x0000000800592008 (minecraft@1.20.1)
7197:             1             16  net.minecraft.server.Bootstrap$$Lambda$4334/0x0000000800bb88a0 (minecraft@1.20.1)
7198:             1             16  net.minecraft.server.packs.FeatureFlagsMetadataSection$$Lambda$4678/0x0000000800c8aba8 (minecraft@1.20.1)
7199:             1             16  net.minecraft.server.packs.FeatureFlagsMetadataSection$$Lambda$4679/0x0000000800c8ade8 (minecraft@1.20.1)
7200:             1             16  net.minecraft.server.packs.FeatureFlagsMetadataSection$$Lambda$4680/0x0000000800c8b028 (minecraft@1.20.1)
7201:             1             16  net.minecraft.server.packs.PathPackResources$$Lambda$5211/0x0000000800dbc340 (minecraft@1.20.1)
7202:             1             16  net.minecraft.server.packs.VanillaPackResourcesBuilder$$Lambda$4354/0x0000000800be1e48 (minecraft@1.20.1)
7203:             1             16  net.minecraft.server.packs.VanillaPackResourcesBuilder$$Lambda$4355/0x0000000800be2078 (minecraft@1.20.1)
7204:             1             16  net.minecraft.server.packs.VanillaPackResourcesBuilder$$Lambda$4357/0x0000000800be27c8 (minecraft@1.20.1)
7205:             1             16  net.minecraft.server.packs.linkfs.LinkFSFileStore (minecraft@1.20.1)
7206:             1             16  net.minecraft.server.packs.linkfs.LinkFSPath$$Lambda$4351/0x0000000800be1128 (minecraft@1.20.1)
7207:             1             16  net.minecraft.server.packs.linkfs.LinkFSPath$1 (minecraft@1.20.1)
7208:             1             16  net.minecraft.server.packs.linkfs.LinkFSPath$2 (minecraft@1.20.1)
7209:             1             16  net.minecraft.server.packs.linkfs.LinkFSProvider (minecraft@1.20.1)
7210:             1             16  net.minecraft.server.packs.linkfs.LinkFSProvider$1$$Lambda$4686/0x0000000800c94970 (minecraft@1.20.1)
7211:             1             16  net.minecraft.server.packs.linkfs.LinkFileSystem$Builder$$Lambda$4350/0x0000000800be0210 (minecraft@1.20.1)
7212:             1             16  net.minecraft.server.packs.linkfs.PathContents$1 (minecraft@1.20.1)
7213:             1             16  net.minecraft.server.packs.linkfs.PathContents$2 (minecraft@1.20.1)
7214:             1             16  net.minecraft.server.packs.metadata.MetadataSectionType$1$$Lambda$5671/0x0000000800e2aa40 (minecraft@1.20.1)
7215:             1             16  net.minecraft.server.packs.metadata.pack.PackMetadataSectionSerializer (minecraft@1.20.1)
7216:             1             16  net.minecraft.server.packs.repository.PackRepository$$Lambda$4675/0x0000000800c89cb8 (minecraft@1.20.1)
7217:             1             16  net.minecraft.server.packs.repository.PackRepository$$Lambda$4701/0x0000000800c9d8b8 (minecraft@1.20.1)
7218:             1             16  net.minecraft.server.packs.repository.PackRepository$$Lambda$5176/0x0000000800dab2b8 (minecraft@1.20.1)
7219:             1             16  net.minecraft.server.packs.resources.FallbackResourceManager$$Lambda$5215/0x0000000800dbd0a8 (minecraft@1.20.1)
7220:             1             16  net.minecraft.server.packs.resources.MultiPackResourceManager$$Lambda$5180/0x0000000800db4240 (minecraft@1.20.1)
7221:             1             16  net.minecraft.server.packs.resources.ReloadableResourceManager$$Lambda$5179/0x0000000800db4000 (minecraft@1.20.1)
7222:             1             16  net.minecraft.server.packs.resources.ResourceFilterSection$$Lambda$5181/0x0000000800db4690 (minecraft@1.20.1)
7223:             1             16  net.minecraft.server.packs.resources.ResourceFilterSection$$Lambda$5186/0x0000000800db53e8 (minecraft@1.20.1)
7224:             1             16  net.minecraft.server.packs.resources.ResourceFilterSection$$Lambda$5187/0x0000000800db5628 (minecraft@1.20.1)
7225:             1             16  net.minecraft.server.packs.resources.ResourceMetadata$$Lambda$5156/0x0000000800da0428 (minecraft@1.20.1)
7226:             1             16  net.minecraft.server.packs.resources.ResourceMetadata$1 (minecraft@1.20.1)
7227:             1             16  net.minecraft.server.packs.resources.ResourceProvider$$Lambda$4707/0x0000000800ca3b28 (minecraft@1.20.1)
7228:             1             16  net.minecraft.sounds.Music$$Lambda$3888/0x0000000800b35848 (minecraft@1.20.1)
7229:             1             16  net.minecraft.sounds.Music$$Lambda$3889/0x0000000800b35a88 (minecraft@1.20.1)
7230:             1             16  net.minecraft.sounds.Music$$Lambda$3890/0x0000000800b35cc8 (minecraft@1.20.1)
7231:             1             16  net.minecraft.sounds.Music$$Lambda$3891/0x0000000800b35f08 (minecraft@1.20.1)
7232:             1             16  net.minecraft.sounds.Music$$Lambda$3892/0x0000000800b36148 (minecraft@1.20.1)
7233:             1             16  net.minecraft.sounds.Music$$Lambda$3893/0x0000000800b36388 (minecraft@1.20.1)
7234:             1             16  net.minecraft.sounds.SoundEvent$$Lambda$1439/0x0000000800678208 (minecraft@1.20.1)
7235:             1             16  net.minecraft.sounds.SoundEvent$$Lambda$1440/0x0000000800678448 (minecraft@1.20.1)
7236:             1             16  net.minecraft.sounds.SoundEvent$$Lambda$1441/0x0000000800678688 (minecraft@1.20.1)
7237:             1             16  net.minecraft.sounds.SoundEvent$$Lambda$1442/0x00000008006788c8 (minecraft@1.20.1)
7238:             1             16  net.minecraft.sounds.SoundEvents$$Lambda$1446/0x00000008006796d0 (minecraft@1.20.1)
7239:             1             16  net.minecraft.stats.StatFormatter$$Lambda$2705/0x0000000800a06d48 (minecraft@1.20.1)
7240:             1             16  net.minecraft.stats.StatFormatter$$Lambda$2706/0x0000000800a06f78 (minecraft@1.20.1)
7241:             1             16  net.minecraft.stats.StatFormatter$$Lambda$2707/0x0000000800a071a0 (minecraft@1.20.1)
7242:             1             16  net.minecraft.stats.StatFormatter$$Lambda$2708/0x0000000800a073c0 (minecraft@1.20.1)
7243:             1             16  net.minecraft.stats.StatFormatter$$Lambda$2709/0x0000000800a075e0 (minecraft@1.20.1)
7244:             1             16  net.minecraft.tags.TagKey$$Lambda$2744/0x0000000800a10b08 (minecraft@1.20.1)
7245:             1             16  net.minecraft.tags.TagKey$$Lambda$2961/0x0000000800a65ae0 (minecraft@1.20.1)
7246:             1             16  net.minecraft.util.CubicSpline$$Lambda$4143/0x0000000800b73bd0 (minecraft@1.20.1)
7247:             1             16  net.minecraft.util.CubicSpline$$Lambda$4144/0x0000000800b76000 (minecraft@1.20.1)
7248:             1             16  net.minecraft.util.CubicSpline$$Lambda$4145/0x0000000800b76228 (minecraft@1.20.1)
7249:             1             16  net.minecraft.util.CubicSpline$$Lambda$4146/0x0000000800b76468 (minecraft@1.20.1)
7250:             1             16  net.minecraft.util.CubicSpline$$Lambda$4147/0x0000000800b766a8 (minecraft@1.20.1)
7251:             1             16  net.minecraft.util.CubicSpline$$Lambda$4149/0x0000000800b76b30 (minecraft@1.20.1)
7252:             1             16  net.minecraft.util.CubicSpline$$Lambda$4150/0x0000000800b76d70 (minecraft@1.20.1)
7253:             1             16  net.minecraft.util.CubicSpline$$Lambda$4151/0x0000000800b76fb0 (minecraft@1.20.1)
7254:             1             16  net.minecraft.util.CubicSpline$$Lambda$4152/0x0000000800b771e0 (minecraft@1.20.1)
7255:             1             16  net.minecraft.util.CubicSpline$$Lambda$4153/0x0000000800b77420 (minecraft@1.20.1)
7256:             1             16  net.minecraft.util.ExtraCodecs$$Lambda$1049/0x0000000800566a70 (minecraft@1.20.1)
7257:             1             16  net.minecraft.util.ExtraCodecs$$Lambda$1050/0x0000000800566cb0 (minecraft@1.20.1)
7258:             1             16  net.minecraft.util.ExtraCodecs$$Lambda$1051/0x0000000800566ef0 (minecraft@1.20.1)
7259:             1             16  net.minecraft.util.ExtraCodecs$$Lambda$1052/0x0000000800567530 (minecraft@1.20.1)
7260:             1             16  net.minecraft.util.ExtraCodecs$$Lambda$1053/0x0000000800567770 (minecraft@1.20.1)
7261:             1             16  net.minecraft.util.ExtraCodecs$$Lambda$1054/0x00000008005679b0 (minecraft@1.20.1)
7262:             1             16  net.minecraft.util.ExtraCodecs$$Lambda$1055/0x0000000800567bf0 (minecraft@1.20.1)
7263:             1             16  net.minecraft.util.ExtraCodecs$$Lambda$1056/0x0000000800564800 (minecraft@1.20.1)
7264:             1             16  net.minecraft.util.ExtraCodecs$$Lambda$1057/0x0000000800564a40 (minecraft@1.20.1)
7265:             1             16  net.minecraft.util.ExtraCodecs$$Lambda$1058/0x0000000800564c80 (minecraft@1.20.1)
7266:             1             16  net.minecraft.util.ExtraCodecs$$Lambda$1059/0x000000080056c000 (minecraft@1.20.1)
7267:             1             16  net.minecraft.util.ExtraCodecs$$Lambda$1061/0x000000080056c240 (minecraft@1.20.1)
7268:             1             16  net.minecraft.util.ExtraCodecs$$Lambda$1063/0x000000080056c480 (minecraft@1.20.1)
7269:             1             16  net.minecraft.util.ExtraCodecs$$Lambda$1064/0x000000080056c6c0 (minecraft@1.20.1)
7270:             1             16  net.minecraft.util.ExtraCodecs$$Lambda$1069/0x000000080056c8f0 (minecraft@1.20.1)
7271:             1             16  net.minecraft.util.ExtraCodecs$$Lambda$1070/0x000000080056cb30 (minecraft@1.20.1)
7272:             1             16  net.minecraft.util.ExtraCodecs$$Lambda$1071/0x000000080056cd70 (minecraft@1.20.1)
7273:             1             16  net.minecraft.util.ExtraCodecs$$Lambda$1072/0x000000080056cfb0 (minecraft@1.20.1)
7274:             1             16  net.minecraft.util.ExtraCodecs$$Lambda$1073/0x000000080056d1f0 (minecraft@1.20.1)
7275:             1             16  net.minecraft.util.ExtraCodecs$$Lambda$1074/0x000000080056d430 (minecraft@1.20.1)
7276:             1             16  net.minecraft.util.ExtraCodecs$$Lambda$1075/0x000000080056d670 (minecraft@1.20.1)
7277:             1             16  net.minecraft.util.ExtraCodecs$$Lambda$1077/0x000000080056daf8 (minecraft@1.20.1)
7278:             1             16  net.minecraft.util.ExtraCodecs$$Lambda$1078/0x000000080056dd38 (minecraft@1.20.1)
7279:             1             16  net.minecraft.util.ExtraCodecs$$Lambda$1080/0x000000080056e1c0 (minecraft@1.20.1)
7280:             1             16  net.minecraft.util.ExtraCodecs$$Lambda$1081/0x000000080056e400 (minecraft@1.20.1)
7281:             1             16  net.minecraft.util.ExtraCodecs$$Lambda$1082/0x000000080056e640 (minecraft@1.20.1)
7282:             1             16  net.minecraft.util.ExtraCodecs$$Lambda$1083/0x000000080056e888 (minecraft@1.20.1)
7283:             1             16  net.minecraft.util.ExtraCodecs$$Lambda$1084/0x000000080056ead0 (minecraft@1.20.1)
7284:             1             16  net.minecraft.util.ExtraCodecs$$Lambda$1085/0x000000080056ed10 (minecraft@1.20.1)
7285:             1             16  net.minecraft.util.ExtraCodecs$$Lambda$1086/0x000000080056ef50 (minecraft@1.20.1)
7286:             1             16  net.minecraft.util.ExtraCodecs$$Lambda$1087/0x000000080056f3a0 (minecraft@1.20.1)
7287:             1             16  net.minecraft.util.ExtraCodecs$$Lambda$1088/0x000000080056f5e0 (minecraft@1.20.1)
7288:             1             16  net.minecraft.util.ExtraCodecs$$Lambda$1089/0x000000080056f820 (minecraft@1.20.1)
7289:             1             16  net.minecraft.util.ExtraCodecs$$Lambda$1090/0x000000080056fa60 (minecraft@1.20.1)
7290:             1             16  net.minecraft.util.ExtraCodecs$$Lambda$1091/0x000000080056fca0 (minecraft@1.20.1)
7291:             1             16  net.minecraft.util.ExtraCodecs$$Lambda$1092/0x0000000800573000 (minecraft@1.20.1)
7292:             1             16  net.minecraft.util.ExtraCodecs$$Lambda$1093/0x0000000800573240 (minecraft@1.20.1)
7293:             1             16  net.minecraft.util.ExtraCodecs$$Lambda$1094/0x0000000800573480 (minecraft@1.20.1)
7294:             1             16  net.minecraft.util.ExtraCodecs$$Lambda$1095/0x00000008005736c0 (minecraft@1.20.1)
7295:             1             16  net.minecraft.util.ExtraCodecs$$Lambda$1096/0x0000000800573900 (minecraft@1.20.1)
7296:             1             16  net.minecraft.util.ExtraCodecs$$Lambda$1099/0x0000000800573b40 (minecraft@1.20.1)
7297:             1             16  net.minecraft.util.ExtraCodecs$$Lambda$1100/0x0000000800573d80 (minecraft@1.20.1)
7298:             1             16  net.minecraft.util.ExtraCodecs$$Lambda$1101/0x0000000800578000 (minecraft@1.20.1)
7299:             1             16  net.minecraft.util.ExtraCodecs$$Lambda$1102/0x0000000800578240 (minecraft@1.20.1)
7300:             1             16  net.minecraft.util.ExtraCodecs$$Lambda$1103/0x0000000800578480 (minecraft@1.20.1)
7301:             1             16  net.minecraft.util.ExtraCodecs$$Lambda$1107/0x00000008005786c0 (minecraft@1.20.1)
7302:             1             16  net.minecraft.util.ExtraCodecs$$Lambda$1108/0x0000000800578900 (minecraft@1.20.1)
7303:             1             16  net.minecraft.util.ExtraCodecs$$Lambda$1109/0x0000000800578b40 (minecraft@1.20.1)
7304:             1             16  net.minecraft.util.ExtraCodecs$$Lambda$1110/0x0000000800578d80 (minecraft@1.20.1)
7305:             1             16  net.minecraft.util.ExtraCodecs$$Lambda$1112/0x0000000800578fc0 (minecraft@1.20.1)
7306:             1             16  net.minecraft.util.ExtraCodecs$$Lambda$1113/0x0000000800579200 (minecraft@1.20.1)
7307:             1             16  net.minecraft.util.ExtraCodecs$$Lambda$1114/0x0000000800579430 (minecraft@1.20.1)
7308:             1             16  net.minecraft.util.ExtraCodecs$$Lambda$1115/0x0000000800579670 (minecraft@1.20.1)
7309:             1             16  net.minecraft.util.ExtraCodecs$$Lambda$1116/0x00000008005798b0 (minecraft@1.20.1)
7310:             1             16  net.minecraft.util.ExtraCodecs$$Lambda$2935/0x0000000800a615f0 (minecraft@1.20.1)
7311:             1             16  net.minecraft.util.ExtraCodecs$$Lambda$3362/0x0000000800ac1858 (minecraft@1.20.1)
7312:             1             16  net.minecraft.util.ExtraCodecs$$Lambda$3703/0x0000000800b15670 (minecraft@1.20.1)
7313:             1             16  net.minecraft.util.ExtraCodecs$$Lambda$3704/0x0000000800b158b0 (minecraft@1.20.1)
7314:             1             16  net.minecraft.util.ExtraCodecs$$Lambda$3705/0x0000000800b15af0 (minecraft@1.20.1)
7315:             1             16  net.minecraft.util.ExtraCodecs$$Lambda$3708/0x0000000800b161b0 (minecraft@1.20.1)
7316:             1             16  net.minecraft.util.ExtraCodecs$$Lambda$3709/0x0000000800b163f0 (minecraft@1.20.1)
7317:             1             16  net.minecraft.util.ExtraCodecs$$Lambda$5336/0x0000000800dd6b20 (minecraft@1.20.1)
7318:             1             16  net.minecraft.util.ExtraCodecs$4 (minecraft@1.20.1)
7319:             1             16  net.minecraft.util.FormattedCharSequence$$Lambda$1189/0x0000000800592648 (minecraft@1.20.1)
7320:             1             16  net.minecraft.util.InclusiveRange$$Lambda$3697/0x0000000800b148e8 (minecraft@1.20.1)
7321:             1             16  net.minecraft.util.InclusiveRange$$Lambda$3698/0x0000000800b14b18 (minecraft@1.20.1)
7322:             1             16  net.minecraft.util.InclusiveRange$$Lambda$3699/0x0000000800b14d58 (minecraft@1.20.1)
7323:             1             16  net.minecraft.util.LowerCaseEnumTypeAdapterFactory (minecraft@1.20.1)
7324:             1             16  net.minecraft.util.Mth$$Lambda$1234/0x000000080059b840 (minecraft@1.20.1)
7325:             1             16  net.minecraft.util.ResourceLocationPattern$$Lambda$5182/0x0000000800db4af8 (minecraft@1.20.1)
7326:             1             16  net.minecraft.util.ResourceLocationPattern$$Lambda$5183/0x0000000800db4d38 (minecraft@1.20.1)
7327:             1             16  net.minecraft.util.ResourceLocationPattern$$Lambda$5184/0x0000000800db4f78 (minecraft@1.20.1)
7328:             1             16  net.minecraft.util.ResourceLocationPattern$$Lambda$5185/0x0000000800db51b8 (minecraft@1.20.1)
7329:             1             16  net.minecraft.util.StringRepresentable$$Lambda$1043/0x00000008005537e0 (minecraft@1.20.1)
7330:             1             16  net.minecraft.util.StringRepresentable$$Lambda$1166/0x0000000800588a48 (minecraft@1.20.1)
7331:             1             16  net.minecraft.util.StringRepresentable$$Lambda$1167/0x0000000800588c88 (minecraft@1.20.1)
7332:             1             16  net.minecraft.util.StringRepresentable$EnumCodec$$Lambda$1045/0x0000000800566248 (minecraft@1.20.1)
7333:             1             16  net.minecraft.util.StringRepresentable$EnumCodec$$Lambda$1119/0x0000000800579f80 (minecraft@1.20.1)
7334:             1             16  net.minecraft.util.ToFloatFunction$$Lambda$4139/0x0000000800b726e8 (minecraft@1.20.1)
7335:             1             16  net.minecraft.util.ToFloatFunction$1 (minecraft@1.20.1)
7336:             1             16  net.minecraft.util.datafix.DataFixers$$Lambda$1801/0x0000000800818520 (minecraft@1.20.1)
7337:             1             16  net.minecraft.util.datafix.DataFixers$$Lambda$1802/0x00000008008189f0 (minecraft@1.20.1)
7338:             1             16  net.minecraft.util.datafix.DataFixers$$Lambda$1803/0x0000000800818ec0 (minecraft@1.20.1)
7339:             1             16  net.minecraft.util.datafix.DataFixers$$Lambda$1860/0x0000000800829938 (minecraft@1.20.1)
7340:             1             16  net.minecraft.util.datafix.DataFixers$$Lambda$1869/0x000000080082ad80 (minecraft@1.20.1)
7341:             1             16  net.minecraft.util.datafix.DataFixers$$Lambda$1874/0x000000080082bb08 (minecraft@1.20.1)
7342:             1             16  net.minecraft.util.datafix.DataFixers$$Lambda$1876/0x000000080083c2a0 (minecraft@1.20.1)
7343:             1             16  net.minecraft.util.datafix.DataFixers$$Lambda$1877/0x000000080083c770 (minecraft@1.20.1)
7344:             1             16  net.minecraft.util.datafix.DataFixers$$Lambda$1880/0x000000080083d090 (minecraft@1.20.1)
7345:             1             16  net.minecraft.util.datafix.DataFixers$$Lambda$1881/0x000000080083d560 (minecraft@1.20.1)
7346:             1             16  net.minecraft.util.datafix.DataFixers$$Lambda$1883/0x000000080083d9b8 (minecraft@1.20.1)
7347:             1             16  net.minecraft.util.datafix.DataFixers$$Lambda$1884/0x000000080083e738 (minecraft@1.20.1)
7348:             1             16  net.minecraft.util.datafix.DataFixers$$Lambda$1886/0x000000080083ee30 (minecraft@1.20.1)
7349:             1             16  net.minecraft.util.datafix.DataFixers$$Lambda$1888/0x000000080083f528 (minecraft@1.20.1)
7350:             1             16  net.minecraft.util.datafix.DataFixers$$Lambda$1890/0x000000080083fc20 (minecraft@1.20.1)
7351:             1             16  net.minecraft.util.datafix.DataFixers$$Lambda$1896/0x00000008008404c8 (minecraft@1.20.1)
7352:             1             16  net.minecraft.util.datafix.DataFixers$$Lambda$1905/0x0000000800841d60 (minecraft@1.20.1)
7353:             1             16  net.minecraft.util.datafix.DataFixers$$Lambda$1933/0x0000000800846158 (minecraft@1.20.1)
7354:             1             16  net.minecraft.util.datafix.DataFixers$$Lambda$1936/0x0000000800846ab0 (minecraft@1.20.1)
7355:             1             16  net.minecraft.util.datafix.DataFixers$$Lambda$1940/0x00000008008475f0 (minecraft@1.20.1)
7356:             1             16  net.minecraft.util.datafix.DataFixers$$Lambda$1945/0x00000008008484d0 (minecraft@1.20.1)
7357:             1             16  net.minecraft.util.datafix.DataFixers$$Lambda$1947/0x0000000800848bc8 (minecraft@1.20.1)
7358:             1             16  net.minecraft.util.datafix.DataFixers$$Lambda$1967/0x000000080084cee0 (minecraft@1.20.1)
7359:             1             16  net.minecraft.util.datafix.DataFixers$$Lambda$1969/0x000000080084d5f8 (minecraft@1.20.1)
7360:             1             16  net.minecraft.util.datafix.DataFixers$$Lambda$1983/0x000000080084f6f8 (minecraft@1.20.1)
7361:             1             16  net.minecraft.util.datafix.DataFixers$$Lambda$1987/0x00000008008522a0 (minecraft@1.20.1)
7362:             1             16  net.minecraft.util.datafix.DataFixers$$Lambda$1989/0x00000008008529a0 (minecraft@1.20.1)
7363:             1             16  net.minecraft.util.datafix.DataFixers$$Lambda$2002/0x000000080085c4c8 (minecraft@1.20.1)
7364:             1             16  net.minecraft.util.datafix.DataFixers$$Lambda$2058/0x00000008008684d0 (minecraft@1.20.1)
7365:             1             16  net.minecraft.util.datafix.DataFixers$$Lambda$2061/0x0000000800868de8 (minecraft@1.20.1)
7366:             1             16  net.minecraft.util.datafix.DataFixers$$Lambda$2064/0x0000000800869488 (minecraft@1.20.1)
7367:             1             16  net.minecraft.util.datafix.DataFixers$$Lambda$2065/0x0000000800869bf8 (minecraft@1.20.1)
7368:             1             16  net.minecraft.util.datafix.DataFixers$$Lambda$2067/0x000000080086a540 (minecraft@1.20.1)
7369:             1             16  net.minecraft.util.datafix.DataFixers$$Lambda$2068/0x000000080086aa10 (minecraft@1.20.1)
7370:             1             16  net.minecraft.util.datafix.DataFixers$$Lambda$2069/0x000000080086aee0 (minecraft@1.20.1)
7371:             1             16  net.minecraft.util.datafix.DataFixers$$Lambda$2074/0x000000080086be88 (minecraft@1.20.1)
7372:             1             16  net.minecraft.util.datafix.DataFixers$$Lambda$2075/0x000000080086c768 (minecraft@1.20.1)
7373:             1             16  net.minecraft.util.datafix.DataFixers$$Lambda$2078/0x000000080086d2b0 (minecraft@1.20.1)
7374:             1             16  net.minecraft.util.datafix.DataFixers$$Lambda$2080/0x000000080086d9a8 (minecraft@1.20.1)
7375:             1             16  net.minecraft.util.datafix.DataFixers$$Lambda$2082/0x000000080086e0a0 (minecraft@1.20.1)
7376:             1             16  net.minecraft.util.datafix.DataFixers$$Lambda$2085/0x000000080086e9e0 (minecraft@1.20.1)
7377:             1             16  net.minecraft.util.datafix.DataFixers$$Lambda$2086/0x000000080086eeb0 (minecraft@1.20.1)
7378:             1             16  net.minecraft.util.datafix.DataFixers$$Lambda$2088/0x000000080086f5a8 (minecraft@1.20.1)
7379:             1             16  net.minecraft.util.datafix.DataFixers$$Lambda$2090/0x000000080086fca0 (minecraft@1.20.1)
7380:             1             16  net.minecraft.util.datafix.DataFixers$$Lambda$2093/0x0000000800870730 (minecraft@1.20.1)
7381:             1             16  net.minecraft.util.datafix.DataFixers$$Lambda$2096/0x0000000800871078 (minecraft@1.20.1)
7382:             1             16  net.minecraft.util.datafix.DataFixers$$Lambda$2099/0x0000000800871998 (minecraft@1.20.1)
7383:             1             16  net.minecraft.util.datafix.DataFixers$$Lambda$2101/0x0000000800872090 (minecraft@1.20.1)
7384:             1             16  net.minecraft.util.datafix.DataFixers$$Lambda$2103/0x0000000800872788 (minecraft@1.20.1)
7385:             1             16  net.minecraft.util.datafix.DataFixers$$Lambda$2105/0x0000000800872e80 (minecraft@1.20.1)
7386:             1             16  net.minecraft.util.datafix.DataFixers$$Lambda$2107/0x0000000800873578 (minecraft@1.20.1)
7387:             1             16  net.minecraft.util.datafix.DataFixers$$Lambda$2109/0x0000000800873c70 (minecraft@1.20.1)
7388:             1             16  net.minecraft.util.datafix.DataFixers$$Lambda$2116/0x00000008008750b0 (minecraft@1.20.1)
7389:             1             16  net.minecraft.util.datafix.DataFixers$$Lambda$2126/0x0000000800876ad8 (minecraft@1.20.1)
7390:             1             16  net.minecraft.util.datafix.DataFixers$$Lambda$2128/0x00000008008771d0 (minecraft@1.20.1)
7391:             1             16  net.minecraft.util.datafix.DataFixers$$Lambda$2130/0x000000080087c000 (minecraft@1.20.1)
7392:             1             16  net.minecraft.util.datafix.DataFixers$$Lambda$2133/0x000000080087c918 (minecraft@1.20.1)
7393:             1             16  net.minecraft.util.datafix.DataFixers$$Lambda$2135/0x000000080087d010 (minecraft@1.20.1)
7394:             1             16  net.minecraft.util.datafix.DataFixers$$Lambda$2138/0x000000080087d950 (minecraft@1.20.1)
7395:             1             16  net.minecraft.util.datafix.DataFixers$$Lambda$2140/0x000000080087e048 (minecraft@1.20.1)
7396:             1             16  net.minecraft.util.datafix.DataFixers$$Lambda$2141/0x000000080087e518 (minecraft@1.20.1)
7397:             1             16  net.minecraft.util.datafix.DataFixers$$Lambda$2143/0x000000080087ec10 (minecraft@1.20.1)
7398:             1             16  net.minecraft.util.datafix.DataFixers$$Lambda$2154/0x000000080087a6e8 (minecraft@1.20.1)
7399:             1             16  net.minecraft.util.datafix.DataFixers$$Lambda$2157/0x000000080087b228 (minecraft@1.20.1)
7400:             1             16  net.minecraft.util.datafix.DataFixers$$Lambda$2158/0x000000080087b6f8 (minecraft@1.20.1)
7401:             1             16  net.minecraft.util.datafix.DataFixers$$Lambda$2161/0x000000080087bd78 (minecraft@1.20.1)
7402:             1             16  net.minecraft.util.datafix.DataFixers$$Lambda$2163/0x0000000800879768 (minecraft@1.20.1)
7403:             1             16  net.minecraft.util.datafix.DataFixers$$Lambda$2165/0x0000000800878800 (minecraft@1.20.1)
7404:             1             16  net.minecraft.util.datafix.DataFixers$$Lambda$2167/0x0000000800878c58 (minecraft@1.20.1)
7405:             1             16  net.minecraft.util.datafix.DataFixers$$Lambda$2168/0x0000000800878400 (minecraft@1.20.1)
7406:             1             16  net.minecraft.util.datafix.DataFixers$$Lambda$2169/0x0000000800880000 (minecraft@1.20.1)
7407:             1             16  net.minecraft.util.datafix.DataFixers$$Lambda$2170/0x0000000800880260 (minecraft@1.20.1)
7408:             1             16  net.minecraft.util.datafix.DataFixers$$Lambda$2171/0x0000000800880490 (minecraft@1.20.1)
7409:             1             16  net.minecraft.util.datafix.DataFixers$$Lambda$2174/0x0000000800880b58 (minecraft@1.20.1)
7410:             1             16  net.minecraft.util.datafix.DataFixers$$Lambda$2175/0x0000000800880db8 (minecraft@1.20.1)
7411:             1             16  net.minecraft.util.datafix.DataFixers$$Lambda$2177/0x00000008008812b0 (minecraft@1.20.1)
7412:             1             16  net.minecraft.util.datafix.DataFixers$$Lambda$2178/0x0000000800881780 (minecraft@1.20.1)
7413:             1             16  net.minecraft.util.datafix.DataFixers$$Lambda$2180/0x0000000800881e78 (minecraft@1.20.1)
7414:             1             16  net.minecraft.util.datafix.DataFixers$$Lambda$2182/0x0000000800882570 (minecraft@1.20.1)
7415:             1             16  net.minecraft.util.datafix.DataFixers$$Lambda$2185/0x0000000800882ed0 (minecraft@1.20.1)
7416:             1             16  net.minecraft.util.datafix.DataFixers$$Lambda$2187/0x00000008008835c8 (minecraft@1.20.1)
7417:             1             16  net.minecraft.util.datafix.DataFixers$$Lambda$2190/0x0000000800883ee8 (minecraft@1.20.1)
7418:             1             16  net.minecraft.util.datafix.DataFixers$$Lambda$2191/0x00000008008843b8 (minecraft@1.20.1)
7419:             1             16  net.minecraft.util.datafix.DataFixers$$Lambda$2192/0x0000000800884878 (minecraft@1.20.1)
7420:             1             16  net.minecraft.util.datafix.DataFixers$$Lambda$2193/0x0000000800884d58 (minecraft@1.20.1)
7421:             1             16  net.minecraft.util.datafix.fixes.AbstractArrowPickupFix$$Lambda$2329/0x00000008008bd000 (minecraft@1.20.1)
7422:             1             16  net.minecraft.util.datafix.fixes.AdvancementsFix$$Lambda$2072/0x000000080086b570 (minecraft@1.20.1)
7423:             1             16  net.minecraft.util.datafix.fixes.AttributesRename$$Lambda$2316/0x00000008008bb878 (minecraft@1.20.1)
7424:             1             16  net.minecraft.util.datafix.fixes.AttributesRename$$Lambda$2317/0x00000008008bbac0 (minecraft@1.20.1)
7425:             1             16  net.minecraft.util.datafix.fixes.AttributesRename$$Lambda$2318/0x00000008008bbd00 (minecraft@1.20.1)
7426:             1             16  net.minecraft.util.datafix.fixes.BedItemColorFix$$Lambda$2249/0x000000080089d180 (minecraft@1.20.1)
7427:             1             16  net.minecraft.util.datafix.fixes.BlendingDataFix$$Lambda$2350/0x00000008008c7660 (minecraft@1.20.1)
7428:             1             16  net.minecraft.util.datafix.fixes.BlendingDataRemoveFromNetherEndFix$$Lambda$2341/0x00000008008c5700 (minecraft@1.20.1)
7429:             1             16  net.minecraft.util.datafix.fixes.BlockEntityCustomNameToComponentFix$$Lambda$2268/0x00000008008a4650 (minecraft@1.20.1)
7430:             1             16  net.minecraft.util.datafix.fixes.BlockEntityIdFix$$Lambda$1904/0x0000000800841890 (minecraft@1.20.1)
7431:             1             16  net.minecraft.util.datafix.fixes.BlockEntityIdFix$$Lambda$2241/0x000000080089aae0 (minecraft@1.20.1)
7432:             1             16  net.minecraft.util.datafix.fixes.BlockEntityRenameFix$$Lambda$2348/0x00000008008c71d0 (minecraft@1.20.1)
7433:             1             16  net.minecraft.util.datafix.fixes.BlockEntitySignTextStrictJsonFix$1 (minecraft@1.20.1)
7434:             1             16  net.minecraft.util.datafix.fixes.BlockEntityUUIDFix$$Lambda$2310/0x00000008008b9600 (minecraft@1.20.1)
7435:             1             16  net.minecraft.util.datafix.fixes.BlockNameFlatteningFix$$Lambda$2259/0x000000080089f2b0 (minecraft@1.20.1)
7436:             1             16  net.minecraft.util.datafix.fixes.BlockStateData$$Lambda$1949/0x0000000800849228 (minecraft@1.20.1)
7437:             1             16  net.minecraft.util.datafix.fixes.BlockStateData$$Lambda$1950/0x0000000800849458 (minecraft@1.20.1)
7438:             1             16  net.minecraft.util.datafix.fixes.BlockStateStructureTemplateFix$$Lambda$2252/0x000000080089db80 (minecraft@1.20.1)
7439:             1             16  net.minecraft.util.datafix.fixes.CauldronRenameFix$$Lambda$2325/0x00000008008bed80 (minecraft@1.20.1)
7440:             1             16  net.minecraft.util.datafix.fixes.ChunkBedBlockEntityInjecterFix$$Lambda$2247/0x000000080089ccf8 (minecraft@1.20.1)
7441:             1             16  net.minecraft.util.datafix.fixes.ChunkBiomeFix$$Lambda$2301/0x00000008008b6a40 (minecraft@1.20.1)
7442:             1             16  net.minecraft.util.datafix.fixes.ChunkDeleteIgnoredLightDataFix$$Lambda$2339/0x00000008008c4d80 (minecraft@1.20.1)
7443:             1             16  net.minecraft.util.datafix.fixes.ChunkDeleteLightFix$$Lambda$2353/0x00000008008c7d08 (minecraft@1.20.1)
7444:             1             16  net.minecraft.util.datafix.fixes.ChunkLightRemoveFix$$Lambda$2300/0x00000008008b55e8 (minecraft@1.20.1)
7445:             1             16  net.minecraft.util.datafix.fixes.ChunkPalettedStorageFix$$Lambda$1960/0x000000080084bcf0 (minecraft@1.20.1)
7446:             1             16  net.minecraft.util.datafix.fixes.ChunkPalettedStorageFix$$Lambda$1961/0x000000080084bf20 (minecraft@1.20.1)
7447:             1             16  net.minecraft.util.datafix.fixes.ChunkPalettedStorageFix$$Lambda$1962/0x000000080084c150 (minecraft@1.20.1)
7448:             1             16  net.minecraft.util.datafix.fixes.ChunkPalettedStorageFix$$Lambda$1963/0x000000080084c380 (minecraft@1.20.1)
7449:             1             16  net.minecraft.util.datafix.fixes.ChunkPalettedStorageFix$$Lambda$1964/0x000000080084c5b0 (minecraft@1.20.1)
7450:             1             16  net.minecraft.util.datafix.fixes.ChunkPalettedStorageFix$$Lambda$1965/0x000000080084c7e0 (minecraft@1.20.1)
7451:             1             16  net.minecraft.util.datafix.fixes.ChunkPalettedStorageFix$$Lambda$1966/0x000000080084ca10 (minecraft@1.20.1)
7452:             1             16  net.minecraft.util.datafix.fixes.ChunkPalettedStorageFix$$Lambda$2253/0x000000080089ddc0 (minecraft@1.20.1)
7453:             1             16  net.minecraft.util.datafix.fixes.ChunkStatusFix$$Lambda$2290/0x00000008008b3580 (minecraft@1.20.1)
7454:             1             16  net.minecraft.util.datafix.fixes.ChunkStatusFix2$$Lambda$2291/0x00000008008b3cc8 (minecraft@1.20.1)
7455:             1             16  net.minecraft.util.datafix.fixes.ChunkStructuresTemplateRenameFix$$Lambda$2275/0x00000008008a5810 (minecraft@1.20.1)
7456:             1             16  net.minecraft.util.datafix.fixes.ChunkToProtochunkFix$$Lambda$2269/0x00000008008a4898 (minecraft@1.20.1)
7457:             1             16  net.minecraft.util.datafix.fixes.EffectDurationFix$$Lambda$2345/0x00000008008c6470 (minecraft@1.20.1)
7458:             1             16  net.minecraft.util.datafix.fixes.EffectDurationFix$$Lambda$2346/0x00000008008c66b8 (minecraft@1.20.1)
7459:             1             16  net.minecraft.util.datafix.fixes.EntityBlockStateFix$$Lambda$1982/0x000000080084f228 (minecraft@1.20.1)
7460:             1             16  net.minecraft.util.datafix.fixes.EntityBlockStateFix$$Lambda$2254/0x000000080089e008 (minecraft@1.20.1)
7461:             1             16  net.minecraft.util.datafix.fixes.EntityBlockStateFix$$Lambda$2255/0x000000080089e4a8 (minecraft@1.20.1)
7462:             1             16  net.minecraft.util.datafix.fixes.EntityBlockStateFix$$Lambda$2256/0x000000080089e950 (minecraft@1.20.1)
7463:             1             16  net.minecraft.util.datafix.fixes.EntityCustomNameToComponentFix$$Lambda$2266/0x00000008008a41c0 (minecraft@1.20.1)
7464:             1             16  net.minecraft.util.datafix.fixes.EntityHealthFix$$Lambda$2226/0x00000008008878a8 (minecraft@1.20.1)
7465:             1             16  net.minecraft.util.datafix.fixes.EntityIdFix$$Lambda$1932/0x0000000800845c88 (minecraft@1.20.1)
7466:             1             16  net.minecraft.util.datafix.fixes.EntityIdFix$$Lambda$2242/0x000000080089afa0 (minecraft@1.20.1)
7467:             1             16  net.minecraft.util.datafix.fixes.EntityPaintingMotiveFix$$Lambda$2057/0x0000000800868000 (minecraft@1.20.1)
7468:             1             16  net.minecraft.util.datafix.fixes.EntityProjectileOwnerFix$$Lambda$2308/0x00000008008b9170 (minecraft@1.20.1)
7469:             1             16  net.minecraft.util.datafix.fixes.EntityRedundantChanceTagsFix$$Lambda$2229/0x0000000800896f48 (minecraft@1.20.1)
7470:             1             16  net.minecraft.util.datafix.fixes.EntityStringUuidFix$$Lambda$2225/0x0000000800887668 (minecraft@1.20.1)
7471:             1             16  net.minecraft.util.datafix.fixes.EntityUUIDFix$$Lambda$2309/0x00000008008b93b8 (minecraft@1.20.1)
7472:             1             16  net.minecraft.util.datafix.fixes.FeatureFlagRemoveFix$$Lambda$2349/0x00000008008c7418 (minecraft@1.20.1)
7473:             1             16  net.minecraft.util.datafix.fixes.FilteredBooksFix$$Lambda$2173/0x0000000800880908 (minecraft@1.20.1)
7474:             1             16  net.minecraft.util.datafix.fixes.ForcePoiRebuild$$Lambda$2304/0x00000008008b8488 (minecraft@1.20.1)
7475:             1             16  net.minecraft.util.datafix.fixes.GoatHornIdFix$$Lambda$2172/0x00000008008806b8 (minecraft@1.20.1)
7476:             1             16  net.minecraft.util.datafix.fixes.IglooMetadataRemovalFix$$Lambda$2274/0x00000008008a53d0 (minecraft@1.20.1)
7477:             1             16  net.minecraft.util.datafix.fixes.ItemIdFix$$Lambda$1871/0x000000080082b1d8 (minecraft@1.20.1)
7478:             1             16  net.minecraft.util.datafix.fixes.ItemLoreFix$$Lambda$2289/0x00000008008b30d0 (minecraft@1.20.1)
7479:             1             16  net.minecraft.util.datafix.fixes.ItemPotionFix$$Lambda$1872/0x000000080082b408 (minecraft@1.20.1)
7480:             1             16  net.minecraft.util.datafix.fixes.ItemSpawnEggFix$$Lambda$1873/0x000000080082b638 (minecraft@1.20.1)
7481:             1             16  net.minecraft.util.datafix.fixes.ItemStackEnchantmentNamesFix$$Lambda$2070/0x000000080086b110 (minecraft@1.20.1)
7482:             1             16  net.minecraft.util.datafix.fixes.ItemStackSpawnEggFix$$Lambda$1988/0x00000008008524d0 (minecraft@1.20.1)
7483:             1             16  net.minecraft.util.datafix.fixes.ItemStackTheFlatteningFix$$Lambda$1985/0x000000080084fb48 (minecraft@1.20.1)
7484:             1             16  net.minecraft.util.datafix.fixes.ItemStackTheFlatteningFix$$Lambda$1986/0x000000080084fd78 (minecraft@1.20.1)
7485:             1             16  net.minecraft.util.datafix.fixes.JigsawRotationFix$$Lambda$2315/0x00000008008ba358 (minecraft@1.20.1)
7486:             1             16  net.minecraft.util.datafix.fixes.LeavesFix$$Lambda$2071/0x000000080086b340 (minecraft@1.20.1)
7487:             1             16  net.minecraft.util.datafix.fixes.LegacyDragonFightFix$$Lambda$2354/0x00000008008c8000 (minecraft@1.20.1)
7488:             1             16  net.minecraft.util.datafix.fixes.LevelDataGeneratorOptionsFix$$Lambda$2073/0x000000080086b9b8 (minecraft@1.20.1)
7489:             1             16  net.minecraft.util.datafix.fixes.LevelDataGeneratorOptionsFix$$Lambda$2280/0x00000008008abc20 (minecraft@1.20.1)
7490:             1             16  net.minecraft.util.datafix.fixes.LevelFlatGeneratorInfoFix$$Lambda$2264/0x00000008008a0490 (minecraft@1.20.1)
7491:             1             16  net.minecraft.util.datafix.fixes.LevelUUIDFix$$Lambda$2312/0x00000008008b9a88 (minecraft@1.20.1)
7492:             1             16  net.minecraft.util.datafix.fixes.MapIdFix$$Lambda$2294/0x00000008008b4868 (minecraft@1.20.1)
7493:             1             16  net.minecraft.util.datafix.fixes.NewVillageFix$$Lambda$2293/0x00000008008b43c0 (minecraft@1.20.1)
7494:             1             16  net.minecraft.util.datafix.fixes.ObjectiveDisplayNameFix$$Lambda$2285/0x00000008008b08d0 (minecraft@1.20.1)
7495:             1             16  net.minecraft.util.datafix.fixes.ObjectiveRenderTypeFix$$Lambda$2287/0x00000008008b0d50 (minecraft@1.20.1)
7496:             1             16  net.minecraft.util.datafix.fixes.OminousBannerRenameFix$$Lambda$2095/0x0000000800870b88 (minecraft@1.20.1)
7497:             1             16  net.minecraft.util.datafix.fixes.OptionsAccessibilityOnboardFix$$Lambda$2344/0x00000008008c6230 (minecraft@1.20.1)
7498:             1             16  net.minecraft.util.datafix.fixes.OptionsAddTextBackgroundFix$$Lambda$2296/0x00000008008b4cd0 (minecraft@1.20.1)
7499:             1             16  net.minecraft.util.datafix.fixes.OptionsAmbientOcclusionFix$$Lambda$2343/0x00000008008c5ff0 (minecraft@1.20.1)
7500:             1             16  net.minecraft.util.datafix.fixes.OptionsForceVBOFix$$Lambda$2238/0x0000000800898248 (minecraft@1.20.1)
7501:             1             16  net.minecraft.util.datafix.fixes.OptionsKeyLwjgl3Fix$$Lambda$1944/0x0000000800848000 (minecraft@1.20.1)
7502:             1             16  net.minecraft.util.datafix.fixes.OptionsKeyLwjgl3Fix$$Lambda$2250/0x000000080089d3c8 (minecraft@1.20.1)
7503:             1             16  net.minecraft.util.datafix.fixes.OptionsKeyTranslationFix$$Lambda$2251/0x000000080089d608 (minecraft@1.20.1)
7504:             1             16  net.minecraft.util.datafix.fixes.OptionsLowerCaseLanguageFix$$Lambda$2246/0x000000080089b8b8 (minecraft@1.20.1)
7505:             1             16  net.minecraft.util.datafix.fixes.OptionsProgrammerArtFix$$Lambda$2342/0x00000008008c5940 (minecraft@1.20.1)
7506:             1             16  net.minecraft.util.datafix.fixes.OptionsRenameFieldFix$$Lambda$2324/0x00000008008beb38 (minecraft@1.20.1)
7507:             1             16  net.minecraft.util.datafix.fixes.OverreachingTickFix$$Lambda$2336/0x00000008008c0648 (minecraft@1.20.1)
7508:             1             16  net.minecraft.util.datafix.fixes.PlayerUUIDFix$$Lambda$2311/0x00000008008b9848 (minecraft@1.20.1)
7509:             1             16  net.minecraft.util.datafix.fixes.RedstoneWireConnectionsFix$$Lambda$2321/0x00000008008be468 (minecraft@1.20.1)
7510:             1             16  net.minecraft.util.datafix.fixes.References$$Lambda$1206/0x000000080059cd18 (minecraft@1.20.1)
7511:             1             16  net.minecraft.util.datafix.fixes.References$$Lambda$1207/0x000000080059cf48 (minecraft@1.20.1)
7512:             1             16  net.minecraft.util.datafix.fixes.References$$Lambda$1208/0x000000080059d178 (minecraft@1.20.1)
7513:             1             16  net.minecraft.util.datafix.fixes.References$$Lambda$1209/0x000000080059d3a8 (minecraft@1.20.1)
7514:             1             16  net.minecraft.util.datafix.fixes.References$$Lambda$1210/0x000000080059d5d8 (minecraft@1.20.1)
7515:             1             16  net.minecraft.util.datafix.fixes.References$$Lambda$1211/0x000000080059d808 (minecraft@1.20.1)
7516:             1             16  net.minecraft.util.datafix.fixes.References$$Lambda$1212/0x000000080059da38 (minecraft@1.20.1)
7517:             1             16  net.minecraft.util.datafix.fixes.References$$Lambda$1213/0x000000080059dc68 (minecraft@1.20.1)
7518:             1             16  net.minecraft.util.datafix.fixes.References$$Lambda$1214/0x000000080059de98 (minecraft@1.20.1)
7519:             1             16  net.minecraft.util.datafix.fixes.References$$Lambda$1215/0x000000080059e0c8 (minecraft@1.20.1)
7520:             1             16  net.minecraft.util.datafix.fixes.References$$Lambda$1216/0x000000080059e2f8 (minecraft@1.20.1)
7521:             1             16  net.minecraft.util.datafix.fixes.References$$Lambda$1217/0x000000080059e528 (minecraft@1.20.1)
7522:             1             16  net.minecraft.util.datafix.fixes.References$$Lambda$1218/0x000000080059e758 (minecraft@1.20.1)
7523:             1             16  net.minecraft.util.datafix.fixes.References$$Lambda$1219/0x000000080059e988 (minecraft@1.20.1)
7524:             1             16  net.minecraft.util.datafix.fixes.References$$Lambda$1220/0x000000080059ebb8 (minecraft@1.20.1)
7525:             1             16  net.minecraft.util.datafix.fixes.References$$Lambda$1221/0x000000080059ede8 (minecraft@1.20.1)
7526:             1             16  net.minecraft.util.datafix.fixes.References$$Lambda$1222/0x000000080059f018 (minecraft@1.20.1)
7527:             1             16  net.minecraft.util.datafix.fixes.References$$Lambda$1223/0x000000080059f248 (minecraft@1.20.1)
7528:             1             16  net.minecraft.util.datafix.fixes.References$$Lambda$1224/0x000000080059f478 (minecraft@1.20.1)
7529:             1             16  net.minecraft.util.datafix.fixes.References$$Lambda$1225/0x000000080059f6a8 (minecraft@1.20.1)
7530:             1             16  net.minecraft.util.datafix.fixes.References$$Lambda$1226/0x000000080059f8d8 (minecraft@1.20.1)
7531:             1             16  net.minecraft.util.datafix.fixes.References$$Lambda$1227/0x000000080059fb08 (minecraft@1.20.1)
7532:             1             16  net.minecraft.util.datafix.fixes.References$$Lambda$1228/0x000000080059fd38 (minecraft@1.20.1)
7533:             1             16  net.minecraft.util.datafix.fixes.References$$Lambda$1229/0x000000080059a000 (minecraft@1.20.1)
7534:             1             16  net.minecraft.util.datafix.fixes.References$$Lambda$1230/0x000000080059a230 (minecraft@1.20.1)
7535:             1             16  net.minecraft.util.datafix.fixes.References$$Lambda$1231/0x000000080059a460 (minecraft@1.20.1)
7536:             1             16  net.minecraft.util.datafix.fixes.References$$Lambda$1232/0x000000080059a690 (minecraft@1.20.1)
7537:             1             16  net.minecraft.util.datafix.fixes.References$$Lambda$1233/0x000000080059a8c0 (minecraft@1.20.1)
7538:             1             16  net.minecraft.util.datafix.fixes.RemapChunkStatusFix$$Lambda$2352/0x00000008008c7ac0 (minecraft@1.20.1)
7539:             1             16  net.minecraft.util.datafix.fixes.ReorganizePoi$$Lambda$2297/0x00000008008b4f18 (minecraft@1.20.1)
7540:             1             16  net.minecraft.util.datafix.fixes.SavedDataFeaturePoolElementFix$$Lambda$2328/0x00000008008bfc50 (minecraft@1.20.1)
7541:             1             16  net.minecraft.util.datafix.fixes.SavedDataUUIDFix$$Lambda$2313/0x00000008008b9cd0 (minecraft@1.20.1)
7542:             1             16  net.minecraft.util.datafix.fixes.StatsRenameFix$$Lambda$2283/0x00000008008b0468 (minecraft@1.20.1)
7543:             1             16  net.minecraft.util.datafix.fixes.StructureReferenceCountFix$$Lambda$2303/0x00000008008b8248 (minecraft@1.20.1)
7544:             1             16  net.minecraft.util.datafix.fixes.StructureSettingsFlattenFix$$Lambda$2337/0x00000008008c0890 (minecraft@1.20.1)
7545:             1             16  net.minecraft.util.datafix.fixes.StructuresBecomeConfiguredFix$$Lambda$2338/0x00000008008c2ac0 (minecraft@1.20.1)
7546:             1             16  net.minecraft.util.datafix.fixes.TeamDisplayNameFix$$Lambda$2286/0x00000008008b0b10 (minecraft@1.20.1)
7547:             1             16  net.minecraft.util.datafix.fixes.WallPropertyFix$$Lambda$2307/0x00000008008b8f30 (minecraft@1.20.1)
7548:             1             16  net.minecraft.util.datafix.fixes.WorldGenSettingsFix$$Lambda$2322/0x00000008008be6b0 (minecraft@1.20.1)
7549:             1             16  net.minecraft.util.datafix.fixes.WorldGenSettingsFix$StructureFeatureConfiguration$$Lambda$2111/0x00000008008742d0 (minecraft@1.20.1)
7550:             1             16  net.minecraft.util.datafix.fixes.WorldGenSettingsFix$StructureFeatureConfiguration$$Lambda$2112/0x0000000800874510 (minecraft@1.20.1)
7551:             1             16  net.minecraft.util.datafix.fixes.WorldGenSettingsFix$StructureFeatureConfiguration$$Lambda$2113/0x0000000800874750 (minecraft@1.20.1)
7552:             1             16  net.minecraft.util.datafix.fixes.WorldGenSettingsFix$StructureFeatureConfiguration$$Lambda$2114/0x0000000800874990 (minecraft@1.20.1)
7553:             1             16  net.minecraft.util.datafix.fixes.WorldGenSettingsFix$StructureFeatureConfiguration$$Lambda$2115/0x0000000800874bd0 (minecraft@1.20.1)
7554:             1             16  net.minecraft.util.datafix.schemas.NamespacedSchema$1 (minecraft@1.20.1)
7555:             1             16  net.minecraft.util.datafix.schemas.V100$$Lambda$1868/0x000000080082a690 (minecraft@1.20.1)
7556:             1             16  net.minecraft.util.datafix.schemas.V1022$$Lambda$1937/0x0000000800846ce0 (minecraft@1.20.1)
7557:             1             16  net.minecraft.util.datafix.schemas.V1125$$Lambda$1942/0x0000000800847a48 (minecraft@1.20.1)
7558:             1             16  net.minecraft.util.datafix.schemas.V1125$$Lambda$1943/0x0000000800847c68 (minecraft@1.20.1)
7559:             1             16  net.minecraft.util.datafix.schemas.V1451_4$$Lambda$1984/0x000000080084f928 (minecraft@1.20.1)
7560:             1             16  net.minecraft.util.datafix.schemas.V1451_6$$Lambda$1995/0x0000000800853ae8 (minecraft@1.20.1)
7561:             1             16  net.minecraft.util.datafix.schemas.V1451_6$$Lambda$1996/0x0000000800853d08 (minecraft@1.20.1)
7562:             1             16  net.minecraft.util.datafix.schemas.V1451_6$1 (minecraft@1.20.1)
7563:             1             16  net.minecraft.util.datafix.schemas.V1451_6$2 (minecraft@1.20.1)
7564:             1             16  net.minecraft.util.datafix.schemas.V1460$$Lambda$2030/0x0000000800864490 (minecraft@1.20.1)
7565:             1             16  net.minecraft.util.datafix.schemas.V1460$$Lambda$2031/0x00000008008646b0 (minecraft@1.20.1)
7566:             1             16  net.minecraft.util.datafix.schemas.V1460$$Lambda$2033/0x0000000800864af8 (minecraft@1.20.1)
7567:             1             16  net.minecraft.util.datafix.schemas.V1460$$Lambda$2039/0x00000008008657e8 (minecraft@1.20.1)
7568:             1             16  net.minecraft.util.datafix.schemas.V1460$$Lambda$2041/0x0000000800865c30 (minecraft@1.20.1)
7569:             1             16  net.minecraft.util.datafix.schemas.V1460$$Lambda$2042/0x0000000800865e50 (minecraft@1.20.1)
7570:             1             16  net.minecraft.util.datafix.schemas.V1460$$Lambda$2043/0x0000000800866070 (minecraft@1.20.1)
7571:             1             16  net.minecraft.util.datafix.schemas.V1460$$Lambda$2047/0x0000000800866908 (minecraft@1.20.1)
7572:             1             16  net.minecraft.util.datafix.schemas.V1460$$Lambda$2049/0x0000000800866d50 (minecraft@1.20.1)
7573:             1             16  net.minecraft.util.datafix.schemas.V1460$$Lambda$2052/0x00000008008673c0 (minecraft@1.20.1)
7574:             1             16  net.minecraft.util.datafix.schemas.V1460$$Lambda$2053/0x00000008008675e0 (minecraft@1.20.1)
7575:             1             16  net.minecraft.util.datafix.schemas.V1460$$Lambda$2054/0x0000000800867800 (minecraft@1.20.1)
7576:             1             16  net.minecraft.util.datafix.schemas.V1460$$Lambda$2055/0x0000000800867a20 (minecraft@1.20.1)
7577:             1             16  net.minecraft.util.datafix.schemas.V1466$$Lambda$2059/0x0000000800868700 (minecraft@1.20.1)
7578:             1             16  net.minecraft.util.datafix.schemas.V2551$$Lambda$2118/0x0000000800875508 (minecraft@1.20.1)
7579:             1             16  net.minecraft.util.datafix.schemas.V2551$$Lambda$2124/0x00000008008761f0 (minecraft@1.20.1)
7580:             1             16  net.minecraft.util.datafix.schemas.V2551$$Lambda$2125/0x0000000800876410 (minecraft@1.20.1)
7581:             1             16  net.minecraft.util.datafix.schemas.V2684$$Lambda$2132/0x000000080087c458 (minecraft@1.20.1)
7582:             1             16  net.minecraft.util.datafix.schemas.V2832$$Lambda$2145/0x000000080087f068 (minecraft@1.20.1)
7583:             1             16  net.minecraft.util.datafix.schemas.V2832$$Lambda$2147/0x000000080087f4b0 (minecraft@1.20.1)
7584:             1             16  net.minecraft.util.datafix.schemas.V2832$$Lambda$2153/0x000000080087a228 (minecraft@1.20.1)
7585:             1             16  net.minecraft.util.datafix.schemas.V704$$Lambda$1897/0x00000008008406f8 (minecraft@1.20.1)
7586:             1             16  net.minecraft.util.datafix.schemas.V704$$Lambda$1903/0x0000000800841668 (minecraft@1.20.1)
7587:             1             16  net.minecraft.util.datafix.schemas.V704$1 (minecraft@1.20.1)
7588:             1             16  net.minecraft.util.datafix.schemas.V705$1 (minecraft@1.20.1)
7589:             1             16  net.minecraft.util.datafix.schemas.V99$$Lambda$1804/0x00000008008190f0 (minecraft@1.20.1)
7590:             1             16  net.minecraft.util.datafix.schemas.V99$$Lambda$1822/0x000000080081b6e0 (minecraft@1.20.1)
7591:             1             16  net.minecraft.util.datafix.schemas.V99$$Lambda$1823/0x000000080081b928 (minecraft@1.20.1)
7592:             1             16  net.minecraft.util.datafix.schemas.V99$$Lambda$1824/0x000000080081bb70 (minecraft@1.20.1)
7593:             1             16  net.minecraft.util.datafix.schemas.V99$$Lambda$1829/0x00000008008226d8 (minecraft@1.20.1)
7594:             1             16  net.minecraft.util.datafix.schemas.V99$$Lambda$1834/0x0000000800823198 (minecraft@1.20.1)
7595:             1             16  net.minecraft.util.datafix.schemas.V99$$Lambda$1837/0x0000000800823808 (minecraft@1.20.1)
7596:             1             16  net.minecraft.util.datafix.schemas.V99$$Lambda$1838/0x0000000800823a28 (minecraft@1.20.1)
7597:             1             16  net.minecraft.util.datafix.schemas.V99$$Lambda$1839/0x0000000800823c48 (minecraft@1.20.1)
7598:             1             16  net.minecraft.util.datafix.schemas.V99$$Lambda$1840/0x0000000800821c00 (minecraft@1.20.1)
7599:             1             16  net.minecraft.util.datafix.schemas.V99$$Lambda$1842/0x0000000800828228 (minecraft@1.20.1)
7600:             1             16  net.minecraft.util.datafix.schemas.V99$$Lambda$1843/0x0000000800828448 (minecraft@1.20.1)
7601:             1             16  net.minecraft.util.datafix.schemas.V99$$Lambda$1844/0x0000000800828668 (minecraft@1.20.1)
7602:             1             16  net.minecraft.util.datafix.schemas.V99$$Lambda$1845/0x0000000800828888 (minecraft@1.20.1)
7603:             1             16  net.minecraft.util.datafix.schemas.V99$$Lambda$1846/0x0000000800828aa8 (minecraft@1.20.1)
7604:             1             16  net.minecraft.util.datafix.schemas.V99$$Lambda$1847/0x0000000800828cc8 (minecraft@1.20.1)
7605:             1             16  net.minecraft.util.datafix.schemas.V99$1 (minecraft@1.20.1)
7606:             1             16  net.minecraft.util.eventlog.EventLogDirectory$$Lambda$5169/0x0000000800da7270 (minecraft@1.20.1)
7607:             1             16  net.minecraft.util.eventlog.EventLogDirectory$$Lambda$5172/0x0000000800da7918 (minecraft@1.20.1)
7608:             1             16  net.minecraft.util.profiling.InactiveProfiler (minecraft@1.20.1)
7609:             1             16  net.minecraft.util.profiling.metrics.MetricsRegistry (minecraft@1.20.1)
7610:             1             16  net.minecraft.util.profiling.metrics.profiling.InactiveMetricsRecorder (minecraft@1.20.1)
7611:             1             16  net.minecraft.util.random.SimpleWeightedRandomList$$Lambda$2936/0x0000000800a61830 (minecraft@1.20.1)
7612:             1             16  net.minecraft.util.random.SimpleWeightedRandomList$$Lambda$2937/0x0000000800a61a70 (minecraft@1.20.1)
7613:             1             16  net.minecraft.util.random.Weight$$Lambda$2931/0x0000000800a60d00 (minecraft@1.20.1)
7614:             1             16  net.minecraft.util.random.Weight$$Lambda$2932/0x0000000800a60f40 (minecraft@1.20.1)
7615:             1             16  net.minecraft.util.random.WeightedEntry$Wrapper$$Lambda$2930/0x0000000800a608b0 (minecraft@1.20.1)
7616:             1             16  net.minecraft.util.random.WeightedEntry$Wrapper$$Lambda$2933/0x0000000800a61180 (minecraft@1.20.1)
7617:             1             16  net.minecraft.util.random.WeightedEntry$Wrapper$$Lambda$2934/0x0000000800a613c0 (minecraft@1.20.1)
7618:             1             16  net.minecraft.util.random.WeightedRandomList$$Lambda$3556/0x0000000800af18b0 (minecraft@1.20.1)
7619:             1             16  net.minecraft.util.random.WeightedRandomList$$Lambda$3557/0x0000000800af1af0 (minecraft@1.20.1)
7620:             1             16  net.minecraft.util.valueproviders.BiasedToBottomInt$$Lambda$2917/0x0000000800a5df60 (minecraft@1.20.1)
7621:             1             16  net.minecraft.util.valueproviders.BiasedToBottomInt$$Lambda$2918/0x0000000800a5e1a0 (minecraft@1.20.1)
7622:             1             16  net.minecraft.util.valueproviders.BiasedToBottomInt$$Lambda$2919/0x0000000800a5e3e0 (minecraft@1.20.1)
7623:             1             16  net.minecraft.util.valueproviders.BiasedToBottomInt$$Lambda$2920/0x0000000800a5e620 (minecraft@1.20.1)
7624:             1             16  net.minecraft.util.valueproviders.BiasedToBottomInt$$Lambda$2921/0x0000000800a5e850 (minecraft@1.20.1)
7625:             1             16  net.minecraft.util.valueproviders.ClampedInt$$Lambda$2922/0x0000000800a5ecc0 (minecraft@1.20.1)
7626:             1             16  net.minecraft.util.valueproviders.ClampedInt$$Lambda$2923/0x0000000800a5ef00 (minecraft@1.20.1)
7627:             1             16  net.minecraft.util.valueproviders.ClampedInt$$Lambda$2924/0x0000000800a5f140 (minecraft@1.20.1)
7628:             1             16  net.minecraft.util.valueproviders.ClampedInt$$Lambda$2925/0x0000000800a5f380 (minecraft@1.20.1)
7629:             1             16  net.minecraft.util.valueproviders.ClampedInt$$Lambda$2926/0x0000000800a5f5c0 (minecraft@1.20.1)
7630:             1             16  net.minecraft.util.valueproviders.ClampedInt$$Lambda$2927/0x0000000800a5f800 (minecraft@1.20.1)
7631:             1             16  net.minecraft.util.valueproviders.ClampedNormalFloat$$Lambda$2903/0x0000000800a57aa0 (minecraft@1.20.1)
7632:             1             16  net.minecraft.util.valueproviders.ClampedNormalFloat$$Lambda$2904/0x0000000800a57ce0 (minecraft@1.20.1)
7633:             1             16  net.minecraft.util.valueproviders.ClampedNormalFloat$$Lambda$2905/0x0000000800a5c000 (minecraft@1.20.1)
7634:             1             16  net.minecraft.util.valueproviders.ClampedNormalFloat$$Lambda$2906/0x0000000800a5c240 (minecraft@1.20.1)
7635:             1             16  net.minecraft.util.valueproviders.ClampedNormalFloat$$Lambda$2907/0x0000000800a5c480 (minecraft@1.20.1)
7636:             1             16  net.minecraft.util.valueproviders.ClampedNormalFloat$$Lambda$2908/0x0000000800a5c6c0 (minecraft@1.20.1)
7637:             1             16  net.minecraft.util.valueproviders.ClampedNormalFloat$$Lambda$2909/0x0000000800a5c910 (minecraft@1.20.1)
7638:             1             16  net.minecraft.util.valueproviders.ClampedNormalInt$$Lambda$2940/0x0000000800a62358 (minecraft@1.20.1)
7639:             1             16  net.minecraft.util.valueproviders.ClampedNormalInt$$Lambda$2941/0x0000000800a62598 (minecraft@1.20.1)
7640:             1             16  net.minecraft.util.valueproviders.ClampedNormalInt$$Lambda$2942/0x0000000800a627d8 (minecraft@1.20.1)
7641:             1             16  net.minecraft.util.valueproviders.ClampedNormalInt$$Lambda$2943/0x0000000800a62a18 (minecraft@1.20.1)
7642:             1             16  net.minecraft.util.valueproviders.ClampedNormalInt$$Lambda$2944/0x0000000800a62c58 (minecraft@1.20.1)
7643:             1             16  net.minecraft.util.valueproviders.ClampedNormalInt$$Lambda$2945/0x0000000800a62e98 (minecraft@1.20.1)
7644:             1             16  net.minecraft.util.valueproviders.ClampedNormalInt$$Lambda$2946/0x0000000800a630e8 (minecraft@1.20.1)
7645:             1             16  net.minecraft.util.valueproviders.ConstantFloat$$Lambda$2892/0x0000000800a55d88 (minecraft@1.20.1)
7646:             1             16  net.minecraft.util.valueproviders.ConstantFloat$$Lambda$2893/0x0000000800a55fc8 (minecraft@1.20.1)
7647:             1             16  net.minecraft.util.valueproviders.ConstantFloat$$Lambda$2894/0x0000000800a56208 (minecraft@1.20.1)
7648:             1             16  net.minecraft.util.valueproviders.ConstantFloat$$Lambda$2895/0x0000000800a56448 (minecraft@1.20.1)
7649:             1             16  net.minecraft.util.valueproviders.ConstantFloat$$Lambda$2896/0x0000000800a56688 (minecraft@1.20.1)
7650:             1             16  net.minecraft.util.valueproviders.ConstantInt$$Lambda$1516/0x00000008007378e0 (minecraft@1.20.1)
7651:             1             16  net.minecraft.util.valueproviders.ConstantInt$$Lambda$1517/0x0000000800737b20 (minecraft@1.20.1)
7652:             1             16  net.minecraft.util.valueproviders.ConstantInt$$Lambda$1518/0x0000000800737d60 (minecraft@1.20.1)
7653:             1             16  net.minecraft.util.valueproviders.ConstantInt$$Lambda$1522/0x0000000800734c00 (minecraft@1.20.1)
7654:             1             16  net.minecraft.util.valueproviders.ConstantInt$$Lambda$1523/0x0000000800738000 (minecraft@1.20.1)
7655:             1             16  net.minecraft.util.valueproviders.FloatProvider$$Lambda$2888/0x0000000800a55488 (minecraft@1.20.1)
7656:             1             16  net.minecraft.util.valueproviders.FloatProvider$$Lambda$2889/0x0000000800a556c8 (minecraft@1.20.1)
7657:             1             16  net.minecraft.util.valueproviders.FloatProvider$$Lambda$2890/0x0000000800a55908 (minecraft@1.20.1)
7658:             1             16  net.minecraft.util.valueproviders.FloatProvider$$Lambda$2891/0x0000000800a55b48 (minecraft@1.20.1)
7659:             1             16  net.minecraft.util.valueproviders.IntProvider$$Lambda$1511/0x0000000800733a00 (minecraft@1.20.1)
7660:             1             16  net.minecraft.util.valueproviders.IntProvider$$Lambda$1512/0x0000000800733c40 (minecraft@1.20.1)
7661:             1             16  net.minecraft.util.valueproviders.IntProvider$$Lambda$1513/0x0000000800737220 (minecraft@1.20.1)
7662:             1             16  net.minecraft.util.valueproviders.IntProvider$$Lambda$1514/0x0000000800737460 (minecraft@1.20.1)
7663:             1             16  net.minecraft.util.valueproviders.TrapezoidFloat$$Lambda$2910/0x0000000800a5cd90 (minecraft@1.20.1)
7664:             1             16  net.minecraft.util.valueproviders.TrapezoidFloat$$Lambda$2911/0x0000000800a5cfd0 (minecraft@1.20.1)
7665:             1             16  net.minecraft.util.valueproviders.TrapezoidFloat$$Lambda$2912/0x0000000800a5d210 (minecraft@1.20.1)
7666:             1             16  net.minecraft.util.valueproviders.TrapezoidFloat$$Lambda$2913/0x0000000800a5d450 (minecraft@1.20.1)
7667:             1             16  net.minecraft.util.valueproviders.TrapezoidFloat$$Lambda$2914/0x0000000800a5d690 (minecraft@1.20.1)
7668:             1             16  net.minecraft.util.valueproviders.TrapezoidFloat$$Lambda$2915/0x0000000800a5d8d0 (minecraft@1.20.1)
7669:             1             16  net.minecraft.util.valueproviders.UniformFloat$$Lambda$2898/0x0000000800a56d30 (minecraft@1.20.1)
7670:             1             16  net.minecraft.util.valueproviders.UniformFloat$$Lambda$2899/0x0000000800a56f70 (minecraft@1.20.1)
7671:             1             16  net.minecraft.util.valueproviders.UniformFloat$$Lambda$2900/0x0000000800a571b0 (minecraft@1.20.1)
7672:             1             16  net.minecraft.util.valueproviders.UniformFloat$$Lambda$2901/0x0000000800a573f0 (minecraft@1.20.1)
7673:             1             16  net.minecraft.util.valueproviders.UniformFloat$$Lambda$2902/0x0000000800a57620 (minecraft@1.20.1)
7674:             1             16  net.minecraft.util.valueproviders.UniformInt$$Lambda$1524/0x0000000800738240 (minecraft@1.20.1)
7675:             1             16  net.minecraft.util.valueproviders.UniformInt$$Lambda$1525/0x0000000800738480 (minecraft@1.20.1)
7676:             1             16  net.minecraft.util.valueproviders.UniformInt$$Lambda$1526/0x00000008007386c0 (minecraft@1.20.1)
7677:             1             16  net.minecraft.util.valueproviders.UniformInt$$Lambda$1527/0x0000000800738900 (minecraft@1.20.1)
7678:             1             16  net.minecraft.util.valueproviders.UniformInt$$Lambda$1528/0x0000000800738b30 (minecraft@1.20.1)
7679:             1             16  net.minecraft.util.valueproviders.WeightedListInt$$Lambda$2928/0x0000000800a5fa40 (minecraft@1.20.1)
7680:             1             16  net.minecraft.util.valueproviders.WeightedListInt$$Lambda$2938/0x0000000800a61cb0 (minecraft@1.20.1)
7681:             1             16  net.minecraft.util.valueproviders.WeightedListInt$$Lambda$2939/0x0000000800a61ef0 (minecraft@1.20.1)
7682:             1             16  net.minecraft.world.LockCode (minecraft@1.20.1)
7683:             1             16  net.minecraft.world.effect.MobEffect$$Lambda$1581/0x000000080074f240 (minecraft@1.20.1)
7684:             1             16  net.minecraft.world.effect.MobEffects$$Lambda$1584/0x0000000800754c10 (minecraft@1.20.1)
7685:             1             16  net.minecraft.world.entity.EntitySelector$$Lambda$2547/0x00000008009d57d8 (minecraft@1.20.1)
7686:             1             16  net.minecraft.world.entity.EntitySelector$$Lambda$2548/0x00000008009d5a28 (minecraft@1.20.1)
7687:             1             16  net.minecraft.world.entity.EntitySelector$$Lambda$2549/0x00000008009d5c78 (minecraft@1.20.1)
7688:             1             16  net.minecraft.world.entity.EntitySelector$$Lambda$2550/0x00000008009d5ec8 (minecraft@1.20.1)
7689:             1             16  net.minecraft.world.entity.EntitySelector$$Lambda$2551/0x00000008009d6118 (minecraft@1.20.1)
7690:             1             16  net.minecraft.world.entity.EntitySelector$$Lambda$2552/0x00000008009d6368 (minecraft@1.20.1)
7691:             1             16  net.minecraft.world.entity.EntitySelector$$Lambda$2553/0x00000008009d65b8 (minecraft@1.20.1)
7692:             1             16  net.minecraft.world.entity.EntityType$$Lambda$1791/0x00000008007fb268 (minecraft@1.20.1)
7693:             1             16  net.minecraft.world.entity.EntityType$$Lambda$2213/0x00000008008866c0 (minecraft@1.20.1)
7694:             1             16  net.minecraft.world.entity.EntityType$$Lambda$2222/0x0000000800886fb8 (minecraft@1.20.1)
7695:             1             16  net.minecraft.world.entity.EntityType$$Lambda$2230/0x0000000800897188 (minecraft@1.20.1)
7696:             1             16  net.minecraft.world.entity.EntityType$$Lambda$2261/0x000000080089fc50 (minecraft@1.20.1)
7697:             1             16  net.minecraft.world.entity.EntityType$$Lambda$2270/0x00000008008a4ad8 (minecraft@1.20.1)
7698:             1             16  net.minecraft.world.entity.EntityType$$Lambda$2281/0x00000008008b0000 (minecraft@1.20.1)
7699:             1             16  net.minecraft.world.entity.EntityType$$Lambda$2295/0x00000008008b4ab0 (minecraft@1.20.1)
7700:             1             16  net.minecraft.world.entity.EntityType$$Lambda$2306/0x00000008008b8d10 (minecraft@1.20.1)
7701:             1             16  net.minecraft.world.entity.EntityType$$Lambda$2320/0x00000008008be248 (minecraft@1.20.1)
7702:             1             16  net.minecraft.world.entity.EntityType$$Lambda$2351/0x00000008008c78a0 (minecraft@1.20.1)
7703:             1             16  net.minecraft.world.entity.EntityType$$Lambda$2362/0x00000008008cdc38 (minecraft@1.20.1)
7704:             1             16  net.minecraft.world.entity.EntityType$$Lambda$2364/0x00000008008cfd88 (minecraft@1.20.1)
7705:             1             16  net.minecraft.world.entity.EntityType$$Lambda$2365/0x00000008008d7480 (minecraft@1.20.1)
7706:             1             16  net.minecraft.world.entity.EntityType$$Lambda$2366/0x00000008008d76a0 (minecraft@1.20.1)
7707:             1             16  net.minecraft.world.entity.EntityType$$Lambda$2367/0x00000008008d78c0 (minecraft@1.20.1)
7708:             1             16  net.minecraft.world.entity.EntityType$$Lambda$2368/0x00000008008e6e58 (minecraft@1.20.1)
7709:             1             16  net.minecraft.world.entity.EntityType$$Lambda$2369/0x00000008008e7690 (minecraft@1.20.1)
7710:             1             16  net.minecraft.world.entity.EntityType$$Lambda$2370/0x00000008008e78b0 (minecraft@1.20.1)
7711:             1             16  net.minecraft.world.entity.EntityType$$Lambda$2371/0x00000008008e7d30 (minecraft@1.20.1)
7712:             1             16  net.minecraft.world.entity.EntityType$$Lambda$2372/0x00000008008f0738 (minecraft@1.20.1)
7713:             1             16  net.minecraft.world.entity.EntityType$$Lambda$2373/0x00000008008f4968 (minecraft@1.20.1)
7714:             1             16  net.minecraft.world.entity.EntityType$$Lambda$2374/0x00000008008f7068 (minecraft@1.20.1)
7715:             1             16  net.minecraft.world.entity.EntityType$$Lambda$2375/0x0000000800900258 (minecraft@1.20.1)
7716:             1             16  net.minecraft.world.entity.EntityType$$Lambda$2376/0x0000000800903e08 (minecraft@1.20.1)
7717:             1             16  net.minecraft.world.entity.EntityType$$Lambda$2377/0x0000000800908258 (minecraft@1.20.1)
7718:             1             16  net.minecraft.world.entity.EntityType$$Lambda$2378/0x0000000800909680 (minecraft@1.20.1)
7719:             1             16  net.minecraft.world.entity.EntityType$$Lambda$2379/0x000000080090d948 (minecraft@1.20.1)
7720:             1             16  net.minecraft.world.entity.EntityType$$Lambda$2380/0x000000080090ee00 (minecraft@1.20.1)
7721:             1             16  net.minecraft.world.entity.EntityType$$Lambda$2381/0x000000080090f9e8 (minecraft@1.20.1)
7722:             1             16  net.minecraft.world.entity.EntityType$$Lambda$2382/0x0000000800913a80 (minecraft@1.20.1)
7723:             1             16  net.minecraft.world.entity.EntityType$$Lambda$2383/0x000000080091ec60 (minecraft@1.20.1)
7724:             1             16  net.minecraft.world.entity.EntityType$$Lambda$2384/0x000000080091ee80 (minecraft@1.20.1)
7725:             1             16  net.minecraft.world.entity.EntityType$$Lambda$2385/0x000000080091f0a0 (minecraft@1.20.1)
7726:             1             16  net.minecraft.world.entity.EntityType$$Lambda$2386/0x000000080091fa18 (minecraft@1.20.1)
7727:             1             16  net.minecraft.world.entity.EntityType$$Lambda$2387/0x000000080091fc38 (minecraft@1.20.1)
7728:             1             16  net.minecraft.world.entity.EntityType$$Lambda$2388/0x0000000800923e70 (minecraft@1.20.1)
7729:             1             16  net.minecraft.world.entity.EntityType$$Lambda$2389/0x0000000800925318 (minecraft@1.20.1)
7730:             1             16  net.minecraft.world.entity.EntityType$$Lambda$2390/0x000000080092a790 (minecraft@1.20.1)
7731:             1             16  net.minecraft.world.entity.EntityType$$Lambda$2391/0x000000080092cce0 (minecraft@1.20.1)
7732:             1             16  net.minecraft.world.entity.EntityType$$Lambda$2392/0x000000080092cf00 (minecraft@1.20.1)
7733:             1             16  net.minecraft.world.entity.EntityType$$Lambda$2393/0x000000080092f6f0 (minecraft@1.20.1)
7734:             1             16  net.minecraft.world.entity.EntityType$$Lambda$2394/0x000000080092f910 (minecraft@1.20.1)
7735:             1             16  net.minecraft.world.entity.EntityType$$Lambda$2395/0x000000080092fb30 (minecraft@1.20.1)
7736:             1             16  net.minecraft.world.entity.EntityType$$Lambda$2396/0x0000000800937d30 (minecraft@1.20.1)
7737:             1             16  net.minecraft.world.entity.EntityType$$Lambda$2397/0x000000080093ba18 (minecraft@1.20.1)
7738:             1             16  net.minecraft.world.entity.EntityType$$Lambda$2398/0x000000080093bc38 (minecraft@1.20.1)
7739:             1             16  net.minecraft.world.entity.EntityType$$Lambda$2399/0x000000080093f878 (minecraft@1.20.1)
7740:             1             16  net.minecraft.world.entity.EntityType$$Lambda$2400/0x000000080093fdd8 (minecraft@1.20.1)
7741:             1             16  net.minecraft.world.entity.EntityType$$Lambda$2401/0x0000000800944040 (minecraft@1.20.1)
7742:             1             16  net.minecraft.world.entity.EntityType$$Lambda$2402/0x0000000800945f58 (minecraft@1.20.1)
7743:             1             16  net.minecraft.world.entity.EntityType$$Lambda$2403/0x00000008009487b0 (minecraft@1.20.1)
7744:             1             16  net.minecraft.world.entity.EntityType$$Lambda$2404/0x0000000800949bf8 (minecraft@1.20.1)
7745:             1             16  net.minecraft.world.entity.EntityType$$Lambda$2405/0x000000080094aa68 (minecraft@1.20.1)
7746:             1             16  net.minecraft.world.entity.EntityType$$Lambda$2406/0x000000080094ac88 (minecraft@1.20.1)
7747:             1             16  net.minecraft.world.entity.EntityType$$Lambda$2407/0x000000080094c0d0 (minecraft@1.20.1)
7748:             1             16  net.minecraft.world.entity.EntityType$$Lambda$2408/0x000000080094c2f0 (minecraft@1.20.1)
7749:             1             16  net.minecraft.world.entity.EntityType$$Lambda$2409/0x000000080094ea50 (minecraft@1.20.1)
7750:             1             16  net.minecraft.world.entity.EntityType$$Lambda$2410/0x000000080094ec70 (minecraft@1.20.1)
7751:             1             16  net.minecraft.world.entity.EntityType$$Lambda$2411/0x000000080094ee90 (minecraft@1.20.1)
7752:             1             16  net.minecraft.world.entity.EntityType$$Lambda$2412/0x000000080094f858 (minecraft@1.20.1)
7753:             1             16  net.minecraft.world.entity.EntityType$$Lambda$2413/0x000000080094fa78 (minecraft@1.20.1)
7754:             1             16  net.minecraft.world.entity.EntityType$$Lambda$2414/0x0000000800957628 (minecraft@1.20.1)
7755:             1             16  net.minecraft.world.entity.EntityType$$Lambda$2415/0x0000000800957848 (minecraft@1.20.1)
7756:             1             16  net.minecraft.world.entity.EntityType$$Lambda$2416/0x0000000800957a68 (minecraft@1.20.1)
7757:             1             16  net.minecraft.world.entity.EntityType$$Lambda$2417/0x0000000800957c88 (minecraft@1.20.1)
7758:             1             16  net.minecraft.world.entity.EntityType$$Lambda$2418/0x000000080095af88 (minecraft@1.20.1)
7759:             1             16  net.minecraft.world.entity.EntityType$$Lambda$2419/0x000000080095d3b8 (minecraft@1.20.1)
7760:             1             16  net.minecraft.world.entity.EntityType$$Lambda$2420/0x000000080095e848 (minecraft@1.20.1)
7761:             1             16  net.minecraft.world.entity.EntityType$$Lambda$2421/0x00000008009622d8 (minecraft@1.20.1)
7762:             1             16  net.minecraft.world.entity.EntityType$$Lambda$2422/0x0000000800966ac8 (minecraft@1.20.1)
7763:             1             16  net.minecraft.world.entity.EntityType$$Lambda$2423/0x0000000800969c60 (minecraft@1.20.1)
7764:             1             16  net.minecraft.world.entity.EntityType$$Lambda$2424/0x000000080096dc30 (minecraft@1.20.1)
7765:             1             16  net.minecraft.world.entity.EntityType$$Lambda$2425/0x000000080096fd20 (minecraft@1.20.1)
7766:             1             16  net.minecraft.world.entity.EntityType$$Lambda$2426/0x0000000800973ad0 (minecraft@1.20.1)
7767:             1             16  net.minecraft.world.entity.EntityType$$Lambda$2427/0x0000000800976000 (minecraft@1.20.1)
7768:             1             16  net.minecraft.world.entity.EntityType$$Lambda$2428/0x0000000800976c80 (minecraft@1.20.1)
7769:             1             16  net.minecraft.world.entity.EntityType$$Lambda$2429/0x0000000800976ea0 (minecraft@1.20.1)
7770:             1             16  net.minecraft.world.entity.EntityType$$Lambda$2430/0x0000000800977320 (minecraft@1.20.1)
7771:             1             16  net.minecraft.world.entity.EntityType$$Lambda$2431/0x000000080097f240 (minecraft@1.20.1)
7772:             1             16  net.minecraft.world.entity.EntityType$$Lambda$2432/0x000000080097f6f8 (minecraft@1.20.1)
7773:             1             16  net.minecraft.world.entity.EntityType$$Lambda$2433/0x000000080097f918 (minecraft@1.20.1)
7774:             1             16  net.minecraft.world.entity.EntityType$$Lambda$2434/0x0000000800985ce0 (minecraft@1.20.1)
7775:             1             16  net.minecraft.world.entity.EntityType$$Lambda$2435/0x0000000800988c48 (minecraft@1.20.1)
7776:             1             16  net.minecraft.world.entity.EntityType$$Lambda$2436/0x000000080098a0c8 (minecraft@1.20.1)
7777:             1             16  net.minecraft.world.entity.EntityType$$Lambda$2437/0x000000080098a7d8 (minecraft@1.20.1)
7778:             1             16  net.minecraft.world.entity.EntityType$$Lambda$2438/0x000000080098aef0 (minecraft@1.20.1)
7779:             1             16  net.minecraft.world.entity.EntityType$$Lambda$2439/0x000000080098d370 (minecraft@1.20.1)
7780:             1             16  net.minecraft.world.entity.EntityType$$Lambda$2440/0x000000080098d590 (minecraft@1.20.1)
7781:             1             16  net.minecraft.world.entity.EntityType$$Lambda$2441/0x000000080098ea50 (minecraft@1.20.1)
7782:             1             16  net.minecraft.world.entity.EntityType$$Lambda$2442/0x000000080098ec70 (minecraft@1.20.1)
7783:             1             16  net.minecraft.world.entity.EntityType$$Lambda$2443/0x000000080098ee90 (minecraft@1.20.1)
7784:             1             16  net.minecraft.world.entity.EntityType$$Lambda$2444/0x000000080098f0b0 (minecraft@1.20.1)
7785:             1             16  net.minecraft.world.entity.EntityType$$Lambda$2445/0x000000080098f7c0 (minecraft@1.20.1)
7786:             1             16  net.minecraft.world.entity.EntityType$$Lambda$2446/0x000000080098f9e0 (minecraft@1.20.1)
7787:             1             16  net.minecraft.world.entity.EntityType$$Lambda$2447/0x000000080098fc00 (minecraft@1.20.1)
7788:             1             16  net.minecraft.world.entity.EntityType$$Lambda$2448/0x00000008009925a0 (minecraft@1.20.1)
7789:             1             16  net.minecraft.world.entity.EntityType$$Lambda$2449/0x0000000800994488 (minecraft@1.20.1)
7790:             1             16  net.minecraft.world.entity.EntityType$$Lambda$2450/0x0000000800996a60 (minecraft@1.20.1)
7791:             1             16  net.minecraft.world.entity.EntityType$$Lambda$2451/0x0000000800996c80 (minecraft@1.20.1)
7792:             1             16  net.minecraft.world.entity.EntityType$$Lambda$2522/0x00000008009b3ed8 (minecraft@1.20.1)
7793:             1             16  net.minecraft.world.entity.EntityType$$Lambda$2523/0x00000008009b40f8 (minecraft@1.20.1)
7794:             1             16  net.minecraft.world.entity.EntityType$$Lambda$2524/0x00000008009b4318 (minecraft@1.20.1)
7795:             1             16  net.minecraft.world.entity.EntityType$$Lambda$2525/0x00000008009b6888 (minecraft@1.20.1)
7796:             1             16  net.minecraft.world.entity.EntityType$$Lambda$2526/0x00000008009b6aa8 (minecraft@1.20.1)
7797:             1             16  net.minecraft.world.entity.EntityType$$Lambda$2527/0x00000008009b6cc8 (minecraft@1.20.1)
7798:             1             16  net.minecraft.world.entity.EntityType$$Lambda$2528/0x00000008009ba5b0 (minecraft@1.20.1)
7799:             1             16  net.minecraft.world.entity.EntityType$$Lambda$2529/0x00000008009bce50 (minecraft@1.20.1)
7800:             1             16  net.minecraft.world.entity.EntityType$$Lambda$2530/0x00000008009bf8c8 (minecraft@1.20.1)
7801:             1             16  net.minecraft.world.entity.EntityType$$Lambda$2531/0x00000008009c6220 (minecraft@1.20.1)
7802:             1             16  net.minecraft.world.entity.EntityType$$Lambda$2532/0x00000008009c7038 (minecraft@1.20.1)
7803:             1             16  net.minecraft.world.entity.EntityType$$Lambda$2533/0x00000008009c75c8 (minecraft@1.20.1)
7804:             1             16  net.minecraft.world.entity.EntityType$$Lambda$2534/0x00000008009c7d40 (minecraft@1.20.1)
7805:             1             16  net.minecraft.world.entity.EntityType$$Lambda$2535/0x00000008009cb330 (minecraft@1.20.1)
7806:             1             16  net.minecraft.world.entity.EntityType$$Lambda$2536/0x00000008009cd218 (minecraft@1.20.1)
7807:             1             16  net.minecraft.world.entity.EntityType$$Lambda$2537/0x00000008009cd438 (minecraft@1.20.1)
7808:             1             16  net.minecraft.world.entity.EntityType$$Lambda$2538/0x00000008009d0288 (minecraft@1.20.1)
7809:             1             16  net.minecraft.world.entity.EntityType$$Lambda$2539/0x00000008009d04a8 (minecraft@1.20.1)
7810:             1             16  net.minecraft.world.entity.EntityType$$Lambda$2540/0x00000008009d06c8 (minecraft@1.20.1)
7811:             1             16  net.minecraft.world.entity.EntityType$$Lambda$2541/0x00000008009d28d0 (minecraft@1.20.1)
7812:             1             16  net.minecraft.world.entity.EntityType$$Lambda$2542/0x00000008009d2af0 (minecraft@1.20.1)
7813:             1             16  net.minecraft.world.entity.EntityType$$Lambda$2543/0x00000008009d2d10 (minecraft@1.20.1)
7814:             1             16  net.minecraft.world.entity.EntityType$$Lambda$2545/0x00000008009d4670 (minecraft@1.20.1)
7815:             1             16  net.minecraft.world.entity.EntityType$Builder$$Lambda$1798/0x00000008007fcb10 (minecraft@1.20.1)
7816:             1             16  net.minecraft.world.entity.EntityType$Builder$$Lambda$1799/0x00000008007fcd60 (minecraft@1.20.1)
7817:             1             16  net.minecraft.world.entity.EntityType$Builder$$Lambda$1800/0x00000008007fcf80 (minecraft@1.20.1)
7818:             1             16  net.minecraft.world.entity.EntityType$Builder$$Lambda$2544/0x00000008009d2f30 (minecraft@1.20.1)
7819:             1             16  net.minecraft.world.entity.MobCategory$$Lambda$1792/0x00000008007fb900 (minecraft@1.20.1)
7820:             1             16  net.minecraft.world.entity.MobCategory$$Lambda$1793/0x00000008007fbb20 (minecraft@1.20.1)
7821:             1             16  net.minecraft.world.entity.MobCategory$$Lambda$1796/0x00000008007fc1e8 (minecraft@1.20.1)
7822:             1             16  net.minecraft.world.entity.MobCategory$$Lambda$1797/0x00000008007fc428 (minecraft@1.20.1)
7823:             1             16  net.minecraft.world.entity.ai.memory.ExpirableValue$$Lambda$2518/0x00000008009b2408 (minecraft@1.20.1)
7824:             1             16  net.minecraft.world.entity.ai.memory.ExpirableValue$$Lambda$2519/0x00000008009b2648 (minecraft@1.20.1)
7825:             1             16  net.minecraft.world.entity.ai.memory.ExpirableValue$$Lambda$2520/0x00000008009b2888 (minecraft@1.20.1)
7826:             1             16  net.minecraft.world.entity.ai.memory.MemoryModuleType$$Lambda$2510/0x00000008009a1678 (minecraft@1.20.1)
7827:             1             16  net.minecraft.world.entity.ai.sensing.SensorType$$Lambda$2487/0x00000008009a2ad8 (minecraft@1.20.1)
7828:             1             16  net.minecraft.world.entity.ai.sensing.SensorType$$Lambda$2488/0x00000008009a2f18 (minecraft@1.20.1)
7829:             1             16  net.minecraft.world.entity.ai.sensing.SensorType$$Lambda$2489/0x00000008009a3360 (minecraft@1.20.1)
7830:             1             16  net.minecraft.world.entity.ai.sensing.SensorType$$Lambda$2490/0x00000008009a3798 (minecraft@1.20.1)
7831:             1             16  net.minecraft.world.entity.ai.sensing.SensorType$$Lambda$2491/0x00000008009a3be0 (minecraft@1.20.1)
7832:             1             16  net.minecraft.world.entity.ai.sensing.SensorType$$Lambda$2492/0x00000008009aa138 (minecraft@1.20.1)
7833:             1             16  net.minecraft.world.entity.ai.sensing.SensorType$$Lambda$2493/0x00000008009aa7b8 (minecraft@1.20.1)
7834:             1             16  net.minecraft.world.entity.ai.sensing.SensorType$$Lambda$2494/0x00000008009aabf0 (minecraft@1.20.1)
7835:             1             16  net.minecraft.world.entity.ai.sensing.SensorType$$Lambda$2495/0x00000008009ab030 (minecraft@1.20.1)
7836:             1             16  net.minecraft.world.entity.ai.sensing.SensorType$$Lambda$2496/0x00000008009ab468 (minecraft@1.20.1)
7837:             1             16  net.minecraft.world.entity.ai.sensing.SensorType$$Lambda$2497/0x00000008009ab8a0 (minecraft@1.20.1)
7838:             1             16  net.minecraft.world.entity.ai.sensing.SensorType$$Lambda$2498/0x00000008009abcd8 (minecraft@1.20.1)
7839:             1             16  net.minecraft.world.entity.ai.sensing.SensorType$$Lambda$2499/0x00000008009ac118 (minecraft@1.20.1)
7840:             1             16  net.minecraft.world.entity.ai.sensing.SensorType$$Lambda$2500/0x00000008009ac558 (minecraft@1.20.1)
7841:             1             16  net.minecraft.world.entity.ai.sensing.SensorType$$Lambda$2501/0x00000008009ac9a8 (minecraft@1.20.1)
7842:             1             16  net.minecraft.world.entity.ai.sensing.SensorType$$Lambda$2502/0x00000008009acdf0 (minecraft@1.20.1)
7843:             1             16  net.minecraft.world.entity.ai.sensing.SensorType$$Lambda$2503/0x00000008009ad010 (minecraft@1.20.1)
7844:             1             16  net.minecraft.world.entity.ai.sensing.SensorType$$Lambda$2504/0x00000008009ad230 (minecraft@1.20.1)
7845:             1             16  net.minecraft.world.entity.ai.sensing.SensorType$$Lambda$2505/0x00000008009ad450 (minecraft@1.20.1)
7846:             1             16  net.minecraft.world.entity.ai.sensing.SensorType$$Lambda$2506/0x00000008009ad8a0 (minecraft@1.20.1)
7847:             1             16  net.minecraft.world.entity.ai.sensing.SensorType$$Lambda$2507/0x00000008009adcd8 (minecraft@1.20.1)
7848:             1             16  net.minecraft.world.entity.ai.sensing.SensorType$$Lambda$2508/0x00000008009a1000 (minecraft@1.20.1)
7849:             1             16  net.minecraft.world.entity.ai.sensing.SensorType$$Lambda$2509/0x00000008009a1220 (minecraft@1.20.1)
7850:             1             16  net.minecraft.world.entity.ai.village.poi.PoiType$$Lambda$2865/0x0000000800a3f118 (minecraft@1.20.1)
7851:             1             16  net.minecraft.world.entity.ai.village.poi.PoiTypes$$Lambda$2866/0x0000000800a3f368 (minecraft@1.20.1)
7852:             1             16  net.minecraft.world.entity.ai.village.poi.PoiTypes$$Lambda$2867/0x0000000800a3f5a8 (minecraft@1.20.1)
7853:             1             16  net.minecraft.world.entity.ai.village.poi.PoiTypes$$Lambda$2868/0x0000000800a3f7f8 (minecraft@1.20.1)
7854:             1             16  net.minecraft.world.entity.animal.IronGolem$Crackiness$$Lambda$5910/0x0000000800e8fba8 (minecraft@1.20.1)
7855:             1             16  net.minecraft.world.entity.animal.MushroomCow$MushroomType$$Lambda$5894/0x0000000800e8cd60 (minecraft@1.20.1)
7856:             1             16  net.minecraft.world.entity.animal.Panda$Gene$$Lambda$5899/0x0000000800e8da70 (minecraft@1.20.1)
7857:             1             16  net.minecraft.world.entity.animal.Panda$Gene$$Lambda$5900/0x0000000800e8dc90 (minecraft@1.20.1)
7858:             1             16  net.minecraft.world.entity.animal.axolotl.Axolotl$Variant$$Lambda$5869/0x0000000800e84048 (minecraft@1.20.1)
7859:             1             16  net.minecraft.world.entity.animal.axolotl.Axolotl$Variant$$Lambda$5870/0x0000000800e84268 (minecraft@1.20.1)
7860:             1             16  net.minecraft.world.entity.animal.horse.Markings$$Lambda$5887/0x0000000800e87598 (minecraft@1.20.1)
7861:             1             16  net.minecraft.world.entity.animal.horse.Variant$$Lambda$5884/0x0000000800e86ae8 (minecraft@1.20.1)
7862:             1             16  net.minecraft.world.entity.animal.horse.Variant$$Lambda$5885/0x0000000800e86d08 (minecraft@1.20.1)
7863:             1             16  net.minecraft.world.entity.npc.VillagerProfession$$Lambda$2864/0x0000000800a3eec8 (minecraft@1.20.1)
7864:             1             16  net.minecraft.world.entity.npc.VillagerProfession$$Lambda$2871/0x0000000800a40000 (minecraft@1.20.1)
7865:             1             16  net.minecraft.world.entity.npc.VillagerProfession$$Lambda$2872/0x0000000800a40258 (minecraft@1.20.1)
7866:             1             16  net.minecraft.world.entity.npc.VillagerType$$Lambda$2863/0x0000000800a3ea90 (minecraft@1.20.1)
7867:             1             16  net.minecraft.world.entity.player.ChatVisiblity$$Lambda$4406/0x0000000800bfd160 (minecraft@1.20.1)
7868:             1             16  net.minecraft.world.entity.schedule.Schedule$$Lambda$2879/0x0000000800a41888 (minecraft@1.20.1)
7869:             1             16  net.minecraft.world.entity.schedule.ScheduleBuilder$$Lambda$2875/0x0000000800a40d50 (minecraft@1.20.1)
7870:             1             16  net.minecraft.world.entity.vehicle.Boat$Type$$Lambda$2556/0x00000008009d6eb0 (minecraft@1.20.1)
7871:             1             16  net.minecraft.world.entity.vehicle.Boat$Type$$Lambda$2557/0x00000008009d70d0 (minecraft@1.20.1)
7872:             1             16  net.minecraft.world.flag.FeatureFlagRegistry$$Lambda$1458/0x0000000800707ab8 (minecraft@1.20.1)
7873:             1             16  net.minecraft.world.flag.FeatureFlagRegistry$$Lambda$1459/0x0000000800707d00 (minecraft@1.20.1)
7874:             1             16  net.minecraft.world.flag.FeatureFlagUniverse (minecraft@1.20.1)
7875:             1             16  net.minecraft.world.inventory.MenuType$$Lambda$2780/0x0000000800a17798 (minecraft@1.20.1)
7876:             1             16  net.minecraft.world.inventory.MenuType$$Lambda$2781/0x0000000800a179b8 (minecraft@1.20.1)
7877:             1             16  net.minecraft.world.inventory.MenuType$$Lambda$2782/0x0000000800a17bd8 (minecraft@1.20.1)
7878:             1             16  net.minecraft.world.inventory.MenuType$$Lambda$2783/0x0000000800a1e000 (minecraft@1.20.1)
7879:             1             16  net.minecraft.world.inventory.MenuType$$Lambda$2784/0x0000000800a1e220 (minecraft@1.20.1)
7880:             1             16  net.minecraft.world.inventory.MenuType$$Lambda$2785/0x0000000800a1e440 (minecraft@1.20.1)
7881:             1             16  net.minecraft.world.inventory.MenuType$$Lambda$2786/0x0000000800a1e660 (minecraft@1.20.1)
7882:             1             16  net.minecraft.world.inventory.MenuType$$Lambda$2787/0x0000000800a1f888 (minecraft@1.20.1)
7883:             1             16  net.minecraft.world.inventory.MenuType$$Lambda$2788/0x0000000800a1fd90 (minecraft@1.20.1)
7884:             1             16  net.minecraft.world.inventory.MenuType$$Lambda$2789/0x0000000800a1d5d8 (minecraft@1.20.1)
7885:             1             16  net.minecraft.world.inventory.MenuType$$Lambda$2790/0x0000000800a1ddc8 (minecraft@1.20.1)
7886:             1             16  net.minecraft.world.inventory.MenuType$$Lambda$2791/0x0000000800a1cdd8 (minecraft@1.20.1)
7887:             1             16  net.minecraft.world.inventory.MenuType$$Lambda$2792/0x0000000800a205d0 (minecraft@1.20.1)
7888:             1             16  net.minecraft.world.inventory.MenuType$$Lambda$2793/0x0000000800a207f0 (minecraft@1.20.1)
7889:             1             16  net.minecraft.world.inventory.MenuType$$Lambda$2794/0x0000000800a212c8 (minecraft@1.20.1)
7890:             1             16  net.minecraft.world.inventory.MenuType$$Lambda$2795/0x0000000800a214e8 (minecraft@1.20.1)
7891:             1             16  net.minecraft.world.inventory.MenuType$$Lambda$2796/0x0000000800a21708 (minecraft@1.20.1)
7892:             1             16  net.minecraft.world.inventory.MenuType$$Lambda$2797/0x0000000800a224c8 (minecraft@1.20.1)
7893:             1             16  net.minecraft.world.inventory.MenuType$$Lambda$2798/0x0000000800a229d8 (minecraft@1.20.1)
7894:             1             16  net.minecraft.world.inventory.MenuType$$Lambda$2799/0x0000000800a22ee0 (minecraft@1.20.1)
7895:             1             16  net.minecraft.world.inventory.MenuType$$Lambda$2800/0x0000000800a23100 (minecraft@1.20.1)
7896:             1             16  net.minecraft.world.inventory.MenuType$$Lambda$2801/0x0000000800a23320 (minecraft@1.20.1)
7897:             1             16  net.minecraft.world.inventory.MenuType$$Lambda$2802/0x0000000800a24528 (minecraft@1.20.1)
7898:             1             16  net.minecraft.world.inventory.MenuType$$Lambda$2803/0x0000000800a24a30 (minecraft@1.20.1)
7899:             1             16  net.minecraft.world.item.ArmorItem$$Lambda$2546/0x00000008009d5168 (minecraft@1.20.1)
7900:             1             16  net.minecraft.world.item.ArmorItem$1 (minecraft@1.20.1)
7901:             1             16  net.minecraft.world.item.ArmorMaterials$$Lambda$2558/0x00000008009d75a8 (minecraft@1.20.1)
7902:             1             16  net.minecraft.world.item.ArmorMaterials$$Lambda$2559/0x00000008009d7a78 (minecraft@1.20.1)
7903:             1             16  net.minecraft.world.item.ArmorMaterials$$Lambda$2561/0x00000008009dc240 (minecraft@1.20.1)
7904:             1             16  net.minecraft.world.item.ArmorMaterials$$Lambda$2562/0x00000008009dc470 (minecraft@1.20.1)
7905:             1             16  net.minecraft.world.item.ArmorMaterials$$Lambda$2563/0x00000008009dc690 (minecraft@1.20.1)
7906:             1             16  net.minecraft.world.item.ArmorMaterials$$Lambda$2564/0x00000008009dc8c0 (minecraft@1.20.1)
7907:             1             16  net.minecraft.world.item.ArmorMaterials$$Lambda$2565/0x00000008009dcae0 (minecraft@1.20.1)
7908:             1             16  net.minecraft.world.item.ArmorMaterials$$Lambda$2566/0x00000008009dcd10 (minecraft@1.20.1)
7909:             1             16  net.minecraft.world.item.ArmorMaterials$$Lambda$2567/0x00000008009dcf30 (minecraft@1.20.1)
7910:             1             16  net.minecraft.world.item.ArmorMaterials$$Lambda$2568/0x00000008009dd160 (minecraft@1.20.1)
7911:             1             16  net.minecraft.world.item.ArmorMaterials$$Lambda$2569/0x00000008009dd380 (minecraft@1.20.1)
7912:             1             16  net.minecraft.world.item.ArmorMaterials$$Lambda$2570/0x00000008009dd5b0 (minecraft@1.20.1)
7913:             1             16  net.minecraft.world.item.ArmorMaterials$$Lambda$2571/0x00000008009dd7d0 (minecraft@1.20.1)
7914:             1             16  net.minecraft.world.item.ArmorMaterials$$Lambda$2572/0x00000008009dda00 (minecraft@1.20.1)
7915:             1             16  net.minecraft.world.item.ArmorMaterials$$Lambda$2573/0x00000008009de010 (minecraft@1.20.1)
7916:             1             16  net.minecraft.world.item.ArmorMaterials$$Lambda$2574/0x00000008009de230 (minecraft@1.20.1)
7917:             1             16  net.minecraft.world.item.BoatItem$$Lambda$2555/0x00000008009d6808 (minecraft@1.20.1)
7918:             1             16  net.minecraft.world.item.CreativeModeTab$Builder$$Lambda$4191/0x0000000800b7d210 (minecraft@1.20.1)
7919:             1             16  net.minecraft.world.item.CreativeModeTab$Builder$$Lambda$4192/0x0000000800b7d430 (minecraft@1.20.1)
7920:             1             16  net.minecraft.world.item.CreativeModeTab$Builder$$Lambda$4193/0x0000000800b7da90 (minecraft@1.20.1)
7921:             1             16  net.minecraft.world.item.CreativeModeTabs$$Lambda$4187/0x0000000800b7ed80 (minecraft@1.20.1)
7922:             1             16  net.minecraft.world.item.CreativeModeTabs$$Lambda$4188/0x0000000800b7efc0 (minecraft@1.20.1)
7923:             1             16  net.minecraft.world.item.CreativeModeTabs$$Lambda$4189/0x0000000800b7f1e0 (minecraft@1.20.1)
7924:             1             16  net.minecraft.world.item.CreativeModeTabs$$Lambda$4194/0x0000000800b7dcd0 (minecraft@1.20.1)
7925:             1             16  net.minecraft.world.item.CreativeModeTabs$$Lambda$4195/0x0000000800b7c800 (minecraft@1.20.1)
7926:             1             16  net.minecraft.world.item.CreativeModeTabs$$Lambda$4196/0x0000000800b7c400 (minecraft@1.20.1)
7927:             1             16  net.minecraft.world.item.CreativeModeTabs$$Lambda$4197/0x0000000800b80000 (minecraft@1.20.1)
7928:             1             16  net.minecraft.world.item.CreativeModeTabs$$Lambda$4198/0x0000000800b80220 (minecraft@1.20.1)
7929:             1             16  net.minecraft.world.item.CreativeModeTabs$$Lambda$4199/0x0000000800b80440 (minecraft@1.20.1)
7930:             1             16  net.minecraft.world.item.CreativeModeTabs$$Lambda$4200/0x0000000800b80660 (minecraft@1.20.1)
7931:             1             16  net.minecraft.world.item.CreativeModeTabs$$Lambda$4201/0x0000000800b80880 (minecraft@1.20.1)
7932:             1             16  net.minecraft.world.item.CreativeModeTabs$$Lambda$4202/0x0000000800b80aa0 (minecraft@1.20.1)
7933:             1             16  net.minecraft.world.item.CreativeModeTabs$$Lambda$4203/0x0000000800b80cc0 (minecraft@1.20.1)
7934:             1             16  net.minecraft.world.item.CreativeModeTabs$$Lambda$4204/0x0000000800b80ee0 (minecraft@1.20.1)
7935:             1             16  net.minecraft.world.item.CreativeModeTabs$$Lambda$4205/0x0000000800b81100 (minecraft@1.20.1)
7936:             1             16  net.minecraft.world.item.CreativeModeTabs$$Lambda$4206/0x0000000800b81320 (minecraft@1.20.1)
7937:             1             16  net.minecraft.world.item.CreativeModeTabs$$Lambda$4207/0x0000000800b81548 (minecraft@1.20.1)
7938:             1             16  net.minecraft.world.item.CreativeModeTabs$$Lambda$4208/0x0000000800b81768 (minecraft@1.20.1)
7939:             1             16  net.minecraft.world.item.CreativeModeTabs$$Lambda$4209/0x0000000800b81988 (minecraft@1.20.1)
7940:             1             16  net.minecraft.world.item.CreativeModeTabs$$Lambda$4210/0x0000000800b81ba8 (minecraft@1.20.1)
7941:             1             16  net.minecraft.world.item.CreativeModeTabs$$Lambda$4211/0x0000000800b81dc8 (minecraft@1.20.1)
7942:             1             16  net.minecraft.world.item.CreativeModeTabs$$Lambda$4212/0x0000000800b81fe8 (minecraft@1.20.1)
7943:             1             16  net.minecraft.world.item.CreativeModeTabs$$Lambda$4213/0x0000000800b82208 (minecraft@1.20.1)
7944:             1             16  net.minecraft.world.item.CreativeModeTabs$$Lambda$4214/0x0000000800b82428 (minecraft@1.20.1)
7945:             1             16  net.minecraft.world.item.CreativeModeTabs$$Lambda$4215/0x0000000800b82648 (minecraft@1.20.1)
7946:             1             16  net.minecraft.world.item.CreativeModeTabs$$Lambda$4216/0x0000000800b82868 (minecraft@1.20.1)
7947:             1             16  net.minecraft.world.item.CreativeModeTabs$$Lambda$4217/0x0000000800b82a88 (minecraft@1.20.1)
7948:             1             16  net.minecraft.world.item.CreativeModeTabs$$Lambda$4218/0x0000000800b82ca8 (minecraft@1.20.1)
7949:             1             16  net.minecraft.world.item.CreativeModeTabs$$Lambda$4219/0x0000000800b82ec8 (minecraft@1.20.1)
7950:             1             16  net.minecraft.world.item.DyeColor$$Lambda$1496/0x000000080072f940 (minecraft@1.20.1)
7951:             1             16  net.minecraft.world.item.DyeColor$$Lambda$1498/0x0000000800730638 (minecraft@1.20.1)
7952:             1             16  net.minecraft.world.item.DyeColor$$Lambda$1499/0x0000000800730878 (minecraft@1.20.1)
7953:             1             16  net.minecraft.world.item.DyeColor$$Lambda$1500/0x0000000800730ab8 (minecraft@1.20.1)
7954:             1             16  net.minecraft.world.item.HoeItem$$Lambda$2585/0x00000008009daa50 (minecraft@1.20.1)
7955:             1             16  net.minecraft.world.item.HoeItem$$Lambda$2587/0x00000008009daed8 (minecraft@1.20.1)
7956:             1             16  net.minecraft.world.item.HoeItem$$Lambda$2588/0x00000008009db128 (minecraft@1.20.1)
7957:             1             16  net.minecraft.world.item.HoeItem$$Lambda$2589/0x00000008009db378 (minecraft@1.20.1)
7958:             1             16  net.minecraft.world.item.HoeItem$$Lambda$2590/0x00000008009db5c8 (minecraft@1.20.1)
7959:             1             16  net.minecraft.world.item.HoneycombItem$$Lambda$2595/0x00000008009d9a60 (minecraft@1.20.1)
7960:             1             16  net.minecraft.world.item.HoneycombItem$$Lambda$2596/0x00000008009d9c98 (minecraft@1.20.1)
7961:             1             16  net.minecraft.world.item.Instrument$$Lambda$4182/0x0000000800b7e240 (minecraft@1.20.1)
7962:             1             16  net.minecraft.world.item.Instrument$$Lambda$4183/0x0000000800b7e480 (minecraft@1.20.1)
7963:             1             16  net.minecraft.world.item.Instrument$$Lambda$4184/0x0000000800b7e6c0 (minecraft@1.20.1)
7964:             1             16  net.minecraft.world.item.Instrument$$Lambda$4185/0x0000000800b7e900 (minecraft@1.20.1)
7965:             1             16  net.minecraft.world.item.Instrument$$Lambda$4186/0x0000000800b7eb40 (minecraft@1.20.1)
7966:             1             16  net.minecraft.world.item.ItemDisplayContext$$Lambda$5513/0x0000000800e01890 (minecraft@1.20.1)
7967:             1             16  net.minecraft.world.item.ItemDisplayContext$$Lambda$5514/0x0000000800e01ab0 (minecraft@1.20.1)
7968:             1             16  net.minecraft.world.item.ItemDisplayContext$$Lambda$5515/0x0000000800e01cd0 (minecraft@1.20.1)
7969:             1             16  net.minecraft.world.item.ItemStack$$Lambda$2602/0x00000008009e5678 (minecraft@1.20.1)
7970:             1             16  net.minecraft.world.item.ItemStack$$Lambda$2603/0x00000008009e58b8 (minecraft@1.20.1)
7971:             1             16  net.minecraft.world.item.ItemStack$$Lambda$2604/0x00000008009e5af8 (minecraft@1.20.1)
7972:             1             16  net.minecraft.world.item.ItemStack$$Lambda$2605/0x00000008009e5d38 (minecraft@1.20.1)
7973:             1             16  net.minecraft.world.item.ItemStack$$Lambda$2606/0x00000008009e5f78 (minecraft@1.20.1)
7974:             1             16  net.minecraft.world.item.ItemStack$$Lambda$2607/0x00000008009e61b8 (minecraft@1.20.1)
7975:             1             16  net.minecraft.world.item.ItemStackLinkedSet$1 (minecraft@1.20.1)
7976:             1             16  net.minecraft.world.item.MinecartItem$1 (minecraft@1.20.1)
7977:             1             16  net.minecraft.world.item.ProjectileWeaponItem$$Lambda$2576/0x00000008009df238 (minecraft@1.20.1)
7978:             1             16  net.minecraft.world.item.ProjectileWeaponItem$$Lambda$2577/0x00000008009df488 (minecraft@1.20.1)
7979:             1             16  net.minecraft.world.item.Tiers$$Lambda$2579/0x00000008009df970 (minecraft@1.20.1)
7980:             1             16  net.minecraft.world.item.Tiers$$Lambda$2580/0x00000008009dfb90 (minecraft@1.20.1)
7981:             1             16  net.minecraft.world.item.Tiers$$Lambda$2581/0x00000008009dfdb0 (minecraft@1.20.1)
7982:             1             16  net.minecraft.world.item.Tiers$$Lambda$2582/0x00000008009da000 (minecraft@1.20.1)
7983:             1             16  net.minecraft.world.item.Tiers$$Lambda$2583/0x00000008009da220 (minecraft@1.20.1)
7984:             1             16  net.minecraft.world.item.Tiers$$Lambda$2584/0x00000008009da440 (minecraft@1.20.1)
7985:             1             16  net.minecraft.world.item.alchemy.PotionBrewing$$Lambda$2597/0x00000008009e4300 (minecraft@1.20.1)
7986:             1             16  net.minecraft.world.item.crafting.Ingredient$$Lambda$2598/0x00000008009e4b48 (minecraft@1.20.1)
7987:             1             16  net.minecraft.world.item.crafting.Ingredient$$Lambda$2599/0x00000008009e4d68 (minecraft@1.20.1)
7988:             1             16  net.minecraft.world.item.crafting.Ingredient$$Lambda$2600/0x00000008009e4fa8 (minecraft@1.20.1)
7989:             1             16  net.minecraft.world.item.crafting.Ingredient$$Lambda$2601/0x00000008009e5438 (minecraft@1.20.1)
7990:             1             16  net.minecraft.world.item.crafting.RecipeSerializer$$Lambda$2804/0x0000000800a26308 (minecraft@1.20.1)
7991:             1             16  net.minecraft.world.item.crafting.RecipeSerializer$$Lambda$2805/0x0000000800a26898 (minecraft@1.20.1)
7992:             1             16  net.minecraft.world.item.crafting.RecipeSerializer$$Lambda$2806/0x0000000800a26e20 (minecraft@1.20.1)
7993:             1             16  net.minecraft.world.item.crafting.RecipeSerializer$$Lambda$2807/0x0000000800a27a00 (minecraft@1.20.1)
7994:             1             16  net.minecraft.world.item.crafting.RecipeSerializer$$Lambda$2808/0x0000000800a28000 (minecraft@1.20.1)
7995:             1             16  net.minecraft.world.item.crafting.RecipeSerializer$$Lambda$2809/0x0000000800a28588 (minecraft@1.20.1)
7996:             1             16  net.minecraft.world.item.crafting.RecipeSerializer$$Lambda$2810/0x0000000800a28b10 (minecraft@1.20.1)
7997:             1             16  net.minecraft.world.item.crafting.RecipeSerializer$$Lambda$2811/0x0000000800a29098 (minecraft@1.20.1)
7998:             1             16  net.minecraft.world.item.crafting.RecipeSerializer$$Lambda$2812/0x0000000800a29628 (minecraft@1.20.1)
7999:             1             16  net.minecraft.world.item.crafting.RecipeSerializer$$Lambda$2813/0x0000000800a29bb0 (minecraft@1.20.1)
8000:             1             16  net.minecraft.world.item.crafting.RecipeSerializer$$Lambda$2814/0x0000000800a2a138 (minecraft@1.20.1)
8001:             1             16  net.minecraft.world.item.crafting.RecipeSerializer$$Lambda$2815/0x0000000800a2a6c0 (minecraft@1.20.1)
8002:             1             16  net.minecraft.world.item.crafting.RecipeSerializer$$Lambda$2816/0x0000000800a2ac48 (minecraft@1.20.1)
8003:             1             16  net.minecraft.world.item.crafting.RecipeSerializer$$Lambda$2817/0x0000000800a2bb80 (minecraft@1.20.1)
8004:             1             16  net.minecraft.world.item.crafting.RecipeSerializer$$Lambda$2818/0x0000000800a2bda0 (minecraft@1.20.1)
8005:             1             16  net.minecraft.world.item.crafting.RecipeSerializer$$Lambda$2819/0x0000000800a2e630 (minecraft@1.20.1)
8006:             1             16  net.minecraft.world.item.crafting.RecipeSerializer$$Lambda$2820/0x0000000800a2eb68 (minecraft@1.20.1)
8007:             1             16  net.minecraft.world.item.crafting.RecipeSerializer$$Lambda$2821/0x0000000800a2f810 (minecraft@1.20.1)
8008:             1             16  net.minecraft.world.item.crafting.RecipeSerializer$$Lambda$2822/0x0000000800a2d368 (minecraft@1.20.1)
8009:             1             16  net.minecraft.world.item.crafting.ShapedRecipe$Serializer (minecraft@1.20.1)
8010:             1             16  net.minecraft.world.item.crafting.ShapelessRecipe$Serializer (minecraft@1.20.1)
8011:             1             16  net.minecraft.world.item.crafting.SingleItemRecipe$Serializer (minecraft@1.20.1)
8012:             1             16  net.minecraft.world.item.crafting.SmithingTransformRecipe$Serializer (minecraft@1.20.1)
8013:             1             16  net.minecraft.world.item.crafting.SmithingTrimRecipe$Serializer (minecraft@1.20.1)
8014:             1             16  net.minecraft.world.level.biome.AmbientAdditionsSettings$$Lambda$3883/0x0000000800b34ae8 (minecraft@1.20.1)
8015:             1             16  net.minecraft.world.level.biome.AmbientAdditionsSettings$$Lambda$3884/0x0000000800b34d28 (minecraft@1.20.1)
8016:             1             16  net.minecraft.world.level.biome.AmbientAdditionsSettings$$Lambda$3885/0x0000000800b34f68 (minecraft@1.20.1)
8017:             1             16  net.minecraft.world.level.biome.AmbientAdditionsSettings$$Lambda$3886/0x0000000800b351a8 (minecraft@1.20.1)
8018:             1             16  net.minecraft.world.level.biome.AmbientMoodSettings$$Lambda$3876/0x0000000800b338f8 (minecraft@1.20.1)
8019:             1             16  net.minecraft.world.level.biome.AmbientMoodSettings$$Lambda$3877/0x0000000800b33b38 (minecraft@1.20.1)
8020:             1             16  net.minecraft.world.level.biome.AmbientMoodSettings$$Lambda$3878/0x0000000800b33d78 (minecraft@1.20.1)
8021:             1             16  net.minecraft.world.level.biome.AmbientMoodSettings$$Lambda$3879/0x0000000800b33fb8 (minecraft@1.20.1)
8022:             1             16  net.minecraft.world.level.biome.AmbientMoodSettings$$Lambda$3880/0x0000000800b341f8 (minecraft@1.20.1)
8023:             1             16  net.minecraft.world.level.biome.AmbientMoodSettings$$Lambda$3881/0x0000000800b34438 (minecraft@1.20.1)
8024:             1             16  net.minecraft.world.level.biome.AmbientParticleSettings$$Lambda$3870/0x0000000800b32958 (minecraft@1.20.1)
8025:             1             16  net.minecraft.world.level.biome.AmbientParticleSettings$$Lambda$3871/0x0000000800b32b98 (minecraft@1.20.1)
8026:             1             16  net.minecraft.world.level.biome.AmbientParticleSettings$$Lambda$3872/0x0000000800b32dd8 (minecraft@1.20.1)
8027:             1             16  net.minecraft.world.level.biome.AmbientParticleSettings$$Lambda$3873/0x0000000800b33018 (minecraft@1.20.1)
8028:             1             16  net.minecraft.world.level.biome.Biome$$Lambda$3849/0x0000000800b2b4b0 (minecraft@1.20.1)
8029:             1             16  net.minecraft.world.level.biome.Biome$$Lambda$3857/0x0000000800b2ca50 (minecraft@1.20.1)
8030:             1             16  net.minecraft.world.level.biome.Biome$$Lambda$3897/0x0000000800b36ae8 (minecraft@1.20.1)
8031:             1             16  net.minecraft.world.level.biome.Biome$$Lambda$3909/0x0000000800b3c8e8 (minecraft@1.20.1)
8032:             1             16  net.minecraft.world.level.biome.Biome$$Lambda$3924/0x0000000800b3eec8 (minecraft@1.20.1)
8033:             1             16  net.minecraft.world.level.biome.Biome$$Lambda$3925/0x0000000800b3f108 (minecraft@1.20.1)
8034:             1             16  net.minecraft.world.level.biome.Biome$$Lambda$3926/0x0000000800b3f358 (minecraft@1.20.1)
8035:             1             16  net.minecraft.world.level.biome.Biome$$Lambda$3927/0x0000000800b3f598 (minecraft@1.20.1)
8036:             1             16  net.minecraft.world.level.biome.Biome$$Lambda$3928/0x0000000800b3f7d8 (minecraft@1.20.1)
8037:             1             16  net.minecraft.world.level.biome.Biome$$Lambda$3929/0x0000000800b3fa18 (minecraft@1.20.1)
8038:             1             16  net.minecraft.world.level.biome.Biome$ClimateSettings$$Lambda$3850/0x0000000800b2b900 (minecraft@1.20.1)
8039:             1             16  net.minecraft.world.level.biome.Biome$ClimateSettings$$Lambda$3851/0x0000000800b2bb40 (minecraft@1.20.1)
8040:             1             16  net.minecraft.world.level.biome.Biome$ClimateSettings$$Lambda$3852/0x0000000800b2bd80 (minecraft@1.20.1)
8041:             1             16  net.minecraft.world.level.biome.Biome$ClimateSettings$$Lambda$3854/0x0000000800b2db80 (minecraft@1.20.1)
8042:             1             16  net.minecraft.world.level.biome.Biome$ClimateSettings$$Lambda$3855/0x0000000800b2ddc0 (minecraft@1.20.1)
8043:             1             16  net.minecraft.world.level.biome.Biome$ClimateSettings$$Lambda$3856/0x0000000800b2c800 (minecraft@1.20.1)
8044:             1             16  net.minecraft.world.level.biome.Biome$TemperatureModifier$$Lambda$3853/0x0000000800b2d960 (minecraft@1.20.1)
8045:             1             16  net.minecraft.world.level.biome.BiomeGenerationSettings$$Lambda$3898/0x0000000800b36f60 (minecraft@1.20.1)
8046:             1             16  net.minecraft.world.level.biome.BiomeGenerationSettings$$Lambda$3899/0x0000000800b371a0 (minecraft@1.20.1)
8047:             1             16  net.minecraft.world.level.biome.BiomeGenerationSettings$$Lambda$3900/0x0000000800b373e0 (minecraft@1.20.1)
8048:             1             16  net.minecraft.world.level.biome.BiomeGenerationSettings$$Lambda$3903/0x0000000800b37aa0 (minecraft@1.20.1)
8049:             1             16  net.minecraft.world.level.biome.BiomeGenerationSettings$$Lambda$3905/0x0000000800b3c000 (minecraft@1.20.1)
8050:             1             16  net.minecraft.world.level.biome.BiomeGenerationSettings$$Lambda$3906/0x0000000800b3c240 (minecraft@1.20.1)
8051:             1             16  net.minecraft.world.level.biome.BiomeGenerationSettings$$Lambda$3907/0x0000000800b3c478 (minecraft@1.20.1)
8052:             1             16  net.minecraft.world.level.biome.BiomeGenerationSettings$$Lambda$3908/0x0000000800b3c6b8 (minecraft@1.20.1)
8053:             1             16  net.minecraft.world.level.biome.BiomeSource$$Lambda$3846/0x0000000800b2a480 (minecraft@1.20.1)
8054:             1             16  net.minecraft.world.level.biome.BiomeSpecialEffects$$Lambda$3858/0x0000000800b30000 (minecraft@1.20.1)
8055:             1             16  net.minecraft.world.level.biome.BiomeSpecialEffects$$Lambda$3859/0x0000000800b30240 (minecraft@1.20.1)
8056:             1             16  net.minecraft.world.level.biome.BiomeSpecialEffects$$Lambda$3860/0x0000000800b30480 (minecraft@1.20.1)
8057:             1             16  net.minecraft.world.level.biome.BiomeSpecialEffects$$Lambda$3861/0x0000000800b306c0 (minecraft@1.20.1)
8058:             1             16  net.minecraft.world.level.biome.BiomeSpecialEffects$$Lambda$3862/0x0000000800b30900 (minecraft@1.20.1)
8059:             1             16  net.minecraft.world.level.biome.BiomeSpecialEffects$$Lambda$3863/0x0000000800b30b40 (minecraft@1.20.1)
8060:             1             16  net.minecraft.world.level.biome.BiomeSpecialEffects$$Lambda$3864/0x0000000800b30d80 (minecraft@1.20.1)
8061:             1             16  net.minecraft.world.level.biome.BiomeSpecialEffects$$Lambda$3869/0x0000000800b324f8 (minecraft@1.20.1)
8062:             1             16  net.minecraft.world.level.biome.BiomeSpecialEffects$$Lambda$3874/0x0000000800b33248 (minecraft@1.20.1)
8063:             1             16  net.minecraft.world.level.biome.BiomeSpecialEffects$$Lambda$3875/0x0000000800b33488 (minecraft@1.20.1)
8064:             1             16  net.minecraft.world.level.biome.BiomeSpecialEffects$$Lambda$3882/0x0000000800b34688 (minecraft@1.20.1)
8065:             1             16  net.minecraft.world.level.biome.BiomeSpecialEffects$$Lambda$3887/0x0000000800b353d8 (minecraft@1.20.1)
8066:             1             16  net.minecraft.world.level.biome.BiomeSpecialEffects$$Lambda$3894/0x0000000800b365d8 (minecraft@1.20.1)
8067:             1             16  net.minecraft.world.level.biome.BiomeSpecialEffects$$Lambda$3895/0x0000000800b36818 (minecraft@1.20.1)
8068:             1             16  net.minecraft.world.level.biome.BiomeSpecialEffects$GrassColorModifier$$Lambda$3865/0x0000000800b31c18 (minecraft@1.20.1)
8069:             1             16  net.minecraft.world.level.biome.BiomeSpecialEffects$GrassColorModifier$$Lambda$3866/0x0000000800b31e38 (minecraft@1.20.1)
8070:             1             16  net.minecraft.world.level.biome.BiomeSpecialEffects$GrassColorModifier$$Lambda$3867/0x0000000800b32078 (minecraft@1.20.1)
8071:             1             16  net.minecraft.world.level.biome.BiomeSpecialEffects$GrassColorModifier$$Lambda$3868/0x0000000800b322b8 (minecraft@1.20.1)
8072:             1             16  net.minecraft.world.level.biome.CheckerboardColumnBiomeSource$$Lambda$3963/0x0000000800b4da60 (minecraft@1.20.1)
8073:             1             16  net.minecraft.world.level.biome.CheckerboardColumnBiomeSource$$Lambda$3964/0x0000000800b4dca0 (minecraft@1.20.1)
8074:             1             16  net.minecraft.world.level.biome.CheckerboardColumnBiomeSource$$Lambda$3965/0x0000000800b4dee0 (minecraft@1.20.1)
8075:             1             16  net.minecraft.world.level.biome.CheckerboardColumnBiomeSource$$Lambda$3966/0x0000000800b4e120 (minecraft@1.20.1)
8076:             1             16  net.minecraft.world.level.biome.Climate$Parameter$$Lambda$3934/0x0000000800b3bba0 (minecraft@1.20.1)
8077:             1             16  net.minecraft.world.level.biome.Climate$Parameter$$Lambda$3935/0x0000000800b44000 (minecraft@1.20.1)
8078:             1             16  net.minecraft.world.level.biome.Climate$Parameter$$Lambda$3936/0x0000000800b44240 (minecraft@1.20.1)
8079:             1             16  net.minecraft.world.level.biome.Climate$ParameterList$$Lambda$3947/0x0000000800b45b40 (minecraft@1.20.1)
8080:             1             16  net.minecraft.world.level.biome.Climate$ParameterList$$Lambda$3948/0x0000000800b45d80 (minecraft@1.20.1)
8081:             1             16  net.minecraft.world.level.biome.Climate$ParameterList$$Lambda$3949/0x0000000800b3bdd0 (minecraft@1.20.1)
8082:             1             16  net.minecraft.world.level.biome.Climate$ParameterList$$Lambda$3950/0x0000000800b45fc0 (minecraft@1.20.1)
8083:             1             16  net.minecraft.world.level.biome.Climate$ParameterList$$Lambda$3951/0x0000000800b46200 (minecraft@1.20.1)
8084:             1             16  net.minecraft.world.level.biome.Climate$ParameterPoint$$Lambda$3933/0x0000000800b3b758 (minecraft@1.20.1)
8085:             1             16  net.minecraft.world.level.biome.Climate$ParameterPoint$$Lambda$3937/0x0000000800b44480 (minecraft@1.20.1)
8086:             1             16  net.minecraft.world.level.biome.Climate$ParameterPoint$$Lambda$3938/0x0000000800b446c0 (minecraft@1.20.1)
8087:             1             16  net.minecraft.world.level.biome.Climate$ParameterPoint$$Lambda$3939/0x0000000800b44900 (minecraft@1.20.1)
8088:             1             16  net.minecraft.world.level.biome.Climate$ParameterPoint$$Lambda$3940/0x0000000800b44b40 (minecraft@1.20.1)
8089:             1             16  net.minecraft.world.level.biome.Climate$ParameterPoint$$Lambda$3941/0x0000000800b44d80 (minecraft@1.20.1)
8090:             1             16  net.minecraft.world.level.biome.Climate$ParameterPoint$$Lambda$3942/0x0000000800b44fc0 (minecraft@1.20.1)
8091:             1             16  net.minecraft.world.level.biome.Climate$ParameterPoint$$Lambda$3943/0x0000000800b45200 (minecraft@1.20.1)
8092:             1             16  net.minecraft.world.level.biome.Climate$ParameterPoint$$Lambda$3944/0x0000000800b45440 (minecraft@1.20.1)
8093:             1             16  net.minecraft.world.level.biome.Climate$ParameterPoint$$Lambda$3945/0x0000000800b45680 (minecraft@1.20.1)
8094:             1             16  net.minecraft.world.level.biome.Climate$ParameterPoint$$Lambda$3946/0x0000000800b458c0 (minecraft@1.20.1)
8095:             1             16  net.minecraft.world.level.biome.FixedBiomeSource$$Lambda$3930/0x0000000800b3a7b8 (minecraft@1.20.1)
8096:             1             16  net.minecraft.world.level.biome.FixedBiomeSource$$Lambda$3931/0x0000000800b3a9f8 (minecraft@1.20.1)
8097:             1             16  net.minecraft.world.level.biome.MobSpawnSettings$$Lambda$3914/0x0000000800b3d658 (minecraft@1.20.1)
8098:             1             16  net.minecraft.world.level.biome.MobSpawnSettings$$Lambda$3915/0x0000000800b3d898 (minecraft@1.20.1)
8099:             1             16  net.minecraft.world.level.biome.MobSpawnSettings$$Lambda$3916/0x0000000800b3dad8 (minecraft@1.20.1)
8100:             1             16  net.minecraft.world.level.biome.MobSpawnSettings$$Lambda$3917/0x0000000800b3dd10 (minecraft@1.20.1)
8101:             1             16  net.minecraft.world.level.biome.MobSpawnSettings$$Lambda$3922/0x0000000800b3ea48 (minecraft@1.20.1)
8102:             1             16  net.minecraft.world.level.biome.MobSpawnSettings$$Lambda$3923/0x0000000800b3ec88 (minecraft@1.20.1)
8103:             1             16  net.minecraft.world.level.biome.MobSpawnSettings$Builder$$Lambda$3910/0x0000000800b3cd58 (minecraft@1.20.1)
8104:             1             16  net.minecraft.world.level.biome.MobSpawnSettings$Builder$$Lambda$3911/0x0000000800b3cf98 (minecraft@1.20.1)
8105:             1             16  net.minecraft.world.level.biome.MobSpawnSettings$Builder$$Lambda$3912/0x0000000800b3d1d8 (minecraft@1.20.1)
8106:             1             16  net.minecraft.world.level.biome.MobSpawnSettings$Builder$$Lambda$3913/0x0000000800b3d418 (minecraft@1.20.1)
8107:             1             16  net.minecraft.world.level.biome.MobSpawnSettings$MobSpawnCost$$Lambda$3918/0x0000000800b3e158 (minecraft@1.20.1)
8108:             1             16  net.minecraft.world.level.biome.MobSpawnSettings$MobSpawnCost$$Lambda$3919/0x0000000800b3e398 (minecraft@1.20.1)
8109:             1             16  net.minecraft.world.level.biome.MobSpawnSettings$MobSpawnCost$$Lambda$3920/0x0000000800b3e5d8 (minecraft@1.20.1)
8110:             1             16  net.minecraft.world.level.biome.MobSpawnSettings$MobSpawnCost$$Lambda$3921/0x0000000800b3e818 (minecraft@1.20.1)
8111:             1             16  net.minecraft.world.level.biome.MobSpawnSettings$SpawnerData$$Lambda$3549/0x0000000800af08e0 (minecraft@1.20.1)
8112:             1             16  net.minecraft.world.level.biome.MobSpawnSettings$SpawnerData$$Lambda$3550/0x0000000800af0b20 (minecraft@1.20.1)
8113:             1             16  net.minecraft.world.level.biome.MobSpawnSettings$SpawnerData$$Lambda$3551/0x0000000800af0d60 (minecraft@1.20.1)
8114:             1             16  net.minecraft.world.level.biome.MobSpawnSettings$SpawnerData$$Lambda$3552/0x0000000800af0fa0 (minecraft@1.20.1)
8115:             1             16  net.minecraft.world.level.biome.MobSpawnSettings$SpawnerData$$Lambda$3553/0x0000000800af11e0 (minecraft@1.20.1)
8116:             1             16  net.minecraft.world.level.biome.MobSpawnSettings$SpawnerData$$Lambda$3554/0x0000000800af1420 (minecraft@1.20.1)
8117:             1             16  net.minecraft.world.level.biome.MobSpawnSettings$SpawnerData$$Lambda$3555/0x0000000800af1670 (minecraft@1.20.1)
8118:             1             16  net.minecraft.world.level.biome.MultiNoiseBiomeSource$$Lambda$3961/0x0000000800b4d368 (minecraft@1.20.1)
8119:             1             16  net.minecraft.world.level.biome.MultiNoiseBiomeSource$$Lambda$3962/0x0000000800b4d5a8 (minecraft@1.20.1)
8120:             1             16  net.minecraft.world.level.biome.MultiNoiseBiomeSourceParameterList$$Lambda$3952/0x0000000800b46658 (minecraft@1.20.1)
8121:             1             16  net.minecraft.world.level.biome.MultiNoiseBiomeSourceParameterList$$Lambda$3957/0x0000000800b47bf0 (minecraft@1.20.1)
8122:             1             16  net.minecraft.world.level.biome.MultiNoiseBiomeSourceParameterList$$Lambda$3960/0x0000000800b4d138 (minecraft@1.20.1)
8123:             1             16  net.minecraft.world.level.biome.MultiNoiseBiomeSourceParameterList$Preset$$Lambda$3953/0x0000000800b472f0 (minecraft@1.20.1)
8124:             1             16  net.minecraft.world.level.biome.MultiNoiseBiomeSourceParameterList$Preset$$Lambda$3954/0x0000000800b47530 (minecraft@1.20.1)
8125:             1             16  net.minecraft.world.level.biome.MultiNoiseBiomeSourceParameterList$Preset$$Lambda$3955/0x0000000800b47770 (minecraft@1.20.1)
8126:             1             16  net.minecraft.world.level.biome.MultiNoiseBiomeSourceParameterList$Preset$$Lambda$3956/0x0000000800b479b0 (minecraft@1.20.1)
8127:             1             16  net.minecraft.world.level.biome.MultiNoiseBiomeSourceParameterList$Preset$1 (minecraft@1.20.1)
8128:             1             16  net.minecraft.world.level.biome.MultiNoiseBiomeSourceParameterList$Preset$2 (minecraft@1.20.1)
8129:             1             16  net.minecraft.world.level.biome.TheEndBiomeSource$$Lambda$3967/0x0000000800b4e5c0 (minecraft@1.20.1)
8130:             1             16  net.minecraft.world.level.biome.TheEndBiomeSource$$Lambda$3970/0x0000000800b4ec88 (minecraft@1.20.1)
8131:             1             16  net.minecraft.world.level.block.BigDripleafBlock$$Lambda$1777/0x00000008007b54f0 (minecraft@1.20.1)
8132:             1             16  net.minecraft.world.level.block.BigDripleafBlock$$Lambda$1778/0x00000008007b5720 (minecraft@1.20.1)
8133:             1             16  net.minecraft.world.level.block.Block$$Lambda$1427/0x0000000800660d10 (minecraft@1.20.1)
8134:             1             16  net.minecraft.world.level.block.Block$$Lambda$1462/0x00000008007175f8 (minecraft@1.20.1)
8135:             1             16  net.minecraft.world.level.block.Block$$Lambda$1463/0x0000000800717a38 (minecraft@1.20.1)
8136:             1             16  net.minecraft.world.level.block.Block$1 (minecraft@1.20.1)
8137:             1             16  net.minecraft.world.level.block.Blocks$$Lambda$1495/0x000000080072e278 (minecraft@1.20.1)
8138:             1             16  net.minecraft.world.level.block.Blocks$$Lambda$1510/0x0000000800732ac0 (minecraft@1.20.1)
8139:             1             16  net.minecraft.world.level.block.Blocks$$Lambda$1531/0x0000000800739200 (minecraft@1.20.1)
8140:             1             16  net.minecraft.world.level.block.Blocks$$Lambda$1532/0x0000000800739420 (minecraft@1.20.1)
8141:             1             16  net.minecraft.world.level.block.Blocks$$Lambda$1533/0x0000000800739640 (minecraft@1.20.1)
8142:             1             16  net.minecraft.world.level.block.Blocks$$Lambda$1534/0x0000000800739860 (minecraft@1.20.1)
8143:             1             16  net.minecraft.world.level.block.Blocks$$Lambda$1535/0x0000000800739a80 (minecraft@1.20.1)
8144:             1             16  net.minecraft.world.level.block.Blocks$$Lambda$1536/0x0000000800739ca0 (minecraft@1.20.1)
8145:             1             16  net.minecraft.world.level.block.Blocks$$Lambda$1537/0x0000000800739ec0 (minecraft@1.20.1)
8146:             1             16  net.minecraft.world.level.block.Blocks$$Lambda$1538/0x000000080073a0e0 (minecraft@1.20.1)
8147:             1             16  net.minecraft.world.level.block.Blocks$$Lambda$1539/0x000000080073a300 (minecraft@1.20.1)
8148:             1             16  net.minecraft.world.level.block.Blocks$$Lambda$1540/0x000000080073a520 (minecraft@1.20.1)
8149:             1             16  net.minecraft.world.level.block.Blocks$$Lambda$1541/0x000000080073a740 (minecraft@1.20.1)
8150:             1             16  net.minecraft.world.level.block.Blocks$$Lambda$1542/0x000000080073a960 (minecraft@1.20.1)
8151:             1             16  net.minecraft.world.level.block.Blocks$$Lambda$1543/0x000000080073ab80 (minecraft@1.20.1)
8152:             1             16  net.minecraft.world.level.block.Blocks$$Lambda$1544/0x000000080073ada0 (minecraft@1.20.1)
8153:             1             16  net.minecraft.world.level.block.Blocks$$Lambda$1545/0x000000080073afc0 (minecraft@1.20.1)
8154:             1             16  net.minecraft.world.level.block.Blocks$$Lambda$1546/0x000000080073b1e0 (minecraft@1.20.1)
8155:             1             16  net.minecraft.world.level.block.Blocks$$Lambda$1547/0x000000080073b400 (minecraft@1.20.1)
8156:             1             16  net.minecraft.world.level.block.Blocks$$Lambda$1548/0x000000080073b620 (minecraft@1.20.1)
8157:             1             16  net.minecraft.world.level.block.Blocks$$Lambda$1573/0x0000000800743c80 (minecraft@1.20.1)
8158:             1             16  net.minecraft.world.level.block.Blocks$$Lambda$1574/0x000000080074cb90 (minecraft@1.20.1)
8159:             1             16  net.minecraft.world.level.block.Blocks$$Lambda$1578/0x000000080074daf8 (minecraft@1.20.1)
8160:             1             16  net.minecraft.world.level.block.Blocks$$Lambda$1579/0x000000080074dd18 (minecraft@1.20.1)
8161:             1             16  net.minecraft.world.level.block.Blocks$$Lambda$1580/0x000000080074df38 (minecraft@1.20.1)
8162:             1             16  net.minecraft.world.level.block.Blocks$$Lambda$1585/0x0000000800754e30 (minecraft@1.20.1)
8163:             1             16  net.minecraft.world.level.block.Blocks$$Lambda$1586/0x0000000800755050 (minecraft@1.20.1)
8164:             1             16  net.minecraft.world.level.block.Blocks$$Lambda$1587/0x0000000800759b10 (minecraft@1.20.1)
8165:             1             16  net.minecraft.world.level.block.Blocks$$Lambda$1588/0x000000080075af58 (minecraft@1.20.1)
8166:             1             16  net.minecraft.world.level.block.Blocks$$Lambda$1590/0x000000080075b958 (minecraft@1.20.1)
8167:             1             16  net.minecraft.world.level.block.Blocks$$Lambda$1626/0x0000000800767a98 (minecraft@1.20.1)
8168:             1             16  net.minecraft.world.level.block.Blocks$$Lambda$1628/0x0000000800762000 (minecraft@1.20.1)
8169:             1             16  net.minecraft.world.level.block.Blocks$$Lambda$1632/0x00000008007628d8 (minecraft@1.20.1)
8170:             1             16  net.minecraft.world.level.block.Blocks$$Lambda$1636/0x0000000800761400 (minecraft@1.20.1)
8171:             1             16  net.minecraft.world.level.block.Blocks$$Lambda$1638/0x0000000800769090 (minecraft@1.20.1)
8172:             1             16  net.minecraft.world.level.block.Blocks$$Lambda$1639/0x00000008007692b0 (minecraft@1.20.1)
8173:             1             16  net.minecraft.world.level.block.Blocks$$Lambda$1641/0x0000000800776758 (minecraft@1.20.1)
8174:             1             16  net.minecraft.world.level.block.Blocks$$Lambda$1642/0x0000000800776978 (minecraft@1.20.1)
8175:             1             16  net.minecraft.world.level.block.Blocks$$Lambda$1643/0x0000000800776b98 (minecraft@1.20.1)
8176:             1             16  net.minecraft.world.level.block.Blocks$$Lambda$1646/0x0000000800777a60 (minecraft@1.20.1)
8177:             1             16  net.minecraft.world.level.block.Blocks$$Lambda$1647/0x0000000800777c80 (minecraft@1.20.1)
8178:             1             16  net.minecraft.world.level.block.Blocks$$Lambda$1648/0x0000000800772000 (minecraft@1.20.1)
8179:             1             16  net.minecraft.world.level.block.Blocks$$Lambda$1649/0x0000000800772220 (minecraft@1.20.1)
8180:             1             16  net.minecraft.world.level.block.Blocks$$Lambda$1650/0x0000000800772440 (minecraft@1.20.1)
8181:             1             16  net.minecraft.world.level.block.Blocks$$Lambda$1651/0x0000000800772660 (minecraft@1.20.1)
8182:             1             16  net.minecraft.world.level.block.Blocks$$Lambda$1652/0x0000000800772880 (minecraft@1.20.1)
8183:             1             16  net.minecraft.world.level.block.Blocks$$Lambda$1653/0x0000000800772aa0 (minecraft@1.20.1)
8184:             1             16  net.minecraft.world.level.block.Blocks$$Lambda$1654/0x0000000800772cc0 (minecraft@1.20.1)
8185:             1             16  net.minecraft.world.level.block.Blocks$$Lambda$1656/0x0000000800773930 (minecraft@1.20.1)
8186:             1             16  net.minecraft.world.level.block.Blocks$$Lambda$1657/0x0000000800773b50 (minecraft@1.20.1)
8187:             1             16  net.minecraft.world.level.block.Blocks$$Lambda$1658/0x0000000800773d70 (minecraft@1.20.1)
8188:             1             16  net.minecraft.world.level.block.Blocks$$Lambda$1660/0x000000080077f488 (minecraft@1.20.1)
8189:             1             16  net.minecraft.world.level.block.Blocks$$Lambda$1661/0x000000080077f6a8 (minecraft@1.20.1)
8190:             1             16  net.minecraft.world.level.block.Blocks$$Lambda$1662/0x000000080077f8c8 (minecraft@1.20.1)
8191:             1             16  net.minecraft.world.level.block.Blocks$$Lambda$1663/0x000000080077fae8 (minecraft@1.20.1)
8192:             1             16  net.minecraft.world.level.block.Blocks$$Lambda$1664/0x000000080077fd08 (minecraft@1.20.1)
8193:             1             16  net.minecraft.world.level.block.Blocks$$Lambda$1665/0x0000000800781dd0 (minecraft@1.20.1)
8194:             1             16  net.minecraft.world.level.block.Blocks$$Lambda$1666/0x0000000800781ff0 (minecraft@1.20.1)
8195:             1             16  net.minecraft.world.level.block.Blocks$$Lambda$1667/0x0000000800782210 (minecraft@1.20.1)
8196:             1             16  net.minecraft.world.level.block.Blocks$$Lambda$1668/0x0000000800782430 (minecraft@1.20.1)
8197:             1             16  net.minecraft.world.level.block.Blocks$$Lambda$1669/0x0000000800782650 (minecraft@1.20.1)
8198:             1             16  net.minecraft.world.level.block.Blocks$$Lambda$1670/0x0000000800782870 (minecraft@1.20.1)
8199:             1             16  net.minecraft.world.level.block.Blocks$$Lambda$1671/0x0000000800782a90 (minecraft@1.20.1)
8200:             1             16  net.minecraft.world.level.block.Blocks$$Lambda$1672/0x0000000800782cb0 (minecraft@1.20.1)
8201:             1             16  net.minecraft.world.level.block.Blocks$$Lambda$1673/0x00000008007869e0 (minecraft@1.20.1)
8202:             1             16  net.minecraft.world.level.block.Blocks$$Lambda$1674/0x0000000800786c00 (minecraft@1.20.1)
8203:             1             16  net.minecraft.world.level.block.Blocks$$Lambda$1675/0x0000000800786e20 (minecraft@1.20.1)
8204:             1             16  net.minecraft.world.level.block.Blocks$$Lambda$1676/0x0000000800787040 (minecraft@1.20.1)
8205:             1             16  net.minecraft.world.level.block.Blocks$$Lambda$1691/0x000000080078eee8 (minecraft@1.20.1)
8206:             1             16  net.minecraft.world.level.block.Blocks$$Lambda$1692/0x000000080078f9c8 (minecraft@1.20.1)
8207:             1             16  net.minecraft.world.level.block.Blocks$$Lambda$1703/0x0000000800796240 (minecraft@1.20.1)
8208:             1             16  net.minecraft.world.level.block.Blocks$$Lambda$1704/0x00000008007968c0 (minecraft@1.20.1)
8209:             1             16  net.minecraft.world.level.block.Blocks$$Lambda$1705/0x0000000800796ae0 (minecraft@1.20.1)
8210:             1             16  net.minecraft.world.level.block.Blocks$$Lambda$1706/0x0000000800796d00 (minecraft@1.20.1)
8211:             1             16  net.minecraft.world.level.block.Blocks$$Lambda$1707/0x0000000800796f20 (minecraft@1.20.1)
8212:             1             16  net.minecraft.world.level.block.Blocks$$Lambda$1708/0x0000000800797930 (minecraft@1.20.1)
8213:             1             16  net.minecraft.world.level.block.Blocks$$Lambda$1710/0x0000000800797d70 (minecraft@1.20.1)
8214:             1             16  net.minecraft.world.level.block.Blocks$$Lambda$1711/0x00000008007929b0 (minecraft@1.20.1)
8215:             1             16  net.minecraft.world.level.block.Blocks$$Lambda$1718/0x000000080079b7b8 (minecraft@1.20.1)
8216:             1             16  net.minecraft.world.level.block.Blocks$$Lambda$1719/0x000000080079c980 (minecraft@1.20.1)
8217:             1             16  net.minecraft.world.level.block.Blocks$$Lambda$1721/0x000000080079cfc0 (minecraft@1.20.1)
8218:             1             16  net.minecraft.world.level.block.Blocks$$Lambda$1722/0x000000080079d1e0 (minecraft@1.20.1)
8219:             1             16  net.minecraft.world.level.block.Blocks$$Lambda$1723/0x000000080079d400 (minecraft@1.20.1)
8220:             1             16  net.minecraft.world.level.block.Blocks$$Lambda$1724/0x000000080079db00 (minecraft@1.20.1)
8221:             1             16  net.minecraft.world.level.block.Blocks$$Lambda$1725/0x000000080079dd20 (minecraft@1.20.1)
8222:             1             16  net.minecraft.world.level.block.Blocks$$Lambda$1726/0x000000080079df40 (minecraft@1.20.1)
8223:             1             16  net.minecraft.world.level.block.Blocks$$Lambda$1727/0x000000080079e160 (minecraft@1.20.1)
8224:             1             16  net.minecraft.world.level.block.Blocks$$Lambda$1728/0x000000080079e380 (minecraft@1.20.1)
8225:             1             16  net.minecraft.world.level.block.Blocks$$Lambda$1729/0x000000080079ea40 (minecraft@1.20.1)
8226:             1             16  net.minecraft.world.level.block.Blocks$$Lambda$1730/0x000000080079ec60 (minecraft@1.20.1)
8227:             1             16  net.minecraft.world.level.block.Blocks$$Lambda$1731/0x000000080079ee80 (minecraft@1.20.1)
8228:             1             16  net.minecraft.world.level.block.Blocks$$Lambda$1732/0x000000080079f0a0 (minecraft@1.20.1)
8229:             1             16  net.minecraft.world.level.block.Blocks$$Lambda$1733/0x000000080079f2c0 (minecraft@1.20.1)
8230:             1             16  net.minecraft.world.level.block.Blocks$$Lambda$1734/0x000000080079f4e0 (minecraft@1.20.1)
8231:             1             16  net.minecraft.world.level.block.Blocks$$Lambda$1735/0x000000080079f700 (minecraft@1.20.1)
8232:             1             16  net.minecraft.world.level.block.Blocks$$Lambda$1736/0x000000080079f920 (minecraft@1.20.1)
8233:             1             16  net.minecraft.world.level.block.Blocks$$Lambda$1737/0x000000080079fb40 (minecraft@1.20.1)
8234:             1             16  net.minecraft.world.level.block.Blocks$$Lambda$1739/0x00000008007a0730 (minecraft@1.20.1)
8235:             1             16  net.minecraft.world.level.block.Blocks$$Lambda$1740/0x00000008007a8000 (minecraft@1.20.1)
8236:             1             16  net.minecraft.world.level.block.Blocks$$Lambda$1741/0x00000008007a86a0 (minecraft@1.20.1)
8237:             1             16  net.minecraft.world.level.block.Blocks$$Lambda$1742/0x00000008007a88c0 (minecraft@1.20.1)
8238:             1             16  net.minecraft.world.level.block.Blocks$$Lambda$1743/0x00000008007a9638 (minecraft@1.20.1)
8239:             1             16  net.minecraft.world.level.block.Blocks$$Lambda$1744/0x00000008007a9858 (minecraft@1.20.1)
8240:             1             16  net.minecraft.world.level.block.Blocks$$Lambda$1745/0x00000008007aca18 (minecraft@1.20.1)
8241:             1             16  net.minecraft.world.level.block.Blocks$$Lambda$1746/0x00000008007acc38 (minecraft@1.20.1)
8242:             1             16  net.minecraft.world.level.block.Blocks$$Lambda$1748/0x00000008007ad540 (minecraft@1.20.1)
8243:             1             16  net.minecraft.world.level.block.Blocks$$Lambda$1749/0x00000008007ad760 (minecraft@1.20.1)
8244:             1             16  net.minecraft.world.level.block.Blocks$$Lambda$1750/0x00000008007ad980 (minecraft@1.20.1)
8245:             1             16  net.minecraft.world.level.block.Blocks$$Lambda$1752/0x00000008007aecd0 (minecraft@1.20.1)
8246:             1             16  net.minecraft.world.level.block.Blocks$$Lambda$1757/0x00000008007af7a8 (minecraft@1.20.1)
8247:             1             16  net.minecraft.world.level.block.Blocks$$Lambda$1760/0x00000008007b0000 (minecraft@1.20.1)
8248:             1             16  net.minecraft.world.level.block.Blocks$$Lambda$1761/0x00000008007b0220 (minecraft@1.20.1)
8249:             1             16  net.minecraft.world.level.block.Blocks$$Lambda$1762/0x00000008007b0440 (minecraft@1.20.1)
8250:             1             16  net.minecraft.world.level.block.Blocks$$Lambda$1763/0x00000008007b0660 (minecraft@1.20.1)
8251:             1             16  net.minecraft.world.level.block.Blocks$$Lambda$1764/0x00000008007b0880 (minecraft@1.20.1)
8252:             1             16  net.minecraft.world.level.block.Blocks$$Lambda$1765/0x00000008007b0aa0 (minecraft@1.20.1)
8253:             1             16  net.minecraft.world.level.block.Blocks$$Lambda$1766/0x00000008007b0cc0 (minecraft@1.20.1)
8254:             1             16  net.minecraft.world.level.block.Blocks$$Lambda$1767/0x00000008007b0ee0 (minecraft@1.20.1)
8255:             1             16  net.minecraft.world.level.block.Blocks$$Lambda$1768/0x00000008007b1100 (minecraft@1.20.1)
8256:             1             16  net.minecraft.world.level.block.Blocks$$Lambda$1770/0x00000008007b1c20 (minecraft@1.20.1)
8257:             1             16  net.minecraft.world.level.block.Blocks$$Lambda$1771/0x00000008007b1e40 (minecraft@1.20.1)
8258:             1             16  net.minecraft.world.level.block.Blocks$$Lambda$1772/0x00000008007b2ed0 (minecraft@1.20.1)
8259:             1             16  net.minecraft.world.level.block.Blocks$$Lambda$1775/0x00000008007b4e98 (minecraft@1.20.1)
8260:             1             16  net.minecraft.world.level.block.Blocks$$Lambda$1779/0x00000008007b5960 (minecraft@1.20.1)
8261:             1             16  net.minecraft.world.level.block.Blocks$$Lambda$1780/0x00000008007b5b80 (minecraft@1.20.1)
8262:             1             16  net.minecraft.world.level.block.Blocks$$Lambda$1781/0x00000008007b5da0 (minecraft@1.20.1)
8263:             1             16  net.minecraft.world.level.block.Blocks$$Lambda$1782/0x00000008007b5fc0 (minecraft@1.20.1)
8264:             1             16  net.minecraft.world.level.block.Blocks$$Lambda$1783/0x00000008007b61e0 (minecraft@1.20.1)
8265:             1             16  net.minecraft.world.level.block.Blocks$$Lambda$1784/0x00000008007b6400 (minecraft@1.20.1)
8266:             1             16  net.minecraft.world.level.block.Blocks$$Lambda$1785/0x00000008007b6620 (minecraft@1.20.1)
8267:             1             16  net.minecraft.world.level.block.CandleBlock$$Lambda$1758/0x00000008007af9c8 (minecraft@1.20.1)
8268:             1             16  net.minecraft.world.level.block.CandleBlock$$Lambda$1759/0x00000008007afbe8 (minecraft@1.20.1)
8269:             1             16  net.minecraft.world.level.block.CarvedPumpkinBlock$$Lambda$1655/0x00000008007736e0 (minecraft@1.20.1)
8270:             1             16  net.minecraft.world.level.block.ChestBlock$1 (minecraft@1.20.1)
8271:             1             16  net.minecraft.world.level.block.ChestBlock$2 (minecraft@1.20.1)
8272:             1             16  net.minecraft.world.level.block.ComposterBlock$$Lambda$1751/0x00000008007ae5f8 (minecraft@1.20.1)
8273:             1             16  net.minecraft.world.level.block.CrossCollisionBlock$$Lambda$1644/0x00000008007775f0 (minecraft@1.20.1)
8274:             1             16  net.minecraft.world.level.block.CrossCollisionBlock$$Lambda$1645/0x0000000800777840 (minecraft@1.20.1)
8275:             1             16  net.minecraft.world.level.block.DispenserBlock$$Lambda$1549/0x000000080073d568 (minecraft@1.20.1)
8276:             1             16  net.minecraft.world.level.block.EnchantmentTableBlock$$Lambda$1689/0x000000080078ea58 (minecraft@1.20.1)
8277:             1             16  net.minecraft.world.level.block.EnchantmentTableBlock$$Lambda$1690/0x000000080078eca8 (minecraft@1.20.1)
8278:             1             16  net.minecraft.world.level.block.EnderChestBlock$$Lambda$1709/0x0000000800797b50 (minecraft@1.20.1)
8279:             1             16  net.minecraft.world.level.block.FireBlock$$Lambda$1448/0x000000080067caa0 (minecraft@1.20.1)
8280:             1             16  net.minecraft.world.level.block.FireBlock$$Lambda$1629/0x0000000800762220 (minecraft@1.20.1)
8281:             1             16  net.minecraft.world.level.block.FireBlock$$Lambda$1630/0x0000000800762470 (minecraft@1.20.1)
8282:             1             16  net.minecraft.world.level.block.FlowerPotBlock$$Lambda$1713/0x0000000800792ff0 (minecraft@1.20.1)
8283:             1             16  net.minecraft.world.level.block.GlowLichenBlock$$Lambda$1680/0x0000000800787920 (minecraft@1.20.1)
8284:             1             16  net.minecraft.world.level.block.LayeredCauldronBlock$$Lambda$1701/0x0000000800795da0 (minecraft@1.20.1)
8285:             1             16  net.minecraft.world.level.block.LayeredCauldronBlock$$Lambda$1702/0x0000000800795ff0 (minecraft@1.20.1)
8286:             1             16  net.minecraft.world.level.block.LightBlock$$Lambda$1720/0x000000080079cda0 (minecraft@1.20.1)
8287:             1             16  net.minecraft.world.level.block.MultifaceBlock$$Lambda$1679/0x00000008007876f0 (minecraft@1.20.1)
8288:             1             16  net.minecraft.world.level.block.MultifaceBlock$$Lambda$1682/0x0000000800787d98 (minecraft@1.20.1)
8289:             1             16  net.minecraft.world.level.block.MultifaceSpreader$DefaultSpreaderConfig (minecraft@1.20.1)
8290:             1             16  net.minecraft.world.level.block.PipeBlock$$Lambda$1447/0x000000080067c870 (minecraft@1.20.1)
8291:             1             16  net.minecraft.world.level.block.RedStoneWireBlock$$Lambda$1637/0x00000008007683f0 (minecraft@1.20.1)
8292:             1             16  net.minecraft.world.level.block.RespawnAnchorBlock$$Lambda$1753/0x00000008007af328 (minecraft@1.20.1)
8293:             1             16  net.minecraft.world.level.block.RespawnAnchorBlock$$Lambda$1756/0x00000008007af568 (minecraft@1.20.1)
8294:             1             16  net.minecraft.world.level.block.SculkBehaviour$1 (minecraft@1.20.1)
8295:             1             16  net.minecraft.world.level.block.SculkSensorBlock$$Lambda$1769/0x00000008007b19f0 (minecraft@1.20.1)
8296:             1             16  net.minecraft.world.level.block.ShulkerBoxBlock$$Lambda$1738/0x000000080079fd60 (minecraft@1.20.1)
8297:             1             16  net.minecraft.world.level.block.StairBlock$$Lambda$1634/0x0000000800763190 (minecraft@1.20.1)
8298:             1             16  net.minecraft.world.level.block.TrappedChestBlock$$Lambda$1717/0x000000080079acd8 (minecraft@1.20.1)
8299:             1             16  net.minecraft.world.level.block.VineBlock$$Lambda$1677/0x0000000800787260 (minecraft@1.20.1)
8300:             1             16  net.minecraft.world.level.block.VineBlock$$Lambda$1678/0x00000008007874b0 (minecraft@1.20.1)
8301:             1             16  net.minecraft.world.level.block.WeatheringCopper$$Lambda$1773/0x00000008007b3800 (minecraft@1.20.1)
8302:             1             16  net.minecraft.world.level.block.WeatheringCopper$$Lambda$1774/0x00000008007b3a38 (minecraft@1.20.1)
8303:             1             16  net.minecraft.world.level.block.entity.BlockEntityType$$Lambda$2664/0x00000008009fe250 (minecraft@1.20.1)
8304:             1             16  net.minecraft.world.level.block.entity.BlockEntityType$$Lambda$2665/0x00000008009fed18 (minecraft@1.20.1)
8305:             1             16  net.minecraft.world.level.block.entity.BlockEntityType$$Lambda$2666/0x00000008009fef38 (minecraft@1.20.1)
8306:             1             16  net.minecraft.world.level.block.entity.BlockEntityType$$Lambda$2667/0x00000008009ff3a8 (minecraft@1.20.1)
8307:             1             16  net.minecraft.world.level.block.entity.BlockEntityType$$Lambda$2668/0x00000008009ff5c8 (minecraft@1.20.1)
8308:             1             16  net.minecraft.world.level.block.entity.BlockEntityType$$Lambda$2669/0x00000008009ffb28 (minecraft@1.20.1)
8309:             1             16  net.minecraft.world.level.block.entity.BlockEntityType$$Lambda$2670/0x00000008009ffd48 (minecraft@1.20.1)
8310:             1             16  net.minecraft.world.level.block.entity.BlockEntityType$$Lambda$2671/0x0000000800a00000 (minecraft@1.20.1)
8311:             1             16  net.minecraft.world.level.block.entity.BlockEntityType$$Lambda$2672/0x0000000800a00220 (minecraft@1.20.1)
8312:             1             16  net.minecraft.world.level.block.entity.BlockEntityType$$Lambda$2673/0x0000000800a006b8 (minecraft@1.20.1)
8313:             1             16  net.minecraft.world.level.block.entity.BlockEntityType$$Lambda$2674/0x0000000800a008d8 (minecraft@1.20.1)
8314:             1             16  net.minecraft.world.level.block.entity.BlockEntityType$$Lambda$2675/0x0000000800a00e48 (minecraft@1.20.1)
8315:             1             16  net.minecraft.world.level.block.entity.BlockEntityType$$Lambda$2676/0x0000000800a01068 (minecraft@1.20.1)
8316:             1             16  net.minecraft.world.level.block.entity.BlockEntityType$$Lambda$2677/0x0000000800a01288 (minecraft@1.20.1)
8317:             1             16  net.minecraft.world.level.block.entity.BlockEntityType$$Lambda$2678/0x0000000800a01810 (minecraft@1.20.1)
8318:             1             16  net.minecraft.world.level.block.entity.BlockEntityType$$Lambda$2679/0x0000000800a01a30 (minecraft@1.20.1)
8319:             1             16  net.minecraft.world.level.block.entity.BlockEntityType$$Lambda$2680/0x0000000800a01c50 (minecraft@1.20.1)
8320:             1             16  net.minecraft.world.level.block.entity.BlockEntityType$$Lambda$2681/0x0000000800a01e70 (minecraft@1.20.1)
8321:             1             16  net.minecraft.world.level.block.entity.BlockEntityType$$Lambda$2682/0x0000000800a02090 (minecraft@1.20.1)
8322:             1             16  net.minecraft.world.level.block.entity.BlockEntityType$$Lambda$2683/0x0000000800a022b0 (minecraft@1.20.1)
8323:             1             16  net.minecraft.world.level.block.entity.BlockEntityType$$Lambda$2684/0x0000000800a02938 (minecraft@1.20.1)
8324:             1             16  net.minecraft.world.level.block.entity.BlockEntityType$$Lambda$2685/0x0000000800a02b58 (minecraft@1.20.1)
8325:             1             16  net.minecraft.world.level.block.entity.BlockEntityType$$Lambda$2686/0x0000000800a03080 (minecraft@1.20.1)
8326:             1             16  net.minecraft.world.level.block.entity.BlockEntityType$$Lambda$2687/0x0000000800a035e0 (minecraft@1.20.1)
8327:             1             16  net.minecraft.world.level.block.entity.BlockEntityType$$Lambda$2688/0x0000000800a03800 (minecraft@1.20.1)
8328:             1             16  net.minecraft.world.level.block.entity.BlockEntityType$$Lambda$2689/0x0000000800a03a20 (minecraft@1.20.1)
8329:             1             16  net.minecraft.world.level.block.entity.BlockEntityType$$Lambda$2690/0x0000000800a03e90 (minecraft@1.20.1)
8330:             1             16  net.minecraft.world.level.block.entity.BlockEntityType$$Lambda$2691/0x0000000800a04470 (minecraft@1.20.1)
8331:             1             16  net.minecraft.world.level.block.entity.BlockEntityType$$Lambda$2692/0x0000000800a04a50 (minecraft@1.20.1)
8332:             1             16  net.minecraft.world.level.block.entity.BlockEntityType$$Lambda$2693/0x0000000800a04fc0 (minecraft@1.20.1)
8333:             1             16  net.minecraft.world.level.block.entity.BlockEntityType$$Lambda$2694/0x0000000800a051e0 (minecraft@1.20.1)
8334:             1             16  net.minecraft.world.level.block.entity.BlockEntityType$$Lambda$2695/0x0000000800a05400 (minecraft@1.20.1)
8335:             1             16  net.minecraft.world.level.block.entity.BlockEntityType$$Lambda$2696/0x0000000800a05620 (minecraft@1.20.1)
8336:             1             16  net.minecraft.world.level.block.entity.BlockEntityType$$Lambda$2697/0x0000000800a05840 (minecraft@1.20.1)
8337:             1             16  net.minecraft.world.level.block.entity.BlockEntityType$$Lambda$2698/0x0000000800a05a60 (minecraft@1.20.1)
8338:             1             16  net.minecraft.world.level.block.entity.BlockEntityType$$Lambda$2699/0x0000000800a05c80 (minecraft@1.20.1)
8339:             1             16  net.minecraft.world.level.block.entity.BlockEntityType$$Lambda$2700/0x0000000800a05ea0 (minecraft@1.20.1)
8340:             1             16  net.minecraft.world.level.block.entity.BlockEntityType$$Lambda$2701/0x0000000800a060c0 (minecraft@1.20.1)
8341:             1             16  net.minecraft.world.level.block.entity.BlockEntityType$$Lambda$2702/0x0000000800a062e0 (minecraft@1.20.1)
8342:             1             16  net.minecraft.world.level.block.entity.BlockEntityType$$Lambda$2703/0x0000000800a06500 (minecraft@1.20.1)
8343:             1             16  net.minecraft.world.level.block.entity.BlockEntityType$$Lambda$2704/0x0000000800a06720 (minecraft@1.20.1)
8344:             1             16  net.minecraft.world.level.block.grower.AcaciaTreeGrower (minecraft@1.20.1)
8345:             1             16  net.minecraft.world.level.block.grower.AzaleaTreeGrower (minecraft@1.20.1)
8346:             1             16  net.minecraft.world.level.block.grower.BirchTreeGrower (minecraft@1.20.1)
8347:             1             16  net.minecraft.world.level.block.grower.CherryTreeGrower (minecraft@1.20.1)
8348:             1             16  net.minecraft.world.level.block.grower.DarkOakTreeGrower (minecraft@1.20.1)
8349:             1             16  net.minecraft.world.level.block.grower.JungleTreeGrower (minecraft@1.20.1)
8350:             1             16  net.minecraft.world.level.block.grower.MangroveTreeGrower (minecraft@1.20.1)
8351:             1             16  net.minecraft.world.level.block.grower.OakTreeGrower (minecraft@1.20.1)
8352:             1             16  net.minecraft.world.level.block.grower.SpruceTreeGrower (minecraft@1.20.1)
8353:             1             16  net.minecraft.world.level.block.piston.PistonHeadBlock$$Lambda$1577/0x000000080074d210 (minecraft@1.20.1)
8354:             1             16  net.minecraft.world.level.block.state.BlockBehaviour$Properties$$Lambda$1451/0x00000008006df998 (minecraft@1.20.1)
8355:             1             16  net.minecraft.world.level.block.state.BlockBehaviour$Properties$$Lambda$1452/0x00000008006b7980 (minecraft@1.20.1)
8356:             1             16  net.minecraft.world.level.block.state.BlockBehaviour$Properties$$Lambda$1453/0x00000008006c7b18 (minecraft@1.20.1)
8357:             1             16  net.minecraft.world.level.block.state.BlockBehaviour$Properties$$Lambda$1454/0x00000008006f7900 (minecraft@1.20.1)
8358:             1             16  net.minecraft.world.level.block.state.BlockBehaviour$Properties$$Lambda$1455/0x00000008006f7b20 (minecraft@1.20.1)
8359:             1             16  net.minecraft.world.level.block.state.BlockBehaviour$Properties$$Lambda$1456/0x00000008006f7d40 (minecraft@1.20.1)
8360:             1             16  net.minecraft.world.level.block.state.BlockBehaviour$Properties$$Lambda$1457/0x00000008006cd8f8 (minecraft@1.20.1)
8361:             1             16  net.minecraft.world.level.block.state.BlockBehaviour$Properties$$Lambda$1494/0x000000080072e058 (minecraft@1.20.1)
8362:             1             16  net.minecraft.world.level.block.state.BlockBehaviour$Properties$$Lambda$1575/0x000000080074cdb0 (minecraft@1.20.1)
8363:             1             16  net.minecraft.world.level.block.state.BlockState$$Lambda$1474/0x000000080071dae0 (minecraft@1.20.1)
8364:             1             16  net.minecraft.world.level.block.state.StateDefinition$$Lambda$1466/0x000000080071c460 (minecraft@1.20.1)
8365:             1             16  net.minecraft.world.level.block.state.StateDefinition$$Lambda$1467/0x000000080071c6a0 (minecraft@1.20.1)
8366:             1             16  net.minecraft.world.level.block.state.StateDefinition$$Lambda$1484/0x0000000800721000 (minecraft@1.20.1)
8367:             1             16  net.minecraft.world.level.block.state.StateHolder$$Lambda$1475/0x000000080071dd20 (minecraft@1.20.1)
8368:             1             16  net.minecraft.world.level.block.state.StateHolder$1 (minecraft@1.20.1)
8369:             1             16  net.minecraft.world.level.block.state.predicate.BlockStatePredicate$$Lambda$3160/0x0000000800a95d68 (minecraft@1.20.1)
8370:             1             16  net.minecraft.world.level.block.state.properties.BlockStateProperties$$Lambda$1434/0x0000000800663768 (minecraft@1.20.1)
8371:             1             16  net.minecraft.world.level.block.state.properties.BlockStateProperties$$Lambda$1436/0x00000008006722f8 (minecraft@1.20.1)
8372:             1             16  net.minecraft.world.level.block.state.properties.EnumProperty$$Lambda$1433/0x0000000800663250 (minecraft@1.20.1)
8373:             1             16  net.minecraft.world.level.block.state.properties.Property$$Lambda$1432/0x0000000800663010 (minecraft@1.20.1)
8374:             1             16  net.minecraft.world.level.chunk.ChunkGenerator$$Lambda$3973/0x0000000800b4f5d8 (minecraft@1.20.1)
8375:             1             16  net.minecraft.world.level.chunk.ChunkStatus$$Lambda$2717/0x0000000800a0aef8 (minecraft@1.20.1)
8376:             1             16  net.minecraft.world.level.chunk.ChunkStatus$$Lambda$2718/0x0000000800a0ba28 (minecraft@1.20.1)
8377:             1             16  net.minecraft.world.level.chunk.ChunkStatus$$Lambda$2719/0x0000000800a0bc70 (minecraft@1.20.1)
8378:             1             16  net.minecraft.world.level.chunk.ChunkStatus$$Lambda$2720/0x0000000800a0e000 (minecraft@1.20.1)
8379:             1             16  net.minecraft.world.level.chunk.ChunkStatus$$Lambda$2721/0x0000000800a0e220 (minecraft@1.20.1)
8380:             1             16  net.minecraft.world.level.chunk.ChunkStatus$$Lambda$2722/0x0000000800a0e468 (minecraft@1.20.1)
8381:             1             16  net.minecraft.world.level.chunk.ChunkStatus$$Lambda$2723/0x0000000800a0e688 (minecraft@1.20.1)
8382:             1             16  net.minecraft.world.level.chunk.ChunkStatus$$Lambda$2724/0x0000000800a0e8a8 (minecraft@1.20.1)
8383:             1             16  net.minecraft.world.level.chunk.ChunkStatus$$Lambda$2725/0x0000000800a0eaf0 (minecraft@1.20.1)
8384:             1             16  net.minecraft.world.level.chunk.ChunkStatus$$Lambda$2726/0x0000000800a0ed38 (minecraft@1.20.1)
8385:             1             16  net.minecraft.world.level.chunk.ChunkStatus$$Lambda$2727/0x0000000800a0ef80 (minecraft@1.20.1)
8386:             1             16  net.minecraft.world.level.chunk.ChunkStatus$$Lambda$2728/0x0000000800a0f1a0 (minecraft@1.20.1)
8387:             1             16  net.minecraft.world.level.chunk.ChunkStatus$$Lambda$2729/0x0000000800a0f3c0 (minecraft@1.20.1)
8388:             1             16  net.minecraft.world.level.chunk.ChunkStatus$$Lambda$2730/0x0000000800a0f5e0 (minecraft@1.20.1)
8389:             1             16  net.minecraft.world.level.chunk.ChunkStatus$$Lambda$2731/0x0000000800a0f800 (minecraft@1.20.1)
8390:             1             16  net.minecraft.world.level.chunk.ChunkStatus$$Lambda$2732/0x0000000800a0fa48 (minecraft@1.20.1)
8391:             1             16  net.minecraft.world.level.chunk.ChunkStatus$$Lambda$2733/0x0000000800a0fc68 (minecraft@1.20.1)
8392:             1             16  net.minecraft.world.level.chunk.ChunkStatus$$Lambda$2734/0x0000000800a0d1f8 (minecraft@1.20.1)
8393:             1             16  net.minecraft.world.level.dimension.DimensionType$$Lambda$2947/0x0000000800a63d98 (minecraft@1.20.1)
8394:             1             16  net.minecraft.world.level.dimension.DimensionType$$Lambda$2948/0x0000000800a63fd8 (minecraft@1.20.1)
8395:             1             16  net.minecraft.world.level.dimension.DimensionType$$Lambda$2949/0x0000000800a64218 (minecraft@1.20.1)
8396:             1             16  net.minecraft.world.level.dimension.DimensionType$$Lambda$2950/0x0000000800a64458 (minecraft@1.20.1)
8397:             1             16  net.minecraft.world.level.dimension.DimensionType$$Lambda$2951/0x0000000800a64698 (minecraft@1.20.1)
8398:             1             16  net.minecraft.world.level.dimension.DimensionType$$Lambda$2952/0x0000000800a648d8 (minecraft@1.20.1)
8399:             1             16  net.minecraft.world.level.dimension.DimensionType$$Lambda$2954/0x0000000800a64b18 (minecraft@1.20.1)
8400:             1             16  net.minecraft.world.level.dimension.DimensionType$$Lambda$2955/0x0000000800a64d58 (minecraft@1.20.1)
8401:             1             16  net.minecraft.world.level.dimension.DimensionType$$Lambda$2956/0x0000000800a64f98 (minecraft@1.20.1)
8402:             1             16  net.minecraft.world.level.dimension.DimensionType$$Lambda$2957/0x0000000800a651d8 (minecraft@1.20.1)
8403:             1             16  net.minecraft.world.level.dimension.DimensionType$$Lambda$2958/0x0000000800a65418 (minecraft@1.20.1)
8404:             1             16  net.minecraft.world.level.dimension.DimensionType$$Lambda$2959/0x0000000800a65658 (minecraft@1.20.1)
8405:             1             16  net.minecraft.world.level.dimension.DimensionType$$Lambda$2962/0x0000000800a65d20 (minecraft@1.20.1)
8406:             1             16  net.minecraft.world.level.dimension.DimensionType$$Lambda$2963/0x0000000800a66168 (minecraft@1.20.1)
8407:             1             16  net.minecraft.world.level.dimension.DimensionType$$Lambda$2964/0x0000000800a663a8 (minecraft@1.20.1)
8408:             1             16  net.minecraft.world.level.dimension.DimensionType$$Lambda$2971/0x0000000800a67588 (minecraft@1.20.1)
8409:             1             16  net.minecraft.world.level.dimension.DimensionType$$Lambda$2972/0x0000000800a677c8 (minecraft@1.20.1)
8410:             1             16  net.minecraft.world.level.dimension.DimensionType$MonsterSettings$$Lambda$2965/0x0000000800a667f8 (minecraft@1.20.1)
8411:             1             16  net.minecraft.world.level.dimension.DimensionType$MonsterSettings$$Lambda$2966/0x0000000800a66a38 (minecraft@1.20.1)
8412:             1             16  net.minecraft.world.level.dimension.DimensionType$MonsterSettings$$Lambda$2967/0x0000000800a66c78 (minecraft@1.20.1)
8413:             1             16  net.minecraft.world.level.dimension.DimensionType$MonsterSettings$$Lambda$2968/0x0000000800a66eb8 (minecraft@1.20.1)
8414:             1             16  net.minecraft.world.level.dimension.DimensionType$MonsterSettings$$Lambda$2969/0x0000000800a670f8 (minecraft@1.20.1)
8415:             1             16  net.minecraft.world.level.dimension.DimensionType$MonsterSettings$$Lambda$2970/0x0000000800a67338 (minecraft@1.20.1)
8416:             1             16  net.minecraft.world.level.gameevent.BlockPositionSource$Type (minecraft@1.20.1)
8417:             1             16  net.minecraft.world.level.gameevent.EntityPositionSource$Type (minecraft@1.20.1)
8418:             1             16  net.minecraft.world.level.gameevent.PositionSource$$Lambda$1614/0x00000008007658c8 (minecraft@1.20.1)
8419:             1             16  net.minecraft.world.level.gameevent.PositionSource$$Lambda$1615/0x0000000800765b08 (minecraft@1.20.1)
8420:             1             16  net.minecraft.world.level.levelgen.DebugLevelSource$$Lambda$4038/0x0000000800b58750 (minecraft@1.20.1)
8421:             1             16  net.minecraft.world.level.levelgen.DebugLevelSource$$Lambda$4039/0x0000000800b58990 (minecraft@1.20.1)
8422:             1             16  net.minecraft.world.level.levelgen.DebugLevelSource$$Lambda$4040/0x0000000800b58bd0 (minecraft@1.20.1)
8423:             1             16  net.minecraft.world.level.levelgen.DensityFunction$$Lambda$3993/0x0000000800b50000 (minecraft@1.20.1)
8424:             1             16  net.minecraft.world.level.levelgen.DensityFunction$$Lambda$3994/0x0000000800b50240 (minecraft@1.20.1)
8425:             1             16  net.minecraft.world.level.levelgen.DensityFunction$NoiseHolder$$Lambda$4091/0x0000000800b65e90 (minecraft@1.20.1)
8426:             1             16  net.minecraft.world.level.levelgen.DensityFunction$NoiseHolder$$Lambda$4092/0x0000000800b660d0 (minecraft@1.20.1)
8427:             1             16  net.minecraft.world.level.levelgen.DensityFunctions$$Lambda$3990/0x0000000800b49480 (minecraft@1.20.1)
8428:             1             16  net.minecraft.world.level.levelgen.DensityFunctions$$Lambda$3991/0x0000000800b496c0 (minecraft@1.20.1)
8429:             1             16  net.minecraft.world.level.levelgen.DensityFunctions$$Lambda$3992/0x0000000800b49900 (minecraft@1.20.1)
8430:             1             16  net.minecraft.world.level.levelgen.DensityFunctions$BlendDensity$$Lambda$4126/0x0000000800b6b700 (minecraft@1.20.1)
8431:             1             16  net.minecraft.world.level.levelgen.DensityFunctions$BlendDensity$$Lambda$4127/0x0000000800b6b940 (minecraft@1.20.1)
8432:             1             16  net.minecraft.world.level.levelgen.DensityFunctions$Clamp$$Lambda$4128/0x0000000800b6bd80 (minecraft@1.20.1)
8433:             1             16  net.minecraft.world.level.levelgen.DensityFunctions$Clamp$$Lambda$4129/0x0000000800b69b20 (minecraft@1.20.1)
8434:             1             16  net.minecraft.world.level.levelgen.DensityFunctions$Clamp$$Lambda$4130/0x0000000800b69d60 (minecraft@1.20.1)
8435:             1             16  net.minecraft.world.level.levelgen.DensityFunctions$Clamp$$Lambda$4131/0x0000000800b70000 (minecraft@1.20.1)
8436:             1             16  net.minecraft.world.level.levelgen.DensityFunctions$Clamp$$Lambda$4132/0x0000000800b70240 (minecraft@1.20.1)
8437:             1             16  net.minecraft.world.level.levelgen.DensityFunctions$Constant$$Lambda$4156/0x0000000800b75800 (minecraft@1.20.1)
8438:             1             16  net.minecraft.world.level.levelgen.DensityFunctions$Constant$$Lambda$4157/0x0000000800b75a40 (minecraft@1.20.1)
8439:             1             16  net.minecraft.world.level.levelgen.DensityFunctions$EndIslandDensityFunction (minecraft@1.20.1)
8440:             1             16  net.minecraft.world.level.levelgen.DensityFunctions$Mapped$Type$$Lambda$4134/0x0000000800b70c50 (minecraft@1.20.1)
8441:             1             16  net.minecraft.world.level.levelgen.DensityFunctions$Marker$Type$$Lambda$4089/0x0000000800b65348 (minecraft@1.20.1)
8442:             1             16  net.minecraft.world.level.levelgen.DensityFunctions$Noise$$Lambda$4090/0x0000000800b65a40 (minecraft@1.20.1)
8443:             1             16  net.minecraft.world.level.levelgen.DensityFunctions$Noise$$Lambda$4093/0x0000000800b66310 (minecraft@1.20.1)
8444:             1             16  net.minecraft.world.level.levelgen.DensityFunctions$Noise$$Lambda$4094/0x0000000800b66550 (minecraft@1.20.1)
8445:             1             16  net.minecraft.world.level.levelgen.DensityFunctions$Noise$$Lambda$4095/0x0000000800b66790 (minecraft@1.20.1)
8446:             1             16  net.minecraft.world.level.levelgen.DensityFunctions$Noise$$Lambda$4096/0x0000000800b669d0 (minecraft@1.20.1)
8447:             1             16  net.minecraft.world.level.levelgen.DensityFunctions$RangeChoice$$Lambda$4113/0x0000000800b6eaa8 (minecraft@1.20.1)
8448:             1             16  net.minecraft.world.level.levelgen.DensityFunctions$RangeChoice$$Lambda$4114/0x0000000800b6ece8 (minecraft@1.20.1)
8449:             1             16  net.minecraft.world.level.levelgen.DensityFunctions$RangeChoice$$Lambda$4115/0x0000000800b6ef28 (minecraft@1.20.1)
8450:             1             16  net.minecraft.world.level.levelgen.DensityFunctions$RangeChoice$$Lambda$4116/0x0000000800b6f168 (minecraft@1.20.1)
8451:             1             16  net.minecraft.world.level.levelgen.DensityFunctions$RangeChoice$$Lambda$4117/0x0000000800b6f3a8 (minecraft@1.20.1)
8452:             1             16  net.minecraft.world.level.levelgen.DensityFunctions$RangeChoice$$Lambda$4118/0x0000000800b6f5e8 (minecraft@1.20.1)
8453:             1             16  net.minecraft.world.level.levelgen.DensityFunctions$RangeChoice$$Lambda$4119/0x0000000800b6f828 (minecraft@1.20.1)
8454:             1             16  net.minecraft.world.level.levelgen.DensityFunctions$Shift$$Lambda$4124/0x0000000800b6af60 (minecraft@1.20.1)
8455:             1             16  net.minecraft.world.level.levelgen.DensityFunctions$Shift$$Lambda$4125/0x0000000800b6b1a0 (minecraft@1.20.1)
8456:             1             16  net.minecraft.world.level.levelgen.DensityFunctions$ShiftA$$Lambda$4120/0x0000000800b6a000 (minecraft@1.20.1)
8457:             1             16  net.minecraft.world.level.levelgen.DensityFunctions$ShiftA$$Lambda$4121/0x0000000800b6a240 (minecraft@1.20.1)
8458:             1             16  net.minecraft.world.level.levelgen.DensityFunctions$ShiftB$$Lambda$4122/0x0000000800b6a7b0 (minecraft@1.20.1)
8459:             1             16  net.minecraft.world.level.levelgen.DensityFunctions$ShiftB$$Lambda$4123/0x0000000800b6a9f0 (minecraft@1.20.1)
8460:             1             16  net.minecraft.world.level.levelgen.DensityFunctions$ShiftedNoise$$Lambda$4105/0x0000000800b6d5b0 (minecraft@1.20.1)
8461:             1             16  net.minecraft.world.level.levelgen.DensityFunctions$ShiftedNoise$$Lambda$4106/0x0000000800b6d7f0 (minecraft@1.20.1)
8462:             1             16  net.minecraft.world.level.levelgen.DensityFunctions$ShiftedNoise$$Lambda$4107/0x0000000800b6da30 (minecraft@1.20.1)
8463:             1             16  net.minecraft.world.level.levelgen.DensityFunctions$ShiftedNoise$$Lambda$4108/0x0000000800b6dc70 (minecraft@1.20.1)
8464:             1             16  net.minecraft.world.level.levelgen.DensityFunctions$ShiftedNoise$$Lambda$4109/0x0000000800b6deb0 (minecraft@1.20.1)
8465:             1             16  net.minecraft.world.level.levelgen.DensityFunctions$ShiftedNoise$$Lambda$4110/0x0000000800b6e0f0 (minecraft@1.20.1)
8466:             1             16  net.minecraft.world.level.levelgen.DensityFunctions$ShiftedNoise$$Lambda$4111/0x0000000800b6e330 (minecraft@1.20.1)
8467:             1             16  net.minecraft.world.level.levelgen.DensityFunctions$ShiftedNoise$$Lambda$4112/0x0000000800b6e570 (minecraft@1.20.1)
8468:             1             16  net.minecraft.world.level.levelgen.DensityFunctions$Spline$$Lambda$4154/0x0000000800b77660 (minecraft@1.20.1)
8469:             1             16  net.minecraft.world.level.levelgen.DensityFunctions$Spline$$Lambda$4155/0x0000000800b778a0 (minecraft@1.20.1)
8470:             1             16  net.minecraft.world.level.levelgen.DensityFunctions$Spline$Coordinate$$Lambda$4140/0x0000000800b72e78 (minecraft@1.20.1)
8471:             1             16  net.minecraft.world.level.levelgen.DensityFunctions$Spline$Coordinate$$Lambda$4141/0x0000000800b730b8 (minecraft@1.20.1)
8472:             1             16  net.minecraft.world.level.levelgen.DensityFunctions$TwoArgumentSimpleFunction$Type$$Lambda$4136/0x0000000800b71720 (minecraft@1.20.1)
8473:             1             16  net.minecraft.world.level.levelgen.DensityFunctions$TwoArgumentSimpleFunction$Type$$Lambda$4137/0x0000000800b71960 (minecraft@1.20.1)
8474:             1             16  net.minecraft.world.level.levelgen.DensityFunctions$WeirdScaledSampler$$Lambda$4097/0x0000000800b67440 (minecraft@1.20.1)
8475:             1             16  net.minecraft.world.level.levelgen.DensityFunctions$WeirdScaledSampler$$Lambda$4098/0x0000000800b67680 (minecraft@1.20.1)
8476:             1             16  net.minecraft.world.level.levelgen.DensityFunctions$WeirdScaledSampler$$Lambda$4099/0x0000000800b678c0 (minecraft@1.20.1)
8477:             1             16  net.minecraft.world.level.levelgen.DensityFunctions$WeirdScaledSampler$$Lambda$4103/0x0000000800b6ce68 (minecraft@1.20.1)
8478:             1             16  net.minecraft.world.level.levelgen.DensityFunctions$WeirdScaledSampler$$Lambda$4104/0x0000000800b6d0a8 (minecraft@1.20.1)
8479:             1             16  net.minecraft.world.level.levelgen.DensityFunctions$WeirdScaledSampler$RarityValueMapper$$Lambda$4100/0x0000000800b6c000 (minecraft@1.20.1)
8480:             1             16  net.minecraft.world.level.levelgen.DensityFunctions$WeirdScaledSampler$RarityValueMapper$$Lambda$4101/0x0000000800b6c528 (minecraft@1.20.1)
8481:             1             16  net.minecraft.world.level.levelgen.DensityFunctions$WeirdScaledSampler$RarityValueMapper$$Lambda$4102/0x0000000800b6cc48 (minecraft@1.20.1)
8482:             1             16  net.minecraft.world.level.levelgen.DensityFunctions$YClampedGradient$$Lambda$4158/0x0000000800b75400 (minecraft@1.20.1)
8483:             1             16  net.minecraft.world.level.levelgen.DensityFunctions$YClampedGradient$$Lambda$4159/0x0000000800b78000 (minecraft@1.20.1)
8484:             1             16  net.minecraft.world.level.levelgen.DensityFunctions$YClampedGradient$$Lambda$4160/0x0000000800b78240 (minecraft@1.20.1)
8485:             1             16  net.minecraft.world.level.levelgen.DensityFunctions$YClampedGradient$$Lambda$4161/0x0000000800b78480 (minecraft@1.20.1)
8486:             1             16  net.minecraft.world.level.levelgen.DensityFunctions$YClampedGradient$$Lambda$4162/0x0000000800b786c0 (minecraft@1.20.1)
8487:             1             16  net.minecraft.world.level.levelgen.DensityFunctions$YClampedGradient$$Lambda$4163/0x0000000800b78900 (minecraft@1.20.1)
8488:             1             16  net.minecraft.world.level.levelgen.FlatLevelSource$$Lambda$4022/0x0000000800b567c8 (minecraft@1.20.1)
8489:             1             16  net.minecraft.world.level.levelgen.FlatLevelSource$$Lambda$4036/0x0000000800b58000 (minecraft@1.20.1)
8490:             1             16  net.minecraft.world.level.levelgen.FlatLevelSource$$Lambda$4037/0x0000000800b58240 (minecraft@1.20.1)
8491:             1             16  net.minecraft.world.level.levelgen.GenerationStep$Carving$$Lambda$3672/0x0000000800b0c028 (minecraft@1.20.1)
8492:             1             16  net.minecraft.world.level.levelgen.GenerationStep$Decoration$$Lambda$3561/0x0000000800af2c70 (minecraft@1.20.1)
8493:             1             16  net.minecraft.world.level.levelgen.GeodeBlockSettings$$Lambda$3370/0x0000000800ac30b8 (minecraft@1.20.1)
8494:             1             16  net.minecraft.world.level.levelgen.GeodeBlockSettings$$Lambda$3371/0x0000000800ac32f8 (minecraft@1.20.1)
8495:             1             16  net.minecraft.world.level.levelgen.GeodeBlockSettings$$Lambda$3372/0x0000000800ac3538 (minecraft@1.20.1)
8496:             1             16  net.minecraft.world.level.levelgen.GeodeBlockSettings$$Lambda$3373/0x0000000800ac3778 (minecraft@1.20.1)
8497:             1             16  net.minecraft.world.level.levelgen.GeodeBlockSettings$$Lambda$3374/0x0000000800ac39b8 (minecraft@1.20.1)
8498:             1             16  net.minecraft.world.level.levelgen.GeodeBlockSettings$$Lambda$3375/0x0000000800ac3bf8 (minecraft@1.20.1)
8499:             1             16  net.minecraft.world.level.levelgen.GeodeBlockSettings$$Lambda$3376/0x0000000800ac3e38 (minecraft@1.20.1)
8500:             1             16  net.minecraft.world.level.levelgen.GeodeBlockSettings$$Lambda$3377/0x0000000800ac4078 (minecraft@1.20.1)
8501:             1             16  net.minecraft.world.level.levelgen.GeodeBlockSettings$$Lambda$3378/0x0000000800ac42b8 (minecraft@1.20.1)
8502:             1             16  net.minecraft.world.level.levelgen.GeodeBlockSettings$$Lambda$3379/0x0000000800ac44f8 (minecraft@1.20.1)
8503:             1             16  net.minecraft.world.level.levelgen.GeodeCrackSettings$$Lambda$3388/0x0000000800ac5da8 (minecraft@1.20.1)
8504:             1             16  net.minecraft.world.level.levelgen.GeodeCrackSettings$$Lambda$3389/0x0000000800ac5fe8 (minecraft@1.20.1)
8505:             1             16  net.minecraft.world.level.levelgen.GeodeCrackSettings$$Lambda$3390/0x0000000800ac6228 (minecraft@1.20.1)
8506:             1             16  net.minecraft.world.level.levelgen.GeodeCrackSettings$$Lambda$3391/0x0000000800ac6468 (minecraft@1.20.1)
8507:             1             16  net.minecraft.world.level.levelgen.GeodeCrackSettings$$Lambda$3392/0x0000000800ac66a8 (minecraft@1.20.1)
8508:             1             16  net.minecraft.world.level.levelgen.GeodeLayerSettings$$Lambda$3381/0x0000000800ac4bd0 (minecraft@1.20.1)
8509:             1             16  net.minecraft.world.level.levelgen.GeodeLayerSettings$$Lambda$3382/0x0000000800ac4e10 (minecraft@1.20.1)
8510:             1             16  net.minecraft.world.level.levelgen.GeodeLayerSettings$$Lambda$3383/0x0000000800ac5050 (minecraft@1.20.1)
8511:             1             16  net.minecraft.world.level.levelgen.GeodeLayerSettings$$Lambda$3384/0x0000000800ac5290 (minecraft@1.20.1)
8512:             1             16  net.minecraft.world.level.levelgen.GeodeLayerSettings$$Lambda$3385/0x0000000800ac54d0 (minecraft@1.20.1)
8513:             1             16  net.minecraft.world.level.levelgen.GeodeLayerSettings$$Lambda$3386/0x0000000800ac5710 (minecraft@1.20.1)
8514:             1             16  net.minecraft.world.level.levelgen.Heightmap$$Lambda$2712/0x0000000800a09d50 (minecraft@1.20.1)
8515:             1             16  net.minecraft.world.level.levelgen.Heightmap$$Lambda$2713/0x0000000800a09fa0 (minecraft@1.20.1)
8516:             1             16  net.minecraft.world.level.levelgen.Heightmap$Types$$Lambda$2714/0x0000000800a0a1f0 (minecraft@1.20.1)
8517:             1             16  net.minecraft.world.level.levelgen.Heightmap$Types$$Lambda$2715/0x0000000800a0a440 (minecraft@1.20.1)
8518:             1             16  net.minecraft.world.level.levelgen.Heightmap$Types$$Lambda$2716/0x0000000800a0a888 (minecraft@1.20.1)
8519:             1             16  net.minecraft.world.level.levelgen.NoiseBasedChunkGenerator$$Lambda$3974/0x0000000800b4f818 (minecraft@1.20.1)
8520:             1             16  net.minecraft.world.level.levelgen.NoiseBasedChunkGenerator$$Lambda$3975/0x0000000800b4fa58 (minecraft@1.20.1)
8521:             1             16  net.minecraft.world.level.levelgen.NoiseBasedChunkGenerator$$Lambda$4020/0x0000000800b53d48 (minecraft@1.20.1)
8522:             1             16  net.minecraft.world.level.levelgen.NoiseBasedChunkGenerator$$Lambda$4021/0x0000000800b562c0 (minecraft@1.20.1)
8523:             1             16  net.minecraft.world.level.levelgen.NoiseGeneratorSettings$$Lambda$3976/0x0000000800b4a000 (minecraft@1.20.1)
8524:             1             16  net.minecraft.world.level.levelgen.NoiseGeneratorSettings$$Lambda$3985/0x0000000800b4b648 (minecraft@1.20.1)
8525:             1             16  net.minecraft.world.level.levelgen.NoiseGeneratorSettings$$Lambda$3986/0x0000000800b4b888 (minecraft@1.20.1)
8526:             1             16  net.minecraft.world.level.levelgen.NoiseGeneratorSettings$$Lambda$3987/0x0000000800b4bac8 (minecraft@1.20.1)
8527:             1             16  net.minecraft.world.level.levelgen.NoiseGeneratorSettings$$Lambda$4010/0x0000000800b52700 (minecraft@1.20.1)
8528:             1             16  net.minecraft.world.level.levelgen.NoiseGeneratorSettings$$Lambda$4012/0x0000000800b52d88 (minecraft@1.20.1)
8529:             1             16  net.minecraft.world.level.levelgen.NoiseGeneratorSettings$$Lambda$4013/0x0000000800b52fc8 (minecraft@1.20.1)
8530:             1             16  net.minecraft.world.level.levelgen.NoiseGeneratorSettings$$Lambda$4014/0x0000000800b53208 (minecraft@1.20.1)
8531:             1             16  net.minecraft.world.level.levelgen.NoiseGeneratorSettings$$Lambda$4015/0x0000000800b53448 (minecraft@1.20.1)
8532:             1             16  net.minecraft.world.level.levelgen.NoiseGeneratorSettings$$Lambda$4016/0x0000000800b53688 (minecraft@1.20.1)
8533:             1             16  net.minecraft.world.level.levelgen.NoiseGeneratorSettings$$Lambda$4017/0x0000000800b538c8 (minecraft@1.20.1)
8534:             1             16  net.minecraft.world.level.levelgen.NoiseGeneratorSettings$$Lambda$4018/0x0000000800b53b08 (minecraft@1.20.1)
8535:             1             16  net.minecraft.world.level.levelgen.NoiseGeneratorSettings$$Lambda$4019/0x0000000800b56000 (minecraft@1.20.1)
8536:             1             16  net.minecraft.world.level.levelgen.NoiseRouter$$Lambda$3988/0x0000000800b49000 (minecraft@1.20.1)
8537:             1             16  net.minecraft.world.level.levelgen.NoiseRouter$$Lambda$3989/0x0000000800b49240 (minecraft@1.20.1)
8538:             1             16  net.minecraft.world.level.levelgen.NoiseRouter$$Lambda$3995/0x0000000800b50480 (minecraft@1.20.1)
8539:             1             16  net.minecraft.world.level.levelgen.NoiseRouter$$Lambda$3996/0x0000000800b506c0 (minecraft@1.20.1)
8540:             1             16  net.minecraft.world.level.levelgen.NoiseRouter$$Lambda$3997/0x0000000800b50900 (minecraft@1.20.1)
8541:             1             16  net.minecraft.world.level.levelgen.NoiseRouter$$Lambda$3998/0x0000000800b50b40 (minecraft@1.20.1)
8542:             1             16  net.minecraft.world.level.levelgen.NoiseRouter$$Lambda$3999/0x0000000800b50d80 (minecraft@1.20.1)
8543:             1             16  net.minecraft.world.level.levelgen.NoiseRouter$$Lambda$4000/0x0000000800b50fc0 (minecraft@1.20.1)
8544:             1             16  net.minecraft.world.level.levelgen.NoiseRouter$$Lambda$4001/0x0000000800b51200 (minecraft@1.20.1)
8545:             1             16  net.minecraft.world.level.levelgen.NoiseRouter$$Lambda$4002/0x0000000800b51440 (minecraft@1.20.1)
8546:             1             16  net.minecraft.world.level.levelgen.NoiseRouter$$Lambda$4003/0x0000000800b51680 (minecraft@1.20.1)
8547:             1             16  net.minecraft.world.level.levelgen.NoiseRouter$$Lambda$4004/0x0000000800b518c0 (minecraft@1.20.1)
8548:             1             16  net.minecraft.world.level.levelgen.NoiseRouter$$Lambda$4005/0x0000000800b51b00 (minecraft@1.20.1)
8549:             1             16  net.minecraft.world.level.levelgen.NoiseRouter$$Lambda$4006/0x0000000800b51d40 (minecraft@1.20.1)
8550:             1             16  net.minecraft.world.level.levelgen.NoiseRouter$$Lambda$4007/0x0000000800b51f80 (minecraft@1.20.1)
8551:             1             16  net.minecraft.world.level.levelgen.NoiseRouter$$Lambda$4008/0x0000000800b521c0 (minecraft@1.20.1)
8552:             1             16  net.minecraft.world.level.levelgen.NoiseRouter$$Lambda$4009/0x0000000800b52400 (minecraft@1.20.1)
8553:             1             16  net.minecraft.world.level.levelgen.NoiseSettings$$Lambda$3977/0x0000000800b4a448 (minecraft@1.20.1)
8554:             1             16  net.minecraft.world.level.levelgen.NoiseSettings$$Lambda$3978/0x0000000800b4a688 (minecraft@1.20.1)
8555:             1             16  net.minecraft.world.level.levelgen.NoiseSettings$$Lambda$3979/0x0000000800b4a8c8 (minecraft@1.20.1)
8556:             1             16  net.minecraft.world.level.levelgen.NoiseSettings$$Lambda$3980/0x0000000800b4ab08 (minecraft@1.20.1)
8557:             1             16  net.minecraft.world.level.levelgen.NoiseSettings$$Lambda$3981/0x0000000800b4ad48 (minecraft@1.20.1)
8558:             1             16  net.minecraft.world.level.levelgen.NoiseSettings$$Lambda$3982/0x0000000800b4af88 (minecraft@1.20.1)
8559:             1             16  net.minecraft.world.level.levelgen.NoiseSettings$$Lambda$3983/0x0000000800b4b1d8 (minecraft@1.20.1)
8560:             1             16  net.minecraft.world.level.levelgen.NoiseSettings$$Lambda$3984/0x0000000800b4b418 (minecraft@1.20.1)
8561:             1             16  net.minecraft.world.level.levelgen.RandomSupport$$Lambda$1235/0x0000000800599778 (minecraft@1.20.1)
8562:             1             16  net.minecraft.world.level.levelgen.SurfaceRules$BiomeConditionSource$$Lambda$4042/0x0000000800b592b8 (minecraft@1.20.1)
8563:             1             16  net.minecraft.world.level.levelgen.SurfaceRules$BiomeConditionSource$$Lambda$4043/0x0000000800b594f8 (minecraft@1.20.1)
8564:             1             16  net.minecraft.world.level.levelgen.SurfaceRules$BlockRuleSource$$Lambda$4073/0x0000000800b60cf0 (minecraft@1.20.1)
8565:             1             16  net.minecraft.world.level.levelgen.SurfaceRules$BlockRuleSource$$Lambda$4074/0x0000000800b60f30 (minecraft@1.20.1)
8566:             1             16  net.minecraft.world.level.levelgen.SurfaceRules$ConditionSource$$Lambda$4041/0x0000000800b58e10 (minecraft@1.20.1)
8567:             1             16  net.minecraft.world.level.levelgen.SurfaceRules$NoiseThresholdConditionSource$$Lambda$4050/0x0000000800b5aba8 (minecraft@1.20.1)
8568:             1             16  net.minecraft.world.level.levelgen.SurfaceRules$NoiseThresholdConditionSource$$Lambda$4051/0x0000000800b5ade8 (minecraft@1.20.1)
8569:             1             16  net.minecraft.world.level.levelgen.SurfaceRules$NoiseThresholdConditionSource$$Lambda$4052/0x0000000800b5b028 (minecraft@1.20.1)
8570:             1             16  net.minecraft.world.level.levelgen.SurfaceRules$NoiseThresholdConditionSource$$Lambda$4053/0x0000000800b5b268 (minecraft@1.20.1)
8571:             1             16  net.minecraft.world.level.levelgen.SurfaceRules$NoiseThresholdConditionSource$$Lambda$4054/0x0000000800b5b4a8 (minecraft@1.20.1)
8572:             1             16  net.minecraft.world.level.levelgen.SurfaceRules$NotConditionSource$$Lambda$4071/0x0000000800b5c800 (minecraft@1.20.1)
8573:             1             16  net.minecraft.world.level.levelgen.SurfaceRules$NotConditionSource$$Lambda$4072/0x0000000800b5ca40 (minecraft@1.20.1)
8574:             1             16  net.minecraft.world.level.levelgen.SurfaceRules$RuleSource$$Lambda$4011/0x0000000800b52b48 (minecraft@1.20.1)
8575:             1             16  net.minecraft.world.level.levelgen.SurfaceRules$SequenceRuleSource$$Lambda$4075/0x0000000800b613d8 (minecraft@1.20.1)
8576:             1             16  net.minecraft.world.level.levelgen.SurfaceRules$SequenceRuleSource$$Lambda$4076/0x0000000800b61618 (minecraft@1.20.1)
8577:             1             16  net.minecraft.world.level.levelgen.SurfaceRules$StoneDepthCheck$$Lambda$4044/0x0000000800b59bb0 (minecraft@1.20.1)
8578:             1             16  net.minecraft.world.level.levelgen.SurfaceRules$StoneDepthCheck$$Lambda$4045/0x0000000800b59df0 (minecraft@1.20.1)
8579:             1             16  net.minecraft.world.level.levelgen.SurfaceRules$StoneDepthCheck$$Lambda$4046/0x0000000800b5a030 (minecraft@1.20.1)
8580:             1             16  net.minecraft.world.level.levelgen.SurfaceRules$StoneDepthCheck$$Lambda$4047/0x0000000800b5a270 (minecraft@1.20.1)
8581:             1             16  net.minecraft.world.level.levelgen.SurfaceRules$StoneDepthCheck$$Lambda$4048/0x0000000800b5a4b0 (minecraft@1.20.1)
8582:             1             16  net.minecraft.world.level.levelgen.SurfaceRules$StoneDepthCheck$$Lambda$4049/0x0000000800b5a6f0 (minecraft@1.20.1)
8583:             1             16  net.minecraft.world.level.levelgen.SurfaceRules$TestRuleSource$$Lambda$4077/0x0000000800b61ac0 (minecraft@1.20.1)
8584:             1             16  net.minecraft.world.level.levelgen.SurfaceRules$TestRuleSource$$Lambda$4078/0x0000000800b61d00 (minecraft@1.20.1)
8585:             1             16  net.minecraft.world.level.levelgen.SurfaceRules$TestRuleSource$$Lambda$4079/0x0000000800b61f40 (minecraft@1.20.1)
8586:             1             16  net.minecraft.world.level.levelgen.SurfaceRules$TestRuleSource$$Lambda$4080/0x0000000800b62180 (minecraft@1.20.1)
8587:             1             16  net.minecraft.world.level.levelgen.SurfaceRules$VerticalGradientConditionSource$$Lambda$4055/0x0000000800b5b950 (minecraft@1.20.1)
8588:             1             16  net.minecraft.world.level.levelgen.SurfaceRules$VerticalGradientConditionSource$$Lambda$4056/0x0000000800b5bb90 (minecraft@1.20.1)
8589:             1             16  net.minecraft.world.level.levelgen.SurfaceRules$VerticalGradientConditionSource$$Lambda$4057/0x0000000800b5e000 (minecraft@1.20.1)
8590:             1             16  net.minecraft.world.level.levelgen.SurfaceRules$VerticalGradientConditionSource$$Lambda$4058/0x0000000800b5e240 (minecraft@1.20.1)
8591:             1             16  net.minecraft.world.level.levelgen.SurfaceRules$VerticalGradientConditionSource$$Lambda$4059/0x0000000800b5e480 (minecraft@1.20.1)
8592:             1             16  net.minecraft.world.level.levelgen.SurfaceRules$WaterConditionSource$$Lambda$4065/0x0000000800b5f6c8 (minecraft@1.20.1)
8593:             1             16  net.minecraft.world.level.levelgen.SurfaceRules$WaterConditionSource$$Lambda$4066/0x0000000800b5f908 (minecraft@1.20.1)
8594:             1             16  net.minecraft.world.level.levelgen.SurfaceRules$WaterConditionSource$$Lambda$4067/0x0000000800b5fb48 (minecraft@1.20.1)
8595:             1             16  net.minecraft.world.level.levelgen.SurfaceRules$WaterConditionSource$$Lambda$4068/0x0000000800b5fd88 (minecraft@1.20.1)
8596:             1             16  net.minecraft.world.level.levelgen.SurfaceRules$WaterConditionSource$$Lambda$4069/0x0000000800b5d000 (minecraft@1.20.1)
8597:             1             16  net.minecraft.world.level.levelgen.SurfaceRules$YConditionSource$$Lambda$4060/0x0000000800b5e928 (minecraft@1.20.1)
8598:             1             16  net.minecraft.world.level.levelgen.SurfaceRules$YConditionSource$$Lambda$4061/0x0000000800b5eb68 (minecraft@1.20.1)
8599:             1             16  net.minecraft.world.level.levelgen.SurfaceRules$YConditionSource$$Lambda$4062/0x0000000800b5eda8 (minecraft@1.20.1)
8600:             1             16  net.minecraft.world.level.levelgen.SurfaceRules$YConditionSource$$Lambda$4063/0x0000000800b5efe8 (minecraft@1.20.1)
8601:             1             16  net.minecraft.world.level.levelgen.SurfaceRules$YConditionSource$$Lambda$4064/0x0000000800b5f228 (minecraft@1.20.1)
8602:             1             16  net.minecraft.world.level.levelgen.VerticalAnchor$$Lambda$2981/0x0000000800a6d4b8 (minecraft@1.20.1)
8603:             1             16  net.minecraft.world.level.levelgen.VerticalAnchor$$Lambda$2982/0x0000000800a6d6f8 (minecraft@1.20.1)
8604:             1             16  net.minecraft.world.level.levelgen.VerticalAnchor$AboveBottom$$Lambda$2977/0x0000000800a6c460 (minecraft@1.20.1)
8605:             1             16  net.minecraft.world.level.levelgen.VerticalAnchor$AboveBottom$$Lambda$2978/0x0000000800a6c6a0 (minecraft@1.20.1)
8606:             1             16  net.minecraft.world.level.levelgen.VerticalAnchor$Absolute$$Lambda$2975/0x0000000800a67da8 (minecraft@1.20.1)
8607:             1             16  net.minecraft.world.level.levelgen.VerticalAnchor$Absolute$$Lambda$2976/0x0000000800a6c000 (minecraft@1.20.1)
8608:             1             16  net.minecraft.world.level.levelgen.VerticalAnchor$BelowTop$$Lambda$2979/0x0000000800a6cb00 (minecraft@1.20.1)
8609:             1             16  net.minecraft.world.level.levelgen.VerticalAnchor$BelowTop$$Lambda$2980/0x0000000800a6cd40 (minecraft@1.20.1)
8610:             1             16  net.minecraft.world.level.levelgen.blockpredicates.AllOfPredicate$$Lambda$3056/0x0000000800a798e0 (minecraft@1.20.1)
8611:             1             16  net.minecraft.world.level.levelgen.blockpredicates.AnyOfPredicate$$Lambda$3050/0x0000000800a78290 (minecraft@1.20.1)
8612:             1             16  net.minecraft.world.level.levelgen.blockpredicates.BlockPredicate$$Lambda$3052/0x0000000800a78718 (minecraft@1.20.1)
8613:             1             16  net.minecraft.world.level.levelgen.blockpredicates.BlockPredicate$$Lambda$3053/0x0000000800a78958 (minecraft@1.20.1)
8614:             1             16  net.minecraft.world.level.levelgen.blockpredicates.BlockPredicate$$Lambda$3054/0x0000000800a78b98 (minecraft@1.20.1)
8615:             1             16  net.minecraft.world.level.levelgen.blockpredicates.CombiningPredicate$$Lambda$3055/0x0000000800a79410 (minecraft@1.20.1)
8616:             1             16  net.minecraft.world.level.levelgen.blockpredicates.HasSturdyFacePredicate$$Lambda$3035/0x0000000800a74f60 (minecraft@1.20.1)
8617:             1             16  net.minecraft.world.level.levelgen.blockpredicates.HasSturdyFacePredicate$$Lambda$3036/0x0000000800a751a0 (minecraft@1.20.1)
8618:             1             16  net.minecraft.world.level.levelgen.blockpredicates.HasSturdyFacePredicate$$Lambda$3037/0x0000000800a753e0 (minecraft@1.20.1)
8619:             1             16  net.minecraft.world.level.levelgen.blockpredicates.HasSturdyFacePredicate$$Lambda$3038/0x0000000800a75620 (minecraft@1.20.1)
8620:             1             16  net.minecraft.world.level.levelgen.blockpredicates.InsideWorldBoundsPredicate$$Lambda$3047/0x0000000800a77480 (minecraft@1.20.1)
8621:             1             16  net.minecraft.world.level.levelgen.blockpredicates.InsideWorldBoundsPredicate$$Lambda$3048/0x0000000800a776c0 (minecraft@1.20.1)
8622:             1             16  net.minecraft.world.level.levelgen.blockpredicates.InsideWorldBoundsPredicate$$Lambda$3049/0x0000000800a77900 (minecraft@1.20.1)
8623:             1             16  net.minecraft.world.level.levelgen.blockpredicates.MatchingBlockTagPredicate$$Lambda$3029/0x0000000800a73ce0 (minecraft@1.20.1)
8624:             1             16  net.minecraft.world.level.levelgen.blockpredicates.MatchingBlockTagPredicate$$Lambda$3030/0x0000000800a73f20 (minecraft@1.20.1)
8625:             1             16  net.minecraft.world.level.levelgen.blockpredicates.MatchingBlockTagPredicate$$Lambda$3031/0x0000000800a74160 (minecraft@1.20.1)
8626:             1             16  net.minecraft.world.level.levelgen.blockpredicates.MatchingBlocksPredicate$$Lambda$3015/0x0000000800a68d20 (minecraft@1.20.1)
8627:             1             16  net.minecraft.world.level.levelgen.blockpredicates.MatchingBlocksPredicate$$Lambda$3026/0x0000000800a733b8 (minecraft@1.20.1)
8628:             1             16  net.minecraft.world.level.levelgen.blockpredicates.MatchingBlocksPredicate$$Lambda$3027/0x0000000800a735f8 (minecraft@1.20.1)
8629:             1             16  net.minecraft.world.level.levelgen.blockpredicates.MatchingFluidsPredicate$$Lambda$3032/0x0000000800a74620 (minecraft@1.20.1)
8630:             1             16  net.minecraft.world.level.levelgen.blockpredicates.MatchingFluidsPredicate$$Lambda$3033/0x0000000800a74860 (minecraft@1.20.1)
8631:             1             16  net.minecraft.world.level.levelgen.blockpredicates.MatchingFluidsPredicate$$Lambda$3034/0x0000000800a74aa0 (minecraft@1.20.1)
8632:             1             16  net.minecraft.world.level.levelgen.blockpredicates.NotPredicate$$Lambda$3057/0x0000000800a79db0 (minecraft@1.20.1)
8633:             1             16  net.minecraft.world.level.levelgen.blockpredicates.NotPredicate$$Lambda$3058/0x0000000800a79ff0 (minecraft@1.20.1)
8634:             1             16  net.minecraft.world.level.levelgen.blockpredicates.NotPredicate$$Lambda$3059/0x0000000800a7a230 (minecraft@1.20.1)
8635:             1             16  net.minecraft.world.level.levelgen.blockpredicates.ReplaceablePredicate$$Lambda$3041/0x0000000800a761f0 (minecraft@1.20.1)
8636:             1             16  net.minecraft.world.level.levelgen.blockpredicates.ReplaceablePredicate$$Lambda$3042/0x0000000800a76430 (minecraft@1.20.1)
8637:             1             16  net.minecraft.world.level.levelgen.blockpredicates.SolidPredicate$$Lambda$3039/0x0000000800a75ae0 (minecraft@1.20.1)
8638:             1             16  net.minecraft.world.level.levelgen.blockpredicates.SolidPredicate$$Lambda$3040/0x0000000800a75d20 (minecraft@1.20.1)
8639:             1             16  net.minecraft.world.level.levelgen.blockpredicates.StateTestingPredicate$$Lambda$3017/0x0000000800a70240 (minecraft@1.20.1)
8640:             1             16  net.minecraft.world.level.levelgen.blockpredicates.TrueBlockPredicate (minecraft@1.20.1)
8641:             1             16  net.minecraft.world.level.levelgen.blockpredicates.TrueBlockPredicate$$Lambda$3060/0x0000000800a77dc8 (minecraft@1.20.1)
8642:             1             16  net.minecraft.world.level.levelgen.blockpredicates.WouldSurvivePredicate$$Lambda$3043/0x0000000800a76900 (minecraft@1.20.1)
8643:             1             16  net.minecraft.world.level.levelgen.blockpredicates.WouldSurvivePredicate$$Lambda$3044/0x0000000800a76b40 (minecraft@1.20.1)
8644:             1             16  net.minecraft.world.level.levelgen.blockpredicates.WouldSurvivePredicate$$Lambda$3045/0x0000000800a76d80 (minecraft@1.20.1)
8645:             1             16  net.minecraft.world.level.levelgen.blockpredicates.WouldSurvivePredicate$$Lambda$3046/0x0000000800a76fc0 (minecraft@1.20.1)
8646:             1             16  net.minecraft.world.level.levelgen.carver.CanyonCarverConfiguration$$Lambda$3090/0x0000000800a84470 (minecraft@1.20.1)
8647:             1             16  net.minecraft.world.level.levelgen.carver.CanyonCarverConfiguration$$Lambda$3091/0x0000000800a846b0 (minecraft@1.20.1)
8648:             1             16  net.minecraft.world.level.levelgen.carver.CanyonCarverConfiguration$$Lambda$3092/0x0000000800a848f0 (minecraft@1.20.1)
8649:             1             16  net.minecraft.world.level.levelgen.carver.CanyonCarverConfiguration$$Lambda$3101/0x0000000800a85f70 (minecraft@1.20.1)
8650:             1             16  net.minecraft.world.level.levelgen.carver.CanyonCarverConfiguration$$Lambda$3102/0x0000000800a861b0 (minecraft@1.20.1)
8651:             1             16  net.minecraft.world.level.levelgen.carver.CanyonCarverConfiguration$CanyonShapeConfiguration$$Lambda$3093/0x0000000800a84d40 (minecraft@1.20.1)
8652:             1             16  net.minecraft.world.level.levelgen.carver.CanyonCarverConfiguration$CanyonShapeConfiguration$$Lambda$3094/0x0000000800a84f80 (minecraft@1.20.1)
8653:             1             16  net.minecraft.world.level.levelgen.carver.CanyonCarverConfiguration$CanyonShapeConfiguration$$Lambda$3095/0x0000000800a851c0 (minecraft@1.20.1)
8654:             1             16  net.minecraft.world.level.levelgen.carver.CanyonCarverConfiguration$CanyonShapeConfiguration$$Lambda$3096/0x0000000800a85400 (minecraft@1.20.1)
8655:             1             16  net.minecraft.world.level.levelgen.carver.CanyonCarverConfiguration$CanyonShapeConfiguration$$Lambda$3097/0x0000000800a85640 (minecraft@1.20.1)
8656:             1             16  net.minecraft.world.level.levelgen.carver.CanyonCarverConfiguration$CanyonShapeConfiguration$$Lambda$3098/0x0000000800a85880 (minecraft@1.20.1)
8657:             1             16  net.minecraft.world.level.levelgen.carver.CanyonCarverConfiguration$CanyonShapeConfiguration$$Lambda$3099/0x0000000800a85ac0 (minecraft@1.20.1)
8658:             1             16  net.minecraft.world.level.levelgen.carver.CanyonCarverConfiguration$CanyonShapeConfiguration$$Lambda$3100/0x0000000800a85d00 (minecraft@1.20.1)
8659:             1             16  net.minecraft.world.level.levelgen.carver.CarverConfiguration$$Lambda$3065/0x0000000800a7c650 (minecraft@1.20.1)
8660:             1             16  net.minecraft.world.level.levelgen.carver.CarverConfiguration$$Lambda$3066/0x0000000800a7c890 (minecraft@1.20.1)
8661:             1             16  net.minecraft.world.level.levelgen.carver.CarverConfiguration$$Lambda$3067/0x0000000800a7cad0 (minecraft@1.20.1)
8662:             1             16  net.minecraft.world.level.levelgen.carver.CarverConfiguration$$Lambda$3068/0x0000000800a7cd10 (minecraft@1.20.1)
8663:             1             16  net.minecraft.world.level.levelgen.carver.CarverConfiguration$$Lambda$3069/0x0000000800a7cf50 (minecraft@1.20.1)
8664:             1             16  net.minecraft.world.level.levelgen.carver.CarverConfiguration$$Lambda$3077/0x0000000800a7e3a8 (minecraft@1.20.1)
8665:             1             16  net.minecraft.world.level.levelgen.carver.CarverConfiguration$$Lambda$3078/0x0000000800a7e5e8 (minecraft@1.20.1)
8666:             1             16  net.minecraft.world.level.levelgen.carver.CarverConfiguration$$Lambda$3079/0x0000000800a7e828 (minecraft@1.20.1)
8667:             1             16  net.minecraft.world.level.levelgen.carver.CarverDebugSettings$$Lambda$3070/0x0000000800a7d3c8 (minecraft@1.20.1)
8668:             1             16  net.minecraft.world.level.levelgen.carver.CarverDebugSettings$$Lambda$3071/0x0000000800a7d608 (minecraft@1.20.1)
8669:             1             16  net.minecraft.world.level.levelgen.carver.CarverDebugSettings$$Lambda$3072/0x0000000800a7d848 (minecraft@1.20.1)
8670:             1             16  net.minecraft.world.level.levelgen.carver.CarverDebugSettings$$Lambda$3073/0x0000000800a7da88 (minecraft@1.20.1)
8671:             1             16  net.minecraft.world.level.levelgen.carver.CarverDebugSettings$$Lambda$3074/0x0000000800a7dcc8 (minecraft@1.20.1)
8672:             1             16  net.minecraft.world.level.levelgen.carver.CarverDebugSettings$$Lambda$3075/0x0000000800a7df08 (minecraft@1.20.1)
8673:             1             16  net.minecraft.world.level.levelgen.carver.CarverDebugSettings$$Lambda$3076/0x0000000800a7e148 (minecraft@1.20.1)
8674:             1             16  net.minecraft.world.level.levelgen.carver.CaveCarverConfiguration$$Lambda$3081/0x0000000800a7ea98 (minecraft@1.20.1)
8675:             1             16  net.minecraft.world.level.levelgen.carver.CaveCarverConfiguration$$Lambda$3082/0x0000000800a7ecd8 (minecraft@1.20.1)
8676:             1             16  net.minecraft.world.level.levelgen.carver.CaveCarverConfiguration$$Lambda$3083/0x0000000800a7ef18 (minecraft@1.20.1)
8677:             1             16  net.minecraft.world.level.levelgen.carver.CaveCarverConfiguration$$Lambda$3084/0x0000000800a7f158 (minecraft@1.20.1)
8678:             1             16  net.minecraft.world.level.levelgen.carver.CaveCarverConfiguration$$Lambda$3086/0x0000000800a7f5d8 (minecraft@1.20.1)
8679:             1             16  net.minecraft.world.level.levelgen.carver.CaveCarverConfiguration$$Lambda$3087/0x0000000800a7f818 (minecraft@1.20.1)
8680:             1             16  net.minecraft.world.level.levelgen.carver.ConfiguredWorldCarver$$Lambda$3901/0x0000000800b37620 (minecraft@1.20.1)
8681:             1             16  net.minecraft.world.level.levelgen.carver.ConfiguredWorldCarver$$Lambda$3902/0x0000000800b37860 (minecraft@1.20.1)
8682:             1             16  net.minecraft.world.level.levelgen.carver.WorldCarver$$Lambda$3089/0x0000000800a84000 (minecraft@1.20.1)
8683:             1             16  net.minecraft.world.level.levelgen.feature.BambooFeature (minecraft@1.20.1)
8684:             1             16  net.minecraft.world.level.levelgen.feature.BasaltColumnsFeature (minecraft@1.20.1)
8685:             1             16  net.minecraft.world.level.levelgen.feature.BasaltPillarFeature (minecraft@1.20.1)
8686:             1             16  net.minecraft.world.level.levelgen.feature.BlockBlobFeature (minecraft@1.20.1)
8687:             1             16  net.minecraft.world.level.levelgen.feature.BlockColumnFeature (minecraft@1.20.1)
8688:             1             16  net.minecraft.world.level.levelgen.feature.BlockPileFeature (minecraft@1.20.1)
8689:             1             16  net.minecraft.world.level.levelgen.feature.BlueIceFeature (minecraft@1.20.1)
8690:             1             16  net.minecraft.world.level.levelgen.feature.BonusChestFeature (minecraft@1.20.1)
8691:             1             16  net.minecraft.world.level.levelgen.feature.ChorusPlantFeature (minecraft@1.20.1)
8692:             1             16  net.minecraft.world.level.levelgen.feature.ConfiguredFeature$$Lambda$3135/0x0000000800a91d70 (minecraft@1.20.1)
8693:             1             16  net.minecraft.world.level.levelgen.feature.ConfiguredFeature$$Lambda$3136/0x0000000800a91fb0 (minecraft@1.20.1)
8694:             1             16  net.minecraft.world.level.levelgen.feature.CoralClawFeature (minecraft@1.20.1)
8695:             1             16  net.minecraft.world.level.levelgen.feature.CoralMushroomFeature (minecraft@1.20.1)
8696:             1             16  net.minecraft.world.level.levelgen.feature.CoralTreeFeature (minecraft@1.20.1)
8697:             1             16  net.minecraft.world.level.levelgen.feature.DeltaFeature (minecraft@1.20.1)
8698:             1             16  net.minecraft.world.level.levelgen.feature.DiskFeature (minecraft@1.20.1)
8699:             1             16  net.minecraft.world.level.levelgen.feature.DripstoneClusterFeature (minecraft@1.20.1)
8700:             1             16  net.minecraft.world.level.levelgen.feature.EndGatewayFeature (minecraft@1.20.1)
8701:             1             16  net.minecraft.world.level.levelgen.feature.EndIslandFeature (minecraft@1.20.1)
8702:             1             16  net.minecraft.world.level.levelgen.feature.Feature$$Lambda$3104/0x0000000800a8cca0 (minecraft@1.20.1)
8703:             1             16  net.minecraft.world.level.levelgen.feature.FillLayerFeature (minecraft@1.20.1)
8704:             1             16  net.minecraft.world.level.levelgen.feature.FossilFeature (minecraft@1.20.1)
8705:             1             16  net.minecraft.world.level.levelgen.feature.FossilFeatureConfiguration$$Lambda$3161/0x0000000800a98000 (minecraft@1.20.1)
8706:             1             16  net.minecraft.world.level.levelgen.feature.FossilFeatureConfiguration$$Lambda$3162/0x0000000800a98240 (minecraft@1.20.1)
8707:             1             16  net.minecraft.world.level.levelgen.feature.FossilFeatureConfiguration$$Lambda$3163/0x0000000800a98480 (minecraft@1.20.1)
8708:             1             16  net.minecraft.world.level.levelgen.feature.FossilFeatureConfiguration$$Lambda$3207/0x0000000800aa08f8 (minecraft@1.20.1)
8709:             1             16  net.minecraft.world.level.levelgen.feature.FossilFeatureConfiguration$$Lambda$3208/0x0000000800aa0b38 (minecraft@1.20.1)
8710:             1             16  net.minecraft.world.level.levelgen.feature.FossilFeatureConfiguration$$Lambda$3209/0x0000000800aa0d78 (minecraft@1.20.1)
8711:             1             16  net.minecraft.world.level.levelgen.feature.FossilFeatureConfiguration$$Lambda$3210/0x0000000800aa0fb8 (minecraft@1.20.1)
8712:             1             16  net.minecraft.world.level.levelgen.feature.GeodeFeature (minecraft@1.20.1)
8713:             1             16  net.minecraft.world.level.levelgen.feature.GlowstoneFeature (minecraft@1.20.1)
8714:             1             16  net.minecraft.world.level.levelgen.feature.HugeBrownMushroomFeature (minecraft@1.20.1)
8715:             1             16  net.minecraft.world.level.levelgen.feature.HugeFungusConfiguration$$Lambda$3317/0x0000000800ab9648 (minecraft@1.20.1)
8716:             1             16  net.minecraft.world.level.levelgen.feature.HugeFungusConfiguration$$Lambda$3318/0x0000000800ab9888 (minecraft@1.20.1)
8717:             1             16  net.minecraft.world.level.levelgen.feature.HugeFungusConfiguration$$Lambda$3319/0x0000000800ab9ac8 (minecraft@1.20.1)
8718:             1             16  net.minecraft.world.level.levelgen.feature.HugeFungusConfiguration$$Lambda$3320/0x0000000800ab9d08 (minecraft@1.20.1)
8719:             1             16  net.minecraft.world.level.levelgen.feature.HugeFungusConfiguration$$Lambda$3321/0x0000000800ab9f48 (minecraft@1.20.1)
8720:             1             16  net.minecraft.world.level.levelgen.feature.HugeFungusConfiguration$$Lambda$3322/0x0000000800aba188 (minecraft@1.20.1)
8721:             1             16  net.minecraft.world.level.levelgen.feature.HugeFungusConfiguration$$Lambda$3323/0x0000000800aba3c8 (minecraft@1.20.1)
8722:             1             16  net.minecraft.world.level.levelgen.feature.HugeFungusConfiguration$$Lambda$3324/0x0000000800aba608 (minecraft@1.20.1)
8723:             1             16  net.minecraft.world.level.levelgen.feature.HugeFungusFeature (minecraft@1.20.1)
8724:             1             16  net.minecraft.world.level.levelgen.feature.HugeRedMushroomFeature (minecraft@1.20.1)
8725:             1             16  net.minecraft.world.level.levelgen.feature.IceSpikeFeature (minecraft@1.20.1)
8726:             1             16  net.minecraft.world.level.levelgen.feature.IcebergFeature (minecraft@1.20.1)
8727:             1             16  net.minecraft.world.level.levelgen.feature.KelpFeature (minecraft@1.20.1)
8728:             1             16  net.minecraft.world.level.levelgen.feature.LakeFeature (minecraft@1.20.1)
8729:             1             16  net.minecraft.world.level.levelgen.feature.LakeFeature$Configuration$$Lambda$3287/0x0000000800ab6a30 (minecraft@1.20.1)
8730:             1             16  net.minecraft.world.level.levelgen.feature.LakeFeature$Configuration$$Lambda$3288/0x0000000800ab6c70 (minecraft@1.20.1)
8731:             1             16  net.minecraft.world.level.levelgen.feature.LakeFeature$Configuration$$Lambda$3289/0x0000000800ab6eb0 (minecraft@1.20.1)
8732:             1             16  net.minecraft.world.level.levelgen.feature.LakeFeature$Configuration$$Lambda$3290/0x0000000800ab70f0 (minecraft@1.20.1)
8733:             1             16  net.minecraft.world.level.levelgen.feature.LargeDripstoneFeature (minecraft@1.20.1)
8734:             1             16  net.minecraft.world.level.levelgen.feature.MonsterRoomFeature (minecraft@1.20.1)
8735:             1             16  net.minecraft.world.level.levelgen.feature.MultifaceGrowthFeature (minecraft@1.20.1)
8736:             1             16  net.minecraft.world.level.levelgen.feature.NetherForestVegetationFeature (minecraft@1.20.1)
8737:             1             16  net.minecraft.world.level.levelgen.feature.NoOpFeature (minecraft@1.20.1)
8738:             1             16  net.minecraft.world.level.levelgen.feature.OreFeature (minecraft@1.20.1)
8739:             1             16  net.minecraft.world.level.levelgen.feature.PointedDripstoneFeature (minecraft@1.20.1)
8740:             1             16  net.minecraft.world.level.levelgen.feature.RandomBooleanSelectorFeature (minecraft@1.20.1)
8741:             1             16  net.minecraft.world.level.levelgen.feature.RandomSelectorFeature (minecraft@1.20.1)
8742:             1             16  net.minecraft.world.level.levelgen.feature.ReplaceBlobsFeature (minecraft@1.20.1)
8743:             1             16  net.minecraft.world.level.levelgen.feature.ReplaceBlockFeature (minecraft@1.20.1)
8744:             1             16  net.minecraft.world.level.levelgen.feature.RootSystemFeature (minecraft@1.20.1)
8745:             1             16  net.minecraft.world.level.levelgen.feature.ScatteredOreFeature (minecraft@1.20.1)
8746:             1             16  net.minecraft.world.level.levelgen.feature.SculkPatchFeature (minecraft@1.20.1)
8747:             1             16  net.minecraft.world.level.levelgen.feature.SeaPickleFeature (minecraft@1.20.1)
8748:             1             16  net.minecraft.world.level.levelgen.feature.SeagrassFeature (minecraft@1.20.1)
8749:             1             16  net.minecraft.world.level.levelgen.feature.SimpleBlockFeature (minecraft@1.20.1)
8750:             1             16  net.minecraft.world.level.levelgen.feature.SimpleRandomSelectorFeature (minecraft@1.20.1)
8751:             1             16  net.minecraft.world.level.levelgen.feature.SnowAndFreezeFeature (minecraft@1.20.1)
8752:             1             16  net.minecraft.world.level.levelgen.feature.SpikeFeature (minecraft@1.20.1)
8753:             1             16  net.minecraft.world.level.levelgen.feature.SpikeFeature$EndSpike$$Lambda$3298/0x0000000800ab2b38 (minecraft@1.20.1)
8754:             1             16  net.minecraft.world.level.levelgen.feature.SpikeFeature$EndSpike$$Lambda$3299/0x0000000800ab2d78 (minecraft@1.20.1)
8755:             1             16  net.minecraft.world.level.levelgen.feature.SpikeFeature$EndSpike$$Lambda$3300/0x0000000800ab2fb8 (minecraft@1.20.1)
8756:             1             16  net.minecraft.world.level.levelgen.feature.SpikeFeature$EndSpike$$Lambda$3301/0x0000000800ab31f8 (minecraft@1.20.1)
8757:             1             16  net.minecraft.world.level.levelgen.feature.SpikeFeature$EndSpike$$Lambda$3302/0x0000000800ab3438 (minecraft@1.20.1)
8758:             1             16  net.minecraft.world.level.levelgen.feature.SpikeFeature$EndSpike$$Lambda$3303/0x0000000800ab3678 (minecraft@1.20.1)
8759:             1             16  net.minecraft.world.level.levelgen.feature.SpikeFeature$EndSpike$$Lambda$3304/0x0000000800ab38b8 (minecraft@1.20.1)
8760:             1             16  net.minecraft.world.level.levelgen.feature.SpikeFeature$SpikeCacheLoader (minecraft@1.20.1)
8761:             1             16  net.minecraft.world.level.levelgen.feature.SpringFeature (minecraft@1.20.1)
8762:             1             16  net.minecraft.world.level.levelgen.feature.TreeFeature (minecraft@1.20.1)
8763:             1             16  net.minecraft.world.level.levelgen.feature.TwistingVinesFeature (minecraft@1.20.1)
8764:             1             16  net.minecraft.world.level.levelgen.feature.UnderwaterMagmaFeature (minecraft@1.20.1)
8765:             1             16  net.minecraft.world.level.levelgen.feature.VegetationPatchFeature (minecraft@1.20.1)
8766:             1             16  net.minecraft.world.level.levelgen.feature.VinesFeature (minecraft@1.20.1)
8767:             1             16  net.minecraft.world.level.levelgen.feature.VoidStartPlatformFeature (minecraft@1.20.1)
8768:             1             16  net.minecraft.world.level.levelgen.feature.WaterloggedVegetationPatchFeature (minecraft@1.20.1)
8769:             1             16  net.minecraft.world.level.levelgen.feature.WeepingVinesFeature (minecraft@1.20.1)
8770:             1             16  net.minecraft.world.level.levelgen.feature.WeightedPlacedFeature$$Lambda$3356/0x0000000800ac08b8 (minecraft@1.20.1)
8771:             1             16  net.minecraft.world.level.levelgen.feature.WeightedPlacedFeature$$Lambda$3357/0x0000000800ac0af8 (minecraft@1.20.1)
8772:             1             16  net.minecraft.world.level.levelgen.feature.WeightedPlacedFeature$$Lambda$3358/0x0000000800ac0d38 (minecraft@1.20.1)
8773:             1             16  net.minecraft.world.level.levelgen.feature.WeightedPlacedFeature$$Lambda$3359/0x0000000800ac0f78 (minecraft@1.20.1)
8774:             1             16  net.minecraft.world.level.levelgen.feature.configurations.BlockColumnConfiguration$$Lambda$3216/0x0000000800aa21b8 (minecraft@1.20.1)
8775:             1             16  net.minecraft.world.level.levelgen.feature.configurations.BlockColumnConfiguration$$Lambda$3221/0x0000000800aa2ef8 (minecraft@1.20.1)
8776:             1             16  net.minecraft.world.level.levelgen.feature.configurations.BlockColumnConfiguration$$Lambda$3222/0x0000000800aa3138 (minecraft@1.20.1)
8777:             1             16  net.minecraft.world.level.levelgen.feature.configurations.BlockColumnConfiguration$$Lambda$3223/0x0000000800aa3378 (minecraft@1.20.1)
8778:             1             16  net.minecraft.world.level.levelgen.feature.configurations.BlockColumnConfiguration$$Lambda$3224/0x0000000800aa35b8 (minecraft@1.20.1)
8779:             1             16  net.minecraft.world.level.levelgen.feature.configurations.BlockColumnConfiguration$$Lambda$3225/0x0000000800aa37f8 (minecraft@1.20.1)
8780:             1             16  net.minecraft.world.level.levelgen.feature.configurations.BlockColumnConfiguration$Layer$$Lambda$3217/0x0000000800aa2608 (minecraft@1.20.1)
8781:             1             16  net.minecraft.world.level.levelgen.feature.configurations.BlockColumnConfiguration$Layer$$Lambda$3218/0x0000000800aa2848 (minecraft@1.20.1)
8782:             1             16  net.minecraft.world.level.levelgen.feature.configurations.BlockColumnConfiguration$Layer$$Lambda$3219/0x0000000800aa2a88 (minecraft@1.20.1)
8783:             1             16  net.minecraft.world.level.levelgen.feature.configurations.BlockColumnConfiguration$Layer$$Lambda$3220/0x0000000800aa2cc8 (minecraft@1.20.1)
8784:             1             16  net.minecraft.world.level.levelgen.feature.configurations.BlockPileConfiguration$$Lambda$3144/0x0000000800a935f8 (minecraft@1.20.1)
8785:             1             16  net.minecraft.world.level.levelgen.feature.configurations.BlockPileConfiguration$$Lambda$3145/0x0000000800a93838 (minecraft@1.20.1)
8786:             1             16  net.minecraft.world.level.levelgen.feature.configurations.BlockStateConfiguration$$Lambda$3271/0x0000000800aabce8 (minecraft@1.20.1)
8787:             1             16  net.minecraft.world.level.levelgen.feature.configurations.BlockStateConfiguration$$Lambda$3272/0x0000000800ab4000 (minecraft@1.20.1)
8788:             1             16  net.minecraft.world.level.levelgen.feature.configurations.ColumnFeatureConfiguration$$Lambda$3335/0x0000000800abe6c0 (minecraft@1.20.1)
8789:             1             16  net.minecraft.world.level.levelgen.feature.configurations.ColumnFeatureConfiguration$$Lambda$3336/0x0000000800abe900 (minecraft@1.20.1)
8790:             1             16  net.minecraft.world.level.levelgen.feature.configurations.ColumnFeatureConfiguration$$Lambda$3337/0x0000000800abeb40 (minecraft@1.20.1)
8791:             1             16  net.minecraft.world.level.levelgen.feature.configurations.ColumnFeatureConfiguration$$Lambda$3338/0x0000000800abed80 (minecraft@1.20.1)
8792:             1             16  net.minecraft.world.level.levelgen.feature.configurations.CountConfiguration$$Lambda$3312/0x0000000800ab86a8 (minecraft@1.20.1)
8793:             1             16  net.minecraft.world.level.levelgen.feature.configurations.CountConfiguration$$Lambda$3313/0x0000000800ab88e8 (minecraft@1.20.1)
8794:             1             16  net.minecraft.world.level.levelgen.feature.configurations.DeltaFeatureConfiguration$$Lambda$3339/0x0000000800abf200 (minecraft@1.20.1)
8795:             1             16  net.minecraft.world.level.levelgen.feature.configurations.DeltaFeatureConfiguration$$Lambda$3340/0x0000000800abf440 (minecraft@1.20.1)
8796:             1             16  net.minecraft.world.level.levelgen.feature.configurations.DeltaFeatureConfiguration$$Lambda$3341/0x0000000800abf680 (minecraft@1.20.1)
8797:             1             16  net.minecraft.world.level.levelgen.feature.configurations.DeltaFeatureConfiguration$$Lambda$3342/0x0000000800abf8c0 (minecraft@1.20.1)
8798:             1             16  net.minecraft.world.level.levelgen.feature.configurations.DeltaFeatureConfiguration$$Lambda$3343/0x0000000800abfb00 (minecraft@1.20.1)
8799:             1             16  net.minecraft.world.level.levelgen.feature.configurations.DeltaFeatureConfiguration$$Lambda$3344/0x0000000800abfd40 (minecraft@1.20.1)
8800:             1             16  net.minecraft.world.level.levelgen.feature.configurations.DiskConfiguration$$Lambda$3273/0x0000000800ab4470 (minecraft@1.20.1)
8801:             1             16  net.minecraft.world.level.levelgen.feature.configurations.DiskConfiguration$$Lambda$3282/0x0000000800ab5cb0 (minecraft@1.20.1)
8802:             1             16  net.minecraft.world.level.levelgen.feature.configurations.DiskConfiguration$$Lambda$3283/0x0000000800ab5ef0 (minecraft@1.20.1)
8803:             1             16  net.minecraft.world.level.levelgen.feature.configurations.DiskConfiguration$$Lambda$3284/0x0000000800ab6130 (minecraft@1.20.1)
8804:             1             16  net.minecraft.world.level.levelgen.feature.configurations.DiskConfiguration$$Lambda$3285/0x0000000800ab6370 (minecraft@1.20.1)
8805:             1             16  net.minecraft.world.level.levelgen.feature.configurations.DiskConfiguration$$Lambda$3286/0x0000000800ab65b0 (minecraft@1.20.1)
8806:             1             16  net.minecraft.world.level.levelgen.feature.configurations.DripstoneClusterConfiguration$$Lambda$3405/0x0000000800acc750 (minecraft@1.20.1)
8807:             1             16  net.minecraft.world.level.levelgen.feature.configurations.DripstoneClusterConfiguration$$Lambda$3406/0x0000000800acc990 (minecraft@1.20.1)
8808:             1             16  net.minecraft.world.level.levelgen.feature.configurations.DripstoneClusterConfiguration$$Lambda$3407/0x0000000800accbd0 (minecraft@1.20.1)
8809:             1             16  net.minecraft.world.level.levelgen.feature.configurations.DripstoneClusterConfiguration$$Lambda$3408/0x0000000800acce10 (minecraft@1.20.1)
8810:             1             16  net.minecraft.world.level.levelgen.feature.configurations.DripstoneClusterConfiguration$$Lambda$3409/0x0000000800acd050 (minecraft@1.20.1)
8811:             1             16  net.minecraft.world.level.levelgen.feature.configurations.DripstoneClusterConfiguration$$Lambda$3410/0x0000000800acd290 (minecraft@1.20.1)
8812:             1             16  net.minecraft.world.level.levelgen.feature.configurations.DripstoneClusterConfiguration$$Lambda$3411/0x0000000800acd4d0 (minecraft@1.20.1)
8813:             1             16  net.minecraft.world.level.levelgen.feature.configurations.DripstoneClusterConfiguration$$Lambda$3412/0x0000000800acd710 (minecraft@1.20.1)
8814:             1             16  net.minecraft.world.level.levelgen.feature.configurations.DripstoneClusterConfiguration$$Lambda$3413/0x0000000800acd950 (minecraft@1.20.1)
8815:             1             16  net.minecraft.world.level.levelgen.feature.configurations.DripstoneClusterConfiguration$$Lambda$3414/0x0000000800acdb90 (minecraft@1.20.1)
8816:             1             16  net.minecraft.world.level.levelgen.feature.configurations.DripstoneClusterConfiguration$$Lambda$3415/0x0000000800acddd0 (minecraft@1.20.1)
8817:             1             16  net.minecraft.world.level.levelgen.feature.configurations.DripstoneClusterConfiguration$$Lambda$3416/0x0000000800ace010 (minecraft@1.20.1)
8818:             1             16  net.minecraft.world.level.levelgen.feature.configurations.DripstoneClusterConfiguration$$Lambda$3417/0x0000000800ace250 (minecraft@1.20.1)
8819:             1             16  net.minecraft.world.level.levelgen.feature.configurations.EndGatewayConfiguration$$Lambda$3308/0x0000000800ab1c80 (minecraft@1.20.1)
8820:             1             16  net.minecraft.world.level.levelgen.feature.configurations.EndGatewayConfiguration$$Lambda$3309/0x0000000800ab1400 (minecraft@1.20.1)
8821:             1             16  net.minecraft.world.level.levelgen.feature.configurations.EndGatewayConfiguration$$Lambda$3310/0x0000000800ab8000 (minecraft@1.20.1)
8822:             1             16  net.minecraft.world.level.levelgen.feature.configurations.EndGatewayConfiguration$$Lambda$3311/0x0000000800ab8240 (minecraft@1.20.1)
8823:             1             16  net.minecraft.world.level.levelgen.feature.configurations.GeodeConfiguration$$Lambda$3369/0x0000000800ac2c68 (minecraft@1.20.1)
8824:             1             16  net.minecraft.world.level.levelgen.feature.configurations.GeodeConfiguration$$Lambda$3380/0x0000000800ac4788 (minecraft@1.20.1)
8825:             1             16  net.minecraft.world.level.levelgen.feature.configurations.GeodeConfiguration$$Lambda$3387/0x0000000800ac5960 (minecraft@1.20.1)
8826:             1             16  net.minecraft.world.level.levelgen.feature.configurations.GeodeConfiguration$$Lambda$3393/0x0000000800ac68e8 (minecraft@1.20.1)
8827:             1             16  net.minecraft.world.level.levelgen.feature.configurations.GeodeConfiguration$$Lambda$3394/0x0000000800ac6b28 (minecraft@1.20.1)
8828:             1             16  net.minecraft.world.level.levelgen.feature.configurations.GeodeConfiguration$$Lambda$3395/0x0000000800ac6d68 (minecraft@1.20.1)
8829:             1             16  net.minecraft.world.level.levelgen.feature.configurations.GeodeConfiguration$$Lambda$3396/0x0000000800ac6fa8 (minecraft@1.20.1)
8830:             1             16  net.minecraft.world.level.levelgen.feature.configurations.GeodeConfiguration$$Lambda$3397/0x0000000800ac71e8 (minecraft@1.20.1)
8831:             1             16  net.minecraft.world.level.levelgen.feature.configurations.GeodeConfiguration$$Lambda$3398/0x0000000800ac7428 (minecraft@1.20.1)
8832:             1             16  net.minecraft.world.level.levelgen.feature.configurations.GeodeConfiguration$$Lambda$3399/0x0000000800ac7668 (minecraft@1.20.1)
8833:             1             16  net.minecraft.world.level.levelgen.feature.configurations.GeodeConfiguration$$Lambda$3400/0x0000000800ac78a8 (minecraft@1.20.1)
8834:             1             16  net.minecraft.world.level.levelgen.feature.configurations.GeodeConfiguration$$Lambda$3401/0x0000000800ac7ae8 (minecraft@1.20.1)
8835:             1             16  net.minecraft.world.level.levelgen.feature.configurations.GeodeConfiguration$$Lambda$3402/0x0000000800ac7d28 (minecraft@1.20.1)
8836:             1             16  net.minecraft.world.level.levelgen.feature.configurations.GeodeConfiguration$$Lambda$3403/0x0000000800acc000 (minecraft@1.20.1)
8837:             1             16  net.minecraft.world.level.levelgen.feature.configurations.GeodeConfiguration$$Lambda$3404/0x0000000800acc240 (minecraft@1.20.1)
8838:             1             16  net.minecraft.world.level.levelgen.feature.configurations.HugeMushroomFeatureConfiguration$$Lambda$3211/0x0000000800aa1448 (minecraft@1.20.1)
8839:             1             16  net.minecraft.world.level.levelgen.feature.configurations.HugeMushroomFeatureConfiguration$$Lambda$3212/0x0000000800aa1688 (minecraft@1.20.1)
8840:             1             16  net.minecraft.world.level.levelgen.feature.configurations.HugeMushroomFeatureConfiguration$$Lambda$3213/0x0000000800aa18c8 (minecraft@1.20.1)
8841:             1             16  net.minecraft.world.level.levelgen.feature.configurations.HugeMushroomFeatureConfiguration$$Lambda$3214/0x0000000800aa1b08 (minecraft@1.20.1)
8842:             1             16  net.minecraft.world.level.levelgen.feature.configurations.HugeMushroomFeatureConfiguration$$Lambda$3215/0x0000000800aa1d48 (minecraft@1.20.1)
8843:             1             16  net.minecraft.world.level.levelgen.feature.configurations.LargeDripstoneConfiguration$$Lambda$3419/0x0000000800ace740 (minecraft@1.20.1)
8844:             1             16  net.minecraft.world.level.levelgen.feature.configurations.LargeDripstoneConfiguration$$Lambda$3420/0x0000000800ace980 (minecraft@1.20.1)
8845:             1             16  net.minecraft.world.level.levelgen.feature.configurations.LargeDripstoneConfiguration$$Lambda$3421/0x0000000800acebc0 (minecraft@1.20.1)
8846:             1             16  net.minecraft.world.level.levelgen.feature.configurations.LargeDripstoneConfiguration$$Lambda$3422/0x0000000800acee00 (minecraft@1.20.1)
8847:             1             16  net.minecraft.world.level.levelgen.feature.configurations.LargeDripstoneConfiguration$$Lambda$3423/0x0000000800acf040 (minecraft@1.20.1)
8848:             1             16  net.minecraft.world.level.levelgen.feature.configurations.LargeDripstoneConfiguration$$Lambda$3424/0x0000000800acf280 (minecraft@1.20.1)
8849:             1             16  net.minecraft.world.level.levelgen.feature.configurations.LargeDripstoneConfiguration$$Lambda$3425/0x0000000800acf4c0 (minecraft@1.20.1)
8850:             1             16  net.minecraft.world.level.levelgen.feature.configurations.LargeDripstoneConfiguration$$Lambda$3426/0x0000000800acf700 (minecraft@1.20.1)
8851:             1             16  net.minecraft.world.level.levelgen.feature.configurations.LargeDripstoneConfiguration$$Lambda$3427/0x0000000800acf940 (minecraft@1.20.1)
8852:             1             16  net.minecraft.world.level.levelgen.feature.configurations.LargeDripstoneConfiguration$$Lambda$3428/0x0000000800acfb80 (minecraft@1.20.1)
8853:             1             16  net.minecraft.world.level.levelgen.feature.configurations.LargeDripstoneConfiguration$$Lambda$3429/0x0000000800aca000 (minecraft@1.20.1)
8854:             1             16  net.minecraft.world.level.levelgen.feature.configurations.LayerConfiguration$$Lambda$3350/0x0000000800abc800 (minecraft@1.20.1)
8855:             1             16  net.minecraft.world.level.levelgen.feature.configurations.LayerConfiguration$$Lambda$3351/0x0000000800abca40 (minecraft@1.20.1)
8856:             1             16  net.minecraft.world.level.levelgen.feature.configurations.LayerConfiguration$$Lambda$3352/0x0000000800abcc80 (minecraft@1.20.1)
8857:             1             16  net.minecraft.world.level.levelgen.feature.configurations.LayerConfiguration$$Lambda$3353/0x0000000800abc400 (minecraft@1.20.1)
8858:             1             16  net.minecraft.world.level.levelgen.feature.configurations.MultifaceGrowthConfiguration$$Lambda$3255/0x0000000800aa9060 (minecraft@1.20.1)
8859:             1             16  net.minecraft.world.level.levelgen.feature.configurations.MultifaceGrowthConfiguration$$Lambda$3256/0x0000000800aa92a0 (minecraft@1.20.1)
8860:             1             16  net.minecraft.world.level.levelgen.feature.configurations.MultifaceGrowthConfiguration$$Lambda$3257/0x0000000800aa94e0 (minecraft@1.20.1)
8861:             1             16  net.minecraft.world.level.levelgen.feature.configurations.MultifaceGrowthConfiguration$$Lambda$3258/0x0000000800aa9720 (minecraft@1.20.1)
8862:             1             16  net.minecraft.world.level.levelgen.feature.configurations.MultifaceGrowthConfiguration$$Lambda$3259/0x0000000800aa9960 (minecraft@1.20.1)
8863:             1             16  net.minecraft.world.level.levelgen.feature.configurations.MultifaceGrowthConfiguration$$Lambda$3260/0x0000000800aa9ba0 (minecraft@1.20.1)
8864:             1             16  net.minecraft.world.level.levelgen.feature.configurations.MultifaceGrowthConfiguration$$Lambda$3261/0x0000000800aa9de0 (minecraft@1.20.1)
8865:             1             16  net.minecraft.world.level.levelgen.feature.configurations.MultifaceGrowthConfiguration$$Lambda$3262/0x0000000800aaa020 (minecraft@1.20.1)
8866:             1             16  net.minecraft.world.level.levelgen.feature.configurations.MultifaceGrowthConfiguration$$Lambda$3263/0x0000000800aaa260 (minecraft@1.20.1)
8867:             1             16  net.minecraft.world.level.levelgen.feature.configurations.MultifaceGrowthConfiguration$$Lambda$3264/0x0000000800aaa4a0 (minecraft@1.20.1)
8868:             1             16  net.minecraft.world.level.levelgen.feature.configurations.MultifaceGrowthConfiguration$$Lambda$3265/0x0000000800aaa6e0 (minecraft@1.20.1)
8869:             1             16  net.minecraft.world.level.levelgen.feature.configurations.NetherForestVegetationConfig$$Lambda$3325/0x0000000800abaaa8 (minecraft@1.20.1)
8870:             1             16  net.minecraft.world.level.levelgen.feature.configurations.NetherForestVegetationConfig$$Lambda$3326/0x0000000800abace8 (minecraft@1.20.1)
8871:             1             16  net.minecraft.world.level.levelgen.feature.configurations.NetherForestVegetationConfig$$Lambda$3327/0x0000000800abaf28 (minecraft@1.20.1)
8872:             1             16  net.minecraft.world.level.levelgen.feature.configurations.NetherForestVegetationConfig$$Lambda$3328/0x0000000800abb168 (minecraft@1.20.1)
8873:             1             16  net.minecraft.world.level.levelgen.feature.configurations.NetherForestVegetationConfig$$Lambda$3329/0x0000000800abb3a8 (minecraft@1.20.1)
8874:             1             16  net.minecraft.world.level.levelgen.feature.configurations.NoneFeatureConfiguration (minecraft@1.20.1)
8875:             1             16  net.minecraft.world.level.levelgen.feature.configurations.NoneFeatureConfiguration$$Lambda$3061/0x0000000800a7bd70 (minecraft@1.20.1)
8876:             1             16  net.minecraft.world.level.levelgen.feature.configurations.OreConfiguration$$Lambda$3291/0x0000000800ab7320 (minecraft@1.20.1)
8877:             1             16  net.minecraft.world.level.levelgen.feature.configurations.OreConfiguration$$Lambda$3292/0x0000000800ab7560 (minecraft@1.20.1)
8878:             1             16  net.minecraft.world.level.levelgen.feature.configurations.OreConfiguration$$Lambda$3293/0x0000000800ab77a0 (minecraft@1.20.1)
8879:             1             16  net.minecraft.world.level.levelgen.feature.configurations.OreConfiguration$$Lambda$3294/0x0000000800ab79e0 (minecraft@1.20.1)
8880:             1             16  net.minecraft.world.level.levelgen.feature.configurations.OreConfiguration$$Lambda$3295/0x0000000800ab7c20 (minecraft@1.20.1)
8881:             1             16  net.minecraft.world.level.levelgen.feature.configurations.OreConfiguration$TargetBlockState$$Lambda$3154/0x0000000800a97650 (minecraft@1.20.1)
8882:             1             16  net.minecraft.world.level.levelgen.feature.configurations.OreConfiguration$TargetBlockState$$Lambda$3155/0x0000000800a97890 (minecraft@1.20.1)
8883:             1             16  net.minecraft.world.level.levelgen.feature.configurations.OreConfiguration$TargetBlockState$$Lambda$3156/0x0000000800a97ad0 (minecraft@1.20.1)
8884:             1             16  net.minecraft.world.level.levelgen.feature.configurations.OreConfiguration$TargetBlockState$$Lambda$3157/0x0000000800a97d10 (minecraft@1.20.1)
8885:             1             16  net.minecraft.world.level.levelgen.feature.configurations.PointedDripstoneConfiguration$$Lambda$3431/0x0000000800aca2a0 (minecraft@1.20.1)
8886:             1             16  net.minecraft.world.level.levelgen.feature.configurations.PointedDripstoneConfiguration$$Lambda$3432/0x0000000800aca4e0 (minecraft@1.20.1)
8887:             1             16  net.minecraft.world.level.levelgen.feature.configurations.PointedDripstoneConfiguration$$Lambda$3433/0x0000000800aca720 (minecraft@1.20.1)
8888:             1             16  net.minecraft.world.level.levelgen.feature.configurations.PointedDripstoneConfiguration$$Lambda$3434/0x0000000800aca960 (minecraft@1.20.1)
8889:             1             16  net.minecraft.world.level.levelgen.feature.configurations.PointedDripstoneConfiguration$$Lambda$3435/0x0000000800acaba0 (minecraft@1.20.1)
8890:             1             16  net.minecraft.world.level.levelgen.feature.configurations.PointedDripstoneConfiguration$$Lambda$3436/0x0000000800acade0 (minecraft@1.20.1)
8891:             1             16  net.minecraft.world.level.levelgen.feature.configurations.ProbabilityFeatureConfiguration$$Lambda$3062/0x0000000800a7bf90 (minecraft@1.20.1)
8892:             1             16  net.minecraft.world.level.levelgen.feature.configurations.ProbabilityFeatureConfiguration$$Lambda$3063/0x0000000800a7c1d0 (minecraft@1.20.1)
8893:             1             16  net.minecraft.world.level.levelgen.feature.configurations.ProbabilityFeatureConfiguration$$Lambda$3064/0x0000000800a7c410 (minecraft@1.20.1)
8894:             1             16  net.minecraft.world.level.levelgen.feature.configurations.RandomBooleanFeatureConfiguration$$Lambda$3365/0x0000000800ac2148 (minecraft@1.20.1)
8895:             1             16  net.minecraft.world.level.levelgen.feature.configurations.RandomBooleanFeatureConfiguration$$Lambda$3366/0x0000000800ac2388 (minecraft@1.20.1)
8896:             1             16  net.minecraft.world.level.levelgen.feature.configurations.RandomBooleanFeatureConfiguration$$Lambda$3367/0x0000000800ac25c8 (minecraft@1.20.1)
8897:             1             16  net.minecraft.world.level.levelgen.feature.configurations.RandomBooleanFeatureConfiguration$$Lambda$3368/0x0000000800ac2808 (minecraft@1.20.1)
8898:             1             16  net.minecraft.world.level.levelgen.feature.configurations.RandomFeatureConfiguration$$Lambda$3354/0x0000000800ac0230 (minecraft@1.20.1)
8899:             1             16  net.minecraft.world.level.levelgen.feature.configurations.RandomFeatureConfiguration$$Lambda$3355/0x0000000800ac0470 (minecraft@1.20.1)
8900:             1             16  net.minecraft.world.level.levelgen.feature.configurations.RandomFeatureConfiguration$$Lambda$3360/0x0000000800ac11a8 (minecraft@1.20.1)
8901:             1             16  net.minecraft.world.level.levelgen.feature.configurations.RandomFeatureConfiguration$$Lambda$3361/0x0000000800ac13e8 (minecraft@1.20.1)
8902:             1             16  net.minecraft.world.level.levelgen.feature.configurations.RandomPatchConfiguration$$Lambda$3130/0x0000000800a91020 (minecraft@1.20.1)
8903:             1             16  net.minecraft.world.level.levelgen.feature.configurations.RandomPatchConfiguration$$Lambda$3131/0x0000000800a91260 (minecraft@1.20.1)
8904:             1             16  net.minecraft.world.level.levelgen.feature.configurations.RandomPatchConfiguration$$Lambda$3132/0x0000000800a914a0 (minecraft@1.20.1)
8905:             1             16  net.minecraft.world.level.levelgen.feature.configurations.RandomPatchConfiguration$$Lambda$3133/0x0000000800a916e0 (minecraft@1.20.1)
8906:             1             16  net.minecraft.world.level.levelgen.feature.configurations.RandomPatchConfiguration$$Lambda$3142/0x0000000800a92f38 (minecraft@1.20.1)
8907:             1             16  net.minecraft.world.level.levelgen.feature.configurations.RandomPatchConfiguration$$Lambda$3143/0x0000000800a93178 (minecraft@1.20.1)
8908:             1             16  net.minecraft.world.level.levelgen.feature.configurations.ReplaceBlockConfiguration$$Lambda$3153/0x0000000800a96fd0 (minecraft@1.20.1)
8909:             1             16  net.minecraft.world.level.levelgen.feature.configurations.ReplaceBlockConfiguration$$Lambda$3158/0x0000000800a95000 (minecraft@1.20.1)
8910:             1             16  net.minecraft.world.level.levelgen.feature.configurations.ReplaceBlockConfiguration$$Lambda$3159/0x0000000800a95240 (minecraft@1.20.1)
8911:             1             16  net.minecraft.world.level.levelgen.feature.configurations.ReplaceSphereConfiguration$$Lambda$3345/0x0000000800abd238 (minecraft@1.20.1)
8912:             1             16  net.minecraft.world.level.levelgen.feature.configurations.ReplaceSphereConfiguration$$Lambda$3346/0x0000000800abd478 (minecraft@1.20.1)
8913:             1             16  net.minecraft.world.level.levelgen.feature.configurations.ReplaceSphereConfiguration$$Lambda$3347/0x0000000800abd6b8 (minecraft@1.20.1)
8914:             1             16  net.minecraft.world.level.levelgen.feature.configurations.ReplaceSphereConfiguration$$Lambda$3348/0x0000000800abd8f8 (minecraft@1.20.1)
8915:             1             16  net.minecraft.world.level.levelgen.feature.configurations.ReplaceSphereConfiguration$$Lambda$3349/0x0000000800abdb38 (minecraft@1.20.1)
8916:             1             16  net.minecraft.world.level.levelgen.feature.configurations.RootSystemConfiguration$$Lambda$3239/0x0000000800aa5230 (minecraft@1.20.1)
8917:             1             16  net.minecraft.world.level.levelgen.feature.configurations.RootSystemConfiguration$$Lambda$3240/0x0000000800aa5470 (minecraft@1.20.1)
8918:             1             16  net.minecraft.world.level.levelgen.feature.configurations.RootSystemConfiguration$$Lambda$3241/0x0000000800aa56b0 (minecraft@1.20.1)
8919:             1             16  net.minecraft.world.level.levelgen.feature.configurations.RootSystemConfiguration$$Lambda$3242/0x0000000800aa58f0 (minecraft@1.20.1)
8920:             1             16  net.minecraft.world.level.levelgen.feature.configurations.RootSystemConfiguration$$Lambda$3243/0x0000000800aa5b30 (minecraft@1.20.1)
8921:             1             16  net.minecraft.world.level.levelgen.feature.configurations.RootSystemConfiguration$$Lambda$3244/0x0000000800aa5d70 (minecraft@1.20.1)
8922:             1             16  net.minecraft.world.level.levelgen.feature.configurations.RootSystemConfiguration$$Lambda$3245/0x0000000800aa4800 (minecraft@1.20.1)
8923:             1             16  net.minecraft.world.level.levelgen.feature.configurations.RootSystemConfiguration$$Lambda$3246/0x0000000800aa4a40 (minecraft@1.20.1)
8924:             1             16  net.minecraft.world.level.levelgen.feature.configurations.RootSystemConfiguration$$Lambda$3247/0x0000000800aa4c80 (minecraft@1.20.1)
8925:             1             16  net.minecraft.world.level.levelgen.feature.configurations.RootSystemConfiguration$$Lambda$3248/0x0000000800aa8000 (minecraft@1.20.1)
8926:             1             16  net.minecraft.world.level.levelgen.feature.configurations.RootSystemConfiguration$$Lambda$3249/0x0000000800aa8240 (minecraft@1.20.1)
8927:             1             16  net.minecraft.world.level.levelgen.feature.configurations.RootSystemConfiguration$$Lambda$3250/0x0000000800aa8480 (minecraft@1.20.1)
8928:             1             16  net.minecraft.world.level.levelgen.feature.configurations.RootSystemConfiguration$$Lambda$3251/0x0000000800aa86c0 (minecraft@1.20.1)
8929:             1             16  net.minecraft.world.level.levelgen.feature.configurations.RootSystemConfiguration$$Lambda$3252/0x0000000800aa8900 (minecraft@1.20.1)
8930:             1             16  net.minecraft.world.level.levelgen.feature.configurations.RootSystemConfiguration$$Lambda$3253/0x0000000800aa8b40 (minecraft@1.20.1)
8931:             1             16  net.minecraft.world.level.levelgen.feature.configurations.SculkPatchConfiguration$$Lambda$3437/0x0000000800acb260 (minecraft@1.20.1)
8932:             1             16  net.minecraft.world.level.levelgen.feature.configurations.SculkPatchConfiguration$$Lambda$3438/0x0000000800acb4a0 (minecraft@1.20.1)
8933:             1             16  net.minecraft.world.level.levelgen.feature.configurations.SculkPatchConfiguration$$Lambda$3439/0x0000000800acb6e0 (minecraft@1.20.1)
8934:             1             16  net.minecraft.world.level.levelgen.feature.configurations.SculkPatchConfiguration$$Lambda$3440/0x0000000800acb920 (minecraft@1.20.1)
8935:             1             16  net.minecraft.world.level.levelgen.feature.configurations.SculkPatchConfiguration$$Lambda$3441/0x0000000800acbb60 (minecraft@1.20.1)
8936:             1             16  net.minecraft.world.level.levelgen.feature.configurations.SculkPatchConfiguration$$Lambda$3442/0x0000000800acbda0 (minecraft@1.20.1)
8937:             1             16  net.minecraft.world.level.levelgen.feature.configurations.SculkPatchConfiguration$$Lambda$3443/0x0000000800ac9800 (minecraft@1.20.1)
8938:             1             16  net.minecraft.world.level.levelgen.feature.configurations.SculkPatchConfiguration$$Lambda$3444/0x0000000800ac9a40 (minecraft@1.20.1)
8939:             1             16  net.minecraft.world.level.levelgen.feature.configurations.SculkPatchConfiguration$$Lambda$3445/0x0000000800ac9c80 (minecraft@1.20.1)
8940:             1             16  net.minecraft.world.level.levelgen.feature.configurations.SimpleBlockConfiguration$$Lambda$3314/0x0000000800ab8d58 (minecraft@1.20.1)
8941:             1             16  net.minecraft.world.level.levelgen.feature.configurations.SimpleBlockConfiguration$$Lambda$3315/0x0000000800ab8f98 (minecraft@1.20.1)
8942:             1             16  net.minecraft.world.level.levelgen.feature.configurations.SimpleBlockConfiguration$$Lambda$3316/0x0000000800ab91d8 (minecraft@1.20.1)
8943:             1             16  net.minecraft.world.level.levelgen.feature.configurations.SimpleRandomFeatureConfiguration$$Lambda$3363/0x0000000800ac1a98 (minecraft@1.20.1)
8944:             1             16  net.minecraft.world.level.levelgen.feature.configurations.SimpleRandomFeatureConfiguration$$Lambda$3364/0x0000000800ac1cd8 (minecraft@1.20.1)
8945:             1             16  net.minecraft.world.level.levelgen.feature.configurations.SpikeConfiguration$$Lambda$3296/0x0000000800ab2470 (minecraft@1.20.1)
8946:             1             16  net.minecraft.world.level.levelgen.feature.configurations.SpikeConfiguration$$Lambda$3297/0x0000000800ab26b0 (minecraft@1.20.1)
8947:             1             16  net.minecraft.world.level.levelgen.feature.configurations.SpikeConfiguration$$Lambda$3305/0x0000000800ab3b18 (minecraft@1.20.1)
8948:             1             16  net.minecraft.world.level.levelgen.feature.configurations.SpikeConfiguration$$Lambda$3306/0x0000000800ab3d58 (minecraft@1.20.1)
8949:             1             16  net.minecraft.world.level.levelgen.feature.configurations.SpikeConfiguration$$Lambda$3307/0x0000000800ab1800 (minecraft@1.20.1)
8950:             1             16  net.minecraft.world.level.levelgen.feature.configurations.SpringConfiguration$$Lambda$3146/0x0000000800a93ca8 (minecraft@1.20.1)
8951:             1             16  net.minecraft.world.level.levelgen.feature.configurations.SpringConfiguration$$Lambda$3147/0x0000000800a96000 (minecraft@1.20.1)
8952:             1             16  net.minecraft.world.level.levelgen.feature.configurations.SpringConfiguration$$Lambda$3148/0x0000000800a96240 (minecraft@1.20.1)
8953:             1             16  net.minecraft.world.level.levelgen.feature.configurations.SpringConfiguration$$Lambda$3149/0x0000000800a96480 (minecraft@1.20.1)
8954:             1             16  net.minecraft.world.level.levelgen.feature.configurations.SpringConfiguration$$Lambda$3150/0x0000000800a966c0 (minecraft@1.20.1)
8955:             1             16  net.minecraft.world.level.levelgen.feature.configurations.SpringConfiguration$$Lambda$3151/0x0000000800a96900 (minecraft@1.20.1)
8956:             1             16  net.minecraft.world.level.levelgen.feature.configurations.SpringConfiguration$$Lambda$3152/0x0000000800a96b40 (minecraft@1.20.1)
8957:             1             16  net.minecraft.world.level.levelgen.feature.configurations.TreeConfiguration$$Lambda$3105/0x0000000800a8d310 (minecraft@1.20.1)
8958:             1             16  net.minecraft.world.level.levelgen.feature.configurations.TreeConfiguration$$Lambda$3108/0x0000000800a8d9d0 (minecraft@1.20.1)
8959:             1             16  net.minecraft.world.level.levelgen.feature.configurations.TreeConfiguration$$Lambda$3111/0x0000000800a8e090 (minecraft@1.20.1)
8960:             1             16  net.minecraft.world.level.levelgen.feature.configurations.TreeConfiguration$$Lambda$3112/0x0000000800a8e2d0 (minecraft@1.20.1)
8961:             1             16  net.minecraft.world.level.levelgen.feature.configurations.TreeConfiguration$$Lambda$3115/0x0000000800a8e990 (minecraft@1.20.1)
8962:             1             16  net.minecraft.world.level.levelgen.feature.configurations.TreeConfiguration$$Lambda$3118/0x0000000800a8f290 (minecraft@1.20.1)
8963:             1             16  net.minecraft.world.level.levelgen.feature.configurations.TreeConfiguration$$Lambda$3119/0x0000000800a8f4d0 (minecraft@1.20.1)
8964:             1             16  net.minecraft.world.level.levelgen.feature.configurations.TreeConfiguration$$Lambda$3122/0x0000000800a8fb90 (minecraft@1.20.1)
8965:             1             16  net.minecraft.world.level.levelgen.feature.configurations.TreeConfiguration$$Lambda$3125/0x0000000800a90480 (minecraft@1.20.1)
8966:             1             16  net.minecraft.world.level.levelgen.feature.configurations.TreeConfiguration$$Lambda$3126/0x0000000800a906c0 (minecraft@1.20.1)
8967:             1             16  net.minecraft.world.level.levelgen.feature.configurations.TreeConfiguration$$Lambda$3127/0x0000000800a90900 (minecraft@1.20.1)
8968:             1             16  net.minecraft.world.level.levelgen.feature.configurations.TreeConfiguration$$Lambda$3128/0x0000000800a90b40 (minecraft@1.20.1)
8969:             1             16  net.minecraft.world.level.levelgen.feature.configurations.TwistingVinesConfig$$Lambda$3330/0x0000000800abb810 (minecraft@1.20.1)
8970:             1             16  net.minecraft.world.level.levelgen.feature.configurations.TwistingVinesConfig$$Lambda$3331/0x0000000800abba50 (minecraft@1.20.1)
8971:             1             16  net.minecraft.world.level.levelgen.feature.configurations.TwistingVinesConfig$$Lambda$3332/0x0000000800abbc90 (minecraft@1.20.1)
8972:             1             16  net.minecraft.world.level.levelgen.feature.configurations.TwistingVinesConfig$$Lambda$3333/0x0000000800abe000 (minecraft@1.20.1)
8973:             1             16  net.minecraft.world.level.levelgen.feature.configurations.TwistingVinesConfig$$Lambda$3334/0x0000000800abe240 (minecraft@1.20.1)
8974:             1             16  net.minecraft.world.level.levelgen.feature.configurations.UnderwaterMagmaConfiguration$$Lambda$3266/0x0000000800aaab88 (minecraft@1.20.1)
8975:             1             16  net.minecraft.world.level.levelgen.feature.configurations.UnderwaterMagmaConfiguration$$Lambda$3267/0x0000000800aaadc8 (minecraft@1.20.1)
8976:             1             16  net.minecraft.world.level.levelgen.feature.configurations.UnderwaterMagmaConfiguration$$Lambda$3268/0x0000000800aab008 (minecraft@1.20.1)
8977:             1             16  net.minecraft.world.level.levelgen.feature.configurations.UnderwaterMagmaConfiguration$$Lambda$3269/0x0000000800aab248 (minecraft@1.20.1)
8978:             1             16  net.minecraft.world.level.levelgen.feature.configurations.UnderwaterMagmaConfiguration$$Lambda$3270/0x0000000800aab488 (minecraft@1.20.1)
8979:             1             16  net.minecraft.world.level.levelgen.feature.configurations.VegetationPatchConfiguration$$Lambda$3226/0x0000000800aa3c78 (minecraft@1.20.1)
8980:             1             16  net.minecraft.world.level.levelgen.feature.configurations.VegetationPatchConfiguration$$Lambda$3227/0x0000000800aa6000 (minecraft@1.20.1)
8981:             1             16  net.minecraft.world.level.levelgen.feature.configurations.VegetationPatchConfiguration$$Lambda$3228/0x0000000800aa6240 (minecraft@1.20.1)
8982:             1             16  net.minecraft.world.level.levelgen.feature.configurations.VegetationPatchConfiguration$$Lambda$3229/0x0000000800aa6480 (minecraft@1.20.1)
8983:             1             16  net.minecraft.world.level.levelgen.feature.configurations.VegetationPatchConfiguration$$Lambda$3231/0x0000000800aa6d40 (minecraft@1.20.1)
8984:             1             16  net.minecraft.world.level.levelgen.feature.configurations.VegetationPatchConfiguration$$Lambda$3232/0x0000000800aa6f80 (minecraft@1.20.1)
8985:             1             16  net.minecraft.world.level.levelgen.feature.configurations.VegetationPatchConfiguration$$Lambda$3233/0x0000000800aa71c0 (minecraft@1.20.1)
8986:             1             16  net.minecraft.world.level.levelgen.feature.configurations.VegetationPatchConfiguration$$Lambda$3234/0x0000000800aa7400 (minecraft@1.20.1)
8987:             1             16  net.minecraft.world.level.levelgen.feature.configurations.VegetationPatchConfiguration$$Lambda$3235/0x0000000800aa7640 (minecraft@1.20.1)
8988:             1             16  net.minecraft.world.level.levelgen.feature.configurations.VegetationPatchConfiguration$$Lambda$3236/0x0000000800aa7880 (minecraft@1.20.1)
8989:             1             16  net.minecraft.world.level.levelgen.feature.configurations.VegetationPatchConfiguration$$Lambda$3237/0x0000000800aa7ac0 (minecraft@1.20.1)
8990:             1             16  net.minecraft.world.level.levelgen.feature.configurations.VegetationPatchConfiguration$$Lambda$3238/0x0000000800aa7d00 (minecraft@1.20.1)
8991:             1             16  net.minecraft.world.level.levelgen.feature.featuresize.FeatureSize$$Lambda$3120/0x0000000800a8f710 (minecraft@1.20.1)
8992:             1             16  net.minecraft.world.level.levelgen.feature.featuresize.FeatureSize$$Lambda$3121/0x0000000800a8f950 (minecraft@1.20.1)
8993:             1             16  net.minecraft.world.level.levelgen.feature.featuresize.FeatureSize$$Lambda$3835/0x0000000800b28480 (minecraft@1.20.1)
8994:             1             16  net.minecraft.world.level.levelgen.feature.featuresize.FeatureSize$$Lambda$3836/0x0000000800b286c0 (minecraft@1.20.1)
8995:             1             16  net.minecraft.world.level.levelgen.feature.featuresize.FeatureSize$$Lambda$3837/0x0000000800b28900 (minecraft@1.20.1)
8996:             1             16  net.minecraft.world.level.levelgen.feature.featuresize.ThreeLayersFeatureSize$$Lambda$3839/0x0000000800b28d90 (minecraft@1.20.1)
8997:             1             16  net.minecraft.world.level.levelgen.feature.featuresize.ThreeLayersFeatureSize$$Lambda$3840/0x0000000800b28fd0 (minecraft@1.20.1)
8998:             1             16  net.minecraft.world.level.levelgen.feature.featuresize.ThreeLayersFeatureSize$$Lambda$3841/0x0000000800b29210 (minecraft@1.20.1)
8999:             1             16  net.minecraft.world.level.levelgen.feature.featuresize.ThreeLayersFeatureSize$$Lambda$3842/0x0000000800b29450 (minecraft@1.20.1)
9000:             1             16  net.minecraft.world.level.levelgen.feature.featuresize.ThreeLayersFeatureSize$$Lambda$3843/0x0000000800b29690 (minecraft@1.20.1)
9001:             1             16  net.minecraft.world.level.levelgen.feature.featuresize.ThreeLayersFeatureSize$$Lambda$3844/0x0000000800b298d0 (minecraft@1.20.1)
9002:             1             16  net.minecraft.world.level.levelgen.feature.featuresize.ThreeLayersFeatureSize$$Lambda$3845/0x0000000800b29b10 (minecraft@1.20.1)
9003:             1             16  net.minecraft.world.level.levelgen.feature.featuresize.TwoLayersFeatureSize$$Lambda$3831/0x0000000800b25db0 (minecraft@1.20.1)
9004:             1             16  net.minecraft.world.level.levelgen.feature.featuresize.TwoLayersFeatureSize$$Lambda$3832/0x0000000800b24c00 (minecraft@1.20.1)
9005:             1             16  net.minecraft.world.level.levelgen.feature.featuresize.TwoLayersFeatureSize$$Lambda$3833/0x0000000800b28000 (minecraft@1.20.1)
9006:             1             16  net.minecraft.world.level.levelgen.feature.featuresize.TwoLayersFeatureSize$$Lambda$3834/0x0000000800b28240 (minecraft@1.20.1)
9007:             1             16  net.minecraft.world.level.levelgen.feature.featuresize.TwoLayersFeatureSize$$Lambda$3838/0x0000000800b28b40 (minecraft@1.20.1)
9008:             1             16  net.minecraft.world.level.levelgen.feature.foliageplacers.AcaciaFoliagePlacer$$Lambda$3737/0x0000000800b116c0 (minecraft@1.20.1)
9009:             1             16  net.minecraft.world.level.levelgen.feature.foliageplacers.AcaciaFoliagePlacer$$Lambda$3738/0x0000000800b11900 (minecraft@1.20.1)
9010:             1             16  net.minecraft.world.level.levelgen.feature.foliageplacers.BlobFoliagePlacer$$Lambda$3726/0x0000000800b12d80 (minecraft@1.20.1)
9011:             1             16  net.minecraft.world.level.levelgen.feature.foliageplacers.BlobFoliagePlacer$$Lambda$3729/0x0000000800b13440 (minecraft@1.20.1)
9012:             1             16  net.minecraft.world.level.levelgen.feature.foliageplacers.BlobFoliagePlacer$$Lambda$3730/0x0000000800b13680 (minecraft@1.20.1)
9013:             1             16  net.minecraft.world.level.levelgen.feature.foliageplacers.BushFoliagePlacer$$Lambda$3739/0x0000000800b11b30 (minecraft@1.20.1)
9014:             1             16  net.minecraft.world.level.levelgen.feature.foliageplacers.BushFoliagePlacer$$Lambda$3740/0x0000000800b11d70 (minecraft@1.20.1)
9015:             1             16  net.minecraft.world.level.levelgen.feature.foliageplacers.CherryFoliagePlacer$$Lambda$3755/0x0000000800b19d40 (minecraft@1.20.1)
9016:             1             16  net.minecraft.world.level.levelgen.feature.foliageplacers.CherryFoliagePlacer$$Lambda$3756/0x0000000800b19f80 (minecraft@1.20.1)
9017:             1             16  net.minecraft.world.level.levelgen.feature.foliageplacers.CherryFoliagePlacer$$Lambda$3757/0x0000000800b1a1c0 (minecraft@1.20.1)
9018:             1             16  net.minecraft.world.level.levelgen.feature.foliageplacers.CherryFoliagePlacer$$Lambda$3758/0x0000000800b1a400 (minecraft@1.20.1)
9019:             1             16  net.minecraft.world.level.levelgen.feature.foliageplacers.CherryFoliagePlacer$$Lambda$3759/0x0000000800b1a640 (minecraft@1.20.1)
9020:             1             16  net.minecraft.world.level.levelgen.feature.foliageplacers.CherryFoliagePlacer$$Lambda$3760/0x0000000800b1a880 (minecraft@1.20.1)
9021:             1             16  net.minecraft.world.level.levelgen.feature.foliageplacers.CherryFoliagePlacer$$Lambda$3761/0x0000000800b1aac0 (minecraft@1.20.1)
9022:             1             16  net.minecraft.world.level.levelgen.feature.foliageplacers.DarkOakFoliagePlacer$$Lambda$3749/0x0000000800b18fc0 (minecraft@1.20.1)
9023:             1             16  net.minecraft.world.level.levelgen.feature.foliageplacers.DarkOakFoliagePlacer$$Lambda$3750/0x0000000800b19200 (minecraft@1.20.1)
9024:             1             16  net.minecraft.world.level.levelgen.feature.foliageplacers.FancyFoliagePlacer$$Lambda$3741/0x0000000800b10c00 (minecraft@1.20.1)
9025:             1             16  net.minecraft.world.level.levelgen.feature.foliageplacers.FancyFoliagePlacer$$Lambda$3742/0x0000000800b18000 (minecraft@1.20.1)
9026:             1             16  net.minecraft.world.level.levelgen.feature.foliageplacers.FoliagePlacer$$Lambda$3113/0x0000000800a8e510 (minecraft@1.20.1)
9027:             1             16  net.minecraft.world.level.levelgen.feature.foliageplacers.FoliagePlacer$$Lambda$3114/0x0000000800a8e750 (minecraft@1.20.1)
9028:             1             16  net.minecraft.world.level.levelgen.feature.foliageplacers.FoliagePlacer$$Lambda$3727/0x0000000800b12fc0 (minecraft@1.20.1)
9029:             1             16  net.minecraft.world.level.levelgen.feature.foliageplacers.FoliagePlacer$$Lambda$3728/0x0000000800b13200 (minecraft@1.20.1)
9030:             1             16  net.minecraft.world.level.levelgen.feature.foliageplacers.MegaJungleFoliagePlacer$$Lambda$3743/0x0000000800b18240 (minecraft@1.20.1)
9031:             1             16  net.minecraft.world.level.levelgen.feature.foliageplacers.MegaJungleFoliagePlacer$$Lambda$3744/0x0000000800b18480 (minecraft@1.20.1)
9032:             1             16  net.minecraft.world.level.levelgen.feature.foliageplacers.MegaJungleFoliagePlacer$$Lambda$3745/0x0000000800b186c0 (minecraft@1.20.1)
9033:             1             16  net.minecraft.world.level.levelgen.feature.foliageplacers.MegaPineFoliagePlacer$$Lambda$3746/0x0000000800b18900 (minecraft@1.20.1)
9034:             1             16  net.minecraft.world.level.levelgen.feature.foliageplacers.MegaPineFoliagePlacer$$Lambda$3747/0x0000000800b18b40 (minecraft@1.20.1)
9035:             1             16  net.minecraft.world.level.levelgen.feature.foliageplacers.MegaPineFoliagePlacer$$Lambda$3748/0x0000000800b18d80 (minecraft@1.20.1)
9036:             1             16  net.minecraft.world.level.levelgen.feature.foliageplacers.PineFoliagePlacer$$Lambda$3734/0x0000000800b11000 (minecraft@1.20.1)
9037:             1             16  net.minecraft.world.level.levelgen.feature.foliageplacers.PineFoliagePlacer$$Lambda$3735/0x0000000800b11240 (minecraft@1.20.1)
9038:             1             16  net.minecraft.world.level.levelgen.feature.foliageplacers.PineFoliagePlacer$$Lambda$3736/0x0000000800b11480 (minecraft@1.20.1)
9039:             1             16  net.minecraft.world.level.levelgen.feature.foliageplacers.RandomSpreadFoliagePlacer$$Lambda$3751/0x0000000800b19430 (minecraft@1.20.1)
9040:             1             16  net.minecraft.world.level.levelgen.feature.foliageplacers.RandomSpreadFoliagePlacer$$Lambda$3752/0x0000000800b19670 (minecraft@1.20.1)
9041:             1             16  net.minecraft.world.level.levelgen.feature.foliageplacers.RandomSpreadFoliagePlacer$$Lambda$3753/0x0000000800b198b0 (minecraft@1.20.1)
9042:             1             16  net.minecraft.world.level.levelgen.feature.foliageplacers.RandomSpreadFoliagePlacer$$Lambda$3754/0x0000000800b19af0 (minecraft@1.20.1)
9043:             1             16  net.minecraft.world.level.levelgen.feature.foliageplacers.SpruceFoliagePlacer$$Lambda$3731/0x0000000800b138c0 (minecraft@1.20.1)
9044:             1             16  net.minecraft.world.level.levelgen.feature.foliageplacers.SpruceFoliagePlacer$$Lambda$3732/0x0000000800b13b00 (minecraft@1.20.1)
9045:             1             16  net.minecraft.world.level.levelgen.feature.foliageplacers.SpruceFoliagePlacer$$Lambda$3733/0x0000000800b13d40 (minecraft@1.20.1)
9046:             1             16  net.minecraft.world.level.levelgen.feature.rootplacers.AboveRootPlacement$$Lambda$3797/0x0000000800b20fd8 (minecraft@1.20.1)
9047:             1             16  net.minecraft.world.level.levelgen.feature.rootplacers.AboveRootPlacement$$Lambda$3798/0x0000000800b21218 (minecraft@1.20.1)
9048:             1             16  net.minecraft.world.level.levelgen.feature.rootplacers.AboveRootPlacement$$Lambda$3799/0x0000000800b21458 (minecraft@1.20.1)
9049:             1             16  net.minecraft.world.level.levelgen.feature.rootplacers.AboveRootPlacement$$Lambda$3800/0x0000000800b21698 (minecraft@1.20.1)
9050:             1             16  net.minecraft.world.level.levelgen.feature.rootplacers.MangroveRootPlacement$$Lambda$3802/0x0000000800b21d18 (minecraft@1.20.1)
9051:             1             16  net.minecraft.world.level.levelgen.feature.rootplacers.MangroveRootPlacement$$Lambda$3803/0x0000000800b21f58 (minecraft@1.20.1)
9052:             1             16  net.minecraft.world.level.levelgen.feature.rootplacers.MangroveRootPlacement$$Lambda$3804/0x0000000800b22198 (minecraft@1.20.1)
9053:             1             16  net.minecraft.world.level.levelgen.feature.rootplacers.MangroveRootPlacement$$Lambda$3805/0x0000000800b223d8 (minecraft@1.20.1)
9054:             1             16  net.minecraft.world.level.levelgen.feature.rootplacers.MangroveRootPlacement$$Lambda$3806/0x0000000800b22618 (minecraft@1.20.1)
9055:             1             16  net.minecraft.world.level.levelgen.feature.rootplacers.MangroveRootPlacement$$Lambda$3807/0x0000000800b22858 (minecraft@1.20.1)
9056:             1             16  net.minecraft.world.level.levelgen.feature.rootplacers.MangroveRootPlacement$$Lambda$3808/0x0000000800b22a98 (minecraft@1.20.1)
9057:             1             16  net.minecraft.world.level.levelgen.feature.rootplacers.MangroveRootPlacement$$Lambda$3809/0x0000000800b22cd8 (minecraft@1.20.1)
9058:             1             16  net.minecraft.world.level.levelgen.feature.rootplacers.MangroveRootPlacer$$Lambda$3794/0x0000000800b20708 (minecraft@1.20.1)
9059:             1             16  net.minecraft.world.level.levelgen.feature.rootplacers.MangroveRootPlacer$$Lambda$3810/0x0000000800b22f48 (minecraft@1.20.1)
9060:             1             16  net.minecraft.world.level.levelgen.feature.rootplacers.MangroveRootPlacer$$Lambda$3811/0x0000000800b23188 (minecraft@1.20.1)
9061:             1             16  net.minecraft.world.level.levelgen.feature.rootplacers.RootPlacer$$Lambda$3116/0x0000000800a8ee10 (minecraft@1.20.1)
9062:             1             16  net.minecraft.world.level.levelgen.feature.rootplacers.RootPlacer$$Lambda$3117/0x0000000800a8f050 (minecraft@1.20.1)
9063:             1             16  net.minecraft.world.level.levelgen.feature.rootplacers.RootPlacer$$Lambda$3795/0x0000000800b20948 (minecraft@1.20.1)
9064:             1             16  net.minecraft.world.level.levelgen.feature.rootplacers.RootPlacer$$Lambda$3796/0x0000000800b20b88 (minecraft@1.20.1)
9065:             1             16  net.minecraft.world.level.levelgen.feature.rootplacers.RootPlacer$$Lambda$3801/0x0000000800b218c8 (minecraft@1.20.1)
9066:             1             16  net.minecraft.world.level.levelgen.feature.rootplacers.RootPlacerType (minecraft@1.20.1)
9067:             1             16  net.minecraft.world.level.levelgen.feature.stateproviders.BlockStateProvider$$Lambda$3106/0x0000000800a8d550 (minecraft@1.20.1)
9068:             1             16  net.minecraft.world.level.levelgen.feature.stateproviders.BlockStateProvider$$Lambda$3107/0x0000000800a8d790 (minecraft@1.20.1)
9069:             1             16  net.minecraft.world.level.levelgen.feature.stateproviders.DualNoiseProvider$$Lambda$3696/0x0000000800b14498 (minecraft@1.20.1)
9070:             1             16  net.minecraft.world.level.levelgen.feature.stateproviders.DualNoiseProvider$$Lambda$3713/0x0000000800b16d08 (minecraft@1.20.1)
9071:             1             16  net.minecraft.world.level.levelgen.feature.stateproviders.DualNoiseProvider$$Lambda$3714/0x0000000800b16f48 (minecraft@1.20.1)
9072:             1             16  net.minecraft.world.level.levelgen.feature.stateproviders.DualNoiseProvider$$Lambda$3715/0x0000000800b17188 (minecraft@1.20.1)
9073:             1             16  net.minecraft.world.level.levelgen.feature.stateproviders.DualNoiseProvider$$Lambda$3716/0x0000000800b173c8 (minecraft@1.20.1)
9074:             1             16  net.minecraft.world.level.levelgen.feature.stateproviders.NoiseBasedStateProvider$$Lambda$3680/0x0000000800b0d660 (minecraft@1.20.1)
9075:             1             16  net.minecraft.world.level.levelgen.feature.stateproviders.NoiseBasedStateProvider$$Lambda$3685/0x0000000800b0e5d8 (minecraft@1.20.1)
9076:             1             16  net.minecraft.world.level.levelgen.feature.stateproviders.NoiseBasedStateProvider$$Lambda$3686/0x0000000800b0e818 (minecraft@1.20.1)
9077:             1             16  net.minecraft.world.level.levelgen.feature.stateproviders.NoiseProvider$$Lambda$3693/0x0000000800b0fa60 (minecraft@1.20.1)
9078:             1             16  net.minecraft.world.level.levelgen.feature.stateproviders.NoiseProvider$$Lambda$3694/0x0000000800b0fca0 (minecraft@1.20.1)
9079:             1             16  net.minecraft.world.level.levelgen.feature.stateproviders.NoiseProvider$$Lambda$3695/0x0000000800b14000 (minecraft@1.20.1)
9080:             1             16  net.minecraft.world.level.levelgen.feature.stateproviders.NoiseThresholdProvider$$Lambda$3679/0x0000000800b0d420 (minecraft@1.20.1)
9081:             1             16  net.minecraft.world.level.levelgen.feature.stateproviders.NoiseThresholdProvider$$Lambda$3687/0x0000000800b0ea58 (minecraft@1.20.1)
9082:             1             16  net.minecraft.world.level.levelgen.feature.stateproviders.NoiseThresholdProvider$$Lambda$3688/0x0000000800b0ec98 (minecraft@1.20.1)
9083:             1             16  net.minecraft.world.level.levelgen.feature.stateproviders.NoiseThresholdProvider$$Lambda$3689/0x0000000800b0eed8 (minecraft@1.20.1)
9084:             1             16  net.minecraft.world.level.levelgen.feature.stateproviders.NoiseThresholdProvider$$Lambda$3690/0x0000000800b0f118 (minecraft@1.20.1)
9085:             1             16  net.minecraft.world.level.levelgen.feature.stateproviders.NoiseThresholdProvider$$Lambda$3691/0x0000000800b0f358 (minecraft@1.20.1)
9086:             1             16  net.minecraft.world.level.levelgen.feature.stateproviders.NoiseThresholdProvider$$Lambda$3692/0x0000000800b0f598 (minecraft@1.20.1)
9087:             1             16  net.minecraft.world.level.levelgen.feature.stateproviders.RandomizedIntStateProvider$$Lambda$3721/0x0000000800b12240 (minecraft@1.20.1)
9088:             1             16  net.minecraft.world.level.levelgen.feature.stateproviders.RandomizedIntStateProvider$$Lambda$3722/0x0000000800b12480 (minecraft@1.20.1)
9089:             1             16  net.minecraft.world.level.levelgen.feature.stateproviders.RandomizedIntStateProvider$$Lambda$3723/0x0000000800b126c0 (minecraft@1.20.1)
9090:             1             16  net.minecraft.world.level.levelgen.feature.stateproviders.RandomizedIntStateProvider$$Lambda$3724/0x0000000800b12900 (minecraft@1.20.1)
9091:             1             16  net.minecraft.world.level.levelgen.feature.stateproviders.RandomizedIntStateProvider$$Lambda$3725/0x0000000800b12b40 (minecraft@1.20.1)
9092:             1             16  net.minecraft.world.level.levelgen.feature.stateproviders.RotatedBlockProvider$$Lambda$3717/0x0000000800b17868 (minecraft@1.20.1)
9093:             1             16  net.minecraft.world.level.levelgen.feature.stateproviders.RotatedBlockProvider$$Lambda$3718/0x0000000800b17aa8 (minecraft@1.20.1)
9094:             1             16  net.minecraft.world.level.levelgen.feature.stateproviders.RotatedBlockProvider$$Lambda$3719/0x0000000800b17ce8 (minecraft@1.20.1)
9095:             1             16  net.minecraft.world.level.levelgen.feature.stateproviders.RotatedBlockProvider$$Lambda$3720/0x0000000800b12000 (minecraft@1.20.1)
9096:             1             16  net.minecraft.world.level.levelgen.feature.stateproviders.RuleBasedBlockStateProvider$$Lambda$3274/0x0000000800ab48c0 (minecraft@1.20.1)
9097:             1             16  net.minecraft.world.level.levelgen.feature.stateproviders.RuleBasedBlockStateProvider$$Lambda$3275/0x0000000800ab4b00 (minecraft@1.20.1)
9098:             1             16  net.minecraft.world.level.levelgen.feature.stateproviders.RuleBasedBlockStateProvider$$Lambda$3280/0x0000000800ab5840 (minecraft@1.20.1)
9099:             1             16  net.minecraft.world.level.levelgen.feature.stateproviders.RuleBasedBlockStateProvider$$Lambda$3281/0x0000000800ab5a80 (minecraft@1.20.1)
9100:             1             16  net.minecraft.world.level.levelgen.feature.stateproviders.RuleBasedBlockStateProvider$Rule$$Lambda$3276/0x0000000800ab4f50 (minecraft@1.20.1)
9101:             1             16  net.minecraft.world.level.levelgen.feature.stateproviders.RuleBasedBlockStateProvider$Rule$$Lambda$3277/0x0000000800ab5190 (minecraft@1.20.1)
9102:             1             16  net.minecraft.world.level.levelgen.feature.stateproviders.RuleBasedBlockStateProvider$Rule$$Lambda$3278/0x0000000800ab53d0 (minecraft@1.20.1)
9103:             1             16  net.minecraft.world.level.levelgen.feature.stateproviders.RuleBasedBlockStateProvider$Rule$$Lambda$3279/0x0000000800ab5610 (minecraft@1.20.1)
9104:             1             16  net.minecraft.world.level.levelgen.feature.stateproviders.SimpleStateProvider$$Lambda$3675/0x0000000800b0c6c8 (minecraft@1.20.1)
9105:             1             16  net.minecraft.world.level.levelgen.feature.stateproviders.SimpleStateProvider$$Lambda$3676/0x0000000800b0c908 (minecraft@1.20.1)
9106:             1             16  net.minecraft.world.level.levelgen.feature.stateproviders.WeightedStateProvider$$Lambda$3677/0x0000000800b0cb48 (minecraft@1.20.1)
9107:             1             16  net.minecraft.world.level.levelgen.feature.stateproviders.WeightedStateProvider$$Lambda$3678/0x0000000800b0cd88 (minecraft@1.20.1)
9108:             1             16  net.minecraft.world.level.levelgen.feature.treedecorators.AlterGroundDecorator$$Lambda$3821/0x0000000800b273c0 (minecraft@1.20.1)
9109:             1             16  net.minecraft.world.level.levelgen.feature.treedecorators.AlterGroundDecorator$$Lambda$3822/0x0000000800b27600 (minecraft@1.20.1)
9110:             1             16  net.minecraft.world.level.levelgen.feature.treedecorators.AttachedToLeavesDecorator$$Lambda$3823/0x0000000800b27a60 (minecraft@1.20.1)
9111:             1             16  net.minecraft.world.level.levelgen.feature.treedecorators.AttachedToLeavesDecorator$$Lambda$3824/0x0000000800b27ca0 (minecraft@1.20.1)
9112:             1             16  net.minecraft.world.level.levelgen.feature.treedecorators.AttachedToLeavesDecorator$$Lambda$3825/0x0000000800b25000 (minecraft@1.20.1)
9113:             1             16  net.minecraft.world.level.levelgen.feature.treedecorators.AttachedToLeavesDecorator$$Lambda$3826/0x0000000800b25240 (minecraft@1.20.1)
9114:             1             16  net.minecraft.world.level.levelgen.feature.treedecorators.AttachedToLeavesDecorator$$Lambda$3827/0x0000000800b25480 (minecraft@1.20.1)
9115:             1             16  net.minecraft.world.level.levelgen.feature.treedecorators.AttachedToLeavesDecorator$$Lambda$3828/0x0000000800b256c0 (minecraft@1.20.1)
9116:             1             16  net.minecraft.world.level.levelgen.feature.treedecorators.AttachedToLeavesDecorator$$Lambda$3829/0x0000000800b25900 (minecraft@1.20.1)
9117:             1             16  net.minecraft.world.level.levelgen.feature.treedecorators.AttachedToLeavesDecorator$$Lambda$3830/0x0000000800b25b40 (minecraft@1.20.1)
9118:             1             16  net.minecraft.world.level.levelgen.feature.treedecorators.BeehiveDecorator$$Lambda$3817/0x0000000800b268b0 (minecraft@1.20.1)
9119:             1             16  net.minecraft.world.level.levelgen.feature.treedecorators.BeehiveDecorator$$Lambda$3818/0x0000000800b26af0 (minecraft@1.20.1)
9120:             1             16  net.minecraft.world.level.levelgen.feature.treedecorators.BeehiveDecorator$$Lambda$3819/0x0000000800b26d30 (minecraft@1.20.1)
9121:             1             16  net.minecraft.world.level.levelgen.feature.treedecorators.BeehiveDecorator$$Lambda$3820/0x0000000800b26f80 (minecraft@1.20.1)
9122:             1             16  net.minecraft.world.level.levelgen.feature.treedecorators.CocoaDecorator$$Lambda$3815/0x0000000800b26218 (minecraft@1.20.1)
9123:             1             16  net.minecraft.world.level.levelgen.feature.treedecorators.CocoaDecorator$$Lambda$3816/0x0000000800b26458 (minecraft@1.20.1)
9124:             1             16  net.minecraft.world.level.levelgen.feature.treedecorators.LeaveVineDecorator$$Lambda$3813/0x0000000800b23a28 (minecraft@1.20.1)
9125:             1             16  net.minecraft.world.level.levelgen.feature.treedecorators.LeaveVineDecorator$$Lambda$3814/0x0000000800b23c68 (minecraft@1.20.1)
9126:             1             16  net.minecraft.world.level.levelgen.feature.treedecorators.TreeDecorator$$Lambda$3123/0x0000000800a90000 (minecraft@1.20.1)
9127:             1             16  net.minecraft.world.level.levelgen.feature.treedecorators.TreeDecorator$$Lambda$3124/0x0000000800a90240 (minecraft@1.20.1)
9128:             1             16  net.minecraft.world.level.levelgen.feature.treedecorators.TrunkVineDecorator (minecraft@1.20.1)
9129:             1             16  net.minecraft.world.level.levelgen.feature.treedecorators.TrunkVineDecorator$$Lambda$3812/0x0000000800b235f0 (minecraft@1.20.1)
9130:             1             16  net.minecraft.world.level.levelgen.feature.trunkplacers.BendingTrunkPlacer$$Lambda$3777/0x0000000800b1efc0 (minecraft@1.20.1)
9131:             1             16  net.minecraft.world.level.levelgen.feature.trunkplacers.BendingTrunkPlacer$$Lambda$3778/0x0000000800b1f200 (minecraft@1.20.1)
9132:             1             16  net.minecraft.world.level.levelgen.feature.trunkplacers.BendingTrunkPlacer$$Lambda$3779/0x0000000800b1f440 (minecraft@1.20.1)
9133:             1             16  net.minecraft.world.level.levelgen.feature.trunkplacers.BendingTrunkPlacer$$Lambda$3780/0x0000000800b1f680 (minecraft@1.20.1)
9134:             1             16  net.minecraft.world.level.levelgen.feature.trunkplacers.CherryTrunkPlacer$$Lambda$3787/0x0000000800b1d700 (minecraft@1.20.1)
9135:             1             16  net.minecraft.world.level.levelgen.feature.trunkplacers.CherryTrunkPlacer$$Lambda$3788/0x0000000800b1d940 (minecraft@1.20.1)
9136:             1             16  net.minecraft.world.level.levelgen.feature.trunkplacers.CherryTrunkPlacer$$Lambda$3789/0x0000000800b1db80 (minecraft@1.20.1)
9137:             1             16  net.minecraft.world.level.levelgen.feature.trunkplacers.CherryTrunkPlacer$$Lambda$3790/0x0000000800b1ddc0 (minecraft@1.20.1)
9138:             1             16  net.minecraft.world.level.levelgen.feature.trunkplacers.CherryTrunkPlacer$$Lambda$3791/0x0000000800b1cc00 (minecraft@1.20.1)
9139:             1             16  net.minecraft.world.level.levelgen.feature.trunkplacers.CherryTrunkPlacer$$Lambda$3792/0x0000000800b20000 (minecraft@1.20.1)
9140:             1             16  net.minecraft.world.level.levelgen.feature.trunkplacers.CherryTrunkPlacer$$Lambda$3793/0x0000000800b20240 (minecraft@1.20.1)
9141:             1             16  net.minecraft.world.level.levelgen.feature.trunkplacers.DarkOakTrunkPlacer$$Lambda$3773/0x0000000800b1e6c0 (minecraft@1.20.1)
9142:             1             16  net.minecraft.world.level.levelgen.feature.trunkplacers.DarkOakTrunkPlacer$$Lambda$3774/0x0000000800b1e900 (minecraft@1.20.1)
9143:             1             16  net.minecraft.world.level.levelgen.feature.trunkplacers.FancyTrunkPlacer$$Lambda$3775/0x0000000800b1eb40 (minecraft@1.20.1)
9144:             1             16  net.minecraft.world.level.levelgen.feature.trunkplacers.FancyTrunkPlacer$$Lambda$3776/0x0000000800b1ed80 (minecraft@1.20.1)
9145:             1             16  net.minecraft.world.level.levelgen.feature.trunkplacers.ForkingTrunkPlacer$$Lambda$3767/0x0000000800b1b880 (minecraft@1.20.1)
9146:             1             16  net.minecraft.world.level.levelgen.feature.trunkplacers.ForkingTrunkPlacer$$Lambda$3768/0x0000000800b1bac0 (minecraft@1.20.1)
9147:             1             16  net.minecraft.world.level.levelgen.feature.trunkplacers.GiantTrunkPlacer$$Lambda$3769/0x0000000800b1bd00 (minecraft@1.20.1)
9148:             1             16  net.minecraft.world.level.levelgen.feature.trunkplacers.GiantTrunkPlacer$$Lambda$3770/0x0000000800b1e000 (minecraft@1.20.1)
9149:             1             16  net.minecraft.world.level.levelgen.feature.trunkplacers.MegaJungleTrunkPlacer$$Lambda$3771/0x0000000800b1e240 (minecraft@1.20.1)
9150:             1             16  net.minecraft.world.level.levelgen.feature.trunkplacers.MegaJungleTrunkPlacer$$Lambda$3772/0x0000000800b1e480 (minecraft@1.20.1)
9151:             1             16  net.minecraft.world.level.levelgen.feature.trunkplacers.StraightTrunkPlacer$$Lambda$3762/0x0000000800b1ad40 (minecraft@1.20.1)
9152:             1             16  net.minecraft.world.level.levelgen.feature.trunkplacers.StraightTrunkPlacer$$Lambda$3766/0x0000000800b1b640 (minecraft@1.20.1)
9153:             1             16  net.minecraft.world.level.levelgen.feature.trunkplacers.TrunkPlacer$$Lambda$3109/0x0000000800a8dc10 (minecraft@1.20.1)
9154:             1             16  net.minecraft.world.level.levelgen.feature.trunkplacers.TrunkPlacer$$Lambda$3110/0x0000000800a8de50 (minecraft@1.20.1)
9155:             1             16  net.minecraft.world.level.levelgen.feature.trunkplacers.TrunkPlacer$$Lambda$3763/0x0000000800b1af80 (minecraft@1.20.1)
9156:             1             16  net.minecraft.world.level.levelgen.feature.trunkplacers.TrunkPlacer$$Lambda$3764/0x0000000800b1b1c0 (minecraft@1.20.1)
9157:             1             16  net.minecraft.world.level.levelgen.feature.trunkplacers.TrunkPlacer$$Lambda$3765/0x0000000800b1b400 (minecraft@1.20.1)
9158:             1             16  net.minecraft.world.level.levelgen.feature.trunkplacers.UpwardsBranchingTrunkPlacer$$Lambda$3781/0x0000000800b1f8e0 (minecraft@1.20.1)
9159:             1             16  net.minecraft.world.level.levelgen.feature.trunkplacers.UpwardsBranchingTrunkPlacer$$Lambda$3782/0x0000000800b1fb20 (minecraft@1.20.1)
9160:             1             16  net.minecraft.world.level.levelgen.feature.trunkplacers.UpwardsBranchingTrunkPlacer$$Lambda$3783/0x0000000800b1fd60 (minecraft@1.20.1)
9161:             1             16  net.minecraft.world.level.levelgen.feature.trunkplacers.UpwardsBranchingTrunkPlacer$$Lambda$3784/0x0000000800b1d000 (minecraft@1.20.1)
9162:             1             16  net.minecraft.world.level.levelgen.feature.trunkplacers.UpwardsBranchingTrunkPlacer$$Lambda$3785/0x0000000800b1d240 (minecraft@1.20.1)
9163:             1             16  net.minecraft.world.level.levelgen.feature.trunkplacers.UpwardsBranchingTrunkPlacer$$Lambda$3786/0x0000000800b1d480 (minecraft@1.20.1)
9164:             1             16  net.minecraft.world.level.levelgen.flat.FlatLayerInfo$$Lambda$4025/0x0000000800b57300 (minecraft@1.20.1)
9165:             1             16  net.minecraft.world.level.levelgen.flat.FlatLayerInfo$$Lambda$4026/0x0000000800b57540 (minecraft@1.20.1)
9166:             1             16  net.minecraft.world.level.levelgen.flat.FlatLayerInfo$$Lambda$4027/0x0000000800b57780 (minecraft@1.20.1)
9167:             1             16  net.minecraft.world.level.levelgen.flat.FlatLayerInfo$$Lambda$4028/0x0000000800b579c0 (minecraft@1.20.1)
9168:             1             16  net.minecraft.world.level.levelgen.flat.FlatLevelGeneratorSettings$$Lambda$4023/0x0000000800b56c60 (minecraft@1.20.1)
9169:             1             16  net.minecraft.world.level.levelgen.flat.FlatLevelGeneratorSettings$$Lambda$4024/0x0000000800b56ea0 (minecraft@1.20.1)
9170:             1             16  net.minecraft.world.level.levelgen.flat.FlatLevelGeneratorSettings$$Lambda$4029/0x0000000800b57bf0 (minecraft@1.20.1)
9171:             1             16  net.minecraft.world.level.levelgen.flat.FlatLevelGeneratorSettings$$Lambda$4030/0x0000000800b55000 (minecraft@1.20.1)
9172:             1             16  net.minecraft.world.level.levelgen.flat.FlatLevelGeneratorSettings$$Lambda$4031/0x0000000800b55240 (minecraft@1.20.1)
9173:             1             16  net.minecraft.world.level.levelgen.flat.FlatLevelGeneratorSettings$$Lambda$4032/0x0000000800b55480 (minecraft@1.20.1)
9174:             1             16  net.minecraft.world.level.levelgen.flat.FlatLevelGeneratorSettings$$Lambda$4033/0x0000000800b556a0 (minecraft@1.20.1)
9175:             1             16  net.minecraft.world.level.levelgen.flat.FlatLevelGeneratorSettings$$Lambda$4034/0x0000000800b55cf0 (minecraft@1.20.1)
9176:             1             16  net.minecraft.world.level.levelgen.flat.FlatLevelGeneratorSettings$$Lambda$4035/0x0000000800b54c00 (minecraft@1.20.1)
9177:             1             16  net.minecraft.world.level.levelgen.heightproviders.BiasedToBottomHeight$$Lambda$2997/0x0000000800a6fcd0 (minecraft@1.20.1)
9178:             1             16  net.minecraft.world.level.levelgen.heightproviders.BiasedToBottomHeight$$Lambda$2998/0x0000000800a6a000 (minecraft@1.20.1)
9179:             1             16  net.minecraft.world.level.levelgen.heightproviders.BiasedToBottomHeight$$Lambda$2999/0x0000000800a6a240 (minecraft@1.20.1)
9180:             1             16  net.minecraft.world.level.levelgen.heightproviders.BiasedToBottomHeight$$Lambda$3000/0x0000000800a6a480 (minecraft@1.20.1)
9181:             1             16  net.minecraft.world.level.levelgen.heightproviders.BiasedToBottomHeight$$Lambda$3001/0x0000000800a6a6c0 (minecraft@1.20.1)
9182:             1             16  net.minecraft.world.level.levelgen.heightproviders.ConstantHeight (minecraft@1.20.1)
9183:             1             16  net.minecraft.world.level.levelgen.heightproviders.ConstantHeight$$Lambda$2987/0x0000000800a6e238 (minecraft@1.20.1)
9184:             1             16  net.minecraft.world.level.levelgen.heightproviders.ConstantHeight$$Lambda$2988/0x0000000800a6e478 (minecraft@1.20.1)
9185:             1             16  net.minecraft.world.level.levelgen.heightproviders.ConstantHeight$$Lambda$2989/0x0000000800a6e6b8 (minecraft@1.20.1)
9186:             1             16  net.minecraft.world.level.levelgen.heightproviders.ConstantHeight$$Lambda$2990/0x0000000800a6e8f8 (minecraft@1.20.1)
9187:             1             16  net.minecraft.world.level.levelgen.heightproviders.ConstantHeight$$Lambda$2991/0x0000000800a6eb38 (minecraft@1.20.1)
9188:             1             16  net.minecraft.world.level.levelgen.heightproviders.HeightProvider$$Lambda$2983/0x0000000800a6d938 (minecraft@1.20.1)
9189:             1             16  net.minecraft.world.level.levelgen.heightproviders.HeightProvider$$Lambda$2984/0x0000000800a6db78 (minecraft@1.20.1)
9190:             1             16  net.minecraft.world.level.levelgen.heightproviders.HeightProvider$$Lambda$2985/0x0000000800a6ddb8 (minecraft@1.20.1)
9191:             1             16  net.minecraft.world.level.levelgen.heightproviders.HeightProvider$$Lambda$2986/0x0000000800a6dff8 (minecraft@1.20.1)
9192:             1             16  net.minecraft.world.level.levelgen.heightproviders.TrapezoidHeight$$Lambda$3007/0x0000000800a6b880 (minecraft@1.20.1)
9193:             1             16  net.minecraft.world.level.levelgen.heightproviders.TrapezoidHeight$$Lambda$3008/0x0000000800a6bac0 (minecraft@1.20.1)
9194:             1             16  net.minecraft.world.level.levelgen.heightproviders.TrapezoidHeight$$Lambda$3009/0x0000000800a6bd00 (minecraft@1.20.1)
9195:             1             16  net.minecraft.world.level.levelgen.heightproviders.TrapezoidHeight$$Lambda$3010/0x0000000800a69000 (minecraft@1.20.1)
9196:             1             16  net.minecraft.world.level.levelgen.heightproviders.TrapezoidHeight$$Lambda$3011/0x0000000800a69240 (minecraft@1.20.1)
9197:             1             16  net.minecraft.world.level.levelgen.heightproviders.UniformHeight$$Lambda$2993/0x0000000800a6f1c0 (minecraft@1.20.1)
9198:             1             16  net.minecraft.world.level.levelgen.heightproviders.UniformHeight$$Lambda$2994/0x0000000800a6f400 (minecraft@1.20.1)
9199:             1             16  net.minecraft.world.level.levelgen.heightproviders.UniformHeight$$Lambda$2995/0x0000000800a6f640 (minecraft@1.20.1)
9200:             1             16  net.minecraft.world.level.levelgen.heightproviders.UniformHeight$$Lambda$2996/0x0000000800a6f880 (minecraft@1.20.1)
9201:             1             16  net.minecraft.world.level.levelgen.heightproviders.VeryBiasedToBottomHeight$$Lambda$3002/0x0000000800a6ab20 (minecraft@1.20.1)
9202:             1             16  net.minecraft.world.level.levelgen.heightproviders.VeryBiasedToBottomHeight$$Lambda$3003/0x0000000800a6ad60 (minecraft@1.20.1)
9203:             1             16  net.minecraft.world.level.levelgen.heightproviders.VeryBiasedToBottomHeight$$Lambda$3004/0x0000000800a6afa0 (minecraft@1.20.1)
9204:             1             16  net.minecraft.world.level.levelgen.heightproviders.VeryBiasedToBottomHeight$$Lambda$3005/0x0000000800a6b1e0 (minecraft@1.20.1)
9205:             1             16  net.minecraft.world.level.levelgen.heightproviders.VeryBiasedToBottomHeight$$Lambda$3006/0x0000000800a6b420 (minecraft@1.20.1)
9206:             1             16  net.minecraft.world.level.levelgen.heightproviders.WeightedListHeight$$Lambda$3012/0x0000000800a696a0 (minecraft@1.20.1)
9207:             1             16  net.minecraft.world.level.levelgen.heightproviders.WeightedListHeight$$Lambda$3013/0x0000000800a698e0 (minecraft@1.20.1)
9208:             1             16  net.minecraft.world.level.levelgen.heightproviders.WeightedListHeight$$Lambda$3014/0x0000000800a69b20 (minecraft@1.20.1)
9209:             1             16  net.minecraft.world.level.levelgen.placement.BiomeFilter (minecraft@1.20.1)
9210:             1             16  net.minecraft.world.level.levelgen.placement.BiomeFilter$$Lambda$3640/0x0000000800b02b00 (minecraft@1.20.1)
9211:             1             16  net.minecraft.world.level.levelgen.placement.BlockPredicateFilter$$Lambda$3626/0x0000000800b06298 (minecraft@1.20.1)
9212:             1             16  net.minecraft.world.level.levelgen.placement.BlockPredicateFilter$$Lambda$3627/0x0000000800b064d8 (minecraft@1.20.1)
9213:             1             16  net.minecraft.world.level.levelgen.placement.BlockPredicateFilter$$Lambda$3628/0x0000000800b06718 (minecraft@1.20.1)
9214:             1             16  net.minecraft.world.level.levelgen.placement.CarvingMaskPlacement$$Lambda$3673/0x0000000800b0c248 (minecraft@1.20.1)
9215:             1             16  net.minecraft.world.level.levelgen.placement.CarvingMaskPlacement$$Lambda$3674/0x0000000800b0c488 (minecraft@1.20.1)
9216:             1             16  net.minecraft.world.level.levelgen.placement.CaveSurface$$Lambda$3230/0x0000000800aa6b20 (minecraft@1.20.1)
9217:             1             16  net.minecraft.world.level.levelgen.placement.CountOnEveryLayerPlacement$$Lambda$3653/0x0000000800b08220 (minecraft@1.20.1)
9218:             1             16  net.minecraft.world.level.levelgen.placement.CountOnEveryLayerPlacement$$Lambda$3654/0x0000000800b08460 (minecraft@1.20.1)
9219:             1             16  net.minecraft.world.level.levelgen.placement.CountPlacement$$Lambda$3641/0x0000000800b03168 (minecraft@1.20.1)
9220:             1             16  net.minecraft.world.level.levelgen.placement.CountPlacement$$Lambda$3642/0x0000000800b033a8 (minecraft@1.20.1)
9221:             1             16  net.minecraft.world.level.levelgen.placement.EnvironmentScanPlacement$$Lambda$3655/0x0000000800b088c0 (minecraft@1.20.1)
9222:             1             16  net.minecraft.world.level.levelgen.placement.EnvironmentScanPlacement$$Lambda$3656/0x0000000800b08b00 (minecraft@1.20.1)
9223:             1             16  net.minecraft.world.level.levelgen.placement.EnvironmentScanPlacement$$Lambda$3657/0x0000000800b08d40 (minecraft@1.20.1)
9224:             1             16  net.minecraft.world.level.levelgen.placement.EnvironmentScanPlacement$$Lambda$3658/0x0000000800b08f80 (minecraft@1.20.1)
9225:             1             16  net.minecraft.world.level.levelgen.placement.EnvironmentScanPlacement$$Lambda$3659/0x0000000800b091c0 (minecraft@1.20.1)
9226:             1             16  net.minecraft.world.level.levelgen.placement.EnvironmentScanPlacement$$Lambda$3660/0x0000000800b09400 (minecraft@1.20.1)
9227:             1             16  net.minecraft.world.level.levelgen.placement.HeightRangePlacement$$Lambda$3664/0x0000000800b0a3a8 (minecraft@1.20.1)
9228:             1             16  net.minecraft.world.level.levelgen.placement.HeightRangePlacement$$Lambda$3665/0x0000000800b0a5e8 (minecraft@1.20.1)
9229:             1             16  net.minecraft.world.level.levelgen.placement.HeightRangePlacement$$Lambda$3666/0x0000000800b0a828 (minecraft@1.20.1)
9230:             1             16  net.minecraft.world.level.levelgen.placement.HeightmapPlacement$$Lambda$3661/0x0000000800b09870 (minecraft@1.20.1)
9231:             1             16  net.minecraft.world.level.levelgen.placement.HeightmapPlacement$$Lambda$3662/0x0000000800b09ab0 (minecraft@1.20.1)
9232:             1             16  net.minecraft.world.level.levelgen.placement.HeightmapPlacement$$Lambda$3663/0x0000000800b09cf0 (minecraft@1.20.1)
9233:             1             16  net.minecraft.world.level.levelgen.placement.InSquarePlacement (minecraft@1.20.1)
9234:             1             16  net.minecraft.world.level.levelgen.placement.InSquarePlacement$$Lambda$3667/0x0000000800b0ac80 (minecraft@1.20.1)
9235:             1             16  net.minecraft.world.level.levelgen.placement.NoiseBasedCountPlacement$$Lambda$3643/0x0000000800b03808 (minecraft@1.20.1)
9236:             1             16  net.minecraft.world.level.levelgen.placement.NoiseBasedCountPlacement$$Lambda$3644/0x0000000800b03a48 (minecraft@1.20.1)
9237:             1             16  net.minecraft.world.level.levelgen.placement.NoiseBasedCountPlacement$$Lambda$3645/0x0000000800b03c88 (minecraft@1.20.1)
9238:             1             16  net.minecraft.world.level.levelgen.placement.NoiseBasedCountPlacement$$Lambda$3646/0x0000000800b01000 (minecraft@1.20.1)
9239:             1             16  net.minecraft.world.level.levelgen.placement.NoiseBasedCountPlacement$$Lambda$3647/0x0000000800b01240 (minecraft@1.20.1)
9240:             1             16  net.minecraft.world.level.levelgen.placement.NoiseThresholdCountPlacement$$Lambda$3648/0x0000000800b016a0 (minecraft@1.20.1)
9241:             1             16  net.minecraft.world.level.levelgen.placement.NoiseThresholdCountPlacement$$Lambda$3649/0x0000000800b018e0 (minecraft@1.20.1)
9242:             1             16  net.minecraft.world.level.levelgen.placement.NoiseThresholdCountPlacement$$Lambda$3650/0x0000000800b01b20 (minecraft@1.20.1)
9243:             1             16  net.minecraft.world.level.levelgen.placement.NoiseThresholdCountPlacement$$Lambda$3651/0x0000000800b01d60 (minecraft@1.20.1)
9244:             1             16  net.minecraft.world.level.levelgen.placement.NoiseThresholdCountPlacement$$Lambda$3652/0x0000000800b00c00 (minecraft@1.20.1)
9245:             1             16  net.minecraft.world.level.levelgen.placement.PlacedFeature$$Lambda$3134/0x0000000800a91b30 (minecraft@1.20.1)
9246:             1             16  net.minecraft.world.level.levelgen.placement.PlacedFeature$$Lambda$3137/0x0000000800a921f0 (minecraft@1.20.1)
9247:             1             16  net.minecraft.world.level.levelgen.placement.PlacedFeature$$Lambda$3140/0x0000000800a92ac8 (minecraft@1.20.1)
9248:             1             16  net.minecraft.world.level.levelgen.placement.PlacedFeature$$Lambda$3141/0x0000000800a92d08 (minecraft@1.20.1)
9249:             1             16  net.minecraft.world.level.levelgen.placement.PlacementModifier$$Lambda$3138/0x0000000800a92648 (minecraft@1.20.1)
9250:             1             16  net.minecraft.world.level.levelgen.placement.PlacementModifier$$Lambda$3139/0x0000000800a92888 (minecraft@1.20.1)
9251:             1             16  net.minecraft.world.level.levelgen.placement.RandomOffsetPlacement$$Lambda$3668/0x0000000800b0b0c0 (minecraft@1.20.1)
9252:             1             16  net.minecraft.world.level.levelgen.placement.RandomOffsetPlacement$$Lambda$3669/0x0000000800b0b300 (minecraft@1.20.1)
9253:             1             16  net.minecraft.world.level.levelgen.placement.RandomOffsetPlacement$$Lambda$3670/0x0000000800b0b540 (minecraft@1.20.1)
9254:             1             16  net.minecraft.world.level.levelgen.placement.RandomOffsetPlacement$$Lambda$3671/0x0000000800b0b780 (minecraft@1.20.1)
9255:             1             16  net.minecraft.world.level.levelgen.placement.RarityFilter$$Lambda$3630/0x0000000800b06da0 (minecraft@1.20.1)
9256:             1             16  net.minecraft.world.level.levelgen.placement.RarityFilter$$Lambda$3631/0x0000000800b06fe0 (minecraft@1.20.1)
9257:             1             16  net.minecraft.world.level.levelgen.placement.SurfaceRelativeThresholdFilter$$Lambda$3632/0x0000000800b07448 (minecraft@1.20.1)
9258:             1             16  net.minecraft.world.level.levelgen.placement.SurfaceRelativeThresholdFilter$$Lambda$3633/0x0000000800b07688 (minecraft@1.20.1)
9259:             1             16  net.minecraft.world.level.levelgen.placement.SurfaceRelativeThresholdFilter$$Lambda$3634/0x0000000800b078c8 (minecraft@1.20.1)
9260:             1             16  net.minecraft.world.level.levelgen.placement.SurfaceRelativeThresholdFilter$$Lambda$3635/0x0000000800b07b08 (minecraft@1.20.1)
9261:             1             16  net.minecraft.world.level.levelgen.placement.SurfaceRelativeThresholdFilter$$Lambda$3636/0x0000000800b07d48 (minecraft@1.20.1)
9262:             1             16  net.minecraft.world.level.levelgen.placement.SurfaceWaterDepthFilter$$Lambda$3637/0x0000000800b02220 (minecraft@1.20.1)
9263:             1             16  net.minecraft.world.level.levelgen.placement.SurfaceWaterDepthFilter$$Lambda$3638/0x0000000800b02460 (minecraft@1.20.1)
9264:             1             16  net.minecraft.world.level.levelgen.placement.SurfaceWaterDepthFilter$$Lambda$3639/0x0000000800b026a0 (minecraft@1.20.1)
9265:             1             16  net.minecraft.world.level.levelgen.structure.Structure$$Lambda$3461/0x0000000800ad34f8 (minecraft@1.20.1)
9266:             1             16  net.minecraft.world.level.levelgen.structure.Structure$$Lambda$3462/0x0000000800ad3738 (minecraft@1.20.1)
9267:             1             16  net.minecraft.world.level.levelgen.structure.Structure$$Lambda$3566/0x0000000800af3bd8 (minecraft@1.20.1)
9268:             1             16  net.minecraft.world.level.levelgen.structure.Structure$StructureSettings$$Lambda$3544/0x0000000800aeef48 (minecraft@1.20.1)
9269:             1             16  net.minecraft.world.level.levelgen.structure.Structure$StructureSettings$$Lambda$3545/0x0000000800aef188 (minecraft@1.20.1)
9270:             1             16  net.minecraft.world.level.levelgen.structure.Structure$StructureSettings$$Lambda$3560/0x0000000800af23d0 (minecraft@1.20.1)
9271:             1             16  net.minecraft.world.level.levelgen.structure.Structure$StructureSettings$$Lambda$3562/0x0000000800af2e90 (minecraft@1.20.1)
9272:             1             16  net.minecraft.world.level.levelgen.structure.Structure$StructureSettings$$Lambda$3564/0x0000000800af3748 (minecraft@1.20.1)
9273:             1             16  net.minecraft.world.level.levelgen.structure.Structure$StructureSettings$$Lambda$3565/0x0000000800af3988 (minecraft@1.20.1)
9274:             1             16  net.minecraft.world.level.levelgen.structure.StructureSet$$Lambda$3459/0x0000000800ad2bf0 (minecraft@1.20.1)
9275:             1             16  net.minecraft.world.level.levelgen.structure.StructureSet$$Lambda$3466/0x0000000800ad6230 (minecraft@1.20.1)
9276:             1             16  net.minecraft.world.level.levelgen.structure.StructureSet$$Lambda$3467/0x0000000800ad6470 (minecraft@1.20.1)
9277:             1             16  net.minecraft.world.level.levelgen.structure.StructureSet$$Lambda$3468/0x0000000800ad66b0 (minecraft@1.20.1)
9278:             1             16  net.minecraft.world.level.levelgen.structure.StructureSet$StructureSelectionEntry$$Lambda$3460/0x0000000800ad3040 (minecraft@1.20.1)
9279:             1             16  net.minecraft.world.level.levelgen.structure.StructureSet$StructureSelectionEntry$$Lambda$3463/0x0000000800ad3978 (minecraft@1.20.1)
9280:             1             16  net.minecraft.world.level.levelgen.structure.StructureSet$StructureSelectionEntry$$Lambda$3464/0x0000000800ad3bb8 (minecraft@1.20.1)
9281:             1             16  net.minecraft.world.level.levelgen.structure.StructureSet$StructureSelectionEntry$$Lambda$3465/0x0000000800ad6000 (minecraft@1.20.1)
9282:             1             16  net.minecraft.world.level.levelgen.structure.StructureSpawnOverride$$Lambda$3546/0x0000000800aef5d8 (minecraft@1.20.1)
9283:             1             16  net.minecraft.world.level.levelgen.structure.StructureSpawnOverride$$Lambda$3548/0x0000000800af0000 (minecraft@1.20.1)
9284:             1             16  net.minecraft.world.level.levelgen.structure.StructureSpawnOverride$$Lambda$3558/0x0000000800af1d30 (minecraft@1.20.1)
9285:             1             16  net.minecraft.world.level.levelgen.structure.StructureSpawnOverride$$Lambda$3559/0x0000000800af1f70 (minecraft@1.20.1)
9286:             1             16  net.minecraft.world.level.levelgen.structure.StructureSpawnOverride$BoundingBoxType$$Lambda$3547/0x0000000800aefc70 (minecraft@1.20.1)
9287:             1             16  net.minecraft.world.level.levelgen.structure.TerrainAdjustment$$Lambda$3563/0x0000000800af3528 (minecraft@1.20.1)
9288:             1             16  net.minecraft.world.level.levelgen.structure.pieces.StructurePieceType$$Lambda$3486/0x0000000800adc9b0 (minecraft@1.20.1)
9289:             1             16  net.minecraft.world.level.levelgen.structure.pieces.StructurePieceType$$Lambda$3487/0x0000000800adcf40 (minecraft@1.20.1)
9290:             1             16  net.minecraft.world.level.levelgen.structure.pieces.StructurePieceType$$Lambda$3488/0x0000000800add4c8 (minecraft@1.20.1)
9291:             1             16  net.minecraft.world.level.levelgen.structure.pieces.StructurePieceType$$Lambda$3489/0x0000000800adda50 (minecraft@1.20.1)
9292:             1             16  net.minecraft.world.level.levelgen.structure.pieces.StructurePieceType$$Lambda$3490/0x0000000800ade658 (minecraft@1.20.1)
9293:             1             16  net.minecraft.world.level.levelgen.structure.pieces.StructurePieceType$$Lambda$3491/0x0000000800ade8a0 (minecraft@1.20.1)
9294:             1             16  net.minecraft.world.level.levelgen.structure.pieces.StructurePieceType$$Lambda$3492/0x0000000800adee28 (minecraft@1.20.1)
9295:             1             16  net.minecraft.world.level.levelgen.structure.pieces.StructurePieceType$$Lambda$3493/0x0000000800adf3b0 (minecraft@1.20.1)
9296:             1             16  net.minecraft.world.level.levelgen.structure.pieces.StructurePieceType$$Lambda$3494/0x0000000800adf938 (minecraft@1.20.1)
9297:             1             16  net.minecraft.world.level.levelgen.structure.pieces.StructurePieceType$$Lambda$3495/0x0000000800ada000 (minecraft@1.20.1)
9298:             1             16  net.minecraft.world.level.levelgen.structure.pieces.StructurePieceType$$Lambda$3496/0x0000000800ada588 (minecraft@1.20.1)
9299:             1             16  net.minecraft.world.level.levelgen.structure.pieces.StructurePieceType$$Lambda$3497/0x0000000800adab10 (minecraft@1.20.1)
9300:             1             16  net.minecraft.world.level.levelgen.structure.pieces.StructurePieceType$$Lambda$3498/0x0000000800adb098 (minecraft@1.20.1)
9301:             1             16  net.minecraft.world.level.levelgen.structure.pieces.StructurePieceType$$Lambda$3499/0x0000000800adb620 (minecraft@1.20.1)
9302:             1             16  net.minecraft.world.level.levelgen.structure.pieces.StructurePieceType$$Lambda$3500/0x0000000800adbba8 (minecraft@1.20.1)
9303:             1             16  net.minecraft.world.level.levelgen.structure.pieces.StructurePieceType$$Lambda$3501/0x0000000800ad9340 (minecraft@1.20.1)
9304:             1             16  net.minecraft.world.level.levelgen.structure.pieces.StructurePieceType$$Lambda$3502/0x0000000800ad98c8 (minecraft@1.20.1)
9305:             1             16  net.minecraft.world.level.levelgen.structure.pieces.StructurePieceType$$Lambda$3503/0x0000000800ad8800 (minecraft@1.20.1)
9306:             1             16  net.minecraft.world.level.levelgen.structure.pieces.StructurePieceType$$Lambda$3504/0x0000000800ad8d88 (minecraft@1.20.1)
9307:             1             16  net.minecraft.world.level.levelgen.structure.pieces.StructurePieceType$$Lambda$3505/0x0000000800ae0790 (minecraft@1.20.1)
9308:             1             16  net.minecraft.world.level.levelgen.structure.pieces.StructurePieceType$$Lambda$3506/0x0000000800ae0d28 (minecraft@1.20.1)
9309:             1             16  net.minecraft.world.level.levelgen.structure.pieces.StructurePieceType$$Lambda$3507/0x0000000800ae12c0 (minecraft@1.20.1)
9310:             1             16  net.minecraft.world.level.levelgen.structure.pieces.StructurePieceType$$Lambda$3508/0x0000000800ae1ba8 (minecraft@1.20.1)
9311:             1             16  net.minecraft.world.level.levelgen.structure.pieces.StructurePieceType$$Lambda$3509/0x0000000800ae2140 (minecraft@1.20.1)
9312:             1             16  net.minecraft.world.level.levelgen.structure.pieces.StructurePieceType$$Lambda$3510/0x0000000800ae26d8 (minecraft@1.20.1)
9313:             1             16  net.minecraft.world.level.levelgen.structure.pieces.StructurePieceType$$Lambda$3511/0x0000000800ae2c70 (minecraft@1.20.1)
9314:             1             16  net.minecraft.world.level.levelgen.structure.pieces.StructurePieceType$$Lambda$3512/0x0000000800ae3208 (minecraft@1.20.1)
9315:             1             16  net.minecraft.world.level.levelgen.structure.pieces.StructurePieceType$$Lambda$3513/0x0000000800ae37a0 (minecraft@1.20.1)
9316:             1             16  net.minecraft.world.level.levelgen.structure.pieces.StructurePieceType$$Lambda$3514/0x0000000800ae3d38 (minecraft@1.20.1)
9317:             1             16  net.minecraft.world.level.levelgen.structure.pieces.StructurePieceType$$Lambda$3515/0x0000000800ae42d8 (minecraft@1.20.1)
9318:             1             16  net.minecraft.world.level.levelgen.structure.pieces.StructurePieceType$$Lambda$3516/0x0000000800ae4870 (minecraft@1.20.1)
9319:             1             16  net.minecraft.world.level.levelgen.structure.pieces.StructurePieceType$$Lambda$3517/0x0000000800ae4e08 (minecraft@1.20.1)
9320:             1             16  net.minecraft.world.level.levelgen.structure.pieces.StructurePieceType$$Lambda$3518/0x0000000800ae58e0 (minecraft@1.20.1)
9321:             1             16  net.minecraft.world.level.levelgen.structure.pieces.StructurePieceType$$Lambda$3519/0x0000000800ae61d0 (minecraft@1.20.1)
9322:             1             16  net.minecraft.world.level.levelgen.structure.pieces.StructurePieceType$$Lambda$3520/0x0000000800ae6768 (minecraft@1.20.1)
9323:             1             16  net.minecraft.world.level.levelgen.structure.pieces.StructurePieceType$$Lambda$3521/0x0000000800ae6d00 (minecraft@1.20.1)
9324:             1             16  net.minecraft.world.level.levelgen.structure.pieces.StructurePieceType$$Lambda$3522/0x0000000800ae7280 (minecraft@1.20.1)
9325:             1             16  net.minecraft.world.level.levelgen.structure.pieces.StructurePieceType$$Lambda$3523/0x0000000800ae7818 (minecraft@1.20.1)
9326:             1             16  net.minecraft.world.level.levelgen.structure.pieces.StructurePieceType$$Lambda$3524/0x0000000800ae7db0 (minecraft@1.20.1)
9327:             1             16  net.minecraft.world.level.levelgen.structure.pieces.StructurePieceType$$Lambda$3525/0x0000000800ae86a0 (minecraft@1.20.1)
9328:             1             16  net.minecraft.world.level.levelgen.structure.pieces.StructurePieceType$$Lambda$3526/0x0000000800ae8c38 (minecraft@1.20.1)
9329:             1             16  net.minecraft.world.level.levelgen.structure.pieces.StructurePieceType$$Lambda$3527/0x0000000800ae91d0 (minecraft@1.20.1)
9330:             1             16  net.minecraft.world.level.levelgen.structure.pieces.StructurePieceType$$Lambda$3528/0x0000000800ae9768 (minecraft@1.20.1)
9331:             1             16  net.minecraft.world.level.levelgen.structure.pieces.StructurePieceType$$Lambda$3529/0x0000000800ae9d00 (minecraft@1.20.1)
9332:             1             16  net.minecraft.world.level.levelgen.structure.pieces.StructurePieceType$$Lambda$3530/0x0000000800aea298 (minecraft@1.20.1)
9333:             1             16  net.minecraft.world.level.levelgen.structure.pieces.StructurePieceType$$Lambda$3531/0x0000000800aea830 (minecraft@1.20.1)
9334:             1             16  net.minecraft.world.level.levelgen.structure.pieces.StructurePieceType$$Lambda$3532/0x0000000800aeadc8 (minecraft@1.20.1)
9335:             1             16  net.minecraft.world.level.levelgen.structure.pieces.StructurePieceType$$Lambda$3533/0x0000000800aeb360 (minecraft@1.20.1)
9336:             1             16  net.minecraft.world.level.levelgen.structure.pieces.StructurePieceType$$Lambda$3534/0x0000000800aeb8f8 (minecraft@1.20.1)
9337:             1             16  net.minecraft.world.level.levelgen.structure.pieces.StructurePieceType$$Lambda$3535/0x0000000800aebe90 (minecraft@1.20.1)
9338:             1             16  net.minecraft.world.level.levelgen.structure.pieces.StructurePieceType$$Lambda$3536/0x0000000800aec428 (minecraft@1.20.1)
9339:             1             16  net.minecraft.world.level.levelgen.structure.pieces.StructurePieceType$$Lambda$3537/0x0000000800aec9c0 (minecraft@1.20.1)
9340:             1             16  net.minecraft.world.level.levelgen.structure.pieces.StructurePieceType$$Lambda$3538/0x0000000800aecf30 (minecraft@1.20.1)
9341:             1             16  net.minecraft.world.level.levelgen.structure.pieces.StructurePieceType$$Lambda$3539/0x0000000800aed4c8 (minecraft@1.20.1)
9342:             1             16  net.minecraft.world.level.levelgen.structure.pieces.StructurePieceType$$Lambda$3540/0x0000000800aeda60 (minecraft@1.20.1)
9343:             1             16  net.minecraft.world.level.levelgen.structure.pieces.StructurePieceType$$Lambda$3541/0x0000000800aee418 (minecraft@1.20.1)
9344:             1             16  net.minecraft.world.level.levelgen.structure.placement.ConcentricRingsStructurePlacement$$Lambda$3480/0x0000000800ad56e8 (minecraft@1.20.1)
9345:             1             16  net.minecraft.world.level.levelgen.structure.placement.ConcentricRingsStructurePlacement$$Lambda$3481/0x0000000800ad5928 (minecraft@1.20.1)
9346:             1             16  net.minecraft.world.level.levelgen.structure.placement.ConcentricRingsStructurePlacement$$Lambda$3482/0x0000000800ad5b68 (minecraft@1.20.1)
9347:             1             16  net.minecraft.world.level.levelgen.structure.placement.ConcentricRingsStructurePlacement$$Lambda$3483/0x0000000800ad5da8 (minecraft@1.20.1)
9348:             1             16  net.minecraft.world.level.levelgen.structure.placement.ConcentricRingsStructurePlacement$$Lambda$3484/0x0000000800ad4800 (minecraft@1.20.1)
9349:             1             16  net.minecraft.world.level.levelgen.structure.placement.ConcentricRingsStructurePlacement$$Lambda$3485/0x0000000800ad4a40 (minecraft@1.20.1)
9350:             1             16  net.minecraft.world.level.levelgen.structure.placement.RandomSpreadStructurePlacement$$Lambda$3448/0x0000000800ad0958 (minecraft@1.20.1)
9351:             1             16  net.minecraft.world.level.levelgen.structure.placement.RandomSpreadStructurePlacement$$Lambda$3473/0x0000000800ad71d0 (minecraft@1.20.1)
9352:             1             16  net.minecraft.world.level.levelgen.structure.placement.RandomSpreadStructurePlacement$$Lambda$3474/0x0000000800ad7410 (minecraft@1.20.1)
9353:             1             16  net.minecraft.world.level.levelgen.structure.placement.RandomSpreadStructurePlacement$$Lambda$3476/0x0000000800ad7ad0 (minecraft@1.20.1)
9354:             1             16  net.minecraft.world.level.levelgen.structure.placement.RandomSpreadStructurePlacement$$Lambda$3477/0x0000000800ad7d10 (minecraft@1.20.1)
9355:             1             16  net.minecraft.world.level.levelgen.structure.placement.RandomSpreadStructurePlacement$$Lambda$3478/0x0000000800ad5000 (minecraft@1.20.1)
9356:             1             16  net.minecraft.world.level.levelgen.structure.placement.RandomSpreadType$$Lambda$3475/0x0000000800ad78b0 (minecraft@1.20.1)
9357:             1             16  net.minecraft.world.level.levelgen.structure.placement.StructurePlacement$$Lambda$3446/0x0000000800ad04d8 (minecraft@1.20.1)
9358:             1             16  net.minecraft.world.level.levelgen.structure.placement.StructurePlacement$$Lambda$3447/0x0000000800ad0718 (minecraft@1.20.1)
9359:             1             16  net.minecraft.world.level.levelgen.structure.placement.StructurePlacement$$Lambda$3449/0x0000000800ad0b98 (minecraft@1.20.1)
9360:             1             16  net.minecraft.world.level.levelgen.structure.placement.StructurePlacement$$Lambda$3455/0x0000000800ad1ed0 (minecraft@1.20.1)
9361:             1             16  net.minecraft.world.level.levelgen.structure.placement.StructurePlacement$$Lambda$3456/0x0000000800ad2110 (minecraft@1.20.1)
9362:             1             16  net.minecraft.world.level.levelgen.structure.placement.StructurePlacement$$Lambda$3457/0x0000000800ad2350 (minecraft@1.20.1)
9363:             1             16  net.minecraft.world.level.levelgen.structure.placement.StructurePlacement$$Lambda$3472/0x0000000800ad6f90 (minecraft@1.20.1)
9364:             1             16  net.minecraft.world.level.levelgen.structure.placement.StructurePlacement$ExclusionZone$$Lambda$3458/0x0000000800ad27a0 (minecraft@1.20.1)
9365:             1             16  net.minecraft.world.level.levelgen.structure.placement.StructurePlacement$ExclusionZone$$Lambda$3469/0x0000000800ad68e0 (minecraft@1.20.1)
9366:             1             16  net.minecraft.world.level.levelgen.structure.placement.StructurePlacement$ExclusionZone$$Lambda$3470/0x0000000800ad6b20 (minecraft@1.20.1)
9367:             1             16  net.minecraft.world.level.levelgen.structure.placement.StructurePlacement$ExclusionZone$$Lambda$3471/0x0000000800ad6d60 (minecraft@1.20.1)
9368:             1             16  net.minecraft.world.level.levelgen.structure.placement.StructurePlacement$FrequencyReductionMethod$$Lambda$3450/0x0000000800ad1238 (minecraft@1.20.1)
9369:             1             16  net.minecraft.world.level.levelgen.structure.placement.StructurePlacement$FrequencyReductionMethod$$Lambda$3451/0x0000000800ad1458 (minecraft@1.20.1)
9370:             1             16  net.minecraft.world.level.levelgen.structure.placement.StructurePlacement$FrequencyReductionMethod$$Lambda$3452/0x0000000800ad1678 (minecraft@1.20.1)
9371:             1             16  net.minecraft.world.level.levelgen.structure.placement.StructurePlacement$FrequencyReductionMethod$$Lambda$3453/0x0000000800ad1898 (minecraft@1.20.1)
9372:             1             16  net.minecraft.world.level.levelgen.structure.placement.StructurePlacement$FrequencyReductionMethod$$Lambda$3454/0x0000000800ad1cb0 (minecraft@1.20.1)
9373:             1             16  net.minecraft.world.level.levelgen.structure.pools.EmptyPoolElement (minecraft@1.20.1)
9374:             1             16  net.minecraft.world.level.levelgen.structure.pools.EmptyPoolElement$$Lambda$4179/0x0000000800b7b8b8 (minecraft@1.20.1)
9375:             1             16  net.minecraft.world.level.levelgen.structure.pools.FeaturePoolElement$$Lambda$4176/0x0000000800b7afb0 (minecraft@1.20.1)
9376:             1             16  net.minecraft.world.level.levelgen.structure.pools.FeaturePoolElement$$Lambda$4177/0x0000000800b7b1f0 (minecraft@1.20.1)
9377:             1             16  net.minecraft.world.level.levelgen.structure.pools.FeaturePoolElement$$Lambda$4178/0x0000000800b7b430 (minecraft@1.20.1)
9378:             1             16  net.minecraft.world.level.levelgen.structure.pools.LegacySinglePoolElement$$Lambda$4180/0x0000000800b7bd40 (minecraft@1.20.1)
9379:             1             16  net.minecraft.world.level.levelgen.structure.pools.LegacySinglePoolElement$$Lambda$4181/0x0000000800b7e000 (minecraft@1.20.1)
9380:             1             16  net.minecraft.world.level.levelgen.structure.pools.ListPoolElement$$Lambda$4173/0x0000000800b7a6a8 (minecraft@1.20.1)
9381:             1             16  net.minecraft.world.level.levelgen.structure.pools.ListPoolElement$$Lambda$4174/0x0000000800b7a8e8 (minecraft@1.20.1)
9382:             1             16  net.minecraft.world.level.levelgen.structure.pools.ListPoolElement$$Lambda$4175/0x0000000800b7ab28 (minecraft@1.20.1)
9383:             1             16  net.minecraft.world.level.levelgen.structure.pools.SinglePoolElement$$Lambda$4164/0x0000000800b78db8 (minecraft@1.20.1)
9384:             1             16  net.minecraft.world.level.levelgen.structure.pools.SinglePoolElement$$Lambda$4165/0x0000000800b79028 (minecraft@1.20.1)
9385:             1             16  net.minecraft.world.level.levelgen.structure.pools.SinglePoolElement$$Lambda$4166/0x0000000800b79268 (minecraft@1.20.1)
9386:             1             16  net.minecraft.world.level.levelgen.structure.pools.SinglePoolElement$$Lambda$4167/0x0000000800b794a8 (minecraft@1.20.1)
9387:             1             16  net.minecraft.world.level.levelgen.structure.pools.SinglePoolElement$$Lambda$4168/0x0000000800b796e8 (minecraft@1.20.1)
9388:             1             16  net.minecraft.world.level.levelgen.structure.pools.SinglePoolElement$$Lambda$4171/0x0000000800b79fe8 (minecraft@1.20.1)
9389:             1             16  net.minecraft.world.level.levelgen.structure.pools.StructurePoolElement$$Lambda$3576/0x0000000800af4a58 (minecraft@1.20.1)
9390:             1             16  net.minecraft.world.level.levelgen.structure.pools.StructurePoolElement$$Lambda$3577/0x0000000800af4c98 (minecraft@1.20.1)
9391:             1             16  net.minecraft.world.level.levelgen.structure.pools.StructurePoolElement$$Lambda$4170/0x0000000800b79da8 (minecraft@1.20.1)
9392:             1             16  net.minecraft.world.level.levelgen.structure.pools.StructureTemplatePool$$Lambda$3573/0x0000000800af5938 (minecraft@1.20.1)
9393:             1             16  net.minecraft.world.level.levelgen.structure.pools.StructureTemplatePool$$Lambda$3574/0x0000000800af5b78 (minecraft@1.20.1)
9394:             1             16  net.minecraft.world.level.levelgen.structure.pools.StructureTemplatePool$$Lambda$3575/0x0000000800af5da0 (minecraft@1.20.1)
9395:             1             16  net.minecraft.world.level.levelgen.structure.pools.StructureTemplatePool$$Lambda$3578/0x0000000800af8000 (minecraft@1.20.1)
9396:             1             16  net.minecraft.world.level.levelgen.structure.pools.StructureTemplatePool$$Lambda$3579/0x0000000800af8240 (minecraft@1.20.1)
9397:             1             16  net.minecraft.world.level.levelgen.structure.pools.StructureTemplatePool$Projection$$Lambda$4169/0x0000000800b79b88 (minecraft@1.20.1)
9398:             1             16  net.minecraft.world.level.levelgen.structure.structures.BuriedTreasureStructure$$Lambda$3542/0x0000000800aeeac0 (minecraft@1.20.1)
9399:             1             16  net.minecraft.world.level.levelgen.structure.structures.DesertPyramidStructure$$Lambda$3568/0x0000000800af6728 (minecraft@1.20.1)
9400:             1             16  net.minecraft.world.level.levelgen.structure.structures.EndCityStructure$$Lambda$3569/0x0000000800af6be0 (minecraft@1.20.1)
9401:             1             16  net.minecraft.world.level.levelgen.structure.structures.IglooStructure$$Lambda$3571/0x0000000800af5000 (minecraft@1.20.1)
9402:             1             16  net.minecraft.world.level.levelgen.structure.structures.JigsawStructure$$Lambda$3572/0x0000000800af54c0 (minecraft@1.20.1)
9403:             1             16  net.minecraft.world.level.levelgen.structure.structures.JigsawStructure$$Lambda$3581/0x0000000800af86a8 (minecraft@1.20.1)
9404:             1             16  net.minecraft.world.level.levelgen.structure.structures.JigsawStructure$$Lambda$3582/0x0000000800af88e8 (minecraft@1.20.1)
9405:             1             16  net.minecraft.world.level.levelgen.structure.structures.JigsawStructure$$Lambda$3583/0x0000000800af8b28 (minecraft@1.20.1)
9406:             1             16  net.minecraft.world.level.levelgen.structure.structures.JigsawStructure$$Lambda$3584/0x0000000800af8d68 (minecraft@1.20.1)
9407:             1             16  net.minecraft.world.level.levelgen.structure.structures.JigsawStructure$$Lambda$3585/0x0000000800af8fa8 (minecraft@1.20.1)
9408:             1             16  net.minecraft.world.level.levelgen.structure.structures.JigsawStructure$$Lambda$3586/0x0000000800af91e8 (minecraft@1.20.1)
9409:             1             16  net.minecraft.world.level.levelgen.structure.structures.JigsawStructure$$Lambda$3587/0x0000000800af9428 (minecraft@1.20.1)
9410:             1             16  net.minecraft.world.level.levelgen.structure.structures.JigsawStructure$$Lambda$3588/0x0000000800af9668 (minecraft@1.20.1)
9411:             1             16  net.minecraft.world.level.levelgen.structure.structures.JigsawStructure$$Lambda$3589/0x0000000800af98f8 (minecraft@1.20.1)
9412:             1             16  net.minecraft.world.level.levelgen.structure.structures.JungleTempleStructure$$Lambda$3590/0x0000000800af9db8 (minecraft@1.20.1)
9413:             1             16  net.minecraft.world.level.levelgen.structure.structures.MineshaftStructure$$Lambda$3591/0x0000000800afa270 (minecraft@1.20.1)
9414:             1             16  net.minecraft.world.level.levelgen.structure.structures.MineshaftStructure$$Lambda$3594/0x0000000800afad48 (minecraft@1.20.1)
9415:             1             16  net.minecraft.world.level.levelgen.structure.structures.MineshaftStructure$$Lambda$3595/0x0000000800afaf88 (minecraft@1.20.1)
9416:             1             16  net.minecraft.world.level.levelgen.structure.structures.MineshaftStructure$Type$$Lambda$3592/0x0000000800afa908 (minecraft@1.20.1)
9417:             1             16  net.minecraft.world.level.levelgen.structure.structures.MineshaftStructure$Type$$Lambda$3593/0x0000000800afab28 (minecraft@1.20.1)
9418:             1             16  net.minecraft.world.level.levelgen.structure.structures.NetherFortressStructure$$Lambda$3570/0x0000000800af7a88 (minecraft@1.20.1)
9419:             1             16  net.minecraft.world.level.levelgen.structure.structures.NetherFossilStructure$$Lambda$3596/0x0000000800afb430 (minecraft@1.20.1)
9420:             1             16  net.minecraft.world.level.levelgen.structure.structures.NetherFossilStructure$$Lambda$3597/0x0000000800afb670 (minecraft@1.20.1)
9421:             1             16  net.minecraft.world.level.levelgen.structure.structures.NetherFossilStructure$$Lambda$3598/0x0000000800afb8b0 (minecraft@1.20.1)
9422:             1             16  net.minecraft.world.level.levelgen.structure.structures.OceanMonumentStructure$$Lambda$3599/0x0000000800afbd58 (minecraft@1.20.1)
9423:             1             16  net.minecraft.world.level.levelgen.structure.structures.OceanRuinStructure$$Lambda$3600/0x0000000800afe280 (minecraft@1.20.1)
9424:             1             16  net.minecraft.world.level.levelgen.structure.structures.OceanRuinStructure$$Lambda$3602/0x0000000800afeb38 (minecraft@1.20.1)
9425:             1             16  net.minecraft.world.level.levelgen.structure.structures.OceanRuinStructure$$Lambda$3603/0x0000000800afed78 (minecraft@1.20.1)
9426:             1             16  net.minecraft.world.level.levelgen.structure.structures.OceanRuinStructure$$Lambda$3604/0x0000000800afefb8 (minecraft@1.20.1)
9427:             1             16  net.minecraft.world.level.levelgen.structure.structures.OceanRuinStructure$$Lambda$3605/0x0000000800aff1f8 (minecraft@1.20.1)
9428:             1             16  net.minecraft.world.level.levelgen.structure.structures.OceanRuinStructure$Type$$Lambda$3601/0x0000000800afe918 (minecraft@1.20.1)
9429:             1             16  net.minecraft.world.level.levelgen.structure.structures.RuinedPortalPiece$VerticalPlacement$$Lambda$3608/0x0000000800afd1f8 (minecraft@1.20.1)
9430:             1             16  net.minecraft.world.level.levelgen.structure.structures.RuinedPortalStructure$$Lambda$3606/0x0000000800aff6c0 (minecraft@1.20.1)
9431:             1             16  net.minecraft.world.level.levelgen.structure.structures.RuinedPortalStructure$$Lambda$3618/0x0000000800b04290 (minecraft@1.20.1)
9432:             1             16  net.minecraft.world.level.levelgen.structure.structures.RuinedPortalStructure$$Lambda$3619/0x0000000800b044d0 (minecraft@1.20.1)
9433:             1             16  net.minecraft.world.level.levelgen.structure.structures.RuinedPortalStructure$Setup$$Lambda$3607/0x0000000800affb10 (minecraft@1.20.1)
9434:             1             16  net.minecraft.world.level.levelgen.structure.structures.RuinedPortalStructure$Setup$$Lambda$3609/0x0000000800afd418 (minecraft@1.20.1)
9435:             1             16  net.minecraft.world.level.levelgen.structure.structures.RuinedPortalStructure$Setup$$Lambda$3610/0x0000000800afd658 (minecraft@1.20.1)
9436:             1             16  net.minecraft.world.level.levelgen.structure.structures.RuinedPortalStructure$Setup$$Lambda$3611/0x0000000800afd898 (minecraft@1.20.1)
9437:             1             16  net.minecraft.world.level.levelgen.structure.structures.RuinedPortalStructure$Setup$$Lambda$3612/0x0000000800afdad8 (minecraft@1.20.1)
9438:             1             16  net.minecraft.world.level.levelgen.structure.structures.RuinedPortalStructure$Setup$$Lambda$3613/0x0000000800afdd18 (minecraft@1.20.1)
9439:             1             16  net.minecraft.world.level.levelgen.structure.structures.RuinedPortalStructure$Setup$$Lambda$3614/0x0000000800afc800 (minecraft@1.20.1)
9440:             1             16  net.minecraft.world.level.levelgen.structure.structures.RuinedPortalStructure$Setup$$Lambda$3615/0x0000000800afca40 (minecraft@1.20.1)
9441:             1             16  net.minecraft.world.level.levelgen.structure.structures.RuinedPortalStructure$Setup$$Lambda$3616/0x0000000800afcc80 (minecraft@1.20.1)
9442:             1             16  net.minecraft.world.level.levelgen.structure.structures.RuinedPortalStructure$Setup$$Lambda$3617/0x0000000800b04000 (minecraft@1.20.1)
9443:             1             16  net.minecraft.world.level.levelgen.structure.structures.ShipwreckStructure$$Lambda$3620/0x0000000800b04978 (minecraft@1.20.1)
9444:             1             16  net.minecraft.world.level.levelgen.structure.structures.ShipwreckStructure$$Lambda$3621/0x0000000800b04bb8 (minecraft@1.20.1)
9445:             1             16  net.minecraft.world.level.levelgen.structure.structures.ShipwreckStructure$$Lambda$3622/0x0000000800b04df8 (minecraft@1.20.1)
9446:             1             16  net.minecraft.world.level.levelgen.structure.structures.StrongholdStructure$$Lambda$3623/0x0000000800b052a0 (minecraft@1.20.1)
9447:             1             16  net.minecraft.world.level.levelgen.structure.structures.SwampHutStructure$$Lambda$3624/0x0000000800b05758 (minecraft@1.20.1)
9448:             1             16  net.minecraft.world.level.levelgen.structure.structures.WoodlandMansionStructure$$Lambda$3625/0x0000000800b05c10 (minecraft@1.20.1)
9449:             1             16  net.minecraft.world.level.levelgen.structure.templatesystem.AlwaysTrueTest (minecraft@1.20.1)
9450:             1             16  net.minecraft.world.level.levelgen.structure.templatesystem.AlwaysTrueTest$$Lambda$2737/0x0000000800a0dcd8 (minecraft@1.20.1)
9451:             1             16  net.minecraft.world.level.levelgen.structure.templatesystem.AxisAlignedLinearPosTest$$Lambda$2772/0x0000000800a16140 (minecraft@1.20.1)
9452:             1             16  net.minecraft.world.level.levelgen.structure.templatesystem.AxisAlignedLinearPosTest$$Lambda$2773/0x0000000800a16380 (minecraft@1.20.1)
9453:             1             16  net.minecraft.world.level.levelgen.structure.templatesystem.AxisAlignedLinearPosTest$$Lambda$2774/0x0000000800a165c0 (minecraft@1.20.1)
9454:             1             16  net.minecraft.world.level.levelgen.structure.templatesystem.AxisAlignedLinearPosTest$$Lambda$2775/0x0000000800a16800 (minecraft@1.20.1)
9455:             1             16  net.minecraft.world.level.levelgen.structure.templatesystem.AxisAlignedLinearPosTest$$Lambda$2776/0x0000000800a16a40 (minecraft@1.20.1)
9456:             1             16  net.minecraft.world.level.levelgen.structure.templatesystem.AxisAlignedLinearPosTest$$Lambda$2777/0x0000000800a16c80 (minecraft@1.20.1)
9457:             1             16  net.minecraft.world.level.levelgen.structure.templatesystem.AxisAlignedLinearPosTest$$Lambda$2778/0x0000000800a16ec0 (minecraft@1.20.1)
9458:             1             16  net.minecraft.world.level.levelgen.structure.templatesystem.BlackstoneReplaceProcessor (minecraft@1.20.1)
9459:             1             16  net.minecraft.world.level.levelgen.structure.templatesystem.BlackstoneReplaceProcessor$$Lambda$3198/0x0000000800a9ee78 (minecraft@1.20.1)
9460:             1             16  net.minecraft.world.level.levelgen.structure.templatesystem.BlackstoneReplaceProcessor$$Lambda$3199/0x0000000800a9f098 (minecraft@1.20.1)
9461:             1             16  net.minecraft.world.level.levelgen.structure.templatesystem.BlockAgeProcessor$$Lambda$3196/0x0000000800a9dfe0 (minecraft@1.20.1)
9462:             1             16  net.minecraft.world.level.levelgen.structure.templatesystem.BlockAgeProcessor$$Lambda$3197/0x0000000800a9e220 (minecraft@1.20.1)
9463:             1             16  net.minecraft.world.level.levelgen.structure.templatesystem.BlockIgnoreProcessor$$Lambda$3170/0x0000000800a99890 (minecraft@1.20.1)
9464:             1             16  net.minecraft.world.level.levelgen.structure.templatesystem.BlockIgnoreProcessor$$Lambda$3171/0x0000000800a99ad0 (minecraft@1.20.1)
9465:             1             16  net.minecraft.world.level.levelgen.structure.templatesystem.BlockIgnoreProcessor$$Lambda$3172/0x0000000800a99d10 (minecraft@1.20.1)
9466:             1             16  net.minecraft.world.level.levelgen.structure.templatesystem.BlockIgnoreProcessor$$Lambda$3173/0x0000000800a99f50 (minecraft@1.20.1)
9467:             1             16  net.minecraft.world.level.levelgen.structure.templatesystem.BlockMatchTest$$Lambda$2739/0x0000000800a0cc48 (minecraft@1.20.1)
9468:             1             16  net.minecraft.world.level.levelgen.structure.templatesystem.BlockMatchTest$$Lambda$2740/0x0000000800a0c400 (minecraft@1.20.1)
9469:             1             16  net.minecraft.world.level.levelgen.structure.templatesystem.BlockRotProcessor$$Lambda$3175/0x0000000800a9a3b8 (minecraft@1.20.1)
9470:             1             16  net.minecraft.world.level.levelgen.structure.templatesystem.BlockRotProcessor$$Lambda$3176/0x0000000800a9a5f8 (minecraft@1.20.1)
9471:             1             16  net.minecraft.world.level.levelgen.structure.templatesystem.BlockRotProcessor$$Lambda$3177/0x0000000800a9a838 (minecraft@1.20.1)
9472:             1             16  net.minecraft.world.level.levelgen.structure.templatesystem.BlockRotProcessor$$Lambda$3178/0x0000000800a9aa78 (minecraft@1.20.1)
9473:             1             16  net.minecraft.world.level.levelgen.structure.templatesystem.BlockStateMatchTest$$Lambda$2741/0x0000000800a10220 (minecraft@1.20.1)
9474:             1             16  net.minecraft.world.level.levelgen.structure.templatesystem.BlockStateMatchTest$$Lambda$2742/0x0000000800a10460 (minecraft@1.20.1)
9475:             1             16  net.minecraft.world.level.levelgen.structure.templatesystem.CappedProcessor$$Lambda$3203/0x0000000800aa0238 (minecraft@1.20.1)
9476:             1             16  net.minecraft.world.level.levelgen.structure.templatesystem.CappedProcessor$$Lambda$3204/0x0000000800aa0478 (minecraft@1.20.1)
9477:             1             16  net.minecraft.world.level.levelgen.structure.templatesystem.CappedProcessor$$Lambda$3205/0x0000000800aa06b8 (minecraft@1.20.1)
9478:             1             16  net.minecraft.world.level.levelgen.structure.templatesystem.CappedProcessor$$Lambda$3206/0x0000000800a9fdd0 (minecraft@1.20.1)
9479:             1             16  net.minecraft.world.level.levelgen.structure.templatesystem.GravityProcessor$$Lambda$3179/0x0000000800a9aee0 (minecraft@1.20.1)
9480:             1             16  net.minecraft.world.level.levelgen.structure.templatesystem.GravityProcessor$$Lambda$3180/0x0000000800a9b120 (minecraft@1.20.1)
9481:             1             16  net.minecraft.world.level.levelgen.structure.templatesystem.GravityProcessor$$Lambda$3181/0x0000000800a9b360 (minecraft@1.20.1)
9482:             1             16  net.minecraft.world.level.levelgen.structure.templatesystem.GravityProcessor$$Lambda$3182/0x0000000800a9b5a0 (minecraft@1.20.1)
9483:             1             16  net.minecraft.world.level.levelgen.structure.templatesystem.JigsawReplacementProcessor (minecraft@1.20.1)
9484:             1             16  net.minecraft.world.level.levelgen.structure.templatesystem.JigsawReplacementProcessor$$Lambda$3183/0x0000000800a9ba00 (minecraft@1.20.1)
9485:             1             16  net.minecraft.world.level.levelgen.structure.templatesystem.LavaSubmergedBlockProcessor (minecraft@1.20.1)
9486:             1             16  net.minecraft.world.level.levelgen.structure.templatesystem.LavaSubmergedBlockProcessor$$Lambda$3200/0x0000000800a9f4f8 (minecraft@1.20.1)
9487:             1             16  net.minecraft.world.level.levelgen.structure.templatesystem.LinearPosTest$$Lambda$2766/0x0000000800a15190 (minecraft@1.20.1)
9488:             1             16  net.minecraft.world.level.levelgen.structure.templatesystem.LinearPosTest$$Lambda$2767/0x0000000800a153d0 (minecraft@1.20.1)
9489:             1             16  net.minecraft.world.level.levelgen.structure.templatesystem.LinearPosTest$$Lambda$2768/0x0000000800a15610 (minecraft@1.20.1)
9490:             1             16  net.minecraft.world.level.levelgen.structure.templatesystem.LinearPosTest$$Lambda$2769/0x0000000800a15850 (minecraft@1.20.1)
9491:             1             16  net.minecraft.world.level.levelgen.structure.templatesystem.LinearPosTest$$Lambda$2770/0x0000000800a15a90 (minecraft@1.20.1)
9492:             1             16  net.minecraft.world.level.levelgen.structure.templatesystem.LinearPosTest$$Lambda$2771/0x0000000800a15cd0 (minecraft@1.20.1)
9493:             1             16  net.minecraft.world.level.levelgen.structure.templatesystem.NopProcessor (minecraft@1.20.1)
9494:             1             16  net.minecraft.world.level.levelgen.structure.templatesystem.NopProcessor$$Lambda$3195/0x0000000800a9db90 (minecraft@1.20.1)
9495:             1             16  net.minecraft.world.level.levelgen.structure.templatesystem.PosAlwaysTrueTest (minecraft@1.20.1)
9496:             1             16  net.minecraft.world.level.levelgen.structure.templatesystem.PosAlwaysTrueTest$$Lambda$2764/0x0000000800a14b30 (minecraft@1.20.1)
9497:             1             16  net.minecraft.world.level.levelgen.structure.templatesystem.PosRuleTest$$Lambda$2762/0x0000000800a146b0 (minecraft@1.20.1)
9498:             1             16  net.minecraft.world.level.levelgen.structure.templatesystem.PosRuleTest$$Lambda$2763/0x0000000800a148f0 (minecraft@1.20.1)
9499:             1             16  net.minecraft.world.level.levelgen.structure.templatesystem.ProcessorRule$$Lambda$3184/0x0000000800a9c080 (minecraft@1.20.1)
9500:             1             16  net.minecraft.world.level.levelgen.structure.templatesystem.ProcessorRule$$Lambda$3185/0x0000000800a9c2c0 (minecraft@1.20.1)
9501:             1             16  net.minecraft.world.level.levelgen.structure.templatesystem.ProcessorRule$$Lambda$3186/0x0000000800a9c500 (minecraft@1.20.1)
9502:             1             16  net.minecraft.world.level.levelgen.structure.templatesystem.ProcessorRule$$Lambda$3187/0x0000000800a9c740 (minecraft@1.20.1)
9503:             1             16  net.minecraft.world.level.levelgen.structure.templatesystem.ProcessorRule$$Lambda$3188/0x0000000800a9c980 (minecraft@1.20.1)
9504:             1             16  net.minecraft.world.level.levelgen.structure.templatesystem.ProcessorRule$$Lambda$3191/0x0000000800a9d040 (minecraft@1.20.1)
9505:             1             16  net.minecraft.world.level.levelgen.structure.templatesystem.ProcessorRule$$Lambda$3192/0x0000000800a9d280 (minecraft@1.20.1)
9506:             1             16  net.minecraft.world.level.levelgen.structure.templatesystem.ProtectedBlockProcessor$$Lambda$3201/0x0000000800a9f950 (minecraft@1.20.1)
9507:             1             16  net.minecraft.world.level.levelgen.structure.templatesystem.ProtectedBlockProcessor$$Lambda$3202/0x0000000800a9fb90 (minecraft@1.20.1)
9508:             1             16  net.minecraft.world.level.levelgen.structure.templatesystem.RandomBlockMatchTest$$Lambda$2747/0x0000000800a113e8 (minecraft@1.20.1)
9509:             1             16  net.minecraft.world.level.levelgen.structure.templatesystem.RandomBlockMatchTest$$Lambda$2748/0x0000000800a11628 (minecraft@1.20.1)
9510:             1             16  net.minecraft.world.level.levelgen.structure.templatesystem.RandomBlockMatchTest$$Lambda$2749/0x0000000800a11868 (minecraft@1.20.1)
9511:             1             16  net.minecraft.world.level.levelgen.structure.templatesystem.RandomBlockMatchTest$$Lambda$2750/0x0000000800a11aa8 (minecraft@1.20.1)
9512:             1             16  net.minecraft.world.level.levelgen.structure.templatesystem.RandomBlockStateMatchTest$$Lambda$2751/0x0000000800a11ef8 (minecraft@1.20.1)
9513:             1             16  net.minecraft.world.level.levelgen.structure.templatesystem.RandomBlockStateMatchTest$$Lambda$2752/0x0000000800a12138 (minecraft@1.20.1)
9514:             1             16  net.minecraft.world.level.levelgen.structure.templatesystem.RandomBlockStateMatchTest$$Lambda$2753/0x0000000800a12378 (minecraft@1.20.1)
9515:             1             16  net.minecraft.world.level.levelgen.structure.templatesystem.RandomBlockStateMatchTest$$Lambda$2754/0x0000000800a125b8 (minecraft@1.20.1)
9516:             1             16  net.minecraft.world.level.levelgen.structure.templatesystem.RuleProcessor$$Lambda$3193/0x0000000800a9d4e0 (minecraft@1.20.1)
9517:             1             16  net.minecraft.world.level.levelgen.structure.templatesystem.RuleProcessor$$Lambda$3194/0x0000000800a9d720 (minecraft@1.20.1)
9518:             1             16  net.minecraft.world.level.levelgen.structure.templatesystem.RuleTest$$Lambda$2735/0x0000000800a0d858 (minecraft@1.20.1)
9519:             1             16  net.minecraft.world.level.levelgen.structure.templatesystem.RuleTest$$Lambda$2736/0x0000000800a0da98 (minecraft@1.20.1)
9520:             1             16  net.minecraft.world.level.levelgen.structure.templatesystem.StructureProcessorList (minecraft@1.20.1)
9521:             1             16  net.minecraft.world.level.levelgen.structure.templatesystem.StructureProcessorType$$Lambda$3164/0x0000000800a986c0 (minecraft@1.20.1)
9522:             1             16  net.minecraft.world.level.levelgen.structure.templatesystem.StructureProcessorType$$Lambda$3165/0x0000000800a98900 (minecraft@1.20.1)
9523:             1             16  net.minecraft.world.level.levelgen.structure.templatesystem.StructureProcessorType$$Lambda$3166/0x0000000800a98d58 (minecraft@1.20.1)
9524:             1             16  net.minecraft.world.level.levelgen.structure.templatesystem.StructureProcessorType$$Lambda$3167/0x0000000800a98f98 (minecraft@1.20.1)
9525:             1             16  net.minecraft.world.level.levelgen.structure.templatesystem.StructureProcessorType$$Lambda$3168/0x0000000800a991d8 (minecraft@1.20.1)
9526:             1             16  net.minecraft.world.level.levelgen.structure.templatesystem.StructureProcessorType$$Lambda$3169/0x0000000800a99418 (minecraft@1.20.1)
9527:             1             16  net.minecraft.world.level.levelgen.structure.templatesystem.TagMatchTest$$Lambda$2745/0x0000000800a10d48 (minecraft@1.20.1)
9528:             1             16  net.minecraft.world.level.levelgen.structure.templatesystem.TagMatchTest$$Lambda$2746/0x0000000800a10f88 (minecraft@1.20.1)
9529:             1             16  net.minecraft.world.level.levelgen.structure.templatesystem.rule.blockentity.AppendLoot$$Lambda$2759/0x0000000800a13bc0 (minecraft@1.20.1)
9530:             1             16  net.minecraft.world.level.levelgen.structure.templatesystem.rule.blockentity.AppendLoot$$Lambda$2760/0x0000000800a13e00 (minecraft@1.20.1)
9531:             1             16  net.minecraft.world.level.levelgen.structure.templatesystem.rule.blockentity.AppendLoot$$Lambda$2761/0x0000000800a14040 (minecraft@1.20.1)
9532:             1             16  net.minecraft.world.level.levelgen.structure.templatesystem.rule.blockentity.AppendStatic$$Lambda$2756/0x0000000800a132c0 (minecraft@1.20.1)
9533:             1             16  net.minecraft.world.level.levelgen.structure.templatesystem.rule.blockentity.AppendStatic$$Lambda$2757/0x0000000800a13500 (minecraft@1.20.1)
9534:             1             16  net.minecraft.world.level.levelgen.structure.templatesystem.rule.blockentity.AppendStatic$$Lambda$2758/0x0000000800a13740 (minecraft@1.20.1)
9535:             1             16  net.minecraft.world.level.levelgen.structure.templatesystem.rule.blockentity.Clear (minecraft@1.20.1)
9536:             1             16  net.minecraft.world.level.levelgen.structure.templatesystem.rule.blockentity.Passthrough (minecraft@1.20.1)
9537:             1             16  net.minecraft.world.level.levelgen.structure.templatesystem.rule.blockentity.RuleBlockEntityModifier$$Lambda$3189/0x0000000800a9cbc0 (minecraft@1.20.1)
9538:             1             16  net.minecraft.world.level.levelgen.structure.templatesystem.rule.blockentity.RuleBlockEntityModifier$$Lambda$3190/0x0000000800a9ce00 (minecraft@1.20.1)
9539:             1             16  net.minecraft.world.level.levelgen.synth.BlendedNoise$$Lambda$4081/0x0000000800b63cc0 (minecraft@1.20.1)
9540:             1             16  net.minecraft.world.level.levelgen.synth.BlendedNoise$$Lambda$4082/0x0000000800b63f00 (minecraft@1.20.1)
9541:             1             16  net.minecraft.world.level.levelgen.synth.BlendedNoise$$Lambda$4083/0x0000000800b64140 (minecraft@1.20.1)
9542:             1             16  net.minecraft.world.level.levelgen.synth.BlendedNoise$$Lambda$4084/0x0000000800b64380 (minecraft@1.20.1)
9543:             1             16  net.minecraft.world.level.levelgen.synth.BlendedNoise$$Lambda$4085/0x0000000800b645c0 (minecraft@1.20.1)
9544:             1             16  net.minecraft.world.level.levelgen.synth.BlendedNoise$$Lambda$4086/0x0000000800b64800 (minecraft@1.20.1)
9545:             1             16  net.minecraft.world.level.levelgen.synth.BlendedNoise$$Lambda$4087/0x0000000800b64a40 (minecraft@1.20.1)
9546:             1             16  net.minecraft.world.level.levelgen.synth.NormalNoise$NoiseParameters$$Lambda$3681/0x0000000800b0dce8 (minecraft@1.20.1)
9547:             1             16  net.minecraft.world.level.levelgen.synth.NormalNoise$NoiseParameters$$Lambda$3682/0x0000000800b0df28 (minecraft@1.20.1)
9548:             1             16  net.minecraft.world.level.levelgen.synth.NormalNoise$NoiseParameters$$Lambda$3683/0x0000000800b0e168 (minecraft@1.20.1)
9549:             1             16  net.minecraft.world.level.levelgen.synth.NormalNoise$NoiseParameters$$Lambda$3684/0x0000000800b0e3a8 (minecraft@1.20.1)
9550:             1             16  net.minecraft.world.level.material.FlowingFluid$$Lambda$1483/0x0000000800723aa0 (minecraft@1.20.1)
9551:             1             16  net.minecraft.world.level.material.Fluid$$Lambda$1480/0x0000000800722900 (minecraft@1.20.1)
9552:             1             16  net.minecraft.world.level.material.Fluid$$Lambda$1481/0x0000000800722b40 (minecraft@1.20.1)
9553:             1             16  net.minecraft.world.level.material.FluidState$$Lambda$1482/0x0000000800722d60 (minecraft@1.20.1)
9554:             1             16  net.minecraft.world.level.storage.loot.entries.ComposableEntryContainer$$Lambda$2883/0x0000000800a462a8 (minecraft@1.20.1)
9555:             1             16  net.minecraft.world.level.storage.loot.entries.ComposableEntryContainer$$Lambda$2884/0x0000000800a464e8 (minecraft@1.20.1)
9556:             1             16  net.minecraft.world.level.storage.loot.entries.DynamicLoot$Serializer (minecraft@1.20.1)
9557:             1             16  net.minecraft.world.level.storage.loot.entries.EmptyLootItem$Serializer (minecraft@1.20.1)
9558:             1             16  net.minecraft.world.level.storage.loot.entries.LootItem$Serializer (minecraft@1.20.1)
9559:             1             16  net.minecraft.world.level.storage.loot.entries.LootPoolEntries$$Lambda$2882/0x0000000800a45e08 (minecraft@1.20.1)
9560:             1             16  net.minecraft.world.level.storage.loot.entries.LootPoolEntries$$Lambda$2885/0x0000000800a46990 (minecraft@1.20.1)
9561:             1             16  net.minecraft.world.level.storage.loot.entries.LootPoolEntries$$Lambda$2886/0x0000000800a46e18 (minecraft@1.20.1)
9562:             1             16  net.minecraft.world.level.storage.loot.entries.LootTableReference$Serializer (minecraft@1.20.1)
9563:             1             16  net.minecraft.world.level.storage.loot.entries.TagEntry$Serializer (minecraft@1.20.1)
9564:             1             16  net.minecraft.world.level.storage.loot.functions.ApplyBonusCount$Serializer (minecraft@1.20.1)
9565:             1             16  net.minecraft.world.level.storage.loot.functions.ApplyExplosionDecay$Serializer (minecraft@1.20.1)
9566:             1             16  net.minecraft.world.level.storage.loot.functions.CopyBlockState$Serializer (minecraft@1.20.1)
9567:             1             16  net.minecraft.world.level.storage.loot.functions.CopyNameFunction$Serializer (minecraft@1.20.1)
9568:             1             16  net.minecraft.world.level.storage.loot.functions.CopyNbtFunction$Serializer (minecraft@1.20.1)
9569:             1             16  net.minecraft.world.level.storage.loot.functions.EnchantRandomlyFunction$Serializer (minecraft@1.20.1)
9570:             1             16  net.minecraft.world.level.storage.loot.functions.EnchantWithLevelsFunction$Serializer (minecraft@1.20.1)
9571:             1             16  net.minecraft.world.level.storage.loot.functions.ExplorationMapFunction$Serializer (minecraft@1.20.1)
9572:             1             16  net.minecraft.world.level.storage.loot.functions.FillPlayerHead$Serializer (minecraft@1.20.1)
9573:             1             16  net.minecraft.world.level.storage.loot.functions.FunctionReference$Serializer (minecraft@1.20.1)
9574:             1             16  net.minecraft.world.level.storage.loot.functions.LimitCount$Serializer (minecraft@1.20.1)
9575:             1             16  net.minecraft.world.level.storage.loot.functions.LootItemFunctions$$Lambda$2887/0x0000000800a47240 (minecraft@1.20.1)
9576:             1             16  net.minecraft.world.level.storage.loot.functions.LootingEnchantFunction$Serializer (minecraft@1.20.1)
9577:             1             16  net.minecraft.world.level.storage.loot.functions.SetAttributesFunction$Serializer (minecraft@1.20.1)
9578:             1             16  net.minecraft.world.level.storage.loot.functions.SetBannerPatternFunction$Serializer (minecraft@1.20.1)
9579:             1             16  net.minecraft.world.level.storage.loot.functions.SetContainerContents$Serializer (minecraft@1.20.1)
9580:             1             16  net.minecraft.world.level.storage.loot.functions.SetContainerLootTable$Serializer (minecraft@1.20.1)
9581:             1             16  net.minecraft.world.level.storage.loot.functions.SetEnchantmentsFunction$Serializer (minecraft@1.20.1)
9582:             1             16  net.minecraft.world.level.storage.loot.functions.SetInstrumentFunction$Serializer (minecraft@1.20.1)
9583:             1             16  net.minecraft.world.level.storage.loot.functions.SetItemCountFunction$Serializer (minecraft@1.20.1)
9584:             1             16  net.minecraft.world.level.storage.loot.functions.SetItemDamageFunction$Serializer (minecraft@1.20.1)
9585:             1             16  net.minecraft.world.level.storage.loot.functions.SetLoreFunction$Serializer (minecraft@1.20.1)
9586:             1             16  net.minecraft.world.level.storage.loot.functions.SetNameFunction$Serializer (minecraft@1.20.1)
9587:             1             16  net.minecraft.world.level.storage.loot.functions.SetNbtFunction$Serializer (minecraft@1.20.1)
9588:             1             16  net.minecraft.world.level.storage.loot.functions.SetPotionFunction$Serializer (minecraft@1.20.1)
9589:             1             16  net.minecraft.world.level.storage.loot.functions.SetStewEffectFunction$Serializer (minecraft@1.20.1)
9590:             1             16  net.minecraft.world.level.storage.loot.functions.SmeltItemFunction$Serializer (minecraft@1.20.1)
9591:             1             16  net.minecraft.world.level.storage.loot.predicates.AllOfCondition$Serializer (minecraft@1.20.1)
9592:             1             16  net.minecraft.world.level.storage.loot.predicates.AnyOfCondition$Serializer (minecraft@1.20.1)
9593:             1             16  net.minecraft.world.level.storage.loot.predicates.BonusLevelTableCondition$Serializer (minecraft@1.20.1)
9594:             1             16  net.minecraft.world.level.storage.loot.predicates.ConditionReference$Serializer (minecraft@1.20.1)
9595:             1             16  net.minecraft.world.level.storage.loot.predicates.DamageSourceCondition$Serializer (minecraft@1.20.1)
9596:             1             16  net.minecraft.world.level.storage.loot.predicates.EntityHasScoreCondition$Serializer (minecraft@1.20.1)
9597:             1             16  net.minecraft.world.level.storage.loot.predicates.ExplosionCondition$Serializer (minecraft@1.20.1)
9598:             1             16  net.minecraft.world.level.storage.loot.predicates.InvertedLootItemCondition$Serializer (minecraft@1.20.1)
9599:             1             16  net.minecraft.world.level.storage.loot.predicates.LocationCheck$Serializer (minecraft@1.20.1)
9600:             1             16  net.minecraft.world.level.storage.loot.predicates.LootItemBlockStatePropertyCondition$Serializer (minecraft@1.20.1)
9601:             1             16  net.minecraft.world.level.storage.loot.predicates.LootItemEntityPropertyCondition$Serializer (minecraft@1.20.1)
9602:             1             16  net.minecraft.world.level.storage.loot.predicates.LootItemKilledByPlayerCondition$Serializer (minecraft@1.20.1)
9603:             1             16  net.minecraft.world.level.storage.loot.predicates.LootItemRandomChanceCondition$Serializer (minecraft@1.20.1)
9604:             1             16  net.minecraft.world.level.storage.loot.predicates.LootItemRandomChanceWithLootingCondition$Serializer (minecraft@1.20.1)
9605:             1             16  net.minecraft.world.level.storage.loot.predicates.MatchTool$Serializer (minecraft@1.20.1)
9606:             1             16  net.minecraft.world.level.storage.loot.predicates.TimeCheck$Serializer (minecraft@1.20.1)
9607:             1             16  net.minecraft.world.level.storage.loot.predicates.ValueCheckCondition$Serializer (minecraft@1.20.1)
9608:             1             16  net.minecraft.world.level.storage.loot.predicates.WeatherCheck$Serializer (minecraft@1.20.1)
9609:             1             16  net.minecraft.world.level.storage.loot.providers.nbt.ContextNbtProvider$Serializer (minecraft@1.20.1)
9610:             1             16  net.minecraft.world.level.storage.loot.providers.nbt.StorageNbtProvider$Serializer (minecraft@1.20.1)
9611:             1             16  net.minecraft.world.level.storage.loot.providers.number.BinomialDistributionGenerator$Serializer (minecraft@1.20.1)
9612:             1             16  net.minecraft.world.level.storage.loot.providers.number.ConstantValue$Serializer (minecraft@1.20.1)
9613:             1             16  net.minecraft.world.level.storage.loot.providers.number.ScoreboardValue$Serializer (minecraft@1.20.1)
9614:             1             16  net.minecraft.world.level.storage.loot.providers.number.UniformGenerator$Serializer (minecraft@1.20.1)
9615:             1             16  net.minecraft.world.level.storage.loot.providers.score.ContextScoreboardNameProvider$Serializer (minecraft@1.20.1)
9616:             1             16  net.minecraft.world.level.storage.loot.providers.score.FixedScoreboardNameProvider$Serializer (minecraft@1.20.1)
9617:             1             16  net.minecraft.world.level.validation.DirectoryValidator (minecraft@1.20.1)
9618:             1             16  net.minecraft.world.phys.Vec3$$Lambda$1594/0x000000080075d678 (minecraft@1.20.1)
9619:             1             16  net.minecraft.world.phys.Vec3$$Lambda$1595/0x000000080075d8b8 (minecraft@1.20.1)
9620:             1             16  net.minecraft.world.phys.shapes.BooleanOp$$Lambda$1551/0x000000080073f2f8 (minecraft@1.20.1)
9621:             1             16  net.minecraft.world.phys.shapes.BooleanOp$$Lambda$1552/0x000000080073f518 (minecraft@1.20.1)
9622:             1             16  net.minecraft.world.phys.shapes.BooleanOp$$Lambda$1553/0x000000080073f738 (minecraft@1.20.1)
9623:             1             16  net.minecraft.world.phys.shapes.BooleanOp$$Lambda$1554/0x000000080073f958 (minecraft@1.20.1)
9624:             1             16  net.minecraft.world.phys.shapes.BooleanOp$$Lambda$1555/0x000000080073fb78 (minecraft@1.20.1)
9625:             1             16  net.minecraft.world.phys.shapes.BooleanOp$$Lambda$1556/0x000000080073fd98 (minecraft@1.20.1)
9626:             1             16  net.minecraft.world.phys.shapes.BooleanOp$$Lambda$1557/0x0000000800740000 (minecraft@1.20.1)
9627:             1             16  net.minecraft.world.phys.shapes.BooleanOp$$Lambda$1558/0x0000000800740220 (minecraft@1.20.1)
9628:             1             16  net.minecraft.world.phys.shapes.BooleanOp$$Lambda$1559/0x0000000800740440 (minecraft@1.20.1)
9629:             1             16  net.minecraft.world.phys.shapes.BooleanOp$$Lambda$1560/0x0000000800740660 (minecraft@1.20.1)
9630:             1             16  net.minecraft.world.phys.shapes.BooleanOp$$Lambda$1561/0x0000000800740880 (minecraft@1.20.1)
9631:             1             16  net.minecraft.world.phys.shapes.BooleanOp$$Lambda$1562/0x0000000800740aa0 (minecraft@1.20.1)
9632:             1             16  net.minecraft.world.phys.shapes.BooleanOp$$Lambda$1563/0x0000000800740cc0 (minecraft@1.20.1)
9633:             1             16  net.minecraft.world.phys.shapes.BooleanOp$$Lambda$1564/0x0000000800740ee0 (minecraft@1.20.1)
9634:             1             16  net.minecraft.world.phys.shapes.BooleanOp$$Lambda$1565/0x0000000800741100 (minecraft@1.20.1)
9635:             1             16  net.minecraft.world.phys.shapes.BooleanOp$$Lambda$1566/0x0000000800741320 (minecraft@1.20.1)
9636:             1             16  net.minecraft.world.phys.shapes.Shapes$$Lambda$1428/0x0000000800662300 (minecraft@1.20.1)
9637:             1             16  net.minecraft.world.phys.shapes.Shapes$$Lambda$1550/0x000000080073eeb0 (minecraft@1.20.1)
9638:             1             16  net.minecraft.world.scores.criteria.ObjectiveCriteria$RenderType$$Lambda$2711/0x0000000800a08458 (minecraft@1.20.1)
9639:             1             16  net.minecraftforge.accesstransformer.AccessTransformer$FinalState$$Lambda$857/0x000000080047ad68 (accesstransformers@8.0.4)
9640:             1             16  net.minecraftforge.accesstransformer.AccessTransformer$FinalState$$Lambda$858/0x000000080047af88 (accesstransformers@8.0.4)
9641:             1             16  net.minecraftforge.accesstransformer.AccessTransformer$FinalState$$Lambda$859/0x000000080047b1a8 (accesstransformers@8.0.4)
9642:             1             16  net.minecraftforge.accesstransformer.AccessTransformer$FinalState$$Lambda$860/0x000000080047b3c8 (accesstransformers@8.0.4)
9643:             1             16  net.minecraftforge.accesstransformer.AccessTransformer$Modifier$$Lambda$856/0x000000080047a8f0 (accesstransformers@8.0.4)
9644:             1             16  net.minecraftforge.accesstransformer.AccessTransformerEngine$$Lambda$1014/0x000000080054d920 (accesstransformers@8.0.4)
9645:             1             16  net.minecraftforge.accesstransformer.AccessTransformerEngine$$Lambda$1017/0x000000080054e010 (accesstransformers@8.0.4)
9646:             1             16  net.minecraftforge.accesstransformer.MethodTarget$$Lambda$854/0x0000000800479bf0 (accesstransformers@8.0.4)
9647:             1             16  net.minecraftforge.accesstransformer.MethodTarget$$Lambda$855/0x0000000800479e30 (accesstransformers@8.0.4)
9648:             1             16  net.minecraftforge.accesstransformer.parser.AccessTransformVisitor$$Lambda$853/0x00000008004799b0 (accesstransformers@8.0.4)
9649:             1             16  net.minecraftforge.accesstransformer.parser.AccessTransformerList$$Lambda$1005/0x000000080054c4e8 (accesstransformers@8.0.4)
9650:             1             16  net.minecraftforge.accesstransformer.parser.AccessTransformerList$$Lambda$1006/0x000000080054c728 (accesstransformers@8.0.4)
9651:             1             16  net.minecraftforge.accesstransformer.parser.AccessTransformerList$$Lambda$1007/0x000000080054c968 (accesstransformers@8.0.4)
9652:             1             16  net.minecraftforge.accesstransformer.parser.AccessTransformerList$$Lambda$1008/0x000000080054cb88 (accesstransformers@8.0.4)
9653:             1             16  net.minecraftforge.accesstransformer.parser.AccessTransformerList$$Lambda$863/0x000000080047c090 (accesstransformers@8.0.4)
9654:             1             16  net.minecraftforge.accesstransformer.service.AccessTransformerService (accesstransformers@8.0.4)
9655:             1             16  net.minecraftforge.client.ChunkRenderTypeSet (forge@47.4.13)
9656:             1             16  net.minecraftforge.client.ChunkRenderTypeSet$All (forge@47.4.13)
9657:             1             16  net.minecraftforge.client.ChunkRenderTypeSet$All$$Lambda$5648/0x0000000800e21268 (forge@47.4.13)
9658:             1             16  net.minecraftforge.client.ChunkRenderTypeSet$None (forge@47.4.13)
9659:             1             16  net.minecraftforge.client.ForgeHooksClient$$Lambda$5000/0x0000000800d59f08 (forge@47.4.13)
9660:             1             16  net.minecraftforge.client.ForgeRenderTypes$$Lambda$4883/0x0000000800d0e458 (forge@47.4.13)
9661:             1             16  net.minecraftforge.client.ForgeRenderTypes$$Lambda$4886/0x0000000800d0ef10 (forge@47.4.13)
9662:             1             16  net.minecraftforge.client.ForgeRenderTypes$$Lambda$4887/0x0000000800d0f130 (forge@47.4.13)
9663:             1             16  net.minecraftforge.client.ForgeRenderTypes$$Lambda$4888/0x0000000800d0f350 (forge@47.4.13)
9664:             1             16  net.minecraftforge.client.ForgeRenderTypes$$Lambda$4889/0x0000000800d0f570 (forge@47.4.13)
9665:             1             16  net.minecraftforge.client.ForgeRenderTypes$$Lambda$4890/0x0000000800d0f790 (forge@47.4.13)
9666:             1             16  net.minecraftforge.client.ForgeRenderTypes$$Lambda$4891/0x0000000800d0f9b0 (forge@47.4.13)
9667:             1             16  net.minecraftforge.client.ForgeRenderTypes$$Lambda$4892/0x0000000800d0fbd0 (forge@47.4.13)
9668:             1             16  net.minecraftforge.client.ForgeRenderTypes$Internal$$Lambda$4893/0x0000000800d106a8 (forge@47.4.13)
9669:             1             16  net.minecraftforge.client.ForgeRenderTypes$Internal$$Lambda$4894/0x0000000800d108c8 (forge@47.4.13)
9670:             1             16  net.minecraftforge.client.ForgeRenderTypes$Internal$$Lambda$4895/0x0000000800d10b08 (forge@47.4.13)
9671:             1             16  net.minecraftforge.client.ForgeRenderTypes$Internal$$Lambda$4896/0x0000000800d10d38 (forge@47.4.13)
9672:             1             16  net.minecraftforge.client.ForgeRenderTypes$Internal$$Lambda$4897/0x0000000800d10f78 (forge@47.4.13)
9673:             1             16  net.minecraftforge.client.ForgeRenderTypes$Internal$$Lambda$4898/0x0000000800d111b8 (forge@47.4.13)
9674:             1             16  net.minecraftforge.client.ForgeRenderTypes$Internal$$Lambda$4899/0x0000000800d113f8 (forge@47.4.13)
9675:             1             16  net.minecraftforge.client.ForgeRenderTypes$Internal$$Lambda$4900/0x0000000800d11638 (forge@47.4.13)
9676:             1             16  net.minecraftforge.client.ForgeRenderTypes$Internal$$Lambda$4901/0x0000000800d11878 (forge@47.4.13)
9677:             1             16  net.minecraftforge.client.ForgeRenderTypes$Internal$$Lambda$4902/0x0000000800d11ab8 (forge@47.4.13)
9678:             1             16  net.minecraftforge.client.ForgeRenderTypes$Internal$$Lambda$4903/0x0000000800d11cf8 (forge@47.4.13)
9679:             1             16  net.minecraftforge.client.ForgeRenderTypes$Internal$$Lambda$4904/0x0000000800d11f38 (forge@47.4.13)
9680:             1             16  net.minecraftforge.client.ForgeRenderTypes$Internal$$Lambda$4905/0x0000000800d12178 (forge@47.4.13)
9681:             1             16  net.minecraftforge.client.ForgeRenderTypes$Internal$$Lambda$4906/0x0000000800d123b8 (forge@47.4.13)
9682:             1             16  net.minecraftforge.client.ForgeRenderTypes$Internal$$Lambda$4907/0x0000000800d125f8 (forge@47.4.13)
9683:             1             16  net.minecraftforge.client.ForgeRenderTypes$Internal$$Lambda$4908/0x0000000800d12838 (forge@47.4.13)
9684:             1             16  net.minecraftforge.client.ForgeRenderTypes$Internal$$Lambda$4909/0x0000000800d12a78 (forge@47.4.13)
9685:             1             16  net.minecraftforge.client.ForgeRenderTypes$Internal$$Lambda$4910/0x0000000800d12c98 (forge@47.4.13)
9686:             1             16  net.minecraftforge.client.ForgeRenderTypes$Internal$$Lambda$4912/0x0000000800d130e0 (forge@47.4.13)
9687:             1             16  net.minecraftforge.client.ForgeRenderTypes$Internal$$Lambda$4913/0x0000000800d13300 (forge@47.4.13)
9688:             1             16  net.minecraftforge.client.ForgeRenderTypes$Internal$$Lambda$4914/0x0000000800d13520 (forge@47.4.13)
9689:             1             16  net.minecraftforge.client.ForgeRenderTypes$Internal$$Lambda$4915/0x0000000800d13740 (forge@47.4.13)
9690:             1             16  net.minecraftforge.client.ItemDecoratorHandler (forge@47.4.13)
9691:             1             16  net.minecraftforge.client.gui.LoadingErrorScreen$$Lambda$6025/0x0000000800ea5930 (forge@47.4.13)
9692:             1             16  net.minecraftforge.client.gui.LoadingErrorScreen$$Lambda$6026/0x0000000800ea5b58 (forge@47.4.13)
9693:             1             16  net.minecraftforge.client.gui.LoadingErrorScreen$$Lambda$6027/0x0000000800ea5d80 (forge@47.4.13)
9694:             1             16  net.minecraftforge.client.gui.overlay.GuiOverlayManager$$Lambda$5145/0x0000000800d9ccb0 (forge@47.4.13)
9695:             1             16  net.minecraftforge.client.gui.overlay.VanillaGuiOverlay$$Lambda$5118/0x0000000800d94dc8 (forge@47.4.13)
9696:             1             16  net.minecraftforge.client.gui.overlay.VanillaGuiOverlay$$Lambda$5119/0x0000000800d94fe8 (forge@47.4.13)
9697:             1             16  net.minecraftforge.client.gui.overlay.VanillaGuiOverlay$$Lambda$5120/0x0000000800d95208 (forge@47.4.13)
9698:             1             16  net.minecraftforge.client.gui.overlay.VanillaGuiOverlay$$Lambda$5121/0x0000000800d95428 (forge@47.4.13)
9699:             1             16  net.minecraftforge.client.gui.overlay.VanillaGuiOverlay$$Lambda$5122/0x0000000800d95648 (forge@47.4.13)
9700:             1             16  net.minecraftforge.client.gui.overlay.VanillaGuiOverlay$$Lambda$5123/0x0000000800d95868 (forge@47.4.13)
9701:             1             16  net.minecraftforge.client.gui.overlay.VanillaGuiOverlay$$Lambda$5124/0x0000000800d95a88 (forge@47.4.13)
9702:             1             16  net.minecraftforge.client.gui.overlay.VanillaGuiOverlay$$Lambda$5125/0x0000000800d95ca8 (forge@47.4.13)
9703:             1             16  net.minecraftforge.client.gui.overlay.VanillaGuiOverlay$$Lambda$5126/0x0000000800d95ec8 (forge@47.4.13)
9704:             1             16  net.minecraftforge.client.gui.overlay.VanillaGuiOverlay$$Lambda$5127/0x0000000800d960e8 (forge@47.4.13)
9705:             1             16  net.minecraftforge.client.gui.overlay.VanillaGuiOverlay$$Lambda$5128/0x0000000800d96308 (forge@47.4.13)
9706:             1             16  net.minecraftforge.client.gui.overlay.VanillaGuiOverlay$$Lambda$5129/0x0000000800d96528 (forge@47.4.13)
9707:             1             16  net.minecraftforge.client.gui.overlay.VanillaGuiOverlay$$Lambda$5130/0x0000000800d96748 (forge@47.4.13)
9708:             1             16  net.minecraftforge.client.gui.overlay.VanillaGuiOverlay$$Lambda$5131/0x0000000800d96968 (forge@47.4.13)
9709:             1             16  net.minecraftforge.client.gui.overlay.VanillaGuiOverlay$$Lambda$5132/0x0000000800d96b88 (forge@47.4.13)
9710:             1             16  net.minecraftforge.client.gui.overlay.VanillaGuiOverlay$$Lambda$5133/0x0000000800d96da8 (forge@47.4.13)
9711:             1             16  net.minecraftforge.client.gui.overlay.VanillaGuiOverlay$$Lambda$5134/0x0000000800d96fc8 (forge@47.4.13)
9712:             1             16  net.minecraftforge.client.gui.overlay.VanillaGuiOverlay$$Lambda$5135/0x0000000800d971e8 (forge@47.4.13)
9713:             1             16  net.minecraftforge.client.gui.overlay.VanillaGuiOverlay$$Lambda$5136/0x0000000800d97408 (forge@47.4.13)
9714:             1             16  net.minecraftforge.client.gui.overlay.VanillaGuiOverlay$$Lambda$5137/0x0000000800d97628 (forge@47.4.13)
9715:             1             16  net.minecraftforge.client.gui.overlay.VanillaGuiOverlay$$Lambda$5138/0x0000000800d97848 (forge@47.4.13)
9716:             1             16  net.minecraftforge.client.gui.overlay.VanillaGuiOverlay$$Lambda$5139/0x0000000800d97a68 (forge@47.4.13)
9717:             1             16  net.minecraftforge.client.gui.overlay.VanillaGuiOverlay$$Lambda$5140/0x0000000800d97c88 (forge@47.4.13)
9718:             1             16  net.minecraftforge.client.gui.overlay.VanillaGuiOverlay$$Lambda$5141/0x0000000800d9c000 (forge@47.4.13)
9719:             1             16  net.minecraftforge.client.gui.overlay.VanillaGuiOverlay$$Lambda$5142/0x0000000800d9c220 (forge@47.4.13)
9720:             1             16  net.minecraftforge.client.gui.overlay.VanillaGuiOverlay$$Lambda$5143/0x0000000800d9c440 (forge@47.4.13)
9721:             1             16  net.minecraftforge.client.loading.ClientModLoader$$Lambda$4603/0x0000000800c3b6a0 (forge@47.4.13)
9722:             1             16  net.minecraftforge.client.loading.ClientModLoader$$Lambda$4604/0x0000000800c3b8c0 (forge@47.4.13)
9723:             1             16  net.minecraftforge.client.loading.ClientModLoader$$Lambda$4611/0x0000000800c80b20 (forge@47.4.13)
9724:             1             16  net.minecraftforge.client.loading.ClientModLoader$$Lambda$4651/0x0000000800c88690 (forge@47.4.13)
9725:             1             16  net.minecraftforge.client.loading.ForgeLoadingOverlay$$Lambda$5298/0x0000000800dccab0 (forge@47.4.13)
9726:             1             16  net.minecraftforge.client.loading.ForgeLoadingOverlay$$Lambda$5300/0x0000000800dd0690 (forge@47.4.13)
9727:             1             16  net.minecraftforge.client.model.ExtendedBlockModelDeserializer (forge@47.4.13)
9728:             1             16  net.minecraftforge.client.model.ForgeFaceData$$Lambda$5496/0x0000000800dff9c0 (forge@47.4.13)
9729:             1             16  net.minecraftforge.client.model.ForgeFaceData$$Lambda$5497/0x0000000800dffc00 (forge@47.4.13)
9730:             1             16  net.minecraftforge.client.model.ForgeFaceData$$Lambda$5498/0x0000000800dfd000 (forge@47.4.13)
9731:             1             16  net.minecraftforge.client.model.ForgeFaceData$$Lambda$5499/0x0000000800dfd240 (forge@47.4.13)
9732:             1             16  net.minecraftforge.client.model.ForgeFaceData$$Lambda$5500/0x0000000800dfd480 (forge@47.4.13)
9733:             1             16  net.minecraftforge.client.model.ForgeFaceData$$Lambda$5501/0x0000000800dfd6c0 (forge@47.4.13)
9734:             1             16  net.minecraftforge.client.model.ForgeFaceData$$Lambda$5502/0x0000000800dfd900 (forge@47.4.13)
9735:             1             16  net.minecraftforge.client.model.ForgeFaceData$$Lambda$5503/0x0000000800dfdb40 (forge@47.4.13)
9736:             1             16  net.minecraftforge.client.model.ForgeFaceData$$Lambda$5504/0x0000000800dfdd80 (forge@47.4.13)
9737:             1             16  net.minecraftforge.client.model.QuadTransformers$$Lambda$5629/0x0000000800e1f690 (forge@47.4.13)
9738:             1             16  net.minecraftforge.client.model.QuadTransformers$$Lambda$5630/0x0000000800e1fae8 (forge@47.4.13)
9739:             1             16  net.minecraftforge.client.model.QuadTransformers$$Lambda$5631/0x0000000800e1fd18 (forge@47.4.13)
9740:             1             16  net.minecraftforge.client.model.geometry.GeometryLoaderManager$$Lambda$5226/0x0000000800dbfcd0 (forge@47.4.13)
9741:             1             16  net.minecraftforge.client.model.lighting.ForgeModelBlockRenderer$$Lambda$4995/0x0000000800d54000 (forge@47.4.13)
9742:             1             16  net.minecraftforge.client.model.lighting.ForgeModelBlockRenderer$$Lambda$4996/0x0000000800d54228 (forge@47.4.13)
9743:             1             16  net.minecraftforge.client.settings.KeyMappingLookup (forge@47.4.13)
9744:             1             16  net.minecraftforge.client.settings.KeyMappingLookup$$Lambda$4479/0x0000000800c0f030 (forge@47.4.13)
9745:             1             16  net.minecraftforge.client.settings.KeyMappingLookup$$Lambda$4560/0x0000000800c19800 (forge@47.4.13)
9746:             1             16  net.minecraftforge.client.textures.ForgeTextureMetadata (forge@47.4.13)
9747:             1             16  net.minecraftforge.client.textures.ForgeTextureMetadata$Serializer (forge@47.4.13)
9748:             1             16  net.minecraftforge.common.ForgeConfig$$Lambda$5635/0x0000000800e269e0 (forge@47.4.13)
9749:             1             16  net.minecraftforge.common.ForgeConfig$$Lambda$5643/0x0000000800e22208 (forge@47.4.13)
9750:             1             16  net.minecraftforge.common.ForgeConfig$$Lambda$5644/0x0000000800e22658 (forge@47.4.13)
9751:             1             16  net.minecraftforge.common.ForgeConfig$Common (forge@47.4.13)
9752:             1             16  net.minecraftforge.common.ForgeConfigSpec$Builder$$Lambda$5634/0x0000000800e26330 (forge@47.4.13)
9753:             1             16  net.minecraftforge.common.ForgeConfigSpec$Builder$$Lambda$5638/0x0000000800e27560 (forge@47.4.13)
9754:             1             16  net.minecraftforge.common.ForgeConfigSpec$Builder$$Lambda$5646/0x0000000800e22fa8 (forge@47.4.13)
9755:             1             16  net.minecraftforge.common.ForgeConfigSpec$Builder$$Lambda$5647/0x0000000800e23200 (forge@47.4.13)
9756:             1             16  net.minecraftforge.common.ForgeConfigSpec$BuilderContext$$Lambda$5636/0x0000000800e26c20 (forge@47.4.13)
9757:             1             16  net.minecraftforge.common.ForgeHooks$$Lambda$4697/0x0000000800c9cde0 (forge@47.4.13)
9758:             1             16  net.minecraftforge.common.ForgeI18n$$Lambda$4231/0x0000000800b85cc8 (forge@47.4.13)
9759:             1             16  net.minecraftforge.common.ForgeI18n$$Lambda$4232/0x0000000800b85ee8 (forge@47.4.13)
9760:             1             16  net.minecraftforge.common.ForgeI18n$$Lambda$4233/0x0000000800b86108 (forge@47.4.13)
9761:             1             16  net.minecraftforge.common.ForgeI18n$$Lambda$4234/0x0000000800b86328 (forge@47.4.13)
9762:             1             16  net.minecraftforge.common.ForgeI18n$$Lambda$4235/0x0000000800b86548 (forge@47.4.13)
9763:             1             16  net.minecraftforge.common.ForgeI18n$$Lambda$4236/0x0000000800b86768 (forge@47.4.13)
9764:             1             16  net.minecraftforge.common.ForgeI18n$$Lambda$4237/0x0000000800b86988 (forge@47.4.13)
9765:             1             16  net.minecraftforge.common.ForgeI18n$$Lambda$4238/0x0000000800b86ba8 (forge@47.4.13)
9766:             1             16  net.minecraftforge.common.ForgeI18n$$Lambda$4668/0x0000000800c89168 (forge@47.4.13)
9767:             1             16  net.minecraftforge.common.ForgeInternalHandler (forge@47.4.13)
9768:             1             16  net.minecraftforge.common.ForgeStatesProvider$$Lambda$4638/0x0000000800c83730 (forge@47.4.13)
9769:             1             16  net.minecraftforge.common.ForgeStatesProvider$$Lambda$4639/0x0000000800c83960 (forge@47.4.13)
9770:             1             16  net.minecraftforge.common.ForgeStatesProvider$$Lambda$4640/0x0000000800c83b90 (forge@47.4.13)
9771:             1             16  net.minecraftforge.common.ForgeStatesProvider$$Lambda$4641/0x0000000800c83dc0 (forge@47.4.13)
9772:             1             16  net.minecraftforge.common.ForgeStatesProvider$$Lambda$4642/0x0000000800c88000 (forge@47.4.13)
9773:             1             16  net.minecraftforge.common.ForgeStatesProvider$$Lambda$4643/0x0000000800c88230 (forge@47.4.13)
9774:             1             16  net.minecraftforge.common.ForgeStatesProvider$$Lambda$4644/0x0000000800c88460 (forge@47.4.13)
9775:             1             16  net.minecraftforge.common.IExtensibleEnum$$Lambda$1795/0x00000008007fbfa8 (forge@47.4.13)
9776:             1             16  net.minecraftforge.common.capabilities.CapabilityProvider$$Lambda$4980/0x0000000800d34030 (forge@47.4.13)
9777:             1             16  net.minecraftforge.common.util.LogicalSidedProvider$$Lambda$4605/0x0000000800c3bd00 (forge@47.4.13)
9778:             1             16  net.minecraftforge.common.util.LogicalSidedProvider$$Lambda$4606/0x0000000800c80000 (forge@47.4.13)
9779:             1             16  net.minecraftforge.common.util.LogicalSidedProvider$$Lambda$4607/0x0000000800c80240 (forge@47.4.13)
9780:             1             16  net.minecraftforge.common.util.LogicalSidedProvider$$Lambda$4608/0x0000000800c80480 (forge@47.4.13)
9781:             1             16  net.minecraftforge.common.util.MavenVersionStringHelper$$Lambda$4670/0x0000000800c895d0 (forge@47.4.13)
9782:             1             16  net.minecraftforge.common.util.TransformationHelper$Deserializer (forge@47.4.13)
9783:             1             16  net.minecraftforge.coremod.CoreMod$$Lambda$920/0x00000008005013f0 (net.minecraftforge.coremod)
9784:             1             16  net.minecraftforge.coremod.CoreMod$$Lambda$921/0x0000000800501630 (net.minecraftforge.coremod)
9785:             1             16  net.minecraftforge.coremod.CoreModEngine (net.minecraftforge.coremod)
9786:             1             16  net.minecraftforge.coremod.CoreModEngine$$Lambda$913/0x00000008004ef660 (net.minecraftforge.coremod)
9787:             1             16  net.minecraftforge.coremod.CoreModEngine$$Lambda$914/0x00000008004ef8a0 (net.minecraftforge.coremod)
9788:             1             16  net.minecraftforge.coremod.CoreModProvider (net.minecraftforge.coremod)
9789:             1             16  net.minecraftforge.coremod.CoreModTracker (net.minecraftforge.coremod)
9790:             1             16  net.minecraftforge.coremod.CoreModTracker$$Lambda$899/0x00000008004c4620 (net.minecraftforge.coremod)
9791:             1             16  net.minecraftforge.coremod.NashornFactory$$Lambda$808/0x00000008003d9f30 (net.minecraftforge.coremod)
9792:             1             16  net.minecraftforge.coremod.api.ASMAPI$$Lambda$909/0x00000008004ed9f8 (net.minecraftforge.coremod)
9793:             1             16  net.minecraftforge.coremod.api.ASMAPI$$Lambda$910/0x00000008004edc38 (net.minecraftforge.coremod)
9794:             1             16  net.minecraftforge.eventbus.EventAccessTransformer (net.minecraftforge.eventbus)
9795:             1             16  net.minecraftforge.eventbus.EventAccessTransformer$$Lambda$961/0x0000000800523a68 (net.minecraftforge.eventbus)
9796:             1             16  net.minecraftforge.eventbus.EventAccessTransformer$$Lambda$963/0x0000000800523ef0 (net.minecraftforge.eventbus)
9797:             1             16  net.minecraftforge.eventbus.EventAccessTransformer$$Lambda$967/0x00000008005247e8 (net.minecraftforge.eventbus)
9798:             1             16  net.minecraftforge.eventbus.EventBus$$Lambda$4259/0x0000000800ba7788 (net.minecraftforge.eventbus)
9799:             1             16  net.minecraftforge.eventbus.EventBus$$Lambda$4981/0x0000000800d2d5c0 (net.minecraftforge.eventbus)
9800:             1             16  net.minecraftforge.eventbus.EventSubclassTransformer (net.minecraftforge.eventbus)
9801:             1             16  net.minecraftforge.eventbus.service.ModLauncherService (net.minecraftforge.eventbus)
9802:             1             16  net.minecraftforge.eventbus.service.ModLauncherService$$Lambda$956/0x0000000800514238 (net.minecraftforge.eventbus)
9803:             1             16  net.minecraftforge.fml.Bindings$$Lambda$4662/0x0000000800c8dc88 (fmlcore@1.20.1-47.4.13)
9804:             1             16  net.minecraftforge.fml.ModList$$Lambda$4653/0x0000000800c8c240 (fmlcore@1.20.1-47.4.13)
9805:             1             16  net.minecraftforge.fml.ModList$$Lambda$4656/0x0000000800c8c910 (fmlcore@1.20.1-47.4.13)
9806:             1             16  net.minecraftforge.fml.ModList$$Lambda$4657/0x0000000800c8cb50 (fmlcore@1.20.1-47.4.13)
9807:             1             16  net.minecraftforge.fml.ModList$$Lambda$4659/0x0000000800c8cfd8 (fmlcore@1.20.1-47.4.13)
9808:             1             16  net.minecraftforge.fml.ModList$$Lambda$4660/0x0000000800c8d218 (fmlcore@1.20.1-47.4.13)
9809:             1             16  net.minecraftforge.fml.ModList$$Lambda$4661/0x0000000800c8d458 (fmlcore@1.20.1-47.4.13)
9810:             1             16  net.minecraftforge.fml.ModList$$Lambda$4674/0x0000000800c8e300 (fmlcore@1.20.1-47.4.13)
9811:             1             16  net.minecraftforge.fml.ModList$$Lambda$6006/0x0000000800c8f6b8 (fmlcore@1.20.1-47.4.13)
9812:             1             16  net.minecraftforge.fml.ModList$$Lambda$6007/0x0000000800c8f8f8 (fmlcore@1.20.1-47.4.13)
9813:             1             16  net.minecraftforge.fml.ModList$$Lambda$6008/0x0000000800c8fb38 (fmlcore@1.20.1-47.4.13)
9814:             1             16  net.minecraftforge.fml.ModLoader$$Lambda$4613/0x00000008005c9f80 (fmlcore@1.20.1-47.4.13)
9815:             1             16  net.minecraftforge.fml.ModLoader$$Lambda$4615/0x00000008005cac88 (fmlcore@1.20.1-47.4.13)
9816:             1             16  net.minecraftforge.fml.ModLoader$$Lambda$4616/0x00000008005caec8 (fmlcore@1.20.1-47.4.13)
9817:             1             16  net.minecraftforge.fml.ModLoader$$Lambda$4618/0x00000008005cb370 (fmlcore@1.20.1-47.4.13)
9818:             1             16  net.minecraftforge.fml.ModLoader$$Lambda$4645/0x0000000800c86968 (fmlcore@1.20.1-47.4.13)
9819:             1             16  net.minecraftforge.fml.ModLoader$$Lambda$4646/0x0000000800c86df8 (fmlcore@1.20.1-47.4.13)
9820:             1             16  net.minecraftforge.fml.ModLoader$$Lambda$4647/0x0000000800c87018 (fmlcore@1.20.1-47.4.13)
9821:             1             16  net.minecraftforge.fml.ModLoader$$Lambda$4648/0x0000000800c87238 (fmlcore@1.20.1-47.4.13)
9822:             1             16  net.minecraftforge.fml.ModLoader$$Lambda$4649/0x0000000800c87460 (fmlcore@1.20.1-47.4.13)
9823:             1             16  net.minecraftforge.fml.ModLoader$$Lambda$4652/0x0000000800c8c000 (fmlcore@1.20.1-47.4.13)
9824:             1             16  net.minecraftforge.fml.ModLoader$$Lambda$4672/0x0000000800c8dea8 (fmlcore@1.20.1-47.4.13)
9825:             1             16  net.minecraftforge.fml.ModLoader$$Lambda$5116/0x0000000800c8e540 (fmlcore@1.20.1-47.4.13)
9826:             1             16  net.minecraftforge.fml.ModLoader$$Lambda$5117/0x0000000800c8e770 (fmlcore@1.20.1-47.4.13)
9827:             1             16  net.minecraftforge.fml.ModLoader$$Lambda$6003/0x0000000800c8eff0 (fmlcore@1.20.1-47.4.13)
9828:             1             16  net.minecraftforge.fml.ModLoader$$Lambda$6004/0x0000000800c8f230 (fmlcore@1.20.1-47.4.13)
9829:             1             16  net.minecraftforge.fml.ModLoadingContext$$Lambda$1443/0x00000008005c88d8 (fmlcore@1.20.1-47.4.13)
9830:             1             16  net.minecraftforge.fml.ModLoadingState$$Lambda$4625/0x0000000800c85608 (fmlcore@1.20.1-47.4.13)
9831:             1             16  net.minecraftforge.fml.ModLoadingState$$Lambda$4626/0x0000000800c85848 (fmlcore@1.20.1-47.4.13)
9832:             1             16  net.minecraftforge.fml.ModLoadingState$$Lambda$4628/0x0000000800c85a68 (fmlcore@1.20.1-47.4.13)
9833:             1             16  net.minecraftforge.fml.ModLoadingState$$Lambda$4631/0x0000000800c85ed0 (fmlcore@1.20.1-47.4.13)
9834:             1             16  net.minecraftforge.fml.ModLoadingState$$Lambda$4633/0x0000000800c86338 (fmlcore@1.20.1-47.4.13)
9835:             1             16  net.minecraftforge.fml.ModStateManager (fmlcore@1.20.1-47.4.13)
9836:             1             16  net.minecraftforge.fml.ModStateManager$$Lambda$4620/0x00000008005cbc08 (fmlcore@1.20.1-47.4.13)
9837:             1             16  net.minecraftforge.fml.ModStateManager$$Lambda$4621/0x0000000800c84000 (fmlcore@1.20.1-47.4.13)
9838:             1             16  net.minecraftforge.fml.ModStateManager$$Lambda$4622/0x0000000800c84240 (fmlcore@1.20.1-47.4.13)
9839:             1             16  net.minecraftforge.fml.ModStateManager$$Lambda$4623/0x0000000800c848b8 (fmlcore@1.20.1-47.4.13)
9840:             1             16  net.minecraftforge.fml.ModStateManager$$Lambda$4624/0x0000000800c84af8 (fmlcore@1.20.1-47.4.13)
9841:             1             16  net.minecraftforge.fml.ModWorkManager$$Lambda$4650/0x0000000800c87d08 (fmlcore@1.20.1-47.4.13)
9842:             1             16  net.minecraftforge.fml.ModWorkManager$SyncExecutor (fmlcore@1.20.1-47.4.13)
9843:             1             16  net.minecraftforge.fml.common.asm.CapabilityTokenSubclass (fmlloader@1.20.1-47.4.13)
9844:             1             16  net.minecraftforge.fml.common.asm.ObjectHolderDefinalize (fmlloader@1.20.1-47.4.13)
9845:             1             16  net.minecraftforge.fml.common.asm.ObjectHolderDefinalize$$Lambda$1437/0x00000008006754a0 (fmlloader@1.20.1-47.4.13)
9846:             1             16  net.minecraftforge.fml.common.asm.ObjectHolderDefinalize$$Lambda$356/0x00000008002b5620 (fmlloader@1.20.1-47.4.13)
9847:             1             16  net.minecraftforge.fml.common.asm.ObjectHolderDefinalize$$Lambda$357/0x00000008002b5860 (fmlloader@1.20.1-47.4.13)
9848:             1             16  net.minecraftforge.fml.common.asm.ObjectHolderDefinalize$$Lambda$985/0x00000008005271b8 (fmlloader@1.20.1-47.4.13)
9849:             1             16  net.minecraftforge.fml.common.asm.RuntimeEnumExtender (fmlloader@1.20.1-47.4.13)
9850:             1             16  net.minecraftforge.fml.common.asm.RuntimeEnumExtender$$Lambda$1787/0x00000008007b9bc0 (fmlloader@1.20.1-47.4.13)
9851:             1             16  net.minecraftforge.fml.core.ModStateProvider$$Lambda$4627/0x0000000800c81198 (forge@47.4.13)
9852:             1             16  net.minecraftforge.fml.core.ModStateProvider$$Lambda$4629/0x0000000800c81db0 (forge@47.4.13)
9853:             1             16  net.minecraftforge.fml.core.ModStateProvider$$Lambda$4634/0x0000000800c82260 (forge@47.4.13)
9854:             1             16  net.minecraftforge.fml.core.ModStateProvider$$Lambda$4635/0x0000000800c82480 (forge@47.4.13)
9855:             1             16  net.minecraftforge.fml.core.ModStateProvider$$Lambda$4636/0x0000000800c826a0 (forge@47.4.13)
9856:             1             16  net.minecraftforge.fml.core.ModStateProvider$$Lambda$4637/0x0000000800c83040 (forge@47.4.13)
9857:             1             16  net.minecraftforge.fml.earlydisplay.DisplayWindow$$Lambda$1018/0x000000080054e240 (fmlearlydisplay@1.20.1-47.4.13)
9858:             1             16  net.minecraftforge.fml.earlydisplay.DisplayWindow$$Lambda$433/0x000000080031dd10 (fmlearlydisplay@1.20.1-47.4.13)
9859:             1             16  net.minecraftforge.fml.earlydisplay.DisplayWindow$$Lambda$437/0x000000080031f9d0 (fmlearlydisplay@1.20.1-47.4.13)
9860:             1             16  net.minecraftforge.fml.earlydisplay.DisplayWindow$$Lambda$455/0x000000080032cc48 (fmlearlydisplay@1.20.1-47.4.13)
9861:             1             16  net.minecraftforge.fml.earlydisplay.DisplayWindow$$Lambda$4575/0x0000000800c25518 (fmlearlydisplay@1.20.1-47.4.13)
9862:             1             16  net.minecraftforge.fml.earlydisplay.DisplayWindow$$Lambda$462/0x0000000800332388 (fmlearlydisplay@1.20.1-47.4.13)
9863:             1             16  net.minecraftforge.fml.earlydisplay.DisplayWindow$$Lambda$953/0x000000080050f7d0 (fmlearlydisplay@1.20.1-47.4.13)
9864:             1             16  net.minecraftforge.fml.earlydisplay.RenderElement$$Lambda$600/0x000000080037d290 (fmlearlydisplay@1.20.1-47.4.13)
9865:             1             16  net.minecraftforge.fml.earlydisplay.RenderElement$$Lambda$605/0x0000000800384c50 (fmlearlydisplay@1.20.1-47.4.13)
9866:             1             16  net.minecraftforge.fml.earlydisplay.RenderElement$$Lambda$610/0x0000000800385740 (fmlearlydisplay@1.20.1-47.4.13)
9867:             1             16  net.minecraftforge.fml.earlydisplay.RenderElement$$Lambda$612/0x0000000800385bb0 (fmlearlydisplay@1.20.1-47.4.13)
9868:             1             16  net.minecraftforge.fml.earlydisplay.RenderElement$$Lambda$625/0x0000000800382ef8 (fmlearlydisplay@1.20.1-47.4.13)
9869:             1             16  net.minecraftforge.fml.earlydisplay.SimpleBufferBuilder$Format$$Lambda$602/0x00000008003841f8 (fmlearlydisplay@1.20.1-47.4.13)
9870:             1             16  net.minecraftforge.fml.javafmlmod.FMLJavaModLanguageProvider (javafmllanguage@1.20.1-47.4.13)
9871:             1             16  net.minecraftforge.fml.javafmlmod.FMLJavaModLanguageProvider$$Lambda$1021/0x00000008005128e8 (javafmllanguage@1.20.1-47.4.13)
9872:             1             16  net.minecraftforge.fml.javafmlmod.FMLJavaModLanguageProvider$$Lambda$1022/0x0000000800512b18 (javafmllanguage@1.20.1-47.4.13)
9873:             1             16  net.minecraftforge.fml.javafmlmod.FMLJavaModLanguageProvider$$Lambda$1023/0x0000000800512d68 (javafmllanguage@1.20.1-47.4.13)
9874:             1             16  net.minecraftforge.fml.javafmlmod.FMLJavaModLanguageProvider$$Lambda$1024/0x00000008005131d0 (javafmllanguage@1.20.1-47.4.13)
9875:             1             16  net.minecraftforge.fml.javafmlmod.FMLJavaModLanguageProvider$$Lambda$1025/0x0000000800513698 (javafmllanguage@1.20.1-47.4.13)
9876:             1             16  net.minecraftforge.fml.javafmlmod.FMLJavaModLanguageProvider$$Lambda$1026/0x00000008005138d8 (javafmllanguage@1.20.1-47.4.13)
9877:             1             16  net.minecraftforge.fml.loading.ClasspathTransformerDiscoverer$$Lambda$374/0x0000000800300698 (fmlloader@1.20.1-47.4.13)
9878:             1             16  net.minecraftforge.fml.loading.FMLConfig (fmlloader@1.20.1-47.4.13)
9879:             1             16  net.minecraftforge.fml.loading.FMLConfig$ConfigValue$$Lambda$382/0x0000000800307a28 (fmlloader@1.20.1-47.4.13)
9880:             1             16  net.minecraftforge.fml.loading.FMLConfig$ConfigValue$$Lambda$384/0x0000000800305898 (fmlloader@1.20.1-47.4.13)
9881:             1             16  net.minecraftforge.fml.loading.FMLEnvironment$$Lambda$510/0x0000000800351f40 (fmlloader@1.20.1-47.4.13)
9882:             1             16  net.minecraftforge.fml.loading.FMLEnvironment$$Lambda$511/0x0000000800352180 (fmlloader@1.20.1-47.4.13)
9883:             1             16  net.minecraftforge.fml.loading.FMLLoader$$Lambda$474/0x0000000800337b88 (fmlloader@1.20.1-47.4.13)
9884:             1             16  net.minecraftforge.fml.loading.FMLLoader$$Lambda$475/0x0000000800337dc8 (fmlloader@1.20.1-47.4.13)
9885:             1             16  net.minecraftforge.fml.loading.FMLLoader$$Lambda$476/0x0000000800335000 (fmlloader@1.20.1-47.4.13)
9886:             1             16  net.minecraftforge.fml.loading.FMLLoader$$Lambda$477/0x0000000800335220 (fmlloader@1.20.1-47.4.13)
9887:             1             16  net.minecraftforge.fml.loading.FMLLoader$$Lambda$478/0x0000000800335640 (fmlloader@1.20.1-47.4.13)
9888:             1             16  net.minecraftforge.fml.loading.FMLLoader$$Lambda$6002/0x0000000800e3af68 (fmlloader@1.20.1-47.4.13)
9889:             1             16  net.minecraftforge.fml.loading.FMLPaths$$Lambda$504/0x000000080034d4b0 (fmlloader@1.20.1-47.4.13)
9890:             1             16  net.minecraftforge.fml.loading.FMLServiceProvider$$Lambda$467/0x0000000800333c10 (fmlloader@1.20.1-47.4.13)
9891:             1             16  net.minecraftforge.fml.loading.FMLServiceProvider$$Lambda$505/0x000000080034df20 (fmlloader@1.20.1-47.4.13)
9892:             1             16  net.minecraftforge.fml.loading.FMLServiceProvider$$Lambda$506/0x000000080034ec90 (fmlloader@1.20.1-47.4.13)
9893:             1             16  net.minecraftforge.fml.loading.ImmediateWindowHandler$$Lambda$432/0x000000080031d198 (fmlloader@1.20.1-47.4.13)
9894:             1             16  net.minecraftforge.fml.loading.ImmediateWindowHandler$Wrapper (fmlloader@1.20.1-47.4.13)
9895:             1             16  net.minecraftforge.fml.loading.LanguageLoadingProvider$$Lambda$757/0x00000008003cea40 (fmlloader@1.20.1-47.4.13)
9896:             1             16  net.minecraftforge.fml.loading.LanguageLoadingProvider$$Lambda$759/0x00000008003d0000 (fmlloader@1.20.1-47.4.13)
9897:             1             16  net.minecraftforge.fml.loading.LoadingModList$$Lambda$795/0x00000008003d5a68 (fmlloader@1.20.1-47.4.13)
9898:             1             16  net.minecraftforge.fml.loading.LoadingModList$$Lambda$798/0x00000008003d8248 (fmlloader@1.20.1-47.4.13)
9899:             1             16  net.minecraftforge.fml.loading.LoadingModList$$Lambda$799/0x00000008003d8488 (fmlloader@1.20.1-47.4.13)
9900:             1             16  net.minecraftforge.fml.loading.LoadingModList$$Lambda$801/0x00000008003d8910 (fmlloader@1.20.1-47.4.13)
9901:             1             16  net.minecraftforge.fml.loading.LoadingModList$$Lambda$802/0x00000008003d8b50 (fmlloader@1.20.1-47.4.13)
9902:             1             16  net.minecraftforge.fml.loading.LoadingModList$$Lambda$803/0x00000008003d8d90 (fmlloader@1.20.1-47.4.13)
9903:             1             16  net.minecraftforge.fml.loading.LoadingModList$$Lambda$804/0x00000008003d8fd0 (fmlloader@1.20.1-47.4.13)
9904:             1             16  net.minecraftforge.fml.loading.LoadingModList$$Lambda$805/0x00000008003d9210 (fmlloader@1.20.1-47.4.13)
9905:             1             16  net.minecraftforge.fml.loading.LoadingModList$$Lambda$848/0x0000000800457be8 (fmlloader@1.20.1-47.4.13)
9906:             1             16  net.minecraftforge.fml.loading.LoadingModList$$Lambda$849/0x000000080045c000 (fmlloader@1.20.1-47.4.13)
9907:             1             16  net.minecraftforge.fml.loading.LoadingModList$$Lambda$865/0x000000080047cb78 (fmlloader@1.20.1-47.4.13)
9908:             1             16  net.minecraftforge.fml.loading.ModDirTransformerDiscoverer$$Lambda$407/0x0000000800315888 (fmlloader@1.20.1-47.4.13)
9909:             1             16  net.minecraftforge.fml.loading.ModDirTransformerDiscoverer$$Lambda$409/0x00000008003160e8 (fmlloader@1.20.1-47.4.13)
9910:             1             16  net.minecraftforge.fml.loading.ModDirTransformerDiscoverer$$Lambda$544/0x0000000800360970 (fmlloader@1.20.1-47.4.13)
9911:             1             16  net.minecraftforge.fml.loading.ModSorter$$Lambda$765/0x00000008003d1e18 (fmlloader@1.20.1-47.4.13)
9912:             1             16  net.minecraftforge.fml.loading.ModSorter$$Lambda$766/0x00000008003d2068 (fmlloader@1.20.1-47.4.13)
9913:             1             16  net.minecraftforge.fml.loading.ModSorter$$Lambda$767/0x00000008003d22a8 (fmlloader@1.20.1-47.4.13)
9914:             1             16  net.minecraftforge.fml.loading.ModSorter$$Lambda$768/0x00000008003d24e8 (fmlloader@1.20.1-47.4.13)
9915:             1             16  net.minecraftforge.fml.loading.ModSorter$$Lambda$769/0x00000008003d2728 (fmlloader@1.20.1-47.4.13)
9916:             1             16  net.minecraftforge.fml.loading.ModSorter$$Lambda$770/0x00000008003d2968 (fmlloader@1.20.1-47.4.13)
9917:             1             16  net.minecraftforge.fml.loading.ModSorter$$Lambda$771/0x00000008003d2ba8 (fmlloader@1.20.1-47.4.13)
9918:             1             16  net.minecraftforge.fml.loading.ModSorter$$Lambda$773/0x00000008003d3030 (fmlloader@1.20.1-47.4.13)
9919:             1             16  net.minecraftforge.fml.loading.ModSorter$$Lambda$774/0x00000008003d3280 (fmlloader@1.20.1-47.4.13)
9920:             1             16  net.minecraftforge.fml.loading.ModSorter$$Lambda$775/0x00000008003d34c0 (fmlloader@1.20.1-47.4.13)
9921:             1             16  net.minecraftforge.fml.loading.ModSorter$$Lambda$776/0x00000008003d3700 (fmlloader@1.20.1-47.4.13)
9922:             1             16  net.minecraftforge.fml.loading.ModSorter$$Lambda$777/0x00000008003d3940 (fmlloader@1.20.1-47.4.13)
9923:             1             16  net.minecraftforge.fml.loading.ModSorter$$Lambda$778/0x00000008003d3b70 (fmlloader@1.20.1-47.4.13)
9924:             1             16  net.minecraftforge.fml.loading.ModSorter$$Lambda$779/0x00000008003d3db0 (fmlloader@1.20.1-47.4.13)
9925:             1             16  net.minecraftforge.fml.loading.ModSorter$$Lambda$780/0x00000008003d6000 (fmlloader@1.20.1-47.4.13)
9926:             1             16  net.minecraftforge.fml.loading.ModSorter$$Lambda$781/0x00000008003d6240 (fmlloader@1.20.1-47.4.13)
9927:             1             16  net.minecraftforge.fml.loading.ModSorter$$Lambda$782/0x00000008003d6470 (fmlloader@1.20.1-47.4.13)
9928:             1             16  net.minecraftforge.fml.loading.ModSorter$$Lambda$785/0x00000008003d66b0 (fmlloader@1.20.1-47.4.13)
9929:             1             16  net.minecraftforge.fml.loading.ModSorter$$Lambda$786/0x00000008003d68e0 (fmlloader@1.20.1-47.4.13)
9930:             1             16  net.minecraftforge.fml.loading.ModSorter$$Lambda$787/0x00000008003d6b30 (fmlloader@1.20.1-47.4.13)
9931:             1             16  net.minecraftforge.fml.loading.ModSorter$$Lambda$790/0x00000008003d7230 (fmlloader@1.20.1-47.4.13)
9932:             1             16  net.minecraftforge.fml.loading.ModSorter$$Lambda$791/0x00000008003d7480 (fmlloader@1.20.1-47.4.13)
9933:             1             16  net.minecraftforge.fml.loading.ModSorter$$Lambda$794/0x00000008003d7d88 (fmlloader@1.20.1-47.4.13)
9934:             1             16  net.minecraftforge.fml.loading.RuntimeDistCleaner (fmlloader@1.20.1-47.4.13)
9935:             1             16  net.minecraftforge.fml.loading.RuntimeDistCleaner$$Lambda$509/0x0000000800351b08 (fmlloader@1.20.1-47.4.13)
9936:             1             16  net.minecraftforge.fml.loading.RuntimeDistCleaner$$Lambda$970/0x0000000800524ec8 (fmlloader@1.20.1-47.4.13)
9937:             1             16  net.minecraftforge.fml.loading.RuntimeDistCleaner$$Lambda$971/0x0000000800525118 (fmlloader@1.20.1-47.4.13)
9938:             1             16  net.minecraftforge.fml.loading.RuntimeDistCleaner$$Lambda$973/0x00000008005255c0 (fmlloader@1.20.1-47.4.13)
9939:             1             16  net.minecraftforge.fml.loading.RuntimeDistCleaner$$Lambda$974/0x0000000800525810 (fmlloader@1.20.1-47.4.13)
9940:             1             16  net.minecraftforge.fml.loading.RuntimeDistCleaner$$Lambda$975/0x0000000800525a60 (fmlloader@1.20.1-47.4.13)
9941:             1             16  net.minecraftforge.fml.loading.RuntimeDistCleaner$$Lambda$976/0x0000000800525cb0 (fmlloader@1.20.1-47.4.13)
9942:             1             16  net.minecraftforge.fml.loading.RuntimeDistCleaner$$Lambda$978/0x0000000800526650 (fmlloader@1.20.1-47.4.13)
9943:             1             16  net.minecraftforge.fml.loading.RuntimeDistCleaner$$Lambda$979/0x00000008005268a0 (fmlloader@1.20.1-47.4.13)
9944:             1             16  net.minecraftforge.fml.loading.RuntimeDistCleaner$$Lambda$980/0x0000000800526af0 (fmlloader@1.20.1-47.4.13)
9945:             1             16  net.minecraftforge.fml.loading.RuntimeDistCleaner$$Lambda$981/0x0000000800526d30 (fmlloader@1.20.1-47.4.13)
9946:             1             16  net.minecraftforge.fml.loading.UniqueModListBuilder$$Lambda$663/0x0000000800396510 (fmlloader@1.20.1-47.4.13)
9947:             1             16  net.minecraftforge.fml.loading.UniqueModListBuilder$$Lambda$664/0x0000000800396760 (fmlloader@1.20.1-47.4.13)
9948:             1             16  net.minecraftforge.fml.loading.UniqueModListBuilder$$Lambda$665/0x00000008003969a0 (fmlloader@1.20.1-47.4.13)
9949:             1             16  net.minecraftforge.fml.loading.UniqueModListBuilder$$Lambda$666/0x0000000800396bf0 (fmlloader@1.20.1-47.4.13)
9950:             1             16  net.minecraftforge.fml.loading.UniqueModListBuilder$$Lambda$669/0x00000008003972c0 (fmlloader@1.20.1-47.4.13)
9951:             1             16  net.minecraftforge.fml.loading.UniqueModListBuilder$$Lambda$670/0x0000000800397510 (fmlloader@1.20.1-47.4.13)
9952:             1             16  net.minecraftforge.fml.loading.UniqueModListBuilder$$Lambda$671/0x0000000800397750 (fmlloader@1.20.1-47.4.13)
9953:             1             16  net.minecraftforge.fml.loading.UniqueModListBuilder$$Lambda$672/0x0000000800397990 (fmlloader@1.20.1-47.4.13)
9954:             1             16  net.minecraftforge.fml.loading.UniqueModListBuilder$$Lambda$673/0x0000000800397bd0 (fmlloader@1.20.1-47.4.13)
9955:             1             16  net.minecraftforge.fml.loading.UniqueModListBuilder$$Lambda$675/0x0000000800393248 (fmlloader@1.20.1-47.4.13)
9956:             1             16  net.minecraftforge.fml.loading.UniqueModListBuilder$$Lambda$676/0x0000000800393498 (fmlloader@1.20.1-47.4.13)
9957:             1             16  net.minecraftforge.fml.loading.UniqueModListBuilder$$Lambda$677/0x00000008003936d8 (fmlloader@1.20.1-47.4.13)
9958:             1             16  net.minecraftforge.fml.loading.UniqueModListBuilder$$Lambda$678/0x0000000800393928 (fmlloader@1.20.1-47.4.13)
9959:             1             16  net.minecraftforge.fml.loading.UniqueModListBuilder$$Lambda$679/0x0000000800393b68 (fmlloader@1.20.1-47.4.13)
9960:             1             16  net.minecraftforge.fml.loading.VersionSupportMatrix$$Lambda$764/0x00000008003d0f68 (fmlloader@1.20.1-47.4.13)
9961:             1             16  net.minecraftforge.fml.loading.log4j.ForgeHighlight$$Lambda$285/0x0000000800285b98 (fmlloader@1.20.1-47.4.13)
9962:             1             16  net.minecraftforge.fml.loading.log4j.SLF4JFixerLaunchPluginService (fmlloader@1.20.1-47.4.13)
9963:             1             16  net.minecraftforge.fml.loading.moddiscovery.AbstractModProvider$$Lambda$551/0x0000000800361b08 (fmlloader@1.20.1-47.4.13)
9964:             1             16  net.minecraftforge.fml.loading.moddiscovery.AbstractModProvider$$Lambda$553/0x0000000800361f70 (fmlloader@1.20.1-47.4.13)
9965:             1             16  net.minecraftforge.fml.loading.moddiscovery.AbstractModProvider$$Lambda$554/0x00000008003623c8 (fmlloader@1.20.1-47.4.13)
9966:             1             16  net.minecraftforge.fml.loading.moddiscovery.BackgroundScanHandler$$Lambda$864/0x000000080047c518 (fmlloader@1.20.1-47.4.13)
9967:             1             16  net.minecraftforge.fml.loading.moddiscovery.ClasspathLocator$$Lambda$528/0x000000080035ee50 (fmlloader@1.20.1-47.4.13)
9968:             1             16  net.minecraftforge.fml.loading.moddiscovery.ExplodedDirectoryLocator$$Lambda$645/0x000000080038e5c8 (fmlloader@1.20.1-47.4.13)
9969:             1             16  net.minecraftforge.fml.loading.moddiscovery.JarInJarDependencyLocator (fmlloader@1.20.1-47.4.13)
9970:             1             16  net.minecraftforge.fml.loading.moddiscovery.JarInJarDependencyLocator$$Lambda$738/0x00000008003c9008 (fmlloader@1.20.1-47.4.13)
9971:             1             16  net.minecraftforge.fml.loading.moddiscovery.MavenDirectoryLocator (fmlloader@1.20.1-47.4.13)
9972:             1             16  net.minecraftforge.fml.loading.moddiscovery.MavenDirectoryLocator$$Lambda$530/0x000000080035f2c8 (fmlloader@1.20.1-47.4.13)
9973:             1             16  net.minecraftforge.fml.loading.moddiscovery.MavenDirectoryLocator$$Lambda$537/0x000000080035b6d8 (fmlloader@1.20.1-47.4.13)
9974:             1             16  net.minecraftforge.fml.loading.moddiscovery.MinecraftLocator (fmlloader@1.20.1-47.4.13)
9975:             1             16  net.minecraftforge.fml.loading.moddiscovery.MinecraftLocator$$Lambda$648/0x000000080038f0b8 (fmlloader@1.20.1-47.4.13)
9976:             1             16  net.minecraftforge.fml.loading.moddiscovery.MinecraftLocator$$Lambda$649/0x000000080038f308 (fmlloader@1.20.1-47.4.13)
9977:             1             16  net.minecraftforge.fml.loading.moddiscovery.MinecraftLocator$$Lambda$652/0x000000080038f990 (fmlloader@1.20.1-47.4.13)
9978:             1             16  net.minecraftforge.fml.loading.moddiscovery.MinecraftLocator$$Lambda$654/0x0000000800394000 (fmlloader@1.20.1-47.4.13)
9979:             1             16  net.minecraftforge.fml.loading.moddiscovery.MinecraftLocator$$Lambda$656/0x0000000800394488 (fmlloader@1.20.1-47.4.13)
9980:             1             16  net.minecraftforge.fml.loading.moddiscovery.MinecraftLocator$$Lambda$658/0x00000008003948f0 (fmlloader@1.20.1-47.4.13)
9981:             1             16  net.minecraftforge.fml.loading.moddiscovery.MinecraftLocator$$Lambda$659/0x0000000800394b40 (fmlloader@1.20.1-47.4.13)
9982:             1             16  net.minecraftforge.fml.loading.moddiscovery.MinecraftLocator$$Lambda$662/0x0000000800394d80 (fmlloader@1.20.1-47.4.13)
9983:             1             16  net.minecraftforge.fml.loading.moddiscovery.MinecraftLocator$$Lambda$876/0x000000080047ead0 (fmlloader@1.20.1-47.4.13)
9984:             1             16  net.minecraftforge.fml.loading.moddiscovery.ModClassVisitor$$Lambda$884/0x0000000800484e50 (fmlloader@1.20.1-47.4.13)
9985:             1             16  net.minecraftforge.fml.loading.moddiscovery.ModClassVisitor$$Lambda$885/0x0000000800486058 (fmlloader@1.20.1-47.4.13)
9986:             1             16  net.minecraftforge.fml.loading.moddiscovery.ModDiscoverer$$Lambda$521/0x000000080035c268 (fmlloader@1.20.1-47.4.13)
9987:             1             16  net.minecraftforge.fml.loading.moddiscovery.ModDiscoverer$$Lambda$522/0x000000080035d4e0 (fmlloader@1.20.1-47.4.13)
9988:             1             16  net.minecraftforge.fml.loading.moddiscovery.ModDiscoverer$$Lambda$523/0x000000080035d700 (fmlloader@1.20.1-47.4.13)
9989:             1             16  net.minecraftforge.fml.loading.moddiscovery.ModDiscoverer$$Lambda$525/0x000000080035db70 (fmlloader@1.20.1-47.4.13)
9990:             1             16  net.minecraftforge.fml.loading.moddiscovery.ModDiscoverer$$Lambda$527/0x000000080035e1b8 (fmlloader@1.20.1-47.4.13)
9991:             1             16  net.minecraftforge.fml.loading.moddiscovery.ModDiscoverer$$Lambda$540/0x000000080035bd88 (fmlloader@1.20.1-47.4.13)
9992:             1             16  net.minecraftforge.fml.loading.moddiscovery.ModDiscoverer$$Lambda$542/0x00000008003604f0 (fmlloader@1.20.1-47.4.13)
9993:             1             16  net.minecraftforge.fml.loading.moddiscovery.ModDiscoverer$$Lambda$543/0x0000000800360730 (fmlloader@1.20.1-47.4.13)
9994:             1             16  net.minecraftforge.fml.loading.moddiscovery.ModDiscoverer$$Lambda$637/0x000000080038d170 (fmlloader@1.20.1-47.4.13)
9995:             1             16  net.minecraftforge.fml.loading.moddiscovery.ModDiscoverer$$Lambda$638/0x000000080038d3b0 (fmlloader@1.20.1-47.4.13)
9996:             1             16  net.minecraftforge.fml.loading.moddiscovery.ModDiscoverer$$Lambda$639/0x000000080038d600 (fmlloader@1.20.1-47.4.13)
9997:             1             16  net.minecraftforge.fml.loading.moddiscovery.ModDiscoverer$$Lambda$640/0x000000080038d840 (fmlloader@1.20.1-47.4.13)
9998:             1             16  net.minecraftforge.fml.loading.moddiscovery.ModDiscoverer$$Lambda$641/0x000000080038da90 (fmlloader@1.20.1-47.4.13)
9999:             1             16  net.minecraftforge.fml.loading.moddiscovery.ModDiscoverer$$Lambda$680/0x0000000800398000 (fmlloader@1.20.1-47.4.13)
10000:             1             16  net.minecraftforge.fml.loading.moddiscovery.ModDiscoverer$$Lambda$743/0x00000008003c9b58 (fmlloader@1.20.1-47.4.13)
10001:             1             16  net.minecraftforge.fml.loading.moddiscovery.ModDiscoverer$$Lambda$745/0x00000008003c9ff0 (fmlloader@1.20.1-47.4.13)
10002:             1             16  net.minecraftforge.fml.loading.moddiscovery.ModFile$$Lambda$747/0x00000008003ca900 (fmlloader@1.20.1-47.4.13)
10003:             1             16  net.minecraftforge.fml.loading.moddiscovery.ModFileInfo$$Lambda$558/0x0000000800364bd8 (fmlloader@1.20.1-47.4.13)
10004:             1             16  net.minecraftforge.fml.loading.moddiscovery.ModFileInfo$$Lambda$561/0x0000000800366f40 (fmlloader@1.20.1-47.4.13)
10005:             1             16  net.minecraftforge.fml.loading.moddiscovery.ModFileInfo$$Lambda$589/0x0000000800375098 (fmlloader@1.20.1-47.4.13)
10006:             1             16  net.minecraftforge.fml.loading.moddiscovery.ModFileInfo$$Lambda$590/0x00000008003752d8 (fmlloader@1.20.1-47.4.13)
10007:             1             16  net.minecraftforge.fml.loading.moddiscovery.ModFileInfo$$Lambda$591/0x0000000800375518 (fmlloader@1.20.1-47.4.13)
10008:             1             16  net.minecraftforge.fml.loading.moddiscovery.ModFileInfo$$Lambda$6010/0x0000000800e3b188 (fmlloader@1.20.1-47.4.13)
10009:             1             16  net.minecraftforge.fml.loading.moddiscovery.ModFileInfo$$Lambda$6011/0x0000000800e3b5c8 (fmlloader@1.20.1-47.4.13)
10010:             1             16  net.minecraftforge.fml.loading.moddiscovery.ModFileInfo$$Lambda$6013/0x0000000800e3ba30 (fmlloader@1.20.1-47.4.13)
10011:             1             16  net.minecraftforge.fml.loading.moddiscovery.ModFileInfo$$Lambda$6014/0x0000000800e3bc70 (fmlloader@1.20.1-47.4.13)
10012:             1             16  net.minecraftforge.fml.loading.moddiscovery.ModFileInfo$$Lambda$6015/0x0000000800ea0000 (fmlloader@1.20.1-47.4.13)
10013:             1             16  net.minecraftforge.fml.loading.moddiscovery.ModFileInfo$$Lambda$6016/0x0000000800ea0240 (fmlloader@1.20.1-47.4.13)
10014:             1             16  net.minecraftforge.fml.loading.moddiscovery.ModFileParser$$Lambda$748/0x00000008003cb390 (fmlloader@1.20.1-47.4.13)
10015:             1             16  net.minecraftforge.fml.loading.moddiscovery.ModInfo$$Lambda$568/0x000000080036c248 (fmlloader@1.20.1-47.4.13)
10016:             1             16  net.minecraftforge.fml.loading.moddiscovery.ModInfo$$Lambda$569/0x0000000800371490 (fmlloader@1.20.1-47.4.13)
10017:             1             16  net.minecraftforge.fml.loading.moddiscovery.ModInfo$$Lambda$572/0x00000008003718f8 (fmlloader@1.20.1-47.4.13)
10018:             1             16  net.minecraftforge.fml.loading.moddiscovery.ModInfo$$Lambda$574/0x0000000800371d60 (fmlloader@1.20.1-47.4.13)
10019:             1             16  net.minecraftforge.fml.loading.moddiscovery.ModInfo$$Lambda$575/0x0000000800371fa0 (fmlloader@1.20.1-47.4.13)
10020:             1             16  net.minecraftforge.fml.loading.moddiscovery.ModInfo$$Lambda$576/0x00000008003721e0 (fmlloader@1.20.1-47.4.13)
10021:             1             16  net.minecraftforge.fml.loading.moddiscovery.ModInfo$$Lambda$586/0x00000008003747b8 (fmlloader@1.20.1-47.4.13)
10022:             1             16  net.minecraftforge.fml.loading.moddiscovery.ModInfo$ModVersion$$Lambda$581/0x00000008003731a0 (fmlloader@1.20.1-47.4.13)
10023:             1             16  net.minecraftforge.fml.loading.moddiscovery.ModInfo$ModVersion$$Lambda$582/0x0000000800373628 (fmlloader@1.20.1-47.4.13)
10024:             1             16  net.minecraftforge.fml.loading.moddiscovery.ModInfo$ModVersion$$Lambda$583/0x0000000800373ca8 (fmlloader@1.20.1-47.4.13)
10025:             1             16  net.minecraftforge.fml.loading.moddiscovery.ModInfo$ModVersion$$Lambda$584/0x00000008003740e0 (fmlloader@1.20.1-47.4.13)
10026:             1             16  net.minecraftforge.fml.loading.moddiscovery.ModJarMetadata$$Lambda$650/0x000000080038f528 (fmlloader@1.20.1-47.4.13)
10027:             1             16  net.minecraftforge.fml.loading.moddiscovery.ModJarMetadata$$Lambda$937/0x0000000800506d68 (fmlloader@1.20.1-47.4.13)
10028:             1             16  net.minecraftforge.fml.loading.moddiscovery.ModListHandler$$Lambda$531/0x000000080035f710 (fmlloader@1.20.1-47.4.13)
10029:             1             16  net.minecraftforge.fml.loading.moddiscovery.ModListHandler$$Lambda$532/0x000000080035f950 (fmlloader@1.20.1-47.4.13)
10030:             1             16  net.minecraftforge.fml.loading.moddiscovery.ModListHandler$$Lambda$533/0x000000080035fb90 (fmlloader@1.20.1-47.4.13)
10031:             1             16  net.minecraftforge.fml.loading.moddiscovery.ModListHandler$$Lambda$535/0x000000080035b248 (fmlloader@1.20.1-47.4.13)
10032:             1             16  net.minecraftforge.fml.loading.moddiscovery.ModListHandler$$Lambda$536/0x000000080035b498 (fmlloader@1.20.1-47.4.13)
10033:             1             16  net.minecraftforge.fml.loading.moddiscovery.ModValidator$$Lambda$746/0x00000008003ca460 (fmlloader@1.20.1-47.4.13)
10034:             1             16  net.minecraftforge.fml.loading.moddiscovery.ModValidator$$Lambda$750/0x00000008003cf000 (fmlloader@1.20.1-47.4.13)
10035:             1             16  net.minecraftforge.fml.loading.moddiscovery.ModsFolderLocator$$Lambda$547/0x0000000800361030 (fmlloader@1.20.1-47.4.13)
10036:             1             16  net.minecraftforge.fml.loading.moddiscovery.NightConfigWrapper$$Lambda$562/0x0000000800367180 (fmlloader@1.20.1-47.4.13)
10037:             1             16  net.minecraftforge.fml.loading.moddiscovery.NightConfigWrapper$$Lambda$563/0x00000008003673a0 (fmlloader@1.20.1-47.4.13)
10038:             1             16  net.minecraftforge.fml.loading.progress.StartupNotificationManager$$Lambda$434/0x000000080031eed0 (fmlloader@1.20.1-47.4.13)
10039:             1             16  net.minecraftforge.fml.loading.progress.StartupNotificationManager$$Lambda$524/0x000000080035d940 (fmlloader@1.20.1-47.4.13)
10040:             1             16  net.minecraftforge.fml.loading.progress.StartupNotificationManager$$Lambda$619/0x0000000800382000 (fmlloader@1.20.1-47.4.13)
10041:             1             16  net.minecraftforge.fml.loading.progress.StartupNotificationManager$$Lambda$620/0x0000000800382240 (fmlloader@1.20.1-47.4.13)
10042:             1             16  net.minecraftforge.fml.loading.progress.StartupNotificationManager$$Lambda$622/0x0000000800382460 (fmlloader@1.20.1-47.4.13)
10043:             1             16  net.minecraftforge.fml.loading.targets.CommonClientLaunchHandler$$Lambda$646/0x000000080038ec20 (fmlloader@1.20.1-47.4.13)
10044:             1             16  net.minecraftforge.fml.loading.targets.FMLClientDevLaunchHandler (fmlloader@1.20.1-47.4.13)
10045:             1             16  net.minecraftforge.fml.loading.targets.FMLClientLaunchHandler (fmlloader@1.20.1-47.4.13)
10046:             1             16  net.minecraftforge.fml.loading.targets.FMLClientUserdevLaunchHandler (fmlloader@1.20.1-47.4.13)
10047:             1             16  net.minecraftforge.fml.loading.targets.FMLDataUserdevLaunchHandler (fmlloader@1.20.1-47.4.13)
10048:             1             16  net.minecraftforge.fml.loading.targets.FMLServerDevLaunchHandler (fmlloader@1.20.1-47.4.13)
10049:             1             16  net.minecraftforge.fml.loading.targets.FMLServerLaunchHandler (fmlloader@1.20.1-47.4.13)
10050:             1             16  net.minecraftforge.fml.loading.targets.FMLServerUserdevLaunchHandler (fmlloader@1.20.1-47.4.13)
10051:             1             16  net.minecraftforge.fml.loading.targets.ForgeClientDevLaunchHandler (fmlloader@1.20.1-47.4.13)
10052:             1             16  net.minecraftforge.fml.loading.targets.ForgeClientLaunchHandler (fmlloader@1.20.1-47.4.13)
10053:             1             16  net.minecraftforge.fml.loading.targets.ForgeClientUserdevLaunchHandler (fmlloader@1.20.1-47.4.13)
10054:             1             16  net.minecraftforge.fml.loading.targets.ForgeDataDevLaunchHandler (fmlloader@1.20.1-47.4.13)
10055:             1             16  net.minecraftforge.fml.loading.targets.ForgeDataUserdevLaunchHandler (fmlloader@1.20.1-47.4.13)
10056:             1             16  net.minecraftforge.fml.loading.targets.ForgeGametestDevLaunchHandler (fmlloader@1.20.1-47.4.13)
10057:             1             16  net.minecraftforge.fml.loading.targets.ForgeGametestUserdevLaunchHandler (fmlloader@1.20.1-47.4.13)
10058:             1             16  net.minecraftforge.fml.loading.targets.ForgeServerDevLaunchHandler (fmlloader@1.20.1-47.4.13)
10059:             1             16  net.minecraftforge.fml.loading.targets.ForgeServerLaunchHandler (fmlloader@1.20.1-47.4.13)
10060:             1             16  net.minecraftforge.fml.loading.targets.ForgeServerUserdevLaunchHandler (fmlloader@1.20.1-47.4.13)
10061:             1             16  net.minecraftforge.fml.lowcodemod.LowCodeModLanguageProvider (lowcodelanguage@1.20.1-47.4.13)
10062:             1             16  net.minecraftforge.fml.mclanguageprovider.MinecraftModLanguageProvider (mclanguage@1.20.1-47.4.13)
10063:             1             16  net.minecraftforge.fml.mclanguageprovider.MinecraftModLanguageProvider$$Lambda$995/0x0000000800512490 (mclanguage@1.20.1-47.4.13)
10064:             1             16  net.minecraftforge.fml.mclanguageprovider.MinecraftModLanguageProvider$MinecraftModTarget (mclanguage@1.20.1-47.4.13)
10065:             1             16  net.minecraftforge.forgespi.Environment$$Lambda$512/0x00000008003523c0 (net.minecraftforge.forgespi@7.0.1)
10066:             1             16  net.minecraftforge.forgespi.Environment$$Lambda$513/0x00000008003525e0 (net.minecraftforge.forgespi@7.0.1)
10067:             1             16  net.minecraftforge.forgespi.language.ModFileScanData$$Lambda$887/0x0000000800489308 (net.minecraftforge.forgespi@7.0.1)
10068:             1             16  net.minecraftforge.forgespi.locating.ForgeFeature$MissingFeatureTest (net.minecraftforge.forgespi@7.0.1)
10069:             1             16  net.minecraftforge.installer.actions.ProgressCallback$1
10070:             1             16  net.minecraftforge.installer.json.Artifact$Adapter
10071:             1             16  net.minecraftforge.installer.json.Install$$Lambda$90/0x000000080010d130
10072:             1             16  net.minecraftforge.internal.ForgeBindings (forge@47.4.13)
10073:             1             16  net.minecraftforge.jarjar.metadata.json.ContainedJarIdentifierSerializer (JarJarMetadata@0.3.19)
10074:             1             16  net.minecraftforge.jarjar.metadata.json.ContainedJarMetadataSerializer (JarJarMetadata@0.3.19)
10075:             1             16  net.minecraftforge.jarjar.metadata.json.ContainedVersionSerializer (JarJarMetadata@0.3.19)
10076:             1             16  net.minecraftforge.jarjar.metadata.json.MetadataSerializer (JarJarMetadata@0.3.19)
10077:             1             16  net.minecraftforge.jarjar.metadata.json.VersionRangeSerializer (JarJarMetadata@0.3.19)
10078:             1             16  net.minecraftforge.jarjar.nio.layzip.LayeredZipFileSystemProvider (JarJarFileSystems@0.3.19)
10079:             1             16  net.minecraftforge.jarjar.nio.pathfs.PathFileSystemProvider (JarJarFileSystems@0.3.19)
10080:             1             16  net.minecraftforge.jarjar.selection.JarSelector$$Lambda$687/0x0000000800399ae8 (JarJarSelector@0.3.19)
10081:             1             16  net.minecraftforge.jarjar.selection.JarSelector$$Lambda$688/0x0000000800399f48 (JarJarSelector@0.3.19)
10082:             1             16  net.minecraftforge.jarjar.selection.JarSelector$$Lambda$689/0x000000080039a188 (JarJarSelector@0.3.19)
10083:             1             16  net.minecraftforge.jarjar.selection.JarSelector$$Lambda$690/0x000000080039a3d8 (JarJarSelector@0.3.19)
10084:             1             16  net.minecraftforge.jarjar.selection.JarSelector$$Lambda$691/0x000000080039a828 (JarJarSelector@0.3.19)
10085:             1             16  net.minecraftforge.jarjar.selection.JarSelector$$Lambda$701/0x00000008003b8480 (JarJarSelector@0.3.19)
10086:             1             16  net.minecraftforge.jarjar.selection.JarSelector$$Lambda$702/0x00000008003b86c0 (JarJarSelector@0.3.19)
10087:             1             16  net.minecraftforge.jarjar.selection.JarSelector$$Lambda$703/0x00000008003ba290 (JarJarSelector@0.3.19)
10088:             1             16  net.minecraftforge.jarjar.selection.JarSelector$$Lambda$718/0x00000008003c1620 (JarJarSelector@0.3.19)
10089:             1             16  net.minecraftforge.jarjar.selection.JarSelector$$Lambda$719/0x00000008003c1860 (JarJarSelector@0.3.19)
10090:             1             16  net.minecraftforge.jarjar.selection.JarSelector$$Lambda$720/0x00000008003c1aa0 (JarJarSelector@0.3.19)
10091:             1             16  net.minecraftforge.jarjar.selection.JarSelector$$Lambda$721/0x00000008003c28f8 (JarJarSelector@0.3.19)
10092:             1             16  net.minecraftforge.jarjar.selection.JarSelector$$Lambda$722/0x00000008003c5f18 (JarJarSelector@0.3.19)
10093:             1             16  net.minecraftforge.jarjar.selection.JarSelector$$Lambda$723/0x00000008003c6158 (JarJarSelector@0.3.19)
10094:             1             16  net.minecraftforge.jarjar.selection.JarSelector$$Lambda$725/0x00000008003c7230 (JarJarSelector@0.3.19)
10095:             1             16  net.minecraftforge.jarjar.selection.JarSelector$$Lambda$726/0x00000008003c7470 (JarJarSelector@0.3.19)
10096:             1             16  net.minecraftforge.jarjar.selection.JarSelector$$Lambda$727/0x00000008003c76b0 (JarJarSelector@0.3.19)
10097:             1             16  net.minecraftforge.jarjar.selection.JarSelector$$Lambda$729/0x00000008003c7b50 (JarJarSelector@0.3.19)
10098:             1             16  net.minecraftforge.jarjar.selection.JarSelector$$Lambda$730/0x00000008003c7da0 (JarJarSelector@0.3.19)
10099:             1             16  net.minecraftforge.jarjar.selection.JarSelector$$Lambda$731/0x00000008003c8000 (JarJarSelector@0.3.19)
10100:             1             16  net.minecraftforge.jarjar.selection.JarSelector$$Lambda$732/0x00000008003c8250 (JarJarSelector@0.3.19)
10101:             1             16  net.minecraftforge.jarjar.selection.JarSelector$$Lambda$735/0x00000008003c8930 (JarJarSelector@0.3.19)
10102:             1             16  net.minecraftforge.jarjar.selection.JarSelector$$Lambda$736/0x00000008003c8b80 (JarJarSelector@0.3.19)
10103:             1             16  net.minecraftforge.jarjar.selection.JarSelector$$Lambda$737/0x00000008003c8dc0 (JarJarSelector@0.3.19)
10104:             1             16  net.minecraftforge.jarjar.selection.JarSelector$$Lambda$739/0x00000008003c9248 (JarJarSelector@0.3.19)
10105:             1             16  net.minecraftforge.logging.CrashReportExtender$$Lambda$5989/0x0000000800e9a300 (forge@47.4.13)
10106:             1             16  net.minecraftforge.logging.CrashReportExtender$$Lambda$5991/0x0000000800e9abd0 (forge@47.4.13)
10107:             1             16  net.minecraftforge.logging.CrashReportExtender$$Lambda$5992/0x0000000800e9ae10 (forge@47.4.13)
10108:             1             16  net.minecraftforge.logging.CrashReportExtender$$Lambda$5995/0x0000000800e9b6e0 (forge@47.4.13)
10109:             1             16  net.minecraftforge.logging.CrashReportExtender$$Lambda$5996/0x0000000800e9b920 (forge@47.4.13)
10110:             1             16  net.minecraftforge.logging.CrashReportExtender$$Lambda$5998/0x0000000800e9bd98 (forge@47.4.13)
10111:             1             16  net.minecraftforge.logging.CrashReportExtender$$Lambda$6000/0x0000000800e9c220 (forge@47.4.13)
10112:             1             16  net.minecraftforge.network.ConfigSync (forge@47.4.13)
10113:             1             16  net.minecraftforge.network.HandshakeHandler$$Lambda$4281/0x0000000800baaf00 (forge@47.4.13)
10114:             1             16  net.minecraftforge.network.LoginWrapper (forge@47.4.13)
10115:             1             16  net.minecraftforge.network.LoginWrapper$$Lambda$4277/0x0000000800baa3d8 (forge@47.4.13)
10116:             1             16  net.minecraftforge.network.LoginWrapper$$Lambda$4278/0x0000000800baa628 (forge@47.4.13)
10117:             1             16  net.minecraftforge.network.LoginWrapper$$Lambda$4279/0x0000000800baa878 (forge@47.4.13)
10118:             1             16  net.minecraftforge.network.LoginWrapper$$Lambda$4280/0x0000000800baacc8 (forge@47.4.13)
10119:             1             16  net.minecraftforge.network.MCRegisterPacketHandler (forge@47.4.13)
10120:             1             16  net.minecraftforge.network.NetworkDirection$$Lambda$4261/0x0000000800ba2000 (forge@47.4.13)
10121:             1             16  net.minecraftforge.network.NetworkDirection$$Lambda$4262/0x0000000800ba26f8 (forge@47.4.13)
10122:             1             16  net.minecraftforge.network.NetworkDirection$$Lambda$4263/0x0000000800ba2b90 (forge@47.4.13)
10123:             1             16  net.minecraftforge.network.NetworkDirection$$Lambda$4264/0x0000000800ba3088 (forge@47.4.13)
10124:             1             16  net.minecraftforge.network.NetworkDirection$$Lambda$4265/0x0000000800ba3520 (forge@47.4.13)
10125:             1             16  net.minecraftforge.network.NetworkDirection$$Lambda$4266/0x0000000800ba3a18 (forge@47.4.13)
10126:             1             16  net.minecraftforge.network.NetworkDirection$$Lambda$4267/0x0000000800ba1c00 (forge@47.4.13)
10127:             1             16  net.minecraftforge.network.NetworkDirection$$Lambda$4268/0x0000000800ba82d0 (forge@47.4.13)
10128:             1             16  net.minecraftforge.network.NetworkDirection$$Lambda$4269/0x0000000800ba86e8 (forge@47.4.13)
10129:             1             16  net.minecraftforge.network.NetworkDirection$$Lambda$4270/0x0000000800ba8928 (forge@47.4.13)
10130:             1             16  net.minecraftforge.network.NetworkDirection$$Lambda$4271/0x0000000800ba8b70 (forge@47.4.13)
10131:             1             16  net.minecraftforge.network.NetworkInitialization$$Lambda$4244/0x0000000800b8c8c0 (forge@47.4.13)
10132:             1             16  net.minecraftforge.network.NetworkInitialization$$Lambda$4245/0x0000000800b8cb10 (forge@47.4.13)
10133:             1             16  net.minecraftforge.network.NetworkInitialization$$Lambda$4246/0x0000000800b8cd60 (forge@47.4.13)
10134:             1             16  net.minecraftforge.network.NetworkInitialization$$Lambda$4272/0x0000000800ba8ff0 (forge@47.4.13)
10135:             1             16  net.minecraftforge.network.NetworkInitialization$$Lambda$4273/0x0000000800ba9230 (forge@47.4.13)
10136:             1             16  net.minecraftforge.network.NetworkInitialization$$Lambda$4274/0x0000000800ba9460 (forge@47.4.13)
10137:             1             16  net.minecraftforge.network.NetworkInitialization$$Lambda$4275/0x0000000800ba96a0 (forge@47.4.13)
10138:             1             16  net.minecraftforge.network.NetworkInitialization$$Lambda$4276/0x0000000800ba9fa0 (forge@47.4.13)
10139:             1             16  net.minecraftforge.network.NetworkInitialization$$Lambda$4284/0x0000000800bab7e0 (forge@47.4.13)
10140:             1             16  net.minecraftforge.network.NetworkInitialization$$Lambda$4285/0x0000000800baba20 (forge@47.4.13)
10141:             1             16  net.minecraftforge.network.NetworkInitialization$$Lambda$4286/0x0000000800babc50 (forge@47.4.13)
10142:             1             16  net.minecraftforge.network.NetworkInitialization$$Lambda$4287/0x0000000800bb4000 (forge@47.4.13)
10143:             1             16  net.minecraftforge.network.NetworkInitialization$$Lambda$4289/0x0000000800bb4478 (forge@47.4.13)
10144:             1             16  net.minecraftforge.network.NetworkInitialization$$Lambda$4290/0x0000000800bb4900 (forge@47.4.13)
10145:             1             16  net.minecraftforge.network.NetworkInitialization$$Lambda$4291/0x0000000800bb4b40 (forge@47.4.13)
10146:             1             16  net.minecraftforge.network.NetworkInitialization$$Lambda$4292/0x0000000800bb4d70 (forge@47.4.13)
10147:             1             16  net.minecraftforge.network.NetworkInitialization$$Lambda$4293/0x0000000800bb4fb0 (forge@47.4.13)
10148:             1             16  net.minecraftforge.network.NetworkInitialization$$Lambda$4294/0x0000000800bb51e0 (forge@47.4.13)
10149:             1             16  net.minecraftforge.network.NetworkInitialization$$Lambda$4295/0x0000000800bb5660 (forge@47.4.13)
10150:             1             16  net.minecraftforge.network.NetworkInitialization$$Lambda$4296/0x0000000800bb58a0 (forge@47.4.13)
10151:             1             16  net.minecraftforge.network.NetworkInitialization$$Lambda$4297/0x0000000800bb5ad0 (forge@47.4.13)
10152:             1             16  net.minecraftforge.network.NetworkInitialization$$Lambda$4298/0x0000000800bb5d10 (forge@47.4.13)
10153:             1             16  net.minecraftforge.network.NetworkInitialization$$Lambda$4299/0x0000000800bb5f40 (forge@47.4.13)
10154:             1             16  net.minecraftforge.network.NetworkInitialization$$Lambda$4300/0x0000000800bb63c0 (forge@47.4.13)
10155:             1             16  net.minecraftforge.network.NetworkInitialization$$Lambda$4301/0x0000000800bb6600 (forge@47.4.13)
10156:             1             16  net.minecraftforge.network.NetworkInitialization$$Lambda$4302/0x0000000800bb6830 (forge@47.4.13)
10157:             1             16  net.minecraftforge.network.NetworkInitialization$$Lambda$4303/0x0000000800bb6a70 (forge@47.4.13)
10158:             1             16  net.minecraftforge.network.NetworkInitialization$$Lambda$4304/0x0000000800bb6ca0 (forge@47.4.13)
10159:             1             16  net.minecraftforge.network.NetworkInitialization$$Lambda$4305/0x0000000800bb6ee0 (forge@47.4.13)
10160:             1             16  net.minecraftforge.network.NetworkInitialization$$Lambda$4306/0x0000000800bb7358 (forge@47.4.13)
10161:             1             16  net.minecraftforge.network.NetworkInitialization$$Lambda$4307/0x0000000800bb7598 (forge@47.4.13)
10162:             1             16  net.minecraftforge.network.NetworkInitialization$$Lambda$4308/0x0000000800bb77c8 (forge@47.4.13)
10163:             1             16  net.minecraftforge.network.NetworkInitialization$$Lambda$4309/0x0000000800bb7a08 (forge@47.4.13)
10164:             1             16  net.minecraftforge.network.NetworkInitialization$$Lambda$4310/0x0000000800bb2000 (forge@47.4.13)
10165:             1             16  net.minecraftforge.network.NetworkInitialization$$Lambda$4311/0x0000000800bb2248 (forge@47.4.13)
10166:             1             16  net.minecraftforge.network.NetworkInitialization$$Lambda$4312/0x0000000800bb26b8 (forge@47.4.13)
10167:             1             16  net.minecraftforge.network.NetworkInitialization$$Lambda$4313/0x0000000800bb28f8 (forge@47.4.13)
10168:             1             16  net.minecraftforge.network.NetworkInitialization$$Lambda$4314/0x0000000800bb2b28 (forge@47.4.13)
10169:             1             16  net.minecraftforge.network.NetworkInitialization$$Lambda$4315/0x0000000800bb2d68 (forge@47.4.13)
10170:             1             16  net.minecraftforge.network.NetworkInitialization$$Lambda$4316/0x0000000800bb2f98 (forge@47.4.13)
10171:             1             16  net.minecraftforge.network.NetworkInitialization$$Lambda$4317/0x0000000800bb31b8 (forge@47.4.13)
10172:             1             16  net.minecraftforge.network.NetworkInitialization$$Lambda$4318/0x0000000800bb3408 (forge@47.4.13)
10173:             1             16  net.minecraftforge.network.NetworkInitialization$$Lambda$4319/0x0000000800bb3658 (forge@47.4.13)
10174:             1             16  net.minecraftforge.network.NetworkInitialization$$Lambda$4320/0x0000000800bb3af8 (forge@47.4.13)
10175:             1             16  net.minecraftforge.network.NetworkInitialization$$Lambda$4321/0x0000000800bb3d38 (forge@47.4.13)
10176:             1             16  net.minecraftforge.network.NetworkInitialization$$Lambda$4322/0x0000000800bb1000 (forge@47.4.13)
10177:             1             16  net.minecraftforge.network.NetworkInitialization$$Lambda$4323/0x0000000800bb1458 (forge@47.4.13)
10178:             1             16  net.minecraftforge.network.NetworkInitialization$$Lambda$4324/0x0000000800bb1698 (forge@47.4.13)
10179:             1             16  net.minecraftforge.network.NetworkInitialization$$Lambda$4325/0x0000000800bb18c8 (forge@47.4.13)
10180:             1             16  net.minecraftforge.network.NetworkInitialization$$Lambda$4326/0x0000000800bb1af8 (forge@47.4.13)
10181:             1             16  net.minecraftforge.network.NetworkInitialization$$Lambda$4327/0x0000000800bb1d48 (forge@47.4.13)
10182:             1             16  net.minecraftforge.network.NetworkInitialization$$Lambda$4328/0x0000000800bb0800 (forge@47.4.13)
10183:             1             16  net.minecraftforge.network.NetworkInitialization$$Lambda$4329/0x0000000800bb0c48 (forge@47.4.13)
10184:             1             16  net.minecraftforge.network.NetworkInitialization$$Lambda$4330/0x0000000800bb0400 (forge@47.4.13)
10185:             1             16  net.minecraftforge.network.NetworkInitialization$$Lambda$4331/0x0000000800bb8000 (forge@47.4.13)
10186:             1             16  net.minecraftforge.network.NetworkInitialization$$Lambda$4332/0x0000000800bb8250 (forge@47.4.13)
10187:             1             16  net.minecraftforge.network.NetworkInitialization$$Lambda$4333/0x0000000800bb8470 (forge@47.4.13)
10188:             1             16  net.minecraftforge.network.ServerStatusPing$ChannelData$$Lambda$4247/0x0000000800b8d818 (forge@47.4.13)
10189:             1             16  net.minecraftforge.network.ServerStatusPing$ChannelData$$Lambda$4248/0x0000000800b8da58 (forge@47.4.13)
10190:             1             16  net.minecraftforge.network.ServerStatusPing$ChannelData$$Lambda$4249/0x0000000800b8dc98 (forge@47.4.13)
10191:             1             16  net.minecraftforge.network.ServerStatusPing$ChannelData$$Lambda$4250/0x0000000800b8ded8 (forge@47.4.13)
10192:             1             16  net.minecraftforge.network.ServerStatusPing$ChannelData$$Lambda$4251/0x0000000800b8e118 (forge@47.4.13)
10193:             1             16  net.minecraftforge.registries.ForgeRegistries$$Lambda$1501/0x0000000800731558 (forge@47.4.13)
10194:             1             16  net.minecraftforge.registries.ForgeRegistries$$Lambda$1503/0x0000000800731bd8 (forge@47.4.13)
10195:             1             16  net.minecraftforge.registries.ForgeRegistries$$Lambda$1504/0x0000000800731df8 (forge@47.4.13)
10196:             1             16  net.minecraftforge.registries.ForgeRegistries$$Lambda$1505/0x0000000800732018 (forge@47.4.13)
10197:             1             16  net.minecraftforge.registries.ForgeRegistries$$Lambda$1506/0x0000000800732238 (forge@47.4.13)
10198:             1             16  net.minecraftforge.registries.ForgeRegistries$$Lambda$1507/0x0000000800732458 (forge@47.4.13)
10199:             1             16  net.minecraftforge.registries.ForgeRegistries$$Lambda$1508/0x0000000800732678 (forge@47.4.13)
10200:             1             16  net.minecraftforge.registries.ForgeRegistry$$Lambda$1714/0x0000000800793210 (forge@47.4.13)
10201:             1             16  net.minecraftforge.registries.ForgeRegistry$$Lambda$1715/0x0000000800793450 (forge@47.4.13)
10202:             1             16  net.minecraftforge.registries.GameData$$Lambda$1332/0x00000008005de140 (forge@47.4.13)
10203:             1             16  net.minecraftforge.registries.GameData$$Lambda$1333/0x000000080060fd48 (forge@47.4.13)
10204:             1             16  net.minecraftforge.registries.GameData$$Lambda$1341/0x000000080061ebb0 (forge@47.4.13)
10205:             1             16  net.minecraftforge.registries.GameData$$Lambda$1342/0x000000080061fa08 (forge@47.4.13)
10206:             1             16  net.minecraftforge.registries.GameData$$Lambda$1352/0x000000080064c548 (forge@47.4.13)
10207:             1             16  net.minecraftforge.registries.GameData$$Lambda$4241/0x0000000800b87498 (forge@47.4.13)
10208:             1             16  net.minecraftforge.registries.GameData$$Lambda$4242/0x0000000800b876c8 (forge@47.4.13)
10209:             1             16  net.minecraftforge.registries.GameData$$Lambda$4243/0x0000000800b87918 (forge@47.4.13)
10210:             1             16  net.minecraftforge.registries.GameData$AttributeCallbacks (forge@47.4.13)
10211:             1             16  net.minecraftforge.registries.GameData$BlockCallbacks (forge@47.4.13)
10212:             1             16  net.minecraftforge.registries.GameData$ItemCallbacks (forge@47.4.13)
10213:             1             16  net.minecraftforge.registries.GameData$PointOfInterestTypeCallbacks (forge@47.4.13)
10214:             1             16  net.minecraftforge.registries.NamespacedWrapper$$Lambda$1340/0x0000000800617ab8 (forge@47.4.13)
10215:             1             16  net.minecraftforge.registries.NamespacedWrapper$$Lambda$4224/0x0000000800b83a28 (forge@47.4.13)
10216:             1             16  net.minecraftforge.registries.NamespacedWrapper$$Lambda$4225/0x0000000800b83c78 (forge@47.4.13)
10217:             1             16  net.minecraftforge.registries.NamespacedWrapper$$Lambda$4226/0x0000000800b83eb8 (forge@47.4.13)
10218:             1             16  net.minecraftforge.server.LanguageHook$$Lambda$4609/0x0000000800c806c0 (forge@47.4.13)
10219:             1             16  net.minecraftforge.server.LanguageHook$$Lambda$4610/0x0000000800c808f0 (forge@47.4.13)
10220:             1             16  org.antlr.v4.runtime.CommonTokenFactory (org.antlr.antlr4.runtime@4.9.1)
10221:             1             16  org.antlr.v4.runtime.ConsoleErrorListener (org.antlr.antlr4.runtime@4.9.1)
10222:             1             16  org.antlr.v4.runtime.atn.ATNConfigSet$ConfigEqualityComparator (org.antlr.antlr4.runtime@4.9.1)
10223:             1             16  org.antlr.v4.runtime.atn.ATNDeserializationOptions (org.antlr.antlr4.runtime@4.9.1)
10224:             1             16  org.antlr.v4.runtime.atn.LexerPopModeAction (org.antlr.antlr4.runtime@4.9.1)
10225:             1             16  org.antlr.v4.runtime.atn.PredictionMode$AltAndContextConfigEqualityComparator (org.antlr.antlr4.runtime@4.9.1)
10226:             1             16  org.antlr.v4.runtime.misc.ObjectEqualityComparator (org.antlr.antlr4.runtime@4.9.1)
10227:             1             16  org.apache.commons.io.IOUtils$$Lambda$4588/0x0000000800c2ac78 (org.apache.commons.io@2.11.0)
10228:             1             16  org.apache.commons.io.IOUtils$$Lambda$4589/0x0000000800c2ae98 (org.apache.commons.io@2.11.0)
10229:             1             16  org.apache.commons.lang3.StringEscapeUtils$CsvEscaper (org.apache.commons.lang3@3.12.0)
10230:             1             16  org.apache.commons.lang3.StringEscapeUtils$CsvUnescaper (org.apache.commons.lang3@3.12.0)
10231:             1             16  org.apache.commons.lang3.text.StrLookup$MapStrLookup (org.apache.commons.lang3@3.12.0)
10232:             1             16  org.apache.commons.lang3.text.StrLookup$SystemPropertiesStrLookup (org.apache.commons.lang3@3.12.0)
10233:             1             16  org.apache.commons.lang3.text.StrMatcher$NoMatcher (org.apache.commons.lang3@3.12.0)
10234:             1             16  org.apache.commons.lang3.text.StrMatcher$TrimMatcher (org.apache.commons.lang3@3.12.0)
10235:             1             16  org.apache.commons.lang3.text.translate.OctalUnescaper (org.apache.commons.lang3@3.12.0)
10236:             1             16  org.apache.commons.lang3.text.translate.UnicodeUnescaper (org.apache.commons.lang3@3.12.0)
10237:             1             16  org.apache.logging.log4j.ThreadContext$EmptyIterator (org.apache.logging.log4j@2.19.0)
10238:             1             16  org.apache.logging.log4j.ThreadContext$EmptyThreadContextStack (org.apache.logging.log4j@2.19.0)
10239:             1             16  org.apache.logging.log4j.core.LoggerContext$$Lambda$272/0x0000000800237948 (org.apache.logging.log4j.core@2.19.0)
10240:             1             16  org.apache.logging.log4j.core.appender.ConsoleAppender$ConsoleManagerFactory (org.apache.logging.log4j.core@2.19.0)
10241:             1             16  org.apache.logging.log4j.core.appender.FileManager$FileManagerFactory (org.apache.logging.log4j.core@2.19.0)
10242:             1             16  org.apache.logging.log4j.core.appender.rolling.RollingFileManager$RollingFileManagerFactory (org.apache.logging.log4j.core@2.19.0)
10243:             1             16  org.apache.logging.log4j.core.appender.rolling.RollingRandomAccessFileManager$RollingRandomAccessFileManagerFactory (org.apache.logging.log4j.core@2.19.0)
10244:             1             16  org.apache.logging.log4j.core.config.ConfigurationFactory$Factory (org.apache.logging.log4j.core@2.19.0)
10245:             1             16  org.apache.logging.log4j.core.config.DefaultReliabilityStrategy (org.apache.logging.log4j.core@2.19.0)
10246:             1             16  org.apache.logging.log4j.core.config.OrderComparator (org.apache.logging.log4j.core@2.19.0)
10247:             1             16  org.apache.logging.log4j.core.config.plugins.convert.EnumConverter (org.apache.logging.log4j.core@2.19.0)
10248:             1             16  org.apache.logging.log4j.core.config.plugins.convert.TypeConverterRegistry (org.apache.logging.log4j.core@2.19.0)
10249:             1             16  org.apache.logging.log4j.core.config.plugins.convert.TypeConverters$BigDecimalConverter (org.apache.logging.log4j.core@2.19.0)
10250:             1             16  org.apache.logging.log4j.core.config.plugins.convert.TypeConverters$BigIntegerConverter (org.apache.logging.log4j.core@2.19.0)
10251:             1             16  org.apache.logging.log4j.core.config.plugins.convert.TypeConverters$BooleanConverter (org.apache.logging.log4j.core@2.19.0)
10252:             1             16  org.apache.logging.log4j.core.config.plugins.convert.TypeConverters$ByteArrayConverter (org.apache.logging.log4j.core@2.19.0)
10253:             1             16  org.apache.logging.log4j.core.config.plugins.convert.TypeConverters$ByteConverter (org.apache.logging.log4j.core@2.19.0)
10254:             1             16  org.apache.logging.log4j.core.config.plugins.convert.TypeConverters$CharArrayConverter (org.apache.logging.log4j.core@2.19.0)
10255:             1             16  org.apache.logging.log4j.core.config.plugins.convert.TypeConverters$CharacterConverter (org.apache.logging.log4j.core@2.19.0)
10256:             1             16  org.apache.logging.log4j.core.config.plugins.convert.TypeConverters$CharsetConverter (org.apache.logging.log4j.core@2.19.0)
10257:             1             16  org.apache.logging.log4j.core.config.plugins.convert.TypeConverters$ClassConverter (org.apache.logging.log4j.core@2.19.0)
10258:             1             16  org.apache.logging.log4j.core.config.plugins.convert.TypeConverters$CronExpressionConverter (org.apache.logging.log4j.core@2.19.0)
10259:             1             16  org.apache.logging.log4j.core.config.plugins.convert.TypeConverters$DoubleConverter (org.apache.logging.log4j.core@2.19.0)
10260:             1             16  org.apache.logging.log4j.core.config.plugins.convert.TypeConverters$DurationConverter (org.apache.logging.log4j.core@2.19.0)
10261:             1             16  org.apache.logging.log4j.core.config.plugins.convert.TypeConverters$FileConverter (org.apache.logging.log4j.core@2.19.0)
10262:             1             16  org.apache.logging.log4j.core.config.plugins.convert.TypeConverters$FloatConverter (org.apache.logging.log4j.core@2.19.0)
10263:             1             16  org.apache.logging.log4j.core.config.plugins.convert.TypeConverters$InetAddressConverter (org.apache.logging.log4j.core@2.19.0)
10264:             1             16  org.apache.logging.log4j.core.config.plugins.convert.TypeConverters$IntegerConverter (org.apache.logging.log4j.core@2.19.0)
10265:             1             16  org.apache.logging.log4j.core.config.plugins.convert.TypeConverters$LevelConverter (org.apache.logging.log4j.core@2.19.0)
10266:             1             16  org.apache.logging.log4j.core.config.plugins.convert.TypeConverters$LongConverter (org.apache.logging.log4j.core@2.19.0)
10267:             1             16  org.apache.logging.log4j.core.config.plugins.convert.TypeConverters$PathConverter (org.apache.logging.log4j.core@2.19.0)
10268:             1             16  org.apache.logging.log4j.core.config.plugins.convert.TypeConverters$PatternConverter (org.apache.logging.log4j.core@2.19.0)
10269:             1             16  org.apache.logging.log4j.core.config.plugins.convert.TypeConverters$SecurityProviderConverter (org.apache.logging.log4j.core@2.19.0)
10270:             1             16  org.apache.logging.log4j.core.config.plugins.convert.TypeConverters$ShortConverter (org.apache.logging.log4j.core@2.19.0)
10271:             1             16  org.apache.logging.log4j.core.config.plugins.convert.TypeConverters$StringConverter (org.apache.logging.log4j.core@2.19.0)
10272:             1             16  org.apache.logging.log4j.core.config.plugins.convert.TypeConverters$UriConverter (org.apache.logging.log4j.core@2.19.0)
10273:             1             16  org.apache.logging.log4j.core.config.plugins.convert.TypeConverters$UrlConverter (org.apache.logging.log4j.core@2.19.0)
10274:             1             16  org.apache.logging.log4j.core.config.plugins.convert.TypeConverters$UuidConverter (org.apache.logging.log4j.core@2.19.0)
10275:             1             16  org.apache.logging.log4j.core.config.plugins.processor.PluginCache$$Lambda$246/0x00000008001ea718 (org.apache.logging.log4j.core@2.19.0)
10276:             1             16  org.apache.logging.log4j.core.config.properties.PropertiesConfigurationFactory (org.apache.logging.log4j.core@2.19.0)
10277:             1             16  org.apache.logging.log4j.core.config.xml.XmlConfigurationFactory (org.apache.logging.log4j.core@2.19.0)
10278:             1             16  org.apache.logging.log4j.core.impl.ReusableLogEventFactory (org.apache.logging.log4j.core@2.19.0)
10279:             1             16  org.apache.logging.log4j.core.impl.ThreadContextDataProvider (org.apache.logging.log4j.core@2.19.0)
10280:             1             16  org.apache.logging.log4j.core.lookup.StrMatcher$NoMatcher (org.apache.logging.log4j.core@2.19.0)
10281:             1             16  org.apache.logging.log4j.core.lookup.StrMatcher$TrimMatcher (org.apache.logging.log4j.core@2.19.0)
10282:             1             16  org.apache.logging.log4j.core.net.JndiManager$JndiManagerFactory (org.apache.logging.log4j.core@2.19.0)
10283:             1             16  org.apache.logging.log4j.core.pattern.NameAbbreviator$NOPAbbreviator (org.apache.logging.log4j.core@2.19.0)
10284:             1             16  org.apache.logging.log4j.core.pattern.NotANumber (org.apache.logging.log4j.core@2.19.0)
10285:             1             16  org.apache.logging.log4j.core.pattern.PlainTextRenderer (org.apache.logging.log4j.core@2.19.0)
10286:             1             16  org.apache.logging.log4j.core.util.BasicAuthorizationProvider (org.apache.logging.log4j.core@2.19.0)
10287:             1             16  org.apache.logging.log4j.core.util.NullOutputStream (org.apache.logging.log4j.core@2.19.0)
10288:             1             16  org.apache.logging.log4j.core.util.datetime.FastDateFormat$1 (org.apache.logging.log4j.core@2.19.0)
10289:             1             16  org.apache.logging.log4j.core.util.datetime.FastDateParser$$Lambda$286/0x000000080028f870 (org.apache.logging.log4j.core@2.19.0)
10290:             1             16  org.apache.logging.log4j.core.util.datetime.FastDateParser$1 (org.apache.logging.log4j.core@2.19.0)
10291:             1             16  org.apache.logging.log4j.core.util.datetime.FastDateParser$2 (org.apache.logging.log4j.core@2.19.0)
10292:             1             16  org.apache.logging.log4j.core.util.datetime.FastDateParser$3 (org.apache.logging.log4j.core@2.19.0)
10293:             1             16  org.apache.logging.log4j.core.util.datetime.FastDateParser$4 (org.apache.logging.log4j.core@2.19.0)
10294:             1             16  org.apache.logging.log4j.core.util.datetime.FastDateParser$5 (org.apache.logging.log4j.core@2.19.0)
10295:             1             16  org.apache.logging.log4j.core.util.datetime.FastDatePrinter$TwoDigitMonthField (org.apache.logging.log4j.core@2.19.0)
10296:             1             16  org.apache.logging.log4j.message.ParameterFormatter$$Lambda$317/0x000000080029f5c8 (org.apache.logging.log4j@2.19.0)
10297:             1             16  org.apache.logging.log4j.message.ParameterizedNoReferenceMessageFactory (org.apache.logging.log4j@2.19.0)
10298:             1             16  org.apache.logging.log4j.spi.CopyOnWriteSortedArrayThreadContextMap (org.apache.logging.log4j@2.19.0)
10299:             1             16  org.apache.logging.log4j.spi.DefaultThreadContextStack (org.apache.logging.log4j@2.19.0)
10300:             1             16  org.apache.logging.log4j.spi.LoggerRegistry$ConcurrentMapFactory (org.apache.logging.log4j@2.19.0)
10301:             1             16  org.apache.logging.log4j.util.LoaderUtil$ThreadContextClassLoaderGetter (org.apache.logging.log4j@2.19.0)
10302:             1             16  org.apache.logging.log4j.util.PrivateSecurityManagerStackTraceUtil$PrivateSecurityManager (org.apache.logging.log4j@2.19.0)
10303:             1             16  org.apache.logging.log4j.util.PropertiesUtil$Environment$$Lambda$228/0x00000008001ce8e0 (org.apache.logging.log4j@2.19.0)
10304:             1             16  org.apache.logging.log4j.util.PropertiesUtil$Environment$$Lambda$234/0x00000008001cfd48 (org.apache.logging.log4j@2.19.0)
10305:             1             16  org.apache.logging.log4j.util.PropertiesUtil$Environment$$Lambda$235/0x00000008001dc000 (org.apache.logging.log4j@2.19.0)
10306:             1             16  org.apache.logging.log4j.util.PropertiesUtil$Environment$$Lambda$236/0x00000008001dc248 (org.apache.logging.log4j@2.19.0)
10307:             1             16  org.apache.logging.log4j.util.ProviderUtil (org.apache.logging.log4j@2.19.0)
10308:             1             16  org.apache.logging.log4j.util.ProviderUtil$$Lambda$242/0x00000008001df210 (org.apache.logging.log4j@2.19.0)
10309:             1             16  org.apache.logging.log4j.util.ServiceLoaderUtil$$Lambda$231/0x00000008001cf178 (org.apache.logging.log4j@2.19.0)
10310:             1             16  org.apache.logging.log4j.util.SortedArrayStringMap$$Lambda$249/0x000000080021ddc0 (org.apache.logging.log4j@2.19.0)
10311:             1             16  org.apache.logging.log4j.util.StackLocator (org.apache.logging.log4j@2.19.0)
10312:             1             16  org.apache.logging.log4j.util.StackLocator$$Lambda$245/0x00000008001e50f8 (org.apache.logging.log4j@2.19.0)
10313:             1             16  org.apache.logging.log4j.util.StackLocator$$Lambda$334/0x00000008002a8500 (org.apache.logging.log4j@2.19.0)
10314:             1             16  org.apache.logging.log4j.util.StackLocator$$Lambda$500/0x000000080033e860 (org.apache.logging.log4j@2.19.0)
10315:             1             16  org.apache.logging.log4j.util.Strings$$Lambda$240/0x00000008001de118 (org.apache.logging.log4j@2.19.0)
10316:             1             16  org.apache.logging.slf4j.Log4jLoggerFactory$$Lambda$331/0x00000008002a75a0 (org.apache.logging.log4j.slf4j@2.19.0)
10317:             1             16  org.apache.logging.slf4j.Log4jMDCAdapter (org.apache.logging.log4j.slf4j@2.19.0)
10318:             1             16  org.apache.logging.slf4j.Log4jMDCAdapter$ThreadLocalMapOfStacks (org.apache.logging.log4j.slf4j@2.19.0)
10319:             1             16  org.apache.logging.slf4j.Log4jMDCAdapter$ThreadLocalMapOfStacks$$Lambda$332/0x00000008002a7ce8 (org.apache.logging.log4j.slf4j@2.19.0)
10320:             1             16  org.apache.logging.slf4j.Log4jMarkerFactory (org.apache.logging.log4j.slf4j@2.19.0)
10321:             1             16  org.joml.MemUtil$MemUtilUnsafe (org.joml@1.10.5)
10322:             1             16  org.lwjgl.glfw.GLFW$$Lambda$4590/0x0000000800c2b0b8 (org.lwjgl.glfw@3.3.1+7)
10323:             1             16  org.lwjgl.openal.AL$$Lambda$5684/0x0000000800e38880 (org.lwjgl.openal@3.3.1+7)
10324:             1             16  org.lwjgl.openal.AL$ICDStatic (org.lwjgl.openal@3.3.1+7)
10325:             1             16  org.lwjgl.openal.ALC$$Lambda$4708/0x0000000800ca8210 (org.lwjgl.openal@3.3.1+7)
10326:             1             16  org.lwjgl.openal.ALC$ICDStatic (org.lwjgl.openal@3.3.1+7)
10327:             1             16  org.lwjgl.opengl.GL$$Lambda$592/0x0000000800375d98 (org.lwjgl.opengl@3.3.1+7)
10328:             1             16  org.lwjgl.opengl.GL$$Lambda$593/0x0000000800375fc8 (org.lwjgl.opengl@3.3.1+7)
10329:             1             16  org.lwjgl.opengl.GL$$Lambda$595/0x0000000800378210 (org.lwjgl.opengl@3.3.1+7)
10330:             1             16  org.lwjgl.opengl.GL$ICDStatic (org.lwjgl.opengl@3.3.1+7)
10331:             1             16  org.lwjgl.opengl.GL20C$$Lambda$596/0x0000000800379cc8 (org.lwjgl.opengl@3.3.1+7)
10332:             1             16  org.lwjgl.stb.LibSTB$$Lambda$597/0x000000080037b130 (org.lwjgl.stb@3.3.1+7)
10333:             1             16  org.lwjgl.stb.LibSTB$$Lambda$598/0x000000080037b360 (org.lwjgl.stb@3.3.1+7)
10334:             1             16  org.lwjgl.stb.STBTruetype$$Lambda$599/0x000000080037f2c0 (org.lwjgl.stb@3.3.1+7)
10335:             1             16  org.lwjgl.system.Callback$2 (org.lwjgl@3.3.1+7)
10336:             1             16  org.lwjgl.system.Configuration$StateInit$$Lambda$438/0x0000000800320000 (org.lwjgl@3.3.1+7)
10337:             1             16  org.lwjgl.system.Configuration$StateInit$$Lambda$439/0x0000000800320258 (org.lwjgl@3.3.1+7)
10338:             1             16  org.lwjgl.system.Configuration$StateInit$$Lambda$440/0x00000008003204b0 (org.lwjgl@3.3.1+7)
10339:             1             16  org.lwjgl.system.Library$$Lambda$446/0x0000000800321d78 (org.lwjgl@3.3.1+7)
10340:             1             16  org.lwjgl.system.Library$$Lambda$447/0x0000000800321fa8 (org.lwjgl@3.3.1+7)
10341:             1             16  org.lwjgl.system.MemoryStack$$Lambda$454/0x000000080032c000 (org.lwjgl@3.3.1+7)
10342:             1             16  org.lwjgl.system.MemoryUtil$$Lambda$449/0x0000000800326200 (org.lwjgl@3.3.1+7)
10343:             1             16  org.lwjgl.system.MemoryUtil$$Lambda$450/0x0000000800326420 (org.lwjgl@3.3.1+7)
10344:             1             16  org.lwjgl.system.MemoryUtil$2 (org.lwjgl@3.3.1+7)
10345:             1             16  org.lwjgl.system.Platform$$Lambda$442/0x0000000800321068 (org.lwjgl@3.3.1+7)
10346:             1             16  org.lwjgl.system.Platform$$Lambda$443/0x00000008003212a8 (org.lwjgl@3.3.1+7)
10347:             1             16  org.lwjgl.system.Platform$$Lambda$444/0x00000008003214e8 (org.lwjgl@3.3.1+7)
10348:             1             16  org.lwjgl.system.Platform$$Lambda$445/0x0000000800321728 (org.lwjgl@3.3.1+7)
10349:             1             16  org.lwjgl.system.jemalloc.JEmallocAllocator (org.lwjgl.jemalloc@3.3.1+7)
10350:             1             16  org.openjdk.nashorn.internal.codegen.FindScopeDepths$$Lambda$893/0x00000008004b1ee8 (org.openjdk.nashorn)
10351:             1             16  org.openjdk.nashorn.internal.codegen.FindScopeDepths$$Lambda$894/0x00000008004b2128 (org.openjdk.nashorn)
10352:             1             16  org.openjdk.nashorn.internal.codegen.types.Type$$Lambda$889/0x0000000800498210 (org.openjdk.nashorn)
10353:             1             16  org.openjdk.nashorn.internal.codegen.types.Type$$Lambda$896/0x00000008004b8b10 (org.openjdk.nashorn)
10354:             1             16  org.openjdk.nashorn.internal.ir.Block$$Lambda$888/0x0000000800497870 (org.openjdk.nashorn)
10355:             1             16  org.openjdk.nashorn.internal.lookup.MethodHandleFactory$StandardMethodHandleFunctionality (org.openjdk.nashorn)
10356:             1             16  org.openjdk.nashorn.internal.objects.annotations.SpecializedFunction$LinkLogic$Empty (org.openjdk.nashorn)
10357:             1             16  org.openjdk.nashorn.internal.runtime.AccessControlContextFactory$$Lambda$825/0x00000008003f1980 (org.openjdk.nashorn)
10358:             1             16  org.openjdk.nashorn.internal.runtime.AccessControlContextFactory$$Lambda$826/0x00000008003f1bc0 (org.openjdk.nashorn)
10359:             1             16  org.openjdk.nashorn.internal.runtime.Context$$Lambda$890/0x0000000800498450 (org.openjdk.nashorn)
10360:             1             16  org.openjdk.nashorn.internal.runtime.Context$$Lambda$897/0x00000008004b8f70 (org.openjdk.nashorn)
10361:             1             16  org.openjdk.nashorn.internal.runtime.Context$AnonymousContextCodeInstaller$$Lambda$906/0x00000008004cfab0 (org.openjdk.nashorn)
10362:             1             16  org.openjdk.nashorn.internal.runtime.NashornLoader$$Lambda$816/0x00000008003e3bb0 (org.openjdk.nashorn)
10363:             1             16  org.openjdk.nashorn.internal.runtime.PropertySwitchPoints (org.openjdk.nashorn)
10364:             1             16  org.openjdk.nashorn.internal.runtime.PropertySwitchPoints$WeakSwitchPointSet (org.openjdk.nashorn)
10365:             1             16  org.openjdk.nashorn.internal.runtime.RecompilableScriptFunctionData$$Lambda$895/0x00000008004b2cc0 (org.openjdk.nashorn)
10366:             1             16  org.openjdk.nashorn.internal.runtime.Symbol (org.openjdk.nashorn)
10367:             1             16  org.openjdk.nashorn.internal.runtime.UserAccessorProperty$$Lambda$842/0x0000000800437b18 (org.openjdk.nashorn)
10368:             1             16  org.openjdk.nashorn.internal.runtime.linker.Bootstrap$$Lambda$823/0x00000008003f0c10 (org.openjdk.nashorn)
10369:             1             16  org.openjdk.nashorn.internal.runtime.linker.Bootstrap$$Lambda$830/0x00000008003fe928 (org.openjdk.nashorn)
10370:             1             16  org.openjdk.nashorn.internal.runtime.linker.Bootstrap$$Lambda$831/0x00000008003feb48 (org.openjdk.nashorn)
10371:             1             16  org.openjdk.nashorn.internal.runtime.linker.BoundCallableLinker (org.openjdk.nashorn)
10372:             1             16  org.openjdk.nashorn.internal.runtime.linker.BrowserJSObjectLinker (org.openjdk.nashorn)
10373:             1             16  org.openjdk.nashorn.internal.runtime.linker.JSObjectLinker (org.openjdk.nashorn)
10374:             1             16  org.openjdk.nashorn.internal.runtime.linker.JavaAdapterBytecodeGenerator$$Lambda$1348/0x0000000800637018 (org.openjdk.nashorn)
10375:             1             16  org.openjdk.nashorn.internal.runtime.linker.JavaSuperAdapterLinker (org.openjdk.nashorn)
10376:             1             16  org.openjdk.nashorn.internal.runtime.linker.LinkerCallSite$$Lambda$839/0x000000080041b220 (org.openjdk.nashorn)
10377:             1             16  org.openjdk.nashorn.internal.runtime.linker.NashornBeansLinker (org.openjdk.nashorn)
10378:             1             16  org.openjdk.nashorn.internal.runtime.linker.NashornBottomLinker (org.openjdk.nashorn)
10379:             1             16  org.openjdk.nashorn.internal.runtime.linker.NashornCallSiteDescriptor$$Lambda$840/0x000000080041b698 (org.openjdk.nashorn)
10380:             1             16  org.openjdk.nashorn.internal.runtime.linker.NashornCallSiteDescriptor$$Lambda$841/0x000000080041b8b8 (org.openjdk.nashorn)
10381:             1             16  org.openjdk.nashorn.internal.runtime.linker.NashornLinker (org.openjdk.nashorn)
10382:             1             16  org.openjdk.nashorn.internal.runtime.linker.NashornPrimitiveLinker (org.openjdk.nashorn)
10383:             1             16  org.openjdk.nashorn.internal.runtime.linker.NashornStaticClassLinker (org.openjdk.nashorn)
10384:             1             16  org.openjdk.nashorn.internal.runtime.linker.ReflectionCheckLinker (org.openjdk.nashorn)
10385:             1             16  org.openjdk.nashorn.internal.runtime.logging.DebugLogger$1 (org.openjdk.nashorn)
10386:             1             16  org.prismlauncher.utils.Parameters
10387:             1             16  org.slf4j.helpers.NOPLoggerFactory (org.slf4j@2.0.1)
10388:             1             16  org.slf4j.helpers.NOPMDCAdapter (org.slf4j@2.0.1)
10389:             1             16  org.slf4j.helpers.ThreadLocalMapOfStacks (org.slf4j@2.0.1)
10390:             1             16  org.spongepowered.asm.mixin.MixinEnvironment$PhaseConsumer (org.spongepowered.mixin)
10391:             1             16  org.spongepowered.asm.mixin.transformer.DefaultExtensions$1 (org.spongepowered.mixin)
10392:             1             16  org.spongepowered.asm.mixin.transformer.MixinCoprocessorNestHost (org.spongepowered.mixin)
10393:             1             16  org.spongepowered.asm.mixin.transformer.MixinCoprocessorPassthrough (org.spongepowered.mixin)
10394:             1             16  org.spongepowered.asm.mixin.transformer.MixinCoprocessorSyntheticInner (org.spongepowered.mixin)
10395:             1             16  org.spongepowered.asm.mixin.transformer.MixinTransformer$Factory (org.spongepowered.mixin)
10396:             1             16  org.spongepowered.asm.mixin.transformer.SyntheticClassRegistry (org.spongepowered.mixin)
10397:             1             16  org.spongepowered.asm.mixin.transformer.ext.extensions.ExtensionCheckClass (org.spongepowered.mixin)
10398:             1             16  org.spongepowered.asm.service.modlauncher.MixinServiceModLauncherBootstrap (org.spongepowered.mixin)
10399:             1             16  org.spongepowered.asm.service.modlauncher.ModLauncherClassProvider (org.spongepowered.mixin)
10400:             1             16  org.spongepowered.asm.util.logging.MessageRouter$LoggingMessager (org.spongepowered.mixin)
10401:             1             16  oshi.SystemInfo$$Lambda$1247/0x00000008005a2cc0 (com.github.oshi@6.2.2)
10402:             1             16  oshi.SystemInfo$$Lambda$1249/0x00000008005a3540 (com.github.oshi@6.2.2)
10403:             1             16  oshi.hardware.platform.linux.LinuxCentralProcessor$$Lambda$1267/0x00000008005bdfc0 (com.github.oshi@6.2.2)
10404:             1             16  oshi.hardware.platform.linux.LinuxGlobalMemory$$Lambda$1286/0x00000008005bfa60 (com.github.oshi@6.2.2)
10405:             1             16  oshi.hardware.platform.linux.LinuxVirtualMemory$$Lambda$1290/0x00000008005c44f8 (com.github.oshi@6.2.2)
10406:             1             16  oshi.hardware.platform.linux.LinuxVirtualMemory$$Lambda$1291/0x00000008005c4718 (com.github.oshi@6.2.2)
10407:             1             16  oshi.util.FileUtil$$Lambda$1257/0x00000008005ad208 (com.github.oshi@6.2.2)
10408:             1             16  oshi.util.Memoizer$$Lambda$1248/0x00000008005a30e8 (com.github.oshi@6.2.2)
10409:             1             16  sun.management.ClassLoadingImpl (java.management@17.0.15)
10410:             1             16  sun.management.ManagementFactoryHelper$$Lambda$309/0x00000008002c1d30 (java.management@17.0.15)
10411:             1             16  sun.misc.Unsafe (jdk.unsupported@17.0.15)
10412:             1             16  sun.net.DefaultProgressMeteringPolicy (java.base@17.0.15)
10413:             1             16  sun.net.spi.DefaultProxySelector (java.base@17.0.15)
10414:             1             16  sun.net.www.protocol.http.AuthCacheImpl (java.base@17.0.15)
10415:             1             16  sun.net.www.protocol.jar.JarFileFactory (java.base@17.0.15)
10416:             1             16  sun.net.www.protocol.jrt.JavaRuntimeURLConnection$$Lambda$99/0x000000080015f2a0 (java.base@17.0.15)
10417:             1             16  sun.nio.ch.ExtendedSocketOption$1 (java.base@17.0.15)
10418:             1             16  sun.nio.ch.FileChannelImpl$1 (java.base@17.0.15)
10419:             1             16  sun.nio.ch.FileChannelImpl$2 (java.base@17.0.15)
10420:             1             16  sun.nio.ch.Net$1 (java.base@17.0.15)
10421:             1             16  sun.nio.ch.NioSocketImpl$$Lambda$4601/0x0000000800c63768 (java.base@17.0.15)
10422:             1             16  sun.nio.ch.NioSocketImpl$1 (java.base@17.0.15)
10423:             1             16  sun.nio.ch.NioSocketImpl$2 (java.base@17.0.15)
10424:             1             16  sun.nio.ch.SocketDispatcher (java.base@17.0.15)
10425:             1             16  sun.nio.ch.Util$1 (java.base@17.0.15)
10426:             1             16  sun.nio.fs.LinuxFileSystemProvider (java.base@17.0.15)
10427:             1             16  sun.nio.fs.NativeBuffers$1 (java.base@17.0.15)
10428:             1             16  sun.reflect.generics.tree.BottomSignature (java.base@17.0.15)
10429:             1             16  sun.reflect.generics.tree.ByteSignature (java.base@17.0.15)
10430:             1             16  sun.reflect.generics.tree.CharSignature (java.base@17.0.15)
10431:             1             16  sun.reflect.generics.tree.LongSignature (java.base@17.0.15)
10432:             1             16  sun.reflect.generics.tree.VoidDescriptor (java.base@17.0.15)
10433:             1             16  sun.security.ec.XDHKeyPairGenerator$$Lambda$4696/0x0000000800c31c90 (jdk.crypto.ec@17.0.15)
10434:             1             16  sun.security.ec.ed.EdDSAParameters$$Lambda$4593/0x0000000800c306f8 (jdk.crypto.ec@17.0.15)
10435:             1             16  sun.security.ec.ed.EdDSAParameters$$Lambda$4594/0x0000000800c310c0 (jdk.crypto.ec@17.0.15)
10436:             1             16  sun.security.ec.ed.EdDSAParameters$SHA512DigesterFactory (jdk.crypto.ec@17.0.15)
10437:             1             16  sun.security.ec.ed.EdDSAParameters$SHAKE256DigesterFactory (jdk.crypto.ec@17.0.15)
10438:             1             16  sun.security.ec.ed.EdDSASignature$$Lambda$4592/0x0000000800c0a6c0 (jdk.crypto.ec@17.0.15)
10439:             1             16  sun.security.jca.ProviderConfig$ProviderLoader (java.base@17.0.15)
10440:             1             16  sun.security.provider.X509Factory (java.base@17.0.15)
10441:             1             16  sun.security.ssl.AlpnExtension$$Lambda$4695/0x0000000800c73d60 (java.base@17.0.15)
10442:             1             16  sun.security.ssl.AlpnExtension$AlpnStringizer (java.base@17.0.15)
10443:             1             16  sun.security.ssl.AlpnExtension$CHAlpnAbsence (java.base@17.0.15)
10444:             1             16  sun.security.ssl.AlpnExtension$CHAlpnConsumer (java.base@17.0.15)
10445:             1             16  sun.security.ssl.AlpnExtension$CHAlpnProducer (java.base@17.0.15)
10446:             1             16  sun.security.ssl.CertSignAlgsExtension$CHCertSignatureSchemesConsumer (java.base@17.0.15)
10447:             1             16  sun.security.ssl.CertSignAlgsExtension$CHCertSignatureSchemesProducer (java.base@17.0.15)
10448:             1             16  sun.security.ssl.CertSignAlgsExtension$CHCertSignatureSchemesUpdate (java.base@17.0.15)
10449:             1             16  sun.security.ssl.CertSignAlgsExtension$CRCertSignatureSchemesConsumer (java.base@17.0.15)
10450:             1             16  sun.security.ssl.CertSignAlgsExtension$CRCertSignatureSchemesProducer (java.base@17.0.15)
10451:             1             16  sun.security.ssl.CertSignAlgsExtension$CRCertSignatureSchemesUpdate (java.base@17.0.15)
10452:             1             16  sun.security.ssl.CertSignAlgsExtension$CertSignatureSchemesStringizer (java.base@17.0.15)
10453:             1             16  sun.security.ssl.CertStatusExtension$CHCertStatusReqConsumer (java.base@17.0.15)
10454:             1             16  sun.security.ssl.CertStatusExtension$CHCertStatusReqProducer (java.base@17.0.15)
10455:             1             16  sun.security.ssl.CertStatusExtension$CHCertStatusReqV2Consumer (java.base@17.0.15)
10456:             1             16  sun.security.ssl.CertStatusExtension$CHCertStatusReqV2Producer (java.base@17.0.15)
10457:             1             16  sun.security.ssl.CertStatusExtension$CTCertStatusResponseConsumer (java.base@17.0.15)
10458:             1             16  sun.security.ssl.CertStatusExtension$CTCertStatusResponseProducer (java.base@17.0.15)
10459:             1             16  sun.security.ssl.CertStatusExtension$CertStatusRequestSpec (java.base@17.0.15)
10460:             1             16  sun.security.ssl.CertStatusExtension$CertStatusRequestStringizer (java.base@17.0.15)
10461:             1             16  sun.security.ssl.CertStatusExtension$CertStatusRequestV2Spec (java.base@17.0.15)
10462:             1             16  sun.security.ssl.CertStatusExtension$CertStatusRequestsStringizer (java.base@17.0.15)
10463:             1             16  sun.security.ssl.CertStatusExtension$CertStatusRespStringizer (java.base@17.0.15)
10464:             1             16  sun.security.ssl.CertStatusExtension$SHCertStatusReqConsumer (java.base@17.0.15)
10465:             1             16  sun.security.ssl.CertStatusExtension$SHCertStatusReqProducer (java.base@17.0.15)
10466:             1             16  sun.security.ssl.CertStatusExtension$SHCertStatusReqV2Consumer (java.base@17.0.15)
10467:             1             16  sun.security.ssl.CertStatusExtension$SHCertStatusReqV2Producer (java.base@17.0.15)
10468:             1             16  sun.security.ssl.CertificateAuthoritiesExtension$CHCertificateAuthoritiesConsumer (java.base@17.0.15)
10469:             1             16  sun.security.ssl.CertificateAuthoritiesExtension$CHCertificateAuthoritiesProducer (java.base@17.0.15)
10470:             1             16  sun.security.ssl.CertificateAuthoritiesExtension$CRCertificateAuthoritiesConsumer (java.base@17.0.15)
10471:             1             16  sun.security.ssl.CertificateAuthoritiesExtension$CRCertificateAuthoritiesProducer (java.base@17.0.15)
10472:             1             16  sun.security.ssl.CertificateAuthoritiesExtension$CertificateAuthoritiesStringizer (java.base@17.0.15)
10473:             1             16  sun.security.ssl.CertificateMessage$T12CertificateConsumer (java.base@17.0.15)
10474:             1             16  sun.security.ssl.CertificateMessage$T12CertificateProducer (java.base@17.0.15)
10475:             1             16  sun.security.ssl.CertificateMessage$T13CertificateConsumer (java.base@17.0.15)
10476:             1             16  sun.security.ssl.CertificateMessage$T13CertificateProducer (java.base@17.0.15)
10477:             1             16  sun.security.ssl.CertificateRequest$T10CertificateRequestConsumer (java.base@17.0.15)
10478:             1             16  sun.security.ssl.CertificateRequest$T10CertificateRequestProducer (java.base@17.0.15)
10479:             1             16  sun.security.ssl.CertificateRequest$T12CertificateRequestConsumer (java.base@17.0.15)
10480:             1             16  sun.security.ssl.CertificateRequest$T12CertificateRequestProducer (java.base@17.0.15)
10481:             1             16  sun.security.ssl.CertificateRequest$T13CertificateRequestConsumer (java.base@17.0.15)
10482:             1             16  sun.security.ssl.CertificateRequest$T13CertificateRequestProducer (java.base@17.0.15)
10483:             1             16  sun.security.ssl.CertificateStatus$CertificateStatusAbsence (java.base@17.0.15)
10484:             1             16  sun.security.ssl.CertificateStatus$CertificateStatusConsumer (java.base@17.0.15)
10485:             1             16  sun.security.ssl.CertificateStatus$CertificateStatusProducer (java.base@17.0.15)
10486:             1             16  sun.security.ssl.CertificateVerify$S30CertificateVerifyConsumer (java.base@17.0.15)
10487:             1             16  sun.security.ssl.CertificateVerify$S30CertificateVerifyProducer (java.base@17.0.15)
10488:             1             16  sun.security.ssl.CertificateVerify$T10CertificateVerifyConsumer (java.base@17.0.15)
10489:             1             16  sun.security.ssl.CertificateVerify$T10CertificateVerifyProducer (java.base@17.0.15)
10490:             1             16  sun.security.ssl.CertificateVerify$T12CertificateVerifyConsumer (java.base@17.0.15)
10491:             1             16  sun.security.ssl.CertificateVerify$T12CertificateVerifyProducer (java.base@17.0.15)
10492:             1             16  sun.security.ssl.CertificateVerify$T13CertificateVerifyConsumer (java.base@17.0.15)
10493:             1             16  sun.security.ssl.CertificateVerify$T13CertificateVerifyProducer (java.base@17.0.15)
10494:             1             16  sun.security.ssl.ChangeCipherSpec$T10ChangeCipherSpecConsumer (java.base@17.0.15)
10495:             1             16  sun.security.ssl.ChangeCipherSpec$T10ChangeCipherSpecProducer (java.base@17.0.15)
10496:             1             16  sun.security.ssl.ChangeCipherSpec$T13ChangeCipherSpecConsumer (java.base@17.0.15)
10497:             1             16  sun.security.ssl.ClientHello$ClientHelloConsumer (java.base@17.0.15)
10498:             1             16  sun.security.ssl.ClientHello$ClientHelloKickstartProducer (java.base@17.0.15)
10499:             1             16  sun.security.ssl.ClientHello$ClientHelloProducer (java.base@17.0.15)
10500:             1             16  sun.security.ssl.ClientHello$D12ClientHelloConsumer (java.base@17.0.15)
10501:             1             16  sun.security.ssl.ClientHello$D13ClientHelloConsumer (java.base@17.0.15)
10502:             1             16  sun.security.ssl.ClientHello$T12ClientHelloConsumer (java.base@17.0.15)
10503:             1             16  sun.security.ssl.ClientHello$T13ClientHelloConsumer (java.base@17.0.15)
10504:             1             16  sun.security.ssl.ClientKeyExchange$ClientKeyExchangeConsumer (java.base@17.0.15)
10505:             1             16  sun.security.ssl.ClientKeyExchange$ClientKeyExchangeProducer (java.base@17.0.15)
10506:             1             16  sun.security.ssl.CookieExtension$CHCookieConsumer (java.base@17.0.15)
10507:             1             16  sun.security.ssl.CookieExtension$CHCookieProducer (java.base@17.0.15)
10508:             1             16  sun.security.ssl.CookieExtension$CHCookieUpdate (java.base@17.0.15)
10509:             1             16  sun.security.ssl.CookieExtension$CookieStringizer (java.base@17.0.15)
10510:             1             16  sun.security.ssl.CookieExtension$HRRCookieConsumer (java.base@17.0.15)
10511:             1             16  sun.security.ssl.CookieExtension$HRRCookieProducer (java.base@17.0.15)
10512:             1             16  sun.security.ssl.CookieExtension$HRRCookieReproducer (java.base@17.0.15)
10513:             1             16  sun.security.ssl.ECDHKeyExchange$ECDHEKAGenerator (java.base@17.0.15)
10514:             1             16  sun.security.ssl.ECDHKeyExchange$ECDHEPossessionGenerator (java.base@17.0.15)
10515:             1             16  sun.security.ssl.ECDHKeyExchange$ECDHEXDHKAGenerator (java.base@17.0.15)
10516:             1             16  sun.security.ssl.ECDHKeyExchange$ECDHKAGenerator (java.base@17.0.15)
10517:             1             16  sun.security.ssl.ECPointFormatsExtension$CHECPointFormatsConsumer (java.base@17.0.15)
10518:             1             16  sun.security.ssl.ECPointFormatsExtension$CHECPointFormatsProducer (java.base@17.0.15)
10519:             1             16  sun.security.ssl.ECPointFormatsExtension$ECPointFormatsSpec (java.base@17.0.15)
10520:             1             16  sun.security.ssl.ECPointFormatsExtension$ECPointFormatsStringizer (java.base@17.0.15)
10521:             1             16  sun.security.ssl.ECPointFormatsExtension$SHECPointFormatsConsumer (java.base@17.0.15)
10522:             1             16  sun.security.ssl.EncryptedExtensions$EncryptedExtensionsConsumer (java.base@17.0.15)
10523:             1             16  sun.security.ssl.EncryptedExtensions$EncryptedExtensionsProducer (java.base@17.0.15)
10524:             1             16  sun.security.ssl.ExtendedMasterSecretExtension$CHExtendedMasterSecretAbsence (java.base@17.0.15)
10525:             1             16  sun.security.ssl.ExtendedMasterSecretExtension$CHExtendedMasterSecretConsumer (java.base@17.0.15)
10526:             1             16  sun.security.ssl.ExtendedMasterSecretExtension$CHExtendedMasterSecretProducer (java.base@17.0.15)
10527:             1             16  sun.security.ssl.ExtendedMasterSecretExtension$ExtendedMasterSecretSpec (java.base@17.0.15)
10528:             1             16  sun.security.ssl.ExtendedMasterSecretExtension$ExtendedMasterSecretStringizer (java.base@17.0.15)
10529:             1             16  sun.security.ssl.ExtendedMasterSecretExtension$SHExtendedMasterSecretAbsence (java.base@17.0.15)
10530:             1             16  sun.security.ssl.ExtendedMasterSecretExtension$SHExtendedMasterSecretConsumer (java.base@17.0.15)
10531:             1             16  sun.security.ssl.ExtendedMasterSecretExtension$SHExtendedMasterSecretProducer (java.base@17.0.15)
10532:             1             16  sun.security.ssl.Finished$S30VerifyDataGenerator (java.base@17.0.15)
10533:             1             16  sun.security.ssl.Finished$T10VerifyDataGenerator (java.base@17.0.15)
10534:             1             16  sun.security.ssl.Finished$T12FinishedConsumer (java.base@17.0.15)
10535:             1             16  sun.security.ssl.Finished$T12FinishedProducer (java.base@17.0.15)
10536:             1             16  sun.security.ssl.Finished$T12VerifyDataGenerator (java.base@17.0.15)
10537:             1             16  sun.security.ssl.Finished$T13FinishedConsumer (java.base@17.0.15)
10538:             1             16  sun.security.ssl.Finished$T13FinishedProducer (java.base@17.0.15)
10539:             1             16  sun.security.ssl.Finished$T13VerifyDataGenerator (java.base@17.0.15)
10540:             1             16  sun.security.ssl.HandshakeHash$CacheOnlyHash (java.base@17.0.15)
10541:             1             16  sun.security.ssl.HelloRequest$HelloRequestConsumer (java.base@17.0.15)
10542:             1             16  sun.security.ssl.HelloRequest$HelloRequestKickstartProducer (java.base@17.0.15)
10543:             1             16  sun.security.ssl.HelloRequest$HelloRequestProducer (java.base@17.0.15)
10544:             1             16  sun.security.ssl.HelloVerifyRequest$HelloVerifyRequestConsumer (java.base@17.0.15)
10545:             1             16  sun.security.ssl.HelloVerifyRequest$HelloVerifyRequestProducer (java.base@17.0.15)
10546:             1             16  sun.security.ssl.KeyShareExtension$CHKeyShareConsumer (java.base@17.0.15)
10547:             1             16  sun.security.ssl.KeyShareExtension$CHKeyShareOnTradeAbsence (java.base@17.0.15)
10548:             1             16  sun.security.ssl.KeyShareExtension$CHKeyShareProducer (java.base@17.0.15)
10549:             1             16  sun.security.ssl.KeyShareExtension$CHKeyShareStringizer (java.base@17.0.15)
10550:             1             16  sun.security.ssl.KeyShareExtension$HRRKeyShareConsumer (java.base@17.0.15)
10551:             1             16  sun.security.ssl.KeyShareExtension$HRRKeyShareProducer (java.base@17.0.15)
10552:             1             16  sun.security.ssl.KeyShareExtension$HRRKeyShareReproducer (java.base@17.0.15)
10553:             1             16  sun.security.ssl.KeyShareExtension$HRRKeyShareStringizer (java.base@17.0.15)
10554:             1             16  sun.security.ssl.KeyShareExtension$SHKeyShareAbsence (java.base@17.0.15)
10555:             1             16  sun.security.ssl.KeyShareExtension$SHKeyShareConsumer (java.base@17.0.15)
10556:             1             16  sun.security.ssl.KeyShareExtension$SHKeyShareProducer (java.base@17.0.15)
10557:             1             16  sun.security.ssl.KeyShareExtension$SHKeyShareStringizer (java.base@17.0.15)
10558:             1             16  sun.security.ssl.KeyUpdate$KeyUpdateConsumer (java.base@17.0.15)
10559:             1             16  sun.security.ssl.KeyUpdate$KeyUpdateKickstartProducer (java.base@17.0.15)
10560:             1             16  sun.security.ssl.KeyUpdate$KeyUpdateProducer (java.base@17.0.15)
10561:             1             16  sun.security.ssl.MaxFragExtension$CHMaxFragmentLengthConsumer (java.base@17.0.15)
10562:             1             16  sun.security.ssl.MaxFragExtension$CHMaxFragmentLengthProducer (java.base@17.0.15)
10563:             1             16  sun.security.ssl.MaxFragExtension$EEMaxFragmentLengthConsumer (java.base@17.0.15)
10564:             1             16  sun.security.ssl.MaxFragExtension$EEMaxFragmentLengthProducer (java.base@17.0.15)
10565:             1             16  sun.security.ssl.MaxFragExtension$EEMaxFragmentLengthUpdate (java.base@17.0.15)
10566:             1             16  sun.security.ssl.MaxFragExtension$MaxFragLenStringizer (java.base@17.0.15)
10567:             1             16  sun.security.ssl.MaxFragExtension$SHMaxFragmentLengthConsumer (java.base@17.0.15)
10568:             1             16  sun.security.ssl.MaxFragExtension$SHMaxFragmentLengthProducer (java.base@17.0.15)
10569:             1             16  sun.security.ssl.MaxFragExtension$SHMaxFragmentLengthUpdate (java.base@17.0.15)
10570:             1             16  sun.security.ssl.NamedGroup$ECDHEScheme (java.base@17.0.15)
10571:             1             16  sun.security.ssl.NamedGroup$FFDHEScheme (java.base@17.0.15)
10572:             1             16  sun.security.ssl.NamedGroup$XDHScheme (java.base@17.0.15)
10573:             1             16  sun.security.ssl.NewSessionTicket$T12NewSessionTicketConsumer (java.base@17.0.15)
10574:             1             16  sun.security.ssl.NewSessionTicket$T12NewSessionTicketProducer (java.base@17.0.15)
10575:             1             16  sun.security.ssl.NewSessionTicket$T13NewSessionTicketConsumer (java.base@17.0.15)
10576:             1             16  sun.security.ssl.NewSessionTicket$T13NewSessionTicketProducer (java.base@17.0.15)
10577:             1             16  sun.security.ssl.PreSharedKeyExtension$CHPreSharedKeyConsumer (java.base@17.0.15)
10578:             1             16  sun.security.ssl.PreSharedKeyExtension$CHPreSharedKeyOnLoadAbsence (java.base@17.0.15)
10579:             1             16  sun.security.ssl.PreSharedKeyExtension$CHPreSharedKeyOnTradeAbsence (java.base@17.0.15)
10580:             1             16  sun.security.ssl.PreSharedKeyExtension$CHPreSharedKeyProducer (java.base@17.0.15)
10581:             1             16  sun.security.ssl.PreSharedKeyExtension$CHPreSharedKeyStringizer (java.base@17.0.15)
10582:             1             16  sun.security.ssl.PreSharedKeyExtension$CHPreSharedKeyUpdate (java.base@17.0.15)
10583:             1             16  sun.security.ssl.PreSharedKeyExtension$SHPreSharedKeyAbsence (java.base@17.0.15)
10584:             1             16  sun.security.ssl.PreSharedKeyExtension$SHPreSharedKeyConsumer (java.base@17.0.15)
10585:             1             16  sun.security.ssl.PreSharedKeyExtension$SHPreSharedKeyProducer (java.base@17.0.15)
10586:             1             16  sun.security.ssl.PreSharedKeyExtension$SHPreSharedKeyStringizer (java.base@17.0.15)
10587:             1             16  sun.security.ssl.PskKeyExchangeModesExtension$PskKeyExchangeModesConsumer (java.base@17.0.15)
10588:             1             16  sun.security.ssl.PskKeyExchangeModesExtension$PskKeyExchangeModesOnLoadAbsence (java.base@17.0.15)
10589:             1             16  sun.security.ssl.PskKeyExchangeModesExtension$PskKeyExchangeModesOnTradeAbsence (java.base@17.0.15)
10590:             1             16  sun.security.ssl.PskKeyExchangeModesExtension$PskKeyExchangeModesProducer (java.base@17.0.15)
10591:             1             16  sun.security.ssl.PskKeyExchangeModesExtension$PskKeyExchangeModesSpec (java.base@17.0.15)
10592:             1             16  sun.security.ssl.PskKeyExchangeModesExtension$PskKeyExchangeModesStringizer (java.base@17.0.15)
10593:             1             16  sun.security.ssl.RSAKeyExchange$EphemeralRSAPossessionGenerator (java.base@17.0.15)
10594:             1             16  sun.security.ssl.RSAKeyExchange$RSAKAGenerator (java.base@17.0.15)
10595:             1             16  sun.security.ssl.RandomCookie (java.base@17.0.15)
10596:             1             16  sun.security.ssl.RenegoInfoExtension$CHRenegotiationInfoAbsence (java.base@17.0.15)
10597:             1             16  sun.security.ssl.RenegoInfoExtension$CHRenegotiationInfoConsumer (java.base@17.0.15)
10598:             1             16  sun.security.ssl.RenegoInfoExtension$CHRenegotiationInfoProducer (java.base@17.0.15)
10599:             1             16  sun.security.ssl.RenegoInfoExtension$RenegotiationInfoStringizer (java.base@17.0.15)
10600:             1             16  sun.security.ssl.RenegoInfoExtension$SHRenegotiationInfoAbsence (java.base@17.0.15)
10601:             1             16  sun.security.ssl.RenegoInfoExtension$SHRenegotiationInfoConsumer (java.base@17.0.15)
10602:             1             16  sun.security.ssl.RenegoInfoExtension$SHRenegotiationInfoProducer (java.base@17.0.15)
10603:             1             16  sun.security.ssl.SSLCipher$T12CC20P1305ReadCipherGenerator (java.base@17.0.15)
10604:             1             16  sun.security.ssl.SSLCipher$T12CC20P1305WriteCipherGenerator (java.base@17.0.15)
10605:             1             16  sun.security.ssl.SSLCipher$T13CC20P1305ReadCipherGenerator (java.base@17.0.15)
10606:             1             16  sun.security.ssl.SSLCipher$T13CC20P1305WriteCipherGenerator (java.base@17.0.15)
10607:             1             16  sun.security.ssl.SSLSocketFactoryImpl (java.base@17.0.15)
10608:             1             16  sun.security.ssl.SSLTrafficKeyDerivation$S30TrafficKeyDerivationGenerator (java.base@17.0.15)
10609:             1             16  sun.security.ssl.SSLTrafficKeyDerivation$T10TrafficKeyDerivationGenerator (java.base@17.0.15)
10610:             1             16  sun.security.ssl.SSLTrafficKeyDerivation$T12TrafficKeyDerivationGenerator (java.base@17.0.15)
10611:             1             16  sun.security.ssl.SSLTrafficKeyDerivation$T13TrafficKeyDerivationGenerator (java.base@17.0.15)
10612:             1             16  sun.security.ssl.ServerHello$ServerHelloConsumer (java.base@17.0.15)
10613:             1             16  sun.security.ssl.ServerHello$T12ServerHelloProducer (java.base@17.0.15)
10614:             1             16  sun.security.ssl.ServerHello$T13HelloRetryRequestProducer (java.base@17.0.15)
10615:             1             16  sun.security.ssl.ServerHello$T13HelloRetryRequestReproducer (java.base@17.0.15)
10616:             1             16  sun.security.ssl.ServerHello$T13ServerHelloProducer (java.base@17.0.15)
10617:             1             16  sun.security.ssl.ServerHelloDone$ServerHelloDoneConsumer (java.base@17.0.15)
10618:             1             16  sun.security.ssl.ServerHelloDone$ServerHelloDoneProducer (java.base@17.0.15)
10619:             1             16  sun.security.ssl.ServerKeyExchange$ServerKeyExchangeConsumer (java.base@17.0.15)
10620:             1             16  sun.security.ssl.ServerKeyExchange$ServerKeyExchangeProducer (java.base@17.0.15)
10621:             1             16  sun.security.ssl.ServerNameExtension$CHServerNameConsumer (java.base@17.0.15)
10622:             1             16  sun.security.ssl.ServerNameExtension$CHServerNameProducer (java.base@17.0.15)
10623:             1             16  sun.security.ssl.ServerNameExtension$CHServerNamesStringizer (java.base@17.0.15)
10624:             1             16  sun.security.ssl.ServerNameExtension$EEServerNameConsumer (java.base@17.0.15)
10625:             1             16  sun.security.ssl.ServerNameExtension$EEServerNameProducer (java.base@17.0.15)
10626:             1             16  sun.security.ssl.ServerNameExtension$SHServerNameConsumer (java.base@17.0.15)
10627:             1             16  sun.security.ssl.ServerNameExtension$SHServerNameProducer (java.base@17.0.15)
10628:             1             16  sun.security.ssl.ServerNameExtension$SHServerNamesSpec (java.base@17.0.15)
10629:             1             16  sun.security.ssl.ServerNameExtension$SHServerNamesStringizer (java.base@17.0.15)
10630:             1             16  sun.security.ssl.SessionTicketExtension$SessionTicketStringizer (java.base@17.0.15)
10631:             1             16  sun.security.ssl.SessionTicketExtension$T12CHSessionTicketConsumer (java.base@17.0.15)
10632:             1             16  sun.security.ssl.SessionTicketExtension$T12CHSessionTicketProducer (java.base@17.0.15)
10633:             1             16  sun.security.ssl.SessionTicketExtension$T12SHSessionTicketConsumer (java.base@17.0.15)
10634:             1             16  sun.security.ssl.SessionTicketExtension$T12SHSessionTicketProducer (java.base@17.0.15)
10635:             1             16  sun.security.ssl.SignatureAlgorithmsExtension$CHSignatureSchemesConsumer (java.base@17.0.15)
10636:             1             16  sun.security.ssl.SignatureAlgorithmsExtension$CHSignatureSchemesOnLoadAbsence (java.base@17.0.15)
10637:             1             16  sun.security.ssl.SignatureAlgorithmsExtension$CHSignatureSchemesOnTradeAbsence (java.base@17.0.15)
10638:             1             16  sun.security.ssl.SignatureAlgorithmsExtension$CHSignatureSchemesProducer (java.base@17.0.15)
10639:             1             16  sun.security.ssl.SignatureAlgorithmsExtension$CHSignatureSchemesUpdate (java.base@17.0.15)
10640:             1             16  sun.security.ssl.SignatureAlgorithmsExtension$CRSignatureSchemesAbsence (java.base@17.0.15)
10641:             1             16  sun.security.ssl.SignatureAlgorithmsExtension$CRSignatureSchemesConsumer (java.base@17.0.15)
10642:             1             16  sun.security.ssl.SignatureAlgorithmsExtension$CRSignatureSchemesProducer (java.base@17.0.15)
10643:             1             16  sun.security.ssl.SignatureAlgorithmsExtension$CRSignatureSchemesUpdate (java.base@17.0.15)
10644:             1             16  sun.security.ssl.SignatureAlgorithmsExtension$SignatureSchemesStringizer (java.base@17.0.15)
10645:             1             16  sun.security.ssl.SupportedGroupsExtension$CHSupportedGroupsConsumer (java.base@17.0.15)
10646:             1             16  sun.security.ssl.SupportedGroupsExtension$CHSupportedGroupsOnTradeAbsence (java.base@17.0.15)
10647:             1             16  sun.security.ssl.SupportedGroupsExtension$CHSupportedGroupsProducer (java.base@17.0.15)
10648:             1             16  sun.security.ssl.SupportedGroupsExtension$EESupportedGroupsConsumer (java.base@17.0.15)
10649:             1             16  sun.security.ssl.SupportedGroupsExtension$EESupportedGroupsProducer (java.base@17.0.15)
10650:             1             16  sun.security.ssl.SupportedGroupsExtension$SupportedGroupsStringizer (java.base@17.0.15)
10651:             1             16  sun.security.ssl.SupportedVersionsExtension$CHSupportedVersionsConsumer (java.base@17.0.15)
10652:             1             16  sun.security.ssl.SupportedVersionsExtension$CHSupportedVersionsProducer (java.base@17.0.15)
10653:             1             16  sun.security.ssl.SupportedVersionsExtension$CHSupportedVersionsStringizer (java.base@17.0.15)
10654:             1             16  sun.security.ssl.SupportedVersionsExtension$HRRSupportedVersionsConsumer (java.base@17.0.15)
10655:             1             16  sun.security.ssl.SupportedVersionsExtension$HRRSupportedVersionsProducer (java.base@17.0.15)
10656:             1             16  sun.security.ssl.SupportedVersionsExtension$HRRSupportedVersionsReproducer (java.base@17.0.15)
10657:             1             16  sun.security.ssl.SupportedVersionsExtension$SHSupportedVersionsConsumer (java.base@17.0.15)
10658:             1             16  sun.security.ssl.SupportedVersionsExtension$SHSupportedVersionsProducer (java.base@17.0.15)
10659:             1             16  sun.security.util.ArrayUtil$$Lambda$4699/0x0000000800cc9910 (java.base@17.0.15)
10660:             1             16  sun.security.util.ByteArrayLexOrder (java.base@17.0.15)
10661:             1             16  sun.security.util.ByteArrayTagOrder (java.base@17.0.15)
10662:             1             16  sun.security.util.KeyStoreDelegator$$Lambda$4515/0x0000000800c41930 (java.base@17.0.15)
10663:             1             16  sun.security.util.ManifestDigester$$Lambda$167/0x0000000800173768 (java.base@17.0.15)
10664:             1             16  sun.util.calendar.Gregorian (java.base@17.0.15)
10665:             1             16  sun.util.cldr.CLDRBaseLocaleDataMetaInfo (java.base@17.0.15)
10666:             1             16  sun.util.cldr.CLDRLocaleProviderAdapter$$Lambda$77/0x00000008000f16a8 (java.base@17.0.15)
10667:             1             16  sun.util.locale.InternalLocaleBuilder$CaseInsensitiveChar (java.base@17.0.15)
10668:             1             16  sun.util.locale.provider.CalendarDataUtility$CalendarFieldValueNamesMapGetter (java.base@17.0.15)
10669:             1             16  sun.util.locale.provider.CalendarDataUtility$CalendarWeekParameterGetter (java.base@17.0.15)
10670:             1             16  sun.util.locale.provider.CalendarNameProviderImpl$LengthBasedComparator (java.base@17.0.15)
10671:             1             16  sun.util.logging.PlatformLogger (java.base@17.0.15)
10672:             1             16  sun.util.logging.internal.LoggingProviderImpl (java.logging@17.0.15)
10673:             1             16  sun.util.resources.LocaleData (java.base@17.0.15)
10674:             1             16  sun.util.resources.LocaleData$LocaleDataStrategy (java.base@17.0.15)
10675:             1             16  sun.util.resources.cldr.provider.CLDRLocaleDataMetaInfo (jdk.localedata@17.0.15)
10676:             1             16  thedarkcolour.kotlinforforge.KotlinLanguageProvider (thedarkcolour.kotlinforforge.kfflang@4.12.0)
10677:             1             16  thedarkcolour.kotlinforforge.KotlinLanguageProvider$Companion (thedarkcolour.kotlinforforge.kfflang@4.12.0)
Total       7014748      497435208
