406774:
 num     #instances         #bytes  class name (module)
-------------------------------------------------------
   1:       1088475      359061184  [B (java.base@17.0.15)
   2:        799230       31969200  java.util.LinkedHashMap$Entry (java.base@17.0.15)
   3:        736549       29461960  jdk.nio.zipfs.ZipFileSystem$IndexNode (jdk.zipfs@17.0.15)
   4:         71987        9912360  [Ljava.util.HashMap$Node; (java.base@17.0.15)
   5:        175124        9576664  [Ljava.lang.Object; (java.base@17.0.15)
   6:        348355        8360520  java.lang.String (java.base@17.0.15)
   7:        317315        7615560  com.google.common.collect.ImmutableMapEntry (com.google.common@31.1-jre)
   8:        198196        6342272  java.util.HashMap$Node (java.base@17.0.15)
   9:         85408        4016336  [Lcom.google.common.collect.ImmutableMapEntry; (com.google.common@31.1-jre)
  10:        134928        3238272  com.google.common.collect.ImmutableMapEntry$NonTerminalImmutableMapEntry (com.google.common@31.1-jre)
  11:         68631        2745240  com.google.common.collect.RegularImmutableMap (com.google.common@31.1-jre)
  12:         47036        2634016  java.util.LinkedHashMap (java.base@17.0.15)
  13:         51855        2346744  [Ljava.util.Map$Entry; (java.base@17.0.15)
  14:         24135        2316960  net.minecraft.world.level.block.state.BlockState (minecraft@1.20.1)
  15:         42433        2036784  java.util.HashMap (java.base@17.0.15)
  16:         11709        1426152  java.lang.Class (java.base@17.0.15)
  17:         44343        1418976  java.util.Hashtable$Entry (java.base@17.0.15)
  18:         26579        1384616  [D (java.base@17.0.15)
  19:         23810        1142880  com.google.common.collect.ArrayTable (com.google.common@31.1-jre)
  20:         69949        1119184  com.google.common.collect.RegularImmutableList (com.google.common@31.1-jre)
  21:          5012        1071528  [I (java.base@17.0.15)
  22:         27099         867168  org.objectweb.asm.Type (org.objectweb.asm@9.8)
  23:         23811         843408  [[Ljava.lang.Object; (java.base@17.0.15)
  24:         23735         759520  java.util.concurrent.ConcurrentHashMap$Node (java.base@17.0.15)
  25:         44834         717344  java.util.jar.Attributes (java.base@17.0.15)
  26:         13454         645792  com.google.common.collect.HashBiMap$BiEntry (com.google.common@31.1-jre)
  27:         26569         637656  it.unimi.dsi.fastutil.doubles.DoubleArrayList (it.unimi.dsi.fastutil@8.5.9)
  28:         15849         633960  it.unimi.dsi.fastutil.objects.Object2ObjectArrayMap (it.unimi.dsi.fastutil@8.5.9)
  29:         35613         569808  net.minecraft.nbt.StringTag (minecraft@1.20.1)
  30:           336         541440  [C (java.base@17.0.15)
  31:         22484         539616  com.google.common.collect.ImmutableMapEntrySet$RegularEntrySet (com.google.common@31.1-jre)
  32:           910         472736  [Ljava.util.Hashtable$Entry; (java.base@17.0.15)
  33:          7945         444920  net.minecraft.world.phys.shapes.BitSetDiscreteVoxelShape (minecraft@1.20.1)
  34:          7916         379968  java.lang.invoke.MemberName (java.base@17.0.15)
  35:         21868         349888  com.mojang.datafixers.types.templates.Const (datafixerupper@6.0.8)
  36:         10138         324416  com.mojang.datafixers.types.templates.Product$ProductType (datafixerupper@6.0.8)
  37:         12363         296712  com.mojang.datafixers.types.templates.Sum (datafixerupper@6.0.8)
  38:          8904         284928  net.minecraft.world.phys.shapes.ArrayVoxelShape (minecraft@1.20.1)
  39:         11865         284760  com.mojang.datafixers.types.templates.Product (datafixerupper@6.0.8)
  40:         11787         282888  com.mojang.datafixers.types.templates.Tag (datafixerupper@6.0.8)
  41:         17283         276528  java.util.HashMap$EntrySet (java.base@17.0.15)
  42:           121         266168  [F (java.base@17.0.15)
  43:          2985         262680  java.lang.reflect.Method (java.base@17.0.15)
  44:         16138         258208  net.minecraft.nbt.CompoundTag (minecraft@1.20.1)
  45:          7780         248960  com.mojang.datafixers.types.templates.Tag$TagType (datafixerupper@6.0.8)
  46:          8704         246368  [J (java.base@17.0.15)
  47:          7625         244000  com.mojang.datafixers.types.templates.Sum$SumType (datafixerupper@6.0.8)
  48:          6993         223776  com.mojang.datafixers.types.templates.Named$NamedType (datafixerupper@6.0.8)
  49:          6778         216896  net.minecraft.core.Holder$Reference (minecraft@1.20.1)
  50:          8935         214440  java.util.ArrayList (java.base@17.0.15)
  51:           393         211568  [Ljava.util.concurrent.ConcurrentHashMap$Node; (java.base@17.0.15)
  52:          8612         206688  net.minecraftforge.forgespi.language.ModFileScanData$ClassData (net.minecraftforge.forgespi@7.0.1)
  53:          8227         197448  com.mojang.serialization.Dynamic (datafixerupper@6.0.8)
  54:          7978         191472  java.util.BitSet (java.base@17.0.15)
  55:         11744         187904  java.util.HashSet (java.base@17.0.15)
  56:          5708         182656  net.minecraftforge.forgespi.language.ModFileScanData$AnnotationData (net.minecraftforge.forgespi@7.0.1)
  57:          4321         172840  java.lang.invoke.MethodType (java.base@17.0.15)
  58:          6568         163840  [Ljava.lang.String; (java.base@17.0.15)
  59:         10235         163760  com.mojang.datafixers.types.templates.RecursivePoint (datafixerupper@6.0.8)
  60:          5641         159760  [Ljava.lang.Class; (java.base@17.0.15)
  61:          4970         159040  java.lang.invoke.LambdaForm$Name (java.base@17.0.15)
  62:          3907         156280  java.lang.ref.SoftReference (java.base@17.0.15)
  63:          9717         155472  java.lang.Object (java.base@17.0.15)
  64:           246         154464  [Lcom.google.common.collect.HashBiMap$BiEntry; (com.google.common@31.1-jre)
  65:          1195         152960  jdk.nio.zipfs.ZipFileSystem (jdk.zipfs@17.0.15)
  66:          4617         147744  java.lang.invoke.MethodType$ConcurrentWeakInternSet$WeakEntry (java.base@17.0.15)
  67:          9155         146480  java.util.HashMap$KeySet (java.base@17.0.15)
  68:          8873         141968  com.mojang.datafixers.types.templates.List (datafixerupper@6.0.8)
  69:          2914         139872  com.google.common.collect.SingletonImmutableBiMap (com.google.common@31.1-jre)
  70:          4226         135232  com.mojang.serialization.MapCodec$1 (datafixerupper@6.0.8)
  71:          5634         135216  java.lang.invoke.ResolvedMethodName (java.base@17.0.15)
  72:          2074         132736  java.lang.Class$ReflectionData (java.base@17.0.15)
  73:          1792         129024  java.lang.reflect.Constructor (java.base@17.0.15)
  74:          2476         118848  jdk.internal.ref.CleanerImpl$PhantomCleanableRef (java.base@17.0.15)
  75:          4842         116208  com.mojang.datafixers.schemas.Schema$$Lambda$1806/0x000000080081ee38 (datafixerupper@6.0.8)
  76:          3522         112704  java.lang.invoke.DirectMethodHandle (java.base@17.0.15)
  77:          3489         111648  com.google.common.collect.MapMakerInternalMap$StrongKeyWeakValueEntry (com.google.common@31.1-jre)
  78:          3489         111648  com.google.common.collect.MapMakerInternalMap$WeakValueReferenceImpl (com.google.common@31.1-jre)
  79:          3411         109152  cpw.mods.niofs.union.UnionPath (cpw.mods.securejarhandler)
  80:          2702         108080  java.lang.invoke.BoundMethodHandle$Species_LL (java.base@17.0.15)
  81:          1003         104312  net.minecraft.world.level.block.state.BlockBehaviour$Properties (minecraft@1.20.1)
  82:          5284          84544  net.minecraft.util.datafix.schemas.V1460$$Lambda$2003/0x000000080085c6f8 (minecraft@1.20.1)
  83:          3489          83736  net.minecraft.resources.ResourceKey (minecraft@1.20.1)
  84:          3489          83736  net.minecraft.resources.ResourceKey$InternKey (minecraft@1.20.1)
  85:          3486          83664  net.minecraft.resources.ResourceLocation (minecraft@1.20.1)
  86:          1716          82368  java.util.concurrent.locks.ReentrantReadWriteLock$NonfairSync (java.base@17.0.15)
  87:          1082          82232  [Ljava.lang.ref.SoftReference; (java.base@17.0.15)
  88:          3356          80544  net.minecraftforge.registries.ForgeRegistry$OverrideOwner (forge@47.4.13)
  89:          1987          79480  sun.util.locale.LocaleObjectCache$CacheEntry (java.base@17.0.15)
  90:          2358          75456  com.mojang.datafixers.types.templates.CompoundList$CompoundListType (datafixerupper@6.0.8)
  91:           997          71784  java.lang.reflect.Field (java.base@17.0.15)
  92:          2204          70528  com.electronwill.nightconfig.core.SimpleCommentedConfig (com.electronwill.nightconfig.core@3.6.4)
  93:          2764          66336  com.mojang.datafixers.types.templates.List$ListType (datafixerupper@6.0.8)
  94:          1144          59448  [Ljava.lang.invoke.LambdaForm$Name; (java.base@17.0.15)
  95:          1830          58560  java.lang.invoke.BoundMethodHandle$Species_L (java.base@17.0.15)
  96:          2390          57360  java.util.Collections$SynchronizedSet (java.base@17.0.15)
  97:          2344          56256  java.util.jar.Attributes$Name (java.base@17.0.15)
  98:          3467          55472  java.lang.Integer (java.base@17.0.15)
  99:          1139          54672  java.lang.invoke.LambdaForm (java.base@17.0.15)
 100:          1104          52992  net.minecraftforge.fml.loading.moddiscovery.ModInfo$ModVersion (fmlloader@1.20.1-47.4.13)
 101:           566          52648  [Ljava.lang.invoke.MethodHandle; (java.base@17.0.15)
 102:          2188          52512  java.util.ImmutableCollections$ListN (java.base@17.0.15)
 103:          2179          52296  java.util.ImmutableCollections$Set12 (java.base@17.0.15)
 104:           789          50496  java.util.zip.Inflater (java.base@17.0.15)
 105:          1542          49344  jdk.internal.reflect.NativeConstructorAccessorImpl (java.base@17.0.15)
 106:           684          49248  sun.nio.ch.FileChannelImpl (java.base@17.0.15)
 107:          1198          47920  java.lang.ref.Finalizer (java.base@17.0.15)
 108:          1195          47800  jdk.nio.zipfs.ZipFileSystem$END (jdk.zipfs@17.0.15)
 109:           683          43712  java.util.concurrent.ConcurrentHashMap (java.base@17.0.15)
 110:           910          43680  java.util.Hashtable (java.base@17.0.15)
 111:          1720          41280  java.util.concurrent.locks.ReentrantReadWriteLock (java.base@17.0.15)
 112:          2529          40464  org.apache.maven.artifact.versioning.ComparableVersion$IntItem (maven.artifact@3.8.5)
 113:           993          39720  cpw.mods.niofs.union.UnionFileSystem (cpw.mods.securejarhandler)
 114:          2466          39456  com.google.common.collect.SingletonImmutableList (com.google.common@31.1-jre)
 115:          1629          39160  [Ljava.lang.reflect.Constructor; (java.base@17.0.15)
 116:          1616          38784  java.util.LinkedList$Node (java.base@17.0.15)
 117:           687          38472  net.minecraft.world.item.BlockItem (minecraft@1.20.1)
 118:           961          38440  org.openjdk.nashorn.internal.runtime.CompiledFunction (org.openjdk.nashorn)
 119:          1599          38376  cpw.mods.modlauncher.TransformerAuditTrail$TransformerActivity (cpw.mods.modlauncher@10.0.9)
 120:          1594          38256  com.mojang.datafixers.types.templates.Named (datafixerupper@6.0.8)
 121:          1195          38240  jdk.nio.zipfs.ZipPath (jdk.zipfs@17.0.15)
 122:           953          38120  java.lang.invoke.DirectMethodHandle$Constructor (java.base@17.0.15)
 123:          1574          37776  com.mojang.serialization.Codec$$Lambda$1060/0x0000000800569e50 (datafixerupper@6.0.8)
 124:          1574          37776  com.mojang.serialization.codecs.FieldDecoder (datafixerupper@6.0.8)
 125:          1574          37776  com.mojang.serialization.codecs.FieldEncoder (datafixerupper@6.0.8)
 126:          1558          37392  com.mojang.serialization.MapDecoder$4 (datafixerupper@6.0.8)
 127:          1557          37368  com.mojang.serialization.MapEncoder$1 (datafixerupper@6.0.8)
 128:          1555          37320  com.mojang.serialization.codecs.PairMapCodec (datafixerupper@6.0.8)
 129:          1554          37296  com.mojang.serialization.MapCodec$3 (datafixerupper@6.0.8)
 130:          1554          37296  com.mojang.serialization.MapCodec$5 (datafixerupper@6.0.8)
 131:          1554          37296  net.minecraft.world.level.block.state.StateDefinition$$Lambda$1485/0x0000000800721230 (minecraft@1.20.1)
 132:           905          36200  com.mojang.datafixers.types.templates.RecursivePoint$RecursivePointType (datafixerupper@6.0.8)
 133:          1126          36032  org.openjdk.nashorn.internal.runtime.PropertyHashMap$Element (org.openjdk.nashorn)
 134:          1474          35376  net.minecraft.sounds.SoundEvent (minecraft@1.20.1)
 135:          1473          35352  cpw.mods.jarhandling.impl.Jar$StatusData (cpw.mods.securejarhandler)
 136:           871          34840  java.util.WeakHashMap$Entry (java.base@17.0.15)
 137:           617          34552  org.openjdk.nashorn.internal.runtime.ScriptFunction (org.openjdk.nashorn)
 138:           682          32736  java.lang.invoke.MethodHandleImpl$CountingWrapper (java.base@17.0.15)
 139:          1013          32416  java.util.Locale (java.base@17.0.15)
 140:          1012          32384  sun.util.locale.BaseLocale (java.base@17.0.15)
 141:          1000          32000  java.util.LinkedList (java.base@17.0.15)
 142:          1328          31872  com.google.common.collect.ImmutableEntry (com.google.common@31.1-jre)
 143:           993          31776  sun.util.locale.BaseLocale$Key (java.base@17.0.15)
 144:          1304          31296  org.apache.maven.artifact.versioning.ComparableVersion$ListItem (maven.artifact@3.8.5)
 145:          1301          31224  org.antlr.v4.runtime.misc.Interval (org.antlr.antlr4.runtime@4.9.1)
 146:           777          31080  org.apache.maven.artifact.versioning.DefaultArtifactVersion (maven.artifact@3.8.5)
 147:           776          31040  java.io.FileDescriptor (java.base@17.0.15)
 148:           760          30400  java.util.TreeMap$Entry (java.base@17.0.15)
 149:          1251          30024  java.lang.invoke.LambdaForm$NamedFunction (java.base@17.0.15)
 150:           464          29696  java.net.URL (java.base@17.0.15)
 151:            69          29136  [Lorg.antlr.v4.runtime.dfa.DFAState; (org.antlr.antlr4.runtime@4.9.1)
 152:          1205          28920  java.util.ImmutableCollections$List12 (java.base@17.0.15)
 153:           451          28864  cpw.mods.jarhandling.impl.Jar (cpw.mods.securejarhandler)
 154:           898          28736  java.lang.invoke.MethodHandleNatives$CallSiteContext (java.base@17.0.15)
 155:          1720          27520  java.util.concurrent.locks.ReentrantReadWriteLock$ReadLock (java.base@17.0.15)
 156:          1720          27520  java.util.concurrent.locks.ReentrantReadWriteLock$Sync$ThreadLocalHoldCounter (java.base@17.0.15)
 157:          1720          27520  java.util.concurrent.locks.ReentrantReadWriteLock$WriteLock (java.base@17.0.15)
 158:           378          27216  net.minecraftforge.fml.loading.moddiscovery.ModFile (fmlloader@1.20.1-47.4.13)
 159:           670          26800  com.google.common.collect.MapMakerInternalMap$WeakKeyDummyValueEntry (com.google.common@31.1-jre)
 160:          1108          26592  com.mojang.serialization.Decoder$5 (datafixerupper@6.0.8)
 161:          1095          26280  com.mojang.serialization.MapCodec$$Lambda$1024/0x000000080055f390 (datafixerupper@6.0.8)
 162:           260          26240  [Ljava.util.WeakHashMap$Entry; (java.base@17.0.15)
 163:           647          25880  com.google.common.collect.ImmutableSortedMap (com.google.common@31.1-jre)
 164:           636          25440  org.openjdk.nashorn.internal.runtime.FinalScriptFunctionData (org.openjdk.nashorn)
 165:          1565          25040  jdk.internal.reflect.DelegatingConstructorAccessorImpl (java.base@17.0.15)
 166:           347          24984  net.minecraftforge.fml.loading.moddiscovery.ModInfo (fmlloader@1.20.1-47.4.13)
 167:          1557          24912  com.mojang.serialization.MapCodec$$Lambda$1106/0x000000080057c7f8 (datafixerupper@6.0.8)
 168:          1554          24864  com.mojang.datafixers.DataFixUtils$$Lambda$1486/0x0000000800725c10 (datafixerupper@6.0.8)
 169:          1554          24864  net.minecraft.world.level.block.state.StateDefinition$$Lambda$1487/0x0000000800721458 (minecraft@1.20.1)
 170:          1554          24864  net.minecraft.world.level.block.state.StateDefinition$$Lambda$1488/0x00000008007216a0 (minecraft@1.20.1)
 171:           345          24840  com.electronwill.nightconfig.core.file.WriteAsyncFileConfig (com.electronwill.nightconfig.core@3.6.4)
 172:           618          24720  java.lang.WeakPairMap$Pair$Weak (java.base@17.0.15)
 173:          1008          24192  net.minecraft.world.level.block.state.StateDefinition (minecraft@1.20.1)
 174:          1008          24192  net.minecraft.world.level.block.state.StateDefinition$$Lambda$1464/0x000000080071c000 (minecraft@1.20.1)
 175:           995          23880  cpw.mods.niofs.union.UnionFileSystem$EmbeddedFileSystemMetadata (cpw.mods.securejarhandler)
 176:           296          23680  java.net.URI (java.base@17.0.15)
 177:           732          23424  sun.nio.fs.UnixPath (java.base@17.0.15)
 178:           411          23336  [Ljava.lang.reflect.Method; (java.base@17.0.15)
 179:           949          22776  jdk.dynalink.beans.SimpleDynamicMethod (jdk.dynalink@17.0.15)
 180:           905          21720  com.mojang.datafixers.types.families.RecursiveTypeFamily$$Lambda$1857/0x0000000800834000 (datafixerupper@6.0.8)
 181:           444          21312  java.lang.invoke.LambdaFormEditor$Transform (java.base@17.0.15)
 182:          1328          21248  com.google.common.collect.SingletonImmutableSet (com.google.common@31.1-jre)
 183:           664          21248  java.lang.invoke.MethodTypeForm (java.base@17.0.15)
 184:           869          20856  java.lang.module.ModuleDescriptor$Exports (java.base@17.0.15)
 185:           647          20704  com.google.common.collect.RegularImmutableSortedSet (com.google.common@31.1-jre)
 186:           364          20384  org.openjdk.nashorn.internal.runtime.AccessorProperty (org.openjdk.nashorn)
 187:          1262          20192  java.util.LinkedHashMap$LinkedValues (java.base@17.0.15)
 188:           618          19776  java.lang.WeakPairMap$Pair$Weak$1 (java.base@17.0.15)
 189:           489          19560  java.lang.invoke.DirectMethodHandle$Accessor (java.base@17.0.15)
 190:           396          19008  java.lang.invoke.BoundMethodHandle$Species_LLLL (java.base@17.0.15)
 191:           789          18936  java.util.zip.Inflater$InflaterZStreamRef (java.base@17.0.15)
 192:           777          18648  org.apache.maven.artifact.versioning.ComparableVersion (maven.artifact@3.8.5)
 193:             1          18240  org.lwjgl.opengl.GLCapabilities (org.lwjgl.opengl@3.3.1+7)
 194:           450          18000  java.math.BigInteger (java.base@17.0.15)
 195:           552          17664  cpw.mods.modlauncher.TransformTargetLabel (cpw.mods.modlauncher@10.0.9)
 196:          1095          17520  com.mojang.serialization.Encoder$4 (datafixerupper@6.0.8)
 197:             2          17440  [Lcom.mojang.serialization.Dynamic; (datafixerupper@6.0.8)
 198:           535          17120  java.lang.module.ModuleDescriptor$Requires (java.base@17.0.15)
 199:          1056          16896  net.minecraft.util.datafix.schemas.V1470$$Lambda$2062/0x0000000800869018 (minecraft@1.20.1)
 200:          1044          16704  java.util.concurrent.atomic.AtomicBoolean (java.base@17.0.15)
 201:           693          16632  net.minecraftforge.fml.loading.moddiscovery.NightConfigWrapper (fmlloader@1.20.1-47.4.13)
 202:           346          16608  net.minecraftforge.fml.loading.moddiscovery.ModFileInfo (fmlloader@1.20.1-47.4.13)
 203:           258          16512  java.lang.module.ModuleDescriptor (java.base@17.0.15)
 204:             5          16464  [Ljava.nio.ByteBuffer; (java.base@17.0.15)
 205:           684          16416  sun.nio.ch.NativeThreadSet (java.base@17.0.15)
 206:           511          16352  jdk.nio.zipfs.ByteArrayChannel (jdk.zipfs@17.0.15)
 207:           500          16000  net.minecraftforge.accesstransformer.AccessTransformer (accesstransformers@8.0.4)
 208:           991          15856  net.minecraft.util.datafix.schemas.V1460$$Lambda$2026/0x000000080085fb50 (minecraft@1.20.1)
 209:            74          15528  [Z (java.base@17.0.15)
 210:           646          15504  com.google.common.collect.ImmutableSortedMap$1EntrySet (com.google.common@31.1-jre)
 211:           310          14880  java.util.TreeMap (java.base@17.0.15)
 212:           925          14800  net.minecraft.world.level.block.state.BlockBehaviour$$Lambda$1493/0x000000080072c878 (minecraft@1.20.1)
 213:           920          14720  net.minecraft.util.datafix.schemas.V705$$Lambda$1906/0x00000008008421b8 (minecraft@1.20.1)
 214:           365          14600  java.util.IdentityHashMap (java.base@17.0.15)
 215:           607          14568  net.minecraft.tags.TagKey (minecraft@1.20.1)
 216:           362          14480  com.google.common.collect.HashBasedTable (com.google.common@31.1-jre)
 217:           435          13920  java.lang.Package (java.base@17.0.15)
 218:           346          13840  com.electronwill.nightconfig.toml.TomlWriter (com.electronwill.nightconfig.toml@3.6.4)
 219:           216          13824  it.unimi.dsi.fastutil.objects.Object2IntOpenHashMap (it.unimi.dsi.fastutil@8.5.9)
 220:           231          12936  java.lang.Module (java.base@17.0.15)
 221:            90          12840  [Ljava.lang.ClassValue$Entry; (java.base@17.0.15)
 222:           320          12800  java.lang.invoke.BoundMethodHandle$Species_LLL (java.base@17.0.15)
 223:           400          12800  net.minecraftforge.jarjar.nio.util.Lazy (JarJarFileSystems@0.3.19)
 224:           159          12720  net.minecraft.world.level.block.Block (minecraft@1.20.1)
 225:            47          12400  [Lorg.openjdk.nashorn.internal.runtime.PropertyHashMap$Element; (org.openjdk.nashorn)
 226:           511          12264  net.minecraftforge.jarjar.nio.pathfs.PathPath (JarJarFileSystems@0.3.19)
 227:           191          12224  it.unimi.dsi.fastutil.ints.Int2ObjectOpenHashMap (it.unimi.dsi.fastutil@8.5.9)
 228:           380          12160  sun.security.util.ObjectIdentifier (java.base@17.0.15)
 229:           186          11904  org.openjdk.nashorn.internal.runtime.PropertyMap (org.openjdk.nashorn)
 230:           247          11856  java.lang.invoke.DirectMethodHandle$StaticAccessor (java.base@17.0.15)
 231:            85          11560  sun.nio.fs.UnixFileAttributes (java.base@17.0.15)
 232:           713          11408  net.minecraft.util.datafix.schemas.V100$$Lambda$1863/0x0000000800829b68 (minecraft@1.20.1)
 233:           346          11072  com.electronwill.nightconfig.toml.TomlParser (com.electronwill.nightconfig.toml@3.6.4)
 234:           345          11040  [Ljava.nio.file.OpenOption; (java.base@17.0.15)
 235:           460          11040  java.util.jar.Manifest (java.base@17.0.15)
 236:           684          10944  java.nio.channels.spi.AbstractInterruptibleChannel$1 (java.base@17.0.15)
 237:           684          10944  sun.nio.ch.FileChannelImpl$Closer (java.base@17.0.15)
 238:           684          10944  sun.nio.ch.FileDispatcherImpl (java.base@17.0.15)
 239:           341          10912  jdk.internal.math.FDBigInteger (java.base@17.0.15)
 240:           447          10728  java.util.ImmutableCollections$SetN (java.base@17.0.15)
 241:           326          10432  java.lang.ref.WeakReference (java.base@17.0.15)
 242:           646          10336  com.google.common.collect.ImmutableSortedMap$1EntrySet$1 (com.google.common@31.1-jre)
 243:           426          10224  jdk.dynalink.beans.AbstractJavaLinker$AnnotatedDynamicMethod (jdk.dynalink@17.0.15)
 244:           636          10176  net.minecraft.world.level.block.state.BlockBehaviour$Properties$$Lambda$1492/0x000000080072c630 (minecraft@1.20.1)
 245:            97          10088  java.util.jar.JarFile$JarFileEntry (java.base@17.0.15)
 246:           251          10040  net.minecraftforge.accesstransformer.MethodTarget (accesstransformers@8.0.4)
 247:           309           9888  java.lang.ref.ReferenceQueue (java.base@17.0.15)
 248:           244           9760  java.lang.invoke.BoundMethodHandle$Species_LJ (java.base@17.0.15)
 249:           395           9480  org.apache.maven.artifact.versioning.VersionRange (maven.artifact@3.8.5)
 250:           169           9464  org.openjdk.nashorn.internal.ir.IdentNode (org.openjdk.nashorn)
 251:           292           9312  [Ljava.security.cert.Certificate; (java.base@17.0.15)
 252:           386           9264  org.apache.maven.artifact.versioning.Restriction (maven.artifact@3.8.5)
 253:           385           9240  com.google.common.collect.ImmutableSortedAsList (com.google.common@31.1-jre)
 254:           382           9168  net.minecraftforge.fml.loading.moddiscovery.ModAnnotation$EnumHolder (fmlloader@1.20.1-47.4.13)
 255:           379           9096  net.minecraft.world.phys.shapes.CubeVoxelShape (minecraft@1.20.1)
 256:           141           9024  it.unimi.dsi.fastutil.objects.Object2ObjectOpenHashMap (it.unimi.dsi.fastutil@8.5.9)
 257:           276           8832  com.mojang.datafixers.types.templates.Hook$HookType (datafixerupper@6.0.8)
 258:           156           8784  [Ljava.lang.reflect.Field; (java.base@17.0.15)
 259:           182           8736  java.lang.invoke.BoundMethodHandle$Species_LLLIL (java.base@17.0.15)
 260:           178           8544  java.lang.invoke.BoundMethodHandle$Species_LLLLL (java.base@17.0.15)
 261:           262           8384  sun.security.util.KnownOIDs (java.base@17.0.15)
 262:           261           8352  joptsimple.internal.AbbreviationMap (jopt.simple@5.0.4)
 263:           346           8304  net.minecraftforge.fml.loading.moddiscovery.ModJarMetadata (fmlloader@1.20.1-47.4.13)
 264:           346           8304  net.minecraftforge.forgespi.language.IModFileInfo$LanguageSpec (net.minecraftforge.forgespi@7.0.1)
 265:           125           8000  java.security.Provider$Service (java.base@17.0.15)
 266:           200           8000  net.minecraftforge.jarjar.nio.pathfs.PathFileSystem (JarJarFileSystems@0.3.19)
 267:           165           7920  java.util.WeakHashMap (java.base@17.0.15)
 268:           140           7840  jdk.internal.module.ModuleReferenceImpl (java.base@17.0.15)
 269:           315           7560  com.mojang.datafixers.types.templates.Check (datafixerupper@6.0.8)
 270:           315           7560  sun.reflect.annotation.AnnotationInvocationHandler (java.base@17.0.15)
 271:           313           7512  java.security.Provider$ServiceKey (java.base@17.0.15)
 272:           233           7456  org.apache.logging.log4j.core.config.plugins.processor.PluginEntry (org.apache.logging.log4j.core@2.19.0)
 273:           181           7240  it.unimi.dsi.fastutil.ints.Int2ObjectMaps$SynchronizedMap (it.unimi.dsi.fastutil@8.5.9)
 274:           451           7216  cpw.mods.jarhandling.impl.Jar$JarModuleDataProvider (cpw.mods.securejarhandler)
 275:           451           7216  cpw.mods.jarhandling.impl.ManifestVerifier (cpw.mods.securejarhandler)
 276:           178           7120  java.lang.Package$VersionInfo (java.base@17.0.15)
 277:            94           6944  [Lnet.minecraft.world.phys.shapes.VoxelShape; (minecraft@1.20.1)
 278:           123           6888  com.google.common.collect.HashBiMap (com.google.common@31.1-jre)
 279:           285           6840  com.mojang.serialization.Codec$2 (datafixerupper@6.0.8)
 280:            85           6800  java.util.zip.ZipFile$Source (java.base@17.0.15)
 281:           168           6720  java.lang.invoke.BoundMethodHandle$Species_LI (java.base@17.0.15)
 282:           268           6432  jdk.internal.module.ServicesCatalog$ServiceProvider (java.base@17.0.15)
 283:           267           6408  java.lang.Long (java.base@17.0.15)
 284:           265           6360  javax.management.ImmutableDescriptor (java.management@17.0.15)
 285:           264           6336  org.openjdk.nashorn.internal.runtime.Specialization (org.openjdk.nashorn)
 286:           158           6320  org.antlr.v4.runtime.atn.BasicState (org.antlr.antlr4.runtime@4.9.1)
 287:           197           6304  jdk.dynalink.linker.GuardedInvocation (jdk.dynalink@17.0.15)
 288:           196           6272  org.openjdk.nashorn.internal.runtime.linker.LinkerCallSite (org.openjdk.nashorn)
 289:           156           6240  java.security.ProtectionDomain (java.base@17.0.15)
 290:           153           6120  java.lang.invoke.MethodHandleImpl$AsVarargsCollector (java.base@17.0.15)
 291:           254           6096  com.mojang.serialization.Encoder$1 (datafixerupper@6.0.8)
 292:           379           6064  java.util.HashMap$Values (java.base@17.0.15)
 293:           148           5920  sun.security.util.DerInputStream (java.base@17.0.15)
 294:            16           5888  java.lang.Thread (java.base@17.0.15)
 295:           183           5856  java.lang.ClassValue$Entry (java.base@17.0.15)
 296:           362           5792  com.google.common.collect.HashBasedTable$Factory (com.google.common@31.1-jre)
 297:           181           5792  com.mojang.datafixers.types.families.RecursiveTypeFamily (datafixerupper@6.0.8)
 298:           181           5792  it.unimi.dsi.fastutil.ints.Int2ObjectAVLTreeMap$Entry (it.unimi.dsi.fastutil@8.5.9)
 299:           179           5728  it.unimi.dsi.fastutil.ints.IntAVLTreeSet$Entry (it.unimi.dsi.fastutil@8.5.9)
 300:            89           5696  java.lang.ClassValue$ClassValueMap (java.base@17.0.15)
 301:            64           5632  java.util.regex.Pattern (java.base@17.0.15)
 302:           140           5600  org.openjdk.nashorn.internal.runtime.PropertyHashMap (org.openjdk.nashorn)
 303:           233           5592  org.apache.logging.log4j.core.config.plugins.util.PluginType (org.apache.logging.log4j.core@2.19.0)
 304:           345           5520  com.electronwill.nightconfig.core.file.WriteAsyncFileConfig$WriteCompletedHandler (com.electronwill.nightconfig.core@3.6.4)
 305:           171           5472  java.lang.module.ModuleDescriptor$Version (java.base@17.0.15)
 306:           225           5400  java.time.LocalDateTime (java.base@17.0.15)
 307:           222           5328  org.antlr.v4.runtime.atn.EpsilonTransition (org.antlr.antlr4.runtime@4.9.1)
 308:            94           5264  java.util.jar.JarFile (java.base@17.0.15)
 309:           109           5232  net.minecraftforge.installer.json.Artifact
 310:           158           5056  com.sun.jmx.mbeanserver.ConvertingMethod (java.management@17.0.15)
 311:            70           5040  it.unimi.dsi.fastutil.objects.Object2IntOpenCustomHashMap (it.unimi.dsi.fastutil@8.5.9)
 312:           313           5008  java.util.Optional (java.base@17.0.15)
 313:           125           5000  org.openjdk.nashorn.internal.parser.TokenType (org.openjdk.nashorn)
 314:            89           4984  java.io.FileCleanable (java.base@17.0.15)
 315:           311           4976  java.lang.ref.ReferenceQueue$Lock (java.base@17.0.15)
 316:           309           4944  java.lang.Character$UnicodeBlock (java.base@17.0.15)
 317:           123           4920  java.security.CodeSource (java.base@17.0.15)
 318:           152           4864  org.openjdk.nashorn.internal.runtime.linker.NashornCallSiteDescriptor (org.openjdk.nashorn)
 319:           200           4800  net.minecraftforge.jarjar.nio.pathfs.PathFileSystem$$Lambda$694/0x00000008003b4830 (JarJarFileSystems@0.3.19)
 320:           200           4800  net.minecraftforge.jarjar.nio.util.Lazy$$Lambda$696/0x00000008003b4ed0 (JarJarFileSystems@0.3.19)
 321:           148           4736  sun.security.util.DerValue (java.base@17.0.15)
 322:           143           4576  java.lang.invoke.MethodHandles$Lookup (java.base@17.0.15)
 323:           185           4440  java.lang.module.ResolvedModule (java.base@17.0.15)
 324:           185           4440  sun.reflect.generics.tree.SimpleClassTypeSignature (java.base@17.0.15)
 325:           184           4416  java.lang.Class$AnnotationData (java.base@17.0.15)
 326:           104           4392  [Lorg.openjdk.nashorn.internal.runtime.Property; (org.openjdk.nashorn)
 327:           274           4384  java.util.LinkedHashMap$LinkedEntrySet (java.base@17.0.15)
 328:            49           4312  net.minecraft.world.level.block.StairBlock (minecraft@1.20.1)
 329:            53           4240  net.minecraft.world.level.block.SlabBlock (minecraft@1.20.1)
 330:           262           4192  java.util.TreeMap$Values (java.base@17.0.15)
 331:            52           4160  net.minecraft.world.level.block.RotatedPillarBlock (minecraft@1.20.1)
 332:            86           4128  jdk.internal.loader.URLClassPath$JarLoader (java.base@17.0.15)
 333:           103           4120  net.minecraft.world.level.block.SoundType (minecraft@1.20.1)
 334:           103           4120  org.openjdk.nashorn.internal.codegen.Label (org.openjdk.nashorn)
 335:           256           4096  java.lang.Byte (java.base@17.0.15)
 336:           256           4096  java.lang.Short (java.base@17.0.15)
 337:           102           4080  org.apache.logging.log4j.core.Logger (org.apache.logging.log4j.core@2.19.0)
 338:           102           4080  org.apache.logging.log4j.core.Logger$PrivateConfig (org.apache.logging.log4j.core@2.19.0)
 339:           255           4080  org.apache.maven.artifact.versioning.ComparableVersion$StringItem (maven.artifact@3.8.5)
 340:           169           4056  java.lang.module.ModuleDescriptor$Provides (java.base@17.0.15)
 341:           126           4032  com.mojang.datafixers.types.templates.TaggedChoice (datafixerupper@6.0.8)
 342:             1           4024  [Lorg.antlr.v4.runtime.misc.Interval; (org.antlr.antlr4.runtime@4.9.1)
 343:            99           3960  java.lang.invoke.DirectMethodHandle$Interface (java.base@17.0.15)
 344:            99           3960  net.minecraft.util.datafix.schemas.NamespacedSchema (minecraft@1.20.1)
 345:            99           3960  org.antlr.v4.runtime.atn.LexerATNConfig (org.antlr.antlr4.runtime@4.9.1)
 346:           243           3888  net.minecraft.util.datafix.schemas.V2501$$Lambda$2100/0x0000000800871bc8 (minecraft@1.20.1)
 347:           161           3864  com.mojang.serialization.Decoder$1 (datafixerupper@6.0.8)
 348:           161           3864  net.minecraftforge.accesstransformer.FieldTarget (accesstransformers@8.0.4)
 349:            30           3840  net.minecraftforge.registries.ForgeRegistry (forge@47.4.13)
 350:           120           3840  org.openjdk.nashorn.internal.ir.Symbol (org.openjdk.nashorn)
 351:           154           3696  java.util.concurrent.CopyOnWriteArrayList (java.base@17.0.15)
 352:           115           3680  com.google.common.collect.RegularImmutableSet (com.google.common@31.1-jre)
 353:           152           3648  java.util.regex.Pattern$BmpCharProperty (java.base@17.0.15)
 354:            91           3640  java.io.ObjectStreamField (java.base@17.0.15)
 355:           148           3552  [Lsun.security.x509.AVA; (java.base@17.0.15)
 356:           148           3552  java.security.Provider$UString (java.base@17.0.15)
 357:           148           3552  sun.security.x509.AVA (java.base@17.0.15)
 358:           148           3552  sun.security.x509.RDN (java.base@17.0.15)
 359:           185           3464  [Lsun.reflect.generics.tree.TypeArgument; (java.base@17.0.15)
 360:            67           3432  [Ljavax.management.MBeanAttributeInfo; (java.management@17.0.15)
 361:            71           3408  java.lang.invoke.BoundMethodHandle$Species_LILL (java.base@17.0.15)
 362:           169           3368  [Lcom.sun.jmx.mbeanserver.MXBeanMapping; (java.management@17.0.15)
 363:            35           3360  net.minecraft.world.level.block.FlowerPotBlock (minecraft@1.20.1)
 364:            82           3280  com.sun.management.internal.DiagnosticCommandArgumentInfo (jdk.management@17.0.15)
 365:           101           3232  java.io.File (java.base@17.0.15)
 366:           134           3216  net.minecraft.util.datafix.schemas.V1460$$Lambda$2045/0x00000008008664b8 (minecraft@1.20.1)
 367:           200           3200  net.minecraftforge.jarjar.nio.pathfs.PathFileSystem$$Lambda$695/0x00000008003b4c88 (JarJarFileSystems@0.3.19)
 368:            50           3200  org.openjdk.nashorn.internal.runtime.options.OptionTemplate (org.openjdk.nashorn)
 369:            66           3168  javax.management.MBeanInfo (java.management@17.0.15)
 370:           132           3168  jdk.internal.module.SystemModuleFinders$2 (java.base@17.0.15)
 371:            49           3136  javax.management.openmbean.OpenMBeanAttributeInfoSupport (java.management@17.0.15)
 372:            97           3104  java.util.zip.ZipFile$CleanableResource (java.base@17.0.15)
 373:            77           3080  org.antlr.v4.runtime.dfa.DFAState (org.antlr.antlr4.runtime@4.9.1)
 374:           128           3072  java.time.LocalDate (java.base@17.0.15)
 375:            96           3072  org.antlr.v4.runtime.atn.ATNConfig (org.antlr.antlr4.runtime@4.9.1)
 376:           127           3048  net.minecraftforge.fml.loading.moddiscovery.CoreModFile (fmlloader@1.20.1-47.4.13)
 377:            95           3040  net.minecraftforge.fml.earlydisplay.SimpleFont$Glyph (fmlearlydisplay@1.20.1-47.4.13)
 378:            54           3024  com.google.gson.internal.bind.ReflectiveTypeAdapterFactory$1
 379:            94           3008  javax.management.MBeanAttributeInfo (java.management@17.0.15)
 380:           124           2976  com.mojang.serialization.Decoder$2 (datafixerupper@6.0.8)
 381:            92           2944  jdk.internal.reflect.NativeMethodAccessorImpl (java.base@17.0.15)
 382:           122           2928  java.lang.invoke.Invokers (java.base@17.0.15)
 383:           183           2928  sun.reflect.generics.tree.ClassTypeSignature (java.base@17.0.15)
 384:            26           2912  org.openjdk.nashorn.internal.ir.FunctionNode (org.openjdk.nashorn)
 385:           181           2896  it.unimi.dsi.fastutil.objects.Object2IntOpenHashMap$MapEntrySet (it.unimi.dsi.fastutil@8.5.9)
 386:            88           2816  org.openjdk.nashorn.internal.ir.LiteralNode$StringLiteralNode (org.openjdk.nashorn)
 387:            87           2784  java.io.RandomAccessFile (java.base@17.0.15)
 388:            58           2784  java.util.logging.LogManager$LoggerWeakRef (java.logging@17.0.15)
 389:            29           2784  org.openjdk.nashorn.internal.runtime.RecompilableScriptFunctionData (org.openjdk.nashorn)
 390:           115           2760  java.security.Permissions (java.base@17.0.15)
 391:           172           2752  net.minecraft.util.datafix.schemas.V2100$$Lambda$2097/0x00000008008712a8 (minecraft@1.20.1)
 392:           113           2712  java.util.regex.Pattern$GroupTail (java.base@17.0.15)
 393:           168           2688  net.minecraft.util.datafix.schemas.V99$$Lambda$1808/0x0000000800819790 (minecraft@1.20.1)
 394:           111           2664  java.util.regex.Pattern$GroupHead (java.base@17.0.15)
 395:            83           2656  java.lang.ThreadLocal$ThreadLocalMap$Entry (java.base@17.0.15)
 396:           164           2624  net.minecraft.world.phys.shapes.CubePointRange (minecraft@1.20.1)
 397:           112           2600  [Ljava.lang.reflect.Type; (java.base@17.0.15)
 398:           108           2592  cpw.mods.cl.JarModuleFinder$JarModuleReference (cpw.mods.securejarhandler)
 399:            36           2592  net.minecraft.core.MappedRegistry (minecraft@1.20.1)
 400:            80           2560  jdk.internal.reflect.UnsafeObjectFieldAccessorImpl (java.base@17.0.15)
 401:           160           2560  org.openjdk.nashorn.internal.runtime.options.Option (org.openjdk.nashorn)
 402:           106           2544  java.util.ArrayDeque (java.base@17.0.15)
 403:           105           2520  java.lang.invoke.MutableCallSite (java.base@17.0.15)
 404:           156           2496  [Ljava.security.Principal; (java.base@17.0.15)
 405:            78           2496  cpw.mods.jarhandling.impl.SimpleJarMetadata (cpw.mods.securejarhandler)
 406:           156           2496  java.security.ProtectionDomain$Key (java.base@17.0.15)
 407:           104           2496  org.apache.logging.log4j.message.DefaultFlowMessageFactory (org.apache.logging.log4j@2.19.0)
 408:           104           2496  org.apache.logging.log4j.spi.AbstractLogger$LocalLogBuilder (org.apache.logging.log4j@2.19.0)
 409:           103           2472  [[C (java.base@17.0.15)
 410:           103           2472  java.util.Collections$SetFromMap (java.base@17.0.15)
 411:            44           2464  java.lang.invoke.BoundMethodHandle$Species_LLLLLLL (java.base@17.0.15)
 412:            44           2464  org.openjdk.nashorn.internal.ir.Block (org.openjdk.nashorn)
 413:           150           2400  net.minecraft.util.datafix.schemas.V1906$$Lambda$2083/0x000000080086e2d0 (minecraft@1.20.1)
 414:            50           2400  org.openjdk.nashorn.internal.ir.PropertyNode (org.openjdk.nashorn)
 415:            98           2352  it.unimi.dsi.fastutil.objects.ObjectArrayList (it.unimi.dsi.fastutil@8.5.9)
 416:           144           2304  net.minecraft.util.datafix.schemas.V704$$Lambda$1898/0x0000000800840b40 (minecraft@1.20.1)
 417:            94           2256  java.lang.ProcessEnvironment$Value (java.base@17.0.15)
 418:            94           2256  java.lang.ProcessEnvironment$Variable (java.base@17.0.15)
 419:            20           2240  net.minecraftforge.registries.NamespacedWrapper (forge@47.4.13)
 420:            69           2208  jdk.internal.loader.BuiltinClassLoader$LoadedModule (java.base@17.0.15)
 421:           138           2208  net.minecraft.util.datafix.schemas.V1451_6$$Lambda$1992/0x0000000800853470 (minecraft@1.20.1)
 422:           138           2208  net.minecraft.util.datafix.schemas.V1451_6$$Lambda$1993/0x0000000800853698 (minecraft@1.20.1)
 423:           138           2208  net.minecraft.util.datafix.schemas.V1451_6$$Lambda$1994/0x00000008008538c0 (minecraft@1.20.1)
 424:           138           2208  net.minecraft.util.datafix.schemas.V99$$Lambda$1825/0x000000080081bdb8 (minecraft@1.20.1)
 425:            39           2184  java.nio.HeapByteBuffer (java.base@17.0.15)
 426:            68           2176  java.lang.invoke.LambdaForm$Kind (java.base@17.0.15)
 427:             4           2176  org.openjdk.nashorn.internal.objects.Global (org.openjdk.nashorn)
 428:            30           2160  net.minecraftforge.registries.RegistryBuilder (forge@47.4.13)
 429:           134           2144  net.minecraft.util.datafix.schemas.V1460$$Lambda$2004/0x000000080085c920 (minecraft@1.20.1)
 430:           134           2144  net.minecraft.util.datafix.schemas.V1460$$Lambda$2005/0x000000080085cb68 (minecraft@1.20.1)
 431:           134           2144  net.minecraft.util.datafix.schemas.V1460$$Lambda$2006/0x000000080085cdb0 (minecraft@1.20.1)
 432:           134           2144  net.minecraft.util.datafix.schemas.V1460$$Lambda$2007/0x000000080085cff8 (minecraft@1.20.1)
 433:           134           2144  net.minecraft.util.datafix.schemas.V1460$$Lambda$2008/0x000000080085d240 (minecraft@1.20.1)
 434:           134           2144  net.minecraft.util.datafix.schemas.V1460$$Lambda$2009/0x000000080085d488 (minecraft@1.20.1)
 435:           134           2144  net.minecraft.util.datafix.schemas.V1460$$Lambda$2010/0x000000080085d6d0 (minecraft@1.20.1)
 436:           134           2144  net.minecraft.util.datafix.schemas.V1460$$Lambda$2011/0x000000080085d918 (minecraft@1.20.1)
 437:           134           2144  net.minecraft.util.datafix.schemas.V1460$$Lambda$2012/0x000000080085db60 (minecraft@1.20.1)
 438:           134           2144  net.minecraft.util.datafix.schemas.V1460$$Lambda$2013/0x000000080085dda8 (minecraft@1.20.1)
 439:           134           2144  net.minecraft.util.datafix.schemas.V1460$$Lambda$2014/0x000000080085dff0 (minecraft@1.20.1)
 440:           134           2144  net.minecraft.util.datafix.schemas.V1460$$Lambda$2015/0x000000080085e238 (minecraft@1.20.1)
 441:           134           2144  net.minecraft.util.datafix.schemas.V1460$$Lambda$2016/0x000000080085e480 (minecraft@1.20.1)
 442:           134           2144  net.minecraft.util.datafix.schemas.V1460$$Lambda$2017/0x000000080085e6c8 (minecraft@1.20.1)
 443:           134           2144  net.minecraft.util.datafix.schemas.V1460$$Lambda$2018/0x000000080085e910 (minecraft@1.20.1)
 444:           134           2144  net.minecraft.util.datafix.schemas.V1460$$Lambda$2019/0x000000080085eb58 (minecraft@1.20.1)
 445:           134           2144  net.minecraft.util.datafix.schemas.V1460$$Lambda$2020/0x000000080085eda0 (minecraft@1.20.1)
 446:           134           2144  net.minecraft.util.datafix.schemas.V1460$$Lambda$2021/0x000000080085efe8 (minecraft@1.20.1)
 447:           134           2144  net.minecraft.util.datafix.schemas.V1460$$Lambda$2022/0x000000080085f230 (minecraft@1.20.1)
 448:           134           2144  net.minecraft.util.datafix.schemas.V1460$$Lambda$2023/0x000000080085f478 (minecraft@1.20.1)
 449:           134           2144  net.minecraft.util.datafix.schemas.V1460$$Lambda$2024/0x000000080085f6c0 (minecraft@1.20.1)
 450:           134           2144  net.minecraft.util.datafix.schemas.V1460$$Lambda$2025/0x000000080085f908 (minecraft@1.20.1)
 451:           134           2144  net.minecraft.util.datafix.schemas.V1460$$Lambda$2027/0x000000080085fd78 (minecraft@1.20.1)
 452:           134           2144  net.minecraft.util.datafix.schemas.V1460$$Lambda$2028/0x0000000800864000 (minecraft@1.20.1)
 453:           134           2144  net.minecraft.util.datafix.schemas.V1460$$Lambda$2029/0x0000000800864248 (minecraft@1.20.1)
 454:           134           2144  net.minecraft.util.datafix.schemas.V1460$$Lambda$2032/0x00000008008648d0 (minecraft@1.20.1)
 455:           134           2144  net.minecraft.util.datafix.schemas.V1460$$Lambda$2034/0x0000000800864d20 (minecraft@1.20.1)
 456:           134           2144  net.minecraft.util.datafix.schemas.V1460$$Lambda$2035/0x0000000800864f48 (minecraft@1.20.1)
 457:           134           2144  net.minecraft.util.datafix.schemas.V1460$$Lambda$2036/0x0000000800865170 (minecraft@1.20.1)
 458:           134           2144  net.minecraft.util.datafix.schemas.V1460$$Lambda$2037/0x0000000800865398 (minecraft@1.20.1)
 459:           134           2144  net.minecraft.util.datafix.schemas.V1460$$Lambda$2038/0x00000008008655c0 (minecraft@1.20.1)
 460:           134           2144  net.minecraft.util.datafix.schemas.V1460$$Lambda$2040/0x0000000800865a08 (minecraft@1.20.1)
 461:           134           2144  net.minecraft.util.datafix.schemas.V1460$$Lambda$2044/0x0000000800866290 (minecraft@1.20.1)
 462:           134           2144  net.minecraft.util.datafix.schemas.V1460$$Lambda$2046/0x00000008008666e0 (minecraft@1.20.1)
 463:           134           2144  net.minecraft.util.datafix.schemas.V1460$$Lambda$2048/0x0000000800866b28 (minecraft@1.20.1)
 464:           134           2144  net.minecraft.util.datafix.schemas.V1460$$Lambda$2051/0x0000000800867198 (minecraft@1.20.1)
 465:           134           2144  net.minecraft.util.datafix.schemas.V1460$$Lambda$2056/0x0000000800867c40 (minecraft@1.20.1)
 466:            53           2120  org.antlr.v4.runtime.atn.OrderedATNConfigSet (org.antlr.antlr4.runtime@4.9.1)
 467:            53           2120  sun.security.util.NamedCurve (java.base@17.0.15)
 468:            44           2112  com.sun.management.internal.DiagnosticCommandInfo (jdk.management@17.0.15)
 469:           132           2112  net.minecraft.util.datafix.schemas.V1470$$Lambda$2063/0x0000000800869240 (minecraft@1.20.1)
 470:            87           2088  org.apache.logging.log4j.core.pattern.PatternFormatter (org.apache.logging.log4j.core@2.19.0)
 471:            81           2064  [Ljavax.management.ObjectName$Property; (java.management@17.0.15)
 472:             1           2064  [Lorg.openjdk.nashorn.internal.runtime.SpillProperty$Accessors; (org.openjdk.nashorn)
 473:            86           2064  net.minecraft.core.particles.SimpleParticleType (minecraft@1.20.1)
 474:           128           2048  java.lang.Character (java.base@17.0.15)
 475:            85           2040  java.util.zip.ZipFile$Source$Key (java.base@17.0.15)
 476:           126           2016  it.unimi.dsi.fastutil.objects.Object2ObjectOpenHashMap$1 (it.unimi.dsi.fastutil@8.5.9)
 477:           126           2016  jdk.internal.module.SystemModuleFinders$3 (java.base@17.0.15)
 478:            42           2016  org.openjdk.nashorn.internal.ir.AccessNode (org.openjdk.nashorn)
 479:            83           1992  java.util.Collections$UnmodifiableRandomAccessList (java.base@17.0.15)
 480:            62           1984  java.lang.invoke.SimpleMethodHandle (java.base@17.0.15)
 481:            22           1936  net.minecraft.world.level.block.WallBlock (minecraft@1.20.1)
 482:            60           1920  java.util.logging.LogManager$LogNode (java.logging@17.0.15)
 483:            24           1920  jdk.internal.reflect.DelegatingClassLoader (java.base@17.0.15)
 484:            59           1888  java.util.regex.Pattern$Branch (java.base@17.0.15)
 485:            13           1872  [Ljava.lang.invoke.MemberName; (java.base@17.0.15)
 486:            78           1872  com.mojang.datafixers.types.templates.CompoundList (datafixerupper@6.0.8)
 487:            46           1840  net.minecraft.world.level.block.state.properties.BooleanProperty (minecraft@1.20.1)
 488:            59           1824  [Ljava.util.regex.Pattern$Node; (java.base@17.0.15)
 489:            76           1824  javax.management.ObjectName$Property (java.management@17.0.15)
 490:           112           1792  net.minecraft.util.datafix.schemas.V705$$Lambda$1911/0x0000000800842d00 (minecraft@1.20.1)
 491:            74           1776  org.apache.logging.slf4j.Log4jLogger (org.apache.logging.log4j.slf4j@2.19.0)
 492:            44           1760  java.security.AccessControlContext (java.base@17.0.15)
 493:            55           1760  javax.management.MBeanParameterInfo (java.management@17.0.15)
 494:           110           1760  net.minecraft.util.datafix.schemas.V1800$$Lambda$2076/0x000000080086c998 (minecraft@1.20.1)
 495:           110           1760  net.minecraft.util.datafix.schemas.V1800$$Lambda$2077/0x000000080086cbc0 (minecraft@1.20.1)
 496:           110           1760  net.minecraft.world.level.block.state.properties.Property$$Lambda$1429/0x0000000800662728 (minecraft@1.20.1)
 497:           110           1760  net.minecraft.world.level.block.state.properties.Property$$Lambda$1430/0x0000000800662970 (minecraft@1.20.1)
 498:           110           1760  net.minecraft.world.level.block.state.properties.Property$$Lambda$1431/0x0000000800662dc8 (minecraft@1.20.1)
 499:            73           1752  [Ljava.nio.file.Path; (java.base@17.0.15)
 500:            73           1752  cpw.mods.bootstraplauncher.BootstrapLauncher$PackageTracker (cpw.mods.bootstraplauncher@1.1.2)
 501:            73           1752  java.util.Arrays$ArrayList (java.base@17.0.15)
 502:            72           1720  [Ljava.lang.invoke.SwitchPoint; (java.base@17.0.15)
 503:            71           1704  jdk.dynalink.NamedOperation (jdk.dynalink@17.0.15)
 504:            53           1696  java.security.spec.EllipticCurve (java.base@17.0.15)
 505:            53           1696  java.util.concurrent.locks.ReentrantLock$NonfairSync (java.base@17.0.15)
 506:           106           1696  net.minecraft.util.datafix.schemas.V1904$$Lambda$2081/0x000000080086dbd8 (minecraft@1.20.1)
 507:           104           1664  com.mojang.serialization.MapCodec$MapCodecCodec (datafixerupper@6.0.8)
 508:           104           1664  net.minecraft.util.datafix.schemas.V1906$$Lambda$2084/0x000000080086e4f8 (minecraft@1.20.1)
 509:           103           1648  org.apache.logging.log4j.message.ReusableMessageFactory (org.apache.logging.log4j@2.19.0)
 510:            29           1624  org.openjdk.nashorn.internal.ir.CallNode (org.openjdk.nashorn)
 511:            67           1608  org.antlr.v4.runtime.atn.AtomTransition (org.antlr.antlr4.runtime@4.9.1)
 512:            40           1600  javax.management.MBeanOperationInfo (java.management@17.0.15)
 513:            44           1584  [Ljava.lang.invoke.LambdaFormEditor$Transform; (java.base@17.0.15)
 514:            66           1584  java.lang.RuntimePermission (java.base@17.0.15)
 515:            33           1584  java.time.temporal.ValueRange (java.base@17.0.15)
 516:            99           1584  java.util.WeakHashMap$KeySet (java.base@17.0.15)
 517:            66           1584  net.minecraft.core.registries.BuiltInRegistries$$Lambda$1324/0x00000008005cf380 (minecraft@1.20.1)
 518:            98           1568  net.minecraft.util.datafix.schemas.V1920$$Lambda$2087/0x000000080086f0e0 (minecraft@1.20.1)
 519:            49           1568  org.openjdk.nashorn.internal.codegen.CompilerConstants$2 (org.openjdk.nashorn)
 520:            39           1560  joptsimple.RequiredArgumentOptionSpec (jopt.simple@5.0.4)
 521:            96           1536  net.minecraft.util.datafix.schemas.V1460$$Lambda$2050/0x0000000800866f70 (minecraft@1.20.1)
 522:            96           1536  net.minecraft.util.datafix.schemas.V1466$$Lambda$2060/0x0000000800868920 (minecraft@1.20.1)
 523:            96           1536  net.minecraft.util.datafix.schemas.V1928$$Lambda$2089/0x000000080086f7d8 (minecraft@1.20.1)
 524:            96           1536  net.minecraft.util.datafix.schemas.V99$$Lambda$1817/0x000000080081abd8 (minecraft@1.20.1)
 525:            16           1536  net.minecraft.world.level.block.StainedGlassPaneBlock (minecraft@1.20.1)
 526:            32           1536  sun.nio.cs.UTF_8$Encoder (java.base@17.0.15)
 527:            95           1520  net.minecraft.util.datafix.schemas.V1929$$Lambda$2091/0x0000000800870000 (minecraft@1.20.1)
 528:            95           1520  net.minecraft.util.datafix.schemas.V1929$$Lambda$2092/0x0000000800870248 (minecraft@1.20.1)
 529:            63           1512  com.mojang.datafixers.types.templates.Hook (datafixerupper@6.0.8)
 530:            63           1512  java.util.regex.Pattern$Slice (java.base@17.0.15)
 531:            63           1512  sun.reflect.generics.factory.CoreReflectionFactory (java.base@17.0.15)
 532:            94           1504  net.minecraft.util.datafix.schemas.V1931$$Lambda$2094/0x0000000800870960 (minecraft@1.20.1)
 533:            62           1488  com.google.gson.reflect.TypeToken
 534:            62           1488  jdk.internal.module.SystemModuleFinders$SystemModuleReader (java.base@17.0.15)
 535:            93           1488  jdk.internal.reflect.DelegatingMethodAccessorImpl (java.base@17.0.15)
 536:            62           1488  net.minecraft.world.level.material.MapColor (minecraft@1.20.1)
 537:            62           1488  org.lwjgl.system.Configuration (org.lwjgl@3.3.1+7)
 538:            52           1472  [Ljavax.management.MBeanOperationInfo; (java.management@17.0.15)
 539:             2           1472  [[B (java.base@17.0.15)
 540:            17           1464  [Ljava.lang.Byte; (java.base@17.0.15)
 541:             1           1464  [Ljava.lang.Character$UnicodeBlock; (java.base@17.0.15)
 542:            61           1464  java.lang.invoke.SwitchPoint (java.base@17.0.15)
 543:            61           1464  java.util.Collections$SingletonList (java.base@17.0.15)
 544:            61           1464  org.apache.logging.log4j.core.pattern.AnsiEscape (org.apache.logging.log4j.core@2.19.0)
 545:             3           1440  [Lorg.openjdk.nashorn.internal.parser.TokenType; (org.openjdk.nashorn)
 546:            30           1440  com.google.common.collect.ArrayListMultimap (com.google.common@31.1-jre)
 547:            30           1440  com.google.common.collect.Multimaps$CustomSetMultimap (com.google.common@31.1-jre)
 548:            60           1440  com.mojang.serialization.codecs.RecordCodecBuilder (datafixerupper@6.0.8)
 549:            30           1440  it.unimi.dsi.fastutil.ints.IntOpenHashSet (it.unimi.dsi.fastutil@8.5.9)
 550:            30           1440  net.minecraft.world.level.block.state.properties.IntegerProperty (minecraft@1.20.1)
 551:            30           1440  org.spongepowered.asm.mixin.MixinEnvironment$Option (org.spongepowered.mixin)
 552:            44           1408  com.sun.management.internal.DiagnosticCommandImpl$Wrapper (jdk.management@17.0.15)
 553:            44           1408  jdk.internal.reflect.UnsafeStaticObjectFieldAccessorImpl (java.base@17.0.15)
 554:            44           1408  org.openjdk.nashorn.internal.codegen.CompilerConstants (org.openjdk.nashorn)
 555:            35           1400  org.antlr.v4.runtime.atn.RuleStartState (org.antlr.antlr4.runtime@4.9.1)
 556:            35           1400  org.antlr.v4.runtime.atn.RuleStopState (org.antlr.antlr4.runtime@4.9.1)
 557:            58           1392  sun.reflect.generics.reflectiveObjects.ParameterizedTypeImpl (java.base@17.0.15)
 558:            29           1392  sun.security.x509.X500Name (java.base@17.0.15)
 559:             1           1376  [Ljdk.internal.math.FDBigInteger; (java.base@17.0.15)
 560:            86           1376  net.minecraft.core.particles.SimpleParticleType$$Lambda$1591/0x000000080075c438 (minecraft@1.20.1)
 561:            86           1376  net.minecraft.util.datafix.schemas.V2100$$Lambda$2098/0x00000008008714d0 (minecraft@1.20.1)
 562:            34           1360  java.lang.invoke.MethodHandleImpl$IntrinsicMethodHandle (java.base@17.0.15)
 563:            17           1360  net.minecraft.world.level.block.CandleBlock (minecraft@1.20.1)
 564:            17           1360  net.minecraft.world.level.block.CandleCakeBlock (minecraft@1.20.1)
 565:            17           1360  net.minecraft.world.level.block.ShulkerBoxBlock (minecraft@1.20.1)
 566:            85           1360  sun.nio.fs.UnixFileAttributes$UnixAsBasicFileAttributes (java.base@17.0.15)
 567:            21           1344  java.nio.DirectByteBuffer (java.base@17.0.15)
 568:            42           1344  net.minecraft.util.datafix.fixes.AddNewChoices (minecraft@1.20.1)
 569:            24           1344  org.openjdk.nashorn.internal.scripts.JO4 (org.openjdk.nashorn.structures)
 570:            33           1320  java.lang.invoke.MethodHandleImpl$WrappedMember (java.base@17.0.15)
 571:            55           1320  java.util.regex.Pattern$BmpCharPropertyGreedy (java.base@17.0.15)
 572:            41           1312  javax.management.ObjectName (java.management@17.0.15)
 573:            41           1312  jdk.internal.loader.NativeLibraries (java.base@17.0.15)
 574:            41           1312  org.openjdk.nashorn.internal.codegen.CompilerConstants$7 (org.openjdk.nashorn)
 575:            27           1296  java.lang.invoke.BoundMethodHandle$SpeciesData (java.base@17.0.15)
 576:            54           1296  java.security.spec.ECPoint (java.base@17.0.15)
 577:            54           1296  java.util.regex.Pattern$$Lambda$39/0x00000008000bd9c8 (java.base@17.0.15)
 578:            54           1296  jdk.internal.loader.AbstractClassLoaderValue$Sub (java.base@17.0.15)
 579:            27           1296  sun.nio.cs.StreamEncoder (java.base@17.0.15)
 580:            32           1280  java.lang.invoke.VarHandle$AccessDescriptor (java.base@17.0.15)
 581:            80           1280  net.minecraft.util.datafix.schemas.V2502$$Lambda$2102/0x00000008008722c0 (minecraft@1.20.1)
 582:            16           1280  net.minecraft.world.level.block.BannerBlock (minecraft@1.20.1)
 583:            16           1280  net.minecraft.world.level.block.BedBlock (minecraft@1.20.1)
 584:            16           1280  net.minecraft.world.level.block.ConcretePowderBlock (minecraft@1.20.1)
 585:            16           1280  net.minecraft.world.level.block.DropExperienceBlock (minecraft@1.20.1)
 586:            16           1280  net.minecraft.world.level.block.GlazedTerracottaBlock (minecraft@1.20.1)
 587:            16           1280  net.minecraft.world.level.block.StainedGlassBlock (minecraft@1.20.1)
 588:            16           1280  net.minecraft.world.level.block.WallBannerBlock (minecraft@1.20.1)
 589:            16           1280  net.minecraft.world.level.block.WoolCarpetBlock (minecraft@1.20.1)
 590:            40           1280  sun.reflect.generics.repository.ClassRepository (java.base@17.0.15)
 591:            78           1248  net.minecraft.util.datafix.schemas.V2505$$Lambda$2104/0x00000008008729b8 (minecraft@1.20.1)
 592:            22           1232  java.util.logging.Logger (java.logging@17.0.15)
 593:            22           1232  org.openjdk.nashorn.internal.runtime.UserAccessorProperty (org.openjdk.nashorn)
 594:            76           1216  net.minecraft.util.datafix.schemas.V2509$$Lambda$2106/0x00000008008730b0 (minecraft@1.20.1)
 595:            30           1200  java.lang.invoke.DirectMethodHandle$Special (java.base@17.0.15)
 596:            30           1200  java.time.temporal.ChronoField (java.base@17.0.15)
 597:            30           1200  net.minecraft.world.level.block.state.properties.EnumProperty (minecraft@1.20.1)
 598:            10           1200  net.minecraftforge.registries.NamespacedDefaultedWrapper (forge@47.4.13)
 599:            38           1184  [Ljava.math.BigInteger; (java.base@17.0.15)
 600:            37           1184  java.time.format.DateTimeFormatterBuilder$NumberPrinterParser (java.base@17.0.15)
 601:            74           1184  jdk.proxy2.$Proxy2 (jdk.proxy2)
 602:            37           1184  net.minecraft.world.level.material.FluidState (minecraft@1.20.1)
 603:            49           1176  java.util.regex.Pattern$CharPropertyGreedy (java.base@17.0.15)
 604:            49           1176  org.apache.logging.log4j.core.pattern.SimpleLiteralPatternConverter$StringValue (org.apache.logging.log4j.core@2.19.0)
 605:            21           1176  org.apache.logging.log4j.core.util.datetime.FixedDateFormat$FixedFormat (org.apache.logging.log4j.core@2.19.0)
 606:            48           1152  java.security.BasicPermissionCollection (java.base@17.0.15)
 607:            12           1152  net.minecraft.world.level.block.FenceBlock (minecraft@1.20.1)
 608:            36           1152  net.minecraftforge.installer.json.Version$LibraryDownload
 609:            36           1152  org.antlr.v4.runtime.atn.SingletonPredictionContext (org.antlr.antlr4.runtime@4.9.1)
 610:            13           1144  net.minecraft.world.level.block.ButtonBlock (minecraft@1.20.1)
 611:            13           1144  net.minecraft.world.level.block.FlowerBlock (minecraft@1.20.1)
 612:            13           1144  net.minecraft.world.level.block.PressurePlateBlock (minecraft@1.20.1)
 613:            71           1136  net.minecraft.util.datafix.schemas.V2519$$Lambda$2108/0x00000008008737a8 (minecraft@1.20.1)
 614:            29           1128  [Lsun.security.x509.RDN; (java.base@17.0.15)
 615:            28           1120  java.lang.invoke.VarHandleReferences$FieldInstanceReadWrite (java.base@17.0.15)
 616:            70           1120  net.minecraft.util.datafix.schemas.V2522$$Lambda$2110/0x0000000800873ea0 (minecraft@1.20.1)
 617:            28           1120  net.minecraft.world.phys.Vec3 (minecraft@1.20.1)
 618:            28           1120  org.openjdk.nashorn.internal.runtime.NativeJavaPackage (org.openjdk.nashorn)
 619:            14           1120  sun.security.x509.X509CertImpl (java.base@17.0.15)
 620:             1           1104  [Lsun.security.util.KnownOIDs; (java.base@17.0.15)
 621:            69           1104  java.util.regex.Pattern$$Lambda$37/0x00000008000badb0 (java.base@17.0.15)
 622:            68           1088  net.minecraft.core.MappedRegistry$1 (minecraft@1.20.1)
 623:            44           1080  [Lcom.sun.management.internal.DiagnosticCommandArgumentInfo; (jdk.management@17.0.15)
 624:            27           1080  [Ljava.lang.invoke.BoundMethodHandle$SpeciesData; (java.base@17.0.15)
 625:            45           1080  net.minecraftforge.accesstransformer.ClassTarget (accesstransformers@8.0.4)
 626:            45           1080  sun.reflect.generics.scope.ClassScope (java.base@17.0.15)
 627:            44           1072  [Ljavax.management.MBeanParameterInfo; (java.management@17.0.15)
 628:            67           1072  it.unimi.dsi.fastutil.objects.Object2ObjectOpenHashMap$MapEntrySet (it.unimi.dsi.fastutil@8.5.9)
 629:            19           1064  net.minecraft.world.item.DoubleHighBlockItem (minecraft@1.20.1)
 630:             2           1056  [Ljava.lang.Integer; (java.base@17.0.15)
 631:             2           1056  [Ljava.lang.Long; (java.base@17.0.15)
 632:             2           1056  [Ljava.lang.Short; (java.base@17.0.15)
 633:            30           1056  [Ljava.time.format.DateTimeFormatterBuilder$DateTimePrinterParser; (java.base@17.0.15)
 634:            33           1056  java.util.Collections$SynchronizedMap (java.base@17.0.15)
 635:            33           1056  java.util.RegularEnumSet (java.base@17.0.15)
 636:            44           1056  org.openjdk.nashorn.internal.runtime.Context$BuiltinSwitchPoint (org.openjdk.nashorn)
 637:            26           1040  java.io.BufferedWriter (java.base@17.0.15)
 638:            43           1032  com.sun.jmx.mbeanserver.PerInterface$MethodAndSig (java.management@17.0.15)
 639:            43           1032  jdk.dynalink.beans.OverloadedDynamicMethod (jdk.dynalink@17.0.15)
 640:            43           1032  net.minecraftforge.accesstransformer.InnerClassTarget (accesstransformers@8.0.4)
 641:            32           1024  joptsimple.OptionSpecBuilder (jopt.simple@5.0.4)
 642:            64           1024  net.minecraft.world.level.block.state.BlockBehaviour$Properties$$Lambda$1659/0x000000080077f240 (minecraft@1.20.1)
 643:            42           1008  sun.security.x509.AlgorithmId (java.base@17.0.15)
 644:            25           1000  net.minecraft.world.effect.MobEffect (minecraft@1.20.1)
 645:            58            992  [Lsun.reflect.generics.tree.FormalTypeParameter; (java.base@17.0.15)
 646:            31            992  cpw.mods.modlauncher.api.ITransformer$Target (cpw.mods.modlauncher@10.0.9)
 647:            31            992  java.lang.invoke.VarHandle$AccessMode (java.base@17.0.15)
 648:            31            992  net.minecraft.client.telemetry.TelemetryProperty (minecraft@1.20.1)
 649:            11            968  net.minecraft.world.level.block.FenceGateBlock (minecraft@1.20.1)
 650:            20            960  com.google.gson.internal.LinkedTreeMap$Node
 651:            24            960  com.sun.jmx.mbeanserver.MXBeanSupport (java.management@17.0.15)
 652:            24            960  java.io.PrintWriter (java.base@17.0.15)
 653:            15            960  java.lang.invoke.BoundMethodHandle$Species_LLLLLLLLL (java.base@17.0.15)
 654:            24            960  java.util.EnumMap (java.base@17.0.15)
 655:            12            960  net.minecraft.world.level.block.DoorBlock (minecraft@1.20.1)
 656:            12            960  net.minecraft.world.level.block.TrapDoorBlock (minecraft@1.20.1)
 657:            24            960  org.antlr.v4.runtime.atn.ATNConfigSet (org.antlr.antlr4.runtime@4.9.1)
 658:            24            960  org.antlr.v4.runtime.atn.BlockEndState (org.antlr.antlr4.runtime@4.9.1)
 659:            24            960  org.openjdk.nashorn.internal.ir.ObjectNode (org.openjdk.nashorn)
 660:            30            960  org.openjdk.nashorn.internal.runtime.GlobalConstants$Access (org.openjdk.nashorn)
 661:            40            960  sun.reflect.generics.tree.ClassSignature (java.base@17.0.15)
 662:            59            944  java.util.regex.Pattern$BranchConn (java.base@17.0.15)
 663:            39            936  java.lang.management.ManagementPermission (java.management@17.0.15)
 664:            39            936  java.util.regex.Pattern$BmpCharPredicate$$Lambda$40/0x00000008000bdc50 (java.base@17.0.15)
 665:            58            928  java.lang.ThreadLocal (java.base@17.0.15)
 666:            58            928  net.minecraft.world.level.block.state.BlockBehaviour$Properties$$Lambda$1627/0x0000000800767cb8 (minecraft@1.20.1)
 667:            29            928  org.openjdk.nashorn.internal.runtime.AllocationStrategy (org.openjdk.nashorn)
 668:            23            920  java.util.logging.Logger$ConfigurationData (java.logging@17.0.15)
 669:            40            912  [Lsun.reflect.generics.tree.ClassTypeSignature; (java.base@17.0.15)
 670:            38            912  java.util.regex.Pattern$Start (java.base@17.0.15)
 671:            19            912  javax.management.openmbean.ArrayType (java.management@17.0.15)
 672:            57            912  net.minecraft.util.datafix.schemas.V2568$$Lambda$2127/0x0000000800876d08 (minecraft@1.20.1)
 673:            38            912  org.openjdk.nashorn.internal.parser.Parser$ParserState (org.openjdk.nashorn)
 674:            28            896  java.lang.invoke.BoundMethodHandle$Species_I (java.base@17.0.15)
 675:            28            896  org.antlr.v4.runtime.dfa.DFA (org.antlr.antlr4.runtime@4.9.1)
 676:            37            888  com.sun.jmx.mbeanserver.NamedObject (java.management@17.0.15)
 677:            55            880  java.security.AllPermissionCollection (java.base@17.0.15)
 678:            22            880  java.util.Collections$SingletonMap (java.base@17.0.15)
 679:            22            880  net.minecraft.ChatFormatting (minecraft@1.20.1)
 680:            11            880  net.minecraft.world.level.block.CeilingHangingSignBlock (minecraft@1.20.1)
 681:            11            880  net.minecraft.world.level.block.StandingSignBlock (minecraft@1.20.1)
 682:            11            880  net.minecraft.world.level.block.WallHangingSignBlock (minecraft@1.20.1)
 683:            11            880  net.minecraft.world.level.block.WallSignBlock (minecraft@1.20.1)
 684:            22            880  org.openjdk.nashorn.internal.codegen.types.ObjectType (org.openjdk.nashorn)
 685:            36            864  net.minecraftforge.installer.json.Version$Downloads
 686:            36            864  net.minecraftforge.installer.json.Version$Library
 687:            53            848  java.util.regex.Pattern$BitClass (java.base@17.0.15)
 688:            53            848  net.minecraft.util.datafix.schemas.V2684$$Lambda$2131/0x000000080087c230 (minecraft@1.20.1)
 689:            53            848  net.minecraft.world.level.block.StairBlock$$Lambda$1635/0x00000008007633b0 (minecraft@1.20.1)
 690:            35            840  cpw.mods.modlauncher.ModuleLayerHandler$PathOrJar (cpw.mods.modlauncher@10.0.9)
 691:            35            840  java.lang.NamedPackage (java.base@17.0.15)
 692:            15            840  net.minecraft.world.level.block.state.properties.BlockSetType (minecraft@1.20.1)
 693:            26            832  java.time.zone.ZoneOffsetTransition (java.base@17.0.15)
 694:            26            832  net.minecraft.network.chat.MutableComponent (minecraft@1.20.1)
 695:            26            832  net.minecraft.network.chat.contents.TranslatableContents (minecraft@1.20.1)
 696:            52            832  net.minecraft.util.datafix.schemas.V2686$$Lambda$2134/0x000000080087cb48 (minecraft@1.20.1)
 697:            13            832  net.minecraft.world.item.StandingAndWallBlockItem (minecraft@1.20.1)
 698:            25            816  [Ljava.io.ObjectStreamField; (java.base@17.0.15)
 699:             2            816  [Ljava.time.LocalDateTime; (java.base@17.0.15)
 700:            51            816  java.util.concurrent.atomic.AtomicInteger (java.base@17.0.15)
 701:            17            816  jdk.dynalink.beans.BeanLinker (jdk.dynalink@17.0.15)
 702:            51            816  jdk.proxy2.$Proxy3 (jdk.proxy2)
 703:            51            816  net.minecraft.util.datafix.schemas.V2688$$Lambda$2136/0x000000080087d240 (minecraft@1.20.1)
 704:            51            816  net.minecraft.util.datafix.schemas.V2688$$Lambda$2137/0x000000080087d468 (minecraft@1.20.1)
 705:            17            816  org.openjdk.nashorn.internal.ir.BinaryNode (org.openjdk.nashorn)
 706:            25            800  com.sun.jmx.mbeanserver.WeakIdentityHashMap$IdentityWeakReference (java.management@17.0.15)
 707:            50            800  net.minecraft.util.datafix.schemas.V3078$$Lambda$2159/0x000000080087b928 (minecraft@1.20.1)
 708:            20            800  org.openjdk.nashorn.internal.ir.JoinPredecessorExpression (org.openjdk.nashorn)
 709:            25            800  sun.reflect.annotation.AnnotationType (java.base@17.0.15)
 710:            29            792  [Ljava.security.ProtectionDomain; (java.base@17.0.15)
 711:            33            792  com.google.gson.internal.bind.TypeAdapters$31 (com.google.gson@2.10)
 712:            33            792  net.minecraft.core.BlockPos (minecraft@1.20.1)
 713:            14            784  javax.management.openmbean.OpenMBeanParameterInfoSupport (java.management@17.0.15)
 714:            14            784  sun.security.x509.X509CertInfo (java.base@17.0.15)
 715:             4            768  [Ljava.lang.ThreadLocal$ThreadLocalMap$Entry; (java.base@17.0.15)
 716:            32            768  com.sun.jmx.mbeanserver.DefaultMXBeanMappingFactory$IdentityMapping (java.management@17.0.15)
 717:            32            768  net.minecraft.core.Vec3i (minecraft@1.20.1)
 718:            16            768  net.minecraft.world.item.DyeColor (minecraft@1.20.1)
 719:            24            768  org.antlr.v4.runtime.atn.RuleTransition (org.antlr.antlr4.runtime@4.9.1)
 720:            16            768  org.openjdk.nashorn.internal.ir.VarNode (org.openjdk.nashorn)
 721:            24            768  sun.security.x509.OIDMap$OIDInfo (java.base@17.0.15)
 722:            19            760  java.time.format.DateTimeFormatter (java.base@17.0.15)
 723:            11            752  [S (java.base@17.0.15)
 724:            47            752  net.minecraft.util.datafix.schemas.V99$$Lambda$1841/0x0000000800828000 (minecraft@1.20.1)
 725:            47            752  net.minecraft.util.datafix.schemas.V99$$Lambda$1848/0x0000000800828ee8 (minecraft@1.20.1)
 726:            31            744  com.mojang.serialization.Encoder$2 (datafixerupper@6.0.8)
 727:            31            744  cpw.mods.jarhandling.SecureJar$Provider (cpw.mods.securejarhandler)
 728:            31            744  cpw.mods.modlauncher.TransformerHolder (cpw.mods.modlauncher@10.0.9)
 729:            31            744  java.security.Provider$EngineDescription (java.base@17.0.15)
 730:            31            744  java.util.Date (java.base@17.0.15)
 731:            23            736  net.minecraft.util.datafix.fixes.ItemRenameFix$1 (minecraft@1.20.1)
 732:            46            736  net.minecraft.util.datafix.schemas.V100$$Lambda$1867/0x000000080082a468 (minecraft@1.20.1)
 733:            23            736  net.minecraft.world.level.block.state.properties.NoteBlockInstrument (minecraft@1.20.1)
 734:            13            728  javax.management.openmbean.CompositeType (java.management@17.0.15)
 735:            18            720  com.sun.jmx.mbeanserver.PerInterface (java.management@17.0.15)
 736:            30            720  java.lang.ClassValue$Version (java.base@17.0.15)
 737:            30            720  java.time.format.DateTimeFormatterBuilder$CompositePrinterParser (java.base@17.0.15)
 738:            30            720  java.util.concurrent.locks.AbstractQueuedSynchronizer$ConditionObject (java.base@17.0.15)
 739:            30            720  net.minecraftforge.registries.ForgeRegistryTagManager (forge@47.4.13)
 740:            18            720  org.openjdk.nashorn.internal.ir.RuntimeNode$Request (org.openjdk.nashorn)
 741:            18            720  sun.reflect.generics.repository.MethodRepository (java.base@17.0.15)
 742:            17            712  [Ljava.lang.invoke.MethodType; (java.base@17.0.15)
 743:            22            704  cpw.mods.modlauncher.api.TypesafeMap$Key (cpw.mods.modlauncher@10.0.9)
 744:            29            696  java.util.regex.Pattern$$Lambda$291/0x0000000800260d90 (java.base@17.0.15)
 745:            29            696  org.spongepowered.asm.launch.platform.MixinContainer (org.spongepowered.mixin)
 746:            29            696  org.spongepowered.asm.launch.platform.MixinPlatformAgentDefault (org.spongepowered.mixin)
 747:            43            688  net.minecraft.util.datafix.schemas.V2704$$Lambda$2139/0x000000080087db80 (minecraft@1.20.1)
 748:            17            680  org.openjdk.nashorn.internal.ir.ReturnNode (org.openjdk.nashorn)
 749:            28            672  java.lang.StringBuilder (java.base@17.0.15)
 750:            21            672  java.util.ImmutableCollections$Map1 (java.base@17.0.15)
 751:             2            672  java.util.concurrent.ForkJoinPool (java.base@17.0.15)
 752:            42            672  net.minecraft.util.datafix.schemas.V106$$Lambda$1875/0x000000080082bd38 (minecraft@1.20.1)
 753:            28            672  net.minecraftforge.fml.loading.moddiscovery.AbstractModProvider$DefaultModFileInfo (fmlloader@1.20.1-47.4.13)
 754:            28            672  org.openjdk.nashorn.internal.runtime.UserAccessorProperty$Accessors (org.openjdk.nashorn)
 755:            28            672  org.spongepowered.asm.launch.platform.container.ContainerHandleModLauncherEx$SecureJarResource (org.spongepowered.mixin)
 756:            14            672  sun.security.rsa.RSAPublicKeyImpl (java.base@17.0.15)
 757:            14            672  sun.security.util.MemoryCache$SoftCacheEntry (java.base@17.0.15)
 758:            12            672  sun.util.calendar.ZoneInfo (java.base@17.0.15)
 759:            27            648  java.io.OutputStreamWriter (java.base@17.0.15)
 760:            20            640  java.util.ImmutableCollections$MapN (java.base@17.0.15)
 761:            40            640  jdk.proxy2.$Proxy14 (jdk.proxy2)
 762:             8            640  net.minecraft.world.level.block.LeavesBlock (minecraft@1.20.1)
 763:             8            640  net.minecraft.world.level.block.WeatheringCopperFullBlock (minecraft@1.20.1)
 764:             3            624  [Ljava.lang.invoke.LambdaForm; (java.base@17.0.15)
 765:            13            624  com.llamalad7.mixinextras.lib.semver.Version (MixinExtras@0.5.3)
 766:            26            624  java.security.spec.ECFieldF2m (java.base@17.0.15)
 767:            26            624  java.time.LocalTime (java.base@17.0.15)
 768:            26            624  java.util.regex.Pattern$Ques (java.base@17.0.15)
 769:            13            624  net.minecraft.world.entity.ai.attributes.RangedAttribute (minecraft@1.20.1)
 770:            13            624  org.antlr.v4.runtime.atn.BasicBlockStartState (org.antlr.antlr4.runtime@4.9.1)
 771:            26            624  org.apache.logging.log4j.MarkerManager$Log4jMarker (org.apache.logging.log4j@2.19.0)
 772:            32            616  [Lsun.reflect.generics.tree.FieldTypeSignature; (java.base@17.0.15)
 773:            11            616  org.objectweb.asm.Label (org.objectweb.asm@9.8)
 774:            38            608  java.lang.constant.ReferenceClassDescImpl (java.base@17.0.15)
 775:            19            608  java.util.regex.Pattern$Curly (java.base@17.0.15)
 776:            38            608  net.minecraft.util.datafix.DataFixers$$Lambda$2066/0x0000000800869e38 (minecraft@1.20.1)
 777:            38            608  net.minecraft.util.datafix.schemas.V2831$$Lambda$2142/0x000000080087e748 (minecraft@1.20.1)
 778:            38            608  net.minecraft.util.datafix.schemas.V99$$Lambda$1831/0x0000000800822b20 (minecraft@1.20.1)
 779:            19            608  org.apache.logging.log4j.core.pattern.DatePatternConverter$PatternFormatter (org.apache.logging.log4j.core@2.19.0)
 780:            19            608  sun.security.x509.URIName (java.base@17.0.15)
 781:            15            600  org.openjdk.nashorn.internal.codegen.CompileUnit (org.openjdk.nashorn)
 782:            37            592  java.util.concurrent.locks.ReentrantLock (java.base@17.0.15)
 783:            37            592  net.minecraft.util.datafix.schemas.V2832$$Lambda$2146/0x000000080087f288 (minecraft@1.20.1)
 784:            18            576  java.util.UUID (java.base@17.0.15)
 785:             8            576  java.util.concurrent.ThreadPoolExecutor (java.base@17.0.15)
 786:            24            576  jdk.internal.util.jar.JarIndex (java.base@17.0.15)
 787:             4            576  org.openjdk.nashorn.internal.objects.NativeArray$Prototype (org.openjdk.nashorn)
 788:             6            576  org.openjdk.nashorn.internal.runtime.ScriptLoader (org.openjdk.nashorn)
 789:            18            576  sun.reflect.generics.tree.MethodTypeSignature (java.base@17.0.15)
 790:            10            560  java.util.Properties (java.base@17.0.15)
 791:             7            560  java.util.concurrent.TimeUnit (java.base@17.0.15)
 792:            14            560  javax.management.openmbean.SimpleType (java.management@17.0.15)
 793:            35            560  net.minecraft.util.datafix.schemas.V135$$Lambda$1879/0x000000080083cbc8 (minecraft@1.20.1)
 794:            35            560  net.minecraft.world.level.block.FlowerPotBlock$$Lambda$1712/0x0000000800792dc8 (minecraft@1.20.1)
 795:             7            560  net.minecraft.world.level.block.SaplingBlock (minecraft@1.20.1)
 796:            14            560  net.minecraftforge.fml.loading.FMLConfig$ConfigValue (fmlloader@1.20.1-47.4.13)
 797:            10            560  sun.invoke.util.Wrapper (java.base@17.0.15)
 798:            23            552  java.util.concurrent.LinkedBlockingQueue$Node (java.base@17.0.15)
 799:            23            552  java.util.regex.Pattern$SliceU (java.base@17.0.15)
 800:             2            544  [Ljava.lang.Character; (java.base@17.0.15)
 801:            34            544  net.minecraft.world.level.block.FlowerPotBlock$$Lambda$1716/0x0000000800793690 (minecraft@1.20.1)
 802:            17            544  org.antlr.v4.runtime.atn.ActionTransition (org.antlr.antlr4.runtime@4.9.1)
 803:             4            544  org.openjdk.nashorn.internal.objects.NativeString$Prototype (org.openjdk.nashorn)
 804:            24            536  [Ljavax.management.MBeanNotificationInfo; (java.management@17.0.15)
 805:             2            528  [Lorg.apache.logging.log4j.core.pattern.AnsiEscape; (org.apache.logging.log4j.core@2.19.0)
 806:            11            528  com.sun.jmx.mbeanserver.DefaultMXBeanMappingFactory$CompositeMapping (java.management@17.0.15)
 807:            22            528  java.util.concurrent.atomic.AtomicLong (java.base@17.0.15)
 808:            33            528  net.minecraft.util.datafix.schemas.V2842$$Lambda$2155/0x000000080087a918 (minecraft@1.20.1)
 809:            22            528  org.antlr.v4.runtime.misc.IntervalSet (org.antlr.antlr4.runtime@4.9.1)
 810:            13            520  java.lang.ModuleLayer (java.base@17.0.15)
 811:            13            520  java.lang.module.Configuration (java.base@17.0.15)
 812:            32            512  com.mojang.serialization.codecs.RecordCodecBuilder$$Lambda$1062/0x000000080056a380 (datafixerupper@6.0.8)
 813:            16            512  cpw.mods.modlauncher.api.TypesafeMap$KeyBuilder (cpw.mods.modlauncher@10.0.9)
 814:            16            512  java.time.temporal.ChronoUnit (java.base@17.0.15)
 815:             4            512  org.openjdk.nashorn.internal.runtime.ScriptEnvironment (org.openjdk.nashorn)
 816:            21            504  java.util.AbstractMap$SimpleImmutableEntry (java.base@17.0.15)
 817:            21            504  org.apache.logging.log4j.core.util.datetime.FastDateParser$StrategyAndWidth (org.apache.logging.log4j.core@2.19.0)
 818:            21            504  org.lwjgl.system.libffi.FFIType (org.lwjgl@3.3.1+7)
 819:             7            504  org.openjdk.nashorn.internal.ir.ForNode (org.openjdk.nashorn)
 820:            21            504  sun.security.x509.AVAKeyword (java.base@17.0.15)
 821:             7            496  [Lsun.invoke.util.Wrapper; (java.base@17.0.15)
 822:            31            496  net.minecraft.util.datafix.schemas.V99$$Lambda$1821/0x000000080081b4b8 (minecraft@1.20.1)
 823:            13            488  [Lnet.minecraft.core.Direction; (minecraft@1.20.1)
 824:            24            480  [Ljavax.management.MBeanConstructorInfo; (java.management@17.0.15)
 825:            12            480  com.sun.jna.Function (com.sun.jna@5.12.1)
 826:            12            480  com.sun.jna.Library$Handler$FunctionInfo (com.sun.jna@5.12.1)
 827:            30            480  java.lang.ClassValue$Identity (java.base@17.0.15)
 828:            12            480  java.lang.OutOfMemoryError (java.base@17.0.15)
 829:             6            480  net.minecraft.world.level.block.InfestedBlock (minecraft@1.20.1)
 830:            20            480  net.minecraft.world.phys.shapes.NonOverlappingMerger (minecraft@1.20.1)
 831:            30            480  net.minecraftforge.registries.ForgeRegistry$RegistryCodec (forge@47.4.13)
 832:            15            480  org.apache.logging.log4j.core.filter.MarkerFilter (org.apache.logging.log4j.core@2.19.0)
 833:             4            480  org.openjdk.nashorn.internal.objects.NativeObject$Constructor (org.openjdk.nashorn)
 834:            20            480  sun.security.util.LazyCodeSourcePermissionCollection (java.base@17.0.15)
 835:            12            480  sun.util.locale.provider.LocaleResources$ResourceReference (java.base@17.0.15)
 836:             3            464  [Ljava.time.ZoneOffset; (java.base@17.0.15)
 837:            19            456  java.time.Duration (java.base@17.0.15)
 838:            19            456  org.openjdk.nashorn.internal.codegen.Namespace (org.openjdk.nashorn)
 839:             8            448  java.nio.DirectLongBufferU (java.base@17.0.15)
 840:            28            448  java.security.SecureClassLoader$CodeSourceKey (java.base@17.0.15)
 841:            28            448  java.time.format.DateTimeFormatterBuilder$CharLiteralPrinterParser (java.base@17.0.15)
 842:             8            448  java.util.ServiceLoader (java.base@17.0.15)
 843:            28            448  javax.security.auth.x500.X500Principal (java.base@17.0.15)
 844:            14            448  net.minecraft.util.datafix.fixes.BlockRenameFix$1 (minecraft@1.20.1)
 845:            28            448  net.minecraftforge.fml.loading.moddiscovery.AbstractModProvider$$Lambda$635/0x000000080038c8a0 (fmlloader@1.20.1-47.4.13)
 846:            28            448  net.minecraftforge.fml.loading.moddiscovery.AbstractModProvider$1 (fmlloader@1.20.1-47.4.13)
 847:             4            448  org.openjdk.nashorn.internal.objects.NativeMath$Constructor (org.openjdk.nashorn)
 848:             8            448  org.openjdk.nashorn.internal.runtime.SpillProperty (org.openjdk.nashorn)
 849:            28            448  org.spongepowered.asm.launch.platform.MainAttributes (org.spongepowered.mixin)
 850:             8            448  sun.management.MemoryPoolImpl (java.management@17.0.15)
 851:            10            440  [Lnet.minecraftforge.installer.json.Artifact;
 852:            11            440  com.mojang.datafixers.schemas.Schema (datafixerupper@6.0.8)
 853:            11            440  jdk.internal.loader.NativeLibraries$NativeLibraryImpl (java.base@17.0.15)
 854:            11            440  net.minecraft.world.level.block.state.properties.WoodType (minecraft@1.20.1)
 855:            11            440  org.antlr.v4.runtime.atn.LoopEndState (org.antlr.antlr4.runtime@4.9.1)
 856:            11            440  org.openjdk.nashorn.internal.ir.ExpressionStatement (org.openjdk.nashorn)
 857:             1            432  [[[C (java.base@17.0.15)
 858:            18            432  com.google.gson.internal.bind.TypeAdapters$31
 859:            18            432  com.google.gson.reflect.TypeToken (com.google.gson@2.10)
 860:            27            432  cpw.mods.jarhandling.impl.ModuleJarMetadata (cpw.mods.securejarhandler)
 861:            27            432  java.security.spec.ECFieldFp (java.base@17.0.15)
 862:            18            432  java.text.DateFormat$Field (java.base@17.0.15)
 863:            27            432  java.util.Collections$SingletonSet (java.base@17.0.15)
 864:             6            432  java.util.ResourceBundle$CacheKey (java.base@17.0.15)
 865:            18            432  java.util.regex.Pattern$$Lambda$292/0x0000000800260ff0 (java.base@17.0.15)
 866:            18            432  javax.management.StandardMBean (java.management@17.0.15)
 867:            18            432  jdk.dynalink.BiClassValue$BiClassValues (jdk.dynalink@17.0.15)
 868:            18            432  net.minecraft.util.datafix.fixes.StructuresBecomeConfiguredFix$Conversion (minecraft@1.20.1)
 869:            18            432  org.openjdk.nashorn.api.scripting.ScriptObjectMirror (org.openjdk.nashorn)
 870:            18            432  sun.reflect.generics.scope.MethodScope (java.base@17.0.15)
 871:            13            416  com.llamalad7.mixinextras.service.MixinExtrasVersion (MixinExtras@0.5.3)
 872:            13            416  java.lang.invoke.VarForm (java.base@17.0.15)
 873:            26            416  jdk.proxy2.$Proxy19 (jdk.proxy2)
 874:             4            416  net.minecraft.world.level.block.AmethystClusterBlock (minecraft@1.20.1)
 875:            13            416  org.openjdk.nashorn.internal.codegen.CompilerConstants$3 (org.openjdk.nashorn)
 876:            13            416  org.spongepowered.asm.mixin.injection.struct.InjectionInfo$InjectorEntry (org.spongepowered.mixin)
 877:            17            408  com.google.gson.internal.bind.TypeAdapters$32 (com.google.gson@2.10)
 878:            17            408  org.openjdk.nashorn.internal.runtime.ScriptFunctionData$GenericInvokers (org.openjdk.nashorn)
 879:            12            400  [Ljava.lang.constant.ClassDesc; (java.base@17.0.15)
 880:             1            400  [Lnet.minecraftforge.fml.earlydisplay.SimpleFont$Glyph; (fmlearlydisplay@1.20.1-47.4.13)
 881:            25            400  net.minecraft.util.datafix.schemas.V3078$$Lambda$2160/0x000000080087bb50 (minecraft@1.20.1)
 882:             5            400  net.minecraft.world.level.block.BaseCoralFanBlock (minecraft@1.20.1)
 883:             5            400  net.minecraft.world.level.block.BaseCoralPlantBlock (minecraft@1.20.1)
 884:             5            400  net.minecraft.world.level.block.BaseCoralWallFanBlock (minecraft@1.20.1)
 885:             5            400  net.minecraft.world.level.block.CoralBlock (minecraft@1.20.1)
 886:             5            400  net.minecraft.world.level.block.CoralFanBlock (minecraft@1.20.1)
 887:             5            400  net.minecraft.world.level.block.CoralPlantBlock (minecraft@1.20.1)
 888:             5            400  net.minecraft.world.level.block.CoralWallFanBlock (minecraft@1.20.1)
 889:             5            400  net.minecraft.world.level.block.SkullBlock (minecraft@1.20.1)
 890:             7            392  java.lang.invoke.BoundMethodHandle$Species_LLLILL (java.base@17.0.15)
 891:             8            384  com.google.common.collect.MapMakerInternalMap$WeakKeyDummyValueSegment (com.google.common@31.1-jre)
 892:            24            384  com.mojang.brigadier.exceptions.SimpleCommandExceptionType (brigadier@1.1.8)
 893:            12            384  java.util.ResourceBundle$KeyElementReference (java.base@17.0.15)
 894:            12            384  java.util.ServiceLoader$ProviderImpl (java.base@17.0.15)
 895:            12            384  net.minecraft.core.FrontAndTop (minecraft@1.20.1)
 896:            16            384  net.minecraft.network.chat.TextColor (minecraft@1.20.1)
 897:            24            384  net.minecraft.util.datafix.schemas.V2551$$Lambda$2117/0x00000008008752e0 (minecraft@1.20.1)
 898:            24            384  net.minecraft.util.datafix.schemas.V3081$$Lambda$2162/0x00000008008792a0 (minecraft@1.20.1)
 899:            24            384  net.minecraft.util.datafix.schemas.V704$$Lambda$1899/0x0000000800840d68 (minecraft@1.20.1)
 900:            24            384  net.minecraft.util.datafix.schemas.V704$$Lambda$1900/0x0000000800840fb0 (minecraft@1.20.1)
 901:            24            384  net.minecraft.util.datafix.schemas.V704$$Lambda$1902/0x0000000800841440 (minecraft@1.20.1)
 902:            24            384  net.minecraft.util.datafix.schemas.V99$$Lambda$1805/0x0000000800819548 (minecraft@1.20.1)
 903:            24            384  net.minecraft.util.datafix.schemas.V99$$Lambda$1809/0x00000008008199b8 (minecraft@1.20.1)
 904:            24            384  net.minecraft.util.datafix.schemas.V99$$Lambda$1811/0x0000000800819e48 (minecraft@1.20.1)
 905:            24            384  net.minecraft.util.datafix.schemas.V99$$Lambda$1812/0x000000080081a090 (minecraft@1.20.1)
 906:            24            384  net.minecraft.util.datafix.schemas.V99$$Lambda$1813/0x000000080081a2d8 (minecraft@1.20.1)
 907:            24            384  net.minecraft.util.datafix.schemas.V99$$Lambda$1814/0x000000080081a520 (minecraft@1.20.1)
 908:            24            384  net.minecraft.util.datafix.schemas.V99$$Lambda$1815/0x000000080081a768 (minecraft@1.20.1)
 909:            24            384  net.minecraft.util.datafix.schemas.V99$$Lambda$1818/0x000000080081ae00 (minecraft@1.20.1)
 910:            24            384  net.minecraft.util.datafix.schemas.V99$$Lambda$1819/0x000000080081b048 (minecraft@1.20.1)
 911:            24            384  net.minecraft.util.datafix.schemas.V99$$Lambda$1820/0x000000080081b270 (minecraft@1.20.1)
 912:            24            384  net.minecraft.util.datafix.schemas.V99$$Lambda$1835/0x00000008008233b8 (minecraft@1.20.1)
 913:             4            384  net.minecraft.world.level.block.WeatheringCopperStairBlock (minecraft@1.20.1)
 914:             8            384  org.antlr.v4.runtime.atn.StarBlockStartState (org.antlr.antlr4.runtime@4.9.1)
 915:             8            384  org.antlr.v4.runtime.atn.StarLoopEntryState (org.antlr.antlr4.runtime@4.9.1)
 916:             4            384  org.openjdk.nashorn.internal.objects.NativeJava$Constructor (org.openjdk.nashorn)
 917:            12            384  sun.nio.fs.UnixFileKey (java.base@17.0.15)
 918:            12            384  sun.security.jca.ProviderConfig (java.base@17.0.15)
 919:            12            384  sun.security.x509.SubjectKeyIdentifierExtension (java.base@17.0.15)
 920:             1            376  com.sun.jna.internal.Cleaner$1 (com.sun.jna@5.12.1)
 921:             1            376  java.lang.ref.Finalizer$FinalizerThread (java.base@17.0.15)
 922:             1            376  java.util.logging.LogManager$Cleaner (java.logging@17.0.15)
 923:             1            376  jdk.internal.misc.InnocuousThread (java.base@17.0.15)
 924:            16            368  [Ljava.security.CodeSigner; (java.base@17.0.15)
 925:             1            368  java.lang.ref.Reference$ReferenceHandler (java.base@17.0.15)
 926:            23            368  jdk.internal.reflect.BootstrapConstructorAccessorImpl (java.base@17.0.15)
 927:            23            368  net.minecraft.util.datafix.schemas.V100$$Lambda$1864/0x0000000800829d90 (minecraft@1.20.1)
 928:            23            368  net.minecraft.util.datafix.schemas.V100$$Lambda$1866/0x000000080082a220 (minecraft@1.20.1)
 929:            23            368  net.minecraft.util.datafix.schemas.V3082$$Lambda$2164/0x0000000800879998 (minecraft@1.20.1)
 930:            23            368  net.minecraft.util.datafix.schemas.V705$$Lambda$1910/0x0000000800842ab8 (minecraft@1.20.1)
 931:            23            368  net.minecraft.util.datafix.schemas.V705$$Lambda$1914/0x00000008008433b8 (minecraft@1.20.1)
 932:            23            368  net.minecraft.util.datafix.schemas.V705$$Lambda$1917/0x0000000800843a90 (minecraft@1.20.1)
 933:            23            368  net.minecraft.util.datafix.schemas.V705$$Lambda$1918/0x0000000800843cd8 (minecraft@1.20.1)
 934:            23            368  net.minecraft.util.datafix.schemas.V705$$Lambda$1919/0x0000000800843f20 (minecraft@1.20.1)
 935:            23            368  net.minecraft.util.datafix.schemas.V705$$Lambda$1921/0x00000008008443b0 (minecraft@1.20.1)
 936:            23            368  net.minecraft.util.datafix.schemas.V705$$Lambda$1923/0x0000000800844840 (minecraft@1.20.1)
 937:            23            368  net.minecraft.util.datafix.schemas.V705$$Lambda$1927/0x0000000800845160 (minecraft@1.20.1)
 938:            23            368  net.minecraft.util.datafix.schemas.V705$$Lambda$1928/0x00000008008453a8 (minecraft@1.20.1)
 939:            23            368  net.minecraft.util.datafix.schemas.V705$$Lambda$1929/0x00000008008455f0 (minecraft@1.20.1)
 940:            23            368  net.minecraft.util.datafix.schemas.V705$$Lambda$1930/0x0000000800845838 (minecraft@1.20.1)
 941:            23            368  net.minecraft.util.datafix.schemas.V705$$Lambda$1931/0x0000000800845a60 (minecraft@1.20.1)
 942:            23            368  net.minecraft.util.datafix.schemas.V99$$Lambda$1826/0x0000000800822000 (minecraft@1.20.1)
 943:            23            368  net.minecraft.util.datafix.schemas.V99$$Lambda$1827/0x0000000800822248 (minecraft@1.20.1)
 944:            23            368  net.minecraft.util.datafix.schemas.V99$$Lambda$1828/0x0000000800822490 (minecraft@1.20.1)
 945:            23            368  net.minecraft.util.datafix.schemas.V99$$Lambda$1832/0x0000000800822d48 (minecraft@1.20.1)
 946:             9            360  com.sun.org.apache.xerces.internal.utils.XMLSecurityManager$Limit (java.xml@17.0.15)
 947:             5            360  java.util.concurrent.ScheduledThreadPoolExecutor$ScheduledFutureTask (java.base@17.0.15)
 948:            15            360  net.minecraft.world.level.block.Blocks$$Lambda$1529/0x0000000800738d70 (minecraft@1.20.1)
 949:             5            360  org.apache.logging.log4j.core.config.LoggerConfig (org.apache.logging.log4j.core@2.19.0)
 950:             9            360  org.apache.logging.log4j.core.pattern.DatePatternConverter (org.apache.logging.log4j.core@2.19.0)
 951:             4            352  com.google.gson.Gson (com.google.gson@2.10)
 952:            11            352  java.lang.constant.DirectMethodHandleDesc$Kind (java.base@17.0.15)
 953:            22            352  java.util.Collections$UnmodifiableSet (java.base@17.0.15)
 954:            11            352  javax.management.MBeanNotificationInfo (java.management@17.0.15)
 955:            11            352  jdk.internal.reflect.UnsafeBooleanFieldAccessorImpl (java.base@17.0.15)
 956:            11            352  jdk.internal.reflect.UnsafeQualifiedStaticObjectFieldAccessorImpl (java.base@17.0.15)
 957:            22            352  net.minecraft.util.datafix.schemas.V3083$$Lambda$2166/0x0000000800878a30 (minecraft@1.20.1)
 958:            13            344  [Ljdk.dynalink.Namespace; (jdk.dynalink@17.0.15)
 959:            14            336  com.electronwill.nightconfig.core.ConfigSpec$ValueSpec (com.electronwill.nightconfig.core@3.6.4)
 960:             7            336  com.google.gson.internal.bind.TreeTypeAdapter (com.google.gson@2.10)
 961:            14            336  java.util.regex.Pattern$CharProperty (java.base@17.0.15)
 962:            14            336  java.util.regex.Pattern$Dollar (java.base@17.0.15)
 963:            14            336  java.util.regex.Pattern$StartS (java.base@17.0.15)
 964:            21            336  net.minecraft.util.datafix.schemas.V100$$Lambda$1865/0x0000000800829fd8 (minecraft@1.20.1)
 965:             7            336  org.apache.logging.log4j.core.lookup.ConfigurationStrSubstitutor (org.apache.logging.log4j.core@2.19.0)
 966:            14            336  sun.security.util.BitArray (java.base@17.0.15)
 967:            14            336  sun.security.util.Cache$EqualByteArray (java.base@17.0.15)
 968:            14            336  sun.security.x509.CertificateValidity (java.base@17.0.15)
 969:            21            336  sun.security.x509.GeneralName (java.base@17.0.15)
 970:            18            328  [Lsun.reflect.generics.tree.TypeSignature; (java.base@17.0.15)
 971:             4            320  com.google.common.cache.LocalCache$Segment (com.google.common@31.1-jre)
 972:            10            320  com.sun.org.apache.xerces.internal.impl.XMLEntityManager$EncodingInfo (java.xml@17.0.15)
 973:            10            320  java.lang.constant.DirectMethodHandleDescImpl (java.base@17.0.15)
 974:            10            320  java.util.Collections$UnmodifiableMap (java.base@17.0.15)
 975:            10            320  java.util.ImmutableCollections$ListItr (java.base@17.0.15)
 976:            20            320  java.util.LinkedHashSet (java.base@17.0.15)
 977:             8            320  jdk.internal.module.ModuleReferences$JarModuleReader (java.base@17.0.15)
 978:             8            320  net.minecraft.util.datafix.fixes.NamespacedTypeRenameFix (minecraft@1.20.1)
 979:            20            320  net.minecraft.util.datafix.schemas.V102$$Lambda$1870/0x000000080082afb0 (minecraft@1.20.1)
 980:            20            320  net.minecraft.util.datafix.schemas.V135$$Lambda$1878/0x000000080083c9a0 (minecraft@1.20.1)
 981:            20            320  net.minecraft.util.datafix.schemas.V808$$Lambda$1934/0x0000000800846388 (minecraft@1.20.1)
 982:             8            320  net.minecraft.world.entity.MobCategory (minecraft@1.20.1)
 983:             4            320  net.minecraft.world.level.block.TallFlowerBlock (minecraft@1.20.1)
 984:             4            320  net.minecraft.world.level.block.WallSkullBlock (minecraft@1.20.1)
 985:             4            320  net.minecraft.world.level.block.WeatheringCopperSlabBlock (minecraft@1.20.1)
 986:            20            320  net.minecraft.world.level.block.state.BlockBehaviour$$Lambda$1460/0x00000008006afa20 (minecraft@1.20.1)
 987:            10            320  net.minecraftforge.coremod.transformer.CoreModClassTransformer (net.minecraftforge.coremod)
 988:            10            320  net.minecraftforge.installer.json.Install$Processor
 989:            20            320  net.minecraftforge.registries.NamespacedWrapper$Factory (forge@47.4.13)
 990:             8            320  org.antlr.v4.runtime.atn.StarLoopbackState (org.antlr.antlr4.runtime@4.9.1)
 991:             8            320  sun.management.MemoryPoolImpl$CollectionSensor (java.management@17.0.15)
 992:             8            320  sun.management.MemoryPoolImpl$PoolSensor (java.management@17.0.15)
 993:             1            312  [Lcpw.mods.jarhandling.SecureJar; (cpw.mods.securejarhandler)
 994:            13            312  [Ljava.time.zone.ZoneOffsetTransition; (java.base@17.0.15)
 995:            12            312  [Lorg.antlr.v4.runtime.atn.LexerAction; (org.antlr.antlr4.runtime@4.9.1)
 996:            13            312  com.google.gson.internal.bind.TypeAdapterRuntimeTypeWrapper
 997:            13            312  com.mojang.serialization.codecs.OptionalFieldCodec (datafixerupper@6.0.8)
 998:            13            312  com.mojang.serialization.codecs.RecordCodecBuilder$2 (datafixerupper@6.0.8)
 999:            13            312  com.sun.jna.Pointer (com.sun.jna@5.12.1)
1000:             3            312  cpw.mods.cl.ModuleClassLoader (cpw.mods.securejarhandler)
1001:            13            312  jdk.dynalink.NamespaceOperation (jdk.dynalink@17.0.15)
1002:            13            312  net.minecraftforge.installer.json.Install$DataFile
1003:             3            312  org.apache.logging.log4j.core.impl.MutableLogEvent (org.apache.logging.log4j.core@2.19.0)
1004:            13            312  oshi.PlatformEnum (com.github.oshi@6.2.2)
1005:            13            312  sun.security.provider.certpath.X509CertPath (java.base@17.0.15)
1006:            13            312  sun.security.x509.CertificateExtensions (java.base@17.0.15)
1007:            19            304  com.mojang.brigadier.exceptions.DynamicCommandExceptionType (brigadier@1.1.8)
1008:            19            304  cpw.mods.modlauncher.LaunchServiceHandlerDecorator (cpw.mods.modlauncher@10.0.9)
1009:            19            304  net.minecraft.util.datafix.schemas.V704$$Lambda$1901/0x00000008008411f8 (minecraft@1.20.1)
1010:             2            304  org.spongepowered.asm.mixin.transformer.MixinConfig (org.spongepowered.mixin)
1011:            19            304  sun.security.x509.DNSName (java.base@17.0.15)
1012:             1            288  [Ljava.lang.invoke.LambdaForm$Kind; (java.base@17.0.15)
1013:             2            288  [Ljava.util.concurrent.ForkJoinPool$WorkQueue; (java.base@17.0.15)
1014:             7            288  [Lorg.apache.logging.log4j.core.pattern.PatternFormatter; (org.apache.logging.log4j.core@2.19.0)
1015:            12            288  com.google.gson.internal.bind.ReflectiveTypeAdapterFactory$FieldReflectionAdapter
1016:             9            288  com.google.gson.internal.bind.TreeTypeAdapter$SingleTypeFactory (com.google.gson@2.10)
1017:            18            288  com.mojang.brigadier.exceptions.Dynamic2CommandExceptionType (brigadier@1.1.8)
1018:            12            288  java.lang.annotation.ElementType (java.base@17.0.15)
1019:             9            288  java.lang.constant.PrimitiveClassDescImpl (java.base@17.0.15)
1020:            12            288  java.security.CodeSigner (java.base@17.0.15)
1021:            12            288  java.time.Month (java.base@17.0.15)
1022:            18            288  java.util.concurrent.atomic.AtomicReference (java.base@17.0.15)
1023:             9            288  java.util.logging.Level (java.logging@17.0.15)
1024:             9            288  java.util.logging.Level$KnownLevel (java.logging@17.0.15)
1025:            18            288  java.util.regex.Pattern$Begin (java.base@17.0.15)
1026:            12            288  jdk.dynalink.BiClassValue (jdk.dynalink@17.0.15)
1027:            12            288  jdk.dynalink.BiClassValue$BiClassValuesRoot (jdk.dynalink@17.0.15)
1028:             9            288  jdk.internal.org.objectweb.asm.Type (java.base@17.0.15)
1029:             6            288  net.minecraft.core.Direction (minecraft@1.20.1)
1030:            12            288  net.minecraft.util.datafix.DataFixTypes (minecraft@1.20.1)
1031:            12            288  net.minecraft.util.datafix.DataFixers$$Lambda$1935/0x00000008008465b0 (minecraft@1.20.1)
1032:             9            288  net.minecraft.world.entity.ai.attributes.AttributeModifier (minecraft@1.20.1)
1033:             9            288  org.apache.logging.log4j.core.pattern.DatePatternConverter$CachedTime (org.apache.logging.log4j.core@2.19.0)
1034:             6            288  org.objectweb.asm.Frame (org.objectweb.asm@9.8)
1035:             4            288  org.openjdk.nashorn.internal.runtime.Context (org.openjdk.nashorn)
1036:             4            288  org.openjdk.nashorn.internal.runtime.Context$ClassCache (org.openjdk.nashorn)
1037:             9            288  sun.reflect.generics.reflectiveObjects.TypeVariableImpl (java.base@17.0.15)
1038:            12            288  sun.security.x509.AccessDescription (java.base@17.0.15)
1039:            18            288  sun.security.x509.KeyIdentifier (java.base@17.0.15)
1040:             5            280  java.lang.invoke.BoundMethodHandle$Species_LLLLLL (java.base@17.0.15)
1041:             7            280  java.lang.invoke.VarHandleInts$FieldInstanceReadWrite (java.base@17.0.15)
1042:             5            280  java.nio.HeapCharBuffer (java.base@17.0.15)
1043:             7            280  jdk.internal.ref.Cleaner (java.base@17.0.15)
1044:             5            280  net.minecraft.world.item.MinecartItem (minecraft@1.20.1)
1045:             7            280  net.minecraftforge.registries.DeferredRegister (forge@47.4.13)
1046:             7            280  org.openjdk.nashorn.internal.ir.BlockStatement (org.openjdk.nashorn)
1047:             7            280  org.openjdk.nashorn.internal.ir.LiteralNode$NumberLiteralNode (org.openjdk.nashorn)
1048:             7            280  org.openjdk.nashorn.internal.ir.UnaryNode (org.openjdk.nashorn)
1049:             7            280  org.openjdk.nashorn.internal.objects.NativeArray (org.openjdk.nashorn)
1050:             9            272  [Ljava.lang.Boolean; (java.base@17.0.15)
1051:             1            272  [Lnet.minecraft.world.level.material.MapColor; (minecraft@1.20.1)
1052:            17            272  sun.invoke.util.ValueConversions$WrapperCache (java.base@17.0.15)
1053:            11            264  com.llamalad7.mixinextras.utils.InternalField$1 (MixinExtras@0.5.3)
1054:            11            264  com.sun.jmx.mbeanserver.StandardMBeanSupport (java.management@17.0.15)
1055:            11            264  java.lang.invoke.MethodHandleImpl$Intrinsic (java.base@17.0.15)
1056:            11            264  java.util.function.Function$$Lambda$1193/0x00000008002f86a0 (java.base@17.0.15)
1057:            11            264  java.util.regex.Pattern$SliceI (java.base@17.0.15)
1058:            11            264  net.minecraft.util.ExtraCodecs$$Lambda$1122/0x000000080057a610 (minecraft@1.20.1)
1059:            11            264  net.minecraft.util.ExtraCodecs$2 (minecraft@1.20.1)
1060:            11            264  org.antlr.v4.runtime.atn.LexerActionExecutor (org.antlr.antlr4.runtime@4.9.1)
1061:            11            264  org.antlr.v4.runtime.atn.SetTransition (org.antlr.antlr4.runtime@4.9.1)
1062:            11            264  org.openjdk.nashorn.internal.codegen.Compiler$CompilationPhases (org.openjdk.nashorn)
1063:            11            264  org.spongepowered.asm.launch.GlobalProperties$Keys (org.spongepowered.mixin)
1064:             8            256  java.lang.reflect.ProxyGenerator$PrimitiveTypeInfo (java.base@17.0.15)
1065:            16            256  java.util.IdentityHashMap$EntrySet (java.base@17.0.15)
1066:             8            256  java.util.Vector (java.base@17.0.15)
1067:            16            256  java.util.concurrent.atomic.AtomicReferenceArray (java.base@17.0.15)
1068:             8            256  javax.management.MBeanConstructorInfo (java.management@17.0.15)
1069:            16            256  net.minecraft.util.datafix.schemas.V705$$Lambda$1907/0x00000008008423e0 (minecraft@1.20.1)
1070:            16            256  net.minecraft.util.datafix.schemas.V705$$Lambda$1908/0x0000000800842628 (minecraft@1.20.1)
1071:            16            256  net.minecraft.util.datafix.schemas.V705$$Lambda$1909/0x0000000800842870 (minecraft@1.20.1)
1072:            16            256  net.minecraft.util.datafix.schemas.V705$$Lambda$1912/0x0000000800842f28 (minecraft@1.20.1)
1073:            16            256  net.minecraft.util.datafix.schemas.V705$$Lambda$1913/0x0000000800843170 (minecraft@1.20.1)
1074:            16            256  net.minecraft.util.datafix.schemas.V705$$Lambda$1915/0x0000000800843600 (minecraft@1.20.1)
1075:            16            256  net.minecraft.util.datafix.schemas.V705$$Lambda$1916/0x0000000800843848 (minecraft@1.20.1)
1076:            16            256  net.minecraft.util.datafix.schemas.V705$$Lambda$1920/0x0000000800844168 (minecraft@1.20.1)
1077:            16            256  net.minecraft.util.datafix.schemas.V705$$Lambda$1922/0x00000008008445f8 (minecraft@1.20.1)
1078:            16            256  net.minecraft.util.datafix.schemas.V705$$Lambda$1924/0x0000000800844a88 (minecraft@1.20.1)
1079:            16            256  net.minecraft.util.datafix.schemas.V705$$Lambda$1925/0x0000000800844cd0 (minecraft@1.20.1)
1080:            16            256  net.minecraft.util.datafix.schemas.V705$$Lambda$1926/0x0000000800844f18 (minecraft@1.20.1)
1081:            16            256  net.minecraft.world.level.block.Blocks$$Lambda$1572/0x0000000800743a38 (minecraft@1.20.1)
1082:             8            256  net.minecrell.terminalconsole.MinecraftFormattingConverter (terminalconsoleappender@1.2.0)
1083:             4            256  org.apache.logging.log4j.core.layout.PatternLayout (org.apache.logging.log4j.core@2.19.0)
1084:             8            256  org.apache.logging.log4j.core.lookup.Interpolator (org.apache.logging.log4j.core@2.19.0)
1085:            16            256  org.apache.logging.log4j.core.lookup.SystemPropertiesLookup (org.apache.logging.log4j.core@2.19.0)
1086:             4            256  org.openjdk.nashorn.internal.objects.NativeError$Constructor (org.openjdk.nashorn)
1087:             4            256  org.openjdk.nashorn.internal.objects.NativeError$Prototype (org.openjdk.nashorn)
1088:             4            256  org.openjdk.nashorn.internal.objects.NativeFunction$Prototype (org.openjdk.nashorn)
1089:             4            256  org.openjdk.nashorn.internal.objects.NativeNumber$Prototype (org.openjdk.nashorn)
1090:             4            256  org.openjdk.nashorn.internal.objects.NativeObject$Prototype (org.openjdk.nashorn)
1091:             8            256  org.openjdk.nashorn.internal.runtime.AccessorProperty$Accessors (org.openjdk.nashorn)
1092:             8            256  sun.security.x509.BasicConstraintsExtension (java.base@17.0.15)
1093:             8            256  sun.security.x509.KeyUsageExtension (java.base@17.0.15)
1094:             7            248  [Ljava.lang.annotation.ElementType; (java.base@17.0.15)
1095:             5            240  [Ljava.lang.invoke.LambdaForm$NamedFunction; (java.base@17.0.15)
1096:             3            240  [Lnet.minecraft.world.item.DyeColor; (minecraft@1.20.1)
1097:            10            240  com.google.gson.stream.JsonToken
1098:            10            240  com.google.gson.stream.JsonToken (com.google.gson@2.10)
1099:             5            240  com.mojang.serialization.codecs.KeyDispatchCodec (datafixerupper@6.0.8)
1100:            10            240  com.sun.org.apache.xerces.internal.impl.XMLScanner$NameType (java.xml@17.0.15)
1101:            10            240  java.lang.ThreadLocal$SuppliedThreadLocal (java.base@17.0.15)
1102:            10            240  java.lang.constant.MethodTypeDescImpl (java.base@17.0.15)
1103:             5            240  java.lang.invoke.BoundMethodHandle$Species_LLIL (java.base@17.0.15)
1104:            10            240  java.nio.charset.CoderResult (java.base@17.0.15)
1105:            10            240  java.nio.file.StandardOpenOption (java.base@17.0.15)
1106:             6            240  java.util.ResourceBundle$BundleReference (java.base@17.0.15)
1107:            10            240  java.util.concurrent.ConcurrentSkipListMap$Node (java.base@17.0.15)
1108:             5            240  java.util.concurrent.LinkedBlockingQueue (java.base@17.0.15)
1109:             6            240  java.util.stream.StreamOpFlag (java.base@17.0.15)
1110:            15            240  jdk.proxy2.$Proxy18 (jdk.proxy2)
1111:            15            240  net.minecraft.util.datafix.schemas.V1022$$Lambda$1938/0x0000000800846f00 (minecraft@1.20.1)
1112:            15            240  net.minecraft.util.datafix.schemas.V1022$$Lambda$1939/0x0000000800847128 (minecraft@1.20.1)
1113:            10            240  net.minecraft.util.valueproviders.UniformInt (minecraft@1.20.1)
1114:             3            240  net.minecraft.world.level.block.AirBlock (minecraft@1.20.1)
1115:             3            240  net.minecraft.world.level.block.AnvilBlock (minecraft@1.20.1)
1116:             3            240  net.minecraft.world.level.block.CommandBlock (minecraft@1.20.1)
1117:             3            240  net.minecraft.world.level.block.DoublePlantBlock (minecraft@1.20.1)
1118:             3            240  net.minecraft.world.level.block.HugeMushroomBlock (minecraft@1.20.1)
1119:            10            240  net.minecraft.world.level.block.state.properties.RailShape (minecraft@1.20.1)
1120:             5            240  net.minecraftforge.fml.earlydisplay.SimpleBufferBuilder (fmlearlydisplay@1.20.1-47.4.13)
1121:             2            240  org.apache.logging.log4j.core.appender.rolling.RollingRandomAccessFileManager (org.apache.logging.log4j.core@2.19.0)
1122:             5            240  org.openjdk.nashorn.internal.ir.IndexNode (org.openjdk.nashorn)
1123:             6            240  org.openjdk.nashorn.internal.runtime.Context$ClassReference (org.openjdk.nashorn)
1124:             6            240  org.openjdk.nashorn.internal.runtime.Source (org.openjdk.nashorn)
1125:             6            240  sun.security.x509.AuthorityKeyIdentifierExtension (java.base@17.0.15)
1126:            13            224  [Ljava.lang.constant.ConstantDesc; (java.base@17.0.15)
1127:             2            224  [Lnet.minecraft.world.level.block.state.properties.NoteBlockInstrument; (minecraft@1.20.1)
1128:            14            224  com.electronwill.nightconfig.core.ConfigSpec$DumbSupplier (com.electronwill.nightconfig.core@3.6.4)
1129:            14            224  com.google.gson.TypeAdapter$1 (com.google.gson@2.10)
1130:            14            224  com.mojang.serialization.Decoder$$Lambda$1023/0x000000080055d828 (datafixerupper@6.0.8)
1131:             7            224  java.nio.DirectByteBuffer$Deallocator (java.base@17.0.15)
1132:            14            224  java.util.LinkedHashMap$LinkedKeySet (java.base@17.0.15)
1133:            14            224  java.util.regex.Pattern$CharPredicate$$Lambda$41/0x00000008000bdee0 (java.base@17.0.15)
1134:            14            224  jdk.proxy2.$Proxy12 (jdk.proxy2)
1135:            14            224  net.minecraft.util.datafix.schemas.V1125$$Lambda$1941/0x0000000800847820 (minecraft@1.20.1)
1136:             4            224  org.openjdk.nashorn.internal.objects.NativeArray$Constructor (org.openjdk.nashorn)
1137:             4            224  org.openjdk.nashorn.internal.objects.NativeBoolean$Constructor (org.openjdk.nashorn)
1138:             4            224  org.openjdk.nashorn.internal.objects.NativeFunction$Constructor (org.openjdk.nashorn)
1139:             4            224  org.openjdk.nashorn.internal.objects.NativeNumber$Constructor (org.openjdk.nashorn)
1140:             4            224  org.openjdk.nashorn.internal.objects.NativeReferenceError$Constructor (org.openjdk.nashorn)
1141:             4            224  org.openjdk.nashorn.internal.objects.NativeString$Constructor (org.openjdk.nashorn)
1142:             4            224  org.openjdk.nashorn.internal.objects.NativeSyntaxError$Constructor (org.openjdk.nashorn)
1143:             4            224  org.openjdk.nashorn.internal.objects.NativeTypeError$Constructor (org.openjdk.nashorn)
1144:             7            224  sun.security.x509.AuthorityInfoAccessExtension (java.base@17.0.15)
1145:             7            224  sun.security.x509.CRLDistributionPointsExtension (java.base@17.0.15)
1146:            14            224  sun.security.x509.CertificateAlgorithmId (java.base@17.0.15)
1147:             7            224  sun.security.x509.CertificatePoliciesExtension (java.base@17.0.15)
1148:            14            224  sun.security.x509.CertificateSerialNumber (java.base@17.0.15)
1149:            14            224  sun.security.x509.CertificateVersion (java.base@17.0.15)
1150:            14            224  sun.security.x509.CertificateX509Key (java.base@17.0.15)
1151:             7            224  sun.security.x509.DistributionPoint (java.base@17.0.15)
1152:             7            224  sun.security.x509.ExtendedKeyUsageExtension (java.base@17.0.15)
1153:            14            224  sun.security.x509.SerialNumber (java.base@17.0.15)
1154:             9            216  com.mojang.datafixers.types.templates.Const$PrimitiveType (datafixerupper@6.0.8)
1155:             3            216  java.lang.invoke.BoundMethodHandle$Species_LLLLLLLLLLL (java.base@17.0.15)
1156:             9            216  java.nio.file.attribute.PosixFilePermission (java.base@17.0.15)
1157:             9            216  net.minecraft.core.particles.ParticleTypes$1 (minecraft@1.20.1)
1158:             9            216  net.minecraft.util.datafix.fixes.WorldGenSettingsFix$StructureFeatureConfiguration (minecraft@1.20.1)
1159:             9            216  org.openjdk.nashorn.internal.codegen.ClassEmitter$Flag (org.openjdk.nashorn)
1160:             9            216  org.openjdk.nashorn.internal.parser.TokenKind (org.openjdk.nashorn)
1161:             3            216  org.spongepowered.asm.util.perf.Profiler$LiveSection (org.spongepowered.mixin)
1162:             3            216  sun.net.www.protocol.jar.URLJarFile (java.base@17.0.15)
1163:             9            216  sun.reflect.generics.tree.FormalTypeParameter (java.base@17.0.15)
1164:             3            216  sun.security.provider.NativePRNG$RandomIO (java.base@17.0.15)
1165:             9            216  sun.util.logging.PlatformLogger$Level (java.base@17.0.15)
1166:             9            208  [Ljava.lang.reflect.TypeVariable; (java.base@17.0.15)
1167:             6            208  [Ljdk.dynalink.linker.GuardingDynamicLinker; (jdk.dynalink@17.0.15)
1168:             2            208  [Lnet.minecraft.ChatFormatting; (minecraft@1.20.1)
1169:             7            208  [Lnet.minecraft.core.Direction$Axis; (minecraft@1.20.1)
1170:            13            208  com.electronwill.nightconfig.core.ConfigSpec$$Lambda$383/0x0000000800305208 (com.electronwill.nightconfig.core@3.6.4)
1171:            13            208  com.mojang.serialization.codecs.RecordCodecBuilder$$Lambda$1065/0x000000080056a9d8 (datafixerupper@6.0.8)
1172:            13            208  com.mojang.serialization.codecs.RecordCodecBuilder$Instance (datafixerupper@6.0.8)
1173:            13            208  java.text.NumberFormat$Field (java.base@17.0.15)
1174:            13            208  jdk.proxy2.$Proxy21 (jdk.proxy2)
1175:            13            208  net.minecraft.util.datafix.schemas.V1801$$Lambda$2079/0x000000080086d4e0 (minecraft@1.20.1)
1176:            13            208  net.minecraft.util.datafix.schemas.V2571$$Lambda$2129/0x0000000800877400 (minecraft@1.20.1)
1177:            13            208  net.minecraft.util.datafix.schemas.V99$$Lambda$1810/0x0000000800819c00 (minecraft@1.20.1)
1178:             2            208  sun.security.provider.Sun (java.base@17.0.15)
1179:             2            200  [Ljava.text.DateFormat$Field; (java.base@17.0.15)
1180:             5            200  com.mojang.datafixers.types.templates.TaggedChoice$TaggedChoiceType (datafixerupper@6.0.8)
1181:             5            200  java.lang.invoke.BoundMethodHandle$Species_LLI (java.base@17.0.15)
1182:             5            200  java.util.ServiceLoader$LayerLookupIterator (java.base@17.0.15)
1183:             5            200  net.minecraft.util.datafix.fixes.BlockRenameFixWithJigsaw$1 (minecraft@1.20.1)
1184:             5            200  org.apache.logging.log4j.core.config.Node (org.apache.logging.log4j.core@2.19.0)
1185:             5            200  org.apache.logging.log4j.core.pattern.ExtendedThrowablePatternConverter (org.apache.logging.log4j.core@2.19.0)
1186:             4            192  [Ljava.util.List; (java.base@17.0.15)
1187:             4            192  [Ljdk.dynalink.linker.TypeBasedGuardingDynamicLinker; (jdk.dynalink@17.0.15)
1188:             8            192  [Lorg.apache.logging.log4j.Marker; (org.apache.logging.log4j@2.19.0)
1189:             1            192  [Lorg.openjdk.nashorn.internal.codegen.CompilerConstants; (org.openjdk.nashorn)
1190:             8            192  com.google.common.collect.HashBiMap$Inverse (com.google.common@31.1-jre)
1191:             4            192  com.google.common.collect.MapMakerInternalMap$StrongKeyWeakValueSegment (com.google.common@31.1-jre)
1192:             8            192  com.google.gson.internal.bind.TypeAdapters$32
1193:             6            192  com.mojang.serialization.codecs.RecordCodecBuilder$Instance$$Lambda$1068/0x000000080056b0a8 (datafixerupper@6.0.8)
1194:             6            192  com.mojang.serialization.codecs.RecordCodecBuilder$Instance$3 (datafixerupper@6.0.8)
1195:             6            192  com.sun.jmx.mbeanserver.DefaultMXBeanMappingFactory$CollectionMapping (java.management@17.0.15)
1196:             6            192  java.lang.invoke.LambdaForm$BasicType (java.base@17.0.15)
1197:             8            192  java.lang.module.ModuleDescriptor$Opens (java.base@17.0.15)
1198:             8            192  java.math.RoundingMode (java.base@17.0.15)
1199:             8            192  java.net.NetPermission (java.base@17.0.15)
1200:             3            192  java.nio.DirectByteBufferR (java.base@17.0.15)
1201:             3            192  java.security.SecureRandom (java.base@17.0.15)
1202:             6            192  java.security.cert.PolicyQualifierInfo (java.base@17.0.15)
1203:             6            192  java.time.format.TextStyle (java.base@17.0.15)
1204:             4            192  java.util.concurrent.ThreadPoolExecutor$Worker (java.base@17.0.15)
1205:             4            192  java.util.concurrent.locks.ReentrantReadWriteLock$FairSync (java.base@17.0.15)
1206:             8            192  jdk.internal.module.ModuleReferences$$Lambda$26/0x00000008000b4180 (java.base@17.0.15)
1207:             8            192  jdk.internal.perf.PerfCounter (java.base@17.0.15)
1208:             6            192  jdk.internal.reflect.UnsafeIntegerFieldAccessorImpl (java.base@17.0.15)
1209:            12            192  jdk.proxy2.$Proxy22 (jdk.proxy2)
1210:            12            192  jdk.proxy2.$Proxy6 (jdk.proxy2)
1211:            12            192  joptsimple.internal.ConstructorInvokingValueConverter (jopt.simple@5.0.4)
1212:            12            192  net.minecraft.util.datafix.schemas.V99$$Lambda$1830/0x00000008008228f8 (minecraft@1.20.1)
1213:            12            192  net.minecraft.util.datafix.schemas.V99$$Lambda$1833/0x0000000800822f70 (minecraft@1.20.1)
1214:             8            192  org.antlr.v4.runtime.atn.LexerActionType (org.antlr.antlr4.runtime@4.9.1)
1215:             8            192  org.apache.logging.log4j.Level (org.apache.logging.log4j@2.19.0)
1216:             8            192  org.apache.logging.log4j.core.appender.rolling.RolloverFrequency (org.apache.logging.log4j.core@2.19.0)
1217:             4            192  org.apache.logging.log4j.core.config.AppenderControl (org.apache.logging.log4j.core@2.19.0)
1218:             8            192  org.apache.logging.log4j.core.lookup.PropertiesLookup (org.apache.logging.log4j.core@2.19.0)
1219:             8            192  org.apache.logging.log4j.core.pattern.MessagePatternConverter$FormattedMessagePatternConverter (org.apache.logging.log4j.core@2.19.0)
1220:             8            192  org.apache.logging.log4j.spi.StandardLevel (org.apache.logging.log4j@2.19.0)
1221:             4            192  org.openjdk.nashorn.internal.ir.IfNode (org.openjdk.nashorn)
1222:             4            192  org.openjdk.nashorn.internal.objects.NativeBoolean$Prototype (org.openjdk.nashorn)
1223:             4            192  org.openjdk.nashorn.internal.objects.NativeReferenceError$Prototype (org.openjdk.nashorn)
1224:             4            192  org.openjdk.nashorn.internal.objects.NativeSyntaxError$Prototype (org.openjdk.nashorn)
1225:             4            192  org.openjdk.nashorn.internal.objects.NativeTypeError$Prototype (org.openjdk.nashorn)
1226:             6            192  org.openjdk.nashorn.internal.runtime.Context$NamedContextCodeInstaller (org.openjdk.nashorn)
1227:             8            192  org.openjdk.nashorn.internal.runtime.JSType (org.openjdk.nashorn)
1228:             8            192  org.openjdk.nashorn.internal.runtime.linker.InvokeByName (org.openjdk.nashorn)
1229:             4            192  sun.nio.cs.StreamDecoder (java.base@17.0.15)
1230:             4            184  [[I (java.base@17.0.15)
1231:             2            176  [Lorg.antlr.v4.runtime.atn.RuleStartState; (org.antlr.antlr4.runtime@4.9.1)
1232:             2            176  [Lorg.antlr.v4.runtime.atn.RuleStopState; (org.antlr.antlr4.runtime@4.9.1)
1233:            11            176  com.mojang.serialization.codecs.ListCodec (datafixerupper@6.0.8)
1234:            11            176  java.util.concurrent.ConcurrentHashMap$ValuesView (java.base@17.0.15)
1235:            11            176  jdk.dynalink.beans.StaticClass (jdk.dynalink@17.0.15)
1236:            11            176  net.minecraft.util.ExtraCodecs$$Lambda$1121/0x000000080057a3c8 (minecraft@1.20.1)
1237:            11            176  net.minecraft.util.datafix.schemas.V3203$$Lambda$2179/0x00000008008819b0 (minecraft@1.20.1)
1238:             2            176  net.minecraft.world.level.block.AttachedStemBlock (minecraft@1.20.1)
1239:             2            176  net.minecraft.world.level.block.BrushableBlock (minecraft@1.20.1)
1240:             2            176  net.minecraft.world.level.block.FungusBlock (minecraft@1.20.1)
1241:             2            176  net.minecraft.world.level.block.IronBarsBlock (minecraft@1.20.1)
1242:             2            176  net.minecraft.world.level.block.LiquidBlock (minecraft@1.20.1)
1243:             2            176  net.minecraft.world.level.block.StemBlock (minecraft@1.20.1)
1244:             2            176  net.minecraft.world.level.block.WeightedPressurePlateBlock (minecraft@1.20.1)
1245:            11            176  org.apache.logging.log4j.core.util.datetime.FastDateParser$NumberStrategy (org.apache.logging.log4j.core@2.19.0)
1246:             1            168  [[Ljava.math.BigInteger; (java.base@17.0.15)
1247:             3            168  com.google.common.collect.MapMakerInternalMap (com.google.common@31.1-jre)
1248:             3            168  com.google.gson.internal.LinkedTreeMap
1249:             7            168  com.sun.org.apache.xerces.internal.util.FeatureState (java.xml@17.0.15)
1250:             7            168  java.lang.System$Logger$Level (java.base@17.0.15)
1251:             7            168  java.time.DayOfWeek (java.base@17.0.15)
1252:             7            168  java.time.ZoneOffset (java.base@17.0.15)
1253:             3            168  javax.management.openmbean.OpenMBeanOperationInfoSupport (java.management@17.0.15)
1254:             3            168  jdk.dynalink.beans.StaticClassLinker$SingleClassStaticsLinker (jdk.dynalink@17.0.15)
1255:             7            168  jdk.xml.internal.JdkProperty$State (java.xml@17.0.15)
1256:             7            168  net.minecraft.world.entity.vehicle.AbstractMinecart$Type (minecraft@1.20.1)
1257:             3            168  net.minecraft.world.item.GameMasterBlockItem (minecraft@1.20.1)
1258:             7            168  net.minecraft.world.level.block.SkullBlock$Types (minecraft@1.20.1)
1259:             7            168  net.minecraftforge.eventbus.Names$Method (net.minecraftforge.eventbus)
1260:             7            168  net.minecraftforge.registries.DeferredRegister$$Lambda$1502/0x0000000800731778 (forge@47.4.13)
1261:             7            168  net.minecraftforge.registries.DeferredRegister$RegistryHolder (forge@47.4.13)
1262:             7            168  org.apache.logging.log4j.core.pattern.LoggerPatternConverter (org.apache.logging.log4j.core@2.19.0)
1263:             7            168  org.openjdk.nashorn.internal.ir.FunctionNode$Kind (org.openjdk.nashorn)
1264:             7            168  org.openjdk.nashorn.internal.runtime.Context$1 (org.openjdk.nashorn)
1265:             7            168  org.openjdk.nashorn.internal.runtime.arrays.ObjectArrayData (org.openjdk.nashorn)
1266:             7            168  sun.security.x509.NetscapeCertTypeExtension$MapEntry (java.base@17.0.15)
1267:             7            168  sun.security.x509.PolicyInformation (java.base@17.0.15)
1268:             2            160  [Ljava.lang.constant.DirectMethodHandleDesc$Kind; (java.base@17.0.15)
1269:             3            160  [Ljava.util.logging.Level; (java.logging@17.0.15)
1270:             1            160  [Lnet.minecraftforge.installer.json.Version$Library;
1271:             4            160  [Lorg.apache.logging.log4j.core.util.datetime.FastDatePrinter$Rule; (org.apache.logging.log4j.core@2.19.0)
1272:             5            160  com.google.common.base.Splitter (com.google.common@31.1-jre)
1273:            10            160  com.google.gson.internal.ConstructorConstructor$9
1274:            10            160  com.mojang.brigadier.LiteralMessage (brigadier@1.1.8)
1275:             4            160  java.lang.invoke.BoundMethodHandle$Species_LIL (java.base@17.0.15)
1276:             5            160  java.lang.invoke.VarHandle$AccessType (java.base@17.0.15)
1277:            10            160  java.util.Formatter$Flags (java.base@17.0.15)
1278:             4            160  java.util.ServiceLoader$LazyClassPathLookupIterator (java.base@17.0.15)
1279:             5            160  java.util.concurrent.atomic.LongAdder (java.base@17.0.15)
1280:             5            160  javax.management.StandardEmitterMBean (java.management@17.0.15)
1281:             4            160  javax.xml.catalog.CatalogFeatures$Feature (java.xml@17.0.15)
1282:             4            160  jdk.internal.math.FloatingDecimal$BinaryToASCIIBuffer (java.base@17.0.15)
1283:            10            160  net.fabricmc.loader.impl.metadata.SimplePerson (net.fabricmc.loader@2.6.0+0.15.0+1.20.1-full)
1284:             5            160  net.minecraft.client.telemetry.TelemetryProperty$GameMode (minecraft@1.20.1)
1285:             2            160  net.minecraft.core.DefaultedMappedRegistry (minecraft@1.20.1)
1286:            10            160  net.minecraft.util.datafix.schemas.V1451$$Lambda$1946/0x0000000800848700 (minecraft@1.20.1)
1287:            10            160  net.minecraft.util.datafix.schemas.V3204$$Lambda$2181/0x00000008008820a8 (minecraft@1.20.1)
1288:             2            160  net.minecraft.world.level.block.AzaleaBlock (minecraft@1.20.1)
1289:             2            160  net.minecraft.world.level.block.BeehiveBlock (minecraft@1.20.1)
1290:            10            160  net.minecraft.world.level.block.Blocks$$Lambda$1640/0x000000080076a970 (minecraft@1.20.1)
1291:             2            160  net.minecraft.world.level.block.CampfireBlock (minecraft@1.20.1)
1292:             2            160  net.minecraft.world.level.block.LanternBlock (minecraft@1.20.1)
1293:             2            160  net.minecraft.world.level.block.MushroomBlock (minecraft@1.20.1)
1294:             2            160  net.minecraft.world.level.block.NyliumBlock (minecraft@1.20.1)
1295:             2            160  net.minecraft.world.level.block.PoweredRailBlock (minecraft@1.20.1)
1296:             2            160  net.minecraft.world.level.block.RedStoneOreBlock (minecraft@1.20.1)
1297:             2            160  net.minecraft.world.level.block.RootsBlock (minecraft@1.20.1)
1298:             2            160  net.minecraft.world.level.block.SandBlock (minecraft@1.20.1)
1299:             2            160  net.minecraft.world.level.block.TallGrassBlock (minecraft@1.20.1)
1300:             2            160  net.minecraft.world.level.block.TorchBlock (minecraft@1.20.1)
1301:             2            160  net.minecraft.world.level.block.WallTorchBlock (minecraft@1.20.1)
1302:             2            160  net.minecraft.world.level.block.piston.PistonBaseBlock (minecraft@1.20.1)
1303:             4            160  net.minecraft.world.level.block.state.properties.DirectionProperty (minecraft@1.20.1)
1304:             4            160  net.minecraftforge.coremod.CoreMod (net.minecraftforge.coremod)
1305:            10            160  net.minecraftforge.coremod.NashornFactory$$Lambda$917/0x0000000800500af0 (net.minecraftforge.coremod)
1306:            10            160  net.minecraftforge.registries.NamespacedDefaultedWrapper$Factory (forge@47.4.13)
1307:             4            160  org.antlr.v4.runtime.atn.TokensStartState (org.antlr.antlr4.runtime@4.9.1)
1308:            10            160  org.apache.logging.log4j.core.impl.ThreadContextDataInjector$ForCopyOnWriteThreadContextMap (org.apache.logging.log4j.core@2.19.0)
1309:             5            160  org.objectweb.asm.Handle (org.objectweb.asm@9.8)
1310:             5            160  org.openjdk.nashorn.internal.codegen.LocalVariableTypesCalculator$LvarType (org.openjdk.nashorn)
1311:             5            160  org.openjdk.nashorn.internal.codegen.LocalVariableTypesCalculator$TypeHolderExpression (org.openjdk.nashorn)
1312:             4            160  org.openjdk.nashorn.internal.objects.Global$LexicalScope (org.openjdk.nashorn)
1313:             4            160  org.openjdk.nashorn.internal.runtime.SpillProperty$Accessors (org.openjdk.nashorn)
1314:             4            160  sun.nio.cs.UTF_8$Decoder (java.base@17.0.15)
1315:             5            160  sun.util.locale.provider.LocaleProviderAdapter$Type (java.base@17.0.15)
1316:            10            160  sun.util.logging.internal.LoggingProviderImpl$JULWrapper (java.logging@17.0.15)
1317:             6            152  [Lcpw.mods.modlauncher.api.IModuleLayerManager$Layer; (cpw.mods.modlauncher@10.0.9)
1318:             1            152  org.apache.logging.log4j.core.config.xml.XmlConfiguration (org.apache.logging.log4j.core@2.19.0)
1319:             1            144  [Ljava.lang.invoke.VarHandle$AccessMode; (java.base@17.0.15)
1320:             2            144  [Lorg.antlr.v4.runtime.dfa.DFA; (org.antlr.antlr4.runtime@4.9.1)
1321:             2            144  [Lorg.apache.logging.log4j.core.pattern.LogEventPatternConverter; (org.apache.logging.log4j.core@2.19.0)
1322:             3            144  com.google.common.collect.LinkedHashMultimap (com.google.common@31.1-jre)
1323:             3            144  com.google.common.collect.LinkedHashMultimap$ValueEntry (com.google.common@31.1-jre)
1324:             6            144  com.google.gson.internal.$Gson$Types$ParameterizedTypeImpl
1325:             6            144  com.mojang.serialization.codecs.EitherCodec (datafixerupper@6.0.8)
1326:             6            144  com.mojang.serialization.codecs.RecordCodecBuilder$Instance$$Lambda$1067/0x000000080056ae60 (datafixerupper@6.0.8)
1327:             6            144  com.sun.org.apache.xerces.internal.util.Status (java.xml@17.0.15)
1328:             6            144  java.lang.Thread$State (java.base@17.0.15)
1329:             3            144  java.lang.ThreadGroup (java.base@17.0.15)
1330:             1            144  java.text.DecimalFormat (java.base@17.0.15)
1331:             3            144  java.time.temporal.JulianFields$Field (java.base@17.0.15)
1332:             6            144  java.util.concurrent.ConcurrentHashMap$KeySetView (java.base@17.0.15)
1333:             6            144  java.util.concurrent.ConcurrentLinkedQueue$Node (java.base@17.0.15)
1334:             3            144  java.util.concurrent.ConcurrentSkipListMap (java.base@17.0.15)
1335:             6            144  java.util.concurrent.ConcurrentSkipListMap$Index (java.base@17.0.15)
1336:             9            144  jdk.internal.module.ServicesCatalog (java.base@17.0.15)
1337:             9            144  jdk.proxy1.$Proxy11 (jdk.proxy1)
1338:             6            144  net.minecraft.util.StringRepresentable$EnumCodec (minecraft@1.20.1)
1339:             9            144  net.minecraft.util.datafix.schemas.V1451_1$$Lambda$1948/0x0000000800848df8 (minecraft@1.20.1)
1340:             9            144  net.minecraft.world.effect.MobEffect$$Lambda$1583/0x0000000800754438 (minecraft@1.20.1)
1341:             6            144  net.minecraftforge.fml.common.asm.ObjectHolderDefinalize$VanillaObjectHolderData (fmlloader@1.20.1-47.4.13)
1342:             6            144  net.minecraftforge.fml.loading.moddiscovery.BackgroundScanHandler$ScanStatus (fmlloader@1.20.1-47.4.13)
1343:             3            144  org.antlr.v4.runtime.atn.PlusBlockStartState (org.antlr.antlr4.runtime@4.9.1)
1344:             6            144  org.apache.commons.lang3.tuple.ImmutableTriple (org.apache.commons.lang3@3.12.0)
1345:             6            144  org.apache.logging.log4j.core.LifeCycle$State (org.apache.logging.log4j.core@2.19.0)
1346:             9            144  org.apache.logging.log4j.core.lookup.JmxRuntimeInputArgumentsLookup (org.apache.logging.log4j.core@2.19.0)
1347:             9            144  org.apache.logging.log4j.core.lookup.MapLookup (org.apache.logging.log4j.core@2.19.0)
1348:             6            144  org.apache.logging.slf4j.Log4jMarker (org.apache.logging.log4j.slf4j@2.19.0)
1349:             6            144  org.openjdk.nashorn.internal.codegen.Condition (org.openjdk.nashorn)
1350:             6            144  org.openjdk.nashorn.internal.runtime.Source$RawData (org.openjdk.nashorn)
1351:             6            144  org.spongepowered.asm.logging.Level (org.spongepowered.mixin)
1352:             6            144  org.spongepowered.asm.service.modlauncher.Blackboard$Key (org.spongepowered.mixin)
1353:             6            144  sun.reflect.generics.repository.FieldRepository (java.base@17.0.15)
1354:             6            144  sun.security.util.DisabledAlgorithmConstraints$Constraint$Operator (java.base@17.0.15)
1355:             9            144  sun.security.x509.GeneralNames (java.base@17.0.15)
1356:             4            136  [Ljava.lang.CharSequence; (java.base@17.0.15)
1357:             1            136  [Ljava.time.temporal.ChronoField; (java.base@17.0.15)
1358:             5            136  [Lnet.minecraftforge.fml.earlydisplay.SimpleBufferBuilder$Element; (fmlearlydisplay@1.20.1-47.4.13)
1359:             1            136  [Lorg.spongepowered.asm.mixin.MixinEnvironment$Option; (org.spongepowered.mixin)
1360:             4            136  [Lsun.invoke.util.ValueConversions$WrapperCache; (java.base@17.0.15)
1361:             1            136  org.apache.logging.log4j.core.config.NullConfiguration (org.apache.logging.log4j.core@2.19.0)
1362:             3            128  [Ljava.lang.Thread; (java.base@17.0.15)
1363:             2            128  [Ljava.time.Month; (java.base@17.0.15)
1364:             4            128  [Ljdk.dynalink.linker.GuardingTypeConverterFactory; (jdk.dynalink@17.0.15)
1365:             2            128  [Lnet.minecraft.core.FrontAndTop; (minecraft@1.20.1)
1366:             1            128  com.google.common.cache.LocalCache (com.google.common@31.1-jre)
1367:             8            128  com.google.gson.TypeAdapter$1
1368:             4            128  com.google.gson.internal.bind.MapTypeAdapterFactory$Adapter
1369:             4            128  com.google.gson.internal.bind.ReflectiveTypeAdapterFactory (com.google.gson@2.10)
1370:             4            128  com.sun.jmx.mbeanserver.DefaultMXBeanMappingFactory$ArrayMapping (java.management@17.0.15)
1371:             4            128  java.io.ByteArrayInputStream (java.base@17.0.15)
1372:             4            128  java.lang.StackWalker (java.base@17.0.15)
1373:             4            128  java.security.MessageDigest$Delegate$CloneableDelegate (java.base@17.0.15)
1374:             4            128  java.util.ServiceLoader$ModuleServicesLookupIterator (java.base@17.0.15)
1375:             4            128  java.util.concurrent.atomic.AtomicReferenceFieldUpdater$AtomicReferenceFieldUpdaterImpl (java.base@17.0.15)
1376:             4            128  java.util.stream.Collectors$CollectorImpl (java.base@17.0.15)
1377:             4            128  java.util.stream.FindOps$FindOp (java.base@17.0.15)
1378:             4            128  javax.script.SimpleScriptContext (java.scripting@17.0.15)
1379:             4            128  jdk.dynalink.DynamicLinker (jdk.dynalink@17.0.15)
1380:             4            128  jdk.dynalink.TypeConverterFactory (jdk.dynalink@17.0.15)
1381:             4            128  jdk.dynalink.linker.support.CompositeTypeBasedGuardingDynamicLinker$ClassToLinker (jdk.dynalink@17.0.15)
1382:             4            128  jdk.internal.loader.NativeLibraries$Unloader (java.base@17.0.15)
1383:             8            128  jdk.internal.module.ModuleReferences$$Lambda$27/0x00000008000b43a8 (java.base@17.0.15)
1384:             4            128  jdk.internal.reflect.UnsafeQualifiedObjectFieldAccessorImpl (java.base@17.0.15)
1385:             8            128  net.minecraft.util.datafix.schemas.V1451_2$$Lambda$1968/0x000000080084d110 (minecraft@1.20.1)
1386:             8            128  net.minecraft.util.datafix.schemas.V501$$Lambda$1882/0x000000080083d790 (minecraft@1.20.1)
1387:             8            128  net.minecraft.util.datafix.schemas.V701$$Lambda$1887/0x000000080083f060 (minecraft@1.20.1)
1388:             4            128  net.minecraft.world.item.Rarity (minecraft@1.20.1)
1389:             4            128  net.minecraft.world.level.block.state.properties.StructureMode (minecraft@1.20.1)
1390:             4            128  net.minecraft.world.level.block.state.properties.Tilt (minecraft@1.20.1)
1391:             1            128  net.minecraftforge.fml.earlydisplay.DisplayWindow (fmlearlydisplay@1.20.1-47.4.13)
1392:             4            128  net.minecraftforge.fml.earlydisplay.SimpleBufferBuilder$Format (fmlearlydisplay@1.20.1-47.4.13)
1393:             4            128  net.minecraftforge.fml.loading.FMLPaths (fmlloader@1.20.1-47.4.13)
1394:             4            128  org.apache.logging.log4j.core.appender.DefaultErrorHandler (org.apache.logging.log4j.core@2.19.0)
1395:             2            128  org.apache.logging.log4j.core.appender.RollingRandomAccessFileAppender (org.apache.logging.log4j.core@2.19.0)
1396:             2            128  org.apache.logging.log4j.core.appender.rolling.PatternProcessor (org.apache.logging.log4j.core@2.19.0)
1397:             4            128  org.apache.logging.log4j.core.config.AwaitCompletionReliabilityStrategy (org.apache.logging.log4j.core@2.19.0)
1398:             4            128  org.apache.logging.log4j.core.layout.StringBuilderEncoder (org.apache.logging.log4j.core@2.19.0)
1399:             8            128  org.apache.logging.log4j.core.lookup.ContextMapLookup (org.apache.logging.log4j.core@2.19.0)
1400:             8            128  org.apache.logging.log4j.core.lookup.DateLookup (org.apache.logging.log4j.core@2.19.0)
1401:             8            128  org.apache.logging.log4j.core.lookup.EnvironmentLookup (org.apache.logging.log4j.core@2.19.0)
1402:             8            128  org.apache.logging.log4j.core.lookup.EventLookup (org.apache.logging.log4j.core@2.19.0)
1403:             8            128  org.apache.logging.log4j.core.lookup.JavaLookup (org.apache.logging.log4j.core@2.19.0)
1404:             8            128  org.apache.logging.log4j.core.lookup.Log4jLookup (org.apache.logging.log4j.core@2.19.0)
1405:             8            128  org.apache.logging.log4j.core.lookup.LowerLookup (org.apache.logging.log4j.core@2.19.0)
1406:             8            128  org.apache.logging.log4j.core.lookup.MainMapLookup (org.apache.logging.log4j.core@2.19.0)
1407:             8            128  org.apache.logging.log4j.core.lookup.MarkerLookup (org.apache.logging.log4j.core@2.19.0)
1408:             8            128  org.apache.logging.log4j.core.lookup.ResourceBundleLookup (org.apache.logging.log4j.core@2.19.0)
1409:             8            128  org.apache.logging.log4j.core.lookup.StructuredDataLookup (org.apache.logging.log4j.core@2.19.0)
1410:             8            128  org.apache.logging.log4j.core.lookup.UpperLookup (org.apache.logging.log4j.core@2.19.0)
1411:             8            128  org.apache.logging.log4j.core.util.datetime.FastDateParser$CopyQuotedStrategy (org.apache.logging.log4j.core@2.19.0)
1412:             8            128  org.apache.logging.log4j.core.util.datetime.FastDatePrinter$CharacterLiteral (org.apache.logging.log4j.core@2.19.0)
1413:             8            128  org.apache.logging.log4j.core.util.datetime.FastDatePrinter$TwoDigitNumberField (org.apache.logging.log4j.core@2.19.0)
1414:             4            128  org.openjdk.nashorn.api.scripting.NashornScriptEngine (org.openjdk.nashorn)
1415:             4            128  org.openjdk.nashorn.internal.codegen.CompilerConstants$8 (org.openjdk.nashorn)
1416:             4            128  org.openjdk.nashorn.internal.runtime.Context$ThrowErrorManager (org.openjdk.nashorn)
1417:             4            128  org.openjdk.nashorn.internal.runtime.Timing (org.openjdk.nashorn)
1418:             4            128  org.openjdk.nashorn.internal.runtime.options.Options (org.openjdk.nashorn)
1419:             2            128  org.openjdk.nashorn.internal.scripts.JO5P0 (org.openjdk.nashorn.structures)
1420:             2            128  sun.security.provider.SHA2$SHA256 (java.base@17.0.15)
1421:             3            120  [Ljava.lang.invoke.LambdaForm$BasicType; (java.base@17.0.15)
1422:             1            120  [[Ljava.lang.String; (java.base@17.0.15)
1423:             5            120  com.mojang.serialization.Codec$4 (datafixerupper@6.0.8)
1424:             5            120  com.mojang.serialization.codecs.KeyDispatchCodec$$Lambda$1479/0x0000000800724788 (datafixerupper@6.0.8)
1425:             3            120  com.mojang.serialization.codecs.RecordCodecBuilder$Instance$5 (datafixerupper@6.0.8)
1426:             5            120  com.sun.org.apache.xerces.internal.util.PropertyState (java.xml@17.0.15)
1427:             5            120  com.sun.org.apache.xerces.internal.utils.XMLSecurityPropertyManager$State (java.xml@17.0.15)
1428:             3            120  cpw.mods.modlauncher.log.TransformingThrowablePatternConverter (cpw.mods.modlauncher@10.0.9)
1429:             3            120  java.io.FilePermission (java.base@17.0.15)
1430:             5            120  java.lang.Double (java.base@17.0.15)
1431:             5            120  java.lang.ProcessBuilder$Redirect$Type (java.base@17.0.15)
1432:             3            120  java.lang.reflect.ProxyGenerator$ProxyMethod (java.base@17.0.15)
1433:             5            120  java.time.Instant (java.base@17.0.15)
1434:             5            120  java.time.format.DateTimeFormatterBuilder$OffsetIdPrinterParser (java.base@17.0.15)
1435:             5            120  java.time.format.SignStyle (java.base@17.0.15)
1436:             3            120  java.util.PropertyResourceBundle (java.base@17.0.15)
1437:             3            120  java.util.regex.Pattern$Loop (java.base@17.0.15)
1438:             5            120  java.util.stream.StreamOpFlag$Type (java.base@17.0.15)
1439:             5            120  javax.tools.Diagnostic$Kind (java.compiler@17.0.15)
1440:             5            120  jdk.dynalink.StandardOperation (jdk.dynalink@17.0.15)
1441:             5            120  jdk.internal.math.FloatingDecimal$PreparedASCIIToBinaryBuffer (java.base@17.0.15)
1442:             5            120  joptsimple.internal.MethodInvokingValueConverter (jopt.simple@5.0.4)
1443:             5            120  net.minecraft.util.ExtraCodecs$3 (minecraft@1.20.1)
1444:             5            120  net.minecraft.util.StringRepresentable$$Lambda$1044/0x0000000800566000 (minecraft@1.20.1)
1445:             3            120  net.minecraft.util.datafix.fixes.AddFlagIfNotPresentFix (minecraft@1.20.1)
1446:             3            120  net.minecraft.world.effect.InstantenousMobEffect (minecraft@1.20.1)
1447:             5            120  net.minecraft.world.level.block.state.properties.DripstoneThickness (minecraft@1.20.1)
1448:             5            120  net.minecraft.world.level.block.state.properties.StairsShape (minecraft@1.20.1)
1449:             5            120  net.minecraft.world.level.material.PushReaction (minecraft@1.20.1)
1450:             5            120  net.minecraftforge.fml.earlydisplay.RenderElement (fmlearlydisplay@1.20.1-47.4.13)
1451:             5            120  net.minecraftforge.fml.loading.LanguageLoadingProvider$ModLanguageWrapper (fmlloader@1.20.1-47.4.13)
1452:             3            120  org.antlr.v4.runtime.atn.PlusLoopbackState (org.antlr.antlr4.runtime@4.9.1)
1453:             3            120  org.apache.logging.log4j.core.config.ConfigurationSource (org.apache.logging.log4j.core@2.19.0)
1454:             3            120  org.apache.logging.log4j.core.pattern.HighlightConverter (org.apache.logging.log4j.core@2.19.0)
1455:             5            120  org.apache.logging.log4j.core.pattern.PatternParser$ParserState (org.apache.logging.log4j.core@2.19.0)
1456:             3            120  org.apache.logging.log4j.core.util.datetime.FastDateParser (org.apache.logging.log4j.core@2.19.0)
1457:             5            120  org.objectweb.asm.Edge (org.objectweb.asm@9.8)
1458:             5            120  org.openjdk.nashorn.internal.WeakValueCache (org.openjdk.nashorn)
1459:             5            120  org.openjdk.nashorn.internal.codegen.CodeGenerator$TypeBounds (org.openjdk.nashorn)
1460:             5            120  sun.security.jca.ServiceId (java.base@17.0.15)
1461:             3            120  sun.util.resources.Bundles$BundleReference (java.base@17.0.15)
1462:             2            112  [Ljava.nio.file.attribute.PosixFilePermission; (java.base@17.0.15)
1463:             1            112  [Ljava.time.LocalTime; (java.base@17.0.15)
1464:             4            112  [Ljoptsimple.util.PathProperties; (jopt.simple@5.0.4)
1465:             2            112  [Lnet.minecraft.world.level.block.state.properties.RailShape; (minecraft@1.20.1)
1466:             2            112  [Lorg.openjdk.nashorn.internal.codegen.ClassEmitter$Flag; (org.openjdk.nashorn)
1467:             7            112  com.google.gson.internal.bind.TreeTypeAdapter$GsonContextImpl (com.google.gson@2.10)
1468:             2            112  java.lang.invoke.BoundMethodHandle$Species_LLILLL (java.base@17.0.15)
1469:             2            112  java.nio.DirectIntBufferRU (java.base@17.0.15)
1470:             7            112  jdk.proxy2.$Proxy13 (jdk.proxy2)
1471:             7            112  net.minecraft.util.datafix.schemas.V1451_3$$Lambda$1970/0x000000080084d828 (minecraft@1.20.1)
1472:             7            112  net.minecraft.util.datafix.schemas.V1451_3$$Lambda$1971/0x000000080084da70 (minecraft@1.20.1)
1473:             7            112  net.minecraft.util.datafix.schemas.V1451_3$$Lambda$1972/0x000000080084dc98 (minecraft@1.20.1)
1474:             7            112  net.minecraft.util.datafix.schemas.V1451_3$$Lambda$1973/0x000000080084dec0 (minecraft@1.20.1)
1475:             7            112  net.minecraft.util.datafix.schemas.V1451_3$$Lambda$1974/0x000000080084e0e8 (minecraft@1.20.1)
1476:             7            112  net.minecraft.util.datafix.schemas.V1451_3$$Lambda$1975/0x000000080084e310 (minecraft@1.20.1)
1477:             7            112  net.minecraft.util.datafix.schemas.V1451_3$$Lambda$1976/0x000000080084e538 (minecraft@1.20.1)
1478:             7            112  net.minecraft.util.datafix.schemas.V1451_3$$Lambda$1977/0x000000080084e760 (minecraft@1.20.1)
1479:             7            112  net.minecraft.util.datafix.schemas.V1451_3$$Lambda$1978/0x000000080084e988 (minecraft@1.20.1)
1480:             7            112  net.minecraft.util.datafix.schemas.V1451_3$$Lambda$1979/0x000000080084ebb0 (minecraft@1.20.1)
1481:             7            112  net.minecraft.util.datafix.schemas.V1451_3$$Lambda$1980/0x000000080084edd8 (minecraft@1.20.1)
1482:             7            112  net.minecraft.util.datafix.schemas.V1451_3$$Lambda$1981/0x000000080084f000 (minecraft@1.20.1)
1483:             2            112  org.antlr.v4.runtime.atn.ATN (org.antlr.antlr4.runtime@4.9.1)
1484:             2            112  org.spongepowered.asm.mixin.MixinEnvironment (org.spongepowered.mixin)
1485:             7            112  sun.security.x509.CertificatePolicyId (java.base@17.0.15)
1486:             1            104  [Lorg.apache.logging.log4j.core.util.datetime.FixedDateFormat$FixedFormat; (org.apache.logging.log4j.core@2.19.0)
1487:             3            104  [Lorg.openjdk.nashorn.internal.codegen.CompilationPhase; (org.openjdk.nashorn)
1488:             2            104  [Lsun.util.logging.PlatformLogger$Level; (java.base@17.0.15)
1489:             1            104  cpw.mods.modlauncher.TransformingClassLoader (cpw.mods.modlauncher@10.0.9)
1490:             1            104  jdk.internal.loader.ClassLoaders$AppClassLoader (java.base@17.0.15)
1491:             1            104  jdk.internal.loader.ClassLoaders$BootClassLoader (java.base@17.0.15)
1492:             1            104  jdk.internal.loader.ClassLoaders$PlatformClassLoader (java.base@17.0.15)
1493:             1            104  sun.security.jca.ProviderList$1 (java.base@17.0.15)
1494:             1            104  sun.security.rsa.SunRsaSign (java.base@17.0.15)
1495:             2             96  [Lcom.google.common.cache.LocalCache$EntryFactory; (com.google.common@31.1-jre)
1496:             3             96  [Lcom.google.common.collect.MapMakerInternalMap$Segment; (com.google.common@31.1-jre)
1497:             2             96  [Ljava.lang.System$Logger$Level; (java.base@17.0.15)
1498:             2             96  [Ljava.time.DayOfWeek; (java.base@17.0.15)
1499:             4             96  [Ljdk.dynalink.linker.ConversionComparator; (jdk.dynalink@17.0.15)
1500:             2             96  [Ljdk.dynalink.linker.GuardedInvocation; (jdk.dynalink@17.0.15)
1501:             3             96  [Lnet.minecraftforge.accesstransformer.AccessTransformer$Modifier; (accesstransformers@8.0.4)
1502:             4             96  [Lnet.minecraftforge.api.distmarker.Dist; (mergetool@1.1.5)
1503:             2             96  [Lorg.apache.logging.log4j.core.Filter; (org.apache.logging.log4j.core@2.19.0)
1504:             2             96  [Lorg.apache.logging.log4j.spi.StandardLevel; (org.apache.logging.log4j@2.19.0)
1505:             3             96  [Lorg.openjdk.nashorn.internal.codegen.types.Type; (org.openjdk.nashorn)
1506:             1             96  [Lsun.security.util.ObjectIdentifier; (java.base@17.0.15)
1507:             1             96  [Lsun.util.locale.BaseLocale; (java.base@17.0.15)
1508:             1             96  [[Ljava.lang.Byte; (java.base@17.0.15)
1509:             4             96  com.electronwill.nightconfig.core.io.IndentStyle (com.electronwill.nightconfig.core@3.6.4)
1510:             3             96  com.electronwill.nightconfig.core.io.ParsingMode (com.electronwill.nightconfig.core@3.6.4)
1511:             4             96  com.google.common.cache.LocalCache$AccessQueue$1 (com.google.common@31.1-jre)
1512:             4             96  com.google.common.collect.AbstractIterator$State (com.google.common@31.1-jre)
1513:             2             96  com.google.common.collect.HashMultimap (com.google.common@31.1-jre)
1514:             4             96  com.google.gson.ReflectionAccessFilter$FilterResult (com.google.gson@2.10)
1515:             4             96  com.google.gson.ReflectionAccessFilter$FilterResult
1516:             4             96  com.google.gson.internal.ConstructorConstructor (com.google.gson@2.10)
1517:             4             96  com.google.gson.internal.bind.MapTypeAdapterFactory (com.google.gson@2.10)
1518:             4             96  com.mojang.datafixers.util.Pair (datafixerupper@6.0.8)
1519:             4             96  com.mojang.serialization.Codec$1 (datafixerupper@6.0.8)
1520:             3             96  com.mojang.serialization.codecs.RecordCodecBuilder$Instance$$Lambda$1097/0x00000008005765b8 (datafixerupper@6.0.8)
1521:             3             96  com.mojang.serialization.codecs.RecordCodecBuilder$Instance$$Lambda$1098/0x0000000800576800 (datafixerupper@6.0.8)
1522:             3             96  com.mojang.serialization.codecs.RecordCodecBuilder$Instance$1 (datafixerupper@6.0.8)
1523:             3             96  com.sun.jmx.mbeanserver.DefaultMXBeanMappingFactory$EnumMapping (java.management@17.0.15)
1524:             2             96  com.sun.jmx.mbeanserver.MBeanIntrospector$MBeanInfoMap (java.management@17.0.15)
1525:             2             96  com.sun.jmx.mbeanserver.MBeanIntrospector$PerInterfaceMap (java.management@17.0.15)
1526:             4             96  com.sun.jna.NativeMappedConverter (com.sun.jna@5.12.1)
1527:             2             96  com.sun.management.internal.GarbageCollectorExtImpl (jdk.management@17.0.15)
1528:             3             96  com.sun.org.apache.xerces.internal.utils.XMLSecurityManager$NameMap (java.xml@17.0.15)
1529:             3             96  com.sun.org.apache.xerces.internal.xni.QName (java.xml@17.0.15)
1530:             6             96  com.sun.proxy.jdk.proxy1.$Proxy26 (jdk.proxy1)
1531:             4             96  cpw.mods.jarhandling.SecureJar$Status (cpw.mods.securejarhandler)
1532:             4             96  cpw.mods.modlauncher.ModuleLayerHandler$LayerInfo (cpw.mods.modlauncher@10.0.9)
1533:             4             96  cpw.mods.modlauncher.TransformList (cpw.mods.modlauncher@10.0.9)
1534:             4             96  cpw.mods.modlauncher.TransformTargetLabel$LabelType (cpw.mods.modlauncher@10.0.9)
1535:             4             96  cpw.mods.modlauncher.api.IModuleLayerManager$Layer (cpw.mods.modlauncher@10.0.9)
1536:             4             96  cpw.mods.modlauncher.api.ITransformer$TargetType (cpw.mods.modlauncher@10.0.9)
1537:             4             96  cpw.mods.modlauncher.api.TransformerVoteResult (cpw.mods.modlauncher@10.0.9)
1538:             1             96  io.github.zekerzhayard.forgewrapper.installer.Installer$InstallV1Wrapper
1539:             4             96  io.netty.util.ResourceLeakDetector$Level (io.netty.common@4.1.82.Final)
1540:             3             96  java.io.FileInputStream (java.base@17.0.15)
1541:             4             96  java.io.InputStreamReader (java.base@17.0.15)
1542:             3             96  java.lang.ProcessImpl$Platform (java.base@17.0.15)
1543:             3             96  java.lang.Runtime$Version (java.base@17.0.15)
1544:             4             96  java.lang.ThreadLocal$ThreadLocalMap (java.base@17.0.15)
1545:             3             96  java.lang.constant.DynamicConstantDesc$AnonymousDynamicConstantDesc (java.base@17.0.15)
1546:             4             96  java.lang.module.ModuleDescriptor$Modifier (java.base@17.0.15)
1547:             4             96  java.lang.module.ModuleDescriptor$Requires$Modifier (java.base@17.0.15)
1548:             1             96  java.net.FactoryURLClassLoader (java.base@17.0.15)
1549:             4             96  java.text.Normalizer$Form (java.base@17.0.15)
1550:             4             96  java.time.format.DateTimeFormatterBuilder$SettingsParser (java.base@17.0.15)
1551:             2             96  java.time.zone.ZoneOffsetTransitionRule (java.base@17.0.15)
1552:             4             96  java.util.Base64$Encoder (java.base@17.0.15)
1553:             6             96  java.util.IdentityHashMap$KeySet (java.base@17.0.15)
1554:             3             96  java.util.PropertyPermission (java.base@17.0.15)
1555:             4             96  java.util.ServiceLoader$2 (java.base@17.0.15)
1556:             6             96  java.util.concurrent.ConcurrentHashMap$EntrySetView (java.base@17.0.15)
1557:             4             96  java.util.concurrent.ConcurrentLinkedQueue (java.base@17.0.15)
1558:             4             96  java.util.concurrent.Executors$RunnableAdapter (java.base@17.0.15)
1559:             3             96  java.util.concurrent.Semaphore$NonfairSync (java.base@17.0.15)
1560:             3             96  java.util.concurrent.locks.AbstractQueuedSynchronizer$ConditionNode (java.base@17.0.15)
1561:             3             96  java.util.concurrent.locks.AbstractQueuedSynchronizer$SharedNode (java.base@17.0.15)
1562:             4             96  java.util.concurrent.locks.ReentrantReadWriteLock$Sync$HoldCounter (java.base@17.0.15)
1563:             1             96  java.util.jar.JarVerifier (java.base@17.0.15)
1564:             3             96  java.util.regex.Pattern$Behind (java.base@17.0.15)
1565:             2             96  java.util.regex.Pattern$GroupCurly (java.base@17.0.15)
1566:             4             96  java.util.regex.Pattern$Qtype (java.base@17.0.15)
1567:             4             96  java.util.stream.StreamShape (java.base@17.0.15)
1568:             2             96  javax.management.openmbean.TabularType (java.management@17.0.15)
1569:             4             96  jdk.dynalink.LinkerServicesImpl (jdk.dynalink@17.0.15)
1570:             4             96  jdk.dynalink.beans.GuardedInvocationComponent$ValidationType (jdk.dynalink@17.0.15)
1571:             4             96  jdk.dynalink.linker.support.DefaultInternalObjectFilter (jdk.dynalink@17.0.15)
1572:             1             96  jdk.internal.jimage.ImageReader$SharedImageReader (java.base@17.0.15)
1573:             6             96  jdk.internal.loader.ClassLoaderValue (java.base@17.0.15)
1574:             4             96  jdk.internal.logger.BootstrapLogger$LoggingBackend (java.base@17.0.15)
1575:             4             96  jdk.internal.math.FormattedFloatingDecimal$Form (java.base@17.0.15)
1576:             3             96  joptsimple.NonOptionArgumentSpec (jopt.simple@5.0.4)
1577:             2             96  net.minecraft.DetectedVersion (minecraft@1.20.1)
1578:             6             96  net.minecraft.util.ExtraCodecs$$Lambda$1117/0x0000000800579af0 (minecraft@1.20.1)
1579:             6             96  net.minecraft.util.ExtraCodecs$$Lambda$1118/0x0000000800579d38 (minecraft@1.20.1)
1580:             6             96  net.minecraft.util.StringRepresentable$EnumCodec$$Lambda$1120/0x000000080057a1a0 (minecraft@1.20.1)
1581:             3             96  net.minecraft.util.datafix.fixes.AdvancementsRenameFix (minecraft@1.20.1)
1582:             2             96  net.minecraft.util.datafix.fixes.EntityVariantFix (minecraft@1.20.1)
1583:             3             96  net.minecraft.util.datafix.fixes.WriteAndReadFix (minecraft@1.20.1)
1584:             4             96  net.minecraft.util.datafix.schemas.V1451_6$$Lambda$1991/0x0000000800853248 (minecraft@1.20.1)
1585:             6             96  net.minecraft.util.datafix.schemas.V702$$Lambda$1889/0x000000080083f758 (minecraft@1.20.1)
1586:             6             96  net.minecraft.util.datafix.schemas.V99$$Lambda$1816/0x000000080081a9b0 (minecraft@1.20.1)
1587:             2             96  net.minecraft.world.effect.AttackDamageMobEffect (minecraft@1.20.1)
1588:             4             96  net.minecraft.world.level.block.Blocks$$Lambda$1530/0x0000000800738fb8 (minecraft@1.20.1)
1589:             1             96  net.minecraft.world.level.block.CarvedPumpkinBlock (minecraft@1.20.1)
1590:             1             96  net.minecraft.world.level.block.CaveVinesBlock (minecraft@1.20.1)
1591:             1             96  net.minecraft.world.level.block.EquipableCarvedPumpkinBlock (minecraft@1.20.1)
1592:             1             96  net.minecraft.world.level.block.FireBlock (minecraft@1.20.1)
1593:             1             96  net.minecraft.world.level.block.KelpBlock (minecraft@1.20.1)
1594:             1             96  net.minecraft.world.level.block.SculkVeinBlock (minecraft@1.20.1)
1595:             1             96  net.minecraft.world.level.block.TwistingVinesBlock (minecraft@1.20.1)
1596:             4             96  net.minecraft.world.level.block.WeatheringCopper$WeatherState (minecraft@1.20.1)
1597:             1             96  net.minecraft.world.level.block.WeepingVinesBlock (minecraft@1.20.1)
1598:             4             96  net.minecraft.world.level.block.state.properties.BellAttachType (minecraft@1.20.1)
1599:             4             96  net.minecraftforge.accesstransformer.AccessTransformer$FinalState (accesstransformers@8.0.4)
1600:             4             96  net.minecraftforge.accesstransformer.AccessTransformer$Modifier (accesstransformers@8.0.4)
1601:             4             96  net.minecraftforge.fml.earlydisplay.ColourScheme$Colour (fmlearlydisplay@1.20.1-47.4.13)
1602:             3             96  net.minecraftforge.fml.earlydisplay.SimpleBufferBuilder$Element (fmlearlydisplay@1.20.1-47.4.13)
1603:             4             96  net.minecraftforge.fml.loading.progress.Message$MessageType (fmlloader@1.20.1-47.4.13)
1604:             4             96  net.minecraftforge.forgespi.locating.IModFile$Type (net.minecraftforge.forgespi@7.0.1)
1605:             3             96  net.minecraftforge.installer.HashFunction
1606:             3             96  net.minecraftforge.registries.RegistryManager (forge@47.4.13)
1607:             4             96  net.minecrell.terminalconsole.util.LoggerNamePatternSelector$LoggerNameSelector (terminalconsoleappender@1.2.0)
1608:             3             96  org.antlr.v4.runtime.VocabularyImpl (org.antlr.antlr4.runtime@4.9.1)
1609:             2             96  org.apache.logging.log4j.core.appender.rolling.RollingFileManager$EmptyQueue (org.apache.logging.log4j.core@2.19.0)
1610:             4             96  org.apache.logging.log4j.core.config.AppenderRef (org.apache.logging.log4j.core@2.19.0)
1611:             4             96  org.apache.logging.log4j.core.jmx.AppenderAdmin (org.apache.logging.log4j.core@2.19.0)
1612:             4             96  org.apache.logging.log4j.core.jmx.LoggerConfigAdmin (org.apache.logging.log4j.core@2.19.0)
1613:             2             96  org.apache.logging.log4j.core.lookup.RuntimeStrSubstitutor (org.apache.logging.log4j.core@2.19.0)
1614:             4             96  org.apache.logging.log4j.core.pattern.MarkerSimpleNamePatternConverter (org.apache.logging.log4j.core@2.19.0)
1615:             4             96  org.apache.logging.log4j.core.pattern.NameAbbreviator$MaxElementAbbreviator (org.apache.logging.log4j.core@2.19.0)
1616:             4             96  org.apache.logging.log4j.core.time.MutableInstant (org.apache.logging.log4j.core@2.19.0)
1617:             3             96  org.apache.logging.log4j.core.util.Log4jThreadFactory (org.apache.logging.log4j.core@2.19.0)
1618:             3             96  org.apache.logging.log4j.core.util.datetime.FastDatePrinter (org.apache.logging.log4j.core@2.19.0)
1619:             3             96  org.apache.logging.log4j.core.util.datetime.FixedDateFormat$FixedTimeZoneFormat (org.apache.logging.log4j.core@2.19.0)
1620:             2             96  org.apache.logging.log4j.message.ReusableParameterizedMessage (org.apache.logging.log4j@2.19.0)
1621:             4             96  org.lwjgl.system.Platform$Architecture (org.lwjgl@3.3.1+7)
1622:             3             96  org.openjdk.nashorn.internal.ir.LiteralNode$BooleanLiteralNode (org.openjdk.nashorn)
1623:             3             96  org.openjdk.nashorn.internal.ir.LiteralNode$NullLiteralNode (org.openjdk.nashorn)
1624:             4             96  org.openjdk.nashorn.internal.runtime.GlobalConstants (org.openjdk.nashorn)
1625:             1             96  org.openjdk.nashorn.internal.runtime.StructureLoader (org.openjdk.nashorn)
1626:             4             96  org.openjdk.nashorn.internal.runtime.arrays.NonExtensibleArrayFilter (org.openjdk.nashorn)
1627:             4             96  org.spongepowered.asm.mixin.MixinEnvironment$Option$Inherit (org.spongepowered.mixin)
1628:             4             96  org.spongepowered.asm.mixin.MixinEnvironment$Phase (org.spongepowered.mixin)
1629:             4             96  org.spongepowered.asm.mixin.transformer.MixinCoprocessor$ProcessResult (org.spongepowered.mixin)
1630:             4             96  org.spongepowered.asm.service.modlauncher.LoggerAdapterLog4j2 (org.spongepowered.mixin)
1631:             4             96  sun.nio.ch.Util$BufferCache (java.base@17.0.15)
1632:             3             96  sun.nio.fs.NativeBuffer (java.base@17.0.15)
1633:             3             96  sun.util.resources.Bundles$CacheKey (java.base@17.0.15)
1634:             1             88  [Ljava.util.concurrent.ConcurrentMap; (java.base@17.0.15)
1635:             3             88  [Lnet.minecraft.world.level.block.MultifaceSpreader$SpreadType; (minecraft@1.20.1)
1636:             3             88  [Lorg.apache.logging.log4j.core.pattern.FormattingInfo; (org.apache.logging.log4j.core@2.19.0)
1637:             1             88  [Lorg.openjdk.nashorn.internal.ir.RuntimeNode$Request; (org.openjdk.nashorn)
1638:             1             88  com.google.gson.Gson
1639:             1             88  java.text.DecimalFormatSymbols (java.base@17.0.15)
1640:             1             88  net.minecraft.world.level.block.CaveVinesPlantBlock (minecraft@1.20.1)
1641:             1             88  net.minecraft.world.level.block.GlowLichenBlock (minecraft@1.20.1)
1642:             1             88  net.minecraft.world.level.block.KelpPlantBlock (minecraft@1.20.1)
1643:             1             88  net.minecraft.world.level.block.LayeredCauldronBlock (minecraft@1.20.1)
1644:             1             88  net.minecraft.world.level.block.PowderSnowCauldronBlock (minecraft@1.20.1)
1645:             1             88  net.minecraft.world.level.block.TwistingVinesPlantBlock (minecraft@1.20.1)
1646:             1             88  net.minecraft.world.level.block.WeepingVinesPlantBlock (minecraft@1.20.1)
1647:             1             88  net.minecraft.world.level.block.WitherRoseBlock (minecraft@1.20.1)
1648:             1             88  org.openjdk.nashorn.internal.scripts.JO12 (org.openjdk.nashorn.structures)
1649:             2             80  [Ljava.lang.OutOfMemoryError; (java.base@17.0.15)
1650:             1             80  [Ljava.time.temporal.ChronoUnit; (java.base@17.0.15)
1651:             1             80  [Ljava.util.concurrent.RunnableScheduledFuture; (java.base@17.0.15)
1652:             2             80  [Ljava.util.stream.StreamOpFlag$Type; (java.base@17.0.15)
1653:             2             80  [Lnet.minecraft.client.telemetry.TelemetryProperty$GameMode; (minecraft@1.20.1)
1654:             2             80  [Lnet.minecraft.world.level.block.state.properties.DripstoneThickness; (minecraft@1.20.1)
1655:             2             80  [Lnet.minecraft.world.level.block.state.properties.StairsShape; (minecraft@1.20.1)
1656:             1             80  [Lnet.minecraft.world.phys.Vec3; (minecraft@1.20.1)
1657:             4             80  [Lorg.apache.logging.log4j.core.config.AppenderRef; (org.apache.logging.log4j.core@2.19.0)
1658:             2             80  [Lsun.security.jca.ProviderConfig; (java.base@17.0.15)
1659:             1             80  [[Lorg.antlr.v4.runtime.atn.ATNConfig; (org.antlr.antlr4.runtime@4.9.1)
1660:             5             80  com.google.common.base.CharMatcher$Is (com.google.common@31.1-jre)
1661:             5             80  com.google.common.base.Splitter$1 (com.google.common@31.1-jre)
1662:             2             80  com.google.common.base.Stopwatch (com.google.common@31.1-jre)
1663:             5             80  com.google.gson.internal.$Gson$Types$GenericArrayTypeImpl
1664:             2             80  com.mojang.serialization.codecs.RecordCodecBuilder$Instance$$Lambda$1196/0x0000000800595000 (datafixerupper@6.0.8)
1665:             2             80  com.mojang.serialization.codecs.RecordCodecBuilder$Instance$7 (datafixerupper@6.0.8)
1666:             2             80  com.sun.jmx.mbeanserver.DefaultMXBeanMappingFactory$TabularMapping (java.management@17.0.15)
1667:             2             80  java.io.PrintStream (java.base@17.0.15)
1668:             5             80  java.lang.Float (java.base@17.0.15)
1669:             2             80  java.lang.invoke.BoundMethodHandle$Species_D (java.base@17.0.15)
1670:             1             80  java.lang.invoke.BoundMethodHandle$Species_LLLLLLLLLLLLL (java.base@17.0.15)
1671:             2             80  java.lang.invoke.VarHandleLongs$FieldInstanceReadWrite (java.base@17.0.15)
1672:             2             80  java.time.format.DateTimeFormatterBuilder$FractionPrinterParser (java.base@17.0.15)
1673:             2             80  java.time.zone.ZoneRules (java.base@17.0.15)
1674:             2             80  java.util.Locale$Category (java.base@17.0.15)
1675:             1             80  jdk.internal.event.X509CertificateEvent (java.base@17.0.15)
1676:             1             80  jdk.internal.icu.impl.NormalizerImpl (java.base@17.0.15)
1677:             2             80  jdk.internal.loader.URLClassPath (java.base@17.0.15)
1678:             5             80  jdk.proxy1.$Proxy0 (jdk.proxy1)
1679:             5             80  jdk.proxy1.$Proxy8 (jdk.proxy1)
1680:             5             80  jdk.proxy1.$Proxy9 (jdk.proxy1)
1681:             5             80  jdk.proxy2.$Proxy16 (jdk.proxy2)
1682:             2             80  joptsimple.OptionalArgumentOptionSpec (jopt.simple@5.0.4)
1683:             5             80  net.minecraft.core.Registry$$Lambda$1468/0x000000080071cb30 (minecraft@1.20.1)
1684:             5             80  net.minecraft.core.Registry$$Lambda$1469/0x000000080071cd78 (minecraft@1.20.1)
1685:             5             80  net.minecraft.core.Registry$$Lambda$1470/0x000000080071cfc0 (minecraft@1.20.1)
1686:             5             80  net.minecraft.core.Registry$$Lambda$1471/0x000000080071d1e8 (minecraft@1.20.1)
1687:             5             80  net.minecraft.core.Registry$$Lambda$1472/0x000000080071d410 (minecraft@1.20.1)
1688:             5             80  net.minecraft.core.Registry$$Lambda$1473/0x000000080071d658 (minecraft@1.20.1)
1689:             2             80  net.minecraft.util.datafix.fixes.CriteriaRenameFix (minecraft@1.20.1)
1690:             2             80  net.minecraft.util.datafix.fixes.GossipUUIDFix (minecraft@1.20.1)
1691:             2             80  net.minecraft.util.datafix.fixes.VillagerDataFix (minecraft@1.20.1)
1692:             5             80  net.minecraft.util.datafix.schemas.V3325$$Lambda$2183/0x00000008008827a0 (minecraft@1.20.1)
1693:             5             80  net.minecraft.util.datafix.schemas.V3325$$Lambda$2184/0x00000008008829e8 (minecraft@1.20.1)
1694:             5             80  net.minecraft.util.datafix.schemas.V700$$Lambda$1885/0x000000080083e968 (minecraft@1.20.1)
1695:             1             80  net.minecraft.world.level.block.AmethystBlock (minecraft@1.20.1)
1696:             1             80  net.minecraft.world.level.block.BambooSaplingBlock (minecraft@1.20.1)
1697:             1             80  net.minecraft.world.level.block.BambooStalkBlock (minecraft@1.20.1)
1698:             1             80  net.minecraft.world.level.block.BarrelBlock (minecraft@1.20.1)
1699:             1             80  net.minecraft.world.level.block.BarrierBlock (minecraft@1.20.1)
1700:             1             80  net.minecraft.world.level.block.BeaconBlock (minecraft@1.20.1)
1701:             1             80  net.minecraft.world.level.block.BeetrootBlock (minecraft@1.20.1)
1702:             1             80  net.minecraft.world.level.block.BellBlock (minecraft@1.20.1)
1703:             1             80  net.minecraft.world.level.block.BigDripleafBlock (minecraft@1.20.1)
1704:             1             80  net.minecraft.world.level.block.BigDripleafStemBlock (minecraft@1.20.1)
1705:             1             80  net.minecraft.world.level.block.BlastFurnaceBlock (minecraft@1.20.1)
1706:             1             80  net.minecraft.world.level.block.BrewingStandBlock (minecraft@1.20.1)
1707:             1             80  net.minecraft.world.level.block.BubbleColumnBlock (minecraft@1.20.1)
1708:             1             80  net.minecraft.world.level.block.BuddingAmethystBlock (minecraft@1.20.1)
1709:             1             80  net.minecraft.world.level.block.CactusBlock (minecraft@1.20.1)
1710:             1             80  net.minecraft.world.level.block.CakeBlock (minecraft@1.20.1)
1711:             1             80  net.minecraft.world.level.block.CalibratedSculkSensorBlock (minecraft@1.20.1)
1712:             1             80  net.minecraft.world.level.block.CarpetBlock (minecraft@1.20.1)
1713:             1             80  net.minecraft.world.level.block.CarrotBlock (minecraft@1.20.1)
1714:             1             80  net.minecraft.world.level.block.CartographyTableBlock (minecraft@1.20.1)
1715:             1             80  net.minecraft.world.level.block.CauldronBlock (minecraft@1.20.1)
1716:             1             80  net.minecraft.world.level.block.ChainBlock (minecraft@1.20.1)
1717:             1             80  net.minecraft.world.level.block.CherryLeavesBlock (minecraft@1.20.1)
1718:             1             80  net.minecraft.world.level.block.ChestBlock (minecraft@1.20.1)
1719:             1             80  net.minecraft.world.level.block.ChiseledBookShelfBlock (minecraft@1.20.1)
1720:             1             80  net.minecraft.world.level.block.ChorusFlowerBlock (minecraft@1.20.1)
1721:             1             80  net.minecraft.world.level.block.ChorusPlantBlock (minecraft@1.20.1)
1722:             1             80  net.minecraft.world.level.block.CocoaBlock (minecraft@1.20.1)
1723:             1             80  net.minecraft.world.level.block.ComparatorBlock (minecraft@1.20.1)
1724:             1             80  net.minecraft.world.level.block.ComposterBlock (minecraft@1.20.1)
1725:             1             80  net.minecraft.world.level.block.ConduitBlock (minecraft@1.20.1)
1726:             1             80  net.minecraft.world.level.block.CraftingTableBlock (minecraft@1.20.1)
1727:             1             80  net.minecraft.world.level.block.CropBlock (minecraft@1.20.1)
1728:             1             80  net.minecraft.world.level.block.CryingObsidianBlock (minecraft@1.20.1)
1729:             1             80  net.minecraft.world.level.block.DaylightDetectorBlock (minecraft@1.20.1)
1730:             1             80  net.minecraft.world.level.block.DeadBushBlock (minecraft@1.20.1)
1731:             1             80  net.minecraft.world.level.block.DecoratedPotBlock (minecraft@1.20.1)
1732:             1             80  net.minecraft.world.level.block.DetectorRailBlock (minecraft@1.20.1)
1733:             1             80  net.minecraft.world.level.block.DirtPathBlock (minecraft@1.20.1)
1734:             1             80  net.minecraft.world.level.block.DispenserBlock (minecraft@1.20.1)
1735:             1             80  net.minecraft.world.level.block.DragonEggBlock (minecraft@1.20.1)
1736:             1             80  net.minecraft.world.level.block.DropperBlock (minecraft@1.20.1)
1737:             1             80  net.minecraft.world.level.block.EnchantmentTableBlock (minecraft@1.20.1)
1738:             1             80  net.minecraft.world.level.block.EndGatewayBlock (minecraft@1.20.1)
1739:             1             80  net.minecraft.world.level.block.EndPortalBlock (minecraft@1.20.1)
1740:             1             80  net.minecraft.world.level.block.EndPortalFrameBlock (minecraft@1.20.1)
1741:             1             80  net.minecraft.world.level.block.EndRodBlock (minecraft@1.20.1)
1742:             1             80  net.minecraft.world.level.block.EnderChestBlock (minecraft@1.20.1)
1743:             1             80  net.minecraft.world.level.block.FarmBlock (minecraft@1.20.1)
1744:             1             80  net.minecraft.world.level.block.FletchingTableBlock (minecraft@1.20.1)
1745:             1             80  net.minecraft.world.level.block.FrogspawnBlock (minecraft@1.20.1)
1746:             1             80  net.minecraft.world.level.block.FrostedIceBlock (minecraft@1.20.1)
1747:             1             80  net.minecraft.world.level.block.FurnaceBlock (minecraft@1.20.1)
1748:             1             80  net.minecraft.world.level.block.GlassBlock (minecraft@1.20.1)
1749:             1             80  net.minecraft.world.level.block.GrassBlock (minecraft@1.20.1)
1750:             1             80  net.minecraft.world.level.block.GravelBlock (minecraft@1.20.1)
1751:             1             80  net.minecraft.world.level.block.GrindstoneBlock (minecraft@1.20.1)
1752:             1             80  net.minecraft.world.level.block.HalfTransparentBlock (minecraft@1.20.1)
1753:             1             80  net.minecraft.world.level.block.HangingRootsBlock (minecraft@1.20.1)
1754:             1             80  net.minecraft.world.level.block.HayBlock (minecraft@1.20.1)
1755:             1             80  net.minecraft.world.level.block.HoneyBlock (minecraft@1.20.1)
1756:             1             80  net.minecraft.world.level.block.HopperBlock (minecraft@1.20.1)
1757:             1             80  net.minecraft.world.level.block.IceBlock (minecraft@1.20.1)
1758:             1             80  net.minecraft.world.level.block.InfestedRotatedPillarBlock (minecraft@1.20.1)
1759:             1             80  net.minecraft.world.level.block.JigsawBlock (minecraft@1.20.1)
1760:             1             80  net.minecraft.world.level.block.JukeboxBlock (minecraft@1.20.1)
1761:             1             80  net.minecraft.world.level.block.LadderBlock (minecraft@1.20.1)
1762:             1             80  net.minecraft.world.level.block.LavaCauldronBlock (minecraft@1.20.1)
1763:             1             80  net.minecraft.world.level.block.LecternBlock (minecraft@1.20.1)
1764:             1             80  net.minecraft.world.level.block.LeverBlock (minecraft@1.20.1)
1765:             1             80  net.minecraft.world.level.block.LightBlock (minecraft@1.20.1)
1766:             1             80  net.minecraft.world.level.block.LightningRodBlock (minecraft@1.20.1)
1767:             1             80  net.minecraft.world.level.block.LoomBlock (minecraft@1.20.1)
1768:             1             80  net.minecraft.world.level.block.MagmaBlock (minecraft@1.20.1)
1769:             1             80  net.minecraft.world.level.block.MangroveLeavesBlock (minecraft@1.20.1)
1770:             1             80  net.minecraft.world.level.block.MangrovePropaguleBlock (minecraft@1.20.1)
1771:             1             80  net.minecraft.world.level.block.MangroveRootsBlock (minecraft@1.20.1)
1772:             1             80  net.minecraft.world.level.block.MelonBlock (minecraft@1.20.1)
1773:             1             80  net.minecraft.world.level.block.MossBlock (minecraft@1.20.1)
1774:             1             80  net.minecraft.world.level.block.MudBlock (minecraft@1.20.1)
1775:             1             80  net.minecraft.world.level.block.MyceliumBlock (minecraft@1.20.1)
1776:             1             80  net.minecraft.world.level.block.NetherPortalBlock (minecraft@1.20.1)
1777:             1             80  net.minecraft.world.level.block.NetherSproutsBlock (minecraft@1.20.1)
1778:             1             80  net.minecraft.world.level.block.NetherWartBlock (minecraft@1.20.1)
1779:             1             80  net.minecraft.world.level.block.NetherrackBlock (minecraft@1.20.1)
1780:             1             80  net.minecraft.world.level.block.NoteBlock (minecraft@1.20.1)
1781:             1             80  net.minecraft.world.level.block.ObserverBlock (minecraft@1.20.1)
1782:             1             80  net.minecraft.world.level.block.PiglinWallSkullBlock (minecraft@1.20.1)
1783:             1             80  net.minecraft.world.level.block.PinkPetalsBlock (minecraft@1.20.1)
1784:             1             80  net.minecraft.world.level.block.PitcherCropBlock (minecraft@1.20.1)
1785:             1             80  net.minecraft.world.level.block.PlayerHeadBlock (minecraft@1.20.1)
1786:             1             80  net.minecraft.world.level.block.PlayerWallHeadBlock (minecraft@1.20.1)
1787:             1             80  net.minecraft.world.level.block.PointedDripstoneBlock (minecraft@1.20.1)
1788:             1             80  net.minecraft.world.level.block.PotatoBlock (minecraft@1.20.1)
1789:             1             80  net.minecraft.world.level.block.PowderSnowBlock (minecraft@1.20.1)
1790:             1             80  net.minecraft.world.level.block.PoweredBlock (minecraft@1.20.1)
1791:             1             80  net.minecraft.world.level.block.PumpkinBlock (minecraft@1.20.1)
1792:             1             80  net.minecraft.world.level.block.RailBlock (minecraft@1.20.1)
1793:             1             80  net.minecraft.world.level.block.RedStoneWireBlock (minecraft@1.20.1)
1794:             1             80  net.minecraft.world.level.block.RedstoneLampBlock (minecraft@1.20.1)
1795:             1             80  net.minecraft.world.level.block.RedstoneTorchBlock (minecraft@1.20.1)
1796:             1             80  net.minecraft.world.level.block.RedstoneWallTorchBlock (minecraft@1.20.1)
1797:             1             80  net.minecraft.world.level.block.RepeaterBlock (minecraft@1.20.1)
1798:             1             80  net.minecraft.world.level.block.RespawnAnchorBlock (minecraft@1.20.1)
1799:             1             80  net.minecraft.world.level.block.RootedDirtBlock (minecraft@1.20.1)
1800:             1             80  net.minecraft.world.level.block.ScaffoldingBlock (minecraft@1.20.1)
1801:             1             80  net.minecraft.world.level.block.SculkBlock (minecraft@1.20.1)
1802:             1             80  net.minecraft.world.level.block.SculkCatalystBlock (minecraft@1.20.1)
1803:             1             80  net.minecraft.world.level.block.SculkSensorBlock (minecraft@1.20.1)
1804:             1             80  net.minecraft.world.level.block.SculkShriekerBlock (minecraft@1.20.1)
1805:             1             80  net.minecraft.world.level.block.SeaPickleBlock (minecraft@1.20.1)
1806:             1             80  net.minecraft.world.level.block.SeagrassBlock (minecraft@1.20.1)
1807:             1             80  net.minecraft.world.level.block.SlimeBlock (minecraft@1.20.1)
1808:             1             80  net.minecraft.world.level.block.SmallDripleafBlock (minecraft@1.20.1)
1809:             1             80  net.minecraft.world.level.block.SmithingTableBlock (minecraft@1.20.1)
1810:             1             80  net.minecraft.world.level.block.SmokerBlock (minecraft@1.20.1)
1811:             1             80  net.minecraft.world.level.block.SnifferEggBlock (minecraft@1.20.1)
1812:             1             80  net.minecraft.world.level.block.SnowLayerBlock (minecraft@1.20.1)
1813:             1             80  net.minecraft.world.level.block.SnowyDirtBlock (minecraft@1.20.1)
1814:             1             80  net.minecraft.world.level.block.SoulFireBlock (minecraft@1.20.1)
1815:             1             80  net.minecraft.world.level.block.SoulSandBlock (minecraft@1.20.1)
1816:             1             80  net.minecraft.world.level.block.SpawnerBlock (minecraft@1.20.1)
1817:             1             80  net.minecraft.world.level.block.SpongeBlock (minecraft@1.20.1)
1818:             1             80  net.minecraft.world.level.block.SporeBlossomBlock (minecraft@1.20.1)
1819:             1             80  net.minecraft.world.level.block.StonecutterBlock (minecraft@1.20.1)
1820:             1             80  net.minecraft.world.level.block.StructureBlock (minecraft@1.20.1)
1821:             1             80  net.minecraft.world.level.block.StructureVoidBlock (minecraft@1.20.1)
1822:             1             80  net.minecraft.world.level.block.SugarCaneBlock (minecraft@1.20.1)
1823:             1             80  net.minecraft.world.level.block.SweetBerryBushBlock (minecraft@1.20.1)
1824:             1             80  net.minecraft.world.level.block.TallSeagrassBlock (minecraft@1.20.1)
1825:             1             80  net.minecraft.world.level.block.TargetBlock (minecraft@1.20.1)
1826:             1             80  net.minecraft.world.level.block.TintedGlassBlock (minecraft@1.20.1)
1827:             1             80  net.minecraft.world.level.block.TntBlock (minecraft@1.20.1)
1828:             1             80  net.minecraft.world.level.block.TorchflowerCropBlock (minecraft@1.20.1)
1829:             1             80  net.minecraft.world.level.block.TrappedChestBlock (minecraft@1.20.1)
1830:             1             80  net.minecraft.world.level.block.TripWireBlock (minecraft@1.20.1)
1831:             1             80  net.minecraft.world.level.block.TripWireHookBlock (minecraft@1.20.1)
1832:             1             80  net.minecraft.world.level.block.TurtleEggBlock (minecraft@1.20.1)
1833:             1             80  net.minecraft.world.level.block.VineBlock (minecraft@1.20.1)
1834:             1             80  net.minecraft.world.level.block.WaterlilyBlock (minecraft@1.20.1)
1835:             1             80  net.minecraft.world.level.block.WebBlock (minecraft@1.20.1)
1836:             1             80  net.minecraft.world.level.block.WetSpongeBlock (minecraft@1.20.1)
1837:             1             80  net.minecraft.world.level.block.WitherSkullBlock (minecraft@1.20.1)
1838:             1             80  net.minecraft.world.level.block.WitherWallSkullBlock (minecraft@1.20.1)
1839:             1             80  net.minecraft.world.level.block.piston.MovingPistonBlock (minecraft@1.20.1)
1840:             1             80  net.minecraft.world.level.block.piston.PistonHeadBlock (minecraft@1.20.1)
1841:             1             80  net.minecraftforge.eventbus.ClassLoaderFactory$ASMClassLoader (net.minecraftforge.eventbus)
1842:             1             80  net.minecraftforge.fml.loading.FMLServiceProvider (fmlloader@1.20.1-47.4.13)
1843:             5             80  org.apache.commons.lang3.text.StrMatcher$CharMatcher (org.apache.commons.lang3@3.12.0)
1844:             2             80  org.apache.logging.log4j.core.appender.rolling.DefaultRolloverStrategy (org.apache.logging.log4j.core@2.19.0)
1845:             5             80  org.apache.logging.log4j.core.config.AppenderControlArraySet (org.apache.logging.log4j.core@2.19.0)
1846:             5             80  org.apache.logging.log4j.core.lookup.StrMatcher$CharMatcher (org.apache.logging.log4j.core@2.19.0)
1847:             2             80  org.apache.logging.log4j.core.util.WatchManager (org.apache.logging.log4j.core@2.19.0)
1848:             2             80  org.lwjgl.system.MemoryStack (org.lwjgl@3.3.1+7)
1849:             1             80  org.openjdk.nashorn.internal.scripts.JO8P0 (org.openjdk.nashorn.structures)
1850:             1             80  org.openjdk.nashorn.internal.scripts.JO9P0 (org.openjdk.nashorn.structures)
1851:             2             80  org.spongepowered.asm.mixin.injection.selectors.TargetSelector$DynamicSelectorEntry (org.spongepowered.mixin)
1852:             2             80  org.spongepowered.asm.mixin.transformer.MixinConfig$InjectorOptions (org.spongepowered.mixin)
1853:             2             80  sun.management.MemoryManagerImpl (java.management@17.0.15)
1854:             2             80  sun.security.util.MemoryCache (java.base@17.0.15)
1855:             1             80  sun.util.cldr.CLDRLocaleProviderAdapter (java.base@17.0.15)
1856:             1             80  sun.util.locale.provider.JRELocaleProviderAdapter (java.base@17.0.15)
1857:             1             72  [Lcom.llamalad7.mixinextras.service.MixinExtrasVersion; (MixinExtras@0.5.3)
1858:             1             72  [Ljavax.management.openmbean.SimpleType; (java.management@17.0.15)
1859:             1             72  [Lnet.minecraftforge.fml.loading.FMLConfig$ConfigValue; (fmlloader@1.20.1-47.4.13)
1860:             2             72  [Lorg.apache.logging.log4j.core.pattern.ArrayPatternConverter; (org.apache.logging.log4j.core@2.19.0)
1861:             1             72  [Lorg.spongepowered.asm.mixin.MixinEnvironment$CompatibilityLevel; (org.spongepowered.mixin)
1862:             1             72  [Loshi.PlatformEnum; (com.github.oshi@6.2.2)
1863:             3             72  com.electronwill.nightconfig.core.SimpleConfig (com.electronwill.nightconfig.core@3.6.4)
1864:             3             72  com.google.gson.internal.bind.ArrayTypeAdapter
1865:             3             72  com.llamalad7.mixinextras.service.Versioned (MixinExtras@0.5.3)
1866:             3             72  com.mojang.serialization.codecs.RecordCodecBuilder$Instance$$Lambda$1520/0x000000080072bd40 (datafixerupper@6.0.8)
1867:             3             72  com.mojang.serialization.codecs.RecordCodecBuilder$Instance$$Lambda$1521/0x0000000800735000 (datafixerupper@6.0.8)
1868:             3             72  cpw.mods.modlauncher.api.INameMappingService$Domain (cpw.mods.modlauncher@10.0.9)
1869:             3             72  cpw.mods.modlauncher.api.ITransformerActivity$Type (cpw.mods.modlauncher@10.0.9)
1870:             3             72  java.lang.ProcessImpl$LaunchMechanism (java.base@17.0.15)
1871:             3             72  java.lang.StackStreamFactory$WalkerState (java.base@17.0.15)
1872:             3             72  java.lang.StackWalker$Option (java.base@17.0.15)
1873:             3             72  java.lang.WeakPairMap (java.base@17.0.15)
1874:             3             72  java.lang.annotation.RetentionPolicy (java.base@17.0.15)
1875:             3             72  java.lang.invoke.MethodHandleImpl$ArrayAccess (java.base@17.0.15)
1876:             3             72  java.lang.invoke.VarHandle$VarHandleDesc$Kind (java.base@17.0.15)
1877:             3             72  java.net.Proxy$Type (java.base@17.0.15)
1878:             3             72  java.nio.file.AccessMode (java.base@17.0.15)
1879:             3             72  java.nio.file.FileTreeWalker$EventType (java.base@17.0.15)
1880:             3             72  java.nio.file.StandardCopyOption (java.base@17.0.15)
1881:             3             72  java.security.SecurityPermission (java.base@17.0.15)
1882:             3             72  java.time.format.ResolverStyle (java.base@17.0.15)
1883:             3             72  java.time.zone.ZoneOffsetTransitionRule$TimeDefinition (java.base@17.0.15)
1884:             3             72  java.util.Collections$3 (java.base@17.0.15)
1885:             3             72  java.util.concurrent.ConcurrentLinkedDeque$Node (java.base@17.0.15)
1886:             1             72  java.util.concurrent.ScheduledThreadPoolExecutor (java.base@17.0.15)
1887:             3             72  java.util.logging.Logger$LoggerBundle (java.logging@17.0.15)
1888:             3             72  java.util.regex.Pattern$CharPredicate$$Lambda$1170/0x00000008002f8438 (java.base@17.0.15)
1889:             3             72  java.util.regex.Pattern$Prolog (java.base@17.0.15)
1890:             3             72  java.util.stream.Collector$Characteristics (java.base@17.0.15)
1891:             3             72  java.util.stream.MatchOps$MatchKind (java.base@17.0.15)
1892:             3             72  jdk.dynalink.BiClassValue$RetentionDirection (jdk.dynalink@17.0.15)
1893:             3             72  jdk.dynalink.StandardNamespace (jdk.dynalink@17.0.15)
1894:             3             72  jdk.internal.icu.util.CodePointTrie$ValueWidth (java.base@17.0.15)
1895:             3             72  jdk.internal.math.FloatingDecimal$ExceptionalBinaryToASCIIBuffer (java.base@17.0.15)
1896:             3             72  jdk.internal.misc.Signal (java.base@17.0.15)
1897:             3             72  net.fabricmc.loader.api.metadata.ModOrigin$Kind (net.fabricmc.loader@2.6.0+0.15.0+1.20.1-full)
1898:             3             72  net.minecraft.client.User$Type (minecraft@1.20.1)
1899:             3             72  net.minecraft.client.telemetry.TelemetryProperty$ServerType (minecraft@1.20.1)
1900:             3             72  net.minecraft.util.ByIdMap$OutOfBoundsStrategy (minecraft@1.20.1)
1901:             3             72  net.minecraft.world.effect.MobEffectCategory (minecraft@1.20.1)
1902:             3             72  net.minecraft.world.entity.ai.attributes.AttributeModifier$Operation (minecraft@1.20.1)
1903:             3             72  net.minecraft.world.flag.FeatureFlagSet (minecraft@1.20.1)
1904:             3             72  net.minecraft.world.level.block.state.BlockBehaviour$OffsetType (minecraft@1.20.1)
1905:             3             72  net.minecraft.world.level.block.state.properties.AttachFace (minecraft@1.20.1)
1906:             3             72  net.minecraft.world.level.block.state.properties.BambooLeaves (minecraft@1.20.1)
1907:             3             72  net.minecraft.world.level.block.state.properties.ChestType (minecraft@1.20.1)
1908:             3             72  net.minecraft.world.level.block.state.properties.NoteBlockInstrument$Type (minecraft@1.20.1)
1909:             3             72  net.minecraft.world.level.block.state.properties.RedstoneSide (minecraft@1.20.1)
1910:             3             72  net.minecraft.world.level.block.state.properties.SculkSensorPhase (minecraft@1.20.1)
1911:             3             72  net.minecraft.world.level.block.state.properties.SlabType (minecraft@1.20.1)
1912:             3             72  net.minecraft.world.level.block.state.properties.WallSide (minecraft@1.20.1)
1913:             3             72  net.minecraft.world.level.pathfinder.PathComputationType (minecraft@1.20.1)
1914:             3             72  net.minecraft.world.phys.shapes.OffsetDoubleList (minecraft@1.20.1)
1915:             3             72  net.minecraftforge.accesstransformer.TargetType (accesstransformers@8.0.4)
1916:             3             72  net.minecraftforge.fml.earlydisplay.ElementShader$RenderType (fmlearlydisplay@1.20.1-47.4.13)
1917:             3             72  net.minecraftforge.forgespi.language.IModInfo$DependencySide (net.minecraftforge.forgespi@7.0.1)
1918:             3             72  net.minecraftforge.forgespi.language.IModInfo$Ordering (net.minecraftforge.forgespi@7.0.1)
1919:             3             72  net.minecraftforge.installer.actions.ProgressCallback$MessagePriority
1920:             3             72  org.antlr.v4.runtime.CodePointBuffer$Type (org.antlr.antlr4.runtime@4.9.1)
1921:             3             72  org.antlr.v4.runtime.atn.PredictionMode (org.antlr.antlr4.runtime@4.9.1)
1922:             3             72  org.apache.logging.log4j.core.Filter$Result (org.apache.logging.log4j.core@2.19.0)
1923:             3             72  org.apache.logging.log4j.core.util.datetime.FastDateFormat (org.apache.logging.log4j.core@2.19.0)
1924:             3             72  org.apache.logging.log4j.core.util.datetime.FastDatePrinter$PaddedNumberField (org.apache.logging.log4j.core@2.19.0)
1925:             3             72  org.apache.logging.log4j.core.util.datetime.FormatCache$MultipartKey (org.apache.logging.log4j.core@2.19.0)
1926:             3             72  org.lwjgl.Version$BuildType (org.lwjgl@3.3.1+7)
1927:             3             72  org.lwjgl.system.libffi.FFICIF (org.lwjgl@3.3.1+7)
1928:             3             72  org.lwjgl.system.libffi.FFIClosure (org.lwjgl@3.3.1+7)
1929:             3             72  org.lwjgl.system.linux.LinuxLibrary (org.lwjgl@3.3.1+7)
1930:             3             72  org.openjdk.nashorn.internal.runtime.Context$FieldMode (org.openjdk.nashorn)
1931:             3             72  org.openjdk.nashorn.internal.runtime.ScriptEnvironment$AnonymousClasses (org.openjdk.nashorn)
1932:             3             72  org.openjdk.nashorn.internal.runtime.ScriptEnvironment$FunctionStatementBehavior (org.openjdk.nashorn)
1933:             1             72  org.openjdk.nashorn.internal.scripts.JO8 (org.openjdk.nashorn.structures)
1934:             3             72  org.prismlauncher.EntryPoint$PreLaunchAction
1935:             3             72  org.spongepowered.asm.launch.platform.IMixinPlatformAgent$AcceptResult (org.spongepowered.mixin)
1936:             1             72  org.spongepowered.asm.mixin.transformer.MixinProcessor (org.spongepowered.mixin)
1937:             3             72  org.spongepowered.asm.mixin.transformer.PluginHandle$CompatibilityMode (org.spongepowered.mixin)
1938:             3             72  sun.management.ManagementFactoryHelper$1 (java.management@17.0.15)
1939:             3             72  sun.nio.fs.NativeBuffer$Deallocator (java.base@17.0.15)
1940:             3             72  sun.security.provider.NativePRNG$Variant (java.base@17.0.15)
1941:             3             72  sun.security.x509.Extension (java.base@17.0.15)
1942:             2             64  [Lcpw.mods.modlauncher.TransformTargetLabel$LabelType; (cpw.mods.modlauncher@10.0.9)
1943:             2             64  [Lcpw.mods.modlauncher.api.ITransformer$TargetType; (cpw.mods.modlauncher@10.0.9)
1944:             2             64  [Ljava.lang.ProcessImpl$LaunchMechanism; (java.base@17.0.15)
1945:             2             64  [Ljava.lang.StackWalker$Option; (java.base@17.0.15)
1946:             2             64  [Ljava.lang.annotation.RetentionPolicy; (java.base@17.0.15)
1947:             1             64  [Ljava.lang.invoke.MethodHandleImpl$Intrinsic; (java.base@17.0.15)
1948:             2             64  [Ljava.lang.module.ModuleDescriptor$Requires$Modifier; (java.base@17.0.15)
1949:             2             64  [Ljava.nio.charset.CoderResult; (java.base@17.0.15)
1950:             2             64  [Ljava.util.stream.Collector$Characteristics; (java.base@17.0.15)
1951:             2             64  [Lnet.minecraft.client.telemetry.TelemetryProperty$ServerType; (minecraft@1.20.1)
1952:             1             64  [Lnet.minecraft.util.datafix.DataFixTypes; (minecraft@1.20.1)
1953:             2             64  [Lnet.minecraft.world.entity.ai.attributes.AttributeModifier$Operation; (minecraft@1.20.1)
1954:             2             64  [Lnet.minecraft.world.level.block.state.properties.AttachFace; (minecraft@1.20.1)
1955:             2             64  [Lnet.minecraft.world.level.block.state.properties.BambooLeaves; (minecraft@1.20.1)
1956:             2             64  [Lnet.minecraft.world.level.block.state.properties.BellAttachType; (minecraft@1.20.1)
1957:             2             64  [Lnet.minecraft.world.level.block.state.properties.ChestType; (minecraft@1.20.1)
1958:             2             64  [Lnet.minecraft.world.level.block.state.properties.RedstoneSide; (minecraft@1.20.1)
1959:             2             64  [Lnet.minecraft.world.level.block.state.properties.SculkSensorPhase; (minecraft@1.20.1)
1960:             2             64  [Lnet.minecraft.world.level.block.state.properties.SlabType; (minecraft@1.20.1)
1961:             2             64  [Lnet.minecraft.world.level.block.state.properties.StructureMode; (minecraft@1.20.1)
1962:             2             64  [Lnet.minecraft.world.level.block.state.properties.Tilt; (minecraft@1.20.1)
1963:             2             64  [Lnet.minecraft.world.level.block.state.properties.WallSide; (minecraft@1.20.1)
1964:             2             64  [Lnet.minecraftforge.fml.loading.progress.Message$MessageType; (fmlloader@1.20.1-47.4.13)
1965:             2             64  [Lnet.minecraftforge.forgespi.language.IModInfo$DependencySide; (net.minecraftforge.forgespi@7.0.1)
1966:             2             64  [Lnet.minecraftforge.forgespi.language.IModInfo$Ordering; (net.minecraftforge.forgespi@7.0.1)
1967:             2             64  [Lnet.minecraftforge.forgespi.locating.IModFile$Type; (net.minecraftforge.forgespi@7.0.1)
1968:             2             64  [Lorg.apache.logging.log4j.core.Filter$Result; (org.apache.logging.log4j.core@2.19.0)
1969:             3             64  [Lorg.apache.logging.log4j.core.pattern.NameAbbreviator$PatternAbbreviatorFragment; (org.apache.logging.log4j.core@2.19.0)
1970:             2             64  [Lsun.nio.fs.NativeBuffer; (java.base@17.0.15)
1971:             1             64  com.google.common.cache.CacheStats (com.google.common@31.1-jre)
1972:             4             64  com.google.common.cache.LocalCache$AccessQueue (com.google.common@31.1-jre)
1973:             2             64  com.google.common.collect.ImmutableEnumMap (com.google.common@31.1-jre)
1974:             4             64  com.google.gson.Gson$1 (com.google.gson@2.10)
1975:             4             64  com.google.gson.Gson$2 (com.google.gson@2.10)
1976:             4             64  com.google.gson.Gson$4 (com.google.gson@2.10)
1977:             4             64  com.google.gson.Gson$5 (com.google.gson@2.10)
1978:             4             64  com.google.gson.internal.ConstructorConstructor$18
1979:             4             64  com.google.gson.internal.bind.CollectionTypeAdapterFactory (com.google.gson@2.10)
1980:             4             64  com.google.gson.internal.bind.JsonAdapterAnnotationTypeAdapterFactory (com.google.gson@2.10)
1981:             1             64  com.llamalad7.mixinextras.service.MixinExtrasServiceImpl (MixinExtras@0.5.3)
1982:             2             64  com.llamalad7.mixinextras.utils.InternalMethod$$Lambda$989/0x0000000800536af8 (MixinExtras@0.5.3)
1983:             2             64  com.mojang.serialization.codecs.RecordCodecBuilder$Instance$$Lambda$1195/0x0000000800597c58 (datafixerupper@6.0.8)
1984:             2             64  com.sun.org.apache.xerces.internal.utils.XMLSecurityPropertyManager$Property (java.xml@17.0.15)
1985:             2             64  io.github.zekerzhayard.forgewrapper.installer.util.ModuleUtil$TypeToAdd
1986:             1             64  it.unimi.dsi.fastutil.ints.Int2ObjectAVLTreeMap (it.unimi.dsi.fastutil@8.5.9)
1987:             1             64  it.unimi.dsi.fastutil.objects.Object2FloatOpenHashMap (it.unimi.dsi.fastutil@8.5.9)
1988:             2             64  java.io.BufferedOutputStream (java.base@17.0.15)
1989:             2             64  java.io.FileOutputStream (java.base@17.0.15)
1990:             2             64  java.lang.ref.ReferenceQueue$Null (java.base@17.0.15)
1991:             2             64  java.nio.file.attribute.FileTime (java.base@17.0.15)
1992:             1             64  java.text.DateFormatSymbols (java.base@17.0.15)
1993:             2             64  java.time.format.DateTimeFormatterBuilder$TextPrinterParser (java.base@17.0.15)
1994:             2             64  java.time.temporal.IsoFields$Unit (java.base@17.0.15)
1995:             2             64  java.util.HexFormat (java.base@17.0.15)
1996:             2             64  java.util.concurrent.SynchronousQueue (java.base@17.0.15)
1997:             1             64  java.util.logging.LogManager$RootLogger (java.logging@17.0.15)
1998:             4             64  jdk.dynalink.TypeConverterFactory$$Lambda$835/0x0000000800405ce0 (jdk.dynalink@17.0.15)
1999:             4             64  jdk.dynalink.TypeConverterFactory$$Lambda$836/0x0000000800408250 (jdk.dynalink@17.0.15)
2000:             4             64  jdk.dynalink.TypeConverterFactory$$Lambda$837/0x0000000800408488 (jdk.dynalink@17.0.15)
2001:             4             64  jdk.dynalink.linker.support.CompositeGuardingDynamicLinker (jdk.dynalink@17.0.15)
2002:             4             64  jdk.dynalink.linker.support.CompositeTypeBasedGuardingDynamicLinker (jdk.dynalink@17.0.15)
2003:             4             64  jdk.proxy2.$Proxy10 (jdk.proxy2)
2004:             4             64  jdk.proxy2.$Proxy4 (jdk.proxy2)
2005:             2             64  joptsimple.OptionSet (jopt.simple@5.0.4)
2006:             2             64  joptsimple.internal.Rows (jopt.simple@5.0.4)
2007:             2             64  net.fabricmc.loader.impl.ModContainerImpl (net.fabricmc.loader@2.6.0+0.15.0+1.20.1-full)
2008:             2             64  net.fabricmc.loader.impl.metadata.ModOriginImpl (net.fabricmc.loader@2.6.0+0.15.0+1.20.1-full)
2009:             2             64  net.fabricmc.loader.impl.util.version.SemanticVersionImpl (net.fabricmc.loader@2.6.0+0.15.0+1.20.1-full)
2010:             2             64  net.minecraft.core.Direction$AxisDirection (minecraft@1.20.1)
2011:             2             64  net.minecraft.core.Direction$Plane (minecraft@1.20.1)
2012:             2             64  net.minecraft.util.datafix.fixes.ItemStackSpawnEggFix (minecraft@1.20.1)
2013:             2             64  net.minecraft.util.datafix.fixes.StatsRenameFix (minecraft@1.20.1)
2014:             4             64  net.minecraft.util.datafix.schemas.V1451_6$$Lambda$1990/0x0000000800853020 (minecraft@1.20.1)
2015:             4             64  net.minecraft.util.datafix.schemas.V1451_6$$Lambda$1997/0x000000080085c000 (minecraft@1.20.1)
2016:             4             64  net.minecraft.util.datafix.schemas.V2832$$Lambda$2144/0x000000080087ee40 (minecraft@1.20.1)
2017:             4             64  net.minecraft.util.datafix.schemas.V3326$$Lambda$2186/0x0000000800883100 (minecraft@1.20.1)
2018:             1             64  net.minecraft.world.entity.EntityType$Builder (minecraft@1.20.1)
2019:             1             64  net.minecraft.world.item.FoodOnAStickItem (minecraft@1.20.1)
2020:             1             64  net.minecraft.world.item.Items$1 (minecraft@1.20.1)
2021:             4             64  net.minecraft.world.item.Rarity$$Lambda$1789/0x00000008007efb80 (minecraft@1.20.1)
2022:             4             64  net.minecraft.world.level.block.Blocks$$Lambda$1747/0x00000008007ad2f8 (minecraft@1.20.1)
2023:             2             64  net.minecraft.world.level.levelgen.MarsagliaPolarGaussian (minecraft@1.20.1)
2024:             1             64  net.minecraft.world.phys.AABB (minecraft@1.20.1)
2025:             2             64  net.minecraftforge.fml.earlydisplay.ColourScheme (fmlearlydisplay@1.20.1-47.4.13)
2026:             2             64  net.minecraftforge.fml.loading.progress.Message (fmlloader@1.20.1-47.4.13)
2027:             2             64  net.minecraftforge.forgespi.language.ModFileScanData (net.minecraftforge.forgespi@7.0.1)
2028:             2             64  org.apache.logging.log4j.core.config.ConfigurationScheduler (org.apache.logging.log4j.core@2.19.0)
2029:             4             64  org.apache.logging.log4j.core.lookup.StrMatcher$StringMatcher (org.apache.logging.log4j.core@2.19.0)
2030:             2             64  org.apache.logging.log4j.util.PropertiesUtil$Environment (org.apache.logging.log4j@2.19.0)
2031:             2             64  org.apache.logging.log4j.util.SortedArrayStringMap (org.apache.logging.log4j@2.19.0)
2032:             4             64  org.openjdk.nashorn.api.scripting.NashornScriptEngineFactory (org.openjdk.nashorn)
2033:             2             64  org.spongepowered.asm.mixin.transformer.PluginHandle (org.spongepowered.mixin)
2034:             1             64  org.spongepowered.asm.service.modlauncher.MixinServiceModLauncher (org.spongepowered.mixin)
2035:             2             64  org.spongepowered.asm.util.perf.Profiler (org.spongepowered.mixin)
2036:             2             64  org.spongepowered.asm.util.perf.Profiler$DisabledSection (org.spongepowered.mixin)
2037:             2             64  sun.security.provider.FileInputStreamPool$StreamRef (java.base@17.0.15)
2038:             2             64  sun.security.rsa.RSAUtil$KeyType (java.base@17.0.15)
2039:             2             64  sun.security.util.DisabledAlgorithmConstraints$KeySizeConstraint (java.base@17.0.15)
2040:             2             64  sun.security.x509.NetscapeCertTypeExtension (java.base@17.0.15)
2041:             2             64  sun.security.x509.SubjectAlternativeNameExtension (java.base@17.0.15)
2042:             2             64  sun.util.locale.UnicodeLocaleExtension (java.base@17.0.15)
2043:             2             64  sun.util.locale.provider.LocaleResources (java.base@17.0.15)
2044:             1             56  [Lcom.google.gson.stream.JsonToken; (com.google.gson@2.10)
2045:             1             56  [Lcom.google.gson.stream.JsonToken;
2046:             1             56  [Lcom.sun.org.apache.xerces.internal.impl.XMLScanner$NameType; (java.xml@17.0.15)
2047:             1             56  [Lcom.sun.org.apache.xerces.internal.utils.XMLSecurityManager$Limit; (java.xml@17.0.15)
2048:             1             56  [Ljava.lang.Runnable; (java.base@17.0.15)
2049:             1             56  [Ljava.nio.file.StandardOpenOption; (java.base@17.0.15)
2050:             1             56  [Ljava.util.Map; (java.base@17.0.15)
2051:             1             56  [Ljdk.dynalink.Operation; (jdk.dynalink@17.0.15)
2052:             2             56  [Lorg.apache.logging.log4j.Level; (org.apache.logging.log4j@2.19.0)
2053:             1             56  [Lorg.openjdk.nashorn.internal.parser.TokenKind; (org.openjdk.nashorn)
2054:             1             56  cpw.mods.modlauncher.Launcher (cpw.mods.modlauncher@10.0.9)
2055:             1             56  java.lang.invoke.BoundMethodHandle$Specializer (java.base@17.0.15)
2056:             1             56  java.net.SocketPermission (java.base@17.0.15)
2057:             1             56  java.util.logging.LogManager (java.logging@17.0.15)
2058:             1             56  jdk.internal.org.objectweb.asm.Label (java.base@17.0.15)
2059:             1             56  net.minecraft.network.chat.Style (minecraft@1.20.1)
2060:             1             56  net.minecraft.world.item.AirItem (minecraft@1.20.1)
2061:             1             56  net.minecraft.world.item.ItemNameBlockItem (minecraft@1.20.1)
2062:             1             56  net.minecraft.world.item.PlaceOnWaterBlockItem (minecraft@1.20.1)
2063:             1             56  net.minecraft.world.item.SaddleItem (minecraft@1.20.1)
2064:             1             56  net.minecraft.world.item.ScaffoldingBlockItem (minecraft@1.20.1)
2065:             1             56  org.apache.logging.log4j.core.LoggerContext (org.apache.logging.log4j.core@2.19.0)
2066:             1             56  org.apache.logging.log4j.status.StatusLogger (org.apache.logging.log4j@2.19.0)
2067:             1             56  org.openjdk.nashorn.internal.ir.LiteralNode$ArrayLiteralNode (org.openjdk.nashorn)
2068:             1             56  org.openjdk.nashorn.internal.scripts.JO2P0 (org.openjdk.nashorn.structures)
2069:             1             56  sun.security.provider.MD5 (java.base@17.0.15)
2070:             1             56  sun.security.provider.SHA (java.base@17.0.15)
2071:             1             48  [Lcom.google.gson.FieldNamingPolicy; (com.google.gson@2.10)
2072:             1             48  [Lcom.google.gson.FieldNamingPolicy;
2073:             1             48  [Lcom.llamalad7.mixinextras.lib.semver.VersionParser$CharType; (MixinExtras@0.5.3)
2074:             2             48  [Lcpw.mods.modlauncher.serviceapi.ILaunchPluginService$Phase; (cpw.mods.modlauncher@10.0.9)
2075:             3             48  [Ljava.lang.StackTraceElement; (java.base@17.0.15)
2076:             3             48  [Ljava.lang.annotation.Annotation; (java.base@17.0.15)
2077:             1             48  [Ljava.lang.management.MemoryPoolMXBean; (java.management@17.0.15)
2078:             1             48  [Ljava.math.RoundingMode; (java.base@17.0.15)
2079:             1             48  [Ljava.util.concurrent.TimeUnit; (java.base@17.0.15)
2080:             1             48  [Ljdk.xml.internal.JdkProperty$State; (java.xml@17.0.15)
2081:             1             48  [Lnet.minecraft.world.entity.MobCategory; (minecraft@1.20.1)
2082:             1             48  [Lnet.minecraft.world.entity.vehicle.AbstractMinecart$Type; (minecraft@1.20.1)
2083:             1             48  [Lnet.minecraft.world.level.block.SkullBlock$Types; (minecraft@1.20.1)
2084:             2             48  [Lnet.minecraft.world.level.block.state.properties.BedPart; (minecraft@1.20.1)
2085:             2             48  [Lnet.minecraft.world.level.block.state.properties.ComparatorMode; (minecraft@1.20.1)
2086:             2             48  [Lnet.minecraft.world.level.block.state.properties.DoorHingeSide; (minecraft@1.20.1)
2087:             2             48  [Lnet.minecraft.world.level.block.state.properties.DoubleBlockHalf; (minecraft@1.20.1)
2088:             2             48  [Lnet.minecraft.world.level.block.state.properties.Half; (minecraft@1.20.1)
2089:             2             48  [Lnet.minecraft.world.level.block.state.properties.PistonType; (minecraft@1.20.1)
2090:             1             48  [Lorg.antlr.v4.runtime.atn.LexerActionType; (org.antlr.antlr4.runtime@4.9.1)
2091:             1             48  [Lorg.apache.logging.log4j.core.appender.rolling.RolloverFrequency; (org.apache.logging.log4j.core@2.19.0)
2092:             2             48  [Lorg.apache.logging.log4j.core.appender.rolling.TriggeringPolicy; (org.apache.logging.log4j.core@2.19.0)
2093:             2             48  [Lorg.apache.logging.log4j.core.config.AppenderControl; (org.apache.logging.log4j.core@2.19.0)
2094:             3             48  [Lorg.apache.logging.log4j.core.config.Property; (org.apache.logging.log4j.core@2.19.0)
2095:             1             48  [Lorg.openjdk.nashorn.internal.ir.FunctionNode$Kind; (org.openjdk.nashorn)
2096:             1             48  [Lorg.openjdk.nashorn.internal.runtime.JSType; (org.openjdk.nashorn)
2097:             1             48  [Lsun.security.x509.NetscapeCertTypeExtension$MapEntry; (java.base@17.0.15)
2098:             1             48  com.electronwill.nightconfig.core.file.WriteSyncFileConfig (com.electronwill.nightconfig.core@3.6.4)
2099:             2             48  com.electronwill.nightconfig.core.io.NewlineStyle (com.electronwill.nightconfig.core@3.6.4)
2100:             2             48  com.electronwill.nightconfig.core.io.WritingMode (com.electronwill.nightconfig.core@3.6.4)
2101:             2             48  com.google.common.base.Suppliers$NonSerializableMemoizingSupplier (com.google.common@31.1-jre)
2102:             2             48  com.google.gson.internal.$Gson$Types$ParameterizedTypeImpl (com.google.gson@2.10)
2103:             2             48  com.google.gson.internal.bind.CollectionTypeAdapterFactory$Adapter
2104:             1             48  com.google.gson.internal.bind.TreeTypeAdapter
2105:             2             48  com.google.gson.internal.bind.TypeAdapters$34
2106:             2             48  com.google.gson.internal.bind.TypeAdapters$34 (com.google.gson@2.10)
2107:             3             48  com.mojang.authlib.properties.PropertyMap (authlib@4.0.43)
2108:             1             48  com.mojang.logging.plugins.QueueLogAppender (logging@1.1.1)
2109:             3             48  com.mojang.serialization.Codec$$Lambda$1104/0x0000000800577d88 (datafixerupper@6.0.8)
2110:             3             48  com.mojang.serialization.Codec$$Lambda$1105/0x000000080057c000 (datafixerupper@6.0.8)
2111:             2             48  com.sun.jmx.mbeanserver.ClassLoaderRepositorySupport$LoaderEntry (java.management@17.0.15)
2112:             1             48  com.sun.jmx.mbeanserver.DefaultMXBeanMappingFactory$Mappings (java.management@17.0.15)
2113:             2             48  com.sun.jmx.mbeanserver.WeakIdentityHashMap (java.management@17.0.15)
2114:             1             48  com.sun.jna.NativeLibrary (com.sun.jna@5.12.1)
2115:             1             48  com.sun.jna.internal.Cleaner$CleanerRef (com.sun.jna@5.12.1)
2116:             3             48  com.sun.org.apache.xerces.internal.impl.dv.dtd.ListDatatypeValidator (java.xml@17.0.15)
2117:             1             48  cpw.mods.modlauncher.ArgumentHandler (cpw.mods.modlauncher@10.0.9)
2118:             2             48  cpw.mods.modlauncher.TransformationServiceDecorator (cpw.mods.modlauncher@10.0.9)
2119:             2             48  cpw.mods.modlauncher.api.ITransformationService$Resource (cpw.mods.modlauncher@10.0.9)
2120:             2             48  cpw.mods.modlauncher.api.TypesafeMap (cpw.mods.modlauncher@10.0.9)
2121:             2             48  cpw.mods.modlauncher.serviceapi.ILaunchPluginService$Phase (cpw.mods.modlauncher@10.0.9)
2122:             2             48  io.netty.util.internal.logging.LocationAwareSlf4JLogger (io.netty.common@4.1.82.Final)
2123:             2             48  it.unimi.dsi.fastutil.objects.ObjectArraySet (it.unimi.dsi.fastutil@8.5.9)
2124:             2             48  java.io.File$PathStatus (java.base@17.0.15)
2125:             2             48  java.io.FilePermissionCollection (java.base@17.0.15)
2126:             1             48  java.lang.NullPointerException (java.base@17.0.15)
2127:             1             48  java.lang.ProcessHandleImpl (java.base@17.0.15)
2128:             1             48  java.lang.StackTraceElement (java.base@17.0.15)
2129:             1             48  java.lang.invoke.BoundMethodHandle$Specializer$Factory (java.base@17.0.15)
2130:             2             48  java.lang.invoke.MethodHandles$Lookup$ClassOption (java.base@17.0.15)
2131:             2             48  java.lang.invoke.VarHandle$TypesAndInvokers (java.base@17.0.15)
2132:             2             48  java.lang.reflect.ReflectPermission (java.base@17.0.15)
2133:             3             48  java.nio.charset.CodingErrorAction (java.base@17.0.15)
2134:             3             48  java.text.AttributedCharacterIterator$Attribute (java.base@17.0.15)
2135:             2             48  java.time.ZoneRegion (java.base@17.0.15)
2136:             2             48  java.time.format.DateTimeFormatterBuilder$1 (java.base@17.0.15)
2137:             2             48  java.time.format.DateTimeFormatterBuilder$ZoneIdPrinterParser (java.base@17.0.15)
2138:             2             48  java.time.format.DateTimeTextProvider$LocaleStore (java.base@17.0.15)
2139:             3             48  java.util.Base64$Decoder (java.base@17.0.15)
2140:             3             48  java.util.Collections$UnmodifiableCollection (java.base@17.0.15)
2141:             2             48  java.util.OptionalLong (java.base@17.0.15)
2142:             3             48  java.util.ResourceBundle$NoFallbackControl (java.base@17.0.15)
2143:             3             48  java.util.concurrent.ConcurrentSkipListMap$KeySet (java.base@17.0.15)
2144:             3             48  java.util.concurrent.ConcurrentSkipListSet (java.base@17.0.15)
2145:             2             48  java.util.concurrent.Executors$DefaultThreadFactory (java.base@17.0.15)
2146:             3             48  java.util.concurrent.Semaphore (java.base@17.0.15)
2147:             1             48  java.util.logging.ConsoleHandler (java.logging@17.0.15)
2148:             2             48  java.util.logging.LoggingPermission (java.logging@17.0.15)
2149:             2             48  java.util.regex.Pattern$BackRef (java.base@17.0.15)
2150:             2             48  java.util.regex.Pattern$Pos (java.base@17.0.15)
2151:             2             48  javax.management.NotificationBroadcasterSupport (java.management@17.0.15)
2152:             1             48  jdk.internal.icu.util.CodePointTrie$Fast16 (java.base@17.0.15)
2153:             2             48  jdk.internal.icu.util.CodePointTrie$Type (java.base@17.0.15)
2154:             1             48  jdk.internal.jimage.ImageHeader (java.base@17.0.15)
2155:             2             48  jdk.internal.misc.Signal$NativeHandler (java.base@17.0.15)
2156:             2             48  jdk.internal.module.ModuleHashes (java.base@17.0.15)
2157:             2             48  jdk.internal.module.SystemModuleFinders$SystemModuleFinder (java.base@17.0.15)
2158:             3             48  jdk.internal.util.Preconditions$1 (java.base@17.0.15)
2159:             1             48  jdk.management.jfr.FlightRecorderMXBeanImpl (jdk.management.jfr@17.0.15)
2160:             1             48  joptsimple.OptionParser (jopt.simple@5.0.4)
2161:             3             48  joptsimple.util.PathConverter (jopt.simple@5.0.4)
2162:             2             48  net.fabricmc.loader.impl.FMLModMetadata (net.fabricmc.loader@2.6.0+0.15.0+1.20.1-full)
2163:             1             48  net.fabricmc.loader.impl.FabricLoaderImpl (net.fabricmc.loader@2.6.0+0.15.0+1.20.1-full)
2164:             2             48  net.fabricmc.loader.impl.discovery.BuiltinMetadataWrapper (net.fabricmc.loader@2.6.0+0.15.0+1.20.1-full)
2165:             2             48  net.minecraft.core.Holder$Reference$Type (minecraft@1.20.1)
2166:             3             48  net.minecraft.core.dispenser.DefaultDispenseItemBehavior (minecraft@1.20.1)
2167:             2             48  net.minecraft.util.ExtraCodecs$$Lambda$1076/0x000000080056d8b0 (minecraft@1.20.1)
2168:             2             48  net.minecraft.util.datafix.fixes.WorldGenSettingsDisallowOldCustomWorldsFix (minecraft@1.20.1)
2169:             3             48  net.minecraft.util.datafix.schemas.V3327$$Lambda$2188/0x00000008008837f8 (minecraft@1.20.1)
2170:             3             48  net.minecraft.util.datafix.schemas.V3327$$Lambda$2189/0x0000000800883a20 (minecraft@1.20.1)
2171:             3             48  net.minecraft.util.datafix.schemas.V99$$Lambda$1836/0x00000008008235e0 (minecraft@1.20.1)
2172:             3             48  net.minecraft.util.valueproviders.ConstantInt (minecraft@1.20.1)
2173:             2             48  net.minecraft.util.valueproviders.IntProvider$$Lambda$1515/0x00000008007376a0 (minecraft@1.20.1)
2174:             2             48  net.minecraft.world.flag.FeatureFlag (minecraft@1.20.1)
2175:             3             48  net.minecraft.world.level.block.MultifaceSpreader (minecraft@1.20.1)
2176:             2             48  net.minecraft.world.level.block.PressurePlateBlock$Sensitivity (minecraft@1.20.1)
2177:             2             48  net.minecraft.world.level.block.SculkVeinBlock$SculkVeinSpreaderConfig (minecraft@1.20.1)
2178:             2             48  net.minecraft.world.level.block.state.properties.BedPart (minecraft@1.20.1)
2179:             2             48  net.minecraft.world.level.block.state.properties.ComparatorMode (minecraft@1.20.1)
2180:             2             48  net.minecraft.world.level.block.state.properties.DoorHingeSide (minecraft@1.20.1)
2181:             2             48  net.minecraft.world.level.block.state.properties.DoubleBlockHalf (minecraft@1.20.1)
2182:             2             48  net.minecraft.world.level.block.state.properties.Half (minecraft@1.20.1)
2183:             2             48  net.minecraft.world.level.block.state.properties.PistonType (minecraft@1.20.1)
2184:             2             48  net.minecraft.world.level.storage.DataVersion (minecraft@1.20.1)
2185:             2             48  net.minecraftforge.api.distmarker.Dist (mergetool@1.1.5)
2186:             2             48  net.minecraftforge.eventbus.LockHelper (net.minecraftforge.eventbus)
2187:             2             48  net.minecraftforge.fml.earlydisplay.RenderElement$$Lambda$607/0x0000000800385540 (fmlearlydisplay@1.20.1-47.4.13)
2188:             2             48  net.minecraftforge.fml.earlydisplay.SimpleBufferBuilder$Mode (fmlearlydisplay@1.20.1-47.4.13)
2189:             3             48  net.minecraftforge.registries.RegistryBuilder$$Lambda$1338/0x0000000800615c10 (forge@47.4.13)
2190:             3             48  net.minecraftforge.registries.RegistryBuilder$$Lambda$1339/0x0000000800615e38 (forge@47.4.13)
2191:             2             48  net.minecrell.terminalconsole.util.LoggerNamePatternSelector (terminalconsoleappender@1.2.0)
2192:             2             48  org.antlr.v4.runtime.atn.ATNDeserializer$UnicodeDeserializingMode (org.antlr.antlr4.runtime@4.9.1)
2193:             2             48  org.antlr.v4.runtime.atn.ATNType (org.antlr.antlr4.runtime@4.9.1)
2194:             3             48  org.antlr.v4.runtime.atn.LexerPushModeAction (org.antlr.antlr4.runtime@4.9.1)
2195:             3             48  org.antlr.v4.runtime.atn.LexerTypeAction (org.antlr.antlr4.runtime@4.9.1)
2196:             2             48  org.antlr.v4.runtime.atn.NotSetTransition (org.antlr.antlr4.runtime@4.9.1)
2197:             1             48  org.antlr.v4.runtime.atn.Transition$1 (org.antlr.antlr4.runtime@4.9.1)
2198:             3             48  org.apache.commons.lang3.text.StrMatcher$StringMatcher (org.apache.commons.lang3@3.12.0)
2199:             2             48  org.apache.logging.log4j.core.appender.rolling.CompositeTriggeringPolicy (org.apache.logging.log4j.core@2.19.0)
2200:             2             48  org.apache.logging.log4j.core.appender.rolling.OnStartupTriggeringPolicy (org.apache.logging.log4j.core@2.19.0)
2201:             1             48  org.apache.logging.log4j.core.appender.rolling.TimeBasedTriggeringPolicy (org.apache.logging.log4j.core@2.19.0)
2202:             2             48  org.apache.logging.log4j.core.config.plugins.util.PluginManager (org.apache.logging.log4j.core@2.19.0)
2203:             2             48  org.apache.logging.log4j.core.config.status.StatusConfiguration$Verbosity (org.apache.logging.log4j.core@2.19.0)
2204:             1             48  org.apache.logging.log4j.core.impl.Log4jProvider (org.apache.logging.log4j.core@2.19.0)
2205:             2             48  org.apache.logging.log4j.core.layout.PatternLayout$PatternSelectorSerializer (org.apache.logging.log4j.core@2.19.0)
2206:             2             48  org.apache.logging.log4j.core.pattern.NameAbbreviator$PatternAbbreviatorFragment (org.apache.logging.log4j.core@2.19.0)
2207:             2             48  org.apache.logging.log4j.core.util.DummyNanoClock (org.apache.logging.log4j.core@2.19.0)
2208:             2             48  org.apache.logging.log4j.message.SimpleMessage (org.apache.logging.log4j@2.19.0)
2209:             1             48  org.apache.logging.log4j.simple.SimpleLogger (org.apache.logging.log4j@2.19.0)
2210:             2             48  org.apache.logging.log4j.util.PropertyFilePropertySource (org.apache.logging.log4j@2.19.0)
2211:             2             48  org.joml.Vector3f (org.joml@1.10.5)
2212:             1             48  org.openjdk.nashorn.internal.runtime.Source$Cache (org.openjdk.nashorn)
2213:             2             48  org.openjdk.nashorn.internal.runtime.linker.JavaAdapterBytecodeGenerator$MethodInfo (org.openjdk.nashorn)
2214:             2             48  org.openjdk.nashorn.internal.runtime.linker.JavaAdapterClassLoader (org.openjdk.nashorn)
2215:             1             48  org.openjdk.nashorn.internal.scripts.JO1P0 (org.openjdk.nashorn.structures)
2216:             1             48  org.prismlauncher.launcher.impl.StandardLauncher
2217:             2             48  org.spongepowered.asm.mixin.transformer.Config (org.spongepowered.mixin)
2218:             1             48  org.spongepowered.asm.mixin.transformer.MixinTransformer (org.spongepowered.mixin)
2219:             2             48  sun.reflect.generics.tree.Wildcard (java.base@17.0.15)
2220:             2             48  sun.security.jca.ProviderList (java.base@17.0.15)
2221:             2             48  sun.security.jca.ProviderList$3 (java.base@17.0.15)
2222:             3             48  sun.security.provider.NativePRNG (java.base@17.0.15)
2223:             2             48  sun.security.util.DisabledAlgorithmConstraints$DisabledConstraint (java.base@17.0.15)
2224:             2             48  sun.util.locale.LocaleExtensions (java.base@17.0.15)
2225:             2             48  sun.util.locale.provider.LocaleServiceProviderPool (java.base@17.0.15)
2226:             2             40  [Lcom.sun.jmx.mbeanserver.ClassLoaderRepositorySupport$LoaderEntry; (java.management@17.0.15)
2227:             1             40  [Lcom.sun.org.apache.xerces.internal.util.Status; (java.xml@17.0.15)
2228:             1             40  [Lcom.sun.org.apache.xerces.internal.utils.XMLSecurityPropertyManager$State; (java.xml@17.0.15)
2229:             1             40  [Ljava.lang.ProcessBuilder$Redirect$Type; (java.base@17.0.15)
2230:             1             40  [Ljava.lang.Thread$State; (java.base@17.0.15)
2231:             1             40  [Ljava.lang.invoke.VarHandle$AccessType; (java.base@17.0.15)
2232:             1             40  [Ljava.security.Permission; (java.base@17.0.15)
2233:             1             40  [Ljava.time.format.SignStyle; (java.base@17.0.15)
2234:             1             40  [Ljava.time.format.TextStyle; (java.base@17.0.15)
2235:             2             40  [Ljava.time.zone.ZoneOffsetTransitionRule; (java.base@17.0.15)
2236:             1             40  [Ljava.util.stream.StreamOpFlag; (java.base@17.0.15)
2237:             1             40  [Ljavax.tools.Diagnostic$Kind; (java.compiler@17.0.15)
2238:             1             40  [Ljdk.dynalink.StandardOperation; (jdk.dynalink@17.0.15)
2239:             1             40  [Lnet.minecraft.world.level.material.PushReaction; (minecraft@1.20.1)
2240:             1             40  [Lnet.minecraftforge.fml.loading.moddiscovery.BackgroundScanHandler$ScanStatus; (fmlloader@1.20.1-47.4.13)
2241:             1             40  [Lorg.apache.logging.log4j.core.LifeCycle$State; (org.apache.logging.log4j.core@2.19.0)
2242:             1             40  [Lorg.apache.logging.log4j.core.appender.rolling.FileExtension; (org.apache.logging.log4j.core@2.19.0)
2243:             1             40  [Lorg.apache.logging.log4j.core.pattern.PatternParser$ParserState; (org.apache.logging.log4j.core@2.19.0)
2244:             1             40  [Lorg.openjdk.nashorn.internal.codegen.Condition; (org.openjdk.nashorn)
2245:             1             40  [Lorg.openjdk.nashorn.internal.codegen.LocalVariableTypesCalculator$LvarType; (org.openjdk.nashorn)
2246:             1             40  [Lorg.spongepowered.asm.logging.Level; (org.spongepowered.mixin)
2247:             1             40  [Lorg.spongepowered.asm.mixin.transformer.ext.IExtension; (org.spongepowered.mixin)
2248:             1             40  [Lsun.security.util.DisabledAlgorithmConstraints$Constraint$Operator; (java.base@17.0.15)
2249:             1             40  [Lsun.util.locale.provider.LocaleProviderAdapter$Type; (java.base@17.0.15)
2250:             1             40  [[Ljava.lang.invoke.LambdaForm$Name; (java.base@17.0.15)
2251:             1             40  com.google.gson.internal.Excluder
2252:             1             40  com.google.gson.internal.Excluder (com.google.gson@2.10)
2253:             1             40  com.sun.jmx.interceptor.DefaultMBeanServerInterceptor (java.management@17.0.15)
2254:             1             40  com.sun.jmx.mbeanserver.JmxMBeanServer (java.management@17.0.15)
2255:             1             40  com.sun.jmx.mbeanserver.MBeanServerDelegateImpl (java.management@17.0.15)
2256:             1             40  com.sun.management.internal.DiagnosticCommandImpl (jdk.management@17.0.15)
2257:             1             40  com.sun.management.internal.OperatingSystemImpl$ProcessCpuTicks (jdk.management@17.0.15)
2258:             1             40  com.sun.management.internal.OperatingSystemImpl$SystemCpuTicks (jdk.management@17.0.15)
2259:             1             40  com.sun.org.apache.xerces.internal.impl.XMLEntityScanner$1 (java.xml@17.0.15)
2260:             1             40  com.sun.xml.internal.stream.util.BufferAllocator (java.xml@17.0.15)
2261:             1             40  it.unimi.dsi.fastutil.ints.Int2ObjectMaps$UnmodifiableMap (it.unimi.dsi.fastutil@8.5.9)
2262:             1             40  it.unimi.dsi.fastutil.ints.IntAVLTreeSet (it.unimi.dsi.fastutil@8.5.9)
2263:             1             40  it.unimi.dsi.fastutil.objects.Object2IntArrayMap (it.unimi.dsi.fastutil@8.5.9)
2264:             1             40  java.io.BufferedInputStream (java.base@17.0.15)
2265:             1             40  java.lang.ArithmeticException (java.base@17.0.15)
2266:             1             40  java.lang.ArrayIndexOutOfBoundsException (java.base@17.0.15)
2267:             1             40  java.lang.ClassCastException (java.base@17.0.15)
2268:             1             40  java.lang.NoSuchMethodError (java.base@17.0.15)
2269:             1             40  java.lang.NoSuchMethodException (java.base@17.0.15)
2270:             1             40  java.lang.VirtualMachineError (java.base@17.0.15)
2271:             1             40  java.lang.invoke.VarHandleInts$FieldStaticReadWrite (java.base@17.0.15)
2272:             1             40  java.lang.invoke.VarHandleReferences$Array (java.base@17.0.15)
2273:             1             40  java.lang.invoke.VarHandleReferences$FieldStaticReadWrite (java.base@17.0.15)
2274:             1             40  java.net.InetAddress$CachedAddresses (java.base@17.0.15)
2275:             1             40  java.text.DigitList (java.base@17.0.15)
2276:             1             40  java.time.format.DateTimeFormatterBuilder (java.base@17.0.15)
2277:             1             40  java.util.ResourceBundle$2 (java.base@17.0.15)
2278:             1             40  java.util.concurrent.LinkedBlockingDeque (java.base@17.0.15)
2279:             1             40  jdk.internal.event.SecurityProviderServiceEvent (java.base@17.0.15)
2280:             1             40  jdk.internal.logger.LazyLoggers$LazyLoggerAccessor (java.base@17.0.15)
2281:             1             40  jdk.internal.ref.CleanerImpl$CleanerCleanable (java.base@17.0.15)
2282:             1             40  net.minecraft.util.datafix.DataFixers$1 (minecraft@1.20.1)
2283:             1             40  net.minecraft.util.datafix.DataFixers$2 (minecraft@1.20.1)
2284:             1             40  net.minecraft.util.datafix.fixes.BlockEntityBannerColorFix (minecraft@1.20.1)
2285:             1             40  net.minecraft.util.datafix.fixes.BlockEntityBlockStateFix (minecraft@1.20.1)
2286:             1             40  net.minecraft.util.datafix.fixes.BlockEntityJukeboxFix (minecraft@1.20.1)
2287:             1             40  net.minecraft.util.datafix.fixes.BlockEntityKeepPacked (minecraft@1.20.1)
2288:             1             40  net.minecraft.util.datafix.fixes.BlockEntityShulkerBoxColorFix (minecraft@1.20.1)
2289:             1             40  net.minecraft.util.datafix.fixes.BlockEntitySignTextStrictJsonFix (minecraft@1.20.1)
2290:             1             40  net.minecraft.util.datafix.fixes.CatTypeFix (minecraft@1.20.1)
2291:             1             40  net.minecraft.util.datafix.fixes.ColorlessShulkerEntityFix (minecraft@1.20.1)
2292:             1             40  net.minecraft.util.datafix.fixes.EntityArmorStandSilentFix (minecraft@1.20.1)
2293:             1             40  net.minecraft.util.datafix.fixes.EntityGoatMissingStateFix (minecraft@1.20.1)
2294:             1             40  net.minecraft.util.datafix.fixes.EntityHorseSaddleFix (minecraft@1.20.1)
2295:             1             40  net.minecraft.util.datafix.fixes.EntityItemFrameDirectionFix (minecraft@1.20.1)
2296:             1             40  net.minecraft.util.datafix.fixes.EntityPaintingFieldsRenameFix (minecraft@1.20.1)
2297:             1             40  net.minecraft.util.datafix.fixes.EntityPaintingMotiveFix (minecraft@1.20.1)
2298:             1             40  net.minecraft.util.datafix.fixes.EntityShulkerColorFix (minecraft@1.20.1)
2299:             1             40  net.minecraft.util.datafix.fixes.EntityShulkerRotationFix (minecraft@1.20.1)
2300:             1             40  net.minecraft.util.datafix.fixes.EntityWolfColorFix (minecraft@1.20.1)
2301:             1             40  net.minecraft.util.datafix.fixes.EntityZombieVillagerTypeFix (minecraft@1.20.1)
2302:             1             40  net.minecraft.util.datafix.fixes.FilteredSignsFix (minecraft@1.20.1)
2303:             1             40  net.minecraft.util.datafix.fixes.JigsawPropertiesFix (minecraft@1.20.1)
2304:             1             40  net.minecraft.util.datafix.fixes.MemoryExpiryDataFix (minecraft@1.20.1)
2305:             1             40  net.minecraft.util.datafix.fixes.OminousBannerBlockEntityRenameFix (minecraft@1.20.1)
2306:             1             40  net.minecraft.util.datafix.fixes.OptionsRenameFieldFix (minecraft@1.20.1)
2307:             1             40  net.minecraft.util.datafix.fixes.RemoveGolemGossipFix (minecraft@1.20.1)
2308:             1             40  net.minecraft.util.datafix.fixes.StriderGravityFix (minecraft@1.20.1)
2309:             1             40  net.minecraft.util.datafix.fixes.VariantRenameFix (minecraft@1.20.1)
2310:             1             40  net.minecraft.util.datafix.fixes.VillagerFollowRangeFix (minecraft@1.20.1)
2311:             1             40  net.minecraft.util.datafix.fixes.VillagerTradeFix (minecraft@1.20.1)
2312:             1             40  net.minecraft.util.datafix.fixes.WeaponSmithChestLootTableFix (minecraft@1.20.1)
2313:             1             40  net.minecraft.util.datafix.fixes.ZombieVillagerRebuildXpFix (minecraft@1.20.1)
2314:             1             40  net.minecraft.util.datafix.schemas.V100 (minecraft@1.20.1)
2315:             1             40  net.minecraft.util.datafix.schemas.V102 (minecraft@1.20.1)
2316:             1             40  net.minecraft.util.datafix.schemas.V1022 (minecraft@1.20.1)
2317:             1             40  net.minecraft.util.datafix.schemas.V106 (minecraft@1.20.1)
2318:             1             40  net.minecraft.util.datafix.schemas.V107 (minecraft@1.20.1)
2319:             1             40  net.minecraft.util.datafix.schemas.V1125 (minecraft@1.20.1)
2320:             1             40  net.minecraft.util.datafix.schemas.V135 (minecraft@1.20.1)
2321:             1             40  net.minecraft.util.datafix.schemas.V143 (minecraft@1.20.1)
2322:             1             40  net.minecraft.util.datafix.schemas.V1451 (minecraft@1.20.1)
2323:             1             40  net.minecraft.util.datafix.schemas.V1451_1 (minecraft@1.20.1)
2324:             1             40  net.minecraft.util.datafix.schemas.V1451_2 (minecraft@1.20.1)
2325:             1             40  net.minecraft.util.datafix.schemas.V1451_3 (minecraft@1.20.1)
2326:             1             40  net.minecraft.util.datafix.schemas.V1451_4 (minecraft@1.20.1)
2327:             1             40  net.minecraft.util.datafix.schemas.V1451_5 (minecraft@1.20.1)
2328:             1             40  net.minecraft.util.datafix.schemas.V1451_6 (minecraft@1.20.1)
2329:             1             40  net.minecraft.util.datafix.schemas.V1460 (minecraft@1.20.1)
2330:             1             40  net.minecraft.util.datafix.schemas.V1466 (minecraft@1.20.1)
2331:             1             40  net.minecraft.util.datafix.schemas.V1470 (minecraft@1.20.1)
2332:             1             40  net.minecraft.util.datafix.schemas.V1481 (minecraft@1.20.1)
2333:             1             40  net.minecraft.util.datafix.schemas.V1483 (minecraft@1.20.1)
2334:             1             40  net.minecraft.util.datafix.schemas.V1486 (minecraft@1.20.1)
2335:             1             40  net.minecraft.util.datafix.schemas.V1510 (minecraft@1.20.1)
2336:             1             40  net.minecraft.util.datafix.schemas.V1800 (minecraft@1.20.1)
2337:             1             40  net.minecraft.util.datafix.schemas.V1801 (minecraft@1.20.1)
2338:             1             40  net.minecraft.util.datafix.schemas.V1904 (minecraft@1.20.1)
2339:             1             40  net.minecraft.util.datafix.schemas.V1906 (minecraft@1.20.1)
2340:             1             40  net.minecraft.util.datafix.schemas.V1909 (minecraft@1.20.1)
2341:             1             40  net.minecraft.util.datafix.schemas.V1920 (minecraft@1.20.1)
2342:             1             40  net.minecraft.util.datafix.schemas.V1928 (minecraft@1.20.1)
2343:             1             40  net.minecraft.util.datafix.schemas.V1929 (minecraft@1.20.1)
2344:             1             40  net.minecraft.util.datafix.schemas.V1931 (minecraft@1.20.1)
2345:             1             40  net.minecraft.util.datafix.schemas.V2100 (minecraft@1.20.1)
2346:             1             40  net.minecraft.util.datafix.schemas.V2501 (minecraft@1.20.1)
2347:             1             40  net.minecraft.util.datafix.schemas.V2502 (minecraft@1.20.1)
2348:             1             40  net.minecraft.util.datafix.schemas.V2505 (minecraft@1.20.1)
2349:             1             40  net.minecraft.util.datafix.schemas.V2509 (minecraft@1.20.1)
2350:             1             40  net.minecraft.util.datafix.schemas.V2519 (minecraft@1.20.1)
2351:             1             40  net.minecraft.util.datafix.schemas.V2522 (minecraft@1.20.1)
2352:             1             40  net.minecraft.util.datafix.schemas.V2551 (minecraft@1.20.1)
2353:             1             40  net.minecraft.util.datafix.schemas.V2568 (minecraft@1.20.1)
2354:             1             40  net.minecraft.util.datafix.schemas.V2571 (minecraft@1.20.1)
2355:             1             40  net.minecraft.util.datafix.schemas.V2684 (minecraft@1.20.1)
2356:             1             40  net.minecraft.util.datafix.schemas.V2686 (minecraft@1.20.1)
2357:             1             40  net.minecraft.util.datafix.schemas.V2688 (minecraft@1.20.1)
2358:             1             40  net.minecraft.util.datafix.schemas.V2704 (minecraft@1.20.1)
2359:             1             40  net.minecraft.util.datafix.schemas.V2707 (minecraft@1.20.1)
2360:             1             40  net.minecraft.util.datafix.schemas.V2831 (minecraft@1.20.1)
2361:             1             40  net.minecraft.util.datafix.schemas.V2832 (minecraft@1.20.1)
2362:             1             40  net.minecraft.util.datafix.schemas.V2842 (minecraft@1.20.1)
2363:             1             40  net.minecraft.util.datafix.schemas.V3076 (minecraft@1.20.1)
2364:             1             40  net.minecraft.util.datafix.schemas.V3078 (minecraft@1.20.1)
2365:             1             40  net.minecraft.util.datafix.schemas.V3081 (minecraft@1.20.1)
2366:             1             40  net.minecraft.util.datafix.schemas.V3082 (minecraft@1.20.1)
2367:             1             40  net.minecraft.util.datafix.schemas.V3083 (minecraft@1.20.1)
2368:             1             40  net.minecraft.util.datafix.schemas.V3202 (minecraft@1.20.1)
2369:             1             40  net.minecraft.util.datafix.schemas.V3203 (minecraft@1.20.1)
2370:             1             40  net.minecraft.util.datafix.schemas.V3204 (minecraft@1.20.1)
2371:             1             40  net.minecraft.util.datafix.schemas.V3325 (minecraft@1.20.1)
2372:             1             40  net.minecraft.util.datafix.schemas.V3326 (minecraft@1.20.1)
2373:             1             40  net.minecraft.util.datafix.schemas.V3327 (minecraft@1.20.1)
2374:             1             40  net.minecraft.util.datafix.schemas.V3328 (minecraft@1.20.1)
2375:             1             40  net.minecraft.util.datafix.schemas.V3438 (minecraft@1.20.1)
2376:             1             40  net.minecraft.util.datafix.schemas.V501 (minecraft@1.20.1)
2377:             1             40  net.minecraft.util.datafix.schemas.V700 (minecraft@1.20.1)
2378:             1             40  net.minecraft.util.datafix.schemas.V701 (minecraft@1.20.1)
2379:             1             40  net.minecraft.util.datafix.schemas.V702 (minecraft@1.20.1)
2380:             1             40  net.minecraft.util.datafix.schemas.V703 (minecraft@1.20.1)
2381:             1             40  net.minecraft.util.datafix.schemas.V704 (minecraft@1.20.1)
2382:             1             40  net.minecraft.util.datafix.schemas.V705 (minecraft@1.20.1)
2383:             1             40  net.minecraft.util.datafix.schemas.V808 (minecraft@1.20.1)
2384:             1             40  net.minecraft.util.datafix.schemas.V99 (minecraft@1.20.1)
2385:             1             40  net.minecraft.world.effect.AbsoptionMobEffect (minecraft@1.20.1)
2386:             1             40  net.minecraft.world.effect.HealthBoostMobEffect (minecraft@1.20.1)
2387:             1             40  net.minecraft.world.effect.MobEffects$1 (minecraft@1.20.1)
2388:             1             40  net.minecraft.world.item.Item$Properties (minecraft@1.20.1)
2389:             1             40  net.minecraftforge.fml.earlydisplay.RenderElement$DisplayContext (fmlearlydisplay@1.20.1-47.4.13)
2390:             1             40  net.minecraftforge.fml.loading.EarlyLoadingException (fmlloader@1.20.1-47.4.13)
2391:             1             40  net.minecraftforge.fml.loading.moddiscovery.BackgroundScanHandler (fmlloader@1.20.1-47.4.13)
2392:             1             40  net.minecraftforge.fml.loading.moddiscovery.ModValidator (fmlloader@1.20.1-47.4.13)
2393:             1             40  net.minecrell.terminalconsole.TerminalConsoleAppender (terminalconsoleappender@1.2.0)
2394:             1             40  org.antlr.v4.runtime.ParserRuleContext (org.antlr.antlr4.runtime@4.9.1)
2395:             1             40  org.antlr.v4.runtime.atn.ATNConfigSet$ConfigHashSet (org.antlr.antlr4.runtime@4.9.1)
2396:             1             40  org.apache.logging.log4j.core.jmx.LoggerContextAdmin (org.apache.logging.log4j.core@2.19.0)
2397:             1             40  org.apache.logging.log4j.core.jmx.StatusLoggerAdmin (org.apache.logging.log4j.core@2.19.0)
2398:             1             40  org.apache.logging.log4j.status.StatusData (org.apache.logging.log4j@2.19.0)
2399:             1             40  org.lwjgl.PointerBuffer (org.lwjgl@3.3.1+7)
2400:             1             40  org.openjdk.nashorn.internal.codegen.ApplySpecialization$AppliesFoundException (org.openjdk.nashorn)
2401:             1             40  org.openjdk.nashorn.internal.codegen.Label$Stack (org.openjdk.nashorn)
2402:             1             40  org.openjdk.nashorn.internal.codegen.types.ArrayType (org.openjdk.nashorn)
2403:             1             40  org.openjdk.nashorn.internal.codegen.types.BooleanType (org.openjdk.nashorn)
2404:             1             40  org.openjdk.nashorn.internal.codegen.types.IntType (org.openjdk.nashorn)
2405:             1             40  org.openjdk.nashorn.internal.codegen.types.LongType (org.openjdk.nashorn)
2406:             1             40  org.openjdk.nashorn.internal.codegen.types.NumberType (org.openjdk.nashorn)
2407:             1             40  org.openjdk.nashorn.internal.codegen.types.Type$1 (org.openjdk.nashorn)
2408:             1             40  org.openjdk.nashorn.internal.codegen.types.Type$2 (org.openjdk.nashorn)
2409:             1             40  org.openjdk.nashorn.internal.codegen.types.Type$3 (org.openjdk.nashorn)
2410:             1             40  org.openjdk.nashorn.internal.codegen.types.Type$4 (org.openjdk.nashorn)
2411:             1             40  org.openjdk.nashorn.internal.codegen.types.Type$5 (org.openjdk.nashorn)
2412:             1             40  org.openjdk.nashorn.internal.codegen.types.Type$6 (org.openjdk.nashorn)
2413:             1             40  org.openjdk.nashorn.internal.codegen.types.Type$7 (org.openjdk.nashorn)
2414:             1             40  org.spongepowered.asm.mixin.MixinEnvironment$CompatibilityLevel (org.spongepowered.mixin)
2415:             1             40  org.spongepowered.asm.mixin.MixinEnvironment$CompatibilityLevel$1 (org.spongepowered.mixin)
2416:             1             40  org.spongepowered.asm.mixin.MixinEnvironment$CompatibilityLevel$10 (org.spongepowered.mixin)
2417:             1             40  org.spongepowered.asm.mixin.MixinEnvironment$CompatibilityLevel$11 (org.spongepowered.mixin)
2418:             1             40  org.spongepowered.asm.mixin.MixinEnvironment$CompatibilityLevel$12 (org.spongepowered.mixin)
2419:             1             40  org.spongepowered.asm.mixin.MixinEnvironment$CompatibilityLevel$2 (org.spongepowered.mixin)
2420:             1             40  org.spongepowered.asm.mixin.MixinEnvironment$CompatibilityLevel$3 (org.spongepowered.mixin)
2421:             1             40  org.spongepowered.asm.mixin.MixinEnvironment$CompatibilityLevel$4 (org.spongepowered.mixin)
2422:             1             40  org.spongepowered.asm.mixin.MixinEnvironment$CompatibilityLevel$5 (org.spongepowered.mixin)
2423:             1             40  org.spongepowered.asm.mixin.MixinEnvironment$CompatibilityLevel$6 (org.spongepowered.mixin)
2424:             1             40  org.spongepowered.asm.mixin.MixinEnvironment$CompatibilityLevel$7 (org.spongepowered.mixin)
2425:             1             40  org.spongepowered.asm.mixin.MixinEnvironment$CompatibilityLevel$8 (org.spongepowered.mixin)
2426:             1             40  org.spongepowered.asm.mixin.MixinEnvironment$CompatibilityLevel$9 (org.spongepowered.mixin)
2427:             1             40  org.spongepowered.asm.mixin.transformer.ext.Extensions (org.spongepowered.mixin)
2428:             1             40  oshi.util.Memoizer$1 (com.github.oshi@6.2.2)
2429:             1             40  sun.nio.cs.StandardCharsets$Aliases (java.base@17.0.15)
2430:             1             40  sun.nio.cs.StandardCharsets$Cache (java.base@17.0.15)
2431:             1             40  sun.text.resources.cldr.FormatData (java.base@17.0.15)
2432:             1             40  sun.text.resources.cldr.FormatData_en (java.base@17.0.15)
2433:             1             40  sun.util.locale.InternalLocaleBuilder (java.base@17.0.15)
2434:             1             40  sun.util.resources.Bundles$1 (java.base@17.0.15)
2435:             1             40  sun.util.resources.cldr.CalendarData (java.base@17.0.15)
2436:             1             32  [Lcom.electronwill.nightconfig.core.io.IndentStyle; (com.electronwill.nightconfig.core@3.6.4)
2437:             1             32  [Lcom.electronwill.nightconfig.core.io.ParsingMode; (com.electronwill.nightconfig.core@3.6.4)
2438:             1             32  [Lcom.google.common.cache.LocalCache$Segment; (com.google.common@31.1-jre)
2439:             1             32  [Lcom.google.common.cache.LocalCache$Strength; (com.google.common@31.1-jre)
2440:             1             32  [Lcom.google.common.collect.AbstractIterator$State; (com.google.common@31.1-jre)
2441:             1             32  [Lcom.google.gson.ReflectionAccessFilter$FilterResult; (com.google.gson@2.10)
2442:             1             32  [Lcom.google.gson.ReflectionAccessFilter$FilterResult;
2443:             1             32  [Lcom.google.gson.ToNumberPolicy; (com.google.gson@2.10)
2444:             1             32  [Lcom.google.gson.ToNumberPolicy;
2445:             1             32  [Lcom.llamalad7.mixinextras.transformer.MixinTransformer; (MixinExtras@0.5.3)
2446:             1             32  [Lcom.mojang.datafixers.functions.PointFreeRule$CompRewrite; (datafixerupper@6.0.8)
2447:             1             32  [Lcom.mojang.datafixers.functions.PointFreeRule; (datafixerupper@6.0.8)
2448:             1             32  [Lcom.sun.org.apache.xerces.internal.utils.XMLSecurityManager$NameMap; (java.xml@17.0.15)
2449:             1             32  [Lcpw.mods.jarhandling.SecureJar$Status; (cpw.mods.securejarhandler)
2450:             1             32  [Lcpw.mods.modlauncher.api.INameMappingService$Domain; (cpw.mods.modlauncher@10.0.9)
2451:             1             32  [Lcpw.mods.modlauncher.api.ITransformerActivity$Type; (cpw.mods.modlauncher@10.0.9)
2452:             1             32  [Lcpw.mods.modlauncher.api.TransformerVoteResult; (cpw.mods.modlauncher@10.0.9)
2453:             1             32  [Lio.netty.util.ResourceLeakDetector$Level; (io.netty.common@4.1.82.Final)
2454:             1             32  [Ljava.lang.ProcessImpl$Platform; (java.base@17.0.15)
2455:             1             32  [Ljava.lang.StackStreamFactory$WalkerState; (java.base@17.0.15)
2456:             1             32  [Ljava.lang.ThreadGroup; (java.base@17.0.15)
2457:             2             32  [Ljava.lang.Throwable; (java.base@17.0.15)
2458:             1             32  [Ljava.lang.invoke.MethodHandleImpl$ArrayAccess; (java.base@17.0.15)
2459:             1             32  [Ljava.lang.invoke.VarHandle$VarHandleDesc$Kind; (java.base@17.0.15)
2460:             1             32  [Ljava.lang.management.MemoryManagerMXBean; (java.management@17.0.15)
2461:             1             32  [Ljava.lang.module.ModuleDescriptor$Modifier; (java.base@17.0.15)
2462:             1             32  [Ljava.net.Proxy$Type; (java.base@17.0.15)
2463:             1             32  [Ljava.nio.file.AccessMode; (java.base@17.0.15)
2464:             1             32  [Ljava.nio.file.FileTreeWalker$EventType; (java.base@17.0.15)
2465:             1             32  [Ljava.nio.file.StandardCopyOption; (java.base@17.0.15)
2466:             1             32  [Ljava.text.Normalizer$Form; (java.base@17.0.15)
2467:             1             32  [Ljava.time.format.DateTimeFormatterBuilder$SettingsParser; (java.base@17.0.15)
2468:             1             32  [Ljava.time.format.ResolverStyle; (java.base@17.0.15)
2469:             1             32  [Ljava.time.temporal.IsoFields$Field; (java.base@17.0.15)
2470:             1             32  [Ljava.time.temporal.JulianFields$Field; (java.base@17.0.15)
2471:             1             32  [Ljava.time.zone.ZoneOffsetTransitionRule$TimeDefinition; (java.base@17.0.15)
2472:             1             32  [Ljava.util.regex.Pattern$Qtype; (java.base@17.0.15)
2473:             1             32  [Ljava.util.stream.MatchOps$MatchKind; (java.base@17.0.15)
2474:             1             32  [Ljava.util.stream.StreamShape; (java.base@17.0.15)
2475:             1             32  [Ljavax.xml.catalog.CatalogFeatures$Feature; (java.xml@17.0.15)
2476:             1             32  [Ljdk.dynalink.BiClassValue$RetentionDirection; (jdk.dynalink@17.0.15)
2477:             1             32  [Ljdk.dynalink.StandardNamespace; (jdk.dynalink@17.0.15)
2478:             1             32  [Ljdk.dynalink.beans.GuardedInvocationComponent$ValidationType; (jdk.dynalink@17.0.15)
2479:             1             32  [Ljdk.internal.icu.util.CodePointTrie$ValueWidth; (java.base@17.0.15)
2480:             1             32  [Ljdk.internal.logger.BootstrapLogger$LoggingBackend; (java.base@17.0.15)
2481:             1             32  [Ljdk.internal.math.FormattedFloatingDecimal$Form; (java.base@17.0.15)
2482:             1             32  [Ljdk.internal.module.ServicesCatalog; (java.base@17.0.15)
2483:             1             32  [Lnet.fabricmc.loader.api.metadata.ModOrigin$Kind; (net.fabricmc.loader@2.6.0+0.15.0+1.20.1-full)
2484:             1             32  [Lnet.minecraft.client.User$Type; (minecraft@1.20.1)
2485:             1             32  [Lnet.minecraft.util.ByIdMap$OutOfBoundsStrategy; (minecraft@1.20.1)
2486:             1             32  [Lnet.minecraft.world.effect.MobEffectCategory; (minecraft@1.20.1)
2487:             1             32  [Lnet.minecraft.world.item.Rarity; (minecraft@1.20.1)
2488:             1             32  [Lnet.minecraft.world.level.block.WeatheringCopper$WeatherState; (minecraft@1.20.1)
2489:             1             32  [Lnet.minecraft.world.level.block.state.BlockBehaviour$OffsetType; (minecraft@1.20.1)
2490:             1             32  [Lnet.minecraft.world.level.block.state.properties.BooleanProperty; (minecraft@1.20.1)
2491:             1             32  [Lnet.minecraft.world.level.block.state.properties.NoteBlockInstrument$Type; (minecraft@1.20.1)
2492:             1             32  [Lnet.minecraft.world.level.pathfinder.PathComputationType; (minecraft@1.20.1)
2493:             1             32  [Lnet.minecraftforge.accesstransformer.AccessTransformer$FinalState; (accesstransformers@8.0.4)
2494:             1             32  [Lnet.minecraftforge.accesstransformer.TargetType; (accesstransformers@8.0.4)
2495:             1             32  [Lnet.minecraftforge.fml.earlydisplay.ElementShader$RenderType; (fmlearlydisplay@1.20.1-47.4.13)
2496:             1             32  [Lnet.minecraftforge.fml.earlydisplay.SimpleBufferBuilder$Format; (fmlearlydisplay@1.20.1-47.4.13)
2497:             1             32  [Lnet.minecraftforge.fml.loading.FMLPaths; (fmlloader@1.20.1-47.4.13)
2498:             1             32  [Lnet.minecraftforge.installer.HashFunction;
2499:             1             32  [Lnet.minecraftforge.installer.actions.ProgressCallback$MessagePriority;
2500:             1             32  [Lorg.antlr.v4.runtime.CodePointBuffer$Type; (org.antlr.antlr4.runtime@4.9.1)
2501:             1             32  [Lorg.antlr.v4.runtime.atn.PredictionMode; (org.antlr.antlr4.runtime@4.9.1)
2502:             2             32  [Lorg.apache.logging.log4j.core.appender.rolling.action.Action; (org.apache.logging.log4j.core@2.19.0)
2503:             1             32  [Lorg.apache.logging.log4j.core.config.LoggerConfig$LoggerConfigPredicate; (org.apache.logging.log4j.core@2.19.0)
2504:             1             32  [Lorg.apache.logging.log4j.core.util.datetime.FixedDateFormat$FixedTimeZoneFormat; (org.apache.logging.log4j.core@2.19.0)
2505:             1             32  [Lorg.lwjgl.Version$BuildType; (org.lwjgl@3.3.1+7)
2506:             1             32  [Lorg.lwjgl.system.Platform$Architecture; (org.lwjgl@3.3.1+7)
2507:             1             32  [Lorg.lwjgl.system.Platform; (org.lwjgl@3.3.1+7)
2508:             1             32  [Lorg.openjdk.nashorn.internal.runtime.Context$FieldMode; (org.openjdk.nashorn)
2509:             1             32  [Lorg.openjdk.nashorn.internal.runtime.ScriptEnvironment$AnonymousClasses; (org.openjdk.nashorn)
2510:             1             32  [Lorg.openjdk.nashorn.internal.runtime.ScriptEnvironment$FunctionStatementBehavior; (org.openjdk.nashorn)
2511:             1             32  [Lorg.prismlauncher.EntryPoint$PreLaunchAction;
2512:             1             32  [Lorg.spongepowered.asm.launch.platform.IMixinPlatformAgent$AcceptResult; (org.spongepowered.mixin)
2513:             1             32  [Lorg.spongepowered.asm.mixin.MixinEnvironment$Option$Inherit; (org.spongepowered.mixin)
2514:             1             32  [Lorg.spongepowered.asm.mixin.MixinEnvironment$Side; (org.spongepowered.mixin)
2515:             1             32  [Lorg.spongepowered.asm.mixin.transformer.MixinCoprocessor$ProcessResult; (org.spongepowered.mixin)
2516:             1             32  [Lorg.spongepowered.asm.mixin.transformer.PluginHandle$CompatibilityMode; (org.spongepowered.mixin)
2517:             1             32  [Lsun.security.provider.NativePRNG$Variant; (java.base@17.0.15)
2518:             2             32  com.electronwill.nightconfig.core.InMemoryCommentedFormat (com.electronwill.nightconfig.core@3.6.4)
2519:             2             32  com.electronwill.nightconfig.core.InMemoryFormat (com.electronwill.nightconfig.core@3.6.4)
2520:             2             32  com.google.common.collect.Interners$InternerImpl (com.google.common@31.1-jre)
2521:             1             32  com.google.common.collect.Iterators$ArrayItr (com.google.common@31.1-jre)
2522:             1             32  com.google.common.hash.MessageDigestHashFunction (com.google.common@31.1-jre)
2523:             2             32  com.google.gson.internal.ConstructorConstructor$13
2524:             1             32  com.google.gson.internal.bind.ReflectiveTypeAdapterFactory
2525:             1             32  com.google.gson.internal.bind.TreeTypeAdapter$SingleTypeFactory
2526:             1             32  com.google.gson.internal.reflect.ReflectionHelper$RecordSupportedHelper
2527:             1             32  com.google.gson.internal.reflect.ReflectionHelper$RecordSupportedHelper (com.google.gson@2.10)
2528:             1             32  com.mojang.datafixers.DataFixerBuilder (datafixerupper@6.0.8)
2529:             1             32  com.mojang.serialization.Codec$3 (datafixerupper@6.0.8)
2530:             1             32  com.sun.jmx.mbeanserver.Repository (java.management@17.0.15)
2531:             1             32  com.sun.jna.Library$Handler (com.sun.jna@5.12.1)
2532:             1             32  com.sun.management.internal.OperatingSystemImpl (jdk.management@17.0.15)
2533:             2             32  com.sun.org.apache.xerces.internal.impl.dv.dtd.ENTITYDatatypeValidator (java.xml@17.0.15)
2534:             1             32  cpw.mods.modlauncher.ClassTransformer (cpw.mods.modlauncher@10.0.9)
2535:             2             32  io.netty.util.internal.logging.Slf4JLoggerFactory (io.netty.common@4.1.82.Final)
2536:             1             32  java.io.UnixFileSystem (java.base@17.0.15)
2537:             2             32  java.lang.Boolean (java.base@17.0.15)
2538:             1             32  java.lang.Module$ArchivedData (java.base@17.0.15)
2539:             2             32  java.lang.Shutdown$Lock (java.base@17.0.15)
2540:             1             32  java.net.InetAddress$CachedLocalHost (java.base@17.0.15)
2541:             1             32  java.net.InetAddress$InetAddressHolder (java.base@17.0.15)
2542:             2             32  java.nio.ByteOrder (java.base@17.0.15)
2543:             2             32  java.nio.file.attribute.PosixFilePermissions$1 (java.base@17.0.15)
2544:             1             32  java.text.DontCareFieldPosition (java.base@17.0.15)
2545:             2             32  java.time.format.DateTimeFormatterBuilder$StringLiteralPrinterParser (java.base@17.0.15)
2546:             1             32  java.util.ArrayList$Itr (java.base@17.0.15)
2547:             1             32  java.util.LinkedHashMap$LinkedKeyIterator (java.base@17.0.15)
2548:             1             32  java.util.Random (java.base@17.0.15)
2549:             2             32  java.util.ResourceBundle$SingleFormatControl (java.base@17.0.15)
2550:             2             32  java.util.TreeMap$EntrySet (java.base@17.0.15)
2551:             2             32  java.util.TreeMap$KeySet (java.base@17.0.15)
2552:             2             32  java.util.TreeSet (java.base@17.0.15)
2553:             2             32  java.util.concurrent.Executors$FinalizableDelegatedExecutorService (java.base@17.0.15)
2554:             1             32  java.util.concurrent.FutureTask (java.base@17.0.15)
2555:             1             32  java.util.concurrent.ScheduledThreadPoolExecutor$DelayedWorkQueue (java.base@17.0.15)
2556:             2             32  java.util.concurrent.SynchronousQueue$TransferStack (java.base@17.0.15)
2557:             1             32  java.util.concurrent.SynchronousQueue$TransferStack$SNode (java.base@17.0.15)
2558:             1             32  java.util.concurrent.ThreadLocalRandom (java.base@17.0.15)
2559:             1             32  java.util.concurrent.locks.AbstractQueuedSynchronizer$ExclusiveNode (java.base@17.0.15)
2560:             1             32  java.util.logging.LogManager$SystemLoggerContext (java.logging@17.0.15)
2561:             2             32  java.util.regex.CharPredicates$$Lambda$1260/0x00000008002fb2d8 (java.base@17.0.15)
2562:             1             32  java.util.regex.Pattern$BnM (java.base@17.0.15)
2563:             1             32  java.util.regex.Pattern$NotBehind (java.base@17.0.15)
2564:             1             32  java.util.zip.ZipCoder$UTF8ZipCoder (java.base@17.0.15)
2565:             2             32  jdk.dynalink.linker.support.Lookup (jdk.dynalink@17.0.15)
2566:             1             32  jdk.internal.loader.ArchivedClassLoaders (java.base@17.0.15)
2567:             1             32  jdk.internal.module.ArchivedModuleGraph (java.base@17.0.15)
2568:             2             32  jdk.internal.module.ModuleResolution (java.base@17.0.15)
2569:             2             32  jdk.internal.module.ModuleTarget (java.base@17.0.15)
2570:             1             32  jdk.internal.org.objectweb.asm.ConstantDynamic (java.base@17.0.15)
2571:             1             32  jdk.internal.org.objectweb.asm.Handle (java.base@17.0.15)
2572:             1             32  jdk.internal.reflect.UnsafeQualifiedStaticLongFieldAccessorImpl (java.base@17.0.15)
2573:             2             32  jdk.proxy2.$Proxy15 (jdk.proxy2)
2574:             2             32  jdk.proxy2.$Proxy23 (jdk.proxy2)
2575:             2             32  net.minecraft.network.chat.FormattedText$2 (minecraft@1.20.1)
2576:             1             32  net.minecraft.util.SegmentedAnglePrecision (minecraft@1.20.1)
2577:             1             32  net.minecraft.util.datafix.fixes.AdvancementsFix (minecraft@1.20.1)
2578:             1             32  net.minecraft.util.datafix.fixes.BlockEntityUUIDFix (minecraft@1.20.1)
2579:             1             32  net.minecraft.util.datafix.fixes.EntityCatSplitFix (minecraft@1.20.1)
2580:             1             32  net.minecraft.util.datafix.fixes.EntityCodSalmonFix (minecraft@1.20.1)
2581:             1             32  net.minecraft.util.datafix.fixes.EntityElderGuardianSplitFix (minecraft@1.20.1)
2582:             1             32  net.minecraft.util.datafix.fixes.EntityHorseSplitFix (minecraft@1.20.1)
2583:             1             32  net.minecraft.util.datafix.fixes.EntityPufferfishRenameFix (minecraft@1.20.1)
2584:             1             32  net.minecraft.util.datafix.fixes.EntityRavagerRenameFix (minecraft@1.20.1)
2585:             1             32  net.minecraft.util.datafix.fixes.EntitySkeletonSplitFix (minecraft@1.20.1)
2586:             1             32  net.minecraft.util.datafix.fixes.EntityTheRenameningFix (minecraft@1.20.1)
2587:             1             32  net.minecraft.util.datafix.fixes.EntityTippedArrowFix (minecraft@1.20.1)
2588:             1             32  net.minecraft.util.datafix.fixes.EntityUUIDFix (minecraft@1.20.1)
2589:             1             32  net.minecraft.util.datafix.fixes.EntityZombieSplitFix (minecraft@1.20.1)
2590:             1             32  net.minecraft.util.datafix.fixes.EntityZombifiedPiglinRenameFix (minecraft@1.20.1)
2591:             1             32  net.minecraft.util.datafix.fixes.FilteredBooksFix (minecraft@1.20.1)
2592:             1             32  net.minecraft.util.datafix.fixes.GoatHornIdFix (minecraft@1.20.1)
2593:             1             32  net.minecraft.util.datafix.fixes.ItemRemoveBlockEntityTagFix (minecraft@1.20.1)
2594:             1             32  net.minecraft.util.datafix.fixes.ItemStackUUIDFix (minecraft@1.20.1)
2595:             1             32  net.minecraft.util.datafix.fixes.LevelUUIDFix (minecraft@1.20.1)
2596:             1             32  net.minecraft.util.datafix.fixes.OminousBannerRenameFix (minecraft@1.20.1)
2597:             1             32  net.minecraft.util.datafix.fixes.PlayerUUIDFix (minecraft@1.20.1)
2598:             1             32  net.minecraft.util.datafix.fixes.PoiTypeRemoveFix (minecraft@1.20.1)
2599:             1             32  net.minecraft.util.datafix.fixes.PoiTypeRenameFix (minecraft@1.20.1)
2600:             1             32  net.minecraft.util.datafix.fixes.SavedDataUUIDFix (minecraft@1.20.1)
2601:             2             32  net.minecraft.util.datafix.schemas.V703$$Lambda$1891/0x0000000800831800 (minecraft@1.20.1)
2602:             2             32  net.minecraft.util.datafix.schemas.V703$$Lambda$1892/0x0000000800831a28 (minecraft@1.20.1)
2603:             2             32  net.minecraft.util.datafix.schemas.V703$$Lambda$1893/0x0000000800831c50 (minecraft@1.20.1)
2604:             2             32  net.minecraft.util.datafix.schemas.V703$$Lambda$1894/0x0000000800831400 (minecraft@1.20.1)
2605:             2             32  net.minecraft.util.datafix.schemas.V703$$Lambda$1895/0x0000000800840000 (minecraft@1.20.1)
2606:             2             32  net.minecraft.world.level.block.CaveVines$$Lambda$1776/0x00000008007b50b8 (minecraft@1.20.1)
2607:             2             32  net.minecraft.world.level.block.state.StateHolder$$Lambda$1476/0x000000080071df60 (minecraft@1.20.1)
2608:             1             32  net.minecraft.world.level.material.EmptyFluid (minecraft@1.20.1)
2609:             1             32  net.minecraft.world.level.material.LavaFluid$Flowing (minecraft@1.20.1)
2610:             1             32  net.minecraft.world.level.material.LavaFluid$Source (minecraft@1.20.1)
2611:             1             32  net.minecraft.world.level.material.WaterFluid$Flowing (minecraft@1.20.1)
2612:             1             32  net.minecraft.world.level.material.WaterFluid$Source (minecraft@1.20.1)
2613:             2             32  net.minecraftforge.coremod.CoreModTracker (net.minecraftforge.coremod)
2614:             1             32  net.minecraftforge.fml.earlydisplay.ElementShader (fmlearlydisplay@1.20.1-47.4.13)
2615:             1             32  net.minecraftforge.fml.earlydisplay.PerformanceInfo (fmlearlydisplay@1.20.1-47.4.13)
2616:             1             32  net.minecraftforge.fml.earlydisplay.SimpleFont (fmlearlydisplay@1.20.1-47.4.13)
2617:             1             32  net.minecraftforge.fml.loading.LanguageLoadingProvider (fmlloader@1.20.1-47.4.13)
2618:             1             32  net.minecraftforge.fml.loading.LoadingModList (fmlloader@1.20.1-47.4.13)
2619:             1             32  net.minecraftforge.fml.loading.VersionInfo (fmlloader@1.20.1-47.4.13)
2620:             1             32  net.minecraftforge.fml.loading.moddiscovery.ModDiscoverer (fmlloader@1.20.1-47.4.13)
2621:             1             32  net.minecraftforge.fml.loading.progress.ProgressMeter (fmlloader@1.20.1-47.4.13)
2622:             2             32  net.minecraftforge.jarjar.metadata.json.ArtifactVersionSerializer (JarJarMetadata@0.3.19)
2623:             1             32  net.minecraftforge.registries.GameData$BlockCallbacks$1 (forge@47.4.13)
2624:             1             32  org.antlr.v4.runtime.atn.EmptyPredictionContext (org.antlr.antlr4.runtime@4.9.1)
2625:             2             32  org.antlr.v4.runtime.atn.PredictionContextCache (org.antlr.antlr4.runtime@4.9.1)
2626:             2             32  org.apache.commons.lang3.text.StrMatcher$CharSetMatcher (org.apache.commons.lang3@3.12.0)
2627:             1             32  org.apache.logging.log4j.core.appender.rolling.SizeBasedTriggeringPolicy (org.apache.logging.log4j.core@2.19.0)
2628:             2             32  org.apache.logging.log4j.core.config.DefaultAdvertiser (org.apache.logging.log4j.core@2.19.0)
2629:             1             32  org.apache.logging.log4j.core.filter.ThresholdFilter (org.apache.logging.log4j.core@2.19.0)
2630:             1             32  org.apache.logging.log4j.core.impl.ThrowableFormatOptions (org.apache.logging.log4j.core@2.19.0)
2631:             2             32  org.apache.logging.log4j.core.layout.PatternLayout$NoFormatPatternSerializer (org.apache.logging.log4j.core@2.19.0)
2632:             2             32  org.apache.logging.log4j.core.lookup.StrMatcher$CharSetMatcher (org.apache.logging.log4j.core@2.19.0)
2633:             2             32  org.apache.logging.log4j.core.pattern.NameAbbreviator$PatternAbbreviator (org.apache.logging.log4j.core@2.19.0)
2634:             1             32  org.apache.logging.log4j.core.util.DefaultShutdownCallbackRegistry (org.apache.logging.log4j.core@2.19.0)
2635:             2             32  org.apache.logging.log4j.core.util.SystemClock (org.apache.logging.log4j.core@2.19.0)
2636:             1             32  org.apache.logging.log4j.core.util.datetime.FastDateParser$CaseInsensitiveTextStrategy (org.apache.logging.log4j.core@2.19.0)
2637:             2             32  org.apache.logging.log4j.message.ReusableSimpleMessage (org.apache.logging.log4j@2.19.0)
2638:             1             32  org.apache.logging.log4j.status.StatusLogger$BoundedQueue (org.apache.logging.log4j@2.19.0)
2639:             2             32  org.apache.logging.log4j.util.EnvironmentPropertySource (org.apache.logging.log4j@2.19.0)
2640:             2             32  org.apache.logging.log4j.util.PropertiesUtil (org.apache.logging.log4j@2.19.0)
2641:             2             32  org.apache.logging.log4j.util.PropertySource$Comparator (org.apache.logging.log4j@2.19.0)
2642:             2             32  org.apache.logging.log4j.util.SystemPropertiesPropertySource (org.apache.logging.log4j@2.19.0)
2643:             2             32  org.jline.terminal.impl.NativeSignalHandler (jline.terminal@3.12.1)
2644:             1             32  org.lwjgl.system.Platform$1 (org.lwjgl@3.3.1+7)
2645:             1             32  org.lwjgl.system.Platform$2 (org.lwjgl@3.3.1+7)
2646:             1             32  org.lwjgl.system.Platform$3 (org.lwjgl@3.3.1+7)
2647:             1             32  org.openjdk.nashorn.internal.codegen.CompilationPhase$ApplySpecializationPhase (org.openjdk.nashorn)
2648:             1             32  org.openjdk.nashorn.internal.codegen.CompilationPhase$BytecodeGenerationPhase (org.openjdk.nashorn)
2649:             1             32  org.openjdk.nashorn.internal.codegen.CompilationPhase$CacheAstPhase (org.openjdk.nashorn)
2650:             1             32  org.openjdk.nashorn.internal.codegen.CompilationPhase$ConstantFoldingPhase (org.openjdk.nashorn)
2651:             1             32  org.openjdk.nashorn.internal.codegen.CompilationPhase$DeclareLocalSymbolsPhase (org.openjdk.nashorn)
2652:             1             32  org.openjdk.nashorn.internal.codegen.CompilationPhase$InstallPhase (org.openjdk.nashorn)
2653:             1             32  org.openjdk.nashorn.internal.codegen.CompilationPhase$LocalVariableTypeCalculationPhase (org.openjdk.nashorn)
2654:             1             32  org.openjdk.nashorn.internal.codegen.CompilationPhase$LoweringPhase (org.openjdk.nashorn)
2655:             1             32  org.openjdk.nashorn.internal.codegen.CompilationPhase$OptimisticTypeAssignmentPhase (org.openjdk.nashorn)
2656:             1             32  org.openjdk.nashorn.internal.codegen.CompilationPhase$ProgramPointPhase (org.openjdk.nashorn)
2657:             1             32  org.openjdk.nashorn.internal.codegen.CompilationPhase$ReinitializeCachedPhase (org.openjdk.nashorn)
2658:             1             32  org.openjdk.nashorn.internal.codegen.CompilationPhase$ReuseCompileUnitsPhase (org.openjdk.nashorn)
2659:             1             32  org.openjdk.nashorn.internal.codegen.CompilationPhase$ScopeDepthComputationPhase (org.openjdk.nashorn)
2660:             1             32  org.openjdk.nashorn.internal.codegen.CompilationPhase$SplittingPhase (org.openjdk.nashorn)
2661:             1             32  org.openjdk.nashorn.internal.codegen.CompilationPhase$SymbolAssignmentPhase (org.openjdk.nashorn)
2662:             1             32  org.openjdk.nashorn.internal.codegen.CompilerConstants$4 (org.openjdk.nashorn)
2663:             2             32  org.openjdk.nashorn.internal.runtime.Undefined (org.openjdk.nashorn)
2664:             1             32  org.openjdk.nashorn.internal.runtime.linker.JavaAdapterFactory$AdapterInfo (org.openjdk.nashorn)
2665:             2             32  org.slf4j.helpers.BasicMarkerFactory (org.slf4j@2.0.1)
2666:             1             32  org.spongepowered.asm.launch.MixinLaunchPlugin (org.spongepowered.mixin)
2667:             1             32  org.spongepowered.asm.launch.platform.MixinPlatformManager (org.spongepowered.mixin)
2668:             1             32  org.spongepowered.asm.mixin.injection.invoke.arg.ArgsClassGenerator (org.spongepowered.mixin)
2669:             1             32  org.spongepowered.asm.mixin.refmap.ReferenceMapper (org.spongepowered.mixin)
2670:             1             32  org.spongepowered.asm.mixin.transformer.InnerClassGenerator (org.spongepowered.mixin)
2671:             2             32  org.spongepowered.asm.mixin.transformer.MixinConfig$OverwriteOptions (org.spongepowered.mixin)
2672:             1             32  org.spongepowered.asm.mixin.transformer.MixinCoprocessors (org.spongepowered.mixin)
2673:             1             32  org.spongepowered.asm.mixin.transformer.ext.extensions.ExtensionCheckInterfaces (org.spongepowered.mixin)
2674:             2             32  org.spongepowered.asm.obfuscation.RemapperChain (org.spongepowered.mixin)
2675:             1             32  org.spongepowered.asm.service.MixinService (org.spongepowered.mixin)
2676:             2             32  sun.net.www.protocol.file.Handler (java.base@17.0.15)
2677:             1             32  sun.net.www.protocol.https.Handler (java.base@17.0.15)
2678:             2             32  sun.net.www.protocol.jar.Handler (java.base@17.0.15)
2679:             2             32  sun.net.www.protocol.jrt.Handler (java.base@17.0.15)
2680:             1             32  sun.nio.fs.LinuxFileSystem (java.base@17.0.15)
2681:             2             32  sun.reflect.generics.tree.ArrayTypeSignature (java.base@17.0.15)
2682:             2             32  sun.reflect.generics.tree.TypeVariableSignature (java.base@17.0.15)
2683:             2             32  sun.security.provider.FileInputStreamPool$UnclosableInputStream (java.base@17.0.15)
2684:             1             32  sun.security.provider.SecureRandom (java.base@17.0.15)
2685:             1             32  sun.security.util.DisabledAlgorithmConstraints (java.base@17.0.15)
2686:             1             32  sun.security.util.DisabledAlgorithmConstraints$DenyAfterConstraint (java.base@17.0.15)
2687:             1             32  sun.security.util.KnownOIDs$1 (java.base@17.0.15)
2688:             1             32  sun.security.util.KnownOIDs$10 (java.base@17.0.15)
2689:             1             32  sun.security.util.KnownOIDs$2 (java.base@17.0.15)
2690:             1             32  sun.security.util.KnownOIDs$3 (java.base@17.0.15)
2691:             1             32  sun.security.util.KnownOIDs$4 (java.base@17.0.15)
2692:             1             32  sun.security.util.KnownOIDs$5 (java.base@17.0.15)
2693:             1             32  sun.security.util.KnownOIDs$6 (java.base@17.0.15)
2694:             1             32  sun.security.util.KnownOIDs$7 (java.base@17.0.15)
2695:             1             32  sun.security.util.KnownOIDs$8 (java.base@17.0.15)
2696:             1             32  sun.security.util.KnownOIDs$9 (java.base@17.0.15)
2697:             1             24  [Lcom.electronwill.nightconfig.core.io.NewlineStyle; (com.electronwill.nightconfig.core@3.6.4)
2698:             1             24  [Lcom.electronwill.nightconfig.core.io.WritingMode; (com.electronwill.nightconfig.core@3.6.4)
2699:             1             24  [Lcom.google.common.cache.CacheBuilder$NullListener; (com.google.common@31.1-jre)
2700:             1             24  [Lcom.google.common.cache.CacheBuilder$OneWeigher; (com.google.common@31.1-jre)
2701:             1             24  [Lcom.google.common.collect.Iterators$EmptyModifiableIterator; (com.google.common@31.1-jre)
2702:             1             24  [Lcom.google.common.collect.MapMaker$Dummy; (com.google.common@31.1-jre)
2703:             1             24  [Lcom.google.common.collect.MapMakerInternalMap$Strength; (com.google.common@31.1-jre)
2704:             1             24  [Lcom.google.common.io.RecursiveDeleteOption; (com.google.common@31.1-jre)
2705:             1             24  [Lcom.google.gson.LongSerializationPolicy; (com.google.gson@2.10)
2706:             1             24  [Lcom.google.gson.LongSerializationPolicy;
2707:             1             24  [Lcom.llamalad7.mixinextras.service.Versioned; (MixinExtras@0.5.3)
2708:             1             24  [Lcom.mojang.datafixers.functions.PointFreeRule$AppNest; (datafixerupper@6.0.8)
2709:             1             24  [Lcom.mojang.datafixers.functions.PointFreeRule$CataFuseDifferent; (datafixerupper@6.0.8)
2710:             1             24  [Lcom.mojang.datafixers.functions.PointFreeRule$CataFuseSame; (datafixerupper@6.0.8)
2711:             1             24  [Lcom.mojang.datafixers.functions.PointFreeRule$LensComp; (datafixerupper@6.0.8)
2712:             1             24  [Lcom.mojang.datafixers.functions.PointFreeRule$SortInj; (datafixerupper@6.0.8)
2713:             1             24  [Lcom.mojang.datafixers.functions.PointFreeRule$SortProj; (datafixerupper@6.0.8)
2714:             1             24  [Lcom.mojang.datafixers.util.Unit; (datafixerupper@6.0.8)
2715:             1             24  [Lcom.sun.org.apache.xerces.internal.utils.XMLSecurityPropertyManager$Property; (java.xml@17.0.15)
2716:             1             24  [Lio.github.zekerzhayard.forgewrapper.installer.util.ModuleUtil$TypeToAdd;
2717:             1             24  [Ljava.io.File$PathStatus; (java.base@17.0.15)
2718:             1             24  [Ljava.lang.StackWalker$ExtendedOption; (java.base@17.0.15)
2719:             1             24  [Ljava.lang.invoke.MethodHandles$Lookup$ClassOption; (java.base@17.0.15)
2720:             1             24  [Ljava.net.InetAddress; (java.base@17.0.15)
2721:             1             24  [Ljava.nio.file.LinkOption; (java.base@17.0.15)
2722:             1             24  [Ljava.time.temporal.IsoFields$Unit; (java.base@17.0.15)
2723:             1             24  [Ljava.util.Comparators$NaturalOrderComparator; (java.base@17.0.15)
2724:             1             24  [Ljava.util.Locale$Category; (java.base@17.0.15)
2725:             1             24  [Ljdk.internal.icu.util.CodePointTrie$Type; (java.base@17.0.15)
2726:             1             24  [Lnet.minecraft.Util$IdentityStrategy; (minecraft@1.20.1)
2727:             1             24  [Lnet.minecraft.core.Direction$AxisDirection; (minecraft@1.20.1)
2728:             1             24  [Lnet.minecraft.core.Direction$Plane; (minecraft@1.20.1)
2729:             1             24  [Lnet.minecraft.core.Holder$Reference$Type; (minecraft@1.20.1)
2730:             1             24  [Lnet.minecraft.util.Unit; (minecraft@1.20.1)
2731:             1             24  [Lnet.minecraft.world.level.block.Block; (minecraft@1.20.1)
2732:             1             24  [Lnet.minecraft.world.level.block.PressurePlateBlock$Sensitivity; (minecraft@1.20.1)
2733:             1             24  [Lnet.minecraftforge.accesstransformer.AccessTransformerEngine; (accesstransformers@8.0.4)
2734:             1             24  [Lnet.minecraftforge.fml.earlydisplay.ColourScheme; (fmlearlydisplay@1.20.1-47.4.13)
2735:             1             24  [Lnet.minecraftforge.fml.earlydisplay.SimpleBufferBuilder$Mode; (fmlearlydisplay@1.20.1-47.4.13)
2736:             1             24  [Lorg.antlr.v4.runtime.atn.ATNDeserializer$UnicodeDeserializingMode; (org.antlr.antlr4.runtime@4.9.1)
2737:             1             24  [Lorg.antlr.v4.runtime.atn.ATNType; (org.antlr.antlr4.runtime@4.9.1)
2738:             1             24  [Lorg.apache.logging.log4j.core.appender.ConsoleAppender$Target; (org.apache.logging.log4j.core@2.19.0)
2739:             1             24  [Lorg.apache.logging.log4j.core.async.ThreadNameCachingStrategy; (org.apache.logging.log4j.core@2.19.0)
2740:             1             24  [Lorg.apache.logging.log4j.core.config.status.StatusConfiguration$Verbosity; (org.apache.logging.log4j.core@2.19.0)
2741:             1             24  [Lorg.apache.logging.log4j.core.pattern.NameAbbreviator$MaxElementAbbreviator$Strategy; (org.apache.logging.log4j.core@2.19.0)
2742:             1             24  [Lsun.security.rsa.RSAUtil$KeyType; (java.base@17.0.15)
2743:             1             24  com.electronwill.nightconfig.core.file.SimpleCommentedFileConfig (com.electronwill.nightconfig.core@3.6.4)
2744:             1             24  com.google.common.cache.CacheBuilder$NullListener (com.google.common@31.1-jre)
2745:             1             24  com.google.common.cache.CacheBuilder$OneWeigher (com.google.common@31.1-jre)
2746:             1             24  com.google.common.cache.LocalCache$EntryFactory$1 (com.google.common@31.1-jre)
2747:             1             24  com.google.common.cache.LocalCache$EntryFactory$2 (com.google.common@31.1-jre)
2748:             1             24  com.google.common.cache.LocalCache$EntryFactory$3 (com.google.common@31.1-jre)
2749:             1             24  com.google.common.cache.LocalCache$EntryFactory$4 (com.google.common@31.1-jre)
2750:             1             24  com.google.common.cache.LocalCache$EntryFactory$5 (com.google.common@31.1-jre)
2751:             1             24  com.google.common.cache.LocalCache$EntryFactory$6 (com.google.common@31.1-jre)
2752:             1             24  com.google.common.cache.LocalCache$EntryFactory$7 (com.google.common@31.1-jre)
2753:             1             24  com.google.common.cache.LocalCache$EntryFactory$8 (com.google.common@31.1-jre)
2754:             1             24  com.google.common.cache.LocalCache$Strength$1 (com.google.common@31.1-jre)
2755:             1             24  com.google.common.cache.LocalCache$Strength$2 (com.google.common@31.1-jre)
2756:             1             24  com.google.common.cache.LocalCache$Strength$3 (com.google.common@31.1-jre)
2757:             1             24  com.google.common.collect.ImmutableMap$IteratorBasedImmutableMap$1EntrySetImpl (com.google.common@31.1-jre)
2758:             1             24  com.google.common.collect.ImmutableSet$EmptySetBuilderImpl (com.google.common@31.1-jre)
2759:             1             24  com.google.common.collect.Iterators$EmptyModifiableIterator (com.google.common@31.1-jre)
2760:             1             24  com.google.common.collect.MapMaker$Dummy (com.google.common@31.1-jre)
2761:             1             24  com.google.common.collect.MapMakerInternalMap$Strength$1 (com.google.common@31.1-jre)
2762:             1             24  com.google.common.collect.MapMakerInternalMap$Strength$2 (com.google.common@31.1-jre)
2763:             1             24  com.google.common.collect.NaturalOrdering (com.google.common@31.1-jre)
2764:             1             24  com.google.common.io.RecursiveDeleteOption (com.google.common@31.1-jre)
2765:             1             24  com.google.gson.FieldNamingPolicy$1 (com.google.gson@2.10)
2766:             1             24  com.google.gson.FieldNamingPolicy$1
2767:             1             24  com.google.gson.FieldNamingPolicy$2 (com.google.gson@2.10)
2768:             1             24  com.google.gson.FieldNamingPolicy$2
2769:             1             24  com.google.gson.FieldNamingPolicy$3 (com.google.gson@2.10)
2770:             1             24  com.google.gson.FieldNamingPolicy$3
2771:             1             24  com.google.gson.FieldNamingPolicy$4 (com.google.gson@2.10)
2772:             1             24  com.google.gson.FieldNamingPolicy$4
2773:             1             24  com.google.gson.FieldNamingPolicy$5 (com.google.gson@2.10)
2774:             1             24  com.google.gson.FieldNamingPolicy$5
2775:             1             24  com.google.gson.FieldNamingPolicy$6 (com.google.gson@2.10)
2776:             1             24  com.google.gson.FieldNamingPolicy$6
2777:             1             24  com.google.gson.FieldNamingPolicy$7 (com.google.gson@2.10)
2778:             1             24  com.google.gson.FieldNamingPolicy$7
2779:             1             24  com.google.gson.LongSerializationPolicy$1
2780:             1             24  com.google.gson.LongSerializationPolicy$1 (com.google.gson@2.10)
2781:             1             24  com.google.gson.LongSerializationPolicy$2
2782:             1             24  com.google.gson.LongSerializationPolicy$2 (com.google.gson@2.10)
2783:             1             24  com.google.gson.ToNumberPolicy$1 (com.google.gson@2.10)
2784:             1             24  com.google.gson.ToNumberPolicy$1
2785:             1             24  com.google.gson.ToNumberPolicy$2 (com.google.gson@2.10)
2786:             1             24  com.google.gson.ToNumberPolicy$2
2787:             1             24  com.google.gson.ToNumberPolicy$3 (com.google.gson@2.10)
2788:             1             24  com.google.gson.ToNumberPolicy$3
2789:             1             24  com.google.gson.ToNumberPolicy$4 (com.google.gson@2.10)
2790:             1             24  com.google.gson.ToNumberPolicy$4
2791:             1             24  com.google.gson.internal.ConstructorConstructor
2792:             1             24  com.google.gson.internal.ConstructorConstructor$19
2793:             1             24  com.google.gson.internal.ConstructorConstructor$3
2794:             1             24  com.google.gson.internal.UnsafeAllocator$1
2795:             1             24  com.google.gson.internal.bind.CollectionTypeAdapterFactory$Adapter (com.google.gson@2.10)
2796:             1             24  com.google.gson.internal.bind.JsonTreeReader$1 (com.google.gson@2.10)
2797:             1             24  com.google.gson.internal.bind.MapTypeAdapterFactory
2798:             1             24  com.google.gson.internal.bind.TypeAdapterRuntimeTypeWrapper (com.google.gson@2.10)
2799:             1             24  com.google.gson.internal.bind.TypeAdapters$33
2800:             1             24  com.google.gson.internal.bind.TypeAdapters$33 (com.google.gson@2.10)
2801:             1             24  com.google.gson.internal.bind.TypeAdapters$34$1 (com.google.gson@2.10)
2802:             1             24  com.llamalad7.mixinextras.lib.semver.VersionParser$CharType$1 (MixinExtras@0.5.3)
2803:             1             24  com.llamalad7.mixinextras.lib.semver.VersionParser$CharType$2 (MixinExtras@0.5.3)
2804:             1             24  com.llamalad7.mixinextras.lib.semver.VersionParser$CharType$3 (MixinExtras@0.5.3)
2805:             1             24  com.llamalad7.mixinextras.lib.semver.VersionParser$CharType$4 (MixinExtras@0.5.3)
2806:             1             24  com.llamalad7.mixinextras.lib.semver.VersionParser$CharType$5 (MixinExtras@0.5.3)
2807:             1             24  com.llamalad7.mixinextras.lib.semver.VersionParser$CharType$6 (MixinExtras@0.5.3)
2808:             1             24  com.llamalad7.mixinextras.lib.semver.VersionParser$CharType$7 (MixinExtras@0.5.3)
2809:             1             24  com.llamalad7.mixinextras.service.ServiceInitializationExtension (MixinExtras@0.5.3)
2810:             1             24  com.llamalad7.mixinextras.transformer.MixinTransformerExtension (MixinExtras@0.5.3)
2811:             1             24  com.llamalad7.mixinextras.utils.InternalConstructor$$Lambda$990/0x0000000800536f20 (MixinExtras@0.5.3)
2812:             1             24  com.mojang.datafixers.FieldFinder (datafixerupper@6.0.8)
2813:             1             24  com.mojang.datafixers.functions.PointFreeRule$AppNest (datafixerupper@6.0.8)
2814:             1             24  com.mojang.datafixers.functions.PointFreeRule$CataFuseDifferent (datafixerupper@6.0.8)
2815:             1             24  com.mojang.datafixers.functions.PointFreeRule$CataFuseSame (datafixerupper@6.0.8)
2816:             1             24  com.mojang.datafixers.functions.PointFreeRule$Everywhere (datafixerupper@6.0.8)
2817:             1             24  com.mojang.datafixers.functions.PointFreeRule$LensComp (datafixerupper@6.0.8)
2818:             1             24  com.mojang.datafixers.functions.PointFreeRule$SortInj (datafixerupper@6.0.8)
2819:             1             24  com.mojang.datafixers.functions.PointFreeRule$SortProj (datafixerupper@6.0.8)
2820:             1             24  com.mojang.datafixers.types.constant.EmptyPart (datafixerupper@6.0.8)
2821:             1             24  com.mojang.datafixers.types.constant.EmptyPartPassthrough (datafixerupper@6.0.8)
2822:             1             24  com.mojang.datafixers.util.Unit (datafixerupper@6.0.8)
2823:             1             24  com.mojang.serialization.MapDecoder$3 (datafixerupper@6.0.8)
2824:             1             24  com.mojang.serialization.MapEncoder$2 (datafixerupper@6.0.8)
2825:             1             24  com.mojang.serialization.codecs.RecordCodecBuilder$Instance$$Lambda$1194/0x0000000800597a10 (datafixerupper@6.0.8)
2826:             1             24  com.mojang.serialization.codecs.UnboundedMapCodec (datafixerupper@6.0.8)
2827:             1             24  com.sun.jmx.mbeanserver.ClassLoaderRepositorySupport (java.management@17.0.15)
2828:             1             24  com.sun.jmx.mbeanserver.MXBeanLookup (java.management@17.0.15)
2829:             1             24  com.sun.jmx.remote.util.ClassLogger (java.management@17.0.15)
2830:             1             24  com.sun.jna.NativeLibrary$NativeLibraryDisposer (com.sun.jna@5.12.1)
2831:             1             24  com.sun.jna.Structure$3 (com.sun.jna@5.12.1)
2832:             1             24  com.sun.jna.WeakMemoryHolder (com.sun.jna@5.12.1)
2833:             1             24  com.sun.jna.internal.Cleaner (com.sun.jna@5.12.1)
2834:             1             24  com.sun.management.internal.HotSpotThreadImpl (jdk.management@17.0.15)
2835:             1             24  com.sun.management.internal.PlatformMBeanProviderImpl$1 (jdk.management@17.0.15)
2836:             1             24  com.sun.management.internal.PlatformMBeanProviderImpl$2 (jdk.management@17.0.15)
2837:             1             24  com.sun.management.internal.PlatformMBeanProviderImpl$3 (jdk.management@17.0.15)
2838:             1             24  com.sun.management.internal.PlatformMBeanProviderImpl$4 (jdk.management@17.0.15)
2839:             1             24  com.sun.management.internal.PlatformMBeanProviderImpl$5 (jdk.management@17.0.15)
2840:             1             24  com.sun.org.apache.xerces.internal.impl.Constants$ArrayEnumeration (java.xml@17.0.15)
2841:             1             24  com.sun.org.apache.xerces.internal.jaxp.SAXParserFactoryImpl (java.xml@17.0.15)
2842:             1             24  cpw.mods.modlauncher.ArgumentHandler$DiscoveryData (cpw.mods.modlauncher@10.0.9)
2843:             1             24  cpw.mods.modlauncher.Environment (cpw.mods.modlauncher@10.0.9)
2844:             1             24  cpw.mods.modlauncher.LaunchPluginHandler$$Lambda$945/0x0000000800505b48 (cpw.mods.modlauncher@10.0.9)
2845:             1             24  cpw.mods.modlauncher.LaunchPluginHandler$$Lambda$955/0x0000000800514000 (cpw.mods.modlauncher@10.0.9)
2846:             1             24  cpw.mods.modlauncher.ModuleLayerHandler (cpw.mods.modlauncher@10.0.9)
2847:             1             24  cpw.mods.modlauncher.NameMappingServiceHandler (cpw.mods.modlauncher@10.0.9)
2848:             1             24  cpw.mods.modlauncher.TransformStore (cpw.mods.modlauncher@10.0.9)
2849:             1             24  cpw.mods.modlauncher.TransformationServicesHandler (cpw.mods.modlauncher@10.0.9)
2850:             1             24  cpw.mods.modlauncher.TransformingClassLoaderBuilder (cpw.mods.modlauncher@10.0.9)
2851:             1             24  cpw.mods.niofs.union.UnionFileSystemProvider (cpw.mods.securejarhandler)
2852:             1             24  io.github.zekerzhayard.forgewrapper.installer.detector.MultiMCFileDetector
2853:             1             24  it.unimi.dsi.fastutil.doubles.DoubleLists$UnmodifiableRandomAccessList (it.unimi.dsi.fastutil@8.5.9)
2854:             1             24  it.unimi.dsi.fastutil.ints.IntArrays$Segment (it.unimi.dsi.fastutil@8.5.9)
2855:             1             24  java.lang.ProcessEnvironment$StringEnvironment (java.base@17.0.15)
2856:             1             24  java.lang.ProcessHandleImpl$$Lambda$282/0x00000008002519a0 (java.base@17.0.15)
2857:             1             24  java.lang.StackWalker$ExtendedOption (java.base@17.0.15)
2858:             1             24  java.lang.invoke.DirectMethodHandle$EnsureInitialized (java.base@17.0.15)
2859:             1             24  java.lang.invoke.MethodHandleImpl$ArrayAccessor$1 (java.base@17.0.15)
2860:             1             24  java.lang.invoke.MethodHandleImpl$BindCaller$1 (java.base@17.0.15)
2861:             1             24  java.lang.invoke.MethodHandleImpl$Makers$3 (java.base@17.0.15)
2862:             1             24  java.lang.invoke.MethodType$ConcurrentWeakInternSet (java.base@17.0.15)
2863:             1             24  java.lang.invoke.VarHandleByteArrayAsInts$ArrayHandle (java.base@17.0.15)
2864:             1             24  java.lang.invoke.VarHandleByteArrayAsLongs$ArrayHandle (java.base@17.0.15)
2865:             1             24  java.lang.management.DefaultPlatformMBeanProvider$1 (java.management@17.0.15)
2866:             1             24  java.lang.management.DefaultPlatformMBeanProvider$10 (java.management@17.0.15)
2867:             1             24  java.lang.management.DefaultPlatformMBeanProvider$11 (java.management@17.0.15)
2868:             1             24  java.lang.management.DefaultPlatformMBeanProvider$2 (java.management@17.0.15)
2869:             1             24  java.lang.management.DefaultPlatformMBeanProvider$3 (java.management@17.0.15)
2870:             1             24  java.lang.management.DefaultPlatformMBeanProvider$4 (java.management@17.0.15)
2871:             1             24  java.lang.management.DefaultPlatformMBeanProvider$5 (java.management@17.0.15)
2872:             1             24  java.lang.management.DefaultPlatformMBeanProvider$6 (java.management@17.0.15)
2873:             1             24  java.lang.management.DefaultPlatformMBeanProvider$7 (java.management@17.0.15)
2874:             1             24  java.lang.management.DefaultPlatformMBeanProvider$8 (java.management@17.0.15)
2875:             1             24  java.lang.management.DefaultPlatformMBeanProvider$9 (java.management@17.0.15)
2876:             1             24  java.lang.reflect.Proxy$1 (java.base@17.0.15)
2877:             1             24  java.math.MutableBigInteger (java.base@17.0.15)
2878:             1             24  java.net.Inet4Address (java.base@17.0.15)
2879:             1             24  java.net.Inet4AddressImpl (java.base@17.0.15)
2880:             1             24  java.net.Proxy (java.base@17.0.15)
2881:             1             24  java.nio.file.LinkOption (java.base@17.0.15)
2882:             1             24  java.security.Timestamp (java.base@17.0.15)
2883:             1             24  java.time.Period (java.base@17.0.15)
2884:             1             24  java.time.ZonedDateTime (java.base@17.0.15)
2885:             1             24  java.time.format.DecimalStyle (java.base@17.0.15)
2886:             1             24  java.time.temporal.IsoFields$Field$1 (java.base@17.0.15)
2887:             1             24  java.time.temporal.IsoFields$Field$2 (java.base@17.0.15)
2888:             1             24  java.time.temporal.IsoFields$Field$3 (java.base@17.0.15)
2889:             1             24  java.time.temporal.IsoFields$Field$4 (java.base@17.0.15)
2890:             1             24  java.time.zone.TzdbZoneRulesProvider (java.base@17.0.15)
2891:             1             24  java.util.Collections$EmptyMap (java.base@17.0.15)
2892:             1             24  java.util.Collections$SynchronizedCollection (java.base@17.0.15)
2893:             1             24  java.util.Collections$SynchronizedRandomAccessList (java.base@17.0.15)
2894:             1             24  java.util.Comparators$NaturalOrderComparator (java.base@17.0.15)
2895:             1             24  java.util.Locale$Cache (java.base@17.0.15)
2896:             1             24  java.util.OptionalInt (java.base@17.0.15)
2897:             1             24  java.util.PropertyPermissionCollection (java.base@17.0.15)
2898:             1             24  java.util.ResourceBundle$Control$CandidateListCache (java.base@17.0.15)
2899:             1             24  java.util.concurrent.ConcurrentLinkedDeque (java.base@17.0.15)
2900:             1             24  java.util.concurrent.CopyOnWriteArrayList$COWIterator (java.base@17.0.15)
2901:             1             24  java.util.concurrent.Executors$DelegatedScheduledExecutorService (java.base@17.0.15)
2902:             1             24  java.util.logging.LogManager$LoggerContext (java.logging@17.0.15)
2903:             1             24  java.util.regex.Pattern$BmpCharPredicate$$Lambda$984/0x00000008002eec08 (java.base@17.0.15)
2904:             1             24  jdk.dynalink.beans.BeansLinker$1 (jdk.dynalink@17.0.15)
2905:             1             24  jdk.dynalink.beans.BeansLinker$NoSuchMemberHandlerBindingLinker (jdk.dynalink@17.0.15)
2906:             1             24  jdk.dynalink.beans.StaticClass$1 (jdk.dynalink@17.0.15)
2907:             1             24  jdk.dynalink.beans.StaticClassLinker$1 (jdk.dynalink@17.0.15)
2908:             1             24  jdk.internal.icu.impl.Norm2AllModes (java.base@17.0.15)
2909:             1             24  jdk.internal.icu.impl.Norm2AllModes$ComposeNormalizer2 (java.base@17.0.15)
2910:             1             24  jdk.internal.icu.impl.Norm2AllModes$Norm2AllModesSingleton (java.base@17.0.15)
2911:             1             24  jdk.internal.jimage.ImageReader (java.base@17.0.15)
2912:             1             24  jdk.internal.logger.BootstrapLogger$RedirectedLoggers (java.base@17.0.15)
2913:             1             24  jdk.internal.ref.CleanerImpl (java.base@17.0.15)
2914:             1             24  jdk.jfr.internal.management.StreamManager (jdk.jfr@17.0.15)
2915:             1             24  jdk.management.jfr.internal.FlightRecorderMXBeanProvider$SingleMBeanComponent (jdk.management.jfr@17.0.15)
2916:             1             24  jdk.nio.zipfs.ZipCoder$UTF8 (jdk.zipfs@17.0.15)
2917:             1             24  joptsimple.BuiltinHelpFormatter (jopt.simple@5.0.4)
2918:             1             24  joptsimple.util.PathProperties$1 (jopt.simple@5.0.4)
2919:             1             24  joptsimple.util.PathProperties$2 (jopt.simple@5.0.4)
2920:             1             24  joptsimple.util.PathProperties$3 (jopt.simple@5.0.4)
2921:             1             24  joptsimple.util.PathProperties$4 (jopt.simple@5.0.4)
2922:             1             24  joptsimple.util.PathProperties$5 (jopt.simple@5.0.4)
2923:             1             24  joptsimple.util.PathProperties$6 (jopt.simple@5.0.4)
2924:             1             24  net.fabricmc.loader.impl.ObjectShareImpl (net.fabricmc.loader@2.6.0+0.15.0+1.20.1-full)
2925:             1             24  net.fabricmc.loader.impl.entrypoint.EntrypointStorage (net.fabricmc.loader@2.6.0+0.15.0+1.20.1-full)
2926:             1             24  net.minecraft.Util$IdentityStrategy (minecraft@1.20.1)
2927:             1             24  net.minecraft.client.telemetry.events.GameLoadTimesEvent (minecraft@1.20.1)
2928:             1             24  net.minecraft.core.Direction$Axis$1 (minecraft@1.20.1)
2929:             1             24  net.minecraft.core.Direction$Axis$2 (minecraft@1.20.1)
2930:             1             24  net.minecraft.core.Direction$Axis$3 (minecraft@1.20.1)
2931:             1             24  net.minecraft.core.IdMapper (minecraft@1.20.1)
2932:             1             24  net.minecraft.core.particles.DustColorTransitionOptions (minecraft@1.20.1)
2933:             1             24  net.minecraft.core.particles.DustParticleOptions (minecraft@1.20.1)
2934:             1             24  net.minecraft.resources.RegistryFileCodec (minecraft@1.20.1)
2935:             1             24  net.minecraft.util.ByIdMap$$Lambda$1497/0x0000000800730410 (minecraft@1.20.1)
2936:             1             24  net.minecraft.util.ExtraCodecs$$Lambda$1079/0x000000080056df78 (minecraft@1.20.1)
2937:             1             24  net.minecraft.util.Unit (minecraft@1.20.1)
2938:             1             24  net.minecraft.util.datafix.fixes.AbstractArrowPickupFix (minecraft@1.20.1)
2939:             1             24  net.minecraft.util.datafix.fixes.AttributesRename (minecraft@1.20.1)
2940:             1             24  net.minecraft.util.datafix.fixes.BedItemColorFix (minecraft@1.20.1)
2941:             1             24  net.minecraft.util.datafix.fixes.BitStorageAlignFix (minecraft@1.20.1)
2942:             1             24  net.minecraft.util.datafix.fixes.BlendingDataRemoveFromNetherEndFix (minecraft@1.20.1)
2943:             1             24  net.minecraft.util.datafix.fixes.BlockEntityCustomNameToComponentFix (minecraft@1.20.1)
2944:             1             24  net.minecraft.util.datafix.fixes.BlockEntityIdFix (minecraft@1.20.1)
2945:             1             24  net.minecraft.util.datafix.fixes.BlockNameFlatteningFix (minecraft@1.20.1)
2946:             1             24  net.minecraft.util.datafix.fixes.BlockStateStructureTemplateFix (minecraft@1.20.1)
2947:             1             24  net.minecraft.util.datafix.fixes.CauldronRenameFix (minecraft@1.20.1)
2948:             1             24  net.minecraft.util.datafix.fixes.ChunkBedBlockEntityInjecterFix (minecraft@1.20.1)
2949:             1             24  net.minecraft.util.datafix.fixes.ChunkBiomeFix (minecraft@1.20.1)
2950:             1             24  net.minecraft.util.datafix.fixes.ChunkDeleteIgnoredLightDataFix (minecraft@1.20.1)
2951:             1             24  net.minecraft.util.datafix.fixes.ChunkHeightAndBiomeFix (minecraft@1.20.1)
2952:             1             24  net.minecraft.util.datafix.fixes.ChunkLightRemoveFix (minecraft@1.20.1)
2953:             1             24  net.minecraft.util.datafix.fixes.ChunkPalettedStorageFix (minecraft@1.20.1)
2954:             1             24  net.minecraft.util.datafix.fixes.ChunkProtoTickListFix (minecraft@1.20.1)
2955:             1             24  net.minecraft.util.datafix.fixes.ChunkRenamesFix (minecraft@1.20.1)
2956:             1             24  net.minecraft.util.datafix.fixes.ChunkStatusFix (minecraft@1.20.1)
2957:             1             24  net.minecraft.util.datafix.fixes.ChunkStatusFix2 (minecraft@1.20.1)
2958:             1             24  net.minecraft.util.datafix.fixes.ChunkStructuresTemplateRenameFix (minecraft@1.20.1)
2959:             1             24  net.minecraft.util.datafix.fixes.ChunkToProtochunkFix (minecraft@1.20.1)
2960:             1             24  net.minecraft.util.datafix.fixes.EffectDurationFix (minecraft@1.20.1)
2961:             1             24  net.minecraft.util.datafix.fixes.EntityBlockStateFix (minecraft@1.20.1)
2962:             1             24  net.minecraft.util.datafix.fixes.EntityCustomNameToComponentFix (minecraft@1.20.1)
2963:             1             24  net.minecraft.util.datafix.fixes.EntityEquipmentToArmorAndHandFix (minecraft@1.20.1)
2964:             1             24  net.minecraft.util.datafix.fixes.EntityHealthFix (minecraft@1.20.1)
2965:             1             24  net.minecraft.util.datafix.fixes.EntityIdFix (minecraft@1.20.1)
2966:             1             24  net.minecraft.util.datafix.fixes.EntityMinecartIdentifiersFix (minecraft@1.20.1)
2967:             1             24  net.minecraft.util.datafix.fixes.EntityPaintingItemFrameDirectionFix (minecraft@1.20.1)
2968:             1             24  net.minecraft.util.datafix.fixes.EntityProjectileOwnerFix (minecraft@1.20.1)
2969:             1             24  net.minecraft.util.datafix.fixes.EntityRedundantChanceTagsFix (minecraft@1.20.1)
2970:             1             24  net.minecraft.util.datafix.fixes.EntityRidingToPassengersFix (minecraft@1.20.1)
2971:             1             24  net.minecraft.util.datafix.fixes.EntityStringUuidFix (minecraft@1.20.1)
2972:             1             24  net.minecraft.util.datafix.fixes.ForcePoiRebuild (minecraft@1.20.1)
2973:             1             24  net.minecraft.util.datafix.fixes.FurnaceRecipeFix (minecraft@1.20.1)
2974:             1             24  net.minecraft.util.datafix.fixes.HeightmapRenamingFix (minecraft@1.20.1)
2975:             1             24  net.minecraft.util.datafix.fixes.IglooMetadataRemovalFix (minecraft@1.20.1)
2976:             1             24  net.minecraft.util.datafix.fixes.ItemBannerColorFix (minecraft@1.20.1)
2977:             1             24  net.minecraft.util.datafix.fixes.ItemCustomNameToComponentFix (minecraft@1.20.1)
2978:             1             24  net.minecraft.util.datafix.fixes.ItemIdFix (minecraft@1.20.1)
2979:             1             24  net.minecraft.util.datafix.fixes.ItemLoreFix (minecraft@1.20.1)
2980:             1             24  net.minecraft.util.datafix.fixes.ItemPotionFix (minecraft@1.20.1)
2981:             1             24  net.minecraft.util.datafix.fixes.ItemShulkerBoxColorFix (minecraft@1.20.1)
2982:             1             24  net.minecraft.util.datafix.fixes.ItemSpawnEggFix (minecraft@1.20.1)
2983:             1             24  net.minecraft.util.datafix.fixes.ItemStackEnchantmentNamesFix (minecraft@1.20.1)
2984:             1             24  net.minecraft.util.datafix.fixes.ItemStackMapIdFix (minecraft@1.20.1)
2985:             1             24  net.minecraft.util.datafix.fixes.ItemStackTheFlatteningFix (minecraft@1.20.1)
2986:             1             24  net.minecraft.util.datafix.fixes.ItemWaterPotionFix (minecraft@1.20.1)
2987:             1             24  net.minecraft.util.datafix.fixes.ItemWrittenBookPagesStrictJsonFix (minecraft@1.20.1)
2988:             1             24  net.minecraft.util.datafix.fixes.JigsawRotationFix (minecraft@1.20.1)
2989:             1             24  net.minecraft.util.datafix.fixes.LeavesFix (minecraft@1.20.1)
2990:             1             24  net.minecraft.util.datafix.fixes.LevelDataGeneratorOptionsFix (minecraft@1.20.1)
2991:             1             24  net.minecraft.util.datafix.fixes.LevelFlatGeneratorInfoFix (minecraft@1.20.1)
2992:             1             24  net.minecraft.util.datafix.fixes.MapIdFix (minecraft@1.20.1)
2993:             1             24  net.minecraft.util.datafix.fixes.MissingDimensionFix (minecraft@1.20.1)
2994:             1             24  net.minecraft.util.datafix.fixes.MobSpawnerEntityIdentifiersFix (minecraft@1.20.1)
2995:             1             24  net.minecraft.util.datafix.fixes.NewVillageFix (minecraft@1.20.1)
2996:             1             24  net.minecraft.util.datafix.fixes.ObjectiveDisplayNameFix (minecraft@1.20.1)
2997:             1             24  net.minecraft.util.datafix.fixes.ObjectiveRenderTypeFix (minecraft@1.20.1)
2998:             1             24  net.minecraft.util.datafix.fixes.OptionsAccessibilityOnboardFix (minecraft@1.20.1)
2999:             1             24  net.minecraft.util.datafix.fixes.OptionsAddTextBackgroundFix (minecraft@1.20.1)
3000:             1             24  net.minecraft.util.datafix.fixes.OptionsAmbientOcclusionFix (minecraft@1.20.1)
3001:             1             24  net.minecraft.util.datafix.fixes.OptionsForceVBOFix (minecraft@1.20.1)
3002:             1             24  net.minecraft.util.datafix.fixes.OptionsKeyLwjgl3Fix (minecraft@1.20.1)
3003:             1             24  net.minecraft.util.datafix.fixes.OptionsKeyTranslationFix (minecraft@1.20.1)
3004:             1             24  net.minecraft.util.datafix.fixes.OptionsLowerCaseLanguageFix (minecraft@1.20.1)
3005:             1             24  net.minecraft.util.datafix.fixes.OptionsProgrammerArtFix (minecraft@1.20.1)
3006:             1             24  net.minecraft.util.datafix.fixes.OverreachingTickFix (minecraft@1.20.1)
3007:             1             24  net.minecraft.util.datafix.fixes.RedstoneWireConnectionsFix (minecraft@1.20.1)
3008:             1             24  net.minecraft.util.datafix.fixes.ReorganizePoi (minecraft@1.20.1)
3009:             1             24  net.minecraft.util.datafix.fixes.SavedDataFeaturePoolElementFix (minecraft@1.20.1)
3010:             1             24  net.minecraft.util.datafix.fixes.SpawnerDataFix (minecraft@1.20.1)
3011:             1             24  net.minecraft.util.datafix.fixes.StatsCounterFix (minecraft@1.20.1)
3012:             1             24  net.minecraft.util.datafix.fixes.StructureReferenceCountFix (minecraft@1.20.1)
3013:             1             24  net.minecraft.util.datafix.fixes.StructureSettingsFlattenFix (minecraft@1.20.1)
3014:             1             24  net.minecraft.util.datafix.fixes.StructuresBecomeConfiguredFix (minecraft@1.20.1)
3015:             1             24  net.minecraft.util.datafix.fixes.TeamDisplayNameFix (minecraft@1.20.1)
3016:             1             24  net.minecraft.util.datafix.fixes.TrappedChestBlockEntityFix (minecraft@1.20.1)
3017:             1             24  net.minecraft.util.datafix.fixes.VillagerRebuildLevelAndXpFix (minecraft@1.20.1)
3018:             1             24  net.minecraft.util.datafix.fixes.WallPropertyFix (minecraft@1.20.1)
3019:             1             24  net.minecraft.util.datafix.fixes.WorldGenSettingsFix (minecraft@1.20.1)
3020:             1             24  net.minecraft.util.datafix.fixes.WorldGenSettingsHeightAndBiomeFix (minecraft@1.20.1)
3021:             1             24  net.minecraft.world.entity.EntityDimensions (minecraft@1.20.1)
3022:             1             24  net.minecraft.world.flag.FeatureFlagRegistry (minecraft@1.20.1)
3023:             1             24  net.minecraft.world.level.block.MultifaceSpreader$SpreadType$1 (minecraft@1.20.1)
3024:             1             24  net.minecraft.world.level.block.MultifaceSpreader$SpreadType$2 (minecraft@1.20.1)
3025:             1             24  net.minecraft.world.level.block.MultifaceSpreader$SpreadType$3 (minecraft@1.20.1)
3026:             1             24  net.minecraft.world.level.levelgen.LegacyRandomSource (minecraft@1.20.1)
3027:             1             24  net.minecraft.world.level.levelgen.ThreadSafeLegacyRandomSource (minecraft@1.20.1)
3028:             1             24  net.minecraftforge.accesstransformer.AccessTransformerEngine (accesstransformers@8.0.4)
3029:             1             24  net.minecraftforge.accesstransformer.parser.AccessTransformerList (accesstransformers@8.0.4)
3030:             1             24  net.minecraftforge.accesstransformer.service.ServiceNameHandler (accesstransformers@8.0.4)
3031:             1             24  net.minecraftforge.common.IExtensibleEnum$$Lambda$1794/0x00000008007fbd60 (forge@47.4.13)
3032:             1             24  net.minecraftforge.eventbus.EventBusEngine (net.minecraftforge.eventbus)
3033:             1             24  net.minecraftforge.fml.ModLoadingContext (fmlcore@1.20.1-47.4.13)
3034:             1             24  net.minecraftforge.fml.earlydisplay.EarlyFramebuffer (fmlearlydisplay@1.20.1-47.4.13)
3035:             1             24  net.minecraftforge.fml.earlydisplay.RenderElement$$Lambda$604/0x0000000800384cb0 (fmlearlydisplay@1.20.1-47.4.13)
3036:             1             24  net.minecraftforge.fml.earlydisplay.RenderElement$$Lambda$608/0x0000000800385778 (fmlearlydisplay@1.20.1-47.4.13)
3037:             1             24  net.minecraftforge.fml.javafmlmod.FMLJavaModLanguageProvider$FMLModTarget (javafmllanguage@1.20.1-47.4.13)
3038:             1             24  net.minecraftforge.fml.loading.EarlyLoadingException$ExceptionData (fmlloader@1.20.1-47.4.13)
3039:             1             24  net.minecraftforge.fml.loading.MCPNamingService (fmlloader@1.20.1-47.4.13)
3040:             1             24  net.minecraftforge.fml.loading.moddiscovery.ClasspathLocator (fmlloader@1.20.1-47.4.13)
3041:             1             24  net.minecraftforge.fml.loading.moddiscovery.ExplodedDirectoryLocator (fmlloader@1.20.1-47.4.13)
3042:             1             24  net.minecraftforge.fml.loading.moddiscovery.ModsFolderLocator (fmlloader@1.20.1-47.4.13)
3043:             1             24  net.minecraftforge.fml.loading.targets.CommonClientLaunchHandler$$Lambda$1019/0x000000080054e400 (fmlloader@1.20.1-47.4.13)
3044:             1             24  net.minecraftforge.forgespi.Environment (net.minecraftforge.forgespi@7.0.1)
3045:             1             24  net.minecraftforge.jarjar.metadata.json.MetadataSerializer$1 (JarJarMetadata@0.3.19)
3046:             1             24  org.antlr.v4.runtime.atn.SemanticContext$Predicate (org.antlr.antlr4.runtime@4.9.1)
3047:             1             24  org.antlr.v4.runtime.misc.Pair (org.antlr.antlr4.runtime@4.9.1)
3048:             1             24  org.apache.commons.lang3.tuple.ImmutablePair (org.apache.commons.lang3@3.12.0)
3049:             1             24  org.apache.logging.log4j.core.appender.ConsoleAppender$Target$1 (org.apache.logging.log4j.core@2.19.0)
3050:             1             24  org.apache.logging.log4j.core.appender.ConsoleAppender$Target$2 (org.apache.logging.log4j.core@2.19.0)
3051:             1             24  org.apache.logging.log4j.core.appender.rolling.FileExtension$1 (org.apache.logging.log4j.core@2.19.0)
3052:             1             24  org.apache.logging.log4j.core.appender.rolling.FileExtension$2 (org.apache.logging.log4j.core@2.19.0)
3053:             1             24  org.apache.logging.log4j.core.appender.rolling.FileExtension$3 (org.apache.logging.log4j.core@2.19.0)
3054:             1             24  org.apache.logging.log4j.core.appender.rolling.FileExtension$4 (org.apache.logging.log4j.core@2.19.0)
3055:             1             24  org.apache.logging.log4j.core.appender.rolling.FileExtension$5 (org.apache.logging.log4j.core@2.19.0)
3056:             1             24  org.apache.logging.log4j.core.appender.rolling.FileExtension$6 (org.apache.logging.log4j.core@2.19.0)
3057:             1             24  org.apache.logging.log4j.core.async.ThreadNameCachingStrategy$1 (org.apache.logging.log4j.core@2.19.0)
3058:             1             24  org.apache.logging.log4j.core.async.ThreadNameCachingStrategy$2 (org.apache.logging.log4j.core@2.19.0)
3059:             1             24  org.apache.logging.log4j.core.config.LoggerConfig$LoggerConfigPredicate$1 (org.apache.logging.log4j.core@2.19.0)
3060:             1             24  org.apache.logging.log4j.core.config.LoggerConfig$LoggerConfigPredicate$2 (org.apache.logging.log4j.core@2.19.0)
3061:             1             24  org.apache.logging.log4j.core.config.LoggerConfig$LoggerConfigPredicate$3 (org.apache.logging.log4j.core@2.19.0)
3062:             1             24  org.apache.logging.log4j.core.config.Loggers (org.apache.logging.log4j.core@2.19.0)
3063:             1             24  org.apache.logging.log4j.core.config.json.JsonConfigurationFactory (org.apache.logging.log4j.core@2.19.0)
3064:             1             24  org.apache.logging.log4j.core.config.plugins.util.PluginRegistry (org.apache.logging.log4j.core@2.19.0)
3065:             1             24  org.apache.logging.log4j.core.config.yaml.YamlConfigurationFactory (org.apache.logging.log4j.core@2.19.0)
3066:             1             24  org.apache.logging.log4j.core.filter.CompositeFilter (org.apache.logging.log4j.core@2.19.0)
3067:             1             24  org.apache.logging.log4j.core.impl.Log4jContextFactory (org.apache.logging.log4j.core@2.19.0)
3068:             1             24  org.apache.logging.log4j.core.jmx.ContextSelectorAdmin (org.apache.logging.log4j.core@2.19.0)
3069:             1             24  org.apache.logging.log4j.core.pattern.FormattingInfo (org.apache.logging.log4j.core@2.19.0)
3070:             1             24  org.apache.logging.log4j.core.pattern.IntegerPatternConverter (org.apache.logging.log4j.core@2.19.0)
3071:             1             24  org.apache.logging.log4j.core.pattern.LevelPatternConverter$SimpleLevelPatternConverter (org.apache.logging.log4j.core@2.19.0)
3072:             1             24  org.apache.logging.log4j.core.pattern.LineSeparatorPatternConverter (org.apache.logging.log4j.core@2.19.0)
3073:             1             24  org.apache.logging.log4j.core.pattern.MessagePatternConverter$SimpleMessagePatternConverter (org.apache.logging.log4j.core@2.19.0)
3074:             1             24  org.apache.logging.log4j.core.pattern.NameAbbreviator$MaxElementAbbreviator$Strategy$1 (org.apache.logging.log4j.core@2.19.0)
3075:             1             24  org.apache.logging.log4j.core.pattern.NameAbbreviator$MaxElementAbbreviator$Strategy$2 (org.apache.logging.log4j.core@2.19.0)
3076:             1             24  org.apache.logging.log4j.core.pattern.PatternParser (org.apache.logging.log4j.core@2.19.0)
3077:             1             24  org.apache.logging.log4j.core.pattern.SimpleLiteralPatternConverter$Space (org.apache.logging.log4j.core@2.19.0)
3078:             1             24  org.apache.logging.log4j.core.pattern.ThreadNamePatternConverter (org.apache.logging.log4j.core@2.19.0)
3079:             1             24  org.apache.logging.log4j.core.util.Source (org.apache.logging.log4j.core@2.19.0)
3080:             1             24  org.apache.logging.log4j.core.util.datetime.FastDatePrinter$TextField (org.apache.logging.log4j.core@2.19.0)
3081:             1             24  org.apache.logging.log4j.spi.LoggerRegistry (org.apache.logging.log4j@2.19.0)
3082:             1             24  org.apache.logging.log4j.status.StatusConsoleListener (org.apache.logging.log4j@2.19.0)
3083:             1             24  org.apache.logging.slf4j.Log4jLoggerFactory (org.apache.logging.log4j.slf4j@2.19.0)
3084:             1             24  org.apache.logging.slf4j.SLF4JServiceProvider (org.apache.logging.log4j.slf4j@2.19.0)
3085:             1             24  org.apache.maven.artifact.versioning.ComparableVersion$LongItem (maven.artifact@3.8.5)
3086:             1             24  org.lwjgl.opengl.GL$1 (org.lwjgl.opengl@3.3.1+7)
3087:             1             24  org.lwjgl.stb.STBTTPackRange (org.lwjgl.stb@3.3.1+7)
3088:             1             24  org.lwjgl.stb.STBTTPackedchar (org.lwjgl.stb@3.3.1+7)
3089:             1             24  org.openjdk.nashorn.internal.runtime.AccessorProperty$1 (org.openjdk.nashorn)
3090:             1             24  org.openjdk.nashorn.internal.runtime.arrays.ArrayData$UntouchedArrayData (org.openjdk.nashorn)
3091:             1             24  org.openjdk.nashorn.internal.runtime.linker.ClassAndLoader (org.openjdk.nashorn)
3092:             1             24  org.openjdk.nashorn.internal.runtime.linker.JavaAdapterFactory$1 (org.openjdk.nashorn)
3093:             1             24  org.openjdk.nashorn.internal.runtime.linker.JavaAdapterFactory$2 (org.openjdk.nashorn)
3094:             1             24  org.openjdk.nashorn.internal.runtime.linker.NashornBeansLinker$1 (org.openjdk.nashorn)
3095:             1             24  org.openjdk.nashorn.internal.runtime.linker.NashornCallSiteDescriptor$1 (org.openjdk.nashorn)
3096:             1             24  org.openjdk.nashorn.internal.runtime.linker.NashornLinker$1 (org.openjdk.nashorn)
3097:             1             24  org.openjdk.nashorn.internal.runtime.logging.DebugLogger (org.openjdk.nashorn)
3098:             1             24  org.slf4j.helpers.BasicMDCAdapter (org.slf4j@2.0.1)
3099:             1             24  org.slf4j.helpers.BasicMDCAdapter$1 (org.slf4j@2.0.1)
3100:             1             24  org.slf4j.helpers.FormattingTuple (org.slf4j@2.0.1)
3101:             1             24  org.slf4j.helpers.NOP_FallbackServiceProvider (org.slf4j@2.0.1)
3102:             1             24  org.slf4j.helpers.SubstituteLoggerFactory (org.slf4j@2.0.1)
3103:             1             24  org.slf4j.helpers.SubstituteServiceProvider (org.slf4j@2.0.1)
3104:             1             24  org.spongepowered.asm.launch.MixinTransformationService (org.spongepowered.mixin)
3105:             1             24  org.spongepowered.asm.launch.platform.MixinConnectorManager (org.spongepowered.mixin)
3106:             1             24  org.spongepowered.asm.launch.platform.MixinPlatformAgentMinecraftForge (org.spongepowered.mixin)
3107:             1             24  org.spongepowered.asm.launch.platform.container.ContainerHandleModLauncherEx (org.spongepowered.mixin)
3108:             1             24  org.spongepowered.asm.mixin.MixinEnvironment$Side$1 (org.spongepowered.mixin)
3109:             1             24  org.spongepowered.asm.mixin.MixinEnvironment$Side$2 (org.spongepowered.mixin)
3110:             1             24  org.spongepowered.asm.mixin.MixinEnvironment$Side$3 (org.spongepowered.mixin)
3111:             1             24  org.spongepowered.asm.mixin.transformer.MixinClassGenerator (org.spongepowered.mixin)
3112:             1             24  org.spongepowered.asm.mixin.transformer.MixinCoprocessorAccessor (org.spongepowered.mixin)
3113:             1             24  org.spongepowered.asm.mixin.transformer.ext.extensions.ExtensionClassExporter (org.spongepowered.mixin)
3114:             1             24  org.spongepowered.asm.service.MixinService$LogBuffer (org.spongepowered.mixin)
3115:             1             24  org.spongepowered.asm.service.modlauncher.Blackboard (org.spongepowered.mixin)
3116:             1             24  org.spongepowered.asm.service.modlauncher.MixinTransformationHandler (org.spongepowered.mixin)
3117:             1             24  org.spongepowered.asm.service.modlauncher.ModLauncherAuditTrail (org.spongepowered.mixin)
3118:             1             24  org.spongepowered.asm.service.modlauncher.ModLauncherClassTracker (org.spongepowered.mixin)
3119:             1             24  org.spongepowered.asm.util.ReEntranceLock (org.spongepowered.mixin)
3120:             1             24  org.spongepowered.asm.util.VersionNumber (org.spongepowered.mixin)
3121:             1             24  sun.management.CompilationImpl (java.management@17.0.15)
3122:             1             24  sun.management.ManagementFactoryHelper$LoggingMXBeanAccess (java.management@17.0.15)
3123:             1             24  sun.management.ManagementFactoryHelper$PlatformLoggingImpl (java.management@17.0.15)
3124:             1             24  sun.management.MemoryImpl (java.management@17.0.15)
3125:             1             24  sun.management.RuntimeImpl (java.management@17.0.15)
3126:             1             24  sun.management.VMManagementImpl (java.management@17.0.15)
3127:             1             24  sun.net.www.protocol.http.Handler (java.base@17.0.15)
3128:             1             24  sun.nio.cs.ISO_8859_1 (java.base@17.0.15)
3129:             1             24  sun.nio.cs.StandardCharsets (java.base@17.0.15)
3130:             1             24  sun.nio.cs.US_ASCII (java.base@17.0.15)
3131:             1             24  sun.nio.cs.UTF_16 (java.base@17.0.15)
3132:             1             24  sun.nio.cs.UTF_16BE (java.base@17.0.15)
3133:             1             24  sun.nio.cs.UTF_16LE (java.base@17.0.15)
3134:             1             24  sun.nio.cs.UTF_8 (java.base@17.0.15)
3135:             1             24  sun.reflect.generics.reflectiveObjects.WildcardTypeImpl (java.base@17.0.15)
3136:             1             24  sun.util.cldr.CLDRCalendarDataProviderImpl (java.base@17.0.15)
3137:             1             24  sun.util.cldr.CLDRCalendarNameProviderImpl (java.base@17.0.15)
3138:             1             24  sun.util.locale.BaseLocale$Cache (java.base@17.0.15)
3139:             1             24  sun.util.locale.provider.CalendarNameProviderImpl (java.base@17.0.15)
3140:             1             24  sun.util.locale.provider.CalendarProviderImpl (java.base@17.0.15)
3141:             1             24  sun.util.locale.provider.DateFormatSymbolsProviderImpl (java.base@17.0.15)
3142:             1             24  sun.util.locale.provider.DecimalFormatSymbolsProviderImpl (java.base@17.0.15)
3143:             1             24  sun.util.locale.provider.NumberFormatProviderImpl (java.base@17.0.15)
3144:             1             16  [Lcpw.mods.modlauncher.api.NamedPath; (cpw.mods.modlauncher@10.0.9)
3145:             1             16  [Lio.netty.util.AsciiString; (io.netty.common@4.1.82.Final)
3146:             1             16  [Ljava.lang.ClassLoader; (java.base@17.0.15)
3147:             1             16  [Ljava.lang.Double; (java.base@17.0.15)
3148:             1             16  [Ljava.lang.Float; (java.base@17.0.15)
3149:             1             16  [Ljava.lang.constant.Constable; (java.base@17.0.15)
3150:             1             16  [Ljava.nio.file.attribute.FileAttribute; (java.base@17.0.15)
3151:             1             16  [Ljava.security.Provider; (java.base@17.0.15)
3152:             1             16  [Ljava.security.cert.X509Certificate; (java.base@17.0.15)
3153:             1             16  [Ljava.text.FieldPosition; (java.base@17.0.15)
3154:             1             16  [Ljava.util.logging.Handler; (java.logging@17.0.15)
3155:             1             16  [Ljavax.security.cert.X509Certificate; (java.base@17.0.15)
3156:             1             16  [Lorg.apache.commons.lang3.tuple.ImmutablePair; (org.apache.commons.lang3@3.12.0)
3157:             1             16  [Lorg.apache.commons.lang3.tuple.ImmutableTriple; (org.apache.commons.lang3@3.12.0)
3158:             1             16  [Lorg.apache.commons.lang3.tuple.Pair$PairAdapter; (org.apache.commons.lang3@3.12.0)
3159:             1             16  [Lorg.apache.commons.lang3.tuple.Triple$TripleAdapter; (org.apache.commons.lang3@3.12.0)
3160:             1             16  [Lorg.apache.logging.log4j.core.Appender; (org.apache.logging.log4j.core@2.19.0)
3161:             1             16  [Lorg.apache.logging.log4j.core.impl.ExtendedStackTraceElement; (org.apache.logging.log4j.core@2.19.0)
3162:             1             16  [Lorg.apache.logging.log4j.core.impl.ThrowableProxy; (org.apache.logging.log4j.core@2.19.0)
3163:             1             16  [Lorg.apache.logging.log4j.spi.LoggerContext; (org.apache.logging.log4j@2.19.0)
3164:             1             16  [Lorg.openjdk.nashorn.internal.ir.Expression; (org.openjdk.nashorn)
3165:             1             16  com.bawnorton.mixinsquared.MixinSquaredBootstrap$$Lambda$1000/0x00000008005488f8 (MixinSquared.beta._1@0.3.6-beta.1)
3166:             1             16  com.bawnorton.mixinsquared.MixinSquaredBootstrap$$Lambda$996/0x0000000800547d68 (MixinSquared.beta._1@0.3.6-beta.1)
3167:             1             16  com.bawnorton.mixinsquared.adjuster.ExtensionAnnotationAdjust (MixinSquared.beta._1@0.3.6-beta.1)
3168:             1             16  com.bawnorton.mixinsquared.canceller.ExtensionCancelApplication (MixinSquared.beta._1@0.3.6-beta.1)
3169:             1             16  com.bawnorton.mixinsquared.platform.forge.MixinSquaredApiImplLoader$$Lambda$994/0x0000000800547048 (mixinsquared@0.3.6-beta.1)
3170:             1             16  com.bawnorton.mixinsquared.platform.forge.MixinSquaredApiImplLoader$$Lambda$995/0x0000000800547928 (mixinsquared@0.3.6-beta.1)
3171:             1             16  com.bawnorton.mixinsquared.platform.forge.MixinSquaredMixinConfigPlugin (mixinsquared@0.3.6-beta.1)
3172:             1             16  com.electronwill.nightconfig.core.AbstractCommentedConfig$$Lambda$405/0x0000000800314538 (com.electronwill.nightconfig.core@3.6.4)
3173:             1             16  com.electronwill.nightconfig.core.AbstractCommentedConfig$$Lambda$406/0x0000000800314778 (com.electronwill.nightconfig.core@3.6.4)
3174:             1             16  com.electronwill.nightconfig.core.Config$$Lambda$379/0x0000000800302aa8 (com.electronwill.nightconfig.core@3.6.4)
3175:             1             16  com.electronwill.nightconfig.core.ConfigSpec (com.electronwill.nightconfig.core@3.6.4)
3176:             1             16  com.electronwill.nightconfig.core.ConfigSpec$$Lambda$385/0x0000000800305ae8 (com.electronwill.nightconfig.core@3.6.4)
3177:             1             16  com.electronwill.nightconfig.core.InMemoryCommentedFormat$$Lambda$380/0x0000000800303d98 (com.electronwill.nightconfig.core@3.6.4)
3178:             1             16  com.electronwill.nightconfig.core.InMemoryFormat$$Lambda$377/0x0000000800302608 (com.electronwill.nightconfig.core@3.6.4)
3179:             1             16  com.electronwill.nightconfig.core.InMemoryFormat$$Lambda$378/0x0000000800302858 (com.electronwill.nightconfig.core@3.6.4)
3180:             1             16  com.electronwill.nightconfig.core.NullObject (com.electronwill.nightconfig.core@3.6.4)
3181:             1             16  com.electronwill.nightconfig.core.file.FileNotFoundAction$$Lambda$396/0x000000080030afb8 (com.electronwill.nightconfig.core@3.6.4)
3182:             1             16  com.electronwill.nightconfig.core.file.FileNotFoundAction$$Lambda$397/0x000000080030b1d8 (com.electronwill.nightconfig.core@3.6.4)
3183:             1             16  com.electronwill.nightconfig.core.file.FileNotFoundAction$$Lambda$398/0x000000080030b3f8 (com.electronwill.nightconfig.core@3.6.4)
3184:             1             16  com.electronwill.nightconfig.core.file.FileNotFoundAction$$Lambda$403/0x000000080030f568 (com.electronwill.nightconfig.core@3.6.4)
3185:             1             16  com.electronwill.nightconfig.core.file.FormatDetector$$Lambda$386/0x0000000800308400 (com.electronwill.nightconfig.core@3.6.4)
3186:             1             16  com.electronwill.nightconfig.core.io.ParsingMode$$Lambda$387/0x0000000800309440 (com.electronwill.nightconfig.core@3.6.4)
3187:             1             16  com.electronwill.nightconfig.core.io.ParsingMode$$Lambda$388/0x0000000800309870 (com.electronwill.nightconfig.core@3.6.4)
3188:             1             16  com.electronwill.nightconfig.core.io.ParsingMode$$Lambda$389/0x0000000800309ca0 (com.electronwill.nightconfig.core@3.6.4)
3189:             1             16  com.electronwill.nightconfig.core.io.ParsingMode$$Lambda$390/0x0000000800309ec0 (com.electronwill.nightconfig.core@3.6.4)
3190:             1             16  com.electronwill.nightconfig.core.io.ParsingMode$$Lambda$391/0x000000080030a0f0 (com.electronwill.nightconfig.core@3.6.4)
3191:             1             16  com.electronwill.nightconfig.core.io.ParsingMode$$Lambda$392/0x000000080030a320 (com.electronwill.nightconfig.core@3.6.4)
3192:             1             16  com.electronwill.nightconfig.core.io.ParsingMode$$Lambda$393/0x000000080030a540 (com.electronwill.nightconfig.core@3.6.4)
3193:             1             16  com.electronwill.nightconfig.core.io.ParsingMode$$Lambda$394/0x000000080030a770 (com.electronwill.nightconfig.core@3.6.4)
3194:             1             16  com.electronwill.nightconfig.core.io.ParsingMode$$Lambda$395/0x000000080030a9a0 (com.electronwill.nightconfig.core@3.6.4)
3195:             1             16  com.electronwill.nightconfig.toml.TomlFormat (com.electronwill.nightconfig.toml@3.6.4)
3196:             1             16  com.electronwill.nightconfig.toml.TomlWriter$$Lambda$399/0x000000080030e000 (com.electronwill.nightconfig.toml@3.6.4)
3197:             1             16  com.electronwill.nightconfig.toml.TomlWriter$$Lambda$400/0x000000080030e250 (com.electronwill.nightconfig.toml@3.6.4)
3198:             1             16  com.electronwill.nightconfig.toml.TomlWriter$$Lambda$401/0x000000080030e4a0 (com.electronwill.nightconfig.toml@3.6.4)
3199:             1             16  com.google.common.base.CharMatcher$None (com.google.common@31.1-jre)
3200:             1             16  com.google.common.base.Equivalence$Equals (com.google.common@31.1-jre)
3201:             1             16  com.google.common.base.Equivalence$Identity (com.google.common@31.1-jre)
3202:             1             16  com.google.common.base.Platform$JdkPatternCompiler (com.google.common@31.1-jre)
3203:             1             16  com.google.common.base.Suppliers$SupplierOfInstance (com.google.common@31.1-jre)
3204:             1             16  com.google.common.base.Ticker$1 (com.google.common@31.1-jre)
3205:             1             16  com.google.common.cache.CacheBuilder$1 (com.google.common@31.1-jre)
3206:             1             16  com.google.common.cache.CacheBuilder$2 (com.google.common@31.1-jre)
3207:             1             16  com.google.common.cache.CacheBuilder$3 (com.google.common@31.1-jre)
3208:             1             16  com.google.common.cache.LocalCache$1 (com.google.common@31.1-jre)
3209:             1             16  com.google.common.cache.LocalCache$2 (com.google.common@31.1-jre)
3210:             1             16  com.google.common.cache.LocalCache$LocalLoadingCache (com.google.common@31.1-jre)
3211:             1             16  com.google.common.collect.CollectCollectors$$Lambda$1173/0x000000080058afc0 (com.google.common@31.1-jre)
3212:             1             16  com.google.common.collect.CollectCollectors$$Lambda$1175/0x000000080058b418 (com.google.common@31.1-jre)
3213:             1             16  com.google.common.collect.CollectCollectors$$Lambda$1176/0x000000080058b660 (com.google.common@31.1-jre)
3214:             1             16  com.google.common.collect.CollectCollectors$$Lambda$704/0x00000008003baec0 (com.google.common@31.1-jre)
3215:             1             16  com.google.common.collect.CollectCollectors$$Lambda$705/0x00000008003bb0e0 (com.google.common@31.1-jre)
3216:             1             16  com.google.common.collect.CollectCollectors$$Lambda$706/0x00000008003bb310 (com.google.common@31.1-jre)
3217:             1             16  com.google.common.collect.CollectCollectors$$Lambda$707/0x00000008003bb558 (com.google.common@31.1-jre)
3218:             1             16  com.google.common.collect.CollectCollectors$$Lambda$708/0x00000008003bc748 (com.google.common@31.1-jre)
3219:             1             16  com.google.common.collect.CollectCollectors$$Lambda$709/0x00000008003bcb98 (com.google.common@31.1-jre)
3220:             1             16  com.google.common.collect.CollectCollectors$$Lambda$710/0x00000008003bcdc8 (com.google.common@31.1-jre)
3221:             1             16  com.google.common.collect.CollectCollectors$$Lambda$711/0x00000008003bd010 (com.google.common@31.1-jre)
3222:             1             16  com.google.common.collect.CollectCollectors$$Lambda$712/0x00000008003bfc48 (com.google.common@31.1-jre)
3223:             1             16  com.google.common.collect.CollectCollectors$$Lambda$713/0x00000008003c0db8 (com.google.common@31.1-jre)
3224:             1             16  com.google.common.collect.CollectCollectors$$Lambda$714/0x00000008003c0fe8 (com.google.common@31.1-jre)
3225:             1             16  com.google.common.collect.CollectCollectors$$Lambda$715/0x00000008003c1230 (com.google.common@31.1-jre)
3226:             1             16  com.google.common.collect.CollectCollectors$$Lambda$717/0x00000008003c16a8 (com.google.common@31.1-jre)
3227:             1             16  com.google.common.collect.ImmutableMapValues (com.google.common@31.1-jre)
3228:             1             16  com.google.common.collect.MapMakerInternalMap$1 (com.google.common@31.1-jre)
3229:             1             16  com.google.common.collect.MapMakerInternalMap$StrongKeyWeakValueEntry$Helper (com.google.common@31.1-jre)
3230:             1             16  com.google.common.collect.MapMakerInternalMap$WeakKeyDummyValueEntry$Helper (com.google.common@31.1-jre)
3231:             1             16  com.google.common.collect.RegularImmutableMap$Values (com.google.common@31.1-jre)
3232:             1             16  com.google.common.collect.Tables$1 (com.google.common@31.1-jre)
3233:             1             16  com.google.common.io.MoreFiles$1 (com.google.common@31.1-jre)
3234:             1             16  com.google.gson.Gson$1
3235:             1             16  com.google.gson.Gson$2
3236:             1             16  com.google.gson.Gson$4
3237:             1             16  com.google.gson.Gson$5
3238:             1             16  com.google.gson.JsonNull
3239:             1             16  com.google.gson.internal.ConstructorConstructor$13 (com.google.gson@2.10)
3240:             1             16  com.google.gson.internal.LinkedTreeMap$1 (com.google.gson@2.10)
3241:             1             16  com.google.gson.internal.LinkedTreeMap$1
3242:             1             16  com.google.gson.internal.LinkedTreeMap$EntrySet
3243:             1             16  com.google.gson.internal.LinkedTreeMap$KeySet
3244:             1             16  com.google.gson.internal.bind.ArrayTypeAdapter$1
3245:             1             16  com.google.gson.internal.bind.ArrayTypeAdapter$1 (com.google.gson@2.10)
3246:             1             16  com.google.gson.internal.bind.CollectionTypeAdapterFactory
3247:             1             16  com.google.gson.internal.bind.DateTypeAdapter$1
3248:             1             16  com.google.gson.internal.bind.DateTypeAdapter$1 (com.google.gson@2.10)
3249:             1             16  com.google.gson.internal.bind.DefaultDateTypeAdapter$DateType$1
3250:             1             16  com.google.gson.internal.bind.DefaultDateTypeAdapter$DateType$1 (com.google.gson@2.10)
3251:             1             16  com.google.gson.internal.bind.JsonAdapterAnnotationTypeAdapterFactory
3252:             1             16  com.google.gson.internal.bind.NumberTypeAdapter
3253:             1             16  com.google.gson.internal.bind.NumberTypeAdapter (com.google.gson@2.10)
3254:             1             16  com.google.gson.internal.bind.NumberTypeAdapter$1
3255:             1             16  com.google.gson.internal.bind.NumberTypeAdapter$1 (com.google.gson@2.10)
3256:             1             16  com.google.gson.internal.bind.ObjectTypeAdapter$1
3257:             1             16  com.google.gson.internal.bind.ObjectTypeAdapter$1 (com.google.gson@2.10)
3258:             1             16  com.google.gson.internal.bind.TreeTypeAdapter$GsonContextImpl
3259:             1             16  com.google.gson.internal.bind.TypeAdapters$1
3260:             1             16  com.google.gson.internal.bind.TypeAdapters$1 (com.google.gson@2.10)
3261:             1             16  com.google.gson.internal.bind.TypeAdapters$10
3262:             1             16  com.google.gson.internal.bind.TypeAdapters$10 (com.google.gson@2.10)
3263:             1             16  com.google.gson.internal.bind.TypeAdapters$11
3264:             1             16  com.google.gson.internal.bind.TypeAdapters$11 (com.google.gson@2.10)
3265:             1             16  com.google.gson.internal.bind.TypeAdapters$12
3266:             1             16  com.google.gson.internal.bind.TypeAdapters$12 (com.google.gson@2.10)
3267:             1             16  com.google.gson.internal.bind.TypeAdapters$13
3268:             1             16  com.google.gson.internal.bind.TypeAdapters$13 (com.google.gson@2.10)
3269:             1             16  com.google.gson.internal.bind.TypeAdapters$14
3270:             1             16  com.google.gson.internal.bind.TypeAdapters$14 (com.google.gson@2.10)
3271:             1             16  com.google.gson.internal.bind.TypeAdapters$15
3272:             1             16  com.google.gson.internal.bind.TypeAdapters$15 (com.google.gson@2.10)
3273:             1             16  com.google.gson.internal.bind.TypeAdapters$16
3274:             1             16  com.google.gson.internal.bind.TypeAdapters$16 (com.google.gson@2.10)
3275:             1             16  com.google.gson.internal.bind.TypeAdapters$17
3276:             1             16  com.google.gson.internal.bind.TypeAdapters$17 (com.google.gson@2.10)
3277:             1             16  com.google.gson.internal.bind.TypeAdapters$18
3278:             1             16  com.google.gson.internal.bind.TypeAdapters$18 (com.google.gson@2.10)
3279:             1             16  com.google.gson.internal.bind.TypeAdapters$19
3280:             1             16  com.google.gson.internal.bind.TypeAdapters$19 (com.google.gson@2.10)
3281:             1             16  com.google.gson.internal.bind.TypeAdapters$2
3282:             1             16  com.google.gson.internal.bind.TypeAdapters$2 (com.google.gson@2.10)
3283:             1             16  com.google.gson.internal.bind.TypeAdapters$20
3284:             1             16  com.google.gson.internal.bind.TypeAdapters$20 (com.google.gson@2.10)
3285:             1             16  com.google.gson.internal.bind.TypeAdapters$21
3286:             1             16  com.google.gson.internal.bind.TypeAdapters$21 (com.google.gson@2.10)
3287:             1             16  com.google.gson.internal.bind.TypeAdapters$22
3288:             1             16  com.google.gson.internal.bind.TypeAdapters$22 (com.google.gson@2.10)
3289:             1             16  com.google.gson.internal.bind.TypeAdapters$23
3290:             1             16  com.google.gson.internal.bind.TypeAdapters$23 (com.google.gson@2.10)
3291:             1             16  com.google.gson.internal.bind.TypeAdapters$24
3292:             1             16  com.google.gson.internal.bind.TypeAdapters$24 (com.google.gson@2.10)
3293:             1             16  com.google.gson.internal.bind.TypeAdapters$25
3294:             1             16  com.google.gson.internal.bind.TypeAdapters$25 (com.google.gson@2.10)
3295:             1             16  com.google.gson.internal.bind.TypeAdapters$26
3296:             1             16  com.google.gson.internal.bind.TypeAdapters$26 (com.google.gson@2.10)
3297:             1             16  com.google.gson.internal.bind.TypeAdapters$27
3298:             1             16  com.google.gson.internal.bind.TypeAdapters$27 (com.google.gson@2.10)
3299:             1             16  com.google.gson.internal.bind.TypeAdapters$28
3300:             1             16  com.google.gson.internal.bind.TypeAdapters$28 (com.google.gson@2.10)
3301:             1             16  com.google.gson.internal.bind.TypeAdapters$29
3302:             1             16  com.google.gson.internal.bind.TypeAdapters$29 (com.google.gson@2.10)
3303:             1             16  com.google.gson.internal.bind.TypeAdapters$3
3304:             1             16  com.google.gson.internal.bind.TypeAdapters$3 (com.google.gson@2.10)
3305:             1             16  com.google.gson.internal.bind.TypeAdapters$4
3306:             1             16  com.google.gson.internal.bind.TypeAdapters$4 (com.google.gson@2.10)
3307:             1             16  com.google.gson.internal.bind.TypeAdapters$5
3308:             1             16  com.google.gson.internal.bind.TypeAdapters$5 (com.google.gson@2.10)
3309:             1             16  com.google.gson.internal.bind.TypeAdapters$6
3310:             1             16  com.google.gson.internal.bind.TypeAdapters$6 (com.google.gson@2.10)
3311:             1             16  com.google.gson.internal.bind.TypeAdapters$7
3312:             1             16  com.google.gson.internal.bind.TypeAdapters$7 (com.google.gson@2.10)
3313:             1             16  com.google.gson.internal.bind.TypeAdapters$8
3314:             1             16  com.google.gson.internal.bind.TypeAdapters$8 (com.google.gson@2.10)
3315:             1             16  com.google.gson.internal.bind.TypeAdapters$9
3316:             1             16  com.google.gson.internal.bind.TypeAdapters$9 (com.google.gson@2.10)
3317:             1             16  com.google.gson.internal.sql.SqlDateTypeAdapter$1
3318:             1             16  com.google.gson.internal.sql.SqlDateTypeAdapter$1 (com.google.gson@2.10)
3319:             1             16  com.google.gson.internal.sql.SqlTimeTypeAdapter$1
3320:             1             16  com.google.gson.internal.sql.SqlTimeTypeAdapter$1 (com.google.gson@2.10)
3321:             1             16  com.google.gson.internal.sql.SqlTimestampTypeAdapter$1
3322:             1             16  com.google.gson.internal.sql.SqlTimestampTypeAdapter$1 (com.google.gson@2.10)
3323:             1             16  com.google.gson.internal.sql.SqlTypesSupport$1
3324:             1             16  com.google.gson.internal.sql.SqlTypesSupport$1 (com.google.gson@2.10)
3325:             1             16  com.google.gson.internal.sql.SqlTypesSupport$2
3326:             1             16  com.google.gson.internal.sql.SqlTypesSupport$2 (com.google.gson@2.10)
3327:             1             16  com.google.gson.stream.JsonReader$1
3328:             1             16  com.google.gson.stream.JsonReader$1 (com.google.gson@2.10)
3329:             1             16  com.llamalad7.mixinextras.expression.impl.point.ExpressionSliceMarkerTransformer (MixinExtras@0.5.3)
3330:             1             16  com.llamalad7.mixinextras.expression.impl.wrapper.ExpressionInjectorWrapperTransformer (MixinExtras@0.5.3)
3331:             1             16  com.llamalad7.mixinextras.injector.LateInjectionApplicatorExtension (MixinExtras@0.5.3)
3332:             1             16  com.llamalad7.mixinextras.injector.wrapmethod.WrapMethodApplicatorExtension (MixinExtras@0.5.3)
3333:             1             16  com.llamalad7.mixinextras.lib.semver.Version$$Lambda$986/0x0000000800529b08 (MixinExtras@0.5.3)
3334:             1             16  com.llamalad7.mixinextras.lib.semver.Version$$Lambda$987/0x000000080052a000 (MixinExtras@0.5.3)
3335:             1             16  com.llamalad7.mixinextras.platform.forge.MixinExtrasConfigPlugin (mixinextras@0.5.3)
3336:             1             16  com.llamalad7.mixinextras.service.MixinExtrasServiceImpl$$Lambda$988/0x0000000800536080 (MixinExtras@0.5.3)
3337:             1             16  com.llamalad7.mixinextras.sugar.impl.SugarMixinTransformer (MixinExtras@0.5.3)
3338:             1             16  com.llamalad7.mixinextras.sugar.impl.SugarPostProcessingExtension (MixinExtras@0.5.3)
3339:             1             16  com.llamalad7.mixinextras.utils.MixinExtrasLogger$$Lambda$983/0x0000000800528d68 (MixinExtras@0.5.3)
3340:             1             16  com.llamalad7.mixinextras.utils.MixinInternals$$Lambda$991/0x0000000800537148 (MixinExtras@0.5.3)
3341:             1             16  com.llamalad7.mixinextras.wrapper.factory.FactoryRedirectWrapperMixinTransformer (MixinExtras@0.5.3)
3342:             1             16  com.mojang.authlib.properties.PropertyMap$Serializer (authlib@4.0.43)
3343:             1             16  com.mojang.brigadier.exceptions.BuiltInExceptions$$Lambda$1135/0x000000080058e3f0 (brigadier@1.1.8)
3344:             1             16  com.mojang.brigadier.exceptions.BuiltInExceptions$$Lambda$1136/0x000000080058e610 (brigadier@1.1.8)
3345:             1             16  com.mojang.brigadier.exceptions.BuiltInExceptions$$Lambda$1137/0x000000080058e830 (brigadier@1.1.8)
3346:             1             16  com.mojang.brigadier.exceptions.BuiltInExceptions$$Lambda$1138/0x000000080058ea50 (brigadier@1.1.8)
3347:             1             16  com.mojang.brigadier.exceptions.BuiltInExceptions$$Lambda$1139/0x000000080058ec70 (brigadier@1.1.8)
3348:             1             16  com.mojang.brigadier.exceptions.BuiltInExceptions$$Lambda$1140/0x000000080058ee90 (brigadier@1.1.8)
3349:             1             16  com.mojang.brigadier.exceptions.BuiltInExceptions$$Lambda$1141/0x000000080058f0b0 (brigadier@1.1.8)
3350:             1             16  com.mojang.brigadier.exceptions.BuiltInExceptions$$Lambda$1142/0x000000080058f2d0 (brigadier@1.1.8)
3351:             1             16  com.mojang.brigadier.exceptions.BuiltInExceptions$$Lambda$1143/0x000000080058f710 (brigadier@1.1.8)
3352:             1             16  com.mojang.brigadier.exceptions.BuiltInExceptions$$Lambda$1144/0x000000080058fda0 (brigadier@1.1.8)
3353:             1             16  com.mojang.brigadier.exceptions.BuiltInExceptions$$Lambda$1145/0x000000080058a000 (brigadier@1.1.8)
3354:             1             16  com.mojang.brigadier.exceptions.BuiltInExceptions$$Lambda$1146/0x000000080058a240 (brigadier@1.1.8)
3355:             1             16  com.mojang.brigadier.exceptions.BuiltInExceptions$$Lambda$1147/0x000000080058a480 (brigadier@1.1.8)
3356:             1             16  com.mojang.brigadier.exceptions.BuiltInExceptions$$Lambda$1148/0x000000080058a6c0 (brigadier@1.1.8)
3357:             1             16  com.mojang.brigadier.exceptions.BuiltInExceptions$$Lambda$1149/0x000000080058a900 (brigadier@1.1.8)
3358:             1             16  com.mojang.brigadier.exceptions.BuiltInExceptions$$Lambda$1150/0x000000080058ab40 (brigadier@1.1.8)
3359:             1             16  com.mojang.brigadier.exceptions.BuiltInExceptions$$Lambda$1151/0x000000080058ad80 (brigadier@1.1.8)
3360:             1             16  com.mojang.datafixers.DSL$$Lambda$1850/0x0000000800826c80 (datafixerupper@6.0.8)
3361:             1             16  com.mojang.datafixers.DSL$$Lambda$2001/0x0000000800860000 (datafixerupper@6.0.8)
3362:             1             16  com.mojang.datafixers.DataFixerUpper$$Lambda$1861/0x0000000800836b90 (datafixerupper@6.0.8)
3363:             1             16  com.mojang.datafixers.functions.PointFreeRule$CompRewrite$$Lambda$1862/0x00000008008331e8 (datafixerupper@6.0.8)
3364:             1             16  com.mojang.datafixers.functions.PointFreeRule$Seq (datafixerupper@6.0.8)
3365:             1             16  com.mojang.datafixers.kinds.Applicative$$Lambda$1192/0x00000008005977d0 (datafixerupper@6.0.8)
3366:             1             16  com.mojang.datafixers.schemas.Schema$$Lambda$1807/0x000000080081fd58 (datafixerupper@6.0.8)
3367:             1             16  com.mojang.datafixers.schemas.Schema$$Lambda$1855/0x000000080082e2d8 (datafixerupper@6.0.8)
3368:             1             16  com.mojang.datafixers.types.templates.Hook$HookFunction$1 (datafixerupper@6.0.8)
3369:             1             16  com.mojang.datafixers.types.templates.TaggedChoice$$Lambda$1853/0x000000080082d9e0 (datafixerupper@6.0.8)
3370:             1             16  com.mojang.datafixers.util.Pair$$Lambda$1851/0x0000000800826ec0 (datafixerupper@6.0.8)
3371:             1             16  com.mojang.datafixers.util.Pair$$Lambda$1852/0x0000000800827100 (datafixerupper@6.0.8)
3372:             1             16  com.mojang.logging.LogQueues$$Lambda$287/0x000000080028aea8 (logging@1.1.1)
3373:             1             16  com.mojang.serialization.Codec$$Lambda$1477/0x000000080071bba0 (datafixerupper@6.0.8)
3374:             1             16  com.mojang.serialization.Codec$$Lambda$1478/0x0000000800724548 (datafixerupper@6.0.8)
3375:             1             16  com.mojang.serialization.Codec$10 (datafixerupper@6.0.8)
3376:             1             16  com.mojang.serialization.Codec$11 (datafixerupper@6.0.8)
3377:             1             16  com.mojang.serialization.Codec$12 (datafixerupper@6.0.8)
3378:             1             16  com.mojang.serialization.Codec$13 (datafixerupper@6.0.8)
3379:             1             16  com.mojang.serialization.Codec$14 (datafixerupper@6.0.8)
3380:             1             16  com.mojang.serialization.Codec$15 (datafixerupper@6.0.8)
3381:             1             16  com.mojang.serialization.Codec$16 (datafixerupper@6.0.8)
3382:             1             16  com.mojang.serialization.Codec$17 (datafixerupper@6.0.8)
3383:             1             16  com.mojang.serialization.Codec$18 (datafixerupper@6.0.8)
3384:             1             16  com.mojang.serialization.Codec$19 (datafixerupper@6.0.8)
3385:             1             16  com.mojang.serialization.Codec$20 (datafixerupper@6.0.8)
3386:             1             16  com.mojang.serialization.Codec$9 (datafixerupper@6.0.8)
3387:             1             16  com.mojang.serialization.Lifecycle$1 (datafixerupper@6.0.8)
3388:             1             16  com.mojang.serialization.Lifecycle$2 (datafixerupper@6.0.8)
3389:             1             16  com.mojang.serialization.MapCodec$$Lambda$1111/0x000000080057d440 (datafixerupper@6.0.8)
3390:             1             16  com.mojang.serialization.OptionalDynamic$$Lambda$1959/0x000000080083aff8 (datafixerupper@6.0.8)
3391:             1             16  com.mojang.serialization.codecs.RecordCodecBuilder$$Lambda$1066/0x000000080056ac20 (datafixerupper@6.0.8)
3392:             1             16  com.sun.jmx.interceptor.DefaultMBeanServerInterceptor$ResourceContext$1 (java.management@17.0.15)
3393:             1             16  com.sun.jmx.mbeanserver.DefaultMXBeanMappingFactory (java.management@17.0.15)
3394:             1             16  com.sun.jmx.mbeanserver.DescriptorCache (java.management@17.0.15)
3395:             1             16  com.sun.jmx.mbeanserver.MBeanAnalyzer$MethodOrder (java.management@17.0.15)
3396:             1             16  com.sun.jmx.mbeanserver.MBeanInstantiator (java.management@17.0.15)
3397:             1             16  com.sun.jmx.mbeanserver.MXBeanIntrospector (java.management@17.0.15)
3398:             1             16  com.sun.jmx.mbeanserver.SecureClassLoaderRepository (java.management@17.0.15)
3399:             1             16  com.sun.jmx.mbeanserver.StandardMBeanIntrospector (java.management@17.0.15)
3400:             1             16  com.sun.jna.JNIEnv (com.sun.jna@5.12.1)
3401:             1             16  com.sun.jna.Native$1 (com.sun.jna@5.12.1)
3402:             1             16  com.sun.jna.Native$2 (com.sun.jna@5.12.1)
3403:             1             16  com.sun.jna.Native$7 (com.sun.jna@5.12.1)
3404:             1             16  com.sun.jna.Structure$1 (com.sun.jna@5.12.1)
3405:             1             16  com.sun.jna.Structure$2 (com.sun.jna@5.12.1)
3406:             1             16  com.sun.jna.VarArgsChecker$RealVarArgsChecker (com.sun.jna@5.12.1)
3407:             1             16  com.sun.jna.platform.linux.Udev$UdevContext (com.sun.jna.platform@5.12.1)
3408:             1             16  com.sun.jna.platform.linux.Udev$UdevDevice (com.sun.jna.platform@5.12.1)
3409:             1             16  com.sun.jna.platform.linux.Udev$UdevEnumerate (com.sun.jna.platform@5.12.1)
3410:             1             16  com.sun.jna.platform.linux.Udev$UdevListEntry (com.sun.jna.platform@5.12.1)
3411:             1             16  com.sun.management.internal.HotSpotDiagnostic (jdk.management@17.0.15)
3412:             1             16  com.sun.management.internal.PlatformMBeanProviderImpl (jdk.management@17.0.15)
3413:             1             16  com.sun.management.internal.PlatformMBeanProviderImpl$$Lambda$253/0x0000000800194838 (jdk.management@17.0.15)
3414:             1             16  com.sun.org.apache.xerces.internal.dom.CharacterDataImpl$1 (java.xml@17.0.15)
3415:             1             16  com.sun.org.apache.xerces.internal.impl.dv.dtd.IDDatatypeValidator (java.xml@17.0.15)
3416:             1             16  com.sun.org.apache.xerces.internal.impl.dv.dtd.IDREFDatatypeValidator (java.xml@17.0.15)
3417:             1             16  com.sun.org.apache.xerces.internal.impl.dv.dtd.NMTOKENDatatypeValidator (java.xml@17.0.15)
3418:             1             16  com.sun.org.apache.xerces.internal.impl.dv.dtd.NOTATIONDatatypeValidator (java.xml@17.0.15)
3419:             1             16  com.sun.org.apache.xerces.internal.impl.dv.dtd.StringDatatypeValidator (java.xml@17.0.15)
3420:             1             16  com.sun.proxy.jdk.proxy1.$Proxy1 (jdk.proxy1)
3421:             1             16  cpw.mods.bootstraplauncher.BootstrapLauncher$$Lambda$160/0x0000000800123970 (cpw.mods.bootstraplauncher@1.1.2)
3422:             1             16  cpw.mods.bootstraplauncher.BootstrapLauncher$$Lambda$175/0x0000000800127870 (cpw.mods.bootstraplauncher@1.1.2)
3423:             1             16  cpw.mods.bootstraplauncher.BootstrapLauncher$$Lambda$178/0x00000008001c4418 (cpw.mods.bootstraplauncher@1.1.2)
3424:             1             16  cpw.mods.bootstraplauncher.BootstrapLauncher$$Lambda$179/0x00000008001c4638 (cpw.mods.bootstraplauncher@1.1.2)
3425:             1             16  cpw.mods.cl.JarModuleFinder (cpw.mods.securejarhandler)
3426:             1             16  cpw.mods.cl.JarModuleFinder$$Lambda$180/0x00000008001c4ee8 (cpw.mods.securejarhandler)
3427:             1             16  cpw.mods.cl.JarModuleFinder$$Lambda$181/0x00000008001c5128 (cpw.mods.securejarhandler)
3428:             1             16  cpw.mods.cl.JarModuleFinder$$Lambda$182/0x00000008001c5368 (cpw.mods.securejarhandler)
3429:             1             16  cpw.mods.cl.JarModuleFinder$$Lambda$183/0x00000008001c55a8 (cpw.mods.securejarhandler)
3430:             1             16  cpw.mods.cl.ModularURLHandler (cpw.mods.securejarhandler)
3431:             1             16  cpw.mods.cl.ModularURLHandler$$Lambda$190/0x00000008001c6318 (cpw.mods.securejarhandler)
3432:             1             16  cpw.mods.cl.ModularURLHandler$$Lambda$191/0x00000008001c6558 (cpw.mods.securejarhandler)
3433:             1             16  cpw.mods.cl.ModularURLHandler$FunctionURLStreamHandler (cpw.mods.securejarhandler)
3434:             1             16  cpw.mods.cl.ModuleClassLoader$$Lambda$1336/0x000000080051b6a8 (cpw.mods.securejarhandler)
3435:             1             16  cpw.mods.cl.ModuleClassLoader$$Lambda$192/0x00000008001c69d0 (cpw.mods.securejarhandler)
3436:             1             16  cpw.mods.cl.ModuleClassLoader$$Lambda$194/0x00000008001c6e68 (cpw.mods.securejarhandler)
3437:             1             16  cpw.mods.cl.ModuleClassLoader$$Lambda$195/0x00000008001c70a8 (cpw.mods.securejarhandler)
3438:             1             16  cpw.mods.cl.ModuleClassLoader$$Lambda$202/0x00000008001c2258 (cpw.mods.securejarhandler)
3439:             1             16  cpw.mods.cl.ModuleClassLoader$$Lambda$209/0x00000008001c2b50 (cpw.mods.securejarhandler)
3440:             1             16  cpw.mods.cl.ModuleClassLoader$$Lambda$215/0x00000008001c1c00 (cpw.mods.securejarhandler)
3441:             1             16  cpw.mods.cl.ModuleClassLoader$$Lambda$216/0x00000008001c8000 (cpw.mods.securejarhandler)
3442:             1             16  cpw.mods.cl.ModuleClassLoader$$Lambda$217/0x00000008001c8420 (cpw.mods.securejarhandler)
3443:             1             16  cpw.mods.cl.ModuleClassLoader$$Lambda$223/0x00000008001c96f8 (cpw.mods.securejarhandler)
3444:             1             16  cpw.mods.cl.ModuleClassLoader$$Lambda$225/0x00000008001c9b80 (cpw.mods.securejarhandler)
3445:             1             16  cpw.mods.cl.ModuleClassLoader$$Lambda$226/0x00000008001c9dc0 (cpw.mods.securejarhandler)
3446:             1             16  cpw.mods.cl.UnionURLStreamHandler (cpw.mods.securejarhandler)
3447:             1             16  cpw.mods.cl.UnionURLStreamHandler$$Lambda$227/0x00000008001ca010 (cpw.mods.securejarhandler)
3448:             1             16  cpw.mods.jarhandling.SecureJar$$Lambda$177/0x00000008001c4000 (cpw.mods.securejarhandler)
3449:             1             16  cpw.mods.jarhandling.SecureJar$$Lambda$98/0x0000000800107d88 (cpw.mods.securejarhandler)
3450:             1             16  cpw.mods.jarhandling.SecureJar$Provider$$Lambda$163/0x0000000800126498 (cpw.mods.securejarhandler)
3451:             1             16  cpw.mods.jarhandling.SecureJar$Provider$$Lambda$164/0x00000008001266d8 (cpw.mods.securejarhandler)
3452:             1             16  cpw.mods.jarhandling.impl.Jar$$Lambda$100/0x000000080010b428 (cpw.mods.securejarhandler)
3453:             1             16  cpw.mods.jarhandling.impl.Jar$$Lambda$101/0x000000080010b678 (cpw.mods.securejarhandler)
3454:             1             16  cpw.mods.jarhandling.impl.Jar$$Lambda$102/0x000000080010bab0 (cpw.mods.securejarhandler)
3455:             1             16  cpw.mods.jarhandling.impl.Jar$$Lambda$103/0x000000080010bd00 (cpw.mods.securejarhandler)
3456:             1             16  cpw.mods.jarhandling.impl.Jar$$Lambda$129/0x000000080011f000 (cpw.mods.securejarhandler)
3457:             1             16  cpw.mods.jarhandling.impl.Jar$$Lambda$130/0x000000080011f250 (cpw.mods.securejarhandler)
3458:             1             16  cpw.mods.jarhandling.impl.Jar$$Lambda$131/0x000000080011f4a0 (cpw.mods.securejarhandler)
3459:             1             16  cpw.mods.jarhandling.impl.Jar$$Lambda$132/0x000000080011f6e0 (cpw.mods.securejarhandler)
3460:             1             16  cpw.mods.jarhandling.impl.Jar$$Lambda$133/0x000000080011f920 (cpw.mods.securejarhandler)
3461:             1             16  cpw.mods.jarhandling.impl.Jar$$Lambda$141/0x000000080011fb60 (cpw.mods.securejarhandler)
3462:             1             16  cpw.mods.jarhandling.impl.Jar$$Lambda$142/0x000000080011fda0 (cpw.mods.securejarhandler)
3463:             1             16  cpw.mods.jarhandling.impl.Jar$$Lambda$143/0x000000080011ec00 (cpw.mods.securejarhandler)
3464:             1             16  cpw.mods.jarhandling.impl.Jar$$Lambda$144/0x0000000800120000 (cpw.mods.securejarhandler)
3465:             1             16  cpw.mods.jarhandling.impl.Jar$$Lambda$145/0x0000000800120240 (cpw.mods.securejarhandler)
3466:             1             16  cpw.mods.jarhandling.impl.Jar$$Lambda$146/0x0000000800120488 (cpw.mods.securejarhandler)
3467:             1             16  cpw.mods.jarhandling.impl.Jar$$Lambda$147/0x00000008001206d8 (cpw.mods.securejarhandler)
3468:             1             16  cpw.mods.jarhandling.impl.Jar$$Lambda$148/0x0000000800120928 (cpw.mods.securejarhandler)
3469:             1             16  cpw.mods.jarhandling.impl.Jar$$Lambda$149/0x0000000800120b78 (cpw.mods.securejarhandler)
3470:             1             16  cpw.mods.jarhandling.impl.Jar$$Lambda$150/0x0000000800120dc8 (cpw.mods.securejarhandler)
3471:             1             16  cpw.mods.jarhandling.impl.Jar$$Lambda$151/0x0000000800121008 (cpw.mods.securejarhandler)
3472:             1             16  cpw.mods.jarhandling.impl.Jar$$Lambda$152/0x0000000800121248 (cpw.mods.securejarhandler)
3473:             1             16  cpw.mods.jarhandling.impl.Jar$$Lambda$153/0x0000000800121498 (cpw.mods.securejarhandler)
3474:             1             16  cpw.mods.jarhandling.impl.Jar$$Lambda$156/0x0000000800121b48 (cpw.mods.securejarhandler)
3475:             1             16  cpw.mods.jarhandling.impl.Jar$$Lambda$161/0x0000000800126000 (cpw.mods.securejarhandler)
3476:             1             16  cpw.mods.jarhandling.impl.Jar$JarModuleDataProvider$$Lambda$212/0x00000008001c3898 (cpw.mods.securejarhandler)
3477:             1             16  cpw.mods.jarhandling.impl.Jar$JarModuleDataProvider$$Lambda$213/0x00000008001c3ad8 (cpw.mods.securejarhandler)
3478:             1             16  cpw.mods.jarhandling.impl.ManifestVerifier$$Lambda$363/0x00000008001cbab0 (cpw.mods.securejarhandler)
3479:             1             16  cpw.mods.jarhandling.impl.ModuleJarMetadata$ModFileVisitor$$Lambda$166/0x0000000800126b80 (cpw.mods.securejarhandler)
3480:             1             16  cpw.mods.jarhandling.impl.SecureJarVerifier$UnsafeAccessor (cpw.mods.securejarhandler)
3481:             1             16  cpw.mods.jarhandling.impl.SimpleJarMetadata$$Lambda$186/0x00000008001c57f0 (cpw.mods.securejarhandler)
3482:             1             16  cpw.mods.modlauncher.ArgumentHandler$$Lambda$942/0x0000000800505498 (cpw.mods.modlauncher@10.0.9)
3483:             1             16  cpw.mods.modlauncher.BootstrapLaunchConsumer (cpw.mods.modlauncher@10.0.9)
3484:             1             16  cpw.mods.modlauncher.ClassTransformer$$Lambda$1345/0x000000080061adf0 (cpw.mods.modlauncher@10.0.9)
3485:             1             16  cpw.mods.modlauncher.DefaultLaunchHandlerService (cpw.mods.modlauncher@10.0.9)
3486:             1             16  cpw.mods.modlauncher.LaunchPluginHandler (cpw.mods.modlauncher@10.0.9)
3487:             1             16  cpw.mods.modlauncher.LaunchPluginHandler$$Lambda$354/0x00000008002b3840 (cpw.mods.modlauncher@10.0.9)
3488:             1             16  cpw.mods.modlauncher.LaunchPluginHandler$$Lambda$355/0x00000008002b3c70 (cpw.mods.modlauncher@10.0.9)
3489:             1             16  cpw.mods.modlauncher.LaunchPluginHandler$$Lambda$364/0x00000008002b76a0 (cpw.mods.modlauncher@10.0.9)
3490:             1             16  cpw.mods.modlauncher.LaunchPluginHandler$$Lambda$370/0x00000008002b8478 (cpw.mods.modlauncher@10.0.9)
3491:             1             16  cpw.mods.modlauncher.LaunchPluginHandler$$Lambda$954/0x000000080050fc18 (cpw.mods.modlauncher@10.0.9)
3492:             1             16  cpw.mods.modlauncher.LaunchServiceHandler (cpw.mods.modlauncher@10.0.9)
3493:             1             16  cpw.mods.modlauncher.LaunchServiceHandler$$Lambda$325/0x00000008002a2170 (cpw.mods.modlauncher@10.0.9)
3494:             1             16  cpw.mods.modlauncher.LaunchServiceHandler$$Lambda$329/0x00000008002a2e80 (cpw.mods.modlauncher@10.0.9)
3495:             1             16  cpw.mods.modlauncher.LaunchServiceHandler$$Lambda$330/0x00000008002a32d0 (cpw.mods.modlauncher@10.0.9)
3496:             1             16  cpw.mods.modlauncher.LaunchServiceHandler$$Lambda$507/0x000000080034eeb0 (cpw.mods.modlauncher@10.0.9)
3497:             1             16  cpw.mods.modlauncher.Launcher$$Lambda$318/0x00000008002a0810 (cpw.mods.modlauncher@10.0.9)
3498:             1             16  cpw.mods.modlauncher.Launcher$$Lambda$319/0x00000008002a0a30 (cpw.mods.modlauncher@10.0.9)
3499:             1             16  cpw.mods.modlauncher.Launcher$$Lambda$320/0x00000008002a0c50 (cpw.mods.modlauncher@10.0.9)
3500:             1             16  cpw.mods.modlauncher.Launcher$$Lambda$321/0x00000008002a0e70 (cpw.mods.modlauncher@10.0.9)
3501:             1             16  cpw.mods.modlauncher.Launcher$$Lambda$322/0x00000008002a1090 (cpw.mods.modlauncher@10.0.9)
3502:             1             16  cpw.mods.modlauncher.Launcher$$Lambda$323/0x00000008002a12b0 (cpw.mods.modlauncher@10.0.9)
3503:             1             16  cpw.mods.modlauncher.Launcher$$Lambda$341/0x00000008002af3c8 (cpw.mods.modlauncher@10.0.9)
3504:             1             16  cpw.mods.modlauncher.Launcher$$Lambda$342/0x00000008002af608 (cpw.mods.modlauncher@10.0.9)
3505:             1             16  cpw.mods.modlauncher.Launcher$$Lambda$343/0x00000008002af848 (cpw.mods.modlauncher@10.0.9)
3506:             1             16  cpw.mods.modlauncher.Launcher$$Lambda$344/0x00000008002afa88 (cpw.mods.modlauncher@10.0.9)
3507:             1             16  cpw.mods.modlauncher.Launcher$$Lambda$751/0x00000008003cf6a8 (cpw.mods.modlauncher@10.0.9)
3508:             1             16  cpw.mods.modlauncher.Launcher$$Lambda$752/0x00000008003cf8e8 (cpw.mods.modlauncher@10.0.9)
3509:             1             16  cpw.mods.modlauncher.Launcher$$Lambda$870/0x000000080047dae0 (cpw.mods.modlauncher@10.0.9)
3510:             1             16  cpw.mods.modlauncher.Launcher$$Lambda$871/0x000000080047dd20 (cpw.mods.modlauncher@10.0.9)
3511:             1             16  cpw.mods.modlauncher.Launcher$$Lambda$872/0x000000080047df60 (cpw.mods.modlauncher@10.0.9)
3512:             1             16  cpw.mods.modlauncher.ModuleLayerHandler$$Lambda$326/0x00000008002a25a8 (cpw.mods.modlauncher@10.0.9)
3513:             1             16  cpw.mods.modlauncher.ModuleLayerHandler$$Lambda$420/0x00000008003172a0 (cpw.mods.modlauncher@10.0.9)
3514:             1             16  cpw.mods.modlauncher.ModuleLayerHandler$$Lambda$421/0x00000008003174e0 (cpw.mods.modlauncher@10.0.9)
3515:             1             16  cpw.mods.modlauncher.ModuleLayerHandler$$Lambda$422/0x0000000800317700 (cpw.mods.modlauncher@10.0.9)
3516:             1             16  cpw.mods.modlauncher.ModuleLayerHandler$$Lambda$424/0x0000000800317b88 (cpw.mods.modlauncher@10.0.9)
3517:             1             16  cpw.mods.modlauncher.ModuleLayerHandler$$Lambda$426/0x000000080031c248 (cpw.mods.modlauncher@10.0.9)
3518:             1             16  cpw.mods.modlauncher.ModuleLayerHandler$$Lambda$427/0x0000000800317dc8 (cpw.mods.modlauncher@10.0.9)
3519:             1             16  cpw.mods.modlauncher.ModuleLayerHandler$$Lambda$429/0x000000080031c6d0 (cpw.mods.modlauncher@10.0.9)
3520:             1             16  cpw.mods.modlauncher.ModuleLayerHandler$$Lambda$754/0x00000008003cfd50 (cpw.mods.modlauncher@10.0.9)
3521:             1             16  cpw.mods.modlauncher.NameMappingServiceDecorator (cpw.mods.modlauncher@10.0.9)
3522:             1             16  cpw.mods.modlauncher.NameMappingServiceHandler$$Lambda$349/0x00000008002b2480 (cpw.mods.modlauncher@10.0.9)
3523:             1             16  cpw.mods.modlauncher.NameMappingServiceHandler$$Lambda$350/0x00000008002b28b0 (cpw.mods.modlauncher@10.0.9)
3524:             1             16  cpw.mods.modlauncher.NameMappingServiceHandler$$Lambda$351/0x00000008002b2d18 (cpw.mods.modlauncher@10.0.9)
3525:             1             16  cpw.mods.modlauncher.NameMappingServiceHandler$$Lambda$516/0x0000000800352c98 (cpw.mods.modlauncher@10.0.9)
3526:             1             16  cpw.mods.modlauncher.NameMappingServiceHandler$$Lambda$851/0x0000000800479528 (cpw.mods.modlauncher@10.0.9)
3527:             1             16  cpw.mods.modlauncher.TestingLaunchHandlerService (cpw.mods.modlauncher@10.0.9)
3528:             1             16  cpw.mods.modlauncher.TransformList$$Lambda$1343/0x000000080061a500 (cpw.mods.modlauncher@10.0.9)
3529:             1             16  cpw.mods.modlauncher.TransformList$$Lambda$929/0x0000000800502a78 (cpw.mods.modlauncher@10.0.9)
3530:             1             16  cpw.mods.modlauncher.TransformTargetLabel$LabelType$$Lambda$345/0x00000008002b0ca8 (cpw.mods.modlauncher@10.0.9)
3531:             1             16  cpw.mods.modlauncher.TransformTargetLabel$LabelType$$Lambda$346/0x00000008002b0ee8 (cpw.mods.modlauncher@10.0.9)
3532:             1             16  cpw.mods.modlauncher.TransformTargetLabel$LabelType$$Lambda$347/0x00000008002b1128 (cpw.mods.modlauncher@10.0.9)
3533:             1             16  cpw.mods.modlauncher.TransformationServiceDecorator$$Lambda$876/0x000000080047e828 (cpw.mods.modlauncher@10.0.9)
3534:             1             16  cpw.mods.modlauncher.TransformationServiceDecorator$$Lambda$922/0x0000000800501870 (cpw.mods.modlauncher@10.0.9)
3535:             1             16  cpw.mods.modlauncher.TransformationServiceDecorator$$Lambda$923/0x0000000800501ab0 (cpw.mods.modlauncher@10.0.9)
3536:             1             16  cpw.mods.modlauncher.TransformationServiceDecorator$$Lambda$925/0x0000000800501f48 (cpw.mods.modlauncher@10.0.9)
3537:             1             16  cpw.mods.modlauncher.TransformationServicesHandler$$Lambda$373/0x00000008002bfd38 (cpw.mods.modlauncher@10.0.9)
3538:             1             16  cpw.mods.modlauncher.TransformationServicesHandler$$Lambda$376/0x0000000800300b20 (cpw.mods.modlauncher@10.0.9)
3539:             1             16  cpw.mods.modlauncher.TransformationServicesHandler$$Lambda$413/0x00000008003169e0 (cpw.mods.modlauncher@10.0.9)
3540:             1             16  cpw.mods.modlauncher.TransformationServicesHandler$$Lambda$464/0x0000000800332e50 (cpw.mods.modlauncher@10.0.9)
3541:             1             16  cpw.mods.modlauncher.TransformationServicesHandler$$Lambda$465/0x0000000800333280 (cpw.mods.modlauncher@10.0.9)
3542:             1             16  cpw.mods.modlauncher.TransformationServicesHandler$$Lambda$466/0x0000000800333710 (cpw.mods.modlauncher@10.0.9)
3543:             1             16  cpw.mods.modlauncher.TransformationServicesHandler$$Lambda$468/0x0000000800336a50 (cpw.mods.modlauncher@10.0.9)
3544:             1             16  cpw.mods.modlauncher.TransformationServicesHandler$$Lambda$479/0x0000000800334a20 (cpw.mods.modlauncher@10.0.9)
3545:             1             16  cpw.mods.modlauncher.TransformationServicesHandler$$Lambda$482/0x0000000800338000 (cpw.mods.modlauncher@10.0.9)
3546:             1             16  cpw.mods.modlauncher.TransformationServicesHandler$$Lambda$491/0x0000000800339450 (cpw.mods.modlauncher@10.0.9)
3547:             1             16  cpw.mods.modlauncher.TransformationServicesHandler$$Lambda$514/0x0000000800352800 (cpw.mods.modlauncher@10.0.9)
3548:             1             16  cpw.mods.modlauncher.TransformationServicesHandler$$Lambda$518/0x0000000800353120 (cpw.mods.modlauncher@10.0.9)
3549:             1             16  cpw.mods.modlauncher.TransformationServicesHandler$$Lambda$756/0x00000008003cea48 (cpw.mods.modlauncher@10.0.9)
3550:             1             16  cpw.mods.modlauncher.TransformationServicesHandler$$Lambda$933/0x0000000800506238 (cpw.mods.modlauncher@10.0.9)
3551:             1             16  cpw.mods.modlauncher.TransformationServicesHandler$$Lambda$934/0x0000000800506478 (cpw.mods.modlauncher@10.0.9)
3552:             1             16  cpw.mods.modlauncher.TransformerAuditTrail (cpw.mods.modlauncher@10.0.9)
3553:             1             16  cpw.mods.modlauncher.TransformerAuditTrail$$Lambda$1314/0x00000008005c6c80 (cpw.mods.modlauncher@10.0.9)
3554:             1             16  cpw.mods.modlauncher.TransformerAuditTrail$$Lambda$960/0x0000000800515388 (cpw.mods.modlauncher@10.0.9)
3555:             1             16  cpw.mods.modlauncher.api.TypesafeMap$KeyBuilder$$Lambda$339/0x00000008002aeb10 (cpw.mods.modlauncher@10.0.9)
3556:             1             16  cpw.mods.modlauncher.log.ExtraDataTextRenderer$$Lambda$1311/0x00000008005c5f78 (cpw.mods.modlauncher@10.0.9)
3557:             1             16  cpw.mods.modlauncher.log.ExtraDataTextRenderer$$Lambda$1312/0x00000008005c61b8 (cpw.mods.modlauncher@10.0.9)
3558:             1             16  cpw.mods.modlauncher.log.MLClassLoaderContextSelector (cpw.mods.modlauncher@10.0.9)
3559:             1             16  cpw.mods.modlauncher.util.ServiceLoaderUtils$$Lambda$328/0x00000008002a2c30 (cpw.mods.modlauncher@10.0.9)
3560:             1             16  cpw.mods.modlauncher.util.ServiceLoaderUtils$$Lambda$365/0x00000008002b78e0 (cpw.mods.modlauncher@10.0.9)
3561:             1             16  cpw.mods.modlauncher.util.ServiceLoaderUtils$$Lambda$366/0x00000008002b7b20 (cpw.mods.modlauncher@10.0.9)
3562:             1             16  cpw.mods.modlauncher.util.ServiceLoaderUtils$$Lambda$367/0x00000008002b7d60 (cpw.mods.modlauncher@10.0.9)
3563:             1             16  cpw.mods.modlauncher.util.ServiceLoaderUtils$$Lambda$368/0x00000008002b8000 (cpw.mods.modlauncher@10.0.9)
3564:             1             16  cpw.mods.niofs.union.UnionFileSystem$$Lambda$110/0x0000000800115690 (cpw.mods.securejarhandler)
3565:             1             16  cpw.mods.niofs.union.UnionFileSystem$$Lambda$112/0x00000008001158e0 (cpw.mods.securejarhandler)
3566:             1             16  cpw.mods.niofs.union.UnionFileSystem$$Lambda$113/0x0000000800115b30 (cpw.mods.securejarhandler)
3567:             1             16  cpw.mods.niofs.union.UnionFileSystem$$Lambda$114/0x0000000800115d70 (cpw.mods.securejarhandler)
3568:             1             16  cpw.mods.niofs.union.UnionFileSystem$$Lambda$115/0x00000008001161c0 (cpw.mods.securejarhandler)
3569:             1             16  cpw.mods.niofs.union.UnionFileSystem$$Lambda$118/0x0000000800116a70 (cpw.mods.securejarhandler)
3570:             1             16  cpw.mods.niofs.union.UnionFileSystem$$Lambda$124/0x00000008001175e0 (cpw.mods.securejarhandler)
3571:             1             16  cpw.mods.niofs.union.UnionFileSystem$$Lambda$125/0x0000000800117820 (cpw.mods.securejarhandler)
3572:             1             16  cpw.mods.niofs.union.UnionFileSystem$$Lambda$126/0x0000000800117a60 (cpw.mods.securejarhandler)
3573:             1             16  cpw.mods.niofs.union.UnionFileSystem$$Lambda$158/0x0000000800122748 (cpw.mods.securejarhandler)
3574:             1             16  cpw.mods.niofs.union.UnionFileSystemProvider$$Lambda$104/0x00000008001146c8 (cpw.mods.securejarhandler)
3575:             1             16  cpw.mods.niofs.union.UnionFileSystemProvider$$Lambda$105/0x0000000800114908 (cpw.mods.securejarhandler)
3576:             1             16  cpw.mods.niofs.union.UnionFileSystemProvider$$Lambda$106/0x0000000800114b48 (cpw.mods.securejarhandler)
3577:             1             16  cpw.mods.niofs.union.UnionPath$$Lambda$108/0x0000000800115248 (cpw.mods.securejarhandler)
3578:             1             16  io.github.zekerzhayard.forgewrapper.installer.util.ModuleUtil$$Lambda$14/0x0000000800002e98
3579:             1             16  io.github.zekerzhayard.forgewrapper.installer.util.ModuleUtil$$Lambda$15/0x00000008000030d8
3580:             1             16  io.github.zekerzhayard.forgewrapper.installer.util.ModuleUtil$$Lambda$16/0x0000000800003328
3581:             1             16  io.github.zekerzhayard.forgewrapper.installer.util.ModuleUtil$$Lambda$28/0x0000000800003548
3582:             1             16  io.github.zekerzhayard.forgewrapper.installer.util.ModuleUtil$$Lambda$76/0x0000000800003798
3583:             1             16  it.unimi.dsi.fastutil.doubles.DoubleLists$EmptyList (it.unimi.dsi.fastutil@8.5.9)
3584:             1             16  it.unimi.dsi.fastutil.ints.Int2ObjectMaps$EmptyMap (it.unimi.dsi.fastutil@8.5.9)
3585:             1             16  it.unimi.dsi.fastutil.ints.Int2ObjectOpenHashMap$MapEntrySet (it.unimi.dsi.fastutil@8.5.9)
3586:             1             16  it.unimi.dsi.fastutil.ints.IntArrays$ArrayHashStrategy (it.unimi.dsi.fastutil@8.5.9)
3587:             1             16  it.unimi.dsi.fastutil.objects.Object2ObjectMaps$EmptyMap (it.unimi.dsi.fastutil@8.5.9)
3588:             1             16  it.unimi.dsi.fastutil.objects.ObjectArrayList$$Lambda$1318/0x00000008005d45f8 (it.unimi.dsi.fastutil@8.5.9)
3589:             1             16  it.unimi.dsi.fastutil.objects.ObjectArrayList$$Lambda$1319/0x00000008005d4818 (it.unimi.dsi.fastutil@8.5.9)
3590:             1             16  it.unimi.dsi.fastutil.objects.ObjectArrayList$$Lambda$1320/0x00000008005d4a48 (it.unimi.dsi.fastutil@8.5.9)
3591:             1             16  it.unimi.dsi.fastutil.objects.ObjectArrays$ArrayHashStrategy (it.unimi.dsi.fastutil@8.5.9)
3592:             1             16  java.beans.Statement$1 (java.desktop@17.0.15)
3593:             1             16  java.io.DeleteOnExitHook$1 (java.base@17.0.15)
3594:             1             16  java.io.FileDescriptor$1 (java.base@17.0.15)
3595:             1             16  java.io.FilePermission$1 (java.base@17.0.15)
3596:             1             16  java.io.RandomAccessFile$2 (java.base@17.0.15)
3597:             1             16  java.lang.ApplicationShutdownHooks$1 (java.base@17.0.15)
3598:             1             16  java.lang.CharacterData00 (java.base@17.0.15)
3599:             1             16  java.lang.CharacterDataLatin1 (java.base@17.0.15)
3600:             1             16  java.lang.Class$$Lambda$311/0x00000008002c51c0 (java.base@17.0.15)
3601:             1             16  java.lang.Module$$Lambda$9/0x00000008000a6688 (java.base@17.0.15)
3602:             1             16  java.lang.ModuleLayer$$Lambda$205/0x0000000800185b30 (java.base@17.0.15)
3603:             1             16  java.lang.ModuleLayer$$Lambda$31/0x00000008000b7a38 (java.base@17.0.15)
3604:             1             16  java.lang.ModuleLayer$Controller (java.base@17.0.15)
3605:             1             16  java.lang.ProcessBuilder$NullInputStream (java.base@17.0.15)
3606:             1             16  java.lang.ProcessBuilder$NullOutputStream (java.base@17.0.15)
3607:             1             16  java.lang.ProcessBuilder$Redirect$1 (java.base@17.0.15)
3608:             1             16  java.lang.ProcessBuilder$Redirect$2 (java.base@17.0.15)
3609:             1             16  java.lang.ProcessBuilder$Redirect$3 (java.base@17.0.15)
3610:             1             16  java.lang.ProcessEnvironment$StringKeySet (java.base@17.0.15)
3611:             1             16  java.lang.ProcessHandleImpl$$Lambda$281/0x0000000800251780 (java.base@17.0.15)
3612:             1             16  java.lang.Runtime (java.base@17.0.15)
3613:             1             16  java.lang.SecurityManager$$Lambda$1298/0x00000008002fd838 (java.base@17.0.15)
3614:             1             16  java.lang.SecurityManager$$Lambda$1300/0x00000008002fdcd0 (java.base@17.0.15)
3615:             1             16  java.lang.SecurityManager$$Lambda$1301/0x00000008002fdf10 (java.base@17.0.15)
3616:             1             16  java.lang.SecurityManager$$Lambda$1302/0x00000008002fe150 (java.base@17.0.15)
3617:             1             16  java.lang.SecurityManager$$Lambda$1303/0x00000008002fe380 (java.base@17.0.15)
3618:             1             16  java.lang.SecurityManager$$Lambda$1304/0x00000008002fe5d0 (java.base@17.0.15)
3619:             1             16  java.lang.SecurityManager$$Lambda$1306/0x00000008002fea48 (java.base@17.0.15)
3620:             1             16  java.lang.SecurityManager$$Lambda$1307/0x00000008002fec98 (java.base@17.0.15)
3621:             1             16  java.lang.String$CaseInsensitiveComparator (java.base@17.0.15)
3622:             1             16  java.lang.System$2 (java.base@17.0.15)
3623:             1             16  java.lang.System$LoggerFinder$$Lambda$279/0x000000080024ddc8 (java.base@17.0.15)
3624:             1             16  java.lang.Terminator$1 (java.base@17.0.15)
3625:             1             16  java.lang.invoke.ClassSpecializer$1 (java.base@17.0.15)
3626:             1             16  java.lang.invoke.MemberName$Factory (java.base@17.0.15)
3627:             1             16  java.lang.invoke.MethodHandleImpl$1 (java.base@17.0.15)
3628:             1             16  java.lang.invoke.MethodHandleImpl$Makers$1 (java.base@17.0.15)
3629:             1             16  java.lang.invoke.MethodHandleImpl$Makers$2 (java.base@17.0.15)
3630:             1             16  java.lang.invoke.StringConcatFactory$1 (java.base@17.0.15)
3631:             1             16  java.lang.invoke.StringConcatFactory$2 (java.base@17.0.15)
3632:             1             16  java.lang.invoke.StringConcatFactory$3 (java.base@17.0.15)
3633:             1             16  java.lang.invoke.VarHandle$1 (java.base@17.0.15)
3634:             1             16  java.lang.invoke.VarHandleByteArrayAsInts$ArrayHandle$$Lambda$95/0x0000000800153928 (java.base@17.0.15)
3635:             1             16  java.lang.invoke.VarHandleByteArrayAsLongs$ArrayHandle$$Lambda$96/0x0000000800154698 (java.base@17.0.15)
3636:             1             16  java.lang.management.DefaultPlatformMBeanProvider (java.management@17.0.15)
3637:             1             16  java.lang.management.DefaultPlatformMBeanProvider$5$$Lambda$304/0x000000080027a948 (java.management@17.0.15)
3638:             1             16  java.lang.management.ManagementFactory$$Lambda$252/0x00000008001935c8 (java.management@17.0.15)
3639:             1             16  java.lang.management.ManagementFactory$$Lambda$293/0x000000080026adb0 (java.management@17.0.15)
3640:             1             16  java.lang.management.ManagementFactory$$Lambda$294/0x000000080026b000 (java.management@17.0.15)
3641:             1             16  java.lang.management.ManagementFactory$$Lambda$295/0x000000080026b240 (java.management@17.0.15)
3642:             1             16  java.lang.module.Configuration$$Lambda$189/0x0000000800184e10 (java.base@17.0.15)
3643:             1             16  java.lang.module.Configuration$$Lambda$58/0x00000008000e4fd0 (java.base@17.0.15)
3644:             1             16  java.lang.module.Configuration$$Lambda$59/0x00000008000e5210 (java.base@17.0.15)
3645:             1             16  java.lang.module.ModuleDescriptor$1 (java.base@17.0.15)
3646:             1             16  java.lang.module.ModuleDescriptor$Builder$$Lambda$171/0x00000008001831c8 (java.base@17.0.15)
3647:             1             16  java.lang.module.ModuleDescriptor$Builder$$Lambda$53/0x00000008000e25e0 (java.base@17.0.15)
3648:             1             16  java.lang.module.ModuleDescriptor$Builder$$Lambda$8/0x00000008000a5d30 (java.base@17.0.15)
3649:             1             16  java.lang.module.Resolver$$Lambda$56/0x00000008000e48b0 (java.base@17.0.15)
3650:             1             16  java.lang.module.Resolver$$Lambda$57/0x00000008000e4af0 (java.base@17.0.15)
3651:             1             16  java.lang.module.Resolver$$Lambda$60/0x00000008000e5450 (java.base@17.0.15)
3652:             1             16  java.lang.module.Resolver$$Lambda$61/0x00000008000e5690 (java.base@17.0.15)
3653:             1             16  java.lang.module.Resolver$$Lambda$62/0x00000008000e58d0 (java.base@17.0.15)
3654:             1             16  java.lang.module.Resolver$$Lambda$63/0x00000008000e5b10 (java.base@17.0.15)
3655:             1             16  java.lang.module.Resolver$$Lambda$64/0x00000008000e5d30 (java.base@17.0.15)
3656:             1             16  java.lang.module.Resolver$$Lambda$69/0x00000008000e7138 (java.base@17.0.15)
3657:             1             16  java.lang.module.Resolver$$Lambda$73/0x00000008000e7a60 (java.base@17.0.15)
3658:             1             16  java.lang.module.Resolver$$Lambda$74/0x00000008000e7ca0 (java.base@17.0.15)
3659:             1             16  java.lang.ref.Cleaner (java.base@17.0.15)
3660:             1             16  java.lang.ref.Cleaner$1 (java.base@17.0.15)
3661:             1             16  java.lang.ref.Reference$1 (java.base@17.0.15)
3662:             1             16  java.lang.reflect.Proxy$$Lambda$6/0x00000008000a4028 (java.base@17.0.15)
3663:             1             16  java.lang.reflect.Proxy$ProxyBuilder$$Lambda$7/0x00000008000a4ea0 (java.base@17.0.15)
3664:             1             16  java.lang.reflect.ProxyGenerator$$Lambda$12/0x00000008000a76c0 (java.base@17.0.15)
3665:             1             16  java.lang.reflect.ProxyGenerator$$Lambda$13/0x00000008000a7900 (java.base@17.0.15)
3666:             1             16  java.lang.reflect.ReflectAccess (java.base@17.0.15)
3667:             1             16  java.net.InetAddress$1 (java.base@17.0.15)
3668:             1             16  java.net.InetAddress$PlatformNameService (java.base@17.0.15)
3669:             1             16  java.net.URI$1 (java.base@17.0.15)
3670:             1             16  java.net.URL$3 (java.base@17.0.15)
3671:             1             16  java.net.URL$DefaultFactory (java.base@17.0.15)
3672:             1             16  java.nio.Bits$1 (java.base@17.0.15)
3673:             1             16  java.nio.Buffer$1 (java.base@17.0.15)
3674:             1             16  java.nio.file.Files$$Lambda$128/0x00000008001707f0 (java.base@17.0.15)
3675:             1             16  java.nio.file.Files$$Lambda$883/0x00000008002eb360 (java.base@17.0.15)
3676:             1             16  java.nio.file.Files$AcceptAllFilter (java.base@17.0.15)
3677:             1             16  java.security.AllPermission (java.base@17.0.15)
3678:             1             16  java.security.ProtectionDomain$JavaSecurityAccessImpl (java.base@17.0.15)
3679:             1             16  java.security.Security$2 (java.base@17.0.15)
3680:             1             16  java.security.Signature$1 (java.base@17.0.15)
3681:             1             16  java.security.spec.EncodedKeySpec$1 (java.base@17.0.15)
3682:             1             16  java.text.DecimalFormatSymbols$$Lambda$84/0x00000008000fc0c8 (java.base@17.0.15)
3683:             1             16  java.text.DontCareFieldPosition$1 (java.base@17.0.15)
3684:             1             16  java.time.Clock$SystemClock (java.base@17.0.15)
3685:             1             16  java.time.ZonedDateTime$$Lambda$1205/0x00000008002f88e8 (java.base@17.0.15)
3686:             1             16  java.time.chrono.IsoChronology (java.base@17.0.15)
3687:             1             16  java.time.format.DateTimeFormatter$$Lambda$1021/0x00000008002f56c0 (java.base@17.0.15)
3688:             1             16  java.time.format.DateTimeFormatter$$Lambda$1022/0x00000008002f58e0 (java.base@17.0.15)
3689:             1             16  java.time.format.DateTimeFormatterBuilder$$Lambda$1020/0x00000008002efce0 (java.base@17.0.15)
3690:             1             16  java.time.format.DateTimeFormatterBuilder$InstantPrinterParser (java.base@17.0.15)
3691:             1             16  java.time.format.DateTimeTextProvider (java.base@17.0.15)
3692:             1             16  java.time.format.DateTimeTextProvider$1 (java.base@17.0.15)
3693:             1             16  java.time.temporal.TemporalQueries$1 (java.base@17.0.15)
3694:             1             16  java.time.temporal.TemporalQueries$2 (java.base@17.0.15)
3695:             1             16  java.time.temporal.TemporalQueries$3 (java.base@17.0.15)
3696:             1             16  java.time.temporal.TemporalQueries$4 (java.base@17.0.15)
3697:             1             16  java.time.temporal.TemporalQueries$5 (java.base@17.0.15)
3698:             1             16  java.time.temporal.TemporalQueries$6 (java.base@17.0.15)
3699:             1             16  java.time.temporal.TemporalQueries$7 (java.base@17.0.15)
3700:             1             16  java.util.AbstractMap$2 (java.base@17.0.15)
3701:             1             16  java.util.Collections$EmptyEnumeration (java.base@17.0.15)
3702:             1             16  java.util.Collections$EmptyIterator (java.base@17.0.15)
3703:             1             16  java.util.Collections$EmptyList (java.base@17.0.15)
3704:             1             16  java.util.Collections$EmptySet (java.base@17.0.15)
3705:             1             16  java.util.Collections$ReverseComparator (java.base@17.0.15)
3706:             1             16  java.util.Collections$ReverseComparator2 (java.base@17.0.15)
3707:             1             16  java.util.Collections$UnmodifiableMap$UnmodifiableEntrySet (java.base@17.0.15)
3708:             1             16  java.util.Comparator$$Lambda$173/0x00000008001835f8 (java.base@17.0.15)
3709:             1             16  java.util.Comparator$$Lambda$548/0x00000008002d4d80 (java.base@17.0.15)
3710:             1             16  java.util.EnumMap$1 (java.base@17.0.15)
3711:             1             16  java.util.EnumMap$EntrySet (java.base@17.0.15)
3712:             1             16  java.util.EnumMap$Values (java.base@17.0.15)
3713:             1             16  java.util.IdentityHashMap$Values (java.base@17.0.15)
3714:             1             16  java.util.ImmutableCollections$Access$1 (java.base@17.0.15)
3715:             1             16  java.util.Locale$Builder (java.base@17.0.15)
3716:             1             16  java.util.Map$Entry$$Lambda$1268/0x00000008002fcf80 (java.base@17.0.15)
3717:             1             16  java.util.ResourceBundle$1 (java.base@17.0.15)
3718:             1             16  java.util.ResourceBundle$Control (java.base@17.0.15)
3719:             1             16  java.util.Spliterators$EmptySpliterator$OfDouble (java.base@17.0.15)
3720:             1             16  java.util.Spliterators$EmptySpliterator$OfInt (java.base@17.0.15)
3721:             1             16  java.util.Spliterators$EmptySpliterator$OfLong (java.base@17.0.15)
3722:             1             16  java.util.Spliterators$EmptySpliterator$OfRef (java.base@17.0.15)
3723:             1             16  java.util.concurrent.CompletableFuture$AltResult (java.base@17.0.15)
3724:             1             16  java.util.concurrent.ForkJoinPool$DefaultCommonPoolForkJoinWorkerThreadFactory (java.base@17.0.15)
3725:             1             16  java.util.concurrent.ForkJoinPool$DefaultForkJoinWorkerThreadFactory (java.base@17.0.15)
3726:             1             16  java.util.concurrent.ThreadPoolExecutor$AbortPolicy (java.base@17.0.15)
3727:             1             16  java.util.function.Function$$Lambda$116/0x0000000800164610 (java.base@17.0.15)
3728:             1             16  java.util.function.Predicate$$Lambda$2176/0x00000008005e4238 (java.base@17.0.15)
3729:             1             16  java.util.jar.JavaUtilJarAccessImpl (java.base@17.0.15)
3730:             1             16  java.util.logging.ErrorManager (java.logging@17.0.15)
3731:             1             16  java.util.logging.Level$$Lambda$277/0x000000080024d5c8 (java.logging@17.0.15)
3732:             1             16  java.util.logging.Level$KnownLevel$$Lambda$274/0x000000080024a2e8 (java.logging@17.0.15)
3733:             1             16  java.util.logging.Level$KnownLevel$$Lambda$275/0x000000080024a528 (java.logging@17.0.15)
3734:             1             16  java.util.logging.Level$KnownLevel$$Lambda$278/0x000000080024d808 (java.logging@17.0.15)
3735:             1             16  java.util.logging.LogManager$LoggingProviderAccess (java.logging@17.0.15)
3736:             1             16  java.util.logging.LogManager$VisitedLoggers (java.logging@17.0.15)
3737:             1             16  java.util.logging.Logging (java.logging@17.0.15)
3738:             1             16  java.util.logging.SimpleFormatter$$Lambda$822/0x00000008002e2680 (java.logging@17.0.15)
3739:             1             16  java.util.regex.CharPredicates$$Lambda$169/0x000000080013d200 (java.base@17.0.15)
3740:             1             16  java.util.regex.CharPredicates$$Lambda$38/0x00000008000bb8c8 (java.base@17.0.15)
3741:             1             16  java.util.regex.CharPredicates$$Lambda$441/0x00000008002ce190 (java.base@17.0.15)
3742:             1             16  java.util.regex.CharPredicates$$Lambda$559/0x00000008002d7828 (java.base@17.0.15)
3743:             1             16  java.util.regex.Pattern$$Lambda$168/0x000000080013a4c8 (java.base@17.0.15)
3744:             1             16  java.util.regex.Pattern$$Lambda$448/0x00000008002cead8 (java.base@17.0.15)
3745:             1             16  java.util.regex.Pattern$LastNode (java.base@17.0.15)
3746:             1             16  java.util.regex.Pattern$LookBehindEndNode (java.base@17.0.15)
3747:             1             16  java.util.regex.Pattern$Node (java.base@17.0.15)
3748:             1             16  java.util.stream.Collectors$$Lambda$1/0x000000080000e980 (java.base@17.0.15)
3749:             1             16  java.util.stream.Collectors$$Lambda$1258/0x00000008002fabe8 (java.base@17.0.15)
3750:             1             16  java.util.stream.Collectors$$Lambda$1259/0x00000008002fae18 (java.base@17.0.15)
3751:             1             16  java.util.stream.Collectors$$Lambda$134/0x0000000800170c28 (java.base@17.0.15)
3752:             1             16  java.util.stream.Collectors$$Lambda$135/0x0000000800170e48 (java.base@17.0.15)
3753:             1             16  java.util.stream.Collectors$$Lambda$136/0x0000000800171078 (java.base@17.0.15)
3754:             1             16  java.util.stream.Collectors$$Lambda$137/0x00000008001712c0 (java.base@17.0.15)
3755:             1             16  java.util.stream.Collectors$$Lambda$138/0x0000000800171500 (java.base@17.0.15)
3756:             1             16  java.util.stream.Collectors$$Lambda$184/0x0000000800184520 (java.base@17.0.15)
3757:             1             16  java.util.stream.Collectors$$Lambda$2/0x0000000800080808 (java.base@17.0.15)
3758:             1             16  java.util.stream.Collectors$$Lambda$23/0x00000008000b2a80 (java.base@17.0.15)
3759:             1             16  java.util.stream.Collectors$$Lambda$24/0x00000008000b2ca0 (java.base@17.0.15)
3760:             1             16  java.util.stream.Collectors$$Lambda$25/0x00000008000b2ed0 (java.base@17.0.15)
3761:             1             16  java.util.stream.Collectors$$Lambda$3/0x0000000800080e38 (java.base@17.0.15)
3762:             1             16  java.util.stream.Collectors$$Lambda$313/0x00000008002c5628 (java.base@17.0.15)
3763:             1             16  java.util.stream.Collectors$$Lambda$314/0x00000008002c5858 (java.base@17.0.15)
3764:             1             16  java.util.stream.Collectors$$Lambda$315/0x00000008002c5aa0 (java.base@17.0.15)
3765:             1             16  java.util.stream.Collectors$$Lambda$358/0x00000008002c8c10 (java.base@17.0.15)
3766:             1             16  java.util.stream.Collectors$$Lambda$359/0x00000008002c8e30 (java.base@17.0.15)
3767:             1             16  java.util.stream.Collectors$$Lambda$360/0x00000008002c9060 (java.base@17.0.15)
3768:             1             16  java.util.stream.Collectors$$Lambda$361/0x00000008002c92a8 (java.base@17.0.15)
3769:             1             16  java.util.stream.Collectors$$Lambda$4/0x0000000800081080 (java.base@17.0.15)
3770:             1             16  java.util.stream.Collectors$$Lambda$414/0x00000008002ca640 (java.base@17.0.15)
3771:             1             16  java.util.stream.Collectors$$Lambda$415/0x00000008002ca860 (java.base@17.0.15)
3772:             1             16  java.util.stream.Collectors$$Lambda$416/0x00000008002caa90 (java.base@17.0.15)
3773:             1             16  java.util.stream.Collectors$$Lambda$417/0x00000008002cacd8 (java.base@17.0.15)
3774:             1             16  java.util.stream.Collectors$$Lambda$92/0x0000000800140888 (java.base@17.0.15)
3775:             1             16  java.util.stream.Collectors$$Lambda$94/0x0000000800140ce0 (java.base@17.0.15)
3776:             1             16  java.util.stream.FindOps$FindSink$OfInt$$Lambda$85/0x00000008000fd670 (java.base@17.0.15)
3777:             1             16  java.util.stream.FindOps$FindSink$OfInt$$Lambda$86/0x00000008000fd8c0 (java.base@17.0.15)
3778:             1             16  java.util.stream.FindOps$FindSink$OfInt$$Lambda$87/0x00000008000fdae0 (java.base@17.0.15)
3779:             1             16  java.util.stream.FindOps$FindSink$OfInt$$Lambda$88/0x00000008000fdd30 (java.base@17.0.15)
3780:             1             16  java.util.stream.FindOps$FindSink$OfRef$$Lambda$32/0x00000008000b86c0 (java.base@17.0.15)
3781:             1             16  java.util.stream.FindOps$FindSink$OfRef$$Lambda$33/0x00000008000b8910 (java.base@17.0.15)
3782:             1             16  java.util.stream.FindOps$FindSink$OfRef$$Lambda$34/0x00000008000b8b30 (java.base@17.0.15)
3783:             1             16  java.util.stream.FindOps$FindSink$OfRef$$Lambda$35/0x00000008000b8d80 (java.base@17.0.15)
3784:             1             16  java.util.stream.IntPipeline$$Lambda$1854/0x00000008005e33b8 (java.base@17.0.15)
3785:             1             16  java.util.stream.IntPipeline$$Lambda$603/0x00000008002d9488 (java.base@17.0.15)
3786:             1             16  java.util.stream.Nodes$EmptyNode$OfDouble (java.base@17.0.15)
3787:             1             16  java.util.stream.Nodes$EmptyNode$OfInt (java.base@17.0.15)
3788:             1             16  java.util.stream.Nodes$EmptyNode$OfLong (java.base@17.0.15)
3789:             1             16  java.util.stream.Nodes$EmptyNode$OfRef (java.base@17.0.15)
3790:             1             16  java.util.stream.ReferencePipeline$$Lambda$111/0x0000000800163e68 (java.base@17.0.15)
3791:             1             16  java.util.zip.ZipFile$1 (java.base@17.0.15)
3792:             1             16  javax.management.JMX (java.management@17.0.15)
3793:             1             16  javax.management.MBeanServerBuilder (java.management@17.0.15)
3794:             1             16  javax.management.NotificationBroadcasterSupport$1 (java.management@17.0.15)
3795:             1             16  jdk.dynalink.CallSiteDescriptor$$Lambda$903/0x00000008004e4ad8 (jdk.dynalink@17.0.15)
3796:             1             16  jdk.dynalink.CallSiteDescriptor$$Lambda$904/0x00000008004e4cf8 (jdk.dynalink@17.0.15)
3797:             1             16  jdk.dynalink.DynamicLinkerFactory$$Lambda$829/0x00000008003fbc18 (jdk.dynalink@17.0.15)
3798:             1             16  jdk.dynalink.beans.ApplicableOverloadedMethods$1 (jdk.dynalink@17.0.15)
3799:             1             16  jdk.dynalink.beans.ApplicableOverloadedMethods$2 (jdk.dynalink@17.0.15)
3800:             1             16  jdk.dynalink.beans.ApplicableOverloadedMethods$3 (jdk.dynalink@17.0.15)
3801:             1             16  jdk.dynalink.beans.BeansLinker (jdk.dynalink@17.0.15)
3802:             1             16  jdk.dynalink.beans.DynamicMethodLinker (jdk.dynalink@17.0.15)
3803:             1             16  jdk.dynalink.beans.MaximallySpecific$$Lambda$1350/0x0000000800644000 (jdk.dynalink@17.0.15)
3804:             1             16  jdk.dynalink.beans.StaticClassLinker (jdk.dynalink@17.0.15)
3805:             1             16  jdk.dynalink.internal.AccessControlContextFactory$$Lambda$827/0x00000008003fb7b8 (jdk.dynalink@17.0.15)
3806:             1             16  jdk.dynalink.internal.AccessControlContextFactory$$Lambda$828/0x00000008003fb9f8 (jdk.dynalink@17.0.15)
3807:             1             16  jdk.internal.icu.impl.Norm2AllModes$DecomposeNormalizer2 (java.base@17.0.15)
3808:             1             16  jdk.internal.icu.impl.Norm2AllModes$NoopNormalizer2 (java.base@17.0.15)
3809:             1             16  jdk.internal.icu.impl.NormalizerImpl$IsAcceptable (java.base@17.0.15)
3810:             1             16  jdk.internal.icu.text.NormalizerBase$ModeImpl (java.base@17.0.15)
3811:             1             16  jdk.internal.icu.text.NormalizerBase$NFCMode (java.base@17.0.15)
3812:             1             16  jdk.internal.icu.text.NormalizerBase$NFDMode (java.base@17.0.15)
3813:             1             16  jdk.internal.icu.text.NormalizerBase$NFKCMode (java.base@17.0.15)
3814:             1             16  jdk.internal.icu.text.NormalizerBase$NFKDMode (java.base@17.0.15)
3815:             1             16  jdk.internal.icu.text.NormalizerBase$NONEMode (java.base@17.0.15)
3816:             1             16  jdk.internal.icu.util.CodePointTrie$Data16 (java.base@17.0.15)
3817:             1             16  jdk.internal.icu.util.VersionInfo (java.base@17.0.15)
3818:             1             16  jdk.internal.jimage.ImageBufferCache$1 (java.base@17.0.15)
3819:             1             16  jdk.internal.jimage.ImageBufferCache$2 (java.base@17.0.15)
3820:             1             16  jdk.internal.jimage.ImageReaderFactory$1 (java.base@17.0.15)
3821:             1             16  jdk.internal.jimage.ImageStringsReader (java.base@17.0.15)
3822:             1             16  jdk.internal.jimage.decompressor.Decompressor (java.base@17.0.15)
3823:             1             16  jdk.internal.jimage.decompressor.StringSharingDecompressorFactory (java.base@17.0.15)
3824:             1             16  jdk.internal.jimage.decompressor.ZipDecompressor (java.base@17.0.15)
3825:             1             16  jdk.internal.jimage.decompressor.ZipDecompressorFactory (java.base@17.0.15)
3826:             1             16  jdk.internal.jrtfs.JrtFileSystemProvider (java.base@17.0.15)
3827:             1             16  jdk.internal.logger.LazyLoggers$1 (java.base@17.0.15)
3828:             1             16  jdk.internal.logger.LazyLoggers$JdkLazyLogger (java.base@17.0.15)
3829:             1             16  jdk.internal.logger.LazyLoggers$LazyLoggerFactories (java.base@17.0.15)
3830:             1             16  jdk.internal.math.FloatingDecimal$1 (java.base@17.0.15)
3831:             1             16  jdk.internal.math.FormattedFloatingDecimal$1 (java.base@17.0.15)
3832:             1             16  jdk.internal.misc.ScopedMemoryAccess (java.base@17.0.15)
3833:             1             16  jdk.internal.misc.TerminatingThreadLocal$1 (java.base@17.0.15)
3834:             1             16  jdk.internal.misc.ThreadTracker (java.base@17.0.15)
3835:             1             16  jdk.internal.misc.Unsafe (java.base@17.0.15)
3836:             1             16  jdk.internal.module.ArchivedBootLayer (java.base@17.0.15)
3837:             1             16  jdk.internal.module.ModuleLoaderMap$Mapper (java.base@17.0.15)
3838:             1             16  jdk.internal.module.ModulePatcher (java.base@17.0.15)
3839:             1             16  jdk.internal.module.ModulePath$$Lambda$19/0x00000008000b1c70 (java.base@17.0.15)
3840:             1             16  jdk.internal.module.ModulePath$$Lambda$20/0x00000008000b1ec0 (java.base@17.0.15)
3841:             1             16  jdk.internal.module.ModulePath$$Lambda$22/0x00000008000b2348 (java.base@17.0.15)
3842:             1             16  jdk.internal.module.ModulePath$$Lambda$42/0x00000008000bf698 (java.base@17.0.15)
3843:             1             16  jdk.internal.module.ModulePath$$Lambda$43/0x00000008000bf8e8 (java.base@17.0.15)
3844:             1             16  jdk.internal.module.ModulePath$$Lambda$44/0x00000008000bfb28 (java.base@17.0.15)
3845:             1             16  jdk.internal.module.ModulePath$$Lambda$45/0x00000008000bfd78 (java.base@17.0.15)
3846:             1             16  jdk.internal.module.ModulePath$$Lambda$50/0x00000008000e1308 (java.base@17.0.15)
3847:             1             16  jdk.internal.module.ModulePath$$Lambda$52/0x00000008000e2168 (java.base@17.0.15)
3848:             1             16  jdk.internal.perf.Perf (java.base@17.0.15)
3849:             1             16  jdk.internal.platform.CgroupMetrics (java.base@17.0.15)
3850:             1             16  jdk.internal.platform.CgroupSubsystemFactory$$Lambda$302/0x0000000800278038 (java.base@17.0.15)
3851:             1             16  jdk.internal.platform.cgroupv2.CgroupV2Subsystem (java.base@17.0.15)
3852:             1             16  jdk.internal.platform.cgroupv2.CgroupV2SubsystemController (java.base@17.0.15)
3853:             1             16  jdk.internal.reflect.GeneratedConstructorAccessor1
3854:             1             16  jdk.internal.reflect.GeneratedConstructorAccessor10
3855:             1             16  jdk.internal.reflect.GeneratedConstructorAccessor11
3856:             1             16  jdk.internal.reflect.GeneratedConstructorAccessor12
3857:             1             16  jdk.internal.reflect.GeneratedConstructorAccessor13
3858:             1             16  jdk.internal.reflect.GeneratedConstructorAccessor14 (java.base@17.0.15)
3859:             1             16  jdk.internal.reflect.GeneratedConstructorAccessor15 (java.base@17.0.15)
3860:             1             16  jdk.internal.reflect.GeneratedConstructorAccessor16 (java.base@17.0.15)
3861:             1             16  jdk.internal.reflect.GeneratedConstructorAccessor17 (java.base@17.0.15)
3862:             1             16  jdk.internal.reflect.GeneratedConstructorAccessor18 (java.base@17.0.15)
3863:             1             16  jdk.internal.reflect.GeneratedConstructorAccessor19
3864:             1             16  jdk.internal.reflect.GeneratedConstructorAccessor2
3865:             1             16  jdk.internal.reflect.GeneratedConstructorAccessor20
3866:             1             16  jdk.internal.reflect.GeneratedConstructorAccessor21
3867:             1             16  jdk.internal.reflect.GeneratedConstructorAccessor22
3868:             1             16  jdk.internal.reflect.GeneratedConstructorAccessor23
3869:             1             16  jdk.internal.reflect.GeneratedConstructorAccessor3
3870:             1             16  jdk.internal.reflect.GeneratedConstructorAccessor4 (java.base@17.0.15)
3871:             1             16  jdk.internal.reflect.GeneratedConstructorAccessor5
3872:             1             16  jdk.internal.reflect.GeneratedConstructorAccessor6
3873:             1             16  jdk.internal.reflect.GeneratedConstructorAccessor7
3874:             1             16  jdk.internal.reflect.GeneratedConstructorAccessor8
3875:             1             16  jdk.internal.reflect.GeneratedConstructorAccessor9 (java.base@17.0.15)
3876:             1             16  jdk.internal.reflect.GeneratedMethodAccessor1 (java.base@17.0.15)
3877:             1             16  jdk.internal.reflect.ReflectionFactory (java.base@17.0.15)
3878:             1             16  jdk.jfr.internal.dcmd.DCmdCheck$$Lambda$308/0x00000008002c0660 (jdk.jfr@17.0.15)
3879:             1             16  jdk.jfr.internal.dcmd.DCmdDump$$Lambda$307/0x00000008002c0440 (jdk.jfr@17.0.15)
3880:             1             16  jdk.jfr.internal.dcmd.DCmdStart$$Lambda$306/0x00000008002c0220 (jdk.jfr@17.0.15)
3881:             1             16  jdk.jfr.internal.dcmd.DCmdStop$$Lambda$305/0x00000008002c0000 (jdk.jfr@17.0.15)
3882:             1             16  jdk.management.jfr.SettingDescriptorInfo$1 (jdk.management.jfr@17.0.15)
3883:             1             16  jdk.nio.zipfs.ZipFileSystem$$Lambda$107/0x0000000800119610 (jdk.zipfs@17.0.15)
3884:             1             16  jdk.nio.zipfs.ZipFileSystemProvider (jdk.zipfs@17.0.15)
3885:             1             16  jdk.proxy2.$Proxy17 (jdk.proxy2)
3886:             1             16  jdk.proxy2.$Proxy24 (jdk.proxy2)
3887:             1             16  jdk.proxy2.$Proxy25 (jdk.proxy2)
3888:             1             16  jdk.proxy2.$Proxy5 (jdk.proxy2)
3889:             1             16  jdk.proxy3.$Proxy20 (jdk.proxy3)
3890:             1             16  jdk.xml.internal.SecuritySupport$$Lambda$269/0x000000080019fa50 (java.xml@17.0.15)
3891:             1             16  joptsimple.OptionParserState$2 (jopt.simple@5.0.4)
3892:             1             16  net.fabricmc.loader.impl.FMLModMetadata$$Lambda$948/0x0000000800510e98 (net.fabricmc.loader@2.6.0+0.15.0+1.20.1-full)
3893:             1             16  net.fabricmc.loader.impl.FMLModMetadata$$Lambda$949/0x0000000800511518 (net.fabricmc.loader@2.6.0+0.15.0+1.20.1-full)
3894:             1             16  net.fabricmc.loader.impl.FMLModMetadata$$Lambda$952/0x0000000800512270 (net.fabricmc.loader@2.6.0+0.15.0+1.20.1-full)
3895:             1             16  net.fabricmc.loader.impl.ModContainerImpl$$Lambda$951/0x0000000800512030 (net.fabricmc.loader@2.6.0+0.15.0+1.20.1-full)
3896:             1             16  net.fabricmc.loader.impl.bootstrap.FabricLoaderBootstrap (net.fabricmc.loader@2.6.0+0.15.0+1.20.1-full)
3897:             1             16  net.fabricmc.loader.impl.bootstrap.FabricLoaderHackyInjector (net.fabricmc.loader@2.6.0+0.15.0+1.20.1-full)
3898:             1             16  net.minecraft.ChatFormatting$$Lambda$1164/0x0000000800589dd8 (minecraft@1.20.1)
3899:             1             16  net.minecraft.ChatFormatting$$Lambda$1168/0x0000000800588400 (minecraft@1.20.1)
3900:             1             16  net.minecraft.ChatFormatting$$Lambda$1169/0x0000000800590000 (minecraft@1.20.1)
3901:             1             16  net.minecraft.SystemReport$$Lambda$1244/0x00000008005a6318 (minecraft@1.20.1)
3902:             1             16  net.minecraft.SystemReport$$Lambda$1245/0x00000008005a6538 (minecraft@1.20.1)
3903:             1             16  net.minecraft.SystemReport$$Lambda$1296/0x00000008005c19e0 (minecraft@1.20.1)
3904:             1             16  net.minecraft.Util$$Lambda$1236/0x0000000800599bd8 (minecraft@1.20.1)
3905:             1             16  net.minecraft.Util$$Lambda$1237/0x00000008005a4000 (minecraft@1.20.1)
3906:             1             16  net.minecraft.Util$$Lambda$1238/0x00000008005a4220 (minecraft@1.20.1)
3907:             1             16  net.minecraft.Util$$Lambda$1239/0x00000008005a4640 (minecraft@1.20.1)
3908:             1             16  net.minecraft.Util$$Lambda$1240/0x00000008005a48a0 (minecraft@1.20.1)
3909:             1             16  net.minecraft.Util$$Lambda$1241/0x00000008005a4af0 (minecraft@1.20.1)
3910:             1             16  net.minecraft.Util$$Lambda$1242/0x00000008005a4d10 (minecraft@1.20.1)
3911:             1             16  net.minecraft.Util$$Lambda$1297/0x00000008005c1c00 (minecraft@1.20.1)
3912:             1             16  net.minecraft.Util$$Lambda$1449/0x000000080067ccf0 (minecraft@1.20.1)
3913:             1             16  net.minecraft.Util$$Lambda$1450/0x000000080067cf30 (minecraft@1.20.1)
3914:             1             16  net.minecraft.Util$1 (minecraft@1.20.1)
3915:             1             16  net.minecraft.Util$3 (minecraft@1.20.1)
3916:             1             16  net.minecraft.Util$4 (minecraft@1.20.1)
3917:             1             16  net.minecraft.client.User$Type$$Lambda$1243/0x00000008005a5a38 (minecraft@1.20.1)
3918:             1             16  net.minecraft.client.main.Main$$Lambda$1316/0x00000008005c3010 (minecraft@1.20.1)
3919:             1             16  net.minecraft.client.telemetry.TelemetryProperty$$Lambda$1025/0x0000000800551308 (minecraft@1.20.1)
3920:             1             16  net.minecraft.client.telemetry.TelemetryProperty$$Lambda$1040/0x0000000800552930 (minecraft@1.20.1)
3921:             1             16  net.minecraft.client.telemetry.TelemetryProperty$$Lambda$1041/0x0000000800552b50 (minecraft@1.20.1)
3922:             1             16  net.minecraft.client.telemetry.TelemetryProperty$$Lambda$1123/0x000000080057ada0 (minecraft@1.20.1)
3923:             1             16  net.minecraft.client.telemetry.TelemetryProperty$$Lambda$1124/0x000000080057afc0 (minecraft@1.20.1)
3924:             1             16  net.minecraft.client.telemetry.TelemetryProperty$$Lambda$1126/0x000000080057b860 (minecraft@1.20.1)
3925:             1             16  net.minecraft.client.telemetry.TelemetryProperty$$Lambda$1127/0x000000080057ba80 (minecraft@1.20.1)
3926:             1             16  net.minecraft.client.telemetry.TelemetryProperty$$Lambda$1128/0x000000080057bca0 (minecraft@1.20.1)
3927:             1             16  net.minecraft.client.telemetry.TelemetryProperty$$Lambda$1129/0x0000000800584000 (minecraft@1.20.1)
3928:             1             16  net.minecraft.client.telemetry.TelemetryProperty$$Lambda$1132/0x00000008005848a8 (minecraft@1.20.1)
3929:             1             16  net.minecraft.client.telemetry.TelemetryProperty$$Lambda$1133/0x0000000800584ac8 (minecraft@1.20.1)
3930:             1             16  net.minecraft.client.telemetry.TelemetryProperty$GameMode$$Lambda$1125/0x000000080057b640 (minecraft@1.20.1)
3931:             1             16  net.minecraft.client.telemetry.TelemetryProperty$ServerType$$Lambda$1042/0x00000008005535c0 (minecraft@1.20.1)
3932:             1             16  net.minecraft.client.telemetry.events.GameLoadTimesEvent$Measurement$$Lambda$1130/0x0000000800584428 (minecraft@1.20.1)
3933:             1             16  net.minecraft.client.telemetry.events.GameLoadTimesEvent$Measurement$$Lambda$1131/0x0000000800584668 (minecraft@1.20.1)
3934:             1             16  net.minecraft.commands.BrigadierExceptions (minecraft@1.20.1)
3935:             1             16  net.minecraft.commands.BrigadierExceptions$$Lambda$1152/0x0000000800585500 (minecraft@1.20.1)
3936:             1             16  net.minecraft.commands.BrigadierExceptions$$Lambda$1153/0x0000000800585720 (minecraft@1.20.1)
3937:             1             16  net.minecraft.commands.BrigadierExceptions$$Lambda$1154/0x0000000800585940 (minecraft@1.20.1)
3938:             1             16  net.minecraft.commands.BrigadierExceptions$$Lambda$1155/0x0000000800585b60 (minecraft@1.20.1)
3939:             1             16  net.minecraft.commands.BrigadierExceptions$$Lambda$1156/0x0000000800585d80 (minecraft@1.20.1)
3940:             1             16  net.minecraft.commands.BrigadierExceptions$$Lambda$1157/0x0000000800585fa0 (minecraft@1.20.1)
3941:             1             16  net.minecraft.commands.BrigadierExceptions$$Lambda$1158/0x00000008005861c0 (minecraft@1.20.1)
3942:             1             16  net.minecraft.commands.BrigadierExceptions$$Lambda$1159/0x00000008005863e0 (minecraft@1.20.1)
3943:             1             16  net.minecraft.commands.BrigadierExceptions$$Lambda$1160/0x0000000800586600 (minecraft@1.20.1)
3944:             1             16  net.minecraft.commands.BrigadierExceptions$$Lambda$1197/0x0000000800592d38 (minecraft@1.20.1)
3945:             1             16  net.minecraft.commands.BrigadierExceptions$$Lambda$1198/0x0000000800592f78 (minecraft@1.20.1)
3946:             1             16  net.minecraft.commands.BrigadierExceptions$$Lambda$1199/0x00000008005931b8 (minecraft@1.20.1)
3947:             1             16  net.minecraft.commands.BrigadierExceptions$$Lambda$1200/0x00000008005933f8 (minecraft@1.20.1)
3948:             1             16  net.minecraft.commands.BrigadierExceptions$$Lambda$1201/0x0000000800593638 (minecraft@1.20.1)
3949:             1             16  net.minecraft.commands.BrigadierExceptions$$Lambda$1202/0x0000000800593878 (minecraft@1.20.1)
3950:             1             16  net.minecraft.commands.BrigadierExceptions$$Lambda$1203/0x0000000800593ab8 (minecraft@1.20.1)
3951:             1             16  net.minecraft.commands.BrigadierExceptions$$Lambda$1204/0x0000000800593cf8 (minecraft@1.20.1)
3952:             1             16  net.minecraft.core.BlockPos$$Lambda$1686/0x000000080078e128 (minecraft@1.20.1)
3953:             1             16  net.minecraft.core.BlockPos$$Lambda$1687/0x000000080078e368 (minecraft@1.20.1)
3954:             1             16  net.minecraft.core.Direction$$Lambda$1420/0x000000080065fdc8 (minecraft@1.20.1)
3955:             1             16  net.minecraft.core.Direction$$Lambda$1421/0x0000000800660000 (minecraft@1.20.1)
3956:             1             16  net.minecraft.core.Direction$$Lambda$1422/0x0000000800660240 (minecraft@1.20.1)
3957:             1             16  net.minecraft.core.Direction$$Lambda$1423/0x0000000800660460 (minecraft@1.20.1)
3958:             1             16  net.minecraft.core.Direction$$Lambda$1424/0x0000000800660680 (minecraft@1.20.1)
3959:             1             16  net.minecraft.core.Direction$$Lambda$1425/0x00000008006608d0 (minecraft@1.20.1)
3960:             1             16  net.minecraft.core.Direction$$Lambda$1426/0x0000000800660af0 (minecraft@1.20.1)
3961:             1             16  net.minecraft.core.Direction$Axis$$Lambda$1417/0x000000080065f728 (minecraft@1.20.1)
3962:             1             16  net.minecraft.core.FrontAndTop$$Lambda$1435/0x0000000800670260 (minecraft@1.20.1)
3963:             1             16  net.minecraft.core.MappedRegistry$$Lambda$1321/0x00000008005cd9b8 (minecraft@1.20.1)
3964:             1             16  net.minecraft.core.UUIDUtil$$Lambda$1026/0x0000000800551730 (minecraft@1.20.1)
3965:             1             16  net.minecraft.core.UUIDUtil$$Lambda$1028/0x0000000800551970 (minecraft@1.20.1)
3966:             1             16  net.minecraft.core.UUIDUtil$$Lambda$1032/0x0000000800551bb0 (minecraft@1.20.1)
3967:             1             16  net.minecraft.core.UUIDUtil$$Lambda$1033/0x0000000800551df0 (minecraft@1.20.1)
3968:             1             16  net.minecraft.core.UUIDUtil$$Lambda$1034/0x0000000800552030 (minecraft@1.20.1)
3969:             1             16  net.minecraft.core.UUIDUtil$$Lambda$1036/0x0000000800552270 (minecraft@1.20.1)
3970:             1             16  net.minecraft.core.UUIDUtil$$Lambda$1038/0x00000008005524b0 (minecraft@1.20.1)
3971:             1             16  net.minecraft.core.UUIDUtil$$Lambda$1039/0x00000008005526f0 (minecraft@1.20.1)
3972:             1             16  net.minecraft.core.Vec3i$$Lambda$1418/0x000000080065f948 (minecraft@1.20.1)
3973:             1             16  net.minecraft.core.Vec3i$$Lambda$1419/0x000000080065fb88 (minecraft@1.20.1)
3974:             1             16  net.minecraft.core.cauldron.CauldronInteraction$$Lambda$1693/0x0000000800794000 (minecraft@1.20.1)
3975:             1             16  net.minecraft.core.cauldron.CauldronInteraction$$Lambda$1694/0x0000000800794c78 (minecraft@1.20.1)
3976:             1             16  net.minecraft.core.cauldron.CauldronInteraction$$Lambda$1695/0x0000000800794e98 (minecraft@1.20.1)
3977:             1             16  net.minecraft.core.cauldron.CauldronInteraction$$Lambda$1696/0x00000008007950b8 (minecraft@1.20.1)
3978:             1             16  net.minecraft.core.cauldron.CauldronInteraction$$Lambda$1697/0x00000008007952d8 (minecraft@1.20.1)
3979:             1             16  net.minecraft.core.cauldron.CauldronInteraction$$Lambda$1698/0x00000008007954f8 (minecraft@1.20.1)
3980:             1             16  net.minecraft.core.cauldron.CauldronInteraction$$Lambda$1699/0x0000000800795718 (minecraft@1.20.1)
3981:             1             16  net.minecraft.core.cauldron.CauldronInteraction$$Lambda$1700/0x0000000800795938 (minecraft@1.20.1)
3982:             1             16  net.minecraft.core.particles.BlockParticleOption$1 (minecraft@1.20.1)
3983:             1             16  net.minecraft.core.particles.DustColorTransitionOptions$$Lambda$1601/0x000000080075eae0 (minecraft@1.20.1)
3984:             1             16  net.minecraft.core.particles.DustColorTransitionOptions$$Lambda$1602/0x000000080075ed20 (minecraft@1.20.1)
3985:             1             16  net.minecraft.core.particles.DustColorTransitionOptions$$Lambda$1603/0x000000080075ef60 (minecraft@1.20.1)
3986:             1             16  net.minecraft.core.particles.DustColorTransitionOptions$$Lambda$1604/0x000000080075f1a0 (minecraft@1.20.1)
3987:             1             16  net.minecraft.core.particles.DustColorTransitionOptions$$Lambda$1605/0x000000080075f3e0 (minecraft@1.20.1)
3988:             1             16  net.minecraft.core.particles.DustColorTransitionOptions$1 (minecraft@1.20.1)
3989:             1             16  net.minecraft.core.particles.DustParticleOptions$$Lambda$1596/0x000000080075daf8 (minecraft@1.20.1)
3990:             1             16  net.minecraft.core.particles.DustParticleOptions$$Lambda$1597/0x000000080075dd38 (minecraft@1.20.1)
3991:             1             16  net.minecraft.core.particles.DustParticleOptions$$Lambda$1598/0x000000080075df78 (minecraft@1.20.1)
3992:             1             16  net.minecraft.core.particles.DustParticleOptions$$Lambda$1599/0x000000080075e1b8 (minecraft@1.20.1)
3993:             1             16  net.minecraft.core.particles.DustParticleOptions$1 (minecraft@1.20.1)
3994:             1             16  net.minecraft.core.particles.ItemParticleOption$1 (minecraft@1.20.1)
3995:             1             16  net.minecraft.core.particles.ParticleTypes$$Lambda$1592/0x000000080075cb10 (minecraft@1.20.1)
3996:             1             16  net.minecraft.core.particles.ParticleTypes$$Lambda$1593/0x000000080075cf78 (minecraft@1.20.1)
3997:             1             16  net.minecraft.core.particles.ParticleTypes$$Lambda$1600/0x000000080075e630 (minecraft@1.20.1)
3998:             1             16  net.minecraft.core.particles.ParticleTypes$$Lambda$1606/0x000000080075f868 (minecraft@1.20.1)
3999:             1             16  net.minecraft.core.particles.ParticleTypes$$Lambda$1607/0x000000080075faa8 (minecraft@1.20.1)
4000:             1             16  net.minecraft.core.particles.ParticleTypes$$Lambda$1611/0x0000000800764908 (minecraft@1.20.1)
4001:             1             16  net.minecraft.core.particles.ParticleTypes$$Lambda$1612/0x0000000800764fe8 (minecraft@1.20.1)
4002:             1             16  net.minecraft.core.particles.ParticleTypes$$Lambda$1619/0x0000000800766640 (minecraft@1.20.1)
4003:             1             16  net.minecraft.core.particles.ParticleTypes$$Lambda$1623/0x00000008007673d8 (minecraft@1.20.1)
4004:             1             16  net.minecraft.core.particles.ParticleTypes$$Lambda$1624/0x0000000800767618 (minecraft@1.20.1)
4005:             1             16  net.minecraft.core.particles.ParticleTypes$$Lambda$1625/0x0000000800767858 (minecraft@1.20.1)
4006:             1             16  net.minecraft.core.particles.SculkChargeParticleOptions$$Lambda$1608/0x0000000800764000 (minecraft@1.20.1)
4007:             1             16  net.minecraft.core.particles.SculkChargeParticleOptions$$Lambda$1609/0x0000000800764240 (minecraft@1.20.1)
4008:             1             16  net.minecraft.core.particles.SculkChargeParticleOptions$$Lambda$1610/0x0000000800764480 (minecraft@1.20.1)
4009:             1             16  net.minecraft.core.particles.SculkChargeParticleOptions$1 (minecraft@1.20.1)
4010:             1             16  net.minecraft.core.particles.ShriekParticleOption$$Lambda$1620/0x0000000800766ad0 (minecraft@1.20.1)
4011:             1             16  net.minecraft.core.particles.ShriekParticleOption$$Lambda$1621/0x0000000800766d10 (minecraft@1.20.1)
4012:             1             16  net.minecraft.core.particles.ShriekParticleOption$$Lambda$1622/0x0000000800766f50 (minecraft@1.20.1)
4013:             1             16  net.minecraft.core.particles.ShriekParticleOption$1 (minecraft@1.20.1)
4014:             1             16  net.minecraft.core.particles.SimpleParticleType$1 (minecraft@1.20.1)
4015:             1             16  net.minecraft.core.particles.VibrationParticleOption$$Lambda$1613/0x0000000800765488 (minecraft@1.20.1)
4016:             1             16  net.minecraft.core.particles.VibrationParticleOption$$Lambda$1616/0x0000000800765d48 (minecraft@1.20.1)
4017:             1             16  net.minecraft.core.particles.VibrationParticleOption$$Lambda$1617/0x0000000800765f88 (minecraft@1.20.1)
4018:             1             16  net.minecraft.core.particles.VibrationParticleOption$$Lambda$1618/0x00000008007661c8 (minecraft@1.20.1)
4019:             1             16  net.minecraft.core.particles.VibrationParticleOption$1 (minecraft@1.20.1)
4020:             1             16  net.minecraft.core.registries.BuiltInRegistries$$Lambda$1323/0x00000008005ce798 (minecraft@1.20.1)
4021:             1             16  net.minecraft.core.registries.BuiltInRegistries$$Lambda$1329/0x00000008005dc228 (minecraft@1.20.1)
4022:             1             16  net.minecraft.core.registries.BuiltInRegistries$$Lambda$1353/0x000000080064cc28 (minecraft@1.20.1)
4023:             1             16  net.minecraft.core.registries.BuiltInRegistries$$Lambda$1354/0x000000080064d320 (minecraft@1.20.1)
4024:             1             16  net.minecraft.core.registries.BuiltInRegistries$$Lambda$1355/0x000000080064d540 (minecraft@1.20.1)
4025:             1             16  net.minecraft.core.registries.BuiltInRegistries$$Lambda$1356/0x000000080064dc48 (minecraft@1.20.1)
4026:             1             16  net.minecraft.core.registries.BuiltInRegistries$$Lambda$1357/0x000000080064de68 (minecraft@1.20.1)
4027:             1             16  net.minecraft.core.registries.BuiltInRegistries$$Lambda$1358/0x000000080064e088 (minecraft@1.20.1)
4028:             1             16  net.minecraft.core.registries.BuiltInRegistries$$Lambda$1359/0x000000080064e6f0 (minecraft@1.20.1)
4029:             1             16  net.minecraft.core.registries.BuiltInRegistries$$Lambda$1360/0x000000080064eb38 (minecraft@1.20.1)
4030:             1             16  net.minecraft.core.registries.BuiltInRegistries$$Lambda$1361/0x000000080064ef80 (minecraft@1.20.1)
4031:             1             16  net.minecraft.core.registries.BuiltInRegistries$$Lambda$1362/0x000000080064f5c0 (minecraft@1.20.1)
4032:             1             16  net.minecraft.core.registries.BuiltInRegistries$$Lambda$1363/0x000000080064f7e0 (minecraft@1.20.1)
4033:             1             16  net.minecraft.core.registries.BuiltInRegistries$$Lambda$1364/0x000000080064fc58 (minecraft@1.20.1)
4034:             1             16  net.minecraft.core.registries.BuiltInRegistries$$Lambda$1365/0x000000080064a200 (minecraft@1.20.1)
4035:             1             16  net.minecraft.core.registries.BuiltInRegistries$$Lambda$1366/0x000000080064a620 (minecraft@1.20.1)
4036:             1             16  net.minecraft.core.registries.BuiltInRegistries$$Lambda$1367/0x000000080064aa40 (minecraft@1.20.1)
4037:             1             16  net.minecraft.core.registries.BuiltInRegistries$$Lambda$1368/0x000000080064b0d0 (minecraft@1.20.1)
4038:             1             16  net.minecraft.core.registries.BuiltInRegistries$$Lambda$1369/0x000000080064b4f0 (minecraft@1.20.1)
4039:             1             16  net.minecraft.core.registries.BuiltInRegistries$$Lambda$1370/0x000000080064bb10 (minecraft@1.20.1)
4040:             1             16  net.minecraft.core.registries.BuiltInRegistries$$Lambda$1371/0x0000000800649c00 (minecraft@1.20.1)
4041:             1             16  net.minecraft.core.registries.BuiltInRegistries$$Lambda$1372/0x0000000800650200 (minecraft@1.20.1)
4042:             1             16  net.minecraft.core.registries.BuiltInRegistries$$Lambda$1373/0x0000000800650828 (minecraft@1.20.1)
4043:             1             16  net.minecraft.core.registries.BuiltInRegistries$$Lambda$1374/0x0000000800650cc8 (minecraft@1.20.1)
4044:             1             16  net.minecraft.core.registries.BuiltInRegistries$$Lambda$1375/0x00000008006510f8 (minecraft@1.20.1)
4045:             1             16  net.minecraft.core.registries.BuiltInRegistries$$Lambda$1376/0x0000000800651528 (minecraft@1.20.1)
4046:             1             16  net.minecraft.core.registries.BuiltInRegistries$$Lambda$1377/0x0000000800651b60 (minecraft@1.20.1)
4047:             1             16  net.minecraft.core.registries.BuiltInRegistries$$Lambda$1378/0x0000000800651f98 (minecraft@1.20.1)
4048:             1             16  net.minecraft.core.registries.BuiltInRegistries$$Lambda$1379/0x00000008006523d0 (minecraft@1.20.1)
4049:             1             16  net.minecraft.core.registries.BuiltInRegistries$$Lambda$1380/0x0000000800652820 (minecraft@1.20.1)
4050:             1             16  net.minecraft.core.registries.BuiltInRegistries$$Lambda$1381/0x0000000800652c58 (minecraft@1.20.1)
4051:             1             16  net.minecraft.core.registries.BuiltInRegistries$$Lambda$1382/0x00000008006532a8 (minecraft@1.20.1)
4052:             1             16  net.minecraft.core.registries.BuiltInRegistries$$Lambda$1383/0x00000008006536e0 (minecraft@1.20.1)
4053:             1             16  net.minecraft.core.registries.BuiltInRegistries$$Lambda$1384/0x0000000800653b18 (minecraft@1.20.1)
4054:             1             16  net.minecraft.core.registries.BuiltInRegistries$$Lambda$1385/0x0000000800653f50 (minecraft@1.20.1)
4055:             1             16  net.minecraft.core.registries.BuiltInRegistries$$Lambda$1386/0x0000000800654388 (minecraft@1.20.1)
4056:             1             16  net.minecraft.core.registries.BuiltInRegistries$$Lambda$1387/0x00000008006547c0 (minecraft@1.20.1)
4057:             1             16  net.minecraft.core.registries.BuiltInRegistries$$Lambda$1388/0x0000000800654be0 (minecraft@1.20.1)
4058:             1             16  net.minecraft.core.registries.BuiltInRegistries$$Lambda$1389/0x0000000800655000 (minecraft@1.20.1)
4059:             1             16  net.minecraft.core.registries.BuiltInRegistries$$Lambda$1390/0x0000000800655420 (minecraft@1.20.1)
4060:             1             16  net.minecraft.core.registries.BuiltInRegistries$$Lambda$1391/0x0000000800655840 (minecraft@1.20.1)
4061:             1             16  net.minecraft.core.registries.BuiltInRegistries$$Lambda$1392/0x0000000800655cb0 (minecraft@1.20.1)
4062:             1             16  net.minecraft.core.registries.BuiltInRegistries$$Lambda$1393/0x0000000800656110 (minecraft@1.20.1)
4063:             1             16  net.minecraft.core.registries.BuiltInRegistries$$Lambda$1394/0x0000000800656530 (minecraft@1.20.1)
4064:             1             16  net.minecraft.core.registries.BuiltInRegistries$$Lambda$1395/0x0000000800656950 (minecraft@1.20.1)
4065:             1             16  net.minecraft.core.registries.BuiltInRegistries$$Lambda$1396/0x0000000800656d70 (minecraft@1.20.1)
4066:             1             16  net.minecraft.core.registries.BuiltInRegistries$$Lambda$1397/0x0000000800657190 (minecraft@1.20.1)
4067:             1             16  net.minecraft.core.registries.BuiltInRegistries$$Lambda$1398/0x00000008006575c8 (minecraft@1.20.1)
4068:             1             16  net.minecraft.core.registries.BuiltInRegistries$$Lambda$1399/0x0000000800657a00 (minecraft@1.20.1)
4069:             1             16  net.minecraft.core.registries.BuiltInRegistries$$Lambda$1400/0x0000000800658000 (minecraft@1.20.1)
4070:             1             16  net.minecraft.core.registries.BuiltInRegistries$$Lambda$1401/0x0000000800658438 (minecraft@1.20.1)
4071:             1             16  net.minecraft.core.registries.BuiltInRegistries$$Lambda$1402/0x0000000800658870 (minecraft@1.20.1)
4072:             1             16  net.minecraft.core.registries.BuiltInRegistries$$Lambda$1403/0x0000000800658ca8 (minecraft@1.20.1)
4073:             1             16  net.minecraft.core.registries.BuiltInRegistries$$Lambda$1404/0x00000008006590d0 (minecraft@1.20.1)
4074:             1             16  net.minecraft.core.registries.BuiltInRegistries$$Lambda$1405/0x00000008006594f8 (minecraft@1.20.1)
4075:             1             16  net.minecraft.core.registries.BuiltInRegistries$$Lambda$1406/0x0000000800659918 (minecraft@1.20.1)
4076:             1             16  net.minecraft.core.registries.BuiltInRegistries$$Lambda$1407/0x0000000800659d38 (minecraft@1.20.1)
4077:             1             16  net.minecraft.core.registries.BuiltInRegistries$$Lambda$1408/0x000000080065a360 (minecraft@1.20.1)
4078:             1             16  net.minecraft.core.registries.BuiltInRegistries$$Lambda$1409/0x000000080065a780 (minecraft@1.20.1)
4079:             1             16  net.minecraft.core.registries.BuiltInRegistries$$Lambda$1410/0x000000080065aba0 (minecraft@1.20.1)
4080:             1             16  net.minecraft.core.registries.BuiltInRegistries$$Lambda$1411/0x000000080065afd0 (minecraft@1.20.1)
4081:             1             16  net.minecraft.core.registries.BuiltInRegistries$$Lambda$1412/0x000000080065b400 (minecraft@1.20.1)
4082:             1             16  net.minecraft.core.registries.BuiltInRegistries$$Lambda$1413/0x000000080065ba40 (minecraft@1.20.1)
4083:             1             16  net.minecraft.core.registries.BuiltInRegistries$$Lambda$1414/0x000000080065c070 (minecraft@1.20.1)
4084:             1             16  net.minecraft.core.registries.BuiltInRegistries$$Lambda$1415/0x000000080065c498 (minecraft@1.20.1)
4085:             1             16  net.minecraft.core.registries.BuiltInRegistries$$Lambda$1416/0x000000080065cb88 (minecraft@1.20.1)
4086:             1             16  net.minecraft.nbt.CompoundTag$$Lambda$1954/0x000000080084ab90 (minecraft@1.20.1)
4087:             1             16  net.minecraft.nbt.CompoundTag$$Lambda$1955/0x000000080084add0 (minecraft@1.20.1)
4088:             1             16  net.minecraft.nbt.CompoundTag$1 (minecraft@1.20.1)
4089:             1             16  net.minecraft.nbt.NbtOps (minecraft@1.20.1)
4090:             1             16  net.minecraft.nbt.StringTag$1 (minecraft@1.20.1)
4091:             1             16  net.minecraft.nbt.TagParser$$Lambda$1951/0x0000000800849f08 (minecraft@1.20.1)
4092:             1             16  net.minecraft.nbt.TagParser$$Lambda$1952/0x000000080084a128 (minecraft@1.20.1)
4093:             1             16  net.minecraft.nbt.TagParser$$Lambda$1953/0x000000080084a348 (minecraft@1.20.1)
4094:             1             16  net.minecraft.network.chat.ComponentContents$1 (minecraft@1.20.1)
4095:             1             16  net.minecraft.network.chat.FormattedText$1 (minecraft@1.20.1)
4096:             1             16  net.minecraft.network.chat.Style$$Lambda$1161/0x0000000800587d90 (minecraft@1.20.1)
4097:             1             16  net.minecraft.network.chat.Style$$Lambda$1180/0x0000000800590910 (minecraft@1.20.1)
4098:             1             16  net.minecraft.network.chat.Style$$Lambda$1181/0x0000000800590b50 (minecraft@1.20.1)
4099:             1             16  net.minecraft.network.chat.Style$$Lambda$1182/0x0000000800590d90 (minecraft@1.20.1)
4100:             1             16  net.minecraft.network.chat.Style$$Lambda$1183/0x0000000800590fd0 (minecraft@1.20.1)
4101:             1             16  net.minecraft.network.chat.Style$$Lambda$1184/0x0000000800591210 (minecraft@1.20.1)
4102:             1             16  net.minecraft.network.chat.Style$$Lambda$1185/0x0000000800591450 (minecraft@1.20.1)
4103:             1             16  net.minecraft.network.chat.Style$$Lambda$1186/0x0000000800591690 (minecraft@1.20.1)
4104:             1             16  net.minecraft.network.chat.Style$$Lambda$1190/0x0000000800592868 (minecraft@1.20.1)
4105:             1             16  net.minecraft.network.chat.Style$$Lambda$1191/0x0000000800592aa8 (minecraft@1.20.1)
4106:             1             16  net.minecraft.network.chat.TextColor$$Lambda$1162/0x00000008005894f8 (minecraft@1.20.1)
4107:             1             16  net.minecraft.network.chat.TextColor$$Lambda$1163/0x0000000800589738 (minecraft@1.20.1)
4108:             1             16  net.minecraft.network.chat.TextColor$$Lambda$1171/0x0000000800590240 (minecraft@1.20.1)
4109:             1             16  net.minecraft.network.chat.TextColor$$Lambda$1172/0x0000000800590490 (minecraft@1.20.1)
4110:             1             16  net.minecraft.network.chat.TextColor$$Lambda$1178/0x00000008005906d0 (minecraft@1.20.1)
4111:             1             16  net.minecraft.resources.ResourceKey$$Lambda$1317/0x00000008005cd318 (minecraft@1.20.1)
4112:             1             16  net.minecraft.resources.ResourceLocation$$Lambda$1187/0x0000000800591dc8 (minecraft@1.20.1)
4113:             1             16  net.minecraft.resources.ResourceLocation$$Lambda$1188/0x0000000800592008 (minecraft@1.20.1)
4114:             1             16  net.minecraft.sounds.SoundEvent$$Lambda$1439/0x0000000800678208 (minecraft@1.20.1)
4115:             1             16  net.minecraft.sounds.SoundEvent$$Lambda$1440/0x0000000800678448 (minecraft@1.20.1)
4116:             1             16  net.minecraft.sounds.SoundEvent$$Lambda$1441/0x0000000800678688 (minecraft@1.20.1)
4117:             1             16  net.minecraft.sounds.SoundEvent$$Lambda$1442/0x00000008006788c8 (minecraft@1.20.1)
4118:             1             16  net.minecraft.sounds.SoundEvents$$Lambda$1446/0x00000008006796d0 (minecraft@1.20.1)
4119:             1             16  net.minecraft.util.ExtraCodecs$$Lambda$1049/0x0000000800566a70 (minecraft@1.20.1)
4120:             1             16  net.minecraft.util.ExtraCodecs$$Lambda$1050/0x0000000800566cb0 (minecraft@1.20.1)
4121:             1             16  net.minecraft.util.ExtraCodecs$$Lambda$1051/0x0000000800566ef0 (minecraft@1.20.1)
4122:             1             16  net.minecraft.util.ExtraCodecs$$Lambda$1052/0x0000000800567530 (minecraft@1.20.1)
4123:             1             16  net.minecraft.util.ExtraCodecs$$Lambda$1053/0x0000000800567770 (minecraft@1.20.1)
4124:             1             16  net.minecraft.util.ExtraCodecs$$Lambda$1054/0x00000008005679b0 (minecraft@1.20.1)
4125:             1             16  net.minecraft.util.ExtraCodecs$$Lambda$1055/0x0000000800567bf0 (minecraft@1.20.1)
4126:             1             16  net.minecraft.util.ExtraCodecs$$Lambda$1056/0x0000000800564800 (minecraft@1.20.1)
4127:             1             16  net.minecraft.util.ExtraCodecs$$Lambda$1057/0x0000000800564a40 (minecraft@1.20.1)
4128:             1             16  net.minecraft.util.ExtraCodecs$$Lambda$1058/0x0000000800564c80 (minecraft@1.20.1)
4129:             1             16  net.minecraft.util.ExtraCodecs$$Lambda$1059/0x000000080056c000 (minecraft@1.20.1)
4130:             1             16  net.minecraft.util.ExtraCodecs$$Lambda$1061/0x000000080056c240 (minecraft@1.20.1)
4131:             1             16  net.minecraft.util.ExtraCodecs$$Lambda$1063/0x000000080056c480 (minecraft@1.20.1)
4132:             1             16  net.minecraft.util.ExtraCodecs$$Lambda$1064/0x000000080056c6c0 (minecraft@1.20.1)
4133:             1             16  net.minecraft.util.ExtraCodecs$$Lambda$1069/0x000000080056c8f0 (minecraft@1.20.1)
4134:             1             16  net.minecraft.util.ExtraCodecs$$Lambda$1070/0x000000080056cb30 (minecraft@1.20.1)
4135:             1             16  net.minecraft.util.ExtraCodecs$$Lambda$1071/0x000000080056cd70 (minecraft@1.20.1)
4136:             1             16  net.minecraft.util.ExtraCodecs$$Lambda$1072/0x000000080056cfb0 (minecraft@1.20.1)
4137:             1             16  net.minecraft.util.ExtraCodecs$$Lambda$1073/0x000000080056d1f0 (minecraft@1.20.1)
4138:             1             16  net.minecraft.util.ExtraCodecs$$Lambda$1074/0x000000080056d430 (minecraft@1.20.1)
4139:             1             16  net.minecraft.util.ExtraCodecs$$Lambda$1075/0x000000080056d670 (minecraft@1.20.1)
4140:             1             16  net.minecraft.util.ExtraCodecs$$Lambda$1077/0x000000080056daf8 (minecraft@1.20.1)
4141:             1             16  net.minecraft.util.ExtraCodecs$$Lambda$1078/0x000000080056dd38 (minecraft@1.20.1)
4142:             1             16  net.minecraft.util.ExtraCodecs$$Lambda$1080/0x000000080056e1c0 (minecraft@1.20.1)
4143:             1             16  net.minecraft.util.ExtraCodecs$$Lambda$1081/0x000000080056e400 (minecraft@1.20.1)
4144:             1             16  net.minecraft.util.ExtraCodecs$$Lambda$1082/0x000000080056e640 (minecraft@1.20.1)
4145:             1             16  net.minecraft.util.ExtraCodecs$$Lambda$1083/0x000000080056e888 (minecraft@1.20.1)
4146:             1             16  net.minecraft.util.ExtraCodecs$$Lambda$1084/0x000000080056ead0 (minecraft@1.20.1)
4147:             1             16  net.minecraft.util.ExtraCodecs$$Lambda$1085/0x000000080056ed10 (minecraft@1.20.1)
4148:             1             16  net.minecraft.util.ExtraCodecs$$Lambda$1086/0x000000080056ef50 (minecraft@1.20.1)
4149:             1             16  net.minecraft.util.ExtraCodecs$$Lambda$1087/0x000000080056f3a0 (minecraft@1.20.1)
4150:             1             16  net.minecraft.util.ExtraCodecs$$Lambda$1088/0x000000080056f5e0 (minecraft@1.20.1)
4151:             1             16  net.minecraft.util.ExtraCodecs$$Lambda$1089/0x000000080056f820 (minecraft@1.20.1)
4152:             1             16  net.minecraft.util.ExtraCodecs$$Lambda$1090/0x000000080056fa60 (minecraft@1.20.1)
4153:             1             16  net.minecraft.util.ExtraCodecs$$Lambda$1091/0x000000080056fca0 (minecraft@1.20.1)
4154:             1             16  net.minecraft.util.ExtraCodecs$$Lambda$1092/0x0000000800573000 (minecraft@1.20.1)
4155:             1             16  net.minecraft.util.ExtraCodecs$$Lambda$1093/0x0000000800573240 (minecraft@1.20.1)
4156:             1             16  net.minecraft.util.ExtraCodecs$$Lambda$1094/0x0000000800573480 (minecraft@1.20.1)
4157:             1             16  net.minecraft.util.ExtraCodecs$$Lambda$1095/0x00000008005736c0 (minecraft@1.20.1)
4158:             1             16  net.minecraft.util.ExtraCodecs$$Lambda$1096/0x0000000800573900 (minecraft@1.20.1)
4159:             1             16  net.minecraft.util.ExtraCodecs$$Lambda$1099/0x0000000800573b40 (minecraft@1.20.1)
4160:             1             16  net.minecraft.util.ExtraCodecs$$Lambda$1100/0x0000000800573d80 (minecraft@1.20.1)
4161:             1             16  net.minecraft.util.ExtraCodecs$$Lambda$1101/0x0000000800578000 (minecraft@1.20.1)
4162:             1             16  net.minecraft.util.ExtraCodecs$$Lambda$1102/0x0000000800578240 (minecraft@1.20.1)
4163:             1             16  net.minecraft.util.ExtraCodecs$$Lambda$1103/0x0000000800578480 (minecraft@1.20.1)
4164:             1             16  net.minecraft.util.ExtraCodecs$$Lambda$1107/0x00000008005786c0 (minecraft@1.20.1)
4165:             1             16  net.minecraft.util.ExtraCodecs$$Lambda$1108/0x0000000800578900 (minecraft@1.20.1)
4166:             1             16  net.minecraft.util.ExtraCodecs$$Lambda$1109/0x0000000800578b40 (minecraft@1.20.1)
4167:             1             16  net.minecraft.util.ExtraCodecs$$Lambda$1110/0x0000000800578d80 (minecraft@1.20.1)
4168:             1             16  net.minecraft.util.ExtraCodecs$$Lambda$1112/0x0000000800578fc0 (minecraft@1.20.1)
4169:             1             16  net.minecraft.util.ExtraCodecs$$Lambda$1113/0x0000000800579200 (minecraft@1.20.1)
4170:             1             16  net.minecraft.util.ExtraCodecs$$Lambda$1114/0x0000000800579430 (minecraft@1.20.1)
4171:             1             16  net.minecraft.util.ExtraCodecs$$Lambda$1115/0x0000000800579670 (minecraft@1.20.1)
4172:             1             16  net.minecraft.util.ExtraCodecs$$Lambda$1116/0x00000008005798b0 (minecraft@1.20.1)
4173:             1             16  net.minecraft.util.FormattedCharSequence$$Lambda$1189/0x0000000800592648 (minecraft@1.20.1)
4174:             1             16  net.minecraft.util.Mth$$Lambda$1234/0x000000080059b840 (minecraft@1.20.1)
4175:             1             16  net.minecraft.util.StringRepresentable$$Lambda$1043/0x00000008005537e0 (minecraft@1.20.1)
4176:             1             16  net.minecraft.util.StringRepresentable$$Lambda$1166/0x0000000800588a48 (minecraft@1.20.1)
4177:             1             16  net.minecraft.util.StringRepresentable$$Lambda$1167/0x0000000800588c88 (minecraft@1.20.1)
4178:             1             16  net.minecraft.util.StringRepresentable$EnumCodec$$Lambda$1045/0x0000000800566248 (minecraft@1.20.1)
4179:             1             16  net.minecraft.util.StringRepresentable$EnumCodec$$Lambda$1119/0x0000000800579f80 (minecraft@1.20.1)
4180:             1             16  net.minecraft.util.datafix.DataFixers$$Lambda$1801/0x0000000800818520 (minecraft@1.20.1)
4181:             1             16  net.minecraft.util.datafix.DataFixers$$Lambda$1802/0x00000008008189f0 (minecraft@1.20.1)
4182:             1             16  net.minecraft.util.datafix.DataFixers$$Lambda$1803/0x0000000800818ec0 (minecraft@1.20.1)
4183:             1             16  net.minecraft.util.datafix.DataFixers$$Lambda$1860/0x0000000800829938 (minecraft@1.20.1)
4184:             1             16  net.minecraft.util.datafix.DataFixers$$Lambda$1869/0x000000080082ad80 (minecraft@1.20.1)
4185:             1             16  net.minecraft.util.datafix.DataFixers$$Lambda$1874/0x000000080082bb08 (minecraft@1.20.1)
4186:             1             16  net.minecraft.util.datafix.DataFixers$$Lambda$1876/0x000000080083c2a0 (minecraft@1.20.1)
4187:             1             16  net.minecraft.util.datafix.DataFixers$$Lambda$1877/0x000000080083c770 (minecraft@1.20.1)
4188:             1             16  net.minecraft.util.datafix.DataFixers$$Lambda$1880/0x000000080083d090 (minecraft@1.20.1)
4189:             1             16  net.minecraft.util.datafix.DataFixers$$Lambda$1881/0x000000080083d560 (minecraft@1.20.1)
4190:             1             16  net.minecraft.util.datafix.DataFixers$$Lambda$1883/0x000000080083d9b8 (minecraft@1.20.1)
4191:             1             16  net.minecraft.util.datafix.DataFixers$$Lambda$1884/0x000000080083e738 (minecraft@1.20.1)
4192:             1             16  net.minecraft.util.datafix.DataFixers$$Lambda$1886/0x000000080083ee30 (minecraft@1.20.1)
4193:             1             16  net.minecraft.util.datafix.DataFixers$$Lambda$1888/0x000000080083f528 (minecraft@1.20.1)
4194:             1             16  net.minecraft.util.datafix.DataFixers$$Lambda$1890/0x000000080083fc20 (minecraft@1.20.1)
4195:             1             16  net.minecraft.util.datafix.DataFixers$$Lambda$1896/0x00000008008404c8 (minecraft@1.20.1)
4196:             1             16  net.minecraft.util.datafix.DataFixers$$Lambda$1905/0x0000000800841d60 (minecraft@1.20.1)
4197:             1             16  net.minecraft.util.datafix.DataFixers$$Lambda$1933/0x0000000800846158 (minecraft@1.20.1)
4198:             1             16  net.minecraft.util.datafix.DataFixers$$Lambda$1936/0x0000000800846ab0 (minecraft@1.20.1)
4199:             1             16  net.minecraft.util.datafix.DataFixers$$Lambda$1940/0x00000008008475f0 (minecraft@1.20.1)
4200:             1             16  net.minecraft.util.datafix.DataFixers$$Lambda$1945/0x00000008008484d0 (minecraft@1.20.1)
4201:             1             16  net.minecraft.util.datafix.DataFixers$$Lambda$1947/0x0000000800848bc8 (minecraft@1.20.1)
4202:             1             16  net.minecraft.util.datafix.DataFixers$$Lambda$1967/0x000000080084cee0 (minecraft@1.20.1)
4203:             1             16  net.minecraft.util.datafix.DataFixers$$Lambda$1969/0x000000080084d5f8 (minecraft@1.20.1)
4204:             1             16  net.minecraft.util.datafix.DataFixers$$Lambda$1983/0x000000080084f6f8 (minecraft@1.20.1)
4205:             1             16  net.minecraft.util.datafix.DataFixers$$Lambda$1987/0x00000008008522a0 (minecraft@1.20.1)
4206:             1             16  net.minecraft.util.datafix.DataFixers$$Lambda$1989/0x00000008008529a0 (minecraft@1.20.1)
4207:             1             16  net.minecraft.util.datafix.DataFixers$$Lambda$2002/0x000000080085c4c8 (minecraft@1.20.1)
4208:             1             16  net.minecraft.util.datafix.DataFixers$$Lambda$2058/0x00000008008684d0 (minecraft@1.20.1)
4209:             1             16  net.minecraft.util.datafix.DataFixers$$Lambda$2061/0x0000000800868de8 (minecraft@1.20.1)
4210:             1             16  net.minecraft.util.datafix.DataFixers$$Lambda$2064/0x0000000800869488 (minecraft@1.20.1)
4211:             1             16  net.minecraft.util.datafix.DataFixers$$Lambda$2065/0x0000000800869bf8 (minecraft@1.20.1)
4212:             1             16  net.minecraft.util.datafix.DataFixers$$Lambda$2067/0x000000080086a540 (minecraft@1.20.1)
4213:             1             16  net.minecraft.util.datafix.DataFixers$$Lambda$2068/0x000000080086aa10 (minecraft@1.20.1)
4214:             1             16  net.minecraft.util.datafix.DataFixers$$Lambda$2069/0x000000080086aee0 (minecraft@1.20.1)
4215:             1             16  net.minecraft.util.datafix.DataFixers$$Lambda$2074/0x000000080086be88 (minecraft@1.20.1)
4216:             1             16  net.minecraft.util.datafix.DataFixers$$Lambda$2075/0x000000080086c768 (minecraft@1.20.1)
4217:             1             16  net.minecraft.util.datafix.DataFixers$$Lambda$2078/0x000000080086d2b0 (minecraft@1.20.1)
4218:             1             16  net.minecraft.util.datafix.DataFixers$$Lambda$2080/0x000000080086d9a8 (minecraft@1.20.1)
4219:             1             16  net.minecraft.util.datafix.DataFixers$$Lambda$2082/0x000000080086e0a0 (minecraft@1.20.1)
4220:             1             16  net.minecraft.util.datafix.DataFixers$$Lambda$2085/0x000000080086e9e0 (minecraft@1.20.1)
4221:             1             16  net.minecraft.util.datafix.DataFixers$$Lambda$2086/0x000000080086eeb0 (minecraft@1.20.1)
4222:             1             16  net.minecraft.util.datafix.DataFixers$$Lambda$2088/0x000000080086f5a8 (minecraft@1.20.1)
4223:             1             16  net.minecraft.util.datafix.DataFixers$$Lambda$2090/0x000000080086fca0 (minecraft@1.20.1)
4224:             1             16  net.minecraft.util.datafix.DataFixers$$Lambda$2093/0x0000000800870730 (minecraft@1.20.1)
4225:             1             16  net.minecraft.util.datafix.DataFixers$$Lambda$2096/0x0000000800871078 (minecraft@1.20.1)
4226:             1             16  net.minecraft.util.datafix.DataFixers$$Lambda$2099/0x0000000800871998 (minecraft@1.20.1)
4227:             1             16  net.minecraft.util.datafix.DataFixers$$Lambda$2101/0x0000000800872090 (minecraft@1.20.1)
4228:             1             16  net.minecraft.util.datafix.DataFixers$$Lambda$2103/0x0000000800872788 (minecraft@1.20.1)
4229:             1             16  net.minecraft.util.datafix.DataFixers$$Lambda$2105/0x0000000800872e80 (minecraft@1.20.1)
4230:             1             16  net.minecraft.util.datafix.DataFixers$$Lambda$2107/0x0000000800873578 (minecraft@1.20.1)
4231:             1             16  net.minecraft.util.datafix.DataFixers$$Lambda$2109/0x0000000800873c70 (minecraft@1.20.1)
4232:             1             16  net.minecraft.util.datafix.DataFixers$$Lambda$2116/0x00000008008750b0 (minecraft@1.20.1)
4233:             1             16  net.minecraft.util.datafix.DataFixers$$Lambda$2126/0x0000000800876ad8 (minecraft@1.20.1)
4234:             1             16  net.minecraft.util.datafix.DataFixers$$Lambda$2128/0x00000008008771d0 (minecraft@1.20.1)
4235:             1             16  net.minecraft.util.datafix.DataFixers$$Lambda$2130/0x000000080087c000 (minecraft@1.20.1)
4236:             1             16  net.minecraft.util.datafix.DataFixers$$Lambda$2133/0x000000080087c918 (minecraft@1.20.1)
4237:             1             16  net.minecraft.util.datafix.DataFixers$$Lambda$2135/0x000000080087d010 (minecraft@1.20.1)
4238:             1             16  net.minecraft.util.datafix.DataFixers$$Lambda$2138/0x000000080087d950 (minecraft@1.20.1)
4239:             1             16  net.minecraft.util.datafix.DataFixers$$Lambda$2140/0x000000080087e048 (minecraft@1.20.1)
4240:             1             16  net.minecraft.util.datafix.DataFixers$$Lambda$2141/0x000000080087e518 (minecraft@1.20.1)
4241:             1             16  net.minecraft.util.datafix.DataFixers$$Lambda$2143/0x000000080087ec10 (minecraft@1.20.1)
4242:             1             16  net.minecraft.util.datafix.DataFixers$$Lambda$2154/0x000000080087a6e8 (minecraft@1.20.1)
4243:             1             16  net.minecraft.util.datafix.DataFixers$$Lambda$2157/0x000000080087b228 (minecraft@1.20.1)
4244:             1             16  net.minecraft.util.datafix.DataFixers$$Lambda$2158/0x000000080087b6f8 (minecraft@1.20.1)
4245:             1             16  net.minecraft.util.datafix.DataFixers$$Lambda$2161/0x000000080087bd78 (minecraft@1.20.1)
4246:             1             16  net.minecraft.util.datafix.DataFixers$$Lambda$2163/0x0000000800879768 (minecraft@1.20.1)
4247:             1             16  net.minecraft.util.datafix.DataFixers$$Lambda$2165/0x0000000800878800 (minecraft@1.20.1)
4248:             1             16  net.minecraft.util.datafix.DataFixers$$Lambda$2167/0x0000000800878c58 (minecraft@1.20.1)
4249:             1             16  net.minecraft.util.datafix.DataFixers$$Lambda$2168/0x0000000800878400 (minecraft@1.20.1)
4250:             1             16  net.minecraft.util.datafix.DataFixers$$Lambda$2169/0x0000000800880000 (minecraft@1.20.1)
4251:             1             16  net.minecraft.util.datafix.DataFixers$$Lambda$2170/0x0000000800880260 (minecraft@1.20.1)
4252:             1             16  net.minecraft.util.datafix.DataFixers$$Lambda$2171/0x0000000800880490 (minecraft@1.20.1)
4253:             1             16  net.minecraft.util.datafix.DataFixers$$Lambda$2174/0x0000000800880b58 (minecraft@1.20.1)
4254:             1             16  net.minecraft.util.datafix.DataFixers$$Lambda$2175/0x0000000800880db8 (minecraft@1.20.1)
4255:             1             16  net.minecraft.util.datafix.DataFixers$$Lambda$2177/0x00000008008812b0 (minecraft@1.20.1)
4256:             1             16  net.minecraft.util.datafix.DataFixers$$Lambda$2178/0x0000000800881780 (minecraft@1.20.1)
4257:             1             16  net.minecraft.util.datafix.DataFixers$$Lambda$2180/0x0000000800881e78 (minecraft@1.20.1)
4258:             1             16  net.minecraft.util.datafix.DataFixers$$Lambda$2182/0x0000000800882570 (minecraft@1.20.1)
4259:             1             16  net.minecraft.util.datafix.DataFixers$$Lambda$2185/0x0000000800882ed0 (minecraft@1.20.1)
4260:             1             16  net.minecraft.util.datafix.DataFixers$$Lambda$2187/0x00000008008835c8 (minecraft@1.20.1)
4261:             1             16  net.minecraft.util.datafix.DataFixers$$Lambda$2190/0x0000000800883ee8 (minecraft@1.20.1)
4262:             1             16  net.minecraft.util.datafix.DataFixers$$Lambda$2191/0x00000008008843b8 (minecraft@1.20.1)
4263:             1             16  net.minecraft.util.datafix.fixes.AdvancementsFix$$Lambda$2072/0x000000080086b570 (minecraft@1.20.1)
4264:             1             16  net.minecraft.util.datafix.fixes.BlockEntityIdFix$$Lambda$1904/0x0000000800841890 (minecraft@1.20.1)
4265:             1             16  net.minecraft.util.datafix.fixes.BlockEntitySignTextStrictJsonFix$1 (minecraft@1.20.1)
4266:             1             16  net.minecraft.util.datafix.fixes.BlockStateData$$Lambda$1949/0x0000000800849228 (minecraft@1.20.1)
4267:             1             16  net.minecraft.util.datafix.fixes.BlockStateData$$Lambda$1950/0x0000000800849458 (minecraft@1.20.1)
4268:             1             16  net.minecraft.util.datafix.fixes.ChunkPalettedStorageFix$$Lambda$1960/0x000000080084bcf0 (minecraft@1.20.1)
4269:             1             16  net.minecraft.util.datafix.fixes.ChunkPalettedStorageFix$$Lambda$1961/0x000000080084bf20 (minecraft@1.20.1)
4270:             1             16  net.minecraft.util.datafix.fixes.ChunkPalettedStorageFix$$Lambda$1962/0x000000080084c150 (minecraft@1.20.1)
4271:             1             16  net.minecraft.util.datafix.fixes.ChunkPalettedStorageFix$$Lambda$1963/0x000000080084c380 (minecraft@1.20.1)
4272:             1             16  net.minecraft.util.datafix.fixes.ChunkPalettedStorageFix$$Lambda$1964/0x000000080084c5b0 (minecraft@1.20.1)
4273:             1             16  net.minecraft.util.datafix.fixes.ChunkPalettedStorageFix$$Lambda$1965/0x000000080084c7e0 (minecraft@1.20.1)
4274:             1             16  net.minecraft.util.datafix.fixes.ChunkPalettedStorageFix$$Lambda$1966/0x000000080084ca10 (minecraft@1.20.1)
4275:             1             16  net.minecraft.util.datafix.fixes.EntityBlockStateFix$$Lambda$1982/0x000000080084f228 (minecraft@1.20.1)
4276:             1             16  net.minecraft.util.datafix.fixes.EntityIdFix$$Lambda$1932/0x0000000800845c88 (minecraft@1.20.1)
4277:             1             16  net.minecraft.util.datafix.fixes.EntityPaintingMotiveFix$$Lambda$2057/0x0000000800868000 (minecraft@1.20.1)
4278:             1             16  net.minecraft.util.datafix.fixes.FilteredBooksFix$$Lambda$2173/0x0000000800880908 (minecraft@1.20.1)
4279:             1             16  net.minecraft.util.datafix.fixes.GoatHornIdFix$$Lambda$2172/0x00000008008806b8 (minecraft@1.20.1)
4280:             1             16  net.minecraft.util.datafix.fixes.ItemIdFix$$Lambda$1871/0x000000080082b1d8 (minecraft@1.20.1)
4281:             1             16  net.minecraft.util.datafix.fixes.ItemPotionFix$$Lambda$1872/0x000000080082b408 (minecraft@1.20.1)
4282:             1             16  net.minecraft.util.datafix.fixes.ItemSpawnEggFix$$Lambda$1873/0x000000080082b638 (minecraft@1.20.1)
4283:             1             16  net.minecraft.util.datafix.fixes.ItemStackEnchantmentNamesFix$$Lambda$2070/0x000000080086b110 (minecraft@1.20.1)
4284:             1             16  net.minecraft.util.datafix.fixes.ItemStackSpawnEggFix$$Lambda$1988/0x00000008008524d0 (minecraft@1.20.1)
4285:             1             16  net.minecraft.util.datafix.fixes.ItemStackTheFlatteningFix$$Lambda$1985/0x000000080084fb48 (minecraft@1.20.1)
4286:             1             16  net.minecraft.util.datafix.fixes.ItemStackTheFlatteningFix$$Lambda$1986/0x000000080084fd78 (minecraft@1.20.1)
4287:             1             16  net.minecraft.util.datafix.fixes.LeavesFix$$Lambda$2071/0x000000080086b340 (minecraft@1.20.1)
4288:             1             16  net.minecraft.util.datafix.fixes.LevelDataGeneratorOptionsFix$$Lambda$2073/0x000000080086b9b8 (minecraft@1.20.1)
4289:             1             16  net.minecraft.util.datafix.fixes.OminousBannerRenameFix$$Lambda$2095/0x0000000800870b88 (minecraft@1.20.1)
4290:             1             16  net.minecraft.util.datafix.fixes.OptionsKeyLwjgl3Fix$$Lambda$1944/0x0000000800848000 (minecraft@1.20.1)
4291:             1             16  net.minecraft.util.datafix.fixes.References$$Lambda$1206/0x000000080059cd18 (minecraft@1.20.1)
4292:             1             16  net.minecraft.util.datafix.fixes.References$$Lambda$1207/0x000000080059cf48 (minecraft@1.20.1)
4293:             1             16  net.minecraft.util.datafix.fixes.References$$Lambda$1208/0x000000080059d178 (minecraft@1.20.1)
4294:             1             16  net.minecraft.util.datafix.fixes.References$$Lambda$1209/0x000000080059d3a8 (minecraft@1.20.1)
4295:             1             16  net.minecraft.util.datafix.fixes.References$$Lambda$1210/0x000000080059d5d8 (minecraft@1.20.1)
4296:             1             16  net.minecraft.util.datafix.fixes.References$$Lambda$1211/0x000000080059d808 (minecraft@1.20.1)
4297:             1             16  net.minecraft.util.datafix.fixes.References$$Lambda$1212/0x000000080059da38 (minecraft@1.20.1)
4298:             1             16  net.minecraft.util.datafix.fixes.References$$Lambda$1213/0x000000080059dc68 (minecraft@1.20.1)
4299:             1             16  net.minecraft.util.datafix.fixes.References$$Lambda$1214/0x000000080059de98 (minecraft@1.20.1)
4300:             1             16  net.minecraft.util.datafix.fixes.References$$Lambda$1215/0x000000080059e0c8 (minecraft@1.20.1)
4301:             1             16  net.minecraft.util.datafix.fixes.References$$Lambda$1216/0x000000080059e2f8 (minecraft@1.20.1)
4302:             1             16  net.minecraft.util.datafix.fixes.References$$Lambda$1217/0x000000080059e528 (minecraft@1.20.1)
4303:             1             16  net.minecraft.util.datafix.fixes.References$$Lambda$1218/0x000000080059e758 (minecraft@1.20.1)
4304:             1             16  net.minecraft.util.datafix.fixes.References$$Lambda$1219/0x000000080059e988 (minecraft@1.20.1)
4305:             1             16  net.minecraft.util.datafix.fixes.References$$Lambda$1220/0x000000080059ebb8 (minecraft@1.20.1)
4306:             1             16  net.minecraft.util.datafix.fixes.References$$Lambda$1221/0x000000080059ede8 (minecraft@1.20.1)
4307:             1             16  net.minecraft.util.datafix.fixes.References$$Lambda$1222/0x000000080059f018 (minecraft@1.20.1)
4308:             1             16  net.minecraft.util.datafix.fixes.References$$Lambda$1223/0x000000080059f248 (minecraft@1.20.1)
4309:             1             16  net.minecraft.util.datafix.fixes.References$$Lambda$1224/0x000000080059f478 (minecraft@1.20.1)
4310:             1             16  net.minecraft.util.datafix.fixes.References$$Lambda$1225/0x000000080059f6a8 (minecraft@1.20.1)
4311:             1             16  net.minecraft.util.datafix.fixes.References$$Lambda$1226/0x000000080059f8d8 (minecraft@1.20.1)
4312:             1             16  net.minecraft.util.datafix.fixes.References$$Lambda$1227/0x000000080059fb08 (minecraft@1.20.1)
4313:             1             16  net.minecraft.util.datafix.fixes.References$$Lambda$1228/0x000000080059fd38 (minecraft@1.20.1)
4314:             1             16  net.minecraft.util.datafix.fixes.References$$Lambda$1229/0x000000080059a000 (minecraft@1.20.1)
4315:             1             16  net.minecraft.util.datafix.fixes.References$$Lambda$1230/0x000000080059a230 (minecraft@1.20.1)
4316:             1             16  net.minecraft.util.datafix.fixes.References$$Lambda$1231/0x000000080059a460 (minecraft@1.20.1)
4317:             1             16  net.minecraft.util.datafix.fixes.References$$Lambda$1232/0x000000080059a690 (minecraft@1.20.1)
4318:             1             16  net.minecraft.util.datafix.fixes.References$$Lambda$1233/0x000000080059a8c0 (minecraft@1.20.1)
4319:             1             16  net.minecraft.util.datafix.fixes.WorldGenSettingsFix$StructureFeatureConfiguration$$Lambda$2111/0x00000008008742d0 (minecraft@1.20.1)
4320:             1             16  net.minecraft.util.datafix.fixes.WorldGenSettingsFix$StructureFeatureConfiguration$$Lambda$2112/0x0000000800874510 (minecraft@1.20.1)
4321:             1             16  net.minecraft.util.datafix.fixes.WorldGenSettingsFix$StructureFeatureConfiguration$$Lambda$2113/0x0000000800874750 (minecraft@1.20.1)
4322:             1             16  net.minecraft.util.datafix.fixes.WorldGenSettingsFix$StructureFeatureConfiguration$$Lambda$2114/0x0000000800874990 (minecraft@1.20.1)
4323:             1             16  net.minecraft.util.datafix.fixes.WorldGenSettingsFix$StructureFeatureConfiguration$$Lambda$2115/0x0000000800874bd0 (minecraft@1.20.1)
4324:             1             16  net.minecraft.util.datafix.schemas.NamespacedSchema$1 (minecraft@1.20.1)
4325:             1             16  net.minecraft.util.datafix.schemas.V100$$Lambda$1868/0x000000080082a690 (minecraft@1.20.1)
4326:             1             16  net.minecraft.util.datafix.schemas.V1022$$Lambda$1937/0x0000000800846ce0 (minecraft@1.20.1)
4327:             1             16  net.minecraft.util.datafix.schemas.V1125$$Lambda$1942/0x0000000800847a48 (minecraft@1.20.1)
4328:             1             16  net.minecraft.util.datafix.schemas.V1125$$Lambda$1943/0x0000000800847c68 (minecraft@1.20.1)
4329:             1             16  net.minecraft.util.datafix.schemas.V1451_4$$Lambda$1984/0x000000080084f928 (minecraft@1.20.1)
4330:             1             16  net.minecraft.util.datafix.schemas.V1451_6$$Lambda$1995/0x0000000800853ae8 (minecraft@1.20.1)
4331:             1             16  net.minecraft.util.datafix.schemas.V1451_6$$Lambda$1996/0x0000000800853d08 (minecraft@1.20.1)
4332:             1             16  net.minecraft.util.datafix.schemas.V1451_6$1 (minecraft@1.20.1)
4333:             1             16  net.minecraft.util.datafix.schemas.V1451_6$2 (minecraft@1.20.1)
4334:             1             16  net.minecraft.util.datafix.schemas.V1460$$Lambda$2030/0x0000000800864490 (minecraft@1.20.1)
4335:             1             16  net.minecraft.util.datafix.schemas.V1460$$Lambda$2031/0x00000008008646b0 (minecraft@1.20.1)
4336:             1             16  net.minecraft.util.datafix.schemas.V1460$$Lambda$2033/0x0000000800864af8 (minecraft@1.20.1)
4337:             1             16  net.minecraft.util.datafix.schemas.V1460$$Lambda$2039/0x00000008008657e8 (minecraft@1.20.1)
4338:             1             16  net.minecraft.util.datafix.schemas.V1460$$Lambda$2041/0x0000000800865c30 (minecraft@1.20.1)
4339:             1             16  net.minecraft.util.datafix.schemas.V1460$$Lambda$2042/0x0000000800865e50 (minecraft@1.20.1)
4340:             1             16  net.minecraft.util.datafix.schemas.V1460$$Lambda$2043/0x0000000800866070 (minecraft@1.20.1)
4341:             1             16  net.minecraft.util.datafix.schemas.V1460$$Lambda$2047/0x0000000800866908 (minecraft@1.20.1)
4342:             1             16  net.minecraft.util.datafix.schemas.V1460$$Lambda$2049/0x0000000800866d50 (minecraft@1.20.1)
4343:             1             16  net.minecraft.util.datafix.schemas.V1460$$Lambda$2052/0x00000008008673c0 (minecraft@1.20.1)
4344:             1             16  net.minecraft.util.datafix.schemas.V1460$$Lambda$2053/0x00000008008675e0 (minecraft@1.20.1)
4345:             1             16  net.minecraft.util.datafix.schemas.V1460$$Lambda$2054/0x0000000800867800 (minecraft@1.20.1)
4346:             1             16  net.minecraft.util.datafix.schemas.V1460$$Lambda$2055/0x0000000800867a20 (minecraft@1.20.1)
4347:             1             16  net.minecraft.util.datafix.schemas.V1466$$Lambda$2059/0x0000000800868700 (minecraft@1.20.1)
4348:             1             16  net.minecraft.util.datafix.schemas.V2551$$Lambda$2118/0x0000000800875508 (minecraft@1.20.1)
4349:             1             16  net.minecraft.util.datafix.schemas.V2551$$Lambda$2124/0x00000008008761f0 (minecraft@1.20.1)
4350:             1             16  net.minecraft.util.datafix.schemas.V2551$$Lambda$2125/0x0000000800876410 (minecraft@1.20.1)
4351:             1             16  net.minecraft.util.datafix.schemas.V2684$$Lambda$2132/0x000000080087c458 (minecraft@1.20.1)
4352:             1             16  net.minecraft.util.datafix.schemas.V2832$$Lambda$2145/0x000000080087f068 (minecraft@1.20.1)
4353:             1             16  net.minecraft.util.datafix.schemas.V2832$$Lambda$2147/0x000000080087f4b0 (minecraft@1.20.1)
4354:             1             16  net.minecraft.util.datafix.schemas.V2832$$Lambda$2153/0x000000080087a228 (minecraft@1.20.1)
4355:             1             16  net.minecraft.util.datafix.schemas.V704$$Lambda$1897/0x00000008008406f8 (minecraft@1.20.1)
4356:             1             16  net.minecraft.util.datafix.schemas.V704$$Lambda$1903/0x0000000800841668 (minecraft@1.20.1)
4357:             1             16  net.minecraft.util.datafix.schemas.V704$1 (minecraft@1.20.1)
4358:             1             16  net.minecraft.util.datafix.schemas.V705$1 (minecraft@1.20.1)
4359:             1             16  net.minecraft.util.datafix.schemas.V99$$Lambda$1804/0x00000008008190f0 (minecraft@1.20.1)
4360:             1             16  net.minecraft.util.datafix.schemas.V99$$Lambda$1822/0x000000080081b6e0 (minecraft@1.20.1)
4361:             1             16  net.minecraft.util.datafix.schemas.V99$$Lambda$1823/0x000000080081b928 (minecraft@1.20.1)
4362:             1             16  net.minecraft.util.datafix.schemas.V99$$Lambda$1824/0x000000080081bb70 (minecraft@1.20.1)
4363:             1             16  net.minecraft.util.datafix.schemas.V99$$Lambda$1829/0x00000008008226d8 (minecraft@1.20.1)
4364:             1             16  net.minecraft.util.datafix.schemas.V99$$Lambda$1834/0x0000000800823198 (minecraft@1.20.1)
4365:             1             16  net.minecraft.util.datafix.schemas.V99$$Lambda$1837/0x0000000800823808 (minecraft@1.20.1)
4366:             1             16  net.minecraft.util.datafix.schemas.V99$$Lambda$1838/0x0000000800823a28 (minecraft@1.20.1)
4367:             1             16  net.minecraft.util.datafix.schemas.V99$$Lambda$1839/0x0000000800823c48 (minecraft@1.20.1)
4368:             1             16  net.minecraft.util.datafix.schemas.V99$$Lambda$1840/0x0000000800821c00 (minecraft@1.20.1)
4369:             1             16  net.minecraft.util.datafix.schemas.V99$$Lambda$1842/0x0000000800828228 (minecraft@1.20.1)
4370:             1             16  net.minecraft.util.datafix.schemas.V99$$Lambda$1843/0x0000000800828448 (minecraft@1.20.1)
4371:             1             16  net.minecraft.util.datafix.schemas.V99$$Lambda$1844/0x0000000800828668 (minecraft@1.20.1)
4372:             1             16  net.minecraft.util.datafix.schemas.V99$$Lambda$1845/0x0000000800828888 (minecraft@1.20.1)
4373:             1             16  net.minecraft.util.datafix.schemas.V99$$Lambda$1846/0x0000000800828aa8 (minecraft@1.20.1)
4374:             1             16  net.minecraft.util.datafix.schemas.V99$$Lambda$1847/0x0000000800828cc8 (minecraft@1.20.1)
4375:             1             16  net.minecraft.util.datafix.schemas.V99$1 (minecraft@1.20.1)
4376:             1             16  net.minecraft.util.valueproviders.ConstantInt$$Lambda$1516/0x00000008007378e0 (minecraft@1.20.1)
4377:             1             16  net.minecraft.util.valueproviders.ConstantInt$$Lambda$1517/0x0000000800737b20 (minecraft@1.20.1)
4378:             1             16  net.minecraft.util.valueproviders.ConstantInt$$Lambda$1518/0x0000000800737d60 (minecraft@1.20.1)
4379:             1             16  net.minecraft.util.valueproviders.ConstantInt$$Lambda$1522/0x0000000800734c00 (minecraft@1.20.1)
4380:             1             16  net.minecraft.util.valueproviders.ConstantInt$$Lambda$1523/0x0000000800738000 (minecraft@1.20.1)
4381:             1             16  net.minecraft.util.valueproviders.IntProvider$$Lambda$1511/0x0000000800733a00 (minecraft@1.20.1)
4382:             1             16  net.minecraft.util.valueproviders.IntProvider$$Lambda$1512/0x0000000800733c40 (minecraft@1.20.1)
4383:             1             16  net.minecraft.util.valueproviders.IntProvider$$Lambda$1513/0x0000000800737220 (minecraft@1.20.1)
4384:             1             16  net.minecraft.util.valueproviders.IntProvider$$Lambda$1514/0x0000000800737460 (minecraft@1.20.1)
4385:             1             16  net.minecraft.util.valueproviders.UniformInt$$Lambda$1524/0x0000000800738240 (minecraft@1.20.1)
4386:             1             16  net.minecraft.util.valueproviders.UniformInt$$Lambda$1525/0x0000000800738480 (minecraft@1.20.1)
4387:             1             16  net.minecraft.util.valueproviders.UniformInt$$Lambda$1526/0x00000008007386c0 (minecraft@1.20.1)
4388:             1             16  net.minecraft.util.valueproviders.UniformInt$$Lambda$1527/0x0000000800738900 (minecraft@1.20.1)
4389:             1             16  net.minecraft.util.valueproviders.UniformInt$$Lambda$1528/0x0000000800738b30 (minecraft@1.20.1)
4390:             1             16  net.minecraft.world.effect.MobEffect$$Lambda$1581/0x000000080074f240 (minecraft@1.20.1)
4391:             1             16  net.minecraft.world.effect.MobEffects$$Lambda$1584/0x0000000800754c10 (minecraft@1.20.1)
4392:             1             16  net.minecraft.world.entity.EntityType$$Lambda$1791/0x00000008007fb268 (minecraft@1.20.1)
4393:             1             16  net.minecraft.world.entity.EntityType$Builder$$Lambda$1798/0x00000008007fcb10 (minecraft@1.20.1)
4394:             1             16  net.minecraft.world.entity.EntityType$Builder$$Lambda$1799/0x00000008007fcd60 (minecraft@1.20.1)
4395:             1             16  net.minecraft.world.entity.EntityType$Builder$$Lambda$1800/0x00000008007fcf80 (minecraft@1.20.1)
4396:             1             16  net.minecraft.world.entity.MobCategory$$Lambda$1792/0x00000008007fb900 (minecraft@1.20.1)
4397:             1             16  net.minecraft.world.entity.MobCategory$$Lambda$1793/0x00000008007fbb20 (minecraft@1.20.1)
4398:             1             16  net.minecraft.world.entity.MobCategory$$Lambda$1796/0x00000008007fc1e8 (minecraft@1.20.1)
4399:             1             16  net.minecraft.world.entity.MobCategory$$Lambda$1797/0x00000008007fc428 (minecraft@1.20.1)
4400:             1             16  net.minecraft.world.flag.FeatureFlagRegistry$$Lambda$1458/0x0000000800707ab8 (minecraft@1.20.1)
4401:             1             16  net.minecraft.world.flag.FeatureFlagRegistry$$Lambda$1459/0x0000000800707d00 (minecraft@1.20.1)
4402:             1             16  net.minecraft.world.flag.FeatureFlagUniverse (minecraft@1.20.1)
4403:             1             16  net.minecraft.world.item.DyeColor$$Lambda$1496/0x000000080072f940 (minecraft@1.20.1)
4404:             1             16  net.minecraft.world.item.DyeColor$$Lambda$1498/0x0000000800730638 (minecraft@1.20.1)
4405:             1             16  net.minecraft.world.item.DyeColor$$Lambda$1499/0x0000000800730878 (minecraft@1.20.1)
4406:             1             16  net.minecraft.world.item.DyeColor$$Lambda$1500/0x0000000800730ab8 (minecraft@1.20.1)
4407:             1             16  net.minecraft.world.item.MinecartItem$1 (minecraft@1.20.1)
4408:             1             16  net.minecraft.world.level.block.BigDripleafBlock$$Lambda$1777/0x00000008007b54f0 (minecraft@1.20.1)
4409:             1             16  net.minecraft.world.level.block.BigDripleafBlock$$Lambda$1778/0x00000008007b5720 (minecraft@1.20.1)
4410:             1             16  net.minecraft.world.level.block.Block$$Lambda$1427/0x0000000800660d10 (minecraft@1.20.1)
4411:             1             16  net.minecraft.world.level.block.Block$$Lambda$1462/0x00000008007175f8 (minecraft@1.20.1)
4412:             1             16  net.minecraft.world.level.block.Block$$Lambda$1463/0x0000000800717a38 (minecraft@1.20.1)
4413:             1             16  net.minecraft.world.level.block.Block$1 (minecraft@1.20.1)
4414:             1             16  net.minecraft.world.level.block.Blocks$$Lambda$1495/0x000000080072e278 (minecraft@1.20.1)
4415:             1             16  net.minecraft.world.level.block.Blocks$$Lambda$1510/0x0000000800732ac0 (minecraft@1.20.1)
4416:             1             16  net.minecraft.world.level.block.Blocks$$Lambda$1531/0x0000000800739200 (minecraft@1.20.1)
4417:             1             16  net.minecraft.world.level.block.Blocks$$Lambda$1532/0x0000000800739420 (minecraft@1.20.1)
4418:             1             16  net.minecraft.world.level.block.Blocks$$Lambda$1533/0x0000000800739640 (minecraft@1.20.1)
4419:             1             16  net.minecraft.world.level.block.Blocks$$Lambda$1534/0x0000000800739860 (minecraft@1.20.1)
4420:             1             16  net.minecraft.world.level.block.Blocks$$Lambda$1535/0x0000000800739a80 (minecraft@1.20.1)
4421:             1             16  net.minecraft.world.level.block.Blocks$$Lambda$1536/0x0000000800739ca0 (minecraft@1.20.1)
4422:             1             16  net.minecraft.world.level.block.Blocks$$Lambda$1537/0x0000000800739ec0 (minecraft@1.20.1)
4423:             1             16  net.minecraft.world.level.block.Blocks$$Lambda$1538/0x000000080073a0e0 (minecraft@1.20.1)
4424:             1             16  net.minecraft.world.level.block.Blocks$$Lambda$1539/0x000000080073a300 (minecraft@1.20.1)
4425:             1             16  net.minecraft.world.level.block.Blocks$$Lambda$1540/0x000000080073a520 (minecraft@1.20.1)
4426:             1             16  net.minecraft.world.level.block.Blocks$$Lambda$1541/0x000000080073a740 (minecraft@1.20.1)
4427:             1             16  net.minecraft.world.level.block.Blocks$$Lambda$1542/0x000000080073a960 (minecraft@1.20.1)
4428:             1             16  net.minecraft.world.level.block.Blocks$$Lambda$1543/0x000000080073ab80 (minecraft@1.20.1)
4429:             1             16  net.minecraft.world.level.block.Blocks$$Lambda$1544/0x000000080073ada0 (minecraft@1.20.1)
4430:             1             16  net.minecraft.world.level.block.Blocks$$Lambda$1545/0x000000080073afc0 (minecraft@1.20.1)
4431:             1             16  net.minecraft.world.level.block.Blocks$$Lambda$1546/0x000000080073b1e0 (minecraft@1.20.1)
4432:             1             16  net.minecraft.world.level.block.Blocks$$Lambda$1547/0x000000080073b400 (minecraft@1.20.1)
4433:             1             16  net.minecraft.world.level.block.Blocks$$Lambda$1548/0x000000080073b620 (minecraft@1.20.1)
4434:             1             16  net.minecraft.world.level.block.Blocks$$Lambda$1573/0x0000000800743c80 (minecraft@1.20.1)
4435:             1             16  net.minecraft.world.level.block.Blocks$$Lambda$1574/0x000000080074cb90 (minecraft@1.20.1)
4436:             1             16  net.minecraft.world.level.block.Blocks$$Lambda$1578/0x000000080074daf8 (minecraft@1.20.1)
4437:             1             16  net.minecraft.world.level.block.Blocks$$Lambda$1579/0x000000080074dd18 (minecraft@1.20.1)
4438:             1             16  net.minecraft.world.level.block.Blocks$$Lambda$1580/0x000000080074df38 (minecraft@1.20.1)
4439:             1             16  net.minecraft.world.level.block.Blocks$$Lambda$1585/0x0000000800754e30 (minecraft@1.20.1)
4440:             1             16  net.minecraft.world.level.block.Blocks$$Lambda$1586/0x0000000800755050 (minecraft@1.20.1)
4441:             1             16  net.minecraft.world.level.block.Blocks$$Lambda$1587/0x0000000800759b10 (minecraft@1.20.1)
4442:             1             16  net.minecraft.world.level.block.Blocks$$Lambda$1588/0x000000080075af58 (minecraft@1.20.1)
4443:             1             16  net.minecraft.world.level.block.Blocks$$Lambda$1590/0x000000080075b958 (minecraft@1.20.1)
4444:             1             16  net.minecraft.world.level.block.Blocks$$Lambda$1626/0x0000000800767a98 (minecraft@1.20.1)
4445:             1             16  net.minecraft.world.level.block.Blocks$$Lambda$1628/0x0000000800762000 (minecraft@1.20.1)
4446:             1             16  net.minecraft.world.level.block.Blocks$$Lambda$1632/0x00000008007628d8 (minecraft@1.20.1)
4447:             1             16  net.minecraft.world.level.block.Blocks$$Lambda$1636/0x0000000800761400 (minecraft@1.20.1)
4448:             1             16  net.minecraft.world.level.block.Blocks$$Lambda$1638/0x0000000800769090 (minecraft@1.20.1)
4449:             1             16  net.minecraft.world.level.block.Blocks$$Lambda$1639/0x00000008007692b0 (minecraft@1.20.1)
4450:             1             16  net.minecraft.world.level.block.Blocks$$Lambda$1641/0x0000000800776758 (minecraft@1.20.1)
4451:             1             16  net.minecraft.world.level.block.Blocks$$Lambda$1642/0x0000000800776978 (minecraft@1.20.1)
4452:             1             16  net.minecraft.world.level.block.Blocks$$Lambda$1643/0x0000000800776b98 (minecraft@1.20.1)
4453:             1             16  net.minecraft.world.level.block.Blocks$$Lambda$1646/0x0000000800777a60 (minecraft@1.20.1)
4454:             1             16  net.minecraft.world.level.block.Blocks$$Lambda$1647/0x0000000800777c80 (minecraft@1.20.1)
4455:             1             16  net.minecraft.world.level.block.Blocks$$Lambda$1648/0x0000000800772000 (minecraft@1.20.1)
4456:             1             16  net.minecraft.world.level.block.Blocks$$Lambda$1649/0x0000000800772220 (minecraft@1.20.1)
4457:             1             16  net.minecraft.world.level.block.Blocks$$Lambda$1650/0x0000000800772440 (minecraft@1.20.1)
4458:             1             16  net.minecraft.world.level.block.Blocks$$Lambda$1651/0x0000000800772660 (minecraft@1.20.1)
4459:             1             16  net.minecraft.world.level.block.Blocks$$Lambda$1652/0x0000000800772880 (minecraft@1.20.1)
4460:             1             16  net.minecraft.world.level.block.Blocks$$Lambda$1653/0x0000000800772aa0 (minecraft@1.20.1)
4461:             1             16  net.minecraft.world.level.block.Blocks$$Lambda$1654/0x0000000800772cc0 (minecraft@1.20.1)
4462:             1             16  net.minecraft.world.level.block.Blocks$$Lambda$1656/0x0000000800773930 (minecraft@1.20.1)
4463:             1             16  net.minecraft.world.level.block.Blocks$$Lambda$1657/0x0000000800773b50 (minecraft@1.20.1)
4464:             1             16  net.minecraft.world.level.block.Blocks$$Lambda$1658/0x0000000800773d70 (minecraft@1.20.1)
4465:             1             16  net.minecraft.world.level.block.Blocks$$Lambda$1660/0x000000080077f488 (minecraft@1.20.1)
4466:             1             16  net.minecraft.world.level.block.Blocks$$Lambda$1661/0x000000080077f6a8 (minecraft@1.20.1)
4467:             1             16  net.minecraft.world.level.block.Blocks$$Lambda$1662/0x000000080077f8c8 (minecraft@1.20.1)
4468:             1             16  net.minecraft.world.level.block.Blocks$$Lambda$1663/0x000000080077fae8 (minecraft@1.20.1)
4469:             1             16  net.minecraft.world.level.block.Blocks$$Lambda$1664/0x000000080077fd08 (minecraft@1.20.1)
4470:             1             16  net.minecraft.world.level.block.Blocks$$Lambda$1665/0x0000000800781dd0 (minecraft@1.20.1)
4471:             1             16  net.minecraft.world.level.block.Blocks$$Lambda$1666/0x0000000800781ff0 (minecraft@1.20.1)
4472:             1             16  net.minecraft.world.level.block.Blocks$$Lambda$1667/0x0000000800782210 (minecraft@1.20.1)
4473:             1             16  net.minecraft.world.level.block.Blocks$$Lambda$1668/0x0000000800782430 (minecraft@1.20.1)
4474:             1             16  net.minecraft.world.level.block.Blocks$$Lambda$1669/0x0000000800782650 (minecraft@1.20.1)
4475:             1             16  net.minecraft.world.level.block.Blocks$$Lambda$1670/0x0000000800782870 (minecraft@1.20.1)
4476:             1             16  net.minecraft.world.level.block.Blocks$$Lambda$1671/0x0000000800782a90 (minecraft@1.20.1)
4477:             1             16  net.minecraft.world.level.block.Blocks$$Lambda$1672/0x0000000800782cb0 (minecraft@1.20.1)
4478:             1             16  net.minecraft.world.level.block.Blocks$$Lambda$1673/0x00000008007869e0 (minecraft@1.20.1)
4479:             1             16  net.minecraft.world.level.block.Blocks$$Lambda$1674/0x0000000800786c00 (minecraft@1.20.1)
4480:             1             16  net.minecraft.world.level.block.Blocks$$Lambda$1675/0x0000000800786e20 (minecraft@1.20.1)
4481:             1             16  net.minecraft.world.level.block.Blocks$$Lambda$1676/0x0000000800787040 (minecraft@1.20.1)
4482:             1             16  net.minecraft.world.level.block.Blocks$$Lambda$1691/0x000000080078eee8 (minecraft@1.20.1)
4483:             1             16  net.minecraft.world.level.block.Blocks$$Lambda$1692/0x000000080078f9c8 (minecraft@1.20.1)
4484:             1             16  net.minecraft.world.level.block.Blocks$$Lambda$1703/0x0000000800796240 (minecraft@1.20.1)
4485:             1             16  net.minecraft.world.level.block.Blocks$$Lambda$1704/0x00000008007968c0 (minecraft@1.20.1)
4486:             1             16  net.minecraft.world.level.block.Blocks$$Lambda$1705/0x0000000800796ae0 (minecraft@1.20.1)
4487:             1             16  net.minecraft.world.level.block.Blocks$$Lambda$1706/0x0000000800796d00 (minecraft@1.20.1)
4488:             1             16  net.minecraft.world.level.block.Blocks$$Lambda$1707/0x0000000800796f20 (minecraft@1.20.1)
4489:             1             16  net.minecraft.world.level.block.Blocks$$Lambda$1708/0x0000000800797930 (minecraft@1.20.1)
4490:             1             16  net.minecraft.world.level.block.Blocks$$Lambda$1710/0x0000000800797d70 (minecraft@1.20.1)
4491:             1             16  net.minecraft.world.level.block.Blocks$$Lambda$1711/0x00000008007929b0 (minecraft@1.20.1)
4492:             1             16  net.minecraft.world.level.block.Blocks$$Lambda$1718/0x000000080079b7b8 (minecraft@1.20.1)
4493:             1             16  net.minecraft.world.level.block.Blocks$$Lambda$1719/0x000000080079c980 (minecraft@1.20.1)
4494:             1             16  net.minecraft.world.level.block.Blocks$$Lambda$1721/0x000000080079cfc0 (minecraft@1.20.1)
4495:             1             16  net.minecraft.world.level.block.Blocks$$Lambda$1722/0x000000080079d1e0 (minecraft@1.20.1)
4496:             1             16  net.minecraft.world.level.block.Blocks$$Lambda$1723/0x000000080079d400 (minecraft@1.20.1)
4497:             1             16  net.minecraft.world.level.block.Blocks$$Lambda$1724/0x000000080079db00 (minecraft@1.20.1)
4498:             1             16  net.minecraft.world.level.block.Blocks$$Lambda$1725/0x000000080079dd20 (minecraft@1.20.1)
4499:             1             16  net.minecraft.world.level.block.Blocks$$Lambda$1726/0x000000080079df40 (minecraft@1.20.1)
4500:             1             16  net.minecraft.world.level.block.Blocks$$Lambda$1727/0x000000080079e160 (minecraft@1.20.1)
4501:             1             16  net.minecraft.world.level.block.Blocks$$Lambda$1728/0x000000080079e380 (minecraft@1.20.1)
4502:             1             16  net.minecraft.world.level.block.Blocks$$Lambda$1729/0x000000080079ea40 (minecraft@1.20.1)
4503:             1             16  net.minecraft.world.level.block.Blocks$$Lambda$1730/0x000000080079ec60 (minecraft@1.20.1)
4504:             1             16  net.minecraft.world.level.block.Blocks$$Lambda$1731/0x000000080079ee80 (minecraft@1.20.1)
4505:             1             16  net.minecraft.world.level.block.Blocks$$Lambda$1732/0x000000080079f0a0 (minecraft@1.20.1)
4506:             1             16  net.minecraft.world.level.block.Blocks$$Lambda$1733/0x000000080079f2c0 (minecraft@1.20.1)
4507:             1             16  net.minecraft.world.level.block.Blocks$$Lambda$1734/0x000000080079f4e0 (minecraft@1.20.1)
4508:             1             16  net.minecraft.world.level.block.Blocks$$Lambda$1735/0x000000080079f700 (minecraft@1.20.1)
4509:             1             16  net.minecraft.world.level.block.Blocks$$Lambda$1736/0x000000080079f920 (minecraft@1.20.1)
4510:             1             16  net.minecraft.world.level.block.Blocks$$Lambda$1737/0x000000080079fb40 (minecraft@1.20.1)
4511:             1             16  net.minecraft.world.level.block.Blocks$$Lambda$1739/0x00000008007a0730 (minecraft@1.20.1)
4512:             1             16  net.minecraft.world.level.block.Blocks$$Lambda$1740/0x00000008007a8000 (minecraft@1.20.1)
4513:             1             16  net.minecraft.world.level.block.Blocks$$Lambda$1741/0x00000008007a86a0 (minecraft@1.20.1)
4514:             1             16  net.minecraft.world.level.block.Blocks$$Lambda$1742/0x00000008007a88c0 (minecraft@1.20.1)
4515:             1             16  net.minecraft.world.level.block.Blocks$$Lambda$1743/0x00000008007a9638 (minecraft@1.20.1)
4516:             1             16  net.minecraft.world.level.block.Blocks$$Lambda$1744/0x00000008007a9858 (minecraft@1.20.1)
4517:             1             16  net.minecraft.world.level.block.Blocks$$Lambda$1745/0x00000008007aca18 (minecraft@1.20.1)
4518:             1             16  net.minecraft.world.level.block.Blocks$$Lambda$1746/0x00000008007acc38 (minecraft@1.20.1)
4519:             1             16  net.minecraft.world.level.block.Blocks$$Lambda$1748/0x00000008007ad540 (minecraft@1.20.1)
4520:             1             16  net.minecraft.world.level.block.Blocks$$Lambda$1749/0x00000008007ad760 (minecraft@1.20.1)
4521:             1             16  net.minecraft.world.level.block.Blocks$$Lambda$1750/0x00000008007ad980 (minecraft@1.20.1)
4522:             1             16  net.minecraft.world.level.block.Blocks$$Lambda$1752/0x00000008007aecd0 (minecraft@1.20.1)
4523:             1             16  net.minecraft.world.level.block.Blocks$$Lambda$1757/0x00000008007af7a8 (minecraft@1.20.1)
4524:             1             16  net.minecraft.world.level.block.Blocks$$Lambda$1760/0x00000008007b0000 (minecraft@1.20.1)
4525:             1             16  net.minecraft.world.level.block.Blocks$$Lambda$1761/0x00000008007b0220 (minecraft@1.20.1)
4526:             1             16  net.minecraft.world.level.block.Blocks$$Lambda$1762/0x00000008007b0440 (minecraft@1.20.1)
4527:             1             16  net.minecraft.world.level.block.Blocks$$Lambda$1763/0x00000008007b0660 (minecraft@1.20.1)
4528:             1             16  net.minecraft.world.level.block.Blocks$$Lambda$1764/0x00000008007b0880 (minecraft@1.20.1)
4529:             1             16  net.minecraft.world.level.block.Blocks$$Lambda$1765/0x00000008007b0aa0 (minecraft@1.20.1)
4530:             1             16  net.minecraft.world.level.block.Blocks$$Lambda$1766/0x00000008007b0cc0 (minecraft@1.20.1)
4531:             1             16  net.minecraft.world.level.block.Blocks$$Lambda$1767/0x00000008007b0ee0 (minecraft@1.20.1)
4532:             1             16  net.minecraft.world.level.block.Blocks$$Lambda$1768/0x00000008007b1100 (minecraft@1.20.1)
4533:             1             16  net.minecraft.world.level.block.Blocks$$Lambda$1770/0x00000008007b1c20 (minecraft@1.20.1)
4534:             1             16  net.minecraft.world.level.block.Blocks$$Lambda$1771/0x00000008007b1e40 (minecraft@1.20.1)
4535:             1             16  net.minecraft.world.level.block.Blocks$$Lambda$1772/0x00000008007b2ed0 (minecraft@1.20.1)
4536:             1             16  net.minecraft.world.level.block.Blocks$$Lambda$1775/0x00000008007b4e98 (minecraft@1.20.1)
4537:             1             16  net.minecraft.world.level.block.Blocks$$Lambda$1779/0x00000008007b5960 (minecraft@1.20.1)
4538:             1             16  net.minecraft.world.level.block.Blocks$$Lambda$1780/0x00000008007b5b80 (minecraft@1.20.1)
4539:             1             16  net.minecraft.world.level.block.Blocks$$Lambda$1781/0x00000008007b5da0 (minecraft@1.20.1)
4540:             1             16  net.minecraft.world.level.block.Blocks$$Lambda$1782/0x00000008007b5fc0 (minecraft@1.20.1)
4541:             1             16  net.minecraft.world.level.block.Blocks$$Lambda$1783/0x00000008007b61e0 (minecraft@1.20.1)
4542:             1             16  net.minecraft.world.level.block.Blocks$$Lambda$1784/0x00000008007b6400 (minecraft@1.20.1)
4543:             1             16  net.minecraft.world.level.block.Blocks$$Lambda$1785/0x00000008007b6620 (minecraft@1.20.1)
4544:             1             16  net.minecraft.world.level.block.CandleBlock$$Lambda$1758/0x00000008007af9c8 (minecraft@1.20.1)
4545:             1             16  net.minecraft.world.level.block.CandleBlock$$Lambda$1759/0x00000008007afbe8 (minecraft@1.20.1)
4546:             1             16  net.minecraft.world.level.block.CarvedPumpkinBlock$$Lambda$1655/0x00000008007736e0 (minecraft@1.20.1)
4547:             1             16  net.minecraft.world.level.block.ChestBlock$1 (minecraft@1.20.1)
4548:             1             16  net.minecraft.world.level.block.ChestBlock$2 (minecraft@1.20.1)
4549:             1             16  net.minecraft.world.level.block.ComposterBlock$$Lambda$1751/0x00000008007ae5f8 (minecraft@1.20.1)
4550:             1             16  net.minecraft.world.level.block.CrossCollisionBlock$$Lambda$1644/0x00000008007775f0 (minecraft@1.20.1)
4551:             1             16  net.minecraft.world.level.block.CrossCollisionBlock$$Lambda$1645/0x0000000800777840 (minecraft@1.20.1)
4552:             1             16  net.minecraft.world.level.block.DispenserBlock$$Lambda$1549/0x000000080073d568 (minecraft@1.20.1)
4553:             1             16  net.minecraft.world.level.block.EnchantmentTableBlock$$Lambda$1689/0x000000080078ea58 (minecraft@1.20.1)
4554:             1             16  net.minecraft.world.level.block.EnchantmentTableBlock$$Lambda$1690/0x000000080078eca8 (minecraft@1.20.1)
4555:             1             16  net.minecraft.world.level.block.EnderChestBlock$$Lambda$1709/0x0000000800797b50 (minecraft@1.20.1)
4556:             1             16  net.minecraft.world.level.block.FireBlock$$Lambda$1448/0x000000080067caa0 (minecraft@1.20.1)
4557:             1             16  net.minecraft.world.level.block.FireBlock$$Lambda$1629/0x0000000800762220 (minecraft@1.20.1)
4558:             1             16  net.minecraft.world.level.block.FireBlock$$Lambda$1630/0x0000000800762470 (minecraft@1.20.1)
4559:             1             16  net.minecraft.world.level.block.FlowerPotBlock$$Lambda$1713/0x0000000800792ff0 (minecraft@1.20.1)
4560:             1             16  net.minecraft.world.level.block.GlowLichenBlock$$Lambda$1680/0x0000000800787920 (minecraft@1.20.1)
4561:             1             16  net.minecraft.world.level.block.LayeredCauldronBlock$$Lambda$1701/0x0000000800795da0 (minecraft@1.20.1)
4562:             1             16  net.minecraft.world.level.block.LayeredCauldronBlock$$Lambda$1702/0x0000000800795ff0 (minecraft@1.20.1)
4563:             1             16  net.minecraft.world.level.block.LightBlock$$Lambda$1720/0x000000080079cda0 (minecraft@1.20.1)
4564:             1             16  net.minecraft.world.level.block.MultifaceBlock$$Lambda$1679/0x00000008007876f0 (minecraft@1.20.1)
4565:             1             16  net.minecraft.world.level.block.MultifaceBlock$$Lambda$1682/0x0000000800787d98 (minecraft@1.20.1)
4566:             1             16  net.minecraft.world.level.block.MultifaceSpreader$DefaultSpreaderConfig (minecraft@1.20.1)
4567:             1             16  net.minecraft.world.level.block.PipeBlock$$Lambda$1447/0x000000080067c870 (minecraft@1.20.1)
4568:             1             16  net.minecraft.world.level.block.RedStoneWireBlock$$Lambda$1637/0x00000008007683f0 (minecraft@1.20.1)
4569:             1             16  net.minecraft.world.level.block.RespawnAnchorBlock$$Lambda$1753/0x00000008007af328 (minecraft@1.20.1)
4570:             1             16  net.minecraft.world.level.block.RespawnAnchorBlock$$Lambda$1756/0x00000008007af568 (minecraft@1.20.1)
4571:             1             16  net.minecraft.world.level.block.SculkBehaviour$1 (minecraft@1.20.1)
4572:             1             16  net.minecraft.world.level.block.SculkSensorBlock$$Lambda$1769/0x00000008007b19f0 (minecraft@1.20.1)
4573:             1             16  net.minecraft.world.level.block.ShulkerBoxBlock$$Lambda$1738/0x000000080079fd60 (minecraft@1.20.1)
4574:             1             16  net.minecraft.world.level.block.StairBlock$$Lambda$1634/0x0000000800763190 (minecraft@1.20.1)
4575:             1             16  net.minecraft.world.level.block.TrappedChestBlock$$Lambda$1717/0x000000080079acd8 (minecraft@1.20.1)
4576:             1             16  net.minecraft.world.level.block.VineBlock$$Lambda$1677/0x0000000800787260 (minecraft@1.20.1)
4577:             1             16  net.minecraft.world.level.block.VineBlock$$Lambda$1678/0x00000008007874b0 (minecraft@1.20.1)
4578:             1             16  net.minecraft.world.level.block.WeatheringCopper$$Lambda$1773/0x00000008007b3800 (minecraft@1.20.1)
4579:             1             16  net.minecraft.world.level.block.WeatheringCopper$$Lambda$1774/0x00000008007b3a38 (minecraft@1.20.1)
4580:             1             16  net.minecraft.world.level.block.grower.AcaciaTreeGrower (minecraft@1.20.1)
4581:             1             16  net.minecraft.world.level.block.grower.AzaleaTreeGrower (minecraft@1.20.1)
4582:             1             16  net.minecraft.world.level.block.grower.BirchTreeGrower (minecraft@1.20.1)
4583:             1             16  net.minecraft.world.level.block.grower.CherryTreeGrower (minecraft@1.20.1)
4584:             1             16  net.minecraft.world.level.block.grower.DarkOakTreeGrower (minecraft@1.20.1)
4585:             1             16  net.minecraft.world.level.block.grower.JungleTreeGrower (minecraft@1.20.1)
4586:             1             16  net.minecraft.world.level.block.grower.MangroveTreeGrower (minecraft@1.20.1)
4587:             1             16  net.minecraft.world.level.block.grower.OakTreeGrower (minecraft@1.20.1)
4588:             1             16  net.minecraft.world.level.block.grower.SpruceTreeGrower (minecraft@1.20.1)
4589:             1             16  net.minecraft.world.level.block.piston.PistonHeadBlock$$Lambda$1577/0x000000080074d210 (minecraft@1.20.1)
4590:             1             16  net.minecraft.world.level.block.state.BlockBehaviour$Properties$$Lambda$1451/0x00000008006df998 (minecraft@1.20.1)
4591:             1             16  net.minecraft.world.level.block.state.BlockBehaviour$Properties$$Lambda$1452/0x00000008006b7980 (minecraft@1.20.1)
4592:             1             16  net.minecraft.world.level.block.state.BlockBehaviour$Properties$$Lambda$1453/0x00000008006c7b18 (minecraft@1.20.1)
4593:             1             16  net.minecraft.world.level.block.state.BlockBehaviour$Properties$$Lambda$1454/0x00000008006f7900 (minecraft@1.20.1)
4594:             1             16  net.minecraft.world.level.block.state.BlockBehaviour$Properties$$Lambda$1455/0x00000008006f7b20 (minecraft@1.20.1)
4595:             1             16  net.minecraft.world.level.block.state.BlockBehaviour$Properties$$Lambda$1456/0x00000008006f7d40 (minecraft@1.20.1)
4596:             1             16  net.minecraft.world.level.block.state.BlockBehaviour$Properties$$Lambda$1457/0x00000008006cd8f8 (minecraft@1.20.1)
4597:             1             16  net.minecraft.world.level.block.state.BlockBehaviour$Properties$$Lambda$1494/0x000000080072e058 (minecraft@1.20.1)
4598:             1             16  net.minecraft.world.level.block.state.BlockBehaviour$Properties$$Lambda$1575/0x000000080074cdb0 (minecraft@1.20.1)
4599:             1             16  net.minecraft.world.level.block.state.BlockState$$Lambda$1474/0x000000080071dae0 (minecraft@1.20.1)
4600:             1             16  net.minecraft.world.level.block.state.StateDefinition$$Lambda$1466/0x000000080071c460 (minecraft@1.20.1)
4601:             1             16  net.minecraft.world.level.block.state.StateDefinition$$Lambda$1467/0x000000080071c6a0 (minecraft@1.20.1)
4602:             1             16  net.minecraft.world.level.block.state.StateDefinition$$Lambda$1484/0x0000000800721000 (minecraft@1.20.1)
4603:             1             16  net.minecraft.world.level.block.state.StateHolder$$Lambda$1475/0x000000080071dd20 (minecraft@1.20.1)
4604:             1             16  net.minecraft.world.level.block.state.StateHolder$1 (minecraft@1.20.1)
4605:             1             16  net.minecraft.world.level.block.state.properties.BlockStateProperties$$Lambda$1434/0x0000000800663768 (minecraft@1.20.1)
4606:             1             16  net.minecraft.world.level.block.state.properties.BlockStateProperties$$Lambda$1436/0x00000008006722f8 (minecraft@1.20.1)
4607:             1             16  net.minecraft.world.level.block.state.properties.EnumProperty$$Lambda$1433/0x0000000800663250 (minecraft@1.20.1)
4608:             1             16  net.minecraft.world.level.block.state.properties.Property$$Lambda$1432/0x0000000800663010 (minecraft@1.20.1)
4609:             1             16  net.minecraft.world.level.gameevent.PositionSource$$Lambda$1614/0x00000008007658c8 (minecraft@1.20.1)
4610:             1             16  net.minecraft.world.level.gameevent.PositionSource$$Lambda$1615/0x0000000800765b08 (minecraft@1.20.1)
4611:             1             16  net.minecraft.world.level.levelgen.RandomSupport$$Lambda$1235/0x0000000800599778 (minecraft@1.20.1)
4612:             1             16  net.minecraft.world.level.material.FlowingFluid$$Lambda$1483/0x0000000800723aa0 (minecraft@1.20.1)
4613:             1             16  net.minecraft.world.level.material.Fluid$$Lambda$1480/0x0000000800722900 (minecraft@1.20.1)
4614:             1             16  net.minecraft.world.level.material.Fluid$$Lambda$1481/0x0000000800722b40 (minecraft@1.20.1)
4615:             1             16  net.minecraft.world.level.material.FluidState$$Lambda$1482/0x0000000800722d60 (minecraft@1.20.1)
4616:             1             16  net.minecraft.world.phys.Vec3$$Lambda$1594/0x000000080075d678 (minecraft@1.20.1)
4617:             1             16  net.minecraft.world.phys.Vec3$$Lambda$1595/0x000000080075d8b8 (minecraft@1.20.1)
4618:             1             16  net.minecraft.world.phys.shapes.BooleanOp$$Lambda$1551/0x000000080073f2f8 (minecraft@1.20.1)
4619:             1             16  net.minecraft.world.phys.shapes.BooleanOp$$Lambda$1552/0x000000080073f518 (minecraft@1.20.1)
4620:             1             16  net.minecraft.world.phys.shapes.BooleanOp$$Lambda$1553/0x000000080073f738 (minecraft@1.20.1)
4621:             1             16  net.minecraft.world.phys.shapes.BooleanOp$$Lambda$1554/0x000000080073f958 (minecraft@1.20.1)
4622:             1             16  net.minecraft.world.phys.shapes.BooleanOp$$Lambda$1555/0x000000080073fb78 (minecraft@1.20.1)
4623:             1             16  net.minecraft.world.phys.shapes.BooleanOp$$Lambda$1556/0x000000080073fd98 (minecraft@1.20.1)
4624:             1             16  net.minecraft.world.phys.shapes.BooleanOp$$Lambda$1557/0x0000000800740000 (minecraft@1.20.1)
4625:             1             16  net.minecraft.world.phys.shapes.BooleanOp$$Lambda$1558/0x0000000800740220 (minecraft@1.20.1)
4626:             1             16  net.minecraft.world.phys.shapes.BooleanOp$$Lambda$1559/0x0000000800740440 (minecraft@1.20.1)
4627:             1             16  net.minecraft.world.phys.shapes.BooleanOp$$Lambda$1560/0x0000000800740660 (minecraft@1.20.1)
4628:             1             16  net.minecraft.world.phys.shapes.BooleanOp$$Lambda$1561/0x0000000800740880 (minecraft@1.20.1)
4629:             1             16  net.minecraft.world.phys.shapes.BooleanOp$$Lambda$1562/0x0000000800740aa0 (minecraft@1.20.1)
4630:             1             16  net.minecraft.world.phys.shapes.BooleanOp$$Lambda$1563/0x0000000800740cc0 (minecraft@1.20.1)
4631:             1             16  net.minecraft.world.phys.shapes.BooleanOp$$Lambda$1564/0x0000000800740ee0 (minecraft@1.20.1)
4632:             1             16  net.minecraft.world.phys.shapes.BooleanOp$$Lambda$1565/0x0000000800741100 (minecraft@1.20.1)
4633:             1             16  net.minecraft.world.phys.shapes.BooleanOp$$Lambda$1566/0x0000000800741320 (minecraft@1.20.1)
4634:             1             16  net.minecraft.world.phys.shapes.Shapes$$Lambda$1428/0x0000000800662300 (minecraft@1.20.1)
4635:             1             16  net.minecraft.world.phys.shapes.Shapes$$Lambda$1550/0x000000080073eeb0 (minecraft@1.20.1)
4636:             1             16  net.minecraftforge.accesstransformer.AccessTransformer$FinalState$$Lambda$857/0x000000080047ad68 (accesstransformers@8.0.4)
4637:             1             16  net.minecraftforge.accesstransformer.AccessTransformer$FinalState$$Lambda$858/0x000000080047af88 (accesstransformers@8.0.4)
4638:             1             16  net.minecraftforge.accesstransformer.AccessTransformer$FinalState$$Lambda$859/0x000000080047b1a8 (accesstransformers@8.0.4)
4639:             1             16  net.minecraftforge.accesstransformer.AccessTransformer$FinalState$$Lambda$860/0x000000080047b3c8 (accesstransformers@8.0.4)
4640:             1             16  net.minecraftforge.accesstransformer.AccessTransformer$Modifier$$Lambda$856/0x000000080047a8f0 (accesstransformers@8.0.4)
4641:             1             16  net.minecraftforge.accesstransformer.AccessTransformerEngine$$Lambda$1014/0x000000080054d890 (accesstransformers@8.0.4)
4642:             1             16  net.minecraftforge.accesstransformer.AccessTransformerEngine$$Lambda$1017/0x000000080054df80 (accesstransformers@8.0.4)
4643:             1             16  net.minecraftforge.accesstransformer.MethodTarget$$Lambda$854/0x0000000800479bf0 (accesstransformers@8.0.4)
4644:             1             16  net.minecraftforge.accesstransformer.MethodTarget$$Lambda$855/0x0000000800479e30 (accesstransformers@8.0.4)
4645:             1             16  net.minecraftforge.accesstransformer.parser.AccessTransformVisitor$$Lambda$853/0x00000008004799b0 (accesstransformers@8.0.4)
4646:             1             16  net.minecraftforge.accesstransformer.parser.AccessTransformerList$$Lambda$1005/0x000000080054c458 (accesstransformers@8.0.4)
4647:             1             16  net.minecraftforge.accesstransformer.parser.AccessTransformerList$$Lambda$1006/0x000000080054c698 (accesstransformers@8.0.4)
4648:             1             16  net.minecraftforge.accesstransformer.parser.AccessTransformerList$$Lambda$1007/0x000000080054c8d8 (accesstransformers@8.0.4)
4649:             1             16  net.minecraftforge.accesstransformer.parser.AccessTransformerList$$Lambda$1008/0x000000080054caf8 (accesstransformers@8.0.4)
4650:             1             16  net.minecraftforge.accesstransformer.parser.AccessTransformerList$$Lambda$863/0x000000080047c090 (accesstransformers@8.0.4)
4651:             1             16  net.minecraftforge.accesstransformer.service.AccessTransformerService (accesstransformers@8.0.4)
4652:             1             16  net.minecraftforge.common.IExtensibleEnum$$Lambda$1795/0x00000008007fbfa8 (forge@47.4.13)
4653:             1             16  net.minecraftforge.coremod.CoreMod$$Lambda$920/0x00000008005013f0 (net.minecraftforge.coremod)
4654:             1             16  net.minecraftforge.coremod.CoreMod$$Lambda$921/0x0000000800501630 (net.minecraftforge.coremod)
4655:             1             16  net.minecraftforge.coremod.CoreModEngine (net.minecraftforge.coremod)
4656:             1             16  net.minecraftforge.coremod.CoreModEngine$$Lambda$913/0x00000008004ef660 (net.minecraftforge.coremod)
4657:             1             16  net.minecraftforge.coremod.CoreModEngine$$Lambda$914/0x00000008004ef8a0 (net.minecraftforge.coremod)
4658:             1             16  net.minecraftforge.coremod.CoreModProvider (net.minecraftforge.coremod)
4659:             1             16  net.minecraftforge.coremod.CoreModTracker$$Lambda$899/0x00000008004c4620 (net.minecraftforge.coremod)
4660:             1             16  net.minecraftforge.coremod.NashornFactory$$Lambda$808/0x00000008003da3b8 (net.minecraftforge.coremod)
4661:             1             16  net.minecraftforge.coremod.api.ASMAPI$$Lambda$909/0x00000008004ed9f8 (net.minecraftforge.coremod)
4662:             1             16  net.minecraftforge.coremod.api.ASMAPI$$Lambda$910/0x00000008004edc38 (net.minecraftforge.coremod)
4663:             1             16  net.minecraftforge.eventbus.EventAccessTransformer (net.minecraftforge.eventbus)
4664:             1             16  net.minecraftforge.eventbus.EventAccessTransformer$$Lambda$961/0x0000000800523a68 (net.minecraftforge.eventbus)
4665:             1             16  net.minecraftforge.eventbus.EventAccessTransformer$$Lambda$963/0x0000000800523ef0 (net.minecraftforge.eventbus)
4666:             1             16  net.minecraftforge.eventbus.EventAccessTransformer$$Lambda$967/0x00000008005247e8 (net.minecraftforge.eventbus)
4667:             1             16  net.minecraftforge.eventbus.EventSubclassTransformer (net.minecraftforge.eventbus)
4668:             1             16  net.minecraftforge.eventbus.service.ModLauncherService (net.minecraftforge.eventbus)
4669:             1             16  net.minecraftforge.eventbus.service.ModLauncherService$$Lambda$956/0x0000000800514238 (net.minecraftforge.eventbus)
4670:             1             16  net.minecraftforge.fml.ModLoadingContext$$Lambda$1443/0x00000008005c88d8 (fmlcore@1.20.1-47.4.13)
4671:             1             16  net.minecraftforge.fml.common.asm.CapabilityTokenSubclass (fmlloader@1.20.1-47.4.13)
4672:             1             16  net.minecraftforge.fml.common.asm.ObjectHolderDefinalize (fmlloader@1.20.1-47.4.13)
4673:             1             16  net.minecraftforge.fml.common.asm.ObjectHolderDefinalize$$Lambda$1437/0x00000008006754a0 (fmlloader@1.20.1-47.4.13)
4674:             1             16  net.minecraftforge.fml.common.asm.ObjectHolderDefinalize$$Lambda$356/0x00000008002b5620 (fmlloader@1.20.1-47.4.13)
4675:             1             16  net.minecraftforge.fml.common.asm.ObjectHolderDefinalize$$Lambda$357/0x00000008002b5860 (fmlloader@1.20.1-47.4.13)
4676:             1             16  net.minecraftforge.fml.common.asm.ObjectHolderDefinalize$$Lambda$985/0x00000008005271b8 (fmlloader@1.20.1-47.4.13)
4677:             1             16  net.minecraftforge.fml.common.asm.RuntimeEnumExtender (fmlloader@1.20.1-47.4.13)
4678:             1             16  net.minecraftforge.fml.common.asm.RuntimeEnumExtender$$Lambda$1787/0x00000008007b9bc0 (fmlloader@1.20.1-47.4.13)
4679:             1             16  net.minecraftforge.fml.earlydisplay.DisplayWindow$$Lambda$1018/0x000000080054e1b0 (fmlearlydisplay@1.20.1-47.4.13)
4680:             1             16  net.minecraftforge.fml.earlydisplay.DisplayWindow$$Lambda$433/0x000000080031dd10 (fmlearlydisplay@1.20.1-47.4.13)
4681:             1             16  net.minecraftforge.fml.earlydisplay.DisplayWindow$$Lambda$437/0x000000080031f9d0 (fmlearlydisplay@1.20.1-47.4.13)
4682:             1             16  net.minecraftforge.fml.earlydisplay.DisplayWindow$$Lambda$455/0x000000080032cc48 (fmlearlydisplay@1.20.1-47.4.13)
4683:             1             16  net.minecraftforge.fml.earlydisplay.DisplayWindow$$Lambda$458/0x000000080032e200 (fmlearlydisplay@1.20.1-47.4.13)
4684:             1             16  net.minecraftforge.fml.earlydisplay.DisplayWindow$$Lambda$459/0x0000000800330eb0 (fmlearlydisplay@1.20.1-47.4.13)
4685:             1             16  net.minecraftforge.fml.earlydisplay.DisplayWindow$$Lambda$460/0x0000000800331908 (fmlearlydisplay@1.20.1-47.4.13)
4686:             1             16  net.minecraftforge.fml.earlydisplay.DisplayWindow$$Lambda$462/0x0000000800332388 (fmlearlydisplay@1.20.1-47.4.13)
4687:             1             16  net.minecraftforge.fml.earlydisplay.DisplayWindow$$Lambda$613/0x0000000800386280 (fmlearlydisplay@1.20.1-47.4.13)
4688:             1             16  net.minecraftforge.fml.earlydisplay.DisplayWindow$$Lambda$614/0x00000008003864a8 (fmlearlydisplay@1.20.1-47.4.13)
4689:             1             16  net.minecraftforge.fml.earlydisplay.DisplayWindow$$Lambda$615/0x00000008003866d0 (fmlearlydisplay@1.20.1-47.4.13)
4690:             1             16  net.minecraftforge.fml.earlydisplay.DisplayWindow$$Lambda$953/0x000000080050f7d0 (fmlearlydisplay@1.20.1-47.4.13)
4691:             1             16  net.minecraftforge.fml.earlydisplay.RenderElement$$Lambda$600/0x000000080037d6b0 (fmlearlydisplay@1.20.1-47.4.13)
4692:             1             16  net.minecraftforge.fml.earlydisplay.RenderElement$$Lambda$605/0x00000008003850e8 (fmlearlydisplay@1.20.1-47.4.13)
4693:             1             16  net.minecraftforge.fml.earlydisplay.RenderElement$$Lambda$610/0x0000000800385bd8 (fmlearlydisplay@1.20.1-47.4.13)
4694:             1             16  net.minecraftforge.fml.earlydisplay.RenderElement$$Lambda$612/0x0000000800386048 (fmlearlydisplay@1.20.1-47.4.13)
4695:             1             16  net.minecraftforge.fml.earlydisplay.RenderElement$$Lambda$623/0x0000000800382648 (fmlearlydisplay@1.20.1-47.4.13)
4696:             1             16  net.minecraftforge.fml.earlydisplay.SimpleBufferBuilder$Format$$Lambda$602/0x0000000800384690 (fmlearlydisplay@1.20.1-47.4.13)
4697:             1             16  net.minecraftforge.fml.javafmlmod.FMLJavaModLanguageProvider (javafmllanguage@1.20.1-47.4.13)
4698:             1             16  net.minecraftforge.fml.javafmlmod.FMLJavaModLanguageProvider$$Lambda$1027/0x00000008005128e8 (javafmllanguage@1.20.1-47.4.13)
4699:             1             16  net.minecraftforge.fml.javafmlmod.FMLJavaModLanguageProvider$$Lambda$1029/0x0000000800512b18 (javafmllanguage@1.20.1-47.4.13)
4700:             1             16  net.minecraftforge.fml.javafmlmod.FMLJavaModLanguageProvider$$Lambda$1030/0x0000000800512d68 (javafmllanguage@1.20.1-47.4.13)
4701:             1             16  net.minecraftforge.fml.javafmlmod.FMLJavaModLanguageProvider$$Lambda$1031/0x00000008005131d0 (javafmllanguage@1.20.1-47.4.13)
4702:             1             16  net.minecraftforge.fml.javafmlmod.FMLJavaModLanguageProvider$$Lambda$1035/0x0000000800513698 (javafmllanguage@1.20.1-47.4.13)
4703:             1             16  net.minecraftforge.fml.javafmlmod.FMLJavaModLanguageProvider$$Lambda$1037/0x00000008005138d8 (javafmllanguage@1.20.1-47.4.13)
4704:             1             16  net.minecraftforge.fml.loading.ClasspathTransformerDiscoverer$$Lambda$374/0x0000000800300698 (fmlloader@1.20.1-47.4.13)
4705:             1             16  net.minecraftforge.fml.loading.FMLConfig (fmlloader@1.20.1-47.4.13)
4706:             1             16  net.minecraftforge.fml.loading.FMLConfig$ConfigValue$$Lambda$382/0x0000000800307a28 (fmlloader@1.20.1-47.4.13)
4707:             1             16  net.minecraftforge.fml.loading.FMLConfig$ConfigValue$$Lambda$384/0x0000000800305898 (fmlloader@1.20.1-47.4.13)
4708:             1             16  net.minecraftforge.fml.loading.FMLEnvironment$$Lambda$510/0x0000000800351f40 (fmlloader@1.20.1-47.4.13)
4709:             1             16  net.minecraftforge.fml.loading.FMLEnvironment$$Lambda$511/0x0000000800352180 (fmlloader@1.20.1-47.4.13)
4710:             1             16  net.minecraftforge.fml.loading.FMLLoader$$Lambda$474/0x0000000800337b88 (fmlloader@1.20.1-47.4.13)
4711:             1             16  net.minecraftforge.fml.loading.FMLLoader$$Lambda$475/0x0000000800337dc8 (fmlloader@1.20.1-47.4.13)
4712:             1             16  net.minecraftforge.fml.loading.FMLLoader$$Lambda$476/0x0000000800335000 (fmlloader@1.20.1-47.4.13)
4713:             1             16  net.minecraftforge.fml.loading.FMLLoader$$Lambda$477/0x0000000800335220 (fmlloader@1.20.1-47.4.13)
4714:             1             16  net.minecraftforge.fml.loading.FMLLoader$$Lambda$478/0x0000000800335640 (fmlloader@1.20.1-47.4.13)
4715:             1             16  net.minecraftforge.fml.loading.FMLPaths$$Lambda$504/0x000000080034d4b0 (fmlloader@1.20.1-47.4.13)
4716:             1             16  net.minecraftforge.fml.loading.FMLServiceProvider$$Lambda$467/0x0000000800333c10 (fmlloader@1.20.1-47.4.13)
4717:             1             16  net.minecraftforge.fml.loading.FMLServiceProvider$$Lambda$505/0x000000080034df20 (fmlloader@1.20.1-47.4.13)
4718:             1             16  net.minecraftforge.fml.loading.FMLServiceProvider$$Lambda$506/0x000000080034ec90 (fmlloader@1.20.1-47.4.13)
4719:             1             16  net.minecraftforge.fml.loading.ImmediateWindowHandler$$Lambda$432/0x000000080031d198 (fmlloader@1.20.1-47.4.13)
4720:             1             16  net.minecraftforge.fml.loading.ImmediateWindowHandler$Wrapper (fmlloader@1.20.1-47.4.13)
4721:             1             16  net.minecraftforge.fml.loading.LanguageLoadingProvider$$Lambda$757/0x00000008003ce400 (fmlloader@1.20.1-47.4.13)
4722:             1             16  net.minecraftforge.fml.loading.LanguageLoadingProvider$$Lambda$759/0x00000008003d0428 (fmlloader@1.20.1-47.4.13)
4723:             1             16  net.minecraftforge.fml.loading.LoadingModList$$Lambda$795/0x00000008003d8000 (fmlloader@1.20.1-47.4.13)
4724:             1             16  net.minecraftforge.fml.loading.LoadingModList$$Lambda$798/0x00000008003d86d0 (fmlloader@1.20.1-47.4.13)
4725:             1             16  net.minecraftforge.fml.loading.LoadingModList$$Lambda$799/0x00000008003d8910 (fmlloader@1.20.1-47.4.13)
4726:             1             16  net.minecraftforge.fml.loading.LoadingModList$$Lambda$801/0x00000008003d8d98 (fmlloader@1.20.1-47.4.13)
4727:             1             16  net.minecraftforge.fml.loading.LoadingModList$$Lambda$802/0x00000008003d8fd8 (fmlloader@1.20.1-47.4.13)
4728:             1             16  net.minecraftforge.fml.loading.LoadingModList$$Lambda$803/0x00000008003d9218 (fmlloader@1.20.1-47.4.13)
4729:             1             16  net.minecraftforge.fml.loading.LoadingModList$$Lambda$804/0x00000008003d9458 (fmlloader@1.20.1-47.4.13)
4730:             1             16  net.minecraftforge.fml.loading.LoadingModList$$Lambda$805/0x00000008003d9698 (fmlloader@1.20.1-47.4.13)
4731:             1             16  net.minecraftforge.fml.loading.LoadingModList$$Lambda$848/0x000000080043fd08 (fmlloader@1.20.1-47.4.13)
4732:             1             16  net.minecraftforge.fml.loading.LoadingModList$$Lambda$849/0x000000080045c000 (fmlloader@1.20.1-47.4.13)
4733:             1             16  net.minecraftforge.fml.loading.LoadingModList$$Lambda$865/0x000000080047cb78 (fmlloader@1.20.1-47.4.13)
4734:             1             16  net.minecraftforge.fml.loading.ModDirTransformerDiscoverer$$Lambda$407/0x0000000800315888 (fmlloader@1.20.1-47.4.13)
4735:             1             16  net.minecraftforge.fml.loading.ModDirTransformerDiscoverer$$Lambda$409/0x00000008003160e8 (fmlloader@1.20.1-47.4.13)
4736:             1             16  net.minecraftforge.fml.loading.ModDirTransformerDiscoverer$$Lambda$544/0x0000000800360970 (fmlloader@1.20.1-47.4.13)
4737:             1             16  net.minecraftforge.fml.loading.ModSorter$$Lambda$765/0x00000008003d2240 (fmlloader@1.20.1-47.4.13)
4738:             1             16  net.minecraftforge.fml.loading.ModSorter$$Lambda$766/0x00000008003d2490 (fmlloader@1.20.1-47.4.13)
4739:             1             16  net.minecraftforge.fml.loading.ModSorter$$Lambda$767/0x00000008003d26d0 (fmlloader@1.20.1-47.4.13)
4740:             1             16  net.minecraftforge.fml.loading.ModSorter$$Lambda$768/0x00000008003d2910 (fmlloader@1.20.1-47.4.13)
4741:             1             16  net.minecraftforge.fml.loading.ModSorter$$Lambda$769/0x00000008003d2b50 (fmlloader@1.20.1-47.4.13)
4742:             1             16  net.minecraftforge.fml.loading.ModSorter$$Lambda$770/0x00000008003d2d90 (fmlloader@1.20.1-47.4.13)
4743:             1             16  net.minecraftforge.fml.loading.ModSorter$$Lambda$771/0x00000008003d2fd0 (fmlloader@1.20.1-47.4.13)
4744:             1             16  net.minecraftforge.fml.loading.ModSorter$$Lambda$773/0x00000008003d3458 (fmlloader@1.20.1-47.4.13)
4745:             1             16  net.minecraftforge.fml.loading.ModSorter$$Lambda$774/0x00000008003d36a8 (fmlloader@1.20.1-47.4.13)
4746:             1             16  net.minecraftforge.fml.loading.ModSorter$$Lambda$775/0x00000008003d38e8 (fmlloader@1.20.1-47.4.13)
4747:             1             16  net.minecraftforge.fml.loading.ModSorter$$Lambda$776/0x00000008003d3b28 (fmlloader@1.20.1-47.4.13)
4748:             1             16  net.minecraftforge.fml.loading.ModSorter$$Lambda$777/0x00000008003d3d68 (fmlloader@1.20.1-47.4.13)
4749:             1             16  net.minecraftforge.fml.loading.ModSorter$$Lambda$778/0x00000008003d6000 (fmlloader@1.20.1-47.4.13)
4750:             1             16  net.minecraftforge.fml.loading.ModSorter$$Lambda$779/0x00000008003d6240 (fmlloader@1.20.1-47.4.13)
4751:             1             16  net.minecraftforge.fml.loading.ModSorter$$Lambda$780/0x00000008003d6480 (fmlloader@1.20.1-47.4.13)
4752:             1             16  net.minecraftforge.fml.loading.ModSorter$$Lambda$781/0x00000008003d66c0 (fmlloader@1.20.1-47.4.13)
4753:             1             16  net.minecraftforge.fml.loading.ModSorter$$Lambda$782/0x00000008003d68f0 (fmlloader@1.20.1-47.4.13)
4754:             1             16  net.minecraftforge.fml.loading.ModSorter$$Lambda$785/0x00000008003d6b30 (fmlloader@1.20.1-47.4.13)
4755:             1             16  net.minecraftforge.fml.loading.ModSorter$$Lambda$786/0x00000008003d6d60 (fmlloader@1.20.1-47.4.13)
4756:             1             16  net.minecraftforge.fml.loading.ModSorter$$Lambda$787/0x00000008003d6fb0 (fmlloader@1.20.1-47.4.13)
4757:             1             16  net.minecraftforge.fml.loading.ModSorter$$Lambda$790/0x00000008003d76b0 (fmlloader@1.20.1-47.4.13)
4758:             1             16  net.minecraftforge.fml.loading.ModSorter$$Lambda$791/0x00000008003d7900 (fmlloader@1.20.1-47.4.13)
4759:             1             16  net.minecraftforge.fml.loading.ModSorter$$Lambda$794/0x00000008003d5a48 (fmlloader@1.20.1-47.4.13)
4760:             1             16  net.minecraftforge.fml.loading.RuntimeDistCleaner (fmlloader@1.20.1-47.4.13)
4761:             1             16  net.minecraftforge.fml.loading.RuntimeDistCleaner$$Lambda$509/0x0000000800351b08 (fmlloader@1.20.1-47.4.13)
4762:             1             16  net.minecraftforge.fml.loading.RuntimeDistCleaner$$Lambda$970/0x0000000800524ec8 (fmlloader@1.20.1-47.4.13)
4763:             1             16  net.minecraftforge.fml.loading.RuntimeDistCleaner$$Lambda$971/0x0000000800525118 (fmlloader@1.20.1-47.4.13)
4764:             1             16  net.minecraftforge.fml.loading.RuntimeDistCleaner$$Lambda$973/0x00000008005255c0 (fmlloader@1.20.1-47.4.13)
4765:             1             16  net.minecraftforge.fml.loading.RuntimeDistCleaner$$Lambda$974/0x0000000800525810 (fmlloader@1.20.1-47.4.13)
4766:             1             16  net.minecraftforge.fml.loading.RuntimeDistCleaner$$Lambda$975/0x0000000800525a60 (fmlloader@1.20.1-47.4.13)
4767:             1             16  net.minecraftforge.fml.loading.RuntimeDistCleaner$$Lambda$976/0x0000000800525cb0 (fmlloader@1.20.1-47.4.13)
4768:             1             16  net.minecraftforge.fml.loading.RuntimeDistCleaner$$Lambda$978/0x0000000800526650 (fmlloader@1.20.1-47.4.13)
4769:             1             16  net.minecraftforge.fml.loading.RuntimeDistCleaner$$Lambda$979/0x00000008005268a0 (fmlloader@1.20.1-47.4.13)
4770:             1             16  net.minecraftforge.fml.loading.RuntimeDistCleaner$$Lambda$980/0x0000000800526af0 (fmlloader@1.20.1-47.4.13)
4771:             1             16  net.minecraftforge.fml.loading.RuntimeDistCleaner$$Lambda$981/0x0000000800526d30 (fmlloader@1.20.1-47.4.13)
4772:             1             16  net.minecraftforge.fml.loading.UniqueModListBuilder$$Lambda$663/0x0000000800396718 (fmlloader@1.20.1-47.4.13)
4773:             1             16  net.minecraftforge.fml.loading.UniqueModListBuilder$$Lambda$664/0x0000000800396968 (fmlloader@1.20.1-47.4.13)
4774:             1             16  net.minecraftforge.fml.loading.UniqueModListBuilder$$Lambda$665/0x0000000800396ba8 (fmlloader@1.20.1-47.4.13)
4775:             1             16  net.minecraftforge.fml.loading.UniqueModListBuilder$$Lambda$666/0x0000000800396df8 (fmlloader@1.20.1-47.4.13)
4776:             1             16  net.minecraftforge.fml.loading.UniqueModListBuilder$$Lambda$669/0x00000008003974c8 (fmlloader@1.20.1-47.4.13)
4777:             1             16  net.minecraftforge.fml.loading.UniqueModListBuilder$$Lambda$670/0x0000000800397718 (fmlloader@1.20.1-47.4.13)
4778:             1             16  net.minecraftforge.fml.loading.UniqueModListBuilder$$Lambda$671/0x0000000800397958 (fmlloader@1.20.1-47.4.13)
4779:             1             16  net.minecraftforge.fml.loading.UniqueModListBuilder$$Lambda$672/0x0000000800397b98 (fmlloader@1.20.1-47.4.13)
4780:             1             16  net.minecraftforge.fml.loading.UniqueModListBuilder$$Lambda$673/0x0000000800393000 (fmlloader@1.20.1-47.4.13)
4781:             1             16  net.minecraftforge.fml.loading.UniqueModListBuilder$$Lambda$675/0x0000000800393488 (fmlloader@1.20.1-47.4.13)
4782:             1             16  net.minecraftforge.fml.loading.UniqueModListBuilder$$Lambda$676/0x00000008003936d8 (fmlloader@1.20.1-47.4.13)
4783:             1             16  net.minecraftforge.fml.loading.UniqueModListBuilder$$Lambda$677/0x0000000800393918 (fmlloader@1.20.1-47.4.13)
4784:             1             16  net.minecraftforge.fml.loading.UniqueModListBuilder$$Lambda$678/0x0000000800393b68 (fmlloader@1.20.1-47.4.13)
4785:             1             16  net.minecraftforge.fml.loading.UniqueModListBuilder$$Lambda$679/0x0000000800393da8 (fmlloader@1.20.1-47.4.13)
4786:             1             16  net.minecraftforge.fml.loading.VersionSupportMatrix$$Lambda$764/0x00000008003d1390 (fmlloader@1.20.1-47.4.13)
4787:             1             16  net.minecraftforge.fml.loading.log4j.ForgeHighlight$$Lambda$285/0x0000000800285b98 (fmlloader@1.20.1-47.4.13)
4788:             1             16  net.minecraftforge.fml.loading.log4j.SLF4JFixerLaunchPluginService (fmlloader@1.20.1-47.4.13)
4789:             1             16  net.minecraftforge.fml.loading.moddiscovery.AbstractModProvider$$Lambda$551/0x0000000800361b08 (fmlloader@1.20.1-47.4.13)
4790:             1             16  net.minecraftforge.fml.loading.moddiscovery.AbstractModProvider$$Lambda$553/0x0000000800361f70 (fmlloader@1.20.1-47.4.13)
4791:             1             16  net.minecraftforge.fml.loading.moddiscovery.AbstractModProvider$$Lambda$554/0x00000008003623c8 (fmlloader@1.20.1-47.4.13)
4792:             1             16  net.minecraftforge.fml.loading.moddiscovery.BackgroundScanHandler$$Lambda$864/0x000000080047c518 (fmlloader@1.20.1-47.4.13)
4793:             1             16  net.minecraftforge.fml.loading.moddiscovery.ClasspathLocator$$Lambda$528/0x000000080035ee50 (fmlloader@1.20.1-47.4.13)
4794:             1             16  net.minecraftforge.fml.loading.moddiscovery.ExplodedDirectoryLocator$$Lambda$645/0x000000080038e638 (fmlloader@1.20.1-47.4.13)
4795:             1             16  net.minecraftforge.fml.loading.moddiscovery.JarInJarDependencyLocator (fmlloader@1.20.1-47.4.13)
4796:             1             16  net.minecraftforge.fml.loading.moddiscovery.JarInJarDependencyLocator$$Lambda$738/0x00000008003c9498 (fmlloader@1.20.1-47.4.13)
4797:             1             16  net.minecraftforge.fml.loading.moddiscovery.MavenDirectoryLocator (fmlloader@1.20.1-47.4.13)
4798:             1             16  net.minecraftforge.fml.loading.moddiscovery.MavenDirectoryLocator$$Lambda$530/0x000000080035f2c8 (fmlloader@1.20.1-47.4.13)
4799:             1             16  net.minecraftforge.fml.loading.moddiscovery.MavenDirectoryLocator$$Lambda$537/0x000000080035b6d8 (fmlloader@1.20.1-47.4.13)
4800:             1             16  net.minecraftforge.fml.loading.moddiscovery.MinecraftLocator (fmlloader@1.20.1-47.4.13)
4801:             1             16  net.minecraftforge.fml.loading.moddiscovery.MinecraftLocator$$Lambda$648/0x000000080038f128 (fmlloader@1.20.1-47.4.13)
4802:             1             16  net.minecraftforge.fml.loading.moddiscovery.MinecraftLocator$$Lambda$649/0x000000080038f378 (fmlloader@1.20.1-47.4.13)
4803:             1             16  net.minecraftforge.fml.loading.moddiscovery.MinecraftLocator$$Lambda$652/0x000000080038fa00 (fmlloader@1.20.1-47.4.13)
4804:             1             16  net.minecraftforge.fml.loading.moddiscovery.MinecraftLocator$$Lambda$654/0x0000000800394000 (fmlloader@1.20.1-47.4.13)
4805:             1             16  net.minecraftforge.fml.loading.moddiscovery.MinecraftLocator$$Lambda$656/0x0000000800394488 (fmlloader@1.20.1-47.4.13)
4806:             1             16  net.minecraftforge.fml.loading.moddiscovery.MinecraftLocator$$Lambda$658/0x00000008003948f0 (fmlloader@1.20.1-47.4.13)
4807:             1             16  net.minecraftforge.fml.loading.moddiscovery.MinecraftLocator$$Lambda$659/0x0000000800394b40 (fmlloader@1.20.1-47.4.13)
4808:             1             16  net.minecraftforge.fml.loading.moddiscovery.MinecraftLocator$$Lambda$662/0x0000000800394d80 (fmlloader@1.20.1-47.4.13)
4809:             1             16  net.minecraftforge.fml.loading.moddiscovery.MinecraftLocator$$Lambda$880/0x000000080047f818 (fmlloader@1.20.1-47.4.13)
4810:             1             16  net.minecraftforge.fml.loading.moddiscovery.ModClassVisitor$$Lambda$884/0x0000000800484dd8 (fmlloader@1.20.1-47.4.13)
4811:             1             16  net.minecraftforge.fml.loading.moddiscovery.ModClassVisitor$$Lambda$885/0x00000008004867a8 (fmlloader@1.20.1-47.4.13)
4812:             1             16  net.minecraftforge.fml.loading.moddiscovery.ModDiscoverer$$Lambda$521/0x000000080035c268 (fmlloader@1.20.1-47.4.13)
4813:             1             16  net.minecraftforge.fml.loading.moddiscovery.ModDiscoverer$$Lambda$522/0x000000080035d4e0 (fmlloader@1.20.1-47.4.13)
4814:             1             16  net.minecraftforge.fml.loading.moddiscovery.ModDiscoverer$$Lambda$523/0x000000080035d700 (fmlloader@1.20.1-47.4.13)
4815:             1             16  net.minecraftforge.fml.loading.moddiscovery.ModDiscoverer$$Lambda$525/0x000000080035db70 (fmlloader@1.20.1-47.4.13)
4816:             1             16  net.minecraftforge.fml.loading.moddiscovery.ModDiscoverer$$Lambda$527/0x000000080035e1b8 (fmlloader@1.20.1-47.4.13)
4817:             1             16  net.minecraftforge.fml.loading.moddiscovery.ModDiscoverer$$Lambda$540/0x000000080035bd88 (fmlloader@1.20.1-47.4.13)
4818:             1             16  net.minecraftforge.fml.loading.moddiscovery.ModDiscoverer$$Lambda$542/0x00000008003604f0 (fmlloader@1.20.1-47.4.13)
4819:             1             16  net.minecraftforge.fml.loading.moddiscovery.ModDiscoverer$$Lambda$543/0x0000000800360730 (fmlloader@1.20.1-47.4.13)
4820:             1             16  net.minecraftforge.fml.loading.moddiscovery.ModDiscoverer$$Lambda$637/0x000000080038d1e0 (fmlloader@1.20.1-47.4.13)
4821:             1             16  net.minecraftforge.fml.loading.moddiscovery.ModDiscoverer$$Lambda$638/0x000000080038d420 (fmlloader@1.20.1-47.4.13)
4822:             1             16  net.minecraftforge.fml.loading.moddiscovery.ModDiscoverer$$Lambda$639/0x000000080038d670 (fmlloader@1.20.1-47.4.13)
4823:             1             16  net.minecraftforge.fml.loading.moddiscovery.ModDiscoverer$$Lambda$640/0x000000080038d8b0 (fmlloader@1.20.1-47.4.13)
4824:             1             16  net.minecraftforge.fml.loading.moddiscovery.ModDiscoverer$$Lambda$641/0x000000080038db00 (fmlloader@1.20.1-47.4.13)
4825:             1             16  net.minecraftforge.fml.loading.moddiscovery.ModDiscoverer$$Lambda$680/0x0000000800398000 (fmlloader@1.20.1-47.4.13)
4826:             1             16  net.minecraftforge.fml.loading.moddiscovery.ModDiscoverer$$Lambda$743/0x00000008003c9fe8 (fmlloader@1.20.1-47.4.13)
4827:             1             16  net.minecraftforge.fml.loading.moddiscovery.ModDiscoverer$$Lambda$745/0x00000008003ca480 (fmlloader@1.20.1-47.4.13)
4828:             1             16  net.minecraftforge.fml.loading.moddiscovery.ModFile$$Lambda$747/0x00000008003cad90 (fmlloader@1.20.1-47.4.13)
4829:             1             16  net.minecraftforge.fml.loading.moddiscovery.ModFileInfo$$Lambda$558/0x0000000800364bd8 (fmlloader@1.20.1-47.4.13)
4830:             1             16  net.minecraftforge.fml.loading.moddiscovery.ModFileInfo$$Lambda$561/0x0000000800366f40 (fmlloader@1.20.1-47.4.13)
4831:             1             16  net.minecraftforge.fml.loading.moddiscovery.ModFileInfo$$Lambda$589/0x0000000800375098 (fmlloader@1.20.1-47.4.13)
4832:             1             16  net.minecraftforge.fml.loading.moddiscovery.ModFileInfo$$Lambda$590/0x00000008003752d8 (fmlloader@1.20.1-47.4.13)
4833:             1             16  net.minecraftforge.fml.loading.moddiscovery.ModFileInfo$$Lambda$591/0x0000000800375518 (fmlloader@1.20.1-47.4.13)
4834:             1             16  net.minecraftforge.fml.loading.moddiscovery.ModFileParser$$Lambda$748/0x00000008003cb820 (fmlloader@1.20.1-47.4.13)
4835:             1             16  net.minecraftforge.fml.loading.moddiscovery.ModInfo$$Lambda$568/0x000000080036c248 (fmlloader@1.20.1-47.4.13)
4836:             1             16  net.minecraftforge.fml.loading.moddiscovery.ModInfo$$Lambda$569/0x0000000800371490 (fmlloader@1.20.1-47.4.13)
4837:             1             16  net.minecraftforge.fml.loading.moddiscovery.ModInfo$$Lambda$572/0x00000008003718f8 (fmlloader@1.20.1-47.4.13)
4838:             1             16  net.minecraftforge.fml.loading.moddiscovery.ModInfo$$Lambda$574/0x0000000800371d60 (fmlloader@1.20.1-47.4.13)
4839:             1             16  net.minecraftforge.fml.loading.moddiscovery.ModInfo$$Lambda$575/0x0000000800371fa0 (fmlloader@1.20.1-47.4.13)
4840:             1             16  net.minecraftforge.fml.loading.moddiscovery.ModInfo$$Lambda$576/0x00000008003721e0 (fmlloader@1.20.1-47.4.13)
4841:             1             16  net.minecraftforge.fml.loading.moddiscovery.ModInfo$$Lambda$586/0x00000008003747b8 (fmlloader@1.20.1-47.4.13)
4842:             1             16  net.minecraftforge.fml.loading.moddiscovery.ModInfo$ModVersion$$Lambda$581/0x00000008003731a0 (fmlloader@1.20.1-47.4.13)
4843:             1             16  net.minecraftforge.fml.loading.moddiscovery.ModInfo$ModVersion$$Lambda$582/0x0000000800373628 (fmlloader@1.20.1-47.4.13)
4844:             1             16  net.minecraftforge.fml.loading.moddiscovery.ModInfo$ModVersion$$Lambda$583/0x0000000800373ca8 (fmlloader@1.20.1-47.4.13)
4845:             1             16  net.minecraftforge.fml.loading.moddiscovery.ModInfo$ModVersion$$Lambda$584/0x00000008003740e0 (fmlloader@1.20.1-47.4.13)
4846:             1             16  net.minecraftforge.fml.loading.moddiscovery.ModJarMetadata$$Lambda$650/0x000000080038f598 (fmlloader@1.20.1-47.4.13)
4847:             1             16  net.minecraftforge.fml.loading.moddiscovery.ModJarMetadata$$Lambda$937/0x0000000800506d68 (fmlloader@1.20.1-47.4.13)
4848:             1             16  net.minecraftforge.fml.loading.moddiscovery.ModListHandler$$Lambda$531/0x000000080035f710 (fmlloader@1.20.1-47.4.13)
4849:             1             16  net.minecraftforge.fml.loading.moddiscovery.ModListHandler$$Lambda$532/0x000000080035f950 (fmlloader@1.20.1-47.4.13)
4850:             1             16  net.minecraftforge.fml.loading.moddiscovery.ModListHandler$$Lambda$533/0x000000080035fb90 (fmlloader@1.20.1-47.4.13)
4851:             1             16  net.minecraftforge.fml.loading.moddiscovery.ModListHandler$$Lambda$535/0x000000080035b248 (fmlloader@1.20.1-47.4.13)
4852:             1             16  net.minecraftforge.fml.loading.moddiscovery.ModListHandler$$Lambda$536/0x000000080035b498 (fmlloader@1.20.1-47.4.13)
4853:             1             16  net.minecraftforge.fml.loading.moddiscovery.ModValidator$$Lambda$746/0x00000008003ca8f0 (fmlloader@1.20.1-47.4.13)
4854:             1             16  net.minecraftforge.fml.loading.moddiscovery.ModValidator$$Lambda$750/0x00000008003cf468 (fmlloader@1.20.1-47.4.13)
4855:             1             16  net.minecraftforge.fml.loading.moddiscovery.ModsFolderLocator$$Lambda$547/0x0000000800361030 (fmlloader@1.20.1-47.4.13)
4856:             1             16  net.minecraftforge.fml.loading.moddiscovery.NightConfigWrapper$$Lambda$562/0x0000000800367180 (fmlloader@1.20.1-47.4.13)
4857:             1             16  net.minecraftforge.fml.loading.moddiscovery.NightConfigWrapper$$Lambda$563/0x00000008003673a0 (fmlloader@1.20.1-47.4.13)
4858:             1             16  net.minecraftforge.fml.loading.progress.StartupNotificationManager$$Lambda$434/0x000000080031eed0 (fmlloader@1.20.1-47.4.13)
4859:             1             16  net.minecraftforge.fml.loading.progress.StartupNotificationManager$$Lambda$524/0x000000080035d940 (fmlloader@1.20.1-47.4.13)
4860:             1             16  net.minecraftforge.fml.loading.progress.StartupNotificationManager$$Lambda$617/0x00000008003875d8 (fmlloader@1.20.1-47.4.13)
4861:             1             16  net.minecraftforge.fml.loading.progress.StartupNotificationManager$$Lambda$618/0x0000000800387818 (fmlloader@1.20.1-47.4.13)
4862:             1             16  net.minecraftforge.fml.loading.progress.StartupNotificationManager$$Lambda$620/0x0000000800387a38 (fmlloader@1.20.1-47.4.13)
4863:             1             16  net.minecraftforge.fml.loading.targets.CommonClientLaunchHandler$$Lambda$646/0x000000080038ec90 (fmlloader@1.20.1-47.4.13)
4864:             1             16  net.minecraftforge.fml.loading.targets.FMLClientDevLaunchHandler (fmlloader@1.20.1-47.4.13)
4865:             1             16  net.minecraftforge.fml.loading.targets.FMLClientLaunchHandler (fmlloader@1.20.1-47.4.13)
4866:             1             16  net.minecraftforge.fml.loading.targets.FMLClientUserdevLaunchHandler (fmlloader@1.20.1-47.4.13)
4867:             1             16  net.minecraftforge.fml.loading.targets.FMLDataUserdevLaunchHandler (fmlloader@1.20.1-47.4.13)
4868:             1             16  net.minecraftforge.fml.loading.targets.FMLServerDevLaunchHandler (fmlloader@1.20.1-47.4.13)
4869:             1             16  net.minecraftforge.fml.loading.targets.FMLServerLaunchHandler (fmlloader@1.20.1-47.4.13)
4870:             1             16  net.minecraftforge.fml.loading.targets.FMLServerUserdevLaunchHandler (fmlloader@1.20.1-47.4.13)
4871:             1             16  net.minecraftforge.fml.loading.targets.ForgeClientDevLaunchHandler (fmlloader@1.20.1-47.4.13)
4872:             1             16  net.minecraftforge.fml.loading.targets.ForgeClientLaunchHandler (fmlloader@1.20.1-47.4.13)
4873:             1             16  net.minecraftforge.fml.loading.targets.ForgeClientUserdevLaunchHandler (fmlloader@1.20.1-47.4.13)
4874:             1             16  net.minecraftforge.fml.loading.targets.ForgeDataDevLaunchHandler (fmlloader@1.20.1-47.4.13)
4875:             1             16  net.minecraftforge.fml.loading.targets.ForgeDataUserdevLaunchHandler (fmlloader@1.20.1-47.4.13)
4876:             1             16  net.minecraftforge.fml.loading.targets.ForgeGametestDevLaunchHandler (fmlloader@1.20.1-47.4.13)
4877:             1             16  net.minecraftforge.fml.loading.targets.ForgeGametestUserdevLaunchHandler (fmlloader@1.20.1-47.4.13)
4878:             1             16  net.minecraftforge.fml.loading.targets.ForgeServerDevLaunchHandler (fmlloader@1.20.1-47.4.13)
4879:             1             16  net.minecraftforge.fml.loading.targets.ForgeServerLaunchHandler (fmlloader@1.20.1-47.4.13)
4880:             1             16  net.minecraftforge.fml.loading.targets.ForgeServerUserdevLaunchHandler (fmlloader@1.20.1-47.4.13)
4881:             1             16  net.minecraftforge.fml.lowcodemod.LowCodeModLanguageProvider (lowcodelanguage@1.20.1-47.4.13)
4882:             1             16  net.minecraftforge.fml.mclanguageprovider.MinecraftModLanguageProvider (mclanguage@1.20.1-47.4.13)
4883:             1             16  net.minecraftforge.fml.mclanguageprovider.MinecraftModLanguageProvider$$Lambda$1003/0x0000000800512490 (mclanguage@1.20.1-47.4.13)
4884:             1             16  net.minecraftforge.fml.mclanguageprovider.MinecraftModLanguageProvider$MinecraftModTarget (mclanguage@1.20.1-47.4.13)
4885:             1             16  net.minecraftforge.forgespi.Environment$$Lambda$512/0x00000008003523c0 (net.minecraftforge.forgespi@7.0.1)
4886:             1             16  net.minecraftforge.forgespi.Environment$$Lambda$513/0x00000008003525e0 (net.minecraftforge.forgespi@7.0.1)
4887:             1             16  net.minecraftforge.forgespi.language.ModFileScanData$$Lambda$887/0x0000000800488000 (net.minecraftforge.forgespi@7.0.1)
4888:             1             16  net.minecraftforge.installer.actions.ProgressCallback$1
4889:             1             16  net.minecraftforge.installer.json.Artifact$Adapter
4890:             1             16  net.minecraftforge.installer.json.Install$$Lambda$90/0x000000080010d130
4891:             1             16  net.minecraftforge.jarjar.metadata.json.ContainedJarIdentifierSerializer (JarJarMetadata@0.3.19)
4892:             1             16  net.minecraftforge.jarjar.metadata.json.ContainedJarMetadataSerializer (JarJarMetadata@0.3.19)
4893:             1             16  net.minecraftforge.jarjar.metadata.json.ContainedVersionSerializer (JarJarMetadata@0.3.19)
4894:             1             16  net.minecraftforge.jarjar.metadata.json.MetadataSerializer (JarJarMetadata@0.3.19)
4895:             1             16  net.minecraftforge.jarjar.metadata.json.VersionRangeSerializer (JarJarMetadata@0.3.19)
4896:             1             16  net.minecraftforge.jarjar.nio.layzip.LayeredZipFileSystemProvider (JarJarFileSystems@0.3.19)
4897:             1             16  net.minecraftforge.jarjar.nio.pathfs.PathFileSystemProvider (JarJarFileSystems@0.3.19)
4898:             1             16  net.minecraftforge.jarjar.selection.JarSelector$$Lambda$687/0x0000000800399ae8 (JarJarSelector@0.3.19)
4899:             1             16  net.minecraftforge.jarjar.selection.JarSelector$$Lambda$688/0x0000000800399f48 (JarJarSelector@0.3.19)
4900:             1             16  net.minecraftforge.jarjar.selection.JarSelector$$Lambda$689/0x000000080039a188 (JarJarSelector@0.3.19)
4901:             1             16  net.minecraftforge.jarjar.selection.JarSelector$$Lambda$690/0x000000080039a3d8 (JarJarSelector@0.3.19)
4902:             1             16  net.minecraftforge.jarjar.selection.JarSelector$$Lambda$691/0x000000080039a828 (JarJarSelector@0.3.19)
4903:             1             16  net.minecraftforge.jarjar.selection.JarSelector$$Lambda$701/0x00000008003b8480 (JarJarSelector@0.3.19)
4904:             1             16  net.minecraftforge.jarjar.selection.JarSelector$$Lambda$702/0x00000008003b86c0 (JarJarSelector@0.3.19)
4905:             1             16  net.minecraftforge.jarjar.selection.JarSelector$$Lambda$703/0x00000008003ba490 (JarJarSelector@0.3.19)
4906:             1             16  net.minecraftforge.jarjar.selection.JarSelector$$Lambda$718/0x00000008003c18f0 (JarJarSelector@0.3.19)
4907:             1             16  net.minecraftforge.jarjar.selection.JarSelector$$Lambda$719/0x00000008003c1b30 (JarJarSelector@0.3.19)
4908:             1             16  net.minecraftforge.jarjar.selection.JarSelector$$Lambda$720/0x00000008003c1d70 (JarJarSelector@0.3.19)
4909:             1             16  net.minecraftforge.jarjar.selection.JarSelector$$Lambda$721/0x00000008003c2bc8 (JarJarSelector@0.3.19)
4910:             1             16  net.minecraftforge.jarjar.selection.JarSelector$$Lambda$722/0x00000008003c61e8 (JarJarSelector@0.3.19)
4911:             1             16  net.minecraftforge.jarjar.selection.JarSelector$$Lambda$723/0x00000008003c6428 (JarJarSelector@0.3.19)
4912:             1             16  net.minecraftforge.jarjar.selection.JarSelector$$Lambda$725/0x00000008003c7500 (JarJarSelector@0.3.19)
4913:             1             16  net.minecraftforge.jarjar.selection.JarSelector$$Lambda$726/0x00000008003c7740 (JarJarSelector@0.3.19)
4914:             1             16  net.minecraftforge.jarjar.selection.JarSelector$$Lambda$727/0x00000008003c7980 (JarJarSelector@0.3.19)
4915:             1             16  net.minecraftforge.jarjar.selection.JarSelector$$Lambda$729/0x00000008003c8000 (JarJarSelector@0.3.19)
4916:             1             16  net.minecraftforge.jarjar.selection.JarSelector$$Lambda$730/0x00000008003c8250 (JarJarSelector@0.3.19)
4917:             1             16  net.minecraftforge.jarjar.selection.JarSelector$$Lambda$731/0x00000008003c8490 (JarJarSelector@0.3.19)
4918:             1             16  net.minecraftforge.jarjar.selection.JarSelector$$Lambda$732/0x00000008003c86e0 (JarJarSelector@0.3.19)
4919:             1             16  net.minecraftforge.jarjar.selection.JarSelector$$Lambda$735/0x00000008003c8dc0 (JarJarSelector@0.3.19)
4920:             1             16  net.minecraftforge.jarjar.selection.JarSelector$$Lambda$736/0x00000008003c9010 (JarJarSelector@0.3.19)
4921:             1             16  net.minecraftforge.jarjar.selection.JarSelector$$Lambda$737/0x00000008003c9250 (JarJarSelector@0.3.19)
4922:             1             16  net.minecraftforge.jarjar.selection.JarSelector$$Lambda$739/0x00000008003c96d8 (JarJarSelector@0.3.19)
4923:             1             16  net.minecraftforge.registries.ForgeRegistries$$Lambda$1501/0x0000000800731558 (forge@47.4.13)
4924:             1             16  net.minecraftforge.registries.ForgeRegistries$$Lambda$1503/0x0000000800731bd8 (forge@47.4.13)
4925:             1             16  net.minecraftforge.registries.ForgeRegistries$$Lambda$1504/0x0000000800731df8 (forge@47.4.13)
4926:             1             16  net.minecraftforge.registries.ForgeRegistries$$Lambda$1505/0x0000000800732018 (forge@47.4.13)
4927:             1             16  net.minecraftforge.registries.ForgeRegistries$$Lambda$1506/0x0000000800732238 (forge@47.4.13)
4928:             1             16  net.minecraftforge.registries.ForgeRegistries$$Lambda$1507/0x0000000800732458 (forge@47.4.13)
4929:             1             16  net.minecraftforge.registries.ForgeRegistries$$Lambda$1508/0x0000000800732678 (forge@47.4.13)
4930:             1             16  net.minecraftforge.registries.ForgeRegistry$$Lambda$1714/0x0000000800793210 (forge@47.4.13)
4931:             1             16  net.minecraftforge.registries.ForgeRegistry$$Lambda$1715/0x0000000800793450 (forge@47.4.13)
4932:             1             16  net.minecraftforge.registries.GameData$$Lambda$1332/0x00000008005de140 (forge@47.4.13)
4933:             1             16  net.minecraftforge.registries.GameData$$Lambda$1333/0x000000080060fbe0 (forge@47.4.13)
4934:             1             16  net.minecraftforge.registries.GameData$$Lambda$1341/0x000000080061ebb0 (forge@47.4.13)
4935:             1             16  net.minecraftforge.registries.GameData$$Lambda$1342/0x000000080061fa08 (forge@47.4.13)
4936:             1             16  net.minecraftforge.registries.GameData$$Lambda$1352/0x000000080064c548 (forge@47.4.13)
4937:             1             16  net.minecraftforge.registries.GameData$AttributeCallbacks (forge@47.4.13)
4938:             1             16  net.minecraftforge.registries.GameData$BlockCallbacks (forge@47.4.13)
4939:             1             16  net.minecraftforge.registries.GameData$ItemCallbacks (forge@47.4.13)
4940:             1             16  net.minecraftforge.registries.GameData$PointOfInterestTypeCallbacks (forge@47.4.13)
4941:             1             16  net.minecraftforge.registries.NamespacedWrapper$$Lambda$1340/0x0000000800617ab8 (forge@47.4.13)
4942:             1             16  org.antlr.v4.runtime.CommonTokenFactory (org.antlr.antlr4.runtime@4.9.1)
4943:             1             16  org.antlr.v4.runtime.ConsoleErrorListener (org.antlr.antlr4.runtime@4.9.1)
4944:             1             16  org.antlr.v4.runtime.atn.ATNConfigSet$ConfigEqualityComparator (org.antlr.antlr4.runtime@4.9.1)
4945:             1             16  org.antlr.v4.runtime.atn.ATNDeserializationOptions (org.antlr.antlr4.runtime@4.9.1)
4946:             1             16  org.antlr.v4.runtime.atn.LexerPopModeAction (org.antlr.antlr4.runtime@4.9.1)
4947:             1             16  org.antlr.v4.runtime.atn.PredictionMode$AltAndContextConfigEqualityComparator (org.antlr.antlr4.runtime@4.9.1)
4948:             1             16  org.antlr.v4.runtime.misc.ObjectEqualityComparator (org.antlr.antlr4.runtime@4.9.1)
4949:             1             16  org.apache.commons.lang3.text.StrLookup$MapStrLookup (org.apache.commons.lang3@3.12.0)
4950:             1             16  org.apache.commons.lang3.text.StrLookup$SystemPropertiesStrLookup (org.apache.commons.lang3@3.12.0)
4951:             1             16  org.apache.commons.lang3.text.StrMatcher$NoMatcher (org.apache.commons.lang3@3.12.0)
4952:             1             16  org.apache.commons.lang3.text.StrMatcher$TrimMatcher (org.apache.commons.lang3@3.12.0)
4953:             1             16  org.apache.logging.log4j.ThreadContext$EmptyIterator (org.apache.logging.log4j@2.19.0)
4954:             1             16  org.apache.logging.log4j.ThreadContext$EmptyThreadContextStack (org.apache.logging.log4j@2.19.0)
4955:             1             16  org.apache.logging.log4j.core.LoggerContext$$Lambda$272/0x0000000800237948 (org.apache.logging.log4j.core@2.19.0)
4956:             1             16  org.apache.logging.log4j.core.appender.ConsoleAppender$ConsoleManagerFactory (org.apache.logging.log4j.core@2.19.0)
4957:             1             16  org.apache.logging.log4j.core.appender.FileManager$FileManagerFactory (org.apache.logging.log4j.core@2.19.0)
4958:             1             16  org.apache.logging.log4j.core.appender.rolling.RollingFileManager$RollingFileManagerFactory (org.apache.logging.log4j.core@2.19.0)
4959:             1             16  org.apache.logging.log4j.core.appender.rolling.RollingRandomAccessFileManager$RollingRandomAccessFileManagerFactory (org.apache.logging.log4j.core@2.19.0)
4960:             1             16  org.apache.logging.log4j.core.config.ConfigurationFactory$Factory (org.apache.logging.log4j.core@2.19.0)
4961:             1             16  org.apache.logging.log4j.core.config.DefaultReliabilityStrategy (org.apache.logging.log4j.core@2.19.0)
4962:             1             16  org.apache.logging.log4j.core.config.OrderComparator (org.apache.logging.log4j.core@2.19.0)
4963:             1             16  org.apache.logging.log4j.core.config.plugins.convert.EnumConverter (org.apache.logging.log4j.core@2.19.0)
4964:             1             16  org.apache.logging.log4j.core.config.plugins.convert.TypeConverterRegistry (org.apache.logging.log4j.core@2.19.0)
4965:             1             16  org.apache.logging.log4j.core.config.plugins.convert.TypeConverters$BigDecimalConverter (org.apache.logging.log4j.core@2.19.0)
4966:             1             16  org.apache.logging.log4j.core.config.plugins.convert.TypeConverters$BigIntegerConverter (org.apache.logging.log4j.core@2.19.0)
4967:             1             16  org.apache.logging.log4j.core.config.plugins.convert.TypeConverters$BooleanConverter (org.apache.logging.log4j.core@2.19.0)
4968:             1             16  org.apache.logging.log4j.core.config.plugins.convert.TypeConverters$ByteArrayConverter (org.apache.logging.log4j.core@2.19.0)
4969:             1             16  org.apache.logging.log4j.core.config.plugins.convert.TypeConverters$ByteConverter (org.apache.logging.log4j.core@2.19.0)
4970:             1             16  org.apache.logging.log4j.core.config.plugins.convert.TypeConverters$CharArrayConverter (org.apache.logging.log4j.core@2.19.0)
4971:             1             16  org.apache.logging.log4j.core.config.plugins.convert.TypeConverters$CharacterConverter (org.apache.logging.log4j.core@2.19.0)
4972:             1             16  org.apache.logging.log4j.core.config.plugins.convert.TypeConverters$CharsetConverter (org.apache.logging.log4j.core@2.19.0)
4973:             1             16  org.apache.logging.log4j.core.config.plugins.convert.TypeConverters$ClassConverter (org.apache.logging.log4j.core@2.19.0)
4974:             1             16  org.apache.logging.log4j.core.config.plugins.convert.TypeConverters$CronExpressionConverter (org.apache.logging.log4j.core@2.19.0)
4975:             1             16  org.apache.logging.log4j.core.config.plugins.convert.TypeConverters$DoubleConverter (org.apache.logging.log4j.core@2.19.0)
4976:             1             16  org.apache.logging.log4j.core.config.plugins.convert.TypeConverters$DurationConverter (org.apache.logging.log4j.core@2.19.0)
4977:             1             16  org.apache.logging.log4j.core.config.plugins.convert.TypeConverters$FileConverter (org.apache.logging.log4j.core@2.19.0)
4978:             1             16  org.apache.logging.log4j.core.config.plugins.convert.TypeConverters$FloatConverter (org.apache.logging.log4j.core@2.19.0)
4979:             1             16  org.apache.logging.log4j.core.config.plugins.convert.TypeConverters$InetAddressConverter (org.apache.logging.log4j.core@2.19.0)
4980:             1             16  org.apache.logging.log4j.core.config.plugins.convert.TypeConverters$IntegerConverter (org.apache.logging.log4j.core@2.19.0)
4981:             1             16  org.apache.logging.log4j.core.config.plugins.convert.TypeConverters$LevelConverter (org.apache.logging.log4j.core@2.19.0)
4982:             1             16  org.apache.logging.log4j.core.config.plugins.convert.TypeConverters$LongConverter (org.apache.logging.log4j.core@2.19.0)
4983:             1             16  org.apache.logging.log4j.core.config.plugins.convert.TypeConverters$PathConverter (org.apache.logging.log4j.core@2.19.0)
4984:             1             16  org.apache.logging.log4j.core.config.plugins.convert.TypeConverters$PatternConverter (org.apache.logging.log4j.core@2.19.0)
4985:             1             16  org.apache.logging.log4j.core.config.plugins.convert.TypeConverters$SecurityProviderConverter (org.apache.logging.log4j.core@2.19.0)
4986:             1             16  org.apache.logging.log4j.core.config.plugins.convert.TypeConverters$ShortConverter (org.apache.logging.log4j.core@2.19.0)
4987:             1             16  org.apache.logging.log4j.core.config.plugins.convert.TypeConverters$StringConverter (org.apache.logging.log4j.core@2.19.0)
4988:             1             16  org.apache.logging.log4j.core.config.plugins.convert.TypeConverters$UriConverter (org.apache.logging.log4j.core@2.19.0)
4989:             1             16  org.apache.logging.log4j.core.config.plugins.convert.TypeConverters$UrlConverter (org.apache.logging.log4j.core@2.19.0)
4990:             1             16  org.apache.logging.log4j.core.config.plugins.convert.TypeConverters$UuidConverter (org.apache.logging.log4j.core@2.19.0)
4991:             1             16  org.apache.logging.log4j.core.config.plugins.processor.PluginCache$$Lambda$246/0x00000008001ea718 (org.apache.logging.log4j.core@2.19.0)
4992:             1             16  org.apache.logging.log4j.core.config.properties.PropertiesConfigurationFactory (org.apache.logging.log4j.core@2.19.0)
4993:             1             16  org.apache.logging.log4j.core.config.xml.XmlConfigurationFactory (org.apache.logging.log4j.core@2.19.0)
4994:             1             16  org.apache.logging.log4j.core.impl.ReusableLogEventFactory (org.apache.logging.log4j.core@2.19.0)
4995:             1             16  org.apache.logging.log4j.core.impl.ThreadContextDataProvider (org.apache.logging.log4j.core@2.19.0)
4996:             1             16  org.apache.logging.log4j.core.lookup.StrMatcher$NoMatcher (org.apache.logging.log4j.core@2.19.0)
4997:             1             16  org.apache.logging.log4j.core.lookup.StrMatcher$TrimMatcher (org.apache.logging.log4j.core@2.19.0)
4998:             1             16  org.apache.logging.log4j.core.net.JndiManager$JndiManagerFactory (org.apache.logging.log4j.core@2.19.0)
4999:             1             16  org.apache.logging.log4j.core.pattern.NameAbbreviator$NOPAbbreviator (org.apache.logging.log4j.core@2.19.0)
5000:             1             16  org.apache.logging.log4j.core.pattern.NotANumber (org.apache.logging.log4j.core@2.19.0)
5001:             1             16  org.apache.logging.log4j.core.pattern.PlainTextRenderer (org.apache.logging.log4j.core@2.19.0)
5002:             1             16  org.apache.logging.log4j.core.util.BasicAuthorizationProvider (org.apache.logging.log4j.core@2.19.0)
5003:             1             16  org.apache.logging.log4j.core.util.NullOutputStream (org.apache.logging.log4j.core@2.19.0)
5004:             1             16  org.apache.logging.log4j.core.util.datetime.FastDateFormat$1 (org.apache.logging.log4j.core@2.19.0)
5005:             1             16  org.apache.logging.log4j.core.util.datetime.FastDateParser$$Lambda$286/0x000000080028f870 (org.apache.logging.log4j.core@2.19.0)
5006:             1             16  org.apache.logging.log4j.core.util.datetime.FastDateParser$1 (org.apache.logging.log4j.core@2.19.0)
5007:             1             16  org.apache.logging.log4j.core.util.datetime.FastDateParser$2 (org.apache.logging.log4j.core@2.19.0)
5008:             1             16  org.apache.logging.log4j.core.util.datetime.FastDateParser$3 (org.apache.logging.log4j.core@2.19.0)
5009:             1             16  org.apache.logging.log4j.core.util.datetime.FastDateParser$4 (org.apache.logging.log4j.core@2.19.0)
5010:             1             16  org.apache.logging.log4j.core.util.datetime.FastDateParser$5 (org.apache.logging.log4j.core@2.19.0)
5011:             1             16  org.apache.logging.log4j.core.util.datetime.FastDatePrinter$TwoDigitMonthField (org.apache.logging.log4j.core@2.19.0)
5012:             1             16  org.apache.logging.log4j.message.ParameterFormatter$$Lambda$317/0x000000080029f5c8 (org.apache.logging.log4j@2.19.0)
5013:             1             16  org.apache.logging.log4j.message.ParameterizedNoReferenceMessageFactory (org.apache.logging.log4j@2.19.0)
5014:             1             16  org.apache.logging.log4j.spi.CopyOnWriteSortedArrayThreadContextMap (org.apache.logging.log4j@2.19.0)
5015:             1             16  org.apache.logging.log4j.spi.DefaultThreadContextStack (org.apache.logging.log4j@2.19.0)
5016:             1             16  org.apache.logging.log4j.spi.LoggerRegistry$ConcurrentMapFactory (org.apache.logging.log4j@2.19.0)
5017:             1             16  org.apache.logging.log4j.util.LoaderUtil$ThreadContextClassLoaderGetter (org.apache.logging.log4j@2.19.0)
5018:             1             16  org.apache.logging.log4j.util.PrivateSecurityManagerStackTraceUtil$PrivateSecurityManager (org.apache.logging.log4j@2.19.0)
5019:             1             16  org.apache.logging.log4j.util.PropertiesUtil$Environment$$Lambda$228/0x00000008001ce8e0 (org.apache.logging.log4j@2.19.0)
5020:             1             16  org.apache.logging.log4j.util.PropertiesUtil$Environment$$Lambda$234/0x00000008001cfd48 (org.apache.logging.log4j@2.19.0)
5021:             1             16  org.apache.logging.log4j.util.PropertiesUtil$Environment$$Lambda$235/0x00000008001dc000 (org.apache.logging.log4j@2.19.0)
5022:             1             16  org.apache.logging.log4j.util.PropertiesUtil$Environment$$Lambda$236/0x00000008001dc248 (org.apache.logging.log4j@2.19.0)
5023:             1             16  org.apache.logging.log4j.util.ProviderUtil (org.apache.logging.log4j@2.19.0)
5024:             1             16  org.apache.logging.log4j.util.ProviderUtil$$Lambda$242/0x00000008001df210 (org.apache.logging.log4j@2.19.0)
5025:             1             16  org.apache.logging.log4j.util.ServiceLoaderUtil$$Lambda$231/0x00000008001cf178 (org.apache.logging.log4j@2.19.0)
5026:             1             16  org.apache.logging.log4j.util.SortedArrayStringMap$$Lambda$249/0x000000080021ddc0 (org.apache.logging.log4j@2.19.0)
5027:             1             16  org.apache.logging.log4j.util.StackLocator (org.apache.logging.log4j@2.19.0)
5028:             1             16  org.apache.logging.log4j.util.StackLocator$$Lambda$245/0x00000008001e50f8 (org.apache.logging.log4j@2.19.0)
5029:             1             16  org.apache.logging.log4j.util.StackLocator$$Lambda$334/0x00000008002a8500 (org.apache.logging.log4j@2.19.0)
5030:             1             16  org.apache.logging.log4j.util.StackLocator$$Lambda$500/0x000000080033e860 (org.apache.logging.log4j@2.19.0)
5031:             1             16  org.apache.logging.log4j.util.Strings$$Lambda$240/0x00000008001de118 (org.apache.logging.log4j@2.19.0)
5032:             1             16  org.apache.logging.slf4j.Log4jLoggerFactory$$Lambda$331/0x00000008002a75a0 (org.apache.logging.log4j.slf4j@2.19.0)
5033:             1             16  org.apache.logging.slf4j.Log4jMDCAdapter (org.apache.logging.log4j.slf4j@2.19.0)
5034:             1             16  org.apache.logging.slf4j.Log4jMDCAdapter$ThreadLocalMapOfStacks (org.apache.logging.log4j.slf4j@2.19.0)
5035:             1             16  org.apache.logging.slf4j.Log4jMDCAdapter$ThreadLocalMapOfStacks$$Lambda$332/0x00000008002a7ce8 (org.apache.logging.log4j.slf4j@2.19.0)
5036:             1             16  org.apache.logging.slf4j.Log4jMarkerFactory (org.apache.logging.log4j.slf4j@2.19.0)
5037:             1             16  org.lwjgl.opengl.GL$$Lambda$592/0x0000000800375d98 (org.lwjgl.opengl@3.3.1+7)
5038:             1             16  org.lwjgl.opengl.GL$$Lambda$593/0x0000000800375fc8 (org.lwjgl.opengl@3.3.1+7)
5039:             1             16  org.lwjgl.opengl.GL$$Lambda$595/0x0000000800378210 (org.lwjgl.opengl@3.3.1+7)
5040:             1             16  org.lwjgl.opengl.GL$ICDStatic (org.lwjgl.opengl@3.3.1+7)
5041:             1             16  org.lwjgl.opengl.GL20C$$Lambda$596/0x0000000800379cc8 (org.lwjgl.opengl@3.3.1+7)
5042:             1             16  org.lwjgl.stb.LibSTB$$Lambda$597/0x000000080037b130 (org.lwjgl.stb@3.3.1+7)
5043:             1             16  org.lwjgl.stb.LibSTB$$Lambda$598/0x000000080037b360 (org.lwjgl.stb@3.3.1+7)
5044:             1             16  org.lwjgl.stb.STBTruetype$$Lambda$599/0x000000080037f268 (org.lwjgl.stb@3.3.1+7)
5045:             1             16  org.lwjgl.system.Callback$2 (org.lwjgl@3.3.1+7)
5046:             1             16  org.lwjgl.system.Configuration$StateInit$$Lambda$438/0x0000000800320000 (org.lwjgl@3.3.1+7)
5047:             1             16  org.lwjgl.system.Configuration$StateInit$$Lambda$439/0x0000000800320258 (org.lwjgl@3.3.1+7)
5048:             1             16  org.lwjgl.system.Configuration$StateInit$$Lambda$440/0x00000008003204b0 (org.lwjgl@3.3.1+7)
5049:             1             16  org.lwjgl.system.Library$$Lambda$446/0x0000000800321d78 (org.lwjgl@3.3.1+7)
5050:             1             16  org.lwjgl.system.Library$$Lambda$447/0x0000000800321fa8 (org.lwjgl@3.3.1+7)
5051:             1             16  org.lwjgl.system.MemoryStack$$Lambda$454/0x000000080032c000 (org.lwjgl@3.3.1+7)
5052:             1             16  org.lwjgl.system.MemoryUtil$$Lambda$449/0x0000000800326200 (org.lwjgl@3.3.1+7)
5053:             1             16  org.lwjgl.system.MemoryUtil$$Lambda$450/0x0000000800326420 (org.lwjgl@3.3.1+7)
5054:             1             16  org.lwjgl.system.MemoryUtil$2 (org.lwjgl@3.3.1+7)
5055:             1             16  org.lwjgl.system.Platform$$Lambda$442/0x0000000800321068 (org.lwjgl@3.3.1+7)
5056:             1             16  org.lwjgl.system.Platform$$Lambda$443/0x00000008003212a8 (org.lwjgl@3.3.1+7)
5057:             1             16  org.lwjgl.system.Platform$$Lambda$444/0x00000008003214e8 (org.lwjgl@3.3.1+7)
5058:             1             16  org.lwjgl.system.Platform$$Lambda$445/0x0000000800321728 (org.lwjgl@3.3.1+7)
5059:             1             16  org.lwjgl.system.jemalloc.JEmallocAllocator (org.lwjgl.jemalloc@3.3.1+7)
5060:             1             16  org.openjdk.nashorn.internal.codegen.FindScopeDepths$$Lambda$893/0x00000008004b1eb8 (org.openjdk.nashorn)
5061:             1             16  org.openjdk.nashorn.internal.codegen.FindScopeDepths$$Lambda$894/0x00000008004b20f8 (org.openjdk.nashorn)
5062:             1             16  org.openjdk.nashorn.internal.codegen.types.Type$$Lambda$889/0x0000000800498000 (org.openjdk.nashorn)
5063:             1             16  org.openjdk.nashorn.internal.codegen.types.Type$$Lambda$896/0x00000008004b8b10 (org.openjdk.nashorn)
5064:             1             16  org.openjdk.nashorn.internal.ir.Block$$Lambda$888/0x00000008004974c0 (org.openjdk.nashorn)
5065:             1             16  org.openjdk.nashorn.internal.lookup.MethodHandleFactory$StandardMethodHandleFunctionality (org.openjdk.nashorn)
5066:             1             16  org.openjdk.nashorn.internal.objects.annotations.SpecializedFunction$LinkLogic$Empty (org.openjdk.nashorn)
5067:             1             16  org.openjdk.nashorn.internal.runtime.AccessControlContextFactory$$Lambda$825/0x00000008003f1db8 (org.openjdk.nashorn)
5068:             1             16  org.openjdk.nashorn.internal.runtime.AccessControlContextFactory$$Lambda$826/0x00000008003f1ff8 (org.openjdk.nashorn)
5069:             1             16  org.openjdk.nashorn.internal.runtime.Context$$Lambda$890/0x0000000800498240 (org.openjdk.nashorn)
5070:             1             16  org.openjdk.nashorn.internal.runtime.Context$$Lambda$897/0x00000008004b8f70 (org.openjdk.nashorn)
5071:             1             16  org.openjdk.nashorn.internal.runtime.Context$AnonymousContextCodeInstaller$$Lambda$906/0x00000008004cfab0 (org.openjdk.nashorn)
5072:             1             16  org.openjdk.nashorn.internal.runtime.NashornLoader$$Lambda$816/0x00000008003e3fe8 (org.openjdk.nashorn)
5073:             1             16  org.openjdk.nashorn.internal.runtime.PropertySwitchPoints (org.openjdk.nashorn)
5074:             1             16  org.openjdk.nashorn.internal.runtime.PropertySwitchPoints$WeakSwitchPointSet (org.openjdk.nashorn)
5075:             1             16  org.openjdk.nashorn.internal.runtime.RecompilableScriptFunctionData$$Lambda$895/0x00000008004b2c90 (org.openjdk.nashorn)
5076:             1             16  org.openjdk.nashorn.internal.runtime.Symbol (org.openjdk.nashorn)
5077:             1             16  org.openjdk.nashorn.internal.runtime.UserAccessorProperty$$Lambda$842/0x0000000800437ac0 (org.openjdk.nashorn)
5078:             1             16  org.openjdk.nashorn.internal.runtime.linker.Bootstrap$$Lambda$823/0x00000008003f1048 (org.openjdk.nashorn)
5079:             1             16  org.openjdk.nashorn.internal.runtime.linker.Bootstrap$$Lambda$830/0x00000008003fed60 (org.openjdk.nashorn)
5080:             1             16  org.openjdk.nashorn.internal.runtime.linker.Bootstrap$$Lambda$831/0x00000008003fef80 (org.openjdk.nashorn)
5081:             1             16  org.openjdk.nashorn.internal.runtime.linker.BoundCallableLinker (org.openjdk.nashorn)
5082:             1             16  org.openjdk.nashorn.internal.runtime.linker.BrowserJSObjectLinker (org.openjdk.nashorn)
5083:             1             16  org.openjdk.nashorn.internal.runtime.linker.JSObjectLinker (org.openjdk.nashorn)
5084:             1             16  org.openjdk.nashorn.internal.runtime.linker.JavaAdapterBytecodeGenerator$$Lambda$1348/0x0000000800637018 (org.openjdk.nashorn)
5085:             1             16  org.openjdk.nashorn.internal.runtime.linker.JavaSuperAdapterLinker (org.openjdk.nashorn)
5086:             1             16  org.openjdk.nashorn.internal.runtime.linker.LinkerCallSite$$Lambda$839/0x000000080041fae0 (org.openjdk.nashorn)
5087:             1             16  org.openjdk.nashorn.internal.runtime.linker.NashornBeansLinker (org.openjdk.nashorn)
5088:             1             16  org.openjdk.nashorn.internal.runtime.linker.NashornBottomLinker (org.openjdk.nashorn)
5089:             1             16  org.openjdk.nashorn.internal.runtime.linker.NashornCallSiteDescriptor$$Lambda$840/0x000000080041b000 (org.openjdk.nashorn)
5090:             1             16  org.openjdk.nashorn.internal.runtime.linker.NashornCallSiteDescriptor$$Lambda$841/0x000000080041b220 (org.openjdk.nashorn)
5091:             1             16  org.openjdk.nashorn.internal.runtime.linker.NashornLinker (org.openjdk.nashorn)
5092:             1             16  org.openjdk.nashorn.internal.runtime.linker.NashornPrimitiveLinker (org.openjdk.nashorn)
5093:             1             16  org.openjdk.nashorn.internal.runtime.linker.NashornStaticClassLinker (org.openjdk.nashorn)
5094:             1             16  org.openjdk.nashorn.internal.runtime.linker.ReflectionCheckLinker (org.openjdk.nashorn)
5095:             1             16  org.openjdk.nashorn.internal.runtime.logging.DebugLogger$1 (org.openjdk.nashorn)
5096:             1             16  org.prismlauncher.utils.Parameters
5097:             1             16  org.slf4j.helpers.NOPLoggerFactory (org.slf4j@2.0.1)
5098:             1             16  org.slf4j.helpers.NOPMDCAdapter (org.slf4j@2.0.1)
5099:             1             16  org.slf4j.helpers.ThreadLocalMapOfStacks (org.slf4j@2.0.1)
5100:             1             16  org.spongepowered.asm.mixin.MixinEnvironment$PhaseConsumer (org.spongepowered.mixin)
5101:             1             16  org.spongepowered.asm.mixin.transformer.DefaultExtensions$1 (org.spongepowered.mixin)
5102:             1             16  org.spongepowered.asm.mixin.transformer.MixinCoprocessorNestHost (org.spongepowered.mixin)
5103:             1             16  org.spongepowered.asm.mixin.transformer.MixinCoprocessorPassthrough (org.spongepowered.mixin)
5104:             1             16  org.spongepowered.asm.mixin.transformer.MixinCoprocessorSyntheticInner (org.spongepowered.mixin)
5105:             1             16  org.spongepowered.asm.mixin.transformer.MixinTransformer$Factory (org.spongepowered.mixin)
5106:             1             16  org.spongepowered.asm.mixin.transformer.SyntheticClassRegistry (org.spongepowered.mixin)
5107:             1             16  org.spongepowered.asm.mixin.transformer.ext.extensions.ExtensionCheckClass (org.spongepowered.mixin)
5108:             1             16  org.spongepowered.asm.service.modlauncher.MixinServiceModLauncherBootstrap (org.spongepowered.mixin)
5109:             1             16  org.spongepowered.asm.service.modlauncher.ModLauncherClassProvider (org.spongepowered.mixin)
5110:             1             16  org.spongepowered.asm.util.logging.MessageRouter$LoggingMessager (org.spongepowered.mixin)
5111:             1             16  oshi.SystemInfo$$Lambda$1247/0x00000008005a2cc0 (com.github.oshi@6.2.2)
5112:             1             16  oshi.SystemInfo$$Lambda$1249/0x00000008005a3540 (com.github.oshi@6.2.2)
5113:             1             16  oshi.hardware.platform.linux.LinuxCentralProcessor$$Lambda$1267/0x00000008005bdfc0 (com.github.oshi@6.2.2)
5114:             1             16  oshi.hardware.platform.linux.LinuxGlobalMemory$$Lambda$1286/0x00000008005bfa60 (com.github.oshi@6.2.2)
5115:             1             16  oshi.hardware.platform.linux.LinuxVirtualMemory$$Lambda$1290/0x00000008005c44f8 (com.github.oshi@6.2.2)
5116:             1             16  oshi.hardware.platform.linux.LinuxVirtualMemory$$Lambda$1291/0x00000008005c4718 (com.github.oshi@6.2.2)
5117:             1             16  oshi.util.FileUtil$$Lambda$1257/0x00000008005ad208 (com.github.oshi@6.2.2)
5118:             1             16  oshi.util.Memoizer$$Lambda$1248/0x00000008005a30e8 (com.github.oshi@6.2.2)
5119:             1             16  sun.management.ClassLoadingImpl (java.management@17.0.15)
5120:             1             16  sun.management.ManagementFactoryHelper$$Lambda$309/0x00000008002c2170 (java.management@17.0.15)
5121:             1             16  sun.misc.Unsafe (jdk.unsupported@17.0.15)
5122:             1             16  sun.net.www.protocol.jar.JarFileFactory (java.base@17.0.15)
5123:             1             16  sun.net.www.protocol.jrt.JavaRuntimeURLConnection$$Lambda$99/0x000000080015f6e8 (java.base@17.0.15)
5124:             1             16  sun.nio.ch.FileChannelImpl$1 (java.base@17.0.15)
5125:             1             16  sun.nio.ch.FileChannelImpl$2 (java.base@17.0.15)
5126:             1             16  sun.nio.ch.Util$1 (java.base@17.0.15)
5127:             1             16  sun.nio.fs.LinuxFileSystemProvider (java.base@17.0.15)
5128:             1             16  sun.nio.fs.NativeBuffers$1 (java.base@17.0.15)
5129:             1             16  sun.reflect.generics.tree.BottomSignature (java.base@17.0.15)
5130:             1             16  sun.reflect.generics.tree.ByteSignature (java.base@17.0.15)
5131:             1             16  sun.reflect.generics.tree.CharSignature (java.base@17.0.15)
5132:             1             16  sun.reflect.generics.tree.LongSignature (java.base@17.0.15)
5133:             1             16  sun.reflect.generics.tree.VoidDescriptor (java.base@17.0.15)
5134:             1             16  sun.security.util.AlgorithmDecomposer (java.base@17.0.15)
5135:             1             16  sun.security.util.ByteArrayLexOrder (java.base@17.0.15)
5136:             1             16  sun.security.util.ByteArrayTagOrder (java.base@17.0.15)
5137:             1             16  sun.security.util.DisabledAlgorithmConstraints$Constraints (java.base@17.0.15)
5138:             1             16  sun.security.util.ManifestDigester$$Lambda$167/0x0000000800173bb0 (java.base@17.0.15)
5139:             1             16  sun.security.x509.RFC822Name (java.base@17.0.15)
5140:             1             16  sun.util.calendar.Gregorian (java.base@17.0.15)
5141:             1             16  sun.util.cldr.CLDRBaseLocaleDataMetaInfo (java.base@17.0.15)
5142:             1             16  sun.util.cldr.CLDRLocaleProviderAdapter$$Lambda$77/0x00000008000f1a98 (java.base@17.0.15)
5143:             1             16  sun.util.locale.InternalLocaleBuilder$CaseInsensitiveChar (java.base@17.0.15)
5144:             1             16  sun.util.locale.provider.CalendarDataUtility$CalendarFieldValueNamesMapGetter (java.base@17.0.15)
5145:             1             16  sun.util.locale.provider.CalendarDataUtility$CalendarWeekParameterGetter (java.base@17.0.15)
5146:             1             16  sun.util.locale.provider.CalendarNameProviderImpl$LengthBasedComparator (java.base@17.0.15)
5147:             1             16  sun.util.logging.internal.LoggingProviderImpl (java.logging@17.0.15)
5148:             1             16  sun.util.resources.LocaleData (java.base@17.0.15)
5149:             1             16  sun.util.resources.LocaleData$LocaleDataStrategy (java.base@17.0.15)
5150:             1             16  sun.util.resources.cldr.provider.CLDRLocaleDataMetaInfo (jdk.localedata@17.0.15)
5151:             1             16  thedarkcolour.kotlinforforge.KotlinLanguageProvider (thedarkcolour.kotlinforforge.kfflang@4.12.0)
5152:             1             16  thedarkcolour.kotlinforforge.KotlinLanguageProvider$Companion (thedarkcolour.kotlinforforge.kfflang@4.12.0)
Total       5162577      512745448
